[2020-05-16T03:33:58.273+0000][5668][gc,heap] Heap region size: 1M
[2020-05-16T03:33:58.273+0000][5668][gc,heap,coops] Heap address: 0x00000000c0000000, size: 1024 MB, Compressed Oops mode: 32-bit
[2020-05-16T03:33:59.535+0000][5668][gc           ] Using G1
[2020-05-16T03:34:02.304+0000][5668][gc           ] Periodic GC disabled
[2020-05-16T03:34:03.461+0000][5668][safepoint    ] Safepoint "Cleanup", Time since last: 1311930754 ns, Reaching safepoint: 32213319 ns, At safepoint: 75130 ns, Total: 32288449 ns
[2020-05-16T03:34:04.492+0000][5668][safepoint    ] Safepoint "Cleanup", Time since last: 1030857261 ns, Reaching safepoint: 263884 ns, At safepoint: 19478 ns, Total: 283362 ns
[2020-05-16T03:34:05.561+0000][5668][safepoint    ] Safepoint "Cleanup", Time since last: 1000734609 ns, Reaching safepoint: 67829301 ns, At safepoint: 46377 ns, Total: 67875678 ns
[2020-05-16T03:34:06.579+0000][5668][safepoint    ] Safepoint "Cleanup", Time since last: 1017462253 ns, Reaching safepoint: 196174 ns, At safepoint: 16695 ns, Total: 212869 ns
[2020-05-16T03:34:07.579+0000][5668][safepoint    ] Safepoint "Cleanup", Time since last: 1000373334 ns, Reaching safepoint: 116405 ns, At safepoint: 16232 ns, Total: 132637 ns
[2020-05-16T03:34:09.170+0000][5668][safepoint    ] Safepoint "Cleanup", Time since last: 1591084248 ns, Reaching safepoint: 233739 ns, At safepoint: 17623 ns, Total: 251362 ns
[2020-05-16T03:34:10.078+0000][5668][gc,start     ] GC(0) Pause Young (Normal) (G1 Evacuation Pause)
[2020-05-16T03:34:10.078+0000][5668][gc,task      ] GC(0) Using 4 workers of 4 for evacuation
[2020-05-16T03:34:10.078+0000][5668][gc,age       ] GC(0) Desired survivor size 3670016 bytes, new threshold 15 (max threshold 15)
[2020-05-16T03:34:10.096+0000][5668][gc,age       ] GC(0) Age table with threshold 15 (max threshold 15)
[2020-05-16T03:34:10.096+0000][5668][gc,age       ] GC(0) - age   1:    5448184 bytes,    5448184 total
[2020-05-16T03:34:10.096+0000][5668][gc,phases    ] GC(0)   Pre Evacuate Collection Set: 0.5ms
[2020-05-16T03:34:10.096+0000][5668][gc,phases    ] GC(0)   Merge Heap Roots: 0.0ms
[2020-05-16T03:34:10.096+0000][5668][gc,phases    ] GC(0)   Evacuate Collection Set: 5.5ms
[2020-05-16T03:34:10.096+0000][5668][gc,phases    ] GC(0)   Post Evacuate Collection Set: 11.5ms
[2020-05-16T03:34:10.098+0000][5668][gc,phases    ] GC(0)   Other: 0.4ms
[2020-05-16T03:34:10.098+0000][5668][gc,heap      ] GC(0) Eden regions: 51->0(48)
[2020-05-16T03:34:10.098+0000][5668][gc,heap      ] GC(0) Survivor regions: 0->6(7)
[2020-05-16T03:34:10.098+0000][5668][gc,heap      ] GC(0) Old regions: 0->0
[2020-05-16T03:34:10.098+0000][5668][gc,heap      ] GC(0) Archive regions: 0->0
[2020-05-16T03:34:10.098+0000][5668][gc,heap      ] GC(0) Humongous regions: 1->1
[2020-05-16T03:34:10.098+0000][5668][gc,metaspace ] GC(0) Metaspace: 11912K(12416K)->11912K(12416K) NonClass: 10447K(10752K)->10447K(10752K) Class: 1464K(1664K)->1464K(1664K)
[2020-05-16T03:34:10.098+0000][5668][gc           ] GC(0) Pause Young (Normal) (G1 Evacuation Pause) 52M->6M(1024M) 20.051ms
[2020-05-16T03:34:10.098+0000][5668][gc,cpu       ] GC(0) User=0.05s Sys=0.00s Real=0.02s
[2020-05-16T03:34:10.098+0000][5668][safepoint    ] Safepoint "G1CollectForAllocation", Time since last: 898981612 ns, Reaching safepoint: 185971 ns, At safepoint: 28782363 ns, Total: 28968334 ns
[2020-05-16T03:34:11.697+0000][5668][safepoint    ] Safepoint "Cleanup", Time since last: 1598657578 ns, Reaching safepoint: 150724 ns, At safepoint: 38957 ns, Total: 189681 ns
[2020-05-16T03:34:12.551+0000][5668][gc,start     ] GC(1) Pause Young (Normal) (G1 Evacuation Pause)
[2020-05-16T03:34:12.551+0000][5668][gc,task      ] GC(1) Using 4 workers of 4 for evacuation
[2020-05-16T03:34:12.551+0000][5668][gc,age       ] GC(1) Desired survivor size 3670016 bytes, new threshold 1 (max threshold 15)
[2020-05-16T03:34:12.558+0000][5668][gc,age       ] GC(1) Age table with threshold 1 (max threshold 15)
[2020-05-16T03:34:12.558+0000][5668][gc,age       ] GC(1) - age   1:    2717416 bytes,    2717416 total
[2020-05-16T03:34:12.558+0000][5668][gc,phases    ] GC(1)   Pre Evacuate Collection Set: 0.1ms
[2020-05-16T03:34:12.558+0000][5668][gc,phases    ] GC(1)   Merge Heap Roots: 0.0ms
[2020-05-16T03:34:12.558+0000][5668][gc,phases    ] GC(1)   Evacuate Collection Set: 6.3ms
[2020-05-16T03:34:12.558+0000][5668][gc,phases    ] GC(1)   Post Evacuate Collection Set: 0.6ms
[2020-05-16T03:34:12.558+0000][5668][gc,phases    ] GC(1)   Other: 0.3ms
[2020-05-16T03:34:12.558+0000][5668][gc,heap      ] GC(1) Eden regions: 48->0(58)
[2020-05-16T03:34:12.558+0000][5668][gc,heap      ] GC(1) Survivor regions: 6->3(7)
[2020-05-16T03:34:12.558+0000][5668][gc,heap      ] GC(1) Old regions: 0->6
[2020-05-16T03:34:12.558+0000][5668][gc,heap      ] GC(1) Archive regions: 0->0
[2020-05-16T03:34:12.558+0000][5668][gc,heap      ] GC(1) Humongous regions: 1->1
[2020-05-16T03:34:12.558+0000][5668][gc,metaspace ] GC(1) Metaspace: 15041K(15872K)->15041K(15872K) NonClass: 13258K(13824K)->13258K(13824K) Class: 1782K(2048K)->1782K(2048K)
[2020-05-16T03:34:12.558+0000][5668][gc           ] GC(1) Pause Young (Normal) (G1 Evacuation Pause) 54M->8M(1024M) 7.465ms
[2020-05-16T03:34:12.558+0000][5668][gc,cpu       ] GC(1) User=0.00s Sys=0.00s Real=0.01s
[2020-05-16T03:34:12.558+0000][5668][safepoint    ] Safepoint "G1CollectForAllocation", Time since last: 853444242 ns, Reaching safepoint: 128000 ns, At safepoint: 7534373 ns, Total: 7662373 ns
[2020-05-16T03:34:13.254+0000][5668][gc,start     ] GC(2) Pause Young (Normal) (G1 Evacuation Pause)
[2020-05-16T03:34:13.254+0000][5668][gc,task      ] GC(2) Using 4 workers of 4 for evacuation
[2020-05-16T03:34:13.254+0000][5668][gc,age       ] GC(2) Desired survivor size 4194304 bytes, new threshold 15 (max threshold 15)
[2020-05-16T03:34:13.258+0000][5668][gc,age       ] GC(2) Age table with threshold 15 (max threshold 15)
[2020-05-16T03:34:13.258+0000][5668][gc,age       ] GC(2) - age   1:    3438760 bytes,    3438760 total
[2020-05-16T03:34:13.258+0000][5668][gc,age       ] GC(2) - age   2:    2091048 bytes,    5529808 total
[2020-05-16T03:34:13.258+0000][5668][gc,phases    ] GC(2)   Pre Evacuate Collection Set: 0.1ms
[2020-05-16T03:34:13.258+0000][5668][gc,phases    ] GC(2)   Merge Heap Roots: 0.0ms
[2020-05-16T03:34:13.258+0000][5668][gc,phases    ] GC(2)   Evacuate Collection Set: 3.4ms
[2020-05-16T03:34:13.259+0000][5668][gc,phases    ] GC(2)   Post Evacuate Collection Set: 0.4ms
[2020-05-16T03:34:13.259+0000][5668][gc,phases    ] GC(2)   Other: 0.3ms
[2020-05-16T03:34:13.259+0000][5668][gc,heap      ] GC(2) Eden regions: 58->0(608)
[2020-05-16T03:34:13.259+0000][5668][gc,heap      ] GC(2) Survivor regions: 3->6(8)
[2020-05-16T03:34:13.259+0000][5668][gc,heap      ] GC(2) Old regions: 6->6
[2020-05-16T03:34:13.259+0000][5668][gc,heap      ] GC(2) Archive regions: 0->0
[2020-05-16T03:34:13.259+0000][5668][gc,heap      ] GC(2) Humongous regions: 2->1
[2020-05-16T03:34:13.259+0000][5668][gc,metaspace ] GC(2) Metaspace: 17983K(18944K)->17983K(18944K) NonClass: 15781K(16384K)->15781K(16384K) Class: 2202K(2560K)->2202K(2560K)
[2020-05-16T03:34:13.259+0000][5668][gc           ] GC(2) Pause Young (Normal) (G1 Evacuation Pause) 67M->11M(1024M) 4.399ms
[2020-05-16T03:34:13.259+0000][5668][gc,cpu       ] GC(2) User=0.00s Sys=0.00s Real=0.01s
[2020-05-16T03:34:13.259+0000][5668][safepoint    ] Safepoint "G1CollectForAllocation", Time since last: 695987156 ns, Reaching safepoint: 86724 ns, At safepoint: 4529158 ns, Total: 4615882 ns
[2020-05-16T03:34:13.259+0000][5668][safepoint    ] Safepoint "BulkRevokeBias", Time since last: 360347 ns, Reaching safepoint: 49623 ns, At safepoint: 83015 ns, Total: 132638 ns
[2020-05-16T03:34:13.260+0000][5668][safepoint    ] Safepoint "BulkRevokeBias", Time since last: 683130 ns, Reaching safepoint: 36638 ns, At safepoint: 33855 ns, Total: 70493 ns
[2020-05-16T03:34:13.260+0000][5668][safepoint    ] Safepoint "BulkRevokeBias", Time since last: 73275 ns, Reaching safepoint: 25507 ns, At safepoint: 62609 ns, Total: 88116 ns
[2020-05-16T03:34:14.594+0000][5668][safepoint    ] Safepoint "ICBufferFull", Time since last: 1333109642 ns, Reaching safepoint: 162319 ns, At safepoint: 2319 ns, Total: 164638 ns
[2020-05-16T03:34:15.304+0000][5668][gc,start     ] GC(3) Pause Young (Normal) (G1 Evacuation Pause)
[2020-05-16T03:34:15.304+0000][5668][gc,task      ] GC(3) Using 4 workers of 4 for evacuation
[2020-05-16T03:34:15.304+0000][5668][gc,age       ] GC(3) Desired survivor size 40370176 bytes, new threshold 15 (max threshold 15)
[2020-05-16T03:34:15.311+0000][5668][gc,age       ] GC(3) Age table with threshold 15 (max threshold 15)
[2020-05-16T03:34:15.311+0000][5668][gc,age       ] GC(3) - age   1:    5565416 bytes,    5565416 total
[2020-05-16T03:34:15.311+0000][5668][gc,age       ] GC(3) - age   2:    2603744 bytes,    8169160 total
[2020-05-16T03:34:15.311+0000][5668][gc,age       ] GC(3) - age   3:    2090648 bytes,   10259808 total
[2020-05-16T03:34:15.311+0000][5668][gc,phases    ] GC(3)   Pre Evacuate Collection Set: 0.1ms
[2020-05-16T03:34:15.311+0000][5668][gc,phases    ] GC(3)   Merge Heap Roots: 0.0ms
[2020-05-16T03:34:15.311+0000][5668][gc,phases    ] GC(3)   Evacuate Collection Set: 5.8ms
[2020-05-16T03:34:15.311+0000][5668][gc,phases    ] GC(3)   Post Evacuate Collection Set: 0.8ms
[2020-05-16T03:34:15.311+0000][5668][gc,phases    ] GC(3)   Other: 0.4ms
[2020-05-16T03:34:15.311+0000][5668][gc,heap      ] GC(3) Eden regions: 608->0(603)
[2020-05-16T03:34:15.311+0000][5668][gc,heap      ] GC(3) Survivor regions: 6->11(77)
[2020-05-16T03:34:15.311+0000][5668][gc,heap      ] GC(3) Old regions: 6->6
[2020-05-16T03:34:15.311+0000][5668][gc,heap      ] GC(3) Archive regions: 0->0
[2020-05-16T03:34:15.311+0000][5668][gc,heap      ] GC(3) Humongous regions: 1->1
[2020-05-16T03:34:15.311+0000][5668][gc,metaspace ] GC(3) Metaspace: 20115K(21248K)->20115K(21248K) NonClass: 17650K(18432K)->17650K(18432K) Class: 2465K(2816K)->2465K(2816K)
[2020-05-16T03:34:15.312+0000][5668][gc           ] GC(3) Pause Young (Normal) (G1 Evacuation Pause) 619M->16M(1024M) 7.281ms
[2020-05-16T03:34:15.312+0000][5668][gc,cpu       ] GC(3) User=0.06s Sys=0.00s Real=0.01s
[2020-05-16T03:34:15.313+0000][5668][safepoint    ] Safepoint "G1CollectForAllocation", Time since last: 710715033 ns, Reaching safepoint: 93217 ns, At safepoint: 8737851 ns, Total: 8831068 ns
[2020-05-16T03:34:15.318+0000][5668][safepoint    ] Safepoint "BulkRevokeBias", Time since last: 471188 ns, Reaching safepoint: 95537 ns, At safepoint: 4125679 ns, Total: 4221216 ns
[2020-05-16T03:34:15.333+0000][5668][safepoint    ] Safepoint "BulkRevokeBias", Time since last: 14290080 ns, Reaching safepoint: 89507 ns, At safepoint: 1169623 ns, Total: 1259130 ns
[2020-05-16T03:34:15.334+0000][5668][safepoint    ] Safepoint "BulkRevokeBias", Time since last: 108985 ns, Reaching safepoint: 45450 ns, At safepoint: 694724 ns, Total: 740174 ns
[2020-05-16T03:34:15.346+0000][5668][gc,start     ] GC(4) Pause Young (Concurrent Start) (Metadata GC Threshold)
[2020-05-16T03:34:15.346+0000][5668][gc,task      ] GC(4) Using 4 workers of 4 for evacuation
[2020-05-16T03:34:15.346+0000][5668][gc,age       ] GC(4) Desired survivor size 40370176 bytes, new threshold 15 (max threshold 15)
[2020-05-16T03:34:15.358+0000][5668][gc,age       ] GC(4) Age table with threshold 15 (max threshold 15)
[2020-05-16T03:34:15.358+0000][5668][gc,age       ] GC(4) - age   1:      64976 bytes,      64976 total
[2020-05-16T03:34:15.358+0000][5668][gc,age       ] GC(4) - age   2:    5541256 bytes,    5606232 total
[2020-05-16T03:34:15.358+0000][5668][gc,age       ] GC(4) - age   3:    2603744 bytes,    8209976 total
[2020-05-16T03:34:15.358+0000][5668][gc,age       ] GC(4) - age   4:    2090648 bytes,   10300624 total
[2020-05-16T03:34:15.358+0000][5668][gc,phases    ] GC(4)   Pre Evacuate Collection Set: 0.2ms
[2020-05-16T03:34:15.358+0000][5668][gc,phases    ] GC(4)   Merge Heap Roots: 0.0ms
[2020-05-16T03:34:15.358+0000][5668][gc,phases    ] GC(4)   Evacuate Collection Set: 9.4ms
[2020-05-16T03:34:15.358+0000][5668][gc,phases    ] GC(4)   Post Evacuate Collection Set: 1.3ms
[2020-05-16T03:34:15.358+0000][5668][gc,phases    ] GC(4)   Other: 0.5ms
[2020-05-16T03:34:15.358+0000][5668][gc,heap      ] GC(4) Eden regions: 1->0(393)
[2020-05-16T03:34:15.358+0000][5668][gc,heap      ] GC(4) Survivor regions: 11->11(77)
[2020-05-16T03:34:15.358+0000][5668][gc,heap      ] GC(4) Old regions: 6->6
[2020-05-16T03:34:15.358+0000][5668][gc,heap      ] GC(4) Archive regions: 0->0
[2020-05-16T03:34:15.358+0000][5668][gc,heap      ] GC(4) Humongous regions: 1->1
[2020-05-16T03:34:15.358+0000][5668][gc,metaspace ] GC(4) Metaspace: 20142K(21248K)->20142K(21248K) NonClass: 17675K(18432K)->17675K(18432K) Class: 2466K(2816K)->2466K(2816K)
[2020-05-16T03:34:15.358+0000][5668][gc           ] GC(4) Pause Young (Concurrent Start) (Metadata GC Threshold) 17M->17M(1024M) 11.732ms
[2020-05-16T03:34:15.358+0000][5668][gc,cpu       ] GC(4) User=0.00s Sys=0.00s Real=0.01s
[2020-05-16T03:34:15.358+0000][5668][gc           ] GC(5) Concurrent Cycle
[2020-05-16T03:34:15.358+0000][5668][gc,marking   ] GC(5) Concurrent Clear Claimed Marks
[2020-05-16T03:34:15.358+0000][5668][gc,marking   ] GC(5) Concurrent Clear Claimed Marks 0.051ms
[2020-05-16T03:34:15.358+0000][5668][gc,marking   ] GC(5) Concurrent Scan Root Regions
[2020-05-16T03:34:15.364+0000][5668][gc,marking   ] GC(5) Concurrent Scan Root Regions 5.226ms
[2020-05-16T03:34:15.364+0000][5668][gc,marking   ] GC(5) Concurrent Mark (17.101s)
[2020-05-16T03:34:15.364+0000][5668][gc,marking   ] GC(5) Concurrent Mark From Roots
[2020-05-16T03:34:15.364+0000][5668][gc,task      ] GC(5) Using 1 workers of 1 for marking
[2020-05-16T03:34:15.363+0000][5668][safepoint    ] Safepoint "CollectForMetadataAllocation", Time since last: 12073734 ns, Reaching safepoint: 94144 ns, At safepoint: 16819007 ns, Total: 16913151 ns
[2020-05-16T03:34:15.376+0000][5668][gc,marking   ] GC(5) Concurrent Mark From Roots 11.920ms
[2020-05-16T03:34:15.376+0000][5668][gc,marking   ] GC(5) Concurrent Preclean
[2020-05-16T03:34:15.376+0000][5668][gc,marking   ] GC(5) Concurrent Preclean 0.064ms
[2020-05-16T03:34:15.376+0000][5668][gc,marking   ] GC(5) Concurrent Mark (17.101s, 17.113s) 12.058ms
[2020-05-16T03:34:15.376+0000][5668][gc,start     ] GC(5) Pause Remark
[2020-05-16T03:34:15.377+0000][5668][gc           ] GC(5) Pause Remark 18M->18M(1024M) 1.499ms
[2020-05-16T03:34:15.377+0000][5668][gc,cpu       ] GC(5) User=0.00s Sys=0.00s Real=0.00s
[2020-05-16T03:34:15.377+0000][5668][safepoint    ] Safepoint "G1Concurrent", Time since last: 12548168 ns, Reaching safepoint: 67247 ns, At safepoint: 1573564 ns, Total: 1640811 ns
[2020-05-16T03:34:15.377+0000][5668][gc,marking   ] GC(5) Concurrent Rebuild Remembered Sets
[2020-05-16T03:34:15.382+0000][5668][gc,marking   ] GC(5) Concurrent Rebuild Remembered Sets 4.885ms
[2020-05-16T03:34:15.383+0000][5668][gc,start     ] GC(5) Pause Cleanup
[2020-05-16T03:34:15.383+0000][5668][gc           ] GC(5) Pause Cleanup 18M->18M(1024M) 0.163ms
[2020-05-16T03:34:15.383+0000][5668][gc,cpu       ] GC(5) User=0.00s Sys=0.00s Real=0.00s
[2020-05-16T03:34:15.383+0000][5668][safepoint    ] Safepoint "G1Concurrent", Time since last: 4967882 ns, Reaching safepoint: 435942 ns, At safepoint: 227246 ns, Total: 663188 ns
[2020-05-16T03:34:15.383+0000][5668][gc,marking   ] GC(5) Concurrent Cleanup for Next Mark
[2020-05-16T03:34:15.386+0000][5668][gc,marking   ] GC(5) Concurrent Cleanup for Next Mark 2.690ms
[2020-05-16T03:34:15.386+0000][5668][gc           ] GC(5) Concurrent Cycle 27.532ms
[2020-05-16T03:34:16.628+0000][5668][gc,start     ] GC(6) Pause Young (Normal) (G1 Evacuation Pause)
[2020-05-16T03:34:16.628+0000][5668][gc,task      ] GC(6) Using 4 workers of 4 for evacuation
[2020-05-16T03:34:16.628+0000][5668][gc,age       ] GC(6) Desired survivor size 28835840 bytes, new threshold 15 (max threshold 15)
[2020-05-16T03:34:16.634+0000][5668][gc,age       ] GC(6) Age table with threshold 15 (max threshold 15)
[2020-05-16T03:34:16.634+0000][5668][gc,age       ] GC(6) - age   1:    1936760 bytes,    1936760 total
[2020-05-16T03:34:16.634+0000][5668][gc,age       ] GC(6) - age   2:      59520 bytes,    1996280 total
[2020-05-16T03:34:16.634+0000][5668][gc,age       ] GC(6) - age   3:    5522160 bytes,    7518440 total
[2020-05-16T03:34:16.634+0000][5668][gc,age       ] GC(6) - age   4:    2602640 bytes,   10121080 total
[2020-05-16T03:34:16.634+0000][5668][gc,age       ] GC(6) - age   5:    2090328 bytes,   12211408 total
[2020-05-16T03:34:16.634+0000][5668][gc,phases    ] GC(6)   Pre Evacuate Collection Set: 0.2ms
[2020-05-16T03:34:16.634+0000][5668][gc,phases    ] GC(6)   Merge Heap Roots: 0.1ms
[2020-05-16T03:34:16.634+0000][5668][gc,phases    ] GC(6)   Evacuate Collection Set: 5.2ms
[2020-05-16T03:34:16.634+0000][5668][gc,phases    ] GC(6)   Post Evacuate Collection Set: 0.9ms
[2020-05-16T03:34:16.634+0000][5668][gc,phases    ] GC(6)   Other: 0.3ms
[2020-05-16T03:34:16.634+0000][5668][gc,heap      ] GC(6) Eden regions: 429->0(601)
[2020-05-16T03:34:16.634+0000][5668][gc,heap      ] GC(6) Survivor regions: 11->13(55)
[2020-05-16T03:34:16.634+0000][5668][gc,heap      ] GC(6) Old regions: 6->6
[2020-05-16T03:34:16.634+0000][5668][gc,heap      ] GC(6) Archive regions: 0->0
[2020-05-16T03:34:16.634+0000][5668][gc,heap      ] GC(6) Humongous regions: 1->1
[2020-05-16T03:34:16.634+0000][5668][gc,metaspace ] GC(6) Metaspace: 20692K(22144K)->20692K(22144K) NonClass: 18133K(19200K)->18133K(19200K) Class: 2559K(2944K)->2559K(2944K)
[2020-05-16T03:34:16.634+0000][5668][gc           ] GC(6) Pause Young (Normal) (G1 Evacuation Pause) 446M->18M(1024M) 6.810ms
[2020-05-16T03:34:16.634+0000][5668][gc,cpu       ] GC(6) User=0.00s Sys=0.00s Real=0.01s
[2020-05-16T03:34:16.634+0000][5668][safepoint    ] Safepoint "G1CollectForAllocation", Time since last: 1244513742 ns, Reaching safepoint: 136811 ns, At safepoint: 6908287 ns, Total: 7045098 ns
[2020-05-16T03:34:17.960+0000][5668][safepoint    ] Safepoint "Cleanup", Time since last: 1325223269 ns, Reaching safepoint: 152116 ns, At safepoint: 2783 ns, Total: 154899 ns
[2020-05-16T03:34:20.961+0000][5668][safepoint    ] Safepoint "Cleanup", Time since last: 3001070376 ns, Reaching safepoint: 146087 ns, At safepoint: 2319 ns, Total: 148406 ns
[2020-05-16T03:34:21.983+0000][5668][safepoint    ] Safepoint "Cleanup", Time since last: 1022268743 ns, Reaching safepoint: 165565 ns, At safepoint: 1391 ns, Total: 166956 ns
[2020-05-16T03:34:23.435+0000][5668][safepoint    ] Safepoint "ICBufferFull", Time since last: 1451484081 ns, Reaching safepoint: 123826 ns, At safepoint: 2319 ns, Total: 126145 ns
[2020-05-16T03:34:23.820+0000][5668][gc,start     ] GC(7) Pause Young (Concurrent Start) (Metadata GC Threshold)
[2020-05-16T03:34:23.820+0000][5668][gc,task      ] GC(7) Using 4 workers of 4 for evacuation
[2020-05-16T03:34:23.820+0000][5668][gc,age       ] GC(7) Desired survivor size 40370176 bytes, new threshold 15 (max threshold 15)
[2020-05-16T03:34:23.855+0000][5668][gc,age       ] GC(7) Age table with threshold 15 (max threshold 15)
[2020-05-16T03:34:23.855+0000][5668][gc,age       ] GC(7) - age   1:   29103664 bytes,   29103664 total
[2020-05-16T03:34:23.855+0000][5668][gc,age       ] GC(7) - age   2:    1876040 bytes,   30979704 total
[2020-05-16T03:34:23.855+0000][5668][gc,age       ] GC(7) - age   3:      59488 bytes,   31039192 total
[2020-05-16T03:34:23.855+0000][5668][gc,age       ] GC(7) - age   4:    5475408 bytes,   36514600 total
[2020-05-16T03:34:23.855+0000][5668][gc,age       ] GC(7) - age   5:    2578088 bytes,   39092688 total
[2020-05-16T03:34:23.855+0000][5668][gc,age       ] GC(7) - age   6:    2038232 bytes,   41130920 total
[2020-05-16T03:34:23.855+0000][5668][gc,phases    ] GC(7)   Pre Evacuate Collection Set: 0.2ms
[2020-05-16T03:34:23.855+0000][5668][gc,phases    ] GC(7)   Merge Heap Roots: 0.1ms
[2020-05-16T03:34:23.855+0000][5668][gc,phases    ] GC(7)   Evacuate Collection Set: 33.5ms
[2020-05-16T03:34:23.855+0000][5668][gc,phases    ] GC(7)   Post Evacuate Collection Set: 1.3ms
[2020-05-16T03:34:23.855+0000][5668][gc,phases    ] GC(7)   Other: 0.3ms
[2020-05-16T03:34:23.855+0000][5668][gc,heap      ] GC(7) Eden regions: 392->0(574)
[2020-05-16T03:34:23.855+0000][5668][gc,heap      ] GC(7) Survivor regions: 13->40(77)
[2020-05-16T03:34:23.855+0000][5668][gc,heap      ] GC(7) Old regions: 6->6
[2020-05-16T03:34:23.855+0000][5668][gc,heap      ] GC(7) Archive regions: 0->0
[2020-05-16T03:34:23.855+0000][5668][gc,heap      ] GC(7) Humongous regions: 1->1
[2020-05-16T03:34:23.855+0000][5668][gc,metaspace ] GC(7) Metaspace: 33078K(35840K)->33078K(35840K) NonClass: 28739K(30464K)->28739K(30464K) Class: 4338K(5376K)->4338K(5376K)
[2020-05-16T03:34:23.855+0000][5668][gc           ] GC(7) Pause Young (Concurrent Start) (Metadata GC Threshold) 409M->45M(1024M) 35.603ms
[2020-05-16T03:34:23.855+0000][5668][gc,cpu       ] GC(7) User=0.13s Sys=0.00s Real=0.04s
[2020-05-16T03:34:23.855+0000][5668][gc           ] GC(8) Concurrent Cycle
[2020-05-16T03:34:23.856+0000][5668][gc,marking   ] GC(8) Concurrent Clear Claimed Marks
[2020-05-16T03:34:23.856+0000][5668][gc,marking   ] GC(8) Concurrent Clear Claimed Marks 0.110ms
[2020-05-16T03:34:23.856+0000][5668][gc,marking   ] GC(8) Concurrent Scan Root Regions
[2020-05-16T03:34:23.861+0000][5668][safepoint    ] Safepoint "CollectForMetadataAllocation", Time since last: 384672749 ns, Reaching safepoint: 61681 ns, At safepoint: 41005894 ns, Total: 41067575 ns
[2020-05-16T03:34:23.886+0000][5668][gc,marking   ] GC(8) Concurrent Scan Root Regions 29.944ms
[2020-05-16T03:34:23.886+0000][5668][gc,marking   ] GC(8) Concurrent Mark (25.623s)
[2020-05-16T03:34:23.886+0000][5668][gc,marking   ] GC(8) Concurrent Mark From Roots
[2020-05-16T03:34:23.886+0000][5668][gc,task      ] GC(8) Using 1 workers of 1 for marking
[2020-05-16T03:34:23.894+0000][5668][gc,marking   ] GC(8) Concurrent Mark From Roots 8.643ms
[2020-05-16T03:34:23.894+0000][5668][gc,marking   ] GC(8) Concurrent Preclean
[2020-05-16T03:34:23.895+0000][5668][gc,marking   ] GC(8) Concurrent Preclean 0.071ms
[2020-05-16T03:34:23.895+0000][5668][gc,marking   ] GC(8) Concurrent Mark (25.623s, 25.632s) 8.794ms
[2020-05-16T03:34:23.898+0000][5668][gc,start     ] GC(8) Pause Remark
[2020-05-16T03:34:23.899+0000][5668][gc           ] GC(8) Pause Remark 46M->46M(1024M) 1.731ms
[2020-05-16T03:34:23.899+0000][5668][gc,cpu       ] GC(8) User=0.00s Sys=0.00s Real=0.00s
[2020-05-16T03:34:23.899+0000][5668][safepoint    ] Safepoint "G1Concurrent", Time since last: 33644506 ns, Reaching safepoint: 2972753 ns, At safepoint: 1801274 ns, Total: 4774027 ns
[2020-05-16T03:34:23.899+0000][5668][gc,marking   ] GC(8) Concurrent Rebuild Remembered Sets
[2020-05-16T03:34:23.904+0000][5668][gc,marking   ] GC(8) Concurrent Rebuild Remembered Sets 4.804ms
[2020-05-16T03:34:23.905+0000][5668][gc,start     ] GC(8) Pause Cleanup
[2020-05-16T03:34:23.905+0000][5668][gc           ] GC(8) Pause Cleanup 46M->46M(1024M) 0.110ms
[2020-05-16T03:34:23.905+0000][5668][gc,cpu       ] GC(8) User=0.00s Sys=0.00s Real=0.00s
[2020-05-16T03:34:23.905+0000][5668][safepoint    ] Safepoint "G1Concurrent", Time since last: 4894143 ns, Reaching safepoint: 448463 ns, At safepoint: 184116 ns, Total: 632579 ns
[2020-05-16T03:34:23.905+0000][5668][gc,marking   ] GC(8) Concurrent Cleanup for Next Mark
[2020-05-16T03:34:23.908+0000][5668][gc,marking   ] GC(8) Concurrent Cleanup for Next Mark 2.950ms
[2020-05-16T03:34:23.908+0000][5668][gc           ] GC(8) Concurrent Cycle 52.310ms
[2020-05-16T03:34:24.618+0000][5668][safepoint    ] Safepoint "ICBufferFull", Time since last: 712582162 ns, Reaching safepoint: 128928 ns, At safepoint: 51478 ns, Total: 180406 ns
[2020-05-16T03:34:26.260+0000][5668][safepoint    ] Safepoint "ICBufferFull", Time since last: 1642269383 ns, Reaching safepoint: 145160 ns, At safepoint: 37565 ns, Total: 182725 ns
[2020-05-16T03:34:27.155+0000][5668][safepoint    ] Safepoint "BulkRevokeBias", Time since last: 894673208 ns, Reaching safepoint: 339942 ns, At safepoint: 146551 ns, Total: 486493 ns
[2020-05-16T03:34:27.158+0000][5668][safepoint    ] Safepoint "BulkRevokeBias", Time since last: 2701448 ns, Reaching safepoint: 111304 ns, At safepoint: 127072 ns, Total: 238376 ns
[2020-05-16T03:34:27.162+0000][5668][safepoint    ] Safepoint "BulkRevokeBias", Time since last: 3429100 ns, Reaching safepoint: 57044 ns, At safepoint: 157217 ns, Total: 214261 ns
[2020-05-16T03:34:27.684+0000][5668][gc,start     ] GC(9) Pause Young (Concurrent Start) (Metadata GC Threshold)
[2020-05-16T03:34:27.684+0000][5668][gc,task      ] GC(9) Using 4 workers of 4 for evacuation
[2020-05-16T03:34:27.684+0000][5668][gc,age       ] GC(9) Desired survivor size 40370176 bytes, new threshold 6 (max threshold 15)
[2020-05-16T03:34:27.720+0000][5668][gc,age       ] GC(9) Age table with threshold 6 (max threshold 15)
[2020-05-16T03:34:27.720+0000][5668][gc,age       ] GC(9) - age   1:    9979200 bytes,    9979200 total
[2020-05-16T03:34:27.720+0000][5668][gc,age       ] GC(9) - age   2:   28855472 bytes,   38834672 total
[2020-05-16T03:34:27.720+0000][5668][gc,age       ] GC(9) - age   3:    1865064 bytes,   40699736 total
[2020-05-16T03:34:27.720+0000][5668][gc,age       ] GC(9) - age   4:      59456 bytes,   40759192 total
[2020-05-16T03:34:27.720+0000][5668][gc,age       ] GC(9) - age   5:    5444992 bytes,   46204184 total
[2020-05-16T03:34:27.720+0000][5668][gc,age       ] GC(9) - age   6:    2561680 bytes,   48765864 total
[2020-05-16T03:34:27.720+0000][5668][gc,phases    ] GC(9)   Pre Evacuate Collection Set: 0.3ms
[2020-05-16T03:34:27.720+0000][5668][gc,phases    ] GC(9)   Merge Heap Roots: 0.1ms
[2020-05-16T03:34:27.721+0000][5668][gc,phases    ] GC(9)   Evacuate Collection Set: 34.0ms
[2020-05-16T03:34:27.721+0000][5668][gc,phases    ] GC(9)   Post Evacuate Collection Set: 1.7ms
[2020-05-16T03:34:27.721+0000][5668][gc,phases    ] GC(9)   Other: 0.4ms
[2020-05-16T03:34:27.721+0000][5668][gc,heap      ] GC(9) Eden regions: 324->0(321)
[2020-05-16T03:34:27.721+0000][5668][gc,heap      ] GC(9) Survivor regions: 40->48(77)
[2020-05-16T03:34:27.721+0000][5668][gc,heap      ] GC(9) Old regions: 6->8
[2020-05-16T03:34:27.721+0000][5668][gc,heap      ] GC(9) Archive regions: 0->0
[2020-05-16T03:34:27.721+0000][5668][gc,heap      ] GC(9) Humongous regions: 1->1
[2020-05-16T03:34:27.721+0000][5668][gc,metaspace ] GC(9) Metaspace: 55336K(60160K)->55336K(60160K) NonClass: 47735K(50688K)->47735K(50688K) Class: 7601K(9472K)->7601K(9472K)
[2020-05-16T03:34:27.721+0000][5668][gc           ] GC(9) Pause Young (Concurrent Start) (Metadata GC Threshold) 369M->56M(1024M) 36.590ms
[2020-05-16T03:34:27.721+0000][5668][gc,cpu       ] GC(9) User=0.19s Sys=0.00s Real=0.04s
[2020-05-16T03:34:27.721+0000][5668][gc           ] GC(10) Concurrent Cycle
[2020-05-16T03:34:27.721+0000][5668][gc,marking   ] GC(10) Concurrent Clear Claimed Marks
[2020-05-16T03:34:27.721+0000][5668][safepoint    ] Safepoint "CollectForMetadataAllocation", Time since last: 521740744 ns, Reaching safepoint: 52869 ns, At safepoint: 36718360 ns, Total: 36771229 ns
[2020-05-16T03:34:27.721+0000][5668][gc,marking   ] GC(10) Concurrent Clear Claimed Marks 0.225ms
[2020-05-16T03:34:27.721+0000][5668][gc,marking   ] GC(10) Concurrent Scan Root Regions
[2020-05-16T03:34:27.746+0000][5668][safepoint    ] Safepoint "CollectForMetadataAllocation", Time since last: 15406833 ns, Reaching safepoint: 10314662 ns, At safepoint: 89971 ns, Total: 10404633 ns
[2020-05-16T03:34:27.759+0000][5668][gc,marking   ] GC(10) Concurrent Scan Root Regions 38.513ms
[2020-05-16T03:34:27.759+0000][5668][gc,marking   ] GC(10) Concurrent Mark (29.497s)
[2020-05-16T03:34:27.759+0000][5668][gc,marking   ] GC(10) Concurrent Mark From Roots
[2020-05-16T03:34:27.759+0000][5668][gc,task      ] GC(10) Using 1 workers of 1 for marking
[2020-05-16T03:34:27.766+0000][5668][safepoint    ] Safepoint "CollectForMetadataAllocation", Time since last: 19885904 ns, Reaching safepoint: 66319 ns, At safepoint: 108522 ns, Total: 174841 ns
[2020-05-16T03:34:27.767+0000][5668][gc,marking   ] GC(10) Concurrent Mark From Roots 8.558ms
[2020-05-16T03:34:27.767+0000][5668][gc,marking   ] GC(10) Concurrent Preclean
[2020-05-16T03:34:27.767+0000][5668][gc,marking   ] GC(10) Concurrent Preclean 0.059ms
[2020-05-16T03:34:27.767+0000][5668][gc,marking   ] GC(10) Concurrent Mark (29.497s, 29.505s) 8.675ms
[2020-05-16T03:34:27.767+0000][5668][gc,start     ] GC(10) Pause Remark
[2020-05-16T03:34:27.770+0000][5668][gc           ] GC(10) Pause Remark 60M->60M(1024M) 2.163ms
[2020-05-16T03:34:27.770+0000][5668][gc,cpu       ] GC(10) User=0.00s Sys=0.00s Real=0.00s
[2020-05-16T03:34:27.770+0000][5668][safepoint    ] Safepoint "G1Concurrent", Time since last: 1611129 ns, Reaching safepoint: 56116 ns, At safepoint: 2236753 ns, Total: 2292869 ns
[2020-05-16T03:34:27.770+0000][5668][gc,marking   ] GC(10) Concurrent Rebuild Remembered Sets
[2020-05-16T03:34:27.777+0000][5668][gc,marking   ] GC(10) Concurrent Rebuild Remembered Sets 7.139ms
[2020-05-16T03:34:27.800+0000][5668][gc,start     ] GC(10) Pause Cleanup
[2020-05-16T03:34:27.800+0000][5668][gc           ] GC(10) Pause Cleanup 60M->60M(1024M) 0.131ms
[2020-05-16T03:34:27.800+0000][5668][gc,cpu       ] GC(10) User=0.00s Sys=0.00s Real=0.00s
[2020-05-16T03:34:27.800+0000][5668][safepoint    ] Safepoint "G1Concurrent", Time since last: 7214373 ns, Reaching safepoint: 23164279 ns, At safepoint: 190609 ns, Total: 23354888 ns
[2020-05-16T03:34:27.800+0000][5668][gc,marking   ] GC(10) Concurrent Cleanup for Next Mark
[2020-05-16T03:34:27.802+0000][5668][gc,marking   ] GC(10) Concurrent Cleanup for Next Mark 1.740ms
[2020-05-16T03:34:27.802+0000][5668][gc           ] GC(10) Concurrent Cycle 82.215ms
[2020-05-16T03:34:27.834+0000][5668][safepoint    ] Safepoint "BulkRevokeBias", Time since last: 33586071 ns, Reaching safepoint: 111305 ns, At safepoint: 93217 ns, Total: 204522 ns
[2020-05-16T03:34:28.917+0000][5668][safepoint    ] Safepoint "ICBufferFull", Time since last: 1081566571 ns, Reaching safepoint: 742492 ns, At safepoint: 5102 ns, Total: 747594 ns
[2020-05-16T03:34:30.041+0000][5668][safepoint    ] Safepoint "Cleanup", Time since last: 1124757275 ns, Reaching safepoint: 238841 ns, At safepoint: 15768 ns, Total: 254609 ns
[2020-05-16T03:34:30.058+0000][5668][safepoint    ] Safepoint "BulkRevokeBias", Time since last: 12493907 ns, Reaching safepoint: 2678723 ns, At safepoint: 1332869 ns, Total: 4011592 ns
[2020-05-16T03:34:30.059+0000][5668][safepoint    ] Safepoint "BulkRevokeBias", Time since last: 641855 ns, Reaching safepoint: 149333 ns, At safepoint: 462377 ns, Total: 611710 ns
[2020-05-16T03:34:31.116+0000][5668][safepoint    ] Safepoint "Cleanup", Time since last: 1056393249 ns, Reaching safepoint: 288000 ns, At safepoint: 64464 ns, Total: 352464 ns
[2020-05-16T03:34:32.062+0000][5668][safepoint    ] Safepoint "BulkRevokeBias", Time since last: 944704489 ns, Reaching safepoint: 143304 ns, At safepoint: 538435 ns, Total: 681739 ns
[2020-05-16T03:34:32.063+0000][5668][safepoint    ] Safepoint "BulkRevokeBias", Time since last: 264811 ns, Reaching safepoint: 48696 ns, At safepoint: 1016579 ns, Total: 1065275 ns
[2020-05-16T03:34:32.064+0000][5668][safepoint    ] Safepoint "BulkRevokeBias", Time since last: 68174 ns, Reaching safepoint: 40812 ns, At safepoint: 471652 ns, Total: 512464 ns
[2020-05-16T03:34:33.067+0000][5668][safepoint    ] Safepoint "Cleanup", Time since last: 1000127072 ns, Reaching safepoint: 205449 ns, At safepoint: 3358144 ns, Total: 3563593 ns
[2020-05-16T03:34:33.069+0000][5668][safepoint    ] Safepoint "BulkRevokeBias", Time since last: 79768 ns, Reaching safepoint: 82550 ns, At safepoint: 2360579 ns, Total: 2443129 ns
[2020-05-16T03:34:33.350+0000][5668][safepoint    ] Safepoint "ICBufferFull", Time since last: 279940508 ns, Reaching safepoint: 276406 ns, At safepoint: 7420 ns, Total: 283826 ns
[2020-05-16T03:34:34.050+0000][5668][safepoint    ] Safepoint "BulkRevokeBias", Time since last: 698521647 ns, Reaching safepoint: 170667 ns, At safepoint: 459130 ns, Total: 629797 ns
[2020-05-16T03:34:34.278+0000][5668][safepoint    ] Safepoint "BulkRevokeBias", Time since last: 226985170 ns, Reaching safepoint: 172058 ns, At safepoint: 1104695 ns, Total: 1276753 ns
[2020-05-16T03:34:35.327+0000][5668][safepoint    ] Safepoint "ICBufferFull", Time since last: 1050044267 ns, Reaching safepoint: 266666 ns, At safepoint: 59362 ns, Total: 326028 ns
[2020-05-16T03:34:36.059+0000][5668][safepoint    ] Safepoint "ICBufferFull", Time since last: 730573575 ns, Reaching safepoint: 206376 ns, At safepoint: 217507 ns, Total: 423883 ns
[2020-05-16T03:34:37.074+0000][5668][safepoint    ] Safepoint "Cleanup", Time since last: 1014909211 ns, Reaching safepoint: 271768 ns, At safepoint: 17159 ns, Total: 288927 ns
[2020-05-16T03:34:37.972+0000][5668][safepoint    ] Safepoint "ICBufferFull", Time since last: 897066715 ns, Reaching safepoint: 184579 ns, At safepoint: 6493 ns, Total: 191072 ns
[2020-05-16T03:34:38.631+0000][5668][safepoint    ] Safepoint "BulkRevokeBias", Time since last: 658638535 ns, Reaching safepoint: 228174 ns, At safepoint: 636290 ns, Total: 864464 ns
[2020-05-16T03:34:40.206+0000][5668][safepoint    ] Safepoint "Cleanup", Time since last: 1575078226 ns, Reaching safepoint: 214724 ns, At safepoint: 21797 ns, Total: 236521 ns
[2020-05-16T03:34:41.207+0000][5668][safepoint    ] Safepoint "Cleanup", Time since last: 1000252754 ns, Reaching safepoint: 90898 ns, At safepoint: 3710 ns, Total: 94608 ns
[2020-05-16T03:34:42.208+0000][5668][safepoint    ] Safepoint "Cleanup", Time since last: 1000916870 ns, Reaching safepoint: 93217 ns, At safepoint: 4174 ns, Total: 97391 ns
[2020-05-16T03:34:43.208+0000][5668][safepoint    ] Safepoint "Cleanup", Time since last: 1000376116 ns, Reaching safepoint: 130782 ns, At safepoint: 6957 ns, Total: 137739 ns
[2020-05-16T03:34:44.209+0000][5668][safepoint    ] Safepoint "Cleanup", Time since last: 1000527304 ns, Reaching safepoint: 120579 ns, At safepoint: 3247 ns, Total: 123826 ns
[2020-05-16T03:34:45.210+0000][5668][safepoint    ] Safepoint "Cleanup", Time since last: 1000529159 ns, Reaching safepoint: 91826 ns, At safepoint: 4174 ns, Total: 96000 ns
[2020-05-16T03:34:46.210+0000][5668][safepoint    ] Safepoint "Cleanup", Time since last: 1000008348 ns, Reaching safepoint: 128000 ns, At safepoint: 5565 ns, Total: 133565 ns
[2020-05-16T03:34:47.210+0000][5668][safepoint    ] Safepoint "Cleanup", Time since last: 1000196174 ns, Reaching safepoint: 128000 ns, At safepoint: 5101 ns, Total: 133101 ns
[2020-05-16T03:34:48.210+0000][5668][safepoint    ] Safepoint "Cleanup", Time since last: 1000023189 ns, Reaching safepoint: 135420 ns, At safepoint: 9739 ns, Total: 145159 ns
[2020-05-16T03:34:50.210+0000][5668][safepoint    ] Safepoint "Cleanup", Time since last: 1999985623 ns, Reaching safepoint: 120580 ns, At safepoint: 8811 ns, Total: 129391 ns
[2020-05-16T03:34:52.210+0000][5668][safepoint    ] Safepoint "Cleanup", Time since last: 2000000928 ns, Reaching safepoint: 258782 ns, At safepoint: 7884 ns, Total: 266666 ns
[2020-05-16T03:34:53.211+0000][5668][safepoint    ] Safepoint "Cleanup", Time since last: 1000015769 ns, Reaching safepoint: 142840 ns, At safepoint: 4638 ns, Total: 147478 ns
[2020-05-16T03:34:54.211+0000][5668][safepoint    ] Safepoint "Cleanup", Time since last: 1000229101 ns, Reaching safepoint: 89043 ns, At safepoint: 3247 ns, Total: 92290 ns
[2020-05-16T03:34:55.211+0000][5668][safepoint    ] Safepoint "Cleanup", Time since last: 1000058898 ns, Reaching safepoint: 108058 ns, At safepoint: 6493 ns, Total: 114551 ns
[2020-05-16T03:34:56.212+0000][5668][safepoint    ] Safepoint "Cleanup", Time since last: 1000529159 ns, Reaching safepoint: 124290 ns, At safepoint: 6029 ns, Total: 130319 ns
[2020-05-16T03:34:57.212+0000][5668][safepoint    ] Safepoint "Cleanup", Time since last: 1000186898 ns, Reaching safepoint: 113624 ns, At safepoint: 6029 ns, Total: 119653 ns
[2020-05-16T03:34:58.213+0000][5668][safepoint    ] Safepoint "Cleanup", Time since last: 1000340869 ns, Reaching safepoint: 98783 ns, At safepoint: 6029 ns, Total: 104812 ns
[2020-05-16T03:34:59.213+0000][5668][safepoint    ] Safepoint "Cleanup", Time since last: 1000010666 ns, Reaching safepoint: 146087 ns, At safepoint: 5565 ns, Total: 151652 ns
[2020-05-16T03:35:00.213+0000][5668][safepoint    ] Safepoint "Cleanup", Time since last: 1000103421 ns, Reaching safepoint: 122434 ns, At safepoint: 5566 ns, Total: 128000 ns
[2020-05-16T03:35:02.214+0000][5668][safepoint    ] Safepoint "Cleanup", Time since last: 2000811593 ns, Reaching safepoint: 82087 ns, At safepoint: 2319 ns, Total: 84406 ns
[2020-05-16T03:35:03.214+0000][5668][safepoint    ] Safepoint "Cleanup", Time since last: 1000332058 ns, Reaching safepoint: 101565 ns, At safepoint: 4638 ns, Total: 106203 ns
[2020-05-16T03:35:04.325+0000][5668][gc,start     ] GC(11) Pause Young (Concurrent Start) (G1 Evacuation Pause)
[2020-05-16T03:35:04.325+0000][5668][gc,task      ] GC(11) Using 4 workers of 4 for evacuation
[2020-05-16T03:35:04.325+0000][5668][gc,age       ] GC(11) Desired survivor size 30932992 bytes, new threshold 2 (max threshold 15)
[2020-05-16T03:35:04.388+0000][5668][gc,age       ] GC(11) Age table with threshold 2 (max threshold 15)
[2020-05-16T03:35:04.388+0000][5668][gc,age       ] GC(11) - age   1:   10849000 bytes,   10849000 total
[2020-05-16T03:35:04.388+0000][5668][gc,age       ] GC(11) - age   2:    9427184 bytes,   20276184 total
[2020-05-16T03:35:04.389+0000][5668][gc,phases    ] GC(11)   Pre Evacuate Collection Set: 0.6ms
[2020-05-16T03:35:04.389+0000][5668][gc,phases    ] GC(11)   Merge Heap Roots: 0.1ms
[2020-05-16T03:35:04.389+0000][5668][gc,phases    ] GC(11)   Evacuate Collection Set: 59.8ms
[2020-05-16T03:35:04.389+0000][5668][gc,phases    ] GC(11)   Post Evacuate Collection Set: 2.1ms
[2020-05-16T03:35:04.389+0000][5668][gc,phases    ] GC(11)   Other: 0.5ms
[2020-05-16T03:35:04.389+0000][5668][gc,heap      ] GC(11) Eden regions: 423->0(593)
[2020-05-16T03:35:04.389+0000][5668][gc,heap      ] GC(11) Survivor regions: 48->21(59)
[2020-05-16T03:35:04.389+0000][5668][gc,heap      ] GC(11) Old regions: 8->44
[2020-05-16T03:35:04.389+0000][5668][gc,heap      ] GC(11) Archive regions: 0->0
[2020-05-16T03:35:04.389+0000][5668][gc,heap      ] GC(11) Humongous regions: 7->7
[2020-05-16T03:35:04.389+0000][5668][gc,metaspace ] GC(11) Metaspace: 83204K(90060K)->83204K(90060K) NonClass: 71908K(75980K)->71908K(75980K) Class: 11295K(14080K)->11295K(14080K)
[2020-05-16T03:35:04.389+0000][5668][gc           ] GC(11) Pause Young (Concurrent Start) (G1 Evacuation Pause) 485M->71M(1024M) 63.263ms
[2020-05-16T03:35:04.389+0000][5668][gc,cpu       ] GC(11) User=0.22s Sys=0.02s Real=0.06s
[2020-05-16T03:35:04.389+0000][5668][gc           ] GC(12) Concurrent Cycle
[2020-05-16T03:35:04.389+0000][5668][gc,marking   ] GC(12) Concurrent Clear Claimed Marks
[2020-05-16T03:35:04.389+0000][5668][safepoint    ] Safepoint "G1CollectForAllocation", Time since last: 1110893398 ns, Reaching safepoint: 111304 ns, At safepoint: 63410985 ns, Total: 63522289 ns
[2020-05-16T03:35:04.389+0000][5668][gc,marking   ] GC(12) Concurrent Clear Claimed Marks 0.470ms
[2020-05-16T03:35:04.389+0000][5668][gc,marking   ] GC(12) Concurrent Scan Root Regions
[2020-05-16T03:35:04.434+0000][5668][gc,marking   ] GC(12) Concurrent Scan Root Regions 44.257ms
[2020-05-16T03:35:04.434+0000][5668][gc,marking   ] GC(12) Concurrent Mark (66.171s)
[2020-05-16T03:35:04.434+0000][5668][gc,marking   ] GC(12) Concurrent Mark From Roots
[2020-05-16T03:35:04.434+0000][5668][gc,task      ] GC(12) Using 1 workers of 1 for marking
[2020-05-16T03:35:04.448+0000][5668][gc,marking   ] GC(12) Concurrent Mark From Roots 14.134ms
[2020-05-16T03:35:04.448+0000][5668][gc,marking   ] GC(12) Concurrent Preclean
[2020-05-16T03:35:04.448+0000][5668][gc,marking   ] GC(12) Concurrent Preclean 0.057ms
[2020-05-16T03:35:04.448+0000][5668][gc,marking   ] GC(12) Concurrent Mark (66.171s, 66.185s) 14.267ms
[2020-05-16T03:35:04.448+0000][5668][gc,start     ] GC(12) Pause Remark
[2020-05-16T03:35:04.451+0000][5668][gc           ] GC(12) Pause Remark 74M->74M(1024M) 2.874ms
[2020-05-16T03:35:04.451+0000][5668][gc,cpu       ] GC(12) User=0.06s Sys=0.00s Real=0.00s
[2020-05-16T03:35:04.451+0000][5668][safepoint    ] Safepoint "G1Concurrent", Time since last: 59110002 ns, Reaching safepoint: 71884 ns, At safepoint: 2965795 ns, Total: 3037679 ns
[2020-05-16T03:35:04.451+0000][5668][gc,marking   ] GC(12) Concurrent Rebuild Remembered Sets
[2020-05-16T03:35:04.492+0000][5668][gc,marking   ] GC(12) Concurrent Rebuild Remembered Sets 42.062ms
[2020-05-16T03:35:04.493+0000][5668][gc,start     ] GC(12) Pause Cleanup
[2020-05-16T03:35:04.493+0000][5668][gc           ] GC(12) Pause Cleanup 74M->74M(1024M) 0.180ms
[2020-05-16T03:35:04.493+0000][5668][gc,cpu       ] GC(12) User=0.00s Sys=0.00s Real=0.00s
[2020-05-16T03:35:04.493+0000][5668][safepoint    ] Safepoint "G1Concurrent", Time since last: 42215401 ns, Reaching safepoint: 463768 ns, At safepoint: 239768 ns, Total: 703536 ns
[2020-05-16T03:35:04.493+0000][5668][gc,marking   ] GC(12) Concurrent Cleanup for Next Mark
[2020-05-16T03:35:04.494+0000][5668][gc,marking   ] GC(12) Concurrent Cleanup for Next Mark 1.173ms
[2020-05-16T03:35:04.494+0000][5668][gc           ] GC(12) Concurrent Cycle 106.415ms
[2020-05-16T03:35:06.494+0000][5668][safepoint    ] Safepoint "Cleanup", Time since last: 2000117797 ns, Reaching safepoint: 147014 ns, At safepoint: 6493 ns, Total: 153507 ns
[2020-05-16T03:35:07.494+0000][5668][safepoint    ] Safepoint "Cleanup", Time since last: 1000007884 ns, Reaching safepoint: 76058 ns, At safepoint: 4174 ns, Total: 80232 ns
[2020-05-16T03:35:08.495+0000][5668][safepoint    ] Safepoint "Cleanup", Time since last: 1000878840 ns, Reaching safepoint: 114551 ns, At safepoint: 6493 ns, Total: 121044 ns
[2020-05-16T03:35:09.495+0000][5668][safepoint    ] Safepoint "Cleanup", Time since last: 1000104347 ns, Reaching safepoint: 89971 ns, At safepoint: 6493 ns, Total: 96464 ns
[2020-05-16T03:35:10.496+0000][5668][safepoint    ] Safepoint "Cleanup", Time since last: 1000477217 ns, Reaching safepoint: 109450 ns, At safepoint: 5565 ns, Total: 115015 ns
[2020-05-16T03:35:11.497+0000][5668][safepoint    ] Safepoint "Cleanup", Time since last: 1000896927 ns, Reaching safepoint: 112232 ns, At safepoint: 7884 ns, Total: 120116 ns
[2020-05-16T03:35:12.498+0000][5668][safepoint    ] Safepoint "Cleanup", Time since last: 1000748057 ns, Reaching safepoint: 119652 ns, At safepoint: 25971 ns, Total: 145623 ns
[2020-05-16T03:35:14.498+0000][5668][safepoint    ] Safepoint "Cleanup", Time since last: 1999987479 ns, Reaching safepoint: 116406 ns, At safepoint: 6956 ns, Total: 123362 ns
[2020-05-16T03:35:16.499+0000][5668][safepoint    ] Safepoint "Cleanup", Time since last: 2000434087 ns, Reaching safepoint: 101101 ns, At safepoint: 6029 ns, Total: 107130 ns
[2020-05-16T03:35:17.499+0000][5668][safepoint    ] Safepoint "Cleanup", Time since last: 1000666435 ns, Reaching safepoint: 100174 ns, At safepoint: 6956 ns, Total: 107130 ns
[2020-05-16T03:35:18.500+0000][5668][safepoint    ] Safepoint "Cleanup", Time since last: 1000468869 ns, Reaching safepoint: 111305 ns, At safepoint: 6956 ns, Total: 118261 ns
[2020-05-16T03:35:19.501+0000][5668][safepoint    ] Safepoint "Cleanup", Time since last: 1000859362 ns, Reaching safepoint: 99710 ns, At safepoint: 6493 ns, Total: 106203 ns
[2020-05-16T03:35:21.501+0000][5668][safepoint    ] Safepoint "Cleanup", Time since last: 2000381217 ns, Reaching safepoint: 113623 ns, At safepoint: 8348 ns, Total: 121971 ns
[2020-05-16T03:35:23.502+0000][5668][safepoint    ] Safepoint "Cleanup", Time since last: 2000516174 ns, Reaching safepoint: 118724 ns, At safepoint: 8348 ns, Total: 127072 ns
[2020-05-16T03:35:24.502+0000][5668][safepoint    ] Safepoint "Cleanup", Time since last: 1000038029 ns, Reaching safepoint: 101565 ns, At safepoint: 6957 ns, Total: 108522 ns
[2020-05-16T03:35:25.948+0000][5668][safepoint    ] Safepoint "Cleanup", Time since last: 1446394691 ns, Reaching safepoint: 122899 ns, At safepoint: 6493 ns, Total: 129392 ns
[2020-05-16T03:35:25.990+0000][5668][safepoint    ] Safepoint "BulkRevokeBias", Time since last: 39773662 ns, Reaching safepoint: 108522 ns, At safepoint: 1077333 ns, Total: 1185855 ns
[2020-05-16T03:35:26.454+0000][5668][safepoint    ] Safepoint "BulkRevokeBias", Time since last: 464457060 ns, Reaching safepoint: 62145 ns, At safepoint: 339478 ns, Total: 401623 ns
[2020-05-16T03:35:26.475+0000][5668][gc,heap,exit ] Heap
[2020-05-16T03:35:26.475+0000][5668][gc,heap,exit ]  garbage-first heap   total 1048576K, used 108032K [0x00000000c0000000, 0x0000000100000000)
[2020-05-16T03:35:26.475+0000][5668][gc,heap,exit ]   region size 1024K, 56 young (57344K), 21 survivors (21504K)
[2020-05-16T03:35:26.475+0000][5668][gc,heap,exit ]  Metaspace       used 83365K, capacity 89894K, committed 90060K, reserved 1126400K
[2020-05-16T03:35:26.475+0000][5668][gc,heap,exit ]   class space    used 11322K, capacity 13999K, committed 14080K, reserved 1048576K
