[2020-05-20T10:13:14.850+0000][1084][gc,heap] Heap region size: 1M
[2020-05-20T10:13:14.850+0000][1084][gc,heap,coops] Heap address: 0x00000000c0000000, size: 1024 MB, Compressed Oops mode: 32-bit
[2020-05-20T10:13:16.231+0000][1084][gc           ] Using G1
[2020-05-20T10:13:16.720+0000][1084][gc           ] Periodic GC disabled
[2020-05-20T10:13:18.243+0000][1084][safepoint    ] Safepoint "Cleanup", Time since last: 1643730913 ns, Reaching safepoint: 8881139 ns, At safepoint: 3246 ns, Total: 8884385 ns
[2020-05-20T10:13:19.322+0000][1084][safepoint    ] Safepoint "Cleanup", Time since last: 1078753673 ns, Reaching safepoint: 99709 ns, At safepoint: 1392 ns, Total: 101101 ns
[2020-05-20T10:13:20.402+0000][1084][safepoint    ] Safepoint "Cleanup", Time since last: 1079710887 ns, Reaching safepoint: 139130 ns, At safepoint: 9740 ns, Total: 148870 ns
[2020-05-20T10:13:21.778+0000][1084][gc,start     ] GC(0) Pause Young (Normal) (G1 Evacuation Pause)
[2020-05-20T10:13:21.779+0000][1084][gc,task      ] GC(0) Using 4 workers of 4 for evacuation
[2020-05-20T10:13:21.779+0000][1084][gc,age       ] GC(0) Desired survivor size 3670016 bytes, new threshold 15 (max threshold 15)
[2020-05-20T10:13:21.813+0000][1084][gc,age       ] GC(0) Age table with threshold 15 (max threshold 15)
[2020-05-20T10:13:21.813+0000][1084][gc,age       ] GC(0) - age   1:    5314096 bytes,    5314096 total
[2020-05-20T10:13:21.813+0000][1084][gc,phases    ] GC(0)   Pre Evacuate Collection Set: 0.8ms
[2020-05-20T10:13:21.813+0000][1084][gc,phases    ] GC(0)   Merge Heap Roots: 4.0ms
[2020-05-20T10:13:21.813+0000][1084][gc,phases    ] GC(0)   Evacuate Collection Set: 18.1ms
[2020-05-20T10:13:21.813+0000][1084][gc,phases    ] GC(0)   Post Evacuate Collection Set: 1.5ms
[2020-05-20T10:13:21.820+0000][1084][gc,phases    ] GC(0)   Other: 71.9ms
[2020-05-20T10:13:21.820+0000][1084][gc,heap      ] GC(0) Eden regions: 51->0(48)
[2020-05-20T10:13:21.820+0000][1084][gc,heap      ] GC(0) Survivor regions: 0->6(7)
[2020-05-20T10:13:21.820+0000][1084][gc,heap      ] GC(0) Old regions: 0->0
[2020-05-20T10:13:21.820+0000][1084][gc,heap      ] GC(0) Archive regions: 0->0
[2020-05-20T10:13:21.820+0000][1084][gc,heap      ] GC(0) Humongous regions: 1->1
[2020-05-20T10:13:21.820+0000][1084][gc,metaspace ] GC(0) Metaspace: 11784K(12416K)->11784K(12416K) NonClass: 10333K(10752K)->10333K(10752K) Class: 1451K(1664K)->1451K(1664K)
[2020-05-20T10:13:21.821+0000][1084][gc           ] GC(0) Pause Young (Normal) (G1 Evacuation Pause) 52M->6M(1024M) 42.701ms
[2020-05-20T10:13:21.821+0000][1084][gc,cpu       ] GC(0) User=0.05s Sys=0.00s Real=0.06s
[2020-05-20T10:13:21.821+0000][1084][safepoint    ] Safepoint "G1CollectForAllocation", Time since last: 1314089474 ns, Reaching safepoint: 149333 ns, At safepoint: 104170889 ns, Total: 104320222 ns
[2020-05-20T10:13:23.731+0000][1084][safepoint    ] Safepoint "Cleanup", Time since last: 1892993176 ns, Reaching safepoint: 17321235 ns, At safepoint: 567651 ns, Total: 17888886 ns
[2020-05-20T10:13:24.283+0000][1084][safepoint    ] Safepoint "BulkRevokeBias", Time since last: 551918024 ns, Reaching safepoint: 90435 ns, At safepoint: 85797 ns, Total: 176232 ns
[2020-05-20T10:13:24.753+0000][1084][gc,start     ] GC(1) Pause Young (Normal) (G1 Evacuation Pause)
[2020-05-20T10:13:24.753+0000][1084][gc,task      ] GC(1) Using 4 workers of 4 for evacuation
[2020-05-20T10:13:24.753+0000][1084][gc,age       ] GC(1) Desired survivor size 3670016 bytes, new threshold 1 (max threshold 15)
[2020-05-20T10:13:24.762+0000][1084][gc,age       ] GC(1) Age table with threshold 1 (max threshold 15)
[2020-05-20T10:13:24.762+0000][1084][gc,age       ] GC(1) - age   1:    2205592 bytes,    2205592 total
[2020-05-20T10:13:24.762+0000][1084][gc,phases    ] GC(1)   Pre Evacuate Collection Set: 0.1ms
[2020-05-20T10:13:24.762+0000][1084][gc,phases    ] GC(1)   Merge Heap Roots: 0.1ms
[2020-05-20T10:13:24.762+0000][1084][gc,phases    ] GC(1)   Evacuate Collection Set: 8.2ms
[2020-05-20T10:13:24.762+0000][1084][gc,phases    ] GC(1)   Post Evacuate Collection Set: 0.6ms
[2020-05-20T10:13:24.763+0000][1084][gc,phases    ] GC(1)   Other: 0.3ms
[2020-05-20T10:13:24.763+0000][1084][gc,heap      ] GC(1) Eden regions: 48->0(59)
[2020-05-20T10:13:24.763+0000][1084][gc,heap      ] GC(1) Survivor regions: 6->3(7)
[2020-05-20T10:13:24.763+0000][1084][gc,heap      ] GC(1) Old regions: 0->6
[2020-05-20T10:13:24.763+0000][1084][gc,heap      ] GC(1) Archive regions: 0->0
[2020-05-20T10:13:24.763+0000][1084][gc,heap      ] GC(1) Humongous regions: 1->1
[2020-05-20T10:13:24.763+0000][1084][gc,metaspace ] GC(1) Metaspace: 15893K(16768K)->15893K(16768K) NonClass: 14022K(14592K)->14022K(14592K) Class: 1870K(2176K)->1870K(2176K)
[2020-05-20T10:13:24.763+0000][1084][gc           ] GC(1) Pause Young (Normal) (G1 Evacuation Pause) 54M->8M(1024M) 9.648ms
[2020-05-20T10:13:24.763+0000][1084][gc,cpu       ] GC(1) User=0.06s Sys=0.00s Real=0.01s
[2020-05-20T10:13:24.763+0000][1084][safepoint    ] Safepoint "G1CollectForAllocation", Time since last: 470183257 ns, Reaching safepoint: 68174 ns, At safepoint: 9742354 ns, Total: 9810528 ns
[2020-05-20T10:13:24.763+0000][1084][safepoint    ] Safepoint "BulkRevokeBias", Time since last: 300521 ns, Reaching safepoint: 109449 ns, At safepoint: 105275 ns, Total: 214724 ns
[2020-05-20T10:13:25.503+0000][1084][gc,start     ] GC(2) Pause Young (Normal) (G1 Evacuation Pause)
[2020-05-20T10:13:25.503+0000][1084][gc,task      ] GC(2) Using 4 workers of 4 for evacuation
[2020-05-20T10:13:25.503+0000][1084][gc,age       ] GC(2) Desired survivor size 4194304 bytes, new threshold 15 (max threshold 15)
[2020-05-20T10:13:25.506+0000][1084][gc,age       ] GC(2) Age table with threshold 15 (max threshold 15)
[2020-05-20T10:13:25.506+0000][1084][gc,age       ] GC(2) - age   1:    2172616 bytes,    2172616 total
[2020-05-20T10:13:25.506+0000][1084][gc,age       ] GC(2) - age   2:    2166880 bytes,    4339496 total
[2020-05-20T10:13:25.506+0000][1084][gc,phases    ] GC(2)   Pre Evacuate Collection Set: 0.1ms
[2020-05-20T10:13:25.506+0000][1084][gc,phases    ] GC(2)   Merge Heap Roots: 0.1ms
[2020-05-20T10:13:25.506+0000][1084][gc,phases    ] GC(2)   Evacuate Collection Set: 2.3ms
[2020-05-20T10:13:25.506+0000][1084][gc,phases    ] GC(2)   Post Evacuate Collection Set: 0.5ms
[2020-05-20T10:13:25.506+0000][1084][gc,phases    ] GC(2)   Other: 0.3ms
[2020-05-20T10:13:25.506+0000][1084][gc,heap      ] GC(2) Eden regions: 59->0(329)
[2020-05-20T10:13:25.506+0000][1084][gc,heap      ] GC(2) Survivor regions: 3->5(8)
[2020-05-20T10:13:25.506+0000][1084][gc,heap      ] GC(2) Old regions: 6->6
[2020-05-20T10:13:25.506+0000][1084][gc,heap      ] GC(2) Archive regions: 0->0
[2020-05-20T10:13:25.507+0000][1084][gc,heap      ] GC(2) Humongous regions: 2->1
[2020-05-20T10:13:25.507+0000][1084][gc,metaspace ] GC(2) Metaspace: 16991K(17920K)->16991K(17920K) NonClass: 14965K(15616K)->14965K(15616K) Class: 2025K(2304K)->2025K(2304K)
[2020-05-20T10:13:25.507+0000][1084][gc           ] GC(2) Pause Young (Normal) (G1 Evacuation Pause) 68M->10M(1024M) 3.575ms
[2020-05-20T10:13:25.507+0000][1084][gc,cpu       ] GC(2) User=0.00s Sys=0.00s Real=0.00s
[2020-05-20T10:13:25.507+0000][1084][safepoint    ] Safepoint "G1CollectForAllocation", Time since last: 739114808 ns, Reaching safepoint: 102957 ns, At safepoint: 3695759 ns, Total: 3798716 ns
[2020-05-20T10:13:25.507+0000][1084][safepoint    ] Safepoint "BulkRevokeBias", Time since last: 401622 ns, Reaching safepoint: 78841 ns, At safepoint: 104347 ns, Total: 183188 ns
[2020-05-20T10:13:25.508+0000][1084][safepoint    ] Safepoint "BulkRevokeBias", Time since last: 96000 ns, Reaching safepoint: 82087 ns, At safepoint: 115478 ns, Total: 197565 ns
[2020-05-20T10:13:26.616+0000][1084][safepoint    ] Safepoint "Cleanup", Time since last: 1108327633 ns, Reaching safepoint: 153043 ns, At safepoint: 1855 ns, Total: 154898 ns
[2020-05-20T10:13:27.663+0000][1084][safepoint    ] Safepoint "Cleanup", Time since last: 1046848819 ns, Reaching safepoint: 54261 ns, At safepoint: 1391 ns, Total: 55652 ns
[2020-05-20T10:13:27.886+0000][1084][gc,start     ] GC(3) Pause Young (Normal) (G1 Evacuation Pause)
[2020-05-20T10:13:27.886+0000][1084][gc,task      ] GC(3) Using 4 workers of 4 for evacuation
[2020-05-20T10:13:27.886+0000][1084][gc,age       ] GC(3) Desired survivor size 22020096 bytes, new threshold 15 (max threshold 15)
[2020-05-20T10:13:27.891+0000][1084][gc,age       ] GC(3) Age table with threshold 15 (max threshold 15)
[2020-05-20T10:13:27.891+0000][1084][gc,age       ] GC(3) - age   1:    4151440 bytes,    4151440 total
[2020-05-20T10:13:27.891+0000][1084][gc,age       ] GC(3) - age   2:    2142456 bytes,    6293896 total
[2020-05-20T10:13:27.891+0000][1084][gc,age       ] GC(3) - age   3:    2166144 bytes,    8460040 total
[2020-05-20T10:13:27.891+0000][1084][gc,phases    ] GC(3)   Pre Evacuate Collection Set: 0.1ms
[2020-05-20T10:13:27.891+0000][1084][gc,phases    ] GC(3)   Merge Heap Roots: 0.1ms
[2020-05-20T10:13:27.891+0000][1084][gc,phases    ] GC(3)   Evacuate Collection Set: 5.2ms
[2020-05-20T10:13:27.891+0000][1084][gc,phases    ] GC(3)   Post Evacuate Collection Set: 0.6ms
[2020-05-20T10:13:27.891+0000][1084][gc,phases    ] GC(3)   Other: 0.4ms
[2020-05-20T10:13:27.891+0000][1084][gc,heap      ] GC(3) Eden regions: 329->0(447)
[2020-05-20T10:13:27.891+0000][1084][gc,heap      ] GC(3) Survivor regions: 5->9(42)
[2020-05-20T10:13:27.891+0000][1084][gc,heap      ] GC(3) Old regions: 6->6
[2020-05-20T10:13:27.891+0000][1084][gc,heap      ] GC(3) Archive regions: 0->0
[2020-05-20T10:13:27.891+0000][1084][gc,heap      ] GC(3) Humongous regions: 1->1
[2020-05-20T10:13:27.891+0000][1084][gc,metaspace ] GC(3) Metaspace: 19855K(20992K)->19855K(20992K) NonClass: 17442K(18176K)->17442K(18176K) Class: 2412K(2816K)->2412K(2816K)
[2020-05-20T10:13:27.891+0000][1084][gc           ] GC(3) Pause Young (Normal) (G1 Evacuation Pause) 339M->14M(1024M) 6.615ms
[2020-05-20T10:13:27.891+0000][1084][gc,cpu       ] GC(3) User=0.05s Sys=0.00s Real=0.01s
[2020-05-20T10:13:27.891+0000][1084][safepoint    ] Safepoint "G1CollectForAllocation", Time since last: 222096181 ns, Reaching safepoint: 64927 ns, At safepoint: 6714883 ns, Total: 6779810 ns
[2020-05-20T10:13:27.892+0000][1084][safepoint    ] Safepoint "BulkRevokeBias", Time since last: 264811 ns, Reaching safepoint: 68637 ns, At safepoint: 91363 ns, Total: 160000 ns
[2020-05-20T10:13:28.339+0000][1084][gc,start     ] GC(4) Pause Young (Concurrent Start) (Metadata GC Threshold)
[2020-05-20T10:13:28.339+0000][1084][gc,task      ] GC(4) Using 4 workers of 4 for evacuation
[2020-05-20T10:13:28.339+0000][1084][gc,age       ] GC(4) Desired survivor size 29884416 bytes, new threshold 15 (max threshold 15)
[2020-05-20T10:13:28.354+0000][1084][gc,age       ] GC(4) Age table with threshold 15 (max threshold 15)
[2020-05-20T10:13:28.354+0000][1084][gc,age       ] GC(4) - age   1:    1451592 bytes,    1451592 total
[2020-05-20T10:13:28.354+0000][1084][gc,age       ] GC(4) - age   2:    3830840 bytes,    5282432 total
[2020-05-20T10:13:28.354+0000][1084][gc,age       ] GC(4) - age   3:    2142328 bytes,    7424760 total
[2020-05-20T10:13:28.354+0000][1084][gc,age       ] GC(4) - age   4:    2165784 bytes,    9590544 total
[2020-05-20T10:13:28.354+0000][1084][gc,phases    ] GC(4)   Pre Evacuate Collection Set: 0.1ms
[2020-05-20T10:13:28.354+0000][1084][gc,phases    ] GC(4)   Merge Heap Roots: 0.1ms
[2020-05-20T10:13:28.354+0000][1084][gc,phases    ] GC(4)   Evacuate Collection Set: 5.0ms
[2020-05-20T10:13:28.354+0000][1084][gc,phases    ] GC(4)   Post Evacuate Collection Set: 0.5ms
[2020-05-20T10:13:28.354+0000][1084][gc,phases    ] GC(4)   Other: 10.1ms
[2020-05-20T10:13:28.354+0000][1084][gc,heap      ] GC(4) Eden regions: 144->0(604)
[2020-05-20T10:13:28.354+0000][1084][gc,heap      ] GC(4) Survivor regions: 9->10(57)
[2020-05-20T10:13:28.354+0000][1084][gc,heap      ] GC(4) Old regions: 6->6
[2020-05-20T10:13:28.354+0000][1084][gc,heap      ] GC(4) Archive regions: 0->0
[2020-05-20T10:13:28.354+0000][1084][gc,heap      ] GC(4) Humongous regions: 1->1
[2020-05-20T10:13:28.354+0000][1084][gc,metaspace ] GC(4) Metaspace: 20232K(21248K)->20232K(21248K) NonClass: 17745K(18432K)->17745K(18432K) Class: 2487K(2816K)->2487K(2816K)
[2020-05-20T10:13:28.354+0000][1084][gc           ] GC(4) Pause Young (Concurrent Start) (Metadata GC Threshold) 158M->15M(1024M) 16.057ms
[2020-05-20T10:13:28.354+0000][1084][gc,cpu       ] GC(4) User=0.02s Sys=0.00s Real=0.02s
[2020-05-20T10:13:28.354+0000][1084][gc           ] GC(5) Concurrent Cycle
[2020-05-20T10:13:28.354+0000][1084][gc,marking   ] GC(5) Concurrent Clear Claimed Marks
[2020-05-20T10:13:28.354+0000][1084][gc,marking   ] GC(5) Concurrent Clear Claimed Marks 0.063ms
[2020-05-20T10:13:28.354+0000][1084][gc,marking   ] GC(5) Concurrent Scan Root Regions
[2020-05-20T10:13:28.354+0000][1084][safepoint    ] Safepoint "CollectForMetadataAllocation", Time since last: 446272356 ns, Reaching safepoint: 62145 ns, At safepoint: 16330165 ns, Total: 16392310 ns
[2020-05-20T10:13:28.358+0000][1084][safepoint    ] Safepoint "BulkRevokeBias", Time since last: 3541789 ns, Reaching safepoint: 43130 ns, At safepoint: 47768 ns, Total: 90898 ns
[2020-05-20T10:13:28.358+0000][1084][safepoint    ] Safepoint "BulkRevokeBias", Time since last: 65855 ns, Reaching safepoint: 101101 ns, At safepoint: 49159 ns, Total: 150260 ns
[2020-05-20T10:13:28.359+0000][1084][gc,marking   ] GC(5) Concurrent Scan Root Regions 4.183ms
[2020-05-20T10:13:28.359+0000][1084][gc,marking   ] GC(5) Concurrent Mark (13.526s)
[2020-05-20T10:13:28.359+0000][1084][gc,marking   ] GC(5) Concurrent Mark From Roots
[2020-05-20T10:13:28.359+0000][1084][gc,task      ] GC(5) Using 1 workers of 1 for marking
[2020-05-20T10:13:28.371+0000][1084][gc,marking   ] GC(5) Concurrent Mark From Roots 12.301ms
[2020-05-20T10:13:28.371+0000][1084][gc,marking   ] GC(5) Concurrent Preclean
[2020-05-20T10:13:28.371+0000][1084][gc,marking   ] GC(5) Concurrent Preclean 0.135ms
[2020-05-20T10:13:28.371+0000][1084][gc,marking   ] GC(5) Concurrent Mark (13.526s, 13.538s) 12.537ms
[2020-05-20T10:13:28.371+0000][1084][gc,start     ] GC(5) Pause Remark
[2020-05-20T10:13:28.373+0000][1084][gc           ] GC(5) Pause Remark 18M->18M(1024M) 1.875ms
[2020-05-20T10:13:28.373+0000][1084][gc,cpu       ] GC(5) User=0.00s Sys=0.00s Real=0.00s
[2020-05-20T10:13:28.373+0000][1084][safepoint    ] Safepoint "G1Concurrent", Time since last: 12937246 ns, Reaching safepoint: 57971 ns, At safepoint: 1994662 ns, Total: 2052633 ns
[2020-05-20T10:13:28.373+0000][1084][gc,marking   ] GC(5) Concurrent Rebuild Remembered Sets
[2020-05-20T10:13:28.378+0000][1084][gc,marking   ] GC(5) Concurrent Rebuild Remembered Sets 4.771ms
[2020-05-20T10:13:28.379+0000][1084][gc,start     ] GC(5) Pause Cleanup
[2020-05-20T10:13:28.379+0000][1084][gc           ] GC(5) Pause Cleanup 21M->21M(1024M) 0.200ms
[2020-05-20T10:13:28.379+0000][1084][gc,cpu       ] GC(5) User=0.00s Sys=0.00s Real=0.00s
[2020-05-20T10:13:28.379+0000][1084][safepoint    ] Safepoint "G1Concurrent", Time since last: 4881612 ns, Reaching safepoint: 556984 ns, At safepoint: 289854 ns, Total: 846838 ns
[2020-05-20T10:13:28.379+0000][1084][gc,marking   ] GC(5) Concurrent Cleanup for Next Mark
[2020-05-20T10:13:28.382+0000][1084][gc,marking   ] GC(5) Concurrent Cleanup for Next Mark 2.927ms
[2020-05-20T10:13:28.382+0000][1084][gc           ] GC(5) Concurrent Cycle 27.780ms
[2020-05-20T10:13:29.380+0000][1084][safepoint    ] Safepoint "Cleanup", Time since last: 1000393275 ns, Reaching safepoint: 107130 ns, At safepoint: 830143 ns, Total: 937273 ns
[2020-05-20T10:13:30.449+0000][1084][safepoint    ] Safepoint "Cleanup", Time since last: 1041861468 ns, Reaching safepoint: 26309968 ns, At safepoint: 18087 ns, Total: 26328055 ns
[2020-05-20T10:13:31.149+0000][1084][gc,start     ] GC(6) Pause Young (Normal) (G1 Evacuation Pause)
[2020-05-20T10:13:31.206+0000][1084][gc,task      ] GC(6) Using 4 workers of 4 for evacuation
[2020-05-20T10:13:31.206+0000][1084][gc,age       ] GC(6) Desired survivor size 40370176 bytes, new threshold 15 (max threshold 15)
[2020-05-20T10:13:31.289+0000][1084][gc,age       ] GC(6) Age table with threshold 15 (max threshold 15)
[2020-05-20T10:13:31.289+0000][1084][gc,age       ] GC(6) - age   1:    4271952 bytes,    4271952 total
[2020-05-20T10:13:31.289+0000][1084][gc,age       ] GC(6) - age   2:    1380216 bytes,    5652168 total
[2020-05-20T10:13:31.289+0000][1084][gc,age       ] GC(6) - age   3:    3829200 bytes,    9481368 total
[2020-05-20T10:13:31.289+0000][1084][gc,age       ] GC(6) - age   4:    2141416 bytes,   11622784 total
[2020-05-20T10:13:31.289+0000][1084][gc,age       ] GC(6) - age   5:    2165400 bytes,   13788184 total
[2020-05-20T10:13:31.289+0000][1084][gc,phases    ] GC(6)   Pre Evacuate Collection Set: 0.4ms
[2020-05-20T10:13:31.289+0000][1084][gc,phases    ] GC(6)   Merge Heap Roots: 0.3ms
[2020-05-20T10:13:31.289+0000][1084][gc,phases    ] GC(6)   Evacuate Collection Set: 35.7ms
[2020-05-20T10:13:31.289+0000][1084][gc,phases    ] GC(6)   Post Evacuate Collection Set: 24.6ms
[2020-05-20T10:13:31.290+0000][1084][gc,phases    ] GC(6)   Other: 81.0ms
[2020-05-20T10:13:31.290+0000][1084][gc,heap      ] GC(6) Eden regions: 604->0(600)
[2020-05-20T10:13:31.290+0000][1084][gc,heap      ] GC(6) Survivor regions: 10->14(77)
[2020-05-20T10:13:31.290+0000][1084][gc,heap      ] GC(6) Old regions: 6->6
[2020-05-20T10:13:31.290+0000][1084][gc,heap      ] GC(6) Archive regions: 0->0
[2020-05-20T10:13:31.290+0000][1084][gc,heap      ] GC(6) Humongous regions: 1->1
[2020-05-20T10:13:31.290+0000][1084][gc,metaspace ] GC(6) Metaspace: 21664K(23420K)->21664K(23420K) NonClass: 18999K(20224K)->18999K(20224K) Class: 2664K(3196K)->2664K(3196K)
[2020-05-20T10:13:31.291+0000][1084][gc           ] GC(6) Pause Young (Normal) (G1 Evacuation Pause) 619M->19M(1024M) 142.059ms
[2020-05-20T10:13:31.291+0000][1084][gc,cpu       ] GC(6) User=0.02s Sys=0.06s Real=0.14s
[2020-05-20T10:13:31.291+0000][1084][safepoint    ] Safepoint "G1CollectForAllocation", Time since last: 697883599 ns, Reaching safepoint: 71884 ns, At safepoint: 143518276 ns, Total: 143590160 ns
[2020-05-20T10:13:32.294+0000][1084][safepoint    ] Safepoint "Cleanup", Time since last: 1002838718 ns, Reaching safepoint: 775882 ns, At safepoint: 37565 ns, Total: 813447 ns
[2020-05-20T10:13:33.641+0000][1084][safepoint    ] Safepoint "Cleanup", Time since last: 1346835602 ns, Reaching safepoint: 70956 ns, At safepoint: 2783 ns, Total: 73739 ns
[2020-05-20T10:13:42.758+0000][1084][safepoint    ] Safepoint "Cleanup", Time since last: 9037894405 ns, Reaching safepoint: 79092686 ns, At safepoint: 55188 ns, Total: 79147874 ns
[2020-05-20T10:13:43.760+0000][1084][safepoint    ] Safepoint "Cleanup", Time since last: 1000039884 ns, Reaching safepoint: 1927880 ns, At safepoint: 52869 ns, Total: 1980749 ns
[2020-05-20T10:13:45.067+0000][1084][safepoint    ] Safepoint "ICBufferFull", Time since last: 1306287522 ns, Reaching safepoint: 237448 ns, At safepoint: 2319 ns, Total: 239767 ns
[2020-05-20T10:13:46.067+0000][1084][safepoint    ] Safepoint "Cleanup", Time since last: 1000352463 ns, Reaching safepoint: 53797 ns, At safepoint: 6957 ns, Total: 60754 ns
[2020-05-20T10:13:47.129+0000][1084][safepoint    ] Safepoint "Cleanup", Time since last: 1061461654 ns, Reaching safepoint: 175304 ns, At safepoint: 6493 ns, Total: 181797 ns
[2020-05-20T10:13:47.322+0000][1084][gc,start     ] GC(7) Pause Young (Concurrent Start) (Metadata GC Threshold)
[2020-05-20T10:13:47.322+0000][1084][gc,task      ] GC(7) Using 4 workers of 4 for evacuation
[2020-05-20T10:13:47.322+0000][1084][gc,age       ] GC(7) Desired survivor size 40370176 bytes, new threshold 15 (max threshold 15)
[2020-05-20T10:13:47.384+0000][1084][gc,age       ] GC(7) Age table with threshold 15 (max threshold 15)
[2020-05-20T10:13:47.384+0000][1084][gc,age       ] GC(7) - age   1:   28980528 bytes,   28980528 total
[2020-05-20T10:13:47.384+0000][1084][gc,age       ] GC(7) - age   2:    2826792 bytes,   31807320 total
[2020-05-20T10:13:47.384+0000][1084][gc,age       ] GC(7) - age   3:    1366608 bytes,   33173928 total
[2020-05-20T10:13:47.384+0000][1084][gc,age       ] GC(7) - age   4:    3804000 bytes,   36977928 total
[2020-05-20T10:13:47.384+0000][1084][gc,age       ] GC(7) - age   5:    2120544 bytes,   39098472 total
[2020-05-20T10:13:47.384+0000][1084][gc,age       ] GC(7) - age   6:    2111528 bytes,   41210000 total
[2020-05-20T10:13:47.384+0000][1084][gc,phases    ] GC(7)   Pre Evacuate Collection Set: 0.2ms
[2020-05-20T10:13:47.384+0000][1084][gc,phases    ] GC(7)   Merge Heap Roots: 0.1ms
[2020-05-20T10:13:47.384+0000][1084][gc,phases    ] GC(7)   Evacuate Collection Set: 60.0ms
[2020-05-20T10:13:47.384+0000][1084][gc,phases    ] GC(7)   Post Evacuate Collection Set: 1.4ms
[2020-05-20T10:13:47.384+0000][1084][gc,phases    ] GC(7)   Other: 0.7ms
[2020-05-20T10:13:47.384+0000][1084][gc,heap      ] GC(7) Eden regions: 364->0(574)
[2020-05-20T10:13:47.384+0000][1084][gc,heap      ] GC(7) Survivor regions: 14->40(77)
[2020-05-20T10:13:47.384+0000][1084][gc,heap      ] GC(7) Old regions: 6->6
[2020-05-20T10:13:47.385+0000][1084][gc,heap      ] GC(7) Archive regions: 0->0
[2020-05-20T10:13:47.385+0000][1084][gc,heap      ] GC(7) Humongous regions: 1->1
[2020-05-20T10:13:47.385+0000][1084][gc,metaspace ] GC(7) Metaspace: 33364K(36048K)->33364K(36048K) NonClass: 29004K(30676K)->29004K(30676K) Class: 4359K(5372K)->4359K(5372K)
[2020-05-20T10:13:47.385+0000][1084][gc           ] GC(7) Pause Young (Concurrent Start) (Metadata GC Threshold) 383M->46M(1024M) 62.612ms
[2020-05-20T10:13:47.385+0000][1084][gc,cpu       ] GC(7) User=0.13s Sys=0.08s Real=0.06s
[2020-05-20T10:13:47.385+0000][1084][gc           ] GC(8) Concurrent Cycle
[2020-05-20T10:13:47.385+0000][1084][safepoint    ] Safepoint "CollectForMetadataAllocation", Time since last: 193444189 ns, Reaching safepoint: 86261 ns, At safepoint: 62962405 ns, Total: 63048666 ns
[2020-05-20T10:13:47.388+0000][1084][gc,marking   ] GC(8) Concurrent Clear Claimed Marks
[2020-05-20T10:13:47.389+0000][1084][gc,marking   ] GC(8) Concurrent Clear Claimed Marks 3.752ms
[2020-05-20T10:13:47.389+0000][1084][gc,marking   ] GC(8) Concurrent Scan Root Regions
[2020-05-20T10:13:47.415+0000][1084][safepoint    ] Safepoint "CollectForMetadataAllocation", Time since last: 29317033 ns, Reaching safepoint: 47304 ns, At safepoint: 172058 ns, Total: 219362 ns
[2020-05-20T10:13:47.420+0000][1084][gc,marking   ] GC(8) Concurrent Scan Root Regions 31.208ms
[2020-05-20T10:13:47.420+0000][1084][gc,marking   ] GC(8) Concurrent Mark (32.587s)
[2020-05-20T10:13:47.420+0000][1084][gc,marking   ] GC(8) Concurrent Mark From Roots
[2020-05-20T10:13:47.420+0000][1084][gc,task      ] GC(8) Using 1 workers of 1 for marking
[2020-05-20T10:13:47.438+0000][1084][gc,marking   ] GC(8) Concurrent Mark From Roots 18.399ms
[2020-05-20T10:13:47.438+0000][1084][gc,marking   ] GC(8) Concurrent Preclean
[2020-05-20T10:13:47.439+0000][1084][gc,marking   ] GC(8) Concurrent Preclean 0.130ms
[2020-05-20T10:13:47.439+0000][1084][gc,marking   ] GC(8) Concurrent Mark (32.587s, 32.605s) 18.643ms
[2020-05-20T10:13:47.462+0000][1084][gc,start     ] GC(8) Pause Remark
[2020-05-20T10:13:47.464+0000][1084][gc           ] GC(8) Pause Remark 48M->48M(1024M) 2.429ms
[2020-05-20T10:13:47.464+0000][1084][gc,cpu       ] GC(8) User=0.00s Sys=0.00s Real=0.00s
[2020-05-20T10:13:47.465+0000][1084][safepoint    ] Safepoint "G1Concurrent", Time since last: 24077857 ns, Reaching safepoint: 22861396 ns, At safepoint: 2966254 ns, Total: 25827650 ns
[2020-05-20T10:13:47.465+0000][1084][gc,marking   ] GC(8) Concurrent Rebuild Remembered Sets
[2020-05-20T10:13:47.469+0000][1084][gc,marking   ] GC(8) Concurrent Rebuild Remembered Sets 4.659ms
[2020-05-20T10:13:47.494+0000][1084][gc,start     ] GC(8) Pause Cleanup
[2020-05-20T10:13:47.494+0000][1084][gc           ] GC(8) Pause Cleanup 48M->48M(1024M) 0.163ms
[2020-05-20T10:13:47.494+0000][1084][gc,cpu       ] GC(8) User=0.00s Sys=0.00s Real=0.00s
[2020-05-20T10:13:47.494+0000][1084][safepoint    ] Safepoint "G1Concurrent", Time since last: 4781438 ns, Reaching safepoint: 24415944 ns, At safepoint: 294028 ns, Total: 24709972 ns
[2020-05-20T10:13:47.494+0000][1084][gc,marking   ] GC(8) Concurrent Cleanup for Next Mark
[2020-05-20T10:13:47.497+0000][1084][gc,marking   ] GC(8) Concurrent Cleanup for Next Mark 2.938ms
[2020-05-20T10:13:47.497+0000][1084][gc           ] GC(8) Concurrent Cycle 112.177ms
[2020-05-20T10:13:49.210+0000][1084][safepoint    ] Safepoint "ICBufferFull", Time since last: 1715875905 ns, Reaching safepoint: 128000 ns, At safepoint: 2319 ns, Total: 130319 ns
[2020-05-20T10:13:50.667+0000][1084][safepoint    ] Safepoint "ICBufferFull", Time since last: 1457465374 ns, Reaching safepoint: 133565 ns, At safepoint: 16695 ns, Total: 150260 ns
[2020-05-20T10:13:51.486+0000][1084][safepoint    ] Safepoint "BulkRevokeBias", Time since last: 818061408 ns, Reaching safepoint: 262492 ns, At safepoint: 140521 ns, Total: 403013 ns
[2020-05-20T10:13:51.489+0000][1084][safepoint    ] Safepoint "BulkRevokeBias", Time since last: 2698661 ns, Reaching safepoint: 92289 ns, At safepoint: 122899 ns, Total: 215188 ns
[2020-05-20T10:13:51.916+0000][1084][gc,start     ] GC(9) Pause Young (Concurrent Start) (Metadata GC Threshold)
[2020-05-20T10:13:51.916+0000][1084][gc,task      ] GC(9) Using 4 workers of 4 for evacuation
[2020-05-20T10:13:51.916+0000][1084][gc,age       ] GC(9) Desired survivor size 40370176 bytes, new threshold 6 (max threshold 15)
[2020-05-20T10:13:51.969+0000][1084][gc,age       ] GC(9) Age table with threshold 6 (max threshold 15)
[2020-05-20T10:13:51.969+0000][1084][gc,age       ] GC(9) - age   1:   10168504 bytes,   10168504 total
[2020-05-20T10:13:51.969+0000][1084][gc,age       ] GC(9) - age   2:   28730864 bytes,   38899368 total
[2020-05-20T10:13:51.969+0000][1084][gc,age       ] GC(9) - age   3:    2811272 bytes,   41710640 total
[2020-05-20T10:13:51.969+0000][1084][gc,age       ] GC(9) - age   4:    1352320 bytes,   43062960 total
[2020-05-20T10:13:51.969+0000][1084][gc,age       ] GC(9) - age   5:    3782992 bytes,   46845952 total
[2020-05-20T10:13:51.969+0000][1084][gc,age       ] GC(9) - age   6:    2115856 bytes,   48961808 total
[2020-05-20T10:13:51.969+0000][1084][gc,phases    ] GC(9)   Pre Evacuate Collection Set: 0.3ms
[2020-05-20T10:13:51.969+0000][1084][gc,phases    ] GC(9)   Merge Heap Roots: 0.1ms
[2020-05-20T10:13:51.969+0000][1084][gc,phases    ] GC(9)   Evacuate Collection Set: 51.1ms
[2020-05-20T10:13:51.969+0000][1084][gc,phases    ] GC(9)   Post Evacuate Collection Set: 1.7ms
[2020-05-20T10:13:51.969+0000][1084][gc,phases    ] GC(9)   Other: 0.4ms
[2020-05-20T10:13:51.969+0000][1084][gc,heap      ] GC(9) Eden regions: 326->0(112)
[2020-05-20T10:13:51.969+0000][1084][gc,heap      ] GC(9) Survivor regions: 40->48(77)
[2020-05-20T10:13:51.969+0000][1084][gc,heap      ] GC(9) Old regions: 6->8
[2020-05-20T10:13:51.969+0000][1084][gc,heap      ] GC(9) Archive regions: 0->0
[2020-05-20T10:13:51.969+0000][1084][gc,heap      ] GC(9) Humongous regions: 1->1
[2020-05-20T10:13:51.969+0000][1084][gc,metaspace ] GC(9) Metaspace: 56146K(61060K)->56146K(61060K) NonClass: 48468K(51412K)->48468K(51412K) Class: 7677K(9648K)->7677K(9648K)
[2020-05-20T10:13:51.969+0000][1084][gc           ] GC(9) Pause Young (Concurrent Start) (Metadata GC Threshold) 372M->56M(1024M) 53.967ms
[2020-05-20T10:13:51.969+0000][1084][gc,cpu       ] GC(9) User=0.16s Sys=0.06s Real=0.05s
[2020-05-20T10:13:51.969+0000][1084][gc           ] GC(10) Concurrent Cycle
[2020-05-20T10:13:51.970+0000][1084][gc,marking   ] GC(10) Concurrent Clear Claimed Marks
[2020-05-20T10:13:51.970+0000][1084][safepoint    ] Safepoint "CollectForMetadataAllocation", Time since last: 426725503 ns, Reaching safepoint: 60290 ns, At safepoint: 54261671 ns, Total: 54321961 ns
[2020-05-20T10:13:51.970+0000][1084][gc,marking   ] GC(10) Concurrent Clear Claimed Marks 0.217ms
[2020-05-20T10:13:51.970+0000][1084][gc,marking   ] GC(10) Concurrent Scan Root Regions
[2020-05-20T10:13:51.973+0000][1084][safepoint    ] Safepoint "BulkRevokeBias", Time since last: 2080459 ns, Reaching safepoint: 425274 ns, At safepoint: 862143 ns, Total: 1287417 ns
[2020-05-20T10:13:52.007+0000][1084][gc,marking   ] GC(10) Concurrent Scan Root Regions 36.839ms
[2020-05-20T10:13:52.007+0000][1084][gc,marking   ] GC(10) Concurrent Mark (37.174s)
[2020-05-20T10:13:52.007+0000][1084][gc,marking   ] GC(10) Concurrent Mark From Roots
[2020-05-20T10:13:52.007+0000][1084][gc,task      ] GC(10) Using 1 workers of 1 for marking
[2020-05-20T10:13:52.017+0000][1084][gc,marking   ] GC(10) Concurrent Mark From Roots 9.771ms
[2020-05-20T10:13:52.017+0000][1084][gc,marking   ] GC(10) Concurrent Preclean
[2020-05-20T10:13:52.017+0000][1084][gc,marking   ] GC(10) Concurrent Preclean 0.131ms
[2020-05-20T10:13:52.017+0000][1084][gc,marking   ] GC(10) Concurrent Mark (37.174s, 37.184s) 10.002ms
[2020-05-20T10:13:52.017+0000][1084][gc,start     ] GC(10) Pause Remark
[2020-05-20T10:13:52.020+0000][1084][gc           ] GC(10) Pause Remark 58M->58M(1024M) 2.698ms
[2020-05-20T10:13:52.020+0000][1084][gc,cpu       ] GC(10) User=0.00s Sys=0.00s Real=0.00s
[2020-05-20T10:13:52.020+0000][1084][safepoint    ] Safepoint "G1Concurrent", Time since last: 43651145 ns, Reaching safepoint: 103420 ns, At safepoint: 2809965 ns, Total: 2913385 ns
[2020-05-20T10:13:52.020+0000][1084][gc,marking   ] GC(10) Concurrent Rebuild Remembered Sets
[2020-05-20T10:13:52.026+0000][1084][gc,marking   ] GC(10) Concurrent Rebuild Remembered Sets 6.304ms
[2020-05-20T10:13:52.027+0000][1084][gc,start     ] GC(10) Pause Cleanup
[2020-05-20T10:13:52.027+0000][1084][gc           ] GC(10) Pause Cleanup 58M->58M(1024M) 0.130ms
[2020-05-20T10:13:52.027+0000][1084][gc,cpu       ] GC(10) User=0.00s Sys=0.00s Real=0.00s
[2020-05-20T10:13:52.027+0000][1084][safepoint    ] Safepoint "G1Concurrent", Time since last: 6413434 ns, Reaching safepoint: 738317 ns, At safepoint: 228638 ns, Total: 966955 ns
[2020-05-20T10:13:52.027+0000][1084][gc,marking   ] GC(10) Concurrent Cleanup for Next Mark
[2020-05-20T10:13:52.030+0000][1084][gc,marking   ] GC(10) Concurrent Cleanup for Next Mark 2.823ms
[2020-05-20T10:13:52.030+0000][1084][gc           ] GC(10) Concurrent Cycle 60.486ms
[2020-05-20T10:13:52.153+0000][1084][safepoint    ] Safepoint "BulkRevokeBias", Time since last: 125551013 ns, Reaching safepoint: 49623 ns, At safepoint: 162318 ns, Total: 211941 ns
[2020-05-20T10:13:53.317+0000][1084][safepoint    ] Safepoint "Cleanup", Time since last: 1163044724 ns, Reaching safepoint: 665042 ns, At safepoint: 2318 ns, Total: 667360 ns
[2020-05-20T10:13:54.372+0000][1084][safepoint    ] Safepoint "Cleanup", Time since last: 1054469903 ns, Reaching safepoint: 145623 ns, At safepoint: 2319 ns, Total: 147942 ns
[2020-05-20T10:13:54.570+0000][1084][gc,start     ] GC(11) Pause Young (Normal) (G1 Evacuation Pause)
[2020-05-20T10:13:54.570+0000][1084][gc,task      ] GC(11) Using 4 workers of 4 for evacuation
[2020-05-20T10:13:54.570+0000][1084][gc,age       ] GC(11) Desired survivor size 14680064 bytes, new threshold 2 (max threshold 15)
[2020-05-20T10:13:54.642+0000][1084][gc,age       ] GC(11) Age table with threshold 2 (max threshold 15)
[2020-05-20T10:13:54.642+0000][1084][gc,age       ] GC(11) - age   1:    6755792 bytes,    6755792 total
[2020-05-20T10:13:54.642+0000][1084][gc,age       ] GC(11) - age   2:    9698664 bytes,   16454456 total
[2020-05-20T10:13:54.642+0000][1084][gc,phases    ] GC(11)   Pre Evacuate Collection Set: 0.1ms
[2020-05-20T10:13:54.642+0000][1084][gc,phases    ] GC(11)   Merge Heap Roots: 0.1ms
[2020-05-20T10:13:54.642+0000][1084][gc,phases    ] GC(11)   Evacuate Collection Set: 70.6ms
[2020-05-20T10:13:54.642+0000][1084][gc,phases    ] GC(11)   Post Evacuate Collection Set: 1.5ms
[2020-05-20T10:13:54.643+0000][1084][gc,phases    ] GC(11)   Other: 0.3ms
[2020-05-20T10:13:54.643+0000][1084][gc,heap      ] GC(11) Eden regions: 171->0(597)
[2020-05-20T10:13:54.643+0000][1084][gc,heap      ] GC(11) Survivor regions: 48->17(28)
[2020-05-20T10:13:54.643+0000][1084][gc,heap      ] GC(11) Old regions: 8->45
[2020-05-20T10:13:54.643+0000][1084][gc,heap      ] GC(11) Archive regions: 0->0
[2020-05-20T10:13:54.664+0000][1084][gc,heap      ] GC(11) Humongous regions: 1->1
[2020-05-20T10:13:54.664+0000][1084][gc,metaspace ] GC(11) Metaspace: 74759K(81028K)->74759K(81028K) NonClass: 64563K(68308K)->64563K(68308K) Class: 10195K(12720K)->10195K(12720K)
[2020-05-20T10:13:54.664+0000][1084][gc           ] GC(11) Pause Young (Normal) (G1 Evacuation Pause) 227M->61M(1024M) 94.523ms
[2020-05-20T10:13:54.664+0000][1084][gc,cpu       ] GC(11) User=0.20s Sys=0.02s Real=0.09s
[2020-05-20T10:13:54.666+0000][1084][safepoint    ] Safepoint "G1CollectForAllocation", Time since last: 198356409 ns, Reaching safepoint: 121971 ns, At safepoint: 96361516 ns, Total: 96483487 ns
[2020-05-20T10:13:55.311+0000][1084][safepoint    ] Safepoint "BulkRevokeBias", Time since last: 643605696 ns, Reaching safepoint: 85797 ns, At safepoint: 995244 ns, Total: 1081041 ns
[2020-05-20T10:13:55.316+0000][1084][safepoint    ] Safepoint "BulkRevokeBias", Time since last: 2813674 ns, Reaching safepoint: 724405 ns, At safepoint: 970200 ns, Total: 1694605 ns
[2020-05-20T10:13:56.225+0000][1084][safepoint    ] Safepoint "BulkRevokeBias", Time since last: 908717661 ns, Reaching safepoint: 173913 ns, At safepoint: 631650 ns, Total: 805563 ns
[2020-05-20T10:13:56.340+0000][1084][safepoint    ] Safepoint "BulkRevokeBias", Time since last: 113860374 ns, Reaching safepoint: 79768 ns, At safepoint: 680346 ns, Total: 760114 ns
[2020-05-20T10:13:57.206+0000][1084][safepoint    ] Safepoint "ICBufferFull", Time since last: 865373994 ns, Reaching safepoint: 201275 ns, At safepoint: 10666 ns, Total: 211941 ns
[2020-05-20T10:13:58.100+0000][1084][safepoint    ] Safepoint "ICBufferFull", Time since last: 894166043 ns, Reaching safepoint: 330202 ns, At safepoint: 93217 ns, Total: 423419 ns
[2020-05-20T10:13:59.132+0000][1084][safepoint    ] Safepoint "Cleanup", Time since last: 1032243404 ns, Reaching safepoint: 168811 ns, At safepoint: 5565 ns, Total: 174376 ns
[2020-05-20T10:14:00.292+0000][1084][safepoint    ] Safepoint "Cleanup", Time since last: 1159736209 ns, Reaching safepoint: 173449 ns, At safepoint: 48696 ns, Total: 222145 ns
[2020-05-20T10:14:01.294+0000][1084][safepoint    ] Safepoint "Cleanup", Time since last: 1000988287 ns, Reaching safepoint: 113623 ns, At safepoint: 23652 ns, Total: 137275 ns
[2020-05-20T10:14:03.295+0000][1084][safepoint    ] Safepoint "Cleanup", Time since last: 2000913621 ns, Reaching safepoint: 138667 ns, At safepoint: 47768 ns, Total: 186435 ns
[2020-05-20T10:14:05.236+0000][1084][safepoint    ] Safepoint "Cleanup", Time since last: 1941192484 ns, Reaching safepoint: 109449 ns, At safepoint: 5565 ns, Total: 115014 ns
[2020-05-20T10:14:06.237+0000][1084][safepoint    ] Safepoint "Cleanup", Time since last: 1000283362 ns, Reaching safepoint: 122898 ns, At safepoint: 6493 ns, Total: 129391 ns
[2020-05-20T10:14:08.237+0000][1084][safepoint    ] Safepoint "Cleanup", Time since last: 1999897043 ns, Reaching safepoint: 131247 ns, At safepoint: 9275 ns, Total: 140522 ns
[2020-05-20T10:14:09.237+0000][1084][safepoint    ] Safepoint "Cleanup", Time since last: 1000503651 ns, Reaching safepoint: 108058 ns, At safepoint: 4173 ns, Total: 112231 ns
[2020-05-20T10:14:10.237+0000][1084][safepoint    ] Safepoint "Cleanup", Time since last: 1000042203 ns, Reaching safepoint: 107594 ns, At safepoint: 5565 ns, Total: 113159 ns
[2020-05-20T10:14:11.238+0000][1084][safepoint    ] Safepoint "Cleanup", Time since last: 1000485565 ns, Reaching safepoint: 108985 ns, At safepoint: 5101 ns, Total: 114086 ns
[2020-05-20T10:14:12.239+0000][1084][safepoint    ] Safepoint "Cleanup", Time since last: 1000767998 ns, Reaching safepoint: 125218 ns, At safepoint: 7884 ns, Total: 133102 ns
[2020-05-20T10:14:13.239+0000][1084][safepoint    ] Safepoint "Cleanup", Time since last: 1000179014 ns, Reaching safepoint: 82086 ns, At safepoint: 5102 ns, Total: 87188 ns
[2020-05-20T10:14:14.239+0000][1084][safepoint    ] Safepoint "Cleanup", Time since last: 1000142376 ns, Reaching safepoint: 83015 ns, At safepoint: 7884 ns, Total: 90899 ns
[2020-05-20T10:14:15.240+0000][1084][safepoint    ] Safepoint "Cleanup", Time since last: 1000461912 ns, Reaching safepoint: 89043 ns, At safepoint: 4174 ns, Total: 93217 ns
[2020-05-20T10:14:16.240+0000][1084][safepoint    ] Safepoint "Cleanup", Time since last: 1000222608 ns, Reaching safepoint: 128927 ns, At safepoint: 6957 ns, Total: 135884 ns
[2020-05-20T10:14:17.241+0000][1084][safepoint    ] Safepoint "Cleanup", Time since last: 1000845911 ns, Reaching safepoint: 110840 ns, At safepoint: 4174 ns, Total: 115014 ns
[2020-05-20T10:14:19.242+0000][1084][safepoint    ] Safepoint "Cleanup", Time since last: 2000746665 ns, Reaching safepoint: 89507 ns, At safepoint: 2783 ns, Total: 92290 ns
[2020-05-20T10:14:20.242+0000][1084][safepoint    ] Safepoint "Cleanup", Time since last: 1000085333 ns, Reaching safepoint: 89043 ns, At safepoint: 2783 ns, Total: 91826 ns
[2020-05-20T10:14:21.243+0000][1084][safepoint    ] Safepoint "Cleanup", Time since last: 1000648346 ns, Reaching safepoint: 109449 ns, At safepoint: 5101 ns, Total: 114550 ns
[2020-05-20T10:14:23.244+0000][1084][safepoint    ] Safepoint "Cleanup", Time since last: 2000930781 ns, Reaching safepoint: 109913 ns, At safepoint: 4637 ns, Total: 114550 ns
[2020-05-20T10:14:24.244+0000][1084][safepoint    ] Safepoint "Cleanup", Time since last: 1000190145 ns, Reaching safepoint: 123826 ns, At safepoint: 7420 ns, Total: 131246 ns
[2020-05-20T10:14:25.245+0000][1084][safepoint    ] Safepoint "Cleanup", Time since last: 1000292173 ns, Reaching safepoint: 90898 ns, At safepoint: 2783 ns, Total: 93681 ns
[2020-05-20T10:14:26.245+0000][1084][safepoint    ] Safepoint "Cleanup", Time since last: 1000445680 ns, Reaching safepoint: 109913 ns, At safepoint: 6957 ns, Total: 116870 ns
[2020-05-20T10:14:28.236+0000][1084][safepoint    ] Safepoint "Cleanup", Time since last: 1991054397 ns, Reaching safepoint: 91826 ns, At safepoint: 4638 ns, Total: 96464 ns
[2020-05-20T10:14:29.237+0000][1084][safepoint    ] Safepoint "Cleanup", Time since last: 1000087652 ns, Reaching safepoint: 127072 ns, At safepoint: 7420 ns, Total: 134492 ns
[2020-05-20T10:14:30.294+0000][1084][safepoint    ] Safepoint "Cleanup", Time since last: 1056975636 ns, Reaching safepoint: 72348 ns, At safepoint: 4174 ns, Total: 76522 ns
[2020-05-20T10:14:31.294+0000][1084][safepoint    ] Safepoint "Cleanup", Time since last: 1000647882 ns, Reaching safepoint: 112232 ns, At safepoint: 4174 ns, Total: 116406 ns
[2020-05-20T10:14:33.295+0000][1084][safepoint    ] Safepoint "Cleanup", Time since last: 2000262492 ns, Reaching safepoint: 99246 ns, At safepoint: 2783 ns, Total: 102029 ns
[2020-05-20T10:14:34.295+0000][1084][safepoint    ] Safepoint "Cleanup", Time since last: 1000383535 ns, Reaching safepoint: 86261 ns, At safepoint: 3246 ns, Total: 89507 ns
[2020-05-20T10:14:35.296+0000][1084][safepoint    ] Safepoint "Cleanup", Time since last: 1000278724 ns, Reaching safepoint: 100637 ns, At safepoint: 4638 ns, Total: 105275 ns
[2020-05-20T10:14:36.296+0000][1084][safepoint    ] Safepoint "Cleanup", Time since last: 1000010667 ns, Reaching safepoint: 105275 ns, At safepoint: 6029 ns, Total: 111304 ns
[2020-05-20T10:14:37.296+0000][1084][safepoint    ] Safepoint "Cleanup", Time since last: 1000307941 ns, Reaching safepoint: 112695 ns, At safepoint: 4638 ns, Total: 117333 ns
[2020-05-20T10:14:38.296+0000][1084][safepoint    ] Safepoint "Cleanup", Time since last: 1000077449 ns, Reaching safepoint: 121971 ns, At safepoint: 7420 ns, Total: 129391 ns
[2020-05-20T10:14:40.297+0000][1084][safepoint    ] Safepoint "Cleanup", Time since last: 2000177623 ns, Reaching safepoint: 77449 ns, At safepoint: 3247 ns, Total: 80696 ns
[2020-05-20T10:14:42.297+0000][1084][safepoint    ] Safepoint "Cleanup", Time since last: 2000097391 ns, Reaching safepoint: 107130 ns, At safepoint: 5565 ns, Total: 112695 ns
[2020-05-20T10:14:43.298+0000][1084][safepoint    ] Safepoint "Cleanup", Time since last: 1000620984 ns, Reaching safepoint: 89507 ns, At safepoint: 5565 ns, Total: 95072 ns
[2020-05-20T10:14:44.298+0000][1084][safepoint    ] Safepoint "Cleanup", Time since last: 1000639999 ns, Reaching safepoint: 113623 ns, At safepoint: 6956 ns, Total: 120579 ns
[2020-05-20T10:14:45.299+0000][1084][safepoint    ] Safepoint "Cleanup", Time since last: 1000585274 ns, Reaching safepoint: 70957 ns, At safepoint: 2782 ns, Total: 73739 ns
[2020-05-20T10:14:46.300+0000][1084][safepoint    ] Safepoint "Cleanup", Time since last: 1000734607 ns, Reaching safepoint: 101565 ns, At safepoint: 4638 ns, Total: 106203 ns
[2020-05-20T10:14:47.301+0000][1084][safepoint    ] Safepoint "Cleanup", Time since last: 1000669679 ns, Reaching safepoint: 107131 ns, At safepoint: 4174 ns, Total: 111305 ns
[2020-05-20T10:14:48.301+0000][1084][safepoint    ] Safepoint "Cleanup", Time since last: 1000476288 ns, Reaching safepoint: 110377 ns, At safepoint: 4638 ns, Total: 115015 ns
[2020-05-20T10:14:49.302+0000][1084][safepoint    ] Safepoint "Cleanup", Time since last: 1000591766 ns, Reaching safepoint: 96464 ns, At safepoint: 5101 ns, Total: 101565 ns
[2020-05-20T10:14:50.303+0000][1084][safepoint    ] Safepoint "Cleanup", Time since last: 1000504579 ns, Reaching safepoint: 123826 ns, At safepoint: 7420 ns, Total: 131246 ns
[2020-05-20T10:14:51.303+0000][1084][safepoint    ] Safepoint "Cleanup", Time since last: 1000003710 ns, Reaching safepoint: 128000 ns, At safepoint: 30145 ns, Total: 158145 ns
[2020-05-20T10:14:52.303+0000][1084][safepoint    ] Safepoint "Cleanup", Time since last: 1000340405 ns, Reaching safepoint: 110840 ns, At safepoint: 14377 ns, Total: 125217 ns
[2020-05-20T10:14:54.304+0000][1084][safepoint    ] Safepoint "Cleanup", Time since last: 2000821795 ns, Reaching safepoint: 100637 ns, At safepoint: 38957 ns, Total: 139594 ns
[2020-05-20T10:14:56.277+0000][1084][safepoint    ] Safepoint "Cleanup", Time since last: 1972916468 ns, Reaching safepoint: 94609 ns, At safepoint: 5101 ns, Total: 99710 ns
[2020-05-20T10:14:57.278+0000][1084][safepoint    ] Safepoint "Cleanup", Time since last: 1000836636 ns, Reaching safepoint: 113159 ns, At safepoint: 6957 ns, Total: 120116 ns
[2020-05-20T10:14:58.279+0000][1084][safepoint    ] Safepoint "Cleanup", Time since last: 1000455419 ns, Reaching safepoint: 85797 ns, At safepoint: 4637 ns, Total: 90434 ns
[2020-05-20T10:15:00.279+0000][1084][safepoint    ] Safepoint "Cleanup", Time since last: 2000037102 ns, Reaching safepoint: 104811 ns, At safepoint: 3710 ns, Total: 108521 ns
[2020-05-20T10:15:01.280+0000][1084][safepoint    ] Safepoint "Cleanup", Time since last: 1000576927 ns, Reaching safepoint: 72347 ns, At safepoint: 3710 ns, Total: 76057 ns
[2020-05-20T10:15:02.280+0000][1084][safepoint    ] Safepoint "Cleanup", Time since last: 1000527767 ns, Reaching safepoint: 67246 ns, At safepoint: 3247 ns, Total: 70493 ns
[2020-05-20T10:15:03.281+0000][1084][safepoint    ] Safepoint "Cleanup", Time since last: 1000870491 ns, Reaching safepoint: 78840 ns, At safepoint: 3246 ns, Total: 82086 ns
[2020-05-20T10:15:04.282+0000][1084][safepoint    ] Safepoint "Cleanup", Time since last: 1000910839 ns, Reaching safepoint: 119652 ns, At safepoint: 5101 ns, Total: 124753 ns
[2020-05-20T10:15:05.283+0000][1084][safepoint    ] Safepoint "Cleanup", Time since last: 1000594549 ns, Reaching safepoint: 112232 ns, At safepoint: 2319 ns, Total: 114551 ns
[2020-05-20T10:15:06.283+0000][1084][safepoint    ] Safepoint "Cleanup", Time since last: 1000543071 ns, Reaching safepoint: 117333 ns, At safepoint: 6493 ns, Total: 123826 ns
[2020-05-20T10:15:07.284+0000][1084][safepoint    ] Safepoint "Cleanup", Time since last: 1000352463 ns, Reaching safepoint: 82087 ns, At safepoint: 3710 ns, Total: 85797 ns
[2020-05-20T10:15:08.284+0000][1084][safepoint    ] Safepoint "Cleanup", Time since last: 1000213333 ns, Reaching safepoint: 106666 ns, At safepoint: 21797 ns, Total: 128463 ns
[2020-05-20T10:15:09.285+0000][1084][safepoint    ] Safepoint "Cleanup", Time since last: 1000765679 ns, Reaching safepoint: 89971 ns, At safepoint: 4638 ns, Total: 94609 ns
[2020-05-20T10:15:10.285+0000][1084][safepoint    ] Safepoint "Cleanup", Time since last: 1000294492 ns, Reaching safepoint: 173449 ns, At safepoint: 4638 ns, Total: 178087 ns
[2020-05-20T10:15:11.289+0000][1084][safepoint    ] Safepoint "Cleanup", Time since last: 1003530658 ns, Reaching safepoint: 77449 ns, At safepoint: 2783 ns, Total: 80232 ns
[2020-05-20T10:15:12.290+0000][1084][safepoint    ] Safepoint "Cleanup", Time since last: 1000612172 ns, Reaching safepoint: 95536 ns, At safepoint: 4174 ns, Total: 99710 ns
[2020-05-20T10:15:13.291+0000][1084][safepoint    ] Safepoint "Cleanup", Time since last: 1000802781 ns, Reaching safepoint: 71420 ns, At safepoint: 2783 ns, Total: 74203 ns
[2020-05-20T10:15:14.291+0000][1084][safepoint    ] Safepoint "Cleanup", Time since last: 1000201274 ns, Reaching safepoint: 94145 ns, At safepoint: 3710 ns, Total: 97855 ns
[2020-05-20T10:15:15.292+0000][1084][safepoint    ] Safepoint "Cleanup", Time since last: 1000390028 ns, Reaching safepoint: 109449 ns, At safepoint: 7884 ns, Total: 117333 ns
[2020-05-20T10:15:16.292+0000][1084][safepoint    ] Safepoint "Cleanup", Time since last: 1000514318 ns, Reaching safepoint: 103420 ns, At safepoint: 5565 ns, Total: 108985 ns
[2020-05-20T10:15:17.293+0000][1084][safepoint    ] Safepoint "Cleanup", Time since last: 1000801854 ns, Reaching safepoint: 101101 ns, At safepoint: 6029 ns, Total: 107130 ns
[2020-05-20T10:15:19.293+0000][1084][safepoint    ] Safepoint "Cleanup", Time since last: 2000209159 ns, Reaching safepoint: 75594 ns, At safepoint: 2782 ns, Total: 78376 ns
[2020-05-20T10:15:20.294+0000][1084][safepoint    ] Safepoint "Cleanup", Time since last: 1000815303 ns, Reaching safepoint: 99246 ns, At safepoint: 4174 ns, Total: 103420 ns
[2020-05-20T10:15:21.295+0000][1084][safepoint    ] Safepoint "Cleanup", Time since last: 1000422492 ns, Reaching safepoint: 68637 ns, At safepoint: 3247 ns, Total: 71884 ns
[2020-05-20T10:15:22.295+0000][1084][safepoint    ] Safepoint "Cleanup", Time since last: 1000481390 ns, Reaching safepoint: 65391 ns, At safepoint: 2782 ns, Total: 68173 ns
[2020-05-20T10:15:24.290+0000][1084][safepoint    ] Safepoint "Cleanup", Time since last: 1994579491 ns, Reaching safepoint: 189681 ns, At safepoint: 5565 ns, Total: 195246 ns
[2020-05-20T10:15:25.971+0000][1084][safepoint    ] Safepoint "Cleanup", Time since last: 1681093377 ns, Reaching safepoint: 103420 ns, At safepoint: 44522 ns, Total: 147942 ns
[2020-05-20T10:15:27.974+0000][1084][safepoint    ] Safepoint "Cleanup", Time since last: 2002493212 ns, Reaching safepoint: 107594 ns, At safepoint: 6492 ns, Total: 114086 ns
[2020-05-20T10:15:28.974+0000][1084][safepoint    ] Safepoint "Cleanup", Time since last: 1000317217 ns, Reaching safepoint: 118261 ns, At safepoint: 5101 ns, Total: 123362 ns
[2020-05-20T10:15:29.975+0000][1084][safepoint    ] Safepoint "Cleanup", Time since last: 1000526839 ns, Reaching safepoint: 83015 ns, At safepoint: 3710 ns, Total: 86725 ns
[2020-05-20T10:15:30.978+0000][1084][safepoint    ] Safepoint "Cleanup", Time since last: 1002489501 ns, Reaching safepoint: 72348 ns, At safepoint: 2319 ns, Total: 74667 ns
[2020-05-20T10:15:31.978+0000][1084][safepoint    ] Safepoint "Cleanup", Time since last: 1000256927 ns, Reaching safepoint: 122898 ns, At safepoint: 4638 ns, Total: 127536 ns
[2020-05-20T10:15:33.431+0000][1084][safepoint    ] Safepoint "Cleanup", Time since last: 1453332746 ns, Reaching safepoint: 99246 ns, At safepoint: 5101 ns, Total: 104347 ns
[2020-05-20T10:15:34.475+0000][1084][safepoint    ] Safepoint "Cleanup", Time since last: 1043000016 ns, Reaching safepoint: 84870 ns, At safepoint: 3710 ns, Total: 88580 ns
[2020-05-20T10:15:35.475+0000][1084][safepoint    ] Safepoint "Cleanup", Time since last: 1000775418 ns, Reaching safepoint: 100638 ns, At safepoint: 4174 ns, Total: 104812 ns
[2020-05-20T10:15:36.476+0000][1084][safepoint    ] Safepoint "Cleanup", Time since last: 1000526375 ns, Reaching safepoint: 93218 ns, At safepoint: 5565 ns, Total: 98783 ns
[2020-05-20T10:15:37.483+0000][1084][safepoint    ] Safepoint "Cleanup", Time since last: 1006553028 ns, Reaching safepoint: 98782 ns, At safepoint: 3711 ns, Total: 102493 ns
[2020-05-20T10:15:38.502+0000][1084][safepoint    ] Safepoint "Cleanup", Time since last: 1019303839 ns, Reaching safepoint: 94608 ns, At safepoint: 3710 ns, Total: 98318 ns
[2020-05-20T10:15:39.503+0000][1084][safepoint    ] Safepoint "Cleanup", Time since last: 1000738318 ns, Reaching safepoint: 125217 ns, At safepoint: 4637 ns, Total: 129854 ns
[2020-05-20T10:15:40.504+0000][1084][safepoint    ] Safepoint "Cleanup", Time since last: 1000852404 ns, Reaching safepoint: 74203 ns, At safepoint: 2319 ns, Total: 76522 ns
[2020-05-20T10:15:41.504+0000][1084][safepoint    ] Safepoint "Cleanup", Time since last: 1000096927 ns, Reaching safepoint: 97391 ns, At safepoint: 5102 ns, Total: 102493 ns
[2020-05-20T10:15:42.505+0000][1084][safepoint    ] Safepoint "Cleanup", Time since last: 1000771244 ns, Reaching safepoint: 88580 ns, At safepoint: 3710 ns, Total: 92290 ns
[2020-05-20T10:15:43.505+0000][1084][safepoint    ] Safepoint "Cleanup", Time since last: 1000271767 ns, Reaching safepoint: 101101 ns, At safepoint: 6029 ns, Total: 107130 ns
[2020-05-20T10:15:44.506+0000][1084][safepoint    ] Safepoint "Cleanup", Time since last: 1000121044 ns, Reaching safepoint: 107594 ns, At safepoint: 6956 ns, Total: 114550 ns
[2020-05-20T10:15:45.511+0000][1084][safepoint    ] Safepoint "Cleanup", Time since last: 1005652393 ns, Reaching safepoint: 80695 ns, At safepoint: 3247 ns, Total: 83942 ns
[2020-05-20T10:15:46.512+0000][1084][safepoint    ] Safepoint "Cleanup", Time since last: 1000689157 ns, Reaching safepoint: 118725 ns, At safepoint: 4637 ns, Total: 123362 ns
[2020-05-20T10:15:47.513+0000][1084][safepoint    ] Safepoint "Cleanup", Time since last: 1000790723 ns, Reaching safepoint: 79768 ns, At safepoint: 3247 ns, Total: 83015 ns
[2020-05-20T10:15:48.513+0000][1084][safepoint    ] Safepoint "Cleanup", Time since last: 1000213796 ns, Reaching safepoint: 94145 ns, At safepoint: 3246 ns, Total: 97391 ns
[2020-05-20T10:15:49.514+0000][1084][safepoint    ] Safepoint "Cleanup", Time since last: 1000632579 ns, Reaching safepoint: 91825 ns, At safepoint: 6029 ns, Total: 97854 ns
[2020-05-20T10:15:50.515+0000][1084][safepoint    ] Safepoint "Cleanup", Time since last: 1000322318 ns, Reaching safepoint: 101565 ns, At safepoint: 3247 ns, Total: 104812 ns
[2020-05-20T10:15:51.515+0000][1084][safepoint    ] Safepoint "Cleanup", Time since last: 1000553274 ns, Reaching safepoint: 85333 ns, At safepoint: 3710 ns, Total: 89043 ns
[2020-05-20T10:15:52.516+0000][1084][safepoint    ] Safepoint "Cleanup", Time since last: 1000345043 ns, Reaching safepoint: 113623 ns, At safepoint: 3246 ns, Total: 116869 ns
[2020-05-20T10:15:53.516+0000][1084][safepoint    ] Safepoint "Cleanup", Time since last: 1000492057 ns, Reaching safepoint: 77913 ns, At safepoint: 2782 ns, Total: 80695 ns
[2020-05-20T10:15:54.517+0000][1084][safepoint    ] Safepoint "Cleanup", Time since last: 1000264811 ns, Reaching safepoint: 225855 ns, At safepoint: 3246 ns, Total: 229101 ns
[2020-05-20T10:15:55.517+0000][1084][safepoint    ] Safepoint "Cleanup", Time since last: 1000132174 ns, Reaching safepoint: 70956 ns, At safepoint: 4638 ns, Total: 75594 ns
[2020-05-20T10:15:56.518+0000][1084][safepoint    ] Safepoint "Cleanup", Time since last: 1000818549 ns, Reaching safepoint: 121043 ns, At safepoint: 6029 ns, Total: 127072 ns
[2020-05-20T10:15:57.518+0000][1084][safepoint    ] Safepoint "Cleanup", Time since last: 1000415999 ns, Reaching safepoint: 98319 ns, At safepoint: 5565 ns, Total: 103884 ns
[2020-05-20T10:15:58.519+0000][1084][safepoint    ] Safepoint "Cleanup", Time since last: 1000629332 ns, Reaching safepoint: 83014 ns, At safepoint: 3710 ns, Total: 86724 ns
[2020-05-20T10:15:59.519+0000][1084][safepoint    ] Safepoint "Cleanup", Time since last: 1000144232 ns, Reaching safepoint: 130782 ns, At safepoint: 2319 ns, Total: 133101 ns
[2020-05-20T10:16:00.520+0000][1084][safepoint    ] Safepoint "Cleanup", Time since last: 1000451709 ns, Reaching safepoint: 96000 ns, At safepoint: 6029 ns, Total: 102029 ns
[2020-05-20T10:16:01.520+0000][1084][safepoint    ] Safepoint "Cleanup", Time since last: 1000399767 ns, Reaching safepoint: 151652 ns, At safepoint: 3246 ns, Total: 154898 ns
[2020-05-20T10:16:02.521+0000][1084][safepoint    ] Safepoint "Cleanup", Time since last: 1000899244 ns, Reaching safepoint: 129391 ns, At safepoint: 4638 ns, Total: 134029 ns
[2020-05-20T10:16:03.524+0000][1084][safepoint    ] Safepoint "Cleanup", Time since last: 1002184807 ns, Reaching safepoint: 113159 ns, At safepoint: 2782 ns, Total: 115941 ns
[2020-05-20T10:16:04.524+0000][1084][safepoint    ] Safepoint "Cleanup", Time since last: 1000630723 ns, Reaching safepoint: 109913 ns, At safepoint: 3710 ns, Total: 113623 ns
[2020-05-20T10:16:05.525+0000][1084][safepoint    ] Safepoint "Cleanup", Time since last: 1000385391 ns, Reaching safepoint: 97391 ns, At safepoint: 6029 ns, Total: 103420 ns
[2020-05-20T10:16:06.525+0000][1084][safepoint    ] Safepoint "Cleanup", Time since last: 1000294956 ns, Reaching safepoint: 106666 ns, At safepoint: 3246 ns, Total: 109912 ns
[2020-05-20T10:16:07.526+0000][1084][safepoint    ] Safepoint "Cleanup", Time since last: 1000265275 ns, Reaching safepoint: 153971 ns, At safepoint: 4174 ns, Total: 158145 ns
[2020-05-20T10:16:09.526+0000][1084][safepoint    ] Safepoint "Cleanup", Time since last: 2000146550 ns, Reaching safepoint: 88116 ns, At safepoint: 4174 ns, Total: 92290 ns
[2020-05-20T10:16:10.527+0000][1084][safepoint    ] Safepoint "Cleanup", Time since last: 1000893679 ns, Reaching safepoint: 121971 ns, At safepoint: 4174 ns, Total: 126145 ns
[2020-05-20T10:16:11.528+0000][1084][safepoint    ] Safepoint "Cleanup", Time since last: 1000714201 ns, Reaching safepoint: 113159 ns, At safepoint: 3710 ns, Total: 116869 ns
[2020-05-20T10:16:12.529+0000][1084][safepoint    ] Safepoint "Cleanup", Time since last: 1000554665 ns, Reaching safepoint: 105739 ns, At safepoint: 2783 ns, Total: 108522 ns
[2020-05-20T10:16:13.533+0000][1084][safepoint    ] Safepoint "Cleanup", Time since last: 1004787931 ns, Reaching safepoint: 95072 ns, At safepoint: 3710 ns, Total: 98782 ns
[2020-05-20T10:16:14.534+0000][1084][safepoint    ] Safepoint "Cleanup", Time since last: 1000227246 ns, Reaching safepoint: 102956 ns, At safepoint: 3247 ns, Total: 106203 ns
[2020-05-20T10:16:15.534+0000][1084][safepoint    ] Safepoint "Cleanup", Time since last: 1000464694 ns, Reaching safepoint: 100174 ns, At safepoint: 5101 ns, Total: 105275 ns
[2020-05-20T10:16:16.535+0000][1084][safepoint    ] Safepoint "Cleanup", Time since last: 1000803709 ns, Reaching safepoint: 84405 ns, At safepoint: 4174 ns, Total: 88579 ns
[2020-05-20T10:16:17.536+0000][1084][safepoint    ] Safepoint "Cleanup", Time since last: 1000185043 ns, Reaching safepoint: 77449 ns, At safepoint: 3711 ns, Total: 81160 ns
[2020-05-20T10:16:18.536+0000][1084][safepoint    ] Safepoint "Cleanup", Time since last: 1000123362 ns, Reaching safepoint: 98782 ns, At safepoint: 6493 ns, Total: 105275 ns
[2020-05-20T10:16:19.536+0000][1084][safepoint    ] Safepoint "Cleanup", Time since last: 1000587129 ns, Reaching safepoint: 85333 ns, At safepoint: 2782 ns, Total: 88115 ns
[2020-05-20T10:16:20.537+0000][1084][safepoint    ] Safepoint "Cleanup", Time since last: 1000693332 ns, Reaching safepoint: 83478 ns, At safepoint: 3710 ns, Total: 87188 ns
[2020-05-20T10:16:21.538+0000][1084][safepoint    ] Safepoint "Cleanup", Time since last: 1000452173 ns, Reaching safepoint: 98319 ns, At safepoint: 3710 ns, Total: 102029 ns
[2020-05-20T10:16:23.538+0000][1084][safepoint    ] Safepoint "Cleanup", Time since last: 2000075130 ns, Reaching safepoint: 89507 ns, At safepoint: 3710 ns, Total: 93217 ns
[2020-05-20T10:16:24.538+0000][1084][safepoint    ] Safepoint "Cleanup", Time since last: 1000243942 ns, Reaching safepoint: 104347 ns, At safepoint: 4638 ns, Total: 108985 ns
[2020-05-20T10:16:25.539+0000][1084][safepoint    ] Safepoint "Cleanup", Time since last: 1000854259 ns, Reaching safepoint: 95536 ns, At safepoint: 3710 ns, Total: 99246 ns
[2020-05-20T10:16:26.540+0000][1084][safepoint    ] Safepoint "Cleanup", Time since last: 1000228174 ns, Reaching safepoint: 110376 ns, At safepoint: 3710 ns, Total: 114086 ns
[2020-05-20T10:16:28.540+0000][1084][safepoint    ] Safepoint "Cleanup", Time since last: 2000662723 ns, Reaching safepoint: 96464 ns, At safepoint: 5565 ns, Total: 102029 ns
[2020-05-20T10:16:30.541+0000][1084][safepoint    ] Safepoint "Cleanup", Time since last: 2000901563 ns, Reaching safepoint: 119652 ns, At safepoint: 4174 ns, Total: 123826 ns
[2020-05-20T10:16:31.551+0000][1084][safepoint    ] Safepoint "Cleanup", Time since last: 1009413543 ns, Reaching safepoint: 181797 ns, At safepoint: 9275 ns, Total: 191072 ns
[2020-05-20T10:16:32.551+0000][1084][safepoint    ] Safepoint "Cleanup", Time since last: 1000341797 ns, Reaching safepoint: 78376 ns, At safepoint: 3247 ns, Total: 81623 ns
[2020-05-20T10:16:33.552+0000][1084][safepoint    ] Safepoint "Cleanup", Time since last: 1000108521 ns, Reaching safepoint: 79304 ns, At safepoint: 4638 ns, Total: 83942 ns
[2020-05-20T10:16:34.552+0000][1084][safepoint    ] Safepoint "Cleanup", Time since last: 1000823650 ns, Reaching safepoint: 113160 ns, At safepoint: 6028 ns, Total: 119188 ns
[2020-05-20T10:16:35.553+0000][1084][safepoint    ] Safepoint "Cleanup", Time since last: 1000071421 ns, Reaching safepoint: 87652 ns, At safepoint: 2782 ns, Total: 90434 ns
[2020-05-20T10:16:36.553+0000][1084][safepoint    ] Safepoint "Cleanup", Time since last: 1000141913 ns, Reaching safepoint: 64000 ns, At safepoint: 2319 ns, Total: 66319 ns
[2020-05-20T10:16:37.554+0000][1084][safepoint    ] Safepoint "Cleanup", Time since last: 1000912693 ns, Reaching safepoint: 128464 ns, At safepoint: 2318 ns, Total: 130782 ns
[2020-05-20T10:16:38.555+0000][1084][safepoint    ] Safepoint "Cleanup", Time since last: 1000741100 ns, Reaching safepoint: 81623 ns, At safepoint: 3247 ns, Total: 84870 ns
[2020-05-20T10:16:39.556+0000][1084][safepoint    ] Safepoint "Cleanup", Time since last: 1000849157 ns, Reaching safepoint: 114550 ns, At safepoint: 2319 ns, Total: 116869 ns
[2020-05-20T10:16:40.557+0000][1084][safepoint    ] Safepoint "Cleanup", Time since last: 1000879766 ns, Reaching safepoint: 95536 ns, At safepoint: 4638 ns, Total: 100174 ns
[2020-05-20T10:16:42.557+0000][1084][safepoint    ] Safepoint "Cleanup", Time since last: 2000310724 ns, Reaching safepoint: 130318 ns, At safepoint: 4174 ns, Total: 134492 ns
[2020-05-20T10:16:44.558+0000][1084][safepoint    ] Safepoint "Cleanup", Time since last: 2000704926 ns, Reaching safepoint: 144232 ns, At safepoint: 5101 ns, Total: 149333 ns
[2020-05-20T10:16:45.559+0000][1084][safepoint    ] Safepoint "Cleanup", Time since last: 1000602434 ns, Reaching safepoint: 91362 ns, At safepoint: 4174 ns, Total: 95536 ns
[2020-05-20T10:16:46.560+0000][1084][safepoint    ] Safepoint "Cleanup", Time since last: 1000862606 ns, Reaching safepoint: 105739 ns, At safepoint: 3710 ns, Total: 109449 ns
[2020-05-20T10:16:47.560+0000][1084][safepoint    ] Safepoint "Cleanup", Time since last: 1000115942 ns, Reaching safepoint: 71884 ns, At safepoint: 4174 ns, Total: 76058 ns
[2020-05-20T10:16:48.560+0000][1084][safepoint    ] Safepoint "Cleanup", Time since last: 1000246724 ns, Reaching safepoint: 82087 ns, At safepoint: 3710 ns, Total: 85797 ns
[2020-05-20T10:16:49.560+0000][1084][safepoint    ] Safepoint "Cleanup", Time since last: 1000039884 ns, Reaching safepoint: 103884 ns, At safepoint: 3710 ns, Total: 107594 ns
[2020-05-20T10:16:50.561+0000][1084][safepoint    ] Safepoint "Cleanup", Time since last: 1000566723 ns, Reaching safepoint: 73275 ns, At safepoint: 4174 ns, Total: 77449 ns
[2020-05-20T10:16:51.562+0000][1084][safepoint    ] Safepoint "Cleanup", Time since last: 1000620057 ns, Reaching safepoint: 168811 ns, At safepoint: 6029 ns, Total: 174840 ns
[2020-05-20T10:16:52.562+0000][1084][safepoint    ] Safepoint "Cleanup", Time since last: 1000433622 ns, Reaching safepoint: 131710 ns, At safepoint: 6956 ns, Total: 138666 ns
[2020-05-20T10:16:53.563+0000][1084][safepoint    ] Safepoint "Cleanup", Time since last: 1000173449 ns, Reaching safepoint: 85333 ns, At safepoint: 2319 ns, Total: 87652 ns
[2020-05-20T10:16:54.563+0000][1084][safepoint    ] Safepoint "Cleanup", Time since last: 1000132174 ns, Reaching safepoint: 305159 ns, At safepoint: 14376 ns, Total: 319535 ns
[2020-05-20T10:16:56.563+0000][1084][safepoint    ] Safepoint "Cleanup", Time since last: 2000080696 ns, Reaching safepoint: 80695 ns, At safepoint: 2783 ns, Total: 83478 ns
[2020-05-20T10:16:57.564+0000][1084][safepoint    ] Safepoint "Cleanup", Time since last: 1000823650 ns, Reaching safepoint: 303304 ns, At safepoint: 25043 ns, Total: 328347 ns
[2020-05-20T10:16:59.565+0000][1084][safepoint    ] Safepoint "Cleanup", Time since last: 2000424347 ns, Reaching safepoint: 81623 ns, At safepoint: 4174 ns, Total: 85797 ns
[2020-05-20T10:17:00.566+0000][1084][safepoint    ] Safepoint "Cleanup", Time since last: 1000865389 ns, Reaching safepoint: 72812 ns, At safepoint: 2319 ns, Total: 75131 ns
[2020-05-20T10:17:01.567+0000][1084][safepoint    ] Safepoint "Cleanup", Time since last: 1000560694 ns, Reaching safepoint: 81623 ns, At safepoint: 2319 ns, Total: 83942 ns
[2020-05-20T10:17:02.567+0000][1084][safepoint    ] Safepoint "Cleanup", Time since last: 1000479999 ns, Reaching safepoint: 67710 ns, At safepoint: 2782 ns, Total: 70492 ns
[2020-05-20T10:17:03.568+0000][1084][safepoint    ] Safepoint "Cleanup", Time since last: 1000885795 ns, Reaching safepoint: 90899 ns, At safepoint: 4637 ns, Total: 95536 ns
[2020-05-20T10:17:04.569+0000][1084][safepoint    ] Safepoint "Cleanup", Time since last: 1000763825 ns, Reaching safepoint: 89507 ns, At safepoint: 2782 ns, Total: 92289 ns
[2020-05-20T10:17:05.569+0000][1084][safepoint    ] Safepoint "Cleanup", Time since last: 1000025971 ns, Reaching safepoint: 89507 ns, At safepoint: 3710 ns, Total: 93217 ns
[2020-05-20T10:17:06.570+0000][1084][safepoint    ] Safepoint "Cleanup", Time since last: 1000813448 ns, Reaching safepoint: 83478 ns, At safepoint: 2319 ns, Total: 85797 ns
[2020-05-20T10:17:07.571+0000][1084][safepoint    ] Safepoint "Cleanup", Time since last: 1000851012 ns, Reaching safepoint: 111768 ns, At safepoint: 3246 ns, Total: 115014 ns
[2020-05-20T10:17:08.572+0000][1084][safepoint    ] Safepoint "Cleanup", Time since last: 1000818549 ns, Reaching safepoint: 84870 ns, At safepoint: 2318 ns, Total: 87188 ns
[2020-05-20T10:17:09.572+0000][1084][safepoint    ] Safepoint "Cleanup", Time since last: 1000079305 ns, Reaching safepoint: 67710 ns, At safepoint: 2318 ns, Total: 70028 ns
[2020-05-20T10:17:10.572+0000][1084][safepoint    ] Safepoint "Cleanup", Time since last: 1000127536 ns, Reaching safepoint: 66783 ns, At safepoint: 2782 ns, Total: 69565 ns
[2020-05-20T10:17:11.572+0000][1084][safepoint    ] Safepoint "Cleanup", Time since last: 1000165565 ns, Reaching safepoint: 67710 ns, At safepoint: 2783 ns, Total: 70493 ns
[2020-05-20T10:17:12.573+0000][1084][safepoint    ] Safepoint "Cleanup", Time since last: 1000096927 ns, Reaching safepoint: 85797 ns, At safepoint: 2783 ns, Total: 88580 ns
[2020-05-20T10:17:13.573+0000][1084][safepoint    ] Safepoint "Cleanup", Time since last: 1000368694 ns, Reaching safepoint: 77913 ns, At safepoint: 3710 ns, Total: 81623 ns
[2020-05-20T10:17:14.579+0000][1084][safepoint    ] Safepoint "Cleanup", Time since last: 1005976103 ns, Reaching safepoint: 100637 ns, At safepoint: 5101 ns, Total: 105738 ns
[2020-05-20T10:17:16.580+0000][1084][safepoint    ] Safepoint "Cleanup", Time since last: 2000775883 ns, Reaching safepoint: 87652 ns, At safepoint: 3710 ns, Total: 91362 ns
[2020-05-20T10:17:17.580+0000][1084][safepoint    ] Safepoint "Cleanup", Time since last: 1000401622 ns, Reaching safepoint: 229565 ns, At safepoint: 9739 ns, Total: 239304 ns
[2020-05-20T10:17:18.581+0000][1084][safepoint    ] Safepoint "Cleanup", Time since last: 1000719303 ns, Reaching safepoint: 85796 ns, At safepoint: 4174 ns, Total: 89970 ns
[2020-05-20T10:17:19.582+0000][1084][safepoint    ] Safepoint "Cleanup", Time since last: 1000352463 ns, Reaching safepoint: 88580 ns, At safepoint: 2782 ns, Total: 91362 ns
[2020-05-20T10:17:20.582+0000][1084][safepoint    ] Safepoint "Cleanup", Time since last: 1000254609 ns, Reaching safepoint: 108057 ns, At safepoint: 3247 ns, Total: 111304 ns
[2020-05-20T10:17:21.583+0000][1084][safepoint    ] Safepoint "Cleanup", Time since last: 1000812519 ns, Reaching safepoint: 91363 ns, At safepoint: 2318 ns, Total: 93681 ns
[2020-05-20T10:17:22.583+0000][1084][safepoint    ] Safepoint "Cleanup", Time since last: 1000237913 ns, Reaching safepoint: 83942 ns, At safepoint: 3246 ns, Total: 87188 ns
[2020-05-20T10:17:23.584+0000][1084][safepoint    ] Safepoint "Cleanup", Time since last: 1000444289 ns, Reaching safepoint: 112232 ns, At safepoint: 2318 ns, Total: 114550 ns
[2020-05-20T10:17:24.584+0000][1084][safepoint    ] Safepoint "Cleanup", Time since last: 1000374260 ns, Reaching safepoint: 137739 ns, At safepoint: 3710 ns, Total: 141449 ns
[2020-05-20T10:17:25.585+0000][1084][safepoint    ] Safepoint "Cleanup", Time since last: 1000585738 ns, Reaching safepoint: 115478 ns, At safepoint: 3710 ns, Total: 119188 ns
[2020-05-20T10:17:26.586+0000][1084][safepoint    ] Safepoint "Cleanup", Time since last: 1000386782 ns, Reaching safepoint: 89507 ns, At safepoint: 3246 ns, Total: 92753 ns
[2020-05-20T10:17:27.586+0000][1084][safepoint    ] Safepoint "Cleanup", Time since last: 1000035247 ns, Reaching safepoint: 97391 ns, At safepoint: 3710 ns, Total: 101101 ns
[2020-05-20T10:17:28.586+0000][1084][safepoint    ] Safepoint "Cleanup", Time since last: 1000252289 ns, Reaching safepoint: 83942 ns, At safepoint: 4638 ns, Total: 88580 ns
[2020-05-20T10:17:30.587+0000][1084][safepoint    ] Safepoint "Cleanup", Time since last: 2000589448 ns, Reaching safepoint: 101101 ns, At safepoint: 4637 ns, Total: 105738 ns
[2020-05-20T10:17:31.588+0000][1084][safepoint    ] Safepoint "Cleanup", Time since last: 1000635361 ns, Reaching safepoint: 90899 ns, At safepoint: 5101 ns, Total: 96000 ns
[2020-05-20T10:17:32.592+0000][1084][safepoint    ] Safepoint "Cleanup", Time since last: 1004614018 ns, Reaching safepoint: 64928 ns, At safepoint: 2782 ns, Total: 67710 ns
[2020-05-20T10:17:33.602+0000][1084][safepoint    ] Safepoint "Cleanup", Time since last: 1009141776 ns, Reaching safepoint: 115942 ns, At safepoint: 1855 ns, Total: 117797 ns
[2020-05-20T10:17:34.602+0000][1084][safepoint    ] Safepoint "Cleanup", Time since last: 1000067246 ns, Reaching safepoint: 74203 ns, At safepoint: 3246 ns, Total: 77449 ns
[2020-05-20T10:17:35.602+0000][1084][safepoint    ] Safepoint "Cleanup", Time since last: 1000374724 ns, Reaching safepoint: 70029 ns, At safepoint: 3246 ns, Total: 73275 ns
[2020-05-20T10:17:36.603+0000][1084][safepoint    ] Safepoint "Cleanup", Time since last: 1000599651 ns, Reaching safepoint: 147942 ns, At safepoint: 3246 ns, Total: 151188 ns
[2020-05-20T10:17:38.604+0000][1084][safepoint    ] Safepoint "Cleanup", Time since last: 2000705854 ns, Reaching safepoint: 110840 ns, At safepoint: 4638 ns, Total: 115478 ns
[2020-05-20T10:17:39.737+0000][1084][safepoint    ] Safepoint "Cleanup", Time since last: 1000456346 ns, Reaching safepoint: 133088156 ns, At safepoint: 18550 ns, Total: 133106706 ns
[2020-05-20T10:17:40.738+0000][1084][safepoint    ] Safepoint "Cleanup", Time since last: 1000459130 ns, Reaching safepoint: 183651 ns, At safepoint: 8348 ns, Total: 191999 ns
[2020-05-20T10:17:41.738+0000][1084][safepoint    ] Safepoint "Cleanup", Time since last: 1000177159 ns, Reaching safepoint: 61681 ns, At safepoint: 2319 ns, Total: 64000 ns
[2020-05-20T10:17:42.739+0000][1084][safepoint    ] Safepoint "Cleanup", Time since last: 1000435477 ns, Reaching safepoint: 101101 ns, At safepoint: 6493 ns, Total: 107594 ns
[2020-05-20T10:17:44.740+0000][1084][safepoint    ] Safepoint "Cleanup", Time since last: 2000720694 ns, Reaching safepoint: 86725 ns, At safepoint: 4637 ns, Total: 91362 ns
[2020-05-20T10:17:45.740+0000][1084][safepoint    ] Safepoint "Cleanup", Time since last: 1000298202 ns, Reaching safepoint: 129855 ns, At safepoint: 3710 ns, Total: 133565 ns
[2020-05-20T10:17:46.740+0000][1084][safepoint    ] Safepoint "Cleanup", Time since last: 1000012522 ns, Reaching safepoint: 111768 ns, At safepoint: 5101 ns, Total: 116869 ns
[2020-05-20T10:17:48.206+0000][1084][safepoint    ] Safepoint "Cleanup", Time since last: 1466226861 ns, Reaching safepoint: 106667 ns, At safepoint: 58434 ns, Total: 165101 ns
[2020-05-20T10:17:49.207+0000][1084][safepoint    ] Safepoint "Cleanup", Time since last: 1000035247 ns, Reaching safepoint: 80695 ns, At safepoint: 4174 ns, Total: 84869 ns
[2020-05-20T10:17:50.207+0000][1084][safepoint    ] Safepoint "Cleanup", Time since last: 1000762433 ns, Reaching safepoint: 88116 ns, At safepoint: 2319 ns, Total: 90435 ns
[2020-05-20T10:17:51.208+0000][1084][safepoint    ] Safepoint "Cleanup", Time since last: 1000140057 ns, Reaching safepoint: 84406 ns, At safepoint: 2319 ns, Total: 86725 ns
[2020-05-20T10:17:52.208+0000][1084][safepoint    ] Safepoint "Cleanup", Time since last: 1000659013 ns, Reaching safepoint: 118724 ns, At safepoint: 3710 ns, Total: 122434 ns
[2020-05-20T10:17:54.209+0000][1084][safepoint    ] Safepoint "Cleanup", Time since last: 2000524057 ns, Reaching safepoint: 68637 ns, At safepoint: 2783 ns, Total: 71420 ns
[2020-05-20T10:17:55.210+0000][1084][safepoint    ] Safepoint "Cleanup", Time since last: 1000478144 ns, Reaching safepoint: 112695 ns, At safepoint: 2319 ns, Total: 115014 ns
[2020-05-20T10:17:57.210+0000][1084][safepoint    ] Safepoint "Cleanup", Time since last: 2000177623 ns, Reaching safepoint: 97855 ns, At safepoint: 2782 ns, Total: 100637 ns
[2020-05-20T10:17:58.210+0000][1084][safepoint    ] Safepoint "Cleanup", Time since last: 1000458666 ns, Reaching safepoint: 83942 ns, At safepoint: 3710 ns, Total: 87652 ns
[2020-05-20T10:17:59.211+0000][1084][safepoint    ] Safepoint "Cleanup", Time since last: 1000906664 ns, Reaching safepoint: 112232 ns, At safepoint: 7420 ns, Total: 119652 ns
[2020-05-20T10:18:01.212+0000][1084][safepoint    ] Safepoint "Cleanup", Time since last: 2000844056 ns, Reaching safepoint: 74667 ns, At safepoint: 2782 ns, Total: 77449 ns
[2020-05-20T10:18:02.213+0000][1084][safepoint    ] Safepoint "Cleanup", Time since last: 1000563477 ns, Reaching safepoint: 158609 ns, At safepoint: 5101 ns, Total: 163710 ns
[2020-05-20T10:18:03.214+0000][1084][safepoint    ] Safepoint "Cleanup", Time since last: 1000905273 ns, Reaching safepoint: 88580 ns, At safepoint: 2319 ns, Total: 90899 ns
[2020-05-20T10:18:04.214+0000][1084][safepoint    ] Safepoint "Cleanup", Time since last: 1000085333 ns, Reaching safepoint: 98319 ns, At safepoint: 3710 ns, Total: 102029 ns
[2020-05-20T10:18:06.215+0000][1084][safepoint    ] Safepoint "Cleanup", Time since last: 2000836635 ns, Reaching safepoint: 163710 ns, At safepoint: 2783 ns, Total: 166493 ns
[2020-05-20T10:18:07.215+0000][1084][safepoint    ] Safepoint "Cleanup", Time since last: 1000044521 ns, Reaching safepoint: 331594 ns, At safepoint: 6029 ns, Total: 337623 ns
[2020-05-20T10:18:08.216+0000][1084][safepoint    ] Safepoint "Cleanup", Time since last: 1000030145 ns, Reaching safepoint: 81159 ns, At safepoint: 4174 ns, Total: 85333 ns
[2020-05-20T10:18:09.216+0000][1084][safepoint    ] Safepoint "Cleanup", Time since last: 1000205912 ns, Reaching safepoint: 102957 ns, At safepoint: 3710 ns, Total: 106667 ns
[2020-05-20T10:18:11.216+0000][1084][safepoint    ] Safepoint "Cleanup", Time since last: 2000098782 ns, Reaching safepoint: 95536 ns, At safepoint: 6029 ns, Total: 101565 ns
[2020-05-20T10:18:13.217+0000][1084][safepoint    ] Safepoint "Cleanup", Time since last: 2000300985 ns, Reaching safepoint: 183188 ns, At safepoint: 8348 ns, Total: 191536 ns
[2020-05-20T10:18:15.217+0000][1084][safepoint    ] Safepoint "Cleanup", Time since last: 2000075594 ns, Reaching safepoint: 91362 ns, At safepoint: 3710 ns, Total: 95072 ns
[2020-05-20T10:18:16.218+0000][1084][safepoint    ] Safepoint "Cleanup", Time since last: 1000827360 ns, Reaching safepoint: 103884 ns, At safepoint: 3710 ns, Total: 107594 ns
[2020-05-20T10:18:18.219+0000][1084][safepoint    ] Safepoint "Cleanup", Time since last: 2000868172 ns, Reaching safepoint: 117333 ns, At safepoint: 3711 ns, Total: 121044 ns
[2020-05-20T10:18:19.219+0000][1084][safepoint    ] Safepoint "Cleanup", Time since last: 1000423419 ns, Reaching safepoint: 85797 ns, At safepoint: 17159 ns, Total: 102956 ns
[2020-05-20T10:18:20.220+0000][1084][safepoint    ] Safepoint "Cleanup", Time since last: 1000202203 ns, Reaching safepoint: 165564 ns, At safepoint: 4638 ns, Total: 170202 ns
[2020-05-20T10:18:21.220+0000][1084][safepoint    ] Safepoint "Cleanup", Time since last: 1000008348 ns, Reaching safepoint: 70492 ns, At safepoint: 2783 ns, Total: 73275 ns
[2020-05-20T10:18:22.220+0000][1084][safepoint    ] Safepoint "Cleanup", Time since last: 1000032464 ns, Reaching safepoint: 86260 ns, At safepoint: 2783 ns, Total: 89043 ns
[2020-05-20T10:18:24.221+0000][1084][safepoint    ] Safepoint "Cleanup", Time since last: 2000450318 ns, Reaching safepoint: 92289 ns, At safepoint: 3711 ns, Total: 96000 ns
[2020-05-20T10:18:25.221+0000][1084][safepoint    ] Safepoint "Cleanup", Time since last: 1000838027 ns, Reaching safepoint: 121507 ns, At safepoint: 5101 ns, Total: 126608 ns
[2020-05-20T10:18:26.222+0000][1084][safepoint    ] Safepoint "Cleanup", Time since last: 1000827360 ns, Reaching safepoint: 103420 ns, At safepoint: 5566 ns, Total: 108986 ns
[2020-05-20T10:18:27.223+0000][1084][safepoint    ] Safepoint "Cleanup", Time since last: 1000548636 ns, Reaching safepoint: 91362 ns, At safepoint: 3710 ns, Total: 95072 ns
[2020-05-20T10:18:28.224+0000][1084][safepoint    ] Safepoint "Cleanup", Time since last: 1000750839 ns, Reaching safepoint: 97855 ns, At safepoint: 6029 ns, Total: 103884 ns
[2020-05-20T10:18:29.224+0000][1084][safepoint    ] Safepoint "Cleanup", Time since last: 1000272695 ns, Reaching safepoint: 72348 ns, At safepoint: 4174 ns, Total: 76522 ns
[2020-05-20T10:18:30.338+0000][1084][safepoint    ] Safepoint "Cleanup", Time since last: 1000050086 ns, Reaching safepoint: 114069997 ns, At safepoint: 51014 ns, Total: 114121011 ns
[2020-05-20T10:18:31.339+0000][1084][safepoint    ] Safepoint "Cleanup", Time since last: 1000690549 ns, Reaching safepoint: 80696 ns, At safepoint: 2319 ns, Total: 83015 ns
[2020-05-20T10:18:32.339+0000][1084][safepoint    ] Safepoint "Cleanup", Time since last: 1000091825 ns, Reaching safepoint: 146087 ns, At safepoint: 2783 ns, Total: 148870 ns
[2020-05-20T10:18:33.340+0000][1084][safepoint    ] Safepoint "Cleanup", Time since last: 1000808346 ns, Reaching safepoint: 98318 ns, At safepoint: 3710 ns, Total: 102028 ns
[2020-05-20T10:18:35.341+0000][1084][safepoint    ] Safepoint "Cleanup", Time since last: 2000736926 ns, Reaching safepoint: 146551 ns, At safepoint: 6492 ns, Total: 153043 ns
[2020-05-20T10:18:36.342+0000][1084][safepoint    ] Safepoint "Cleanup", Time since last: 1000440115 ns, Reaching safepoint: 160464 ns, At safepoint: 7420 ns, Total: 167884 ns
[2020-05-20T10:18:37.343+0000][1084][safepoint    ] Safepoint "Cleanup", Time since last: 1000636752 ns, Reaching safepoint: 121971 ns, At safepoint: 6956 ns, Total: 128927 ns
[2020-05-20T10:18:38.759+0000][1084][safepoint    ] Safepoint "Cleanup", Time since last: 1416148369 ns, Reaching safepoint: 111304 ns, At safepoint: 9275 ns, Total: 120579 ns
[2020-05-20T10:18:38.771+0000][1084][safepoint    ] Safepoint "BulkRevokeBias", Time since last: 52406 ns, Reaching safepoint: 196637 ns, At safepoint: 12131218 ns, Total: 12327855 ns
[2020-05-20T10:18:38.796+0000][1084][safepoint    ] Safepoint "BulkRevokeBias", Time since last: 21443197 ns, Reaching safepoint: 154898 ns, At safepoint: 3065964 ns, Total: 3220862 ns
[2020-05-20T10:18:39.293+0000][1084][safepoint    ] Safepoint "BulkRevokeBias", Time since last: 496673167 ns, Reaching safepoint: 112695 ns, At safepoint: 613564 ns, Total: 726259 ns
[2020-05-20T10:18:39.303+0000][1084][safepoint    ] Safepoint "BulkRevokeBias", Time since last: 9895861 ns, Reaching safepoint: 72348 ns, At safepoint: 612636 ns, Total: 684984 ns
[2020-05-20T10:18:39.356+0000][1084][safepoint    ] Safepoint "BulkRevokeBias", Time since last: 51535649 ns, Reaching safepoint: 256927 ns, At safepoint: 704462 ns, Total: 961389 ns
[2020-05-20T10:18:39.809+0000][1084][safepoint    ] Safepoint "BulkRevokeBias", Time since last: 452177966 ns, Reaching safepoint: 232811 ns, At safepoint: 780056 ns, Total: 1012867 ns
[2020-05-20T10:18:41.028+0000][1084][safepoint    ] Safepoint "Cleanup", Time since last: 1219184651 ns, Reaching safepoint: 185971 ns, At safepoint: 70956 ns, Total: 256927 ns
[2020-05-20T10:18:42.649+0000][1084][safepoint    ] Safepoint "Cleanup", Time since last: 1619814447 ns, Reaching safepoint: 147014 ns, At safepoint: 4174 ns, Total: 151188 ns
[2020-05-20T10:18:43.708+0000][1084][safepoint    ] Safepoint "Cleanup", Time since last: 1059239747 ns, Reaching safepoint: 191072 ns, At safepoint: 6493 ns, Total: 197565 ns
[2020-05-20T10:18:44.709+0000][1084][safepoint    ] Safepoint "Cleanup", Time since last: 1000417854 ns, Reaching safepoint: 121043 ns, At safepoint: 5565 ns, Total: 126608 ns
[2020-05-20T10:18:45.713+0000][1084][safepoint    ] Safepoint "Cleanup", Time since last: 1000912694 ns, Reaching safepoint: 2937964 ns, At safepoint: 13913 ns, Total: 2951877 ns
[2020-05-20T10:18:46.714+0000][1084][safepoint    ] Safepoint "Cleanup", Time since last: 1000677563 ns, Reaching safepoint: 109450 ns, At safepoint: 5101 ns, Total: 114551 ns
[2020-05-20T10:18:47.714+0000][1084][safepoint    ] Safepoint "Cleanup", Time since last: 1000538433 ns, Reaching safepoint: 74203 ns, At safepoint: 2319 ns, Total: 76522 ns
[2020-05-20T10:18:48.715+0000][1084][safepoint    ] Safepoint "Cleanup", Time since last: 1000138666 ns, Reaching safepoint: 76522 ns, At safepoint: 3710 ns, Total: 80232 ns
[2020-05-20T10:18:49.715+0000][1084][safepoint    ] Safepoint "Cleanup", Time since last: 1000819476 ns, Reaching safepoint: 107594 ns, At safepoint: 6029 ns, Total: 113623 ns
[2020-05-20T10:18:50.716+0000][1084][safepoint    ] Safepoint "Cleanup", Time since last: 1000838955 ns, Reaching safepoint: 81623 ns, At safepoint: 2783 ns, Total: 84406 ns
[2020-05-20T10:18:51.736+0000][1084][safepoint    ] Safepoint "Cleanup", Time since last: 1000509680 ns, Reaching safepoint: 18959260 ns, At safepoint: 11130 ns, Total: 18970390 ns
[2020-05-20T10:18:52.737+0000][1084][safepoint    ] Safepoint "Cleanup", Time since last: 1001084288 ns, Reaching safepoint: 594549 ns, At safepoint: 19942 ns, Total: 614491 ns
[2020-05-20T10:18:53.738+0000][1084][safepoint    ] Safepoint "Cleanup", Time since last: 1000055652 ns, Reaching safepoint: 97391 ns, At safepoint: 17623 ns, Total: 115014 ns
[2020-05-20T10:18:54.744+0000][1084][safepoint    ] Safepoint "Cleanup", Time since last: 1006619811 ns, Reaching safepoint: 106203 ns, At safepoint: 3710 ns, Total: 109913 ns
[2020-05-20T10:18:55.745+0000][1084][safepoint    ] Safepoint "Cleanup", Time since last: 1000712346 ns, Reaching safepoint: 111304 ns, At safepoint: 5101 ns, Total: 116405 ns
[2020-05-20T10:18:56.133+0000][1084][safepoint    ] Safepoint "BulkRevokeBias", Time since last: 387277479 ns, Reaching safepoint: 83015 ns, At safepoint: 1018432 ns, Total: 1101447 ns
[2020-05-20T10:18:57.134+0000][1084][safepoint    ] Safepoint "Cleanup", Time since last: 1000553274 ns, Reaching safepoint: 101101 ns, At safepoint: 5102 ns, Total: 106203 ns
[2020-05-20T10:19:00.642+0000][1084][safepoint    ] Safepoint "Cleanup", Time since last: 3492816480 ns, Reaching safepoint: 15200429 ns, At safepoint: 51942 ns, Total: 15252371 ns
[2020-05-20T10:19:02.392+0000][1084][safepoint    ] Safepoint "Cleanup", Time since last: 1749697971 ns, Reaching safepoint: 540753 ns, At safepoint: 165564 ns, Total: 706317 ns
[2020-05-20T10:19:04.177+0000][1084][safepoint    ] Safepoint "Cleanup", Time since last: 1783906820 ns, Reaching safepoint: 105739 ns, At safepoint: 5566 ns, Total: 111305 ns
[2020-05-20T10:19:05.974+0000][1084][safepoint    ] Safepoint "Cleanup", Time since last: 1796965108 ns, Reaching safepoint: 70493 ns, At safepoint: 10202 ns, Total: 80695 ns
[2020-05-20T10:19:08.404+0000][1084][safepoint    ] Safepoint "Cleanup", Time since last: 2430712045 ns, Reaching safepoint: 71420 ns, At safepoint: 12058 ns, Total: 83478 ns
[2020-05-20T10:19:09.405+0000][1084][safepoint    ] Safepoint "Cleanup", Time since last: 1000038029 ns, Reaching safepoint: 137739 ns, At safepoint: 7420 ns, Total: 145159 ns
[2020-05-20T10:19:10.876+0000][1084][safepoint    ] Safepoint "Cleanup", Time since last: 1471207255 ns, Reaching safepoint: 107594 ns, At safepoint: 15305 ns, Total: 122899 ns
[2020-05-20T10:19:16.976+0000][1084][safepoint    ] Safepoint "Cleanup", Time since last: 6100309100 ns, Reaching safepoint: 72348 ns, At safepoint: 4638 ns, Total: 76986 ns
[2020-05-20T10:19:18.276+0000][1084][safepoint    ] Safepoint "Cleanup", Time since last: 1276502547 ns, Reaching safepoint: 23055715 ns, At safepoint: 15768 ns, Total: 23071483 ns
[2020-05-20T10:19:20.008+0000][1084][safepoint    ] Safepoint "Cleanup", Time since last: 1661037771 ns, Reaching safepoint: 70588590 ns, At safepoint: 54725 ns, Total: 70643315 ns
[2020-05-20T10:19:21.440+0000][1084][safepoint    ] Safepoint "Cleanup", Time since last: 1432015230 ns, Reaching safepoint: 208231 ns, At safepoint: 239768 ns, Total: 447999 ns
[2020-05-20T10:19:24.240+0000][1084][safepoint    ] Safepoint "Cleanup", Time since last: 2727488168 ns, Reaching safepoint: 72285513 ns, At safepoint: 497622 ns, Total: 72783135 ns
[2020-05-20T10:19:25.819+0000][1084][safepoint    ] Safepoint "Cleanup", Time since last: 1360786642 ns, Reaching safepoint: 217267438 ns, At safepoint: 437333 ns, Total: 217704771 ns
[2020-05-20T10:19:26.998+0000][1084][safepoint    ] Safepoint "Cleanup", Time since last: 1105720798 ns, Reaching safepoint: 72363890 ns, At safepoint: 942839 ns, Total: 73306729 ns
[2020-05-20T10:19:28.345+0000][1084][safepoint    ] Safepoint "Cleanup", Time since last: 1323027193 ns, Reaching safepoint: 23582554 ns, At safepoint: 591766 ns, Total: 24174320 ns
[2020-05-20T10:19:28.540+0000][1084][safepoint    ] Safepoint "BulkRevokeBias", Time since last: 155671755 ns, Reaching safepoint: 21621283 ns, At safepoint: 17607380 ns, Total: 39228663 ns
[2020-05-20T10:19:29.692+0000][1084][safepoint    ] Safepoint "Cleanup", Time since last: 1130322712 ns, Reaching safepoint: 21063835 ns, At safepoint: 44058 ns, Total: 21107893 ns
[2020-05-20T10:19:30.769+0000][1084][safepoint    ] Safepoint "Cleanup", Time since last: 1057972272 ns, Reaching safepoint: 19006100 ns, At safepoint: 45450 ns, Total: 19051550 ns
[2020-05-20T10:19:31.855+0000][1084][safepoint    ] Safepoint "Cleanup", Time since last: 1063244839 ns, Reaching safepoint: 22743135 ns, At safepoint: 156753 ns, Total: 22899888 ns
[2020-05-20T10:19:32.693+0000][1084][safepoint    ] Safepoint "BulkRevokeBias", Time since last: 830419872 ns, Reaching safepoint: 7026998 ns, At safepoint: 806491 ns, Total: 7833489 ns
[2020-05-20T10:19:34.192+0000][1084][safepoint    ] Safepoint "Cleanup", Time since last: 1395126736 ns, Reaching safepoint: 103619934 ns, At safepoint: 90434 ns, Total: 103710368 ns
[2020-05-20T10:19:36.015+0000][1084][safepoint    ] Safepoint "Cleanup", Time since last: 1809233138 ns, Reaching safepoint: 14053069 ns, At safepoint: 13913 ns, Total: 14066982 ns
[2020-05-20T10:19:37.329+0000][1084][safepoint    ] Safepoint "Cleanup", Time since last: 1314890864 ns, Reaching safepoint: 92290 ns, At safepoint: 2782 ns, Total: 95072 ns
[2020-05-20T10:19:38.663+0000][1084][safepoint    ] Safepoint "Cleanup", Time since last: 1313796838 ns, Reaching safepoint: 19282042 ns, At safepoint: 16696 ns, Total: 19298738 ns
[2020-05-20T10:19:38.849+0000][1084][safepoint    ] Safepoint "BulkRevokeBias", Time since last: 152164285 ns, Reaching safepoint: 32855112 ns, At safepoint: 1332403 ns, Total: 34187515 ns
[2020-05-20T10:19:40.156+0000][1084][safepoint    ] Safepoint "Cleanup", Time since last: 1075771650 ns, Reaching safepoint: 230856740 ns, At safepoint: 125217 ns, Total: 230981957 ns
[2020-05-20T10:19:41.537+0000][1084][safepoint    ] Safepoint "Cleanup", Time since last: 1340470863 ns, Reaching safepoint: 39211503 ns, At safepoint: 1549446 ns, Total: 40760949 ns
[2020-05-20T10:19:43.079+0000][1084][safepoint    ] Safepoint "Cleanup", Time since last: 1519692708 ns, Reaching safepoint: 21450617 ns, At safepoint: 367303 ns, Total: 21817920 ns
[2020-05-20T10:19:44.358+0000][1084][safepoint    ] Safepoint "Cleanup", Time since last: 1072333745 ns, Reaching safepoint: 207067810 ns, At safepoint: 270376 ns, Total: 207338186 ns
[2020-05-20T10:19:46.066+0000][1084][safepoint    ] Safepoint "Cleanup", Time since last: 1682837605 ns, Reaching safepoint: 24361219 ns, At safepoint: 228637 ns, Total: 24589856 ns
[2020-05-20T10:19:47.127+0000][1084][safepoint    ] Safepoint "Cleanup", Time since last: 1061540959 ns, Reaching safepoint: 171130 ns, At safepoint: 5102 ns, Total: 176232 ns
[2020-05-20T10:19:48.656+0000][1084][safepoint    ] Safepoint "Cleanup", Time since last: 1186887450 ns, Reaching safepoint: 340712949 ns, At safepoint: 561622 ns, Total: 341274571 ns
[2020-05-20T10:19:49.864+0000][1084][safepoint    ] Safepoint "Cleanup", Time since last: 1200378898 ns, Reaching safepoint: 7039520 ns, At safepoint: 76985 ns, Total: 7116505 ns
[2020-05-20T10:19:50.576+0000][1084][safepoint    ] Safepoint "BulkRevokeBias", Time since last: 692473293 ns, Reaching safepoint: 18696304 ns, At safepoint: 915013 ns, Total: 19611317 ns
[2020-05-20T10:19:50.577+0000][1084][safepoint    ] Safepoint "BulkRevokeBias", Time since last: 559303 ns, Reaching safepoint: 57507 ns, At safepoint: 799071 ns, Total: 856578 ns
[2020-05-20T10:19:51.208+0000][1084][safepoint    ] Safepoint "BulkRevokeBias", Time since last: 604923350 ns, Reaching safepoint: 5597205 ns, At safepoint: 19926678 ns, Total: 25523883 ns
[2020-05-20T10:19:51.800+0000][1084][safepoint    ] Safepoint "BulkRevokeBias", Time since last: 532423113 ns, Reaching safepoint: 58270938 ns, At safepoint: 2134256 ns, Total: 60405194 ns
[2020-05-20T10:19:52.942+0000][1084][safepoint    ] Safepoint "Cleanup", Time since last: 1125082608 ns, Reaching safepoint: 16754976 ns, At safepoint: 516636 ns, Total: 17271612 ns
[2020-05-20T10:19:54.302+0000][1084][safepoint    ] Safepoint "Cleanup", Time since last: 1287261479 ns, Reaching safepoint: 59438703 ns, At safepoint: 12836608 ns, Total: 72275311 ns
[2020-05-20T10:19:55.604+0000][1084][safepoint    ] Safepoint "Cleanup", Time since last: 1065705123 ns, Reaching safepoint: 236605596 ns, At safepoint: 475361 ns, Total: 237080957 ns
[2020-05-20T10:19:55.937+0000][1084][safepoint    ] Safepoint "BulkRevokeBias", Time since last: 308742241 ns, Reaching safepoint: 14986168 ns, At safepoint: 8083460 ns, Total: 23069628 ns
[2020-05-20T10:19:57.149+0000][1084][gc,start     ] GC(12) Pause Young (Normal) (G1 Evacuation Pause)
[2020-05-20T10:19:57.311+0000][1084][gc,task      ] GC(12) Using 4 workers of 4 for evacuation
[2020-05-20T10:19:57.934+0000][1084][gc,age       ] GC(12) Desired survivor size 40370176 bytes, new threshold 15 (max threshold 15)
[2020-05-20T10:20:04.897+0000][1084][gc,age       ] GC(12) Age table with threshold 15 (max threshold 15)
[2020-05-20T10:20:04.898+0000][1084][gc,age       ] GC(12) - age   1:   12597440 bytes,   12597440 total
[2020-05-20T10:20:04.898+0000][1084][gc,age       ] GC(12) - age   2:    6380656 bytes,   18978096 total
[2020-05-20T10:20:04.898+0000][1084][gc,age       ] GC(12) - age   3:    9601128 bytes,   28579224 total
[2020-05-20T10:20:04.898+0000][1084][gc,mmu       ] GC(12) MMU target violated: 201.0ms (200.0ms/201.0ms)
[2020-05-20T10:20:04.898+0000][1084][gc,phases    ] GC(12)   Pre Evacuate Collection Set: 106.9ms
[2020-05-20T10:20:04.898+0000][1084][gc,phases    ] GC(12)   Merge Heap Roots: 67.9ms
[2020-05-20T10:20:04.898+0000][1084][gc,phases    ] GC(12)   Evacuate Collection Set: 5444.0ms
[2020-05-20T10:20:04.898+0000][1084][gc,phases    ] GC(12)   Post Evacuate Collection Set: 1311.4ms
[2020-05-20T10:20:04.916+0000][1084][gc,phases    ] GC(12)   Other: 1010.9ms
[2020-05-20T10:20:04.916+0000][1084][gc,heap      ] GC(12) Eden regions: 597->0(23)
[2020-05-20T10:20:04.916+0000][1084][gc,heap      ] GC(12) Survivor regions: 17->28(77)
[2020-05-20T10:20:04.916+0000][1084][gc,heap      ] GC(12) Old regions: 45->45
[2020-05-20T10:20:04.916+0000][1084][gc,heap      ] GC(12) Archive regions: 0->0
[2020-05-20T10:20:04.916+0000][1084][gc,heap      ] GC(12) Humongous regions: 10->7
[2020-05-20T10:20:04.986+0000][1084][gc,metaspace ] GC(12) Metaspace: 92478K(100100K)->92478K(100100K) NonClass: 79897K(84436K)->79897K(84436K) Class: 12581K(15664K)->12581K(15664K)
[2020-05-20T10:20:04.986+0000][1084][gc           ] GC(12) Pause Young (Normal) (G1 Evacuation Pause) 667M->79M(1024M) 7836.514ms
[2020-05-20T10:20:04.986+0000][1084][gc,cpu       ] GC(12) User=0.16s Sys=0.42s Real=7.88s
[2020-05-20T10:20:04.988+0000][1084][safepoint    ] Safepoint "G1CollectForAllocation", Time since last: 960377135 ns, Reaching safepoint: 41365237 ns, At safepoint: 8050269101 ns, Total: 8091634338 ns
[2020-05-20T10:20:05.389+0000][1084][safepoint    ] Safepoint "BulkRevokeBias", Time since last: 389873183 ns, Reaching safepoint: 8291227 ns, At safepoint: 1923706 ns, Total: 10214933 ns
[2020-05-20T10:20:06.489+0000][1084][safepoint    ] Safepoint "Cleanup", Time since last: 1000507361 ns, Reaching safepoint: 98825046 ns, At safepoint: 1276287 ns, Total: 100101333 ns
[2020-05-20T10:20:06.577+0000][1084][gc,start     ] GC(13) Pause Young (Normal) (G1 Evacuation Pause)
[2020-05-20T10:20:06.577+0000][1084][gc,task      ] GC(13) Using 4 workers of 4 for evacuation
[2020-05-20T10:20:06.577+0000][1084][gc,age       ] GC(13) Desired survivor size 3670016 bytes, new threshold 1 (max threshold 15)
[2020-05-20T10:20:06.759+0000][1084][gc,age       ] GC(13) Age table with threshold 1 (max threshold 15)
[2020-05-20T10:20:06.759+0000][1084][gc,age       ] GC(13) - age   1:    1049424 bytes,    1049424 total
[2020-05-20T10:20:06.759+0000][1084][gc,phases    ] GC(13)   Pre Evacuate Collection Set: 0.1ms
[2020-05-20T10:20:06.759+0000][1084][gc,phases    ] GC(13)   Merge Heap Roots: 0.1ms
[2020-05-20T10:20:06.759+0000][1084][gc,phases    ] GC(13)   Evacuate Collection Set: 180.2ms
[2020-05-20T10:20:06.759+0000][1084][gc,phases    ] GC(13)   Post Evacuate Collection Set: 1.4ms
[2020-05-20T10:20:06.759+0000][1084][gc,phases    ] GC(13)   Other: 0.3ms
[2020-05-20T10:20:06.759+0000][1084][gc,heap      ] GC(13) Eden regions: 23->0(49)
[2020-05-20T10:20:06.759+0000][1084][gc,heap      ] GC(13) Survivor regions: 28->2(7)
[2020-05-20T10:20:06.759+0000][1084][gc,heap      ] GC(13) Old regions: 45->72
[2020-05-20T10:20:06.759+0000][1084][gc,heap      ] GC(13) Archive regions: 0->0
[2020-05-20T10:20:06.759+0000][1084][gc,heap      ] GC(13) Humongous regions: 7->7
[2020-05-20T10:20:06.759+0000][1084][gc,metaspace ] GC(13) Metaspace: 92735K(100356K)->92735K(100356K) NonClass: 80138K(84692K)->80138K(84692K) Class: 12596K(15664K)->12596K(15664K)
[2020-05-20T10:20:06.759+0000][1084][gc           ] GC(13) Pause Young (Normal) (G1 Evacuation Pause) 102M->80M(1024M) 182.296ms
[2020-05-20T10:20:06.759+0000][1084][gc,cpu       ] GC(13) User=0.08s Sys=0.02s Real=0.18s
[2020-05-20T10:20:06.761+0000][1084][safepoint    ] Safepoint "G1CollectForAllocation", Time since last: 36392264 ns, Reaching safepoint: 50987012 ns, At safepoint: 183873429 ns, Total: 234860441 ns
[2020-05-20T10:20:07.596+0000][1084][safepoint    ] Safepoint "BulkRevokeBias", Time since last: 749775420 ns, Reaching safepoint: 78432282 ns, At safepoint: 7218998 ns, Total: 85651280 ns
[2020-05-20T10:20:08.889+0000][1084][safepoint    ] Safepoint "Cleanup", Time since last: 1240539732 ns, Reaching safepoint: 49023423 ns, At safepoint: 2990369 ns, Total: 52013792 ns
[2020-05-20T10:20:09.752+0000][1084][gc,start     ] GC(14) Pause Young (Normal) (G1 Evacuation Pause)
[2020-05-20T10:20:09.752+0000][1084][gc,task      ] GC(14) Using 4 workers of 4 for evacuation
[2020-05-20T10:20:09.752+0000][1084][gc,age       ] GC(14) Desired survivor size 3670016 bytes, new threshold 15 (max threshold 15)
[2020-05-20T10:20:09.825+0000][1084][gc,age       ] GC(14) Age table with threshold 15 (max threshold 15)
[2020-05-20T10:20:09.825+0000][1084][gc,age       ] GC(14) - age   1:    3374240 bytes,    3374240 total
[2020-05-20T10:20:09.825+0000][1084][gc,age       ] GC(14) - age   2:     541544 bytes,    3915784 total
[2020-05-20T10:20:09.825+0000][1084][gc,phases    ] GC(14)   Pre Evacuate Collection Set: 0.2ms
[2020-05-20T10:20:09.825+0000][1084][gc,phases    ] GC(14)   Merge Heap Roots: 0.1ms
[2020-05-20T10:20:09.825+0000][1084][gc,phases    ] GC(14)   Evacuate Collection Set: 59.4ms
[2020-05-20T10:20:09.825+0000][1084][gc,phases    ] GC(14)   Post Evacuate Collection Set: 12.6ms
[2020-05-20T10:20:09.825+0000][1084][gc,phases    ] GC(14)   Other: 0.3ms
[2020-05-20T10:20:09.825+0000][1084][gc,heap      ] GC(14) Eden regions: 49->0(46)
[2020-05-20T10:20:09.825+0000][1084][gc,heap      ] GC(14) Survivor regions: 2->5(7)
[2020-05-20T10:20:09.825+0000][1084][gc,heap      ] GC(14) Old regions: 72->72
[2020-05-20T10:20:09.825+0000][1084][gc,heap      ] GC(14) Archive regions: 0->0
[2020-05-20T10:20:09.825+0000][1084][gc,heap      ] GC(14) Humongous regions: 8->7
[2020-05-20T10:20:09.825+0000][1084][gc,metaspace ] GC(14) Metaspace: 93596K(101252K)->93596K(101252K) NonClass: 80959K(85460K)->80959K(85460K) Class: 12637K(15792K)->12637K(15792K)
[2020-05-20T10:20:09.825+0000][1084][gc           ] GC(14) Pause Young (Normal) (G1 Evacuation Pause) 130M->83M(1024M) 72.832ms
[2020-05-20T10:20:09.825+0000][1084][gc,cpu       ] GC(14) User=0.08s Sys=0.02s Real=0.07s
[2020-05-20T10:20:09.827+0000][1084][safepoint    ] Safepoint "G1CollectForAllocation", Time since last: 863338984 ns, Reaching safepoint: 199884 ns, At safepoint: 74807942 ns, Total: 75007826 ns
[2020-05-20T10:20:10.329+0000][1084][safepoint    ] Safepoint "BulkRevokeBias", Time since last: 501311765 ns, Reaching safepoint: 163246 ns, At safepoint: 1209041 ns, Total: 1372287 ns
[2020-05-20T10:20:10.968+0000][1084][safepoint    ] Safepoint "BulkRevokeBias", Time since last: 638067390 ns, Reaching safepoint: 140058 ns, At safepoint: 861679 ns, Total: 1001737 ns
[2020-05-20T10:20:12.843+0000][1084][safepoint    ] Safepoint "Cleanup", Time since last: 1873849799 ns, Reaching safepoint: 146087 ns, At safepoint: 6957 ns, Total: 153044 ns
[2020-05-20T10:20:13.844+0000][1084][safepoint    ] Safepoint "Cleanup", Time since last: 1000766606 ns, Reaching safepoint: 126609 ns, At safepoint: 4638 ns, Total: 131247 ns
[2020-05-20T10:20:14.847+0000][1084][safepoint    ] Safepoint "Cleanup", Time since last: 1000127535 ns, Reaching safepoint: 3068747 ns, At safepoint: 18551 ns, Total: 3087298 ns
[2020-05-20T10:20:15.969+0000][1084][safepoint    ] Safepoint "Cleanup", Time since last: 1121908587 ns, Reaching safepoint: 108521 ns, At safepoint: 4174 ns, Total: 112695 ns
[2020-05-20T10:20:16.969+0000][1084][safepoint    ] Safepoint "Cleanup", Time since last: 1000042203 ns, Reaching safepoint: 144231 ns, At safepoint: 6957 ns, Total: 151188 ns
[2020-05-20T10:20:17.970+0000][1084][safepoint    ] Safepoint "Cleanup", Time since last: 1000232347 ns, Reaching safepoint: 96000 ns, At safepoint: 4638 ns, Total: 100638 ns
[2020-05-20T10:20:19.396+0000][1084][safepoint    ] Safepoint "Cleanup", Time since last: 1425984867 ns, Reaching safepoint: 157681 ns, At safepoint: 55188 ns, Total: 212869 ns
[2020-05-20T10:20:20.254+0000][1084][gc,start     ] GC(15) Pause Young (Normal) (G1 Evacuation Pause)
[2020-05-20T10:20:20.254+0000][1084][gc,task      ] GC(15) Using 4 workers of 4 for evacuation
[2020-05-20T10:20:20.255+0000][1084][gc,age       ] GC(15) Desired survivor size 3670016 bytes, new threshold 2 (max threshold 15)
[2020-05-20T10:20:20.262+0000][1084][gc,age       ] GC(15) Age table with threshold 2 (max threshold 15)
[2020-05-20T10:20:20.262+0000][1084][gc,age       ] GC(15) - age   1:    1155392 bytes,    1155392 total
[2020-05-20T10:20:20.262+0000][1084][gc,age       ] GC(15) - age   2:    1599608 bytes,    2755000 total
[2020-05-20T10:20:20.262+0000][1084][gc,phases    ] GC(15)   Pre Evacuate Collection Set: 0.2ms
[2020-05-20T10:20:20.262+0000][1084][gc,phases    ] GC(15)   Merge Heap Roots: 0.1ms
[2020-05-20T10:20:20.262+0000][1084][gc,phases    ] GC(15)   Evacuate Collection Set: 5.9ms
[2020-05-20T10:20:20.262+0000][1084][gc,phases    ] GC(15)   Post Evacuate Collection Set: 1.0ms
[2020-05-20T10:20:20.262+0000][1084][gc,phases    ] GC(15)   Other: 0.5ms
[2020-05-20T10:20:20.262+0000][1084][gc,heap      ] GC(15) Eden regions: 46->0(48)
[2020-05-20T10:20:20.262+0000][1084][gc,heap      ] GC(15) Survivor regions: 5->3(7)
[2020-05-20T10:20:20.262+0000][1084][gc,heap      ] GC(15) Old regions: 72->73
[2020-05-20T10:20:20.262+0000][1084][gc,heap      ] GC(15) Archive regions: 0->0
[2020-05-20T10:20:20.262+0000][1084][gc,heap      ] GC(15) Humongous regions: 7->7
[2020-05-20T10:20:20.262+0000][1084][gc,metaspace ] GC(15) Metaspace: 93754K(101508K)->93754K(101508K) NonClass: 81117K(85716K)->81117K(85716K) Class: 12637K(15792K)->12637K(15792K)
[2020-05-20T10:20:20.263+0000][1084][gc           ] GC(15) Pause Young (Normal) (G1 Evacuation Pause) 129M->82M(1024M) 8.109ms
[2020-05-20T10:20:20.263+0000][1084][gc,cpu       ] GC(15) User=0.00s Sys=0.02s Real=0.01s
[2020-05-20T10:20:20.263+0000][1084][safepoint    ] Safepoint "G1CollectForAllocation", Time since last: 858670704 ns, Reaching safepoint: 137275 ns, At safepoint: 8343633 ns, Total: 8480908 ns
[2020-05-20T10:20:21.263+0000][1084][safepoint    ] Safepoint "Cleanup", Time since last: 1000419709 ns, Reaching safepoint: 110377 ns, At safepoint: 3710 ns, Total: 114087 ns
[2020-05-20T10:20:22.264+0000][1084][safepoint    ] Safepoint "Cleanup", Time since last: 1000852868 ns, Reaching safepoint: 84869 ns, At safepoint: 2783 ns, Total: 87652 ns
[2020-05-20T10:20:23.265+0000][1084][safepoint    ] Safepoint "Cleanup", Time since last: 1000300985 ns, Reaching safepoint: 77449 ns, At safepoint: 4174 ns, Total: 81623 ns
[2020-05-20T10:20:24.265+0000][1084][safepoint    ] Safepoint "Cleanup", Time since last: 1000096463 ns, Reaching safepoint: 131710 ns, At safepoint: 8811 ns, Total: 140521 ns
[2020-05-20T10:20:25.266+0000][1084][safepoint    ] Safepoint "Cleanup", Time since last: 1000718376 ns, Reaching safepoint: 191072 ns, At safepoint: 21333 ns, Total: 212405 ns
[2020-05-20T10:20:26.267+0000][1084][safepoint    ] Safepoint "Cleanup", Time since last: 1000735998 ns, Reaching safepoint: 125217 ns, At safepoint: 4638 ns, Total: 129855 ns
[2020-05-20T10:20:27.267+0000][1084][safepoint    ] Safepoint "Cleanup", Time since last: 1000207304 ns, Reaching safepoint: 141449 ns, At safepoint: 7420 ns, Total: 148869 ns
[2020-05-20T10:20:28.267+0000][1084][safepoint    ] Safepoint "Cleanup", Time since last: 1000214260 ns, Reaching safepoint: 125681 ns, At safepoint: 4638 ns, Total: 130319 ns
[2020-05-20T10:20:29.268+0000][1084][safepoint    ] Safepoint "Cleanup", Time since last: 1000076985 ns, Reaching safepoint: 155826 ns, At safepoint: 4638 ns, Total: 160464 ns
[2020-05-20T10:20:31.269+0000][1084][safepoint    ] Safepoint "Cleanup", Time since last: 2000702143 ns, Reaching safepoint: 165101 ns, At safepoint: 7884 ns, Total: 172985 ns
[2020-05-20T10:20:33.269+0000][1084][safepoint    ] Safepoint "Cleanup", Time since last: 2000257391 ns, Reaching safepoint: 143304 ns, At safepoint: 6493 ns, Total: 149797 ns
[2020-05-20T10:20:35.270+0000][1084][safepoint    ] Safepoint "Cleanup", Time since last: 2000855650 ns, Reaching safepoint: 102029 ns, At safepoint: 6028 ns, Total: 108057 ns
[2020-05-20T10:20:36.271+0000][1084][safepoint    ] Safepoint "Cleanup", Time since last: 1000520811 ns, Reaching safepoint: 153507 ns, At safepoint: 5101 ns, Total: 158608 ns
[2020-05-20T10:20:37.271+0000][1084][safepoint    ] Safepoint "Cleanup", Time since last: 1000332985 ns, Reaching safepoint: 120579 ns, At safepoint: 5102 ns, Total: 125681 ns
[2020-05-20T10:20:38.271+0000][1084][safepoint    ] Safepoint "Cleanup", Time since last: 1000116869 ns, Reaching safepoint: 99710 ns, At safepoint: 4638 ns, Total: 104348 ns
[2020-05-20T10:20:39.272+0000][1084][safepoint    ] Safepoint "Cleanup", Time since last: 1000302840 ns, Reaching safepoint: 224927 ns, At safepoint: 8347 ns, Total: 233274 ns
[2020-05-20T10:20:41.272+0000][1084][safepoint    ] Safepoint "Cleanup", Time since last: 1999940174 ns, Reaching safepoint: 141913 ns, At safepoint: 6493 ns, Total: 148406 ns
[2020-05-20T10:20:42.273+0000][1084][safepoint    ] Safepoint "Cleanup", Time since last: 1000806027 ns, Reaching safepoint: 146087 ns, At safepoint: 6956 ns, Total: 153043 ns
[2020-05-20T10:20:43.273+0000][1084][safepoint    ] Safepoint "Cleanup", Time since last: 1000022261 ns, Reaching safepoint: 99710 ns, At safepoint: 3246 ns, Total: 102956 ns
[2020-05-20T10:20:45.274+0000][1084][safepoint    ] Safepoint "Cleanup", Time since last: 2000889505 ns, Reaching safepoint: 162783 ns, At safepoint: 12058 ns, Total: 174841 ns
[2020-05-20T10:20:45.357+0000][1084][gc,start     ] GC(16) Pause Young (Normal) (G1 Evacuation Pause)
[2020-05-20T10:20:45.358+0000][1084][gc,task      ] GC(16) Using 4 workers of 4 for evacuation
[2020-05-20T10:20:45.358+0000][1084][gc,age       ] GC(16) Desired survivor size 3670016 bytes, new threshold 15 (max threshold 15)
[2020-05-20T10:20:45.371+0000][1084][gc,age       ] GC(16) Age table with threshold 15 (max threshold 15)
[2020-05-20T10:20:45.371+0000][1084][gc,age       ] GC(16) - age   1:     325800 bytes,     325800 total
[2020-05-20T10:20:45.371+0000][1084][gc,age       ] GC(16) - age   2:    1099704 bytes,    1425504 total
[2020-05-20T10:20:45.371+0000][1084][gc,age       ] GC(16) - age   3:    1498248 bytes,    2923752 total
[2020-05-20T10:20:45.371+0000][1084][gc,phases    ] GC(16)   Pre Evacuate Collection Set: 0.1ms
[2020-05-20T10:20:45.371+0000][1084][gc,phases    ] GC(16)   Merge Heap Roots: 0.1ms
[2020-05-20T10:20:45.371+0000][1084][gc,phases    ] GC(16)   Evacuate Collection Set: 12.1ms
[2020-05-20T10:20:45.371+0000][1084][gc,phases    ] GC(16)   Post Evacuate Collection Set: 1.0ms
[2020-05-20T10:20:45.371+0000][1084][gc,phases    ] GC(16)   Other: 0.4ms
[2020-05-20T10:20:45.371+0000][1084][gc,heap      ] GC(16) Eden regions: 48->0(47)
[2020-05-20T10:20:45.371+0000][1084][gc,heap      ] GC(16) Survivor regions: 3->4(7)
[2020-05-20T10:20:45.371+0000][1084][gc,heap      ] GC(16) Old regions: 73->73
[2020-05-20T10:20:45.371+0000][1084][gc,heap      ] GC(16) Archive regions: 0->0
[2020-05-20T10:20:45.371+0000][1084][gc,heap      ] GC(16) Humongous regions: 10->7
[2020-05-20T10:20:45.371+0000][1084][gc,metaspace ] GC(16) Metaspace: 93926K(101508K)->93926K(101508K) NonClass: 81286K(85716K)->81286K(85716K) Class: 12640K(15792K)->12640K(15792K)
[2020-05-20T10:20:45.371+0000][1084][gc           ] GC(16) Pause Young (Normal) (G1 Evacuation Pause) 133M->82M(1024M) 13.888ms
[2020-05-20T10:20:45.371+0000][1084][gc,cpu       ] GC(16) User=0.00s Sys=0.00s Real=0.01s
[2020-05-20T10:20:45.372+0000][1084][safepoint    ] Safepoint "G1CollectForAllocation", Time since last: 83528154 ns, Reaching safepoint: 98782 ns, At safepoint: 14074866 ns, Total: 14173648 ns
[2020-05-20T10:20:46.372+0000][1084][safepoint    ] Safepoint "Cleanup", Time since last: 1000500868 ns, Reaching safepoint: 152580 ns, At safepoint: 7420 ns, Total: 160000 ns
[2020-05-20T10:20:46.796+0000][1084][safepoint    ] Safepoint "BulkRevokeBias", Time since last: 421959369 ns, Reaching safepoint: 109449 ns, At safepoint: 1402432 ns, Total: 1511881 ns
[2020-05-20T10:20:48.389+0000][1084][safepoint    ] Safepoint "Cleanup", Time since last: 1592669698 ns, Reaching safepoint: 253681 ns, At safepoint: 9275 ns, Total: 262956 ns
[2020-05-20T10:20:48.411+0000][1084][safepoint    ] Safepoint "BulkRevokeBias", Time since last: 20754503 ns, Reaching safepoint: 106202 ns, At safepoint: 729042 ns, Total: 835244 ns
[2020-05-20T10:20:49.411+0000][1084][safepoint    ] Safepoint "Cleanup", Time since last: 1000901099 ns, Reaching safepoint: 155362 ns, At safepoint: 8348 ns, Total: 163710 ns
[2020-05-20T10:20:50.421+0000][1084][safepoint    ] Safepoint "Cleanup", Time since last: 1008908501 ns, Reaching safepoint: 128928 ns, At safepoint: 7420 ns, Total: 136348 ns
[2020-05-20T10:20:51.422+0000][1084][safepoint    ] Safepoint "Cleanup", Time since last: 1000886722 ns, Reaching safepoint: 123362 ns, At safepoint: 6493 ns, Total: 129855 ns
[2020-05-20T10:20:52.422+0000][1084][safepoint    ] Safepoint "Cleanup", Time since last: 1000162782 ns, Reaching safepoint: 96928 ns, At safepoint: 5565 ns, Total: 102493 ns
[2020-05-20T10:20:53.422+0000][1084][safepoint    ] Safepoint "Cleanup", Time since last: 1000088116 ns, Reaching safepoint: 122898 ns, At safepoint: 5101 ns, Total: 127999 ns
[2020-05-20T10:20:54.423+0000][1084][safepoint    ] Safepoint "Cleanup", Time since last: 1000702607 ns, Reaching safepoint: 113623 ns, At safepoint: 4638 ns, Total: 118261 ns
[2020-05-20T10:20:55.423+0000][1084][safepoint    ] Safepoint "Cleanup", Time since last: 1000436869 ns, Reaching safepoint: 114550 ns, At safepoint: 6957 ns, Total: 121507 ns
[2020-05-20T10:20:56.424+0000][1084][safepoint    ] Safepoint "Cleanup", Time since last: 1000821795 ns, Reaching safepoint: 128927 ns, At safepoint: 6493 ns, Total: 135420 ns
[2020-05-20T10:20:57.425+0000][1084][safepoint    ] Safepoint "Cleanup", Time since last: 1000078840 ns, Reaching safepoint: 113623 ns, At safepoint: 7420 ns, Total: 121043 ns
[2020-05-20T10:20:58.425+0000][1084][safepoint    ] Safepoint "Cleanup", Time since last: 1000252753 ns, Reaching safepoint: 90435 ns, At safepoint: 3710 ns, Total: 94145 ns
[2020-05-20T10:20:59.425+0000][1084][safepoint    ] Safepoint "Cleanup", Time since last: 1000379361 ns, Reaching safepoint: 119189 ns, At safepoint: 5101 ns, Total: 124290 ns
[2020-05-20T10:21:00.426+0000][1084][safepoint    ] Safepoint "Cleanup", Time since last: 1000081159 ns, Reaching safepoint: 120116 ns, At safepoint: 7420 ns, Total: 127536 ns
[2020-05-20T10:21:01.426+0000][1084][safepoint    ] Safepoint "Cleanup", Time since last: 1000354782 ns, Reaching safepoint: 119652 ns, At safepoint: 4638 ns, Total: 124290 ns
[2020-05-20T10:21:02.427+0000][1084][safepoint    ] Safepoint "Cleanup", Time since last: 1000587592 ns, Reaching safepoint: 122899 ns, At safepoint: 6029 ns, Total: 128928 ns
[2020-05-20T10:21:02.687+0000][1084][gc,start     ] GC(17) Pause Young (Normal) (G1 Evacuation Pause)
[2020-05-20T10:21:02.687+0000][1084][gc,task      ] GC(17) Using 4 workers of 4 for evacuation
[2020-05-20T10:21:02.687+0000][1084][gc,age       ] GC(17) Desired survivor size 3670016 bytes, new threshold 15 (max threshold 15)
[2020-05-20T10:21:02.692+0000][1084][gc,age       ] GC(17) Age table with threshold 15 (max threshold 15)
[2020-05-20T10:21:02.692+0000][1084][gc,age       ] GC(17) - age   1:     542672 bytes,     542672 total
[2020-05-20T10:21:02.693+0000][1084][gc,age       ] GC(17) - age   2:     257904 bytes,     800576 total
[2020-05-20T10:21:02.693+0000][1084][gc,age       ] GC(17) - age   3:     615040 bytes,    1415616 total
[2020-05-20T10:21:02.693+0000][1084][gc,age       ] GC(17) - age   4:    1489520 bytes,    2905136 total
[2020-05-20T10:21:02.693+0000][1084][gc,phases    ] GC(17)   Pre Evacuate Collection Set: 0.1ms
[2020-05-20T10:21:02.693+0000][1084][gc,phases    ] GC(17)   Merge Heap Roots: 0.1ms
[2020-05-20T10:21:02.693+0000][1084][gc,phases    ] GC(17)   Evacuate Collection Set: 4.3ms
[2020-05-20T10:21:02.693+0000][1084][gc,phases    ] GC(17)   Post Evacuate Collection Set: 0.7ms
[2020-05-20T10:21:02.693+0000][1084][gc,phases    ] GC(17)   Other: 0.5ms
[2020-05-20T10:21:02.693+0000][1084][gc,heap      ] GC(17) Eden regions: 47->0(48)
[2020-05-20T10:21:02.693+0000][1084][gc,heap      ] GC(17) Survivor regions: 4->3(7)
[2020-05-20T10:21:02.693+0000][1084][gc,heap      ] GC(17) Old regions: 73->73
[2020-05-20T10:21:02.693+0000][1084][gc,heap      ] GC(17) Archive regions: 0->0
[2020-05-20T10:21:02.693+0000][1084][gc,heap      ] GC(17) Humongous regions: 7->7
[2020-05-20T10:21:02.693+0000][1084][gc,metaspace ] GC(17) Metaspace: 94344K(102020K)->94344K(102020K) NonClass: 81670K(86228K)->81670K(86228K) Class: 12674K(15792K)->12674K(15792K)
[2020-05-20T10:21:02.693+0000][1084][gc           ] GC(17) Pause Young (Normal) (G1 Evacuation Pause) 129M->82M(1024M) 5.988ms
[2020-05-20T10:21:02.693+0000][1084][gc,cpu       ] GC(17) User=0.00s Sys=0.00s Real=0.01s
[2020-05-20T10:21:02.693+0000][1084][safepoint    ] Safepoint "G1CollectForAllocation", Time since last: 260377831 ns, Reaching safepoint: 110376 ns, At safepoint: 6192218 ns, Total: 6302594 ns
[2020-05-20T10:21:04.694+0000][1084][safepoint    ] Safepoint "Cleanup", Time since last: 2000016232 ns, Reaching safepoint: 122898 ns, At safepoint: 8348 ns, Total: 131246 ns
[2020-05-20T10:21:05.694+0000][1084][safepoint    ] Safepoint "Cleanup", Time since last: 1000197101 ns, Reaching safepoint: 97391 ns, At safepoint: 6492 ns, Total: 103883 ns
[2020-05-20T10:21:06.694+0000][1084][safepoint    ] Safepoint "Cleanup", Time since last: 1000196174 ns, Reaching safepoint: 130782 ns, At safepoint: 8812 ns, Total: 139594 ns
[2020-05-20T10:21:07.695+0000][1084][safepoint    ] Safepoint "Cleanup", Time since last: 1000294956 ns, Reaching safepoint: 78376 ns, At safepoint: 17623 ns, Total: 95999 ns
[2020-05-20T10:21:08.695+0000][1084][safepoint    ] Safepoint "Cleanup", Time since last: 1000441970 ns, Reaching safepoint: 386782 ns, At safepoint: 8812 ns, Total: 395594 ns
[2020-05-20T10:21:09.696+0000][1084][safepoint    ] Safepoint "Cleanup", Time since last: 1000203130 ns, Reaching safepoint: 155362 ns, At safepoint: 3710 ns, Total: 159072 ns
[2020-05-20T10:21:10.697+0000][1084][safepoint    ] Safepoint "Cleanup", Time since last: 1000673389 ns, Reaching safepoint: 132638 ns, At safepoint: 5101 ns, Total: 137739 ns
[2020-05-20T10:21:11.697+0000][1084][safepoint    ] Safepoint "Cleanup", Time since last: 1000690086 ns, Reaching safepoint: 108057 ns, At safepoint: 11131 ns, Total: 119188 ns
[2020-05-20T10:21:12.698+0000][1084][safepoint    ] Safepoint "Cleanup", Time since last: 1000061217 ns, Reaching safepoint: 206376 ns, At safepoint: 13450 ns, Total: 219826 ns
[2020-05-20T10:21:13.699+0000][1084][safepoint    ] Safepoint "Cleanup", Time since last: 1000639071 ns, Reaching safepoint: 116405 ns, At safepoint: 6029 ns, Total: 122434 ns
[2020-05-20T10:21:15.699+0000][1084][safepoint    ] Safepoint "Cleanup", Time since last: 2000738781 ns, Reaching safepoint: 96927 ns, At safepoint: 6029 ns, Total: 102956 ns
[2020-05-20T10:21:16.700+0000][1084][safepoint    ] Safepoint "Cleanup", Time since last: 1000720230 ns, Reaching safepoint: 111768 ns, At safepoint: 6493 ns, Total: 118261 ns
[2020-05-20T10:21:17.701+0000][1084][safepoint    ] Safepoint "Cleanup", Time since last: 1000623767 ns, Reaching safepoint: 137739 ns, At safepoint: 12985 ns, Total: 150724 ns
[2020-05-20T10:21:18.701+0000][1084][safepoint    ] Safepoint "Cleanup", Time since last: 1000279188 ns, Reaching safepoint: 127536 ns, At safepoint: 6956 ns, Total: 134492 ns
[2020-05-20T10:21:20.702+0000][1084][safepoint    ] Safepoint "Cleanup", Time since last: 2000514318 ns, Reaching safepoint: 193391 ns, At safepoint: 4637 ns, Total: 198028 ns
[2020-05-20T10:21:21.703+0000][1084][safepoint    ] Safepoint "Cleanup", Time since last: 1000353391 ns, Reaching safepoint: 85333 ns, At safepoint: 4638 ns, Total: 89971 ns
[2020-05-20T10:21:22.703+0000][1084][safepoint    ] Safepoint "Cleanup", Time since last: 1000212405 ns, Reaching safepoint: 98782 ns, At safepoint: 5566 ns, Total: 104348 ns
[2020-05-20T10:21:24.703+0000][1084][safepoint    ] Safepoint "Cleanup", Time since last: 2000474897 ns, Reaching safepoint: 161855 ns, At safepoint: 7884 ns, Total: 169739 ns
[2020-05-20T10:21:26.064+0000][1084][safepoint    ] Safepoint "Cleanup", Time since last: 1359913368 ns, Reaching safepoint: 205449 ns, At safepoint: 7420 ns, Total: 212869 ns
[2020-05-20T10:21:26.336+0000][1084][gc,start     ] GC(18) Pause Young (Normal) (G1 Evacuation Pause)
[2020-05-20T10:21:26.336+0000][1084][gc,task      ] GC(18) Using 4 workers of 4 for evacuation
[2020-05-20T10:21:26.336+0000][1084][gc,age       ] GC(18) Desired survivor size 3670016 bytes, new threshold 15 (max threshold 15)
[2020-05-20T10:21:26.345+0000][1084][gc,age       ] GC(18) Age table with threshold 15 (max threshold 15)
[2020-05-20T10:21:26.345+0000][1084][gc,age       ] GC(18) - age   1:     479392 bytes,     479392 total
[2020-05-20T10:21:26.345+0000][1084][gc,age       ] GC(18) - age   2:     436160 bytes,     915552 total
[2020-05-20T10:21:26.345+0000][1084][gc,age       ] GC(18) - age   3:     144824 bytes,    1060376 total
[2020-05-20T10:21:26.345+0000][1084][gc,age       ] GC(18) - age   4:     614904 bytes,    1675280 total
[2020-05-20T10:21:26.345+0000][1084][gc,age       ] GC(18) - age   5:    1488592 bytes,    3163872 total
[2020-05-20T10:21:26.346+0000][1084][gc,phases    ] GC(18)   Pre Evacuate Collection Set: 0.1ms
[2020-05-20T10:21:26.346+0000][1084][gc,phases    ] GC(18)   Merge Heap Roots: 0.1ms
[2020-05-20T10:21:26.346+0000][1084][gc,phases    ] GC(18)   Evacuate Collection Set: 8.6ms
[2020-05-20T10:21:26.346+0000][1084][gc,phases    ] GC(18)   Post Evacuate Collection Set: 0.6ms
[2020-05-20T10:21:26.346+0000][1084][gc,phases    ] GC(18)   Other: 0.4ms
[2020-05-20T10:21:26.346+0000][1084][gc,heap      ] GC(18) Eden regions: 48->0(47)
[2020-05-20T10:21:26.346+0000][1084][gc,heap      ] GC(18) Survivor regions: 3->4(7)
[2020-05-20T10:21:26.346+0000][1084][gc,heap      ] GC(18) Old regions: 73->73
[2020-05-20T10:21:26.346+0000][1084][gc,heap      ] GC(18) Archive regions: 0->0
[2020-05-20T10:21:26.346+0000][1084][gc,heap      ] GC(18) Humongous regions: 7->7
[2020-05-20T10:21:26.346+0000][1084][gc,metaspace ] GC(18) Metaspace: 94695K(102196K)->94695K(102196K) NonClass: 81993K(86404K)->81993K(86404K) Class: 12701K(15792K)->12701K(15792K)
[2020-05-20T10:21:26.346+0000][1084][gc           ] GC(18) Pause Young (Normal) (G1 Evacuation Pause) 130M->82M(1024M) 10.010ms
[2020-05-20T10:21:26.346+0000][1084][gc,cpu       ] GC(18) User=0.05s Sys=0.00s Real=0.01s
[2020-05-20T10:21:26.346+0000][1084][safepoint    ] Safepoint "G1CollectForAllocation", Time since last: 272509513 ns, Reaching safepoint: 192000 ns, At safepoint: 10177831 ns, Total: 10369831 ns
[2020-05-20T10:21:26.731+0000][1084][gc,start     ] GC(19) Pause Young (Concurrent Start) (Metadata GC Threshold)
[2020-05-20T10:21:26.731+0000][1084][gc,task      ] GC(19) Using 4 workers of 4 for evacuation
[2020-05-20T10:21:26.731+0000][1084][gc,age       ] GC(19) Desired survivor size 3670016 bytes, new threshold 15 (max threshold 15)
[2020-05-20T10:21:26.868+0000][1084][gc,age       ] GC(19) Age table with threshold 15 (max threshold 15)
[2020-05-20T10:21:26.868+0000][1084][gc,age       ] GC(19) - age   1:     584672 bytes,     584672 total
[2020-05-20T10:21:26.868+0000][1084][gc,age       ] GC(19) - age   2:     311088 bytes,     895760 total
[2020-05-20T10:21:26.868+0000][1084][gc,age       ] GC(19) - age   3:     385072 bytes,    1280832 total
[2020-05-20T10:21:26.868+0000][1084][gc,age       ] GC(19) - age   4:     144824 bytes,    1425656 total
[2020-05-20T10:21:26.868+0000][1084][gc,age       ] GC(19) - age   5:     614696 bytes,    2040352 total
[2020-05-20T10:21:26.868+0000][1084][gc,age       ] GC(19) - age   6:    1488184 bytes,    3528536 total
[2020-05-20T10:21:26.868+0000][1084][gc,phases    ] GC(19)   Pre Evacuate Collection Set: 0.5ms
[2020-05-20T10:21:26.868+0000][1084][gc,phases    ] GC(19)   Merge Heap Roots: 0.1ms
[2020-05-20T10:21:26.868+0000][1084][gc,phases    ] GC(19)   Evacuate Collection Set: 116.6ms
[2020-05-20T10:21:26.868+0000][1084][gc,phases    ] GC(19)   Post Evacuate Collection Set: 0.8ms
[2020-05-20T10:21:26.868+0000][1084][gc,phases    ] GC(19)   Other: 19.8ms
[2020-05-20T10:21:26.868+0000][1084][gc,heap      ] GC(19) Eden regions: 11->0(47)
[2020-05-20T10:21:26.868+0000][1084][gc,heap      ] GC(19) Survivor regions: 4->4(7)
[2020-05-20T10:21:26.868+0000][1084][gc,heap      ] GC(19) Old regions: 73->73
[2020-05-20T10:21:26.868+0000][1084][gc,heap      ] GC(19) Archive regions: 0->0
[2020-05-20T10:21:26.868+0000][1084][gc,heap      ] GC(19) Humongous regions: 8->7
[2020-05-20T10:21:26.868+0000][1084][gc,metaspace ] GC(19) Metaspace: 94709K(102196K)->94709K(102196K) NonClass: 82007K(86404K)->82007K(86404K) Class: 12701K(15792K)->12701K(15792K)
[2020-05-20T10:21:26.868+0000][1084][gc           ] GC(19) Pause Young (Concurrent Start) (Metadata GC Threshold) 94M->83M(1024M) 138.015ms
[2020-05-20T10:21:26.868+0000][1084][gc,cpu       ] GC(19) User=0.09s Sys=0.00s Real=0.14s
[2020-05-20T10:21:26.878+0000][1084][safepoint    ] Safepoint "CollectForMetadataAllocation", Time since last: 335086991 ns, Reaching safepoint: 48967307 ns, At safepoint: 147855425 ns, Total: 196822732 ns
[2020-05-20T10:21:26.881+0000][1084][gc           ] GC(20) Concurrent Cycle
[2020-05-20T10:21:26.881+0000][1084][gc,marking   ] GC(20) Concurrent Clear Claimed Marks
[2020-05-20T10:21:26.881+0000][1084][gc,marking   ] GC(20) Concurrent Clear Claimed Marks 0.342ms
[2020-05-20T10:21:26.881+0000][1084][gc,marking   ] GC(20) Concurrent Scan Root Regions
[2020-05-20T10:21:27.238+0000][1084][gc,marking   ] GC(20) Concurrent Scan Root Regions 356.786ms
[2020-05-20T10:21:27.250+0000][1084][gc,marking   ] GC(20) Concurrent Mark (492.417s)
[2020-05-20T10:21:27.250+0000][1084][gc,marking   ] GC(20) Concurrent Mark From Roots
[2020-05-20T10:21:27.251+0000][1084][gc,task      ] GC(20) Using 1 workers of 1 for marking
[2020-05-20T10:21:27.470+0000][1084][safepoint    ] Safepoint "CollectForMetadataAllocation", Time since last: 576297794 ns, Reaching safepoint: 15094690 ns, At safepoint: 282434 ns, Total: 15377124 ns
[2020-05-20T10:21:28.439+0000][1084][safepoint    ] Safepoint "CollectForMetadataAllocation", Time since last: 953616340 ns, Reaching safepoint: 15010284 ns, At safepoint: 191535 ns, Total: 15201819 ns
[2020-05-20T10:21:29.625+0000][1084][safepoint    ] Safepoint "Cleanup", Time since last: 1124966667 ns, Reaching safepoint: 60988149 ns, At safepoint: 22724 ns, Total: 61010873 ns
[2020-05-20T10:21:29.800+0000][1084][gc,marking   ] GC(20) Concurrent Mark From Roots 2548.630ms
[2020-05-20T10:21:29.800+0000][1084][gc,marking   ] GC(20) Concurrent Preclean
[2020-05-20T10:21:29.800+0000][1084][gc,marking   ] GC(20) Concurrent Preclean 0.326ms
[2020-05-20T10:21:29.800+0000][1084][gc,marking   ] GC(20) Concurrent Mark (492.417s, 494.967s) 2549.109ms
[2020-05-20T10:21:29.800+0000][1084][gc,start     ] GC(20) Pause Remark
[2020-05-20T10:21:32.582+0000][1084][gc,mmu       ] GC(20) MMU target violated: 201.0ms (200.0ms/201.0ms)
[2020-05-20T10:21:32.582+0000][1084][gc           ] GC(20) Pause Remark 94M->94M(1024M) 2782.578ms
[2020-05-20T10:21:32.582+0000][1084][gc,cpu       ] GC(20) User=0.06s Sys=0.31s Real=2.78s
[2020-05-20T10:21:32.584+0000][1084][safepoint    ] Safepoint "G1Concurrent", Time since last: 175269159 ns, Reaching safepoint: 78377 ns, At safepoint: 2783739863 ns, Total: 2783818240 ns
[2020-05-20T10:21:32.584+0000][1084][gc,marking   ] GC(20) Concurrent Rebuild Remembered Sets
[2020-05-20T10:21:32.709+0000][1084][safepoint    ] Safepoint "ICBufferFull", Time since last: 105651697 ns, Reaching safepoint: 20195664 ns, At safepoint: 44985 ns, Total: 20240649 ns
[2020-05-20T10:21:32.742+0000][1084][gc,marking   ] GC(20) Concurrent Rebuild Remembered Sets 158.500ms
[2020-05-20T10:21:32.742+0000][1084][gc,start     ] GC(20) Pause Cleanup
[2020-05-20T10:21:32.743+0000][1084][gc           ] GC(20) Pause Cleanup 99M->99M(1024M) 0.357ms
[2020-05-20T10:21:32.743+0000][1084][gc,cpu       ] GC(20) User=0.00s Sys=0.00s Real=0.00s
[2020-05-20T10:21:32.743+0000][1084][safepoint    ] Safepoint "G1Concurrent", Time since last: 32774881 ns, Reaching safepoint: 196173 ns, At safepoint: 457738 ns, Total: 653911 ns
[2020-05-20T10:21:32.743+0000][1084][gc,marking   ] GC(20) Concurrent Cleanup for Next Mark
[2020-05-20T10:21:32.755+0000][1084][gc,marking   ] GC(20) Concurrent Cleanup for Next Mark 11.802ms
[2020-05-20T10:21:32.755+0000][1084][gc           ] GC(20) Concurrent Cycle 5874.261ms
[2020-05-20T10:21:33.744+0000][1084][safepoint    ] Safepoint "Cleanup", Time since last: 1000590376 ns, Reaching safepoint: 125681 ns, At safepoint: 4637 ns, Total: 130318 ns
[2020-05-20T10:21:34.745+0000][1084][safepoint    ] Safepoint "Cleanup", Time since last: 1000836172 ns, Reaching safepoint: 109449 ns, At safepoint: 6493 ns, Total: 115942 ns
[2020-05-20T10:21:35.746+0000][1084][safepoint    ] Safepoint "Cleanup", Time since last: 1000380753 ns, Reaching safepoint: 133101 ns, At safepoint: 7420 ns, Total: 140521 ns
[2020-05-20T10:21:36.746+0000][1084][safepoint    ] Safepoint "Cleanup", Time since last: 1000694259 ns, Reaching safepoint: 102029 ns, At safepoint: 5565 ns, Total: 107594 ns
[2020-05-20T10:21:37.747+0000][1084][safepoint    ] Safepoint "Cleanup", Time since last: 1000221217 ns, Reaching safepoint: 136348 ns, At safepoint: 2782 ns, Total: 139130 ns
[2020-05-20T10:21:38.748+0000][1084][safepoint    ] Safepoint "Cleanup", Time since last: 1000761042 ns, Reaching safepoint: 150261 ns, At safepoint: 5101 ns, Total: 155362 ns
[2020-05-20T10:21:39.748+0000][1084][safepoint    ] Safepoint "Cleanup", Time since last: 1000326028 ns, Reaching safepoint: 92290 ns, At safepoint: 4174 ns, Total: 96464 ns
[2020-05-20T10:21:40.748+0000][1084][safepoint    ] Safepoint "Cleanup", Time since last: 1000076058 ns, Reaching safepoint: 102028 ns, At safepoint: 5102 ns, Total: 107130 ns
[2020-05-20T10:21:41.748+0000][1084][safepoint    ] Safepoint "Cleanup", Time since last: 1000088579 ns, Reaching safepoint: 132638 ns, At safepoint: 5101 ns, Total: 137739 ns
[2020-05-20T10:21:42.749+0000][1084][safepoint    ] Safepoint "Cleanup", Time since last: 1000377043 ns, Reaching safepoint: 125681 ns, At safepoint: 7420 ns, Total: 133101 ns
[2020-05-20T10:21:43.749+0000][1084][safepoint    ] Safepoint "Cleanup", Time since last: 1000231420 ns, Reaching safepoint: 81159 ns, At safepoint: 3710 ns, Total: 84869 ns
[2020-05-20T10:21:44.750+0000][1084][safepoint    ] Safepoint "Cleanup", Time since last: 1000770781 ns, Reaching safepoint: 94608 ns, At safepoint: 2783 ns, Total: 97391 ns
[2020-05-20T10:21:45.751+0000][1084][safepoint    ] Safepoint "Cleanup", Time since last: 1000657158 ns, Reaching safepoint: 84869 ns, At safepoint: 4638 ns, Total: 89507 ns
[2020-05-20T10:21:46.751+0000][1084][safepoint    ] Safepoint "Cleanup", Time since last: 1000274550 ns, Reaching safepoint: 112695 ns, At safepoint: 4174 ns, Total: 116869 ns
[2020-05-20T10:21:47.752+0000][1084][safepoint    ] Safepoint "Cleanup", Time since last: 1000301912 ns, Reaching safepoint: 124754 ns, At safepoint: 6493 ns, Total: 131247 ns
[2020-05-20T10:21:48.752+0000][1084][safepoint    ] Safepoint "Cleanup", Time since last: 1000556056 ns, Reaching safepoint: 90899 ns, At safepoint: 3246 ns, Total: 94145 ns
[2020-05-20T10:21:49.753+0000][1084][safepoint    ] Safepoint "Cleanup", Time since last: 1000080695 ns, Reaching safepoint: 89044 ns, At safepoint: 2782 ns, Total: 91826 ns
[2020-05-20T10:21:50.753+0000][1084][safepoint    ] Safepoint "Cleanup", Time since last: 1000012522 ns, Reaching safepoint: 143768 ns, At safepoint: 5565 ns, Total: 149333 ns
[2020-05-20T10:21:52.753+0000][1084][safepoint    ] Safepoint "Cleanup", Time since last: 2000179014 ns, Reaching safepoint: 125681 ns, At safepoint: 4638 ns, Total: 130319 ns
[2020-05-20T10:21:53.754+0000][1084][safepoint    ] Safepoint "Cleanup", Time since last: 1000707244 ns, Reaching safepoint: 89044 ns, At safepoint: 6956 ns, Total: 96000 ns
[2020-05-20T10:21:54.754+0000][1084][safepoint    ] Safepoint "Cleanup", Time since last: 1000295883 ns, Reaching safepoint: 134029 ns, At safepoint: 6029 ns, Total: 140058 ns
[2020-05-20T10:21:56.755+0000][1084][safepoint    ] Safepoint "Cleanup", Time since last: 2000257391 ns, Reaching safepoint: 99246 ns, At safepoint: 4174 ns, Total: 103420 ns
[2020-05-20T10:21:57.847+0000][1084][safepoint    ] Safepoint "Cleanup", Time since last: 1000490202 ns, Reaching safepoint: 91500309 ns, At safepoint: 25971 ns, Total: 91526280 ns
[2020-05-20T10:21:57.855+0000][1084][gc,start     ] GC(21) Pause Young (Concurrent Start) (G1 Evacuation Pause)
[2020-05-20T10:21:57.855+0000][1084][gc,task      ] GC(21) Using 4 workers of 4 for evacuation
[2020-05-20T10:21:57.855+0000][1084][gc,age       ] GC(21) Desired survivor size 3670016 bytes, new threshold 15 (max threshold 15)
[2020-05-20T10:21:58.389+0000][1084][gc,age       ] GC(21) Age table with threshold 15 (max threshold 15)
[2020-05-20T10:21:58.389+0000][1084][gc,age       ] GC(21) - age   1:     344520 bytes,     344520 total
[2020-05-20T10:21:58.390+0000][1084][gc,age       ] GC(21) - age   2:     314136 bytes,     658656 total
[2020-05-20T10:21:58.390+0000][1084][gc,age       ] GC(21) - age   3:     275064 bytes,     933720 total
[2020-05-20T10:21:58.390+0000][1084][gc,age       ] GC(21) - age   4:     362440 bytes,    1296160 total
[2020-05-20T10:21:58.390+0000][1084][gc,age       ] GC(21) - age   5:     142760 bytes,    1438920 total
[2020-05-20T10:21:58.390+0000][1084][gc,age       ] GC(21) - age   6:     611904 bytes,    2050824 total
[2020-05-20T10:21:58.390+0000][1084][gc,age       ] GC(21) - age   7:    1460200 bytes,    3511024 total
[2020-05-20T10:21:58.390+0000][1084][gc,mmu       ] GC(21) MMU target violated: 201.0ms (200.0ms/201.0ms)
[2020-05-20T10:21:58.390+0000][1084][gc,phases    ] GC(21)   Pre Evacuate Collection Set: 0.5ms
[2020-05-20T10:21:58.390+0000][1084][gc,phases    ] GC(21)   Merge Heap Roots: 0.1ms
[2020-05-20T10:21:58.390+0000][1084][gc,phases    ] GC(21)   Evacuate Collection Set: 532.8ms
[2020-05-20T10:21:58.390+0000][1084][gc,phases    ] GC(21)   Post Evacuate Collection Set: 0.9ms
[2020-05-20T10:21:58.390+0000][1084][gc,phases    ] GC(21)   Other: 0.7ms
[2020-05-20T10:21:58.390+0000][1084][gc,heap      ] GC(21) Eden regions: 51->0(47)
[2020-05-20T10:21:58.390+0000][1084][gc,heap      ] GC(21) Survivor regions: 4->4(7)
[2020-05-20T10:21:58.390+0000][1084][gc,heap      ] GC(21) Old regions: 73->73
[2020-05-20T10:21:58.390+0000][1084][gc,heap      ] GC(21) Archive regions: 0->0
[2020-05-20T10:21:58.390+0000][1084][gc,heap      ] GC(21) Humongous regions: 7->7
[2020-05-20T10:21:58.390+0000][1084][gc,metaspace ] GC(21) Metaspace: 95349K(103448K)->95349K(103448K) NonClass: 82604K(87428K)->82604K(87428K) Class: 12744K(16020K)->12744K(16020K)
[2020-05-20T10:21:58.390+0000][1084][gc           ] GC(21) Pause Young (Concurrent Start) (G1 Evacuation Pause) 134M->82M(1024M) 535.370ms
[2020-05-20T10:21:58.390+0000][1084][gc,cpu       ] GC(21) User=0.05s Sys=0.02s Real=0.54s
[2020-05-20T10:21:58.390+0000][1084][gc           ] GC(22) Concurrent Cycle
[2020-05-20T10:21:58.390+0000][1084][safepoint    ] Safepoint "G1CollectForAllocation", Time since last: 8161836 ns, Reaching safepoint: 128928 ns, At safepoint: 535595743 ns, Total: 535724671 ns
[2020-05-20T10:21:58.390+0000][1084][gc,marking   ] GC(22) Concurrent Clear Claimed Marks
[2020-05-20T10:21:58.391+0000][1084][gc,marking   ] GC(22) Concurrent Clear Claimed Marks 0.461ms
[2020-05-20T10:21:58.391+0000][1084][gc,marking   ] GC(22) Concurrent Scan Root Regions
[2020-05-20T10:21:58.396+0000][1084][gc,marking   ] GC(22) Concurrent Scan Root Regions 4.840ms
[2020-05-20T10:21:58.396+0000][1084][gc,marking   ] GC(22) Concurrent Mark (523.562s)
[2020-05-20T10:21:58.396+0000][1084][gc,marking   ] GC(22) Concurrent Mark From Roots
[2020-05-20T10:21:58.396+0000][1084][gc,task      ] GC(22) Using 1 workers of 1 for marking
[2020-05-20T10:21:58.545+0000][1084][gc,marking   ] GC(22) Concurrent Mark From Roots 149.577ms
[2020-05-20T10:21:58.545+0000][1084][gc,marking   ] GC(22) Concurrent Preclean
[2020-05-20T10:21:58.546+0000][1084][gc,marking   ] GC(22) Concurrent Preclean 0.395ms
[2020-05-20T10:21:58.546+0000][1084][gc,marking   ] GC(22) Concurrent Mark (523.562s, 523.712s) 150.111ms
[2020-05-20T10:21:58.546+0000][1084][gc,start     ] GC(22) Pause Remark
[2020-05-20T10:21:58.551+0000][1084][gc           ] GC(22) Pause Remark 85M->85M(1024M) 5.276ms
[2020-05-20T10:21:58.551+0000][1084][gc,cpu       ] GC(22) User=0.00s Sys=0.00s Real=0.01s
[2020-05-20T10:21:58.551+0000][1084][safepoint    ] Safepoint "G1Concurrent", Time since last: 155650422 ns, Reaching safepoint: 117333 ns, At safepoint: 5423292 ns, Total: 5540625 ns
[2020-05-20T10:21:58.551+0000][1084][gc,marking   ] GC(22) Concurrent Rebuild Remembered Sets
[2020-05-20T10:21:58.646+0000][1084][gc,marking   ] GC(22) Concurrent Rebuild Remembered Sets 94.393ms
[2020-05-20T10:21:58.646+0000][1084][gc,start     ] GC(22) Pause Cleanup
[2020-05-20T10:21:58.647+0000][1084][gc           ] GC(22) Pause Cleanup 85M->85M(1024M) 0.245ms
[2020-05-20T10:21:58.647+0000][1084][gc,cpu       ] GC(22) User=0.00s Sys=0.00s Real=0.00s
[2020-05-20T10:21:58.647+0000][1084][safepoint    ] Safepoint "G1Concurrent", Time since last: 94531027 ns, Reaching safepoint: 90898 ns, At safepoint: 345970 ns, Total: 436868 ns
[2020-05-20T10:21:58.647+0000][1084][gc,marking   ] GC(22) Concurrent Cleanup for Next Mark
[2020-05-20T10:21:58.659+0000][1084][gc,marking   ] GC(22) Concurrent Cleanup for Next Mark 12.674ms
[2020-05-20T10:21:58.659+0000][1084][gc           ] GC(22) Concurrent Cycle 268.995ms
[2020-05-20T10:21:59.660+0000][1084][safepoint    ] Safepoint "Cleanup", Time since last: 1000539361 ns, Reaching safepoint: 13046695 ns, At safepoint: 9739 ns, Total: 13056434 ns
[2020-05-20T10:22:00.661+0000][1084][safepoint    ] Safepoint "Cleanup", Time since last: 1000646955 ns, Reaching safepoint: 205449 ns, At safepoint: 9275 ns, Total: 214724 ns
[2020-05-20T10:22:01.662+0000][1084][safepoint    ] Safepoint "Cleanup", Time since last: 1000519883 ns, Reaching safepoint: 98782 ns, At safepoint: 2783 ns, Total: 101565 ns
[2020-05-20T10:22:02.662+0000][1084][safepoint    ] Safepoint "Cleanup", Time since last: 1000519883 ns, Reaching safepoint: 122898 ns, At safepoint: 21797 ns, Total: 144695 ns
[2020-05-20T10:22:03.663+0000][1084][safepoint    ] Safepoint "Cleanup", Time since last: 1000780984 ns, Reaching safepoint: 131710 ns, At safepoint: 9275 ns, Total: 140985 ns
[2020-05-20T10:22:04.664+0000][1084][safepoint    ] Safepoint "Cleanup", Time since last: 1000508289 ns, Reaching safepoint: 120579 ns, At safepoint: 4638 ns, Total: 125217 ns
[2020-05-20T10:22:06.049+0000][1084][safepoint    ] Safepoint "Cleanup", Time since last: 1384922006 ns, Reaching safepoint: 134956 ns, At safepoint: 4174 ns, Total: 139130 ns
[2020-05-20T10:22:07.049+0000][1084][safepoint    ] Safepoint "Cleanup", Time since last: 1000103420 ns, Reaching safepoint: 134492 ns, At safepoint: 2783 ns, Total: 137275 ns
[2020-05-20T10:22:08.050+0000][1084][safepoint    ] Safepoint "Cleanup", Time since last: 1000403013 ns, Reaching safepoint: 117797 ns, At safepoint: 4638 ns, Total: 122435 ns
[2020-05-20T10:22:09.050+0000][1084][safepoint    ] Safepoint "Cleanup", Time since last: 1000007420 ns, Reaching safepoint: 122435 ns, At safepoint: 7884 ns, Total: 130319 ns
[2020-05-20T10:22:10.051+0000][1084][safepoint    ] Safepoint "Cleanup", Time since last: 1000555129 ns, Reaching safepoint: 105739 ns, At safepoint: 4174 ns, Total: 109913 ns
[2020-05-20T10:22:11.051+0000][1084][safepoint    ] Safepoint "Cleanup", Time since last: 1000121970 ns, Reaching safepoint: 180870 ns, At safepoint: 4637 ns, Total: 185507 ns
[2020-05-20T10:22:12.052+0000][1084][safepoint    ] Safepoint "Cleanup", Time since last: 1000670607 ns, Reaching safepoint: 106203 ns, At safepoint: 4638 ns, Total: 110841 ns
[2020-05-20T10:22:13.052+0000][1084][safepoint    ] Safepoint "Cleanup", Time since last: 1000136347 ns, Reaching safepoint: 92754 ns, At safepoint: 3246 ns, Total: 96000 ns
[2020-05-20T10:22:14.052+0000][1084][safepoint    ] Safepoint "Cleanup", Time since last: 1000300057 ns, Reaching safepoint: 141449 ns, At safepoint: 4174 ns, Total: 145623 ns
[2020-05-20T10:22:15.053+0000][1084][safepoint    ] Safepoint "Cleanup", Time since last: 1000545390 ns, Reaching safepoint: 141913 ns, At safepoint: 6956 ns, Total: 148869 ns
[2020-05-20T10:22:17.054+0000][1084][safepoint    ] Safepoint "Cleanup", Time since last: 2000444289 ns, Reaching safepoint: 114551 ns, At safepoint: 6492 ns, Total: 121043 ns
[2020-05-20T10:22:18.055+0000][1084][safepoint    ] Safepoint "Cleanup", Time since last: 1000870955 ns, Reaching safepoint: 109449 ns, At safepoint: 5565 ns, Total: 115014 ns
[2020-05-20T10:22:19.055+0000][1084][safepoint    ] Safepoint "Cleanup", Time since last: 1000023652 ns, Reaching safepoint: 138203 ns, At safepoint: 4637 ns, Total: 142840 ns
[2020-05-20T10:22:20.056+0000][1084][safepoint    ] Safepoint "Cleanup", Time since last: 1000799535 ns, Reaching safepoint: 117797 ns, At safepoint: 3710 ns, Total: 121507 ns
[2020-05-20T10:22:22.057+0000][1084][safepoint    ] Safepoint "Cleanup", Time since last: 2000887186 ns, Reaching safepoint: 108058 ns, At safepoint: 5101 ns, Total: 113159 ns
[2020-05-20T10:22:23.057+0000][1084][safepoint    ] Safepoint "Cleanup", Time since last: 1000348289 ns, Reaching safepoint: 140522 ns, At safepoint: 50087 ns, Total: 190609 ns
[2020-05-20T10:22:24.058+0000][1084][safepoint    ] Safepoint "Cleanup", Time since last: 1000682201 ns, Reaching safepoint: 88116 ns, At safepoint: 5101 ns, Total: 93217 ns
[2020-05-20T10:22:25.058+0000][1084][safepoint    ] Safepoint "Cleanup", Time since last: 1000102956 ns, Reaching safepoint: 157217 ns, At safepoint: 5102 ns, Total: 162319 ns
[2020-05-20T10:22:27.059+0000][1084][safepoint    ] Safepoint "Cleanup", Time since last: 2000180869 ns, Reaching safepoint: 154898 ns, At safepoint: 8812 ns, Total: 163710 ns
[2020-05-20T10:22:29.059+0000][1084][safepoint    ] Safepoint "Cleanup", Time since last: 2000117797 ns, Reaching safepoint: 111304 ns, At safepoint: 4637 ns, Total: 115941 ns
[2020-05-20T10:22:30.060+0000][1084][safepoint    ] Safepoint "Cleanup", Time since last: 1000607071 ns, Reaching safepoint: 215188 ns, At safepoint: 8812 ns, Total: 224000 ns
[2020-05-20T10:22:32.060+0000][1084][safepoint    ] Safepoint "Cleanup", Time since last: 2000451709 ns, Reaching safepoint: 120116 ns, At safepoint: 6492 ns, Total: 126608 ns
[2020-05-20T10:22:32.698+0000][1084][gc,start     ] GC(23) Pause Young (Normal) (G1 Evacuation Pause)
[2020-05-20T10:22:32.698+0000][1084][gc,task      ] GC(23) Using 4 workers of 4 for evacuation
[2020-05-20T10:22:32.698+0000][1084][gc,age       ] GC(23) Desired survivor size 3670016 bytes, new threshold 15 (max threshold 15)
[2020-05-20T10:22:32.705+0000][1084][gc,age       ] GC(23) Age table with threshold 15 (max threshold 15)
[2020-05-20T10:22:32.705+0000][1084][gc,age       ] GC(23) - age   1:     165112 bytes,     165112 total
[2020-05-20T10:22:32.705+0000][1084][gc,age       ] GC(23) - age   2:     272232 bytes,     437344 total
[2020-05-20T10:22:32.705+0000][1084][gc,age       ] GC(23) - age   3:     313928 bytes,     751272 total
[2020-05-20T10:22:32.705+0000][1084][gc,age       ] GC(23) - age   4:     264632 bytes,    1015904 total
[2020-05-20T10:22:32.705+0000][1084][gc,age       ] GC(23) - age   5:     362400 bytes,    1378304 total
[2020-05-20T10:22:32.705+0000][1084][gc,age       ] GC(23) - age   6:     141424 bytes,    1519728 total
[2020-05-20T10:22:32.705+0000][1084][gc,age       ] GC(23) - age   7:     608360 bytes,    2128088 total
[2020-05-20T10:22:32.705+0000][1084][gc,age       ] GC(23) - age   8:    1459888 bytes,    3587976 total
[2020-05-20T10:22:32.706+0000][1084][gc,phases    ] GC(23)   Pre Evacuate Collection Set: 0.2ms
[2020-05-20T10:22:32.706+0000][1084][gc,phases    ] GC(23)   Merge Heap Roots: 0.1ms
[2020-05-20T10:22:32.706+0000][1084][gc,phases    ] GC(23)   Evacuate Collection Set: 5.8ms
[2020-05-20T10:22:32.706+0000][1084][gc,phases    ] GC(23)   Post Evacuate Collection Set: 0.9ms
[2020-05-20T10:22:32.706+0000][1084][gc,phases    ] GC(23)   Other: 0.6ms
[2020-05-20T10:22:32.706+0000][1084][gc,heap      ] GC(23) Eden regions: 47->0(47)
[2020-05-20T10:22:32.706+0000][1084][gc,heap      ] GC(23) Survivor regions: 4->4(7)
[2020-05-20T10:22:32.706+0000][1084][gc,heap      ] GC(23) Old regions: 73->73
[2020-05-20T10:22:32.706+0000][1084][gc,heap      ] GC(23) Archive regions: 0->0
[2020-05-20T10:22:32.706+0000][1084][gc,heap      ] GC(23) Humongous regions: 7->7
[2020-05-20T10:22:32.706+0000][1084][gc,metaspace ] GC(23) Metaspace: 95472K(103448K)->95472K(103448K) NonClass: 82728K(87428K)->82728K(87428K) Class: 12744K(16020K)->12744K(16020K)
[2020-05-20T10:22:32.706+0000][1084][gc           ] GC(23) Pause Young (Normal) (G1 Evacuation Pause) 129M->83M(1024M) 8.092ms
[2020-05-20T10:22:32.706+0000][1084][gc,cpu       ] GC(23) User=0.06s Sys=0.00s Real=0.01s
[2020-05-20T10:22:32.706+0000][1084][safepoint    ] Safepoint "G1CollectForAllocation", Time since last: 637607333 ns, Reaching safepoint: 141913 ns, At safepoint: 8282416 ns, Total: 8424329 ns
[2020-05-20T10:22:34.707+0000][1084][safepoint    ] Safepoint "Cleanup", Time since last: 2000561158 ns, Reaching safepoint: 212869 ns, At safepoint: 19478 ns, Total: 232347 ns
[2020-05-20T10:22:36.707+0000][1084][safepoint    ] Safepoint "Cleanup", Time since last: 1999980522 ns, Reaching safepoint: 223072 ns, At safepoint: 6493 ns, Total: 229565 ns
[2020-05-20T10:22:37.708+0000][1084][safepoint    ] Safepoint "Cleanup", Time since last: 1000107130 ns, Reaching safepoint: 122434 ns, At safepoint: 6957 ns, Total: 129391 ns
[2020-05-20T10:22:38.708+0000][1084][safepoint    ] Safepoint "Cleanup", Time since last: 1000656694 ns, Reaching safepoint: 185971 ns, At safepoint: 24115 ns, Total: 210086 ns
[2020-05-20T10:22:39.709+0000][1084][safepoint    ] Safepoint "Cleanup", Time since last: 1000747129 ns, Reaching safepoint: 172521 ns, At safepoint: 4174 ns, Total: 176695 ns
[2020-05-20T10:22:40.710+0000][1084][safepoint    ] Safepoint "Cleanup", Time since last: 1000500405 ns, Reaching safepoint: 190145 ns, At safepoint: 7420 ns, Total: 197565 ns
[2020-05-20T10:22:41.711+0000][1084][safepoint    ] Safepoint "Cleanup", Time since last: 1000649274 ns, Reaching safepoint: 136347 ns, At safepoint: 5102 ns, Total: 141449 ns
[2020-05-20T10:22:42.711+0000][1084][safepoint    ] Safepoint "Cleanup", Time since last: 1000313506 ns, Reaching safepoint: 129855 ns, At safepoint: 4638 ns, Total: 134493 ns
[2020-05-20T10:22:43.712+0000][1084][safepoint    ] Safepoint "Cleanup", Time since last: 1000307013 ns, Reaching safepoint: 101565 ns, At safepoint: 4174 ns, Total: 105739 ns
[2020-05-20T10:22:44.712+0000][1084][safepoint    ] Safepoint "Cleanup", Time since last: 1000036174 ns, Reaching safepoint: 178087 ns, At safepoint: 4173 ns, Total: 182260 ns
[2020-05-20T10:22:46.713+0000][1084][safepoint    ] Safepoint "Cleanup", Time since last: 2000764752 ns, Reaching safepoint: 111304 ns, At safepoint: 2783 ns, Total: 114087 ns
[2020-05-20T10:22:47.713+0000][1084][safepoint    ] Safepoint "Cleanup", Time since last: 1000354318 ns, Reaching safepoint: 155362 ns, At safepoint: 4638 ns, Total: 160000 ns
[2020-05-20T10:22:49.714+0000][1084][safepoint    ] Safepoint "Cleanup", Time since last: 2000680346 ns, Reaching safepoint: 103420 ns, At safepoint: 2783 ns, Total: 106203 ns
[2020-05-20T10:22:50.721+0000][1084][safepoint    ] Safepoint "Cleanup", Time since last: 1001339823 ns, Reaching safepoint: 1992807 ns, At safepoint: 4507351 ns, Total: 6500158 ns
[2020-05-20T10:22:52.723+0000][1084][safepoint    ] Safepoint "Cleanup", Time since last: 2000797216 ns, Reaching safepoint: 112695 ns, At safepoint: 5566 ns, Total: 118261 ns
[2020-05-20T10:22:54.724+0000][1084][safepoint    ] Safepoint "Cleanup", Time since last: 2000578317 ns, Reaching safepoint: 110377 ns, At safepoint: 5565 ns, Total: 115942 ns
[2020-05-20T10:22:55.724+0000][1084][safepoint    ] Safepoint "Cleanup", Time since last: 1000814839 ns, Reaching safepoint: 176695 ns, At safepoint: 2782 ns, Total: 179477 ns
[2020-05-20T10:22:57.725+0000][1084][safepoint    ] Safepoint "Cleanup", Time since last: 2000353391 ns, Reaching safepoint: 216115 ns, At safepoint: 7884 ns, Total: 223999 ns
[2020-05-20T10:22:58.727+0000][1084][safepoint    ] Safepoint "Cleanup", Time since last: 1001220171 ns, Reaching safepoint: 550956 ns, At safepoint: 14840 ns, Total: 565796 ns
[2020-05-20T10:23:00.727+0000][1084][safepoint    ] Safepoint "Cleanup", Time since last: 2000380753 ns, Reaching safepoint: 136811 ns, At safepoint: 6493 ns, Total: 143304 ns
[2020-05-20T10:23:01.728+0000][1084][safepoint    ] Safepoint "Cleanup", Time since last: 1000335767 ns, Reaching safepoint: 96464 ns, At safepoint: 3246 ns, Total: 99710 ns
[2020-05-20T10:23:02.729+0000][1084][safepoint    ] Safepoint "Cleanup", Time since last: 1000678028 ns, Reaching safepoint: 115941 ns, At safepoint: 2783 ns, Total: 118724 ns
[2020-05-20T10:23:03.729+0000][1084][safepoint    ] Safepoint "Cleanup", Time since last: 1000639535 ns, Reaching safepoint: 150260 ns, At safepoint: 6029 ns, Total: 156289 ns
[2020-05-20T10:23:04.730+0000][1084][safepoint    ] Safepoint "Cleanup", Time since last: 1000077449 ns, Reaching safepoint: 128000 ns, At safepoint: 6493 ns, Total: 134493 ns
[2020-05-20T10:23:05.730+0000][1084][safepoint    ] Safepoint "Cleanup", Time since last: 1000270376 ns, Reaching safepoint: 126608 ns, At safepoint: 4638 ns, Total: 131246 ns
[2020-05-20T10:23:05.738+0000][1084][gc,start     ] GC(24) Pause Young (Normal) (G1 Evacuation Pause)
[2020-05-20T10:23:05.738+0000][1084][gc,task      ] GC(24) Using 4 workers of 4 for evacuation
[2020-05-20T10:23:05.738+0000][1084][gc,age       ] GC(24) Desired survivor size 3670016 bytes, new threshold 15 (max threshold 15)
[2020-05-20T10:23:05.746+0000][1084][gc,age       ] GC(24) Age table with threshold 15 (max threshold 15)
[2020-05-20T10:23:05.746+0000][1084][gc,age       ] GC(24) - age   1:     162992 bytes,     162992 total
[2020-05-20T10:23:05.746+0000][1084][gc,age       ] GC(24) - age   2:      14616 bytes,     177608 total
[2020-05-20T10:23:05.746+0000][1084][gc,age       ] GC(24) - age   3:     262872 bytes,     440480 total
[2020-05-20T10:23:05.746+0000][1084][gc,age       ] GC(24) - age   4:     313848 bytes,     754328 total
[2020-05-20T10:23:05.746+0000][1084][gc,age       ] GC(24) - age   5:     264272 bytes,    1018600 total
[2020-05-20T10:23:05.746+0000][1084][gc,age       ] GC(24) - age   6:     354344 bytes,    1372944 total
[2020-05-20T10:23:05.746+0000][1084][gc,age       ] GC(24) - age   7:     141424 bytes,    1514368 total
[2020-05-20T10:23:05.746+0000][1084][gc,age       ] GC(24) - age   8:     608360 bytes,    2122728 total
[2020-05-20T10:23:05.746+0000][1084][gc,age       ] GC(24) - age   9:    1459888 bytes,    3582616 total
[2020-05-20T10:23:05.746+0000][1084][gc,phases    ] GC(24)   Pre Evacuate Collection Set: 0.3ms
[2020-05-20T10:23:05.746+0000][1084][gc,phases    ] GC(24)   Merge Heap Roots: 0.1ms
[2020-05-20T10:23:05.746+0000][1084][gc,phases    ] GC(24)   Evacuate Collection Set: 6.1ms
[2020-05-20T10:23:05.746+0000][1084][gc,phases    ] GC(24)   Post Evacuate Collection Set: 0.8ms
[2020-05-20T10:23:05.746+0000][1084][gc,phases    ] GC(24)   Other: 0.7ms
[2020-05-20T10:23:05.746+0000][1084][gc,heap      ] GC(24) Eden regions: 47->0(47)
[2020-05-20T10:23:05.746+0000][1084][gc,heap      ] GC(24) Survivor regions: 4->4(7)
[2020-05-20T10:23:05.746+0000][1084][gc,heap      ] GC(24) Old regions: 73->73
[2020-05-20T10:23:05.746+0000][1084][gc,heap      ] GC(24) Archive regions: 0->0
[2020-05-20T10:23:05.746+0000][1084][gc,heap      ] GC(24) Humongous regions: 7->7
[2020-05-20T10:23:05.746+0000][1084][gc,metaspace ] GC(24) Metaspace: 95618K(103704K)->95618K(103704K) NonClass: 82874K(87684K)->82874K(87684K) Class: 12744K(16020K)->12744K(16020K)
[2020-05-20T10:23:05.747+0000][1084][gc           ] GC(24) Pause Young (Normal) (G1 Evacuation Pause) 130M->83M(1024M) 8.395ms
[2020-05-20T10:23:05.747+0000][1084][gc,cpu       ] GC(24) User=0.00s Sys=0.02s Real=0.01s
[2020-05-20T10:23:05.747+0000][1084][safepoint    ] Safepoint "G1CollectForAllocation", Time since last: 8122880 ns, Reaching safepoint: 117797 ns, At safepoint: 8580617 ns, Total: 8698414 ns
[2020-05-20T10:23:06.748+0000][1084][safepoint    ] Safepoint "Cleanup", Time since last: 1000594550 ns, Reaching safepoint: 142840 ns, At safepoint: 6956 ns, Total: 149796 ns
[2020-05-20T10:23:07.748+0000][1084][safepoint    ] Safepoint "Cleanup", Time since last: 1000656695 ns, Reaching safepoint: 85333 ns, At safepoint: 4174 ns, Total: 89507 ns
[2020-05-20T10:23:08.749+0000][1084][safepoint    ] Safepoint "Cleanup", Time since last: 1000612172 ns, Reaching safepoint: 105275 ns, At safepoint: 4174 ns, Total: 109449 ns
[2020-05-20T10:23:09.750+0000][1084][safepoint    ] Safepoint "Cleanup", Time since last: 1000375651 ns, Reaching safepoint: 117333 ns, At safepoint: 6957 ns, Total: 124290 ns
[2020-05-20T10:23:10.750+0000][1084][safepoint    ] Safepoint "Cleanup", Time since last: 1000510144 ns, Reaching safepoint: 92289 ns, At safepoint: 5102 ns, Total: 97391 ns
[2020-05-20T10:23:11.753+0000][1084][safepoint    ] Safepoint "Cleanup", Time since last: 1002416690 ns, Reaching safepoint: 114550 ns, At safepoint: 6493 ns, Total: 121043 ns
[2020-05-20T10:23:12.754+0000][1084][safepoint    ] Safepoint "Cleanup", Time since last: 1000796752 ns, Reaching safepoint: 93681 ns, At safepoint: 6029 ns, Total: 99710 ns
[2020-05-20T10:23:13.755+0000][1084][safepoint    ] Safepoint "Cleanup", Time since last: 1000905273 ns, Reaching safepoint: 107130 ns, At safepoint: 5102 ns, Total: 112232 ns
[2020-05-20T10:23:14.756+0000][1084][safepoint    ] Safepoint "Cleanup", Time since last: 1001657503 ns, Reaching safepoint: 80695 ns, At safepoint: 2783 ns, Total: 83478 ns
[2020-05-20T10:23:15.757+0000][1084][safepoint    ] Safepoint "Cleanup", Time since last: 1000678491 ns, Reaching safepoint: 220753 ns, At safepoint: 14377 ns, Total: 235130 ns
[2020-05-20T10:23:16.758+0000][1084][safepoint    ] Safepoint "Cleanup", Time since last: 1000343652 ns, Reaching safepoint: 144695 ns, At safepoint: 10203 ns, Total: 154898 ns
[2020-05-20T10:23:17.785+0000][1084][safepoint    ] Safepoint "Cleanup", Time since last: 1026711590 ns, Reaching safepoint: 129855 ns, At safepoint: 4174 ns, Total: 134029 ns
[2020-05-20T10:23:18.787+0000][1084][safepoint    ] Safepoint "Cleanup", Time since last: 1002265502 ns, Reaching safepoint: 117796 ns, At safepoint: 6957 ns, Total: 124753 ns
[2020-05-20T10:23:19.787+0000][1084][safepoint    ] Safepoint "Cleanup", Time since last: 1000276869 ns, Reaching safepoint: 131710 ns, At safepoint: 3710 ns, Total: 135420 ns
[2020-05-20T10:23:20.788+0000][1084][safepoint    ] Safepoint "Cleanup", Time since last: 1000264347 ns, Reaching safepoint: 135420 ns, At safepoint: 4174 ns, Total: 139594 ns
[2020-05-20T10:23:21.789+0000][1084][safepoint    ] Safepoint "Cleanup", Time since last: 1000606143 ns, Reaching safepoint: 104812 ns, At safepoint: 5101 ns, Total: 109913 ns
[2020-05-20T10:23:22.789+0000][1084][safepoint    ] Safepoint "Cleanup", Time since last: 1000255072 ns, Reaching safepoint: 100638 ns, At safepoint: 4637 ns, Total: 105275 ns
[2020-05-20T10:23:23.789+0000][1084][safepoint    ] Safepoint "Cleanup", Time since last: 1000247188 ns, Reaching safepoint: 170203 ns, At safepoint: 6492 ns, Total: 176695 ns
[2020-05-20T10:23:25.409+0000][1084][safepoint    ] Safepoint "Cleanup", Time since last: 1619527375 ns, Reaching safepoint: 152580 ns, At safepoint: 7884 ns, Total: 160464 ns
[2020-05-20T10:23:26.410+0000][1084][safepoint    ] Safepoint "Cleanup", Time since last: 1000579709 ns, Reaching safepoint: 109912 ns, At safepoint: 2783 ns, Total: 112695 ns
[2020-05-20T10:23:27.410+0000][1084][safepoint    ] Safepoint "Cleanup", Time since last: 1000366376 ns, Reaching safepoint: 98782 ns, At safepoint: 4638 ns, Total: 103420 ns
[2020-05-20T10:23:29.410+0000][1084][safepoint    ] Safepoint "Cleanup", Time since last: 2000080695 ns, Reaching safepoint: 134029 ns, At safepoint: 5565 ns, Total: 139594 ns
[2020-05-20T10:23:30.411+0000][1084][safepoint    ] Safepoint "Cleanup", Time since last: 1000382608 ns, Reaching safepoint: 103420 ns, At safepoint: 4638 ns, Total: 108058 ns
[2020-05-20T10:23:31.411+0000][1084][safepoint    ] Safepoint "Cleanup", Time since last: 1000481854 ns, Reaching safepoint: 142840 ns, At safepoint: 6957 ns, Total: 149797 ns
[2020-05-20T10:23:32.412+0000][1084][safepoint    ] Safepoint "Cleanup", Time since last: 1000381680 ns, Reaching safepoint: 147014 ns, At safepoint: 7884 ns, Total: 154898 ns
[2020-05-20T10:23:33.412+0000][1084][safepoint    ] Safepoint "Cleanup", Time since last: 1000038493 ns, Reaching safepoint: 161391 ns, At safepoint: 9739 ns, Total: 171130 ns
[2020-05-20T10:23:34.413+0000][1084][safepoint    ] Safepoint "Cleanup", Time since last: 1000798607 ns, Reaching safepoint: 134492 ns, At safepoint: 4174 ns, Total: 138666 ns
[2020-05-20T10:23:35.414+0000][1084][safepoint    ] Safepoint "Cleanup", Time since last: 1000700752 ns, Reaching safepoint: 85797 ns, At safepoint: 3246 ns, Total: 89043 ns
[2020-05-20T10:23:36.415+0000][1084][safepoint    ] Safepoint "Cleanup", Time since last: 1000816694 ns, Reaching safepoint: 82087 ns, At safepoint: 4174 ns, Total: 86261 ns
[2020-05-20T10:23:37.415+0000][1084][safepoint    ] Safepoint "Cleanup", Time since last: 1000303767 ns, Reaching safepoint: 169275 ns, At safepoint: 9739 ns, Total: 179014 ns
[2020-05-20T10:23:38.416+0000][1084][safepoint    ] Safepoint "Cleanup", Time since last: 1000463767 ns, Reaching safepoint: 120580 ns, At safepoint: 5101 ns, Total: 125681 ns
[2020-05-20T10:23:38.706+0000][1084][gc,start     ] GC(25) Pause Young (Normal) (G1 Evacuation Pause)
[2020-05-20T10:23:38.706+0000][1084][gc,task      ] GC(25) Using 4 workers of 4 for evacuation
[2020-05-20T10:23:38.706+0000][1084][gc,age       ] GC(25) Desired survivor size 3670016 bytes, new threshold 15 (max threshold 15)
[2020-05-20T10:23:38.713+0000][1084][gc,age       ] GC(25) Age table with threshold 15 (max threshold 15)
[2020-05-20T10:23:38.713+0000][1084][gc,age       ] GC(25) - age   1:     178688 bytes,     178688 total
[2020-05-20T10:23:38.713+0000][1084][gc,age       ] GC(25) - age   2:      18832 bytes,     197520 total
[2020-05-20T10:23:38.713+0000][1084][gc,age       ] GC(25) - age   3:      13280 bytes,     210800 total
[2020-05-20T10:23:38.713+0000][1084][gc,age       ] GC(25) - age   4:     254816 bytes,     465616 total
[2020-05-20T10:23:38.713+0000][1084][gc,age       ] GC(25) - age   5:     313848 bytes,     779464 total
[2020-05-20T10:23:38.713+0000][1084][gc,age       ] GC(25) - age   6:     166152 bytes,     945616 total
[2020-05-20T10:23:38.713+0000][1084][gc,age       ] GC(25) - age   7:     354344 bytes,    1299960 total
[2020-05-20T10:23:38.713+0000][1084][gc,age       ] GC(25) - age   8:     141424 bytes,    1441384 total
[2020-05-20T10:23:38.713+0000][1084][gc,age       ] GC(25) - age   9:     608360 bytes,    2049744 total
[2020-05-20T10:23:38.713+0000][1084][gc,age       ] GC(25) - age  10:    1459888 bytes,    3509632 total
[2020-05-20T10:23:38.713+0000][1084][gc,phases    ] GC(25)   Pre Evacuate Collection Set: 0.1ms
[2020-05-20T10:23:38.713+0000][1084][gc,phases    ] GC(25)   Merge Heap Roots: 0.1ms
[2020-05-20T10:23:38.713+0000][1084][gc,phases    ] GC(25)   Evacuate Collection Set: 5.5ms
[2020-05-20T10:23:38.713+0000][1084][gc,phases    ] GC(25)   Post Evacuate Collection Set: 0.7ms
[2020-05-20T10:23:38.713+0000][1084][gc,phases    ] GC(25)   Other: 0.7ms
[2020-05-20T10:23:38.714+0000][1084][gc,heap      ] GC(25) Eden regions: 47->0(83)
[2020-05-20T10:23:38.714+0000][1084][gc,heap      ] GC(25) Survivor regions: 4->4(7)
[2020-05-20T10:23:38.714+0000][1084][gc,heap      ] GC(25) Old regions: 73->73
[2020-05-20T10:23:38.714+0000][1084][gc,heap      ] GC(25) Archive regions: 0->0
[2020-05-20T10:23:38.714+0000][1084][gc,heap      ] GC(25) Humongous regions: 7->7
[2020-05-20T10:23:38.714+0000][1084][gc,metaspace ] GC(25) Metaspace: 95665K(103704K)->95665K(103704K) NonClass: 82920K(87684K)->82920K(87684K) Class: 12744K(16020K)->12744K(16020K)
[2020-05-20T10:23:38.714+0000][1084][gc           ] GC(25) Pause Young (Normal) (G1 Evacuation Pause) 130M->83M(1024M) 7.537ms
[2020-05-20T10:23:38.714+0000][1084][gc,cpu       ] GC(25) User=0.00s Sys=0.00s Real=0.01s
[2020-05-20T10:23:38.714+0000][1084][safepoint    ] Safepoint "G1CollectForAllocation", Time since last: 290241182 ns, Reaching safepoint: 165101 ns, At safepoint: 7741200 ns, Total: 7906301 ns
[2020-05-20T10:23:39.714+0000][1084][safepoint    ] Safepoint "Cleanup", Time since last: 1000141448 ns, Reaching safepoint: 234667 ns, At safepoint: 10202 ns, Total: 244869 ns
[2020-05-20T10:23:40.715+0000][1084][safepoint    ] Safepoint "Cleanup", Time since last: 1000102493 ns, Reaching safepoint: 119188 ns, At safepoint: 3246 ns, Total: 122434 ns
[2020-05-20T10:23:41.716+0000][1084][safepoint    ] Safepoint "Cleanup", Time since last: 1000735071 ns, Reaching safepoint: 257391 ns, At safepoint: 17623 ns, Total: 275014 ns
[2020-05-20T10:23:42.716+0000][1084][safepoint    ] Safepoint "Cleanup", Time since last: 1000465622 ns, Reaching safepoint: 106203 ns, At safepoint: 6493 ns, Total: 112696 ns
[2020-05-20T10:23:43.717+0000][1084][safepoint    ] Safepoint "Cleanup", Time since last: 1000902954 ns, Reaching safepoint: 194318 ns, At safepoint: 6957 ns, Total: 201275 ns
[2020-05-20T10:23:44.718+0000][1084][safepoint    ] Safepoint "Cleanup", Time since last: 1000398840 ns, Reaching safepoint: 108985 ns, At safepoint: 4638 ns, Total: 113623 ns
[2020-05-20T10:23:45.719+0000][1084][safepoint    ] Safepoint "Cleanup", Time since last: 1000474897 ns, Reaching safepoint: 160927 ns, At safepoint: 8348 ns, Total: 169275 ns
[2020-05-20T10:23:46.719+0000][1084][safepoint    ] Safepoint "Cleanup", Time since last: 1000596404 ns, Reaching safepoint: 121971 ns, At safepoint: 5102 ns, Total: 127073 ns
[2020-05-20T10:23:48.720+0000][1084][safepoint    ] Safepoint "Cleanup", Time since last: 2000308405 ns, Reaching safepoint: 106202 ns, At safepoint: 5102 ns, Total: 111304 ns
[2020-05-20T10:23:49.720+0000][1084][safepoint    ] Safepoint "Cleanup", Time since last: 1000327419 ns, Reaching safepoint: 233739 ns, At safepoint: 19942 ns, Total: 253681 ns
[2020-05-20T10:23:51.721+0000][1084][safepoint    ] Safepoint "Cleanup", Time since last: 2000940056 ns, Reaching safepoint: 105275 ns, At safepoint: 2782 ns, Total: 108057 ns
[2020-05-20T10:23:52.722+0000][1084][safepoint    ] Safepoint "Cleanup", Time since last: 1000821795 ns, Reaching safepoint: 101102 ns, At safepoint: 12985 ns, Total: 114087 ns
[2020-05-20T10:23:53.723+0000][1084][safepoint    ] Safepoint "Cleanup", Time since last: 1000305623 ns, Reaching safepoint: 117796 ns, At safepoint: 4638 ns, Total: 122434 ns
[2020-05-20T10:23:55.030+0000][1084][safepoint    ] Safepoint "Cleanup", Time since last: 1307210882 ns, Reaching safepoint: 157217 ns, At safepoint: 6493 ns, Total: 163710 ns
[2020-05-20T10:23:56.939+0000][1084][safepoint    ] Safepoint "Cleanup", Time since last: 1908569719 ns, Reaching safepoint: 114087 ns, At safepoint: 8811 ns, Total: 122898 ns
[2020-05-20T10:23:58.236+0000][1084][safepoint    ] Safepoint "Cleanup", Time since last: 1297033051 ns, Reaching safepoint: 129854 ns, At safepoint: 6493 ns, Total: 136347 ns
[2020-05-20T10:23:59.237+0000][1084][safepoint    ] Safepoint "Cleanup", Time since last: 1000763824 ns, Reaching safepoint: 108058 ns, At safepoint: 4638 ns, Total: 112696 ns
[2020-05-20T10:24:00.291+0000][1084][safepoint    ] Safepoint "Cleanup", Time since last: 1054180512 ns, Reaching safepoint: 121043 ns, At safepoint: 4174 ns, Total: 125217 ns
[2020-05-20T10:24:01.292+0000][1084][safepoint    ] Safepoint "Cleanup", Time since last: 1000341333 ns, Reaching safepoint: 126608 ns, At safepoint: 6956 ns, Total: 133564 ns
[2020-05-20T10:24:02.292+0000][1084][safepoint    ] Safepoint "Cleanup", Time since last: 1000513391 ns, Reaching safepoint: 116869 ns, At safepoint: 6493 ns, Total: 123362 ns
[2020-05-20T10:24:03.486+0000][1084][safepoint    ] Safepoint "Cleanup", Time since last: 1193883376 ns, Reaching safepoint: 123826 ns, At safepoint: 6956 ns, Total: 130782 ns
[2020-05-20T10:24:04.487+0000][1084][safepoint    ] Safepoint "Cleanup", Time since last: 1000644173 ns, Reaching safepoint: 113623 ns, At safepoint: 5101 ns, Total: 118724 ns
[2020-05-20T10:24:05.487+0000][1084][safepoint    ] Safepoint "Cleanup", Time since last: 1000036174 ns, Reaching safepoint: 142377 ns, At safepoint: 4637 ns, Total: 147014 ns
[2020-05-20T10:24:06.488+0000][1084][safepoint    ] Safepoint "Cleanup", Time since last: 1000765680 ns, Reaching safepoint: 104811 ns, At safepoint: 5101 ns, Total: 109912 ns
[2020-05-20T10:24:07.488+0000][1084][safepoint    ] Safepoint "Cleanup", Time since last: 1000278724 ns, Reaching safepoint: 115015 ns, At safepoint: 4173 ns, Total: 119188 ns
[2020-05-20T10:24:08.489+0000][1084][safepoint    ] Safepoint "Cleanup", Time since last: 1000800462 ns, Reaching safepoint: 125217 ns, At safepoint: 4638 ns, Total: 129855 ns
[2020-05-20T10:24:09.490+0000][1084][safepoint    ] Safepoint "Cleanup", Time since last: 1000731361 ns, Reaching safepoint: 127072 ns, At safepoint: 5565 ns, Total: 132637 ns
[2020-05-20T10:24:10.491+0000][1084][safepoint    ] Safepoint "Cleanup", Time since last: 1000494376 ns, Reaching safepoint: 128000 ns, At safepoint: 4173 ns, Total: 132173 ns
[2020-05-20T10:24:11.492+0000][1084][safepoint    ] Safepoint "Cleanup", Time since last: 1000775883 ns, Reaching safepoint: 182724 ns, At safepoint: 2319 ns, Total: 185043 ns
[2020-05-20T10:24:12.492+0000][1084][safepoint    ] Safepoint "Cleanup", Time since last: 1000279187 ns, Reaching safepoint: 201739 ns, At safepoint: 6493 ns, Total: 208232 ns
[2020-05-20T10:24:13.493+0000][1084][safepoint    ] Safepoint "Cleanup", Time since last: 1000067710 ns, Reaching safepoint: 149797 ns, At safepoint: 8347 ns, Total: 158144 ns
[2020-05-20T10:24:14.493+0000][1084][safepoint    ] Safepoint "Cleanup", Time since last: 1000410434 ns, Reaching safepoint: 106667 ns, At safepoint: 4637 ns, Total: 111304 ns
[2020-05-20T10:24:15.494+0000][1084][safepoint    ] Safepoint "Cleanup", Time since last: 1000326492 ns, Reaching safepoint: 150725 ns, At safepoint: 5565 ns, Total: 156290 ns
[2020-05-20T10:24:16.494+0000][1084][safepoint    ] Safepoint "Cleanup", Time since last: 1000573216 ns, Reaching safepoint: 123362 ns, At safepoint: 5101 ns, Total: 128463 ns
[2020-05-20T10:24:17.494+0000][1084][safepoint    ] Safepoint "Cleanup", Time since last: 1000113623 ns, Reaching safepoint: 255072 ns, At safepoint: 9276 ns, Total: 264348 ns
[2020-05-20T10:24:18.495+0000][1084][safepoint    ] Safepoint "Cleanup", Time since last: 1000569505 ns, Reaching safepoint: 153507 ns, At safepoint: 7884 ns, Total: 161391 ns
[2020-05-20T10:24:19.496+0000][1084][safepoint    ] Safepoint "Cleanup", Time since last: 1000007421 ns, Reaching safepoint: 183651 ns, At safepoint: 5566 ns, Total: 189217 ns
[2020-05-20T10:24:20.496+0000][1084][safepoint    ] Safepoint "Cleanup", Time since last: 1000772172 ns, Reaching safepoint: 94144 ns, At safepoint: 4638 ns, Total: 98782 ns
[2020-05-20T10:24:21.497+0000][1084][safepoint    ] Safepoint "Cleanup", Time since last: 1000124753 ns, Reaching safepoint: 260174 ns, At safepoint: 9739 ns, Total: 269913 ns
[2020-05-20T10:24:22.498+0000][1084][safepoint    ] Safepoint "Cleanup", Time since last: 1000561622 ns, Reaching safepoint: 112695 ns, At safepoint: 7420 ns, Total: 120115 ns
[2020-05-20T10:24:23.498+0000][1084][safepoint    ] Safepoint "Cleanup", Time since last: 1000555130 ns, Reaching safepoint: 109449 ns, At safepoint: 2782 ns, Total: 112231 ns
[2020-05-20T10:24:24.499+0000][1084][safepoint    ] Safepoint "Cleanup", Time since last: 1000269913 ns, Reaching safepoint: 104347 ns, At safepoint: 6493 ns, Total: 110840 ns
[2020-05-20T10:24:26.499+0000][1084][safepoint    ] Safepoint "Cleanup", Time since last: 2000269912 ns, Reaching safepoint: 99246 ns, At safepoint: 3247 ns, Total: 102493 ns
[2020-05-20T10:24:27.500+0000][1084][safepoint    ] Safepoint "Cleanup", Time since last: 1000648346 ns, Reaching safepoint: 105739 ns, At safepoint: 3246 ns, Total: 108985 ns
[2020-05-20T10:24:28.500+0000][1084][safepoint    ] Safepoint "Cleanup", Time since last: 1000253681 ns, Reaching safepoint: 106666 ns, At safepoint: 3247 ns, Total: 109913 ns
[2020-05-20T10:24:29.501+0000][1084][safepoint    ] Safepoint "Cleanup", Time since last: 1000528230 ns, Reaching safepoint: 146087 ns, At safepoint: 3710 ns, Total: 149797 ns
[2020-05-20T10:24:30.502+0000][1084][safepoint    ] Safepoint "Cleanup", Time since last: 1000671999 ns, Reaching safepoint: 149333 ns, At safepoint: 6492 ns, Total: 155825 ns
[2020-05-20T10:24:32.502+0000][1084][safepoint    ] Safepoint "Cleanup", Time since last: 2000690086 ns, Reaching safepoint: 108057 ns, At safepoint: 6493 ns, Total: 114550 ns
[2020-05-20T10:24:33.503+0000][1084][safepoint    ] Safepoint "Cleanup", Time since last: 1000065391 ns, Reaching safepoint: 116406 ns, At safepoint: 7884 ns, Total: 124290 ns
[2020-05-20T10:24:34.503+0000][1084][safepoint    ] Safepoint "Cleanup", Time since last: 1000049623 ns, Reaching safepoint: 101101 ns, At safepoint: 6029 ns, Total: 107130 ns
[2020-05-20T10:24:35.503+0000][1084][safepoint    ] Safepoint "Cleanup", Time since last: 1000083014 ns, Reaching safepoint: 123362 ns, At safepoint: 7885 ns, Total: 131247 ns
[2020-05-20T10:24:36.503+0000][1084][safepoint    ] Safepoint "Cleanup", Time since last: 1000220289 ns, Reaching safepoint: 139130 ns, At safepoint: 6956 ns, Total: 146086 ns
[2020-05-20T10:24:38.504+0000][1084][safepoint    ] Safepoint "Cleanup", Time since last: 2000773564 ns, Reaching safepoint: 81159 ns, At safepoint: 4174 ns, Total: 85333 ns
[2020-05-20T10:24:39.082+0000][1084][gc,start     ] GC(26) Pause Young (Normal) (G1 Evacuation Pause)
[2020-05-20T10:24:39.082+0000][1084][gc,task      ] GC(26) Using 4 workers of 4 for evacuation
[2020-05-20T10:24:39.082+0000][1084][gc,age       ] GC(26) Desired survivor size 5767168 bytes, new threshold 15 (max threshold 15)
[2020-05-20T10:24:39.262+0000][1084][gc,age       ] GC(26) Age table with threshold 15 (max threshold 15)
[2020-05-20T10:24:39.262+0000][1084][gc,age       ] GC(26) - age   1:     147368 bytes,     147368 total
[2020-05-20T10:24:39.262+0000][1084][gc,age       ] GC(26) - age   2:     101272 bytes,     248640 total
[2020-05-20T10:24:39.262+0000][1084][gc,age       ] GC(26) - age   3:       1776 bytes,     250416 total
[2020-05-20T10:24:39.262+0000][1084][gc,age       ] GC(26) - age   4:       5224 bytes,     255640 total
[2020-05-20T10:24:39.262+0000][1084][gc,age       ] GC(26) - age   5:     254816 bytes,     510456 total
[2020-05-20T10:24:39.262+0000][1084][gc,age       ] GC(26) - age   6:     313832 bytes,     824288 total
[2020-05-20T10:24:39.262+0000][1084][gc,age       ] GC(26) - age   7:     166120 bytes,     990408 total
[2020-05-20T10:24:39.262+0000][1084][gc,age       ] GC(26) - age   8:     354344 bytes,    1344752 total
[2020-05-20T10:24:39.262+0000][1084][gc,age       ] GC(26) - age   9:     141424 bytes,    1486176 total
[2020-05-20T10:24:39.262+0000][1084][gc,age       ] GC(26) - age  10:     608360 bytes,    2094536 total
[2020-05-20T10:24:39.262+0000][1084][gc,age       ] GC(26) - age  11:    1459888 bytes,    3554424 total
[2020-05-20T10:24:39.262+0000][1084][gc,phases    ] GC(26)   Pre Evacuate Collection Set: 0.1ms
[2020-05-20T10:24:39.262+0000][1084][gc,phases    ] GC(26)   Merge Heap Roots: 0.1ms
[2020-05-20T10:24:39.262+0000][1084][gc,phases    ] GC(26)   Evacuate Collection Set: 179.2ms
[2020-05-20T10:24:39.262+0000][1084][gc,phases    ] GC(26)   Post Evacuate Collection Set: 0.7ms
[2020-05-20T10:24:39.262+0000][1084][gc,phases    ] GC(26)   Other: 0.5ms
[2020-05-20T10:24:39.262+0000][1084][gc,heap      ] GC(26) Eden regions: 83->0(64)
[2020-05-20T10:24:39.262+0000][1084][gc,heap      ] GC(26) Survivor regions: 4->4(11)
[2020-05-20T10:24:39.262+0000][1084][gc,heap      ] GC(26) Old regions: 73->73
[2020-05-20T10:24:39.262+0000][1084][gc,heap      ] GC(26) Archive regions: 0->0
[2020-05-20T10:24:39.262+0000][1084][gc,heap      ] GC(26) Humongous regions: 7->7
[2020-05-20T10:24:39.262+0000][1084][gc,metaspace ] GC(26) Metaspace: 95734K(103704K)->95734K(103704K) NonClass: 82989K(87684K)->82989K(87684K) Class: 12744K(16020K)->12744K(16020K)
[2020-05-20T10:24:39.262+0000][1084][gc           ] GC(26) Pause Young (Normal) (G1 Evacuation Pause) 166M->83M(1024M) 180.796ms
[2020-05-20T10:24:39.262+0000][1084][gc,cpu       ] GC(26) User=0.08s Sys=0.00s Real=0.18s
[2020-05-20T10:24:39.263+0000][1084][safepoint    ] Safepoint "G1CollectForAllocation", Time since last: 577643646 ns, Reaching safepoint: 96000 ns, At safepoint: 180964218 ns, Total: 181060218 ns
[2020-05-20T10:24:40.264+0000][1084][safepoint    ] Safepoint "Cleanup", Time since last: 1000567187 ns, Reaching safepoint: 134956 ns, At safepoint: 16232 ns, Total: 151188 ns
[2020-05-20T10:24:41.264+0000][1084][safepoint    ] Safepoint "Cleanup", Time since last: 1000604752 ns, Reaching safepoint: 141449 ns, At safepoint: 6957 ns, Total: 148406 ns
[2020-05-20T10:24:42.265+0000][1084][safepoint    ] Safepoint "Cleanup", Time since last: 1000446607 ns, Reaching safepoint: 168348 ns, At safepoint: 6956 ns, Total: 175304 ns
[2020-05-20T10:24:43.266+0000][1084][safepoint    ] Safepoint "Cleanup", Time since last: 1000894143 ns, Reaching safepoint: 123362 ns, At safepoint: 4638 ns, Total: 128000 ns
[2020-05-20T10:24:45.266+0000][1084][safepoint    ] Safepoint "Cleanup", Time since last: 1999878957 ns, Reaching safepoint: 151188 ns, At safepoint: 7884 ns, Total: 159072 ns
[2020-05-20T10:24:46.267+0000][1084][safepoint    ] Safepoint "Cleanup", Time since last: 1000386318 ns, Reaching safepoint: 123362 ns, At safepoint: 6956 ns, Total: 130318 ns
[2020-05-20T10:24:47.267+0000][1084][safepoint    ] Safepoint "Cleanup", Time since last: 1000350144 ns, Reaching safepoint: 134493 ns, At safepoint: 7884 ns, Total: 142377 ns
[2020-05-20T10:24:48.267+0000][1084][safepoint    ] Safepoint "Cleanup", Time since last: 1000050550 ns, Reaching safepoint: 131247 ns, At safepoint: 6492 ns, Total: 137739 ns
[2020-05-20T10:24:50.268+0000][1084][safepoint    ] Safepoint "Cleanup", Time since last: 2000332058 ns, Reaching safepoint: 126144 ns, At safepoint: 4638 ns, Total: 130782 ns
[2020-05-20T10:24:52.268+0000][1084][safepoint    ] Safepoint "Cleanup", Time since last: 2000085333 ns, Reaching safepoint: 108521 ns, At safepoint: 5102 ns, Total: 113623 ns
[2020-05-20T10:24:53.268+0000][1084][safepoint    ] Safepoint "Cleanup", Time since last: 1000052869 ns, Reaching safepoint: 110841 ns, At safepoint: 3710 ns, Total: 114551 ns
[2020-05-20T10:24:54.269+0000][1084][safepoint    ] Safepoint "Cleanup", Time since last: 1000645100 ns, Reaching safepoint: 102492 ns, At safepoint: 6493 ns, Total: 108985 ns
[2020-05-20T10:24:55.270+0000][1084][safepoint    ] Safepoint "Cleanup", Time since last: 1000744346 ns, Reaching safepoint: 84869 ns, At safepoint: 4174 ns, Total: 89043 ns
[2020-05-20T10:24:56.271+0000][1084][safepoint    ] Safepoint "Cleanup", Time since last: 1000768462 ns, Reaching safepoint: 145159 ns, At safepoint: 6957 ns, Total: 152116 ns
[2020-05-20T10:24:57.271+0000][1084][safepoint    ] Safepoint "Cleanup", Time since last: 1000092290 ns, Reaching safepoint: 110376 ns, At safepoint: 3710 ns, Total: 114086 ns
[2020-05-20T10:24:59.271+0000][1084][safepoint    ] Safepoint "Cleanup", Time since last: 2000271768 ns, Reaching safepoint: 101101 ns, At safepoint: 3246 ns, Total: 104347 ns
[2020-05-20T10:25:00.272+0000][1084][safepoint    ] Safepoint "Cleanup", Time since last: 1000391420 ns, Reaching safepoint: 134956 ns, At safepoint: 5101 ns, Total: 140057 ns
[2020-05-20T10:25:01.273+0000][1084][safepoint    ] Safepoint "Cleanup", Time since last: 1000815767 ns, Reaching safepoint: 119188 ns, At safepoint: 6956 ns, Total: 126144 ns
[2020-05-20T10:25:03.273+0000][1084][safepoint    ] Safepoint "Cleanup", Time since last: 2000455883 ns, Reaching safepoint: 114087 ns, At safepoint: 4174 ns, Total: 118261 ns
[2020-05-20T10:25:04.274+0000][1084][safepoint    ] Safepoint "Cleanup", Time since last: 1000277796 ns, Reaching safepoint: 127536 ns, At safepoint: 4638 ns, Total: 132174 ns
[2020-05-20T10:25:05.274+0000][1084][safepoint    ] Safepoint "Cleanup", Time since last: 1000053797 ns, Reaching safepoint: 121043 ns, At safepoint: 6957 ns, Total: 128000 ns
[2020-05-20T10:25:06.275+0000][1084][safepoint    ] Safepoint "Cleanup", Time since last: 1000801853 ns, Reaching safepoint: 160463 ns, At safepoint: 19015 ns, Total: 179478 ns
[2020-05-20T10:25:07.276+0000][1084][safepoint    ] Safepoint "Cleanup", Time since last: 1000755476 ns, Reaching safepoint: 108522 ns, At safepoint: 4637 ns, Total: 113159 ns
[2020-05-20T10:25:09.276+0000][1084][safepoint    ] Safepoint "Cleanup", Time since last: 2000121507 ns, Reaching safepoint: 127536 ns, At safepoint: 5565 ns, Total: 133101 ns
[2020-05-20T10:25:10.277+0000][1084][safepoint    ] Safepoint "Cleanup", Time since last: 1000770781 ns, Reaching safepoint: 115014 ns, At safepoint: 6957 ns, Total: 121971 ns
[2020-05-20T10:25:11.277+0000][1084][safepoint    ] Safepoint "Cleanup", Time since last: 1000036174 ns, Reaching safepoint: 115942 ns, At safepoint: 5101 ns, Total: 121043 ns
[2020-05-20T10:25:12.278+0000][1084][safepoint    ] Safepoint "Cleanup", Time since last: 1000468868 ns, Reaching safepoint: 109913 ns, At safepoint: 3710 ns, Total: 113623 ns
[2020-05-20T10:25:14.279+0000][1084][safepoint    ] Safepoint "Cleanup", Time since last: 2000899245 ns, Reaching safepoint: 118260 ns, At safepoint: 7421 ns, Total: 125681 ns
[2020-05-20T10:25:15.603+0000][1084][safepoint    ] Safepoint "Cleanup", Time since last: 1324319711 ns, Reaching safepoint: 224927 ns, At safepoint: 20870 ns, Total: 245797 ns
[2020-05-20T10:25:16.603+0000][1084][safepoint    ] Safepoint "Cleanup", Time since last: 1000108985 ns, Reaching safepoint: 113623 ns, At safepoint: 5565 ns, Total: 119188 ns
[2020-05-20T10:25:17.604+0000][1084][safepoint    ] Safepoint "Cleanup", Time since last: 1000803245 ns, Reaching safepoint: 105739 ns, At safepoint: 5565 ns, Total: 111304 ns
[2020-05-20T10:25:18.605+0000][1084][safepoint    ] Safepoint "Cleanup", Time since last: 1000467477 ns, Reaching safepoint: 91826 ns, At safepoint: 5565 ns, Total: 97391 ns
[2020-05-20T10:25:19.605+0000][1084][safepoint    ] Safepoint "Cleanup", Time since last: 1000453564 ns, Reaching safepoint: 92290 ns, At safepoint: 4638 ns, Total: 96928 ns
[2020-05-20T10:25:20.606+0000][1084][safepoint    ] Safepoint "Cleanup", Time since last: 1000745737 ns, Reaching safepoint: 92290 ns, At safepoint: 3246 ns, Total: 95536 ns
[2020-05-20T10:25:21.606+0000][1084][safepoint    ] Safepoint "Cleanup", Time since last: 1000030145 ns, Reaching safepoint: 140057 ns, At safepoint: 6029 ns, Total: 146086 ns
[2020-05-20T10:25:23.607+0000][1084][safepoint    ] Safepoint "Cleanup", Time since last: 2000239768 ns, Reaching safepoint: 119652 ns, At safepoint: 4174 ns, Total: 123826 ns
[2020-05-20T10:25:24.338+0000][1084][gc,start     ] GC(27) Pause Young (Normal) (G1 Evacuation Pause)
[2020-05-20T10:25:24.338+0000][1084][gc,task      ] GC(27) Using 4 workers of 4 for evacuation
[2020-05-20T10:25:24.338+0000][1084][gc,age       ] GC(27) Desired survivor size 4718592 bytes, new threshold 15 (max threshold 15)
[2020-05-20T10:25:24.344+0000][1084][gc,age       ] GC(27) Age table with threshold 15 (max threshold 15)
[2020-05-20T10:25:24.344+0000][1084][gc,age       ] GC(27) - age   1:     149776 bytes,     149776 total
[2020-05-20T10:25:24.345+0000][1084][gc,age       ] GC(27) - age   2:      58944 bytes,     208720 total
[2020-05-20T10:25:24.345+0000][1084][gc,age       ] GC(27) - age   3:     100968 bytes,     309688 total
[2020-05-20T10:25:24.345+0000][1084][gc,age       ] GC(27) - age   4:       1736 bytes,     311424 total
[2020-05-20T10:25:24.345+0000][1084][gc,age       ] GC(27) - age   5:       2776 bytes,     314200 total
[2020-05-20T10:25:24.345+0000][1084][gc,age       ] GC(27) - age   6:     252000 bytes,     566200 total
[2020-05-20T10:25:24.345+0000][1084][gc,age       ] GC(27) - age   7:     273184 bytes,     839384 total
[2020-05-20T10:25:24.345+0000][1084][gc,age       ] GC(27) - age   8:     165488 bytes,    1004872 total
[2020-05-20T10:25:24.345+0000][1084][gc,age       ] GC(27) - age   9:     354056 bytes,    1358928 total
[2020-05-20T10:25:24.345+0000][1084][gc,age       ] GC(27) - age  10:     141424 bytes,    1500352 total
[2020-05-20T10:25:24.345+0000][1084][gc,age       ] GC(27) - age  11:     484888 bytes,    1985240 total
[2020-05-20T10:25:24.345+0000][1084][gc,age       ] GC(27) - age  12:    1156736 bytes,    3141976 total
[2020-05-20T10:25:24.345+0000][1084][gc,phases    ] GC(27)   Pre Evacuate Collection Set: 0.1ms
[2020-05-20T10:25:24.345+0000][1084][gc,phases    ] GC(27)   Merge Heap Roots: 0.1ms
[2020-05-20T10:25:24.345+0000][1084][gc,phases    ] GC(27)   Evacuate Collection Set: 5.5ms
[2020-05-20T10:25:24.345+0000][1084][gc,phases    ] GC(27)   Post Evacuate Collection Set: 0.9ms
[2020-05-20T10:25:24.345+0000][1084][gc,phases    ] GC(27)   Other: 0.9ms
[2020-05-20T10:25:24.345+0000][1084][gc,heap      ] GC(27) Eden regions: 64->0(490)
[2020-05-20T10:25:24.345+0000][1084][gc,heap      ] GC(27) Survivor regions: 4->4(9)
[2020-05-20T10:25:24.345+0000][1084][gc,heap      ] GC(27) Old regions: 73->73
[2020-05-20T10:25:24.345+0000][1084][gc,heap      ] GC(27) Archive regions: 0->0
[2020-05-20T10:25:24.345+0000][1084][gc,heap      ] GC(27) Humongous regions: 7->7
[2020-05-20T10:25:24.345+0000][1084][gc,metaspace ] GC(27) Metaspace: 95803K(103960K)->95803K(103960K) NonClass: 83056K(87940K)->83056K(87940K) Class: 12747K(16020K)->12747K(16020K)
[2020-05-20T10:25:24.345+0000][1084][gc           ] GC(27) Pause Young (Normal) (G1 Evacuation Pause) 147M->82M(1024M) 7.878ms
[2020-05-20T10:25:24.345+0000][1084][gc,cpu       ] GC(27) User=0.05s Sys=0.00s Real=0.01s
[2020-05-20T10:25:24.346+0000][1084][safepoint    ] Safepoint "G1CollectForAllocation", Time since last: 731134768 ns, Reaching safepoint: 102956 ns, At safepoint: 8075576 ns, Total: 8178532 ns
[2020-05-20T10:25:25.347+0000][1084][safepoint    ] Safepoint "Cleanup", Time since last: 1000352463 ns, Reaching safepoint: 111768 ns, At safepoint: 7884 ns, Total: 119652 ns
[2020-05-20T10:25:26.347+0000][1084][safepoint    ] Safepoint "Cleanup", Time since last: 1000511999 ns, Reaching safepoint: 125680 ns, At safepoint: 6957 ns, Total: 132637 ns
[2020-05-20T10:25:28.348+0000][1084][safepoint    ] Safepoint "Cleanup", Time since last: 2000251362 ns, Reaching safepoint: 91826 ns, At safepoint: 5565 ns, Total: 97391 ns
[2020-05-20T10:25:29.348+0000][1084][safepoint    ] Safepoint "Cleanup", Time since last: 1000648346 ns, Reaching safepoint: 127072 ns, At safepoint: 6957 ns, Total: 134029 ns
[2020-05-20T10:25:30.349+0000][1084][safepoint    ] Safepoint "Cleanup", Time since last: 1000775882 ns, Reaching safepoint: 111304 ns, At safepoint: 7884 ns, Total: 119188 ns
[2020-05-20T10:25:31.350+0000][1084][safepoint    ] Safepoint "Cleanup", Time since last: 1000595941 ns, Reaching safepoint: 86260 ns, At safepoint: 4638 ns, Total: 90898 ns
[2020-05-20T10:25:32.351+0000][1084][safepoint    ] Safepoint "Cleanup", Time since last: 1000603361 ns, Reaching safepoint: 137739 ns, At safepoint: 4638 ns, Total: 142377 ns
[2020-05-20T10:25:33.351+0000][1084][safepoint    ] Safepoint "Cleanup", Time since last: 1000579245 ns, Reaching safepoint: 129391 ns, At safepoint: 3246 ns, Total: 132637 ns
[2020-05-20T10:25:34.352+0000][1084][safepoint    ] Safepoint "Cleanup", Time since last: 1000264347 ns, Reaching safepoint: 136811 ns, At safepoint: 7884 ns, Total: 144695 ns
[2020-05-20T10:25:35.352+0000][1084][safepoint    ] Safepoint "Cleanup", Time since last: 1000290319 ns, Reaching safepoint: 142376 ns, At safepoint: 4638 ns, Total: 147014 ns
[2020-05-20T10:25:36.363+0000][1084][safepoint    ] Safepoint "Cleanup", Time since last: 1010889714 ns, Reaching safepoint: 122434 ns, At safepoint: 6957 ns, Total: 129391 ns
[2020-05-20T10:25:37.364+0000][1084][safepoint    ] Safepoint "Cleanup", Time since last: 1000500868 ns, Reaching safepoint: 383072 ns, At safepoint: 7420 ns, Total: 390492 ns
[2020-05-20T10:25:39.364+0000][1084][safepoint    ] Safepoint "Cleanup", Time since last: 2000150724 ns, Reaching safepoint: 115014 ns, At safepoint: 5566 ns, Total: 120580 ns
[2020-05-20T10:25:40.365+0000][1084][safepoint    ] Safepoint "Cleanup", Time since last: 1000110376 ns, Reaching safepoint: 128000 ns, At safepoint: 7420 ns, Total: 135420 ns
[2020-05-20T10:25:41.365+0000][1084][safepoint    ] Safepoint "Cleanup", Time since last: 1000270840 ns, Reaching safepoint: 141449 ns, At safepoint: 4638 ns, Total: 146087 ns
[2020-05-20T10:25:42.365+0000][1084][safepoint    ] Safepoint "Cleanup", Time since last: 1000230492 ns, Reaching safepoint: 83942 ns, At safepoint: 3246 ns, Total: 87188 ns
[2020-05-20T10:25:43.366+0000][1084][safepoint    ] Safepoint "Cleanup", Time since last: 1000891824 ns, Reaching safepoint: 117797 ns, At safepoint: 6493 ns, Total: 124290 ns
[2020-05-20T10:25:44.367+0000][1084][safepoint    ] Safepoint "Cleanup", Time since last: 1000883940 ns, Reaching safepoint: 138202 ns, At safepoint: 3247 ns, Total: 141449 ns
[2020-05-20T10:25:45.368+0000][1084][safepoint    ] Safepoint "Cleanup", Time since last: 1000361738 ns, Reaching safepoint: 127536 ns, At safepoint: 8348 ns, Total: 135884 ns
[2020-05-20T10:25:46.369+0000][1084][safepoint    ] Safepoint "Cleanup", Time since last: 1000708172 ns, Reaching safepoint: 123362 ns, At safepoint: 4638 ns, Total: 128000 ns
[2020-05-20T10:25:47.370+0000][1084][safepoint    ] Safepoint "Cleanup", Time since last: 1000860751 ns, Reaching safepoint: 103884 ns, At safepoint: 5102 ns, Total: 108986 ns
[2020-05-20T10:25:48.370+0000][1084][safepoint    ] Safepoint "Cleanup", Time since last: 1000093217 ns, Reaching safepoint: 89507 ns, At safepoint: 4174 ns, Total: 93681 ns
[2020-05-20T10:25:49.370+0000][1084][safepoint    ] Safepoint "Cleanup", Time since last: 1000176695 ns, Reaching safepoint: 137739 ns, At safepoint: 6956 ns, Total: 144695 ns
[2020-05-20T10:25:51.371+0000][1084][safepoint    ] Safepoint "Cleanup", Time since last: 2000298666 ns, Reaching safepoint: 114551 ns, At safepoint: 5101 ns, Total: 119652 ns
[2020-05-20T10:25:53.371+0000][1084][safepoint    ] Safepoint "Cleanup", Time since last: 2000717911 ns, Reaching safepoint: 109913 ns, At safepoint: 7421 ns, Total: 117334 ns
[2020-05-20T10:25:54.372+0000][1084][safepoint    ] Safepoint "Cleanup", Time since last: 1000683592 ns, Reaching safepoint: 93681 ns, At safepoint: 5102 ns, Total: 98783 ns
[2020-05-20T10:25:55.372+0000][1084][safepoint    ] Safepoint "Cleanup", Time since last: 1000134956 ns, Reaching safepoint: 126144 ns, At safepoint: 5102 ns, Total: 131246 ns
[2020-05-20T10:25:56.373+0000][1084][safepoint    ] Safepoint "Cleanup", Time since last: 1000285217 ns, Reaching safepoint: 94608 ns, At safepoint: 3710 ns, Total: 98318 ns
[2020-05-20T10:25:57.374+0000][1084][safepoint    ] Safepoint "Cleanup", Time since last: 1000686375 ns, Reaching safepoint: 146551 ns, At safepoint: 8348 ns, Total: 154899 ns
[2020-05-20T10:25:59.374+0000][1084][safepoint    ] Safepoint "Cleanup", Time since last: 2000040347 ns, Reaching safepoint: 152116 ns, At safepoint: 8348 ns, Total: 160464 ns
[2020-05-20T10:26:00.374+0000][1084][safepoint    ] Safepoint "Cleanup", Time since last: 1000013449 ns, Reaching safepoint: 109449 ns, At safepoint: 3710 ns, Total: 113159 ns
[2020-05-20T10:26:02.375+0000][1084][safepoint    ] Safepoint "Cleanup", Time since last: 2000402550 ns, Reaching safepoint: 111768 ns, At safepoint: 6956 ns, Total: 118724 ns
[2020-05-20T10:26:03.376+0000][1084][safepoint    ] Safepoint "Cleanup", Time since last: 1000892752 ns, Reaching safepoint: 152579 ns, At safepoint: 7420 ns, Total: 159999 ns
[2020-05-20T10:26:04.376+0000][1084][safepoint    ] Safepoint "Cleanup", Time since last: 1000195246 ns, Reaching safepoint: 109449 ns, At safepoint: 4638 ns, Total: 114087 ns
[2020-05-20T10:26:05.376+0000][1084][safepoint    ] Safepoint "Cleanup", Time since last: 1000252289 ns, Reaching safepoint: 145623 ns, At safepoint: 7884 ns, Total: 153507 ns
[2020-05-20T10:26:06.377+0000][1084][safepoint    ] Safepoint "Cleanup", Time since last: 1000253681 ns, Reaching safepoint: 81623 ns, At safepoint: 5101 ns, Total: 86724 ns
[2020-05-20T10:26:07.377+0000][1084][safepoint    ] Safepoint "Cleanup", Time since last: 1000514318 ns, Reaching safepoint: 112231 ns, At safepoint: 5566 ns, Total: 117797 ns
[2020-05-20T10:26:08.378+0000][1084][safepoint    ] Safepoint "Cleanup", Time since last: 1000264811 ns, Reaching safepoint: 108521 ns, At safepoint: 5565 ns, Total: 114086 ns
[2020-05-20T10:26:09.378+0000][1084][safepoint    ] Safepoint "Cleanup", Time since last: 1000268985 ns, Reaching safepoint: 124290 ns, At safepoint: 7884 ns, Total: 132174 ns
[2020-05-20T10:26:10.379+0000][1084][safepoint    ] Safepoint "Cleanup", Time since last: 1000511535 ns, Reaching safepoint: 122898 ns, At safepoint: 6957 ns, Total: 129855 ns
[2020-05-20T10:26:11.379+0000][1084][safepoint    ] Safepoint "Cleanup", Time since last: 1000406723 ns, Reaching safepoint: 85797 ns, At safepoint: 3247 ns, Total: 89044 ns
[2020-05-20T10:26:12.380+0000][1084][safepoint    ] Safepoint "Cleanup", Time since last: 1000853331 ns, Reaching safepoint: 94608 ns, At safepoint: 4638 ns, Total: 99246 ns
[2020-05-20T10:26:13.381+0000][1084][safepoint    ] Safepoint "Cleanup", Time since last: 1000265739 ns, Reaching safepoint: 102028 ns, At safepoint: 4638 ns, Total: 106666 ns
[2020-05-20T10:26:14.381+0000][1084][safepoint    ] Safepoint "Cleanup", Time since last: 1000675709 ns, Reaching safepoint: 106202 ns, At safepoint: 5566 ns, Total: 111768 ns
[2020-05-20T10:26:16.382+0000][1084][safepoint    ] Safepoint "Cleanup", Time since last: 2000397448 ns, Reaching safepoint: 116869 ns, At safepoint: 6493 ns, Total: 123362 ns
[2020-05-20T10:26:17.382+0000][1084][safepoint    ] Safepoint "Cleanup", Time since last: 1000257391 ns, Reaching safepoint: 93217 ns, At safepoint: 8811 ns, Total: 102028 ns
[2020-05-20T10:26:18.383+0000][1084][safepoint    ] Safepoint "Cleanup", Time since last: 1000318145 ns, Reaching safepoint: 150260 ns, At safepoint: 90435 ns, Total: 240695 ns
[2020-05-20T10:26:19.384+0000][1084][safepoint    ] Safepoint "Cleanup", Time since last: 1000751302 ns, Reaching safepoint: 144232 ns, At safepoint: 19942 ns, Total: 164174 ns
[2020-05-20T10:26:20.384+0000][1084][safepoint    ] Safepoint "Cleanup", Time since last: 1000330666 ns, Reaching safepoint: 169738 ns, At safepoint: 5102 ns, Total: 174840 ns
[2020-05-20T10:26:21.385+0000][1084][safepoint    ] Safepoint "Cleanup", Time since last: 1000868636 ns, Reaching safepoint: 131246 ns, At safepoint: 6492 ns, Total: 137738 ns
[2020-05-20T10:26:22.386+0000][1084][safepoint    ] Safepoint "Cleanup", Time since last: 1000498550 ns, Reaching safepoint: 142376 ns, At safepoint: 6029 ns, Total: 148405 ns
[2020-05-20T10:26:23.387+0000][1084][safepoint    ] Safepoint "Cleanup", Time since last: 1000651129 ns, Reaching safepoint: 94145 ns, At safepoint: 3710 ns, Total: 97855 ns
[2020-05-20T10:26:24.387+0000][1084][safepoint    ] Safepoint "Cleanup", Time since last: 1000456347 ns, Reaching safepoint: 153507 ns, At safepoint: 10203 ns, Total: 163710 ns
[2020-05-20T10:26:25.388+0000][1084][safepoint    ] Safepoint "Cleanup", Time since last: 1000561622 ns, Reaching safepoint: 98318 ns, At safepoint: 3247 ns, Total: 101565 ns
[2020-05-20T10:26:26.388+0000][1084][safepoint    ] Safepoint "Cleanup", Time since last: 1000150724 ns, Reaching safepoint: 210550 ns, At safepoint: 9275 ns, Total: 219825 ns
[2020-05-20T10:26:27.388+0000][1084][safepoint    ] Safepoint "Cleanup", Time since last: 1000034783 ns, Reaching safepoint: 112695 ns, At safepoint: 6493 ns, Total: 119188 ns
[2020-05-20T10:26:28.389+0000][1084][safepoint    ] Safepoint "Cleanup", Time since last: 1000282898 ns, Reaching safepoint: 105275 ns, At safepoint: 4638 ns, Total: 109913 ns
[2020-05-20T10:26:29.389+0000][1084][safepoint    ] Safepoint "Cleanup", Time since last: 1000346434 ns, Reaching safepoint: 89971 ns, At safepoint: 4173 ns, Total: 94144 ns
[2020-05-20T10:26:30.397+0000][1084][safepoint    ] Safepoint "Cleanup", Time since last: 1007886823 ns, Reaching safepoint: 120115 ns, At safepoint: 5566 ns, Total: 125681 ns
[2020-05-20T10:26:31.786+0000][1084][safepoint    ] Safepoint "Cleanup", Time since last: 1388328374 ns, Reaching safepoint: 163246 ns, At safepoint: 7885 ns, Total: 171131 ns
[2020-05-20T10:26:33.787+0000][1084][safepoint    ] Safepoint "Cleanup", Time since last: 2000706780 ns, Reaching safepoint: 211014 ns, At safepoint: 6493 ns, Total: 217507 ns
[2020-05-20T10:26:34.787+0000][1084][safepoint    ] Safepoint "Cleanup", Time since last: 1000423420 ns, Reaching safepoint: 115941 ns, At safepoint: 3710 ns, Total: 119651 ns
[2020-05-20T10:26:35.788+0000][1084][safepoint    ] Safepoint "Cleanup", Time since last: 1000747129 ns, Reaching safepoint: 120116 ns, At safepoint: 6493 ns, Total: 126609 ns
[2020-05-20T10:26:37.788+0000][1084][safepoint    ] Safepoint "Cleanup", Time since last: 1999988405 ns, Reaching safepoint: 101565 ns, At safepoint: 5566 ns, Total: 107131 ns
[2020-05-20T10:26:38.824+0000][1084][safepoint    ] Safepoint "Cleanup", Time since last: 1000249970 ns, Reaching safepoint: 35283396 ns, At safepoint: 223072 ns, Total: 35506468 ns
[2020-05-20T10:26:39.832+0000][1084][safepoint    ] Safepoint "Cleanup", Time since last: 1000433623 ns, Reaching safepoint: 7092853 ns, At safepoint: 19942 ns, Total: 7112795 ns
[2020-05-20T10:26:40.832+0000][1084][safepoint    ] Safepoint "Cleanup", Time since last: 1000745737 ns, Reaching safepoint: 121507 ns, At safepoint: 7420 ns, Total: 128927 ns
[2020-05-20T10:26:41.833+0000][1084][safepoint    ] Safepoint "Cleanup", Time since last: 1000330666 ns, Reaching safepoint: 115942 ns, At safepoint: 6956 ns, Total: 122898 ns
[2020-05-20T10:26:42.834+0000][1084][safepoint    ] Safepoint "Cleanup", Time since last: 1000852404 ns, Reaching safepoint: 101101 ns, At safepoint: 2783 ns, Total: 103884 ns
[2020-05-20T10:26:43.834+0000][1084][safepoint    ] Safepoint "Cleanup", Time since last: 1000044985 ns, Reaching safepoint: 154899 ns, At safepoint: 6956 ns, Total: 161855 ns
[2020-05-20T10:26:44.834+0000][1084][safepoint    ] Safepoint "Cleanup", Time since last: 1000068174 ns, Reaching safepoint: 107130 ns, At safepoint: 4174 ns, Total: 111304 ns
[2020-05-20T10:26:45.835+0000][1084][safepoint    ] Safepoint "Cleanup", Time since last: 1000297275 ns, Reaching safepoint: 102492 ns, At safepoint: 6029 ns, Total: 108521 ns
[2020-05-20T10:26:46.858+0000][1084][safepoint    ] Safepoint "Cleanup", Time since last: 1000901563 ns, Reaching safepoint: 22912411 ns, At safepoint: 581564 ns, Total: 23493975 ns
[2020-05-20T10:26:48.859+0000][1084][safepoint    ] Safepoint "Cleanup", Time since last: 1999686030 ns, Reaching safepoint: 100173 ns, At safepoint: 6493 ns, Total: 106666 ns
[2020-05-20T10:26:50.874+0000][1084][safepoint    ] Safepoint "Cleanup", Time since last: 1999904464 ns, Reaching safepoint: 15215269 ns, At safepoint: 11130 ns, Total: 15226399 ns
[2020-05-20T10:26:51.875+0000][1084][safepoint    ] Safepoint "Cleanup", Time since last: 1000797680 ns, Reaching safepoint: 99710 ns, At safepoint: 4174 ns, Total: 103884 ns
[2020-05-20T10:26:52.876+0000][1084][safepoint    ] Safepoint "Cleanup", Time since last: 1000821795 ns, Reaching safepoint: 98782 ns, At safepoint: 4174 ns, Total: 102956 ns
[2020-05-20T10:26:53.876+0000][1084][safepoint    ] Safepoint "Cleanup", Time since last: 1000589912 ns, Reaching safepoint: 116405 ns, At safepoint: 2783 ns, Total: 119188 ns
[2020-05-20T10:26:55.877+0000][1084][safepoint    ] Safepoint "Cleanup", Time since last: 2000813447 ns, Reaching safepoint: 194782 ns, At safepoint: 8348 ns, Total: 203130 ns
[2020-05-20T10:26:56.878+0000][1084][safepoint    ] Safepoint "Cleanup", Time since last: 1000116406 ns, Reaching safepoint: 108521 ns, At safepoint: 4174 ns, Total: 112695 ns
[2020-05-20T10:26:57.879+0000][1084][safepoint    ] Safepoint "Cleanup", Time since last: 1000789332 ns, Reaching safepoint: 139593 ns, At safepoint: 7421 ns, Total: 147014 ns
[2020-05-20T10:26:58.879+0000][1084][safepoint    ] Safepoint "Cleanup", Time since last: 1000648810 ns, Reaching safepoint: 82550 ns, At safepoint: 4638 ns, Total: 87188 ns
[2020-05-20T10:26:59.880+0000][1084][safepoint    ] Safepoint "Cleanup", Time since last: 1000189217 ns, Reaching safepoint: 128000 ns, At safepoint: 7884 ns, Total: 135884 ns
[2020-05-20T10:27:00.880+0000][1084][safepoint    ] Safepoint "Cleanup", Time since last: 1000088579 ns, Reaching safepoint: 96464 ns, At safepoint: 4174 ns, Total: 100638 ns
[2020-05-20T10:27:01.901+0000][1084][safepoint    ] Safepoint "Cleanup", Time since last: 1000799070 ns, Reaching safepoint: 19945693 ns, At safepoint: 45913 ns, Total: 19991606 ns
[2020-05-20T10:27:02.902+0000][1084][safepoint    ] Safepoint "Cleanup", Time since last: 1000702143 ns, Reaching safepoint: 74667 ns, At safepoint: 2783 ns, Total: 77450 ns
[2020-05-20T10:27:03.902+0000][1084][safepoint    ] Safepoint "Cleanup", Time since last: 1000719302 ns, Reaching safepoint: 136811 ns, At safepoint: 6029 ns, Total: 142840 ns
[2020-05-20T10:27:04.903+0000][1084][safepoint    ] Safepoint "Cleanup", Time since last: 1000259710 ns, Reaching safepoint: 122898 ns, At safepoint: 7421 ns, Total: 130319 ns
[2020-05-20T10:27:05.903+0000][1084][safepoint    ] Safepoint "Cleanup", Time since last: 1000633505 ns, Reaching safepoint: 122899 ns, At safepoint: 7420 ns, Total: 130319 ns
[2020-05-20T10:27:06.904+0000][1084][safepoint    ] Safepoint "Cleanup", Time since last: 1000454492 ns, Reaching safepoint: 126144 ns, At safepoint: 7420 ns, Total: 133564 ns
[2020-05-20T10:27:08.907+0000][1084][safepoint    ] Safepoint "Cleanup", Time since last: 2000274551 ns, Reaching safepoint: 3035355 ns, At safepoint: 21333 ns, Total: 3056688 ns
[2020-05-20T10:27:09.908+0000][1084][safepoint    ] Safepoint "Cleanup", Time since last: 1000555593 ns, Reaching safepoint: 143304 ns, At safepoint: 3710 ns, Total: 147014 ns
[2020-05-20T10:27:10.909+0000][1084][safepoint    ] Safepoint "Cleanup", Time since last: 1000284753 ns, Reaching safepoint: 152116 ns, At safepoint: 5565 ns, Total: 157681 ns
[2020-05-20T10:27:11.912+0000][1084][safepoint    ] Safepoint "Cleanup", Time since last: 1003348398 ns, Reaching safepoint: 160927 ns, At safepoint: 4174 ns, Total: 165101 ns
[2020-05-20T10:27:12.912+0000][1084][safepoint    ] Safepoint "Cleanup", Time since last: 1000208695 ns, Reaching safepoint: 116406 ns, At safepoint: 8811 ns, Total: 125217 ns
[2020-05-20T10:27:13.913+0000][1084][safepoint    ] Safepoint "Cleanup", Time since last: 1000439188 ns, Reaching safepoint: 126608 ns, At safepoint: 5565 ns, Total: 132173 ns
[2020-05-20T10:27:14.913+0000][1084][safepoint    ] Safepoint "Cleanup", Time since last: 1000156290 ns, Reaching safepoint: 96000 ns, At safepoint: 2782 ns, Total: 98782 ns
[2020-05-20T10:27:15.914+0000][1084][safepoint    ] Safepoint "Cleanup", Time since last: 1000634433 ns, Reaching safepoint: 90899 ns, At safepoint: 3246 ns, Total: 94145 ns
[2020-05-20T10:27:17.914+0000][1084][safepoint    ] Safepoint "Cleanup", Time since last: 2000332057 ns, Reaching safepoint: 106667 ns, At safepoint: 4637 ns, Total: 111304 ns
[2020-05-20T10:27:18.915+0000][1084][safepoint    ] Safepoint "Cleanup", Time since last: 1000134029 ns, Reaching safepoint: 167884 ns, At safepoint: 5101 ns, Total: 172985 ns
[2020-05-20T10:27:19.916+0000][1084][safepoint    ] Safepoint "Cleanup", Time since last: 1000868636 ns, Reaching safepoint: 115014 ns, At safepoint: 7884 ns, Total: 122898 ns
[2020-05-20T10:27:20.916+0000][1084][safepoint    ] Safepoint "Cleanup", Time since last: 1000095072 ns, Reaching safepoint: 141449 ns, At safepoint: 5102 ns, Total: 146551 ns
[2020-05-20T10:27:22.917+0000][1084][safepoint    ] Safepoint "Cleanup", Time since last: 2000793505 ns, Reaching safepoint: 107594 ns, At safepoint: 4174 ns, Total: 111768 ns
[2020-05-20T10:27:23.917+0000][1084][safepoint    ] Safepoint "Cleanup", Time since last: 1000125217 ns, Reaching safepoint: 124290 ns, At safepoint: 6029 ns, Total: 130319 ns
[2020-05-20T10:27:24.918+0000][1084][safepoint    ] Safepoint "Cleanup", Time since last: 1000809273 ns, Reaching safepoint: 138667 ns, At safepoint: 3710 ns, Total: 142377 ns
[2020-05-20T10:27:25.918+0000][1084][safepoint    ] Safepoint "Cleanup", Time since last: 1000153507 ns, Reaching safepoint: 140057 ns, At safepoint: 9739 ns, Total: 149796 ns
[2020-05-20T10:27:26.919+0000][1084][safepoint    ] Safepoint "Cleanup", Time since last: 1000059363 ns, Reaching safepoint: 130782 ns, At safepoint: 6493 ns, Total: 137275 ns
[2020-05-20T10:27:27.999+0000][1084][safepoint    ] Safepoint "Cleanup", Time since last: 1000083478 ns, Reaching safepoint: 80107408 ns, At safepoint: 48696 ns, Total: 80156104 ns
[2020-05-20T10:27:28.999+0000][1084][safepoint    ] Safepoint "Cleanup", Time since last: 1000311187 ns, Reaching safepoint: 121507 ns, At safepoint: 5102 ns, Total: 126609 ns
[2020-05-20T10:27:31.000+0000][1084][safepoint    ] Safepoint "Cleanup", Time since last: 2000809273 ns, Reaching safepoint: 235130 ns, At safepoint: 5565 ns, Total: 240695 ns
[2020-05-20T10:27:32.001+0000][1084][safepoint    ] Safepoint "Cleanup", Time since last: 1000329275 ns, Reaching safepoint: 105275 ns, At safepoint: 4638 ns, Total: 109913 ns
[2020-05-20T10:27:33.001+0000][1084][safepoint    ] Safepoint "Cleanup", Time since last: 1000415999 ns, Reaching safepoint: 89507 ns, At safepoint: 4637 ns, Total: 94144 ns
[2020-05-20T10:27:34.001+0000][1084][safepoint    ] Safepoint "Cleanup", Time since last: 1000051479 ns, Reaching safepoint: 125680 ns, At safepoint: 8348 ns, Total: 134028 ns
[2020-05-20T10:27:36.002+0000][1084][safepoint    ] Safepoint "Cleanup", Time since last: 2000943766 ns, Reaching safepoint: 99710 ns, At safepoint: 4638 ns, Total: 104348 ns
[2020-05-20T10:27:37.003+0000][1084][safepoint    ] Safepoint "Cleanup", Time since last: 1000473042 ns, Reaching safepoint: 105275 ns, At safepoint: 8812 ns, Total: 114087 ns
[2020-05-20T10:27:38.003+0000][1084][safepoint    ] Safepoint "Cleanup", Time since last: 1000200347 ns, Reaching safepoint: 135884 ns, At safepoint: 4638 ns, Total: 140522 ns
[2020-05-20T10:27:39.004+0000][1084][safepoint    ] Safepoint "Cleanup", Time since last: 1000284753 ns, Reaching safepoint: 136811 ns, At safepoint: 6029 ns, Total: 142840 ns
[2020-05-20T10:27:40.004+0000][1084][safepoint    ] Safepoint "Cleanup", Time since last: 1000096000 ns, Reaching safepoint: 92289 ns, At safepoint: 3247 ns, Total: 95536 ns
[2020-05-20T10:27:41.004+0000][1084][safepoint    ] Safepoint "Cleanup", Time since last: 1000249970 ns, Reaching safepoint: 123362 ns, At safepoint: 6957 ns, Total: 130319 ns
[2020-05-20T10:27:42.005+0000][1084][safepoint    ] Safepoint "Cleanup", Time since last: 1000870027 ns, Reaching safepoint: 121970 ns, At safepoint: 5102 ns, Total: 127072 ns
[2020-05-20T10:27:43.006+0000][1084][safepoint    ] Safepoint "Cleanup", Time since last: 1000424347 ns, Reaching safepoint: 109449 ns, At safepoint: 5565 ns, Total: 115014 ns
[2020-05-20T10:27:44.007+0000][1084][safepoint    ] Safepoint "Cleanup", Time since last: 1000838954 ns, Reaching safepoint: 125217 ns, At safepoint: 5102 ns, Total: 130319 ns
[2020-05-20T10:27:45.008+0000][1084][safepoint    ] Safepoint "Cleanup", Time since last: 1000538433 ns, Reaching safepoint: 131246 ns, At safepoint: 7421 ns, Total: 138667 ns
[2020-05-20T10:27:46.008+0000][1084][safepoint    ] Safepoint "Cleanup", Time since last: 1000174840 ns, Reaching safepoint: 90435 ns, At safepoint: 3246 ns, Total: 93681 ns
[2020-05-20T10:27:47.008+0000][1084][safepoint    ] Safepoint "Cleanup", Time since last: 1000496694 ns, Reaching safepoint: 105275 ns, At safepoint: 4638 ns, Total: 109913 ns
[2020-05-20T10:27:48.009+0000][1084][safepoint    ] Safepoint "Cleanup", Time since last: 1000076522 ns, Reaching safepoint: 125681 ns, At safepoint: 6492 ns, Total: 132173 ns
[2020-05-20T10:27:49.009+0000][1084][safepoint    ] Safepoint "Cleanup", Time since last: 1000704462 ns, Reaching safepoint: 104348 ns, At safepoint: 3246 ns, Total: 107594 ns
[2020-05-20T10:27:50.010+0000][1084][safepoint    ] Safepoint "Cleanup", Time since last: 1000512927 ns, Reaching safepoint: 97391 ns, At safepoint: 4174 ns, Total: 101565 ns
[2020-05-20T10:27:51.011+0000][1084][safepoint    ] Safepoint "Cleanup", Time since last: 1000830143 ns, Reaching safepoint: 98318 ns, At safepoint: 4638 ns, Total: 102956 ns
[2020-05-20T10:27:52.011+0000][1084][safepoint    ] Safepoint "Cleanup", Time since last: 1000327883 ns, Reaching safepoint: 79768 ns, At safepoint: 3247 ns, Total: 83015 ns
[2020-05-20T10:27:53.012+0000][1084][safepoint    ] Safepoint "Cleanup", Time since last: 1000576462 ns, Reaching safepoint: 157217 ns, At safepoint: 7884 ns, Total: 165101 ns
[2020-05-20T10:27:54.013+0000][1084][safepoint    ] Safepoint "Cleanup", Time since last: 1000347362 ns, Reaching safepoint: 125681 ns, At safepoint: 7884 ns, Total: 133565 ns
[2020-05-20T10:27:56.013+0000][1084][safepoint    ] Safepoint "Cleanup", Time since last: 2000538433 ns, Reaching safepoint: 126145 ns, At safepoint: 7420 ns, Total: 133565 ns
[2020-05-20T10:27:58.014+0000][1084][safepoint    ] Safepoint "Cleanup", Time since last: 2000700752 ns, Reaching safepoint: 136811 ns, At safepoint: 4174 ns, Total: 140985 ns
[2020-05-20T10:27:59.015+0000][1084][safepoint    ] Safepoint "Cleanup", Time since last: 1000516173 ns, Reaching safepoint: 107594 ns, At safepoint: 3246 ns, Total: 110840 ns
[2020-05-20T10:28:00.015+0000][1084][safepoint    ] Safepoint "Cleanup", Time since last: 1000042203 ns, Reaching safepoint: 105739 ns, At safepoint: 3710 ns, Total: 109449 ns
[2020-05-20T10:28:01.032+0000][1084][safepoint    ] Safepoint "Cleanup", Time since last: 1016601469 ns, Reaching safepoint: 101565 ns, At safepoint: 6029 ns, Total: 107594 ns
[2020-05-20T10:28:02.032+0000][1084][safepoint    ] Safepoint "Cleanup", Time since last: 1000527767 ns, Reaching safepoint: 115478 ns, At safepoint: 4637 ns, Total: 120115 ns
[2020-05-20T10:28:04.032+0000][1084][safepoint    ] Safepoint "Cleanup", Time since last: 2000084406 ns, Reaching safepoint: 123362 ns, At safepoint: 4174 ns, Total: 127536 ns
[2020-05-20T10:28:05.033+0000][1084][safepoint    ] Safepoint "Cleanup", Time since last: 1000235593 ns, Reaching safepoint: 106203 ns, At safepoint: 3247 ns, Total: 109450 ns
[2020-05-20T10:28:06.033+0000][1084][safepoint    ] Safepoint "Cleanup", Time since last: 1000276868 ns, Reaching safepoint: 162783 ns, At safepoint: 6956 ns, Total: 169739 ns
[2020-05-20T10:28:08.034+0000][1084][safepoint    ] Safepoint "Cleanup", Time since last: 2000322782 ns, Reaching safepoint: 107594 ns, At safepoint: 6493 ns, Total: 114087 ns
[2020-05-20T10:28:09.060+0000][1084][safepoint    ] Safepoint "Cleanup", Time since last: 1000504578 ns, Reaching safepoint: 26251997 ns, At safepoint: 52406 ns, Total: 26304403 ns
[2020-05-20T10:28:10.061+0000][1084][safepoint    ] Safepoint "Cleanup", Time since last: 1000551419 ns, Reaching safepoint: 77449 ns, At safepoint: 2783 ns, Total: 80232 ns
[2020-05-20T10:28:11.061+0000][1084][safepoint    ] Safepoint "Cleanup", Time since last: 1000101565 ns, Reaching safepoint: 140057 ns, At safepoint: 6029 ns, Total: 146086 ns
[2020-05-20T10:28:13.062+0000][1084][safepoint    ] Safepoint "Cleanup", Time since last: 1999968464 ns, Reaching safepoint: 141913 ns, At safepoint: 5101 ns, Total: 147014 ns
[2020-05-20T10:28:14.062+0000][1084][safepoint    ] Safepoint "Cleanup", Time since last: 1000154899 ns, Reaching safepoint: 95072 ns, At safepoint: 3246 ns, Total: 98318 ns
[2020-05-20T10:28:15.062+0000][1084][safepoint    ] Safepoint "Cleanup", Time since last: 1000454956 ns, Reaching safepoint: 114550 ns, At safepoint: 7420 ns, Total: 121970 ns
[2020-05-20T10:28:16.063+0000][1084][safepoint    ] Safepoint "Cleanup", Time since last: 1000383536 ns, Reaching safepoint: 182724 ns, At safepoint: 7420 ns, Total: 190144 ns
[2020-05-20T10:28:17.222+0000][1084][safepoint    ] Safepoint "Cleanup", Time since last: 1000039420 ns, Reaching safepoint: 158917197 ns, At safepoint: 76522 ns, Total: 158993719 ns
[2020-05-20T10:28:19.223+0000][1084][safepoint    ] Safepoint "Cleanup", Time since last: 2000515709 ns, Reaching safepoint: 142840 ns, At safepoint: 6956 ns, Total: 149796 ns
[2020-05-20T10:28:20.223+0000][1084][safepoint    ] Safepoint "Cleanup", Time since last: 1000294029 ns, Reaching safepoint: 152579 ns, At safepoint: 7420 ns, Total: 159999 ns
[2020-05-20T10:28:22.223+0000][1084][safepoint    ] Safepoint "Cleanup", Time since last: 2000096464 ns, Reaching safepoint: 140057 ns, At safepoint: 6493 ns, Total: 146550 ns
[2020-05-20T10:28:23.224+0000][1084][safepoint    ] Safepoint "Cleanup", Time since last: 1000389565 ns, Reaching safepoint: 156753 ns, At safepoint: 4637 ns, Total: 161390 ns
[2020-05-20T10:28:24.243+0000][1084][safepoint    ] Safepoint "Cleanup", Time since last: 1000239768 ns, Reaching safepoint: 19070101 ns, At safepoint: 60753 ns, Total: 19130854 ns
[2020-05-20T10:28:25.244+0000][1084][safepoint    ] Safepoint "Cleanup", Time since last: 1000543071 ns, Reaching safepoint: 126145 ns, At safepoint: 17159 ns, Total: 143304 ns
[2020-05-20T10:28:26.244+0000][1084][safepoint    ] Safepoint "Cleanup", Time since last: 1000359884 ns, Reaching safepoint: 134492 ns, At safepoint: 51478 ns, Total: 185970 ns
[2020-05-20T10:28:27.254+0000][1084][safepoint    ] Safepoint "Cleanup", Time since last: 1000615883 ns, Reaching safepoint: 9060617 ns, At safepoint: 108057 ns, Total: 9168674 ns
[2020-05-20T10:28:28.255+0000][1084][safepoint    ] Safepoint "Cleanup", Time since last: 1000372869 ns, Reaching safepoint: 112232 ns, At safepoint: 7420 ns, Total: 119652 ns
[2020-05-20T10:28:29.256+0000][1084][safepoint    ] Safepoint "Cleanup", Time since last: 1000928461 ns, Reaching safepoint: 134493 ns, At safepoint: 23188 ns, Total: 157681 ns
[2020-05-20T10:28:31.256+0000][1084][safepoint    ] Safepoint "Cleanup", Time since last: 2000132638 ns, Reaching safepoint: 116405 ns, At safepoint: 47768 ns, Total: 164173 ns
[2020-05-20T10:28:32.256+0000][1084][safepoint    ] Safepoint "Cleanup", Time since last: 1000010667 ns, Reaching safepoint: 84405 ns, At safepoint: 4638 ns, Total: 89043 ns
[2020-05-20T10:28:33.256+0000][1084][safepoint    ] Safepoint "Cleanup", Time since last: 1000081159 ns, Reaching safepoint: 91362 ns, At safepoint: 2783 ns, Total: 94145 ns
[2020-05-20T10:28:34.257+0000][1084][safepoint    ] Safepoint "Cleanup", Time since last: 1000859360 ns, Reaching safepoint: 98783 ns, At safepoint: 4174 ns, Total: 102957 ns
[2020-05-20T10:28:35.258+0000][1084][safepoint    ] Safepoint "Cleanup", Time since last: 1000965563 ns, Reaching safepoint: 195246 ns, At safepoint: 6956 ns, Total: 202202 ns
[2020-05-20T10:28:36.259+0000][1084][safepoint    ] Safepoint "Cleanup", Time since last: 1000438724 ns, Reaching safepoint: 109449 ns, At safepoint: 5565 ns, Total: 115014 ns
[2020-05-20T10:28:37.260+0000][1084][safepoint    ] Safepoint "Cleanup", Time since last: 1000688694 ns, Reaching safepoint: 106203 ns, At safepoint: 3246 ns, Total: 109449 ns
[2020-05-20T10:28:38.261+0000][1084][safepoint    ] Safepoint "Cleanup", Time since last: 1000504578 ns, Reaching safepoint: 111305 ns, At safepoint: 2782 ns, Total: 114087 ns
[2020-05-20T10:28:39.261+0000][1084][safepoint    ] Safepoint "Cleanup", Time since last: 1000350608 ns, Reaching safepoint: 96464 ns, At safepoint: 4174 ns, Total: 100638 ns
[2020-05-20T10:28:41.262+0000][1084][safepoint    ] Safepoint "Cleanup", Time since last: 2000685447 ns, Reaching safepoint: 102956 ns, At safepoint: 5566 ns, Total: 108522 ns
[2020-05-20T10:28:42.262+0000][1084][safepoint    ] Safepoint "Cleanup", Time since last: 1000193854 ns, Reaching safepoint: 123362 ns, At safepoint: 6493 ns, Total: 129855 ns
[2020-05-20T10:28:43.262+0000][1084][safepoint    ] Safepoint "Cleanup", Time since last: 1000301912 ns, Reaching safepoint: 130783 ns, At safepoint: 5101 ns, Total: 135884 ns
[2020-05-20T10:28:44.263+0000][1084][safepoint    ] Safepoint "Cleanup", Time since last: 1000726723 ns, Reaching safepoint: 119652 ns, At safepoint: 4638 ns, Total: 124290 ns
[2020-05-20T10:28:46.264+0000][1084][safepoint    ] Safepoint "Cleanup", Time since last: 2000781447 ns, Reaching safepoint: 93681 ns, At safepoint: 4638 ns, Total: 98319 ns
[2020-05-20T10:28:47.265+0000][1084][safepoint    ] Safepoint "Cleanup", Time since last: 1000921505 ns, Reaching safepoint: 121971 ns, At safepoint: 3710 ns, Total: 125681 ns
[2020-05-20T10:28:48.266+0000][1084][safepoint    ] Safepoint "Cleanup", Time since last: 1000359419 ns, Reaching safepoint: 98783 ns, At safepoint: 6956 ns, Total: 105739 ns
[2020-05-20T10:28:49.266+0000][1084][safepoint    ] Safepoint "Cleanup", Time since last: 1000302840 ns, Reaching safepoint: 82087 ns, At safepoint: 2782 ns, Total: 84869 ns
[2020-05-20T10:28:51.267+0000][1084][safepoint    ] Safepoint "Cleanup", Time since last: 2000922433 ns, Reaching safepoint: 127536 ns, At safepoint: 6956 ns, Total: 134492 ns
[2020-05-20T10:28:52.267+0000][1084][safepoint    ] Safepoint "Cleanup", Time since last: 1000056116 ns, Reaching safepoint: 121043 ns, At safepoint: 5102 ns, Total: 126145 ns
[2020-05-20T10:28:53.268+0000][1084][safepoint    ] Safepoint "Cleanup", Time since last: 1000234202 ns, Reaching safepoint: 93681 ns, At safepoint: 3247 ns, Total: 96928 ns
[2020-05-20T10:28:54.268+0000][1084][safepoint    ] Safepoint "Cleanup", Time since last: 1000155825 ns, Reaching safepoint: 119652 ns, At safepoint: 3247 ns, Total: 122899 ns
[2020-05-20T10:28:55.268+0000][1084][safepoint    ] Safepoint "Cleanup", Time since last: 1000279651 ns, Reaching safepoint: 113159 ns, At safepoint: 4174 ns, Total: 117333 ns
[2020-05-20T10:28:56.474+0000][1084][safepoint    ] Safepoint "Cleanup", Time since last: 1206428275 ns, Reaching safepoint: 363593 ns, At safepoint: 6493 ns, Total: 370086 ns
[2020-05-20T10:28:57.476+0000][1084][safepoint    ] Safepoint "Cleanup", Time since last: 1000444753 ns, Reaching safepoint: 170666 ns, At safepoint: 6029 ns, Total: 176695 ns
[2020-05-20T10:28:58.477+0000][1084][safepoint    ] Safepoint "Cleanup", Time since last: 1000659013 ns, Reaching safepoint: 106203 ns, At safepoint: 3710 ns, Total: 109913 ns
[2020-05-20T10:29:00.477+0000][1084][safepoint    ] Safepoint "Cleanup", Time since last: 2000786085 ns, Reaching safepoint: 108521 ns, At safepoint: 3247 ns, Total: 111768 ns
[2020-05-20T10:29:01.478+0000][1084][safepoint    ] Safepoint "Cleanup", Time since last: 1000503187 ns, Reaching safepoint: 215188 ns, At safepoint: 4174 ns, Total: 219362 ns
[2020-05-20T10:29:02.478+0000][1084][safepoint    ] Safepoint "Cleanup", Time since last: 1000079304 ns, Reaching safepoint: 75130 ns, At safepoint: 2783 ns, Total: 77913 ns
[2020-05-20T10:29:04.478+0000][1084][safepoint    ] Safepoint "Cleanup", Time since last: 1999994898 ns, Reaching safepoint: 207768 ns, At safepoint: 5101 ns, Total: 212869 ns
[2020-05-20T10:29:05.550+0000][1084][safepoint    ] Safepoint "Cleanup", Time since last: 1000425739 ns, Reaching safepoint: 70717517 ns, At safepoint: 665505 ns, Total: 71383022 ns
[2020-05-20T10:29:06.787+0000][1084][safepoint    ] Safepoint "Cleanup", Time since last: 1236367220 ns, Reaching safepoint: 639071 ns, At safepoint: 48232 ns, Total: 687303 ns
[2020-05-20T10:29:08.989+0000][1084][safepoint    ] Safepoint "Cleanup", Time since last: 2000621912 ns, Reaching safepoint: 201301794 ns, At safepoint: 173913 ns, Total: 201475707 ns
[2020-05-20T10:29:10.200+0000][1084][safepoint    ] Safepoint "Cleanup", Time since last: 1000937737 ns, Reaching safepoint: 209872209 ns, At safepoint: 120579 ns, Total: 209992788 ns
[2020-05-20T10:29:11.224+0000][1084][safepoint    ] Safepoint "Cleanup", Time since last: 1000115014 ns, Reaching safepoint: 23347888 ns, At safepoint: 224927 ns, Total: 23572815 ns
[2020-05-20T10:29:13.267+0000][1084][safepoint    ] Safepoint "Cleanup", Time since last: 2000454492 ns, Reaching safepoint: 41122223 ns, At safepoint: 1296693 ns, Total: 42418916 ns
[2020-05-20T10:29:15.434+0000][1084][safepoint    ] Safepoint "Cleanup", Time since last: 2000297275 ns, Reaching safepoint: 167146279 ns, At safepoint: 354318 ns, Total: 167500597 ns
[2020-05-20T10:29:17.129+0000][1084][safepoint    ] Safepoint "Cleanup", Time since last: 1671386269 ns, Reaching safepoint: 23094207 ns, At safepoint: 56580 ns, Total: 23150787 ns
[2020-05-20T10:29:18.248+0000][1084][safepoint    ] Safepoint "Cleanup", Time since last: 1000565796 ns, Reaching safepoint: 118292595 ns, At safepoint: 81623 ns, Total: 118374218 ns
[2020-05-20T10:29:20.256+0000][1084][safepoint    ] Safepoint "Cleanup", Time since last: 2000268521 ns, Reaching safepoint: 7056216 ns, At safepoint: 57970 ns, Total: 7114186 ns
[2020-05-20T10:29:21.438+0000][1084][safepoint    ] Safepoint "Cleanup", Time since last: 1112244610 ns, Reaching safepoint: 68883782 ns, At safepoint: 1486373 ns, Total: 70370155 ns
[2020-05-20T10:29:22.479+0000][1084][safepoint    ] Safepoint "Cleanup", Time since last: 1001525330 ns, Reaching safepoint: 39367329 ns, At safepoint: 112232 ns, Total: 39479561 ns
[2020-05-20T10:29:24.240+0000][1084][safepoint    ] Safepoint "Cleanup", Time since last: 1692914335 ns, Reaching safepoint: 68078219 ns, At safepoint: 77449 ns, Total: 68155668 ns
[2020-05-20T10:29:25.309+0000][1084][safepoint    ] Safepoint "Cleanup", Time since last: 1000042203 ns, Reaching safepoint: 68176537 ns, At safepoint: 63073 ns, Total: 68239610 ns
[2020-05-20T10:29:26.481+0000][1084][safepoint    ] Safepoint "Cleanup", Time since last: 1172357629 ns, Reaching safepoint: 134029 ns, At safepoint: 6956 ns, Total: 140985 ns
[2020-05-20T10:29:26.914+0000][1084][safepoint    ] Safepoint "BulkRevokeBias", Time since last: 431913202 ns, Reaching safepoint: 101101 ns, At safepoint: 1092635 ns, Total: 1193736 ns
[2020-05-20T10:29:28.721+0000][1084][safepoint    ] Safepoint "Cleanup", Time since last: 1187516783 ns, Reaching safepoint: 619187433 ns, At safepoint: 333449 ns, Total: 619520882 ns
[2020-05-20T10:29:29.749+0000][1084][safepoint    ] Safepoint "Cleanup", Time since last: 1000215651 ns, Reaching safepoint: 27239821 ns, At safepoint: 209159 ns, Total: 27448980 ns
[2020-05-20T10:29:31.252+0000][1084][safepoint    ] Safepoint "Cleanup", Time since last: 1292201062 ns, Reaching safepoint: 210942119 ns, At safepoint: 210551 ns, Total: 211152670 ns
[2020-05-20T10:29:32.665+0000][1084][safepoint    ] Safepoint "Cleanup", Time since last: 1412079740 ns, Reaching safepoint: 75594 ns, At safepoint: 2782 ns, Total: 78376 ns
[2020-05-20T10:29:33.784+0000][1084][safepoint    ] Safepoint "Cleanup", Time since last: 1000295884 ns, Reaching safepoint: 118562971 ns, At safepoint: 876056 ns, Total: 119439027 ns
[2020-05-20T10:29:35.018+0000][1084][safepoint    ] Safepoint "Cleanup", Time since last: 1233334184 ns, Reaching safepoint: 140521 ns, At safepoint: 7884 ns, Total: 148405 ns
[2020-05-20T10:29:36.804+0000][1084][safepoint    ] Safepoint "Cleanup", Time since last: 1777270778 ns, Reaching safepoint: 9051341 ns, At safepoint: 25043 ns, Total: 9076384 ns
[2020-05-20T10:29:37.856+0000][1084][safepoint    ] Safepoint "Cleanup", Time since last: 1021930616 ns, Reaching safepoint: 30213031 ns, At safepoint: 127073 ns, Total: 30340104 ns
[2020-05-20T10:29:39.091+0000][1084][safepoint    ] Safepoint "Cleanup", Time since last: 1235084904 ns, Reaching safepoint: 140057 ns, At safepoint: 52870 ns, Total: 192927 ns
[2020-05-20T10:29:40.938+0000][1084][safepoint    ] Safepoint "Cleanup", Time since last: 1820722503 ns, Reaching safepoint: 26073446 ns, At safepoint: 294492 ns, Total: 26367938 ns
[2020-05-20T10:29:41.958+0000][1084][safepoint    ] Safepoint "Cleanup", Time since last: 1001689504 ns, Reaching safepoint: 17720075 ns, At safepoint: 156753 ns, Total: 17876828 ns
[2020-05-20T10:29:42.935+0000][1084][safepoint    ] Safepoint "BulkRevokeBias", Time since last: 920534445 ns, Reaching safepoint: 55476741 ns, At safepoint: 1377852 ns, Total: 56854593 ns
[2020-05-20T10:29:44.751+0000][1084][safepoint    ] Safepoint "Cleanup", Time since last: 1681724100 ns, Reaching safepoint: 134219283 ns, At safepoint: 507825 ns, Total: 134727108 ns
[2020-05-20T10:29:46.086+0000][1084][safepoint    ] Safepoint "Cleanup", Time since last: 1313717533 ns, Reaching safepoint: 20488765 ns, At safepoint: 162318 ns, Total: 20651083 ns
[2020-05-20T10:29:47.594+0000][1084][safepoint    ] Safepoint "Cleanup", Time since last: 1460976090 ns, Reaching safepoint: 46125807 ns, At safepoint: 761041 ns, Total: 46886848 ns
[2020-05-20T10:29:48.666+0000][1084][safepoint    ] Safepoint "Cleanup", Time since last: 1001518837 ns, Reaching safepoint: 68932478 ns, At safepoint: 898781 ns, Total: 69831259 ns
[2020-05-20T10:29:50.153+0000][1084][safepoint    ] Safepoint "Cleanup", Time since last: 1000710491 ns, Reaching safepoint: 481749607 ns, At safepoint: 5299930 ns, Total: 487049537 ns
[2020-05-20T10:29:50.566+0000][1084][safepoint    ] Safepoint "BulkRevokeBias", Time since last: 384830180 ns, Reaching safepoint: 26935590 ns, At safepoint: 1447417 ns, Total: 28383007 ns
[2020-05-20T10:29:51.901+0000][1084][safepoint    ] Safepoint "Cleanup", Time since last: 1324968058 ns, Reaching safepoint: 5177031 ns, At safepoint: 4532396 ns, Total: 9709427 ns
[2020-05-20T10:29:52.578+0000][1084][gc,start     ] GC(28) Pause Young (Normal) (G1 Evacuation Pause)
[2020-05-20T10:29:52.582+0000][1084][gc,task      ] GC(28) Using 4 workers of 4 for evacuation
[2020-05-20T10:29:52.596+0000][1084][gc,age       ] GC(28) Desired survivor size 32505856 bytes, new threshold 15 (max threshold 15)
[2020-05-20T10:29:52.875+0000][1084][gc,age       ] GC(28) Age table with threshold 15 (max threshold 15)
[2020-05-20T10:29:52.875+0000][1084][gc,age       ] GC(28) - age   1:    4550136 bytes,    4550136 total
[2020-05-20T10:29:52.875+0000][1084][gc,age       ] GC(28) - age   2:      74888 bytes,    4625024 total
[2020-05-20T10:29:52.875+0000][1084][gc,age       ] GC(28) - age   3:      24016 bytes,    4649040 total
[2020-05-20T10:29:52.875+0000][1084][gc,age       ] GC(28) - age   4:       2848 bytes,    4651888 total
[2020-05-20T10:29:52.875+0000][1084][gc,age       ] GC(28) - age   5:       1736 bytes,    4653624 total
[2020-05-20T10:29:52.875+0000][1084][gc,age       ] GC(28) - age   6:       2776 bytes,    4656400 total
[2020-05-20T10:29:52.875+0000][1084][gc,age       ] GC(28) - age   7:     251624 bytes,    4908024 total
[2020-05-20T10:29:52.875+0000][1084][gc,age       ] GC(28) - age   8:     195624 bytes,    5103648 total
[2020-05-20T10:29:52.875+0000][1084][gc,age       ] GC(28) - age   9:     165168 bytes,    5268816 total
[2020-05-20T10:29:52.875+0000][1084][gc,age       ] GC(28) - age  10:     353216 bytes,    5622032 total
[2020-05-20T10:29:52.875+0000][1084][gc,age       ] GC(28) - age  11:     141392 bytes,    5763424 total
[2020-05-20T10:29:52.875+0000][1084][gc,age       ] GC(28) - age  12:     484384 bytes,    6247808 total
[2020-05-20T10:29:52.875+0000][1084][gc,age       ] GC(28) - age  13:    1156216 bytes,    7404024 total
[2020-05-20T10:29:52.875+0000][1084][gc,mmu       ] GC(28) MMU target violated: 201.0ms (200.0ms/201.0ms)
[2020-05-20T10:29:52.875+0000][1084][gc,phases    ] GC(28)   Pre Evacuate Collection Set: 0.7ms
[2020-05-20T10:29:52.875+0000][1084][gc,phases    ] GC(28)   Merge Heap Roots: 0.8ms
[2020-05-20T10:29:52.875+0000][1084][gc,phases    ] GC(28)   Evacuate Collection Set: 266.4ms
[2020-05-20T10:29:52.875+0000][1084][gc,phases    ] GC(28)   Post Evacuate Collection Set: 10.1ms
[2020-05-20T10:29:52.876+0000][1084][gc,phases    ] GC(28)   Other: 56.6ms
[2020-05-20T10:29:52.876+0000][1084][gc,heap      ] GC(28) Eden regions: 486->0(43)
[2020-05-20T10:29:52.876+0000][1084][gc,heap      ] GC(28) Survivor regions: 4->8(62)
[2020-05-20T10:29:52.876+0000][1084][gc,heap      ] GC(28) Old regions: 73->73
[2020-05-20T10:29:52.876+0000][1084][gc,heap      ] GC(28) Archive regions: 0->0
[2020-05-20T10:29:52.876+0000][1084][gc,heap      ] GC(28) Humongous regions: 7->7
[2020-05-20T10:29:52.890+0000][1084][gc,metaspace ] GC(28) Metaspace: 97378K(105240K)->97378K(105240K) NonClass: 84575K(89220K)->84575K(89220K) Class: 12802K(16020K)->12802K(16020K)
[2020-05-20T10:29:52.907+0000][1084][gc           ] GC(28) Pause Young (Normal) (G1 Evacuation Pause) 568M->87M(1024M) 328.793ms
[2020-05-20T10:29:52.908+0000][1084][gc,cpu       ] GC(28) User=0.02s Sys=0.08s Real=0.34s
[2020-05-20T10:29:52.912+0000][1084][safepoint    ] Safepoint "G1CollectForAllocation", Time since last: 567410626 ns, Reaching safepoint: 71821746 ns, At safepoint: 371018271 ns, Total: 442840017 ns
[2020-05-20T10:29:54.358+0000][1084][safepoint    ] Safepoint "Cleanup", Time since last: 1380171176 ns, Reaching safepoint: 67094105 ns, At safepoint: 131710 ns, Total: 67225815 ns
[2020-05-20T10:29:54.415+0000][1084][gc,start     ] GC(29) Pause Young (Normal) (G1 Evacuation Pause)
[2020-05-20T10:29:54.415+0000][1084][gc,task      ] GC(29) Using 4 workers of 4 for evacuation
[2020-05-20T10:29:54.415+0000][1084][gc,age       ] GC(29) Desired survivor size 3670016 bytes, new threshold 1 (max threshold 15)
[2020-05-20T10:29:54.546+0000][1084][gc,age       ] GC(29) Age table with threshold 1 (max threshold 15)
[2020-05-20T10:29:54.546+0000][1084][gc,age       ] GC(29) - age   1:    2837056 bytes,    2837056 total
[2020-05-20T10:29:54.547+0000][1084][gc,phases    ] GC(29)   Pre Evacuate Collection Set: 0.1ms
[2020-05-20T10:29:54.547+0000][1084][gc,phases    ] GC(29)   Merge Heap Roots: 0.1ms
[2020-05-20T10:29:54.547+0000][1084][gc,phases    ] GC(29)   Evacuate Collection Set: 130.6ms
[2020-05-20T10:29:54.547+0000][1084][gc,phases    ] GC(29)   Post Evacuate Collection Set: 0.8ms
[2020-05-20T10:29:54.547+0000][1084][gc,phases    ] GC(29)   Other: 0.3ms
[2020-05-20T10:29:54.547+0000][1084][gc,heap      ] GC(29) Eden regions: 43->0(274)
[2020-05-20T10:29:54.547+0000][1084][gc,heap      ] GC(29) Survivor regions: 8->4(7)
[2020-05-20T10:29:54.547+0000][1084][gc,heap      ] GC(29) Old regions: 73->78
[2020-05-20T10:29:54.547+0000][1084][gc,heap      ] GC(29) Archive regions: 0->0
[2020-05-20T10:29:54.547+0000][1084][gc,heap      ] GC(29) Humongous regions: 7->7
[2020-05-20T10:29:54.547+0000][1084][gc,metaspace ] GC(29) Metaspace: 97431K(105240K)->97431K(105240K) NonClass: 84628K(89220K)->84628K(89220K) Class: 12802K(16020K)->12802K(16020K)
[2020-05-20T10:29:54.547+0000][1084][gc           ] GC(29) Pause Young (Normal) (G1 Evacuation Pause) 129M->87M(1024M) 132.157ms
[2020-05-20T10:29:54.547+0000][1084][gc,cpu       ] GC(29) User=0.00s Sys=0.00s Real=0.13s
[2020-05-20T10:29:54.547+0000][1084][safepoint    ] Safepoint "G1CollectForAllocation", Time since last: 55736451 ns, Reaching safepoint: 83014 ns, At safepoint: 132590533 ns, Total: 132673547 ns
[2020-05-20T10:29:57.643+0000][1084][safepoint    ] Safepoint "Cleanup", Time since last: 1128159239 ns, Reaching safepoint: 1955739929 ns, At safepoint: 11800552 ns, Total: 1967540481 ns
[2020-05-20T10:29:57.648+0000][1084][safepoint    ] Safepoint "BulkRevokeBias", Time since last: 3001500 ns, Reaching safepoint: 126145 ns, At safepoint: 1755822 ns, Total: 1881967 ns
[2020-05-20T10:29:58.377+0000][1084][safepoint    ] Safepoint "BulkRevokeBias", Time since last: 113159 ns, Reaching safepoint: 727537328 ns, At safepoint: 2533095 ns, Total: 730070423 ns
[2020-05-20T10:29:59.144+0000][1084][safepoint    ] Safepoint "BulkRevokeBias", Time since last: 663802287 ns, Reaching safepoint: 99922783 ns, At safepoint: 1932981 ns, Total: 101855764 ns
[2020-05-20T10:30:00.185+0000][1084][safepoint    ] Safepoint "Cleanup", Time since last: 1000627013 ns, Reaching safepoint: 41036426 ns, At safepoint: 428057 ns, Total: 41464483 ns
[2020-05-20T10:30:01.441+0000][1084][safepoint    ] Safepoint "ICBufferFull", Time since last: 1250568695 ns, Reaching safepoint: 4960452 ns, At safepoint: 19478 ns, Total: 4979930 ns
[2020-05-20T10:30:03.043+0000][1084][safepoint    ] Safepoint "Cleanup", Time since last: 1549158611 ns, Reaching safepoint: 51988285 ns, At safepoint: 102493 ns, Total: 52090778 ns
[2020-05-20T10:30:04.118+0000][1084][safepoint    ] Safepoint "Cleanup", Time since last: 1000331593 ns, Reaching safepoint: 74966551 ns, At safepoint: 54724 ns, Total: 75021275 ns
[2020-05-20T10:30:05.605+0000][1084][safepoint    ] Safepoint "Cleanup", Time since last: 1398377743 ns, Reaching safepoint: 88882345 ns, At safepoint: 409042 ns, Total: 89291387 ns
[2020-05-20T10:30:06.675+0000][1084][safepoint    ] Safepoint "Cleanup", Time since last: 1000369159 ns, Reaching safepoint: 68909753 ns, At safepoint: 542608 ns, Total: 69452361 ns
[2020-05-20T10:30:08.697+0000][1084][safepoint    ] Safepoint "Cleanup", Time since last: 2000281043 ns, Reaching safepoint: 21025806 ns, At safepoint: 206840 ns, Total: 21232646 ns
[2020-05-20T10:30:10.553+0000][1084][safepoint    ] Safepoint "Cleanup", Time since last: 1856765549 ns, Reaching safepoint: 180870 ns, At safepoint: 5565 ns, Total: 186435 ns
[2020-05-20T10:30:11.903+0000][1084][safepoint    ] Safepoint "Cleanup", Time since last: 1348738438 ns, Reaching safepoint: 180869 ns, At safepoint: 42203 ns, Total: 223072 ns
[2020-05-20T10:30:12.804+0000][1084][gc,start     ] GC(30) Pause Young (Normal) (G1 Evacuation Pause)
[2020-05-20T10:30:12.804+0000][1084][gc,task      ] GC(30) Using 4 workers of 4 for evacuation
[2020-05-20T10:30:12.804+0000][1084][gc,age       ] GC(30) Desired survivor size 18350080 bytes, new threshold 15 (max threshold 15)
[2020-05-20T10:30:12.838+0000][1084][gc,age       ] GC(30) Age table with threshold 15 (max threshold 15)
[2020-05-20T10:30:12.838+0000][1084][gc,age       ] GC(30) - age   1:    6296064 bytes,    6296064 total
[2020-05-20T10:30:12.838+0000][1084][gc,age       ] GC(30) - age   2:     705976 bytes,    7002040 total
[2020-05-20T10:30:12.838+0000][1084][gc,phases    ] GC(30)   Pre Evacuate Collection Set: 0.1ms
[2020-05-20T10:30:12.838+0000][1084][gc,phases    ] GC(30)   Merge Heap Roots: 0.1ms
[2020-05-20T10:30:12.838+0000][1084][gc,phases    ] GC(30)   Evacuate Collection Set: 32.7ms
[2020-05-20T10:30:12.838+0000][1084][gc,phases    ] GC(30)   Post Evacuate Collection Set: 1.0ms
[2020-05-20T10:30:12.838+0000][1084][gc,phases    ] GC(30)   Other: 0.3ms
[2020-05-20T10:30:12.838+0000][1084][gc,heap      ] GC(30) Eden regions: 274->0(168)
[2020-05-20T10:30:12.839+0000][1084][gc,heap      ] GC(30) Survivor regions: 4->8(35)
[2020-05-20T10:30:12.839+0000][1084][gc,heap      ] GC(30) Old regions: 78->78
[2020-05-20T10:30:12.839+0000][1084][gc,heap      ] GC(30) Archive regions: 0->0
[2020-05-20T10:30:12.839+0000][1084][gc,heap      ] GC(30) Humongous regions: 7->7
[2020-05-20T10:30:12.839+0000][1084][gc,metaspace ] GC(30) Metaspace: 97712K(105496K)->97712K(105496K) NonClass: 84906K(89476K)->84906K(89476K) Class: 12806K(16020K)->12806K(16020K)
[2020-05-20T10:30:12.856+0000][1084][gc           ] GC(30) Pause Young (Normal) (G1 Evacuation Pause) 361M->91M(1024M) 51.800ms
[2020-05-20T10:30:12.856+0000][1084][gc,cpu       ] GC(30) User=0.03s Sys=0.00s Real=0.05s
[2020-05-20T10:30:12.856+0000][1084][safepoint    ] Safepoint "G1CollectForAllocation", Time since last: 853867469 ns, Reaching safepoint: 48051367 ns, At safepoint: 52098661 ns, Total: 100150028 ns
[2020-05-20T10:30:14.857+0000][1084][safepoint    ] Safepoint "Cleanup", Time since last: 1999850667 ns, Reaching safepoint: 106203 ns, At safepoint: 5102 ns, Total: 111305 ns
[2020-05-20T10:30:15.973+0000][1084][safepoint    ] Safepoint "Cleanup", Time since last: 1000534723 ns, Reaching safepoint: 115993702 ns, At safepoint: 128927 ns, Total: 116122629 ns
[2020-05-20T10:30:16.974+0000][1084][safepoint    ] Safepoint "Cleanup", Time since last: 1000686839 ns, Reaching safepoint: 158145 ns, At safepoint: 10666 ns, Total: 168811 ns
[2020-05-20T10:30:17.975+0000][1084][safepoint    ] Safepoint "Cleanup", Time since last: 1000644173 ns, Reaching safepoint: 111304 ns, At safepoint: 53797 ns, Total: 165101 ns
[2020-05-20T10:30:18.976+0000][1084][safepoint    ] Safepoint "Cleanup", Time since last: 1000272695 ns, Reaching safepoint: 116869 ns, At safepoint: 5102 ns, Total: 121971 ns
[2020-05-20T10:30:19.976+0000][1084][safepoint    ] Safepoint "Cleanup", Time since last: 1000068637 ns, Reaching safepoint: 115478 ns, At safepoint: 4174 ns, Total: 119652 ns
[2020-05-20T10:30:20.977+0000][1084][safepoint    ] Safepoint "Cleanup", Time since last: 1000625158 ns, Reaching safepoint: 101101 ns, At safepoint: 6029 ns, Total: 107130 ns
[2020-05-20T10:30:21.977+0000][1084][safepoint    ] Safepoint "Cleanup", Time since last: 1000784694 ns, Reaching safepoint: 104811 ns, At safepoint: 6029 ns, Total: 110840 ns
[2020-05-20T10:30:23.045+0000][1084][gc,start     ] GC(31) Pause Young (Normal) (G1 Evacuation Pause)
[2020-05-20T10:30:23.045+0000][1084][gc,task      ] GC(31) Using 4 workers of 4 for evacuation
[2020-05-20T10:30:23.045+0000][1084][gc,age       ] GC(31) Desired survivor size 11534336 bytes, new threshold 15 (max threshold 15)
[2020-05-20T10:30:23.096+0000][1084][gc,age       ] GC(31) Age table with threshold 15 (max threshold 15)
[2020-05-20T10:30:23.096+0000][1084][gc,age       ] GC(31) - age   1:    3608040 bytes,    3608040 total
[2020-05-20T10:30:23.096+0000][1084][gc,age       ] GC(31) - age   2:    5156304 bytes,    8764344 total
[2020-05-20T10:30:23.096+0000][1084][gc,age       ] GC(31) - age   3:     705936 bytes,    9470280 total
[2020-05-20T10:30:23.096+0000][1084][gc,phases    ] GC(31)   Pre Evacuate Collection Set: 0.1ms
[2020-05-20T10:30:23.096+0000][1084][gc,phases    ] GC(31)   Merge Heap Roots: 0.1ms
[2020-05-20T10:30:23.096+0000][1084][gc,phases    ] GC(31)   Evacuate Collection Set: 49.9ms
[2020-05-20T10:30:23.096+0000][1084][gc,phases    ] GC(31)   Post Evacuate Collection Set: 0.6ms
[2020-05-20T10:30:23.096+0000][1084][gc,phases    ] GC(31)   Other: 0.4ms
[2020-05-20T10:30:23.096+0000][1084][gc,heap      ] GC(31) Eden regions: 168->0(224)
[2020-05-20T10:30:23.096+0000][1084][gc,heap      ] GC(31) Survivor regions: 8->10(22)
[2020-05-20T10:30:23.096+0000][1084][gc,heap      ] GC(31) Old regions: 78->78
[2020-05-20T10:30:23.096+0000][1084][gc,heap      ] GC(31) Archive regions: 0->0
[2020-05-20T10:30:23.096+0000][1084][gc,heap      ] GC(31) Humongous regions: 7->7
[2020-05-20T10:30:23.096+0000][1084][gc,metaspace ] GC(31) Metaspace: 97760K(105496K)->97760K(105496K) NonClass: 84954K(89476K)->84954K(89476K) Class: 12806K(16020K)->12806K(16020K)
[2020-05-20T10:30:23.096+0000][1084][gc           ] GC(31) Pause Young (Normal) (G1 Evacuation Pause) 259M->93M(1024M) 51.226ms
[2020-05-20T10:30:23.096+0000][1084][gc,cpu       ] GC(31) User=0.03s Sys=0.00s Real=0.05s
[2020-05-20T10:30:23.096+0000][1084][safepoint    ] Safepoint "G1CollectForAllocation", Time since last: 1067845408 ns, Reaching safepoint: 110841 ns, At safepoint: 51353388 ns, Total: 51464229 ns
[2020-05-20T10:30:25.097+0000][1084][safepoint    ] Safepoint "Cleanup", Time since last: 1999739826 ns, Reaching safepoint: 108522 ns, At safepoint: 5565 ns, Total: 114087 ns
[2020-05-20T10:30:26.097+0000][1084][safepoint    ] Safepoint "Cleanup", Time since last: 1000534260 ns, Reaching safepoint: 119652 ns, At safepoint: 7420 ns, Total: 127072 ns
[2020-05-20T10:30:27.098+0000][1084][safepoint    ] Safepoint "Cleanup", Time since last: 1000778201 ns, Reaching safepoint: 129391 ns, At safepoint: 4638 ns, Total: 134029 ns
[2020-05-20T10:30:28.099+0000][1084][safepoint    ] Safepoint "Cleanup", Time since last: 1000632578 ns, Reaching safepoint: 111304 ns, At safepoint: 6493 ns, Total: 117797 ns
[2020-05-20T10:30:29.099+0000][1084][safepoint    ] Safepoint "Cleanup", Time since last: 1000350608 ns, Reaching safepoint: 120115 ns, At safepoint: 7884 ns, Total: 127999 ns
[2020-05-20T10:30:30.100+0000][1084][safepoint    ] Safepoint "Cleanup", Time since last: 1000641390 ns, Reaching safepoint: 86261 ns, At safepoint: 3246 ns, Total: 89507 ns
[2020-05-20T10:30:31.101+0000][1084][safepoint    ] Safepoint "Cleanup", Time since last: 1000700752 ns, Reaching safepoint: 143304 ns, At safepoint: 6493 ns, Total: 149797 ns
[2020-05-20T10:30:32.101+0000][1084][safepoint    ] Safepoint "Cleanup", Time since last: 1000134029 ns, Reaching safepoint: 212405 ns, At safepoint: 8348 ns, Total: 220753 ns
[2020-05-20T10:30:34.102+0000][1084][safepoint    ] Safepoint "Cleanup", Time since last: 2000085797 ns, Reaching safepoint: 121043 ns, At safepoint: 4638 ns, Total: 125681 ns
[2020-05-20T10:30:35.103+0000][1084][safepoint    ] Safepoint "Cleanup", Time since last: 1000831070 ns, Reaching safepoint: 126145 ns, At safepoint: 2782 ns, Total: 128927 ns
[2020-05-20T10:30:35.260+0000][1084][safepoint    ] Safepoint "BulkRevokeBias", Time since last: 156845086 ns, Reaching safepoint: 89971 ns, At safepoint: 1027244 ns, Total: 1117215 ns
[2020-05-20T10:30:36.261+0000][1084][safepoint    ] Safepoint "Cleanup", Time since last: 1000868635 ns, Reaching safepoint: 195710 ns, At safepoint: 5101 ns, Total: 200811 ns
[2020-05-20T10:30:38.262+0000][1084][safepoint    ] Safepoint "Cleanup", Time since last: 2000045913 ns, Reaching safepoint: 140986 ns, At safepoint: 7420 ns, Total: 148406 ns
[2020-05-20T10:30:39.262+0000][1084][safepoint    ] Safepoint "Cleanup", Time since last: 1000104811 ns, Reaching safepoint: 112232 ns, At safepoint: 5565 ns, Total: 117797 ns
[2020-05-20T10:30:41.262+0000][1084][safepoint    ] Safepoint "Cleanup", Time since last: 2000294028 ns, Reaching safepoint: 144232 ns, At safepoint: 9275 ns, Total: 153507 ns
[2020-05-20T10:30:42.263+0000][1084][safepoint    ] Safepoint "Cleanup", Time since last: 1000672926 ns, Reaching safepoint: 183652 ns, At safepoint: 25507 ns, Total: 209159 ns
[2020-05-20T10:30:43.264+0000][1084][safepoint    ] Safepoint "Cleanup", Time since last: 1000075594 ns, Reaching safepoint: 87188 ns, At safepoint: 5102 ns, Total: 92290 ns
[2020-05-20T10:30:44.264+0000][1084][safepoint    ] Safepoint "Cleanup", Time since last: 1000526375 ns, Reaching safepoint: 112696 ns, At safepoint: 6956 ns, Total: 119652 ns
[2020-05-20T10:30:45.265+0000][1084][safepoint    ] Safepoint "Cleanup", Time since last: 1000635361 ns, Reaching safepoint: 95072 ns, At safepoint: 5102 ns, Total: 100174 ns
[2020-05-20T10:30:46.266+0000][1084][safepoint    ] Safepoint "Cleanup", Time since last: 1000586665 ns, Reaching safepoint: 122898 ns, At safepoint: 5102 ns, Total: 128000 ns
[2020-05-20T10:30:47.266+0000][1084][safepoint    ] Safepoint "Cleanup", Time since last: 1000331130 ns, Reaching safepoint: 107593 ns, At safepoint: 3247 ns, Total: 110840 ns
[2020-05-20T10:30:48.267+0000][1084][safepoint    ] Safepoint "Cleanup", Time since last: 1000368231 ns, Reaching safepoint: 139594 ns, At safepoint: 6029 ns, Total: 145623 ns
[2020-05-20T10:30:49.267+0000][1084][safepoint    ] Safepoint "Cleanup", Time since last: 1000587129 ns, Reaching safepoint: 136811 ns, At safepoint: 8812 ns, Total: 145623 ns
[2020-05-20T10:30:50.268+0000][1084][safepoint    ] Safepoint "Cleanup", Time since last: 1000754549 ns, Reaching safepoint: 87652 ns, At safepoint: 3246 ns, Total: 90898 ns
[2020-05-20T10:30:51.268+0000][1084][safepoint    ] Safepoint "Cleanup", Time since last: 1000081623 ns, Reaching safepoint: 122898 ns, At safepoint: 10203 ns, Total: 133101 ns
[2020-05-20T10:30:52.269+0000][1084][safepoint    ] Safepoint "Cleanup", Time since last: 1000702143 ns, Reaching safepoint: 101102 ns, At safepoint: 3246 ns, Total: 104348 ns
[2020-05-20T10:30:53.270+0000][1084][safepoint    ] Safepoint "Cleanup", Time since last: 1000438260 ns, Reaching safepoint: 103884 ns, At safepoint: 3246 ns, Total: 107130 ns
[2020-05-20T10:30:54.270+0000][1084][safepoint    ] Safepoint "Cleanup", Time since last: 1000419709 ns, Reaching safepoint: 133565 ns, At safepoint: 7884 ns, Total: 141449 ns
[2020-05-20T10:30:55.271+0000][1084][safepoint    ] Safepoint "Cleanup", Time since last: 1000557448 ns, Reaching safepoint: 142377 ns, At safepoint: 6956 ns, Total: 149333 ns
[2020-05-20T10:30:56.272+0000][1084][safepoint    ] Safepoint "Cleanup", Time since last: 1000550955 ns, Reaching safepoint: 120580 ns, At safepoint: 5565 ns, Total: 126145 ns
[2020-05-20T10:30:57.272+0000][1084][safepoint    ] Safepoint "Cleanup", Time since last: 1000116406 ns, Reaching safepoint: 97391 ns, At safepoint: 2782 ns, Total: 100173 ns
[2020-05-20T10:30:58.272+0000][1084][safepoint    ] Safepoint "Cleanup", Time since last: 1000510608 ns, Reaching safepoint: 127536 ns, At safepoint: 4637 ns, Total: 132173 ns
[2020-05-20T10:30:59.273+0000][1084][safepoint    ] Safepoint "Cleanup", Time since last: 1000139130 ns, Reaching safepoint: 106667 ns, At safepoint: 5101 ns, Total: 111768 ns
[2020-05-20T10:31:00.273+0000][1084][safepoint    ] Safepoint "Cleanup", Time since last: 1000278724 ns, Reaching safepoint: 137275 ns, At safepoint: 8812 ns, Total: 146087 ns
[2020-05-20T10:31:02.274+0000][1084][safepoint    ] Safepoint "Cleanup", Time since last: 2000237449 ns, Reaching safepoint: 163246 ns, At safepoint: 5565 ns, Total: 168811 ns
[2020-05-20T10:31:03.274+0000][1084][safepoint    ] Safepoint "Cleanup", Time since last: 1000197565 ns, Reaching safepoint: 113159 ns, At safepoint: 4637 ns, Total: 117796 ns
[2020-05-20T10:31:04.274+0000][1084][safepoint    ] Safepoint "Cleanup", Time since last: 1000221681 ns, Reaching safepoint: 133565 ns, At safepoint: 5101 ns, Total: 138666 ns
[2020-05-20T10:31:05.277+0000][1084][safepoint    ] Safepoint "Cleanup", Time since last: 1003124863 ns, Reaching safepoint: 130318 ns, At safepoint: 7421 ns, Total: 137739 ns
[2020-05-20T10:31:06.408+0000][1084][safepoint    ] Safepoint "Cleanup", Time since last: 1130528624 ns, Reaching safepoint: 145159 ns, At safepoint: 6493 ns, Total: 151652 ns
[2020-05-20T10:31:07.409+0000][1084][safepoint    ] Safepoint "Cleanup", Time since last: 1000494376 ns, Reaching safepoint: 141449 ns, At safepoint: 7420 ns, Total: 148869 ns
[2020-05-20T10:31:08.514+0000][1084][safepoint    ] Safepoint "Cleanup", Time since last: 1000499477 ns, Reaching safepoint: 104975061 ns, At safepoint: 123362 ns, Total: 105098423 ns
[2020-05-20T10:31:09.515+0000][1084][safepoint    ] Safepoint "Cleanup", Time since last: 1000761042 ns, Reaching safepoint: 151652 ns, At safepoint: 4637 ns, Total: 156289 ns
[2020-05-20T10:31:10.516+0000][1084][safepoint    ] Safepoint "Cleanup", Time since last: 1000105275 ns, Reaching safepoint: 121971 ns, At safepoint: 4174 ns, Total: 126145 ns
[2020-05-20T10:31:11.516+0000][1084][safepoint    ] Safepoint "Cleanup", Time since last: 1000607999 ns, Reaching safepoint: 147941 ns, At safepoint: 4174 ns, Total: 152115 ns
[2020-05-20T10:31:13.517+0000][1084][safepoint    ] Safepoint "Cleanup", Time since last: 2000321855 ns, Reaching safepoint: 234202 ns, At safepoint: 6029 ns, Total: 240231 ns
[2020-05-20T10:31:14.517+0000][1084][safepoint    ] Safepoint "Cleanup", Time since last: 1000135884 ns, Reaching safepoint: 236521 ns, At safepoint: 7420 ns, Total: 243941 ns
[2020-05-20T10:31:15.518+0000][1084][safepoint    ] Safepoint "Cleanup", Time since last: 1000159536 ns, Reaching safepoint: 131246 ns, At safepoint: 4638 ns, Total: 135884 ns
[2020-05-20T10:31:16.518+0000][1084][safepoint    ] Safepoint "Cleanup", Time since last: 1000610781 ns, Reaching safepoint: 123826 ns, At safepoint: 4637 ns, Total: 128463 ns
[2020-05-20T10:31:17.519+0000][1084][safepoint    ] Safepoint "Cleanup", Time since last: 1000623303 ns, Reaching safepoint: 85797 ns, At safepoint: 2783 ns, Total: 88580 ns
[2020-05-20T10:31:18.521+0000][1084][safepoint    ] Safepoint "Cleanup", Time since last: 1001554547 ns, Reaching safepoint: 104811 ns, At safepoint: 4638 ns, Total: 109449 ns
[2020-05-20T10:31:19.522+0000][1084][safepoint    ] Safepoint "Cleanup", Time since last: 1000782839 ns, Reaching safepoint: 104347 ns, At safepoint: 4638 ns, Total: 108985 ns
[2020-05-20T10:31:20.522+0000][1084][safepoint    ] Safepoint "Cleanup", Time since last: 1000244869 ns, Reaching safepoint: 105739 ns, At safepoint: 3246 ns, Total: 108985 ns
[2020-05-20T10:31:21.523+0000][1084][safepoint    ] Safepoint "Cleanup", Time since last: 1000707709 ns, Reaching safepoint: 104811 ns, At safepoint: 4174 ns, Total: 108985 ns
[2020-05-20T10:31:22.523+0000][1084][safepoint    ] Safepoint "Cleanup", Time since last: 1000351999 ns, Reaching safepoint: 123362 ns, At safepoint: 4638 ns, Total: 128000 ns
[2020-05-20T10:31:23.524+0000][1084][safepoint    ] Safepoint "Cleanup", Time since last: 1000576462 ns, Reaching safepoint: 113159 ns, At safepoint: 6493 ns, Total: 119652 ns
[2020-05-20T10:31:24.524+0000][1084][safepoint    ] Safepoint "Cleanup", Time since last: 1000078377 ns, Reaching safepoint: 130318 ns, At safepoint: 7421 ns, Total: 137739 ns
[2020-05-20T10:31:25.527+0000][1084][safepoint    ] Safepoint "Cleanup", Time since last: 1002858660 ns, Reaching safepoint: 91826 ns, At safepoint: 2782 ns, Total: 94608 ns
[2020-05-20T10:31:26.527+0000][1084][safepoint    ] Safepoint "Cleanup", Time since last: 1000229565 ns, Reaching safepoint: 161391 ns, At safepoint: 9275 ns, Total: 170666 ns
[2020-05-20T10:31:27.528+0000][1084][safepoint    ] Safepoint "Cleanup", Time since last: 1000254144 ns, Reaching safepoint: 214725 ns, At safepoint: 7884 ns, Total: 222609 ns
[2020-05-20T10:31:28.528+0000][1084][safepoint    ] Safepoint "Cleanup", Time since last: 1000271303 ns, Reaching safepoint: 118725 ns, At safepoint: 7884 ns, Total: 126609 ns
[2020-05-20T10:31:29.529+0000][1084][safepoint    ] Safepoint "Cleanup", Time since last: 1000403941 ns, Reaching safepoint: 268057 ns, At safepoint: 10203 ns, Total: 278260 ns
[2020-05-20T10:31:31.347+0000][1084][safepoint    ] Safepoint "Cleanup", Time since last: 1817523901 ns, Reaching safepoint: 177623 ns, At safepoint: 6493 ns, Total: 184116 ns
[2020-05-20T10:31:32.563+0000][1084][safepoint    ] Safepoint "Cleanup", Time since last: 1216428484 ns, Reaching safepoint: 141449 ns, At safepoint: 4637 ns, Total: 146086 ns
[2020-05-20T10:31:33.564+0000][1084][safepoint    ] Safepoint "Cleanup", Time since last: 1000807882 ns, Reaching safepoint: 121044 ns, At safepoint: 7884 ns, Total: 128928 ns
[2020-05-20T10:31:34.565+0000][1084][safepoint    ] Safepoint "Cleanup", Time since last: 1000653911 ns, Reaching safepoint: 120116 ns, At safepoint: 6493 ns, Total: 126609 ns
[2020-05-20T10:31:35.566+0000][1084][safepoint    ] Safepoint "Cleanup", Time since last: 1000525911 ns, Reaching safepoint: 133102 ns, At safepoint: 9739 ns, Total: 142841 ns
[2020-05-20T10:31:36.577+0000][1084][safepoint    ] Safepoint "Cleanup", Time since last: 1005341668 ns, Reaching safepoint: 5983987 ns, At safepoint: 14376 ns, Total: 5998363 ns
[2020-05-20T10:31:37.577+0000][1084][safepoint    ] Safepoint "Cleanup", Time since last: 1000035710 ns, Reaching safepoint: 89044 ns, At safepoint: 3246 ns, Total: 92290 ns
[2020-05-20T10:31:38.578+0000][1084][safepoint    ] Safepoint "Cleanup", Time since last: 1000747593 ns, Reaching safepoint: 151651 ns, At safepoint: 6029 ns, Total: 157680 ns
[2020-05-20T10:31:39.580+0000][1084][safepoint    ] Safepoint "Cleanup", Time since last: 1001359302 ns, Reaching safepoint: 140521 ns, At safepoint: 46377 ns, Total: 186898 ns
[2020-05-20T10:31:40.580+0000][1084][safepoint    ] Safepoint "Cleanup", Time since last: 1000544926 ns, Reaching safepoint: 115942 ns, At safepoint: 6492 ns, Total: 122434 ns
[2020-05-20T10:31:41.581+0000][1084][safepoint    ] Safepoint "Cleanup", Time since last: 1000529622 ns, Reaching safepoint: 108058 ns, At safepoint: 3710 ns, Total: 111768 ns
[2020-05-20T10:31:42.645+0000][1084][safepoint    ] Safepoint "Cleanup", Time since last: 1063693766 ns, Reaching safepoint: 115941 ns, At safepoint: 4174 ns, Total: 120115 ns
[2020-05-20T10:31:43.645+0000][1084][safepoint    ] Safepoint "Cleanup", Time since last: 1000317681 ns, Reaching safepoint: 198492 ns, At safepoint: 5101 ns, Total: 203593 ns
[2020-05-20T10:31:44.646+0000][1084][safepoint    ] Safepoint "Cleanup", Time since last: 1000243478 ns, Reaching safepoint: 185043 ns, At safepoint: 6957 ns, Total: 192000 ns
[2020-05-20T10:31:45.647+0000][1084][safepoint    ] Safepoint "Cleanup", Time since last: 1000673389 ns, Reaching safepoint: 477680 ns, At safepoint: 8348 ns, Total: 486028 ns
[2020-05-20T10:31:46.647+0000][1084][safepoint    ] Safepoint "Cleanup", Time since last: 1000170203 ns, Reaching safepoint: 132173 ns, At safepoint: 5566 ns, Total: 137739 ns
[2020-05-20T10:31:47.648+0000][1084][safepoint    ] Safepoint "Cleanup", Time since last: 1000816230 ns, Reaching safepoint: 105738 ns, At safepoint: 3247 ns, Total: 108985 ns
[2020-05-20T10:31:49.484+0000][1084][safepoint    ] Safepoint "Cleanup", Time since last: 1800282434 ns, Reaching safepoint: 36722465 ns, At safepoint: 54261 ns, Total: 36776726 ns
[2020-05-20T10:31:50.501+0000][1084][safepoint    ] Safepoint "Cleanup", Time since last: 1000804172 ns, Reaching safepoint: 15046458 ns, At safepoint: 42203 ns, Total: 15088661 ns
[2020-05-20T10:31:51.507+0000][1084][safepoint    ] Safepoint "Cleanup", Time since last: 1000344115 ns, Reaching safepoint: 5196046 ns, At safepoint: 53333 ns, Total: 5249379 ns
[2020-05-20T10:31:52.974+0000][1084][safepoint    ] Safepoint "Cleanup", Time since last: 1467100598 ns, Reaching safepoint: 192000 ns, At safepoint: 10666 ns, Total: 202666 ns
[2020-05-20T10:31:53.775+0000][1084][gc,start     ] GC(32) Pause Young (Normal) (G1 Evacuation Pause)
[2020-05-20T10:31:53.775+0000][1084][gc,task      ] GC(32) Using 4 workers of 4 for evacuation
[2020-05-20T10:31:53.775+0000][1084][gc,age       ] GC(32) Desired survivor size 15728640 bytes, new threshold 15 (max threshold 15)
[2020-05-20T10:31:53.935+0000][1084][gc,age       ] GC(32) Age table with threshold 15 (max threshold 15)
[2020-05-20T10:31:53.935+0000][1084][gc,age       ] GC(32) - age   1:    3274744 bytes,    3274744 total
[2020-05-20T10:31:53.935+0000][1084][gc,age       ] GC(32) - age   2:    2101832 bytes,    5376576 total
[2020-05-20T10:31:53.935+0000][1084][gc,age       ] GC(32) - age   3:    5136608 bytes,   10513184 total
[2020-05-20T10:31:53.935+0000][1084][gc,age       ] GC(32) - age   4:     697536 bytes,   11210720 total
[2020-05-20T10:31:53.935+0000][1084][gc,phases    ] GC(32)   Pre Evacuate Collection Set: 0.1ms
[2020-05-20T10:31:53.935+0000][1084][gc,phases    ] GC(32)   Merge Heap Roots: 0.1ms
[2020-05-20T10:31:53.935+0000][1084][gc,phases    ] GC(32)   Evacuate Collection Set: 134.4ms
[2020-05-20T10:31:53.935+0000][1084][gc,phases    ] GC(32)   Post Evacuate Collection Set: 26.3ms
[2020-05-20T10:31:53.935+0000][1084][gc,phases    ] GC(32)   Other: 0.4ms
[2020-05-20T10:31:53.936+0000][1084][gc,heap      ] GC(32) Eden regions: 224->0(289)
[2020-05-20T10:31:53.936+0000][1084][gc,heap      ] GC(32) Survivor regions: 10->12(30)
[2020-05-20T10:31:53.936+0000][1084][gc,heap      ] GC(32) Old regions: 78->78
[2020-05-20T10:31:53.936+0000][1084][gc,heap      ] GC(32) Archive regions: 0->0
[2020-05-20T10:31:53.936+0000][1084][gc,heap      ] GC(32) Humongous regions: 15->8
[2020-05-20T10:31:53.936+0000][1084][gc,metaspace ] GC(32) Metaspace: 98440K(106008K)->98440K(106008K) NonClass: 85554K(89988K)->85554K(89988K) Class: 12886K(16020K)->12886K(16020K)
[2020-05-20T10:31:53.936+0000][1084][gc           ] GC(32) Pause Young (Normal) (G1 Evacuation Pause) 325M->96M(1024M) 161.655ms
[2020-05-20T10:31:53.936+0000][1084][gc,cpu       ] GC(32) User=0.16s Sys=0.00s Real=0.16s
[2020-05-20T10:31:53.936+0000][1084][safepoint    ] Safepoint "G1CollectForAllocation", Time since last: 786191337 ns, Reaching safepoint: 14513589 ns, At safepoint: 162345363 ns, Total: 176858952 ns
[2020-05-20T10:31:55.294+0000][1084][safepoint    ] Safepoint "Cleanup", Time since last: 1346058792 ns, Reaching safepoint: 10832670 ns, At safepoint: 74667 ns, Total: 10907337 ns
[2020-05-20T10:31:56.137+0000][1084][safepoint    ] Safepoint "BulkRevokeBias", Time since last: 842332655 ns, Reaching safepoint: 159536 ns, At safepoint: 792114 ns, Total: 951650 ns
[2020-05-20T10:31:57.309+0000][1084][safepoint    ] Safepoint "Cleanup", Time since last: 1171896645 ns, Reaching safepoint: 116406 ns, At safepoint: 42666 ns, Total: 159072 ns
[2020-05-20T10:31:58.310+0000][1084][safepoint    ] Safepoint "Cleanup", Time since last: 1000271768 ns, Reaching safepoint: 143304 ns, At safepoint: 5565 ns, Total: 148869 ns
[2020-05-20T10:31:59.313+0000][1084][safepoint    ] Safepoint "Cleanup", Time since last: 1003361383 ns, Reaching safepoint: 136812 ns, At safepoint: 13913 ns, Total: 150725 ns
[2020-05-20T10:32:00.313+0000][1084][safepoint    ] Safepoint "Cleanup", Time since last: 1000101565 ns, Reaching safepoint: 108985 ns, At safepoint: 5565 ns, Total: 114550 ns
[2020-05-20T10:32:01.314+0000][1084][safepoint    ] Safepoint "Cleanup", Time since last: 1000181797 ns, Reaching safepoint: 147478 ns, At safepoint: 8348 ns, Total: 155826 ns
[2020-05-20T10:32:03.315+0000][1084][safepoint    ] Safepoint "Cleanup", Time since last: 2000735070 ns, Reaching safepoint: 140985 ns, At safepoint: 25508 ns, Total: 166493 ns
[2020-05-20T10:32:04.317+0000][1084][safepoint    ] Safepoint "Cleanup", Time since last: 1001968691 ns, Reaching safepoint: 101101 ns, At safepoint: 8812 ns, Total: 109913 ns
[2020-05-20T10:32:05.317+0000][1084][safepoint    ] Safepoint "Cleanup", Time since last: 1000505969 ns, Reaching safepoint: 92290 ns, At safepoint: 14377 ns, Total: 106667 ns
[2020-05-20T10:32:06.318+0000][1084][safepoint    ] Safepoint "Cleanup", Time since last: 1000781911 ns, Reaching safepoint: 125217 ns, At safepoint: 5102 ns, Total: 130319 ns
[2020-05-20T10:32:07.319+0000][1084][safepoint    ] Safepoint "Cleanup", Time since last: 1000122434 ns, Reaching safepoint: 172521 ns, At safepoint: 6493 ns, Total: 179014 ns
[2020-05-20T10:32:08.319+0000][1084][safepoint    ] Safepoint "Cleanup", Time since last: 1000657622 ns, Reaching safepoint: 140057 ns, At safepoint: 3711 ns, Total: 143768 ns
[2020-05-20T10:32:09.320+0000][1084][safepoint    ] Safepoint "Cleanup", Time since last: 1000243941 ns, Reaching safepoint: 140058 ns, At safepoint: 6029 ns, Total: 146087 ns
[2020-05-20T10:32:10.320+0000][1084][safepoint    ] Safepoint "Cleanup", Time since last: 1000290318 ns, Reaching safepoint: 133565 ns, At safepoint: 3710 ns, Total: 137275 ns
[2020-05-20T10:32:11.321+0000][1084][safepoint    ] Safepoint "Cleanup", Time since last: 1000625622 ns, Reaching safepoint: 147014 ns, At safepoint: 20406 ns, Total: 167420 ns
[2020-05-20T10:32:12.321+0000][1084][safepoint    ] Safepoint "Cleanup", Time since last: 1000248579 ns, Reaching safepoint: 123825 ns, At safepoint: 4638 ns, Total: 128463 ns
[2020-05-20T10:32:13.322+0000][1084][safepoint    ] Safepoint "Cleanup", Time since last: 1000427593 ns, Reaching safepoint: 158145 ns, At safepoint: 2783 ns, Total: 160928 ns
[2020-05-20T10:32:15.322+0000][1084][safepoint    ] Safepoint "Cleanup", Time since last: 2000172057 ns, Reaching safepoint: 105275 ns, At safepoint: 3710 ns, Total: 108985 ns
[2020-05-20T10:32:16.323+0000][1084][safepoint    ] Safepoint "Cleanup", Time since last: 1000360811 ns, Reaching safepoint: 122898 ns, At safepoint: 5102 ns, Total: 128000 ns
[2020-05-20T10:32:18.323+0000][1084][safepoint    ] Safepoint "Cleanup", Time since last: 2000160927 ns, Reaching safepoint: 140521 ns, At safepoint: 7884 ns, Total: 148405 ns
[2020-05-20T10:32:19.324+0000][1084][safepoint    ] Safepoint "Cleanup", Time since last: 1000321391 ns, Reaching safepoint: 180405 ns, At safepoint: 6029 ns, Total: 186434 ns
[2020-05-20T10:32:20.324+0000][1084][safepoint    ] Safepoint "Cleanup", Time since last: 1000477217 ns, Reaching safepoint: 118724 ns, At safepoint: 6493 ns, Total: 125217 ns
[2020-05-20T10:32:21.325+0000][1084][safepoint    ] Safepoint "Cleanup", Time since last: 1000301912 ns, Reaching safepoint: 101101 ns, At safepoint: 4638 ns, Total: 105739 ns
[2020-05-20T10:32:22.325+0000][1084][safepoint    ] Safepoint "Cleanup", Time since last: 1000240695 ns, Reaching safepoint: 150724 ns, At safepoint: 6493 ns, Total: 157217 ns
[2020-05-20T10:32:23.325+0000][1084][safepoint    ] Safepoint "Cleanup", Time since last: 1000126608 ns, Reaching safepoint: 137276 ns, At safepoint: 6956 ns, Total: 144232 ns
[2020-05-20T10:32:25.326+0000][1084][safepoint    ] Safepoint "Cleanup", Time since last: 2000604752 ns, Reaching safepoint: 134029 ns, At safepoint: 3246 ns, Total: 137275 ns
[2020-05-20T10:32:26.406+0000][1084][safepoint    ] Safepoint "Cleanup", Time since last: 1080161206 ns, Reaching safepoint: 238840 ns, At safepoint: 6956 ns, Total: 245796 ns
[2020-05-20T10:32:27.407+0000][1084][safepoint    ] Safepoint "Cleanup", Time since last: 1000041739 ns, Reaching safepoint: 150261 ns, At safepoint: 4637 ns, Total: 154898 ns
[2020-05-20T10:32:29.405+0000][1084][safepoint    ] Safepoint "Cleanup", Time since last: 1998461221 ns, Reaching safepoint: 148406 ns, At safepoint: 5101 ns, Total: 153507 ns
[2020-05-20T10:32:30.406+0000][1084][safepoint    ] Safepoint "Cleanup", Time since last: 1000880694 ns, Reaching safepoint: 134029 ns, At safepoint: 7420 ns, Total: 141449 ns
[2020-05-20T10:32:31.407+0000][1084][safepoint    ] Safepoint "Cleanup", Time since last: 1000201275 ns, Reaching safepoint: 85797 ns, At safepoint: 2782 ns, Total: 88579 ns
[2020-05-20T10:32:32.407+0000][1084][safepoint    ] Safepoint "Cleanup", Time since last: 1000705390 ns, Reaching safepoint: 121507 ns, At safepoint: 7420 ns, Total: 128927 ns
[2020-05-20T10:32:33.408+0000][1084][safepoint    ] Safepoint "Cleanup", Time since last: 1000140058 ns, Reaching safepoint: 161391 ns, At safepoint: 6029 ns, Total: 167420 ns
[2020-05-20T10:32:34.467+0000][1084][safepoint    ] Safepoint "Cleanup", Time since last: 1059309311 ns, Reaching safepoint: 111305 ns, At safepoint: 54260 ns, Total: 165565 ns
[2020-05-20T10:32:35.468+0000][1084][safepoint    ] Safepoint "Cleanup", Time since last: 1000485564 ns, Reaching safepoint: 119189 ns, At safepoint: 21797 ns, Total: 140986 ns
[2020-05-20T10:32:36.468+0000][1084][safepoint    ] Safepoint "Cleanup", Time since last: 1000188289 ns, Reaching safepoint: 248115 ns, At safepoint: 17160 ns, Total: 265275 ns
[2020-05-20T10:32:38.469+0000][1084][safepoint    ] Safepoint "Cleanup", Time since last: 2000571824 ns, Reaching safepoint: 132638 ns, At safepoint: 7884 ns, Total: 140522 ns
[2020-05-20T10:32:39.469+0000][1084][safepoint    ] Safepoint "Cleanup", Time since last: 1000352463 ns, Reaching safepoint: 116405 ns, At safepoint: 5566 ns, Total: 121971 ns
[2020-05-20T10:32:40.470+0000][1084][safepoint    ] Safepoint "Cleanup", Time since last: 1000856577 ns, Reaching safepoint: 109449 ns, At safepoint: 6493 ns, Total: 115942 ns
[2020-05-20T10:32:42.471+0000][1084][safepoint    ] Safepoint "Cleanup", Time since last: 2000729969 ns, Reaching safepoint: 172986 ns, At safepoint: 9739 ns, Total: 182725 ns
[2020-05-20T10:32:43.472+0000][1084][safepoint    ] Safepoint "Cleanup", Time since last: 1000467477 ns, Reaching safepoint: 120579 ns, At safepoint: 4638 ns, Total: 125217 ns
[2020-05-20T10:32:44.472+0000][1084][safepoint    ] Safepoint "Cleanup", Time since last: 1000141449 ns, Reaching safepoint: 87652 ns, At safepoint: 4174 ns, Total: 91826 ns
[2020-05-20T10:32:45.473+0000][1084][safepoint    ] Safepoint "Cleanup", Time since last: 1000732288 ns, Reaching safepoint: 117333 ns, At safepoint: 6029 ns, Total: 123362 ns
[2020-05-20T10:32:46.474+0000][1084][safepoint    ] Safepoint "Cleanup", Time since last: 1000909447 ns, Reaching safepoint: 103420 ns, At safepoint: 2783 ns, Total: 106203 ns
[2020-05-20T10:32:47.474+0000][1084][safepoint    ] Safepoint "Cleanup", Time since last: 1000040811 ns, Reaching safepoint: 150725 ns, At safepoint: 4637 ns, Total: 155362 ns
[2020-05-20T10:32:48.475+0000][1084][safepoint    ] Safepoint "Cleanup", Time since last: 1000433622 ns, Reaching safepoint: 125681 ns, At safepoint: 2783 ns, Total: 128464 ns
[2020-05-20T10:32:49.485+0000][1084][safepoint    ] Safepoint "Cleanup", Time since last: 1010568787 ns, Reaching safepoint: 128463 ns, At safepoint: 6957 ns, Total: 135420 ns
[2020-05-20T10:32:50.486+0000][1084][safepoint    ] Safepoint "Cleanup", Time since last: 1000797215 ns, Reaching safepoint: 133102 ns, At safepoint: 7884 ns, Total: 140986 ns
[2020-05-20T10:32:51.487+0000][1084][safepoint    ] Safepoint "Cleanup", Time since last: 1000180405 ns, Reaching safepoint: 136811 ns, At safepoint: 5565 ns, Total: 142376 ns
[2020-05-20T10:32:52.487+0000][1084][safepoint    ] Safepoint "Cleanup", Time since last: 1000630260 ns, Reaching safepoint: 125681 ns, At safepoint: 7420 ns, Total: 133101 ns
[2020-05-20T10:32:53.488+0000][1084][safepoint    ] Safepoint "Cleanup", Time since last: 1000327883 ns, Reaching safepoint: 129391 ns, At safepoint: 7884 ns, Total: 137275 ns
[2020-05-20T10:32:54.489+0000][1084][safepoint    ] Safepoint "Cleanup", Time since last: 1000775883 ns, Reaching safepoint: 134956 ns, At safepoint: 7420 ns, Total: 142376 ns
[2020-05-20T10:32:55.489+0000][1084][safepoint    ] Safepoint "Cleanup", Time since last: 1000312579 ns, Reaching safepoint: 173449 ns, At safepoint: 6956 ns, Total: 180405 ns
[2020-05-20T10:32:56.490+0000][1084][safepoint    ] Safepoint "Cleanup", Time since last: 1000810201 ns, Reaching safepoint: 85797 ns, At safepoint: 5566 ns, Total: 91363 ns
[2020-05-20T10:32:58.490+0000][1084][safepoint    ] Safepoint "Cleanup", Time since last: 2000037101 ns, Reaching safepoint: 143304 ns, At safepoint: 5565 ns, Total: 148869 ns
[2020-05-20T10:32:59.491+0000][1084][safepoint    ] Safepoint "Cleanup", Time since last: 1000382608 ns, Reaching safepoint: 168811 ns, At safepoint: 5102 ns, Total: 173913 ns
[2020-05-20T10:33:01.491+0000][1084][safepoint    ] Safepoint "Cleanup", Time since last: 2000203130 ns, Reaching safepoint: 164173 ns, At safepoint: 7420 ns, Total: 171593 ns
[2020-05-20T10:33:02.492+0000][1084][safepoint    ] Safepoint "Cleanup", Time since last: 1000084870 ns, Reaching safepoint: 136347 ns, At safepoint: 8348 ns, Total: 144695 ns
[2020-05-20T10:33:03.492+0000][1084][safepoint    ] Safepoint "Cleanup", Time since last: 1000193855 ns, Reaching safepoint: 172985 ns, At safepoint: 57507 ns, Total: 230492 ns
[2020-05-20T10:33:04.493+0000][1084][safepoint    ] Safepoint "Cleanup", Time since last: 1000731361 ns, Reaching safepoint: 139593 ns, At safepoint: 5566 ns, Total: 145159 ns
[2020-05-20T10:33:05.493+0000][1084][safepoint    ] Safepoint "Cleanup", Time since last: 1000320463 ns, Reaching safepoint: 229564 ns, At safepoint: 22725 ns, Total: 252289 ns
[2020-05-20T10:33:07.493+0000][1084][safepoint    ] Safepoint "Cleanup", Time since last: 1999777856 ns, Reaching safepoint: 139130 ns, At safepoint: 5101 ns, Total: 144231 ns
[2020-05-20T10:33:09.495+0000][1084][safepoint    ] Safepoint "Cleanup", Time since last: 2000955824 ns, Reaching safepoint: 339477 ns, At safepoint: 6029 ns, Total: 345506 ns
[2020-05-20T10:33:11.495+0000][1084][safepoint    ] Safepoint "Cleanup", Time since last: 2000126145 ns, Reaching safepoint: 172521 ns, At safepoint: 8348 ns, Total: 180869 ns
[2020-05-20T10:33:13.495+0000][1084][safepoint    ] Safepoint "Cleanup", Time since last: 2000070957 ns, Reaching safepoint: 169274 ns, At safepoint: 5102 ns, Total: 174376 ns
[2020-05-20T10:33:14.496+0000][1084][safepoint    ] Safepoint "Cleanup", Time since last: 1000333448 ns, Reaching safepoint: 245333 ns, At safepoint: 10203 ns, Total: 255536 ns
[2020-05-20T10:33:15.519+0000][1084][safepoint    ] Safepoint "Cleanup", Time since last: 1022629977 ns, Reaching safepoint: 90898 ns, At safepoint: 3710 ns, Total: 94608 ns
[2020-05-20T10:33:16.519+0000][1084][safepoint    ] Safepoint "Cleanup", Time since last: 1000180405 ns, Reaching safepoint: 134029 ns, At safepoint: 6957 ns, Total: 140986 ns
[2020-05-20T10:33:18.519+0000][1084][safepoint    ] Safepoint "Cleanup", Time since last: 1999914666 ns, Reaching safepoint: 168348 ns, At safepoint: 9739 ns, Total: 178087 ns
[2020-05-20T10:33:19.520+0000][1084][safepoint    ] Safepoint "Cleanup", Time since last: 1000568578 ns, Reaching safepoint: 142377 ns, At safepoint: 6956 ns, Total: 149333 ns
[2020-05-20T10:33:20.520+0000][1084][safepoint    ] Safepoint "Cleanup", Time since last: 1000048232 ns, Reaching safepoint: 154898 ns, At safepoint: 6029 ns, Total: 160927 ns
[2020-05-20T10:33:21.520+0000][1084][safepoint    ] Safepoint "Cleanup", Time since last: 1000282434 ns, Reaching safepoint: 113623 ns, At safepoint: 5566 ns, Total: 119189 ns
[2020-05-20T10:33:22.521+0000][1084][safepoint    ] Safepoint "Cleanup", Time since last: 1000522201 ns, Reaching safepoint: 167884 ns, At safepoint: 5565 ns, Total: 173449 ns
[2020-05-20T10:33:23.522+0000][1084][safepoint    ] Safepoint "Cleanup", Time since last: 1000826897 ns, Reaching safepoint: 208695 ns, At safepoint: 8812 ns, Total: 217507 ns
[2020-05-20T10:33:24.523+0000][1084][safepoint    ] Safepoint "Cleanup", Time since last: 1000498549 ns, Reaching safepoint: 143768 ns, At safepoint: 7884 ns, Total: 151652 ns
[2020-05-20T10:33:25.523+0000][1084][safepoint    ] Safepoint "Cleanup", Time since last: 1000590375 ns, Reaching safepoint: 127536 ns, At safepoint: 4638 ns, Total: 132174 ns
[2020-05-20T10:33:26.524+0000][1084][safepoint    ] Safepoint "Cleanup", Time since last: 1000794897 ns, Reaching safepoint: 121043 ns, At safepoint: 6029 ns, Total: 127072 ns
[2020-05-20T10:33:27.525+0000][1084][safepoint    ] Safepoint "Cleanup", Time since last: 1000794897 ns, Reaching safepoint: 97391 ns, At safepoint: 5565 ns, Total: 102956 ns
[2020-05-20T10:33:28.526+0000][1084][safepoint    ] Safepoint "Cleanup", Time since last: 1000679419 ns, Reaching safepoint: 117796 ns, At safepoint: 6029 ns, Total: 123825 ns
[2020-05-20T10:33:29.527+0000][1084][safepoint    ] Safepoint "Cleanup", Time since last: 1000891361 ns, Reaching safepoint: 135883 ns, At safepoint: 4638 ns, Total: 140521 ns
[2020-05-20T10:33:30.528+0000][1084][safepoint    ] Safepoint "Cleanup", Time since last: 1000487419 ns, Reaching safepoint: 97855 ns, At safepoint: 2783 ns, Total: 100638 ns
[2020-05-20T10:33:31.531+0000][1084][safepoint    ] Safepoint "Cleanup", Time since last: 1002856341 ns, Reaching safepoint: 269448 ns, At safepoint: 8348 ns, Total: 277796 ns
[2020-05-20T10:33:32.531+0000][1084][safepoint    ] Safepoint "Cleanup", Time since last: 1000472579 ns, Reaching safepoint: 160927 ns, At safepoint: 7884 ns, Total: 168811 ns
[2020-05-20T10:33:33.532+0000][1084][safepoint    ] Safepoint "Cleanup", Time since last: 1000684056 ns, Reaching safepoint: 136812 ns, At safepoint: 7884 ns, Total: 144696 ns
[2020-05-20T10:33:34.533+0000][1084][safepoint    ] Safepoint "Cleanup", Time since last: 1000508288 ns, Reaching safepoint: 159536 ns, At safepoint: 10203 ns, Total: 169739 ns
[2020-05-20T10:33:35.533+0000][1084][safepoint    ] Safepoint "Cleanup", Time since last: 1000100638 ns, Reaching safepoint: 166028 ns, At safepoint: 8812 ns, Total: 174840 ns
[2020-05-20T10:33:36.534+0000][1084][safepoint    ] Safepoint "Cleanup", Time since last: 1000553738 ns, Reaching safepoint: 109912 ns, At safepoint: 4638 ns, Total: 114550 ns
[2020-05-20T10:33:38.534+0000][1084][safepoint    ] Safepoint "Cleanup", Time since last: 2000412289 ns, Reaching safepoint: 119188 ns, At safepoint: 5102 ns, Total: 124290 ns
[2020-05-20T10:33:39.535+0000][1084][safepoint    ] Safepoint "Cleanup", Time since last: 1000093217 ns, Reaching safepoint: 120579 ns, At safepoint: 3247 ns, Total: 123826 ns
[2020-05-20T10:33:40.535+0000][1084][safepoint    ] Safepoint "Cleanup", Time since last: 1000418317 ns, Reaching safepoint: 121044 ns, At safepoint: 5101 ns, Total: 126145 ns
[2020-05-20T10:33:41.536+0000][1084][safepoint    ] Safepoint "Cleanup", Time since last: 1000719767 ns, Reaching safepoint: 176231 ns, At safepoint: 6493 ns, Total: 182724 ns
[2020-05-20T10:33:42.537+0000][1084][safepoint    ] Safepoint "Cleanup", Time since last: 1000340869 ns, Reaching safepoint: 119188 ns, At safepoint: 7884 ns, Total: 127072 ns
[2020-05-20T10:33:44.537+0000][1084][safepoint    ] Safepoint "Cleanup", Time since last: 2000097855 ns, Reaching safepoint: 152579 ns, At safepoint: 6029 ns, Total: 158608 ns
[2020-05-20T10:33:45.537+0000][1084][safepoint    ] Safepoint "Cleanup", Time since last: 1000185507 ns, Reaching safepoint: 145623 ns, At safepoint: 8347 ns, Total: 153970 ns
[2020-05-20T10:33:47.537+0000][1084][safepoint    ] Safepoint "Cleanup", Time since last: 1999898899 ns, Reaching safepoint: 142377 ns, At safepoint: 5565 ns, Total: 147942 ns
[2020-05-20T10:33:48.538+0000][1084][safepoint    ] Safepoint "Cleanup", Time since last: 1000415071 ns, Reaching safepoint: 106667 ns, At safepoint: 2782 ns, Total: 109449 ns
[2020-05-20T10:33:49.538+0000][1084][safepoint    ] Safepoint "Cleanup", Time since last: 1000254145 ns, Reaching safepoint: 140985 ns, At safepoint: 5101 ns, Total: 146086 ns
[2020-05-20T10:33:50.538+0000][1084][safepoint    ] Safepoint "Cleanup", Time since last: 1000142377 ns, Reaching safepoint: 121043 ns, At safepoint: 4638 ns, Total: 125681 ns
[2020-05-20T10:33:51.572+0000][1084][safepoint    ] Safepoint "Cleanup", Time since last: 1033176502 ns, Reaching safepoint: 159073 ns, At safepoint: 6492 ns, Total: 165565 ns
[2020-05-20T10:33:52.573+0000][1084][safepoint    ] Safepoint "Cleanup", Time since last: 1000782839 ns, Reaching safepoint: 134956 ns, At safepoint: 8348 ns, Total: 143304 ns
[2020-05-20T10:33:53.279+0000][1084][gc,start     ] GC(33) Pause Young (Normal) (G1 Evacuation Pause)
[2020-05-20T10:33:53.343+0000][1084][gc,task      ] GC(33) Using 4 workers of 4 for evacuation
[2020-05-20T10:33:53.343+0000][1084][gc,age       ] GC(33) Desired survivor size 19922944 bytes, new threshold 15 (max threshold 15)
[2020-05-20T10:33:53.401+0000][1084][gc,age       ] GC(33) Age table with threshold 15 (max threshold 15)
[2020-05-20T10:33:53.401+0000][1084][gc,age       ] GC(33) - age   1:    3649032 bytes,    3649032 total
[2020-05-20T10:33:53.401+0000][1084][gc,age       ] GC(33) - age   2:    2236048 bytes,    5885080 total
[2020-05-20T10:33:53.401+0000][1084][gc,age       ] GC(33) - age   3:    2101832 bytes,    7986912 total
[2020-05-20T10:33:53.401+0000][1084][gc,age       ] GC(33) - age   4:    5136088 bytes,   13123000 total
[2020-05-20T10:33:53.401+0000][1084][gc,age       ] GC(33) - age   5:     697536 bytes,   13820536 total
[2020-05-20T10:33:53.401+0000][1084][gc,phases    ] GC(33)   Pre Evacuate Collection Set: 0.3ms
[2020-05-20T10:33:53.401+0000][1084][gc,phases    ] GC(33)   Merge Heap Roots: 0.1ms
[2020-05-20T10:33:53.401+0000][1084][gc,phases    ] GC(33)   Evacuate Collection Set: 55.6ms
[2020-05-20T10:33:53.401+0000][1084][gc,phases    ] GC(33)   Post Evacuate Collection Set: 1.3ms
[2020-05-20T10:33:53.401+0000][1084][gc,phases    ] GC(33)   Other: 65.1ms
[2020-05-20T10:33:53.401+0000][1084][gc,heap      ] GC(33) Eden regions: 289->0(600)
[2020-05-20T10:33:53.401+0000][1084][gc,heap      ] GC(33) Survivor regions: 12->14(38)
[2020-05-20T10:33:53.401+0000][1084][gc,heap      ] GC(33) Old regions: 78->78
[2020-05-20T10:33:53.401+0000][1084][gc,heap      ] GC(33) Archive regions: 0->0
[2020-05-20T10:33:53.401+0000][1084][gc,heap      ] GC(33) Humongous regions: 45->7
[2020-05-20T10:33:53.401+0000][1084][gc,metaspace ] GC(33) Metaspace: 98694K(106264K)->98694K(106264K) NonClass: 85801K(90244K)->85801K(90244K) Class: 12893K(16020K)->12893K(16020K)
[2020-05-20T10:33:53.401+0000][1084][gc           ] GC(33) Pause Young (Normal) (G1 Evacuation Pause) 422M->98M(1024M) 122.612ms
[2020-05-20T10:33:53.401+0000][1084][gc,cpu       ] GC(33) User=0.03s Sys=0.02s Real=0.12s
[2020-05-20T10:33:53.401+0000][1084][safepoint    ] Safepoint "G1CollectForAllocation", Time since last: 649651363 ns, Reaching safepoint: 56401493 ns, At safepoint: 122812932 ns, Total: 179214425 ns
[2020-05-20T10:33:54.402+0000][1084][safepoint    ] Safepoint "Cleanup", Time since last: 1000173449 ns, Reaching safepoint: 95536 ns, At safepoint: 3246 ns, Total: 98782 ns
[2020-05-20T10:33:55.403+0000][1084][safepoint    ] Safepoint "Cleanup", Time since last: 1000802317 ns, Reaching safepoint: 181797 ns, At safepoint: 5102 ns, Total: 186899 ns
[2020-05-20T10:33:56.404+0000][1084][safepoint    ] Safepoint "Cleanup", Time since last: 1000599650 ns, Reaching safepoint: 154899 ns, At safepoint: 10666 ns, Total: 165565 ns
[2020-05-20T10:33:57.404+0000][1084][safepoint    ] Safepoint "Cleanup", Time since last: 1000386318 ns, Reaching safepoint: 138203 ns, At safepoint: 7420 ns, Total: 145623 ns
[2020-05-20T10:33:58.404+0000][1084][safepoint    ] Safepoint "Cleanup", Time since last: 1000237449 ns, Reaching safepoint: 163709 ns, At safepoint: 45450 ns, Total: 209159 ns
[2020-05-20T10:33:59.405+0000][1084][safepoint    ] Safepoint "Cleanup", Time since last: 1000486027 ns, Reaching safepoint: 100638 ns, At safepoint: 3246 ns, Total: 103884 ns
[2020-05-20T10:34:00.405+0000][1084][safepoint    ] Safepoint "Cleanup", Time since last: 1000034319 ns, Reaching safepoint: 99246 ns, At safepoint: 3247 ns, Total: 102493 ns
[2020-05-20T10:34:01.406+0000][1084][safepoint    ] Safepoint "Cleanup", Time since last: 1000479071 ns, Reaching safepoint: 145159 ns, At safepoint: 5101 ns, Total: 150260 ns
[2020-05-20T10:34:02.406+0000][1084][safepoint    ] Safepoint "Cleanup", Time since last: 1000502724 ns, Reaching safepoint: 159072 ns, At safepoint: 8812 ns, Total: 167884 ns
[2020-05-20T10:34:03.407+0000][1084][safepoint    ] Safepoint "Cleanup", Time since last: 1000410897 ns, Reaching safepoint: 173449 ns, At safepoint: 8348 ns, Total: 181797 ns
[2020-05-20T10:34:04.408+0000][1084][safepoint    ] Safepoint "Cleanup", Time since last: 1000671071 ns, Reaching safepoint: 115478 ns, At safepoint: 6029 ns, Total: 121507 ns
[2020-05-20T10:34:05.409+0000][1084][safepoint    ] Safepoint "Cleanup", Time since last: 1000690085 ns, Reaching safepoint: 125681 ns, At safepoint: 5565 ns, Total: 131246 ns
[2020-05-20T10:34:06.409+0000][1084][safepoint    ] Safepoint "Cleanup", Time since last: 1000231420 ns, Reaching safepoint: 98782 ns, At safepoint: 4174 ns, Total: 102956 ns
[2020-05-20T10:34:07.409+0000][1084][safepoint    ] Safepoint "Cleanup", Time since last: 1000201739 ns, Reaching safepoint: 129855 ns, At safepoint: 7420 ns, Total: 137275 ns
[2020-05-20T10:34:08.410+0000][1084][safepoint    ] Safepoint "Cleanup", Time since last: 1000426666 ns, Reaching safepoint: 185043 ns, At safepoint: 8347 ns, Total: 193390 ns
[2020-05-20T10:34:10.411+0000][1084][safepoint    ] Safepoint "Cleanup", Time since last: 2000656695 ns, Reaching safepoint: 135420 ns, At safepoint: 5101 ns, Total: 140521 ns
[2020-05-20T10:34:11.411+0000][1084][safepoint    ] Safepoint "Cleanup", Time since last: 1000099710 ns, Reaching safepoint: 178086 ns, At safepoint: 7884 ns, Total: 185970 ns
[2020-05-20T10:34:12.411+0000][1084][safepoint    ] Safepoint "Cleanup", Time since last: 1000067710 ns, Reaching safepoint: 217971 ns, At safepoint: 6956 ns, Total: 224927 ns
[2020-05-20T10:34:13.416+0000][1084][safepoint    ] Safepoint "Cleanup", Time since last: 1003980513 ns, Reaching safepoint: 138666 ns, At safepoint: 6957 ns, Total: 145623 ns
[2020-05-20T10:34:14.416+0000][1084][safepoint    ] Safepoint "Cleanup", Time since last: 1000042666 ns, Reaching safepoint: 102957 ns, At safepoint: 5101 ns, Total: 108058 ns
[2020-05-20T10:34:15.416+0000][1084][safepoint    ] Safepoint "Cleanup", Time since last: 1000167420 ns, Reaching safepoint: 155362 ns, At safepoint: 4174 ns, Total: 159536 ns
[2020-05-20T10:34:16.417+0000][1084][safepoint    ] Safepoint "Cleanup", Time since last: 1000842201 ns, Reaching safepoint: 178086 ns, At safepoint: 7884 ns, Total: 185970 ns
[2020-05-20T10:34:17.418+0000][1084][safepoint    ] Safepoint "Cleanup", Time since last: 1000704463 ns, Reaching safepoint: 83478 ns, At safepoint: 3710 ns, Total: 87188 ns
[2020-05-20T10:34:18.418+0000][1084][safepoint    ] Safepoint "Cleanup", Time since last: 1000302376 ns, Reaching safepoint: 138202 ns, At safepoint: 6493 ns, Total: 144695 ns
[2020-05-20T10:34:19.886+0000][1084][safepoint    ] Safepoint "Cleanup", Time since last: 1467313467 ns, Reaching safepoint: 137739 ns, At safepoint: 7884 ns, Total: 145623 ns
[2020-05-20T10:34:20.892+0000][1084][safepoint    ] Safepoint "Cleanup", Time since last: 1006337840 ns, Reaching safepoint: 135420 ns, At safepoint: 18087 ns, Total: 153507 ns
[2020-05-20T10:34:21.893+0000][1084][safepoint    ] Safepoint "Cleanup", Time since last: 1000482782 ns, Reaching safepoint: 166956 ns, At safepoint: 7420 ns, Total: 174376 ns
[2020-05-20T10:34:22.893+0000][1084][safepoint    ] Safepoint "Cleanup", Time since last: 1000266666 ns, Reaching safepoint: 202203 ns, At safepoint: 5101 ns, Total: 207304 ns
[2020-05-20T10:34:23.894+0000][1084][safepoint    ] Safepoint "Cleanup", Time since last: 1000565796 ns, Reaching safepoint: 122898 ns, At safepoint: 6957 ns, Total: 129855 ns
[2020-05-20T10:34:24.894+0000][1084][safepoint    ] Safepoint "Cleanup", Time since last: 1000225854 ns, Reaching safepoint: 210087 ns, At safepoint: 8811 ns, Total: 218898 ns
[2020-05-20T10:34:25.895+0000][1084][safepoint    ] Safepoint "Cleanup", Time since last: 1000071420 ns, Reaching safepoint: 102493 ns, At safepoint: 5565 ns, Total: 108058 ns
[2020-05-20T10:34:26.895+0000][1084][safepoint    ] Safepoint "Cleanup", Time since last: 1000220753 ns, Reaching safepoint: 316753 ns, At safepoint: 10203 ns, Total: 326956 ns
[2020-05-20T10:34:28.896+0000][1084][safepoint    ] Safepoint "Cleanup", Time since last: 2000231420 ns, Reaching safepoint: 306550 ns, At safepoint: 11594 ns, Total: 318144 ns
[2020-05-20T10:34:30.896+0000][1084][safepoint    ] Safepoint "Cleanup", Time since last: 2000104348 ns, Reaching safepoint: 147014 ns, At safepoint: 7884 ns, Total: 154898 ns
[2020-05-20T10:34:31.896+0000][1084][safepoint    ] Safepoint "Cleanup", Time since last: 1000216115 ns, Reaching safepoint: 145623 ns, At safepoint: 7420 ns, Total: 153043 ns
[2020-05-20T10:34:32.897+0000][1084][safepoint    ] Safepoint "Cleanup", Time since last: 1000266203 ns, Reaching safepoint: 171593 ns, At safepoint: 8812 ns, Total: 180405 ns
[2020-05-20T10:34:33.897+0000][1084][safepoint    ] Safepoint "Cleanup", Time since last: 1000334840 ns, Reaching safepoint: 129391 ns, At safepoint: 6029 ns, Total: 135420 ns
[2020-05-20T10:34:34.898+0000][1084][safepoint    ] Safepoint "Cleanup", Time since last: 1000672462 ns, Reaching safepoint: 137275 ns, At safepoint: 5565 ns, Total: 142840 ns
[2020-05-20T10:34:35.899+0000][1084][safepoint    ] Safepoint "Cleanup", Time since last: 1000763361 ns, Reaching safepoint: 159999 ns, At safepoint: 5566 ns, Total: 165565 ns
[2020-05-20T10:34:36.899+0000][1084][safepoint    ] Safepoint "Cleanup", Time since last: 1000004637 ns, Reaching safepoint: 137739 ns, At safepoint: 4638 ns, Total: 142377 ns
[2020-05-20T10:34:37.899+0000][1084][safepoint    ] Safepoint "Cleanup", Time since last: 1000053333 ns, Reaching safepoint: 125217 ns, At safepoint: 6493 ns, Total: 131710 ns
[2020-05-20T10:34:38.900+0000][1084][safepoint    ] Safepoint "Cleanup", Time since last: 1000692868 ns, Reaching safepoint: 170666 ns, At safepoint: 9275 ns, Total: 179941 ns
[2020-05-20T10:34:39.901+0000][1084][safepoint    ] Safepoint "Cleanup", Time since last: 1000606144 ns, Reaching safepoint: 99710 ns, At safepoint: 2782 ns, Total: 102492 ns
[2020-05-20T10:34:40.902+0000][1084][safepoint    ] Safepoint "Cleanup", Time since last: 1000401623 ns, Reaching safepoint: 115478 ns, At safepoint: 6029 ns, Total: 121507 ns
[2020-05-20T10:34:41.902+0000][1084][safepoint    ] Safepoint "Cleanup", Time since last: 1000614027 ns, Reaching safepoint: 124754 ns, At safepoint: 7420 ns, Total: 132174 ns
[2020-05-20T10:34:42.903+0000][1084][safepoint    ] Safepoint "Cleanup", Time since last: 1000528694 ns, Reaching safepoint: 114087 ns, At safepoint: 6956 ns, Total: 121043 ns
[2020-05-20T10:34:43.904+0000][1084][safepoint    ] Safepoint "Cleanup", Time since last: 1000948404 ns, Reaching safepoint: 135884 ns, At safepoint: 5101 ns, Total: 140985 ns
[2020-05-20T10:34:44.905+0000][1084][safepoint    ] Safepoint "Cleanup", Time since last: 1000880230 ns, Reaching safepoint: 186898 ns, At safepoint: 6957 ns, Total: 193855 ns
[2020-05-20T10:34:45.906+0000][1084][safepoint    ] Safepoint "Cleanup", Time since last: 1000247651 ns, Reaching safepoint: 87652 ns, At safepoint: 3710 ns, Total: 91362 ns
[2020-05-20T10:34:46.906+0000][1084][safepoint    ] Safepoint "Cleanup", Time since last: 1000411826 ns, Reaching safepoint: 138666 ns, At safepoint: 7420 ns, Total: 146086 ns
[2020-05-20T10:34:47.907+0000][1084][safepoint    ] Safepoint "Cleanup", Time since last: 1000500405 ns, Reaching safepoint: 165101 ns, At safepoint: 5565 ns, Total: 170666 ns
[2020-05-20T10:34:48.907+0000][1084][safepoint    ] Safepoint "Cleanup", Time since last: 1000301912 ns, Reaching safepoint: 124754 ns, At safepoint: 6492 ns, Total: 131246 ns
[2020-05-20T10:34:49.908+0000][1084][safepoint    ] Safepoint "Cleanup", Time since last: 1000617738 ns, Reaching safepoint: 140058 ns, At safepoint: 7420 ns, Total: 147478 ns
[2020-05-20T10:34:51.908+0000][1084][safepoint    ] Safepoint "Cleanup", Time since last: 2000218898 ns, Reaching safepoint: 131710 ns, At safepoint: 5565 ns, Total: 137275 ns
[2020-05-20T10:34:52.908+0000][1084][safepoint    ] Safepoint "Cleanup", Time since last: 1000174840 ns, Reaching safepoint: 127073 ns, At safepoint: 7420 ns, Total: 134493 ns
[2020-05-20T10:34:53.909+0000][1084][safepoint    ] Safepoint "Cleanup", Time since last: 1000103884 ns, Reaching safepoint: 158608 ns, At safepoint: 11594 ns, Total: 170202 ns
[2020-05-20T10:34:54.909+0000][1084][safepoint    ] Safepoint "Cleanup", Time since last: 1000049623 ns, Reaching safepoint: 142840 ns, At safepoint: 6029 ns, Total: 148869 ns
[2020-05-20T10:34:55.910+0000][1084][safepoint    ] Safepoint "Cleanup", Time since last: 1000750839 ns, Reaching safepoint: 131710 ns, At safepoint: 8348 ns, Total: 140058 ns
[2020-05-20T10:34:56.910+0000][1084][safepoint    ] Safepoint "Cleanup", Time since last: 1000260637 ns, Reaching safepoint: 142840 ns, At safepoint: 5565 ns, Total: 148405 ns
[2020-05-20T10:34:57.911+0000][1084][safepoint    ] Safepoint "Cleanup", Time since last: 1000350608 ns, Reaching safepoint: 121044 ns, At safepoint: 5565 ns, Total: 126609 ns
[2020-05-20T10:34:58.911+0000][1084][safepoint    ] Safepoint "Cleanup", Time since last: 1000550027 ns, Reaching safepoint: 148870 ns, At safepoint: 8347 ns, Total: 157217 ns
[2020-05-20T10:34:59.912+0000][1084][safepoint    ] Safepoint "Cleanup", Time since last: 1000648347 ns, Reaching safepoint: 263419 ns, At safepoint: 21334 ns, Total: 284753 ns
[2020-05-20T10:35:01.913+0000][1084][safepoint    ] Safepoint "Cleanup", Time since last: 2000324173 ns, Reaching safepoint: 338550 ns, At safepoint: 10203 ns, Total: 348753 ns
[2020-05-20T10:35:02.913+0000][1084][safepoint    ] Safepoint "Cleanup", Time since last: 1000089043 ns, Reaching safepoint: 117333 ns, At safepoint: 9275 ns, Total: 126608 ns
[2020-05-20T10:35:03.914+0000][1084][safepoint    ] Safepoint "Cleanup", Time since last: 1000841738 ns, Reaching safepoint: 82550 ns, At safepoint: 2783 ns, Total: 85333 ns
[2020-05-20T10:35:04.915+0000][1084][safepoint    ] Safepoint "Cleanup", Time since last: 1000799534 ns, Reaching safepoint: 113623 ns, At safepoint: 4638 ns, Total: 118261 ns
[2020-05-20T10:35:05.928+0000][1084][safepoint    ] Safepoint "Cleanup", Time since last: 1000072811 ns, Reaching safepoint: 13243795 ns, At safepoint: 518956 ns, Total: 13762751 ns
[2020-05-20T10:35:06.929+0000][1084][safepoint    ] Safepoint "Cleanup", Time since last: 1000293101 ns, Reaching safepoint: 203593 ns, At safepoint: 10667 ns, Total: 214260 ns
[2020-05-20T10:35:07.930+0000][1084][safepoint    ] Safepoint "Cleanup", Time since last: 1000620984 ns, Reaching safepoint: 102956 ns, At safepoint: 3247 ns, Total: 106203 ns
[2020-05-20T10:35:08.931+0000][1084][safepoint    ] Safepoint "Cleanup", Time since last: 1000344579 ns, Reaching safepoint: 112231 ns, At safepoint: 5565 ns, Total: 117796 ns
[2020-05-20T10:35:09.931+0000][1084][safepoint    ] Safepoint "Cleanup", Time since last: 1000403941 ns, Reaching safepoint: 132174 ns, At safepoint: 6493 ns, Total: 138667 ns
[2020-05-20T10:35:10.931+0000][1084][safepoint    ] Safepoint "Cleanup", Time since last: 1000067710 ns, Reaching safepoint: 110376 ns, At safepoint: 6029 ns, Total: 116405 ns
[2020-05-20T10:35:11.932+0000][1084][safepoint    ] Safepoint "Cleanup", Time since last: 1000530550 ns, Reaching safepoint: 119188 ns, At safepoint: 5565 ns, Total: 124753 ns
[2020-05-20T10:35:13.932+0000][1084][safepoint    ] Safepoint "Cleanup", Time since last: 2000258782 ns, Reaching safepoint: 144696 ns, At safepoint: 8347 ns, Total: 153043 ns
[2020-05-20T10:35:14.933+0000][1084][safepoint    ] Safepoint "Cleanup", Time since last: 1000087189 ns, Reaching safepoint: 139593 ns, At safepoint: 6493 ns, Total: 146086 ns
[2020-05-20T10:35:15.934+0000][1084][safepoint    ] Safepoint "Cleanup", Time since last: 1000650665 ns, Reaching safepoint: 163710 ns, At safepoint: 6493 ns, Total: 170203 ns
[2020-05-20T10:35:16.934+0000][1084][safepoint    ] Safepoint "Cleanup", Time since last: 1000742491 ns, Reaching safepoint: 112695 ns, At safepoint: 7420 ns, Total: 120115 ns
[2020-05-20T10:35:18.936+0000][1084][safepoint    ] Safepoint "Cleanup", Time since last: 2001044868 ns, Reaching safepoint: 127536 ns, At safepoint: 5565 ns, Total: 133101 ns
[2020-05-20T10:35:19.936+0000][1084][safepoint    ] Safepoint "Cleanup", Time since last: 1000684056 ns, Reaching safepoint: 114087 ns, At safepoint: 7884 ns, Total: 121971 ns
[2020-05-20T10:35:21.937+0000][1084][safepoint    ] Safepoint "Cleanup", Time since last: 2000455419 ns, Reaching safepoint: 97391 ns, At safepoint: 4638 ns, Total: 102029 ns
[2020-05-20T10:35:22.938+0000][1084][safepoint    ] Safepoint "Cleanup", Time since last: 1000807882 ns, Reaching safepoint: 134956 ns, At safepoint: 5565 ns, Total: 140521 ns
[2020-05-20T10:35:23.938+0000][1084][safepoint    ] Safepoint "Cleanup", Time since last: 1000454028 ns, Reaching safepoint: 190145 ns, At safepoint: 12058 ns, Total: 202203 ns
[2020-05-20T10:35:25.939+0000][1084][safepoint    ] Safepoint "Cleanup", Time since last: 1999991652 ns, Reaching safepoint: 135884 ns, At safepoint: 6492 ns, Total: 142376 ns
[2020-05-20T10:35:26.939+0000][1084][safepoint    ] Safepoint "Cleanup", Time since last: 1000676173 ns, Reaching safepoint: 143304 ns, At safepoint: 5565 ns, Total: 148869 ns
[2020-05-20T10:35:27.945+0000][1084][safepoint    ] Safepoint "Cleanup", Time since last: 1005310133 ns, Reaching safepoint: 378897 ns, At safepoint: 6493 ns, Total: 385390 ns
[2020-05-20T10:35:28.951+0000][1084][safepoint    ] Safepoint "Cleanup", Time since last: 1005245669 ns, Reaching safepoint: 148869 ns, At safepoint: 6957 ns, Total: 155826 ns
[2020-05-20T10:35:29.951+0000][1084][safepoint    ] Safepoint "Cleanup", Time since last: 1000576926 ns, Reaching safepoint: 172058 ns, At safepoint: 11594 ns, Total: 183652 ns
[2020-05-20T10:35:30.952+0000][1084][safepoint    ] Safepoint "Cleanup", Time since last: 1000602433 ns, Reaching safepoint: 158608 ns, At safepoint: 5566 ns, Total: 164174 ns
[2020-05-20T10:35:32.857+0000][1084][safepoint    ] Safepoint "Cleanup", Time since last: 1806233492 ns, Reaching safepoint: 98864931 ns, At safepoint: 46840 ns, Total: 98911771 ns
[2020-05-20T10:35:34.222+0000][1084][safepoint    ] Safepoint "Cleanup", Time since last: 1364766227 ns, Reaching safepoint: 155825 ns, At safepoint: 4638 ns, Total: 160463 ns
[2020-05-20T10:35:35.223+0000][1084][safepoint    ] Safepoint "Cleanup", Time since last: 1000436405 ns, Reaching safepoint: 221217 ns, At safepoint: 9739 ns, Total: 230956 ns
[2020-05-20T10:35:36.223+0000][1084][safepoint    ] Safepoint "Cleanup", Time since last: 1000449854 ns, Reaching safepoint: 135884 ns, At safepoint: 5101 ns, Total: 140985 ns
[2020-05-20T10:35:37.224+0000][1084][safepoint    ] Safepoint "Cleanup", Time since last: 1000485100 ns, Reaching safepoint: 196174 ns, At safepoint: 11130 ns, Total: 207304 ns
[2020-05-20T10:35:38.225+0000][1084][safepoint    ] Safepoint "Cleanup", Time since last: 1000432695 ns, Reaching safepoint: 147478 ns, At safepoint: 7884 ns, Total: 155362 ns
[2020-05-20T10:35:39.225+0000][1084][safepoint    ] Safepoint "Cleanup", Time since last: 1000090898 ns, Reaching safepoint: 215652 ns, At safepoint: 8811 ns, Total: 224463 ns
[2020-05-20T10:35:40.226+0000][1084][safepoint    ] Safepoint "Cleanup", Time since last: 1000605680 ns, Reaching safepoint: 164638 ns, At safepoint: 5565 ns, Total: 170203 ns
[2020-05-20T10:35:42.226+0000][1084][safepoint    ] Safepoint "Cleanup", Time since last: 2000215188 ns, Reaching safepoint: 110840 ns, At safepoint: 3246 ns, Total: 114086 ns
[2020-05-20T10:35:44.227+0000][1084][safepoint    ] Safepoint "Cleanup", Time since last: 2000515709 ns, Reaching safepoint: 145159 ns, At safepoint: 5566 ns, Total: 150725 ns
[2020-05-20T10:35:45.227+0000][1084][safepoint    ] Safepoint "Cleanup", Time since last: 1000250898 ns, Reaching safepoint: 155362 ns, At safepoint: 8811 ns, Total: 164173 ns
[2020-05-20T10:35:47.228+0000][1084][safepoint    ] Safepoint "Cleanup", Time since last: 2000607999 ns, Reaching safepoint: 263883 ns, At safepoint: 7420 ns, Total: 271303 ns
[2020-05-20T10:35:49.228+0000][1084][safepoint    ] Safepoint "Cleanup", Time since last: 2000125681 ns, Reaching safepoint: 264811 ns, At safepoint: 7884 ns, Total: 272695 ns
[2020-05-20T10:35:50.229+0000][1084][safepoint    ] Safepoint "Cleanup", Time since last: 1000365449 ns, Reaching safepoint: 169738 ns, At safepoint: 6029 ns, Total: 175767 ns
[2020-05-20T10:35:51.230+0000][1084][safepoint    ] Safepoint "Cleanup", Time since last: 1000687767 ns, Reaching safepoint: 201739 ns, At safepoint: 7884 ns, Total: 209623 ns
[2020-05-20T10:35:52.230+0000][1084][safepoint    ] Safepoint "Cleanup", Time since last: 1000032463 ns, Reaching safepoint: 87652 ns, At safepoint: 3710 ns, Total: 91362 ns
[2020-05-20T10:35:53.231+0000][1084][safepoint    ] Safepoint "Cleanup", Time since last: 1000690550 ns, Reaching safepoint: 106202 ns, At safepoint: 5102 ns, Total: 111304 ns
[2020-05-20T10:35:54.231+0000][1084][safepoint    ] Safepoint "Cleanup", Time since last: 1000458665 ns, Reaching safepoint: 140058 ns, At safepoint: 7884 ns, Total: 147942 ns
[2020-05-20T10:35:55.232+0000][1084][safepoint    ] Safepoint "Cleanup", Time since last: 1000153507 ns, Reaching safepoint: 140985 ns, At safepoint: 7884 ns, Total: 148869 ns
[2020-05-20T10:35:56.233+0000][1084][safepoint    ] Safepoint "Cleanup", Time since last: 1000851013 ns, Reaching safepoint: 97854 ns, At safepoint: 3711 ns, Total: 101565 ns
[2020-05-20T10:35:57.234+0000][1084][safepoint    ] Safepoint "Cleanup", Time since last: 1000658549 ns, Reaching safepoint: 131246 ns, At safepoint: 6956 ns, Total: 138202 ns
[2020-05-20T10:35:58.234+0000][1084][safepoint    ] Safepoint "Cleanup", Time since last: 1000590840 ns, Reaching safepoint: 132173 ns, At safepoint: 5565 ns, Total: 137738 ns
[2020-05-20T10:36:00.235+0000][1084][safepoint    ] Safepoint "Cleanup", Time since last: 2000377971 ns, Reaching safepoint: 166492 ns, At safepoint: 4174 ns, Total: 170666 ns
[2020-05-20T10:36:01.235+0000][1084][safepoint    ] Safepoint "Cleanup", Time since last: 1000084405 ns, Reaching safepoint: 126145 ns, At safepoint: 3246 ns, Total: 129391 ns
[2020-05-20T10:36:03.235+0000][1084][safepoint    ] Safepoint "Cleanup", Time since last: 1999982377 ns, Reaching safepoint: 133565 ns, At safepoint: 5565 ns, Total: 139130 ns
[2020-05-20T10:36:04.236+0000][1084][safepoint    ] Safepoint "Cleanup", Time since last: 1000324637 ns, Reaching safepoint: 145159 ns, At safepoint: 9739 ns, Total: 154898 ns
[2020-05-20T10:36:05.236+0000][1084][safepoint    ] Safepoint "Cleanup", Time since last: 1000451246 ns, Reaching safepoint: 89507 ns, At safepoint: 3710 ns, Total: 93217 ns
[2020-05-20T10:36:06.237+0000][1084][safepoint    ] Safepoint "Cleanup", Time since last: 1000437332 ns, Reaching safepoint: 125681 ns, At safepoint: 7420 ns, Total: 133101 ns
[2020-05-20T10:36:07.237+0000][1084][safepoint    ] Safepoint "Cleanup", Time since last: 1000396985 ns, Reaching safepoint: 150261 ns, At safepoint: 8347 ns, Total: 158608 ns
[2020-05-20T10:36:08.238+0000][1084][safepoint    ] Safepoint "Cleanup", Time since last: 1000144232 ns, Reaching safepoint: 133101 ns, At safepoint: 7884 ns, Total: 140985 ns
[2020-05-20T10:36:09.238+0000][1084][safepoint    ] Safepoint "Cleanup", Time since last: 1000185507 ns, Reaching safepoint: 128463 ns, At safepoint: 7421 ns, Total: 135884 ns
[2020-05-20T10:36:10.239+0000][1084][safepoint    ] Safepoint "Cleanup", Time since last: 1000844056 ns, Reaching safepoint: 112231 ns, At safepoint: 5102 ns, Total: 117333 ns
[2020-05-20T10:36:11.240+0000][1084][safepoint    ] Safepoint "Cleanup", Time since last: 1000604752 ns, Reaching safepoint: 132174 ns, At safepoint: 4637 ns, Total: 136811 ns
[2020-05-20T10:36:13.240+0000][1084][safepoint    ] Safepoint "Cleanup", Time since last: 2000620984 ns, Reaching safepoint: 134956 ns, At safepoint: 5566 ns, Total: 140522 ns
[2020-05-20T10:36:14.241+0000][1084][safepoint    ] Safepoint "Cleanup", Time since last: 1000354318 ns, Reaching safepoint: 142376 ns, At safepoint: 5565 ns, Total: 147941 ns
[2020-05-20T10:36:15.242+0000][1084][safepoint    ] Safepoint "Cleanup", Time since last: 1000817622 ns, Reaching safepoint: 115014 ns, At safepoint: 5565 ns, Total: 120579 ns
[2020-05-20T10:36:16.242+0000][1084][safepoint    ] Safepoint "Cleanup", Time since last: 1000040348 ns, Reaching safepoint: 135420 ns, At safepoint: 5565 ns, Total: 140985 ns
[2020-05-20T10:36:17.242+0000][1084][safepoint    ] Safepoint "Cleanup", Time since last: 1000276405 ns, Reaching safepoint: 176232 ns, At safepoint: 5565 ns, Total: 181797 ns
[2020-05-20T10:36:19.243+0000][1084][safepoint    ] Safepoint "Cleanup", Time since last: 2000079304 ns, Reaching safepoint: 155826 ns, At safepoint: 6029 ns, Total: 161855 ns
[2020-05-20T10:36:20.243+0000][1084][safepoint    ] Safepoint "Cleanup", Time since last: 1000403941 ns, Reaching safepoint: 139130 ns, At safepoint: 4638 ns, Total: 143768 ns
[2020-05-20T10:36:21.244+0000][1084][safepoint    ] Safepoint "Cleanup", Time since last: 1000738317 ns, Reaching safepoint: 132637 ns, At safepoint: 22261 ns, Total: 154898 ns
[2020-05-20T10:36:23.244+0000][1084][safepoint    ] Safepoint "Cleanup", Time since last: 2000129855 ns, Reaching safepoint: 451245 ns, At safepoint: 6957 ns, Total: 458202 ns
[2020-05-20T10:36:25.245+0000][1084][safepoint    ] Safepoint "Cleanup", Time since last: 2000145159 ns, Reaching safepoint: 279651 ns, At safepoint: 12058 ns, Total: 291709 ns
[2020-05-20T10:36:26.245+0000][1084][safepoint    ] Safepoint "Cleanup", Time since last: 1000059362 ns, Reaching safepoint: 329275 ns, At safepoint: 12058 ns, Total: 341333 ns
[2020-05-20T10:36:28.246+0000][1084][safepoint    ] Safepoint "Cleanup", Time since last: 2000722085 ns, Reaching safepoint: 165101 ns, At safepoint: 6957 ns, Total: 172058 ns
[2020-05-20T10:36:29.247+0000][1084][safepoint    ] Safepoint "Cleanup", Time since last: 1000205912 ns, Reaching safepoint: 124290 ns, At safepoint: 5565 ns, Total: 129855 ns
[2020-05-20T10:36:30.247+0000][1084][safepoint    ] Safepoint "Cleanup", Time since last: 1000384463 ns, Reaching safepoint: 99246 ns, At safepoint: 6957 ns, Total: 106203 ns
[2020-05-20T10:36:31.248+0000][1084][safepoint    ] Safepoint "Cleanup", Time since last: 1000161854 ns, Reaching safepoint: 83478 ns, At safepoint: 2783 ns, Total: 86261 ns
[2020-05-20T10:36:32.248+0000][1084][safepoint    ] Safepoint "Cleanup", Time since last: 1000089043 ns, Reaching safepoint: 121043 ns, At safepoint: 6957 ns, Total: 128000 ns
[2020-05-20T10:36:33.248+0000][1084][safepoint    ] Safepoint "Cleanup", Time since last: 1000071884 ns, Reaching safepoint: 127072 ns, At safepoint: 8811 ns, Total: 135883 ns
[2020-05-20T10:36:34.248+0000][1084][safepoint    ] Safepoint "Cleanup", Time since last: 1000076058 ns, Reaching safepoint: 129391 ns, At safepoint: 4638 ns, Total: 134029 ns
[2020-05-20T10:36:35.249+0000][1084][safepoint    ] Safepoint "Cleanup", Time since last: 1000488810 ns, Reaching safepoint: 103420 ns, At safepoint: 5102 ns, Total: 108522 ns
[2020-05-20T10:36:36.250+0000][1084][safepoint    ] Safepoint "Cleanup", Time since last: 1000768926 ns, Reaching safepoint: 153043 ns, At safepoint: 7884 ns, Total: 160927 ns
[2020-05-20T10:36:38.251+0000][1084][safepoint    ] Safepoint "Cleanup", Time since last: 2000890433 ns, Reaching safepoint: 145159 ns, At safepoint: 5565 ns, Total: 150724 ns
[2020-05-20T10:36:39.252+0000][1084][safepoint    ] Safepoint "Cleanup", Time since last: 1000669679 ns, Reaching safepoint: 165565 ns, At safepoint: 9276 ns, Total: 174841 ns
[2020-05-20T10:36:40.252+0000][1084][safepoint    ] Safepoint "Cleanup", Time since last: 1000248115 ns, Reaching safepoint: 140521 ns, At safepoint: 5102 ns, Total: 145623 ns
[2020-05-20T10:36:41.252+0000][1084][safepoint    ] Safepoint "Cleanup", Time since last: 1000121043 ns, Reaching safepoint: 130782 ns, At safepoint: 6493 ns, Total: 137275 ns
[2020-05-20T10:36:42.253+0000][1084][safepoint    ] Safepoint "Cleanup", Time since last: 1000644172 ns, Reaching safepoint: 116870 ns, At safepoint: 4174 ns, Total: 121044 ns
[2020-05-20T10:36:43.254+0000][1084][safepoint    ] Safepoint "Cleanup", Time since last: 1000505506 ns, Reaching safepoint: 115478 ns, At safepoint: 5565 ns, Total: 121043 ns
[2020-05-20T10:36:44.254+0000][1084][safepoint    ] Safepoint "Cleanup", Time since last: 1000015768 ns, Reaching safepoint: 95536 ns, At safepoint: 4638 ns, Total: 100174 ns
[2020-05-20T10:36:45.255+0000][1084][safepoint    ] Safepoint "Cleanup", Time since last: 1000823186 ns, Reaching safepoint: 116406 ns, At safepoint: 5101 ns, Total: 121507 ns
[2020-05-20T10:36:46.256+0000][1084][safepoint    ] Safepoint "Cleanup", Time since last: 1000734143 ns, Reaching safepoint: 122435 ns, At safepoint: 7420 ns, Total: 129855 ns
[2020-05-20T10:36:47.256+0000][1084][safepoint    ] Safepoint "Cleanup", Time since last: 1000515245 ns, Reaching safepoint: 134029 ns, At safepoint: 5101 ns, Total: 139130 ns
[2020-05-20T10:36:48.257+0000][1084][safepoint    ] Safepoint "Cleanup", Time since last: 1000161391 ns, Reaching safepoint: 145623 ns, At safepoint: 5565 ns, Total: 151188 ns
[2020-05-20T10:36:50.257+0000][1084][safepoint    ] Safepoint "Cleanup", Time since last: 2000687303 ns, Reaching safepoint: 89043 ns, At safepoint: 3247 ns, Total: 92290 ns
[2020-05-20T10:36:51.258+0000][1084][safepoint    ] Safepoint "Cleanup", Time since last: 1000516173 ns, Reaching safepoint: 74666 ns, At safepoint: 2783 ns, Total: 77449 ns
[2020-05-20T10:36:52.258+0000][1084][safepoint    ] Safepoint "Cleanup", Time since last: 1000170666 ns, Reaching safepoint: 143304 ns, At safepoint: 5101 ns, Total: 148405 ns
[2020-05-20T10:36:53.258+0000][1084][safepoint    ] Safepoint "Cleanup", Time since last: 1000125217 ns, Reaching safepoint: 124290 ns, At safepoint: 6957 ns, Total: 131247 ns
[2020-05-20T10:36:55.259+0000][1084][safepoint    ] Safepoint "Cleanup", Time since last: 2000057507 ns, Reaching safepoint: 127999 ns, At safepoint: 6029 ns, Total: 134028 ns
[2020-05-20T10:36:56.260+0000][1084][safepoint    ] Safepoint "Cleanup", Time since last: 1000806027 ns, Reaching safepoint: 128928 ns, At safepoint: 6492 ns, Total: 135420 ns
[2020-05-20T10:36:57.260+0000][1084][safepoint    ] Safepoint "Cleanup", Time since last: 1000040812 ns, Reaching safepoint: 160000 ns, At safepoint: 12058 ns, Total: 172058 ns
[2020-05-20T10:36:58.260+0000][1084][safepoint    ] Safepoint "Cleanup", Time since last: 1000456346 ns, Reaching safepoint: 151188 ns, At safepoint: 8812 ns, Total: 160000 ns
[2020-05-20T10:36:59.261+0000][1084][safepoint    ] Safepoint "Cleanup", Time since last: 1000579245 ns, Reaching safepoint: 192463 ns, At safepoint: 5565 ns, Total: 198028 ns
[2020-05-20T10:37:00.306+0000][1084][safepoint    ] Safepoint "Cleanup", Time since last: 1045017867 ns, Reaching safepoint: 108985 ns, At safepoint: 4174 ns, Total: 113159 ns
[2020-05-20T10:37:01.307+0000][1084][safepoint    ] Safepoint "Cleanup", Time since last: 1000050551 ns, Reaching safepoint: 123362 ns, At safepoint: 2783 ns, Total: 126145 ns
[2020-05-20T10:37:02.307+0000][1084][safepoint    ] Safepoint "Cleanup", Time since last: 1000638607 ns, Reaching safepoint: 189217 ns, At safepoint: 5565 ns, Total: 194782 ns
[2020-05-20T10:37:03.307+0000][1084][safepoint    ] Safepoint "Cleanup", Time since last: 1000064927 ns, Reaching safepoint: 93681 ns, At safepoint: 2783 ns, Total: 96464 ns
[2020-05-20T10:37:04.308+0000][1084][safepoint    ] Safepoint "Cleanup", Time since last: 1000192927 ns, Reaching safepoint: 107130 ns, At safepoint: 4638 ns, Total: 111768 ns
[2020-05-20T10:37:05.309+0000][1084][safepoint    ] Safepoint "Cleanup", Time since last: 1000910838 ns, Reaching safepoint: 117333 ns, At safepoint: 3247 ns, Total: 120580 ns
[2020-05-20T10:37:06.309+0000][1084][safepoint    ] Safepoint "Cleanup", Time since last: 1000563013 ns, Reaching safepoint: 153970 ns, At safepoint: 7421 ns, Total: 161391 ns
[2020-05-20T10:37:07.311+0000][1084][safepoint    ] Safepoint "Cleanup", Time since last: 1000865853 ns, Reaching safepoint: 156753 ns, At safepoint: 8812 ns, Total: 165565 ns
[2020-05-20T10:37:08.311+0000][1084][safepoint    ] Safepoint "Cleanup", Time since last: 1000155825 ns, Reaching safepoint: 183652 ns, At safepoint: 7420 ns, Total: 191072 ns
[2020-05-20T10:37:09.311+0000][1084][safepoint    ] Safepoint "Cleanup", Time since last: 1000074667 ns, Reaching safepoint: 158608 ns, At safepoint: 3710 ns, Total: 162318 ns
[2020-05-20T10:37:10.312+0000][1084][safepoint    ] Safepoint "Cleanup", Time since last: 1000733680 ns, Reaching safepoint: 250434 ns, At safepoint: 9275 ns, Total: 259709 ns
[2020-05-20T10:37:11.313+0000][1084][safepoint    ] Safepoint "Cleanup", Time since last: 1000495304 ns, Reaching safepoint: 185043 ns, At safepoint: 5565 ns, Total: 190608 ns
[2020-05-20T10:37:12.314+0000][1084][safepoint    ] Safepoint "Cleanup", Time since last: 1000622375 ns, Reaching safepoint: 129855 ns, At safepoint: 5565 ns, Total: 135420 ns
[2020-05-20T10:37:13.314+0000][1084][safepoint    ] Safepoint "Cleanup", Time since last: 1000548637 ns, Reaching safepoint: 158144 ns, At safepoint: 6029 ns, Total: 164173 ns
[2020-05-20T10:37:14.315+0000][1084][safepoint    ] Safepoint "Cleanup", Time since last: 1000092754 ns, Reaching safepoint: 128927 ns, At safepoint: 5565 ns, Total: 134492 ns
[2020-05-20T10:37:15.315+0000][1084][safepoint    ] Safepoint "Cleanup", Time since last: 1000346434 ns, Reaching safepoint: 120116 ns, At safepoint: 5565 ns, Total: 125681 ns
[2020-05-20T10:37:17.315+0000][1084][safepoint    ] Safepoint "Cleanup", Time since last: 1999876174 ns, Reaching safepoint: 141449 ns, At safepoint: 6956 ns, Total: 148405 ns
[2020-05-20T10:37:18.316+0000][1084][safepoint    ] Safepoint "Cleanup", Time since last: 1000854259 ns, Reaching safepoint: 98319 ns, At safepoint: 4638 ns, Total: 102957 ns
[2020-05-20T10:37:19.316+0000][1084][safepoint    ] Safepoint "Cleanup", Time since last: 1000050086 ns, Reaching safepoint: 134493 ns, At safepoint: 7420 ns, Total: 141913 ns
[2020-05-20T10:37:20.317+0000][1084][safepoint    ] Safepoint "Cleanup", Time since last: 1000688694 ns, Reaching safepoint: 141449 ns, At safepoint: 7884 ns, Total: 149333 ns
[2020-05-20T10:37:21.318+0000][1084][safepoint    ] Safepoint "Cleanup", Time since last: 1000411825 ns, Reaching safepoint: 128464 ns, At safepoint: 5101 ns, Total: 133565 ns
[2020-05-20T10:37:22.319+0000][1084][safepoint    ] Safepoint "Cleanup", Time since last: 1000837100 ns, Reaching safepoint: 128463 ns, At safepoint: 5565 ns, Total: 134028 ns
[2020-05-20T10:37:24.319+0000][1084][safepoint    ] Safepoint "Cleanup", Time since last: 2000537506 ns, Reaching safepoint: 152580 ns, At safepoint: 7884 ns, Total: 160464 ns
[2020-05-20T10:37:26.320+0000][1084][safepoint    ] Safepoint "Cleanup", Time since last: 2000300057 ns, Reaching safepoint: 156290 ns, At safepoint: 9275 ns, Total: 165565 ns
[2020-05-20T10:37:27.320+0000][1084][safepoint    ] Safepoint "Cleanup", Time since last: 1000107594 ns, Reaching safepoint: 131246 ns, At safepoint: 6956 ns, Total: 138202 ns
[2020-05-20T10:37:28.393+0000][1084][safepoint    ] Safepoint "Cleanup", Time since last: 1073108237 ns, Reaching safepoint: 97855 ns, At safepoint: 3710 ns, Total: 101565 ns
[2020-05-20T10:37:29.394+0000][1084][safepoint    ] Safepoint "Cleanup", Time since last: 1000785157 ns, Reaching safepoint: 103884 ns, At safepoint: 4174 ns, Total: 108058 ns
[2020-05-20T10:37:30.395+0000][1084][safepoint    ] Safepoint "Cleanup", Time since last: 1000446144 ns, Reaching safepoint: 107130 ns, At safepoint: 4174 ns, Total: 111304 ns
[2020-05-20T10:37:31.396+0000][1084][safepoint    ] Safepoint "Cleanup", Time since last: 1000937737 ns, Reaching safepoint: 170666 ns, At safepoint: 7884 ns, Total: 178550 ns
[2020-05-20T10:37:32.396+0000][1084][safepoint    ] Safepoint "Cleanup", Time since last: 1000360347 ns, Reaching safepoint: 194319 ns, At safepoint: 10203 ns, Total: 204522 ns
[2020-05-20T10:37:33.399+0000][1084][safepoint    ] Safepoint "Cleanup", Time since last: 1003028862 ns, Reaching safepoint: 115478 ns, At safepoint: 6029 ns, Total: 121507 ns
[2020-05-20T10:37:34.400+0000][1084][safepoint    ] Safepoint "Cleanup", Time since last: 1000300521 ns, Reaching safepoint: 161855 ns, At safepoint: 5101 ns, Total: 166956 ns
[2020-05-20T10:37:35.400+0000][1084][safepoint    ] Safepoint "Cleanup", Time since last: 1000038957 ns, Reaching safepoint: 103420 ns, At safepoint: 4637 ns, Total: 108057 ns
[2020-05-20T10:37:36.401+0000][1084][safepoint    ] Safepoint "Cleanup", Time since last: 1000566260 ns, Reaching safepoint: 123826 ns, At safepoint: 5101 ns, Total: 128927 ns
[2020-05-20T10:37:37.402+0000][1084][safepoint    ] Safepoint "Cleanup", Time since last: 1000755477 ns, Reaching safepoint: 137739 ns, At safepoint: 7420 ns, Total: 145159 ns
[2020-05-20T10:37:39.402+0000][1084][safepoint    ] Safepoint "Cleanup", Time since last: 2000076058 ns, Reaching safepoint: 200811 ns, At safepoint: 9739 ns, Total: 210550 ns
[2020-05-20T10:37:40.402+0000][1084][safepoint    ] Safepoint "Cleanup", Time since last: 1000335767 ns, Reaching safepoint: 94609 ns, At safepoint: 3246 ns, Total: 97855 ns
[2020-05-20T10:37:41.403+0000][1084][safepoint    ] Safepoint "Cleanup", Time since last: 1000588984 ns, Reaching safepoint: 164174 ns, At safepoint: 8347 ns, Total: 172521 ns
[2020-05-20T10:37:42.404+0000][1084][safepoint    ] Safepoint "Cleanup", Time since last: 1000844056 ns, Reaching safepoint: 117797 ns, At safepoint: 5566 ns, Total: 123363 ns
[2020-05-20T10:37:43.404+0000][1084][safepoint    ] Safepoint "Cleanup", Time since last: 1000156289 ns, Reaching safepoint: 110840 ns, At safepoint: 6957 ns, Total: 117797 ns
[2020-05-20T10:37:44.453+0000][1084][safepoint    ] Safepoint "Cleanup", Time since last: 1000639071 ns, Reaching safepoint: 47971135 ns, At safepoint: 47304 ns, Total: 48018439 ns
[2020-05-20T10:37:45.454+0000][1084][safepoint    ] Safepoint "Cleanup", Time since last: 1000790723 ns, Reaching safepoint: 160927 ns, At safepoint: 5565 ns, Total: 166492 ns
[2020-05-20T10:37:46.454+0000][1084][safepoint    ] Safepoint "Cleanup", Time since last: 1000336695 ns, Reaching safepoint: 137739 ns, At safepoint: 6029 ns, Total: 143768 ns
[2020-05-20T10:37:47.455+0000][1084][safepoint    ] Safepoint "Cleanup", Time since last: 1000619593 ns, Reaching safepoint: 127999 ns, At safepoint: 5102 ns, Total: 133101 ns
[2020-05-20T10:37:48.456+0000][1084][safepoint    ] Safepoint "Cleanup", Time since last: 1000396985 ns, Reaching safepoint: 128927 ns, At safepoint: 5101 ns, Total: 134028 ns
[2020-05-20T10:37:50.456+0000][1084][safepoint    ] Safepoint "Cleanup", Time since last: 2000544463 ns, Reaching safepoint: 180405 ns, At safepoint: 7884 ns, Total: 188289 ns
[2020-05-20T10:37:51.457+0000][1084][safepoint    ] Safepoint "Cleanup", Time since last: 1000272695 ns, Reaching safepoint: 167884 ns, At safepoint: 5101 ns, Total: 172985 ns
[2020-05-20T10:37:52.458+0000][1084][safepoint    ] Safepoint "Cleanup", Time since last: 1000489274 ns, Reaching safepoint: 99247 ns, At safepoint: 4637 ns, Total: 103884 ns
[2020-05-20T10:37:53.458+0000][1084][safepoint    ] Safepoint "Cleanup", Time since last: 1000187362 ns, Reaching safepoint: 128000 ns, At safepoint: 6493 ns, Total: 134493 ns
[2020-05-20T10:37:54.458+0000][1084][safepoint    ] Safepoint "Cleanup", Time since last: 1000300521 ns, Reaching safepoint: 165564 ns, At safepoint: 8812 ns, Total: 174376 ns
[2020-05-20T10:37:55.458+0000][1084][safepoint    ] Safepoint "Cleanup", Time since last: 1000003710 ns, Reaching safepoint: 117797 ns, At safepoint: 5101 ns, Total: 122898 ns
[2020-05-20T10:37:56.459+0000][1084][safepoint    ] Safepoint "Cleanup", Time since last: 1000601970 ns, Reaching safepoint: 140522 ns, At safepoint: 8347 ns, Total: 148869 ns
[2020-05-20T10:37:57.460+0000][1084][safepoint    ] Safepoint "Cleanup", Time since last: 1000567187 ns, Reaching safepoint: 129391 ns, At safepoint: 4638 ns, Total: 134029 ns
[2020-05-20T10:37:59.461+0000][1084][safepoint    ] Safepoint "Cleanup", Time since last: 2000734143 ns, Reaching safepoint: 137275 ns, At safepoint: 6493 ns, Total: 143768 ns
[2020-05-20T10:38:00.461+0000][1084][safepoint    ] Safepoint "Cleanup", Time since last: 1000487419 ns, Reaching safepoint: 179478 ns, At safepoint: 6493 ns, Total: 185971 ns
[2020-05-20T10:38:01.462+0000][1084][safepoint    ] Safepoint "Cleanup", Time since last: 1000607071 ns, Reaching safepoint: 146550 ns, At safepoint: 8348 ns, Total: 154898 ns
[2020-05-20T10:38:02.463+0000][1084][safepoint    ] Safepoint "Cleanup", Time since last: 1000316753 ns, Reaching safepoint: 448926 ns, At safepoint: 6029 ns, Total: 454955 ns
[2020-05-20T10:38:03.463+0000][1084][safepoint    ] Safepoint "Cleanup", Time since last: 1000236058 ns, Reaching safepoint: 107130 ns, At safepoint: 4638 ns, Total: 111768 ns
[2020-05-20T10:38:05.464+0000][1084][safepoint    ] Safepoint "Cleanup", Time since last: 2000670143 ns, Reaching safepoint: 140521 ns, At safepoint: 4638 ns, Total: 145159 ns
[2020-05-20T10:38:07.464+0000][1084][safepoint    ] Safepoint "Cleanup", Time since last: 1999975884 ns, Reaching safepoint: 84870 ns, At safepoint: 2782 ns, Total: 87652 ns
[2020-05-20T10:38:08.465+0000][1084][safepoint    ] Safepoint "Cleanup", Time since last: 1000473970 ns, Reaching safepoint: 125681 ns, At safepoint: 3246 ns, Total: 128927 ns
[2020-05-20T10:38:09.465+0000][1084][safepoint    ] Safepoint "Cleanup", Time since last: 1000193391 ns, Reaching safepoint: 94145 ns, At safepoint: 4638 ns, Total: 98783 ns
[2020-05-20T10:38:10.465+0000][1084][safepoint    ] Safepoint "Cleanup", Time since last: 1000033855 ns, Reaching safepoint: 92753 ns, At safepoint: 4174 ns, Total: 96927 ns
[2020-05-20T10:38:11.466+0000][1084][safepoint    ] Safepoint "Cleanup", Time since last: 1000758259 ns, Reaching safepoint: 110377 ns, At safepoint: 7420 ns, Total: 117797 ns
[2020-05-20T10:38:12.467+0000][1084][safepoint    ] Safepoint "Cleanup", Time since last: 1000620056 ns, Reaching safepoint: 105739 ns, At safepoint: 6493 ns, Total: 112232 ns
[2020-05-20T10:38:13.467+0000][1084][safepoint    ] Safepoint "Cleanup", Time since last: 1000274086 ns, Reaching safepoint: 150261 ns, At safepoint: 4638 ns, Total: 154899 ns
[2020-05-20T10:38:14.468+0000][1084][safepoint    ] Safepoint "Cleanup", Time since last: 1000070492 ns, Reaching safepoint: 103884 ns, At safepoint: 5101 ns, Total: 108985 ns
[2020-05-20T10:38:15.468+0000][1084][safepoint    ] Safepoint "Cleanup", Time since last: 1000633506 ns, Reaching safepoint: 107594 ns, At safepoint: 5565 ns, Total: 113159 ns
[2020-05-20T10:38:16.468+0000][1084][safepoint    ] Safepoint "Cleanup", Time since last: 1000122435 ns, Reaching safepoint: 83942 ns, At safepoint: 2782 ns, Total: 86724 ns
[2020-05-20T10:38:17.469+0000][1084][safepoint    ] Safepoint "Cleanup", Time since last: 1000361275 ns, Reaching safepoint: 150260 ns, At safepoint: 6493 ns, Total: 156753 ns
[2020-05-20T10:38:18.470+0000][1084][safepoint    ] Safepoint "Cleanup", Time since last: 1000692868 ns, Reaching safepoint: 147942 ns, At safepoint: 4174 ns, Total: 152116 ns
[2020-05-20T10:38:19.470+0000][1084][safepoint    ] Safepoint "Cleanup", Time since last: 1000199883 ns, Reaching safepoint: 111768 ns, At safepoint: 7420 ns, Total: 119188 ns
[2020-05-20T10:38:20.470+0000][1084][safepoint    ] Safepoint "Cleanup", Time since last: 1000062609 ns, Reaching safepoint: 80232 ns, At safepoint: 3246 ns, Total: 83478 ns
[2020-05-20T10:38:21.471+0000][1084][safepoint    ] Safepoint "Cleanup", Time since last: 1000226318 ns, Reaching safepoint: 138203 ns, At safepoint: 4638 ns, Total: 142841 ns
[2020-05-20T10:38:22.471+0000][1084][safepoint    ] Safepoint "Cleanup", Time since last: 1000257390 ns, Reaching safepoint: 123826 ns, At safepoint: 6493 ns, Total: 130319 ns
[2020-05-20T10:38:23.472+0000][1084][safepoint    ] Safepoint "Cleanup", Time since last: 1000497622 ns, Reaching safepoint: 131246 ns, At safepoint: 6029 ns, Total: 137275 ns
[2020-05-20T10:38:24.472+0000][1084][safepoint    ] Safepoint "Cleanup", Time since last: 1000217043 ns, Reaching safepoint: 115478 ns, At safepoint: 4637 ns, Total: 120115 ns
[2020-05-20T10:38:25.472+0000][1084][safepoint    ] Safepoint "Cleanup", Time since last: 1000298666 ns, Reaching safepoint: 144696 ns, At safepoint: 4637 ns, Total: 149333 ns
[2020-05-20T10:38:26.473+0000][1084][safepoint    ] Safepoint "Cleanup", Time since last: 1000358956 ns, Reaching safepoint: 115014 ns, At safepoint: 4638 ns, Total: 119652 ns
[2020-05-20T10:38:27.474+0000][1084][safepoint    ] Safepoint "Cleanup", Time since last: 1000702607 ns, Reaching safepoint: 111768 ns, At safepoint: 6029 ns, Total: 117797 ns
[2020-05-20T10:38:28.474+0000][1084][safepoint    ] Safepoint "Cleanup", Time since last: 1000426202 ns, Reaching safepoint: 124753 ns, At safepoint: 6493 ns, Total: 131246 ns
[2020-05-20T10:38:29.475+0000][1084][safepoint    ] Safepoint "Cleanup", Time since last: 1000772172 ns, Reaching safepoint: 146087 ns, At safepoint: 6956 ns, Total: 153043 ns
[2020-05-20T10:38:31.476+0000][1084][safepoint    ] Safepoint "Cleanup", Time since last: 2000840346 ns, Reaching safepoint: 133565 ns, At safepoint: 6493 ns, Total: 140058 ns
[2020-05-20T10:38:32.477+0000][1084][safepoint    ] Safepoint "Cleanup", Time since last: 1000776346 ns, Reaching safepoint: 130782 ns, At safepoint: 5565 ns, Total: 136347 ns
[2020-05-20T10:38:33.478+0000][1084][safepoint    ] Safepoint "Cleanup", Time since last: 1000473043 ns, Reaching safepoint: 342723 ns, At safepoint: 5566 ns, Total: 348289 ns
[2020-05-20T10:38:35.479+0000][1084][safepoint    ] Safepoint "Cleanup", Time since last: 2000631650 ns, Reaching safepoint: 176232 ns, At safepoint: 10203 ns, Total: 186435 ns
[2020-05-20T10:38:36.479+0000][1084][safepoint    ] Safepoint "Cleanup", Time since last: 1000064463 ns, Reaching safepoint: 164638 ns, At safepoint: 5101 ns, Total: 169739 ns
[2020-05-20T10:38:37.479+0000][1084][safepoint    ] Safepoint "Cleanup", Time since last: 1000122435 ns, Reaching safepoint: 129391 ns, At safepoint: 7420 ns, Total: 136811 ns
[2020-05-20T10:38:39.480+0000][1084][safepoint    ] Safepoint "Cleanup", Time since last: 2000911766 ns, Reaching safepoint: 96000 ns, At safepoint: 4637 ns, Total: 100637 ns
[2020-05-20T10:38:40.480+0000][1084][safepoint    ] Safepoint "Cleanup", Time since last: 1000029681 ns, Reaching safepoint: 87189 ns, At safepoint: 3246 ns, Total: 90435 ns
[2020-05-20T10:38:41.481+0000][1084][safepoint    ] Safepoint "Cleanup", Time since last: 1000108058 ns, Reaching safepoint: 142376 ns, At safepoint: 4638 ns, Total: 147014 ns
[2020-05-20T10:38:43.488+0000][1084][safepoint    ] Safepoint "Cleanup", Time since last: 2000113623 ns, Reaching safepoint: 7084969 ns, At safepoint: 58434 ns, Total: 7143403 ns
[2020-05-20T10:38:44.489+0000][1084][safepoint    ] Safepoint "Cleanup", Time since last: 1000847767 ns, Reaching safepoint: 124289 ns, At safepoint: 24116 ns, Total: 148405 ns
[2020-05-20T10:38:45.489+0000][1084][safepoint    ] Safepoint "Cleanup", Time since last: 1000026435 ns, Reaching safepoint: 86724 ns, At safepoint: 2783 ns, Total: 89507 ns
[2020-05-20T10:38:46.490+0000][1084][safepoint    ] Safepoint "Cleanup", Time since last: 1000545854 ns, Reaching safepoint: 134492 ns, At safepoint: 6957 ns, Total: 141449 ns
[2020-05-20T10:38:48.490+0000][1084][safepoint    ] Safepoint "Cleanup", Time since last: 2000258318 ns, Reaching safepoint: 127072 ns, At safepoint: 17623 ns, Total: 144695 ns
[2020-05-20T10:38:49.491+0000][1084][safepoint    ] Safepoint "Cleanup", Time since last: 1000383999 ns, Reaching safepoint: 128927 ns, At safepoint: 3247 ns, Total: 132174 ns
[2020-05-20T10:38:50.491+0000][1084][safepoint    ] Safepoint "Cleanup", Time since last: 1000640462 ns, Reaching safepoint: 160464 ns, At safepoint: 4637 ns, Total: 165101 ns
[2020-05-20T10:38:51.492+0000][1084][safepoint    ] Safepoint "Cleanup", Time since last: 1000450782 ns, Reaching safepoint: 126144 ns, At safepoint: 4638 ns, Total: 130782 ns
[2020-05-20T10:38:52.493+0000][1084][safepoint    ] Safepoint "Cleanup", Time since last: 1000731361 ns, Reaching safepoint: 124753 ns, At safepoint: 5101 ns, Total: 129854 ns
[2020-05-20T10:38:53.493+0000][1084][safepoint    ] Safepoint "Cleanup", Time since last: 1000087652 ns, Reaching safepoint: 175768 ns, At safepoint: 6957 ns, Total: 182725 ns
[2020-05-20T10:38:55.493+0000][1084][safepoint    ] Safepoint "Cleanup", Time since last: 1999999072 ns, Reaching safepoint: 98319 ns, At safepoint: 4637 ns, Total: 102956 ns
[2020-05-20T10:38:56.494+0000][1084][safepoint    ] Safepoint "Cleanup", Time since last: 1000313971 ns, Reaching safepoint: 121507 ns, At safepoint: 4637 ns, Total: 126144 ns
[2020-05-20T10:38:57.494+0000][1084][safepoint    ] Safepoint "Cleanup", Time since last: 1000680810 ns, Reaching safepoint: 120580 ns, At safepoint: 6029 ns, Total: 126609 ns
[2020-05-20T10:38:58.495+0000][1084][safepoint    ] Safepoint "Cleanup", Time since last: 1000656230 ns, Reaching safepoint: 190608 ns, At safepoint: 6493 ns, Total: 197101 ns
[2020-05-20T10:38:59.496+0000][1084][safepoint    ] Safepoint "Cleanup", Time since last: 1000610318 ns, Reaching safepoint: 124289 ns, At safepoint: 7420 ns, Total: 131709 ns
[2020-05-20T10:39:00.496+0000][1084][safepoint    ] Safepoint "Cleanup", Time since last: 1000022261 ns, Reaching safepoint: 88580 ns, At safepoint: 4637 ns, Total: 93217 ns
[2020-05-20T10:39:02.497+0000][1084][safepoint    ] Safepoint "Cleanup", Time since last: 2000956752 ns, Reaching safepoint: 141912 ns, At safepoint: 5102 ns, Total: 147014 ns
[2020-05-20T10:39:03.498+0000][1084][safepoint    ] Safepoint "Cleanup", Time since last: 1000070029 ns, Reaching safepoint: 114086 ns, At safepoint: 6493 ns, Total: 120579 ns
[2020-05-20T10:39:05.498+0000][1084][safepoint    ] Safepoint "Cleanup", Time since last: 2000092754 ns, Reaching safepoint: 115014 ns, At safepoint: 6493 ns, Total: 121507 ns
[2020-05-20T10:39:06.499+0000][1084][safepoint    ] Safepoint "Cleanup", Time since last: 1000778201 ns, Reaching safepoint: 102028 ns, At safepoint: 4638 ns, Total: 106666 ns
[2020-05-20T10:39:07.499+0000][1084][safepoint    ] Safepoint "Cleanup", Time since last: 1000030609 ns, Reaching safepoint: 148405 ns, At safepoint: 4638 ns, Total: 153043 ns
[2020-05-20T10:39:08.500+0000][1084][safepoint    ] Safepoint "Cleanup", Time since last: 1000734143 ns, Reaching safepoint: 140058 ns, At safepoint: 6492 ns, Total: 146550 ns
[2020-05-20T10:39:09.500+0000][1084][safepoint    ] Safepoint "Cleanup", Time since last: 1000549101 ns, Reaching safepoint: 122434 ns, At safepoint: 7884 ns, Total: 130318 ns
[2020-05-20T10:39:10.510+0000][1084][safepoint    ] Safepoint "Cleanup", Time since last: 1009231283 ns, Reaching safepoint: 147014 ns, At safepoint: 6493 ns, Total: 153507 ns
[2020-05-20T10:39:11.510+0000][1084][safepoint    ] Safepoint "Cleanup", Time since last: 1000098782 ns, Reaching safepoint: 122435 ns, At safepoint: 13913 ns, Total: 136348 ns
[2020-05-20T10:39:13.510+0000][1084][safepoint    ] Safepoint "Cleanup", Time since last: 2000041275 ns, Reaching safepoint: 124753 ns, At safepoint: 4638 ns, Total: 129391 ns
[2020-05-20T10:39:14.510+0000][1084][safepoint    ] Safepoint "Cleanup", Time since last: 1000153043 ns, Reaching safepoint: 104348 ns, At safepoint: 4637 ns, Total: 108985 ns
[2020-05-20T10:39:15.511+0000][1084][safepoint    ] Safepoint "Cleanup", Time since last: 1000099247 ns, Reaching safepoint: 122898 ns, At safepoint: 4638 ns, Total: 127536 ns
[2020-05-20T10:39:16.511+0000][1084][safepoint    ] Safepoint "Cleanup", Time since last: 1000493448 ns, Reaching safepoint: 120579 ns, At safepoint: 6493 ns, Total: 127072 ns
[2020-05-20T10:39:17.512+0000][1084][safepoint    ] Safepoint "Cleanup", Time since last: 1000511071 ns, Reaching safepoint: 257855 ns, At safepoint: 7420 ns, Total: 265275 ns
[2020-05-20T10:39:19.513+0000][1084][safepoint    ] Safepoint "Cleanup", Time since last: 2000806955 ns, Reaching safepoint: 257390 ns, At safepoint: 9739 ns, Total: 267129 ns
[2020-05-20T10:39:20.514+0000][1084][safepoint    ] Safepoint "Cleanup", Time since last: 1000356173 ns, Reaching safepoint: 118261 ns, At safepoint: 6493 ns, Total: 124754 ns
[2020-05-20T10:39:21.514+0000][1084][safepoint    ] Safepoint "Cleanup", Time since last: 1000207767 ns, Reaching safepoint: 165101 ns, At safepoint: 4638 ns, Total: 169739 ns
[2020-05-20T10:39:22.514+0000][1084][safepoint    ] Safepoint "Cleanup", Time since last: 1000076058 ns, Reaching safepoint: 120579 ns, At safepoint: 6029 ns, Total: 126608 ns
[2020-05-20T10:39:23.515+0000][1084][safepoint    ] Safepoint "Cleanup", Time since last: 1000423883 ns, Reaching safepoint: 136812 ns, At safepoint: 4637 ns, Total: 141449 ns
[2020-05-20T10:39:24.515+0000][1084][safepoint    ] Safepoint "Cleanup", Time since last: 1000634434 ns, Reaching safepoint: 106666 ns, At safepoint: 4174 ns, Total: 110840 ns
[2020-05-20T10:39:25.516+0000][1084][safepoint    ] Safepoint "Cleanup", Time since last: 1000497622 ns, Reaching safepoint: 126145 ns, At safepoint: 6956 ns, Total: 133101 ns
[2020-05-20T10:39:26.516+0000][1084][safepoint    ] Safepoint "Cleanup", Time since last: 1000092290 ns, Reaching safepoint: 124289 ns, At safepoint: 6493 ns, Total: 130782 ns
[2020-05-20T10:39:28.103+0000][1084][safepoint    ] Safepoint "Cleanup", Time since last: 1586578118 ns, Reaching safepoint: 135420 ns, At safepoint: 4638 ns, Total: 140058 ns
[2020-05-20T10:39:29.113+0000][1084][safepoint    ] Safepoint "Cleanup", Time since last: 1000812983 ns, Reaching safepoint: 9236385 ns, At safepoint: 48232 ns, Total: 9284617 ns
[2020-05-20T10:39:31.114+0000][1084][safepoint    ] Safepoint "Cleanup", Time since last: 2000281970 ns, Reaching safepoint: 112695 ns, At safepoint: 4638 ns, Total: 117333 ns
[2020-05-20T10:39:32.167+0000][1084][safepoint    ] Safepoint "Cleanup", Time since last: 1000457738 ns, Reaching safepoint: 52952921 ns, At safepoint: 26898 ns, Total: 52979819 ns
[2020-05-20T10:39:33.168+0000][1084][safepoint    ] Safepoint "Cleanup", Time since last: 1000887650 ns, Reaching safepoint: 117333 ns, At safepoint: 5566 ns, Total: 122899 ns
[2020-05-20T10:39:34.169+0000][1084][safepoint    ] Safepoint "Cleanup", Time since last: 1000539825 ns, Reaching safepoint: 137738 ns, At safepoint: 6029 ns, Total: 143767 ns
[2020-05-20T10:39:35.169+0000][1084][safepoint    ] Safepoint "Cleanup", Time since last: 1000695651 ns, Reaching safepoint: 128927 ns, At safepoint: 5102 ns, Total: 134029 ns
[2020-05-20T10:39:36.170+0000][1084][safepoint    ] Safepoint "Cleanup", Time since last: 1000562085 ns, Reaching safepoint: 135420 ns, At safepoint: 6493 ns, Total: 141913 ns
[2020-05-20T10:39:37.171+0000][1084][safepoint    ] Safepoint "Cleanup", Time since last: 1000479999 ns, Reaching safepoint: 113623 ns, At safepoint: 6029 ns, Total: 119652 ns
[2020-05-20T10:39:39.171+0000][1084][safepoint    ] Safepoint "Cleanup", Time since last: 2000185506 ns, Reaching safepoint: 122899 ns, At safepoint: 6492 ns, Total: 129391 ns
[2020-05-20T10:39:40.172+0000][1084][safepoint    ] Safepoint "Cleanup", Time since last: 1000536579 ns, Reaching safepoint: 121971 ns, At safepoint: 7884 ns, Total: 129855 ns
[2020-05-20T10:39:41.172+0000][1084][safepoint    ] Safepoint "Cleanup", Time since last: 1000429448 ns, Reaching safepoint: 97391 ns, At safepoint: 4638 ns, Total: 102029 ns
[2020-05-20T10:39:42.173+0000][1084][safepoint    ] Safepoint "Cleanup", Time since last: 1000578317 ns, Reaching safepoint: 124290 ns, At safepoint: 2782 ns, Total: 127072 ns
[2020-05-20T10:39:43.174+0000][1084][safepoint    ] Safepoint "Cleanup", Time since last: 1000682202 ns, Reaching safepoint: 166956 ns, At safepoint: 6493 ns, Total: 173449 ns
[2020-05-20T10:39:45.175+0000][1084][safepoint    ] Safepoint "Cleanup", Time since last: 2000807418 ns, Reaching safepoint: 154434 ns, At safepoint: 7421 ns, Total: 161855 ns
[2020-05-20T10:39:46.175+0000][1084][safepoint    ] Safepoint "Cleanup", Time since last: 1000214724 ns, Reaching safepoint: 115942 ns, At safepoint: 5101 ns, Total: 121043 ns
[2020-05-20T10:39:47.176+0000][1084][safepoint    ] Safepoint "Cleanup", Time since last: 1000467941 ns, Reaching safepoint: 136348 ns, At safepoint: 6956 ns, Total: 143304 ns
[2020-05-20T10:39:48.202+0000][1084][safepoint    ] Safepoint "Cleanup", Time since last: 1000714665 ns, Reaching safepoint: 25117159 ns, At safepoint: 53797 ns, Total: 25170956 ns
[2020-05-20T10:39:49.202+0000][1084][safepoint    ] Safepoint "Cleanup", Time since last: 1000564868 ns, Reaching safepoint: 118725 ns, At safepoint: 6493 ns, Total: 125218 ns
[2020-05-20T10:39:50.203+0000][1084][safepoint    ] Safepoint "Cleanup", Time since last: 1000275941 ns, Reaching safepoint: 304231 ns, At safepoint: 58435 ns, Total: 362666 ns
[2020-05-20T10:39:51.208+0000][1084][safepoint    ] Safepoint "Cleanup", Time since last: 1004561149 ns, Reaching safepoint: 559766 ns, At safepoint: 12058 ns, Total: 571824 ns
[2020-05-20T10:39:52.208+0000][1084][safepoint    ] Safepoint "Cleanup", Time since last: 1000202203 ns, Reaching safepoint: 112695 ns, At safepoint: 6029 ns, Total: 118724 ns
[2020-05-20T10:39:53.209+0000][1084][safepoint    ] Safepoint "Cleanup", Time since last: 1000247652 ns, Reaching safepoint: 135883 ns, At safepoint: 6493 ns, Total: 142376 ns
[2020-05-20T10:39:54.209+0000][1084][safepoint    ] Safepoint "Cleanup", Time since last: 1000113159 ns, Reaching safepoint: 120580 ns, At safepoint: 5565 ns, Total: 126145 ns
[2020-05-20T10:39:56.209+0000][1084][safepoint    ] Safepoint "Cleanup", Time since last: 1999993044 ns, Reaching safepoint: 119188 ns, At safepoint: 4637 ns, Total: 123825 ns
[2020-05-20T10:39:57.210+0000][1084][safepoint    ] Safepoint "Cleanup", Time since last: 1000860288 ns, Reaching safepoint: 107594 ns, At safepoint: 6493 ns, Total: 114087 ns
[2020-05-20T10:39:58.211+0000][1084][safepoint    ] Safepoint "Cleanup", Time since last: 1000668288 ns, Reaching safepoint: 232347 ns, At safepoint: 10667 ns, Total: 243014 ns
[2020-05-20T10:40:00.212+0000][1084][safepoint    ] Safepoint "Cleanup", Time since last: 2000675709 ns, Reaching safepoint: 204521 ns, At safepoint: 6029 ns, Total: 210550 ns
[2020-05-20T10:40:01.212+0000][1084][safepoint    ] Safepoint "Cleanup", Time since last: 1000268521 ns, Reaching safepoint: 187362 ns, At safepoint: 7420 ns, Total: 194782 ns
[2020-05-20T10:40:02.218+0000][1084][safepoint    ] Safepoint "Cleanup", Time since last: 1000224927 ns, Reaching safepoint: 5151988 ns, At safepoint: 19478 ns, Total: 5171466 ns
[2020-05-20T10:40:03.219+0000][1084][safepoint    ] Safepoint "Cleanup", Time since last: 1000596869 ns, Reaching safepoint: 105739 ns, At safepoint: 6492 ns, Total: 112231 ns
[2020-05-20T10:40:04.219+0000][1084][safepoint    ] Safepoint "Cleanup", Time since last: 1000377043 ns, Reaching safepoint: 132173 ns, At safepoint: 4638 ns, Total: 136811 ns
[2020-05-20T10:40:05.220+0000][1084][safepoint    ] Safepoint "Cleanup", Time since last: 1000793042 ns, Reaching safepoint: 116869 ns, At safepoint: 6029 ns, Total: 122898 ns
[2020-05-20T10:40:06.220+0000][1084][safepoint    ] Safepoint "Cleanup", Time since last: 1000117797 ns, Reaching safepoint: 109449 ns, At safepoint: 6029 ns, Total: 115478 ns
[2020-05-20T10:40:08.221+0000][1084][safepoint    ] Safepoint "Cleanup", Time since last: 2000777737 ns, Reaching safepoint: 115942 ns, At safepoint: 6493 ns, Total: 122435 ns
[2020-05-20T10:40:09.222+0000][1084][safepoint    ] Safepoint "Cleanup", Time since last: 1000566259 ns, Reaching safepoint: 124754 ns, At safepoint: 4637 ns, Total: 129391 ns
[2020-05-20T10:40:10.222+0000][1084][safepoint    ] Safepoint "Cleanup", Time since last: 1000385391 ns, Reaching safepoint: 132173 ns, At safepoint: 6493 ns, Total: 138666 ns
[2020-05-20T10:40:11.223+0000][1084][safepoint    ] Safepoint "Cleanup", Time since last: 1000866317 ns, Reaching safepoint: 106666 ns, At safepoint: 4638 ns, Total: 111304 ns
[2020-05-20T10:40:12.224+0000][1084][safepoint    ] Safepoint "Cleanup", Time since last: 1000665969 ns, Reaching safepoint: 105739 ns, At safepoint: 5566 ns, Total: 111305 ns
[2020-05-20T10:40:13.225+0000][1084][safepoint    ] Safepoint "Cleanup", Time since last: 1000469796 ns, Reaching safepoint: 149796 ns, At safepoint: 4638 ns, Total: 154434 ns
[2020-05-20T10:40:14.226+0000][1084][safepoint    ] Safepoint "Cleanup", Time since last: 1000735534 ns, Reaching safepoint: 93681 ns, At safepoint: 4638 ns, Total: 98319 ns
[2020-05-20T10:40:15.226+0000][1084][safepoint    ] Safepoint "Cleanup", Time since last: 1000030145 ns, Reaching safepoint: 122434 ns, At safepoint: 18551 ns, Total: 140985 ns
[2020-05-20T10:40:16.226+0000][1084][safepoint    ] Safepoint "Cleanup", Time since last: 1000287536 ns, Reaching safepoint: 120115 ns, At safepoint: 4174 ns, Total: 124289 ns
[2020-05-20T10:40:17.227+0000][1084][safepoint    ] Safepoint "Cleanup", Time since last: 1000733680 ns, Reaching safepoint: 117333 ns, At safepoint: 5101 ns, Total: 122434 ns
[2020-05-20T10:40:18.228+0000][1084][safepoint    ] Safepoint "Cleanup", Time since last: 1000842665 ns, Reaching safepoint: 180405 ns, At safepoint: 9276 ns, Total: 189681 ns
[2020-05-20T10:40:19.228+0000][1084][safepoint    ] Safepoint "Cleanup", Time since last: 1000060753 ns, Reaching safepoint: 223072 ns, At safepoint: 4174 ns, Total: 227246 ns
[2020-05-20T10:40:20.228+0000][1084][safepoint    ] Safepoint "Cleanup", Time since last: 1000125217 ns, Reaching safepoint: 327883 ns, At safepoint: 25044 ns, Total: 352927 ns
[2020-05-20T10:40:21.229+0000][1084][safepoint    ] Safepoint "Cleanup", Time since last: 1000281043 ns, Reaching safepoint: 166028 ns, At safepoint: 7420 ns, Total: 173448 ns
[2020-05-20T10:40:22.230+0000][1084][safepoint    ] Safepoint "Cleanup", Time since last: 1000768926 ns, Reaching safepoint: 112232 ns, At safepoint: 4638 ns, Total: 116870 ns
[2020-05-20T10:40:23.231+0000][1084][safepoint    ] Safepoint "Cleanup", Time since last: 1000690085 ns, Reaching safepoint: 107594 ns, At safepoint: 4638 ns, Total: 112232 ns
[2020-05-20T10:40:24.232+0000][1084][safepoint    ] Safepoint "Cleanup", Time since last: 1000749911 ns, Reaching safepoint: 106666 ns, At safepoint: 6493 ns, Total: 113159 ns
[2020-05-20T10:40:25.246+0000][1084][safepoint    ] Safepoint "Cleanup", Time since last: 1000822723 ns, Reaching safepoint: 13039274 ns, At safepoint: 15768 ns, Total: 13055042 ns
[2020-05-20T10:40:26.246+0000][1084][safepoint    ] Safepoint "Cleanup", Time since last: 1000732288 ns, Reaching safepoint: 122435 ns, At safepoint: 4637 ns, Total: 127072 ns
[2020-05-20T10:40:27.247+0000][1084][safepoint    ] Safepoint "Cleanup", Time since last: 1000557448 ns, Reaching safepoint: 146087 ns, At safepoint: 4637 ns, Total: 150724 ns
[2020-05-20T10:40:29.248+0000][1084][safepoint    ] Safepoint "Cleanup", Time since last: 2000812057 ns, Reaching safepoint: 110376 ns, At safepoint: 4638 ns, Total: 115014 ns
[2020-05-20T10:40:30.249+0000][1084][safepoint    ] Safepoint "Cleanup", Time since last: 1000390492 ns, Reaching safepoint: 112695 ns, At safepoint: 4638 ns, Total: 117333 ns
[2020-05-20T10:40:31.249+0000][1084][safepoint    ] Safepoint "Cleanup", Time since last: 1000120115 ns, Reaching safepoint: 105276 ns, At safepoint: 3246 ns, Total: 108522 ns
[2020-05-20T10:40:32.249+0000][1084][safepoint    ] Safepoint "Cleanup", Time since last: 1000068174 ns, Reaching safepoint: 80695 ns, At safepoint: 3710 ns, Total: 84405 ns
[2020-05-20T10:40:33.249+0000][1084][safepoint    ] Safepoint "Cleanup", Time since last: 1000240695 ns, Reaching safepoint: 172522 ns, At safepoint: 6956 ns, Total: 179478 ns
[2020-05-20T10:40:34.250+0000][1084][safepoint    ] Safepoint "Cleanup", Time since last: 1000066319 ns, Reaching safepoint: 121507 ns, At safepoint: 3246 ns, Total: 124753 ns
[2020-05-20T10:40:35.250+0000][1084][safepoint    ] Safepoint "Cleanup", Time since last: 1000068638 ns, Reaching safepoint: 98782 ns, At safepoint: 3246 ns, Total: 102028 ns
[2020-05-20T10:40:36.250+0000][1084][safepoint    ] Safepoint "Cleanup", Time since last: 1000481391 ns, Reaching safepoint: 113159 ns, At safepoint: 8811 ns, Total: 121970 ns
[2020-05-20T10:40:37.251+0000][1084][safepoint    ] Safepoint "Cleanup", Time since last: 1000411362 ns, Reaching safepoint: 113159 ns, At safepoint: 6029 ns, Total: 119188 ns
[2020-05-20T10:40:38.251+0000][1084][safepoint    ] Safepoint "Cleanup", Time since last: 1000046840 ns, Reaching safepoint: 111304 ns, At safepoint: 4638 ns, Total: 115942 ns
[2020-05-20T10:40:39.252+0000][1084][safepoint    ] Safepoint "Cleanup", Time since last: 1000571825 ns, Reaching safepoint: 107130 ns, At safepoint: 4638 ns, Total: 111768 ns
[2020-05-20T10:40:40.252+0000][1084][safepoint    ] Safepoint "Cleanup", Time since last: 1000541680 ns, Reaching safepoint: 107594 ns, At safepoint: 4637 ns, Total: 112231 ns
[2020-05-20T10:40:41.253+0000][1084][safepoint    ] Safepoint "Cleanup", Time since last: 1000404869 ns, Reaching safepoint: 129391 ns, At safepoint: 5101 ns, Total: 134492 ns
[2020-05-20T10:40:42.254+0000][1084][safepoint    ] Safepoint "Cleanup", Time since last: 1000536115 ns, Reaching safepoint: 81623 ns, At safepoint: 4638 ns, Total: 86261 ns
[2020-05-20T10:40:43.254+0000][1084][safepoint    ] Safepoint "Cleanup", Time since last: 1000038492 ns, Reaching safepoint: 121044 ns, At safepoint: 4173 ns, Total: 125217 ns
[2020-05-20T10:40:44.254+0000][1084][safepoint    ] Safepoint "Cleanup", Time since last: 1000125218 ns, Reaching safepoint: 89043 ns, At safepoint: 5101 ns, Total: 94144 ns
[2020-05-20T10:40:45.263+0000][1084][safepoint    ] Safepoint "Cleanup", Time since last: 1000416927 ns, Reaching safepoint: 9048095 ns, At safepoint: 42203 ns, Total: 9090298 ns
[2020-05-20T10:40:46.264+0000][1084][safepoint    ] Safepoint "Cleanup", Time since last: 1000294028 ns, Reaching safepoint: 96463 ns, At safepoint: 3711 ns, Total: 100174 ns
[2020-05-20T10:40:47.265+0000][1084][safepoint    ] Safepoint "Cleanup", Time since last: 1000657621 ns, Reaching safepoint: 126145 ns, At safepoint: 4174 ns, Total: 130319 ns
[2020-05-20T10:40:48.266+0000][1084][safepoint    ] Safepoint "Cleanup", Time since last: 1000775418 ns, Reaching safepoint: 109913 ns, At safepoint: 3246 ns, Total: 113159 ns
[2020-05-20T10:40:49.269+0000][1084][safepoint    ] Safepoint "Cleanup", Time since last: 1000179942 ns, Reaching safepoint: 3063645 ns, At safepoint: 43130 ns, Total: 3106775 ns
[2020-05-20T10:40:50.279+0000][1084][safepoint    ] Safepoint "Cleanup", Time since last: 1000104812 ns, Reaching safepoint: 9989078 ns, At safepoint: 40812 ns, Total: 10029890 ns
[2020-05-20T10:40:51.279+0000][1084][safepoint    ] Safepoint "Cleanup", Time since last: 1000132637 ns, Reaching safepoint: 120579 ns, At safepoint: 6957 ns, Total: 127536 ns
[2020-05-20T10:40:52.279+0000][1084][safepoint    ] Safepoint "Cleanup", Time since last: 1000075594 ns, Reaching safepoint: 166492 ns, At safepoint: 9276 ns, Total: 175768 ns
[2020-05-20T10:40:53.280+0000][1084][safepoint    ] Safepoint "Cleanup", Time since last: 1000114086 ns, Reaching safepoint: 141449 ns, At safepoint: 8812 ns, Total: 150261 ns
[2020-05-20T10:40:54.280+0000][1084][safepoint    ] Safepoint "Cleanup", Time since last: 1000116405 ns, Reaching safepoint: 120580 ns, At safepoint: 4637 ns, Total: 125217 ns
[2020-05-20T10:40:55.280+0000][1084][safepoint    ] Safepoint "Cleanup", Time since last: 1000114551 ns, Reaching safepoint: 88116 ns, At safepoint: 5101 ns, Total: 93217 ns
[2020-05-20T10:40:56.281+0000][1084][safepoint    ] Safepoint "Cleanup", Time since last: 1000614491 ns, Reaching safepoint: 93218 ns, At safepoint: 4637 ns, Total: 97855 ns
[2020-05-20T10:40:57.282+0000][1084][safepoint    ] Safepoint "Cleanup", Time since last: 1000819940 ns, Reaching safepoint: 169275 ns, At safepoint: 5102 ns, Total: 174377 ns
[2020-05-20T10:40:58.282+0000][1084][safepoint    ] Safepoint "Cleanup", Time since last: 1000206840 ns, Reaching safepoint: 98319 ns, At safepoint: 3710 ns, Total: 102029 ns
[2020-05-20T10:40:59.283+0000][1084][safepoint    ] Safepoint "Cleanup", Time since last: 1000632114 ns, Reaching safepoint: 146551 ns, At safepoint: 4173 ns, Total: 150724 ns
[2020-05-20T10:40:59.486+0000][1084][gc,start     ] GC(34) Pause Young (Normal) (G1 Evacuation Pause)
[2020-05-20T10:40:59.486+0000][1084][gc,task      ] GC(34) Using 4 workers of 4 for evacuation
[2020-05-20T10:40:59.486+0000][1084][gc,age       ] GC(34) Desired survivor size 40370176 bytes, new threshold 15 (max threshold 15)
[2020-05-20T10:40:59.591+0000][1084][gc,age       ] GC(34) Age table with threshold 15 (max threshold 15)
[2020-05-20T10:40:59.591+0000][1084][gc,age       ] GC(34) - age   1:     531416 bytes,     531416 total
[2020-05-20T10:40:59.591+0000][1084][gc,age       ] GC(34) - age   2:    3436168 bytes,    3967584 total
[2020-05-20T10:40:59.591+0000][1084][gc,age       ] GC(34) - age   3:     752960 bytes,    4720544 total
[2020-05-20T10:40:59.591+0000][1084][gc,age       ] GC(34) - age   4:       5440 bytes,    4725984 total
[2020-05-20T10:40:59.591+0000][1084][gc,age       ] GC(34) - age   5:     244584 bytes,    4970568 total
[2020-05-20T10:40:59.591+0000][1084][gc,age       ] GC(34) - age   6:     505560 bytes,    5476128 total
[2020-05-20T10:40:59.591+0000][1084][gc,phases    ] GC(34)   Pre Evacuate Collection Set: 0.2ms
[2020-05-20T10:40:59.591+0000][1084][gc,phases    ] GC(34)   Merge Heap Roots: 0.1ms
[2020-05-20T10:40:59.591+0000][1084][gc,phases    ] GC(34)   Evacuate Collection Set: 94.7ms
[2020-05-20T10:40:59.591+0000][1084][gc,phases    ] GC(34)   Post Evacuate Collection Set: 9.9ms
[2020-05-20T10:40:59.591+0000][1084][gc,phases    ] GC(34)   Other: 0.4ms
[2020-05-20T10:40:59.591+0000][1084][gc,heap      ] GC(34) Eden regions: 600->0(608)
[2020-05-20T10:40:59.591+0000][1084][gc,heap      ] GC(34) Survivor regions: 14->6(77)
[2020-05-20T10:40:59.591+0000][1084][gc,heap      ] GC(34) Old regions: 78->78
[2020-05-20T10:40:59.591+0000][1084][gc,heap      ] GC(34) Archive regions: 0->0
[2020-05-20T10:40:59.591+0000][1084][gc,heap      ] GC(34) Humongous regions: 7->7
[2020-05-20T10:40:59.591+0000][1084][gc,metaspace ] GC(34) Metaspace: 99047K(106520K)->99047K(106520K) NonClass: 86154K(90500K)->86154K(90500K) Class: 12893K(16020K)->12893K(16020K)
[2020-05-20T10:40:59.591+0000][1084][gc           ] GC(34) Pause Young (Normal) (G1 Evacuation Pause) 698M->90M(1024M) 105.658ms
[2020-05-20T10:40:59.591+0000][1084][gc,cpu       ] GC(34) User=0.00s Sys=0.00s Real=0.11s
[2020-05-20T10:40:59.592+0000][1084][safepoint    ] Safepoint "G1CollectForAllocation", Time since last: 203297848 ns, Reaching safepoint: 92753 ns, At safepoint: 105855755 ns, Total: 105948508 ns
[2020-05-20T10:41:00.593+0000][1084][safepoint    ] Safepoint "Cleanup", Time since last: 1000332057 ns, Reaching safepoint: 194318 ns, At safepoint: 12522 ns, Total: 206840 ns
[2020-05-20T10:41:02.594+0000][1084][safepoint    ] Safepoint "Cleanup", Time since last: 2000718375 ns, Reaching safepoint: 126145 ns, At safepoint: 22261 ns, Total: 148406 ns
[2020-05-20T10:41:03.595+0000][1084][safepoint    ] Safepoint "Cleanup", Time since last: 1000782838 ns, Reaching safepoint: 263420 ns, At safepoint: 13449 ns, Total: 276869 ns
[2020-05-20T10:41:04.595+0000][1084][safepoint    ] Safepoint "Cleanup", Time since last: 1000467478 ns, Reaching safepoint: 147941 ns, At safepoint: 7884 ns, Total: 155825 ns
[2020-05-20T10:41:05.596+0000][1084][safepoint    ] Safepoint "Cleanup", Time since last: 1000344115 ns, Reaching safepoint: 137739 ns, At safepoint: 3247 ns, Total: 140986 ns
[2020-05-20T10:41:06.596+0000][1084][safepoint    ] Safepoint "Cleanup", Time since last: 1000447071 ns, Reaching safepoint: 149797 ns, At safepoint: 6029 ns, Total: 155826 ns
[2020-05-20T10:41:08.597+0000][1084][safepoint    ] Safepoint "Cleanup", Time since last: 2000494375 ns, Reaching safepoint: 156754 ns, At safepoint: 7884 ns, Total: 164638 ns
[2020-05-20T10:41:09.597+0000][1084][safepoint    ] Safepoint "Cleanup", Time since last: 1000239767 ns, Reaching safepoint: 167884 ns, At safepoint: 8812 ns, Total: 176696 ns
[2020-05-20T10:41:10.598+0000][1084][safepoint    ] Safepoint "Cleanup", Time since last: 1000789795 ns, Reaching safepoint: 157217 ns, At safepoint: 8348 ns, Total: 165565 ns
[2020-05-20T10:41:12.599+0000][1084][safepoint    ] Safepoint "Cleanup", Time since last: 2000176695 ns, Reaching safepoint: 164173 ns, At safepoint: 7884 ns, Total: 172057 ns
[2020-05-20T10:41:13.599+0000][1084][safepoint    ] Safepoint "Cleanup", Time since last: 1000373797 ns, Reaching safepoint: 165565 ns, At safepoint: 9739 ns, Total: 175304 ns
[2020-05-20T10:41:15.600+0000][1084][safepoint    ] Safepoint "Cleanup", Time since last: 2000267593 ns, Reaching safepoint: 147014 ns, At safepoint: 10203 ns, Total: 157217 ns
[2020-05-20T10:41:16.600+0000][1084][safepoint    ] Safepoint "Cleanup", Time since last: 1000389101 ns, Reaching safepoint: 124753 ns, At safepoint: 5565 ns, Total: 130318 ns
[2020-05-20T10:41:17.600+0000][1084][safepoint    ] Safepoint "Cleanup", Time since last: 1000085797 ns, Reaching safepoint: 136811 ns, At safepoint: 5566 ns, Total: 142377 ns
[2020-05-20T10:41:19.601+0000][1084][safepoint    ] Safepoint "Cleanup", Time since last: 2000701215 ns, Reaching safepoint: 176696 ns, At safepoint: 6492 ns, Total: 183188 ns
[2020-05-20T10:41:20.602+0000][1084][safepoint    ] Safepoint "Cleanup", Time since last: 1000653912 ns, Reaching safepoint: 141449 ns, At safepoint: 9275 ns, Total: 150724 ns
[2020-05-20T10:41:21.602+0000][1084][safepoint    ] Safepoint "Cleanup", Time since last: 1000053333 ns, Reaching safepoint: 153507 ns, At safepoint: 9276 ns, Total: 162783 ns
[2020-05-20T10:41:22.603+0000][1084][safepoint    ] Safepoint "Cleanup", Time since last: 1000091826 ns, Reaching safepoint: 142840 ns, At safepoint: 8348 ns, Total: 151188 ns
[2020-05-20T10:41:23.603+0000][1084][safepoint    ] Safepoint "Cleanup", Time since last: 1000543535 ns, Reaching safepoint: 145159 ns, At safepoint: 6029 ns, Total: 151188 ns
[2020-05-20T10:41:25.604+0000][1084][safepoint    ] Safepoint "Cleanup", Time since last: 2000552346 ns, Reaching safepoint: 131710 ns, At safepoint: 5101 ns, Total: 136811 ns
[2020-05-20T10:41:27.605+0000][1084][safepoint    ] Safepoint "Cleanup", Time since last: 2000560695 ns, Reaching safepoint: 112231 ns, At safepoint: 3247 ns, Total: 115478 ns
[2020-05-20T10:41:28.605+0000][1084][safepoint    ] Safepoint "Cleanup", Time since last: 1000191072 ns, Reaching safepoint: 149797 ns, At safepoint: 8347 ns, Total: 158144 ns
[2020-05-20T10:41:29.606+0000][1084][safepoint    ] Safepoint "Cleanup", Time since last: 1000623303 ns, Reaching safepoint: 144232 ns, At safepoint: 8348 ns, Total: 152580 ns
[2020-05-20T10:41:30.606+0000][1084][safepoint    ] Safepoint "Cleanup", Time since last: 1000395593 ns, Reaching safepoint: 152579 ns, At safepoint: 9276 ns, Total: 161855 ns
[2020-05-20T10:41:31.607+0000][1084][safepoint    ] Safepoint "Cleanup", Time since last: 1000217506 ns, Reaching safepoint: 147942 ns, At safepoint: 6493 ns, Total: 154435 ns
[2020-05-20T10:41:32.607+0000][1084][safepoint    ] Safepoint "Cleanup", Time since last: 1000164173 ns, Reaching safepoint: 157217 ns, At safepoint: 5102 ns, Total: 162319 ns
[2020-05-20T10:41:33.608+0000][1084][safepoint    ] Safepoint "Cleanup", Time since last: 1000772172 ns, Reaching safepoint: 143304 ns, At safepoint: 9275 ns, Total: 152579 ns
[2020-05-20T10:41:34.608+0000][1084][safepoint    ] Safepoint "Cleanup", Time since last: 1000050551 ns, Reaching safepoint: 79304 ns, At safepoint: 3246 ns, Total: 82550 ns
[2020-05-20T10:41:35.608+0000][1084][safepoint    ] Safepoint "Cleanup", Time since last: 1000143304 ns, Reaching safepoint: 121507 ns, At safepoint: 7421 ns, Total: 128928 ns
[2020-05-20T10:41:36.609+0000][1084][safepoint    ] Safepoint "Cleanup", Time since last: 1000749911 ns, Reaching safepoint: 157217 ns, At safepoint: 6029 ns, Total: 163246 ns
[2020-05-20T10:41:37.610+0000][1084][safepoint    ] Safepoint "Cleanup", Time since last: 1000550955 ns, Reaching safepoint: 139130 ns, At safepoint: 5102 ns, Total: 144232 ns
[2020-05-20T10:41:38.610+0000][1084][safepoint    ] Safepoint "Cleanup", Time since last: 1000294492 ns, Reaching safepoint: 160463 ns, At safepoint: 96928 ns, Total: 257391 ns
[2020-05-20T10:41:39.611+0000][1084][safepoint    ] Safepoint "Cleanup", Time since last: 1000272231 ns, Reaching safepoint: 149797 ns, At safepoint: 6956 ns, Total: 156753 ns
[2020-05-20T10:41:40.611+0000][1084][safepoint    ] Safepoint "Cleanup", Time since last: 1000165101 ns, Reaching safepoint: 509680 ns, At safepoint: 13913 ns, Total: 523593 ns
[2020-05-20T10:41:41.613+0000][1084][safepoint    ] Safepoint "Cleanup", Time since last: 1000789795 ns, Reaching safepoint: 160464 ns, At safepoint: 6029 ns, Total: 166493 ns
[2020-05-20T10:41:42.613+0000][1084][safepoint    ] Safepoint "Cleanup", Time since last: 1000314434 ns, Reaching safepoint: 89043 ns, At safepoint: 3246 ns, Total: 92289 ns
[2020-05-20T10:41:43.614+0000][1084][safepoint    ] Safepoint "Cleanup", Time since last: 1000621448 ns, Reaching safepoint: 147478 ns, At safepoint: 7884 ns, Total: 155362 ns
[2020-05-20T10:41:44.615+0000][1084][safepoint    ] Safepoint "Cleanup", Time since last: 1000586666 ns, Reaching safepoint: 159072 ns, At safepoint: 6029 ns, Total: 165101 ns
[2020-05-20T10:41:45.615+0000][1084][safepoint    ] Safepoint "Cleanup", Time since last: 1000024116 ns, Reaching safepoint: 124753 ns, At safepoint: 5565 ns, Total: 130318 ns
[2020-05-20T10:41:47.615+0000][1084][safepoint    ] Safepoint "Cleanup", Time since last: 2000276405 ns, Reaching safepoint: 172522 ns, At safepoint: 6029 ns, Total: 178551 ns
[2020-05-20T10:41:48.616+0000][1084][safepoint    ] Safepoint "Cleanup", Time since last: 1000691940 ns, Reaching safepoint: 169739 ns, At safepoint: 9275 ns, Total: 179014 ns
[2020-05-20T10:41:49.616+0000][1084][safepoint    ] Safepoint "Cleanup", Time since last: 1000147942 ns, Reaching safepoint: 144231 ns, At safepoint: 6493 ns, Total: 150724 ns
[2020-05-20T10:41:50.617+0000][1084][safepoint    ] Safepoint "Cleanup", Time since last: 1000779129 ns, Reaching safepoint: 168347 ns, At safepoint: 8348 ns, Total: 176695 ns
[2020-05-20T10:41:51.618+0000][1084][safepoint    ] Safepoint "Cleanup", Time since last: 1000137739 ns, Reaching safepoint: 131710 ns, At safepoint: 7420 ns, Total: 139130 ns
[2020-05-20T10:41:53.618+0000][1084][safepoint    ] Safepoint "Cleanup", Time since last: 2000426665 ns, Reaching safepoint: 102493 ns, At safepoint: 4174 ns, Total: 106667 ns
[2020-05-20T10:41:54.618+0000][1084][safepoint    ] Safepoint "Cleanup", Time since last: 1000224927 ns, Reaching safepoint: 165101 ns, At safepoint: 9275 ns, Total: 174376 ns
[2020-05-20T10:41:55.619+0000][1084][safepoint    ] Safepoint "Cleanup", Time since last: 1000736926 ns, Reaching safepoint: 140985 ns, At safepoint: 3247 ns, Total: 144232 ns
[2020-05-20T10:41:56.620+0000][1084][safepoint    ] Safepoint "Cleanup", Time since last: 1000640926 ns, Reaching safepoint: 172057 ns, At safepoint: 8812 ns, Total: 180869 ns
[2020-05-20T10:41:57.621+0000][1084][safepoint    ] Safepoint "Cleanup", Time since last: 1000573216 ns, Reaching safepoint: 150724 ns, At safepoint: 7421 ns, Total: 158145 ns
[2020-05-20T10:41:58.621+0000][1084][safepoint    ] Safepoint "Cleanup", Time since last: 1000108985 ns, Reaching safepoint: 131246 ns, At safepoint: 3246 ns, Total: 134492 ns
[2020-05-20T10:41:59.622+0000][1084][safepoint    ] Safepoint "Cleanup", Time since last: 1000618202 ns, Reaching safepoint: 384463 ns, At safepoint: 18550 ns, Total: 403013 ns
[2020-05-20T10:42:01.623+0000][1084][safepoint    ] Safepoint "Cleanup", Time since last: 2000610781 ns, Reaching safepoint: 167420 ns, At safepoint: 12058 ns, Total: 179478 ns
[2020-05-20T10:42:02.624+0000][1084][safepoint    ] Safepoint "Cleanup", Time since last: 1000601506 ns, Reaching safepoint: 98319 ns, At safepoint: 3710 ns, Total: 102029 ns
[2020-05-20T10:42:03.624+0000][1084][safepoint    ] Safepoint "Cleanup", Time since last: 1000606143 ns, Reaching safepoint: 130319 ns, At safepoint: 5565 ns, Total: 135884 ns
[2020-05-20T10:42:04.625+0000][1084][safepoint    ] Safepoint "Cleanup", Time since last: 1000448927 ns, Reaching safepoint: 137275 ns, At safepoint: 6029 ns, Total: 143304 ns
[2020-05-20T10:42:05.626+0000][1084][safepoint    ] Safepoint "Cleanup", Time since last: 1000799070 ns, Reaching safepoint: 122435 ns, At safepoint: 4637 ns, Total: 127072 ns
[2020-05-20T10:42:06.626+0000][1084][safepoint    ] Safepoint "Cleanup", Time since last: 1000090899 ns, Reaching safepoint: 134028 ns, At safepoint: 6029 ns, Total: 140057 ns
[2020-05-20T10:42:07.627+0000][1084][safepoint    ] Safepoint "Cleanup", Time since last: 1000232811 ns, Reaching safepoint: 115478 ns, At safepoint: 2783 ns, Total: 118261 ns
[2020-05-20T10:42:08.627+0000][1084][safepoint    ] Safepoint "Cleanup", Time since last: 1000032928 ns, Reaching safepoint: 127999 ns, At safepoint: 6957 ns, Total: 134956 ns
[2020-05-20T10:42:09.628+0000][1084][safepoint    ] Safepoint "Cleanup", Time since last: 1000753157 ns, Reaching safepoint: 249043 ns, At safepoint: 7421 ns, Total: 256464 ns
[2020-05-20T10:42:11.628+0000][1084][safepoint    ] Safepoint "Cleanup", Time since last: 2000505506 ns, Reaching safepoint: 227709 ns, At safepoint: 6957 ns, Total: 234666 ns
[2020-05-20T10:42:12.629+0000][1084][safepoint    ] Safepoint "Cleanup", Time since last: 1000735534 ns, Reaching safepoint: 150261 ns, At safepoint: 7884 ns, Total: 158145 ns
[2020-05-20T10:42:13.630+0000][1084][safepoint    ] Safepoint "Cleanup", Time since last: 1000301912 ns, Reaching safepoint: 179014 ns, At safepoint: 7884 ns, Total: 186898 ns
[2020-05-20T10:42:14.630+0000][1084][safepoint    ] Safepoint "Cleanup", Time since last: 1000032464 ns, Reaching safepoint: 145623 ns, At safepoint: 5101 ns, Total: 150724 ns
[2020-05-20T10:42:15.631+0000][1084][safepoint    ] Safepoint "Cleanup", Time since last: 1000702144 ns, Reaching safepoint: 124753 ns, At safepoint: 8348 ns, Total: 133101 ns
[2020-05-20T10:42:16.631+0000][1084][safepoint    ] Safepoint "Cleanup", Time since last: 1000365912 ns, Reaching safepoint: 118724 ns, At safepoint: 7884 ns, Total: 126608 ns
[2020-05-20T10:42:17.632+0000][1084][safepoint    ] Safepoint "Cleanup", Time since last: 1000420637 ns, Reaching safepoint: 144232 ns, At safepoint: 9275 ns, Total: 153507 ns
[2020-05-20T10:42:18.633+0000][1084][safepoint    ] Safepoint "Cleanup", Time since last: 1000609390 ns, Reaching safepoint: 158608 ns, At safepoint: 6957 ns, Total: 165565 ns
[2020-05-20T10:42:19.633+0000][1084][safepoint    ] Safepoint "Cleanup", Time since last: 1000607534 ns, Reaching safepoint: 132174 ns, At safepoint: 5565 ns, Total: 137739 ns
[2020-05-20T10:42:20.634+0000][1084][safepoint    ] Safepoint "Cleanup", Time since last: 1000748984 ns, Reaching safepoint: 139130 ns, At safepoint: 10203 ns, Total: 149333 ns
[2020-05-20T10:42:21.635+0000][1084][safepoint    ] Safepoint "Cleanup", Time since last: 1000436869 ns, Reaching safepoint: 86260 ns, At safepoint: 4174 ns, Total: 90434 ns
[2020-05-20T10:42:22.635+0000][1084][safepoint    ] Safepoint "Cleanup", Time since last: 1000379825 ns, Reaching safepoint: 129855 ns, At safepoint: 6029 ns, Total: 135884 ns
[2020-05-20T10:42:24.636+0000][1084][safepoint    ] Safepoint "Cleanup", Time since last: 2000711883 ns, Reaching safepoint: 128927 ns, At safepoint: 5565 ns, Total: 134492 ns
[2020-05-20T10:42:25.637+0000][1084][safepoint    ] Safepoint "Cleanup", Time since last: 1000819476 ns, Reaching safepoint: 123826 ns, At safepoint: 8348 ns, Total: 132174 ns
[2020-05-20T10:42:26.638+0000][1084][safepoint    ] Safepoint "Cleanup", Time since last: 1000172521 ns, Reaching safepoint: 144696 ns, At safepoint: 8811 ns, Total: 153507 ns
[2020-05-20T10:42:28.639+0000][1084][safepoint    ] Safepoint "Cleanup", Time since last: 2000930781 ns, Reaching safepoint: 152115 ns, At safepoint: 7420 ns, Total: 159535 ns
[2020-05-20T10:42:29.639+0000][1084][safepoint    ] Safepoint "Cleanup", Time since last: 1000115942 ns, Reaching safepoint: 125217 ns, At safepoint: 8348 ns, Total: 133565 ns
[2020-05-20T10:42:31.210+0000][1084][safepoint    ] Safepoint "Cleanup", Time since last: 1571455603 ns, Reaching safepoint: 213332 ns, At safepoint: 8812 ns, Total: 222144 ns
[2020-05-20T10:42:32.211+0000][1084][safepoint    ] Safepoint "Cleanup", Time since last: 1000505042 ns, Reaching safepoint: 268521 ns, At safepoint: 9740 ns, Total: 278261 ns
[2020-05-20T10:42:33.212+0000][1084][safepoint    ] Safepoint "Cleanup", Time since last: 1000069565 ns, Reaching safepoint: 207767 ns, At safepoint: 11594 ns, Total: 219361 ns
[2020-05-20T10:42:35.213+0000][1084][safepoint    ] Safepoint "Cleanup", Time since last: 2000872346 ns, Reaching safepoint: 103420 ns, At safepoint: 5565 ns, Total: 108985 ns
[2020-05-20T10:42:36.214+0000][1084][safepoint    ] Safepoint "Cleanup", Time since last: 1000824114 ns, Reaching safepoint: 131710 ns, At safepoint: 6957 ns, Total: 138667 ns
[2020-05-20T10:42:38.214+0000][1084][safepoint    ] Safepoint "Cleanup", Time since last: 2000265275 ns, Reaching safepoint: 106666 ns, At safepoint: 2783 ns, Total: 109449 ns
[2020-05-20T10:42:39.215+0000][1084][safepoint    ] Safepoint "Cleanup", Time since last: 1000569969 ns, Reaching safepoint: 109913 ns, At safepoint: 3246 ns, Total: 113159 ns
[2020-05-20T10:42:40.216+0000][1084][safepoint    ] Safepoint "Cleanup", Time since last: 1000814839 ns, Reaching safepoint: 140522 ns, At safepoint: 7884 ns, Total: 148406 ns
[2020-05-20T10:42:41.216+0000][1084][safepoint    ] Safepoint "Cleanup", Time since last: 1000710027 ns, Reaching safepoint: 123826 ns, At safepoint: 7420 ns, Total: 131246 ns
[2020-05-20T10:42:42.217+0000][1084][safepoint    ] Safepoint "Cleanup", Time since last: 1000714665 ns, Reaching safepoint: 90898 ns, At safepoint: 3710 ns, Total: 94608 ns
[2020-05-20T10:42:43.218+0000][1084][safepoint    ] Safepoint "Cleanup", Time since last: 1000633042 ns, Reaching safepoint: 143304 ns, At safepoint: 8348 ns, Total: 151652 ns
[2020-05-20T10:42:44.218+0000][1084][safepoint    ] Safepoint "Cleanup", Time since last: 1000233739 ns, Reaching safepoint: 81623 ns, At safepoint: 2782 ns, Total: 84405 ns
[2020-05-20T10:42:45.219+0000][1084][safepoint    ] Safepoint "Cleanup", Time since last: 1000321391 ns, Reaching safepoint: 117333 ns, At safepoint: 7420 ns, Total: 124753 ns
[2020-05-20T10:42:46.220+0000][1084][safepoint    ] Safepoint "Cleanup", Time since last: 1000789796 ns, Reaching safepoint: 139594 ns, At safepoint: 5565 ns, Total: 145159 ns
[2020-05-20T10:42:47.221+0000][1084][safepoint    ] Safepoint "Cleanup", Time since last: 1000835244 ns, Reaching safepoint: 125681 ns, At safepoint: 5565 ns, Total: 131246 ns
[2020-05-20T10:42:48.221+0000][1084][safepoint    ] Safepoint "Cleanup", Time since last: 1000447072 ns, Reaching safepoint: 124753 ns, At safepoint: 6493 ns, Total: 131246 ns
[2020-05-20T10:42:49.222+0000][1084][safepoint    ] Safepoint "Cleanup", Time since last: 1000258318 ns, Reaching safepoint: 164174 ns, At safepoint: 8811 ns, Total: 172985 ns
[2020-05-20T10:42:50.293+0000][1084][safepoint    ] Safepoint "Cleanup", Time since last: 1000521274 ns, Reaching safepoint: 71045864 ns, At safepoint: 32000 ns, Total: 71077864 ns
[2020-05-20T10:42:52.294+0000][1084][safepoint    ] Safepoint "Cleanup", Time since last: 2000760115 ns, Reaching safepoint: 141912 ns, At safepoint: 5102 ns, Total: 147014 ns
[2020-05-20T10:42:53.295+0000][1084][safepoint    ] Safepoint "Cleanup", Time since last: 1000492057 ns, Reaching safepoint: 213332 ns, At safepoint: 10667 ns, Total: 223999 ns
[2020-05-20T10:42:54.296+0000][1084][safepoint    ] Safepoint "Cleanup", Time since last: 1000724404 ns, Reaching safepoint: 203594 ns, At safepoint: 12985 ns, Total: 216579 ns
[2020-05-20T10:42:55.296+0000][1084][safepoint    ] Safepoint "Cleanup", Time since last: 1000110841 ns, Reaching safepoint: 249506 ns, At safepoint: 10667 ns, Total: 260173 ns
[2020-05-20T10:42:57.296+0000][1084][safepoint    ] Safepoint "Cleanup", Time since last: 2000025043 ns, Reaching safepoint: 136812 ns, At safepoint: 6492 ns, Total: 143304 ns
[2020-05-20T10:42:58.297+0000][1084][safepoint    ] Safepoint "Cleanup", Time since last: 1000217507 ns, Reaching safepoint: 85333 ns, At safepoint: 3247 ns, Total: 88580 ns
[2020-05-20T10:42:59.297+0000][1084][safepoint    ] Safepoint "Cleanup", Time since last: 1000580172 ns, Reaching safepoint: 83478 ns, At safepoint: 2783 ns, Total: 86261 ns
[2020-05-20T10:43:00.298+0000][1084][safepoint    ] Safepoint "Cleanup", Time since last: 1000415999 ns, Reaching safepoint: 88579 ns, At safepoint: 3247 ns, Total: 91826 ns
[2020-05-20T10:43:01.299+0000][1084][safepoint    ] Safepoint "Cleanup", Time since last: 1000474434 ns, Reaching safepoint: 117796 ns, At safepoint: 6029 ns, Total: 123825 ns
[2020-05-20T10:43:02.299+0000][1084][safepoint    ] Safepoint "Cleanup", Time since last: 1000547245 ns, Reaching safepoint: 134493 ns, At safepoint: 2782 ns, Total: 137275 ns
[2020-05-20T10:43:03.300+0000][1084][safepoint    ] Safepoint "Cleanup", Time since last: 1000218899 ns, Reaching safepoint: 134492 ns, At safepoint: 5101 ns, Total: 139593 ns
[2020-05-20T10:43:04.300+0000][1084][safepoint    ] Safepoint "Cleanup", Time since last: 1000009740 ns, Reaching safepoint: 98782 ns, At safepoint: 3246 ns, Total: 102028 ns
[2020-05-20T10:43:06.300+0000][1084][safepoint    ] Safepoint "Cleanup", Time since last: 2000631651 ns, Reaching safepoint: 93217 ns, At safepoint: 4638 ns, Total: 97855 ns
[2020-05-20T10:43:07.301+0000][1084][safepoint    ] Safepoint "Cleanup", Time since last: 1000377042 ns, Reaching safepoint: 116406 ns, At safepoint: 5565 ns, Total: 121971 ns
[2020-05-20T10:43:08.301+0000][1084][safepoint    ] Safepoint "Cleanup", Time since last: 1000415072 ns, Reaching safepoint: 83478 ns, At safepoint: 4174 ns, Total: 87652 ns
[2020-05-20T10:43:09.302+0000][1084][safepoint    ] Safepoint "Cleanup", Time since last: 1000843128 ns, Reaching safepoint: 74203 ns, At safepoint: 2782 ns, Total: 76985 ns
[2020-05-20T10:43:10.303+0000][1084][safepoint    ] Safepoint "Cleanup", Time since last: 1000140986 ns, Reaching safepoint: 130782 ns, At safepoint: 6956 ns, Total: 137738 ns
[2020-05-20T10:43:11.471+0000][1084][safepoint    ] Safepoint "Cleanup", Time since last: 1168634972 ns, Reaching safepoint: 163246 ns, At safepoint: 5565 ns, Total: 168811 ns
[2020-05-20T10:43:12.472+0000][1084][safepoint    ] Safepoint "Cleanup", Time since last: 1000584810 ns, Reaching safepoint: 154898 ns, At safepoint: 8812 ns, Total: 163710 ns
[2020-05-20T10:43:13.473+0000][1084][safepoint    ] Safepoint "Cleanup", Time since last: 1000769389 ns, Reaching safepoint: 109449 ns, At safepoint: 5102 ns, Total: 114551 ns
[2020-05-20T10:43:14.474+0000][1084][safepoint    ] Safepoint "Cleanup", Time since last: 1000684056 ns, Reaching safepoint: 140985 ns, At safepoint: 8812 ns, Total: 149797 ns
[2020-05-20T10:43:15.474+0000][1084][safepoint    ] Safepoint "Cleanup", Time since last: 1000128000 ns, Reaching safepoint: 107130 ns, At safepoint: 4638 ns, Total: 111768 ns
[2020-05-20T10:43:17.474+0000][1084][safepoint    ] Safepoint "Cleanup", Time since last: 1999981449 ns, Reaching safepoint: 151188 ns, At safepoint: 8812 ns, Total: 160000 ns
[2020-05-20T10:43:18.475+0000][1084][safepoint    ] Safepoint "Cleanup", Time since last: 1000345970 ns, Reaching safepoint: 100637 ns, At safepoint: 2783 ns, Total: 103420 ns
[2020-05-20T10:43:19.475+0000][1084][safepoint    ] Safepoint "Cleanup", Time since last: 1000378897 ns, Reaching safepoint: 169275 ns, At safepoint: 7421 ns, Total: 176696 ns
[2020-05-20T10:43:20.476+0000][1084][safepoint    ] Safepoint "Cleanup", Time since last: 1000198956 ns, Reaching safepoint: 90434 ns, At safepoint: 5566 ns, Total: 96000 ns
[2020-05-20T10:43:22.477+0000][1084][safepoint    ] Safepoint "Cleanup", Time since last: 2000823186 ns, Reaching safepoint: 130319 ns, At safepoint: 5565 ns, Total: 135884 ns
[2020-05-20T10:43:23.477+0000][1084][safepoint    ] Safepoint "Cleanup", Time since last: 1000538897 ns, Reaching safepoint: 124290 ns, At safepoint: 6029 ns, Total: 130319 ns
[2020-05-20T10:43:25.478+0000][1084][safepoint    ] Safepoint "Cleanup", Time since last: 2000902027 ns, Reaching safepoint: 97391 ns, At safepoint: 3246 ns, Total: 100637 ns
[2020-05-20T10:43:26.479+0000][1084][safepoint    ] Safepoint "Cleanup", Time since last: 1000883476 ns, Reaching safepoint: 124754 ns, At safepoint: 6956 ns, Total: 131710 ns
[2020-05-20T10:43:27.479+0000][1084][safepoint    ] Safepoint "Cleanup", Time since last: 1000104348 ns, Reaching safepoint: 132637 ns, At safepoint: 6493 ns, Total: 139130 ns
[2020-05-20T10:43:28.480+0000][1084][safepoint    ] Safepoint "Cleanup", Time since last: 1000234202 ns, Reaching safepoint: 107594 ns, At safepoint: 5101 ns, Total: 112695 ns
[2020-05-20T10:43:29.481+0000][1084][safepoint    ] Safepoint "Cleanup", Time since last: 1000768926 ns, Reaching safepoint: 136811 ns, At safepoint: 4638 ns, Total: 141449 ns
[2020-05-20T10:43:30.481+0000][1084][safepoint    ] Safepoint "Cleanup", Time since last: 1000226782 ns, Reaching safepoint: 160464 ns, At safepoint: 8347 ns, Total: 168811 ns
[2020-05-20T10:43:31.481+0000][1084][safepoint    ] Safepoint "Cleanup", Time since last: 1000179478 ns, Reaching safepoint: 134029 ns, At safepoint: 6029 ns, Total: 140058 ns
[2020-05-20T10:43:32.482+0000][1084][safepoint    ] Safepoint "Cleanup", Time since last: 1000795824 ns, Reaching safepoint: 228174 ns, At safepoint: 6956 ns, Total: 235130 ns
[2020-05-20T10:43:33.483+0000][1084][safepoint    ] Safepoint "Cleanup", Time since last: 1000586665 ns, Reaching safepoint: 133102 ns, At safepoint: 8347 ns, Total: 141449 ns
[2020-05-20T10:43:35.484+0000][1084][safepoint    ] Safepoint "Cleanup", Time since last: 2000546782 ns, Reaching safepoint: 122898 ns, At safepoint: 6956 ns, Total: 129854 ns
[2020-05-20T10:43:36.485+0000][1084][safepoint    ] Safepoint "Cleanup", Time since last: 1000902027 ns, Reaching safepoint: 120580 ns, At safepoint: 5101 ns, Total: 125681 ns
[2020-05-20T10:43:37.485+0000][1084][safepoint    ] Safepoint "Cleanup", Time since last: 1000150261 ns, Reaching safepoint: 136347 ns, At safepoint: 5102 ns, Total: 141449 ns
[2020-05-20T10:43:38.486+0000][1084][safepoint    ] Safepoint "Cleanup", Time since last: 1000377506 ns, Reaching safepoint: 99710 ns, At safepoint: 5565 ns, Total: 105275 ns
[2020-05-20T10:43:39.487+0000][1084][safepoint    ] Safepoint "Cleanup", Time since last: 1000778665 ns, Reaching safepoint: 205913 ns, At safepoint: 9275 ns, Total: 215188 ns
[2020-05-20T10:43:40.487+0000][1084][safepoint    ] Safepoint "Cleanup", Time since last: 1000023188 ns, Reaching safepoint: 143304 ns, At safepoint: 6493 ns, Total: 149797 ns
[2020-05-20T10:43:41.488+0000][1084][safepoint    ] Safepoint "Cleanup", Time since last: 1000649274 ns, Reaching safepoint: 132637 ns, At safepoint: 5102 ns, Total: 137739 ns
[2020-05-20T10:43:42.489+0000][1084][safepoint    ] Safepoint "Cleanup", Time since last: 1000858896 ns, Reaching safepoint: 124754 ns, At safepoint: 5101 ns, Total: 129855 ns
[2020-05-20T10:43:43.489+0000][1084][safepoint    ] Safepoint "Cleanup", Time since last: 1000159536 ns, Reaching safepoint: 200347 ns, At safepoint: 10203 ns, Total: 210550 ns
[2020-05-20T10:43:45.490+0000][1084][safepoint    ] Safepoint "Cleanup", Time since last: 2000917331 ns, Reaching safepoint: 277797 ns, At safepoint: 11594 ns, Total: 289391 ns
[2020-05-20T10:43:46.491+0000][1084][safepoint    ] Safepoint "Cleanup", Time since last: 1000466086 ns, Reaching safepoint: 132637 ns, At safepoint: 5102 ns, Total: 137739 ns
[2020-05-20T10:43:47.491+0000][1084][safepoint    ] Safepoint "Cleanup", Time since last: 1000373332 ns, Reaching safepoint: 134029 ns, At safepoint: 5565 ns, Total: 139594 ns
[2020-05-20T10:43:48.492+0000][1084][safepoint    ] Safepoint "Cleanup", Time since last: 1000313970 ns, Reaching safepoint: 123362 ns, At safepoint: 6029 ns, Total: 129391 ns
[2020-05-20T10:43:50.493+0000][1084][safepoint    ] Safepoint "Cleanup", Time since last: 2000791187 ns, Reaching safepoint: 132637 ns, At safepoint: 6957 ns, Total: 139594 ns
[2020-05-20T10:43:51.493+0000][1084][safepoint    ] Safepoint "Cleanup", Time since last: 1000386318 ns, Reaching safepoint: 120579 ns, At safepoint: 4638 ns, Total: 125217 ns
[2020-05-20T10:43:52.494+0000][1084][safepoint    ] Safepoint "Cleanup", Time since last: 1000773563 ns, Reaching safepoint: 139594 ns, At safepoint: 8348 ns, Total: 147942 ns
[2020-05-20T10:43:53.495+0000][1084][safepoint    ] Safepoint "Cleanup", Time since last: 1000799998 ns, Reaching safepoint: 141449 ns, At safepoint: 7884 ns, Total: 149333 ns
[2020-05-20T10:43:54.496+0000][1084][safepoint    ] Safepoint "Cleanup", Time since last: 1000572752 ns, Reaching safepoint: 143768 ns, At safepoint: 5565 ns, Total: 149333 ns
[2020-05-20T10:43:55.496+0000][1084][safepoint    ] Safepoint "Cleanup", Time since last: 1000581564 ns, Reaching safepoint: 128927 ns, At safepoint: 6029 ns, Total: 134956 ns
[2020-05-20T10:43:56.497+0000][1084][safepoint    ] Safepoint "Cleanup", Time since last: 1000096000 ns, Reaching safepoint: 139594 ns, At safepoint: 7884 ns, Total: 147478 ns
[2020-05-20T10:43:57.497+0000][1084][safepoint    ] Safepoint "Cleanup", Time since last: 1000620520 ns, Reaching safepoint: 151652 ns, At safepoint: 5102 ns, Total: 156754 ns
[2020-05-20T10:43:58.498+0000][1084][safepoint    ] Safepoint "Cleanup", Time since last: 1000596868 ns, Reaching safepoint: 125681 ns, At safepoint: 7884 ns, Total: 133565 ns
[2020-05-20T10:43:59.499+0000][1084][safepoint    ] Safepoint "Cleanup", Time since last: 1000376115 ns, Reaching safepoint: 207767 ns, At safepoint: 9740 ns, Total: 217507 ns
[2020-05-20T10:44:00.499+0000][1084][safepoint    ] Safepoint "Cleanup", Time since last: 1000250434 ns, Reaching safepoint: 154434 ns, At safepoint: 6493 ns, Total: 160927 ns
[2020-05-20T10:44:01.500+0000][1084][safepoint    ] Safepoint "Cleanup", Time since last: 1000193855 ns, Reaching safepoint: 137738 ns, At safepoint: 7884 ns, Total: 145622 ns
[2020-05-20T10:44:02.500+0000][1084][safepoint    ] Safepoint "Cleanup", Time since last: 1000716984 ns, Reaching safepoint: 130783 ns, At safepoint: 6956 ns, Total: 137739 ns
[2020-05-20T10:44:03.501+0000][1084][safepoint    ] Safepoint "Cleanup", Time since last: 1000511535 ns, Reaching safepoint: 170203 ns, At safepoint: 8811 ns, Total: 179014 ns
[2020-05-20T10:44:04.502+0000][1084][safepoint    ] Safepoint "Cleanup", Time since last: 1000567187 ns, Reaching safepoint: 134493 ns, At safepoint: 7884 ns, Total: 142377 ns
[2020-05-20T10:44:05.502+0000][1084][safepoint    ] Safepoint "Cleanup", Time since last: 1000366376 ns, Reaching safepoint: 151652 ns, At safepoint: 5565 ns, Total: 157217 ns
[2020-05-20T10:44:06.503+0000][1084][safepoint    ] Safepoint "Cleanup", Time since last: 1000709563 ns, Reaching safepoint: 136812 ns, At safepoint: 5101 ns, Total: 141913 ns
[2020-05-20T10:44:07.517+0000][1084][safepoint    ] Safepoint "Cleanup", Time since last: 1000550028 ns, Reaching safepoint: 13165882 ns, At safepoint: 17623 ns, Total: 13183505 ns
[2020-05-20T10:44:08.517+0000][1084][safepoint    ] Safepoint "Cleanup", Time since last: 1000157217 ns, Reaching safepoint: 126145 ns, At safepoint: 5101 ns, Total: 131246 ns
[2020-05-20T10:44:09.518+0000][1084][safepoint    ] Safepoint "Cleanup", Time since last: 1000729042 ns, Reaching safepoint: 98319 ns, At safepoint: 5101 ns, Total: 103420 ns
[2020-05-20T10:44:10.535+0000][1084][safepoint    ] Safepoint "Cleanup", Time since last: 1000712810 ns, Reaching safepoint: 16258745 ns, At safepoint: 48232 ns, Total: 16306977 ns
[2020-05-20T10:44:11.535+0000][1084][safepoint    ] Safepoint "Cleanup", Time since last: 1000136347 ns, Reaching safepoint: 119652 ns, At safepoint: 4638 ns, Total: 124290 ns
[2020-05-20T10:44:12.536+0000][1084][safepoint    ] Safepoint "Cleanup", Time since last: 1000608926 ns, Reaching safepoint: 133565 ns, At safepoint: 5101 ns, Total: 138666 ns
[2020-05-20T10:44:13.545+0000][1084][safepoint    ] Safepoint "Cleanup", Time since last: 1000743883 ns, Reaching safepoint: 8620502 ns, At safepoint: 56115 ns, Total: 8676617 ns
[2020-05-20T10:44:14.546+0000][1084][safepoint    ] Safepoint "Cleanup", Time since last: 1000206840 ns, Reaching safepoint: 353391 ns, At safepoint: 7420 ns, Total: 360811 ns
[2020-05-20T10:44:15.547+0000][1084][safepoint    ] Safepoint "Cleanup", Time since last: 1000471651 ns, Reaching safepoint: 168348 ns, At safepoint: 8348 ns, Total: 176696 ns
[2020-05-20T10:44:16.547+0000][1084][safepoint    ] Safepoint "Cleanup", Time since last: 1000131709 ns, Reaching safepoint: 178087 ns, At safepoint: 6956 ns, Total: 185043 ns
[2020-05-20T10:44:17.547+0000][1084][safepoint    ] Safepoint "Cleanup", Time since last: 1000289391 ns, Reaching safepoint: 183652 ns, At safepoint: 7420 ns, Total: 191072 ns
[2020-05-20T10:44:18.548+0000][1084][safepoint    ] Safepoint "Cleanup", Time since last: 1000503651 ns, Reaching safepoint: 161855 ns, At safepoint: 9739 ns, Total: 171594 ns
[2020-05-20T10:44:19.548+0000][1084][safepoint    ] Safepoint "Cleanup", Time since last: 1000017623 ns, Reaching safepoint: 132174 ns, At safepoint: 6956 ns, Total: 139130 ns
[2020-05-20T10:44:20.549+0000][1084][safepoint    ] Safepoint "Cleanup", Time since last: 1000037565 ns, Reaching safepoint: 119652 ns, At safepoint: 5565 ns, Total: 125217 ns
[2020-05-20T10:44:21.549+0000][1084][safepoint    ] Safepoint "Cleanup", Time since last: 1000457738 ns, Reaching safepoint: 146551 ns, At safepoint: 7884 ns, Total: 154435 ns
[2020-05-20T10:44:22.550+0000][1084][safepoint    ] Safepoint "Cleanup", Time since last: 1000678027 ns, Reaching safepoint: 135884 ns, At safepoint: 6493 ns, Total: 142377 ns
[2020-05-20T10:44:24.551+0000][1084][safepoint    ] Safepoint "Cleanup", Time since last: 2000855650 ns, Reaching safepoint: 248115 ns, At safepoint: 36174 ns, Total: 284289 ns
[2020-05-20T10:44:25.551+0000][1084][safepoint    ] Safepoint "Cleanup", Time since last: 1000088580 ns, Reaching safepoint: 230028 ns, At safepoint: 10203 ns, Total: 240231 ns
[2020-05-20T10:44:26.552+0000][1084][safepoint    ] Safepoint "Cleanup", Time since last: 1000279652 ns, Reaching safepoint: 153506 ns, At safepoint: 9276 ns, Total: 162782 ns
[2020-05-20T10:44:27.552+0000][1084][safepoint    ] Safepoint "Cleanup", Time since last: 1000226782 ns, Reaching safepoint: 138666 ns, At safepoint: 7884 ns, Total: 146550 ns
[2020-05-20T10:44:28.553+0000][1084][safepoint    ] Safepoint "Cleanup", Time since last: 1000159536 ns, Reaching safepoint: 233275 ns, At safepoint: 7420 ns, Total: 240695 ns
[2020-05-20T10:44:30.553+0000][1084][safepoint    ] Safepoint "Cleanup", Time since last: 2000682202 ns, Reaching safepoint: 91825 ns, At safepoint: 4174 ns, Total: 95999 ns
[2020-05-20T10:44:31.554+0000][1084][safepoint    ] Safepoint "Cleanup", Time since last: 1000556521 ns, Reaching safepoint: 102028 ns, At safepoint: 3247 ns, Total: 105275 ns
[2020-05-20T10:44:32.555+0000][1084][safepoint    ] Safepoint "Cleanup", Time since last: 1000583419 ns, Reaching safepoint: 140057 ns, At safepoint: 5102 ns, Total: 145159 ns
[2020-05-20T10:44:33.556+0000][1084][safepoint    ] Safepoint "Cleanup", Time since last: 1000769389 ns, Reaching safepoint: 114087 ns, At safepoint: 6029 ns, Total: 120116 ns
[2020-05-20T10:44:34.557+0000][1084][safepoint    ] Safepoint "Cleanup", Time since last: 1000740636 ns, Reaching safepoint: 126608 ns, At safepoint: 5566 ns, Total: 132174 ns
[2020-05-20T10:44:35.557+0000][1084][safepoint    ] Safepoint "Cleanup", Time since last: 1000136347 ns, Reaching safepoint: 107594 ns, At safepoint: 5102 ns, Total: 112696 ns
[2020-05-20T10:44:37.558+0000][1084][safepoint    ] Safepoint "Cleanup", Time since last: 2000617737 ns, Reaching safepoint: 140058 ns, At safepoint: 6956 ns, Total: 147014 ns
[2020-05-20T10:44:38.559+0000][1084][safepoint    ] Safepoint "Cleanup", Time since last: 1000857506 ns, Reaching safepoint: 138666 ns, At safepoint: 5565 ns, Total: 144231 ns
[2020-05-20T10:44:39.559+0000][1084][safepoint    ] Safepoint "Cleanup", Time since last: 1000748056 ns, Reaching safepoint: 127073 ns, At safepoint: 7884 ns, Total: 134957 ns
[2020-05-20T10:44:40.560+0000][1084][safepoint    ] Safepoint "Cleanup", Time since last: 1000094608 ns, Reaching safepoint: 126609 ns, At safepoint: 7420 ns, Total: 134029 ns
[2020-05-20T10:44:41.561+0000][1084][safepoint    ] Safepoint "Cleanup", Time since last: 1000746201 ns, Reaching safepoint: 122434 ns, At safepoint: 5102 ns, Total: 127536 ns
[2020-05-20T10:44:42.561+0000][1084][safepoint    ] Safepoint "Cleanup", Time since last: 1000329274 ns, Reaching safepoint: 115015 ns, At safepoint: 5565 ns, Total: 120580 ns
[2020-05-20T10:44:43.561+0000][1084][safepoint    ] Safepoint "Cleanup", Time since last: 1000090434 ns, Reaching safepoint: 149797 ns, At safepoint: 8348 ns, Total: 158145 ns
[2020-05-20T10:44:44.562+0000][1084][safepoint    ] Safepoint "Cleanup", Time since last: 1000506897 ns, Reaching safepoint: 160464 ns, At safepoint: 5101 ns, Total: 165565 ns
[2020-05-20T10:44:45.563+0000][1084][safepoint    ] Safepoint "Cleanup", Time since last: 1000688694 ns, Reaching safepoint: 137275 ns, At safepoint: 5566 ns, Total: 142841 ns
[2020-05-20T10:44:46.563+0000][1084][safepoint    ] Safepoint "Cleanup", Time since last: 1000073275 ns, Reaching safepoint: 123826 ns, At safepoint: 6956 ns, Total: 130782 ns
[2020-05-20T10:44:47.564+0000][1084][safepoint    ] Safepoint "Cleanup", Time since last: 1000709100 ns, Reaching safepoint: 161855 ns, At safepoint: 9739 ns, Total: 171594 ns
[2020-05-20T10:44:49.565+0000][1084][safepoint    ] Safepoint "Cleanup", Time since last: 2000855186 ns, Reaching safepoint: 110840 ns, At safepoint: 4638 ns, Total: 115478 ns
[2020-05-20T10:44:50.565+0000][1084][safepoint    ] Safepoint "Cleanup", Time since last: 1000014841 ns, Reaching safepoint: 194782 ns, At safepoint: 8811 ns, Total: 203593 ns
[2020-05-20T10:44:51.565+0000][1084][safepoint    ] Safepoint "Cleanup", Time since last: 1000164638 ns, Reaching safepoint: 126144 ns, At safepoint: 5102 ns, Total: 131246 ns
[2020-05-20T10:44:53.565+0000][1084][safepoint    ] Safepoint "Cleanup", Time since last: 1999921159 ns, Reaching safepoint: 184580 ns, At safepoint: 31536 ns, Total: 216116 ns
[2020-05-20T10:44:54.566+0000][1084][safepoint    ] Safepoint "Cleanup", Time since last: 1000493448 ns, Reaching safepoint: 124289 ns, At safepoint: 17160 ns, Total: 141449 ns
[2020-05-20T10:44:55.567+0000][1084][safepoint    ] Safepoint "Cleanup", Time since last: 1000282898 ns, Reaching safepoint: 109913 ns, At safepoint: 5565 ns, Total: 115478 ns
[2020-05-20T10:44:56.567+0000][1084][safepoint    ] Safepoint "Cleanup", Time since last: 1000007420 ns, Reaching safepoint: 115478 ns, At safepoint: 5101 ns, Total: 120579 ns
[2020-05-20T10:44:57.567+0000][1084][safepoint    ] Safepoint "Cleanup", Time since last: 1000158609 ns, Reaching safepoint: 121507 ns, At safepoint: 5565 ns, Total: 127072 ns
[2020-05-20T10:44:58.567+0000][1084][safepoint    ] Safepoint "Cleanup", Time since last: 1000286144 ns, Reaching safepoint: 127072 ns, At safepoint: 16232 ns, Total: 143304 ns
[2020-05-20T10:44:59.568+0000][1084][safepoint    ] Safepoint "Cleanup", Time since last: 1000771709 ns, Reaching safepoint: 153506 ns, At safepoint: 8348 ns, Total: 161854 ns
[2020-05-20T10:45:00.568+0000][1084][safepoint    ] Safepoint "Cleanup", Time since last: 1000152580 ns, Reaching safepoint: 147941 ns, At safepoint: 7421 ns, Total: 155362 ns
[2020-05-20T10:45:01.569+0000][1084][safepoint    ] Safepoint "Cleanup", Time since last: 1000547708 ns, Reaching safepoint: 141449 ns, At safepoint: 8812 ns, Total: 150261 ns
[2020-05-20T10:45:02.570+0000][1084][safepoint    ] Safepoint "Cleanup", Time since last: 1000359419 ns, Reaching safepoint: 127536 ns, At safepoint: 4174 ns, Total: 131710 ns
[2020-05-20T10:45:04.571+0000][1084][safepoint    ] Safepoint "Cleanup", Time since last: 2000728115 ns, Reaching safepoint: 161390 ns, At safepoint: 7885 ns, Total: 169275 ns
[2020-05-20T10:45:05.571+0000][1084][safepoint    ] Safepoint "Cleanup", Time since last: 1000567650 ns, Reaching safepoint: 150261 ns, At safepoint: 7884 ns, Total: 158145 ns
[2020-05-20T10:45:06.572+0000][1084][safepoint    ] Safepoint "Cleanup", Time since last: 1000065391 ns, Reaching safepoint: 151652 ns, At safepoint: 7884 ns, Total: 159536 ns
[2020-05-20T10:45:07.572+0000][1084][safepoint    ] Safepoint "Cleanup", Time since last: 1000749911 ns, Reaching safepoint: 96000 ns, At safepoint: 3246 ns, Total: 99246 ns
[2020-05-20T10:45:09.573+0000][1084][safepoint    ] Safepoint "Cleanup", Time since last: 2000721158 ns, Reaching safepoint: 138203 ns, At safepoint: 8811 ns, Total: 147014 ns
[2020-05-20T10:45:10.574+0000][1084][safepoint    ] Safepoint "Cleanup", Time since last: 1000521274 ns, Reaching safepoint: 139594 ns, At safepoint: 6957 ns, Total: 146551 ns
[2020-05-20T10:45:11.575+0000][1084][safepoint    ] Safepoint "Cleanup", Time since last: 1000803708 ns, Reaching safepoint: 108058 ns, At safepoint: 4637 ns, Total: 112695 ns
[2020-05-20T10:45:12.576+0000][1084][safepoint    ] Safepoint "Cleanup", Time since last: 1000696579 ns, Reaching safepoint: 124289 ns, At safepoint: 6957 ns, Total: 131246 ns
[2020-05-20T10:45:13.577+0000][1084][safepoint    ] Safepoint "Cleanup", Time since last: 1000625158 ns, Reaching safepoint: 125217 ns, At safepoint: 7884 ns, Total: 133101 ns
[2020-05-20T10:45:14.577+0000][1084][safepoint    ] Safepoint "Cleanup", Time since last: 1000627013 ns, Reaching safepoint: 121971 ns, At safepoint: 6029 ns, Total: 128000 ns
[2020-05-20T10:45:16.578+0000][1084][safepoint    ] Safepoint "Cleanup", Time since last: 2000190608 ns, Reaching safepoint: 89043 ns, At safepoint: 4638 ns, Total: 93681 ns
[2020-05-20T10:45:17.578+0000][1084][safepoint    ] Safepoint "Cleanup", Time since last: 1000052869 ns, Reaching safepoint: 102029 ns, At safepoint: 3246 ns, Total: 105275 ns
[2020-05-20T10:45:18.578+0000][1084][safepoint    ] Safepoint "Cleanup", Time since last: 1000222608 ns, Reaching safepoint: 141913 ns, At safepoint: 9739 ns, Total: 151652 ns
[2020-05-20T10:45:19.578+0000][1084][safepoint    ] Safepoint "Cleanup", Time since last: 1000247652 ns, Reaching safepoint: 124753 ns, At safepoint: 6957 ns, Total: 131710 ns
[2020-05-20T10:45:20.579+0000][1084][safepoint    ] Safepoint "Cleanup", Time since last: 1000812520 ns, Reaching safepoint: 127999 ns, At safepoint: 7421 ns, Total: 135420 ns
[2020-05-20T10:45:22.580+0000][1084][safepoint    ] Safepoint "Cleanup", Time since last: 2000007420 ns, Reaching safepoint: 121971 ns, At safepoint: 6492 ns, Total: 128463 ns
[2020-05-20T10:45:23.580+0000][1084][safepoint    ] Safepoint "Cleanup", Time since last: 1000024580 ns, Reaching safepoint: 131246 ns, At safepoint: 7884 ns, Total: 139130 ns
[2020-05-20T10:45:24.580+0000][1084][safepoint    ] Safepoint "Cleanup", Time since last: 1000503187 ns, Reaching safepoint: 128464 ns, At safepoint: 6956 ns, Total: 135420 ns
[2020-05-20T10:45:25.581+0000][1084][safepoint    ] Safepoint "Cleanup", Time since last: 1000666897 ns, Reaching safepoint: 127536 ns, At safepoint: 7884 ns, Total: 135420 ns
[2020-05-20T10:45:26.581+0000][1084][safepoint    ] Safepoint "Cleanup", Time since last: 1000011594 ns, Reaching safepoint: 214261 ns, At safepoint: 8348 ns, Total: 222609 ns
[2020-05-20T10:45:28.582+0000][1084][safepoint    ] Safepoint "Cleanup", Time since last: 2000618201 ns, Reaching safepoint: 213797 ns, At safepoint: 6956 ns, Total: 220753 ns
[2020-05-20T10:45:29.582+0000][1084][safepoint    ] Safepoint "Cleanup", Time since last: 1000067246 ns, Reaching safepoint: 147015 ns, At safepoint: 5101 ns, Total: 152116 ns
[2020-05-20T10:45:30.583+0000][1084][safepoint    ] Safepoint "Cleanup", Time since last: 1000285217 ns, Reaching safepoint: 97855 ns, At safepoint: 2782 ns, Total: 100637 ns
[2020-05-20T10:45:32.583+0000][1084][safepoint    ] Safepoint "Cleanup", Time since last: 1999956406 ns, Reaching safepoint: 108058 ns, At safepoint: 6029 ns, Total: 114087 ns
[2020-05-20T10:45:33.583+0000][1084][safepoint    ] Safepoint "Cleanup", Time since last: 1000179014 ns, Reaching safepoint: 104347 ns, At safepoint: 4638 ns, Total: 108985 ns
[2020-05-20T10:45:34.584+0000][1084][safepoint    ] Safepoint "Cleanup", Time since last: 1000314898 ns, Reaching safepoint: 133565 ns, At safepoint: 5101 ns, Total: 138666 ns
[2020-05-20T10:45:35.584+0000][1084][safepoint    ] Safepoint "Cleanup", Time since last: 1000542144 ns, Reaching safepoint: 86261 ns, At safepoint: 5101 ns, Total: 91362 ns
[2020-05-20T10:45:36.585+0000][1084][safepoint    ] Safepoint "Cleanup", Time since last: 1000665970 ns, Reaching safepoint: 85796 ns, At safepoint: 2783 ns, Total: 88579 ns
[2020-05-20T10:45:37.586+0000][1084][safepoint    ] Safepoint "Cleanup", Time since last: 1000846839 ns, Reaching safepoint: 134028 ns, At safepoint: 6957 ns, Total: 140985 ns
[2020-05-20T10:45:38.586+0000][1084][safepoint    ] Safepoint "Cleanup", Time since last: 1000332521 ns, Reaching safepoint: 278260 ns, At safepoint: 12522 ns, Total: 290782 ns
[2020-05-20T10:45:39.587+0000][1084][safepoint    ] Safepoint "Cleanup", Time since last: 1000166956 ns, Reaching safepoint: 110376 ns, At safepoint: 5102 ns, Total: 115478 ns
[2020-05-20T10:45:40.588+0000][1084][safepoint    ] Safepoint "Cleanup", Time since last: 1000534259 ns, Reaching safepoint: 146087 ns, At safepoint: 5102 ns, Total: 151189 ns
[2020-05-20T10:45:41.589+0000][1084][safepoint    ] Safepoint "Cleanup", Time since last: 1000731824 ns, Reaching safepoint: 119188 ns, At safepoint: 15304 ns, Total: 134492 ns
[2020-05-20T10:45:42.589+0000][1084][safepoint    ] Safepoint "Cleanup", Time since last: 1000311188 ns, Reaching safepoint: 119652 ns, At safepoint: 5101 ns, Total: 124753 ns
[2020-05-20T10:45:43.590+0000][1084][safepoint    ] Safepoint "Cleanup", Time since last: 1000568115 ns, Reaching safepoint: 100637 ns, At safepoint: 5102 ns, Total: 105739 ns
[2020-05-20T10:45:44.590+0000][1084][safepoint    ] Safepoint "Cleanup", Time since last: 1000499941 ns, Reaching safepoint: 134492 ns, At safepoint: 5102 ns, Total: 139594 ns
[2020-05-20T10:45:45.591+0000][1084][safepoint    ] Safepoint "Cleanup", Time since last: 1000404404 ns, Reaching safepoint: 141913 ns, At safepoint: 8812 ns, Total: 150725 ns
[2020-05-20T10:45:46.592+0000][1084][safepoint    ] Safepoint "Cleanup", Time since last: 1000627013 ns, Reaching safepoint: 145159 ns, At safepoint: 7884 ns, Total: 153043 ns
[2020-05-20T10:45:47.592+0000][1084][safepoint    ] Safepoint "Cleanup", Time since last: 1000217043 ns, Reaching safepoint: 151652 ns, At safepoint: 8811 ns, Total: 160463 ns
[2020-05-20T10:45:48.592+0000][1084][safepoint    ] Safepoint "Cleanup", Time since last: 1000244869 ns, Reaching safepoint: 132174 ns, At safepoint: 5101 ns, Total: 137275 ns
[2020-05-20T10:45:49.593+0000][1084][safepoint    ] Safepoint "Cleanup", Time since last: 1000312579 ns, Reaching safepoint: 205913 ns, At safepoint: 5565 ns, Total: 211478 ns
[2020-05-20T10:45:50.593+0000][1084][safepoint    ] Safepoint "Cleanup", Time since last: 1000386782 ns, Reaching safepoint: 106202 ns, At safepoint: 5102 ns, Total: 111304 ns
[2020-05-20T10:45:51.594+0000][1084][safepoint    ] Safepoint "Cleanup", Time since last: 1000823186 ns, Reaching safepoint: 130783 ns, At safepoint: 6956 ns, Total: 137739 ns
[2020-05-20T10:45:52.595+0000][1084][safepoint    ] Safepoint "Cleanup", Time since last: 1000277797 ns, Reaching safepoint: 148405 ns, At safepoint: 7420 ns, Total: 155825 ns
[2020-05-20T10:45:53.595+0000][1084][safepoint    ] Safepoint "Cleanup", Time since last: 1000022725 ns, Reaching safepoint: 87652 ns, At safepoint: 2783 ns, Total: 90435 ns
[2020-05-20T10:45:54.596+0000][1084][safepoint    ] Safepoint "Cleanup", Time since last: 1000755940 ns, Reaching safepoint: 95536 ns, At safepoint: 4638 ns, Total: 100174 ns
[2020-05-20T10:45:55.596+0000][1084][safepoint    ] Safepoint "Cleanup", Time since last: 1000493911 ns, Reaching safepoint: 189217 ns, At safepoint: 6957 ns, Total: 196174 ns
[2020-05-20T10:45:56.604+0000][1084][safepoint    ] Safepoint "Cleanup", Time since last: 1007478243 ns, Reaching safepoint: 82087 ns, At safepoint: 2783 ns, Total: 84870 ns
[2020-05-20T10:45:57.605+0000][1084][safepoint    ] Safepoint "Cleanup", Time since last: 1000721158 ns, Reaching safepoint: 95536 ns, At safepoint: 2782 ns, Total: 98318 ns
[2020-05-20T10:45:58.605+0000][1084][safepoint    ] Safepoint "Cleanup", Time since last: 1000212405 ns, Reaching safepoint: 136348 ns, At safepoint: 4174 ns, Total: 140522 ns
[2020-05-20T10:45:59.606+0000][1084][safepoint    ] Safepoint "Cleanup", Time since last: 1000716056 ns, Reaching safepoint: 136348 ns, At safepoint: 6956 ns, Total: 143304 ns
[2020-05-20T10:46:00.966+0000][1084][safepoint    ] Safepoint "Cleanup", Time since last: 1000386782 ns, Reaching safepoint: 359409253 ns, At safepoint: 101565 ns, Total: 359510818 ns
[2020-05-20T10:46:02.936+0000][1084][safepoint    ] Safepoint "Cleanup", Time since last: 1739353185 ns, Reaching safepoint: 230300683 ns, At safepoint: 98782 ns, Total: 230399465 ns
[2020-05-20T10:46:04.042+0000][1084][safepoint    ] Safepoint "Cleanup", Time since last: 1000278260 ns, Reaching safepoint: 105740277 ns, At safepoint: 89971 ns, Total: 105830248 ns
[2020-05-20T10:46:05.408+0000][1084][safepoint    ] Safepoint "Cleanup", Time since last: 1215570978 ns, Reaching safepoint: 149322784 ns, At safepoint: 2071184 ns, Total: 151393968 ns
[2020-05-20T10:46:07.448+0000][1084][safepoint    ] Safepoint "Cleanup", Time since last: 2000442434 ns, Reaching safepoint: 39364546 ns, At safepoint: 60290 ns, Total: 39424836 ns
[2020-05-20T10:46:08.523+0000][1084][safepoint    ] Safepoint "Cleanup", Time since last: 1000694723 ns, Reaching safepoint: 74427190 ns, At safepoint: 81623 ns, Total: 74508813 ns
[2020-05-20T10:46:10.654+0000][1084][safepoint    ] Safepoint "Cleanup", Time since last: 2000282434 ns, Reaching safepoint: 130026365 ns, At safepoint: 142840 ns, Total: 130169205 ns
[2020-05-20T10:46:12.475+0000][1084][safepoint    ] Safepoint "Cleanup", Time since last: 1820456301 ns, Reaching safepoint: 154898 ns, At safepoint: 6956 ns, Total: 161854 ns
[2020-05-20T10:46:14.476+0000][1084][safepoint    ] Safepoint "Cleanup", Time since last: 2000525912 ns, Reaching safepoint: 132174 ns, At safepoint: 8811 ns, Total: 140985 ns
[2020-05-20T10:46:15.476+0000][1084][safepoint    ] Safepoint "Cleanup", Time since last: 1000383999 ns, Reaching safepoint: 112696 ns, At safepoint: 6029 ns, Total: 118725 ns
[2020-05-20T10:46:17.294+0000][1084][safepoint    ] Safepoint "Cleanup", Time since last: 1818129581 ns, Reaching safepoint: 137739 ns, At safepoint: 7420 ns, Total: 145159 ns
[2020-05-20T10:46:18.295+0000][1084][safepoint    ] Safepoint "Cleanup", Time since last: 1000633042 ns, Reaching safepoint: 117333 ns, At safepoint: 7420 ns, Total: 124753 ns
[2020-05-20T10:46:19.296+0000][1084][safepoint    ] Safepoint "Cleanup", Time since last: 1000344115 ns, Reaching safepoint: 153044 ns, At safepoint: 8811 ns, Total: 161855 ns
[2020-05-20T10:46:20.296+0000][1084][safepoint    ] Safepoint "Cleanup", Time since last: 1000449854 ns, Reaching safepoint: 134493 ns, At safepoint: 6492 ns, Total: 140985 ns
[2020-05-20T10:46:21.297+0000][1084][safepoint    ] Safepoint "Cleanup", Time since last: 1000771245 ns, Reaching safepoint: 114087 ns, At safepoint: 6492 ns, Total: 120579 ns
[2020-05-20T10:46:23.298+0000][1084][safepoint    ] Safepoint "Cleanup", Time since last: 2000954433 ns, Reaching safepoint: 114550 ns, At safepoint: 4638 ns, Total: 119188 ns
[2020-05-20T10:46:24.299+0000][1084][safepoint    ] Safepoint "Cleanup", Time since last: 1000284753 ns, Reaching safepoint: 124290 ns, At safepoint: 4637 ns, Total: 128927 ns
[2020-05-20T10:46:26.299+0000][1084][safepoint    ] Safepoint "Cleanup", Time since last: 2000360347 ns, Reaching safepoint: 133101 ns, At safepoint: 6957 ns, Total: 140058 ns
[2020-05-20T10:46:28.304+0000][1084][safepoint    ] Safepoint "Cleanup", Time since last: 2000144695 ns, Reaching safepoint: 5134365 ns, At safepoint: 25971 ns, Total: 5160336 ns
[2020-05-20T10:46:29.305+0000][1084][safepoint    ] Safepoint "Cleanup", Time since last: 1000337159 ns, Reaching safepoint: 153043 ns, At safepoint: 6029 ns, Total: 159072 ns
[2020-05-20T10:46:30.305+0000][1084][safepoint    ] Safepoint "Cleanup", Time since last: 1000504115 ns, Reaching safepoint: 115014 ns, At safepoint: 17159 ns, Total: 132173 ns
[2020-05-20T10:46:31.306+0000][1084][safepoint    ] Safepoint "Cleanup", Time since last: 1000509216 ns, Reaching safepoint: 102957 ns, At safepoint: 14840 ns, Total: 117797 ns
[2020-05-20T10:46:32.307+0000][1084][safepoint    ] Safepoint "Cleanup", Time since last: 1000690086 ns, Reaching safepoint: 131246 ns, At safepoint: 7420 ns, Total: 138666 ns
[2020-05-20T10:46:33.308+0000][1084][safepoint    ] Safepoint "Cleanup", Time since last: 1000694723 ns, Reaching safepoint: 117797 ns, At safepoint: 6493 ns, Total: 124290 ns
[2020-05-20T10:46:34.308+0000][1084][safepoint    ] Safepoint "Cleanup", Time since last: 1000535187 ns, Reaching safepoint: 101101 ns, At safepoint: 3710 ns, Total: 104811 ns
[2020-05-20T10:46:35.309+0000][1084][safepoint    ] Safepoint "Cleanup", Time since last: 1000340869 ns, Reaching safepoint: 122898 ns, At safepoint: 6029 ns, Total: 128927 ns
[2020-05-20T10:46:36.329+0000][1084][safepoint    ] Safepoint "Cleanup", Time since last: 1020149287 ns, Reaching safepoint: 159999 ns, At safepoint: 10203 ns, Total: 170202 ns
[2020-05-20T10:46:37.330+0000][1084][safepoint    ] Safepoint "Cleanup", Time since last: 1000536115 ns, Reaching safepoint: 141913 ns, At safepoint: 7884 ns, Total: 149797 ns
[2020-05-20T10:46:38.330+0000][1084][safepoint    ] Safepoint "Cleanup", Time since last: 1000430375 ns, Reaching safepoint: 127536 ns, At safepoint: 7884 ns, Total: 135420 ns
[2020-05-20T10:46:39.331+0000][1084][safepoint    ] Safepoint "Cleanup", Time since last: 1000760115 ns, Reaching safepoint: 138666 ns, At safepoint: 76522 ns, Total: 215188 ns
[2020-05-20T10:46:41.332+0000][1084][safepoint    ] Safepoint "Cleanup", Time since last: 2000215187 ns, Reaching safepoint: 160000 ns, At safepoint: 6029 ns, Total: 166029 ns
[2020-05-20T10:46:42.332+0000][1084][safepoint    ] Safepoint "Cleanup", Time since last: 1000321854 ns, Reaching safepoint: 129855 ns, At safepoint: 8348 ns, Total: 138203 ns
[2020-05-20T10:46:43.333+0000][1084][safepoint    ] Safepoint "Cleanup", Time since last: 1000709100 ns, Reaching safepoint: 132173 ns, At safepoint: 6957 ns, Total: 139130 ns
[2020-05-20T10:46:44.333+0000][1084][safepoint    ] Safepoint "Cleanup", Time since last: 1000146086 ns, Reaching safepoint: 122899 ns, At safepoint: 4637 ns, Total: 127536 ns
[2020-05-20T10:46:45.334+0000][1084][safepoint    ] Safepoint "Cleanup", Time since last: 1000577854 ns, Reaching safepoint: 119652 ns, At safepoint: 3246 ns, Total: 122898 ns
[2020-05-20T10:46:47.334+0000][1084][safepoint    ] Safepoint "Cleanup", Time since last: 2000175768 ns, Reaching safepoint: 82551 ns, At safepoint: 5101 ns, Total: 87652 ns
[2020-05-20T10:46:48.335+0000][1084][safepoint    ] Safepoint "Cleanup", Time since last: 1000143768 ns, Reaching safepoint: 138202 ns, At safepoint: 5566 ns, Total: 143768 ns
[2020-05-20T10:46:49.335+0000][1084][safepoint    ] Safepoint "Cleanup", Time since last: 1000603824 ns, Reaching safepoint: 140522 ns, At safepoint: 7420 ns, Total: 147942 ns
[2020-05-20T10:46:50.336+0000][1084][safepoint    ] Safepoint "Cleanup", Time since last: 1000744810 ns, Reaching safepoint: 95536 ns, At safepoint: 3246 ns, Total: 98782 ns
[2020-05-20T10:46:51.337+0000][1084][safepoint    ] Safepoint "Cleanup", Time since last: 1000300058 ns, Reaching safepoint: 108521 ns, At safepoint: 4638 ns, Total: 113159 ns
[2020-05-20T10:46:52.337+0000][1084][safepoint    ] Safepoint "Cleanup", Time since last: 1000310724 ns, Reaching safepoint: 153043 ns, At safepoint: 6029 ns, Total: 159072 ns
[2020-05-20T10:46:53.338+0000][1084][safepoint    ] Safepoint "Cleanup", Time since last: 1000458665 ns, Reaching safepoint: 95536 ns, At safepoint: 3710 ns, Total: 99246 ns
[2020-05-20T10:46:54.338+0000][1084][safepoint    ] Safepoint "Cleanup", Time since last: 1000634898 ns, Reaching safepoint: 116869 ns, At safepoint: 5565 ns, Total: 122434 ns
[2020-05-20T10:46:55.339+0000][1084][safepoint    ] Safepoint "Cleanup", Time since last: 1000222608 ns, Reaching safepoint: 136811 ns, At safepoint: 6957 ns, Total: 143768 ns
[2020-05-20T10:46:56.339+0000][1084][safepoint    ] Safepoint "Cleanup", Time since last: 1000398376 ns, Reaching safepoint: 93681 ns, At safepoint: 4637 ns, Total: 98318 ns
[2020-05-20T10:46:57.340+0000][1084][safepoint    ] Safepoint "Cleanup", Time since last: 1000389101 ns, Reaching safepoint: 167420 ns, At safepoint: 8348 ns, Total: 175768 ns
[2020-05-20T10:46:58.340+0000][1084][safepoint    ] Safepoint "Cleanup", Time since last: 1000159999 ns, Reaching safepoint: 127536 ns, At safepoint: 5566 ns, Total: 133102 ns
[2020-05-20T10:46:59.340+0000][1084][safepoint    ] Safepoint "Cleanup", Time since last: 1000205912 ns, Reaching safepoint: 154435 ns, At safepoint: 10202 ns, Total: 164637 ns
[2020-05-20T10:47:00.342+0000][1084][safepoint    ] Safepoint "Cleanup", Time since last: 1000908984 ns, Reaching safepoint: 134492 ns, At safepoint: 6493 ns, Total: 140985 ns
[2020-05-20T10:47:02.342+0000][1084][safepoint    ] Safepoint "Cleanup", Time since last: 2000792114 ns, Reaching safepoint: 87188 ns, At safepoint: 4174 ns, Total: 91362 ns
[2020-05-20T10:47:03.343+0000][1084][safepoint    ] Safepoint "Cleanup", Time since last: 1000300057 ns, Reaching safepoint: 126145 ns, At safepoint: 25507 ns, Total: 151652 ns
[2020-05-20T10:47:05.344+0000][1084][safepoint    ] Safepoint "Cleanup", Time since last: 2000773564 ns, Reaching safepoint: 127536 ns, At safepoint: 5565 ns, Total: 133101 ns
[2020-05-20T10:47:06.344+0000][1084][safepoint    ] Safepoint "Cleanup", Time since last: 1000134956 ns, Reaching safepoint: 128464 ns, At safepoint: 5101 ns, Total: 133565 ns
[2020-05-20T10:47:07.345+0000][1084][safepoint    ] Safepoint "Cleanup", Time since last: 1000819476 ns, Reaching safepoint: 95536 ns, At safepoint: 3710 ns, Total: 99246 ns
[2020-05-20T10:47:08.345+0000][1084][safepoint    ] Safepoint "Cleanup", Time since last: 1000115015 ns, Reaching safepoint: 140985 ns, At safepoint: 6029 ns, Total: 147014 ns
[2020-05-20T10:47:09.346+0000][1084][safepoint    ] Safepoint "Cleanup", Time since last: 1000386318 ns, Reaching safepoint: 123826 ns, At safepoint: 7420 ns, Total: 131246 ns
[2020-05-20T10:47:10.782+0000][1084][safepoint    ] Safepoint "Cleanup", Time since last: 1432960851 ns, Reaching safepoint: 3155007 ns, At safepoint: 57507 ns, Total: 3212514 ns
[2020-05-20T10:47:11.798+0000][1084][safepoint    ] Safepoint "Cleanup", Time since last: 1000220753 ns, Reaching safepoint: 16140021 ns, At safepoint: 64000 ns, Total: 16204021 ns
[2020-05-20T10:47:13.799+0000][1084][safepoint    ] Safepoint "Cleanup", Time since last: 2000389100 ns, Reaching safepoint: 236521 ns, At safepoint: 7885 ns, Total: 244406 ns
[2020-05-20T10:47:14.799+0000][1084][safepoint    ] Safepoint "Cleanup", Time since last: 1000273158 ns, Reaching safepoint: 102957 ns, At safepoint: 6492 ns, Total: 109449 ns
[2020-05-20T10:47:15.800+0000][1084][safepoint    ] Safepoint "Cleanup", Time since last: 1000386782 ns, Reaching safepoint: 127536 ns, At safepoint: 5565 ns, Total: 133101 ns
[2020-05-20T10:47:16.800+0000][1084][safepoint    ] Safepoint "Cleanup", Time since last: 1000356173 ns, Reaching safepoint: 128928 ns, At safepoint: 7420 ns, Total: 136348 ns
[2020-05-20T10:47:17.801+0000][1084][safepoint    ] Safepoint "Cleanup", Time since last: 1000399303 ns, Reaching safepoint: 111768 ns, At safepoint: 6957 ns, Total: 118725 ns
[2020-05-20T10:47:18.802+0000][1084][safepoint    ] Safepoint "Cleanup", Time since last: 1000697041 ns, Reaching safepoint: 140986 ns, At safepoint: 7420 ns, Total: 148406 ns
[2020-05-20T10:47:20.803+0000][1084][safepoint    ] Safepoint "Cleanup", Time since last: 2000687303 ns, Reaching safepoint: 143767 ns, At safepoint: 10203 ns, Total: 153970 ns
[2020-05-20T10:47:21.803+0000][1084][safepoint    ] Safepoint "Cleanup", Time since last: 1000450782 ns, Reaching safepoint: 110376 ns, At safepoint: 4638 ns, Total: 115014 ns
[2020-05-20T10:47:23.803+0000][1084][safepoint    ] Safepoint "Cleanup", Time since last: 1999963826 ns, Reaching safepoint: 133565 ns, At safepoint: 7420 ns, Total: 140985 ns
[2020-05-20T10:47:25.804+0000][1084][safepoint    ] Safepoint "Cleanup", Time since last: 2000507825 ns, Reaching safepoint: 154899 ns, At safepoint: 10202 ns, Total: 165101 ns
[2020-05-20T10:47:26.804+0000][1084][safepoint    ] Safepoint "Cleanup", Time since last: 1000254145 ns, Reaching safepoint: 77449 ns, At safepoint: 4174 ns, Total: 81623 ns
[2020-05-20T10:47:27.805+0000][1084][safepoint    ] Safepoint "Cleanup", Time since last: 1000420173 ns, Reaching safepoint: 163709 ns, At safepoint: 8348 ns, Total: 172057 ns
[2020-05-20T10:47:28.805+0000][1084][safepoint    ] Safepoint "Cleanup", Time since last: 1000025044 ns, Reaching safepoint: 151188 ns, At safepoint: 8348 ns, Total: 159536 ns
[2020-05-20T10:47:29.806+0000][1084][safepoint    ] Safepoint "Cleanup", Time since last: 1000789795 ns, Reaching safepoint: 125681 ns, At safepoint: 5101 ns, Total: 130782 ns
[2020-05-20T10:47:30.807+0000][1084][safepoint    ] Safepoint "Cleanup", Time since last: 1000771708 ns, Reaching safepoint: 132638 ns, At safepoint: 8348 ns, Total: 140986 ns
[2020-05-20T10:47:31.807+0000][1084][safepoint    ] Safepoint "Cleanup", Time since last: 1000103420 ns, Reaching safepoint: 118260 ns, At safepoint: 6029 ns, Total: 124289 ns
[2020-05-20T10:47:32.808+0000][1084][safepoint    ] Safepoint "Cleanup", Time since last: 1000830143 ns, Reaching safepoint: 110841 ns, At safepoint: 4637 ns, Total: 115478 ns
[2020-05-20T10:47:33.809+0000][1084][safepoint    ] Safepoint "Cleanup", Time since last: 1000453564 ns, Reaching safepoint: 124290 ns, At safepoint: 6029 ns, Total: 130319 ns
[2020-05-20T10:47:35.809+0000][1084][safepoint    ] Safepoint "Cleanup", Time since last: 2000628868 ns, Reaching safepoint: 134493 ns, At safepoint: 5565 ns, Total: 140058 ns
[2020-05-20T10:47:36.810+0000][1084][safepoint    ] Safepoint "Cleanup", Time since last: 1000642317 ns, Reaching safepoint: 78840 ns, At safepoint: 3711 ns, Total: 82551 ns
[2020-05-20T10:47:37.811+0000][1084][safepoint    ] Safepoint "Cleanup", Time since last: 1000779592 ns, Reaching safepoint: 134029 ns, At safepoint: 4174 ns, Total: 138203 ns
[2020-05-20T10:47:38.811+0000][1084][safepoint    ] Safepoint "Cleanup", Time since last: 1000155825 ns, Reaching safepoint: 138203 ns, At safepoint: 7420 ns, Total: 145623 ns
[2020-05-20T10:47:39.812+0000][1084][safepoint    ] Safepoint "Cleanup", Time since last: 1000058435 ns, Reaching safepoint: 125217 ns, At safepoint: 6956 ns, Total: 132173 ns
[2020-05-20T10:47:40.813+0000][1084][safepoint    ] Safepoint "Cleanup", Time since last: 1000891361 ns, Reaching safepoint: 117333 ns, At safepoint: 4637 ns, Total: 121970 ns
[2020-05-20T10:47:41.814+0000][1084][safepoint    ] Safepoint "Cleanup", Time since last: 1000819013 ns, Reaching safepoint: 96464 ns, At safepoint: 6029 ns, Total: 102493 ns
[2020-05-20T10:47:42.818+0000][1084][safepoint    ] Safepoint "Cleanup", Time since last: 1004782829 ns, Reaching safepoint: 317680 ns, At safepoint: 4638 ns, Total: 322318 ns
[2020-05-20T10:47:43.819+0000][1084][safepoint    ] Safepoint "Cleanup", Time since last: 1000503651 ns, Reaching safepoint: 121971 ns, At safepoint: 5565 ns, Total: 127536 ns
[2020-05-20T10:47:44.820+0000][1084][safepoint    ] Safepoint "Cleanup", Time since last: 1000421101 ns, Reaching safepoint: 147477 ns, At safepoint: 6029 ns, Total: 153506 ns
[2020-05-20T10:47:45.821+0000][1084][safepoint    ] Safepoint "Cleanup", Time since last: 1000575072 ns, Reaching safepoint: 118260 ns, At safepoint: 5565 ns, Total: 123825 ns
[2020-05-20T10:47:46.821+0000][1084][safepoint    ] Safepoint "Cleanup", Time since last: 1000723013 ns, Reaching safepoint: 148406 ns, At safepoint: 7884 ns, Total: 156290 ns
[2020-05-20T10:47:47.822+0000][1084][safepoint    ] Safepoint "Cleanup", Time since last: 1000112231 ns, Reaching safepoint: 134029 ns, At safepoint: 7884 ns, Total: 141913 ns
[2020-05-20T10:47:48.822+0000][1084][safepoint    ] Safepoint "Cleanup", Time since last: 1000474897 ns, Reaching safepoint: 132174 ns, At safepoint: 5101 ns, Total: 137275 ns
[2020-05-20T10:47:50.823+0000][1084][safepoint    ] Safepoint "Cleanup", Time since last: 2000347362 ns, Reaching safepoint: 131710 ns, At safepoint: 5101 ns, Total: 136811 ns
[2020-05-20T10:47:51.824+0000][1084][safepoint    ] Safepoint "Cleanup", Time since last: 1000793506 ns, Reaching safepoint: 102956 ns, At safepoint: 3246 ns, Total: 106202 ns
[2020-05-20T10:47:52.824+0000][1084][safepoint    ] Safepoint "Cleanup", Time since last: 1000288463 ns, Reaching safepoint: 160000 ns, At safepoint: 6029 ns, Total: 166029 ns
[2020-05-20T10:47:54.825+0000][1084][safepoint    ] Safepoint "Cleanup", Time since last: 2000940520 ns, Reaching safepoint: 128927 ns, At safepoint: 5101 ns, Total: 134028 ns
[2020-05-20T10:47:55.826+0000][1084][safepoint    ] Safepoint "Cleanup", Time since last: 1000562086 ns, Reaching safepoint: 128000 ns, At safepoint: 8811 ns, Total: 136811 ns
[2020-05-20T10:47:56.826+0000][1084][safepoint    ] Safepoint "Cleanup", Time since last: 1000372405 ns, Reaching safepoint: 80232 ns, At safepoint: 2782 ns, Total: 83014 ns
[2020-05-20T10:47:57.827+0000][1084][safepoint    ] Safepoint "Cleanup", Time since last: 1000371014 ns, Reaching safepoint: 113159 ns, At safepoint: 2783 ns, Total: 115942 ns
[2020-05-20T10:47:58.827+0000][1084][safepoint    ] Safepoint "Cleanup", Time since last: 1000236057 ns, Reaching safepoint: 119188 ns, At safepoint: 8348 ns, Total: 127536 ns
[2020-05-20T10:47:59.828+0000][1084][safepoint    ] Safepoint "Cleanup", Time since last: 1000312115 ns, Reaching safepoint: 94609 ns, At safepoint: 12058 ns, Total: 106667 ns
[2020-05-20T10:48:00.828+0000][1084][safepoint    ] Safepoint "Cleanup", Time since last: 1000013913 ns, Reaching safepoint: 134956 ns, At safepoint: 8348 ns, Total: 143304 ns
[2020-05-20T10:48:01.828+0000][1084][safepoint    ] Safepoint "Cleanup", Time since last: 1000202202 ns, Reaching safepoint: 115942 ns, At safepoint: 18087 ns, Total: 134029 ns
[2020-05-20T10:48:02.829+0000][1084][safepoint    ] Safepoint "Cleanup", Time since last: 1000517564 ns, Reaching safepoint: 126145 ns, At safepoint: 9275 ns, Total: 135420 ns
[2020-05-20T10:48:03.829+0000][1084][safepoint    ] Safepoint "Cleanup", Time since last: 1000636288 ns, Reaching safepoint: 122435 ns, At safepoint: 6029 ns, Total: 128464 ns
[2020-05-20T10:48:04.830+0000][1084][safepoint    ] Safepoint "Cleanup", Time since last: 1000282434 ns, Reaching safepoint: 100174 ns, At safepoint: 4637 ns, Total: 104811 ns
[2020-05-20T10:48:05.830+0000][1084][safepoint    ] Safepoint "Cleanup", Time since last: 1000057044 ns, Reaching safepoint: 107594 ns, At safepoint: 6492 ns, Total: 114086 ns
[2020-05-20T10:48:07.831+0000][1084][safepoint    ] Safepoint "Cleanup", Time since last: 2000370086 ns, Reaching safepoint: 143768 ns, At safepoint: 7884 ns, Total: 151652 ns
[2020-05-20T10:48:08.831+0000][1084][safepoint    ] Safepoint "Cleanup", Time since last: 1000396521 ns, Reaching safepoint: 115014 ns, At safepoint: 4174 ns, Total: 119188 ns
[2020-05-20T10:48:09.831+0000][1084][safepoint    ] Safepoint "Cleanup", Time since last: 1000166493 ns, Reaching safepoint: 169738 ns, At safepoint: 5102 ns, Total: 174840 ns
[2020-05-20T10:48:10.832+0000][1084][safepoint    ] Safepoint "Cleanup", Time since last: 1000565795 ns, Reaching safepoint: 188754 ns, At safepoint: 5565 ns, Total: 194319 ns
[2020-05-20T10:48:11.833+0000][1084][safepoint    ] Safepoint "Cleanup", Time since last: 1000487419 ns, Reaching safepoint: 164637 ns, At safepoint: 7884 ns, Total: 172521 ns
[2020-05-20T10:48:12.834+0000][1084][safepoint    ] Safepoint "Cleanup", Time since last: 1000633042 ns, Reaching safepoint: 245333 ns, At safepoint: 9739 ns, Total: 255072 ns
[2020-05-20T10:48:13.834+0000][1084][safepoint    ] Safepoint "Cleanup", Time since last: 1000307014 ns, Reaching safepoint: 118261 ns, At safepoint: 6492 ns, Total: 124753 ns
[2020-05-20T10:48:14.835+0000][1084][safepoint    ] Safepoint "Cleanup", Time since last: 1000828752 ns, Reaching safepoint: 97855 ns, At safepoint: 6493 ns, Total: 104348 ns
[2020-05-20T10:48:15.835+0000][1084][safepoint    ] Safepoint "Cleanup", Time since last: 1000223999 ns, Reaching safepoint: 107594 ns, At safepoint: 4638 ns, Total: 112232 ns
[2020-05-20T10:48:17.836+0000][1084][safepoint    ] Safepoint "Cleanup", Time since last: 2000313043 ns, Reaching safepoint: 147941 ns, At safepoint: 9276 ns, Total: 157217 ns
[2020-05-20T10:48:18.836+0000][1084][safepoint    ] Safepoint "Cleanup", Time since last: 1000486491 ns, Reaching safepoint: 132174 ns, At safepoint: 7420 ns, Total: 139594 ns
[2020-05-20T10:48:19.837+0000][1084][safepoint    ] Safepoint "Cleanup", Time since last: 1000785158 ns, Reaching safepoint: 170666 ns, At safepoint: 10203 ns, Total: 180869 ns
[2020-05-20T10:48:21.838+0000][1084][safepoint    ] Safepoint "Cleanup", Time since last: 2000816694 ns, Reaching safepoint: 138666 ns, At safepoint: 5565 ns, Total: 144231 ns
[2020-05-20T10:48:22.839+0000][1084][safepoint    ] Safepoint "Cleanup", Time since last: 1000011594 ns, Reaching safepoint: 119188 ns, At safepoint: 6957 ns, Total: 126145 ns
[2020-05-20T10:48:23.839+0000][1084][safepoint    ] Safepoint "Cleanup", Time since last: 1000019014 ns, Reaching safepoint: 139594 ns, At safepoint: 7421 ns, Total: 147015 ns
[2020-05-20T10:48:24.861+0000][1084][safepoint    ] Safepoint "Cleanup", Time since last: 1022541860 ns, Reaching safepoint: 101102 ns, At safepoint: 4173 ns, Total: 105275 ns
[2020-05-20T10:48:25.862+0000][1084][safepoint    ] Safepoint "Cleanup", Time since last: 1000884404 ns, Reaching safepoint: 124753 ns, At safepoint: 6029 ns, Total: 130782 ns
[2020-05-20T10:48:26.863+0000][1084][safepoint    ] Safepoint "Cleanup", Time since last: 1000475825 ns, Reaching safepoint: 136812 ns, At safepoint: 6029 ns, Total: 142841 ns
[2020-05-20T10:48:27.870+0000][1084][safepoint    ] Safepoint "Cleanup", Time since last: 1006542361 ns, Reaching safepoint: 84406 ns, At safepoint: 4638 ns, Total: 89044 ns
[2020-05-20T10:48:28.871+0000][1084][safepoint    ] Safepoint "Cleanup", Time since last: 1000909447 ns, Reaching safepoint: 104811 ns, At safepoint: 3710 ns, Total: 108521 ns
[2020-05-20T10:48:29.871+0000][1084][safepoint    ] Safepoint "Cleanup", Time since last: 1000002783 ns, Reaching safepoint: 117333 ns, At safepoint: 19942 ns, Total: 137275 ns
[2020-05-20T10:48:30.871+0000][1084][safepoint    ] Safepoint "Cleanup", Time since last: 1000504115 ns, Reaching safepoint: 83014 ns, At safepoint: 4638 ns, Total: 87652 ns
[2020-05-20T10:48:31.872+0000][1084][safepoint    ] Safepoint "Cleanup", Time since last: 1000424810 ns, Reaching safepoint: 95536 ns, At safepoint: 5102 ns, Total: 100638 ns
[2020-05-20T10:48:32.872+0000][1084][safepoint    ] Safepoint "Cleanup", Time since last: 1000359419 ns, Reaching safepoint: 182261 ns, At safepoint: 11130 ns, Total: 193391 ns
[2020-05-20T10:48:33.873+0000][1084][safepoint    ] Safepoint "Cleanup", Time since last: 1000029217 ns, Reaching safepoint: 136812 ns, At safepoint: 6029 ns, Total: 142841 ns
[2020-05-20T10:48:34.873+0000][1084][safepoint    ] Safepoint "Cleanup", Time since last: 1000692868 ns, Reaching safepoint: 154434 ns, At safepoint: 7884 ns, Total: 162318 ns
[2020-05-20T10:48:35.874+0000][1084][safepoint    ] Safepoint "Cleanup", Time since last: 1000028290 ns, Reaching safepoint: 145159 ns, At safepoint: 7884 ns, Total: 153043 ns
[2020-05-20T10:48:36.875+0000][1084][safepoint    ] Safepoint "Cleanup", Time since last: 1000681737 ns, Reaching safepoint: 149333 ns, At safepoint: 8348 ns, Total: 157681 ns
[2020-05-20T10:48:37.875+0000][1084][safepoint    ] Safepoint "Cleanup", Time since last: 1000767998 ns, Reaching safepoint: 122899 ns, At safepoint: 5101 ns, Total: 128000 ns
[2020-05-20T10:48:38.881+0000][1084][safepoint    ] Safepoint "Cleanup", Time since last: 1005891697 ns, Reaching safepoint: 124289 ns, At safepoint: 4174 ns, Total: 128463 ns
[2020-05-20T10:48:39.892+0000][1084][safepoint    ] Safepoint "Cleanup", Time since last: 1010415744 ns, Reaching safepoint: 111304 ns, At safepoint: 6493 ns, Total: 117797 ns
[2020-05-20T10:48:40.893+0000][1084][safepoint    ] Safepoint "Cleanup", Time since last: 1000456810 ns, Reaching safepoint: 108522 ns, At safepoint: 6956 ns, Total: 115478 ns
[2020-05-20T10:48:41.893+0000][1084][safepoint    ] Safepoint "Cleanup", Time since last: 1000118725 ns, Reaching safepoint: 96927 ns, At safepoint: 2319 ns, Total: 99246 ns
[2020-05-20T10:48:42.893+0000][1084][safepoint    ] Safepoint "Cleanup", Time since last: 1000505970 ns, Reaching safepoint: 127536 ns, At safepoint: 8348 ns, Total: 135884 ns
[2020-05-20T10:48:43.894+0000][1084][safepoint    ] Safepoint "Cleanup", Time since last: 1000716056 ns, Reaching safepoint: 126608 ns, At safepoint: 6029 ns, Total: 132637 ns
[2020-05-20T10:48:44.895+0000][1084][safepoint    ] Safepoint "Cleanup", Time since last: 1000303768 ns, Reaching safepoint: 78840 ns, At safepoint: 2783 ns, Total: 81623 ns
[2020-05-20T10:48:45.926+0000][1084][safepoint    ] Safepoint "Cleanup", Time since last: 1000232811 ns, Reaching safepoint: 31951230 ns, At safepoint: 60290 ns, Total: 32011520 ns
[2020-05-20T10:48:46.928+0000][1084][safepoint    ] Safepoint "Cleanup", Time since last: 1000885331 ns, Reaching safepoint: 127536 ns, At safepoint: 3710 ns, Total: 131246 ns
[2020-05-20T10:48:48.928+0000][1084][safepoint    ] Safepoint "Cleanup", Time since last: 1999962435 ns, Reaching safepoint: 129391 ns, At safepoint: 4638 ns, Total: 134029 ns
[2020-05-20T10:48:49.928+0000][1084][safepoint    ] Safepoint "Cleanup", Time since last: 1000104811 ns, Reaching safepoint: 189681 ns, At safepoint: 9275 ns, Total: 198956 ns
[2020-05-20T10:48:50.929+0000][1084][safepoint    ] Safepoint "Cleanup", Time since last: 1000787476 ns, Reaching safepoint: 190609 ns, At safepoint: 72811 ns, Total: 263420 ns
[2020-05-20T10:48:51.930+0000][1084][safepoint    ] Safepoint "Cleanup", Time since last: 1000227246 ns, Reaching safepoint: 162782 ns, At safepoint: 7884 ns, Total: 170666 ns
[2020-05-20T10:48:52.931+0000][1084][safepoint    ] Safepoint "Cleanup", Time since last: 1000584347 ns, Reaching safepoint: 132173 ns, At safepoint: 4638 ns, Total: 136811 ns
[2020-05-20T10:48:53.931+0000][1084][safepoint    ] Safepoint "Cleanup", Time since last: 1000773563 ns, Reaching safepoint: 112232 ns, At safepoint: 4638 ns, Total: 116870 ns
[2020-05-20T10:48:54.932+0000][1084][safepoint    ] Safepoint "Cleanup", Time since last: 1000045913 ns, Reaching safepoint: 97854 ns, At safepoint: 3711 ns, Total: 101565 ns
[2020-05-20T10:48:55.932+0000][1084][safepoint    ] Safepoint "Cleanup", Time since last: 1000299129 ns, Reaching safepoint: 152116 ns, At safepoint: 7884 ns, Total: 160000 ns
[2020-05-20T10:48:56.932+0000][1084][safepoint    ] Safepoint "Cleanup", Time since last: 1000345970 ns, Reaching safepoint: 135420 ns, At safepoint: 8348 ns, Total: 143768 ns
[2020-05-20T10:48:57.933+0000][1084][safepoint    ] Safepoint "Cleanup", Time since last: 1000126608 ns, Reaching safepoint: 128464 ns, At safepoint: 7420 ns, Total: 135884 ns
[2020-05-20T10:48:58.936+0000][1084][safepoint    ] Safepoint "Cleanup", Time since last: 1002946312 ns, Reaching safepoint: 140985 ns, At safepoint: 8812 ns, Total: 149797 ns
[2020-05-20T10:49:00.937+0000][1084][safepoint    ] Safepoint "Cleanup", Time since last: 2000797215 ns, Reaching safepoint: 170203 ns, At safepoint: 7884 ns, Total: 178087 ns
[2020-05-20T10:49:02.938+0000][1084][safepoint    ] Safepoint "Cleanup", Time since last: 2000819013 ns, Reaching safepoint: 85796 ns, At safepoint: 3711 ns, Total: 89507 ns
[2020-05-20T10:49:04.938+0000][1084][safepoint    ] Safepoint "Cleanup", Time since last: 2000055652 ns, Reaching safepoint: 115478 ns, At safepoint: 5101 ns, Total: 120579 ns
[2020-05-20T10:49:06.939+0000][1084][safepoint    ] Safepoint "Cleanup", Time since last: 2000779129 ns, Reaching safepoint: 99710 ns, At safepoint: 4174 ns, Total: 103884 ns
[2020-05-20T10:49:07.939+0000][1084][safepoint    ] Safepoint "Cleanup", Time since last: 1000259709 ns, Reaching safepoint: 146550 ns, At safepoint: 5566 ns, Total: 152116 ns
[2020-05-20T10:49:08.940+0000][1084][safepoint    ] Safepoint "Cleanup", Time since last: 1000794896 ns, Reaching safepoint: 156754 ns, At safepoint: 4637 ns, Total: 161391 ns
[2020-05-20T10:49:09.941+0000][1084][safepoint    ] Safepoint "Cleanup", Time since last: 1000754549 ns, Reaching safepoint: 179942 ns, At safepoint: 7420 ns, Total: 187362 ns
[2020-05-20T10:49:10.942+0000][1084][safepoint    ] Safepoint "Cleanup", Time since last: 1000826897 ns, Reaching safepoint: 128927 ns, At safepoint: 4638 ns, Total: 133565 ns
[2020-05-20T10:49:11.943+0000][1084][safepoint    ] Safepoint "Cleanup", Time since last: 1000421564 ns, Reaching safepoint: 205913 ns, At safepoint: 9739 ns, Total: 215652 ns
[2020-05-20T10:49:12.943+0000][1084][safepoint    ] Safepoint "Cleanup", Time since last: 1000147014 ns, Reaching safepoint: 90898 ns, At safepoint: 3246 ns, Total: 94144 ns
[2020-05-20T10:49:13.943+0000][1084][safepoint    ] Safepoint "Cleanup", Time since last: 1000442898 ns, Reaching safepoint: 145623 ns, At safepoint: 7884 ns, Total: 153507 ns
[2020-05-20T10:49:14.944+0000][1084][safepoint    ] Safepoint "Cleanup", Time since last: 1000352463 ns, Reaching safepoint: 135420 ns, At safepoint: 4637 ns, Total: 140057 ns
[2020-05-20T10:49:15.945+0000][1084][safepoint    ] Safepoint "Cleanup", Time since last: 1000371942 ns, Reaching safepoint: 125681 ns, At safepoint: 5565 ns, Total: 131246 ns
[2020-05-20T10:49:16.945+0000][1084][safepoint    ] Safepoint "Cleanup", Time since last: 1000741099 ns, Reaching safepoint: 133565 ns, At safepoint: 5102 ns, Total: 138667 ns
[2020-05-20T10:49:18.946+0000][1084][safepoint    ] Safepoint "Cleanup", Time since last: 2000879766 ns, Reaching safepoint: 140985 ns, At safepoint: 6029 ns, Total: 147014 ns
[2020-05-20T10:49:19.947+0000][1084][safepoint    ] Safepoint "Cleanup", Time since last: 1000275478 ns, Reaching safepoint: 176695 ns, At safepoint: 10667 ns, Total: 187362 ns
[2020-05-20T10:49:20.947+0000][1084][safepoint    ] Safepoint "Cleanup", Time since last: 1000046376 ns, Reaching safepoint: 138203 ns, At safepoint: 6029 ns, Total: 144232 ns
[2020-05-20T10:49:21.287+0000][1084][gc,start     ] GC(35) Pause Young (Normal) (G1 Evacuation Pause)
[2020-05-20T10:49:21.374+0000][1084][gc,task      ] GC(35) Using 4 workers of 4 for evacuation
[2020-05-20T10:49:21.454+0000][1084][gc,age       ] GC(35) Desired survivor size 40370176 bytes, new threshold 15 (max threshold 15)
[2020-05-20T10:49:22.010+0000][1084][gc,age       ] GC(35) Age table with threshold 15 (max threshold 15)
[2020-05-20T10:49:22.011+0000][1084][gc,age       ] GC(35) - age   1:     479928 bytes,     479928 total
[2020-05-20T10:49:22.011+0000][1084][gc,age       ] GC(35) - age   2:     309136 bytes,     789064 total
[2020-05-20T10:49:22.011+0000][1084][gc,age       ] GC(35) - age   3:    3435112 bytes,    4224176 total
[2020-05-20T10:49:22.011+0000][1084][gc,age       ] GC(35) - age   4:     752600 bytes,    4976776 total
[2020-05-20T10:49:22.011+0000][1084][gc,age       ] GC(35) - age   5:       5440 bytes,    4982216 total
[2020-05-20T10:49:22.011+0000][1084][gc,age       ] GC(35) - age   6:     244264 bytes,    5226480 total
[2020-05-20T10:49:22.011+0000][1084][gc,age       ] GC(35) - age   7:     505272 bytes,    5731752 total
[2020-05-20T10:49:22.011+0000][1084][gc,mmu       ] GC(35) MMU target violated: 201.0ms (200.0ms/201.0ms)
[2020-05-20T10:49:22.012+0000][1084][gc,phases    ] GC(35)   Pre Evacuate Collection Set: 48.0ms
[2020-05-20T10:49:22.012+0000][1084][gc,phases    ] GC(35)   Merge Heap Roots: 37.6ms
[2020-05-20T10:49:22.012+0000][1084][gc,phases    ] GC(35)   Evacuate Collection Set: 375.7ms
[2020-05-20T10:49:22.012+0000][1084][gc,phases    ] GC(35)   Post Evacuate Collection Set: 28.8ms
[2020-05-20T10:49:22.012+0000][1084][gc,phases    ] GC(35)   Other: 361.8ms
[2020-05-20T10:49:22.012+0000][1084][gc,heap      ] GC(35) Eden regions: 608->0(45)
[2020-05-20T10:49:22.012+0000][1084][gc,heap      ] GC(35) Survivor regions: 6->6(77)
[2020-05-20T10:49:22.012+0000][1084][gc,heap      ] GC(35) Old regions: 78->78
[2020-05-20T10:49:22.012+0000][1084][gc,heap      ] GC(35) Archive regions: 0->0
[2020-05-20T10:49:22.012+0000][1084][gc,heap      ] GC(35) Humongous regions: 7->7
[2020-05-20T10:49:22.033+0000][1084][gc,metaspace ] GC(35) Metaspace: 99249K(106776K)->99249K(106776K) NonClass: 86356K(90756K)->86356K(90756K) Class: 12893K(16020K)->12893K(16020K)
[2020-05-20T10:49:22.033+0000][1084][gc           ] GC(35) Pause Young (Normal) (G1 Evacuation Pause) 698M->90M(1024M) 745.278ms
[2020-05-20T10:49:22.033+0000][1084][gc,cpu       ] GC(35) User=0.03s Sys=0.09s Real=0.78s
[2020-05-20T10:49:22.033+0000][1084][safepoint    ] Safepoint "G1CollectForAllocation", Time since last: 213076375 ns, Reaching safepoint: 84406 ns, At safepoint: 873000178 ns, Total: 873084584 ns
[2020-05-20T10:49:23.034+0000][1084][safepoint    ] Safepoint "Cleanup", Time since last: 1000922897 ns, Reaching safepoint: 124753 ns, At safepoint: 5565 ns, Total: 130318 ns
[2020-05-20T10:49:24.035+0000][1084][safepoint    ] Safepoint "Cleanup", Time since last: 1000345971 ns, Reaching safepoint: 112231 ns, At safepoint: 6493 ns, Total: 118724 ns
[2020-05-20T10:49:25.036+0000][1084][safepoint    ] Safepoint "Cleanup", Time since last: 1000791650 ns, Reaching safepoint: 84870 ns, At safepoint: 4174 ns, Total: 89044 ns
[2020-05-20T10:49:26.036+0000][1084][safepoint    ] Safepoint "Cleanup", Time since last: 1000152579 ns, Reaching safepoint: 114087 ns, At safepoint: 7420 ns, Total: 121507 ns
[2020-05-20T10:49:27.036+0000][1084][safepoint    ] Safepoint "Cleanup", Time since last: 1000181333 ns, Reaching safepoint: 125681 ns, At safepoint: 5101 ns, Total: 130782 ns
[2020-05-20T10:49:29.037+0000][1084][safepoint    ] Safepoint "Cleanup", Time since last: 2000371477 ns, Reaching safepoint: 141449 ns, At safepoint: 6029 ns, Total: 147478 ns
[2020-05-20T10:49:30.037+0000][1084][safepoint    ] Safepoint "Cleanup", Time since last: 1000289855 ns, Reaching safepoint: 122434 ns, At safepoint: 5102 ns, Total: 127536 ns
[2020-05-20T10:49:31.038+0000][1084][safepoint    ] Safepoint "Cleanup", Time since last: 1000259246 ns, Reaching safepoint: 164637 ns, At safepoint: 5101 ns, Total: 169738 ns
[2020-05-20T10:49:32.038+0000][1084][safepoint    ] Safepoint "Cleanup", Time since last: 1000221217 ns, Reaching safepoint: 121507 ns, At safepoint: 7420 ns, Total: 128927 ns
[2020-05-20T10:49:33.039+0000][1084][safepoint    ] Safepoint "Cleanup", Time since last: 1000714202 ns, Reaching safepoint: 117333 ns, At safepoint: 4637 ns, Total: 121970 ns
[2020-05-20T10:49:34.040+0000][1084][safepoint    ] Safepoint "Cleanup", Time since last: 1000601970 ns, Reaching safepoint: 113623 ns, At safepoint: 6029 ns, Total: 119652 ns
[2020-05-20T10:49:35.040+0000][1084][safepoint    ] Safepoint "Cleanup", Time since last: 1000374260 ns, Reaching safepoint: 140058 ns, At safepoint: 6028 ns, Total: 146086 ns
[2020-05-20T10:49:36.042+0000][1084][safepoint    ] Safepoint "Cleanup", Time since last: 1000815303 ns, Reaching safepoint: 925679 ns, At safepoint: 51942 ns, Total: 977621 ns
[2020-05-20T10:49:37.043+0000][1084][safepoint    ] Safepoint "Cleanup", Time since last: 1000550955 ns, Reaching safepoint: 754549 ns, At safepoint: 44985 ns, Total: 799534 ns
[2020-05-20T10:49:39.044+0000][1084][safepoint    ] Safepoint "Cleanup", Time since last: 2000733216 ns, Reaching safepoint: 94145 ns, At safepoint: 5565 ns, Total: 99710 ns
[2020-05-20T10:49:40.045+0000][1084][safepoint    ] Safepoint "Cleanup", Time since last: 1000465158 ns, Reaching safepoint: 112232 ns, At safepoint: 6493 ns, Total: 118725 ns
[2020-05-20T10:49:41.045+0000][1084][safepoint    ] Safepoint "Cleanup", Time since last: 1000597795 ns, Reaching safepoint: 101102 ns, At safepoint: 3710 ns, Total: 104812 ns
[2020-05-20T10:49:42.046+0000][1084][safepoint    ] Safepoint "Cleanup", Time since last: 1000542144 ns, Reaching safepoint: 123362 ns, At safepoint: 7420 ns, Total: 130782 ns
[2020-05-20T10:49:43.046+0000][1084][safepoint    ] Safepoint "Cleanup", Time since last: 1000058898 ns, Reaching safepoint: 88580 ns, At safepoint: 3246 ns, Total: 91826 ns
[2020-05-20T10:49:44.047+0000][1084][safepoint    ] Safepoint "Cleanup", Time since last: 1000264347 ns, Reaching safepoint: 107594 ns, At safepoint: 6493 ns, Total: 114087 ns
[2020-05-20T10:49:45.047+0000][1084][safepoint    ] Safepoint "Cleanup", Time since last: 1000219362 ns, Reaching safepoint: 141449 ns, At safepoint: 6029 ns, Total: 147478 ns
[2020-05-20T10:49:47.047+0000][1084][safepoint    ] Safepoint "Cleanup", Time since last: 2000347825 ns, Reaching safepoint: 115478 ns, At safepoint: 5101 ns, Total: 120579 ns
[2020-05-20T10:49:48.048+0000][1084][safepoint    ] Safepoint "Cleanup", Time since last: 1000751767 ns, Reaching safepoint: 127072 ns, At safepoint: 7420 ns, Total: 134492 ns
[2020-05-20T10:49:49.049+0000][1084][safepoint    ] Safepoint "Cleanup", Time since last: 1000462840 ns, Reaching safepoint: 107130 ns, At safepoint: 3710 ns, Total: 110840 ns
[2020-05-20T10:49:50.049+0000][1084][safepoint    ] Safepoint "Cleanup", Time since last: 1000560694 ns, Reaching safepoint: 175304 ns, At safepoint: 5102 ns, Total: 180406 ns
[2020-05-20T10:49:51.050+0000][1084][safepoint    ] Safepoint "Cleanup", Time since last: 1000729042 ns, Reaching safepoint: 289390 ns, At safepoint: 11131 ns, Total: 300521 ns
[2020-05-20T10:49:53.051+0000][1084][safepoint    ] Safepoint "Cleanup", Time since last: 2000679418 ns, Reaching safepoint: 109913 ns, At safepoint: 4174 ns, Total: 114087 ns
[2020-05-20T10:49:54.052+0000][1084][safepoint    ] Safepoint "Cleanup", Time since last: 1000756404 ns, Reaching safepoint: 75594 ns, At safepoint: 2783 ns, Total: 78377 ns
[2020-05-20T10:49:55.053+0000][1084][safepoint    ] Safepoint "Cleanup", Time since last: 1000307014 ns, Reaching safepoint: 105738 ns, At safepoint: 4638 ns, Total: 110376 ns
[2020-05-20T10:49:56.053+0000][1084][safepoint    ] Safepoint "Cleanup", Time since last: 1000180405 ns, Reaching safepoint: 101102 ns, At safepoint: 5101 ns, Total: 106203 ns
[2020-05-20T10:49:57.053+0000][1084][safepoint    ] Safepoint "Cleanup", Time since last: 1000145623 ns, Reaching safepoint: 87652 ns, At safepoint: 5101 ns, Total: 92753 ns
[2020-05-20T10:49:57.579+0000][1084][gc,start     ] GC(36) Pause Young (Normal) (G1 Evacuation Pause)
[2020-05-20T10:49:57.579+0000][1084][gc,task      ] GC(36) Using 4 workers of 4 for evacuation
[2020-05-20T10:49:57.579+0000][1084][gc,age       ] GC(36) Desired survivor size 3670016 bytes, new threshold 3 (max threshold 15)
[2020-05-20T10:49:57.651+0000][1084][gc,age       ] GC(36) Age table with threshold 3 (max threshold 15)
[2020-05-20T10:49:57.651+0000][1084][gc,age       ] GC(36) - age   1:      83048 bytes,      83048 total
[2020-05-20T10:49:57.651+0000][1084][gc,age       ] GC(36) - age   2:     338176 bytes,     421224 total
[2020-05-20T10:49:57.651+0000][1084][gc,age       ] GC(36) - age   3:     309000 bytes,     730224 total
[2020-05-20T10:49:57.651+0000][1084][gc,phases    ] GC(36)   Pre Evacuate Collection Set: 0.1ms
[2020-05-20T10:49:57.651+0000][1084][gc,phases    ] GC(36)   Merge Heap Roots: 0.1ms
[2020-05-20T10:49:57.651+0000][1084][gc,phases    ] GC(36)   Evacuate Collection Set: 71.1ms
[2020-05-20T10:49:57.651+0000][1084][gc,phases    ] GC(36)   Post Evacuate Collection Set: 0.8ms
[2020-05-20T10:49:57.651+0000][1084][gc,phases    ] GC(36)   Other: 0.4ms
[2020-05-20T10:49:57.651+0000][1084][gc,heap      ] GC(36) Eden regions: 45->0(612)
[2020-05-20T10:49:57.651+0000][1084][gc,heap      ] GC(36) Survivor regions: 6->2(7)
[2020-05-20T10:49:57.651+0000][1084][gc,heap      ] GC(36) Old regions: 78->82
[2020-05-20T10:49:57.651+0000][1084][gc,heap      ] GC(36) Archive regions: 0->0
[2020-05-20T10:49:57.651+0000][1084][gc,heap      ] GC(36) Humongous regions: 7->7
[2020-05-20T10:49:57.651+0000][1084][gc,metaspace ] GC(36) Metaspace: 99257K(106776K)->99257K(106776K) NonClass: 86363K(90756K)->86363K(90756K) Class: 12893K(16020K)->12893K(16020K)
[2020-05-20T10:49:57.651+0000][1084][gc           ] GC(36) Pause Young (Normal) (G1 Evacuation Pause) 135M->90M(1024M) 72.766ms
[2020-05-20T10:49:57.652+0000][1084][gc,cpu       ] GC(36) User=0.00s Sys=0.02s Real=0.07s
[2020-05-20T10:49:57.652+0000][1084][safepoint    ] Safepoint "G1CollectForAllocation", Time since last: 525724462 ns, Reaching safepoint: 88580 ns, At safepoint: 72913918 ns, Total: 73002498 ns
[2020-05-20T10:49:58.653+0000][1084][safepoint    ] Safepoint "Cleanup", Time since last: 1000806491 ns, Reaching safepoint: 101565 ns, At safepoint: 5565 ns, Total: 107130 ns
[2020-05-20T10:49:59.653+0000][1084][safepoint    ] Safepoint "Cleanup", Time since last: 1000186434 ns, Reaching safepoint: 129391 ns, At safepoint: 6493 ns, Total: 135884 ns
[2020-05-20T10:50:00.654+0000][1084][safepoint    ] Safepoint "Cleanup", Time since last: 1000746665 ns, Reaching safepoint: 115478 ns, At safepoint: 5101 ns, Total: 120579 ns
[2020-05-20T10:50:01.654+0000][1084][safepoint    ] Safepoint "Cleanup", Time since last: 1000154899 ns, Reaching safepoint: 137275 ns, At safepoint: 8811 ns, Total: 146086 ns
[2020-05-20T10:50:02.655+0000][1084][safepoint    ] Safepoint "Cleanup", Time since last: 1000583419 ns, Reaching safepoint: 141449 ns, At safepoint: 7420 ns, Total: 148869 ns
[2020-05-20T10:50:03.656+0000][1084][safepoint    ] Safepoint "Cleanup", Time since last: 1000818085 ns, Reaching safepoint: 121044 ns, At safepoint: 6029 ns, Total: 127073 ns
[2020-05-20T10:50:04.657+0000][1084][safepoint    ] Safepoint "Cleanup", Time since last: 1000613563 ns, Reaching safepoint: 146551 ns, At safepoint: 5565 ns, Total: 152116 ns
[2020-05-20T10:50:05.657+0000][1084][safepoint    ] Safepoint "Cleanup", Time since last: 1000082087 ns, Reaching safepoint: 127536 ns, At safepoint: 5565 ns, Total: 133101 ns
[2020-05-20T10:50:06.657+0000][1084][safepoint    ] Safepoint "Cleanup", Time since last: 1000024580 ns, Reaching safepoint: 146086 ns, At safepoint: 8348 ns, Total: 154434 ns
[2020-05-20T10:50:08.657+0000][1084][safepoint    ] Safepoint "Cleanup", Time since last: 2000070493 ns, Reaching safepoint: 153043 ns, At safepoint: 5101 ns, Total: 158144 ns
[2020-05-20T10:50:09.658+0000][1084][safepoint    ] Safepoint "Cleanup", Time since last: 1000383535 ns, Reaching safepoint: 130319 ns, At safepoint: 5565 ns, Total: 135884 ns
[2020-05-20T10:50:10.659+0000][1084][safepoint    ] Safepoint "Cleanup", Time since last: 1000870027 ns, Reaching safepoint: 107130 ns, At safepoint: 3247 ns, Total: 110377 ns
[2020-05-20T10:50:11.659+0000][1084][safepoint    ] Safepoint "Cleanup", Time since last: 1000413680 ns, Reaching safepoint: 104347 ns, At safepoint: 5102 ns, Total: 109449 ns
[2020-05-20T10:50:13.660+0000][1084][safepoint    ] Safepoint "Cleanup", Time since last: 2000455883 ns, Reaching safepoint: 124753 ns, At safepoint: 6029 ns, Total: 130782 ns
[2020-05-20T10:50:14.660+0000][1084][safepoint    ] Safepoint "Cleanup", Time since last: 1000078841 ns, Reaching safepoint: 141912 ns, At safepoint: 5102 ns, Total: 147014 ns
[2020-05-20T10:50:15.661+0000][1084][safepoint    ] Safepoint "Cleanup", Time since last: 1000700752 ns, Reaching safepoint: 91826 ns, At safepoint: 2782 ns, Total: 94608 ns
[2020-05-20T10:50:16.661+0000][1084][safepoint    ] Safepoint "Cleanup", Time since last: 1000447072 ns, Reaching safepoint: 144695 ns, At safepoint: 5565 ns, Total: 150260 ns
[2020-05-20T10:50:17.662+0000][1084][safepoint    ] Safepoint "Cleanup", Time since last: 1000216579 ns, Reaching safepoint: 133102 ns, At safepoint: 2782 ns, Total: 135884 ns
[2020-05-20T10:50:18.663+0000][1084][safepoint    ] Safepoint "Cleanup", Time since last: 1000844520 ns, Reaching safepoint: 122434 ns, At safepoint: 5102 ns, Total: 127536 ns
[2020-05-20T10:50:19.664+0000][1084][safepoint    ] Safepoint "Cleanup", Time since last: 1000901563 ns, Reaching safepoint: 217507 ns, At safepoint: 4174 ns, Total: 221681 ns
[2020-05-20T10:50:20.665+0000][1084][safepoint    ] Safepoint "Cleanup", Time since last: 1000558375 ns, Reaching safepoint: 168811 ns, At safepoint: 7884 ns, Total: 176695 ns
[2020-05-20T10:50:21.665+0000][1084][safepoint    ] Safepoint "Cleanup", Time since last: 1000418318 ns, Reaching safepoint: 115478 ns, At safepoint: 5102 ns, Total: 120580 ns
[2020-05-20T10:50:22.666+0000][1084][safepoint    ] Safepoint "Cleanup", Time since last: 1000230028 ns, Reaching safepoint: 122898 ns, At safepoint: 6493 ns, Total: 129391 ns
[2020-05-20T10:50:24.352+0000][1084][safepoint    ] Safepoint "Cleanup", Time since last: 1686717944 ns, Reaching safepoint: 133101 ns, At safepoint: 5565 ns, Total: 138666 ns
[2020-05-20T10:50:25.353+0000][1084][safepoint    ] Safepoint "Cleanup", Time since last: 1000588521 ns, Reaching safepoint: 119652 ns, At safepoint: 7420 ns, Total: 127072 ns
[2020-05-20T10:50:26.354+0000][1084][safepoint    ] Safepoint "Cleanup", Time since last: 1000563941 ns, Reaching safepoint: 123825 ns, At safepoint: 4638 ns, Total: 128463 ns
[2020-05-20T10:50:27.355+0000][1084][safepoint    ] Safepoint "Cleanup", Time since last: 1000757332 ns, Reaching safepoint: 131709 ns, At safepoint: 6493 ns, Total: 138202 ns
[2020-05-20T10:50:28.355+0000][1084][safepoint    ] Safepoint "Cleanup", Time since last: 1000341797 ns, Reaching safepoint: 156289 ns, At safepoint: 11130 ns, Total: 167419 ns
[2020-05-20T10:50:29.356+0000][1084][safepoint    ] Safepoint "Cleanup", Time since last: 1000691013 ns, Reaching safepoint: 134493 ns, At safepoint: 5101 ns, Total: 139594 ns
[2020-05-20T10:50:30.357+0000][1084][safepoint    ] Safepoint "Cleanup", Time since last: 1000377970 ns, Reaching safepoint: 126609 ns, At safepoint: 6492 ns, Total: 133101 ns
[2020-05-20T10:50:32.357+0000][1084][safepoint    ] Safepoint "Cleanup", Time since last: 2000172522 ns, Reaching safepoint: 146086 ns, At safepoint: 5566 ns, Total: 151652 ns
[2020-05-20T10:50:33.358+0000][1084][safepoint    ] Safepoint "Cleanup", Time since last: 1000665505 ns, Reaching safepoint: 118261 ns, At safepoint: 3246 ns, Total: 121507 ns
[2020-05-20T10:50:34.358+0000][1084][safepoint    ] Safepoint "Cleanup", Time since last: 1000119652 ns, Reaching safepoint: 126145 ns, At safepoint: 4638 ns, Total: 130783 ns
[2020-05-20T10:50:35.359+0000][1084][safepoint    ] Safepoint "Cleanup", Time since last: 1000424346 ns, Reaching safepoint: 113623 ns, At safepoint: 4638 ns, Total: 118261 ns
[2020-05-20T10:50:37.365+0000][1084][safepoint    ] Safepoint "Cleanup", Time since last: 2000934954 ns, Reaching safepoint: 5044394 ns, At safepoint: 7884 ns, Total: 5052278 ns
[2020-05-20T10:50:38.365+0000][1084][safepoint    ] Safepoint "Cleanup", Time since last: 1000037102 ns, Reaching safepoint: 121971 ns, At safepoint: 4637 ns, Total: 126608 ns
[2020-05-20T10:50:39.365+0000][1084][safepoint    ] Safepoint "Cleanup", Time since last: 1000052406 ns, Reaching safepoint: 148869 ns, At safepoint: 5565 ns, Total: 154434 ns
[2020-05-20T10:50:40.365+0000][1084][safepoint    ] Safepoint "Cleanup", Time since last: 1000358028 ns, Reaching safepoint: 115015 ns, At safepoint: 5565 ns, Total: 120580 ns
[2020-05-20T10:50:41.366+0000][1084][safepoint    ] Safepoint "Cleanup", Time since last: 1000554202 ns, Reaching safepoint: 146086 ns, At safepoint: 6957 ns, Total: 153043 ns
[2020-05-20T10:50:42.366+0000][1084][safepoint    ] Safepoint "Cleanup", Time since last: 1000009739 ns, Reaching safepoint: 95072 ns, At safepoint: 3246 ns, Total: 98318 ns
[2020-05-20T10:50:43.366+0000][1084][safepoint    ] Safepoint "Cleanup", Time since last: 1000124754 ns, Reaching safepoint: 126608 ns, At safepoint: 5565 ns, Total: 132173 ns
[2020-05-20T10:50:44.367+0000][1084][safepoint    ] Safepoint "Cleanup", Time since last: 1000741564 ns, Reaching safepoint: 109913 ns, At safepoint: 6029 ns, Total: 115942 ns
[2020-05-20T10:50:45.368+0000][1084][safepoint    ] Safepoint "Cleanup", Time since last: 1000362665 ns, Reaching safepoint: 126609 ns, At safepoint: 5101 ns, Total: 131710 ns
[2020-05-20T10:50:46.368+0000][1084][safepoint    ] Safepoint "Cleanup", Time since last: 1000125681 ns, Reaching safepoint: 90435 ns, At safepoint: 3246 ns, Total: 93681 ns
[2020-05-20T10:50:47.436+0000][1084][safepoint    ] Safepoint "Cleanup", Time since last: 1000115942 ns, Reaching safepoint: 67906625 ns, At safepoint: 23188 ns, Total: 67929813 ns
[2020-05-20T10:50:48.439+0000][1084][safepoint    ] Safepoint "Cleanup", Time since last: 1002367995 ns, Reaching safepoint: 130782 ns, At safepoint: 8348 ns, Total: 139130 ns
[2020-05-20T10:50:49.439+0000][1084][safepoint    ] Safepoint "Cleanup", Time since last: 1000601042 ns, Reaching safepoint: 101101 ns, At safepoint: 6029 ns, Total: 107130 ns
[2020-05-20T10:50:50.466+0000][1084][safepoint    ] Safepoint "Cleanup", Time since last: 1000820404 ns, Reaching safepoint: 25993215 ns, At safepoint: 41275 ns, Total: 26034490 ns
[2020-05-20T10:50:51.467+0000][1084][safepoint    ] Safepoint "Cleanup", Time since last: 1000850085 ns, Reaching safepoint: 130783 ns, At safepoint: 4637 ns, Total: 135420 ns
[2020-05-20T10:50:52.471+0000][1084][safepoint    ] Safepoint "Cleanup", Time since last: 1000230029 ns, Reaching safepoint: 3170311 ns, At safepoint: 18087 ns, Total: 3188398 ns
[2020-05-20T10:50:54.471+0000][1084][safepoint    ] Safepoint "Cleanup", Time since last: 2000141913 ns, Reaching safepoint: 145159 ns, At safepoint: 7420 ns, Total: 152579 ns
[2020-05-20T10:50:55.472+0000][1084][safepoint    ] Safepoint "Cleanup", Time since last: 1000695651 ns, Reaching safepoint: 87652 ns, At safepoint: 3246 ns, Total: 90898 ns
[2020-05-20T10:50:56.472+0000][1084][safepoint    ] Safepoint "Cleanup", Time since last: 1000141913 ns, Reaching safepoint: 100637 ns, At safepoint: 5102 ns, Total: 105739 ns
[2020-05-20T10:50:57.472+0000][1084][safepoint    ] Safepoint "Cleanup", Time since last: 1000341332 ns, Reaching safepoint: 86261 ns, At safepoint: 3246 ns, Total: 89507 ns
[2020-05-20T10:50:58.473+0000][1084][safepoint    ] Safepoint "Cleanup", Time since last: 1000700752 ns, Reaching safepoint: 108522 ns, At safepoint: 6029 ns, Total: 114551 ns
[2020-05-20T10:50:59.474+0000][1084][safepoint    ] Safepoint "Cleanup", Time since last: 1000494376 ns, Reaching safepoint: 93217 ns, At safepoint: 3246 ns, Total: 96463 ns
[2020-05-20T10:51:00.474+0000][1084][safepoint    ] Safepoint "Cleanup", Time since last: 1000018087 ns, Reaching safepoint: 80232 ns, At safepoint: 2782 ns, Total: 83014 ns
[2020-05-20T10:51:01.479+0000][1084][safepoint    ] Safepoint "Cleanup", Time since last: 1004962771 ns, Reaching safepoint: 90435 ns, At safepoint: 3710 ns, Total: 94145 ns
[2020-05-20T10:51:02.479+0000][1084][safepoint    ] Safepoint "Cleanup", Time since last: 1000082087 ns, Reaching safepoint: 175768 ns, At safepoint: 9275 ns, Total: 185043 ns
[2020-05-20T10:51:03.480+0000][1084][safepoint    ] Safepoint "Cleanup", Time since last: 1000459129 ns, Reaching safepoint: 132638 ns, At safepoint: 5565 ns, Total: 138203 ns
[2020-05-20T10:51:04.480+0000][1084][safepoint    ] Safepoint "Cleanup", Time since last: 1000479535 ns, Reaching safepoint: 153043 ns, At safepoint: 11594 ns, Total: 164637 ns
[2020-05-20T10:51:05.830+0000][1084][safepoint    ] Safepoint "Cleanup", Time since last: 1349563943 ns, Reaching safepoint: 133565 ns, At safepoint: 5565 ns, Total: 139130 ns
[2020-05-20T10:51:06.847+0000][1084][safepoint    ] Safepoint "Cleanup", Time since last: 1016417817 ns, Reaching safepoint: 131710 ns, At safepoint: 3247 ns, Total: 134957 ns
[2020-05-20T10:51:07.864+0000][1084][safepoint    ] Safepoint "Cleanup", Time since last: 1017441350 ns, Reaching safepoint: 95073 ns, At safepoint: 3246 ns, Total: 98319 ns
[2020-05-20T10:51:08.865+0000][1084][safepoint    ] Safepoint "Cleanup", Time since last: 1000640926 ns, Reaching safepoint: 101565 ns, At safepoint: 2783 ns, Total: 104348 ns
[2020-05-20T10:51:09.866+0000][1084][safepoint    ] Safepoint "Cleanup", Time since last: 1000771708 ns, Reaching safepoint: 108522 ns, At safepoint: 5101 ns, Total: 113623 ns
[2020-05-20T10:51:10.866+0000][1084][safepoint    ] Safepoint "Cleanup", Time since last: 1000188753 ns, Reaching safepoint: 108522 ns, At safepoint: 4174 ns, Total: 112696 ns
[2020-05-20T10:51:11.867+0000][1084][safepoint    ] Safepoint "Cleanup", Time since last: 1000684520 ns, Reaching safepoint: 125217 ns, At safepoint: 6956 ns, Total: 132173 ns
[2020-05-20T10:51:12.900+0000][1084][safepoint    ] Safepoint "Cleanup", Time since last: 1020026389 ns, Reaching safepoint: 13078694 ns, At safepoint: 15768 ns, Total: 13094462 ns
[2020-05-20T10:51:14.041+0000][1084][safepoint    ] Safepoint "Cleanup", Time since last: 1000729506 ns, Reaching safepoint: 140143907 ns, At safepoint: 59826 ns, Total: 140203733 ns
[2020-05-20T10:51:16.041+0000][1084][safepoint    ] Safepoint "Cleanup", Time since last: 2000169738 ns, Reaching safepoint: 161855 ns, At safepoint: 8812 ns, Total: 170667 ns
[2020-05-20T10:51:17.141+0000][1084][safepoint    ] Safepoint "Cleanup", Time since last: 1000864461 ns, Reaching safepoint: 98580177 ns, At safepoint: 71884 ns, Total: 98652061 ns
[2020-05-20T10:51:18.142+0000][1084][safepoint    ] Safepoint "Cleanup", Time since last: 1000658086 ns, Reaching safepoint: 89507 ns, At safepoint: 2782 ns, Total: 92289 ns
[2020-05-20T10:51:19.142+0000][1084][safepoint    ] Safepoint "Cleanup", Time since last: 1000165565 ns, Reaching safepoint: 126145 ns, At safepoint: 4638 ns, Total: 130783 ns
[2020-05-20T10:51:21.142+0000][1084][safepoint    ] Safepoint "Cleanup", Time since last: 2000100173 ns, Reaching safepoint: 138667 ns, At safepoint: 6029 ns, Total: 144696 ns
[2020-05-20T10:51:22.143+0000][1084][safepoint    ] Safepoint "Cleanup", Time since last: 1000480462 ns, Reaching safepoint: 101101 ns, At safepoint: 4638 ns, Total: 105739 ns
[2020-05-20T10:51:23.143+0000][1084][safepoint    ] Safepoint "Cleanup", Time since last: 1000044058 ns, Reaching safepoint: 102029 ns, At safepoint: 3246 ns, Total: 105275 ns
[2020-05-20T10:51:24.144+0000][1084][safepoint    ] Safepoint "Cleanup", Time since last: 1000601506 ns, Reaching safepoint: 95536 ns, At safepoint: 4638 ns, Total: 100174 ns
[2020-05-20T10:51:25.144+0000][1084][safepoint    ] Safepoint "Cleanup", Time since last: 1000363129 ns, Reaching safepoint: 147014 ns, At safepoint: 7884 ns, Total: 154898 ns
[2020-05-20T10:51:27.145+0000][1084][safepoint    ] Safepoint "Cleanup", Time since last: 2000594086 ns, Reaching safepoint: 113623 ns, At safepoint: 4174 ns, Total: 117797 ns
[2020-05-20T10:51:28.145+0000][1084][safepoint    ] Safepoint "Cleanup", Time since last: 1000232811 ns, Reaching safepoint: 127072 ns, At safepoint: 5101 ns, Total: 132173 ns
[2020-05-20T10:51:30.146+0000][1084][safepoint    ] Safepoint "Cleanup", Time since last: 2000426202 ns, Reaching safepoint: 128000 ns, At safepoint: 5102 ns, Total: 133102 ns
[2020-05-20T10:51:31.146+0000][1084][safepoint    ] Safepoint "Cleanup", Time since last: 1000081623 ns, Reaching safepoint: 121043 ns, At safepoint: 7420 ns, Total: 128463 ns
[2020-05-20T10:51:32.146+0000][1084][safepoint    ] Safepoint "Cleanup", Time since last: 1000096000 ns, Reaching safepoint: 118724 ns, At safepoint: 4638 ns, Total: 123362 ns
[2020-05-20T10:51:33.147+0000][1084][safepoint    ] Safepoint "Cleanup", Time since last: 1000777737 ns, Reaching safepoint: 141913 ns, At safepoint: 5565 ns, Total: 147478 ns
[2020-05-20T10:51:34.148+0000][1084][safepoint    ] Safepoint "Cleanup", Time since last: 1000696578 ns, Reaching safepoint: 138203 ns, At safepoint: 5565 ns, Total: 143768 ns
[2020-05-20T10:51:35.148+0000][1084][safepoint    ] Safepoint "Cleanup", Time since last: 1000125217 ns, Reaching safepoint: 95536 ns, At safepoint: 2783 ns, Total: 98319 ns
[2020-05-20T10:51:36.158+0000][1084][safepoint    ] Safepoint "Cleanup", Time since last: 1000428057 ns, Reaching safepoint: 9033254 ns, At safepoint: 14841 ns, Total: 9048095 ns
[2020-05-20T10:51:37.158+0000][1084][safepoint    ] Safepoint "Cleanup", Time since last: 1000300057 ns, Reaching safepoint: 140058 ns, At safepoint: 5101 ns, Total: 145159 ns
[2020-05-20T10:51:38.159+0000][1084][safepoint    ] Safepoint "Cleanup", Time since last: 1000595013 ns, Reaching safepoint: 124753 ns, At safepoint: 5102 ns, Total: 129855 ns
[2020-05-20T10:51:39.159+0000][1084][safepoint    ] Safepoint "Cleanup", Time since last: 1000197565 ns, Reaching safepoint: 114550 ns, At safepoint: 5101 ns, Total: 119651 ns
[2020-05-20T10:51:41.159+0000][1084][safepoint    ] Safepoint "Cleanup", Time since last: 2000291246 ns, Reaching safepoint: 107594 ns, At safepoint: 3710 ns, Total: 111304 ns
[2020-05-20T10:51:42.160+0000][1084][safepoint    ] Safepoint "Cleanup", Time since last: 1000170667 ns, Reaching safepoint: 113159 ns, At safepoint: 6029 ns, Total: 119188 ns
[2020-05-20T10:51:43.160+0000][1084][safepoint    ] Safepoint "Cleanup", Time since last: 1000033855 ns, Reaching safepoint: 95999 ns, At safepoint: 3247 ns, Total: 99246 ns
[2020-05-20T10:51:44.161+0000][1084][safepoint    ] Safepoint "Cleanup", Time since last: 1000600578 ns, Reaching safepoint: 173913 ns, At safepoint: 5565 ns, Total: 179478 ns
[2020-05-20T10:51:45.161+0000][1084][safepoint    ] Safepoint "Cleanup", Time since last: 1000671071 ns, Reaching safepoint: 128463 ns, At safepoint: 4638 ns, Total: 133101 ns
[2020-05-20T10:51:46.162+0000][1084][safepoint    ] Safepoint "Cleanup", Time since last: 1000482782 ns, Reaching safepoint: 157217 ns, At safepoint: 8811 ns, Total: 166028 ns
[2020-05-20T10:51:47.163+0000][1084][safepoint    ] Safepoint "Cleanup", Time since last: 1000622839 ns, Reaching safepoint: 108522 ns, At safepoint: 3246 ns, Total: 111768 ns
[2020-05-20T10:51:48.163+0000][1084][safepoint    ] Safepoint "Cleanup", Time since last: 1000158145 ns, Reaching safepoint: 113159 ns, At safepoint: 5565 ns, Total: 118724 ns
[2020-05-20T10:51:49.164+0000][1084][safepoint    ] Safepoint "Cleanup", Time since last: 1000753621 ns, Reaching safepoint: 114551 ns, At safepoint: 3246 ns, Total: 117797 ns
[2020-05-20T10:51:50.165+0000][1084][safepoint    ] Safepoint "Cleanup", Time since last: 1000781448 ns, Reaching safepoint: 99246 ns, At safepoint: 3246 ns, Total: 102492 ns
[2020-05-20T10:51:51.165+0000][1084][safepoint    ] Safepoint "Cleanup", Time since last: 1000383536 ns, Reaching safepoint: 113159 ns, At safepoint: 3710 ns, Total: 116869 ns
[2020-05-20T10:51:52.166+0000][1084][safepoint    ] Safepoint "Cleanup", Time since last: 1000462839 ns, Reaching safepoint: 132174 ns, At safepoint: 7420 ns, Total: 139594 ns
[2020-05-20T10:51:53.166+0000][1084][safepoint    ] Safepoint "Cleanup", Time since last: 1000129855 ns, Reaching safepoint: 103884 ns, At safepoint: 5101 ns, Total: 108985 ns
[2020-05-20T10:51:54.166+0000][1084][safepoint    ] Safepoint "Cleanup", Time since last: 1000038957 ns, Reaching safepoint: 189680 ns, At safepoint: 10667 ns, Total: 200347 ns
[2020-05-20T10:51:55.167+0000][1084][safepoint    ] Safepoint "Cleanup", Time since last: 1000406260 ns, Reaching safepoint: 104348 ns, At safepoint: 5101 ns, Total: 109449 ns
[2020-05-20T10:51:56.167+0000][1084][safepoint    ] Safepoint "Cleanup", Time since last: 1000238376 ns, Reaching safepoint: 147478 ns, At safepoint: 3710 ns, Total: 151188 ns
[2020-05-20T10:51:57.168+0000][1084][safepoint    ] Safepoint "Cleanup", Time since last: 1000078841 ns, Reaching safepoint: 191072 ns, At safepoint: 8811 ns, Total: 199883 ns
[2020-05-20T10:51:58.169+0000][1084][safepoint    ] Safepoint "Cleanup", Time since last: 1000718376 ns, Reaching safepoint: 141448 ns, At safepoint: 6957 ns, Total: 148405 ns
[2020-05-20T10:51:59.169+0000][1084][safepoint    ] Safepoint "Cleanup", Time since last: 1000292173 ns, Reaching safepoint: 86725 ns, At safepoint: 4637 ns, Total: 91362 ns
[2020-05-20T10:52:00.170+0000][1084][safepoint    ] Safepoint "Cleanup", Time since last: 1000755013 ns, Reaching safepoint: 128000 ns, At safepoint: 7420 ns, Total: 135420 ns
[2020-05-20T10:52:01.170+0000][1084][safepoint    ] Safepoint "Cleanup", Time since last: 1000481854 ns, Reaching safepoint: 145159 ns, At safepoint: 5565 ns, Total: 150724 ns
[2020-05-20T10:52:02.171+0000][1084][safepoint    ] Safepoint "Cleanup", Time since last: 1000638608 ns, Reaching safepoint: 133564 ns, At safepoint: 7884 ns, Total: 141448 ns
[2020-05-20T10:52:03.172+0000][1084][safepoint    ] Safepoint "Cleanup", Time since last: 1000829216 ns, Reaching safepoint: 102956 ns, At safepoint: 3710 ns, Total: 106666 ns
[2020-05-20T10:52:04.173+0000][1084][safepoint    ] Safepoint "Cleanup", Time since last: 1000330666 ns, Reaching safepoint: 147478 ns, At safepoint: 7420 ns, Total: 154898 ns
[2020-05-20T10:52:06.173+0000][1084][safepoint    ] Safepoint "Cleanup", Time since last: 2000461912 ns, Reaching safepoint: 183188 ns, At safepoint: 9739 ns, Total: 192927 ns
[2020-05-20T10:52:08.174+0000][1084][safepoint    ] Safepoint "Cleanup", Time since last: 2000362666 ns, Reaching safepoint: 83015 ns, At safepoint: 17159 ns, Total: 100174 ns
[2020-05-20T10:52:09.174+0000][1084][safepoint    ] Safepoint "Cleanup", Time since last: 1000645564 ns, Reaching safepoint: 136347 ns, At safepoint: 4638 ns, Total: 140985 ns
[2020-05-20T10:52:11.175+0000][1084][safepoint    ] Safepoint "Cleanup", Time since last: 2000139130 ns, Reaching safepoint: 110377 ns, At safepoint: 5101 ns, Total: 115478 ns
[2020-05-20T10:52:13.175+0000][1084][safepoint    ] Safepoint "Cleanup", Time since last: 2000057507 ns, Reaching safepoint: 108985 ns, At safepoint: 6493 ns, Total: 115478 ns
[2020-05-20T10:52:14.175+0000][1084][safepoint    ] Safepoint "Cleanup", Time since last: 1000114551 ns, Reaching safepoint: 131709 ns, At safepoint: 5566 ns, Total: 137275 ns
[2020-05-20T10:52:15.176+0000][1084][safepoint    ] Safepoint "Cleanup", Time since last: 1000469796 ns, Reaching safepoint: 127999 ns, At safepoint: 7884 ns, Total: 135883 ns
[2020-05-20T10:52:16.177+0000][1084][safepoint    ] Safepoint "Cleanup", Time since last: 1000751303 ns, Reaching safepoint: 77449 ns, At safepoint: 8812 ns, Total: 86261 ns
[2020-05-20T10:52:17.177+0000][1084][safepoint    ] Safepoint "Cleanup", Time since last: 1000657158 ns, Reaching safepoint: 164173 ns, At safepoint: 17623 ns, Total: 181796 ns
[2020-05-20T10:52:18.208+0000][1084][safepoint    ] Safepoint "Cleanup", Time since last: 1011390583 ns, Reaching safepoint: 19175375 ns, At safepoint: 37565 ns, Total: 19212940 ns
[2020-05-20T10:52:19.227+0000][1084][safepoint    ] Safepoint "Cleanup", Time since last: 1000401623 ns, Reaching safepoint: 18278450 ns, At safepoint: 60754 ns, Total: 18339204 ns
[2020-05-20T10:52:20.227+0000][1084][safepoint    ] Safepoint "Cleanup", Time since last: 1000461912 ns, Reaching safepoint: 128463 ns, At safepoint: 5565 ns, Total: 134028 ns
[2020-05-20T10:52:21.228+0000][1084][safepoint    ] Safepoint "Cleanup", Time since last: 1000030145 ns, Reaching safepoint: 151652 ns, At safepoint: 5565 ns, Total: 157217 ns
[2020-05-20T10:52:22.228+0000][1084][safepoint    ] Safepoint "Cleanup", Time since last: 1000729042 ns, Reaching safepoint: 125681 ns, At safepoint: 4637 ns, Total: 130318 ns
[2020-05-20T10:52:23.229+0000][1084][safepoint    ] Safepoint "Cleanup", Time since last: 1000562086 ns, Reaching safepoint: 92753 ns, At safepoint: 2783 ns, Total: 95536 ns
[2020-05-20T10:52:24.230+0000][1084][safepoint    ] Safepoint "Cleanup", Time since last: 1000698897 ns, Reaching safepoint: 133101 ns, At safepoint: 5102 ns, Total: 138203 ns
[2020-05-20T10:52:25.281+0000][1084][safepoint    ] Safepoint "Cleanup", Time since last: 1000390955 ns, Reaching safepoint: 50998143 ns, At safepoint: 158608 ns, Total: 51156751 ns
[2020-05-20T10:52:26.282+0000][1084][safepoint    ] Safepoint "Cleanup", Time since last: 1000542144 ns, Reaching safepoint: 89507 ns, At safepoint: 14377 ns, Total: 103884 ns
[2020-05-20T10:52:27.283+0000][1084][safepoint    ] Safepoint "Cleanup", Time since last: 1000543071 ns, Reaching safepoint: 85797 ns, At safepoint: 47304 ns, Total: 133101 ns
[2020-05-20T10:52:28.284+0000][1084][safepoint    ] Safepoint "Cleanup", Time since last: 1000556520 ns, Reaching safepoint: 198493 ns, At safepoint: 11594 ns, Total: 210087 ns
[2020-05-20T10:52:29.284+0000][1084][safepoint    ] Safepoint "Cleanup", Time since last: 1000070956 ns, Reaching safepoint: 160927 ns, At safepoint: 9276 ns, Total: 170203 ns
[2020-05-20T10:52:30.284+0000][1084][safepoint    ] Safepoint "Cleanup", Time since last: 1000073275 ns, Reaching safepoint: 185043 ns, At safepoint: 9739 ns, Total: 194782 ns
[2020-05-20T10:52:32.284+0000][1084][safepoint    ] Safepoint "Cleanup", Time since last: 1999993507 ns, Reaching safepoint: 130319 ns, At safepoint: 48232 ns, Total: 178551 ns
[2020-05-20T10:52:34.285+0000][1084][safepoint    ] Safepoint "Cleanup", Time since last: 2000709099 ns, Reaching safepoint: 166029 ns, At safepoint: 7884 ns, Total: 173913 ns
[2020-05-20T10:52:35.286+0000][1084][safepoint    ] Safepoint "Cleanup", Time since last: 1000840346 ns, Reaching safepoint: 123826 ns, At safepoint: 6956 ns, Total: 130782 ns
[2020-05-20T10:52:36.287+0000][1084][safepoint    ] Safepoint "Cleanup", Time since last: 1000346434 ns, Reaching safepoint: 113623 ns, At safepoint: 5102 ns, Total: 118725 ns
[2020-05-20T10:52:38.288+0000][1084][safepoint    ] Safepoint "Cleanup", Time since last: 2000732288 ns, Reaching safepoint: 156753 ns, At safepoint: 6493 ns, Total: 163246 ns
[2020-05-20T10:52:39.288+0000][1084][safepoint    ] Safepoint "Cleanup", Time since last: 1000049623 ns, Reaching safepoint: 124753 ns, At safepoint: 5565 ns, Total: 130318 ns
[2020-05-20T10:52:40.288+0000][1084][safepoint    ] Safepoint "Cleanup", Time since last: 1000652984 ns, Reaching safepoint: 116406 ns, At safepoint: 6956 ns, Total: 123362 ns
[2020-05-20T10:52:42.289+0000][1084][safepoint    ] Safepoint "Cleanup", Time since last: 2000428057 ns, Reaching safepoint: 74667 ns, At safepoint: 2783 ns, Total: 77450 ns
[2020-05-20T10:52:44.290+0000][1084][safepoint    ] Safepoint "Cleanup", Time since last: 2000466085 ns, Reaching safepoint: 131710 ns, At safepoint: 6493 ns, Total: 138203 ns
[2020-05-20T10:52:45.290+0000][1084][safepoint    ] Safepoint "Cleanup", Time since last: 1000512463 ns, Reaching safepoint: 83941 ns, At safepoint: 2783 ns, Total: 86724 ns
[2020-05-20T10:52:46.291+0000][1084][safepoint    ] Safepoint "Cleanup", Time since last: 1000220753 ns, Reaching safepoint: 207304 ns, At safepoint: 8348 ns, Total: 215652 ns
[2020-05-20T10:52:47.291+0000][1084][safepoint    ] Safepoint "Cleanup", Time since last: 1000584810 ns, Reaching safepoint: 115478 ns, At safepoint: 5565 ns, Total: 121043 ns
[2020-05-20T10:52:48.292+0000][1084][safepoint    ] Safepoint "Cleanup", Time since last: 1000755013 ns, Reaching safepoint: 137275 ns, At safepoint: 6957 ns, Total: 144232 ns
[2020-05-20T10:52:49.293+0000][1084][safepoint    ] Safepoint "Cleanup", Time since last: 1000303303 ns, Reaching safepoint: 130319 ns, At safepoint: 5565 ns, Total: 135884 ns
[2020-05-20T10:52:50.294+0000][1084][safepoint    ] Safepoint "Cleanup", Time since last: 1000796288 ns, Reaching safepoint: 108521 ns, At safepoint: 3247 ns, Total: 111768 ns
[2020-05-20T10:52:51.294+0000][1084][safepoint    ] Safepoint "Cleanup", Time since last: 1000614955 ns, Reaching safepoint: 153043 ns, At safepoint: 3710 ns, Total: 156753 ns
[2020-05-20T10:52:52.295+0000][1084][safepoint    ] Safepoint "Cleanup", Time since last: 1000029681 ns, Reaching safepoint: 166956 ns, At safepoint: 5102 ns, Total: 172058 ns
[2020-05-20T10:52:53.295+0000][1084][safepoint    ] Safepoint "Cleanup", Time since last: 1000381680 ns, Reaching safepoint: 138203 ns, At safepoint: 7420 ns, Total: 145623 ns
[2020-05-20T10:52:54.296+0000][1084][safepoint    ] Safepoint "Cleanup", Time since last: 1000316289 ns, Reaching safepoint: 149333 ns, At safepoint: 7884 ns, Total: 157217 ns
[2020-05-20T10:52:55.296+0000][1084][safepoint    ] Safepoint "Cleanup", Time since last: 1000651593 ns, Reaching safepoint: 248115 ns, At safepoint: 7884 ns, Total: 255999 ns
[2020-05-20T10:52:57.297+0000][1084][safepoint    ] Safepoint "Cleanup", Time since last: 2000241159 ns, Reaching safepoint: 255072 ns, At safepoint: 7420 ns, Total: 262492 ns
[2020-05-20T10:52:58.636+0000][1084][safepoint    ] Safepoint "Cleanup", Time since last: 1331362478 ns, Reaching safepoint: 7489838 ns, At safepoint: 62145 ns, Total: 7551983 ns
[2020-05-20T10:52:59.637+0000][1084][safepoint    ] Safepoint "Cleanup", Time since last: 1001125562 ns, Reaching safepoint: 133565 ns, At safepoint: 7884 ns, Total: 141449 ns
[2020-05-20T10:53:00.637+0000][1084][safepoint    ] Safepoint "Cleanup", Time since last: 1000209623 ns, Reaching safepoint: 126145 ns, At safepoint: 8811 ns, Total: 134956 ns
[2020-05-20T10:53:02.638+0000][1084][safepoint    ] Safepoint "Cleanup", Time since last: 2000291246 ns, Reaching safepoint: 96463 ns, At safepoint: 4638 ns, Total: 101101 ns
[2020-05-20T10:53:03.640+0000][1084][safepoint    ] Safepoint "Cleanup", Time since last: 1000583419 ns, Reaching safepoint: 1030027 ns, At safepoint: 53797 ns, Total: 1083824 ns
[2020-05-20T10:53:04.640+0000][1084][safepoint    ] Safepoint "Cleanup", Time since last: 1000175303 ns, Reaching safepoint: 121044 ns, At safepoint: 4637 ns, Total: 125681 ns
[2020-05-20T10:53:05.640+0000][1084][safepoint    ] Safepoint "Cleanup", Time since last: 1000456811 ns, Reaching safepoint: 102956 ns, At safepoint: 4174 ns, Total: 107130 ns
[2020-05-20T10:53:06.641+0000][1084][safepoint    ] Safepoint "Cleanup", Time since last: 1000336231 ns, Reaching safepoint: 116869 ns, At safepoint: 2783 ns, Total: 119652 ns
[2020-05-20T10:53:07.641+0000][1084][safepoint    ] Safepoint "Cleanup", Time since last: 1000402086 ns, Reaching safepoint: 96464 ns, At safepoint: 3246 ns, Total: 99710 ns
[2020-05-20T10:53:08.642+0000][1084][safepoint    ] Safepoint "Cleanup", Time since last: 1000274086 ns, Reaching safepoint: 82087 ns, At safepoint: 4174 ns, Total: 86261 ns
[2020-05-20T10:53:09.643+0000][1084][safepoint    ] Safepoint "Cleanup", Time since last: 1000774027 ns, Reaching safepoint: 81623 ns, At safepoint: 4638 ns, Total: 86261 ns
[2020-05-20T10:53:10.643+0000][1084][safepoint    ] Safepoint "Cleanup", Time since last: 1000252289 ns, Reaching safepoint: 133101 ns, At safepoint: 3710 ns, Total: 136811 ns
[2020-05-20T10:53:11.644+0000][1084][safepoint    ] Safepoint "Cleanup", Time since last: 1000726723 ns, Reaching safepoint: 79305 ns, At safepoint: 2782 ns, Total: 82087 ns
[2020-05-20T10:53:12.645+0000][1084][safepoint    ] Safepoint "Cleanup", Time since last: 1000737390 ns, Reaching safepoint: 91826 ns, At safepoint: 3246 ns, Total: 95072 ns
[2020-05-20T10:53:13.669+0000][1084][safepoint    ] Safepoint "Cleanup", Time since last: 1024287944 ns, Reaching safepoint: 128463 ns, At safepoint: 5102 ns, Total: 133565 ns
[2020-05-20T10:53:15.669+0000][1084][safepoint    ] Safepoint "Cleanup", Time since last: 2000260637 ns, Reaching safepoint: 118260 ns, At safepoint: 4638 ns, Total: 122898 ns
[2020-05-20T10:53:16.670+0000][1084][safepoint    ] Safepoint "Cleanup", Time since last: 1000553274 ns, Reaching safepoint: 104348 ns, At safepoint: 4637 ns, Total: 108985 ns
[2020-05-20T10:53:17.671+0000][1084][safepoint    ] Safepoint "Cleanup", Time since last: 1000244405 ns, Reaching safepoint: 135420 ns, At safepoint: 7421 ns, Total: 142841 ns
[2020-05-20T10:53:18.671+0000][1084][safepoint    ] Safepoint "Cleanup", Time since last: 1000198956 ns, Reaching safepoint: 106202 ns, At safepoint: 4638 ns, Total: 110840 ns
[2020-05-20T10:53:19.672+0000][1084][safepoint    ] Safepoint "Cleanup", Time since last: 1000691477 ns, Reaching safepoint: 119652 ns, At safepoint: 5101 ns, Total: 124753 ns
[2020-05-20T10:53:20.672+0000][1084][safepoint    ] Safepoint "Cleanup", Time since last: 1000630723 ns, Reaching safepoint: 85333 ns, At safepoint: 3247 ns, Total: 88580 ns
[2020-05-20T10:53:21.673+0000][1084][safepoint    ] Safepoint "Cleanup", Time since last: 1000025507 ns, Reaching safepoint: 111304 ns, At safepoint: 4638 ns, Total: 115942 ns
[2020-05-20T10:53:22.673+0000][1084][safepoint    ] Safepoint "Cleanup", Time since last: 1000550027 ns, Reaching safepoint: 128464 ns, At safepoint: 4638 ns, Total: 133102 ns
[2020-05-20T10:53:23.674+0000][1084][safepoint    ] Safepoint "Cleanup", Time since last: 1000544926 ns, Reaching safepoint: 95536 ns, At safepoint: 3246 ns, Total: 98782 ns
[2020-05-20T10:53:24.674+0000][1084][safepoint    ] Safepoint "Cleanup", Time since last: 1000222145 ns, Reaching safepoint: 158608 ns, At safepoint: 5101 ns, Total: 163709 ns
[2020-05-20T10:53:25.675+0000][1084][safepoint    ] Safepoint "Cleanup", Time since last: 1000742028 ns, Reaching safepoint: 149796 ns, At safepoint: 6029 ns, Total: 155825 ns
[2020-05-20T10:53:26.676+0000][1084][safepoint    ] Safepoint "Cleanup", Time since last: 1000841738 ns, Reaching safepoint: 142840 ns, At safepoint: 5565 ns, Total: 148405 ns
[2020-05-20T10:53:27.677+0000][1084][safepoint    ] Safepoint "Cleanup", Time since last: 1000419709 ns, Reaching safepoint: 136348 ns, At safepoint: 5565 ns, Total: 141913 ns
[2020-05-20T10:53:28.677+0000][1084][safepoint    ] Safepoint "Cleanup", Time since last: 1000095536 ns, Reaching safepoint: 125217 ns, At safepoint: 7420 ns, Total: 132637 ns
[2020-05-20T10:53:29.677+0000][1084][safepoint    ] Safepoint "Cleanup", Time since last: 1000370550 ns, Reaching safepoint: 111304 ns, At safepoint: 3247 ns, Total: 114551 ns
[2020-05-20T10:53:30.678+0000][1084][safepoint    ] Safepoint "Cleanup", Time since last: 1000295419 ns, Reaching safepoint: 134493 ns, At safepoint: 5565 ns, Total: 140058 ns
[2020-05-20T10:53:31.678+0000][1084][safepoint    ] Safepoint "Cleanup", Time since last: 1000092289 ns, Reaching safepoint: 129392 ns, At safepoint: 7420 ns, Total: 136812 ns
[2020-05-20T10:53:33.679+0000][1084][safepoint    ] Safepoint "Cleanup", Time since last: 2000428984 ns, Reaching safepoint: 115478 ns, At safepoint: 15768 ns, Total: 131246 ns
[2020-05-20T10:53:35.679+0000][1084][safepoint    ] Safepoint "Cleanup", Time since last: 2000093681 ns, Reaching safepoint: 96928 ns, At safepoint: 3246 ns, Total: 100174 ns
[2020-05-20T10:53:36.679+0000][1084][safepoint    ] Safepoint "Cleanup", Time since last: 1000252753 ns, Reaching safepoint: 97855 ns, At safepoint: 4174 ns, Total: 102029 ns
[2020-05-20T10:53:37.796+0000][1084][safepoint    ] Safepoint "Cleanup", Time since last: 1012385826 ns, Reaching safepoint: 103802194 ns, At safepoint: 358956 ns, Total: 104161150 ns
[2020-05-20T10:53:38.797+0000][1084][safepoint    ] Safepoint "Cleanup", Time since last: 1001196055 ns, Reaching safepoint: 148869 ns, At safepoint: 6493 ns, Total: 155362 ns
[2020-05-20T10:53:39.797+0000][1084][safepoint    ] Safepoint "Cleanup", Time since last: 1000001855 ns, Reaching safepoint: 162319 ns, At safepoint: 9739 ns, Total: 172058 ns
[2020-05-20T10:53:40.797+0000][1084][safepoint    ] Safepoint "Cleanup", Time since last: 1000154898 ns, Reaching safepoint: 145623 ns, At safepoint: 5565 ns, Total: 151188 ns
[2020-05-20T10:53:41.798+0000][1084][safepoint    ] Safepoint "Cleanup", Time since last: 1000285680 ns, Reaching safepoint: 156290 ns, At safepoint: 8812 ns, Total: 165102 ns
[2020-05-20T10:53:42.798+0000][1084][safepoint    ] Safepoint "Cleanup", Time since last: 1000111767 ns, Reaching safepoint: 120116 ns, At safepoint: 19942 ns, Total: 140058 ns
[2020-05-20T10:53:43.799+0000][1084][safepoint    ] Safepoint "Cleanup", Time since last: 1000294492 ns, Reaching safepoint: 141449 ns, At safepoint: 21333 ns, Total: 162782 ns
[2020-05-20T10:53:45.799+0000][1084][safepoint    ] Safepoint "Cleanup", Time since last: 2000210551 ns, Reaching safepoint: 132173 ns, At safepoint: 5102 ns, Total: 137275 ns
[2020-05-20T10:53:46.800+0000][1084][safepoint    ] Safepoint "Cleanup", Time since last: 1000371941 ns, Reaching safepoint: 103884 ns, At safepoint: 5101 ns, Total: 108985 ns
[2020-05-20T10:53:47.800+0000][1084][safepoint    ] Safepoint "Cleanup", Time since last: 1000097391 ns, Reaching safepoint: 150261 ns, At safepoint: 6029 ns, Total: 156290 ns
[2020-05-20T10:53:48.800+0000][1084][safepoint    ] Safepoint "Cleanup", Time since last: 1000549564 ns, Reaching safepoint: 138202 ns, At safepoint: 6957 ns, Total: 145159 ns
[2020-05-20T10:53:49.801+0000][1084][safepoint    ] Safepoint "Cleanup", Time since last: 1000753621 ns, Reaching safepoint: 110377 ns, At safepoint: 6492 ns, Total: 116869 ns
[2020-05-20T10:53:51.281+0000][1084][safepoint    ] Safepoint "Cleanup", Time since last: 1479680279 ns, Reaching safepoint: 89044 ns, At safepoint: 3246 ns, Total: 92290 ns
[2020-05-20T10:53:52.282+0000][1084][safepoint    ] Safepoint "Cleanup", Time since last: 1000694259 ns, Reaching safepoint: 148406 ns, At safepoint: 11594 ns, Total: 160000 ns
[2020-05-20T10:53:53.282+0000][1084][safepoint    ] Safepoint "Cleanup", Time since last: 1000089971 ns, Reaching safepoint: 121043 ns, At safepoint: 5565 ns, Total: 126608 ns
[2020-05-20T10:53:54.283+0000][1084][safepoint    ] Safepoint "Cleanup", Time since last: 1000255536 ns, Reaching safepoint: 134028 ns, At safepoint: 6493 ns, Total: 140521 ns
[2020-05-20T10:53:55.283+0000][1084][safepoint    ] Safepoint "Cleanup", Time since last: 1000531941 ns, Reaching safepoint: 102956 ns, At safepoint: 4638 ns, Total: 107594 ns
[2020-05-20T10:53:56.284+0000][1084][safepoint    ] Safepoint "Cleanup", Time since last: 1000360811 ns, Reaching safepoint: 132173 ns, At safepoint: 8812 ns, Total: 140985 ns
[2020-05-20T10:53:58.284+0000][1084][safepoint    ] Safepoint "Cleanup", Time since last: 2000279651 ns, Reaching safepoint: 141913 ns, At safepoint: 5565 ns, Total: 147478 ns
[2020-05-20T10:53:59.285+0000][1084][safepoint    ] Safepoint "Cleanup", Time since last: 1000635825 ns, Reaching safepoint: 139594 ns, At safepoint: 6956 ns, Total: 146550 ns
[2020-05-20T10:54:00.285+0000][1084][safepoint    ] Safepoint "Cleanup", Time since last: 1000362202 ns, Reaching safepoint: 153971 ns, At safepoint: 9275 ns, Total: 163246 ns
[2020-05-20T10:54:01.286+0000][1084][safepoint    ] Safepoint "Cleanup", Time since last: 1000692405 ns, Reaching safepoint: 119651 ns, At safepoint: 6957 ns, Total: 126608 ns
[2020-05-20T10:54:02.287+0000][1084][safepoint    ] Safepoint "Cleanup", Time since last: 1000222144 ns, Reaching safepoint: 136812 ns, At safepoint: 8347 ns, Total: 145159 ns
[2020-05-20T10:54:03.287+0000][1084][safepoint    ] Safepoint "Cleanup", Time since last: 1000018551 ns, Reaching safepoint: 84869 ns, At safepoint: 3247 ns, Total: 88116 ns
[2020-05-20T10:54:04.287+0000][1084][safepoint    ] Safepoint "Cleanup", Time since last: 1000185507 ns, Reaching safepoint: 126144 ns, At safepoint: 5565 ns, Total: 131709 ns
[2020-05-20T10:54:05.287+0000][1084][safepoint    ] Safepoint "Cleanup", Time since last: 1000143768 ns, Reaching safepoint: 127072 ns, At safepoint: 5566 ns, Total: 132638 ns
[2020-05-20T10:54:06.288+0000][1084][safepoint    ] Safepoint "Cleanup", Time since last: 1000591303 ns, Reaching safepoint: 107594 ns, At safepoint: 6029 ns, Total: 113623 ns
[2020-05-20T10:54:07.289+0000][1084][safepoint    ] Safepoint "Cleanup", Time since last: 1000386781 ns, Reaching safepoint: 138203 ns, At safepoint: 5565 ns, Total: 143768 ns
[2020-05-20T10:54:08.289+0000][1084][safepoint    ] Safepoint "Cleanup", Time since last: 1000675245 ns, Reaching safepoint: 115014 ns, At safepoint: 5102 ns, Total: 120116 ns
[2020-05-20T10:54:09.290+0000][1084][safepoint    ] Safepoint "Cleanup", Time since last: 1000332520 ns, Reaching safepoint: 173913 ns, At safepoint: 8812 ns, Total: 182725 ns
[2020-05-20T10:54:11.224+0000][1084][safepoint    ] Safepoint "Cleanup", Time since last: 1934328268 ns, Reaching safepoint: 152116 ns, At safepoint: 6028 ns, Total: 158144 ns
[2020-05-20T10:54:13.225+0000][1084][safepoint    ] Safepoint "Cleanup", Time since last: 2000461912 ns, Reaching safepoint: 129855 ns, At safepoint: 6029 ns, Total: 135884 ns
[2020-05-20T10:54:14.226+0000][1084][safepoint    ] Safepoint "Cleanup", Time since last: 1000460985 ns, Reaching safepoint: 100637 ns, At safepoint: 4174 ns, Total: 104811 ns
[2020-05-20T10:54:15.226+0000][1084][safepoint    ] Safepoint "Cleanup", Time since last: 1000640926 ns, Reaching safepoint: 160463 ns, At safepoint: 5102 ns, Total: 165565 ns
[2020-05-20T10:54:16.227+0000][1084][safepoint    ] Safepoint "Cleanup", Time since last: 1000520810 ns, Reaching safepoint: 133101 ns, At safepoint: 8348 ns, Total: 141449 ns
[2020-05-20T10:54:17.227+0000][1084][safepoint    ] Safepoint "Cleanup", Time since last: 1000091826 ns, Reaching safepoint: 148406 ns, At safepoint: 5565 ns, Total: 153971 ns
[2020-05-20T10:54:18.228+0000][1084][safepoint    ] Safepoint "Cleanup", Time since last: 1000372405 ns, Reaching safepoint: 119188 ns, At safepoint: 5565 ns, Total: 124753 ns
[2020-05-20T10:54:19.228+0000][1084][safepoint    ] Safepoint "Cleanup", Time since last: 1000104811 ns, Reaching safepoint: 128000 ns, At safepoint: 5565 ns, Total: 133565 ns
[2020-05-20T10:54:20.228+0000][1084][safepoint    ] Safepoint "Cleanup", Time since last: 1000028754 ns, Reaching safepoint: 136811 ns, At safepoint: 6493 ns, Total: 143304 ns
[2020-05-20T10:54:21.229+0000][1084][safepoint    ] Safepoint "Cleanup", Time since last: 1000499941 ns, Reaching safepoint: 143767 ns, At safepoint: 5566 ns, Total: 149333 ns
[2020-05-20T10:54:22.246+0000][1084][safepoint    ] Safepoint "Cleanup", Time since last: 1000185506 ns, Reaching safepoint: 17259555 ns, At safepoint: 58898 ns, Total: 17318453 ns
[2020-05-20T10:54:24.247+0000][1084][safepoint    ] Safepoint "Cleanup", Time since last: 2000122435 ns, Reaching safepoint: 132173 ns, At safepoint: 7420 ns, Total: 139593 ns
[2020-05-20T10:54:25.247+0000][1084][safepoint    ] Safepoint "Cleanup", Time since last: 1000088116 ns, Reaching safepoint: 236985 ns, At safepoint: 15768 ns, Total: 252753 ns
[2020-05-20T10:54:27.247+0000][1084][safepoint    ] Safepoint "Cleanup", Time since last: 1999811247 ns, Reaching safepoint: 188753 ns, At safepoint: 7421 ns, Total: 196174 ns
[2020-05-20T10:54:28.248+0000][1084][safepoint    ] Safepoint "Cleanup", Time since last: 1000568578 ns, Reaching safepoint: 120116 ns, At safepoint: 7420 ns, Total: 127536 ns
[2020-05-20T10:54:29.248+0000][1084][safepoint    ] Safepoint "Cleanup", Time since last: 1000764752 ns, Reaching safepoint: 137275 ns, At safepoint: 8348 ns, Total: 145623 ns
[2020-05-20T10:54:30.249+0000][1084][safepoint    ] Safepoint "Cleanup", Time since last: 1000501332 ns, Reaching safepoint: 121043 ns, At safepoint: 7420 ns, Total: 128463 ns
[2020-05-20T10:54:31.391+0000][1084][safepoint    ] Safepoint "Cleanup", Time since last: 1000634897 ns, Reaching safepoint: 140942050 ns, At safepoint: 134493 ns, Total: 141076543 ns
[2020-05-20T10:54:32.403+0000][1084][safepoint    ] Safepoint "Cleanup", Time since last: 1012291218 ns, Reaching safepoint: 134492 ns, At safepoint: 6957 ns, Total: 141449 ns
[2020-05-20T10:54:33.419+0000][1084][safepoint    ] Safepoint "Cleanup", Time since last: 1015915093 ns, Reaching safepoint: 122435 ns, At safepoint: 5101 ns, Total: 127536 ns
[2020-05-20T10:54:34.420+0000][1084][safepoint    ] Safepoint "Cleanup", Time since last: 1000439187 ns, Reaching safepoint: 110377 ns, At safepoint: 5565 ns, Total: 115942 ns
[2020-05-20T10:54:35.420+0000][1084][safepoint    ] Safepoint "Cleanup", Time since last: 1000251826 ns, Reaching safepoint: 154898 ns, At safepoint: 5101 ns, Total: 159999 ns
[2020-05-20T10:54:36.421+0000][1084][safepoint    ] Safepoint "Cleanup", Time since last: 1000740172 ns, Reaching safepoint: 125681 ns, At safepoint: 6493 ns, Total: 132174 ns
[2020-05-20T10:54:37.422+0000][1084][safepoint    ] Safepoint "Cleanup", Time since last: 1000306086 ns, Reaching safepoint: 94609 ns, At safepoint: 5101 ns, Total: 99710 ns
[2020-05-20T10:54:38.422+0000][1084][safepoint    ] Safepoint "Cleanup", Time since last: 1000320463 ns, Reaching safepoint: 97855 ns, At safepoint: 5102 ns, Total: 102957 ns
[2020-05-20T10:54:39.423+0000][1084][safepoint    ] Safepoint "Cleanup", Time since last: 1000768462 ns, Reaching safepoint: 96463 ns, At safepoint: 2783 ns, Total: 99246 ns
[2020-05-20T10:54:40.423+0000][1084][safepoint    ] Safepoint "Cleanup", Time since last: 1000359419 ns, Reaching safepoint: 112696 ns, At safepoint: 6492 ns, Total: 119188 ns
[2020-05-20T10:54:41.424+0000][1084][safepoint    ] Safepoint "Cleanup", Time since last: 1000214724 ns, Reaching safepoint: 125217 ns, At safepoint: 5566 ns, Total: 130783 ns
[2020-05-20T10:54:43.424+0000][1084][safepoint    ] Safepoint "Cleanup", Time since last: 2000199883 ns, Reaching safepoint: 133565 ns, At safepoint: 5102 ns, Total: 138667 ns
[2020-05-20T10:54:44.425+0000][1084][safepoint    ] Safepoint "Cleanup", Time since last: 1000742491 ns, Reaching safepoint: 134028 ns, At safepoint: 5566 ns, Total: 139594 ns
[2020-05-20T10:54:45.425+0000][1084][safepoint    ] Safepoint "Cleanup", Time since last: 1000355709 ns, Reaching safepoint: 124753 ns, At safepoint: 6029 ns, Total: 130782 ns
[2020-05-20T10:54:46.429+0000][1084][safepoint    ] Safepoint "Cleanup", Time since last: 1003599760 ns, Reaching safepoint: 81623 ns, At safepoint: 3246 ns, Total: 84869 ns
[2020-05-20T10:54:47.429+0000][1084][safepoint    ] Safepoint "Cleanup", Time since last: 1000042667 ns, Reaching safepoint: 149333 ns, At safepoint: 6029 ns, Total: 155362 ns
[2020-05-20T10:54:49.462+0000][1084][safepoint    ] Safepoint "Cleanup", Time since last: 2000125681 ns, Reaching safepoint: 33041546 ns, At safepoint: 56116 ns, Total: 33097662 ns
[2020-05-20T10:54:50.463+0000][1084][safepoint    ] Safepoint "Cleanup", Time since last: 1000312115 ns, Reaching safepoint: 100174 ns, At safepoint: 16232 ns, Total: 116406 ns
[2020-05-20T10:54:51.466+0000][1084][safepoint    ] Safepoint "Cleanup", Time since last: 1003183297 ns, Reaching safepoint: 135884 ns, At safepoint: 8811 ns, Total: 144695 ns
[2020-05-20T10:54:52.467+0000][1084][safepoint    ] Safepoint "Cleanup", Time since last: 1000719767 ns, Reaching safepoint: 137275 ns, At safepoint: 7884 ns, Total: 145159 ns
[2020-05-20T10:54:53.468+0000][1084][safepoint    ] Safepoint "Cleanup", Time since last: 1000758259 ns, Reaching safepoint: 91826 ns, At safepoint: 5565 ns, Total: 97391 ns
[2020-05-20T10:54:54.469+0000][1084][safepoint    ] Safepoint "Cleanup", Time since last: 1000639998 ns, Reaching safepoint: 84406 ns, At safepoint: 2783 ns, Total: 87189 ns
[2020-05-20T10:54:55.476+0000][1084][safepoint    ] Safepoint "Cleanup", Time since last: 1006978766 ns, Reaching safepoint: 130782 ns, At safepoint: 5565 ns, Total: 136347 ns
[2020-05-20T10:54:56.476+0000][1084][safepoint    ] Safepoint "Cleanup", Time since last: 1000343652 ns, Reaching safepoint: 128000 ns, At safepoint: 5565 ns, Total: 133565 ns
[2020-05-20T10:54:58.477+0000][1084][safepoint    ] Safepoint "Cleanup", Time since last: 2000146086 ns, Reaching safepoint: 109913 ns, At safepoint: 5102 ns, Total: 115015 ns
[2020-05-20T10:54:59.477+0000][1084][safepoint    ] Safepoint "Cleanup", Time since last: 1000220289 ns, Reaching safepoint: 116869 ns, At safepoint: 5565 ns, Total: 122434 ns
[2020-05-20T10:55:00.478+0000][1084][safepoint    ] Safepoint "Cleanup", Time since last: 1000847303 ns, Reaching safepoint: 140057 ns, At safepoint: 7885 ns, Total: 147942 ns
[2020-05-20T10:55:01.478+0000][1084][safepoint    ] Safepoint "Cleanup", Time since last: 1000287999 ns, Reaching safepoint: 121043 ns, At safepoint: 5102 ns, Total: 126145 ns
[2020-05-20T10:55:02.479+0000][1084][safepoint    ] Safepoint "Cleanup", Time since last: 1000280115 ns, Reaching safepoint: 164637 ns, At safepoint: 6493 ns, Total: 171130 ns
[2020-05-20T10:55:03.479+0000][1084][safepoint    ] Safepoint "Cleanup", Time since last: 1000122434 ns, Reaching safepoint: 96000 ns, At safepoint: 3246 ns, Total: 99246 ns
[2020-05-20T10:55:04.479+0000][1084][safepoint    ] Safepoint "Cleanup", Time since last: 1000210087 ns, Reaching safepoint: 131710 ns, At safepoint: 7420 ns, Total: 139130 ns
[2020-05-20T10:55:05.480+0000][1084][safepoint    ] Safepoint "Cleanup", Time since last: 1000411361 ns, Reaching safepoint: 109913 ns, At safepoint: 5102 ns, Total: 115015 ns
[2020-05-20T10:55:06.480+0000][1084][safepoint    ] Safepoint "Cleanup", Time since last: 1000391419 ns, Reaching safepoint: 96927 ns, At safepoint: 4638 ns, Total: 101565 ns
[2020-05-20T10:55:07.481+0000][1084][safepoint    ] Safepoint "Cleanup", Time since last: 1000622375 ns, Reaching safepoint: 121971 ns, At safepoint: 5565 ns, Total: 127536 ns
[2020-05-20T10:55:09.481+0000][1084][safepoint    ] Safepoint "Cleanup", Time since last: 2000086261 ns, Reaching safepoint: 120579 ns, At safepoint: 21334 ns, Total: 141913 ns
[2020-05-20T10:55:10.482+0000][1084][safepoint    ] Safepoint "Cleanup", Time since last: 1000077449 ns, Reaching safepoint: 136347 ns, At safepoint: 4638 ns, Total: 140985 ns
[2020-05-20T10:55:11.482+0000][1084][safepoint    ] Safepoint "Cleanup", Time since last: 1000587129 ns, Reaching safepoint: 127536 ns, At safepoint: 11130 ns, Total: 138666 ns
[2020-05-20T10:55:12.483+0000][1084][safepoint    ] Safepoint "Cleanup", Time since last: 1000390956 ns, Reaching safepoint: 130782 ns, At safepoint: 5102 ns, Total: 135884 ns
[2020-05-20T10:55:13.483+0000][1084][safepoint    ] Safepoint "Cleanup", Time since last: 1000225854 ns, Reaching safepoint: 94145 ns, At safepoint: 5101 ns, Total: 99246 ns
[2020-05-20T10:55:14.484+0000][1084][safepoint    ] Safepoint "Cleanup", Time since last: 1000632579 ns, Reaching safepoint: 130318 ns, At safepoint: 7884 ns, Total: 138202 ns
[2020-05-20T10:55:15.484+0000][1084][safepoint    ] Safepoint "Cleanup", Time since last: 1000466550 ns, Reaching safepoint: 219362 ns, At safepoint: 7884 ns, Total: 227246 ns
[2020-05-20T10:55:16.485+0000][1084][safepoint    ] Safepoint "Cleanup", Time since last: 1000488346 ns, Reaching safepoint: 130319 ns, At safepoint: 5101 ns, Total: 135420 ns
[2020-05-20T10:55:17.486+0000][1084][safepoint    ] Safepoint "Cleanup", Time since last: 1000205449 ns, Reaching safepoint: 125681 ns, At safepoint: 5565 ns, Total: 131246 ns
[2020-05-20T10:55:18.486+0000][1084][safepoint    ] Safepoint "Cleanup", Time since last: 1000058435 ns, Reaching safepoint: 89043 ns, At safepoint: 3710 ns, Total: 92753 ns
[2020-05-20T10:55:20.486+0000][1084][safepoint    ] Safepoint "Cleanup", Time since last: 2000417854 ns, Reaching safepoint: 118725 ns, At safepoint: 6029 ns, Total: 124754 ns
[2020-05-20T10:55:21.486+0000][1084][safepoint    ] Safepoint "Cleanup", Time since last: 1000033855 ns, Reaching safepoint: 140521 ns, At safepoint: 7884 ns, Total: 148405 ns
[2020-05-20T10:55:23.487+0000][1084][safepoint    ] Safepoint "Cleanup", Time since last: 2000173913 ns, Reaching safepoint: 164173 ns, At safepoint: 9740 ns, Total: 173913 ns
[2020-05-20T10:55:24.487+0000][1084][safepoint    ] Safepoint "Cleanup", Time since last: 1000297274 ns, Reaching safepoint: 113159 ns, At safepoint: 5102 ns, Total: 118261 ns
[2020-05-20T10:55:25.488+0000][1084][safepoint    ] Safepoint "Cleanup", Time since last: 1000396984 ns, Reaching safepoint: 145159 ns, At safepoint: 7421 ns, Total: 152580 ns
[2020-05-20T10:55:26.488+0000][1084][safepoint    ] Safepoint "Cleanup", Time since last: 1000412289 ns, Reaching safepoint: 97854 ns, At safepoint: 5566 ns, Total: 103420 ns
[2020-05-20T10:55:28.489+0000][1084][safepoint    ] Safepoint "Cleanup", Time since last: 2000590375 ns, Reaching safepoint: 119652 ns, At safepoint: 7420 ns, Total: 127072 ns
[2020-05-20T10:55:29.490+0000][1084][safepoint    ] Safepoint "Cleanup", Time since last: 1000809738 ns, Reaching safepoint: 113622 ns, At safepoint: 3711 ns, Total: 117333 ns
[2020-05-20T10:55:30.491+0000][1084][safepoint    ] Safepoint "Cleanup", Time since last: 1000658549 ns, Reaching safepoint: 98782 ns, At safepoint: 3247 ns, Total: 102029 ns
[2020-05-20T10:55:31.491+0000][1084][safepoint    ] Safepoint "Cleanup", Time since last: 1000104347 ns, Reaching safepoint: 151188 ns, At safepoint: 9739 ns, Total: 160927 ns
[2020-05-20T10:55:32.491+0000][1084][safepoint    ] Safepoint "Cleanup", Time since last: 1000379362 ns, Reaching safepoint: 132173 ns, At safepoint: 5566 ns, Total: 137739 ns
[2020-05-20T10:55:33.492+0000][1084][safepoint    ] Safepoint "Cleanup", Time since last: 1000691476 ns, Reaching safepoint: 128464 ns, At safepoint: 7884 ns, Total: 136348 ns
[2020-05-20T10:55:34.493+0000][1084][safepoint    ] Safepoint "Cleanup", Time since last: 1000429448 ns, Reaching safepoint: 142376 ns, At safepoint: 6029 ns, Total: 148405 ns
[2020-05-20T10:55:35.493+0000][1084][safepoint    ] Safepoint "Cleanup", Time since last: 1000159073 ns, Reaching safepoint: 134028 ns, At safepoint: 5565 ns, Total: 139593 ns
[2020-05-20T10:55:36.493+0000][1084][safepoint    ] Safepoint "Cleanup", Time since last: 1000014377 ns, Reaching safepoint: 122435 ns, At safepoint: 5101 ns, Total: 127536 ns
[2020-05-20T10:55:37.494+0000][1084][safepoint    ] Safepoint "Cleanup", Time since last: 1000441043 ns, Reaching safepoint: 126608 ns, At safepoint: 6029 ns, Total: 132637 ns
[2020-05-20T10:55:38.495+0000][1084][safepoint    ] Safepoint "Cleanup", Time since last: 1000627477 ns, Reaching safepoint: 175767 ns, At safepoint: 7421 ns, Total: 183188 ns
[2020-05-20T10:55:39.495+0000][1084][safepoint    ] Safepoint "Cleanup", Time since last: 1000542143 ns, Reaching safepoint: 137275 ns, At safepoint: 6493 ns, Total: 143768 ns
[2020-05-20T10:55:41.496+0000][1084][safepoint    ] Safepoint "Cleanup", Time since last: 2000556984 ns, Reaching safepoint: 111768 ns, At safepoint: 5102 ns, Total: 116870 ns
[2020-05-20T10:55:42.497+0000][1084][safepoint    ] Safepoint "Cleanup", Time since last: 1000595477 ns, Reaching safepoint: 156753 ns, At safepoint: 7420 ns, Total: 164173 ns
[2020-05-20T10:55:43.497+0000][1084][safepoint    ] Safepoint "Cleanup", Time since last: 1000104811 ns, Reaching safepoint: 150261 ns, At safepoint: 10203 ns, Total: 160464 ns
[2020-05-20T10:55:44.497+0000][1084][safepoint    ] Safepoint "Cleanup", Time since last: 1000155362 ns, Reaching safepoint: 103420 ns, At safepoint: 5101 ns, Total: 108521 ns
[2020-05-20T10:55:46.498+0000][1084][safepoint    ] Safepoint "Cleanup", Time since last: 2000591303 ns, Reaching safepoint: 135884 ns, At safepoint: 5565 ns, Total: 141449 ns
[2020-05-20T10:55:47.499+0000][1084][safepoint    ] Safepoint "Cleanup", Time since last: 1000332057 ns, Reaching safepoint: 125218 ns, At safepoint: 6492 ns, Total: 131710 ns
[2020-05-20T10:55:48.499+0000][1084][safepoint    ] Safepoint "Cleanup", Time since last: 1000310260 ns, Reaching safepoint: 125218 ns, At safepoint: 3246 ns, Total: 128464 ns
[2020-05-20T10:55:49.500+0000][1084][safepoint    ] Safepoint "Cleanup", Time since last: 1000536578 ns, Reaching safepoint: 118725 ns, At safepoint: 5565 ns, Total: 124290 ns
[2020-05-20T10:55:50.500+0000][1084][safepoint    ] Safepoint "Cleanup", Time since last: 1000575071 ns, Reaching safepoint: 120580 ns, At safepoint: 3246 ns, Total: 123826 ns
[2020-05-20T10:55:51.501+0000][1084][safepoint    ] Safepoint "Cleanup", Time since last: 1000202666 ns, Reaching safepoint: 170666 ns, At safepoint: 4174 ns, Total: 174840 ns
[2020-05-20T10:55:52.501+0000][1084][safepoint    ] Safepoint "Cleanup", Time since last: 1000211478 ns, Reaching safepoint: 127536 ns, At safepoint: 5101 ns, Total: 132637 ns
[2020-05-20T10:55:53.502+0000][1084][safepoint    ] Safepoint "Cleanup", Time since last: 1000619593 ns, Reaching safepoint: 111304 ns, At safepoint: 5102 ns, Total: 116406 ns
[2020-05-20T10:55:54.503+0000][1084][safepoint    ] Safepoint "Cleanup", Time since last: 1000683592 ns, Reaching safepoint: 156290 ns, At safepoint: 11594 ns, Total: 167884 ns
[2020-05-20T10:55:55.503+0000][1084][safepoint    ] Safepoint "Cleanup", Time since last: 1000373332 ns, Reaching safepoint: 160928 ns, At safepoint: 5565 ns, Total: 166493 ns
[2020-05-20T10:55:56.504+0000][1084][safepoint    ] Safepoint "Cleanup", Time since last: 1000494839 ns, Reaching safepoint: 124290 ns, At safepoint: 6029 ns, Total: 130319 ns
[2020-05-20T10:55:58.504+0000][1084][safepoint    ] Safepoint "Cleanup", Time since last: 2000139130 ns, Reaching safepoint: 123362 ns, At safepoint: 6956 ns, Total: 130318 ns
[2020-05-20T10:55:59.505+0000][1084][safepoint    ] Safepoint "Cleanup", Time since last: 1000814839 ns, Reaching safepoint: 86261 ns, At safepoint: 3710 ns, Total: 89971 ns
[2020-05-20T10:56:00.506+0000][1084][safepoint    ] Safepoint "Cleanup", Time since last: 1000543999 ns, Reaching safepoint: 121507 ns, At safepoint: 8811 ns, Total: 130318 ns
[2020-05-20T10:56:01.506+0000][1084][safepoint    ] Safepoint "Cleanup", Time since last: 1000073275 ns, Reaching safepoint: 121507 ns, At safepoint: 6493 ns, Total: 128000 ns
[2020-05-20T10:56:02.506+0000][1084][safepoint    ] Safepoint "Cleanup", Time since last: 1000124290 ns, Reaching safepoint: 137738 ns, At safepoint: 5566 ns, Total: 143304 ns
[2020-05-20T10:56:03.506+0000][1084][safepoint    ] Safepoint "Cleanup", Time since last: 1000138202 ns, Reaching safepoint: 141449 ns, At safepoint: 5102 ns, Total: 146551 ns
[2020-05-20T10:56:04.507+0000][1084][safepoint    ] Safepoint "Cleanup", Time since last: 1000791650 ns, Reaching safepoint: 162782 ns, At safepoint: 9739 ns, Total: 172521 ns
[2020-05-20T10:56:05.508+0000][1084][safepoint    ] Safepoint "Cleanup", Time since last: 1000666434 ns, Reaching safepoint: 122434 ns, At safepoint: 5101 ns, Total: 127535 ns
[2020-05-20T10:56:06.509+0000][1084][safepoint    ] Safepoint "Cleanup", Time since last: 1000507825 ns, Reaching safepoint: 131710 ns, At safepoint: 6029 ns, Total: 137739 ns
[2020-05-20T10:56:07.509+0000][1084][safepoint    ] Safepoint "Cleanup", Time since last: 1000429912 ns, Reaching safepoint: 88580 ns, At safepoint: 3246 ns, Total: 91826 ns
[2020-05-20T10:56:08.510+0000][1084][safepoint    ] Safepoint "Cleanup", Time since last: 1000589448 ns, Reaching safepoint: 125681 ns, At safepoint: 2319 ns, Total: 128000 ns
[2020-05-20T10:56:09.511+0000][1084][safepoint    ] Safepoint "Cleanup", Time since last: 1000448462 ns, Reaching safepoint: 176696 ns, At safepoint: 4637 ns, Total: 181333 ns
[2020-05-20T10:56:10.511+0000][1084][safepoint    ] Safepoint "Cleanup", Time since last: 1000261565 ns, Reaching safepoint: 158145 ns, At safepoint: 7420 ns, Total: 165565 ns
[2020-05-20T10:56:11.512+0000][1084][safepoint    ] Safepoint "Cleanup", Time since last: 1000508752 ns, Reaching safepoint: 127072 ns, At safepoint: 6493 ns, Total: 133565 ns
[2020-05-20T10:56:12.512+0000][1084][safepoint    ] Safepoint "Cleanup", Time since last: 1000449390 ns, Reaching safepoint: 133565 ns, At safepoint: 7421 ns, Total: 140986 ns
[2020-05-20T10:56:13.538+0000][1084][safepoint    ] Safepoint "Cleanup", Time since last: 1025887012 ns, Reaching safepoint: 143304 ns, At safepoint: 5102 ns, Total: 148406 ns
[2020-05-20T10:56:15.215+0000][1084][safepoint    ] Safepoint "Cleanup", Time since last: 1676401909 ns, Reaching safepoint: 144232 ns, At safepoint: 4638 ns, Total: 148870 ns
[2020-05-20T10:56:17.216+0000][1084][safepoint    ] Safepoint "Cleanup", Time since last: 2000505506 ns, Reaching safepoint: 132173 ns, At safepoint: 7420 ns, Total: 139593 ns
[2020-05-20T10:56:18.216+0000][1084][safepoint    ] Safepoint "Cleanup", Time since last: 1000277333 ns, Reaching safepoint: 137275 ns, At safepoint: 7884 ns, Total: 145159 ns
[2020-05-20T10:56:20.216+0000][1084][safepoint    ] Safepoint "Cleanup", Time since last: 2000017623 ns, Reaching safepoint: 118725 ns, At safepoint: 7420 ns, Total: 126145 ns
[2020-05-20T10:56:21.216+0000][1084][safepoint    ] Safepoint "Cleanup", Time since last: 1000127536 ns, Reaching safepoint: 139130 ns, At safepoint: 5565 ns, Total: 144695 ns
[2020-05-20T10:56:22.311+0000][1084][safepoint    ] Safepoint "Cleanup", Time since last: 1000801390 ns, Reaching safepoint: 93286276 ns, At safepoint: 104812 ns, Total: 93391088 ns
[2020-05-20T10:56:23.311+0000][1084][safepoint    ] Safepoint "Cleanup", Time since last: 1000190608 ns, Reaching safepoint: 119188 ns, At safepoint: 6493 ns, Total: 125681 ns
[2020-05-20T10:56:24.312+0000][1084][safepoint    ] Safepoint "Cleanup", Time since last: 1000677563 ns, Reaching safepoint: 98783 ns, At safepoint: 5565 ns, Total: 104348 ns
[2020-05-20T10:56:25.317+0000][1084][safepoint    ] Safepoint "Cleanup", Time since last: 1004819931 ns, Reaching safepoint: 135420 ns, At safepoint: 7884 ns, Total: 143304 ns
[2020-05-20T10:56:26.317+0000][1084][safepoint    ] Safepoint "Cleanup", Time since last: 1000076985 ns, Reaching safepoint: 85797 ns, At safepoint: 2783 ns, Total: 88580 ns
[2020-05-20T10:56:27.318+0000][1084][safepoint    ] Safepoint "Cleanup", Time since last: 1000933099 ns, Reaching safepoint: 100637 ns, At safepoint: 3247 ns, Total: 103884 ns
[2020-05-20T10:56:28.319+0000][1084][safepoint    ] Safepoint "Cleanup", Time since last: 1000736462 ns, Reaching safepoint: 138202 ns, At safepoint: 7884 ns, Total: 146086 ns
[2020-05-20T10:56:29.319+0000][1084][safepoint    ] Safepoint "Cleanup", Time since last: 1000281043 ns, Reaching safepoint: 262492 ns, At safepoint: 6957 ns, Total: 269449 ns
[2020-05-20T10:56:30.320+0000][1084][safepoint    ] Safepoint "Cleanup", Time since last: 1000537042 ns, Reaching safepoint: 90435 ns, At safepoint: 3246 ns, Total: 93681 ns
[2020-05-20T10:56:31.320+0000][1084][safepoint    ] Safepoint "Cleanup", Time since last: 1000113159 ns, Reaching safepoint: 149797 ns, At safepoint: 9275 ns, Total: 159072 ns
[2020-05-20T10:56:32.321+0000][1084][safepoint    ] Safepoint "Cleanup", Time since last: 1000534260 ns, Reaching safepoint: 135884 ns, At safepoint: 4174 ns, Total: 140058 ns
[2020-05-20T10:56:33.334+0000][1084][safepoint    ] Safepoint "Cleanup", Time since last: 1013242867 ns, Reaching safepoint: 112232 ns, At safepoint: 5101 ns, Total: 117333 ns
[2020-05-20T10:56:34.335+0000][1084][safepoint    ] Safepoint "Cleanup", Time since last: 1000307942 ns, Reaching safepoint: 124753 ns, At safepoint: 8348 ns, Total: 133101 ns
[2020-05-20T10:56:35.361+0000][1084][safepoint    ] Safepoint "Cleanup", Time since last: 1000764288 ns, Reaching safepoint: 25977447 ns, At safepoint: 68174 ns, Total: 26045621 ns
[2020-05-20T10:56:37.362+0000][1084][safepoint    ] Safepoint "Cleanup", Time since last: 2000565332 ns, Reaching safepoint: 123362 ns, At safepoint: 6956 ns, Total: 130318 ns
[2020-05-20T10:56:38.362+0000][1084][safepoint    ] Safepoint "Cleanup", Time since last: 1000163710 ns, Reaching safepoint: 130782 ns, At safepoint: 5102 ns, Total: 135884 ns
[2020-05-20T10:56:39.363+0000][1084][safepoint    ] Safepoint "Cleanup", Time since last: 1000494375 ns, Reaching safepoint: 128928 ns, At safepoint: 7420 ns, Total: 136348 ns
[2020-05-20T10:56:40.364+0000][1084][safepoint    ] Safepoint "Cleanup", Time since last: 1000678027 ns, Reaching safepoint: 109913 ns, At safepoint: 5102 ns, Total: 115015 ns
[2020-05-20T10:56:41.365+0000][1084][safepoint    ] Safepoint "Cleanup", Time since last: 1000830606 ns, Reaching safepoint: 112696 ns, At safepoint: 5101 ns, Total: 117797 ns
[2020-05-20T10:56:42.374+0000][1084][safepoint    ] Safepoint "Cleanup", Time since last: 1009055515 ns, Reaching safepoint: 105276 ns, At safepoint: 4637 ns, Total: 109913 ns
[2020-05-20T10:56:43.375+0000][1084][safepoint    ] Safepoint "Cleanup", Time since last: 1000725332 ns, Reaching safepoint: 115478 ns, At safepoint: 6029 ns, Total: 121507 ns
[2020-05-20T10:56:44.379+0000][1084][safepoint    ] Safepoint "Cleanup", Time since last: 1004221671 ns, Reaching safepoint: 109449 ns, At safepoint: 4174 ns, Total: 113623 ns
[2020-05-20T10:56:45.380+0000][1084][safepoint    ] Safepoint "Cleanup", Time since last: 1000735071 ns, Reaching safepoint: 134492 ns, At safepoint: 8812 ns, Total: 143304 ns
[2020-05-20T10:56:46.381+0000][1084][safepoint    ] Safepoint "Cleanup", Time since last: 1000698897 ns, Reaching safepoint: 93217 ns, At safepoint: 3246 ns, Total: 96463 ns
[2020-05-20T10:56:47.382+0000][1084][safepoint    ] Safepoint "Cleanup", Time since last: 1000850085 ns, Reaching safepoint: 100638 ns, At safepoint: 4638 ns, Total: 105276 ns
[2020-05-20T10:56:48.382+0000][1084][safepoint    ] Safepoint "Cleanup", Time since last: 1000415071 ns, Reaching safepoint: 98782 ns, At safepoint: 4174 ns, Total: 102956 ns
[2020-05-20T10:56:49.383+0000][1084][safepoint    ] Safepoint "Cleanup", Time since last: 1000093217 ns, Reaching safepoint: 114087 ns, At safepoint: 6493 ns, Total: 120580 ns
[2020-05-20T10:56:50.383+0000][1084][safepoint    ] Safepoint "Cleanup", Time since last: 1000296347 ns, Reaching safepoint: 101101 ns, At safepoint: 4638 ns, Total: 105739 ns
[2020-05-20T10:56:51.383+0000][1084][safepoint    ] Safepoint "Cleanup", Time since last: 1000162782 ns, Reaching safepoint: 115942 ns, At safepoint: 6493 ns, Total: 122435 ns
[2020-05-20T10:56:52.384+0000][1084][safepoint    ] Safepoint "Cleanup", Time since last: 1000722549 ns, Reaching safepoint: 112231 ns, At safepoint: 5566 ns, Total: 117797 ns
[2020-05-20T10:56:53.385+0000][1084][safepoint    ] Safepoint "Cleanup", Time since last: 1000830606 ns, Reaching safepoint: 116406 ns, At safepoint: 4174 ns, Total: 120580 ns
[2020-05-20T10:56:54.385+0000][1084][safepoint    ] Safepoint "Cleanup", Time since last: 1000188753 ns, Reaching safepoint: 107594 ns, At safepoint: 5565 ns, Total: 113159 ns
[2020-05-20T10:56:55.386+0000][1084][safepoint    ] Safepoint "Cleanup", Time since last: 1000506897 ns, Reaching safepoint: 137739 ns, At safepoint: 5565 ns, Total: 143304 ns
[2020-05-20T10:56:56.387+0000][1084][safepoint    ] Safepoint "Cleanup", Time since last: 1000618666 ns, Reaching safepoint: 118260 ns, At safepoint: 4638 ns, Total: 122898 ns
[2020-05-20T10:56:57.387+0000][1084][safepoint    ] Safepoint "Cleanup", Time since last: 1000363593 ns, Reaching safepoint: 123362 ns, At safepoint: 5566 ns, Total: 128928 ns
[2020-05-20T10:56:58.500+0000][1084][safepoint    ] Safepoint "Cleanup", Time since last: 1000661331 ns, Reaching safepoint: 112286812 ns, At safepoint: 69102 ns, Total: 112355914 ns
[2020-05-20T10:57:00.501+0000][1084][safepoint    ] Safepoint "Cleanup", Time since last: 2000281043 ns, Reaching safepoint: 157680 ns, At safepoint: 6493 ns, Total: 164173 ns
[2020-05-20T10:57:01.501+0000][1084][safepoint    ] Safepoint "Cleanup", Time since last: 1000591303 ns, Reaching safepoint: 111304 ns, At safepoint: 4638 ns, Total: 115942 ns
[2020-05-20T10:57:02.502+0000][1084][safepoint    ] Safepoint "Cleanup", Time since last: 1000408579 ns, Reaching safepoint: 127999 ns, At safepoint: 4638 ns, Total: 132637 ns
[2020-05-20T10:57:04.502+0000][1084][safepoint    ] Safepoint "Cleanup", Time since last: 2000177159 ns, Reaching safepoint: 110377 ns, At safepoint: 4637 ns, Total: 115014 ns
[2020-05-20T10:57:05.502+0000][1084][safepoint    ] Safepoint "Cleanup", Time since last: 1000105739 ns, Reaching safepoint: 130782 ns, At safepoint: 5566 ns, Total: 136348 ns
[2020-05-20T10:57:06.503+0000][1084][safepoint    ] Safepoint "Cleanup", Time since last: 1000130782 ns, Reaching safepoint: 133565 ns, At safepoint: 5101 ns, Total: 138666 ns
[2020-05-20T10:57:07.503+0000][1084][safepoint    ] Safepoint "Cleanup", Time since last: 1000132174 ns, Reaching safepoint: 142376 ns, At safepoint: 6493 ns, Total: 148869 ns
[2020-05-20T10:57:08.507+0000][1084][safepoint    ] Safepoint "Cleanup", Time since last: 1004201729 ns, Reaching safepoint: 130319 ns, At safepoint: 6957 ns, Total: 137276 ns
[2020-05-20T10:57:09.508+0000][1084][safepoint    ] Safepoint "Cleanup", Time since last: 1000508288 ns, Reaching safepoint: 131246 ns, At safepoint: 5102 ns, Total: 136348 ns
[2020-05-20T10:57:10.509+0000][1084][safepoint    ] Safepoint "Cleanup", Time since last: 1000691013 ns, Reaching safepoint: 142840 ns, At safepoint: 3710 ns, Total: 146550 ns
[2020-05-20T10:57:11.510+0000][1084][safepoint    ] Safepoint "Cleanup", Time since last: 1000707708 ns, Reaching safepoint: 111768 ns, At safepoint: 5566 ns, Total: 117334 ns
[2020-05-20T10:57:12.510+0000][1084][safepoint    ] Safepoint "Cleanup", Time since last: 1000314434 ns, Reaching safepoint: 185043 ns, At safepoint: 6956 ns, Total: 191999 ns
[2020-05-20T10:57:14.511+0000][1084][safepoint    ] Safepoint "Cleanup", Time since last: 2000726259 ns, Reaching safepoint: 119188 ns, At safepoint: 7421 ns, Total: 126609 ns
[2020-05-20T10:57:15.512+0000][1084][safepoint    ] Safepoint "Cleanup", Time since last: 1000369622 ns, Reaching safepoint: 134493 ns, At safepoint: 7420 ns, Total: 141913 ns
[2020-05-20T10:57:16.512+0000][1084][safepoint    ] Safepoint "Cleanup", Time since last: 1000512462 ns, Reaching safepoint: 127536 ns, At safepoint: 4638 ns, Total: 132174 ns
[2020-05-20T10:57:17.513+0000][1084][safepoint    ] Safepoint "Cleanup", Time since last: 1000816230 ns, Reaching safepoint: 111304 ns, At safepoint: 7420 ns, Total: 118724 ns
[2020-05-20T10:57:19.514+0000][1084][safepoint    ] Safepoint "Cleanup", Time since last: 2000902491 ns, Reaching safepoint: 132637 ns, At safepoint: 5566 ns, Total: 138203 ns
[2020-05-20T10:57:20.515+0000][1084][safepoint    ] Safepoint "Cleanup", Time since last: 1000467013 ns, Reaching safepoint: 140058 ns, At safepoint: 7884 ns, Total: 147942 ns
[2020-05-20T10:57:21.515+0000][1084][safepoint    ] Safepoint "Cleanup", Time since last: 1000151651 ns, Reaching safepoint: 101565 ns, At safepoint: 6029 ns, Total: 107594 ns
[2020-05-20T10:57:22.515+0000][1084][safepoint    ] Safepoint "Cleanup", Time since last: 1000004174 ns, Reaching safepoint: 157217 ns, At safepoint: 10667 ns, Total: 167884 ns
[2020-05-20T10:57:23.516+0000][1084][safepoint    ] Safepoint "Cleanup", Time since last: 1000446608 ns, Reaching safepoint: 126608 ns, At safepoint: 5565 ns, Total: 132173 ns
[2020-05-20T10:57:24.516+0000][1084][safepoint    ] Safepoint "Cleanup", Time since last: 1000531941 ns, Reaching safepoint: 143768 ns, At safepoint: 5101 ns, Total: 148869 ns
[2020-05-20T10:57:25.517+0000][1084][safepoint    ] Safepoint "Cleanup", Time since last: 1000746665 ns, Reaching safepoint: 98783 ns, At safepoint: 10202 ns, Total: 108985 ns
[2020-05-20T10:57:26.518+0000][1084][safepoint    ] Safepoint "Cleanup", Time since last: 1000134493 ns, Reaching safepoint: 118261 ns, At safepoint: 8347 ns, Total: 126608 ns
[2020-05-20T10:57:27.518+0000][1084][safepoint    ] Safepoint "Cleanup", Time since last: 1000503651 ns, Reaching safepoint: 122899 ns, At safepoint: 5101 ns, Total: 128000 ns
[2020-05-20T10:57:29.519+0000][1084][safepoint    ] Safepoint "Cleanup", Time since last: 2000784694 ns, Reaching safepoint: 114550 ns, At safepoint: 6029 ns, Total: 120579 ns
[2020-05-20T10:57:30.520+0000][1084][safepoint    ] Safepoint "Cleanup", Time since last: 1000859361 ns, Reaching safepoint: 87188 ns, At safepoint: 4637 ns, Total: 91825 ns
[2020-05-20T10:57:31.520+0000][1084][safepoint    ] Safepoint "Cleanup", Time since last: 1000067247 ns, Reaching safepoint: 108521 ns, At safepoint: 6493 ns, Total: 115014 ns
[2020-05-20T10:57:32.521+0000][1084][safepoint    ] Safepoint "Cleanup", Time since last: 1000319999 ns, Reaching safepoint: 91826 ns, At safepoint: 5102 ns, Total: 96928 ns
[2020-05-20T10:57:33.671+0000][1084][safepoint    ] Safepoint "Cleanup", Time since last: 1000278260 ns, Reaching safepoint: 150288347 ns, At safepoint: 41275 ns, Total: 150329622 ns
[2020-05-20T10:57:34.705+0000][1084][safepoint    ] Safepoint "Cleanup", Time since last: 1000464695 ns, Reaching safepoint: 33080967 ns, At safepoint: 46840 ns, Total: 33127807 ns
[2020-05-20T10:57:35.902+0000][1084][safepoint    ] Safepoint "Cleanup", Time since last: 1197223890 ns, Reaching safepoint: 140986 ns, At safepoint: 6492 ns, Total: 147478 ns
[2020-05-20T10:57:36.903+0000][1084][safepoint    ] Safepoint "Cleanup", Time since last: 1000875593 ns, Reaching safepoint: 146550 ns, At safepoint: 5565 ns, Total: 152115 ns
[2020-05-20T10:57:37.903+0000][1084][safepoint    ] Safepoint "Cleanup", Time since last: 1000075594 ns, Reaching safepoint: 111304 ns, At safepoint: 3247 ns, Total: 114551 ns
[2020-05-20T10:57:38.904+0000][1084][safepoint    ] Safepoint "Cleanup", Time since last: 1000120115 ns, Reaching safepoint: 83015 ns, At safepoint: 4174 ns, Total: 87189 ns
[2020-05-20T10:57:39.904+0000][1084][safepoint    ] Safepoint "Cleanup", Time since last: 1000026434 ns, Reaching safepoint: 140522 ns, At safepoint: 5565 ns, Total: 146087 ns
[2020-05-20T10:57:40.904+0000][1084][safepoint    ] Safepoint "Cleanup", Time since last: 1000225854 ns, Reaching safepoint: 495304 ns, At safepoint: 43130 ns, Total: 538434 ns
[2020-05-20T10:57:42.905+0000][1084][safepoint    ] Safepoint "Cleanup", Time since last: 1999920696 ns, Reaching safepoint: 164173 ns, At safepoint: 6957 ns, Total: 171130 ns
[2020-05-20T10:57:43.905+0000][1084][safepoint    ] Safepoint "Cleanup", Time since last: 1000642781 ns, Reaching safepoint: 112695 ns, At safepoint: 4638 ns, Total: 117333 ns
[2020-05-20T10:57:44.906+0000][1084][safepoint    ] Safepoint "Cleanup", Time since last: 1000567651 ns, Reaching safepoint: 172521 ns, At safepoint: 7420 ns, Total: 179941 ns
[2020-05-20T10:57:46.907+0000][1084][safepoint    ] Safepoint "Cleanup", Time since last: 2000730897 ns, Reaching safepoint: 134493 ns, At safepoint: 6029 ns, Total: 140522 ns
[2020-05-20T10:57:47.907+0000][1084][safepoint    ] Safepoint "Cleanup", Time since last: 1000002319 ns, Reaching safepoint: 126144 ns, At safepoint: 4638 ns, Total: 130782 ns
[2020-05-20T10:57:49.908+0000][1084][safepoint    ] Safepoint "Cleanup", Time since last: 2000583883 ns, Reaching safepoint: 124753 ns, At safepoint: 6493 ns, Total: 131246 ns
[2020-05-20T10:57:50.908+0000][1084][safepoint    ] Safepoint "Cleanup", Time since last: 1000065391 ns, Reaching safepoint: 127536 ns, At safepoint: 7420 ns, Total: 134956 ns
[2020-05-20T10:57:51.909+0000][1084][safepoint    ] Safepoint "Cleanup", Time since last: 1000515709 ns, Reaching safepoint: 104348 ns, At safepoint: 4637 ns, Total: 108985 ns
[2020-05-20T10:57:52.929+0000][1084][safepoint    ] Safepoint "Cleanup", Time since last: 1019775491 ns, Reaching safepoint: 109449 ns, At safepoint: 5101 ns, Total: 114550 ns
[2020-05-20T10:57:53.929+0000][1084][safepoint    ] Safepoint "Cleanup", Time since last: 1000361738 ns, Reaching safepoint: 105739 ns, At safepoint: 4638 ns, Total: 110377 ns
[2020-05-20T10:57:54.929+0000][1084][safepoint    ] Safepoint "Cleanup", Time since last: 1000109449 ns, Reaching safepoint: 124753 ns, At safepoint: 5102 ns, Total: 129855 ns
[2020-05-20T10:57:55.930+0000][1084][safepoint    ] Safepoint "Cleanup", Time since last: 1000416926 ns, Reaching safepoint: 146551 ns, At safepoint: 10666 ns, Total: 157217 ns
[2020-05-20T10:57:56.930+0000][1084][safepoint    ] Safepoint "Cleanup", Time since last: 1000038957 ns, Reaching safepoint: 148405 ns, At safepoint: 7884 ns, Total: 156289 ns
[2020-05-20T10:57:57.931+0000][1084][safepoint    ] Safepoint "Cleanup", Time since last: 1000385854 ns, Reaching safepoint: 111768 ns, At safepoint: 5102 ns, Total: 116870 ns
[2020-05-20T10:57:59.931+0000][1084][safepoint    ] Safepoint "Cleanup", Time since last: 2000291245 ns, Reaching safepoint: 140522 ns, At safepoint: 7420 ns, Total: 147942 ns
[2020-05-20T10:58:00.973+0000][1084][safepoint    ] Safepoint "Cleanup", Time since last: 1000645100 ns, Reaching safepoint: 40988195 ns, At safepoint: 46840 ns, Total: 41035035 ns
[2020-05-20T10:58:01.973+0000][1084][safepoint    ] Safepoint "Cleanup", Time since last: 1000620057 ns, Reaching safepoint: 130318 ns, At safepoint: 6029 ns, Total: 136347 ns
[2020-05-20T10:58:02.974+0000][1084][safepoint    ] Safepoint "Cleanup", Time since last: 1000117797 ns, Reaching safepoint: 110840 ns, At safepoint: 7421 ns, Total: 118261 ns
[2020-05-20T10:58:03.975+0000][1084][safepoint    ] Safepoint "Cleanup", Time since last: 1000713737 ns, Reaching safepoint: 248116 ns, At safepoint: 8811 ns, Total: 256927 ns
[2020-05-20T10:58:05.975+0000][1084][safepoint    ] Safepoint "Cleanup", Time since last: 2000524057 ns, Reaching safepoint: 142376 ns, At safepoint: 7421 ns, Total: 149797 ns
[2020-05-20T10:58:06.976+0000][1084][safepoint    ] Safepoint "Cleanup", Time since last: 1000584346 ns, Reaching safepoint: 91826 ns, At safepoint: 2783 ns, Total: 94609 ns
[2020-05-20T10:58:07.976+0000][1084][safepoint    ] Safepoint "Cleanup", Time since last: 1000284289 ns, Reaching safepoint: 112231 ns, At safepoint: 6493 ns, Total: 118724 ns
[2020-05-20T10:58:08.977+0000][1084][safepoint    ] Safepoint "Cleanup", Time since last: 1000401622 ns, Reaching safepoint: 76522 ns, At safepoint: 4174 ns, Total: 80696 ns
[2020-05-20T10:58:09.977+0000][1084][safepoint    ] Safepoint "Cleanup", Time since last: 1000139594 ns, Reaching safepoint: 92289 ns, At safepoint: 5566 ns, Total: 97855 ns
[2020-05-20T10:58:10.978+0000][1084][safepoint    ] Safepoint "Cleanup", Time since last: 1000443361 ns, Reaching safepoint: 121971 ns, At safepoint: 6956 ns, Total: 128927 ns
[2020-05-20T10:58:11.981+0000][1084][safepoint    ] Safepoint "Cleanup", Time since last: 1000190608 ns, Reaching safepoint: 3105848 ns, At safepoint: 24580 ns, Total: 3130428 ns
[2020-05-20T10:58:12.982+0000][1084][safepoint    ] Safepoint "Cleanup", Time since last: 1000764752 ns, Reaching safepoint: 142840 ns, At safepoint: 8812 ns, Total: 151652 ns
[2020-05-20T10:58:13.983+0000][1084][safepoint    ] Safepoint "Cleanup", Time since last: 1000590839 ns, Reaching safepoint: 141913 ns, At safepoint: 8347 ns, Total: 150260 ns
[2020-05-20T10:58:14.984+0000][1084][safepoint    ] Safepoint "Cleanup", Time since last: 1000848230 ns, Reaching safepoint: 93217 ns, At safepoint: 3711 ns, Total: 96928 ns
[2020-05-20T10:58:15.984+0000][1084][safepoint    ] Safepoint "Cleanup", Time since last: 1000649737 ns, Reaching safepoint: 126609 ns, At safepoint: 4637 ns, Total: 131246 ns
[2020-05-20T10:58:16.985+0000][1084][safepoint    ] Safepoint "Cleanup", Time since last: 1000067246 ns, Reaching safepoint: 196638 ns, At safepoint: 53333 ns, Total: 249971 ns
[2020-05-20T10:58:17.985+0000][1084][safepoint    ] Safepoint "Cleanup", Time since last: 1000076058 ns, Reaching safepoint: 134028 ns, At safepoint: 4638 ns, Total: 138666 ns
[2020-05-20T10:58:18.986+0000][1084][safepoint    ] Safepoint "Cleanup", Time since last: 1000602897 ns, Reaching safepoint: 117333 ns, At safepoint: 2783 ns, Total: 120116 ns
[2020-05-20T10:58:19.986+0000][1084][safepoint    ] Safepoint "Cleanup", Time since last: 1000078377 ns, Reaching safepoint: 121506 ns, At safepoint: 5102 ns, Total: 126608 ns
[2020-05-20T10:58:20.987+0000][1084][safepoint    ] Safepoint "Cleanup", Time since last: 1000695187 ns, Reaching safepoint: 97855 ns, At safepoint: 3246 ns, Total: 101101 ns
[2020-05-20T10:58:22.004+0000][1084][safepoint    ] Safepoint "Cleanup", Time since last: 1000632578 ns, Reaching safepoint: 17088888 ns, At safepoint: 68174 ns, Total: 17157062 ns
[2020-05-20T10:58:23.005+0000][1084][safepoint    ] Safepoint "Cleanup", Time since last: 1000710027 ns, Reaching safepoint: 117797 ns, At safepoint: 6957 ns, Total: 124754 ns
[2020-05-20T10:58:24.005+0000][1084][safepoint    ] Safepoint "Cleanup", Time since last: 1000009739 ns, Reaching safepoint: 146086 ns, At safepoint: 5565 ns, Total: 151651 ns
[2020-05-20T10:58:25.006+0000][1084][safepoint    ] Safepoint "Cleanup", Time since last: 1000499478 ns, Reaching safepoint: 133101 ns, At safepoint: 5565 ns, Total: 138666 ns
[2020-05-20T10:58:26.006+0000][1084][safepoint    ] Safepoint "Cleanup", Time since last: 1000259246 ns, Reaching safepoint: 138666 ns, At safepoint: 6029 ns, Total: 144695 ns
[2020-05-20T10:58:28.078+0000][1084][safepoint    ] Safepoint "Cleanup", Time since last: 2000166029 ns, Reaching safepoint: 70592763 ns, At safepoint: 91826 ns, Total: 70684589 ns
[2020-05-20T10:58:29.078+0000][1084][safepoint    ] Safepoint "Cleanup", Time since last: 1000108986 ns, Reaching safepoint: 103883 ns, At safepoint: 5102 ns, Total: 108985 ns
[2020-05-20T10:58:30.078+0000][1084][safepoint    ] Safepoint "Cleanup", Time since last: 1000703534 ns, Reaching safepoint: 105739 ns, At safepoint: 3247 ns, Total: 108986 ns
[2020-05-20T10:58:31.079+0000][1084][safepoint    ] Safepoint "Cleanup", Time since last: 1000630259 ns, Reaching safepoint: 126608 ns, At safepoint: 5566 ns, Total: 132174 ns
[2020-05-20T10:58:32.080+0000][1084][safepoint    ] Safepoint "Cleanup", Time since last: 1000794896 ns, Reaching safepoint: 129855 ns, At safepoint: 7420 ns, Total: 137275 ns
[2020-05-20T10:58:33.080+0000][1084][safepoint    ] Safepoint "Cleanup", Time since last: 1000266203 ns, Reaching safepoint: 119188 ns, At safepoint: 7884 ns, Total: 127072 ns
[2020-05-20T10:58:34.081+0000][1084][safepoint    ] Safepoint "Cleanup", Time since last: 1000595013 ns, Reaching safepoint: 121507 ns, At safepoint: 7420 ns, Total: 128927 ns
[2020-05-20T10:58:35.082+0000][1084][safepoint    ] Safepoint "Cleanup", Time since last: 1000347362 ns, Reaching safepoint: 121043 ns, At safepoint: 6493 ns, Total: 127536 ns
[2020-05-20T10:58:37.102+0000][1084][safepoint    ] Safepoint "Cleanup", Time since last: 2000768462 ns, Reaching safepoint: 19057115 ns, At safepoint: 51478 ns, Total: 19108593 ns
[2020-05-20T10:58:38.102+0000][1084][safepoint    ] Safepoint "Cleanup", Time since last: 1000206376 ns, Reaching safepoint: 117797 ns, At safepoint: 5565 ns, Total: 123362 ns
[2020-05-20T10:58:39.069+0000][1084][gc,start     ] GC(37) Pause Young (Normal) (G1 Evacuation Pause)
[2020-05-20T10:58:39.106+0000][1084][gc,task      ] GC(37) Using 4 workers of 4 for evacuation
[2020-05-20T10:58:39.135+0000][1084][gc,age       ] GC(37) Desired survivor size 40370176 bytes, new threshold 15 (max threshold 15)
[2020-05-20T10:58:39.930+0000][1084][gc,age       ] GC(37) Age table with threshold 15 (max threshold 15)
[2020-05-20T10:58:39.930+0000][1084][gc,age       ] GC(37) - age   1:     283320 bytes,     283320 total
[2020-05-20T10:58:39.930+0000][1084][gc,age       ] GC(37) - age   2:        216 bytes,     283536 total
[2020-05-20T10:58:39.930+0000][1084][gc,age       ] GC(37) - age   3:     247248 bytes,     530784 total
[2020-05-20T10:58:39.930+0000][1084][gc,age       ] GC(37) - age   4:     277632 bytes,     808416 total
[2020-05-20T10:58:39.930+0000][1084][gc,mmu       ] GC(37) MMU target violated: 201.0ms (200.0ms/201.0ms)
[2020-05-20T10:58:39.931+0000][1084][gc,phases    ] GC(37)   Pre Evacuate Collection Set: 57.0ms
[2020-05-20T10:58:39.931+0000][1084][gc,phases    ] GC(37)   Merge Heap Roots: 1.5ms
[2020-05-20T10:58:39.931+0000][1084][gc,phases    ] GC(37)   Evacuate Collection Set: 661.8ms
[2020-05-20T10:58:39.931+0000][1084][gc,phases    ] GC(37)   Post Evacuate Collection Set: 52.7ms
[2020-05-20T10:58:39.931+0000][1084][gc,phases    ] GC(37)   Other: 151.5ms
[2020-05-20T10:58:39.931+0000][1084][gc,heap      ] GC(37) Eden regions: 612->0(49)
[2020-05-20T10:58:39.931+0000][1084][gc,heap      ] GC(37) Survivor regions: 2->2(77)
[2020-05-20T10:58:39.931+0000][1084][gc,heap      ] GC(37) Old regions: 82->82
[2020-05-20T10:58:39.931+0000][1084][gc,heap      ] GC(37) Archive regions: 0->0
[2020-05-20T10:58:39.931+0000][1084][gc,heap      ] GC(37) Humongous regions: 7->7
[2020-05-20T10:58:39.946+0000][1084][gc,metaspace ] GC(37) Metaspace: 99302K(107160K)->99302K(107160K) NonClass: 86408K(91012K)->86408K(91012K) Class: 12894K(16148K)->12894K(16148K)
[2020-05-20T10:58:39.946+0000][1084][gc           ] GC(37) Pause Young (Normal) (G1 Evacuation Pause) 702M->89M(1024M) 878.508ms
[2020-05-20T10:58:39.947+0000][1084][gc,cpu       ] GC(37) User=0.02s Sys=0.03s Real=0.89s
[2020-05-20T10:58:39.947+0000][1084][safepoint    ] Safepoint "G1CollectForAllocation", Time since last: 856208102 ns, Reaching safepoint: 24143712 ns, At safepoint: 965312081 ns, Total: 989455793 ns
[2020-05-20T10:58:41.948+0000][1084][safepoint    ] Safepoint "Cleanup", Time since last: 2000711882 ns, Reaching safepoint: 92290 ns, At safepoint: 3246 ns, Total: 95536 ns
[2020-05-20T10:58:43.949+0000][1084][safepoint    ] Safepoint "Cleanup", Time since last: 2000350608 ns, Reaching safepoint: 147014 ns, At safepoint: 7420 ns, Total: 154434 ns
[2020-05-20T10:58:44.949+0000][1084][safepoint    ] Safepoint "Cleanup", Time since last: 1000103420 ns, Reaching safepoint: 86725 ns, At safepoint: 4637 ns, Total: 91362 ns
[2020-05-20T10:58:45.950+0000][1084][safepoint    ] Safepoint "Cleanup", Time since last: 1000456811 ns, Reaching safepoint: 255536 ns, At safepoint: 7884 ns, Total: 263420 ns
[2020-05-20T10:58:46.950+0000][1084][safepoint    ] Safepoint "Cleanup", Time since last: 1000522201 ns, Reaching safepoint: 177623 ns, At safepoint: 10667 ns, Total: 188290 ns
[2020-05-20T10:58:48.951+0000][1084][safepoint    ] Safepoint "Cleanup", Time since last: 2000142376 ns, Reaching safepoint: 106203 ns, At safepoint: 6493 ns, Total: 112696 ns
[2020-05-20T10:58:49.951+0000][1084][safepoint    ] Safepoint "Cleanup", Time since last: 1000592230 ns, Reaching safepoint: 138203 ns, At safepoint: 6956 ns, Total: 145159 ns
[2020-05-20T10:58:50.952+0000][1084][safepoint    ] Safepoint "Cleanup", Time since last: 1000624231 ns, Reaching safepoint: 123362 ns, At safepoint: 4174 ns, Total: 127536 ns
[2020-05-20T10:58:51.953+0000][1084][safepoint    ] Safepoint "Cleanup", Time since last: 1000860751 ns, Reaching safepoint: 120580 ns, At safepoint: 6956 ns, Total: 127536 ns
[2020-05-20T10:58:52.954+0000][1084][safepoint    ] Safepoint "Cleanup", Time since last: 1000812056 ns, Reaching safepoint: 138203 ns, At safepoint: 5565 ns, Total: 143768 ns
[2020-05-20T10:58:53.955+0000][1084][safepoint    ] Safepoint "Cleanup", Time since last: 1000591767 ns, Reaching safepoint: 118260 ns, At safepoint: 6029 ns, Total: 124289 ns
[2020-05-20T10:58:54.978+0000][1084][safepoint    ] Safepoint "Cleanup", Time since last: 1016668251 ns, Reaching safepoint: 6138421 ns, At safepoint: 27826 ns, Total: 6166247 ns
[2020-05-20T10:58:55.979+0000][1084][safepoint    ] Safepoint "Cleanup", Time since last: 1000850549 ns, Reaching safepoint: 121507 ns, At safepoint: 7420 ns, Total: 128927 ns
[2020-05-20T10:58:56.980+0000][1084][safepoint    ] Safepoint "Cleanup", Time since last: 1000705853 ns, Reaching safepoint: 144232 ns, At safepoint: 7420 ns, Total: 151652 ns
[2020-05-20T10:58:57.980+0000][1084][safepoint    ] Safepoint "Cleanup", Time since last: 1000262029 ns, Reaching safepoint: 123362 ns, At safepoint: 6029 ns, Total: 129391 ns
[2020-05-20T10:58:58.981+0000][1084][safepoint    ] Safepoint "Cleanup", Time since last: 1000905737 ns, Reaching safepoint: 192463 ns, At safepoint: 11130 ns, Total: 203593 ns
[2020-05-20T10:58:59.982+0000][1084][safepoint    ] Safepoint "Cleanup", Time since last: 1000453101 ns, Reaching safepoint: 86261 ns, At safepoint: 3246 ns, Total: 89507 ns
[2020-05-20T10:59:00.982+0000][1084][safepoint    ] Safepoint "Cleanup", Time since last: 1000696578 ns, Reaching safepoint: 126608 ns, At safepoint: 5102 ns, Total: 131710 ns
[2020-05-20T10:59:01.983+0000][1084][safepoint    ] Safepoint "Cleanup", Time since last: 1000820867 ns, Reaching safepoint: 125681 ns, At safepoint: 7421 ns, Total: 133102 ns
[2020-05-20T10:59:03.984+0000][1084][safepoint    ] Safepoint "Cleanup", Time since last: 2000715128 ns, Reaching safepoint: 108986 ns, At safepoint: 4174 ns, Total: 113160 ns
[2020-05-20T10:59:04.985+0000][1084][safepoint    ] Safepoint "Cleanup", Time since last: 1000312115 ns, Reaching safepoint: 105739 ns, At safepoint: 6956 ns, Total: 112695 ns
[2020-05-20T10:59:05.985+0000][1084][safepoint    ] Safepoint "Cleanup", Time since last: 1000302376 ns, Reaching safepoint: 115478 ns, At safepoint: 17623 ns, Total: 133101 ns
[2020-05-20T10:59:06.986+0000][1084][safepoint    ] Safepoint "Cleanup", Time since last: 1000651129 ns, Reaching safepoint: 98319 ns, At safepoint: 3246 ns, Total: 101565 ns
[2020-05-20T10:59:07.987+0000][1084][safepoint    ] Safepoint "Cleanup", Time since last: 1000542144 ns, Reaching safepoint: 111304 ns, At safepoint: 16232 ns, Total: 127536 ns
[2020-05-20T10:59:08.987+0000][1084][safepoint    ] Safepoint "Cleanup", Time since last: 1000067710 ns, Reaching safepoint: 104348 ns, At safepoint: 7884 ns, Total: 112232 ns
[2020-05-20T10:59:09.988+0000][1084][safepoint    ] Safepoint "Cleanup", Time since last: 1000851940 ns, Reaching safepoint: 108985 ns, At safepoint: 6956 ns, Total: 115941 ns
[2020-05-20T10:59:10.988+0000][1084][safepoint    ] Safepoint "Cleanup", Time since last: 1000587129 ns, Reaching safepoint: 125681 ns, At safepoint: 6029 ns, Total: 131710 ns
[2020-05-20T10:59:11.989+0000][1084][safepoint    ] Safepoint "Cleanup", Time since last: 1000326029 ns, Reaching safepoint: 100637 ns, At safepoint: 2783 ns, Total: 103420 ns
[2020-05-20T10:59:12.989+0000][1084][safepoint    ] Safepoint "Cleanup", Time since last: 1000045449 ns, Reaching safepoint: 138666 ns, At safepoint: 8348 ns, Total: 147014 ns
[2020-05-20T10:59:13.989+0000][1084][safepoint    ] Safepoint "Cleanup", Time since last: 1000324173 ns, Reaching safepoint: 117797 ns, At safepoint: 4174 ns, Total: 121971 ns
[2020-05-20T10:59:14.990+0000][1084][safepoint    ] Safepoint "Cleanup", Time since last: 1000802781 ns, Reaching safepoint: 118260 ns, At safepoint: 6029 ns, Total: 124289 ns
[2020-05-20T10:59:15.991+0000][1084][safepoint    ] Safepoint "Cleanup", Time since last: 1000551883 ns, Reaching safepoint: 98782 ns, At safepoint: 3247 ns, Total: 102029 ns
[2020-05-20T10:59:17.228+0000][1084][safepoint    ] Safepoint "Cleanup", Time since last: 1236660784 ns, Reaching safepoint: 155826 ns, At safepoint: 7884 ns, Total: 163710 ns
[2020-05-20T10:59:18.228+0000][1084][safepoint    ] Safepoint "Cleanup", Time since last: 1000505506 ns, Reaching safepoint: 110377 ns, At safepoint: 5565 ns, Total: 115942 ns
[2020-05-20T10:59:19.229+0000][1084][safepoint    ] Safepoint "Cleanup", Time since last: 1000396984 ns, Reaching safepoint: 129855 ns, At safepoint: 5565 ns, Total: 135420 ns
[2020-05-20T10:59:21.072+0000][1084][gc,start     ] GC(38) Pause Young (Normal) (G1 Evacuation Pause)
[2020-05-20T10:59:21.072+0000][1084][gc,task      ] GC(38) Using 4 workers of 4 for evacuation
[2020-05-20T10:59:21.072+0000][1084][gc,age       ] GC(38) Desired survivor size 3670016 bytes, new threshold 15 (max threshold 15)
[2020-05-20T10:59:21.149+0000][1084][gc,age       ] GC(38) Age table with threshold 15 (max threshold 15)
[2020-05-20T10:59:21.149+0000][1084][gc,age       ] GC(38) - age   1:      84088 bytes,      84088 total
[2020-05-20T10:59:21.150+0000][1084][gc,age       ] GC(38) - age   2:     135120 bytes,     219208 total
[2020-05-20T10:59:21.150+0000][1084][gc,age       ] GC(38) - age   3:        216 bytes,     219424 total
[2020-05-20T10:59:21.150+0000][1084][gc,age       ] GC(38) - age   4:     247096 bytes,     466520 total
[2020-05-20T10:59:21.150+0000][1084][gc,age       ] GC(38) - age   5:     277632 bytes,     744152 total
[2020-05-20T10:59:21.150+0000][1084][gc,phases    ] GC(38)   Pre Evacuate Collection Set: 18.2ms
[2020-05-20T10:59:21.150+0000][1084][gc,phases    ] GC(38)   Merge Heap Roots: 0.1ms
[2020-05-20T10:59:21.150+0000][1084][gc,phases    ] GC(38)   Evacuate Collection Set: 47.7ms
[2020-05-20T10:59:21.150+0000][1084][gc,phases    ] GC(38)   Post Evacuate Collection Set: 0.9ms
[2020-05-20T10:59:21.150+0000][1084][gc,phases    ] GC(38)   Other: 11.4ms
[2020-05-20T10:59:21.150+0000][1084][gc,heap      ] GC(38) Eden regions: 49->0(92)
[2020-05-20T10:59:21.150+0000][1084][gc,heap      ] GC(38) Survivor regions: 2->1(7)
[2020-05-20T10:59:21.150+0000][1084][gc,heap      ] GC(38) Old regions: 82->82
[2020-05-20T10:59:21.150+0000][1084][gc,heap      ] GC(38) Archive regions: 0->0
[2020-05-20T10:59:21.150+0000][1084][gc,heap      ] GC(38) Humongous regions: 7->7
[2020-05-20T10:59:21.150+0000][1084][gc,metaspace ] GC(38) Metaspace: 99304K(107160K)->99304K(107160K) NonClass: 86409K(91012K)->86409K(91012K) Class: 12894K(16148K)->12894K(16148K)
[2020-05-20T10:59:21.179+0000][1084][gc           ] GC(38) Pause Young (Normal) (G1 Evacuation Pause) 138M->89M(1024M) 78.710ms
[2020-05-20T10:59:21.179+0000][1084][gc,cpu       ] GC(38) User=0.02s Sys=0.00s Real=0.11s
[2020-05-20T10:59:21.179+0000][1084][safepoint    ] Safepoint "G1CollectForAllocation", Time since last: 1823482844 ns, Reaching safepoint: 18775609 ns, At safepoint: 107802185 ns, Total: 126577794 ns
[2020-05-20T10:59:22.179+0000][1084][safepoint    ] Safepoint "Cleanup", Time since last: 1000124753 ns, Reaching safepoint: 103420 ns, At safepoint: 3247 ns, Total: 106667 ns
[2020-05-20T10:59:23.179+0000][1084][safepoint    ] Safepoint "Cleanup", Time since last: 1000018550 ns, Reaching safepoint: 93217 ns, At safepoint: 3247 ns, Total: 96464 ns
[2020-05-20T10:59:24.180+0000][1084][safepoint    ] Safepoint "Cleanup", Time since last: 1000479071 ns, Reaching safepoint: 127072 ns, At safepoint: 7421 ns, Total: 134493 ns
[2020-05-20T10:59:25.869+0000][1084][safepoint    ] Safepoint "Cleanup", Time since last: 1688477012 ns, Reaching safepoint: 135884 ns, At safepoint: 3246 ns, Total: 139130 ns
[2020-05-20T10:59:26.869+0000][1084][safepoint    ] Safepoint "Cleanup", Time since last: 1000238840 ns, Reaching safepoint: 134492 ns, At safepoint: 7884 ns, Total: 142376 ns
[2020-05-20T10:59:27.869+0000][1084][safepoint    ] Safepoint "Cleanup", Time since last: 1000067710 ns, Reaching safepoint: 107131 ns, At safepoint: 5565 ns, Total: 112696 ns
[2020-05-20T10:59:29.869+0000][1084][safepoint    ] Safepoint "Cleanup", Time since last: 1999966609 ns, Reaching safepoint: 116869 ns, At safepoint: 5101 ns, Total: 121970 ns
[2020-05-20T10:59:30.870+0000][1084][safepoint    ] Safepoint "Cleanup", Time since last: 1000736926 ns, Reaching safepoint: 138667 ns, At safepoint: 8347 ns, Total: 147014 ns
[2020-05-20T10:59:32.871+0000][1084][safepoint    ] Safepoint "Cleanup", Time since last: 2000643709 ns, Reaching safepoint: 130782 ns, At safepoint: 6493 ns, Total: 137275 ns
[2020-05-20T10:59:34.872+0000][1084][safepoint    ] Safepoint "Cleanup", Time since last: 2000719303 ns, Reaching safepoint: 123826 ns, At safepoint: 6956 ns, Total: 130782 ns
[2020-05-20T10:59:35.872+0000][1084][safepoint    ] Safepoint "Cleanup", Time since last: 1000062145 ns, Reaching safepoint: 91826 ns, At safepoint: 3710 ns, Total: 95536 ns
[2020-05-20T10:59:36.872+0000][1084][safepoint    ] Safepoint "Cleanup", Time since last: 1000382144 ns, Reaching safepoint: 120579 ns, At safepoint: 6493 ns, Total: 127072 ns
[2020-05-20T10:59:37.873+0000][1084][safepoint    ] Safepoint "Cleanup", Time since last: 1000064927 ns, Reaching safepoint: 96000 ns, At safepoint: 3247 ns, Total: 99247 ns
[2020-05-20T10:59:39.873+0000][1084][safepoint    ] Safepoint "Cleanup", Time since last: 2000086260 ns, Reaching safepoint: 126609 ns, At safepoint: 7420 ns, Total: 134029 ns
[2020-05-20T10:59:40.873+0000][1084][safepoint    ] Safepoint "Cleanup", Time since last: 1000062145 ns, Reaching safepoint: 126144 ns, At safepoint: 6957 ns, Total: 133101 ns
[2020-05-20T10:59:42.873+0000][1084][safepoint    ] Safepoint "Cleanup", Time since last: 1999889160 ns, Reaching safepoint: 118724 ns, At safepoint: 6493 ns, Total: 125217 ns
[2020-05-20T10:59:43.874+0000][1084][safepoint    ] Safepoint "Cleanup", Time since last: 1000859824 ns, Reaching safepoint: 93217 ns, At safepoint: 4174 ns, Total: 97391 ns
[2020-05-20T10:59:44.875+0000][1084][safepoint    ] Safepoint "Cleanup", Time since last: 1000365912 ns, Reaching safepoint: 132637 ns, At safepoint: 5102 ns, Total: 137739 ns
[2020-05-20T10:59:45.875+0000][1084][safepoint    ] Safepoint "Cleanup", Time since last: 1000214260 ns, Reaching safepoint: 97855 ns, At safepoint: 4174 ns, Total: 102029 ns
[2020-05-20T10:59:46.876+0000][1084][safepoint    ] Safepoint "Cleanup", Time since last: 1000636288 ns, Reaching safepoint: 118725 ns, At safepoint: 5101 ns, Total: 123826 ns
[2020-05-20T10:59:47.876+0000][1084][safepoint    ] Safepoint "Cleanup", Time since last: 1000111304 ns, Reaching safepoint: 125681 ns, At safepoint: 4638 ns, Total: 130319 ns
[2020-05-20T10:59:48.876+0000][1084][safepoint    ] Safepoint "Cleanup", Time since last: 1000218434 ns, Reaching safepoint: 111768 ns, At safepoint: 5101 ns, Total: 116869 ns
[2020-05-20T10:59:49.877+0000][1084][safepoint    ] Safepoint "Cleanup", Time since last: 1000244406 ns, Reaching safepoint: 97391 ns, At safepoint: 4637 ns, Total: 102028 ns
[2020-05-20T10:59:50.959+0000][1084][safepoint    ] Safepoint "Cleanup", Time since last: 1081985201 ns, Reaching safepoint: 122435 ns, At safepoint: 2783 ns, Total: 125218 ns
[2020-05-20T10:59:51.985+0000][1084][safepoint    ] Safepoint "Cleanup", Time since last: 1000102492 ns, Reaching safepoint: 26087824 ns, At safepoint: 50086 ns, Total: 26137910 ns
[2020-05-20T10:59:53.057+0000][1084][safepoint    ] Safepoint "Cleanup", Time since last: 1000769854 ns, Reaching safepoint: 70856183 ns, At safepoint: 65391 ns, Total: 70921574 ns
[2020-05-20T10:59:54.061+0000][1084][safepoint    ] Safepoint "Cleanup", Time since last: 1004465613 ns, Reaching safepoint: 110377 ns, At safepoint: 6493 ns, Total: 116870 ns
[2020-05-20T10:59:55.062+0000][1084][safepoint    ] Safepoint "Cleanup", Time since last: 1000814838 ns, Reaching safepoint: 89507 ns, At safepoint: 3247 ns, Total: 92754 ns
[2020-05-20T10:59:56.365+0000][1084][safepoint    ] Safepoint "Cleanup", Time since last: 1302443356 ns, Reaching safepoint: 176696 ns, At safepoint: 6492 ns, Total: 183188 ns
[2020-05-20T10:59:57.365+0000][1084][safepoint    ] Safepoint "Cleanup", Time since last: 1000107594 ns, Reaching safepoint: 117333 ns, At safepoint: 8812 ns, Total: 126145 ns
[2020-05-20T10:59:58.366+0000][1084][safepoint    ] Safepoint "Cleanup", Time since last: 1000486492 ns, Reaching safepoint: 106202 ns, At safepoint: 4638 ns, Total: 110840 ns
[2020-05-20T10:59:59.366+0000][1084][safepoint    ] Safepoint "Cleanup", Time since last: 1000076985 ns, Reaching safepoint: 103420 ns, At safepoint: 6493 ns, Total: 109913 ns
[2020-05-20T11:00:00.366+0000][1084][safepoint    ] Safepoint "Cleanup", Time since last: 1000005101 ns, Reaching safepoint: 124754 ns, At safepoint: 4637 ns, Total: 129391 ns
[2020-05-20T11:00:01.367+0000][1084][safepoint    ] Safepoint "Cleanup", Time since last: 1000590376 ns, Reaching safepoint: 136811 ns, At safepoint: 5102 ns, Total: 141913 ns
[2020-05-20T11:00:02.367+0000][1084][safepoint    ] Safepoint "Cleanup", Time since last: 1000240231 ns, Reaching safepoint: 174840 ns, At safepoint: 5102 ns, Total: 179942 ns
[2020-05-20T11:00:03.461+0000][1084][safepoint    ] Safepoint "Cleanup", Time since last: 1000561621 ns, Reaching safepoint: 93758392 ns, At safepoint: 72811 ns, Total: 93831203 ns
[2020-05-20T11:00:05.462+0000][1084][safepoint    ] Safepoint "Cleanup", Time since last: 2000428057 ns, Reaching safepoint: 105739 ns, At safepoint: 5101 ns, Total: 110840 ns
[2020-05-20T11:00:06.718+0000][1084][safepoint    ] Safepoint "Cleanup", Time since last: 1000114551 ns, Reaching safepoint: 256321261 ns, At safepoint: 137738 ns, Total: 256458999 ns
[2020-05-20T11:00:07.719+0000][1084][safepoint    ] Safepoint "Cleanup", Time since last: 1000274087 ns, Reaching safepoint: 115478 ns, At safepoint: 4637 ns, Total: 120115 ns
[2020-05-20T11:00:08.719+0000][1084][safepoint    ] Safepoint "Cleanup", Time since last: 1000466086 ns, Reaching safepoint: 94145 ns, At safepoint: 5565 ns, Total: 99710 ns
[2020-05-20T11:00:09.720+0000][1084][safepoint    ] Safepoint "Cleanup", Time since last: 1000821795 ns, Reaching safepoint: 130783 ns, At safepoint: 5565 ns, Total: 136348 ns
[2020-05-20T11:00:10.721+0000][1084][safepoint    ] Safepoint "Cleanup", Time since last: 1000356173 ns, Reaching safepoint: 145623 ns, At safepoint: 10203 ns, Total: 155826 ns
[2020-05-20T11:00:11.721+0000][1084][safepoint    ] Safepoint "Cleanup", Time since last: 1000038956 ns, Reaching safepoint: 81623 ns, At safepoint: 3246 ns, Total: 84869 ns
[2020-05-20T11:00:12.722+0000][1084][safepoint    ] Safepoint "Cleanup", Time since last: 1000495767 ns, Reaching safepoint: 90899 ns, At safepoint: 3710 ns, Total: 94609 ns
[2020-05-20T11:00:13.722+0000][1084][safepoint    ] Safepoint "Cleanup", Time since last: 1000205912 ns, Reaching safepoint: 78841 ns, At safepoint: 2782 ns, Total: 81623 ns
[2020-05-20T11:00:14.723+0000][1084][safepoint    ] Safepoint "Cleanup", Time since last: 1000505043 ns, Reaching safepoint: 131246 ns, At safepoint: 7420 ns, Total: 138666 ns
[2020-05-20T11:00:15.723+0000][1084][safepoint    ] Safepoint "Cleanup", Time since last: 1000271304 ns, Reaching safepoint: 90434 ns, At safepoint: 3247 ns, Total: 93681 ns
[2020-05-20T11:00:16.724+0000][1084][safepoint    ] Safepoint "Cleanup", Time since last: 1000594549 ns, Reaching safepoint: 151652 ns, At safepoint: 7884 ns, Total: 159536 ns
[2020-05-20T11:00:17.729+0000][1084][safepoint    ] Safepoint "Cleanup", Time since last: 1000292637 ns, Reaching safepoint: 5187698 ns, At safepoint: 60754 ns, Total: 5248452 ns
[2020-05-20T11:00:18.795+0000][1084][safepoint    ] Safepoint "Cleanup", Time since last: 1000209622 ns, Reaching safepoint: 65195907 ns, At safepoint: 96927 ns, Total: 65292834 ns
[2020-05-20T11:00:19.795+0000][1084][safepoint    ] Safepoint "Cleanup", Time since last: 1000014841 ns, Reaching safepoint: 125681 ns, At safepoint: 4637 ns, Total: 130318 ns
[2020-05-20T11:00:20.795+0000][1084][safepoint    ] Safepoint "Cleanup", Time since last: 1000140986 ns, Reaching safepoint: 111304 ns, At safepoint: 4637 ns, Total: 115941 ns
[2020-05-20T11:00:21.796+0000][1084][safepoint    ] Safepoint "Cleanup", Time since last: 1000703535 ns, Reaching safepoint: 76985 ns, At safepoint: 3247 ns, Total: 80232 ns
[2020-05-20T11:00:22.796+0000][1084][safepoint    ] Safepoint "Cleanup", Time since last: 1000039420 ns, Reaching safepoint: 127072 ns, At safepoint: 5565 ns, Total: 132637 ns
[2020-05-20T11:00:23.797+0000][1084][safepoint    ] Safepoint "Cleanup", Time since last: 1000579709 ns, Reaching safepoint: 123826 ns, At safepoint: 4174 ns, Total: 128000 ns
[2020-05-20T11:00:24.797+0000][1084][safepoint    ] Safepoint "Cleanup", Time since last: 1000048232 ns, Reaching safepoint: 84869 ns, At safepoint: 2783 ns, Total: 87652 ns
[2020-05-20T11:00:25.797+0000][1084][safepoint    ] Safepoint "Cleanup", Time since last: 1000409970 ns, Reaching safepoint: 128463 ns, At safepoint: 2783 ns, Total: 131246 ns
[2020-05-20T11:00:26.798+0000][1084][safepoint    ] Safepoint "Cleanup", Time since last: 1000295419 ns, Reaching safepoint: 82551 ns, At safepoint: 4174 ns, Total: 86725 ns
[2020-05-20T11:00:27.798+0000][1084][safepoint    ] Safepoint "Cleanup", Time since last: 1000285216 ns, Reaching safepoint: 144696 ns, At safepoint: 4637 ns, Total: 149333 ns
[2020-05-20T11:00:28.840+0000][1084][safepoint    ] Safepoint "Cleanup", Time since last: 1000518956 ns, Reaching safepoint: 40999789 ns, At safepoint: 73275 ns, Total: 41073064 ns
[2020-05-20T11:00:29.877+0000][1084][safepoint    ] Safepoint "Cleanup", Time since last: 1000641854 ns, Reaching safepoint: 36101945 ns, At safepoint: 28753 ns, Total: 36130698 ns
[2020-05-20T11:00:30.877+0000][1084][safepoint    ] Safepoint "Cleanup", Time since last: 1000022261 ns, Reaching safepoint: 133101 ns, At safepoint: 5102 ns, Total: 138203 ns
[2020-05-20T11:00:31.878+0000][1084][safepoint    ] Safepoint "Cleanup", Time since last: 1000616346 ns, Reaching safepoint: 122898 ns, At safepoint: 5102 ns, Total: 128000 ns
[2020-05-20T11:00:33.895+0000][1084][safepoint    ] Safepoint "Cleanup", Time since last: 2000524984 ns, Reaching safepoint: 17039265 ns, At safepoint: 15768 ns, Total: 17055033 ns
[2020-05-20T11:00:34.895+0000][1084][safepoint    ] Safepoint "Cleanup", Time since last: 1000111304 ns, Reaching safepoint: 117797 ns, At safepoint: 3246 ns, Total: 121043 ns
[2020-05-20T11:00:35.896+0000][1084][safepoint    ] Safepoint "Cleanup", Time since last: 1000862607 ns, Reaching safepoint: 128927 ns, At safepoint: 7884 ns, Total: 136811 ns
[2020-05-20T11:00:36.896+0000][1084][safepoint    ] Safepoint "Cleanup", Time since last: 1000023652 ns, Reaching safepoint: 119189 ns, At safepoint: 4637 ns, Total: 123826 ns
[2020-05-20T11:00:37.897+0000][1084][safepoint    ] Safepoint "Cleanup", Time since last: 1000289391 ns, Reaching safepoint: 137739 ns, At safepoint: 5101 ns, Total: 142840 ns
[2020-05-20T11:00:38.897+0000][1084][safepoint    ] Safepoint "Cleanup", Time since last: 1000325101 ns, Reaching safepoint: 124289 ns, At safepoint: 5102 ns, Total: 129391 ns
[2020-05-20T11:00:40.689+0000][1084][gc,start     ] GC(39) Pause Young (Normal) (G1 Evacuation Pause)
[2020-05-20T11:00:40.689+0000][1084][gc,task      ] GC(39) Using 4 workers of 4 for evacuation
[2020-05-20T11:00:40.689+0000][1084][gc,age       ] GC(39) Desired survivor size 6291456 bytes, new threshold 15 (max threshold 15)
[2020-05-20T11:00:40.770+0000][1084][gc,age       ] GC(39) Age table with threshold 15 (max threshold 15)
[2020-05-20T11:00:40.770+0000][1084][gc,age       ] GC(39) - age   1:     100064 bytes,     100064 total
[2020-05-20T11:00:40.770+0000][1084][gc,age       ] GC(39) - age   2:       1168 bytes,     101232 total
[2020-05-20T11:00:40.770+0000][1084][gc,age       ] GC(39) - age   3:     126864 bytes,     228096 total
[2020-05-20T11:00:40.770+0000][1084][gc,age       ] GC(39) - age   4:         80 bytes,     228176 total
[2020-05-20T11:00:40.770+0000][1084][gc,age       ] GC(39) - age   5:     247096 bytes,     475272 total
[2020-05-20T11:00:40.770+0000][1084][gc,age       ] GC(39) - age   6:     277632 bytes,     752904 total
[2020-05-20T11:00:40.770+0000][1084][gc,phases    ] GC(39)   Pre Evacuate Collection Set: 30.9ms
[2020-05-20T11:00:40.770+0000][1084][gc,phases    ] GC(39)   Merge Heap Roots: 0.1ms
[2020-05-20T11:00:40.770+0000][1084][gc,phases    ] GC(39)   Evacuate Collection Set: 49.2ms
[2020-05-20T11:00:40.770+0000][1084][gc,phases    ] GC(39)   Post Evacuate Collection Set: 0.8ms
[2020-05-20T11:00:40.770+0000][1084][gc,phases    ] GC(39)   Other: 0.6ms
[2020-05-20T11:00:40.770+0000][1084][gc,heap      ] GC(39) Eden regions: 92->0(154)
[2020-05-20T11:00:40.770+0000][1084][gc,heap      ] GC(39) Survivor regions: 1->1(12)
[2020-05-20T11:00:40.770+0000][1084][gc,heap      ] GC(39) Old regions: 82->82
[2020-05-20T11:00:40.770+0000][1084][gc,heap      ] GC(39) Archive regions: 0->0
[2020-05-20T11:00:40.770+0000][1084][gc,heap      ] GC(39) Humongous regions: 7->7
[2020-05-20T11:00:40.770+0000][1084][gc,metaspace ] GC(39) Metaspace: 99307K(107160K)->99307K(107160K) NonClass: 86412K(91012K)->86412K(91012K) Class: 12894K(16148K)->12894K(16148K)
[2020-05-20T11:00:40.811+0000][1084][gc           ] GC(39) Pause Young (Normal) (G1 Evacuation Pause) 181M->89M(1024M) 81.943ms
[2020-05-20T11:00:40.811+0000][1084][gc,cpu       ] GC(39) User=0.00s Sys=0.00s Real=0.12s
[2020-05-20T11:00:40.811+0000][1084][safepoint    ] Safepoint "G1CollectForAllocation", Time since last: 1791309005 ns, Reaching safepoint: 185971 ns, At safepoint: 121764355 ns, Total: 121950326 ns
[2020-05-20T11:00:41.812+0000][1084][safepoint    ] Safepoint "Cleanup", Time since last: 1000797680 ns, Reaching safepoint: 106202 ns, At safepoint: 23189 ns, Total: 129391 ns
[2020-05-20T11:00:42.812+0000][1084][safepoint    ] Safepoint "Cleanup", Time since last: 1000652520 ns, Reaching safepoint: 119188 ns, At safepoint: 4638 ns, Total: 123826 ns
[2020-05-20T11:00:43.813+0000][1084][safepoint    ] Safepoint "Cleanup", Time since last: 1000480462 ns, Reaching safepoint: 125681 ns, At safepoint: 3247 ns, Total: 128928 ns
[2020-05-20T11:00:44.813+0000][1084][safepoint    ] Safepoint "Cleanup", Time since last: 1000414144 ns, Reaching safepoint: 137738 ns, At safepoint: 6957 ns, Total: 144695 ns
[2020-05-20T11:00:45.855+0000][1084][safepoint    ] Safepoint "Cleanup", Time since last: 1001513272 ns, Reaching safepoint: 40577761 ns, At safepoint: 95072 ns, Total: 40672833 ns
[2020-05-20T11:00:46.920+0000][1084][safepoint    ] Safepoint "Cleanup", Time since last: 1063972489 ns, Reaching safepoint: 130319 ns, At safepoint: 6493 ns, Total: 136812 ns
[2020-05-20T11:00:47.920+0000][1084][safepoint    ] Safepoint "Cleanup", Time since last: 1000123825 ns, Reaching safepoint: 86725 ns, At safepoint: 2782 ns, Total: 89507 ns
[2020-05-20T11:00:48.937+0000][1084][safepoint    ] Safepoint "Cleanup", Time since last: 1016598687 ns, Reaching safepoint: 147014 ns, At safepoint: 6029 ns, Total: 153043 ns
[2020-05-20T11:00:49.939+0000][1084][safepoint    ] Safepoint "Cleanup", Time since last: 1001794314 ns, Reaching safepoint: 124754 ns, At safepoint: 5101 ns, Total: 129855 ns
[2020-05-20T11:00:50.939+0000][1084][safepoint    ] Safepoint "Cleanup", Time since last: 1000315362 ns, Reaching safepoint: 113159 ns, At safepoint: 6956 ns, Total: 120115 ns
[2020-05-20T11:00:51.940+0000][1084][safepoint    ] Safepoint "Cleanup", Time since last: 1000514782 ns, Reaching safepoint: 89971 ns, At safepoint: 4637 ns, Total: 94608 ns
[2020-05-20T11:00:52.941+0000][1084][safepoint    ] Safepoint "Cleanup", Time since last: 1001038375 ns, Reaching safepoint: 153970 ns, At safepoint: 4638 ns, Total: 158608 ns
[2020-05-20T11:00:53.942+0000][1084][safepoint    ] Safepoint "Cleanup", Time since last: 1000729969 ns, Reaching safepoint: 175304 ns, At safepoint: 7884 ns, Total: 183188 ns
[2020-05-20T11:00:54.942+0000][1084][safepoint    ] Safepoint "Cleanup", Time since last: 1000066783 ns, Reaching safepoint: 118260 ns, At safepoint: 6029 ns, Total: 124289 ns
[2020-05-20T11:00:56.943+0000][1084][safepoint    ] Safepoint "Cleanup", Time since last: 2000855651 ns, Reaching safepoint: 112231 ns, At safepoint: 5565 ns, Total: 117796 ns
[2020-05-20T11:00:57.944+0000][1084][safepoint    ] Safepoint "Cleanup", Time since last: 1000686376 ns, Reaching safepoint: 84869 ns, At safepoint: 4174 ns, Total: 89043 ns
[2020-05-20T11:00:58.945+0000][1084][safepoint    ] Safepoint "Cleanup", Time since last: 1000915476 ns, Reaching safepoint: 135420 ns, At safepoint: 5101 ns, Total: 140521 ns
[2020-05-20T11:00:59.945+0000][1084][safepoint    ] Safepoint "Cleanup", Time since last: 1000092290 ns, Reaching safepoint: 142377 ns, At safepoint: 6492 ns, Total: 148869 ns
[2020-05-20T11:01:00.945+0000][1084][safepoint    ] Safepoint "Cleanup", Time since last: 1000088580 ns, Reaching safepoint: 128927 ns, At safepoint: 8812 ns, Total: 137739 ns
[2020-05-20T11:01:01.946+0000][1084][safepoint    ] Safepoint "Cleanup", Time since last: 1000770317 ns, Reaching safepoint: 116405 ns, At safepoint: 7884 ns, Total: 124289 ns
[2020-05-20T11:01:02.947+0000][1084][safepoint    ] Safepoint "Cleanup", Time since last: 1000363130 ns, Reaching safepoint: 152579 ns, At safepoint: 6029 ns, Total: 158608 ns
[2020-05-20T11:01:03.947+0000][1084][safepoint    ] Safepoint "Cleanup", Time since last: 1000457274 ns, Reaching safepoint: 93218 ns, At safepoint: 6029 ns, Total: 99247 ns
[2020-05-20T11:01:05.948+0000][1084][safepoint    ] Safepoint "Cleanup", Time since last: 2000320926 ns, Reaching safepoint: 137275 ns, At safepoint: 13450 ns, Total: 150725 ns
[2020-05-20T11:01:06.949+0000][1084][safepoint    ] Safepoint "Cleanup", Time since last: 1000865389 ns, Reaching safepoint: 151652 ns, At safepoint: 5565 ns, Total: 157217 ns
[2020-05-20T11:01:07.950+0000][1084][safepoint    ] Safepoint "Cleanup", Time since last: 1000728114 ns, Reaching safepoint: 154435 ns, At safepoint: 4637 ns, Total: 159072 ns
[2020-05-20T11:01:08.950+0000][1084][safepoint    ] Safepoint "Cleanup", Time since last: 1000334376 ns, Reaching safepoint: 84870 ns, At safepoint: 3246 ns, Total: 88116 ns
[2020-05-20T11:01:09.951+0000][1084][safepoint    ] Safepoint "Cleanup", Time since last: 1000492057 ns, Reaching safepoint: 234202 ns, At safepoint: 9276 ns, Total: 243478 ns
[2020-05-20T11:01:10.952+0000][1084][safepoint    ] Safepoint "Cleanup", Time since last: 1000490201 ns, Reaching safepoint: 114087 ns, At safepoint: 7884 ns, Total: 121971 ns
[2020-05-20T11:01:12.952+0000][1084][safepoint    ] Safepoint "Cleanup", Time since last: 2000318608 ns, Reaching safepoint: 121971 ns, At safepoint: 9275 ns, Total: 131246 ns
[2020-05-20T11:01:13.953+0000][1084][safepoint    ] Safepoint "Cleanup", Time since last: 1000546318 ns, Reaching safepoint: 130318 ns, At safepoint: 7421 ns, Total: 137739 ns
[2020-05-20T11:01:14.953+0000][1084][safepoint    ] Safepoint "Cleanup", Time since last: 1000608462 ns, Reaching safepoint: 113159 ns, At safepoint: 4174 ns, Total: 117333 ns
[2020-05-20T11:01:15.954+0000][1084][safepoint    ] Safepoint "Cleanup", Time since last: 1000017623 ns, Reaching safepoint: 111304 ns, At safepoint: 6493 ns, Total: 117797 ns
[2020-05-20T11:01:16.954+0000][1084][safepoint    ] Safepoint "Cleanup", Time since last: 1000908520 ns, Reaching safepoint: 150260 ns, At safepoint: 8812 ns, Total: 159072 ns
[2020-05-20T11:01:17.955+0000][1084][safepoint    ] Safepoint "Cleanup", Time since last: 1000722085 ns, Reaching safepoint: 102492 ns, At safepoint: 5102 ns, Total: 107594 ns
[2020-05-20T11:01:18.956+0000][1084][safepoint    ] Safepoint "Cleanup", Time since last: 1000736462 ns, Reaching safepoint: 113623 ns, At safepoint: 6956 ns, Total: 120579 ns
[2020-05-20T11:01:19.956+0000][1084][safepoint    ] Safepoint "Cleanup", Time since last: 1000021334 ns, Reaching safepoint: 102956 ns, At safepoint: 5101 ns, Total: 108057 ns
[2020-05-20T11:01:20.957+0000][1084][safepoint    ] Safepoint "Cleanup", Time since last: 1000913158 ns, Reaching safepoint: 118260 ns, At safepoint: 7421 ns, Total: 125681 ns
[2020-05-20T11:01:21.958+0000][1084][safepoint    ] Safepoint "Cleanup", Time since last: 1000654839 ns, Reaching safepoint: 140057 ns, At safepoint: 5102 ns, Total: 145159 ns
[2020-05-20T11:01:22.959+0000][1084][safepoint    ] Safepoint "Cleanup", Time since last: 1000770317 ns, Reaching safepoint: 151188 ns, At safepoint: 9739 ns, Total: 160927 ns
[2020-05-20T11:01:23.960+0000][1084][safepoint    ] Safepoint "Cleanup", Time since last: 1000422028 ns, Reaching safepoint: 154898 ns, At safepoint: 5102 ns, Total: 160000 ns
[2020-05-20T11:01:25.960+0000][1084][safepoint    ] Safepoint "Cleanup", Time since last: 2000471651 ns, Reaching safepoint: 123825 ns, At safepoint: 6957 ns, Total: 130782 ns
[2020-05-20T11:01:26.961+0000][1084][safepoint    ] Safepoint "Cleanup", Time since last: 1000271767 ns, Reaching safepoint: 144232 ns, At safepoint: 5565 ns, Total: 149797 ns
[2020-05-20T11:01:27.961+0000][1084][safepoint    ] Safepoint "Cleanup", Time since last: 1000008812 ns, Reaching safepoint: 115942 ns, At safepoint: 6028 ns, Total: 121970 ns
[2020-05-20T11:01:28.962+0000][1084][safepoint    ] Safepoint "Cleanup", Time since last: 1000494376 ns, Reaching safepoint: 89507 ns, At safepoint: 3710 ns, Total: 93217 ns
[2020-05-20T11:01:29.962+0000][1084][safepoint    ] Safepoint "Cleanup", Time since last: 1000288463 ns, Reaching safepoint: 150725 ns, At safepoint: 5565 ns, Total: 156290 ns
[2020-05-20T11:01:31.962+0000][1084][safepoint    ] Safepoint "Cleanup", Time since last: 2000103420 ns, Reaching safepoint: 95072 ns, At safepoint: 3247 ns, Total: 98319 ns
[2020-05-20T11:01:33.962+0000][1084][safepoint    ] Safepoint "Cleanup", Time since last: 2000104347 ns, Reaching safepoint: 89507 ns, At safepoint: 3247 ns, Total: 92754 ns
[2020-05-20T11:01:34.963+0000][1084][safepoint    ] Safepoint "Cleanup", Time since last: 1000606607 ns, Reaching safepoint: 126608 ns, At safepoint: 5102 ns, Total: 131710 ns
[2020-05-20T11:01:35.963+0000][1084][safepoint    ] Safepoint "Cleanup", Time since last: 1000189217 ns, Reaching safepoint: 85333 ns, At safepoint: 3246 ns, Total: 88579 ns
[2020-05-20T11:01:36.964+0000][1084][safepoint    ] Safepoint "Cleanup", Time since last: 1000125217 ns, Reaching safepoint: 116406 ns, At safepoint: 6029 ns, Total: 122435 ns
[2020-05-20T11:01:38.964+0000][1084][safepoint    ] Safepoint "Cleanup", Time since last: 2000182724 ns, Reaching safepoint: 121971 ns, At safepoint: 6492 ns, Total: 128463 ns
[2020-05-20T11:01:40.964+0000][1084][safepoint    ] Safepoint "Cleanup", Time since last: 2000168348 ns, Reaching safepoint: 84869 ns, At safepoint: 3247 ns, Total: 88116 ns
[2020-05-20T11:01:41.964+0000][1084][safepoint    ] Safepoint "Cleanup", Time since last: 1000057507 ns, Reaching safepoint: 115941 ns, At safepoint: 5102 ns, Total: 121043 ns
[2020-05-20T11:01:42.965+0000][1084][safepoint    ] Safepoint "Cleanup", Time since last: 1000706781 ns, Reaching safepoint: 126145 ns, At safepoint: 7420 ns, Total: 133565 ns
[2020-05-20T11:01:43.966+0000][1084][safepoint    ] Safepoint "Cleanup", Time since last: 1000358028 ns, Reaching safepoint: 119188 ns, At safepoint: 6029 ns, Total: 125217 ns
[2020-05-20T11:01:44.966+0000][1084][safepoint    ] Safepoint "Cleanup", Time since last: 1000321391 ns, Reaching safepoint: 179014 ns, At safepoint: 8811 ns, Total: 187825 ns
[2020-05-20T11:01:45.967+0000][1084][safepoint    ] Safepoint "Cleanup", Time since last: 1000600115 ns, Reaching safepoint: 131246 ns, At safepoint: 5565 ns, Total: 136811 ns
[2020-05-20T11:01:47.968+0000][1084][safepoint    ] Safepoint "Cleanup", Time since last: 2000835708 ns, Reaching safepoint: 111768 ns, At safepoint: 3710 ns, Total: 115478 ns
[2020-05-20T11:01:48.968+0000][1084][safepoint    ] Safepoint "Cleanup", Time since last: 1000116406 ns, Reaching safepoint: 134029 ns, At safepoint: 6028 ns, Total: 140057 ns
[2020-05-20T11:01:49.969+0000][1084][safepoint    ] Safepoint "Cleanup", Time since last: 1000735535 ns, Reaching safepoint: 133565 ns, At safepoint: 6029 ns, Total: 139594 ns
[2020-05-20T11:01:50.969+0000][1084][safepoint    ] Safepoint "Cleanup", Time since last: 1000046377 ns, Reaching safepoint: 119651 ns, At safepoint: 7885 ns, Total: 127536 ns
[2020-05-20T11:01:52.970+0000][1084][safepoint    ] Safepoint "Cleanup", Time since last: 2000628868 ns, Reaching safepoint: 125680 ns, At safepoint: 2783 ns, Total: 128463 ns
[2020-05-20T11:01:53.971+0000][1084][safepoint    ] Safepoint "Cleanup", Time since last: 1000780520 ns, Reaching safepoint: 114550 ns, At safepoint: 4638 ns, Total: 119188 ns
[2020-05-20T11:01:54.971+0000][1084][safepoint    ] Safepoint "Cleanup", Time since last: 1000407188 ns, Reaching safepoint: 128463 ns, At safepoint: 5102 ns, Total: 133565 ns
[2020-05-20T11:01:55.971+0000][1084][safepoint    ] Safepoint "Cleanup", Time since last: 1000021333 ns, Reaching safepoint: 130782 ns, At safepoint: 5565 ns, Total: 136347 ns
[2020-05-20T11:01:56.972+0000][1084][safepoint    ] Safepoint "Cleanup", Time since last: 1000485101 ns, Reaching safepoint: 159999 ns, At safepoint: 4638 ns, Total: 164637 ns
[2020-05-20T11:01:58.973+0000][1084][safepoint    ] Safepoint "Cleanup", Time since last: 2000420173 ns, Reaching safepoint: 94608 ns, At safepoint: 3710 ns, Total: 98318 ns
[2020-05-20T11:02:00.973+0000][1084][safepoint    ] Safepoint "Cleanup", Time since last: 2000466086 ns, Reaching safepoint: 120116 ns, At safepoint: 5101 ns, Total: 125217 ns
[2020-05-20T11:02:01.973+0000][1084][safepoint    ] Safepoint "Cleanup", Time since last: 1000020870 ns, Reaching safepoint: 115014 ns, At safepoint: 6493 ns, Total: 121507 ns
[2020-05-20T11:02:03.491+0000][1084][safepoint    ] Safepoint "Cleanup", Time since last: 1517859437 ns, Reaching safepoint: 159072 ns, At safepoint: 51478 ns, Total: 210550 ns
[2020-05-20T11:02:04.493+0000][1084][safepoint    ] Safepoint "Cleanup", Time since last: 1001281388 ns, Reaching safepoint: 122899 ns, At safepoint: 6956 ns, Total: 129855 ns
[2020-05-20T11:02:05.494+0000][1084][safepoint    ] Safepoint "Cleanup", Time since last: 1000543535 ns, Reaching safepoint: 124290 ns, At safepoint: 5565 ns, Total: 129855 ns
[2020-05-20T11:02:06.549+0000][1084][safepoint    ] Safepoint "Cleanup", Time since last: 1000163246 ns, Reaching safepoint: 55239756 ns, At safepoint: 121507 ns, Total: 55361263 ns
[2020-05-20T11:02:07.550+0000][1084][safepoint    ] Safepoint "Cleanup", Time since last: 1000493448 ns, Reaching safepoint: 170202 ns, At safepoint: 5566 ns, Total: 175768 ns
[2020-05-20T11:02:08.551+0000][1084][safepoint    ] Safepoint "Cleanup", Time since last: 1000733679 ns, Reaching safepoint: 137275 ns, At safepoint: 5565 ns, Total: 142840 ns
[2020-05-20T11:02:10.551+0000][1084][safepoint    ] Safepoint "Cleanup", Time since last: 2000312579 ns, Reaching safepoint: 109449 ns, At safepoint: 2783 ns, Total: 112232 ns
[2020-05-20T11:02:12.552+0000][1084][safepoint    ] Safepoint "Cleanup", Time since last: 2000835244 ns, Reaching safepoint: 132638 ns, At safepoint: 5101 ns, Total: 137739 ns
[2020-05-20T11:02:13.553+0000][1084][safepoint    ] Safepoint "Cleanup", Time since last: 1000543999 ns, Reaching safepoint: 135420 ns, At safepoint: 7884 ns, Total: 143304 ns
[2020-05-20T11:02:15.553+0000][1084][safepoint    ] Safepoint "Cleanup", Time since last: 2000079304 ns, Reaching safepoint: 131710 ns, At safepoint: 5101 ns, Total: 136811 ns
[2020-05-20T11:02:17.553+0000][1084][safepoint    ] Safepoint "Cleanup", Time since last: 2000066319 ns, Reaching safepoint: 141449 ns, At safepoint: 5565 ns, Total: 147014 ns
[2020-05-20T11:02:18.553+0000][1084][safepoint    ] Safepoint "Cleanup", Time since last: 1000151188 ns, Reaching safepoint: 114551 ns, At safepoint: 4637 ns, Total: 119188 ns
[2020-05-20T11:02:19.554+0000][1084][safepoint    ] Safepoint "Cleanup", Time since last: 1000056116 ns, Reaching safepoint: 122435 ns, At safepoint: 7420 ns, Total: 129855 ns
[2020-05-20T11:02:20.554+0000][1084][safepoint    ] Safepoint "Cleanup", Time since last: 1000181797 ns, Reaching safepoint: 131710 ns, At safepoint: 8811 ns, Total: 140521 ns
[2020-05-20T11:02:21.554+0000][1084][safepoint    ] Safepoint "Cleanup", Time since last: 1000076522 ns, Reaching safepoint: 77913 ns, At safepoint: 3246 ns, Total: 81159 ns
[2020-05-20T11:02:22.574+0000][1084][safepoint    ] Safepoint "Cleanup", Time since last: 1000087652 ns, Reaching safepoint: 20002736 ns, At safepoint: 121971 ns, Total: 20124707 ns
[2020-05-20T11:02:23.575+0000][1084][safepoint    ] Safepoint "Cleanup", Time since last: 1000575999 ns, Reaching safepoint: 138666 ns, At safepoint: 5101 ns, Total: 143767 ns
[2020-05-20T11:02:24.576+0000][1084][safepoint    ] Safepoint "Cleanup", Time since last: 1000720694 ns, Reaching safepoint: 128000 ns, At safepoint: 6956 ns, Total: 134956 ns
[2020-05-20T11:02:25.576+0000][1084][safepoint    ] Safepoint "Cleanup", Time since last: 1000006493 ns, Reaching safepoint: 91362 ns, At safepoint: 4174 ns, Total: 95536 ns
[2020-05-20T11:02:26.577+0000][1084][safepoint    ] Safepoint "Cleanup", Time since last: 1000441043 ns, Reaching safepoint: 140521 ns, At safepoint: 9275 ns, Total: 149796 ns
[2020-05-20T11:02:27.577+0000][1084][safepoint    ] Safepoint "Cleanup", Time since last: 1000364521 ns, Reaching safepoint: 139130 ns, At safepoint: 4638 ns, Total: 143768 ns
[2020-05-20T11:02:28.578+0000][1084][safepoint    ] Safepoint "Cleanup", Time since last: 1000705854 ns, Reaching safepoint: 128927 ns, At safepoint: 6956 ns, Total: 135883 ns
[2020-05-20T11:02:29.578+0000][1084][safepoint    ] Safepoint "Cleanup", Time since last: 1000307942 ns, Reaching safepoint: 104347 ns, At safepoint: 5102 ns, Total: 109449 ns
[2020-05-20T11:02:30.579+0000][1084][safepoint    ] Safepoint "Cleanup", Time since last: 1000481390 ns, Reaching safepoint: 163246 ns, At safepoint: 8348 ns, Total: 171594 ns
[2020-05-20T11:02:31.579+0000][1084][safepoint    ] Safepoint "Cleanup", Time since last: 1000312115 ns, Reaching safepoint: 143304 ns, At safepoint: 8348 ns, Total: 151652 ns
[2020-05-20T11:02:32.580+0000][1084][safepoint    ] Safepoint "Cleanup", Time since last: 1000525911 ns, Reaching safepoint: 112696 ns, At safepoint: 5565 ns, Total: 118261 ns
[2020-05-20T11:02:34.580+0000][1084][safepoint    ] Safepoint "Cleanup", Time since last: 2000256463 ns, Reaching safepoint: 120580 ns, At safepoint: 5565 ns, Total: 126145 ns
[2020-05-20T11:02:35.581+0000][1084][safepoint    ] Safepoint "Cleanup", Time since last: 1000877447 ns, Reaching safepoint: 127536 ns, At safepoint: 6493 ns, Total: 134029 ns
[2020-05-20T11:02:36.582+0000][1084][safepoint    ] Safepoint "Cleanup", Time since last: 1000708636 ns, Reaching safepoint: 150724 ns, At safepoint: 9739 ns, Total: 160463 ns
[2020-05-20T11:02:37.583+0000][1084][safepoint    ] Safepoint "Cleanup", Time since last: 1000312579 ns, Reaching safepoint: 517100 ns, At safepoint: 25044 ns, Total: 542144 ns
[2020-05-20T11:02:38.583+0000][1084][safepoint    ] Safepoint "Cleanup", Time since last: 1000094608 ns, Reaching safepoint: 170667 ns, At safepoint: 9739 ns, Total: 180406 ns
[2020-05-20T11:02:40.584+0000][1084][safepoint    ] Safepoint "Cleanup", Time since last: 2000659940 ns, Reaching safepoint: 111304 ns, At safepoint: 4174 ns, Total: 115478 ns
[2020-05-20T11:02:41.585+0000][1084][safepoint    ] Safepoint "Cleanup", Time since last: 1000787940 ns, Reaching safepoint: 147478 ns, At safepoint: 6029 ns, Total: 153507 ns
[2020-05-20T11:02:43.585+0000][1084][safepoint    ] Safepoint "Cleanup", Time since last: 2000050551 ns, Reaching safepoint: 133565 ns, At safepoint: 6956 ns, Total: 140521 ns
[2020-05-20T11:02:44.586+0000][1084][safepoint    ] Safepoint "Cleanup", Time since last: 1000221217 ns, Reaching safepoint: 154435 ns, At safepoint: 9739 ns, Total: 164174 ns
[2020-05-20T11:02:45.587+0000][1084][safepoint    ] Safepoint "Cleanup", Time since last: 1000783302 ns, Reaching safepoint: 95536 ns, At safepoint: 4174 ns, Total: 99710 ns
[2020-05-20T11:02:46.588+0000][1084][safepoint    ] Safepoint "Cleanup", Time since last: 1000902491 ns, Reaching safepoint: 145623 ns, At safepoint: 6029 ns, Total: 151652 ns
[2020-05-20T11:02:47.588+0000][1084][safepoint    ] Safepoint "Cleanup", Time since last: 1000672462 ns, Reaching safepoint: 117333 ns, At safepoint: 4638 ns, Total: 121971 ns
[2020-05-20T11:02:48.589+0000][1084][safepoint    ] Safepoint "Cleanup", Time since last: 1000647882 ns, Reaching safepoint: 153043 ns, At safepoint: 4174 ns, Total: 157217 ns
[2020-05-20T11:02:49.590+0000][1084][safepoint    ] Safepoint "Cleanup", Time since last: 1000499941 ns, Reaching safepoint: 132174 ns, At safepoint: 8347 ns, Total: 140521 ns
[2020-05-20T11:02:50.590+0000][1084][safepoint    ] Safepoint "Cleanup", Time since last: 1000067247 ns, Reaching safepoint: 120579 ns, At safepoint: 8348 ns, Total: 128927 ns
[2020-05-20T11:02:51.274+0000][1084][gc,start     ] GC(40) Pause Young (Normal) (G1 Evacuation Pause)
[2020-05-20T11:02:51.275+0000][1084][gc,task      ] GC(40) Using 4 workers of 4 for evacuation
[2020-05-20T11:02:51.275+0000][1084][gc,age       ] GC(40) Desired survivor size 10485760 bytes, new threshold 15 (max threshold 15)
[2020-05-20T11:02:51.302+0000][1084][gc,age       ] GC(40) Age table with threshold 15 (max threshold 15)
[2020-05-20T11:02:51.302+0000][1084][gc,age       ] GC(40) - age   1:     104096 bytes,     104096 total
[2020-05-20T11:02:51.302+0000][1084][gc,age       ] GC(40) - age   2:        136 bytes,     104232 total
[2020-05-20T11:02:51.302+0000][1084][gc,age       ] GC(40) - age   3:       1128 bytes,     105360 total
[2020-05-20T11:02:51.302+0000][1084][gc,age       ] GC(40) - age   4:     126864 bytes,     232224 total
[2020-05-20T11:02:51.302+0000][1084][gc,age       ] GC(40) - age   5:         80 bytes,     232304 total
[2020-05-20T11:02:51.302+0000][1084][gc,age       ] GC(40) - age   6:     247096 bytes,     479400 total
[2020-05-20T11:02:51.302+0000][1084][gc,age       ] GC(40) - age   7:     277632 bytes,     757032 total
[2020-05-20T11:02:51.303+0000][1084][gc,phases    ] GC(40)   Pre Evacuate Collection Set: 0.1ms
[2020-05-20T11:02:51.303+0000][1084][gc,phases    ] GC(40)   Merge Heap Roots: 0.1ms
[2020-05-20T11:02:51.303+0000][1084][gc,phases    ] GC(40)   Evacuate Collection Set: 22.8ms
[2020-05-20T11:02:51.303+0000][1084][gc,phases    ] GC(40)   Post Evacuate Collection Set: 4.5ms
[2020-05-20T11:02:51.303+0000][1084][gc,phases    ] GC(40)   Other: 0.6ms
[2020-05-20T11:02:51.303+0000][1084][gc,heap      ] GC(40) Eden regions: 154->0(362)
[2020-05-20T11:02:51.303+0000][1084][gc,heap      ] GC(40) Survivor regions: 1->1(20)
[2020-05-20T11:02:51.303+0000][1084][gc,heap      ] GC(40) Old regions: 82->82
[2020-05-20T11:02:51.303+0000][1084][gc,heap      ] GC(40) Archive regions: 0->0
[2020-05-20T11:02:51.303+0000][1084][gc,heap      ] GC(40) Humongous regions: 7->7
[2020-05-20T11:02:51.303+0000][1084][gc,metaspace ] GC(40) Metaspace: 99318K(107160K)->99318K(107160K) NonClass: 86423K(91012K)->86423K(91012K) Class: 12894K(16148K)->12894K(16148K)
[2020-05-20T11:02:51.312+0000][1084][gc           ] GC(40) Pause Young (Normal) (G1 Evacuation Pause) 243M->89M(1024M) 37.625ms
[2020-05-20T11:02:51.312+0000][1084][gc,cpu       ] GC(40) User=0.05s Sys=0.00s Real=0.04s
[2020-05-20T11:02:51.312+0000][1084][safepoint    ] Safepoint "G1CollectForAllocation", Time since last: 684249776 ns, Reaching safepoint: 103883 ns, At safepoint: 37843391 ns, Total: 37947274 ns
[2020-05-20T11:02:53.312+0000][1084][safepoint    ] Safepoint "Cleanup", Time since last: 1999883131 ns, Reaching safepoint: 147941 ns, At safepoint: 8812 ns, Total: 156753 ns
[2020-05-20T11:02:54.313+0000][1084][safepoint    ] Safepoint "Cleanup", Time since last: 1000487419 ns, Reaching safepoint: 127536 ns, At safepoint: 6956 ns, Total: 134492 ns
[2020-05-20T11:02:55.314+0000][1084][safepoint    ] Safepoint "Cleanup", Time since last: 1000439188 ns, Reaching safepoint: 76521 ns, At safepoint: 3247 ns, Total: 79768 ns
[2020-05-20T11:02:56.314+0000][1084][safepoint    ] Safepoint "Cleanup", Time since last: 1000648346 ns, Reaching safepoint: 127072 ns, At safepoint: 6957 ns, Total: 134029 ns
[2020-05-20T11:02:57.315+0000][1084][safepoint    ] Safepoint "Cleanup", Time since last: 1000727650 ns, Reaching safepoint: 140058 ns, At safepoint: 5565 ns, Total: 145623 ns
[2020-05-20T11:02:58.315+0000][1084][safepoint    ] Safepoint "Cleanup", Time since last: 1000110840 ns, Reaching safepoint: 112696 ns, At safepoint: 5101 ns, Total: 117797 ns
[2020-05-20T11:03:00.316+0000][1084][safepoint    ] Safepoint "Cleanup", Time since last: 2000352463 ns, Reaching safepoint: 119188 ns, At safepoint: 9276 ns, Total: 128464 ns
[2020-05-20T11:03:02.316+0000][1084][safepoint    ] Safepoint "Cleanup", Time since last: 2000273159 ns, Reaching safepoint: 132173 ns, At safepoint: 7420 ns, Total: 139593 ns
[2020-05-20T11:03:04.317+0000][1084][safepoint    ] Safepoint "Cleanup", Time since last: 2000508753 ns, Reaching safepoint: 77449 ns, At safepoint: 2783 ns, Total: 80232 ns
[2020-05-20T11:03:05.317+0000][1084][safepoint    ] Safepoint "Cleanup", Time since last: 1000317216 ns, Reaching safepoint: 129855 ns, At safepoint: 5565 ns, Total: 135420 ns
[2020-05-20T11:03:06.318+0000][1084][safepoint    ] Safepoint "Cleanup", Time since last: 1000274086 ns, Reaching safepoint: 136812 ns, At safepoint: 7884 ns, Total: 144696 ns
[2020-05-20T11:03:07.318+0000][1084][safepoint    ] Safepoint "Cleanup", Time since last: 1000316289 ns, Reaching safepoint: 132174 ns, At safepoint: 5565 ns, Total: 137739 ns
[2020-05-20T11:03:09.319+0000][1084][safepoint    ] Safepoint "Cleanup", Time since last: 2000592694 ns, Reaching safepoint: 123362 ns, At safepoint: 6493 ns, Total: 129855 ns
[2020-05-20T11:03:10.320+0000][1084][safepoint    ] Safepoint "Cleanup", Time since last: 1000744346 ns, Reaching safepoint: 82550 ns, At safepoint: 4174 ns, Total: 86724 ns
[2020-05-20T11:03:11.321+0000][1084][safepoint    ] Safepoint "Cleanup", Time since last: 1000825042 ns, Reaching safepoint: 89507 ns, At safepoint: 2783 ns, Total: 92290 ns
[2020-05-20T11:03:12.321+0000][1084][safepoint    ] Safepoint "Cleanup", Time since last: 1000244405 ns, Reaching safepoint: 139594 ns, At safepoint: 6956 ns, Total: 146550 ns
[2020-05-20T11:03:13.322+0000][1084][safepoint    ] Safepoint "Cleanup", Time since last: 1001288345 ns, Reaching safepoint: 148869 ns, At safepoint: 8348 ns, Total: 157217 ns
[2020-05-20T11:03:14.326+0000][1084][safepoint    ] Safepoint "Cleanup", Time since last: 1002996399 ns, Reaching safepoint: 115014 ns, At safepoint: 7420 ns, Total: 122434 ns
[2020-05-20T11:03:15.326+0000][1084][safepoint    ] Safepoint "Cleanup", Time since last: 1000647419 ns, Reaching safepoint: 133565 ns, At safepoint: 7420 ns, Total: 140985 ns
[2020-05-20T11:03:17.327+0000][1084][safepoint    ] Safepoint "Cleanup", Time since last: 2000109449 ns, Reaching safepoint: 111304 ns, At safepoint: 6493 ns, Total: 117797 ns
[2020-05-20T11:03:18.327+0000][1084][safepoint    ] Safepoint "Cleanup", Time since last: 1000620057 ns, Reaching safepoint: 124753 ns, At safepoint: 4638 ns, Total: 129391 ns
[2020-05-20T11:03:19.328+0000][1084][safepoint    ] Safepoint "Cleanup", Time since last: 1000139130 ns, Reaching safepoint: 123826 ns, At safepoint: 4637 ns, Total: 128463 ns
[2020-05-20T11:03:21.351+0000][1084][safepoint    ] Safepoint "Cleanup", Time since last: 2000253217 ns, Reaching safepoint: 23096526 ns, At safepoint: 54725 ns, Total: 23151251 ns
[2020-05-20T11:03:22.352+0000][1084][safepoint    ] Safepoint "Cleanup", Time since last: 1000954432 ns, Reaching safepoint: 128928 ns, At safepoint: 48231 ns, Total: 177159 ns
[2020-05-20T11:03:23.353+0000][1084][safepoint    ] Safepoint "Cleanup", Time since last: 1000327420 ns, Reaching safepoint: 121043 ns, At safepoint: 6493 ns, Total: 127536 ns
[2020-05-20T11:03:24.354+0000][1084][safepoint    ] Safepoint "Cleanup", Time since last: 1000721158 ns, Reaching safepoint: 87188 ns, At safepoint: 3710 ns, Total: 90898 ns
[2020-05-20T11:03:25.354+0000][1084][safepoint    ] Safepoint "Cleanup", Time since last: 1000332521 ns, Reaching safepoint: 121043 ns, At safepoint: 7420 ns, Total: 128463 ns
[2020-05-20T11:03:26.354+0000][1084][safepoint    ] Safepoint "Cleanup", Time since last: 1000208695 ns, Reaching safepoint: 117797 ns, At safepoint: 5566 ns, Total: 123363 ns
[2020-05-20T11:03:27.355+0000][1084][safepoint    ] Safepoint "Cleanup", Time since last: 1000927070 ns, Reaching safepoint: 133565 ns, At safepoint: 5565 ns, Total: 139130 ns
[2020-05-20T11:03:28.356+0000][1084][safepoint    ] Safepoint "Cleanup", Time since last: 1000458666 ns, Reaching safepoint: 152579 ns, At safepoint: 7420 ns, Total: 159999 ns
[2020-05-20T11:03:30.356+0000][1084][safepoint    ] Safepoint "Cleanup", Time since last: 2000344579 ns, Reaching safepoint: 114551 ns, At safepoint: 7420 ns, Total: 121971 ns
[2020-05-20T11:03:31.357+0000][1084][safepoint    ] Safepoint "Cleanup", Time since last: 1000166956 ns, Reaching safepoint: 156753 ns, At safepoint: 5102 ns, Total: 161855 ns
[2020-05-20T11:03:32.358+0000][1084][safepoint    ] Safepoint "Cleanup", Time since last: 1000717911 ns, Reaching safepoint: 137739 ns, At safepoint: 8348 ns, Total: 146087 ns
[2020-05-20T11:03:34.358+0000][1084][safepoint    ] Safepoint "Cleanup", Time since last: 2000164637 ns, Reaching safepoint: 147478 ns, At safepoint: 3710 ns, Total: 151188 ns
[2020-05-20T11:03:35.358+0000][1084][safepoint    ] Safepoint "Cleanup", Time since last: 1000012985 ns, Reaching safepoint: 106667 ns, At safepoint: 5101 ns, Total: 111768 ns
[2020-05-20T11:03:37.359+0000][1084][safepoint    ] Safepoint "Cleanup", Time since last: 2000566260 ns, Reaching safepoint: 154898 ns, At safepoint: 6029 ns, Total: 160927 ns
[2020-05-20T11:03:38.359+0000][1084][safepoint    ] Safepoint "Cleanup", Time since last: 1000185043 ns, Reaching safepoint: 131246 ns, At safepoint: 7420 ns, Total: 138666 ns
[2020-05-20T11:03:39.360+0000][1084][safepoint    ] Safepoint "Cleanup", Time since last: 1000681738 ns, Reaching safepoint: 92753 ns, At safepoint: 5102 ns, Total: 97855 ns
[2020-05-20T11:03:41.360+0000][1084][safepoint    ] Safepoint "Cleanup", Time since last: 2000129391 ns, Reaching safepoint: 109913 ns, At safepoint: 3246 ns, Total: 113159 ns
[2020-05-20T11:03:42.360+0000][1084][safepoint    ] Safepoint "Cleanup", Time since last: 1000171130 ns, Reaching safepoint: 139130 ns, At safepoint: 7884 ns, Total: 147014 ns
[2020-05-20T11:03:43.361+0000][1084][safepoint    ] Safepoint "Cleanup", Time since last: 1000326956 ns, Reaching safepoint: 120579 ns, At safepoint: 5102 ns, Total: 125681 ns
[2020-05-20T11:03:44.362+0000][1084][safepoint    ] Safepoint "Cleanup", Time since last: 1000532868 ns, Reaching safepoint: 101565 ns, At safepoint: 4638 ns, Total: 106203 ns
[2020-05-20T11:03:45.362+0000][1084][safepoint    ] Safepoint "Cleanup", Time since last: 1000277796 ns, Reaching safepoint: 121043 ns, At safepoint: 4174 ns, Total: 125217 ns
[2020-05-20T11:03:46.363+0000][1084][safepoint    ] Safepoint "Cleanup", Time since last: 1000769390 ns, Reaching safepoint: 116869 ns, At safepoint: 6493 ns, Total: 123362 ns
[2020-05-20T11:03:47.363+0000][1084][safepoint    ] Safepoint "Cleanup", Time since last: 1000177623 ns, Reaching safepoint: 134028 ns, At safepoint: 6029 ns, Total: 140057 ns
[2020-05-20T11:03:48.363+0000][1084][safepoint    ] Safepoint "Cleanup", Time since last: 1000236058 ns, Reaching safepoint: 117333 ns, At safepoint: 4174 ns, Total: 121507 ns
[2020-05-20T11:03:49.364+0000][1084][safepoint    ] Safepoint "Cleanup", Time since last: 1000092753 ns, Reaching safepoint: 115014 ns, At safepoint: 4638 ns, Total: 119652 ns
[2020-05-20T11:03:51.551+0000][1084][safepoint    ] Safepoint "Cleanup", Time since last: 2000936809 ns, Reaching safepoint: 185847222 ns, At safepoint: 128927 ns, Total: 185976149 ns
[2020-05-20T11:03:52.551+0000][1084][safepoint    ] Safepoint "Cleanup", Time since last: 1000415999 ns, Reaching safepoint: 102956 ns, At safepoint: 18087 ns, Total: 121043 ns
[2020-05-20T11:03:53.552+0000][1084][safepoint    ] Safepoint "Cleanup", Time since last: 1000440115 ns, Reaching safepoint: 83942 ns, At safepoint: 3246 ns, Total: 87188 ns
[2020-05-20T11:03:55.552+0000][1084][safepoint    ] Safepoint "Cleanup", Time since last: 1999921160 ns, Reaching safepoint: 93681 ns, At safepoint: 3246 ns, Total: 96927 ns
[2020-05-20T11:03:56.552+0000][1084][safepoint    ] Safepoint "Cleanup", Time since last: 1000026899 ns, Reaching safepoint: 100637 ns, At safepoint: 6029 ns, Total: 106666 ns
[2020-05-20T11:03:57.552+0000][1084][safepoint    ] Safepoint "Cleanup", Time since last: 1000515709 ns, Reaching safepoint: 117333 ns, At safepoint: 6957 ns, Total: 124290 ns
[2020-05-20T11:03:59.553+0000][1084][safepoint    ] Safepoint "Cleanup", Time since last: 2000625158 ns, Reaching safepoint: 129391 ns, At safepoint: 5565 ns, Total: 134956 ns
[2020-05-20T11:04:00.554+0000][1084][safepoint    ] Safepoint "Cleanup", Time since last: 1000657621 ns, Reaching safepoint: 98319 ns, At safepoint: 6493 ns, Total: 104812 ns
[2020-05-20T11:04:01.554+0000][1084][safepoint    ] Safepoint "Cleanup", Time since last: 1000089043 ns, Reaching safepoint: 122898 ns, At safepoint: 6957 ns, Total: 129855 ns
[2020-05-20T11:04:02.555+0000][1084][safepoint    ] Safepoint "Cleanup", Time since last: 1000552346 ns, Reaching safepoint: 82087 ns, At safepoint: 4638 ns, Total: 86725 ns
[2020-05-20T11:04:03.556+0000][1084][safepoint    ] Safepoint "Cleanup", Time since last: 1000723940 ns, Reaching safepoint: 123826 ns, At safepoint: 5101 ns, Total: 128927 ns
[2020-05-20T11:04:04.557+0000][1084][safepoint    ] Safepoint "Cleanup", Time since last: 1000665506 ns, Reaching safepoint: 134493 ns, At safepoint: 6029 ns, Total: 140522 ns
[2020-05-20T11:04:05.557+0000][1084][safepoint    ] Safepoint "Cleanup", Time since last: 1000230028 ns, Reaching safepoint: 110377 ns, At safepoint: 4173 ns, Total: 114550 ns
[2020-05-20T11:04:06.557+0000][1084][safepoint    ] Safepoint "Cleanup", Time since last: 1000416927 ns, Reaching safepoint: 127536 ns, At safepoint: 5101 ns, Total: 132637 ns
[2020-05-20T11:04:07.558+0000][1084][safepoint    ] Safepoint "Cleanup", Time since last: 1000596405 ns, Reaching safepoint: 142376 ns, At safepoint: 8812 ns, Total: 151188 ns
[2020-05-20T11:04:08.558+0000][1084][safepoint    ] Safepoint "Cleanup", Time since last: 1000246260 ns, Reaching safepoint: 140058 ns, At safepoint: 5565 ns, Total: 145623 ns
[2020-05-20T11:04:09.559+0000][1084][safepoint    ] Safepoint "Cleanup", Time since last: 1000499013 ns, Reaching safepoint: 217507 ns, At safepoint: 9739 ns, Total: 227246 ns
[2020-05-20T11:04:11.560+0000][1084][safepoint    ] Safepoint "Cleanup", Time since last: 2000769390 ns, Reaching safepoint: 131710 ns, At safepoint: 5565 ns, Total: 137275 ns
[2020-05-20T11:04:12.560+0000][1084][safepoint    ] Safepoint "Cleanup", Time since last: 1000141912 ns, Reaching safepoint: 113623 ns, At safepoint: 5102 ns, Total: 118725 ns
[2020-05-20T11:04:13.561+0000][1084][safepoint    ] Safepoint "Cleanup", Time since last: 1000198956 ns, Reaching safepoint: 174840 ns, At safepoint: 10203 ns, Total: 185043 ns
[2020-05-20T11:04:14.561+0000][1084][safepoint    ] Safepoint "Cleanup", Time since last: 1000009275 ns, Reaching safepoint: 88116 ns, At safepoint: 4174 ns, Total: 92290 ns
[2020-05-20T11:04:15.562+0000][1084][safepoint    ] Safepoint "Cleanup", Time since last: 1000723477 ns, Reaching safepoint: 112695 ns, At safepoint: 6493 ns, Total: 119188 ns
[2020-05-20T11:04:16.562+0000][1084][safepoint    ] Safepoint "Cleanup", Time since last: 1000521738 ns, Reaching safepoint: 109912 ns, At safepoint: 3710 ns, Total: 113622 ns
[2020-05-20T11:04:17.563+0000][1084][safepoint    ] Safepoint "Cleanup", Time since last: 1000318145 ns, Reaching safepoint: 119652 ns, At safepoint: 4637 ns, Total: 124289 ns
[2020-05-20T11:04:18.563+0000][1084][safepoint    ] Safepoint "Cleanup", Time since last: 1000333913 ns, Reaching safepoint: 147941 ns, At safepoint: 5102 ns, Total: 153043 ns
[2020-05-20T11:04:19.564+0000][1084][safepoint    ] Safepoint "Cleanup", Time since last: 1000282898 ns, Reaching safepoint: 119651 ns, At safepoint: 7421 ns, Total: 127072 ns
[2020-05-20T11:04:20.565+0000][1084][safepoint    ] Safepoint "Cleanup", Time since last: 1000730897 ns, Reaching safepoint: 94608 ns, At safepoint: 2783 ns, Total: 97391 ns
[2020-05-20T11:04:22.424+0000][1084][safepoint    ] Safepoint "Cleanup", Time since last: 1859615861 ns, Reaching safepoint: 120580 ns, At safepoint: 5565 ns, Total: 126145 ns
[2020-05-20T11:04:23.425+0000][1084][safepoint    ] Safepoint "Cleanup", Time since last: 1000559303 ns, Reaching safepoint: 103420 ns, At safepoint: 3247 ns, Total: 106667 ns
[2020-05-20T11:04:24.425+0000][1084][safepoint    ] Safepoint "Cleanup", Time since last: 1000008811 ns, Reaching safepoint: 128927 ns, At safepoint: 4638 ns, Total: 133565 ns
[2020-05-20T11:04:25.426+0000][1084][safepoint    ] Safepoint "Cleanup", Time since last: 1000712810 ns, Reaching safepoint: 144231 ns, At safepoint: 4638 ns, Total: 148869 ns
[2020-05-20T11:04:27.426+0000][1084][safepoint    ] Safepoint "Cleanup", Time since last: 1999904000 ns, Reaching safepoint: 95536 ns, At safepoint: 3247 ns, Total: 98783 ns
[2020-05-20T11:04:28.427+0000][1084][safepoint    ] Safepoint "Cleanup", Time since last: 1000914085 ns, Reaching safepoint: 96927 ns, At safepoint: 3246 ns, Total: 100173 ns
[2020-05-20T11:04:29.427+0000][1084][safepoint    ] Safepoint "Cleanup", Time since last: 1000115942 ns, Reaching safepoint: 105739 ns, At safepoint: 5101 ns, Total: 110840 ns
[2020-05-20T11:04:30.427+0000][1084][safepoint    ] Safepoint "Cleanup", Time since last: 1000124290 ns, Reaching safepoint: 125217 ns, At safepoint: 5101 ns, Total: 130318 ns
[2020-05-20T11:04:32.428+0000][1084][safepoint    ] Safepoint "Cleanup", Time since last: 2000467941 ns, Reaching safepoint: 123826 ns, At safepoint: 4638 ns, Total: 128464 ns
[2020-05-20T11:04:33.428+0000][1084][safepoint    ] Safepoint "Cleanup", Time since last: 1000273159 ns, Reaching safepoint: 130318 ns, At safepoint: 5565 ns, Total: 135883 ns
[2020-05-20T11:04:34.429+0000][1084][safepoint    ] Safepoint "Cleanup", Time since last: 1000569506 ns, Reaching safepoint: 113159 ns, At safepoint: 4638 ns, Total: 117797 ns
[2020-05-20T11:04:35.429+0000][1084][safepoint    ] Safepoint "Cleanup", Time since last: 1000090435 ns, Reaching safepoint: 161854 ns, At safepoint: 6029 ns, Total: 167883 ns
[2020-05-20T11:04:36.430+0000][1084][safepoint    ] Safepoint "Cleanup", Time since last: 1000078841 ns, Reaching safepoint: 100637 ns, At safepoint: 2783 ns, Total: 103420 ns
[2020-05-20T11:04:37.430+0000][1084][safepoint    ] Safepoint "Cleanup", Time since last: 1000327883 ns, Reaching safepoint: 172058 ns, At safepoint: 9739 ns, Total: 181797 ns
[2020-05-20T11:04:38.431+0000][1084][safepoint    ] Safepoint "Cleanup", Time since last: 1000734143 ns, Reaching safepoint: 121971 ns, At safepoint: 7420 ns, Total: 129391 ns
[2020-05-20T11:04:39.431+0000][1084][safepoint    ] Safepoint "Cleanup", Time since last: 1000334840 ns, Reaching safepoint: 81623 ns, At safepoint: 3710 ns, Total: 85333 ns
[2020-05-20T11:04:41.432+0000][1084][safepoint    ] Safepoint "Cleanup", Time since last: 2000507361 ns, Reaching safepoint: 138666 ns, At safepoint: 2783 ns, Total: 141449 ns
[2020-05-20T11:04:42.433+0000][1084][safepoint    ] Safepoint "Cleanup", Time since last: 1000586665 ns, Reaching safepoint: 129391 ns, At safepoint: 6493 ns, Total: 135884 ns
[2020-05-20T11:04:43.434+0000][1084][safepoint    ] Safepoint "Cleanup", Time since last: 1000657622 ns, Reaching safepoint: 117797 ns, At safepoint: 6029 ns, Total: 123826 ns
[2020-05-20T11:04:44.444+0000][1084][safepoint    ] Safepoint "Cleanup", Time since last: 1010423164 ns, Reaching safepoint: 104347 ns, At safepoint: 4638 ns, Total: 108985 ns
[2020-05-20T11:04:45.445+0000][1084][safepoint    ] Safepoint "Cleanup", Time since last: 1000872810 ns, Reaching safepoint: 136347 ns, At safepoint: 7884 ns, Total: 144231 ns
[2020-05-20T11:04:46.446+0000][1084][safepoint    ] Safepoint "Cleanup", Time since last: 1000380289 ns, Reaching safepoint: 146551 ns, At safepoint: 8347 ns, Total: 154898 ns
[2020-05-20T11:04:47.455+0000][1084][safepoint    ] Safepoint "Cleanup", Time since last: 1009676036 ns, Reaching safepoint: 103420 ns, At safepoint: 4638 ns, Total: 108058 ns
[2020-05-20T11:04:48.456+0000][1084][safepoint    ] Safepoint "Cleanup", Time since last: 1000796288 ns, Reaching safepoint: 124753 ns, At safepoint: 3246 ns, Total: 127999 ns
[2020-05-20T11:04:49.457+0000][1084][safepoint    ] Safepoint "Cleanup", Time since last: 1000088580 ns, Reaching safepoint: 145159 ns, At safepoint: 8348 ns, Total: 153507 ns
[2020-05-20T11:04:50.457+0000][1084][safepoint    ] Safepoint "Cleanup", Time since last: 1000454955 ns, Reaching safepoint: 85797 ns, At safepoint: 3246 ns, Total: 89043 ns
[2020-05-20T11:04:52.434+0000][1084][safepoint    ] Safepoint "Cleanup", Time since last: 1977144633 ns, Reaching safepoint: 119188 ns, At safepoint: 5102 ns, Total: 124290 ns
[2020-05-20T11:04:53.435+0000][1084][safepoint    ] Safepoint "Cleanup", Time since last: 1000225391 ns, Reaching safepoint: 120115 ns, At safepoint: 6493 ns, Total: 126608 ns
[2020-05-20T11:04:54.436+0000][1084][safepoint    ] Safepoint "Cleanup", Time since last: 1000682665 ns, Reaching safepoint: 112232 ns, At safepoint: 19014 ns, Total: 131246 ns
[2020-05-20T11:04:55.436+0000][1084][safepoint    ] Safepoint "Cleanup", Time since last: 1000032928 ns, Reaching safepoint: 114550 ns, At safepoint: 4174 ns, Total: 118724 ns
[2020-05-20T11:04:56.436+0000][1084][safepoint    ] Safepoint "Cleanup", Time since last: 1000600114 ns, Reaching safepoint: 111305 ns, At safepoint: 7420 ns, Total: 118725 ns
[2020-05-20T11:04:57.437+0000][1084][safepoint    ] Safepoint "Cleanup", Time since last: 1000135420 ns, Reaching safepoint: 115014 ns, At safepoint: 6029 ns, Total: 121043 ns
[2020-05-20T11:04:58.437+0000][1084][safepoint    ] Safepoint "Cleanup", Time since last: 1000154898 ns, Reaching safepoint: 140058 ns, At safepoint: 6029 ns, Total: 146087 ns
[2020-05-20T11:04:59.437+0000][1084][safepoint    ] Safepoint "Cleanup", Time since last: 1000275477 ns, Reaching safepoint: 106667 ns, At safepoint: 3246 ns, Total: 109913 ns
[2020-05-20T11:05:00.470+0000][1084][safepoint    ] Safepoint "Cleanup", Time since last: 1000271768 ns, Reaching safepoint: 31925259 ns, At safepoint: 27826 ns, Total: 31953085 ns
[2020-05-20T11:05:01.470+0000][1084][safepoint    ] Safepoint "Cleanup", Time since last: 1000463767 ns, Reaching safepoint: 174840 ns, At safepoint: 5565 ns, Total: 180405 ns
[2020-05-20T11:05:02.471+0000][1084][safepoint    ] Safepoint "Cleanup", Time since last: 1000760578 ns, Reaching safepoint: 98319 ns, At safepoint: 3246 ns, Total: 101565 ns
[2020-05-20T11:05:04.472+0000][1084][safepoint    ] Safepoint "Cleanup", Time since last: 2000678955 ns, Reaching safepoint: 129855 ns, At safepoint: 3710 ns, Total: 133565 ns
[2020-05-20T11:05:05.472+0000][1084][safepoint    ] Safepoint "Cleanup", Time since last: 1000265275 ns, Reaching safepoint: 135884 ns, At safepoint: 5101 ns, Total: 140985 ns
[2020-05-20T11:05:06.509+0000][1084][safepoint    ] Safepoint "Cleanup", Time since last: 1000798143 ns, Reaching safepoint: 36462756 ns, At safepoint: 82087 ns, Total: 36544843 ns
[2020-05-20T11:05:08.525+0000][1084][safepoint    ] Safepoint "Cleanup", Time since last: 2000396057 ns, Reaching safepoint: 15014458 ns, At safepoint: 19014 ns, Total: 15033472 ns
[2020-05-20T11:05:09.526+0000][1084][safepoint    ] Safepoint "Cleanup", Time since last: 1000529159 ns, Reaching safepoint: 131246 ns, At safepoint: 6029 ns, Total: 137275 ns
[2020-05-20T11:05:10.526+0000][1084][safepoint    ] Safepoint "Cleanup", Time since last: 1000187362 ns, Reaching safepoint: 161854 ns, At safepoint: 6493 ns, Total: 168347 ns
[2020-05-20T11:05:11.527+0000][1084][safepoint    ] Safepoint "Cleanup", Time since last: 1000727651 ns, Reaching safepoint: 113159 ns, At safepoint: 2782 ns, Total: 115941 ns
[2020-05-20T11:05:13.527+0000][1084][safepoint    ] Safepoint "Cleanup", Time since last: 2000130319 ns, Reaching safepoint: 120579 ns, At safepoint: 6493 ns, Total: 127072 ns
[2020-05-20T11:05:14.527+0000][1084][safepoint    ] Safepoint "Cleanup", Time since last: 1000114087 ns, Reaching safepoint: 138666 ns, At safepoint: 5565 ns, Total: 144231 ns
[2020-05-20T11:05:15.528+0000][1084][safepoint    ] Safepoint "Cleanup", Time since last: 1000121043 ns, Reaching safepoint: 107131 ns, At safepoint: 6956 ns, Total: 114087 ns
[2020-05-20T11:05:16.528+0000][1084][safepoint    ] Safepoint "Cleanup", Time since last: 1000164174 ns, Reaching safepoint: 139594 ns, At safepoint: 5101 ns, Total: 144695 ns
[2020-05-20T11:05:17.529+0000][1084][safepoint    ] Safepoint "Cleanup", Time since last: 1000365448 ns, Reaching safepoint: 142841 ns, At safepoint: 6492 ns, Total: 149333 ns
[2020-05-20T11:05:18.529+0000][1084][safepoint    ] Safepoint "Cleanup", Time since last: 1000497159 ns, Reaching safepoint: 133101 ns, At safepoint: 7884 ns, Total: 140985 ns
[2020-05-20T11:05:19.530+0000][1084][safepoint    ] Safepoint "Cleanup", Time since last: 1000504578 ns, Reaching safepoint: 89971 ns, At safepoint: 3710 ns, Total: 93681 ns
[2020-05-20T11:05:20.531+0000][1084][safepoint    ] Safepoint "Cleanup", Time since last: 1000942375 ns, Reaching safepoint: 134956 ns, At safepoint: 8348 ns, Total: 143304 ns
[2020-05-20T11:05:21.531+0000][1084][safepoint    ] Safepoint "Cleanup", Time since last: 1000018087 ns, Reaching safepoint: 133565 ns, At safepoint: 5565 ns, Total: 139130 ns
[2020-05-20T11:05:22.532+0000][1084][safepoint    ] Safepoint "Cleanup", Time since last: 1000696114 ns, Reaching safepoint: 126145 ns, At safepoint: 5101 ns, Total: 131246 ns
[2020-05-20T11:05:23.533+0000][1084][safepoint    ] Safepoint "Cleanup", Time since last: 1000833390 ns, Reaching safepoint: 103420 ns, At safepoint: 5101 ns, Total: 108521 ns
[2020-05-20T11:05:24.534+0000][1084][safepoint    ] Safepoint "Cleanup", Time since last: 1000597332 ns, Reaching safepoint: 147014 ns, At safepoint: 7421 ns, Total: 154435 ns
[2020-05-20T11:05:25.534+0000][1084][safepoint    ] Safepoint "Cleanup", Time since last: 1000448926 ns, Reaching safepoint: 120116 ns, At safepoint: 6493 ns, Total: 126609 ns
[2020-05-20T11:05:26.534+0000][1084][safepoint    ] Safepoint "Cleanup", Time since last: 1000122434 ns, Reaching safepoint: 118261 ns, At safepoint: 5101 ns, Total: 123362 ns
[2020-05-20T11:05:27.535+0000][1084][safepoint    ] Safepoint "Cleanup", Time since last: 1000418318 ns, Reaching safepoint: 142376 ns, At safepoint: 7421 ns, Total: 149797 ns
[2020-05-20T11:05:28.535+0000][1084][safepoint    ] Safepoint "Cleanup", Time since last: 1000419709 ns, Reaching safepoint: 148869 ns, At safepoint: 7420 ns, Total: 156289 ns
[2020-05-20T11:05:29.536+0000][1084][safepoint    ] Safepoint "Cleanup", Time since last: 1000529622 ns, Reaching safepoint: 88580 ns, At safepoint: 3246 ns, Total: 91826 ns
[2020-05-20T11:05:31.522+0000][1084][safepoint    ] Safepoint "Cleanup", Time since last: 1985920033 ns, Reaching safepoint: 122434 ns, At safepoint: 7421 ns, Total: 129855 ns
[2020-05-20T11:05:32.522+0000][1084][safepoint    ] Safepoint "Cleanup", Time since last: 1000044521 ns, Reaching safepoint: 120116 ns, At safepoint: 7420 ns, Total: 127536 ns
[2020-05-20T11:05:33.523+0000][1084][safepoint    ] Safepoint "Cleanup", Time since last: 1000169275 ns, Reaching safepoint: 129391 ns, At safepoint: 5565 ns, Total: 134956 ns
[2020-05-20T11:05:34.524+0000][1084][safepoint    ] Safepoint "Cleanup", Time since last: 1000727651 ns, Reaching safepoint: 121507 ns, At safepoint: 5101 ns, Total: 126608 ns
[2020-05-20T11:05:35.524+0000][1084][safepoint    ] Safepoint "Cleanup", Time since last: 1000686375 ns, Reaching safepoint: 136812 ns, At safepoint: 5101 ns, Total: 141913 ns
[2020-05-20T11:05:36.525+0000][1084][safepoint    ] Safepoint "Cleanup", Time since last: 1000710955 ns, Reaching safepoint: 117333 ns, At safepoint: 6493 ns, Total: 123826 ns
[2020-05-20T11:05:37.526+0000][1084][safepoint    ] Safepoint "Cleanup", Time since last: 1000689158 ns, Reaching safepoint: 142840 ns, At safepoint: 8348 ns, Total: 151188 ns
[2020-05-20T11:05:38.527+0000][1084][safepoint    ] Safepoint "Cleanup", Time since last: 1000530549 ns, Reaching safepoint: 114551 ns, At safepoint: 5101 ns, Total: 119652 ns
[2020-05-20T11:05:39.527+0000][1084][safepoint    ] Safepoint "Cleanup", Time since last: 1000583419 ns, Reaching safepoint: 132174 ns, At safepoint: 5565 ns, Total: 137739 ns
[2020-05-20T11:05:40.528+0000][1084][safepoint    ] Safepoint "Cleanup", Time since last: 1000342724 ns, Reaching safepoint: 102956 ns, At safepoint: 5565 ns, Total: 108521 ns
[2020-05-20T11:05:41.528+0000][1084][safepoint    ] Safepoint "Cleanup", Time since last: 1000334840 ns, Reaching safepoint: 129855 ns, At safepoint: 5101 ns, Total: 134956 ns
[2020-05-20T11:05:42.529+0000][1084][safepoint    ] Safepoint "Cleanup", Time since last: 1000109449 ns, Reaching safepoint: 155362 ns, At safepoint: 4638 ns, Total: 160000 ns
[2020-05-20T11:05:43.529+0000][1084][safepoint    ] Safepoint "Cleanup", Time since last: 1000402086 ns, Reaching safepoint: 144231 ns, At safepoint: 8348 ns, Total: 152579 ns
[2020-05-20T11:05:44.530+0000][1084][safepoint    ] Safepoint "Cleanup", Time since last: 1000717448 ns, Reaching safepoint: 84405 ns, At safepoint: 3247 ns, Total: 87652 ns
[2020-05-20T11:05:45.530+0000][1084][safepoint    ] Safepoint "Cleanup", Time since last: 1000404868 ns, Reaching safepoint: 114551 ns, At safepoint: 7420 ns, Total: 121971 ns
[2020-05-20T11:05:46.531+0000][1084][safepoint    ] Safepoint "Cleanup", Time since last: 1000326492 ns, Reaching safepoint: 118261 ns, At safepoint: 5101 ns, Total: 123362 ns
[2020-05-20T11:05:47.532+0000][1084][safepoint    ] Safepoint "Cleanup", Time since last: 1000487419 ns, Reaching safepoint: 96928 ns, At safepoint: 3710 ns, Total: 100638 ns
[2020-05-20T11:05:48.532+0000][1084][safepoint    ] Safepoint "Cleanup", Time since last: 1000079768 ns, Reaching safepoint: 110376 ns, At safepoint: 6029 ns, Total: 116405 ns
[2020-05-20T11:05:49.965+0000][1084][safepoint    ] Safepoint "Cleanup", Time since last: 1432708562 ns, Reaching safepoint: 127536 ns, At safepoint: 8812 ns, Total: 136348 ns
[2020-05-20T11:05:51.965+0000][1084][safepoint    ] Safepoint "Cleanup", Time since last: 1999957333 ns, Reaching safepoint: 143304 ns, At safepoint: 10203 ns, Total: 153507 ns
[2020-05-20T11:05:52.965+0000][1084][safepoint    ] Safepoint "Cleanup", Time since last: 1000096000 ns, Reaching safepoint: 91826 ns, At safepoint: 6029 ns, Total: 97855 ns
[2020-05-20T11:05:53.966+0000][1084][safepoint    ] Safepoint "Cleanup", Time since last: 1000710954 ns, Reaching safepoint: 106203 ns, At safepoint: 6957 ns, Total: 113160 ns
[2020-05-20T11:05:54.967+0000][1084][safepoint    ] Safepoint "Cleanup", Time since last: 1000775418 ns, Reaching safepoint: 174376 ns, At safepoint: 8812 ns, Total: 183188 ns
[2020-05-20T11:05:55.967+0000][1084][safepoint    ] Safepoint "Cleanup", Time since last: 1000147478 ns, Reaching safepoint: 119188 ns, At safepoint: 4638 ns, Total: 123826 ns
[2020-05-20T11:05:56.968+0000][1084][safepoint    ] Safepoint "Cleanup", Time since last: 1000602433 ns, Reaching safepoint: 101101 ns, At safepoint: 3247 ns, Total: 104348 ns
[2020-05-20T11:05:57.968+0000][1084][safepoint    ] Safepoint "Cleanup", Time since last: 1000536578 ns, Reaching safepoint: 89971 ns, At safepoint: 3246 ns, Total: 93217 ns
[2020-05-20T11:05:58.969+0000][1084][safepoint    ] Safepoint "Cleanup", Time since last: 1000540753 ns, Reaching safepoint: 131246 ns, At safepoint: 7420 ns, Total: 138666 ns
[2020-05-20T11:05:59.969+0000][1084][safepoint    ] Safepoint "Cleanup", Time since last: 1000144232 ns, Reaching safepoint: 108985 ns, At safepoint: 3710 ns, Total: 112695 ns
[2020-05-20T11:06:00.970+0000][1084][safepoint    ] Safepoint "Cleanup", Time since last: 1000320927 ns, Reaching safepoint: 111768 ns, At safepoint: 21333 ns, Total: 133101 ns
[2020-05-20T11:06:01.970+0000][1084][safepoint    ] Safepoint "Cleanup", Time since last: 1000141449 ns, Reaching safepoint: 109913 ns, At safepoint: 5565 ns, Total: 115478 ns
[2020-05-20T11:06:02.971+0000][1084][safepoint    ] Safepoint "Cleanup", Time since last: 1000680810 ns, Reaching safepoint: 91826 ns, At safepoint: 3710 ns, Total: 95536 ns
[2020-05-20T11:06:03.971+0000][1084][safepoint    ] Safepoint "Cleanup", Time since last: 1000194782 ns, Reaching safepoint: 99710 ns, At safepoint: 6029 ns, Total: 105739 ns
[2020-05-20T11:06:04.971+0000][1084][safepoint    ] Safepoint "Cleanup", Time since last: 1000436405 ns, Reaching safepoint: 117797 ns, At safepoint: 4637 ns, Total: 122434 ns
[2020-05-20T11:06:05.972+0000][1084][safepoint    ] Safepoint "Cleanup", Time since last: 1000640463 ns, Reaching safepoint: 77912 ns, At safepoint: 4638 ns, Total: 82550 ns
[2020-05-20T11:06:06.973+0000][1084][safepoint    ] Safepoint "Cleanup", Time since last: 1000609390 ns, Reaching safepoint: 87188 ns, At safepoint: 3710 ns, Total: 90898 ns
[2020-05-20T11:06:07.974+0000][1084][safepoint    ] Safepoint "Cleanup", Time since last: 1000869564 ns, Reaching safepoint: 98782 ns, At safepoint: 4174 ns, Total: 102956 ns
[2020-05-20T11:06:09.965+0000][1084][safepoint    ] Safepoint "Cleanup", Time since last: 1991390165 ns, Reaching safepoint: 101565 ns, At safepoint: 2782 ns, Total: 104347 ns
[2020-05-20T11:06:10.966+0000][1084][safepoint    ] Safepoint "Cleanup", Time since last: 1000218435 ns, Reaching safepoint: 96927 ns, At safepoint: 9275 ns, Total: 106202 ns
[2020-05-20T11:06:11.966+0000][1084][safepoint    ] Safepoint "Cleanup", Time since last: 1000530550 ns, Reaching safepoint: 84405 ns, At safepoint: 3247 ns, Total: 87652 ns
[2020-05-20T11:06:12.967+0000][1084][safepoint    ] Safepoint "Cleanup", Time since last: 1000347825 ns, Reaching safepoint: 92753 ns, At safepoint: 4638 ns, Total: 97391 ns
[2020-05-20T11:06:13.967+0000][1084][safepoint    ] Safepoint "Cleanup", Time since last: 1000436869 ns, Reaching safepoint: 115941 ns, At safepoint: 4638 ns, Total: 120579 ns
[2020-05-20T11:06:14.968+0000][1084][safepoint    ] Safepoint "Cleanup", Time since last: 1000877447 ns, Reaching safepoint: 113159 ns, At safepoint: 6957 ns, Total: 120116 ns
[2020-05-20T11:06:15.969+0000][1084][safepoint    ] Safepoint "Cleanup", Time since last: 1000824578 ns, Reaching safepoint: 147014 ns, At safepoint: 4638 ns, Total: 151652 ns
[2020-05-20T11:06:17.970+0000][1084][safepoint    ] Safepoint "Cleanup", Time since last: 2000940055 ns, Reaching safepoint: 85797 ns, At safepoint: 4638 ns, Total: 90435 ns
[2020-05-20T11:06:18.971+0000][1084][safepoint    ] Safepoint "Cleanup", Time since last: 1000237449 ns, Reaching safepoint: 109449 ns, At safepoint: 4637 ns, Total: 114086 ns
[2020-05-20T11:06:19.971+0000][1084][safepoint    ] Safepoint "Cleanup", Time since last: 1000192000 ns, Reaching safepoint: 88579 ns, At safepoint: 3710 ns, Total: 92289 ns
[2020-05-20T11:06:20.971+0000][1084][safepoint    ] Safepoint "Cleanup", Time since last: 1000089044 ns, Reaching safepoint: 101565 ns, At safepoint: 4637 ns, Total: 106202 ns
[2020-05-20T11:06:22.971+0000][1084][safepoint    ] Safepoint "Cleanup", Time since last: 2000178551 ns, Reaching safepoint: 106666 ns, At safepoint: 3247 ns, Total: 109913 ns
[2020-05-20T11:06:23.972+0000][1084][safepoint    ] Safepoint "Cleanup", Time since last: 1000396984 ns, Reaching safepoint: 145159 ns, At safepoint: 2783 ns, Total: 147942 ns
[2020-05-20T11:06:24.982+0000][1084][safepoint    ] Safepoint "Cleanup", Time since last: 1000408115 ns, Reaching safepoint: 9106066 ns, At safepoint: 15304 ns, Total: 9121370 ns
[2020-05-20T11:06:25.982+0000][1084][safepoint    ] Safepoint "Cleanup", Time since last: 1000357101 ns, Reaching safepoint: 102956 ns, At safepoint: 4638 ns, Total: 107594 ns
[2020-05-20T11:06:26.983+0000][1084][safepoint    ] Safepoint "Cleanup", Time since last: 1000807418 ns, Reaching safepoint: 99246 ns, At safepoint: 5102 ns, Total: 104348 ns
[2020-05-20T11:06:27.984+0000][1084][safepoint    ] Safepoint "Cleanup", Time since last: 1000638143 ns, Reaching safepoint: 115014 ns, At safepoint: 4174 ns, Total: 119188 ns
[2020-05-20T11:06:28.985+0000][1084][safepoint    ] Safepoint "Cleanup", Time since last: 1000898317 ns, Reaching safepoint: 76985 ns, At safepoint: 3710 ns, Total: 80695 ns
[2020-05-20T11:06:29.986+0000][1084][safepoint    ] Safepoint "Cleanup", Time since last: 1000836636 ns, Reaching safepoint: 107130 ns, At safepoint: 16696 ns, Total: 123826 ns
[2020-05-20T11:06:30.986+0000][1084][safepoint    ] Safepoint "Cleanup", Time since last: 1000094145 ns, Reaching safepoint: 161854 ns, At safepoint: 5102 ns, Total: 166956 ns
[2020-05-20T11:06:31.987+0000][1084][safepoint    ] Safepoint "Cleanup", Time since last: 1000723476 ns, Reaching safepoint: 123362 ns, At safepoint: 4174 ns, Total: 127536 ns
[2020-05-20T11:06:32.988+0000][1084][safepoint    ] Safepoint "Cleanup", Time since last: 1000633506 ns, Reaching safepoint: 146550 ns, At safepoint: 3711 ns, Total: 150261 ns
[2020-05-20T11:06:34.988+0000][1084][safepoint    ] Safepoint "Cleanup", Time since last: 2000399767 ns, Reaching safepoint: 109449 ns, At safepoint: 4174 ns, Total: 113623 ns
[2020-05-20T11:06:35.989+0000][1084][safepoint    ] Safepoint "Cleanup", Time since last: 1000667824 ns, Reaching safepoint: 191536 ns, At safepoint: 5101 ns, Total: 196637 ns
[2020-05-20T11:06:36.990+0000][1084][safepoint    ] Safepoint "Cleanup", Time since last: 1000678492 ns, Reaching safepoint: 90434 ns, At safepoint: 3247 ns, Total: 93681 ns
[2020-05-20T11:06:37.990+0000][1084][safepoint    ] Safepoint "Cleanup", Time since last: 1000588984 ns, Reaching safepoint: 93681 ns, At safepoint: 3246 ns, Total: 96927 ns
[2020-05-20T11:06:38.991+0000][1084][safepoint    ] Safepoint "Cleanup", Time since last: 1000248579 ns, Reaching safepoint: 112696 ns, At safepoint: 6492 ns, Total: 119188 ns
[2020-05-20T11:06:39.991+0000][1084][safepoint    ] Safepoint "Cleanup", Time since last: 1000507825 ns, Reaching safepoint: 102493 ns, At safepoint: 6492 ns, Total: 108985 ns
[2020-05-20T11:06:40.992+0000][1084][safepoint    ] Safepoint "Cleanup", Time since last: 1000491130 ns, Reaching safepoint: 103420 ns, At safepoint: 4637 ns, Total: 108057 ns
[2020-05-20T11:06:41.992+0000][1084][safepoint    ] Safepoint "Cleanup", Time since last: 1000297739 ns, Reaching safepoint: 102029 ns, At safepoint: 2782 ns, Total: 104811 ns
[2020-05-20T11:06:43.992+0000][1084][safepoint    ] Safepoint "Cleanup", Time since last: 1999963363 ns, Reaching safepoint: 143304 ns, At safepoint: 7884 ns, Total: 151188 ns
[2020-05-20T11:06:45.993+0000][1084][safepoint    ] Safepoint "Cleanup", Time since last: 2000545390 ns, Reaching safepoint: 121043 ns, At safepoint: 4638 ns, Total: 125681 ns
[2020-05-20T11:06:46.993+0000][1084][safepoint    ] Safepoint "Cleanup", Time since last: 1000114550 ns, Reaching safepoint: 126145 ns, At safepoint: 4637 ns, Total: 130782 ns
[2020-05-20T11:06:47.994+0000][1084][safepoint    ] Safepoint "Cleanup", Time since last: 1000801854 ns, Reaching safepoint: 98782 ns, At safepoint: 3246 ns, Total: 102028 ns
[2020-05-20T11:06:49.995+0000][1084][safepoint    ] Safepoint "Cleanup", Time since last: 2000146087 ns, Reaching safepoint: 84869 ns, At safepoint: 3710 ns, Total: 88579 ns
[2020-05-20T11:06:50.995+0000][1084][safepoint    ] Safepoint "Cleanup", Time since last: 1000028290 ns, Reaching safepoint: 95072 ns, At safepoint: 2783 ns, Total: 97855 ns
[2020-05-20T11:06:51.995+0000][1084][safepoint    ] Safepoint "Cleanup", Time since last: 1000598260 ns, Reaching safepoint: 81159 ns, At safepoint: 3246 ns, Total: 84405 ns
[2020-05-20T11:06:52.996+0000][1084][safepoint    ] Safepoint "Cleanup", Time since last: 1000892752 ns, Reaching safepoint: 119188 ns, At safepoint: 5565 ns, Total: 124753 ns
[2020-05-20T11:06:53.997+0000][1084][safepoint    ] Safepoint "Cleanup", Time since last: 1000305159 ns, Reaching safepoint: 101565 ns, At safepoint: 4637 ns, Total: 106202 ns
[2020-05-20T11:06:55.000+0000][1084][safepoint    ] Safepoint "Cleanup", Time since last: 1000592231 ns, Reaching safepoint: 2977848 ns, At safepoint: 13913 ns, Total: 2991761 ns
[2020-05-20T11:06:56.001+0000][1084][safepoint    ] Safepoint "Cleanup", Time since last: 1000275014 ns, Reaching safepoint: 115014 ns, At safepoint: 2783 ns, Total: 117797 ns
[2020-05-20T11:06:58.001+0000][1084][safepoint    ] Safepoint "Cleanup", Time since last: 2000412289 ns, Reaching safepoint: 93217 ns, At safepoint: 3246 ns, Total: 96463 ns
[2020-05-20T11:06:59.002+0000][1084][safepoint    ] Safepoint "Cleanup", Time since last: 1000854259 ns, Reaching safepoint: 134956 ns, At safepoint: 26435 ns, Total: 161391 ns
[2020-05-20T11:07:00.012+0000][1084][safepoint    ] Safepoint "Cleanup", Time since last: 1000507825 ns, Reaching safepoint: 9050878 ns, At safepoint: 22724 ns, Total: 9073602 ns
[2020-05-20T11:07:02.012+0000][1084][safepoint    ] Safepoint "Cleanup", Time since last: 2000454956 ns, Reaching safepoint: 125680 ns, At safepoint: 6493 ns, Total: 132173 ns
[2020-05-20T11:07:03.013+0000][1084][safepoint    ] Safepoint "Cleanup", Time since last: 1000216116 ns, Reaching safepoint: 96927 ns, At safepoint: 3246 ns, Total: 100173 ns
[2020-05-20T11:07:05.014+0000][1084][safepoint    ] Safepoint "Cleanup", Time since last: 2000905737 ns, Reaching safepoint: 140522 ns, At safepoint: 3710 ns, Total: 144232 ns
[2020-05-20T11:07:06.015+0000][1084][safepoint    ] Safepoint "Cleanup", Time since last: 1000901099 ns, Reaching safepoint: 120116 ns, At safepoint: 6956 ns, Total: 127072 ns
[2020-05-20T11:07:07.015+0000][1084][safepoint    ] Safepoint "Cleanup", Time since last: 1000496695 ns, Reaching safepoint: 130782 ns, At safepoint: 5102 ns, Total: 135884 ns
[2020-05-20T11:07:08.016+0000][1084][safepoint    ] Safepoint "Cleanup", Time since last: 1000171130 ns, Reaching safepoint: 166956 ns, At safepoint: 9739 ns, Total: 176695 ns
[2020-05-20T11:07:09.016+0000][1084][safepoint    ] Safepoint "Cleanup", Time since last: 1000198028 ns, Reaching safepoint: 108058 ns, At safepoint: 4638 ns, Total: 112696 ns
[2020-05-20T11:07:10.016+0000][1084][safepoint    ] Safepoint "Cleanup", Time since last: 1000206376 ns, Reaching safepoint: 139130 ns, At safepoint: 2783 ns, Total: 141913 ns
[2020-05-20T11:07:12.017+0000][1084][safepoint    ] Safepoint "Cleanup", Time since last: 2000608462 ns, Reaching safepoint: 137275 ns, At safepoint: 5565 ns, Total: 142840 ns
[2020-05-20T11:07:13.018+0000][1084][safepoint    ] Safepoint "Cleanup", Time since last: 1000391420 ns, Reaching safepoint: 98782 ns, At safepoint: 5102 ns, Total: 103884 ns
[2020-05-20T11:07:14.019+0000][1084][safepoint    ] Safepoint "Cleanup", Time since last: 1001168693 ns, Reaching safepoint: 116405 ns, At safepoint: 4638 ns, Total: 121043 ns
[2020-05-20T11:07:15.020+0000][1084][safepoint    ] Safepoint "Cleanup", Time since last: 1000383071 ns, Reaching safepoint: 121044 ns, At safepoint: 6956 ns, Total: 128000 ns
[2020-05-20T11:07:16.020+0000][1084][safepoint    ] Safepoint "Cleanup", Time since last: 1000457274 ns, Reaching safepoint: 147478 ns, At safepoint: 6029 ns, Total: 153507 ns
[2020-05-20T11:07:18.021+0000][1084][safepoint    ] Safepoint "Cleanup", Time since last: 2000729506 ns, Reaching safepoint: 130318 ns, At safepoint: 6957 ns, Total: 137275 ns
[2020-05-20T11:07:19.022+0000][1084][safepoint    ] Safepoint "Cleanup", Time since last: 1000418318 ns, Reaching safepoint: 75594 ns, At safepoint: 2782 ns, Total: 78376 ns
[2020-05-20T11:07:20.022+0000][1084][safepoint    ] Safepoint "Cleanup", Time since last: 1000021797 ns, Reaching safepoint: 98783 ns, At safepoint: 4174 ns, Total: 102957 ns
[2020-05-20T11:07:21.022+0000][1084][safepoint    ] Safepoint "Cleanup", Time since last: 1000342724 ns, Reaching safepoint: 95999 ns, At safepoint: 2783 ns, Total: 98782 ns
[2020-05-20T11:07:22.039+0000][1084][safepoint    ] Safepoint "Cleanup", Time since last: 1016658048 ns, Reaching safepoint: 156290 ns, At safepoint: 5101 ns, Total: 161391 ns
[2020-05-20T11:07:23.039+0000][1084][safepoint    ] Safepoint "Cleanup", Time since last: 1000482782 ns, Reaching safepoint: 120579 ns, At safepoint: 6493 ns, Total: 127072 ns
[2020-05-20T11:07:24.040+0000][1084][safepoint    ] Safepoint "Cleanup", Time since last: 1000448926 ns, Reaching safepoint: 82087 ns, At safepoint: 2783 ns, Total: 84870 ns
[2020-05-20T11:07:26.040+0000][1084][safepoint    ] Safepoint "Cleanup", Time since last: 2000106666 ns, Reaching safepoint: 83942 ns, At safepoint: 3710 ns, Total: 87652 ns
[2020-05-20T11:07:27.041+0000][1084][safepoint    ] Safepoint "Cleanup", Time since last: 1000448927 ns, Reaching safepoint: 120115 ns, At safepoint: 5102 ns, Total: 125217 ns
[2020-05-20T11:07:28.041+0000][1084][safepoint    ] Safepoint "Cleanup", Time since last: 1000287999 ns, Reaching safepoint: 105275 ns, At safepoint: 3247 ns, Total: 108522 ns
[2020-05-20T11:07:29.041+0000][1084][safepoint    ] Safepoint "Cleanup", Time since last: 1000134956 ns, Reaching safepoint: 157217 ns, At safepoint: 9739 ns, Total: 166956 ns
[2020-05-20T11:07:31.042+0000][1084][safepoint    ] Safepoint "Cleanup", Time since last: 2000421564 ns, Reaching safepoint: 89043 ns, At safepoint: 3247 ns, Total: 92290 ns
[2020-05-20T11:07:32.043+0000][1084][safepoint    ] Safepoint "Cleanup", Time since last: 1000837099 ns, Reaching safepoint: 132638 ns, At safepoint: 7420 ns, Total: 140058 ns
[2020-05-20T11:07:34.044+0000][1084][safepoint    ] Safepoint "Cleanup", Time since last: 2000541680 ns, Reaching safepoint: 123826 ns, At safepoint: 5101 ns, Total: 128927 ns
[2020-05-20T11:07:35.044+0000][1084][safepoint    ] Safepoint "Cleanup", Time since last: 1000590839 ns, Reaching safepoint: 123826 ns, At safepoint: 7884 ns, Total: 131710 ns
[2020-05-20T11:07:36.048+0000][1084][safepoint    ] Safepoint "Cleanup", Time since last: 1000677564 ns, Reaching safepoint: 3171239 ns, At safepoint: 20869 ns, Total: 3192108 ns
[2020-05-20T11:07:37.677+0000][1084][safepoint    ] Safepoint "Cleanup", Time since last: 1401908402 ns, Reaching safepoint: 226838198 ns, At safepoint: 69565 ns, Total: 226907763 ns
[2020-05-20T11:07:39.677+0000][1084][safepoint    ] Safepoint "Cleanup", Time since last: 2000095536 ns, Reaching safepoint: 128000 ns, At safepoint: 4174 ns, Total: 132174 ns
[2020-05-20T11:07:41.678+0000][1084][safepoint    ] Safepoint "Cleanup", Time since last: 2000689622 ns, Reaching safepoint: 195709 ns, At safepoint: 10203 ns, Total: 205912 ns
[2020-05-20T11:07:42.678+0000][1084][safepoint    ] Safepoint "Cleanup", Time since last: 1000023652 ns, Reaching safepoint: 135420 ns, At safepoint: 8812 ns, Total: 144232 ns
[2020-05-20T11:07:43.679+0000][1084][safepoint    ] Safepoint "Cleanup", Time since last: 1000869099 ns, Reaching safepoint: 131710 ns, At safepoint: 5102 ns, Total: 136812 ns
[2020-05-20T11:07:44.680+0000][1084][safepoint    ] Safepoint "Cleanup", Time since last: 1000418317 ns, Reaching safepoint: 102493 ns, At safepoint: 4638 ns, Total: 107131 ns
[2020-05-20T11:07:45.681+0000][1084][safepoint    ] Safepoint "Cleanup", Time since last: 1000793041 ns, Reaching safepoint: 118261 ns, At safepoint: 4637 ns, Total: 122898 ns
[2020-05-20T11:07:46.682+0000][1084][safepoint    ] Safepoint "Cleanup", Time since last: 1000727651 ns, Reaching safepoint: 101565 ns, At safepoint: 6493 ns, Total: 108058 ns
[2020-05-20T11:07:47.682+0000][1084][safepoint    ] Safepoint "Cleanup", Time since last: 1000531013 ns, Reaching safepoint: 134029 ns, At safepoint: 5565 ns, Total: 139594 ns
[2020-05-20T11:07:49.682+0000][1084][safepoint    ] Safepoint "Cleanup", Time since last: 1999952696 ns, Reaching safepoint: 121507 ns, At safepoint: 3710 ns, Total: 125217 ns
[2020-05-20T11:07:50.683+0000][1084][safepoint    ] Safepoint "Cleanup", Time since last: 1000793041 ns, Reaching safepoint: 129855 ns, At safepoint: 5565 ns, Total: 135420 ns
[2020-05-20T11:07:51.684+0000][1084][safepoint    ] Safepoint "Cleanup", Time since last: 1000773564 ns, Reaching safepoint: 160463 ns, At safepoint: 9275 ns, Total: 169738 ns
[2020-05-20T11:07:52.685+0000][1084][safepoint    ] Safepoint "Cleanup", Time since last: 1000232348 ns, Reaching safepoint: 88115 ns, At safepoint: 4638 ns, Total: 92753 ns
[2020-05-20T11:07:53.685+0000][1084][safepoint    ] Safepoint "Cleanup", Time since last: 1000447535 ns, Reaching safepoint: 72348 ns, At safepoint: 2783 ns, Total: 75131 ns
[2020-05-20T11:07:54.702+0000][1084][safepoint    ] Safepoint "Cleanup", Time since last: 1000607998 ns, Reaching safepoint: 16022688 ns, At safepoint: 14376 ns, Total: 16037064 ns
[2020-05-20T11:07:55.702+0000][1084][safepoint    ] Safepoint "Cleanup", Time since last: 1000013450 ns, Reaching safepoint: 116869 ns, At safepoint: 7420 ns, Total: 124289 ns
[2020-05-20T11:07:56.375+0000][1084][gc,start     ] GC(41) Pause Young (Normal) (G1 Evacuation Pause)
[2020-05-20T11:07:56.375+0000][1084][gc,task      ] GC(41) Using 4 workers of 4 for evacuation
[2020-05-20T11:07:56.375+0000][1084][gc,age       ] GC(41) Desired survivor size 24117248 bytes, new threshold 15 (max threshold 15)
[2020-05-20T11:07:56.421+0000][1084][gc,age       ] GC(41) Age table with threshold 15 (max threshold 15)
[2020-05-20T11:07:56.421+0000][1084][gc,age       ] GC(41) - age   1:     131736 bytes,     131736 total
[2020-05-20T11:07:56.421+0000][1084][gc,age       ] GC(41) - age   2:        960 bytes,     132696 total
[2020-05-20T11:07:56.421+0000][1084][gc,age       ] GC(41) - age   3:        136 bytes,     132832 total
[2020-05-20T11:07:56.421+0000][1084][gc,age       ] GC(41) - age   4:       1128 bytes,     133960 total
[2020-05-20T11:07:56.421+0000][1084][gc,age       ] GC(41) - age   5:     126056 bytes,     260016 total
[2020-05-20T11:07:56.421+0000][1084][gc,age       ] GC(41) - age   6:         80 bytes,     260096 total
[2020-05-20T11:07:56.421+0000][1084][gc,age       ] GC(41) - age   7:     247096 bytes,     507192 total
[2020-05-20T11:07:56.421+0000][1084][gc,age       ] GC(41) - age   8:     277632 bytes,     784824 total
[2020-05-20T11:07:56.421+0000][1084][gc,phases    ] GC(41)   Pre Evacuate Collection Set: 0.1ms
[2020-05-20T11:07:56.421+0000][1084][gc,phases    ] GC(41)   Merge Heap Roots: 0.1ms
[2020-05-20T11:07:56.422+0000][1084][gc,phases    ] GC(41)   Evacuate Collection Set: 44.0ms
[2020-05-20T11:07:56.422+0000][1084][gc,phases    ] GC(41)   Post Evacuate Collection Set: 1.5ms
[2020-05-20T11:07:56.422+0000][1084][gc,phases    ] GC(41)   Other: 0.7ms
[2020-05-20T11:07:56.422+0000][1084][gc,heap      ] GC(41) Eden regions: 362->0(613)
[2020-05-20T11:07:56.422+0000][1084][gc,heap      ] GC(41) Survivor regions: 1->1(46)
[2020-05-20T11:07:56.422+0000][1084][gc,heap      ] GC(41) Old regions: 82->82
[2020-05-20T11:07:56.422+0000][1084][gc,heap      ] GC(41) Archive regions: 0->0
[2020-05-20T11:07:56.422+0000][1084][gc,heap      ] GC(41) Humongous regions: 7->7
[2020-05-20T11:07:56.422+0000][1084][gc,metaspace ] GC(41) Metaspace: 99333K(107160K)->99333K(107160K) NonClass: 86439K(91012K)->86439K(91012K) Class: 12894K(16148K)->12894K(16148K)
[2020-05-20T11:07:56.422+0000][1084][gc           ] GC(41) Pause Young (Normal) (G1 Evacuation Pause) 451M->89M(1024M) 46.734ms
[2020-05-20T11:07:56.422+0000][1084][gc,cpu       ] GC(41) User=0.02s Sys=0.00s Real=0.05s
[2020-05-20T11:07:56.422+0000][1084][safepoint    ] Safepoint "G1CollectForAllocation", Time since last: 658496328 ns, Reaching safepoint: 15148951 ns, At safepoint: 46911427 ns, Total: 62060378 ns
[2020-05-20T11:07:57.539+0000][1084][safepoint    ] Safepoint "Cleanup", Time since last: 1000468405 ns, Reaching safepoint: 116095731 ns, At safepoint: 191536 ns, Total: 116287267 ns
[2020-05-20T11:07:58.539+0000][1084][safepoint    ] Safepoint "Cleanup", Time since last: 1000018086 ns, Reaching safepoint: 128000 ns, At safepoint: 25971 ns, Total: 153971 ns
[2020-05-20T11:07:59.540+0000][1084][safepoint    ] Safepoint "Cleanup", Time since last: 1000140985 ns, Reaching safepoint: 139130 ns, At safepoint: 23189 ns, Total: 162319 ns
[2020-05-20T11:08:00.560+0000][1084][safepoint    ] Safepoint "Cleanup", Time since last: 1000422492 ns, Reaching safepoint: 19976765 ns, At safepoint: 93681 ns, Total: 20070446 ns
[2020-05-20T11:08:01.560+0000][1084][safepoint    ] Safepoint "Cleanup", Time since last: 1000085333 ns, Reaching safepoint: 106666 ns, At safepoint: 13450 ns, Total: 120116 ns
[2020-05-20T11:08:02.561+0000][1084][safepoint    ] Safepoint "Cleanup", Time since last: 1000028289 ns, Reaching safepoint: 114551 ns, At safepoint: 7420 ns, Total: 121971 ns
[2020-05-20T11:08:03.561+0000][1084][safepoint    ] Safepoint "Cleanup", Time since last: 1000215652 ns, Reaching safepoint: 134492 ns, At safepoint: 45913 ns, Total: 180405 ns
[2020-05-20T11:08:04.562+0000][1084][safepoint    ] Safepoint "Cleanup", Time since last: 1000522202 ns, Reaching safepoint: 104811 ns, At safepoint: 24116 ns, Total: 128927 ns
[2020-05-20T11:08:05.562+0000][1084][safepoint    ] Safepoint "Cleanup", Time since last: 1000179942 ns, Reaching safepoint: 107130 ns, At safepoint: 4637 ns, Total: 111767 ns
[2020-05-20T11:08:06.563+0000][1084][safepoint    ] Safepoint "Cleanup", Time since last: 1000697970 ns, Reaching safepoint: 118260 ns, At safepoint: 6029 ns, Total: 124289 ns
[2020-05-20T11:08:07.564+0000][1084][safepoint    ] Safepoint "Cleanup", Time since last: 1000705854 ns, Reaching safepoint: 119652 ns, At safepoint: 6029 ns, Total: 125681 ns
[2020-05-20T11:08:08.564+0000][1084][safepoint    ] Safepoint "Cleanup", Time since last: 1000793505 ns, Reaching safepoint: 147478 ns, At safepoint: 5565 ns, Total: 153043 ns
[2020-05-20T11:08:09.565+0000][1084][safepoint    ] Safepoint "Cleanup", Time since last: 1000373797 ns, Reaching safepoint: 154434 ns, At safepoint: 9275 ns, Total: 163709 ns
[2020-05-20T11:08:10.565+0000][1084][safepoint    ] Safepoint "Cleanup", Time since last: 1000257855 ns, Reaching safepoint: 77913 ns, At safepoint: 3710 ns, Total: 81623 ns
[2020-05-20T11:08:11.565+0000][1084][safepoint    ] Safepoint "Cleanup", Time since last: 1000043130 ns, Reaching safepoint: 139594 ns, At safepoint: 4174 ns, Total: 143768 ns
[2020-05-20T11:08:12.566+0000][1084][safepoint    ] Safepoint "Cleanup", Time since last: 1000682201 ns, Reaching safepoint: 113623 ns, At safepoint: 4638 ns, Total: 118261 ns
[2020-05-20T11:08:13.567+0000][1084][safepoint    ] Safepoint "Cleanup", Time since last: 1000453100 ns, Reaching safepoint: 152116 ns, At safepoint: 8811 ns, Total: 160927 ns
[2020-05-20T11:08:14.745+0000][1084][safepoint    ] Safepoint "Cleanup", Time since last: 1177613038 ns, Reaching safepoint: 123362 ns, At safepoint: 4174 ns, Total: 127536 ns
[2020-05-20T11:08:15.745+0000][1084][safepoint    ] Safepoint "Cleanup", Time since last: 1000289390 ns, Reaching safepoint: 127536 ns, At safepoint: 4638 ns, Total: 132174 ns
[2020-05-20T11:08:16.746+0000][1084][safepoint    ] Safepoint "Cleanup", Time since last: 1000447535 ns, Reaching safepoint: 105739 ns, At safepoint: 3710 ns, Total: 109449 ns
[2020-05-20T11:08:17.746+0000][1084][safepoint    ] Safepoint "Cleanup", Time since last: 1000356637 ns, Reaching safepoint: 121043 ns, At safepoint: 4638 ns, Total: 125681 ns
[2020-05-20T11:08:18.746+0000][1084][safepoint    ] Safepoint "Cleanup", Time since last: 1000255999 ns, Reaching safepoint: 133565 ns, At safepoint: 5102 ns, Total: 138667 ns
[2020-05-20T11:08:19.747+0000][1084][safepoint    ] Safepoint "Cleanup", Time since last: 1000199419 ns, Reaching safepoint: 112232 ns, At safepoint: 3246 ns, Total: 115478 ns
[2020-05-20T11:08:20.747+0000][1084][safepoint    ] Safepoint "Cleanup", Time since last: 1000207768 ns, Reaching safepoint: 126608 ns, At safepoint: 8348 ns, Total: 134956 ns
[2020-05-20T11:08:21.748+0000][1084][safepoint    ] Safepoint "Cleanup", Time since last: 1000531941 ns, Reaching safepoint: 129391 ns, At safepoint: 7420 ns, Total: 136811 ns
[2020-05-20T11:08:22.749+0000][1084][safepoint    ] Safepoint "Cleanup", Time since last: 1000778665 ns, Reaching safepoint: 102029 ns, At safepoint: 4638 ns, Total: 106667 ns
[2020-05-20T11:08:23.749+0000][1084][safepoint    ] Safepoint "Cleanup", Time since last: 1000332521 ns, Reaching safepoint: 147014 ns, At safepoint: 8348 ns, Total: 155362 ns
[2020-05-20T11:08:25.749+0000][1084][safepoint    ] Safepoint "Cleanup", Time since last: 1999905391 ns, Reaching safepoint: 134956 ns, At safepoint: 6493 ns, Total: 141449 ns
[2020-05-20T11:08:26.750+0000][1084][safepoint    ] Safepoint "Cleanup", Time since last: 1000257855 ns, Reaching safepoint: 125217 ns, At safepoint: 4637 ns, Total: 129854 ns
[2020-05-20T11:08:27.750+0000][1084][safepoint    ] Safepoint "Cleanup", Time since last: 1000479999 ns, Reaching safepoint: 127536 ns, At safepoint: 7884 ns, Total: 135420 ns
[2020-05-20T11:08:28.751+0000][1084][safepoint    ] Safepoint "Cleanup", Time since last: 1000141913 ns, Reaching safepoint: 110840 ns, At safepoint: 5565 ns, Total: 116405 ns
[2020-05-20T11:08:29.751+0000][1084][safepoint    ] Safepoint "Cleanup", Time since last: 1000541680 ns, Reaching safepoint: 121507 ns, At safepoint: 5102 ns, Total: 126609 ns
[2020-05-20T11:08:30.752+0000][1084][safepoint    ] Safepoint "Cleanup", Time since last: 1000454028 ns, Reaching safepoint: 117333 ns, At safepoint: 4637 ns, Total: 121970 ns
[2020-05-20T11:08:31.752+0000][1084][safepoint    ] Safepoint "Cleanup", Time since last: 1000230029 ns, Reaching safepoint: 130318 ns, At safepoint: 7884 ns, Total: 138202 ns
[2020-05-20T11:08:32.753+0000][1084][safepoint    ] Safepoint "Cleanup", Time since last: 1000491593 ns, Reaching safepoint: 134029 ns, At safepoint: 6029 ns, Total: 140058 ns
[2020-05-20T11:08:33.753+0000][1084][safepoint    ] Safepoint "Cleanup", Time since last: 1000567651 ns, Reaching safepoint: 139130 ns, At safepoint: 7884 ns, Total: 147014 ns
[2020-05-20T11:08:34.754+0000][1084][safepoint    ] Safepoint "Cleanup", Time since last: 1000372869 ns, Reaching safepoint: 114087 ns, At safepoint: 4637 ns, Total: 118724 ns
[2020-05-20T11:08:35.755+0000][1084][safepoint    ] Safepoint "Cleanup", Time since last: 1000751767 ns, Reaching safepoint: 172521 ns, At safepoint: 9739 ns, Total: 182260 ns
[2020-05-20T11:08:37.201+0000][1084][safepoint    ] Safepoint "Cleanup", Time since last: 1432772562 ns, Reaching safepoint: 13107911 ns, At safepoint: 17160 ns, Total: 13125071 ns
[2020-05-20T11:08:38.202+0000][1084][safepoint    ] Safepoint "Cleanup", Time since last: 1000792114 ns, Reaching safepoint: 148405 ns, At safepoint: 9276 ns, Total: 157681 ns
[2020-05-20T11:08:40.203+0000][1084][safepoint    ] Safepoint "Cleanup", Time since last: 2000710954 ns, Reaching safepoint: 159073 ns, At safepoint: 9739 ns, Total: 168812 ns
[2020-05-20T11:08:41.203+0000][1084][safepoint    ] Safepoint "Cleanup", Time since last: 1000270376 ns, Reaching safepoint: 111768 ns, At safepoint: 5101 ns, Total: 116869 ns
[2020-05-20T11:08:42.203+0000][1084][safepoint    ] Safepoint "Cleanup", Time since last: 1000267130 ns, Reaching safepoint: 123826 ns, At safepoint: 4174 ns, Total: 128000 ns
[2020-05-20T11:08:44.204+0000][1084][safepoint    ] Safepoint "Cleanup", Time since last: 2000038956 ns, Reaching safepoint: 152579 ns, At safepoint: 6957 ns, Total: 159536 ns
[2020-05-20T11:08:46.204+0000][1084][safepoint    ] Safepoint "Cleanup", Time since last: 2000124290 ns, Reaching safepoint: 150724 ns, At safepoint: 5565 ns, Total: 156289 ns
[2020-05-20T11:08:47.204+0000][1084][safepoint    ] Safepoint "Cleanup", Time since last: 1000339014 ns, Reaching safepoint: 98782 ns, At safepoint: 4174 ns, Total: 102956 ns
[2020-05-20T11:08:49.205+0000][1084][safepoint    ] Safepoint "Cleanup", Time since last: 2000169275 ns, Reaching safepoint: 108985 ns, At safepoint: 6493 ns, Total: 115478 ns
[2020-05-20T11:08:50.205+0000][1084][safepoint    ] Safepoint "Cleanup", Time since last: 1000283362 ns, Reaching safepoint: 97391 ns, At safepoint: 5101 ns, Total: 102492 ns
[2020-05-20T11:08:51.206+0000][1084][safepoint    ] Safepoint "Cleanup", Time since last: 1000747593 ns, Reaching safepoint: 148869 ns, At safepoint: 7884 ns, Total: 156753 ns
[2020-05-20T11:08:52.206+0000][1084][safepoint    ] Safepoint "Cleanup", Time since last: 1000180405 ns, Reaching safepoint: 143768 ns, At safepoint: 6029 ns, Total: 149797 ns
[2020-05-20T11:08:54.206+0000][1084][safepoint    ] Safepoint "Cleanup", Time since last: 1999948522 ns, Reaching safepoint: 119652 ns, At safepoint: 6029 ns, Total: 125681 ns
[2020-05-20T11:08:55.233+0000][1084][safepoint    ] Safepoint "Cleanup", Time since last: 1000101101 ns, Reaching safepoint: 26980111 ns, At safepoint: 17160 ns, Total: 26997271 ns
[2020-05-20T11:08:56.234+0000][1084][safepoint    ] Safepoint "Cleanup", Time since last: 1000690549 ns, Reaching safepoint: 114550 ns, At safepoint: 6029 ns, Total: 120579 ns
[2020-05-20T11:08:57.235+0000][1084][safepoint    ] Safepoint "Cleanup", Time since last: 1000472579 ns, Reaching safepoint: 128927 ns, At safepoint: 5565 ns, Total: 134492 ns
[2020-05-20T11:08:58.236+0000][1084][safepoint    ] Safepoint "Cleanup", Time since last: 1000599651 ns, Reaching safepoint: 102029 ns, At safepoint: 5101 ns, Total: 107130 ns
[2020-05-20T11:09:00.236+0000][1084][safepoint    ] Safepoint "Cleanup", Time since last: 2000170667 ns, Reaching safepoint: 126608 ns, At safepoint: 4638 ns, Total: 131246 ns
[2020-05-20T11:09:01.237+0000][1084][safepoint    ] Safepoint "Cleanup", Time since last: 1000517564 ns, Reaching safepoint: 133565 ns, At safepoint: 5565 ns, Total: 139130 ns
[2020-05-20T11:09:02.237+0000][1084][safepoint    ] Safepoint "Cleanup", Time since last: 1000461912 ns, Reaching safepoint: 92753 ns, At safepoint: 3246 ns, Total: 95999 ns
[2020-05-20T11:09:03.238+0000][1084][safepoint    ] Safepoint "Cleanup", Time since last: 1000832462 ns, Reaching safepoint: 100174 ns, At safepoint: 6029 ns, Total: 106203 ns
[2020-05-20T11:09:04.239+0000][1084][safepoint    ] Safepoint "Cleanup", Time since last: 1000371941 ns, Reaching safepoint: 165565 ns, At safepoint: 6493 ns, Total: 172058 ns
[2020-05-20T11:09:05.239+0000][1084][safepoint    ] Safepoint "Cleanup", Time since last: 1000166492 ns, Reaching safepoint: 114087 ns, At safepoint: 5101 ns, Total: 119188 ns
[2020-05-20T11:09:06.239+0000][1084][safepoint    ] Safepoint "Cleanup", Time since last: 1000401159 ns, Reaching safepoint: 127072 ns, At safepoint: 3246 ns, Total: 130318 ns
[2020-05-20T11:09:07.240+0000][1084][safepoint    ] Safepoint "Cleanup", Time since last: 1000765680 ns, Reaching safepoint: 108057 ns, At safepoint: 6493 ns, Total: 114550 ns
[2020-05-20T11:09:08.241+0000][1084][safepoint    ] Safepoint "Cleanup", Time since last: 1000359420 ns, Reaching safepoint: 125217 ns, At safepoint: 6029 ns, Total: 131246 ns
[2020-05-20T11:09:09.241+0000][1084][safepoint    ] Safepoint "Cleanup", Time since last: 1000035710 ns, Reaching safepoint: 123825 ns, At safepoint: 6493 ns, Total: 130318 ns
[2020-05-20T11:09:10.241+0000][1084][safepoint    ] Safepoint "Cleanup", Time since last: 1000085333 ns, Reaching safepoint: 134957 ns, At safepoint: 6029 ns, Total: 140986 ns
[2020-05-20T11:09:11.242+0000][1084][safepoint    ] Safepoint "Cleanup", Time since last: 1000628404 ns, Reaching safepoint: 140985 ns, At safepoint: 8348 ns, Total: 149333 ns
[2020-05-20T11:09:12.396+0000][1084][safepoint    ] Safepoint "Cleanup", Time since last: 1131036913 ns, Reaching safepoint: 23268120 ns, At safepoint: 77449 ns, Total: 23345569 ns
[2020-05-20T11:09:13.408+0000][1084][safepoint    ] Safepoint "Cleanup", Time since last: 1011750930 ns, Reaching safepoint: 128927 ns, At safepoint: 8348 ns, Total: 137275 ns
[2020-05-20T11:09:14.408+0000][1084][safepoint    ] Safepoint "Cleanup", Time since last: 1000134028 ns, Reaching safepoint: 110377 ns, At safepoint: 4174 ns, Total: 114551 ns
[2020-05-20T11:09:15.409+0000][1084][safepoint    ] Safepoint "Cleanup", Time since last: 1000324173 ns, Reaching safepoint: 89043 ns, At safepoint: 5566 ns, Total: 94609 ns
[2020-05-20T11:09:16.409+0000][1084][safepoint    ] Safepoint "Cleanup", Time since last: 1000054724 ns, Reaching safepoint: 144232 ns, At safepoint: 7420 ns, Total: 151652 ns
[2020-05-20T11:09:17.410+0000][1084][safepoint    ] Safepoint "Cleanup", Time since last: 1000345970 ns, Reaching safepoint: 96927 ns, At safepoint: 3711 ns, Total: 100638 ns
[2020-05-20T11:09:18.410+0000][1084][safepoint    ] Safepoint "Cleanup", Time since last: 1000648810 ns, Reaching safepoint: 107130 ns, At safepoint: 5565 ns, Total: 112695 ns
[2020-05-20T11:09:19.410+0000][1084][safepoint    ] Safepoint "Cleanup", Time since last: 1000025043 ns, Reaching safepoint: 103420 ns, At safepoint: 4638 ns, Total: 108058 ns
[2020-05-20T11:09:20.411+0000][1084][safepoint    ] Safepoint "Cleanup", Time since last: 1000296347 ns, Reaching safepoint: 139594 ns, At safepoint: 5565 ns, Total: 145159 ns
[2020-05-20T11:09:21.455+0000][1084][safepoint    ] Safepoint "Cleanup", Time since last: 1000125217 ns, Reaching safepoint: 44006855 ns, At safepoint: 48232 ns, Total: 44055087 ns
[2020-05-20T11:09:22.456+0000][1084][safepoint    ] Safepoint "Cleanup", Time since last: 1000723013 ns, Reaching safepoint: 132173 ns, At safepoint: 5565 ns, Total: 137738 ns
[2020-05-20T11:09:24.456+0000][1084][safepoint    ] Safepoint "Cleanup", Time since last: 2000442434 ns, Reaching safepoint: 103884 ns, At safepoint: 4638 ns, Total: 108522 ns
[2020-05-20T11:09:25.457+0000][1084][safepoint    ] Safepoint "Cleanup", Time since last: 1000465622 ns, Reaching safepoint: 147478 ns, At safepoint: 7884 ns, Total: 155362 ns
[2020-05-20T11:09:26.458+0000][1084][safepoint    ] Safepoint "Cleanup", Time since last: 1000396520 ns, Reaching safepoint: 123826 ns, At safepoint: 5102 ns, Total: 128928 ns
[2020-05-20T11:09:27.458+0000][1084][safepoint    ] Safepoint "Cleanup", Time since last: 1000751766 ns, Reaching safepoint: 147478 ns, At safepoint: 9275 ns, Total: 156753 ns
[2020-05-20T11:09:28.459+0000][1084][safepoint    ] Safepoint "Cleanup", Time since last: 1000735071 ns, Reaching safepoint: 117333 ns, At safepoint: 7884 ns, Total: 125217 ns
[2020-05-20T11:09:30.460+0000][1084][safepoint    ] Safepoint "Cleanup", Time since last: 2000897853 ns, Reaching safepoint: 132638 ns, At safepoint: 5101 ns, Total: 137739 ns
[2020-05-20T11:09:32.461+0000][1084][safepoint    ] Safepoint "Cleanup", Time since last: 2000565796 ns, Reaching safepoint: 128463 ns, At safepoint: 7421 ns, Total: 135884 ns
[2020-05-20T11:09:33.461+0000][1084][safepoint    ] Safepoint "Cleanup", Time since last: 1000230028 ns, Reaching safepoint: 150724 ns, At safepoint: 6957 ns, Total: 157681 ns
[2020-05-20T11:09:34.462+0000][1084][safepoint    ] Safepoint "Cleanup", Time since last: 1000679419 ns, Reaching safepoint: 155361 ns, At safepoint: 8812 ns, Total: 164173 ns
[2020-05-20T11:09:35.463+0000][1084][safepoint    ] Safepoint "Cleanup", Time since last: 1000480926 ns, Reaching safepoint: 132174 ns, At safepoint: 5102 ns, Total: 137276 ns
[2020-05-20T11:09:36.463+0000][1084][safepoint    ] Safepoint "Cleanup", Time since last: 1000314434 ns, Reaching safepoint: 125680 ns, At safepoint: 7421 ns, Total: 133101 ns
[2020-05-20T11:09:37.464+0000][1084][safepoint    ] Safepoint "Cleanup", Time since last: 1000092753 ns, Reaching safepoint: 107594 ns, At safepoint: 3246 ns, Total: 110840 ns
[2020-05-20T11:09:38.464+0000][1084][safepoint    ] Safepoint "Cleanup", Time since last: 1000696115 ns, Reaching safepoint: 90434 ns, At safepoint: 4638 ns, Total: 95072 ns
[2020-05-20T11:09:39.465+0000][1084][safepoint    ] Safepoint "Cleanup", Time since last: 1000065391 ns, Reaching safepoint: 99246 ns, At safepoint: 3247 ns, Total: 102493 ns
[2020-05-20T11:09:40.465+0000][1084][safepoint    ] Safepoint "Cleanup", Time since last: 1000231419 ns, Reaching safepoint: 106667 ns, At safepoint: 6493 ns, Total: 113160 ns
[2020-05-20T11:09:41.466+0000][1084][safepoint    ] Safepoint "Cleanup", Time since last: 1000613563 ns, Reaching safepoint: 179942 ns, At safepoint: 6956 ns, Total: 186898 ns
[2020-05-20T11:09:42.466+0000][1084][safepoint    ] Safepoint "Cleanup", Time since last: 1000617738 ns, Reaching safepoint: 123362 ns, At safepoint: 6957 ns, Total: 130319 ns
[2020-05-20T11:09:43.467+0000][1084][safepoint    ] Safepoint "Cleanup", Time since last: 1000624230 ns, Reaching safepoint: 112232 ns, At safepoint: 4637 ns, Total: 116869 ns
[2020-05-20T11:09:45.468+0000][1084][safepoint    ] Safepoint "Cleanup", Time since last: 2000892288 ns, Reaching safepoint: 131246 ns, At safepoint: 7421 ns, Total: 138667 ns
[2020-05-20T11:09:46.468+0000][1084][safepoint    ] Safepoint "Cleanup", Time since last: 1000061217 ns, Reaching safepoint: 137739 ns, At safepoint: 8347 ns, Total: 146086 ns
[2020-05-20T11:09:47.469+0000][1084][safepoint    ] Safepoint "Cleanup", Time since last: 1000697506 ns, Reaching safepoint: 112695 ns, At safepoint: 5102 ns, Total: 117797 ns
[2020-05-20T11:09:48.470+0000][1084][safepoint    ] Safepoint "Cleanup", Time since last: 1000326492 ns, Reaching safepoint: 156289 ns, At safepoint: 8348 ns, Total: 164637 ns
[2020-05-20T11:09:49.470+0000][1084][safepoint    ] Safepoint "Cleanup", Time since last: 1000131246 ns, Reaching safepoint: 113623 ns, At safepoint: 5102 ns, Total: 118725 ns
[2020-05-20T11:09:51.471+0000][1084][safepoint    ] Safepoint "Cleanup", Time since last: 2000840346 ns, Reaching safepoint: 144231 ns, At safepoint: 6029 ns, Total: 150260 ns
[2020-05-20T11:09:52.472+0000][1084][safepoint    ] Safepoint "Cleanup", Time since last: 1000711419 ns, Reaching safepoint: 100637 ns, At safepoint: 3247 ns, Total: 103884 ns
[2020-05-20T11:09:53.472+0000][1084][safepoint    ] Safepoint "Cleanup", Time since last: 1000089507 ns, Reaching safepoint: 94608 ns, At safepoint: 4638 ns, Total: 99246 ns
[2020-05-20T11:09:54.473+0000][1084][safepoint    ] Safepoint "Cleanup", Time since last: 1000919650 ns, Reaching safepoint: 132637 ns, At safepoint: 5102 ns, Total: 137739 ns
[2020-05-20T11:09:55.473+0000][1084][safepoint    ] Safepoint "Cleanup", Time since last: 1000268057 ns, Reaching safepoint: 131246 ns, At safepoint: 5101 ns, Total: 136347 ns
[2020-05-20T11:09:56.474+0000][1084][safepoint    ] Safepoint "Cleanup", Time since last: 1000350608 ns, Reaching safepoint: 90899 ns, At safepoint: 3710 ns, Total: 94609 ns
[2020-05-20T11:09:57.474+0000][1084][safepoint    ] Safepoint "Cleanup", Time since last: 1000052405 ns, Reaching safepoint: 106667 ns, At safepoint: 6029 ns, Total: 112696 ns
[2020-05-20T11:09:58.475+0000][1084][safepoint    ] Safepoint "Cleanup", Time since last: 1000708636 ns, Reaching safepoint: 96463 ns, At safepoint: 3247 ns, Total: 99710 ns
[2020-05-20T11:09:59.475+0000][1084][safepoint    ] Safepoint "Cleanup", Time since last: 1000273159 ns, Reaching safepoint: 127072 ns, At safepoint: 5565 ns, Total: 132637 ns
[2020-05-20T11:10:00.476+0000][1084][safepoint    ] Safepoint "Cleanup", Time since last: 1000795824 ns, Reaching safepoint: 119188 ns, At safepoint: 4638 ns, Total: 123826 ns
[2020-05-20T11:10:01.476+0000][1084][safepoint    ] Safepoint "Cleanup", Time since last: 1000189681 ns, Reaching safepoint: 145159 ns, At safepoint: 6029 ns, Total: 151188 ns
[2020-05-20T11:10:02.477+0000][1084][safepoint    ] Safepoint "Cleanup", Time since last: 1000009739 ns, Reaching safepoint: 97855 ns, At safepoint: 3246 ns, Total: 101101 ns
[2020-05-20T11:10:03.495+0000][1084][safepoint    ] Safepoint "Cleanup", Time since last: 1018083668 ns, Reaching safepoint: 130783 ns, At safepoint: 7420 ns, Total: 138203 ns
[2020-05-20T11:10:04.495+0000][1084][safepoint    ] Safepoint "Cleanup", Time since last: 1000033391 ns, Reaching safepoint: 115478 ns, At safepoint: 6493 ns, Total: 121971 ns
[2020-05-20T11:10:05.495+0000][1084][safepoint    ] Safepoint "Cleanup", Time since last: 1000269448 ns, Reaching safepoint: 102957 ns, At safepoint: 3246 ns, Total: 106203 ns
[2020-05-20T11:10:06.496+0000][1084][safepoint    ] Safepoint "Cleanup", Time since last: 1000812520 ns, Reaching safepoint: 97855 ns, At safepoint: 2782 ns, Total: 100637 ns
[2020-05-20T11:10:07.497+0000][1084][safepoint    ] Safepoint "Cleanup", Time since last: 1000268058 ns, Reaching safepoint: 143768 ns, At safepoint: 8811 ns, Total: 152579 ns
[2020-05-20T11:10:08.497+0000][1084][safepoint    ] Safepoint "Cleanup", Time since last: 1000037565 ns, Reaching safepoint: 125217 ns, At safepoint: 6029 ns, Total: 131246 ns
[2020-05-20T11:10:09.497+0000][1084][safepoint    ] Safepoint "Cleanup", Time since last: 1000332985 ns, Reaching safepoint: 153971 ns, At safepoint: 7884 ns, Total: 161855 ns
[2020-05-20T11:10:10.505+0000][1084][safepoint    ] Safepoint "Cleanup", Time since last: 1007730996 ns, Reaching safepoint: 130319 ns, At safepoint: 7884 ns, Total: 138203 ns
[2020-05-20T11:10:11.506+0000][1084][safepoint    ] Safepoint "Cleanup", Time since last: 1000673853 ns, Reaching safepoint: 140058 ns, At safepoint: 8812 ns, Total: 148870 ns
[2020-05-20T11:10:12.506+0000][1084][safepoint    ] Safepoint "Cleanup", Time since last: 1000231419 ns, Reaching safepoint: 75131 ns, At safepoint: 2782 ns, Total: 77913 ns
[2020-05-20T11:10:13.507+0000][1084][safepoint    ] Safepoint "Cleanup", Time since last: 1000264347 ns, Reaching safepoint: 117334 ns, At safepoint: 4637 ns, Total: 121971 ns
[2020-05-20T11:10:14.507+0000][1084][safepoint    ] Safepoint "Cleanup", Time since last: 1000465159 ns, Reaching safepoint: 144695 ns, At safepoint: 7420 ns, Total: 152115 ns
[2020-05-20T11:10:15.507+0000][1084][safepoint    ] Safepoint "Cleanup", Time since last: 1000013449 ns, Reaching safepoint: 102029 ns, At safepoint: 5102 ns, Total: 107131 ns
[2020-05-20T11:10:16.790+0000][1084][safepoint    ] Safepoint "Cleanup", Time since last: 1282864503 ns, Reaching safepoint: 130782 ns, At safepoint: 5566 ns, Total: 136348 ns
[2020-05-20T11:10:17.791+0000][1084][safepoint    ] Safepoint "Cleanup", Time since last: 1000401158 ns, Reaching safepoint: 102493 ns, At safepoint: 5101 ns, Total: 107594 ns
[2020-05-20T11:10:18.792+0000][1084][safepoint    ] Safepoint "Cleanup", Time since last: 1000646955 ns, Reaching safepoint: 117797 ns, At safepoint: 5565 ns, Total: 123362 ns
[2020-05-20T11:10:19.792+0000][1084][safepoint    ] Safepoint "Cleanup", Time since last: 1000561622 ns, Reaching safepoint: 129855 ns, At safepoint: 7884 ns, Total: 137739 ns
[2020-05-20T11:10:20.793+0000][1084][safepoint    ] Safepoint "Cleanup", Time since last: 1000264347 ns, Reaching safepoint: 126145 ns, At safepoint: 6029 ns, Total: 132174 ns
[2020-05-20T11:10:21.793+0000][1084][safepoint    ] Safepoint "Cleanup", Time since last: 1000475361 ns, Reaching safepoint: 166028 ns, At safepoint: 7884 ns, Total: 173912 ns
[2020-05-20T11:10:22.794+0000][1084][safepoint    ] Safepoint "Cleanup", Time since last: 1000080696 ns, Reaching safepoint: 115014 ns, At safepoint: 5565 ns, Total: 120579 ns
[2020-05-20T11:10:23.794+0000][1084][safepoint    ] Safepoint "Cleanup", Time since last: 1000029681 ns, Reaching safepoint: 132638 ns, At safepoint: 8348 ns, Total: 140986 ns
[2020-05-20T11:10:24.794+0000][1084][safepoint    ] Safepoint "Cleanup", Time since last: 1000067710 ns, Reaching safepoint: 111767 ns, At safepoint: 5566 ns, Total: 117333 ns
[2020-05-20T11:10:25.794+0000][1084][safepoint    ] Safepoint "Cleanup", Time since last: 1000015768 ns, Reaching safepoint: 114086 ns, At safepoint: 6957 ns, Total: 121043 ns
[2020-05-20T11:10:26.794+0000][1084][safepoint    ] Safepoint "Cleanup", Time since last: 1000078377 ns, Reaching safepoint: 119188 ns, At safepoint: 7884 ns, Total: 127072 ns
[2020-05-20T11:10:27.795+0000][1084][safepoint    ] Safepoint "Cleanup", Time since last: 1000070029 ns, Reaching safepoint: 267129 ns, At safepoint: 9276 ns, Total: 276405 ns
[2020-05-20T11:10:28.795+0000][1084][safepoint    ] Safepoint "Cleanup", Time since last: 1000023188 ns, Reaching safepoint: 135884 ns, At safepoint: 5101 ns, Total: 140985 ns
[2020-05-20T11:10:29.796+0000][1084][safepoint    ] Safepoint "Cleanup", Time since last: 1000534260 ns, Reaching safepoint: 142376 ns, At safepoint: 6493 ns, Total: 148869 ns
[2020-05-20T11:10:30.796+0000][1084][safepoint    ] Safepoint "Cleanup", Time since last: 1000325101 ns, Reaching safepoint: 132173 ns, At safepoint: 6493 ns, Total: 138666 ns
[2020-05-20T11:10:31.797+0000][1084][safepoint    ] Safepoint "Cleanup", Time since last: 1000691941 ns, Reaching safepoint: 148405 ns, At safepoint: 8812 ns, Total: 157217 ns
[2020-05-20T11:10:32.798+0000][1084][safepoint    ] Safepoint "Cleanup", Time since last: 1000859360 ns, Reaching safepoint: 123826 ns, At safepoint: 5101 ns, Total: 128927 ns
[2020-05-20T11:10:33.798+0000][1084][safepoint    ] Safepoint "Cleanup", Time since last: 1000440115 ns, Reaching safepoint: 223536 ns, At safepoint: 4637 ns, Total: 228173 ns
[2020-05-20T11:10:34.799+0000][1084][safepoint    ] Safepoint "Cleanup", Time since last: 1000587130 ns, Reaching safepoint: 112695 ns, At safepoint: 3246 ns, Total: 115941 ns
[2020-05-20T11:10:36.800+0000][1084][safepoint    ] Safepoint "Cleanup", Time since last: 2000372405 ns, Reaching safepoint: 170203 ns, At safepoint: 5565 ns, Total: 175768 ns
[2020-05-20T11:10:37.800+0000][1084][safepoint    ] Safepoint "Cleanup", Time since last: 1000235594 ns, Reaching safepoint: 292173 ns, At safepoint: 11594 ns, Total: 303767 ns
[2020-05-20T11:10:38.801+0000][1084][safepoint    ] Safepoint "Cleanup", Time since last: 1000479535 ns, Reaching safepoint: 305623 ns, At safepoint: 8811 ns, Total: 314434 ns
[2020-05-20T11:10:39.802+0000][1084][safepoint    ] Safepoint "Cleanup", Time since last: 1000409043 ns, Reaching safepoint: 268985 ns, At safepoint: 6956 ns, Total: 275941 ns
[2020-05-20T11:10:40.802+0000][1084][safepoint    ] Safepoint "Cleanup", Time since last: 1000383535 ns, Reaching safepoint: 89507 ns, At safepoint: 3247 ns, Total: 92754 ns
[2020-05-20T11:10:41.803+0000][1084][safepoint    ] Safepoint "Cleanup", Time since last: 1000297275 ns, Reaching safepoint: 87651 ns, At safepoint: 2783 ns, Total: 90434 ns
[2020-05-20T11:10:42.803+0000][1084][safepoint    ] Safepoint "Cleanup", Time since last: 1000352463 ns, Reaching safepoint: 171130 ns, At safepoint: 6493 ns, Total: 177623 ns
[2020-05-20T11:10:43.804+0000][1084][safepoint    ] Safepoint "Cleanup", Time since last: 1000098318 ns, Reaching safepoint: 83479 ns, At safepoint: 3246 ns, Total: 86725 ns
[2020-05-20T11:10:44.804+0000][1084][safepoint    ] Safepoint "Cleanup", Time since last: 1000692868 ns, Reaching safepoint: 83942 ns, At safepoint: 3246 ns, Total: 87188 ns
[2020-05-20T11:10:45.805+0000][1084][safepoint    ] Safepoint "Cleanup", Time since last: 1000453100 ns, Reaching safepoint: 87652 ns, At safepoint: 2783 ns, Total: 90435 ns
[2020-05-20T11:10:46.806+0000][1084][safepoint    ] Safepoint "Cleanup", Time since last: 1000593622 ns, Reaching safepoint: 88116 ns, At safepoint: 4637 ns, Total: 92753 ns
[2020-05-20T11:10:47.806+0000][1084][safepoint    ] Safepoint "Cleanup", Time since last: 1000511072 ns, Reaching safepoint: 160463 ns, At safepoint: 8348 ns, Total: 168811 ns
[2020-05-20T11:10:49.393+0000][1084][safepoint    ] Safepoint "Cleanup", Time since last: 1586952378 ns, Reaching safepoint: 134956 ns, At safepoint: 7420 ns, Total: 142376 ns
[2020-05-20T11:10:50.393+0000][1084][safepoint    ] Safepoint "Cleanup", Time since last: 1000008812 ns, Reaching safepoint: 137275 ns, At safepoint: 3246 ns, Total: 140521 ns
[2020-05-20T11:10:51.394+0000][1084][safepoint    ] Safepoint "Cleanup", Time since last: 1000767535 ns, Reaching safepoint: 141912 ns, At safepoint: 8348 ns, Total: 150260 ns
[2020-05-20T11:10:52.395+0000][1084][safepoint    ] Safepoint "Cleanup", Time since last: 1000812056 ns, Reaching safepoint: 127536 ns, At safepoint: 4638 ns, Total: 132174 ns
[2020-05-20T11:10:53.396+0000][1084][safepoint    ] Safepoint "Cleanup", Time since last: 1000819940 ns, Reaching safepoint: 115478 ns, At safepoint: 5101 ns, Total: 120579 ns
[2020-05-20T11:10:54.397+0000][1084][safepoint    ] Safepoint "Cleanup", Time since last: 1000210087 ns, Reaching safepoint: 143304 ns, At safepoint: 8812 ns, Total: 152116 ns
[2020-05-20T11:10:55.397+0000][1084][safepoint    ] Safepoint "Cleanup", Time since last: 1000479071 ns, Reaching safepoint: 119652 ns, At safepoint: 5565 ns, Total: 125217 ns
[2020-05-20T11:10:56.398+0000][1084][safepoint    ] Safepoint "Cleanup", Time since last: 1000869099 ns, Reaching safepoint: 146087 ns, At safepoint: 7884 ns, Total: 153971 ns
[2020-05-20T11:10:57.399+0000][1084][safepoint    ] Safepoint "Cleanup", Time since last: 1000542144 ns, Reaching safepoint: 138666 ns, At safepoint: 6493 ns, Total: 145159 ns
[2020-05-20T11:10:58.400+0000][1084][safepoint    ] Safepoint "Cleanup", Time since last: 1000848694 ns, Reaching safepoint: 118724 ns, At safepoint: 6493 ns, Total: 125217 ns
[2020-05-20T11:10:59.400+0000][1084][safepoint    ] Safepoint "Cleanup", Time since last: 1000443825 ns, Reaching safepoint: 123362 ns, At safepoint: 4174 ns, Total: 127536 ns
[2020-05-20T11:11:00.401+0000][1084][safepoint    ] Safepoint "Cleanup", Time since last: 1000666897 ns, Reaching safepoint: 112695 ns, At safepoint: 2783 ns, Total: 115478 ns
[2020-05-20T11:11:01.402+0000][1084][safepoint    ] Safepoint "Cleanup", Time since last: 1000509216 ns, Reaching safepoint: 161855 ns, At safepoint: 5101 ns, Total: 166956 ns
[2020-05-20T11:11:02.403+0000][1084][safepoint    ] Safepoint "Cleanup", Time since last: 1000702607 ns, Reaching safepoint: 115478 ns, At safepoint: 5101 ns, Total: 120579 ns
[2020-05-20T11:11:03.403+0000][1084][safepoint    ] Safepoint "Cleanup", Time since last: 1000246725 ns, Reaching safepoint: 140521 ns, At safepoint: 5565 ns, Total: 146086 ns
[2020-05-20T11:11:04.404+0000][1084][safepoint    ] Safepoint "Cleanup", Time since last: 1000463303 ns, Reaching safepoint: 139131 ns, At safepoint: 6029 ns, Total: 145160 ns
[2020-05-20T11:11:06.405+0000][1084][safepoint    ] Safepoint "Cleanup", Time since last: 2000815766 ns, Reaching safepoint: 135883 ns, At safepoint: 8348 ns, Total: 144231 ns
[2020-05-20T11:11:07.405+0000][1084][safepoint    ] Safepoint "Cleanup", Time since last: 1000073275 ns, Reaching safepoint: 109449 ns, At safepoint: 6493 ns, Total: 115942 ns
[2020-05-20T11:11:08.419+0000][1084][safepoint    ] Safepoint "Cleanup", Time since last: 1000786085 ns, Reaching safepoint: 13087970 ns, At safepoint: 14377 ns, Total: 13102347 ns
[2020-05-20T11:11:09.419+0000][1084][safepoint    ] Safepoint "Cleanup", Time since last: 1000586665 ns, Reaching safepoint: 98319 ns, At safepoint: 4637 ns, Total: 102956 ns
[2020-05-20T11:11:10.420+0000][1084][safepoint    ] Safepoint "Cleanup", Time since last: 1000901564 ns, Reaching safepoint: 122898 ns, At safepoint: 6493 ns, Total: 129391 ns
[2020-05-20T11:11:12.421+0000][1084][safepoint    ] Safepoint "Cleanup", Time since last: 2000522665 ns, Reaching safepoint: 179014 ns, At safepoint: 10667 ns, Total: 189681 ns
[2020-05-20T11:11:13.422+0000][1084][safepoint    ] Safepoint "Cleanup", Time since last: 1000691013 ns, Reaching safepoint: 121507 ns, At safepoint: 6029 ns, Total: 127536 ns
[2020-05-20T11:11:15.423+0000][1084][safepoint    ] Safepoint "Cleanup", Time since last: 2000665969 ns, Reaching safepoint: 128927 ns, At safepoint: 5565 ns, Total: 134492 ns
[2020-05-20T11:11:16.424+0000][1084][safepoint    ] Safepoint "Cleanup", Time since last: 1000688231 ns, Reaching safepoint: 166028 ns, At safepoint: 9739 ns, Total: 175767 ns
[2020-05-20T11:11:17.424+0000][1084][safepoint    ] Safepoint "Cleanup", Time since last: 1000344579 ns, Reaching safepoint: 99710 ns, At safepoint: 5102 ns, Total: 104812 ns
[2020-05-20T11:11:18.433+0000][1084][safepoint    ] Safepoint "Cleanup", Time since last: 1000380752 ns, Reaching safepoint: 8067228 ns, At safepoint: 24580 ns, Total: 8091808 ns
[2020-05-20T11:11:19.433+0000][1084][safepoint    ] Safepoint "Cleanup", Time since last: 1000433158 ns, Reaching safepoint: 125681 ns, At safepoint: 6957 ns, Total: 132638 ns
[2020-05-20T11:11:20.434+0000][1084][safepoint    ] Safepoint "Cleanup", Time since last: 1000543071 ns, Reaching safepoint: 85797 ns, At safepoint: 3710 ns, Total: 89507 ns
[2020-05-20T11:11:21.434+0000][1084][safepoint    ] Safepoint "Cleanup", Time since last: 1000029681 ns, Reaching safepoint: 133101 ns, At safepoint: 5101 ns, Total: 138202 ns
[2020-05-20T11:11:22.435+0000][1084][safepoint    ] Safepoint "Cleanup", Time since last: 1000561622 ns, Reaching safepoint: 108058 ns, At safepoint: 5101 ns, Total: 113159 ns
[2020-05-20T11:11:24.446+0000][1084][safepoint    ] Safepoint "Cleanup", Time since last: 1999979595 ns, Reaching safepoint: 11186988 ns, At safepoint: 24580 ns, Total: 11211568 ns
[2020-05-20T11:11:25.446+0000][1084][safepoint    ] Safepoint "Cleanup", Time since last: 1000474434 ns, Reaching safepoint: 148869 ns, At safepoint: 8348 ns, Total: 157217 ns
[2020-05-20T11:11:26.447+0000][1084][safepoint    ] Safepoint "Cleanup", Time since last: 1000423883 ns, Reaching safepoint: 110376 ns, At safepoint: 3247 ns, Total: 113623 ns
[2020-05-20T11:11:27.452+0000][1084][safepoint    ] Safepoint "Cleanup", Time since last: 1000076057 ns, Reaching safepoint: 5145960 ns, At safepoint: 55188 ns, Total: 5201148 ns
[2020-05-20T11:11:29.453+0000][1084][safepoint    ] Safepoint "Cleanup", Time since last: 2000561158 ns, Reaching safepoint: 673853 ns, At safepoint: 8348 ns, Total: 682201 ns
[2020-05-20T11:11:31.454+0000][1084][safepoint    ] Safepoint "Cleanup", Time since last: 2000842201 ns, Reaching safepoint: 120116 ns, At safepoint: 7420 ns, Total: 127536 ns
[2020-05-20T11:11:32.455+0000][1084][safepoint    ] Safepoint "Cleanup", Time since last: 1000536115 ns, Reaching safepoint: 103420 ns, At safepoint: 3246 ns, Total: 106666 ns
[2020-05-20T11:11:33.456+0000][1084][safepoint    ] Safepoint "Cleanup", Time since last: 1000407188 ns, Reaching safepoint: 143304 ns, At safepoint: 6492 ns, Total: 149796 ns
[2020-05-20T11:11:34.456+0000][1084][safepoint    ] Safepoint "Cleanup", Time since last: 1000078841 ns, Reaching safepoint: 155826 ns, At safepoint: 7884 ns, Total: 163710 ns
[2020-05-20T11:11:35.457+0000][1084][safepoint    ] Safepoint "Cleanup", Time since last: 1000780983 ns, Reaching safepoint: 124290 ns, At safepoint: 6493 ns, Total: 130783 ns
[2020-05-20T11:11:36.458+0000][1084][safepoint    ] Safepoint "Cleanup", Time since last: 1000639071 ns, Reaching safepoint: 122434 ns, At safepoint: 7420 ns, Total: 129854 ns
[2020-05-20T11:11:38.458+0000][1084][safepoint    ] Safepoint "Cleanup", Time since last: 2000240232 ns, Reaching safepoint: 143304 ns, At safepoint: 6492 ns, Total: 149796 ns
[2020-05-20T11:11:39.458+0000][1084][safepoint    ] Safepoint "Cleanup", Time since last: 1000075131 ns, Reaching safepoint: 162782 ns, At safepoint: 9739 ns, Total: 172521 ns
[2020-05-20T11:11:40.459+0000][1084][safepoint    ] Safepoint "Cleanup", Time since last: 1000315825 ns, Reaching safepoint: 134957 ns, At safepoint: 7420 ns, Total: 142377 ns
[2020-05-20T11:11:42.472+0000][1084][safepoint    ] Safepoint "Cleanup", Time since last: 1999994898 ns, Reaching safepoint: 12987333 ns, At safepoint: 51014 ns, Total: 13038347 ns
[2020-05-20T11:11:43.472+0000][1084][safepoint    ] Safepoint "Cleanup", Time since last: 1000276405 ns, Reaching safepoint: 133101 ns, At safepoint: 7884 ns, Total: 140985 ns
[2020-05-20T11:11:45.473+0000][1084][safepoint    ] Safepoint "Cleanup", Time since last: 2000667825 ns, Reaching safepoint: 106666 ns, At safepoint: 4638 ns, Total: 111304 ns
[2020-05-20T11:11:46.473+0000][1084][safepoint    ] Safepoint "Cleanup", Time since last: 1000310724 ns, Reaching safepoint: 148405 ns, At safepoint: 9276 ns, Total: 157681 ns
[2020-05-20T11:11:47.474+0000][1084][safepoint    ] Safepoint "Cleanup", Time since last: 1000674781 ns, Reaching safepoint: 132173 ns, At safepoint: 5566 ns, Total: 137739 ns
[2020-05-20T11:11:48.474+0000][1084][safepoint    ] Safepoint "Cleanup", Time since last: 1000102956 ns, Reaching safepoint: 140057 ns, At safepoint: 5102 ns, Total: 145159 ns
[2020-05-20T11:11:50.475+0000][1084][safepoint    ] Safepoint "Cleanup", Time since last: 2000391419 ns, Reaching safepoint: 105275 ns, At safepoint: 4638 ns, Total: 109913 ns
[2020-05-20T11:11:51.475+0000][1084][safepoint    ] Safepoint "Cleanup", Time since last: 1000348753 ns, Reaching safepoint: 93681 ns, At safepoint: 3246 ns, Total: 96927 ns
[2020-05-20T11:11:52.476+0000][1084][safepoint    ] Safepoint "Cleanup", Time since last: 1000450318 ns, Reaching safepoint: 147478 ns, At safepoint: 5565 ns, Total: 153043 ns
[2020-05-20T11:11:53.477+0000][1084][safepoint    ] Safepoint "Cleanup", Time since last: 1000807882 ns, Reaching safepoint: 121971 ns, At safepoint: 4638 ns, Total: 126609 ns
[2020-05-20T11:11:54.477+0000][1084][safepoint    ] Safepoint "Cleanup", Time since last: 1000303767 ns, Reaching safepoint: 149797 ns, At safepoint: 5565 ns, Total: 155362 ns
[2020-05-20T11:11:56.477+0000][1084][safepoint    ] Safepoint "Cleanup", Time since last: 1999945276 ns, Reaching safepoint: 155825 ns, At safepoint: 11131 ns, Total: 166956 ns
[2020-05-20T11:11:57.478+0000][1084][safepoint    ] Safepoint "Cleanup", Time since last: 1000772636 ns, Reaching safepoint: 140521 ns, At safepoint: 7420 ns, Total: 147941 ns
[2020-05-20T11:11:58.479+0000][1084][safepoint    ] Safepoint "Cleanup", Time since last: 1000326029 ns, Reaching safepoint: 133564 ns, At safepoint: 5102 ns, Total: 138666 ns
[2020-05-20T11:11:59.480+0000][1084][safepoint    ] Safepoint "Cleanup", Time since last: 1000767998 ns, Reaching safepoint: 134029 ns, At safepoint: 7884 ns, Total: 141913 ns
[2020-05-20T11:12:01.480+0000][1084][safepoint    ] Safepoint "Cleanup", Time since last: 2000042203 ns, Reaching safepoint: 132173 ns, At safepoint: 6029 ns, Total: 138202 ns
[2020-05-20T11:12:02.481+0000][1084][safepoint    ] Safepoint "Cleanup", Time since last: 1000574608 ns, Reaching safepoint: 144695 ns, At safepoint: 5565 ns, Total: 150260 ns
[2020-05-20T11:12:03.488+0000][1084][safepoint    ] Safepoint "Cleanup", Time since last: 1000323246 ns, Reaching safepoint: 7101201 ns, At safepoint: 48231 ns, Total: 7149432 ns
[2020-05-20T11:12:04.489+0000][1084][safepoint    ] Safepoint "Cleanup", Time since last: 1000617274 ns, Reaching safepoint: 99710 ns, At safepoint: 4174 ns, Total: 103884 ns
[2020-05-20T11:12:05.651+0000][1084][safepoint    ] Safepoint "Cleanup", Time since last: 1161860263 ns, Reaching safepoint: 126608 ns, At safepoint: 7884 ns, Total: 134492 ns
[2020-05-20T11:12:06.651+0000][1084][safepoint    ] Safepoint "Cleanup", Time since last: 1000018551 ns, Reaching safepoint: 125217 ns, At safepoint: 8348 ns, Total: 133565 ns
[2020-05-20T11:12:07.651+0000][1084][safepoint    ] Safepoint "Cleanup", Time since last: 1000337622 ns, Reaching safepoint: 136347 ns, At safepoint: 8348 ns, Total: 144695 ns
[2020-05-20T11:12:08.652+0000][1084][safepoint    ] Safepoint "Cleanup", Time since last: 1000090899 ns, Reaching safepoint: 123825 ns, At safepoint: 5566 ns, Total: 129391 ns
[2020-05-20T11:12:09.652+0000][1084][safepoint    ] Safepoint "Cleanup", Time since last: 1000166492 ns, Reaching safepoint: 121043 ns, At safepoint: 6029 ns, Total: 127072 ns
[2020-05-20T11:12:11.653+0000][1084][safepoint    ] Safepoint "Cleanup", Time since last: 2000836172 ns, Reaching safepoint: 178550 ns, At safepoint: 9740 ns, Total: 188290 ns
[2020-05-20T11:12:12.654+0000][1084][safepoint    ] Safepoint "Cleanup", Time since last: 1000744809 ns, Reaching safepoint: 116870 ns, At safepoint: 7884 ns, Total: 124754 ns
[2020-05-20T11:12:13.655+0000][1084][safepoint    ] Safepoint "Cleanup", Time since last: 1000647419 ns, Reaching safepoint: 134492 ns, At safepoint: 5565 ns, Total: 140057 ns
[2020-05-20T11:12:14.656+0000][1084][safepoint    ] Safepoint "Cleanup", Time since last: 1000853332 ns, Reaching safepoint: 132637 ns, At safepoint: 6956 ns, Total: 139593 ns
[2020-05-20T11:12:15.657+0000][1084][safepoint    ] Safepoint "Cleanup", Time since last: 1000843593 ns, Reaching safepoint: 124289 ns, At safepoint: 5102 ns, Total: 129391 ns
[2020-05-20T11:12:16.657+0000][1084][safepoint    ] Safepoint "Cleanup", Time since last: 1000368694 ns, Reaching safepoint: 126609 ns, At safepoint: 6029 ns, Total: 132638 ns
[2020-05-20T11:12:17.658+0000][1084][safepoint    ] Safepoint "Cleanup", Time since last: 1000374260 ns, Reaching safepoint: 125681 ns, At safepoint: 5565 ns, Total: 131246 ns
[2020-05-20T11:12:18.658+0000][1084][safepoint    ] Safepoint "Cleanup", Time since last: 1000166956 ns, Reaching safepoint: 148869 ns, At safepoint: 8812 ns, Total: 157681 ns
[2020-05-20T11:12:19.659+0000][1084][safepoint    ] Safepoint "Cleanup", Time since last: 1000905273 ns, Reaching safepoint: 109913 ns, At safepoint: 5565 ns, Total: 115478 ns
[2020-05-20T11:12:20.660+0000][1084][safepoint    ] Safepoint "Cleanup", Time since last: 1000779592 ns, Reaching safepoint: 125681 ns, At safepoint: 5566 ns, Total: 131247 ns
[2020-05-20T11:12:21.660+0000][1084][safepoint    ] Safepoint "Cleanup", Time since last: 1000039420 ns, Reaching safepoint: 107130 ns, At safepoint: 3246 ns, Total: 110376 ns
[2020-05-20T11:12:22.660+0000][1084][safepoint    ] Safepoint "Cleanup", Time since last: 1000003710 ns, Reaching safepoint: 115478 ns, At safepoint: 6029 ns, Total: 121507 ns
[2020-05-20T11:12:23.660+0000][1084][safepoint    ] Safepoint "Cleanup", Time since last: 1000113623 ns, Reaching safepoint: 100638 ns, At safepoint: 4637 ns, Total: 105275 ns
[2020-05-20T11:12:25.661+0000][1084][safepoint    ] Safepoint "Cleanup", Time since last: 2000615883 ns, Reaching safepoint: 115942 ns, At safepoint: 5101 ns, Total: 121043 ns
[2020-05-20T11:12:26.662+0000][1084][safepoint    ] Safepoint "Cleanup", Time since last: 1000686839 ns, Reaching safepoint: 141913 ns, At safepoint: 7884 ns, Total: 149797 ns
[2020-05-20T11:12:27.662+0000][1084][safepoint    ] Safepoint "Cleanup", Time since last: 1000317217 ns, Reaching safepoint: 130318 ns, At safepoint: 8812 ns, Total: 139130 ns
[2020-05-20T11:12:28.663+0000][1084][safepoint    ] Safepoint "Cleanup", Time since last: 1000253680 ns, Reaching safepoint: 158609 ns, At safepoint: 8347 ns, Total: 166956 ns
[2020-05-20T11:12:29.663+0000][1084][safepoint    ] Safepoint "Cleanup", Time since last: 1000326029 ns, Reaching safepoint: 109913 ns, At safepoint: 3710 ns, Total: 113623 ns
[2020-05-20T11:12:31.664+0000][1084][safepoint    ] Safepoint "Cleanup", Time since last: 2000939592 ns, Reaching safepoint: 129391 ns, At safepoint: 5565 ns, Total: 134956 ns
[2020-05-20T11:12:32.665+0000][1084][safepoint    ] Safepoint "Cleanup", Time since last: 1000605216 ns, Reaching safepoint: 156753 ns, At safepoint: 7884 ns, Total: 164637 ns
[2020-05-20T11:12:33.666+0000][1084][safepoint    ] Safepoint "Cleanup", Time since last: 1000247652 ns, Reaching safepoint: 136347 ns, At safepoint: 5102 ns, Total: 141449 ns
[2020-05-20T11:12:34.666+0000][1084][safepoint    ] Safepoint "Cleanup", Time since last: 1000211477 ns, Reaching safepoint: 140986 ns, At safepoint: 6029 ns, Total: 147015 ns
[2020-05-20T11:12:36.666+0000][1084][safepoint    ] Safepoint "Cleanup", Time since last: 2000062144 ns, Reaching safepoint: 136812 ns, At safepoint: 9275 ns, Total: 146087 ns
[2020-05-20T11:12:37.667+0000][1084][safepoint    ] Safepoint "Cleanup", Time since last: 1000331593 ns, Reaching safepoint: 123826 ns, At safepoint: 6493 ns, Total: 130319 ns
[2020-05-20T11:12:38.667+0000][1084][safepoint    ] Safepoint "Cleanup", Time since last: 1000022261 ns, Reaching safepoint: 367767 ns, At safepoint: 7884 ns, Total: 375651 ns
[2020-05-20T11:12:39.667+0000][1084][safepoint    ] Safepoint "Cleanup", Time since last: 1000054261 ns, Reaching safepoint: 132173 ns, At safepoint: 6029 ns, Total: 138202 ns
[2020-05-20T11:12:40.667+0000][1084][safepoint    ] Safepoint "Cleanup", Time since last: 1000093218 ns, Reaching safepoint: 143767 ns, At safepoint: 5566 ns, Total: 149333 ns
[2020-05-20T11:12:41.668+0000][1084][safepoint    ] Safepoint "Cleanup", Time since last: 1000530085 ns, Reaching safepoint: 135884 ns, At safepoint: 7420 ns, Total: 143304 ns
[2020-05-20T11:12:42.669+0000][1084][safepoint    ] Safepoint "Cleanup", Time since last: 1000479999 ns, Reaching safepoint: 112696 ns, At safepoint: 4637 ns, Total: 117333 ns
[2020-05-20T11:12:43.670+0000][1084][safepoint    ] Safepoint "Cleanup", Time since last: 1000714665 ns, Reaching safepoint: 117797 ns, At safepoint: 5565 ns, Total: 123362 ns
[2020-05-20T11:12:44.670+0000][1084][safepoint    ] Safepoint "Cleanup", Time since last: 1000117333 ns, Reaching safepoint: 126609 ns, At safepoint: 7420 ns, Total: 134029 ns
[2020-05-20T11:12:45.670+0000][1084][safepoint    ] Safepoint "Cleanup", Time since last: 1000300057 ns, Reaching safepoint: 127536 ns, At safepoint: 8348 ns, Total: 135884 ns
[2020-05-20T11:12:47.670+0000][1084][safepoint    ] Safepoint "Cleanup", Time since last: 1999903537 ns, Reaching safepoint: 159072 ns, At safepoint: 6029 ns, Total: 165101 ns
[2020-05-20T11:12:48.671+0000][1084][safepoint    ] Safepoint "Cleanup", Time since last: 1000499477 ns, Reaching safepoint: 134492 ns, At safepoint: 5102 ns, Total: 139594 ns
[2020-05-20T11:12:50.672+0000][1084][safepoint    ] Safepoint "Cleanup", Time since last: 2000991997 ns, Reaching safepoint: 161391 ns, At safepoint: 5565 ns, Total: 166956 ns
[2020-05-20T11:12:51.673+0000][1084][safepoint    ] Safepoint "Cleanup", Time since last: 1000735535 ns, Reaching safepoint: 152116 ns, At safepoint: 6956 ns, Total: 159072 ns
[2020-05-20T11:12:52.674+0000][1084][safepoint    ] Safepoint "Cleanup", Time since last: 1000732288 ns, Reaching safepoint: 155362 ns, At safepoint: 5565 ns, Total: 160927 ns
[2020-05-20T11:12:53.674+0000][1084][safepoint    ] Safepoint "Cleanup", Time since last: 1000240695 ns, Reaching safepoint: 150725 ns, At safepoint: 7884 ns, Total: 158609 ns
[2020-05-20T11:12:54.675+0000][1084][safepoint    ] Safepoint "Cleanup", Time since last: 1000596868 ns, Reaching safepoint: 121507 ns, At safepoint: 6029 ns, Total: 127536 ns
[2020-05-20T11:12:55.675+0000][1084][safepoint    ] Safepoint "Cleanup", Time since last: 1000103420 ns, Reaching safepoint: 157681 ns, At safepoint: 6493 ns, Total: 164174 ns
[2020-05-20T11:12:56.676+0000][1084][safepoint    ] Safepoint "Cleanup", Time since last: 1000769389 ns, Reaching safepoint: 119652 ns, At safepoint: 3710 ns, Total: 123362 ns
[2020-05-20T11:12:57.677+0000][1084][safepoint    ] Safepoint "Cleanup", Time since last: 1000749911 ns, Reaching safepoint: 112232 ns, At safepoint: 4638 ns, Total: 116870 ns
[2020-05-20T11:12:58.678+0000][1084][safepoint    ] Safepoint "Cleanup", Time since last: 1000781447 ns, Reaching safepoint: 160464 ns, At safepoint: 7884 ns, Total: 168348 ns
[2020-05-20T11:12:59.679+0000][1084][safepoint    ] Safepoint "Cleanup", Time since last: 1000613563 ns, Reaching safepoint: 146551 ns, At safepoint: 7884 ns, Total: 154435 ns
[2020-05-20T11:13:00.865+0000][1084][safepoint    ] Safepoint "Cleanup", Time since last: 1000652984 ns, Reaching safepoint: 186386582 ns, At safepoint: 65855 ns, Total: 186452437 ns
[2020-05-20T11:13:02.866+0000][1084][safepoint    ] Safepoint "Cleanup", Time since last: 2000244869 ns, Reaching safepoint: 136811 ns, At safepoint: 5565 ns, Total: 142376 ns
[2020-05-20T11:13:03.867+0000][1084][safepoint    ] Safepoint "Cleanup", Time since last: 1000195710 ns, Reaching safepoint: 118725 ns, At safepoint: 5565 ns, Total: 124290 ns
[2020-05-20T11:13:04.867+0000][1084][safepoint    ] Safepoint "Cleanup", Time since last: 1000218434 ns, Reaching safepoint: 144232 ns, At safepoint: 8347 ns, Total: 152579 ns
[2020-05-20T11:13:05.868+0000][1084][safepoint    ] Safepoint "Cleanup", Time since last: 1000492985 ns, Reaching safepoint: 114550 ns, At safepoint: 4638 ns, Total: 119188 ns
[2020-05-20T11:13:07.868+0000][1084][safepoint    ] Safepoint "Cleanup", Time since last: 2000293564 ns, Reaching safepoint: 147478 ns, At safepoint: 8348 ns, Total: 155826 ns
[2020-05-20T11:13:08.868+0000][1084][safepoint    ] Safepoint "Cleanup", Time since last: 1000083014 ns, Reaching safepoint: 136812 ns, At safepoint: 7420 ns, Total: 144232 ns
[2020-05-20T11:13:09.869+0000][1084][safepoint    ] Safepoint "Cleanup", Time since last: 1000565796 ns, Reaching safepoint: 121043 ns, At safepoint: 7884 ns, Total: 128927 ns
[2020-05-20T11:13:11.869+0000][1084][safepoint    ] Safepoint "Cleanup", Time since last: 2000392811 ns, Reaching safepoint: 122434 ns, At safepoint: 6029 ns, Total: 128463 ns
[2020-05-20T11:13:12.870+0000][1084][safepoint    ] Safepoint "Cleanup", Time since last: 1000297275 ns, Reaching safepoint: 118260 ns, At safepoint: 4638 ns, Total: 122898 ns
[2020-05-20T11:13:13.870+0000][1084][safepoint    ] Safepoint "Cleanup", Time since last: 1000243014 ns, Reaching safepoint: 110377 ns, At safepoint: 6492 ns, Total: 116869 ns
[2020-05-20T11:13:14.871+0000][1084][safepoint    ] Safepoint "Cleanup", Time since last: 1000376579 ns, Reaching safepoint: 97855 ns, At safepoint: 3246 ns, Total: 101101 ns
[2020-05-20T11:13:15.871+0000][1084][safepoint    ] Safepoint "Cleanup", Time since last: 1000340405 ns, Reaching safepoint: 88580 ns, At safepoint: 3710 ns, Total: 92290 ns
[2020-05-20T11:13:16.872+0000][1084][safepoint    ] Safepoint "Cleanup", Time since last: 1000410898 ns, Reaching safepoint: 105275 ns, At safepoint: 3246 ns, Total: 108521 ns
[2020-05-20T11:13:17.881+0000][1084][safepoint    ] Safepoint "Cleanup", Time since last: 1000179942 ns, Reaching safepoint: 9156616 ns, At safepoint: 26435 ns, Total: 9183051 ns
[2020-05-20T11:13:18.881+0000][1084][safepoint    ] Safepoint "Cleanup", Time since last: 1000075594 ns, Reaching safepoint: 132173 ns, At safepoint: 8348 ns, Total: 140521 ns
[2020-05-20T11:13:19.881+0000][1084][safepoint    ] Safepoint "Cleanup", Time since last: 1000092754 ns, Reaching safepoint: 138666 ns, At safepoint: 8348 ns, Total: 147014 ns
[2020-05-20T11:13:21.882+0000][1084][safepoint    ] Safepoint "Cleanup", Time since last: 2000271304 ns, Reaching safepoint: 121970 ns, At safepoint: 6029 ns, Total: 127999 ns
[2020-05-20T11:13:22.882+0000][1084][safepoint    ] Safepoint "Cleanup", Time since last: 1000288927 ns, Reaching safepoint: 151652 ns, At safepoint: 5565 ns, Total: 157217 ns
[2020-05-20T11:13:24.883+0000][1084][safepoint    ] Safepoint "Cleanup", Time since last: 2000120580 ns, Reaching safepoint: 132637 ns, At safepoint: 6493 ns, Total: 139130 ns
[2020-05-20T11:13:25.884+0000][1084][safepoint    ] Safepoint "Cleanup", Time since last: 1000863070 ns, Reaching safepoint: 85333 ns, At safepoint: 3710 ns, Total: 89043 ns
[2020-05-20T11:13:26.884+0000][1084][safepoint    ] Safepoint "Cleanup", Time since last: 1000473043 ns, Reaching safepoint: 117797 ns, At safepoint: 5565 ns, Total: 123362 ns
[2020-05-20T11:13:27.885+0000][1084][safepoint    ] Safepoint "Cleanup", Time since last: 1000883012 ns, Reaching safepoint: 169739 ns, At safepoint: 9275 ns, Total: 179014 ns
[2020-05-20T11:13:29.886+0000][1084][safepoint    ] Safepoint "Cleanup", Time since last: 2000909448 ns, Reaching safepoint: 121970 ns, At safepoint: 5102 ns, Total: 127072 ns
[2020-05-20T11:13:30.887+0000][1084][safepoint    ] Safepoint "Cleanup", Time since last: 1000679418 ns, Reaching safepoint: 151652 ns, At safepoint: 8348 ns, Total: 160000 ns
[2020-05-20T11:13:31.888+0000][1084][safepoint    ] Safepoint "Cleanup", Time since last: 1000716520 ns, Reaching safepoint: 182724 ns, At safepoint: 11131 ns, Total: 193855 ns
[2020-05-20T11:13:32.888+0000][1084][safepoint    ] Safepoint "Cleanup", Time since last: 1000299130 ns, Reaching safepoint: 94608 ns, At safepoint: 4638 ns, Total: 99246 ns
[2020-05-20T11:13:33.889+0000][1084][safepoint    ] Safepoint "Cleanup", Time since last: 1000492520 ns, Reaching safepoint: 208232 ns, At safepoint: 12521 ns, Total: 220753 ns
[2020-05-20T11:13:35.890+0000][1084][safepoint    ] Safepoint "Cleanup", Time since last: 2000538434 ns, Reaching safepoint: 122434 ns, At safepoint: 6957 ns, Total: 129391 ns
[2020-05-20T11:13:36.891+0000][1084][safepoint    ] Safepoint "Cleanup", Time since last: 1000746665 ns, Reaching safepoint: 125217 ns, At safepoint: 9275 ns, Total: 134492 ns
[2020-05-20T11:13:37.892+0000][1084][safepoint    ] Safepoint "Cleanup", Time since last: 1000807419 ns, Reaching safepoint: 119652 ns, At safepoint: 7420 ns, Total: 127072 ns
[2020-05-20T11:13:39.892+0000][1084][safepoint    ] Safepoint "Cleanup", Time since last: 2000128000 ns, Reaching safepoint: 121043 ns, At safepoint: 6029 ns, Total: 127072 ns
[2020-05-20T11:13:40.892+0000][1084][safepoint    ] Safepoint "Cleanup", Time since last: 1000480926 ns, Reaching safepoint: 136348 ns, At safepoint: 6956 ns, Total: 143304 ns
[2020-05-20T11:13:41.893+0000][1084][safepoint    ] Safepoint "Cleanup", Time since last: 1000534724 ns, Reaching safepoint: 84869 ns, At safepoint: 3246 ns, Total: 88115 ns
[2020-05-20T11:13:42.894+0000][1084][safepoint    ] Safepoint "Cleanup", Time since last: 1000890433 ns, Reaching safepoint: 102493 ns, At safepoint: 6492 ns, Total: 108985 ns
[2020-05-20T11:13:43.895+0000][1084][safepoint    ] Safepoint "Cleanup", Time since last: 1000550028 ns, Reaching safepoint: 123826 ns, At safepoint: 7420 ns, Total: 131246 ns
[2020-05-20T11:13:44.895+0000][1084][safepoint    ] Safepoint "Cleanup", Time since last: 1000521738 ns, Reaching safepoint: 122898 ns, At safepoint: 7421 ns, Total: 130319 ns
[2020-05-20T11:13:45.896+0000][1084][safepoint    ] Safepoint "Cleanup", Time since last: 1000159999 ns, Reaching safepoint: 96927 ns, At safepoint: 3711 ns, Total: 100638 ns
[2020-05-20T11:13:46.896+0000][1084][safepoint    ] Safepoint "Cleanup", Time since last: 1000096927 ns, Reaching safepoint: 92753 ns, At safepoint: 3247 ns, Total: 96000 ns
[2020-05-20T11:13:47.897+0000][1084][safepoint    ] Safepoint "Cleanup", Time since last: 1000752694 ns, Reaching safepoint: 108057 ns, At safepoint: 4174 ns, Total: 112231 ns
[2020-05-20T11:13:48.897+0000][1084][safepoint    ] Safepoint "Cleanup", Time since last: 1000569042 ns, Reaching safepoint: 175304 ns, At safepoint: 5566 ns, Total: 180870 ns
[2020-05-20T11:13:49.898+0000][1084][safepoint    ] Safepoint "Cleanup", Time since last: 1000154898 ns, Reaching safepoint: 130782 ns, At safepoint: 7420 ns, Total: 138202 ns
[2020-05-20T11:13:50.898+0000][1084][safepoint    ] Safepoint "Cleanup", Time since last: 1000378898 ns, Reaching safepoint: 108985 ns, At safepoint: 6029 ns, Total: 115014 ns
[2020-05-20T11:13:51.899+0000][1084][safepoint    ] Safepoint "Cleanup", Time since last: 1000449390 ns, Reaching safepoint: 158145 ns, At safepoint: 6957 ns, Total: 165102 ns
[2020-05-20T11:13:53.900+0000][1084][safepoint    ] Safepoint "Cleanup", Time since last: 2000814838 ns, Reaching safepoint: 107130 ns, At safepoint: 4638 ns, Total: 111768 ns
[2020-05-20T11:13:54.901+0000][1084][safepoint    ] Safepoint "Cleanup", Time since last: 1000821795 ns, Reaching safepoint: 95536 ns, At safepoint: 5102 ns, Total: 100638 ns
[2020-05-20T11:13:55.901+0000][1084][safepoint    ] Safepoint "Cleanup", Time since last: 1000492984 ns, Reaching safepoint: 144695 ns, At safepoint: 4638 ns, Total: 149333 ns
[2020-05-20T11:13:56.902+0000][1084][safepoint    ] Safepoint "Cleanup", Time since last: 1000446144 ns, Reaching safepoint: 153507 ns, At safepoint: 7420 ns, Total: 160927 ns
[2020-05-20T11:13:57.961+0000][1084][safepoint    ] Safepoint "Cleanup", Time since last: 1000040812 ns, Reaching safepoint: 59315804 ns, At safepoint: 45449 ns, Total: 59361253 ns
[2020-05-20T11:13:58.962+0000][1084][safepoint    ] Safepoint "Cleanup", Time since last: 1000099246 ns, Reaching safepoint: 155826 ns, At safepoint: 7420 ns, Total: 163246 ns
[2020-05-20T11:13:59.962+0000][1084][safepoint    ] Safepoint "Cleanup", Time since last: 1000331594 ns, Reaching safepoint: 104811 ns, At safepoint: 3247 ns, Total: 108058 ns
[2020-05-20T11:14:00.962+0000][1084][safepoint    ] Safepoint "Cleanup", Time since last: 1000167419 ns, Reaching safepoint: 112696 ns, At safepoint: 3246 ns, Total: 115942 ns
[2020-05-20T11:14:01.963+0000][1084][safepoint    ] Safepoint "Cleanup", Time since last: 1000233275 ns, Reaching safepoint: 128927 ns, At safepoint: 6493 ns, Total: 135420 ns
[2020-05-20T11:14:02.963+0000][1084][safepoint    ] Safepoint "Cleanup", Time since last: 1000187362 ns, Reaching safepoint: 140058 ns, At safepoint: 6956 ns, Total: 147014 ns
[2020-05-20T11:14:03.964+0000][1084][safepoint    ] Safepoint "Cleanup", Time since last: 1000605216 ns, Reaching safepoint: 115478 ns, At safepoint: 5565 ns, Total: 121043 ns
[2020-05-20T11:14:05.964+0000][1084][safepoint    ] Safepoint "Cleanup", Time since last: 2000153043 ns, Reaching safepoint: 92290 ns, At safepoint: 4174 ns, Total: 96464 ns
[2020-05-20T11:14:06.964+0000][1084][safepoint    ] Safepoint "Cleanup", Time since last: 1000041275 ns, Reaching safepoint: 125217 ns, At safepoint: 6029 ns, Total: 131246 ns
[2020-05-20T11:14:07.965+0000][1084][safepoint    ] Safepoint "Cleanup", Time since last: 1000595477 ns, Reaching safepoint: 147942 ns, At safepoint: 6029 ns, Total: 153971 ns
[2020-05-20T11:14:08.965+0000][1084][safepoint    ] Safepoint "Cleanup", Time since last: 1000181333 ns, Reaching safepoint: 217970 ns, At safepoint: 8348 ns, Total: 226318 ns
[2020-05-20T11:14:10.966+0000][1084][safepoint    ] Safepoint "Cleanup", Time since last: 2000313043 ns, Reaching safepoint: 120579 ns, At safepoint: 10203 ns, Total: 130782 ns
[2020-05-20T11:14:11.967+0000][1084][safepoint    ] Safepoint "Cleanup", Time since last: 1000727651 ns, Reaching safepoint: 116869 ns, At safepoint: 6029 ns, Total: 122898 ns
[2020-05-20T11:14:12.967+0000][1084][safepoint    ] Safepoint "Cleanup", Time since last: 1000290782 ns, Reaching safepoint: 111768 ns, At safepoint: 4637 ns, Total: 116405 ns
[2020-05-20T11:14:13.968+0000][1084][safepoint    ] Safepoint "Cleanup", Time since last: 1000716984 ns, Reaching safepoint: 174377 ns, At safepoint: 6492 ns, Total: 180869 ns
[2020-05-20T11:14:14.968+0000][1084][safepoint    ] Safepoint "Cleanup", Time since last: 1000178087 ns, Reaching safepoint: 118260 ns, At safepoint: 6029 ns, Total: 124289 ns
[2020-05-20T11:14:15.969+0000][1084][safepoint    ] Safepoint "Cleanup", Time since last: 1000632115 ns, Reaching safepoint: 130782 ns, At safepoint: 6493 ns, Total: 137275 ns
[2020-05-20T11:14:16.969+0000][1084][safepoint    ] Safepoint "Cleanup", Time since last: 1000239304 ns, Reaching safepoint: 102028 ns, At safepoint: 3247 ns, Total: 105275 ns
[2020-05-20T11:14:17.970+0000][1084][safepoint    ] Safepoint "Cleanup", Time since last: 1000051014 ns, Reaching safepoint: 88580 ns, At safepoint: 3246 ns, Total: 91826 ns
[2020-05-20T11:14:19.970+0000][1084][safepoint    ] Safepoint "Cleanup", Time since last: 2000814839 ns, Reaching safepoint: 95536 ns, At safepoint: 3710 ns, Total: 99246 ns
[2020-05-20T11:14:20.971+0000][1084][safepoint    ] Safepoint "Cleanup", Time since last: 1000612172 ns, Reaching safepoint: 131246 ns, At safepoint: 6493 ns, Total: 137739 ns
[2020-05-20T11:14:21.972+0000][1084][safepoint    ] Safepoint "Cleanup", Time since last: 1000520811 ns, Reaching safepoint: 140057 ns, At safepoint: 5565 ns, Total: 145622 ns
[2020-05-20T11:14:22.972+0000][1084][safepoint    ] Safepoint "Cleanup", Time since last: 1000282435 ns, Reaching safepoint: 124289 ns, At safepoint: 7884 ns, Total: 132173 ns
[2020-05-20T11:14:23.973+0000][1084][safepoint    ] Safepoint "Cleanup", Time since last: 1000371478 ns, Reaching safepoint: 132173 ns, At safepoint: 5102 ns, Total: 137275 ns
[2020-05-20T11:14:24.973+0000][1084][safepoint    ] Safepoint "Cleanup", Time since last: 1000185043 ns, Reaching safepoint: 118260 ns, At safepoint: 5565 ns, Total: 123825 ns
[2020-05-20T11:14:25.974+0000][1084][safepoint    ] Safepoint "Cleanup", Time since last: 1000626550 ns, Reaching safepoint: 132637 ns, At safepoint: 6493 ns, Total: 139130 ns
[2020-05-20T11:14:26.975+0000][1084][safepoint    ] Safepoint "Cleanup", Time since last: 1000658085 ns, Reaching safepoint: 120580 ns, At safepoint: 5565 ns, Total: 126145 ns
[2020-05-20T11:14:27.975+0000][1084][safepoint    ] Safepoint "Cleanup", Time since last: 1000165101 ns, Reaching safepoint: 120116 ns, At safepoint: 5101 ns, Total: 125217 ns
[2020-05-20T11:14:28.975+0000][1084][safepoint    ] Safepoint "Cleanup", Time since last: 1000301912 ns, Reaching safepoint: 133102 ns, At safepoint: 5101 ns, Total: 138203 ns
[2020-05-20T11:14:29.976+0000][1084][safepoint    ] Safepoint "Cleanup", Time since last: 1000351072 ns, Reaching safepoint: 140985 ns, At safepoint: 8348 ns, Total: 149333 ns
[2020-05-20T11:14:30.976+0000][1084][safepoint    ] Safepoint "Cleanup", Time since last: 1000549100 ns, Reaching safepoint: 125681 ns, At safepoint: 4637 ns, Total: 130318 ns
[2020-05-20T11:14:31.977+0000][1084][safepoint    ] Safepoint "Cleanup", Time since last: 1000060290 ns, Reaching safepoint: 95536 ns, At safepoint: 3246 ns, Total: 98782 ns
[2020-05-20T11:14:32.977+0000][1084][safepoint    ] Safepoint "Cleanup", Time since last: 1000426666 ns, Reaching safepoint: 123826 ns, At safepoint: 6029 ns, Total: 129855 ns
[2020-05-20T11:14:34.978+0000][1084][safepoint    ] Safepoint "Cleanup", Time since last: 2000771245 ns, Reaching safepoint: 81623 ns, At safepoint: 2782 ns, Total: 84405 ns
[2020-05-20T11:14:35.979+0000][1084][safepoint    ] Safepoint "Cleanup", Time since last: 1000813911 ns, Reaching safepoint: 117797 ns, At safepoint: 5565 ns, Total: 123362 ns
[2020-05-20T11:14:36.980+0000][1084][safepoint    ] Safepoint "Cleanup", Time since last: 1000596405 ns, Reaching safepoint: 110840 ns, At safepoint: 4638 ns, Total: 115478 ns
[2020-05-20T11:14:37.980+0000][1084][safepoint    ] Safepoint "Cleanup", Time since last: 1000281970 ns, Reaching safepoint: 116869 ns, At safepoint: 5566 ns, Total: 122435 ns
[2020-05-20T11:14:38.981+0000][1084][safepoint    ] Safepoint "Cleanup", Time since last: 1000679882 ns, Reaching safepoint: 115014 ns, At safepoint: 6029 ns, Total: 121043 ns
[2020-05-20T11:14:39.982+0000][1084][safepoint    ] Safepoint "Cleanup", Time since last: 1000553274 ns, Reaching safepoint: 147014 ns, At safepoint: 6029 ns, Total: 153043 ns
[2020-05-20T11:14:40.982+0000][1084][safepoint    ] Safepoint "Cleanup", Time since last: 1000402550 ns, Reaching safepoint: 147478 ns, At safepoint: 6029 ns, Total: 153507 ns
[2020-05-20T11:14:41.983+0000][1084][safepoint    ] Safepoint "Cleanup", Time since last: 1000367304 ns, Reaching safepoint: 90898 ns, At safepoint: 3246 ns, Total: 94144 ns
[2020-05-20T11:14:43.990+0000][1084][safepoint    ] Safepoint "Cleanup", Time since last: 2000414144 ns, Reaching safepoint: 7100274 ns, At safepoint: 17623 ns, Total: 7117897 ns
[2020-05-20T11:14:44.990+0000][1084][safepoint    ] Safepoint "Cleanup", Time since last: 1000052406 ns, Reaching safepoint: 141912 ns, At safepoint: 5565 ns, Total: 147477 ns
[2020-05-20T11:14:45.991+0000][1084][safepoint    ] Safepoint "Cleanup", Time since last: 1000604753 ns, Reaching safepoint: 230028 ns, At safepoint: 6493 ns, Total: 236521 ns
[2020-05-20T11:14:46.992+0000][1084][safepoint    ] Safepoint "Cleanup", Time since last: 1000612172 ns, Reaching safepoint: 127536 ns, At safepoint: 5102 ns, Total: 132638 ns
[2020-05-20T11:14:47.992+0000][1084][safepoint    ] Safepoint "Cleanup", Time since last: 1000011594 ns, Reaching safepoint: 123362 ns, At safepoint: 5101 ns, Total: 128463 ns
[2020-05-20T11:14:49.178+0000][1084][safepoint    ] Safepoint "Cleanup", Time since last: 1000645564 ns, Reaching safepoint: 184333022 ns, At safepoint: 303767 ns, Total: 184636789 ns
[2020-05-20T11:14:50.178+0000][1084][safepoint    ] Safepoint "Cleanup", Time since last: 1000888114 ns, Reaching safepoint: 96000 ns, At safepoint: 3246 ns, Total: 99246 ns
[2020-05-20T11:14:52.179+0000][1084][safepoint    ] Safepoint "Cleanup", Time since last: 2000786085 ns, Reaching safepoint: 108522 ns, At safepoint: 4638 ns, Total: 113160 ns
[2020-05-20T11:14:53.180+0000][1084][safepoint    ] Safepoint "Cleanup", Time since last: 1000134492 ns, Reaching safepoint: 114087 ns, At safepoint: 2782 ns, Total: 116869 ns
[2020-05-20T11:14:54.268+0000][1084][safepoint    ] Safepoint "Cleanup", Time since last: 1000614492 ns, Reaching safepoint: 88156085 ns, At safepoint: 83014 ns, Total: 88239099 ns
[2020-05-20T11:14:55.280+0000][1084][safepoint    ] Safepoint "Cleanup", Time since last: 1011887741 ns, Reaching safepoint: 95536 ns, At safepoint: 4638 ns, Total: 100174 ns
[2020-05-20T11:14:57.281+0000][1084][safepoint    ] Safepoint "Cleanup", Time since last: 2000736926 ns, Reaching safepoint: 187825 ns, At safepoint: 7420 ns, Total: 195245 ns
[2020-05-20T11:14:58.282+0000][1084][safepoint    ] Safepoint "Cleanup", Time since last: 1000667361 ns, Reaching safepoint: 121507 ns, At safepoint: 5102 ns, Total: 126609 ns
[2020-05-20T11:14:59.282+0000][1084][safepoint    ] Safepoint "Cleanup", Time since last: 1000012521 ns, Reaching safepoint: 108058 ns, At safepoint: 6957 ns, Total: 115015 ns
[2020-05-20T11:15:00.485+0000][1084][safepoint    ] Safepoint "Cleanup", Time since last: 1000787940 ns, Reaching safepoint: 201934372 ns, At safepoint: 154434 ns, Total: 202088806 ns
[2020-05-20T11:15:02.486+0000][1084][safepoint    ] Safepoint "Cleanup", Time since last: 2000643709 ns, Reaching safepoint: 135884 ns, At safepoint: 16696 ns, Total: 152580 ns
[2020-05-20T11:15:03.691+0000][1084][safepoint    ] Safepoint "Cleanup", Time since last: 1204812046 ns, Reaching safepoint: 127072 ns, At safepoint: 4638 ns, Total: 131710 ns
[2020-05-20T11:15:04.692+0000][1084][safepoint    ] Safepoint "Cleanup", Time since last: 1000557448 ns, Reaching safepoint: 116869 ns, At safepoint: 6957 ns, Total: 123826 ns
[2020-05-20T11:15:05.692+0000][1084][safepoint    ] Safepoint "Cleanup", Time since last: 1000331593 ns, Reaching safepoint: 134493 ns, At safepoint: 5101 ns, Total: 139594 ns
[2020-05-20T11:15:06.692+0000][1084][safepoint    ] Safepoint "Cleanup", Time since last: 1000127536 ns, Reaching safepoint: 94609 ns, At safepoint: 4637 ns, Total: 99246 ns
[2020-05-20T11:15:07.693+0000][1084][safepoint    ] Safepoint "Cleanup", Time since last: 1000809738 ns, Reaching safepoint: 137275 ns, At safepoint: 5101 ns, Total: 142376 ns
[2020-05-20T11:15:09.439+0000][1084][safepoint    ] Safepoint "Cleanup", Time since last: 1745623315 ns, Reaching safepoint: 170666 ns, At safepoint: 9739 ns, Total: 180405 ns
[2020-05-20T11:15:10.440+0000][1084][safepoint    ] Safepoint "Cleanup", Time since last: 1000768926 ns, Reaching safepoint: 119652 ns, At safepoint: 2782 ns, Total: 122434 ns
[2020-05-20T11:15:12.441+0000][1084][safepoint    ] Safepoint "Cleanup", Time since last: 2000581564 ns, Reaching safepoint: 178087 ns, At safepoint: 6956 ns, Total: 185043 ns
[2020-05-20T11:15:13.441+0000][1084][safepoint    ] Safepoint "Cleanup", Time since last: 1000320927 ns, Reaching safepoint: 144695 ns, At safepoint: 6029 ns, Total: 150724 ns
[2020-05-20T11:15:15.442+0000][1084][safepoint    ] Safepoint "Cleanup", Time since last: 2000723013 ns, Reaching safepoint: 113159 ns, At safepoint: 5565 ns, Total: 118724 ns
[2020-05-20T11:15:16.467+0000][1084][safepoint    ] Safepoint "Cleanup", Time since last: 1000017160 ns, Reaching safepoint: 24993797 ns, At safepoint: 70956 ns, Total: 25064753 ns
[2020-05-20T11:15:17.467+0000][1084][safepoint    ] Safepoint "Cleanup", Time since last: 1000053797 ns, Reaching safepoint: 113623 ns, At safepoint: 5565 ns, Total: 119188 ns
[2020-05-20T11:15:18.468+0000][1084][safepoint    ] Safepoint "Cleanup", Time since last: 1000299130 ns, Reaching safepoint: 144232 ns, At safepoint: 9275 ns, Total: 153507 ns
[2020-05-20T11:15:19.468+0000][1084][safepoint    ] Safepoint "Cleanup", Time since last: 1000670607 ns, Reaching safepoint: 144695 ns, At safepoint: 6493 ns, Total: 151188 ns
[2020-05-20T11:15:20.469+0000][1084][safepoint    ] Safepoint "Cleanup", Time since last: 1000257391 ns, Reaching safepoint: 125217 ns, At safepoint: 6493 ns, Total: 131710 ns
[2020-05-20T11:15:22.572+0000][1084][safepoint    ] Safepoint "Cleanup", Time since last: 2000013449 ns, Reaching safepoint: 103028167 ns, At safepoint: 65391 ns, Total: 103093558 ns
[2020-05-20T11:15:23.573+0000][1084][safepoint    ] Safepoint "Cleanup", Time since last: 1000418318 ns, Reaching safepoint: 142376 ns, At safepoint: 3247 ns, Total: 145623 ns
[2020-05-20T11:15:24.573+0000][1084][safepoint    ] Safepoint "Cleanup", Time since last: 1000072811 ns, Reaching safepoint: 83478 ns, At safepoint: 4174 ns, Total: 87652 ns
[2020-05-20T11:15:25.573+0000][1084][safepoint    ] Safepoint "Cleanup", Time since last: 1000464231 ns, Reaching safepoint: 133101 ns, At safepoint: 14841 ns, Total: 147942 ns
[2020-05-20T11:15:26.574+0000][1084][safepoint    ] Safepoint "Cleanup", Time since last: 1000588984 ns, Reaching safepoint: 133101 ns, At safepoint: 6956 ns, Total: 140057 ns
[2020-05-20T11:15:27.575+0000][1084][safepoint    ] Safepoint "Cleanup", Time since last: 1000543072 ns, Reaching safepoint: 126144 ns, At safepoint: 4174 ns, Total: 130318 ns
[2020-05-20T11:15:28.575+0000][1084][safepoint    ] Safepoint "Cleanup", Time since last: 1000505970 ns, Reaching safepoint: 130782 ns, At safepoint: 3710 ns, Total: 134492 ns
[2020-05-20T11:15:29.576+0000][1084][safepoint    ] Safepoint "Cleanup", Time since last: 1000543072 ns, Reaching safepoint: 89970 ns, At safepoint: 4638 ns, Total: 94608 ns
[2020-05-20T11:15:30.576+0000][1084][safepoint    ] Safepoint "Cleanup", Time since last: 1000280115 ns, Reaching safepoint: 162783 ns, At safepoint: 7420 ns, Total: 170203 ns
[2020-05-20T11:15:31.577+0000][1084][safepoint    ] Safepoint "Cleanup", Time since last: 1000244405 ns, Reaching safepoint: 190145 ns, At safepoint: 5565 ns, Total: 195710 ns
[2020-05-20T11:15:32.578+0000][1084][safepoint    ] Safepoint "Cleanup", Time since last: 1000757331 ns, Reaching safepoint: 413681 ns, At safepoint: 38492 ns, Total: 452173 ns
[2020-05-20T11:15:32.925+0000][1084][safepoint    ] Safepoint "BulkRevokeBias", Time since last: 312575739 ns, Reaching safepoint: 191536 ns, At safepoint: 33848965 ns, Total: 34040501 ns
[2020-05-20T11:15:34.268+0000][1084][safepoint    ] Safepoint "Cleanup", Time since last: 1334268442 ns, Reaching safepoint: 8993371 ns, At safepoint: 14376 ns, Total: 9007747 ns
[2020-05-20T11:15:35.268+0000][1084][safepoint    ] Safepoint "Cleanup", Time since last: 1000016696 ns, Reaching safepoint: 120116 ns, At safepoint: 5101 ns, Total: 125217 ns
[2020-05-20T11:15:36.269+0000][1084][safepoint    ] Safepoint "Cleanup", Time since last: 1000550492 ns, Reaching safepoint: 78840 ns, At safepoint: 4174 ns, Total: 83014 ns
[2020-05-20T11:15:37.269+0000][1084][safepoint    ] Safepoint "Cleanup", Time since last: 1000090435 ns, Reaching safepoint: 212405 ns, At safepoint: 5565 ns, Total: 217970 ns
[2020-05-20T11:15:38.327+0000][1084][safepoint    ] Safepoint "Cleanup", Time since last: 1000683593 ns, Reaching safepoint: 56933897 ns, At safepoint: 41739 ns, Total: 56975636 ns
[2020-05-20T11:15:39.327+0000][1084][safepoint    ] Safepoint "Cleanup", Time since last: 1000612636 ns, Reaching safepoint: 94145 ns, At safepoint: 5565 ns, Total: 99710 ns
[2020-05-20T11:15:40.406+0000][1084][safepoint    ] Safepoint "Cleanup", Time since last: 1000519419 ns, Reaching safepoint: 78087239 ns, At safepoint: 39884 ns, Total: 78127123 ns
[2020-05-20T11:15:41.480+0000][1084][safepoint    ] Safepoint "Cleanup", Time since last: 1000401159 ns, Reaching safepoint: 73580351 ns, At safepoint: 57043 ns, Total: 73637394 ns
[2020-05-20T11:15:43.181+0000][1084][safepoint    ] Safepoint "Cleanup", Time since last: 1701002433 ns, Reaching safepoint: 115014 ns, At safepoint: 9275 ns, Total: 124289 ns
[2020-05-20T11:15:44.182+0000][1084][safepoint    ] Safepoint "Cleanup", Time since last: 1000707245 ns, Reaching safepoint: 365448 ns, At safepoint: 7884 ns, Total: 373332 ns
[2020-05-20T11:15:45.183+0000][1084][safepoint    ] Safepoint "Cleanup", Time since last: 1000057971 ns, Reaching safepoint: 92290 ns, At safepoint: 3246 ns, Total: 95536 ns
[2020-05-20T11:15:46.183+0000][1084][safepoint    ] Safepoint "Cleanup", Time since last: 1000205913 ns, Reaching safepoint: 105275 ns, At safepoint: 5101 ns, Total: 110376 ns
[2020-05-20T11:15:47.358+0000][1084][safepoint    ] Safepoint "Cleanup", Time since last: 1000151188 ns, Reaching safepoint: 173473453 ns, At safepoint: 1337041 ns, Total: 174810494 ns
[2020-05-20T11:15:48.358+0000][1084][safepoint    ] Safepoint "Cleanup", Time since last: 1000505042 ns, Reaching safepoint: 143768 ns, At safepoint: 6956 ns, Total: 150724 ns
[2020-05-20T11:15:50.272+0000][1084][safepoint    ] Safepoint "Cleanup", Time since last: 1318955782 ns, Reaching safepoint: 595091490 ns, At safepoint: 87188 ns, Total: 595178678 ns
[2020-05-20T11:15:51.567+0000][1084][safepoint    ] Safepoint "Cleanup", Time since last: 1000276405 ns, Reaching safepoint: 293662392 ns, At safepoint: 396057 ns, Total: 294058449 ns
[2020-05-20T11:15:52.687+0000][1084][safepoint    ] Safepoint "Cleanup", Time since last: 1000059362 ns, Reaching safepoint: 120102214 ns, At safepoint: 81160 ns, Total: 120183374 ns
[2020-05-20T11:15:53.776+0000][1084][safepoint    ] Safepoint "Cleanup", Time since last: 1000228637 ns, Reaching safepoint: 89077126 ns, At safepoint: 77913 ns, Total: 89155039 ns
[2020-05-20T11:15:54.816+0000][1084][safepoint    ] Safepoint "Cleanup", Time since last: 1000279188 ns, Reaching safepoint: 38942982 ns, At safepoint: 524057 ns, Total: 39467039 ns
[2020-05-20T11:15:56.450+0000][1084][safepoint    ] Safepoint "Cleanup", Time since last: 1571936065 ns, Reaching safepoint: 62066407 ns, At safepoint: 309332 ns, Total: 62375739 ns
[2020-05-20T11:15:57.848+0000][1084][safepoint    ] Safepoint "Cleanup", Time since last: 1000083015 ns, Reaching safepoint: 397622266 ns, At safepoint: 345043 ns, Total: 397967309 ns
[2020-05-20T11:15:59.025+0000][1084][safepoint    ] Safepoint "Cleanup", Time since last: 1000960925 ns, Reaching safepoint: 174626378 ns, At safepoint: 422028 ns, Total: 175048406 ns
[2020-05-20T11:16:00.503+0000][1084][safepoint    ] Safepoint "Cleanup", Time since last: 1000940056 ns, Reaching safepoint: 477536747 ns, At safepoint: 244406 ns, Total: 477781153 ns
[2020-05-20T11:16:02.564+0000][1084][safepoint    ] Safepoint "Cleanup", Time since last: 1000490201 ns, Reaching safepoint: 1060681135 ns, At safepoint: 351999 ns, Total: 1061033134 ns
[2020-05-20T11:16:03.736+0000][1084][safepoint    ] Safepoint "Cleanup", Time since last: 1001107012 ns, Reaching safepoint: 169655723 ns, At safepoint: 212405 ns, Total: 169868128 ns
[2020-05-20T11:16:05.928+0000][1084][safepoint    ] Safepoint "Cleanup", Time since last: 1000055652 ns, Reaching safepoint: 1191757005 ns, At safepoint: 415071 ns, Total: 1192172076 ns
[2020-05-20T11:16:06.943+0000][1084][safepoint    ] Safepoint "Cleanup", Time since last: 1000149797 ns, Reaching safepoint: 15082632 ns, At safepoint: 184579 ns, Total: 15267211 ns
[2020-05-20T11:16:08.243+0000][1084][safepoint    ] Safepoint "Cleanup", Time since last: 1000241622 ns, Reaching safepoint: 299400118 ns, At safepoint: 378434 ns, Total: 299778552 ns
[2020-05-20T11:16:16.056+0000][1084][safepoint    ] Safepoint "Cleanup", Time since last: 1000334840 ns, Reaching safepoint: 6811830233 ns, At safepoint: 909447 ns, Total: 6812739680 ns
[2020-05-20T11:16:17.581+0000][1084][safepoint    ] Safepoint "Cleanup", Time since last: 1184243051 ns, Reaching safepoint: 340111443 ns, At safepoint: 267594 ns, Total: 340379037 ns
[2020-05-20T11:16:20.240+0000][1084][gc,start     ] GC(42) Pause Young (Normal) (G1 Evacuation Pause)
[2020-05-20T11:16:20.320+0000][1084][gc,task      ] GC(42) Using 4 workers of 4 for evacuation
[2020-05-20T11:16:20.466+0000][1084][gc,age       ] GC(42) Desired survivor size 40370176 bytes, new threshold 15 (max threshold 15)
[2020-05-20T11:16:22.947+0000][1084][gc,age       ] GC(42) Age table with threshold 15 (max threshold 15)
[2020-05-20T11:16:22.947+0000][1084][gc,age       ] GC(42) - age   1:    1199648 bytes,    1199648 total
[2020-05-20T11:16:22.947+0000][1084][gc,age       ] GC(42) - age   2:        472 bytes,    1200120 total
[2020-05-20T11:16:22.947+0000][1084][gc,age       ] GC(42) - age   3:        960 bytes,    1201080 total
[2020-05-20T11:16:22.947+0000][1084][gc,age       ] GC(42) - age   5:        976 bytes,    1202056 total
[2020-05-20T11:16:22.947+0000][1084][gc,age       ] GC(42) - age   6:     124064 bytes,    1326120 total
[2020-05-20T11:16:22.948+0000][1084][gc,age       ] GC(42) - age   7:         80 bytes,    1326200 total
[2020-05-20T11:16:22.948+0000][1084][gc,age       ] GC(42) - age   8:     247040 bytes,    1573240 total
[2020-05-20T11:16:22.948+0000][1084][gc,age       ] GC(42) - age   9:     277616 bytes,    1850856 total
[2020-05-20T11:16:22.948+0000][1084][gc,mmu       ] GC(42) MMU target violated: 201.0ms (200.0ms/201.0ms)
[2020-05-20T11:16:23.003+0000][1084][gc,phases    ] GC(42)   Pre Evacuate Collection Set: 295.7ms
[2020-05-20T11:16:23.003+0000][1084][gc,phases    ] GC(42)   Merge Heap Roots: 196.7ms
[2020-05-20T11:16:23.003+0000][1084][gc,phases    ] GC(42)   Evacuate Collection Set: 1267.8ms
[2020-05-20T11:16:23.003+0000][1084][gc,phases    ] GC(42)   Post Evacuate Collection Set: 504.9ms
[2020-05-20T11:16:23.033+0000][1084][gc,phases    ] GC(42)   Other: 1206.8ms
[2020-05-20T11:16:23.034+0000][1084][gc,heap      ] GC(42) Eden regions: 613->0(49)
[2020-05-20T11:16:23.034+0000][1084][gc,heap      ] GC(42) Survivor regions: 1->2(77)
[2020-05-20T11:16:23.034+0000][1084][gc,heap      ] GC(42) Old regions: 82->82
[2020-05-20T11:16:23.034+0000][1084][gc,heap      ] GC(42) Archive regions: 0->0
[2020-05-20T11:16:23.034+0000][1084][gc,heap      ] GC(42) Humongous regions: 15->8
[2020-05-20T11:16:23.078+0000][1084][gc,metaspace ] GC(42) Metaspace: 99370K(107160K)->99370K(107160K) NonClass: 86475K(91012K)->86475K(91012K) Class: 12895K(16148K)->12895K(16148K)
[2020-05-20T11:16:23.156+0000][1084][gc           ] GC(42) Pause Young (Normal) (G1 Evacuation Pause) 710M->91M(1024M) 2875.777ms
[2020-05-20T11:16:23.156+0000][1084][gc,cpu       ] GC(42) User=0.09s Sys=0.09s Real=2.99s
[2020-05-20T11:16:23.156+0000][1084][safepoint    ] Safepoint "G1CollectForAllocation", Time since last: 1711296206 ns, Reaching safepoint: 159077660 ns, At safepoint: 3704342946 ns, Total: 3863420606 ns
[2020-05-20T11:16:24.414+0000][1084][safepoint    ] Safepoint "Cleanup", Time since last: 1000445217 ns, Reaching safepoint: 257684735 ns, At safepoint: 414608 ns, Total: 258099343 ns
[2020-05-20T11:16:24.795+0000][1084][safepoint    ] Safepoint "BulkRevokeBias", Time since last: 50551 ns, Reaching safepoint: 83021720 ns, At safepoint: 297483368 ns, Total: 380505088 ns
[2020-05-20T11:16:26.061+0000][1084][safepoint    ] Safepoint "Cleanup", Time since last: 1000061681 ns, Reaching safepoint: 266272774 ns, At safepoint: 257855 ns, Total: 266530629 ns
[2020-05-20T11:16:26.689+0000][1084][gc,start     ] GC(43) Pause Young (Normal) (G1 Evacuation Pause)
[2020-05-20T11:16:26.689+0000][1084][gc,task      ] GC(43) Using 4 workers of 4 for evacuation
[2020-05-20T11:16:26.689+0000][1084][gc,age       ] GC(43) Desired survivor size 3670016 bytes, new threshold 15 (max threshold 15)
[2020-05-20T11:16:26.769+0000][1084][gc,age       ] GC(43) Age table with threshold 15 (max threshold 15)
[2020-05-20T11:16:26.769+0000][1084][gc,age       ] GC(43) - age   1:     484744 bytes,     484744 total
[2020-05-20T11:16:26.769+0000][1084][gc,age       ] GC(43) - age   2:    1030888 bytes,    1515632 total
[2020-05-20T11:16:26.769+0000][1084][gc,age       ] GC(43) - age   3:        472 bytes,    1516104 total
[2020-05-20T11:16:26.769+0000][1084][gc,age       ] GC(43) - age   4:        960 bytes,    1517064 total
[2020-05-20T11:16:26.769+0000][1084][gc,age       ] GC(43) - age   6:        976 bytes,    1518040 total
[2020-05-20T11:16:26.770+0000][1084][gc,age       ] GC(43) - age   7:     124064 bytes,    1642104 total
[2020-05-20T11:16:26.770+0000][1084][gc,age       ] GC(43) - age   8:         80 bytes,    1642184 total
[2020-05-20T11:16:26.770+0000][1084][gc,age       ] GC(43) - age   9:     247040 bytes,    1889224 total
[2020-05-20T11:16:26.770+0000][1084][gc,age       ] GC(43) - age  10:     276968 bytes,    2166192 total
[2020-05-20T11:16:26.770+0000][1084][gc,phases    ] GC(43)   Pre Evacuate Collection Set: 0.2ms
[2020-05-20T11:16:26.770+0000][1084][gc,phases    ] GC(43)   Merge Heap Roots: 0.1ms
[2020-05-20T11:16:26.770+0000][1084][gc,phases    ] GC(43)   Evacuate Collection Set: 79.3ms
[2020-05-20T11:16:26.770+0000][1084][gc,phases    ] GC(43)   Post Evacuate Collection Set: 0.7ms
[2020-05-20T11:16:26.770+0000][1084][gc,phases    ] GC(43)   Other: 0.6ms
[2020-05-20T11:16:26.770+0000][1084][gc,heap      ] GC(43) Eden regions: 49->0(48)
[2020-05-20T11:16:26.770+0000][1084][gc,heap      ] GC(43) Survivor regions: 2->3(7)
[2020-05-20T11:16:26.770+0000][1084][gc,heap      ] GC(43) Old regions: 82->82
[2020-05-20T11:16:26.770+0000][1084][gc,heap      ] GC(43) Archive regions: 0->0
[2020-05-20T11:16:26.770+0000][1084][gc,heap      ] GC(43) Humongous regions: 8->8
[2020-05-20T11:16:26.770+0000][1084][gc,metaspace ] GC(43) Metaspace: 99371K(107160K)->99371K(107160K) NonClass: 86476K(91012K)->86476K(91012K) Class: 12895K(16148K)->12895K(16148K)
[2020-05-20T11:16:26.777+0000][1084][gc           ] GC(43) Pause Young (Normal) (G1 Evacuation Pause) 140M->92M(1024M) 80.983ms
[2020-05-20T11:16:26.777+0000][1084][gc,cpu       ] GC(43) User=0.06s Sys=0.00s Real=0.09s
[2020-05-20T11:16:26.777+0000][1084][safepoint    ] Safepoint "G1CollectForAllocation", Time since last: 595801053 ns, Reaching safepoint: 31347406 ns, At safepoint: 88325824 ns, Total: 119673230 ns
[2020-05-20T11:16:27.651+0000][1084][gc,start     ] GC(44) Pause Young (Normal) (G1 Evacuation Pause)
[2020-05-20T11:16:27.651+0000][1084][gc,task      ] GC(44) Using 4 workers of 4 for evacuation
[2020-05-20T11:16:27.651+0000][1084][gc,age       ] GC(44) Desired survivor size 3670016 bytes, new threshold 15 (max threshold 15)
[2020-05-20T11:16:28.052+0000][1084][gc,age       ] GC(44) Age table with threshold 15 (max threshold 15)
[2020-05-20T11:16:28.052+0000][1084][gc,age       ] GC(44) - age   1:     340384 bytes,     340384 total
[2020-05-20T11:16:28.052+0000][1084][gc,age       ] GC(44) - age   2:     458752 bytes,     799136 total
[2020-05-20T11:16:28.052+0000][1084][gc,age       ] GC(44) - age   3:    1030888 bytes,    1830024 total
[2020-05-20T11:16:28.052+0000][1084][gc,age       ] GC(44) - age   4:        472 bytes,    1830496 total
[2020-05-20T11:16:28.052+0000][1084][gc,age       ] GC(44) - age   5:        960 bytes,    1831456 total
[2020-05-20T11:16:28.052+0000][1084][gc,age       ] GC(44) - age   7:        976 bytes,    1832432 total
[2020-05-20T11:16:28.052+0000][1084][gc,age       ] GC(44) - age   8:     124064 bytes,    1956496 total
[2020-05-20T11:16:28.052+0000][1084][gc,age       ] GC(44) - age   9:         80 bytes,    1956576 total
[2020-05-20T11:16:28.052+0000][1084][gc,age       ] GC(44) - age  10:     247040 bytes,    2203616 total
[2020-05-20T11:16:28.052+0000][1084][gc,age       ] GC(44) - age  11:     276968 bytes,    2480584 total
[2020-05-20T11:16:28.052+0000][1084][gc,mmu       ] GC(44) MMU target violated: 201.0ms (200.0ms/201.0ms)
[2020-05-20T11:16:28.052+0000][1084][gc,phases    ] GC(44)   Pre Evacuate Collection Set: 0.1ms
[2020-05-20T11:16:28.052+0000][1084][gc,phases    ] GC(44)   Merge Heap Roots: 0.1ms
[2020-05-20T11:16:28.052+0000][1084][gc,phases    ] GC(44)   Evacuate Collection Set: 398.7ms
[2020-05-20T11:16:28.052+0000][1084][gc,phases    ] GC(44)   Post Evacuate Collection Set: 0.8ms
[2020-05-20T11:16:28.052+0000][1084][gc,phases    ] GC(44)   Other: 0.5ms
[2020-05-20T11:16:28.052+0000][1084][gc,heap      ] GC(44) Eden regions: 48->0(48)
[2020-05-20T11:16:28.052+0000][1084][gc,heap      ] GC(44) Survivor regions: 3->3(7)
[2020-05-20T11:16:28.052+0000][1084][gc,heap      ] GC(44) Old regions: 82->82
[2020-05-20T11:16:28.052+0000][1084][gc,heap      ] GC(44) Archive regions: 0->0
[2020-05-20T11:16:28.052+0000][1084][gc,heap      ] GC(44) Humongous regions: 8->8
[2020-05-20T11:16:28.052+0000][1084][gc,metaspace ] GC(44) Metaspace: 99371K(107160K)->99371K(107160K) NonClass: 86476K(91012K)->86476K(91012K) Class: 12895K(16148K)->12895K(16148K)
[2020-05-20T11:16:28.052+0000][1084][gc           ] GC(44) Pause Young (Normal) (G1 Evacuation Pause) 140M->92M(1024M) 400.394ms
[2020-05-20T11:16:28.052+0000][1084][gc,cpu       ] GC(44) User=0.27s Sys=0.06s Real=0.40s
[2020-05-20T11:16:28.053+0000][1084][safepoint    ] Safepoint "G1CollectForAllocation", Time since last: 367261293 ns, Reaching safepoint: 507471519 ns, At safepoint: 400878375 ns, Total: 908349894 ns
[2020-05-20T11:16:29.100+0000][1084][safepoint    ] Safepoint "Cleanup", Time since last: 1036648726 ns, Reaching safepoint: 10561831 ns, At safepoint: 11594 ns, Total: 10573425 ns
[2020-05-20T11:16:30.448+0000][1084][gc,start     ] GC(45) Pause Young (Normal) (G1 Evacuation Pause)
[2020-05-20T11:16:30.448+0000][1084][gc,task      ] GC(45) Using 4 workers of 4 for evacuation
[2020-05-20T11:16:30.449+0000][1084][gc,age       ] GC(45) Desired survivor size 3670016 bytes, new threshold 15 (max threshold 15)
[2020-05-20T11:16:30.640+0000][1084][gc,age       ] GC(45) Age table with threshold 15 (max threshold 15)
[2020-05-20T11:16:30.640+0000][1084][gc,age       ] GC(45) - age   1:     273576 bytes,     273576 total
[2020-05-20T11:16:30.640+0000][1084][gc,age       ] GC(45) - age   2:     315464 bytes,     589040 total
[2020-05-20T11:16:30.640+0000][1084][gc,age       ] GC(45) - age   3:     456640 bytes,    1045680 total
[2020-05-20T11:16:30.640+0000][1084][gc,age       ] GC(45) - age   4:    1030424 bytes,    2076104 total
[2020-05-20T11:16:30.640+0000][1084][gc,age       ] GC(45) - age   5:        472 bytes,    2076576 total
[2020-05-20T11:16:30.640+0000][1084][gc,age       ] GC(45) - age   6:        960 bytes,    2077536 total
[2020-05-20T11:16:30.640+0000][1084][gc,age       ] GC(45) - age   8:        976 bytes,    2078512 total
[2020-05-20T11:16:30.640+0000][1084][gc,age       ] GC(45) - age   9:     124064 bytes,    2202576 total
[2020-05-20T11:16:30.640+0000][1084][gc,age       ] GC(45) - age  10:         80 bytes,    2202656 total
[2020-05-20T11:16:30.640+0000][1084][gc,age       ] GC(45) - age  11:     247040 bytes,    2449696 total
[2020-05-20T11:16:30.640+0000][1084][gc,age       ] GC(45) - age  12:     276968 bytes,    2726664 total
[2020-05-20T11:16:30.640+0000][1084][gc,phases    ] GC(45)   Pre Evacuate Collection Set: 0.2ms
[2020-05-20T11:16:30.640+0000][1084][gc,phases    ] GC(45)   Merge Heap Roots: 0.0ms
[2020-05-20T11:16:30.640+0000][1084][gc,phases    ] GC(45)   Evacuate Collection Set: 189.9ms
[2020-05-20T11:16:30.640+0000][1084][gc,phases    ] GC(45)   Post Evacuate Collection Set: 0.7ms
[2020-05-20T11:16:30.640+0000][1084][gc,phases    ] GC(45)   Other: 43.1ms
[2020-05-20T11:16:30.640+0000][1084][gc,heap      ] GC(45) Eden regions: 48->0(48)
[2020-05-20T11:16:30.640+0000][1084][gc,heap      ] GC(45) Survivor regions: 3->3(7)
[2020-05-20T11:16:30.640+0000][1084][gc,heap      ] GC(45) Old regions: 82->82
[2020-05-20T11:16:30.640+0000][1084][gc,heap      ] GC(45) Archive regions: 0->0
[2020-05-20T11:16:30.640+0000][1084][gc,heap      ] GC(45) Humongous regions: 8->8
[2020-05-20T11:16:30.641+0000][1084][gc,metaspace ] GC(45) Metaspace: 99371K(107160K)->99371K(107160K) NonClass: 86476K(91012K)->86476K(91012K) Class: 12895K(16148K)->12895K(16148K)
[2020-05-20T11:16:30.641+0000][1084][gc           ] GC(45) Pause Young (Normal) (G1 Evacuation Pause) 140M->92M(1024M) 191.653ms
[2020-05-20T11:16:30.641+0000][1084][gc,cpu       ] GC(45) User=0.13s Sys=0.00s Real=0.19s
[2020-05-20T11:16:30.641+0000][1084][safepoint    ] Safepoint "G1CollectForAllocation", Time since last: 954554540 ns, Reaching safepoint: 352010778 ns, At safepoint: 234478297 ns, Total: 586489075 ns
[2020-05-20T11:16:32.526+0000][1084][safepoint    ] Safepoint "Cleanup", Time since last: 1578379644 ns, Reaching safepoint: 306533319 ns, At safepoint: 86260 ns, Total: 306619579 ns
[2020-05-20T11:16:33.718+0000][1084][safepoint    ] Safepoint "Cleanup", Time since last: 1000725796 ns, Reaching safepoint: 191667961 ns, At safepoint: 91826 ns, Total: 191759787 ns
[2020-05-20T11:16:34.951+0000][1084][safepoint    ] Safepoint "Cleanup", Time since last: 1000412289 ns, Reaching safepoint: 231025551 ns, At safepoint: 1090316 ns, Total: 232115867 ns
[2020-05-20T11:16:35.997+0000][1084][safepoint    ] Safepoint "Cleanup", Time since last: 1000096464 ns, Reaching safepoint: 46127197 ns, At safepoint: 204985 ns, Total: 46332182 ns
[2020-05-20T11:16:37.896+0000][1084][safepoint    ] Safepoint "Cleanup", Time since last: 1808502241 ns, Reaching safepoint: 90358516 ns, At safepoint: 267129 ns, Total: 90625645 ns
[2020-05-20T11:16:38.897+0000][1084][safepoint    ] Safepoint "Cleanup", Time since last: 1000491130 ns, Reaching safepoint: 135883 ns, At safepoint: 6957 ns, Total: 142840 ns
[2020-05-20T11:16:39.898+0000][1084][safepoint    ] Safepoint "Cleanup", Time since last: 1000698897 ns, Reaching safepoint: 143304 ns, At safepoint: 5565 ns, Total: 148869 ns
[2020-05-20T11:16:40.899+0000][1084][safepoint    ] Safepoint "Cleanup", Time since last: 1000678027 ns, Reaching safepoint: 162319 ns, At safepoint: 6493 ns, Total: 168812 ns
[2020-05-20T11:16:41.899+0000][1084][safepoint    ] Safepoint "Cleanup", Time since last: 1000505970 ns, Reaching safepoint: 158144 ns, At safepoint: 6029 ns, Total: 164173 ns
[2020-05-20T11:16:43.900+0000][1084][safepoint    ] Safepoint "Cleanup", Time since last: 2000159536 ns, Reaching safepoint: 236521 ns, At safepoint: 6493 ns, Total: 243014 ns
[2020-05-20T11:16:45.900+0000][1084][safepoint    ] Safepoint "Cleanup", Time since last: 2000005565 ns, Reaching safepoint: 140521 ns, At safepoint: 5566 ns, Total: 146087 ns
[2020-05-20T11:16:46.900+0000][1084][safepoint    ] Safepoint "Cleanup", Time since last: 1000083014 ns, Reaching safepoint: 79768 ns, At safepoint: 4174 ns, Total: 83942 ns
[2020-05-20T11:16:47.901+0000][1084][safepoint    ] Safepoint "Cleanup", Time since last: 1000073275 ns, Reaching safepoint: 287072 ns, At safepoint: 9739 ns, Total: 296811 ns
[2020-05-20T11:16:49.902+0000][1084][safepoint    ] Safepoint "Cleanup", Time since last: 2000692404 ns, Reaching safepoint: 138666 ns, At safepoint: 5102 ns, Total: 143768 ns
[2020-05-20T11:16:50.902+0000][1084][safepoint    ] Safepoint "Cleanup", Time since last: 1000766607 ns, Reaching safepoint: 171130 ns, At safepoint: 5101 ns, Total: 176231 ns
[2020-05-20T11:16:51.903+0000][1084][safepoint    ] Safepoint "Cleanup", Time since last: 1000479535 ns, Reaching safepoint: 125681 ns, At safepoint: 5565 ns, Total: 131246 ns
[2020-05-20T11:16:52.904+0000][1084][safepoint    ] Safepoint "Cleanup", Time since last: 1000324174 ns, Reaching safepoint: 120579 ns, At safepoint: 7420 ns, Total: 127999 ns
[2020-05-20T11:16:54.196+0000][1084][safepoint    ] Safepoint "Cleanup", Time since last: 1000851013 ns, Reaching safepoint: 292046627 ns, At safepoint: 422028 ns, Total: 292468655 ns
[2020-05-20T11:16:55.197+0000][1084][safepoint    ] Safepoint "Cleanup", Time since last: 1000335304 ns, Reaching safepoint: 216579 ns, At safepoint: 14377 ns, Total: 230956 ns
[2020-05-20T11:16:57.197+0000][1084][safepoint    ] Safepoint "Cleanup", Time since last: 2000015304 ns, Reaching safepoint: 177159 ns, At safepoint: 7884 ns, Total: 185043 ns
[2020-05-20T11:16:59.539+0000][1084][safepoint    ] Safepoint "Cleanup", Time since last: 2000637680 ns, Reaching safepoint: 340557123 ns, At safepoint: 300521 ns, Total: 340857644 ns
[2020-05-20T11:17:00.184+0000][1084][gc,start     ] GC(46) Pause Young (Normal) (G1 Evacuation Pause)
[2020-05-20T11:17:00.184+0000][1084][gc,task      ] GC(46) Using 4 workers of 4 for evacuation
[2020-05-20T11:17:00.184+0000][1084][gc,age       ] GC(46) Desired survivor size 3670016 bytes, new threshold 15 (max threshold 15)
[2020-05-20T11:17:00.838+0000][1084][gc,age       ] GC(46) Age table with threshold 15 (max threshold 15)
[2020-05-20T11:17:00.838+0000][1084][gc,age       ] GC(46) - age   1:    3275184 bytes,    3275184 total
[2020-05-20T11:17:00.838+0000][1084][gc,age       ] GC(46) - age   2:       5216 bytes,    3280400 total
[2020-05-20T11:17:00.838+0000][1084][gc,age       ] GC(46) - age   4:     131896 bytes,    3412296 total
[2020-05-20T11:17:00.838+0000][1084][gc,age       ] GC(46) - age   5:     541176 bytes,    3953472 total
[2020-05-20T11:17:00.838+0000][1084][gc,age       ] GC(46) - age   6:        472 bytes,    3953944 total
[2020-05-20T11:17:00.839+0000][1084][gc,age       ] GC(46) - age   7:        960 bytes,    3954904 total
[2020-05-20T11:17:00.839+0000][1084][gc,age       ] GC(46) - age   9:        976 bytes,    3955880 total
[2020-05-20T11:17:00.839+0000][1084][gc,age       ] GC(46) - age  10:     124064 bytes,    4079944 total
[2020-05-20T11:17:00.839+0000][1084][gc,age       ] GC(46) - age  11:         80 bytes,    4080024 total
[2020-05-20T11:17:00.839+0000][1084][gc,age       ] GC(46) - age  12:     246848 bytes,    4326872 total
[2020-05-20T11:17:00.839+0000][1084][gc,age       ] GC(46) - age  13:     276912 bytes,    4603784 total
[2020-05-20T11:17:00.839+0000][1084][gc,mmu       ] GC(46) MMU target violated: 201.0ms (200.0ms/201.0ms)
[2020-05-20T11:17:00.839+0000][1084][gc,phases    ] GC(46)   Pre Evacuate Collection Set: 0.1ms
[2020-05-20T11:17:00.839+0000][1084][gc,phases    ] GC(46)   Merge Heap Roots: 0.1ms
[2020-05-20T11:17:00.839+0000][1084][gc,phases    ] GC(46)   Evacuate Collection Set: 473.5ms
[2020-05-20T11:17:00.839+0000][1084][gc,phases    ] GC(46)   Post Evacuate Collection Set: 166.9ms
[2020-05-20T11:17:00.839+0000][1084][gc,phases    ] GC(46)   Other: 14.0ms
[2020-05-20T11:17:00.839+0000][1084][gc,heap      ] GC(46) Eden regions: 48->0(46)
[2020-05-20T11:17:00.839+0000][1084][gc,heap      ] GC(46) Survivor regions: 3->5(7)
[2020-05-20T11:17:00.839+0000][1084][gc,heap      ] GC(46) Old regions: 82->82
[2020-05-20T11:17:00.839+0000][1084][gc,heap      ] GC(46) Archive regions: 0->0
[2020-05-20T11:17:00.839+0000][1084][gc,heap      ] GC(46) Humongous regions: 45->10
[2020-05-20T11:17:00.839+0000][1084][gc,metaspace ] GC(46) Metaspace: 99390K(107160K)->99390K(107160K) NonClass: 86495K(91012K)->86495K(91012K) Class: 12895K(16148K)->12895K(16148K)
[2020-05-20T11:17:00.839+0000][1084][gc           ] GC(46) Pause Young (Normal) (G1 Evacuation Pause) 177M->96M(1024M) 655.107ms
[2020-05-20T11:17:00.839+0000][1084][gc,cpu       ] GC(46) User=0.05s Sys=0.00s Real=0.65s
[2020-05-20T11:17:00.840+0000][1084][safepoint    ] Safepoint "G1CollectForAllocation", Time since last: 479788800 ns, Reaching safepoint: 165686805 ns, At safepoint: 655572277 ns, Total: 821259082 ns
[2020-05-20T11:17:01.924+0000][1084][safepoint    ] Safepoint "Cleanup", Time since last: 1000617274 ns, Reaching safepoint: 83748907 ns, At safepoint: 70029 ns, Total: 83818936 ns
[2020-05-20T11:17:02.947+0000][1084][safepoint    ] Safepoint "Cleanup", Time since last: 1003065964 ns, Reaching safepoint: 19091897 ns, At safepoint: 24580 ns, Total: 19116477 ns
[2020-05-20T11:17:04.391+0000][1084][safepoint    ] Safepoint "Cleanup", Time since last: 1444430274 ns, Reaching safepoint: 155825 ns, At safepoint: 6957 ns, Total: 162782 ns
[2020-05-20T11:17:05.433+0000][1084][safepoint    ] Safepoint "Cleanup", Time since last: 1000728114 ns, Reaching safepoint: 40928833 ns, At safepoint: 44058 ns, Total: 40972891 ns
[2020-05-20T11:17:06.690+0000][1084][safepoint    ] Safepoint "Cleanup", Time since last: 1000070956 ns, Reaching safepoint: 256570304 ns, At safepoint: 348289 ns, Total: 256918593 ns
[2020-05-20T11:17:07.912+0000][1084][safepoint    ] Safepoint "Cleanup", Time since last: 1000015768 ns, Reaching safepoint: 222222325 ns, At safepoint: 187826 ns, Total: 222410151 ns
[2020-05-20T11:17:09.267+0000][1084][safepoint    ] Safepoint "Cleanup", Time since last: 1001666315 ns, Reaching safepoint: 353233268 ns, At safepoint: 255071 ns, Total: 353488339 ns
[2020-05-20T11:17:10.883+0000][1084][safepoint    ] Safepoint "Cleanup", Time since last: 1001121389 ns, Reaching safepoint: 613430694 ns, At safepoint: 1055997 ns, Total: 614486691 ns
[2020-05-20T11:17:12.093+0000][1084][safepoint    ] Safepoint "Cleanup", Time since last: 1187048378 ns, Reaching safepoint: 23461975 ns, At safepoint: 79304 ns, Total: 23541279 ns
[2020-05-20T11:17:14.260+0000][1084][safepoint    ] Safepoint "Cleanup", Time since last: 1999612291 ns, Reaching safepoint: 166915323 ns, At safepoint: 73275 ns, Total: 166988598 ns
[2020-05-20T11:17:16.004+0000][1084][safepoint    ] Safepoint "Cleanup", Time since last: 1680906479 ns, Reaching safepoint: 62135972 ns, At safepoint: 11594 ns, Total: 62147566 ns
[2020-05-20T11:17:17.134+0000][1084][safepoint    ] Safepoint "Cleanup", Time since last: 1000323709 ns, Reaching safepoint: 130665436 ns, At safepoint: 77450 ns, Total: 130742886 ns
[2020-05-20T11:17:18.262+0000][1084][safepoint    ] Safepoint "Cleanup", Time since last: 1000109912 ns, Reaching safepoint: 127272981 ns, At safepoint: 165564 ns, Total: 127438545 ns
[2020-05-20T11:17:19.309+0000][1084][safepoint    ] Safepoint "Cleanup", Time since last: 1000633042 ns, Reaching safepoint: 45972300 ns, At safepoint: 61681 ns, Total: 46033981 ns
[2020-05-20T11:17:20.990+0000][1084][safepoint    ] Safepoint "Cleanup", Time since last: 1000576462 ns, Reaching safepoint: 680354596 ns, At safepoint: 456811 ns, Total: 680811407 ns
[2020-05-20T11:17:22.054+0000][1084][safepoint    ] Safepoint "Cleanup", Time since last: 1000010203 ns, Reaching safepoint: 64586053 ns, At safepoint: 64000 ns, Total: 64650053 ns
[2020-05-20T11:17:24.062+0000][1084][safepoint    ] Safepoint "Cleanup", Time since last: 1999728232 ns, Reaching safepoint: 7220389 ns, At safepoint: 252753 ns, Total: 7473142 ns
[2020-05-20T11:17:25.822+0000][1084][safepoint    ] Safepoint "Cleanup", Time since last: 1736954118 ns, Reaching safepoint: 23161453 ns, At safepoint: 48696 ns, Total: 23210149 ns
[2020-05-20T11:17:26.889+0000][1084][safepoint    ] Safepoint "Cleanup", Time since last: 1000639998 ns, Reaching safepoint: 66312658 ns, At safepoint: 83942 ns, Total: 66396600 ns
[2020-05-20T11:17:28.210+0000][1084][safepoint    ] Safepoint "Cleanup", Time since last: 1308359633 ns, Reaching safepoint: 12302812 ns, At safepoint: 67246 ns, Total: 12370058 ns
[2020-05-20T11:17:29.336+0000][1084][safepoint    ] Safepoint "Cleanup", Time since last: 1000333448 ns, Reaching safepoint: 125264869 ns, At safepoint: 77913 ns, Total: 125342782 ns
[2020-05-20T11:17:30.349+0000][1084][safepoint    ] Safepoint "Cleanup", Time since last: 1000840810 ns, Reaching safepoint: 13038346 ns, At safepoint: 57508 ns, Total: 13095854 ns
[2020-05-20T11:17:31.495+0000][1084][safepoint    ] Safepoint "Cleanup", Time since last: 1000139593 ns, Reaching safepoint: 145836184 ns, At safepoint: 89507 ns, Total: 145925691 ns
[2020-05-20T11:17:31.828+0000][1084][gc,start     ] GC(47) Pause Young (Normal) (G1 Evacuation Pause)
[2020-05-20T11:17:31.828+0000][1084][gc,task      ] GC(47) Using 4 workers of 4 for evacuation
[2020-05-20T11:17:31.829+0000][1084][gc,age       ] GC(47) Desired survivor size 3670016 bytes, new threshold 5 (max threshold 15)
[2020-05-20T11:17:32.499+0000][1084][gc,age       ] GC(47) Age table with threshold 5 (max threshold 15)
[2020-05-20T11:17:32.499+0000][1084][gc,age       ] GC(47) - age   1:     389040 bytes,     389040 total
[2020-05-20T11:17:32.499+0000][1084][gc,age       ] GC(47) - age   2:    3170008 bytes,    3559048 total
[2020-05-20T11:17:32.499+0000][1084][gc,age       ] GC(47) - age   3:       5216 bytes,    3564264 total
[2020-05-20T11:17:32.499+0000][1084][gc,age       ] GC(47) - age   5:     131728 bytes,    3695992 total
[2020-05-20T11:17:32.499+0000][1084][gc,mmu       ] GC(47) MMU target violated: 201.0ms (200.0ms/201.0ms)
[2020-05-20T11:17:32.499+0000][1084][gc,phases    ] GC(47)   Pre Evacuate Collection Set: 0.2ms
[2020-05-20T11:17:32.499+0000][1084][gc,phases    ] GC(47)   Merge Heap Roots: 0.1ms
[2020-05-20T11:17:32.499+0000][1084][gc,phases    ] GC(47)   Evacuate Collection Set: 655.9ms
[2020-05-20T11:17:32.499+0000][1084][gc,phases    ] GC(47)   Post Evacuate Collection Set: 13.9ms
[2020-05-20T11:17:32.499+0000][1084][gc,phases    ] GC(47)   Other: 20.3ms
[2020-05-20T11:17:32.499+0000][1084][gc,heap      ] GC(47) Eden regions: 46->0(47)
[2020-05-20T11:17:32.499+0000][1084][gc,heap      ] GC(47) Survivor regions: 5->4(7)
[2020-05-20T11:17:32.499+0000][1084][gc,heap      ] GC(47) Old regions: 82->83
[2020-05-20T11:17:32.499+0000][1084][gc,heap      ] GC(47) Archive regions: 0->0
[2020-05-20T11:17:32.499+0000][1084][gc,heap      ] GC(47) Humongous regions: 10->10
[2020-05-20T11:17:32.499+0000][1084][gc,metaspace ] GC(47) Metaspace: 99406K(107160K)->99406K(107160K) NonClass: 86511K(91012K)->86511K(91012K) Class: 12895K(16148K)->12895K(16148K)
[2020-05-20T11:17:32.500+0000][1084][gc           ] GC(47) Pause Young (Normal) (G1 Evacuation Pause) 142M->96M(1024M) 670.775ms
[2020-05-20T11:17:32.500+0000][1084][gc,cpu       ] GC(47) User=0.13s Sys=0.08s Real=0.67s
[2020-05-20T11:17:32.500+0000][1084][safepoint    ] Safepoint "G1CollectForAllocation", Time since last: 248021222 ns, Reaching safepoint: 65219559 ns, At safepoint: 691502628 ns, Total: 756722187 ns
[2020-05-20T11:17:34.500+0000][1084][safepoint    ] Safepoint "Cleanup", Time since last: 2000014377 ns, Reaching safepoint: 405796 ns, At safepoint: 58899 ns, Total: 464695 ns
[2020-05-20T11:17:35.501+0000][1084][safepoint    ] Safepoint "Cleanup", Time since last: 1000330202 ns, Reaching safepoint: 182260 ns, At safepoint: 8348 ns, Total: 190608 ns
[2020-05-20T11:17:36.502+0000][1084][safepoint    ] Safepoint "Cleanup", Time since last: 1000332521 ns, Reaching safepoint: 163710 ns, At safepoint: 8811 ns, Total: 172521 ns
[2020-05-20T11:17:37.503+0000][1084][safepoint    ] Safepoint "Cleanup", Time since last: 1000727651 ns, Reaching safepoint: 132637 ns, At safepoint: 5565 ns, Total: 138202 ns
[2020-05-20T11:17:39.504+0000][1084][safepoint    ] Safepoint "Cleanup", Time since last: 2000815303 ns, Reaching safepoint: 140058 ns, At safepoint: 5101 ns, Total: 145159 ns
[2020-05-20T11:17:40.504+0000][1084][safepoint    ] Safepoint "Cleanup", Time since last: 1000084406 ns, Reaching safepoint: 178086 ns, At safepoint: 12522 ns, Total: 190608 ns
[2020-05-20T11:17:41.504+0000][1084][safepoint    ] Safepoint "Cleanup", Time since last: 1000308869 ns, Reaching safepoint: 132637 ns, At safepoint: 6029 ns, Total: 138666 ns
[2020-05-20T11:17:42.505+0000][1084][safepoint    ] Safepoint "Cleanup", Time since last: 1000715593 ns, Reaching safepoint: 158144 ns, At safepoint: 11594 ns, Total: 169738 ns
[2020-05-20T11:17:43.510+0000][1084][safepoint    ] Safepoint "Cleanup", Time since last: 1004419700 ns, Reaching safepoint: 156290 ns, At safepoint: 6029 ns, Total: 162319 ns
[2020-05-20T11:17:44.510+0000][1084][safepoint    ] Safepoint "Cleanup", Time since last: 1000214260 ns, Reaching safepoint: 112232 ns, At safepoint: 4637 ns, Total: 116869 ns
[2020-05-20T11:17:45.510+0000][1084][safepoint    ] Safepoint "Cleanup", Time since last: 1000016696 ns, Reaching safepoint: 128000 ns, At safepoint: 6492 ns, Total: 134492 ns
[2020-05-20T11:17:46.511+0000][1084][safepoint    ] Safepoint "Cleanup", Time since last: 1000413217 ns, Reaching safepoint: 140057 ns, At safepoint: 8348 ns, Total: 148405 ns
[2020-05-20T11:17:47.511+0000][1084][safepoint    ] Safepoint "Cleanup", Time since last: 1000318144 ns, Reaching safepoint: 147015 ns, At safepoint: 8347 ns, Total: 155362 ns
[2020-05-20T11:17:48.512+0000][1084][safepoint    ] Safepoint "Cleanup", Time since last: 1000896462 ns, Reaching safepoint: 136811 ns, At safepoint: 6957 ns, Total: 143768 ns
[2020-05-20T11:17:50.513+0000][1084][safepoint    ] Safepoint "Cleanup", Time since last: 2000249970 ns, Reaching safepoint: 130319 ns, At safepoint: 5101 ns, Total: 135420 ns
[2020-05-20T11:17:52.513+0000][1084][safepoint    ] Safepoint "Cleanup", Time since last: 1999911885 ns, Reaching safepoint: 148405 ns, At safepoint: 7420 ns, Total: 155825 ns
[2020-05-20T11:17:53.513+0000][1084][safepoint    ] Safepoint "Cleanup", Time since last: 1000313507 ns, Reaching safepoint: 134492 ns, At safepoint: 5565 ns, Total: 140057 ns
[2020-05-20T11:17:54.513+0000][1084][safepoint    ] Safepoint "Cleanup", Time since last: 1000004174 ns, Reaching safepoint: 151652 ns, At safepoint: 9276 ns, Total: 160928 ns
[2020-05-20T11:17:55.514+0000][1084][safepoint    ] Safepoint "Cleanup", Time since last: 1000649273 ns, Reaching safepoint: 84406 ns, At safepoint: 3246 ns, Total: 87652 ns
[2020-05-20T11:17:56.515+0000][1084][safepoint    ] Safepoint "Cleanup", Time since last: 1000160464 ns, Reaching safepoint: 114086 ns, At safepoint: 3711 ns, Total: 117797 ns
[2020-05-20T11:17:57.515+0000][1084][safepoint    ] Safepoint "Cleanup", Time since last: 1000735998 ns, Reaching safepoint: 203594 ns, At safepoint: 15304 ns, Total: 218898 ns
[2020-05-20T11:17:58.516+0000][1084][safepoint    ] Safepoint "Cleanup", Time since last: 1000292637 ns, Reaching safepoint: 424347 ns, At safepoint: 6956 ns, Total: 431303 ns
[2020-05-20T11:17:59.516+0000][1084][safepoint    ] Safepoint "Cleanup", Time since last: 1000108522 ns, Reaching safepoint: 148869 ns, At safepoint: 10203 ns, Total: 159072 ns
[2020-05-20T11:18:00.517+0000][1084][safepoint    ] Safepoint "Cleanup", Time since last: 1000573680 ns, Reaching safepoint: 730433 ns, At safepoint: 7884 ns, Total: 738317 ns
[2020-05-20T11:18:01.518+0000][1084][safepoint    ] Safepoint "Cleanup", Time since last: 1000424810 ns, Reaching safepoint: 140522 ns, At safepoint: 6029 ns, Total: 146551 ns
[2020-05-20T11:18:02.519+0000][1084][safepoint    ] Safepoint "Cleanup", Time since last: 1000313506 ns, Reaching safepoint: 139130 ns, At safepoint: 8348 ns, Total: 147478 ns
[2020-05-20T11:18:03.519+0000][1084][safepoint    ] Safepoint "Cleanup", Time since last: 1000023189 ns, Reaching safepoint: 147477 ns, At safepoint: 8348 ns, Total: 155825 ns
[2020-05-20T11:18:05.519+0000][1084][safepoint    ] Safepoint "Cleanup", Time since last: 2000251826 ns, Reaching safepoint: 121043 ns, At safepoint: 6029 ns, Total: 127072 ns
[2020-05-20T11:18:07.520+0000][1084][safepoint    ] Safepoint "Cleanup", Time since last: 2000885331 ns, Reaching safepoint: 135884 ns, At safepoint: 5565 ns, Total: 141449 ns
[2020-05-20T11:18:07.586+0000][1084][gc,start     ] GC(48) Pause Young (Normal) (G1 Evacuation Pause)
[2020-05-20T11:18:07.586+0000][1084][gc,task      ] GC(48) Using 4 workers of 4 for evacuation
[2020-05-20T11:18:07.586+0000][1084][gc,age       ] GC(48) Desired survivor size 3670016 bytes, new threshold 5 (max threshold 15)
[2020-05-20T11:18:07.627+0000][1084][gc,age       ] GC(48) Age table with threshold 5 (max threshold 15)
[2020-05-20T11:18:07.627+0000][1084][gc,age       ] GC(48) - age   1:      81088 bytes,      81088 total
[2020-05-20T11:18:07.627+0000][1084][gc,age       ] GC(48) - age   2:     307448 bytes,     388536 total
[2020-05-20T11:18:07.627+0000][1084][gc,age       ] GC(48) - age   3:    3158744 bytes,    3547280 total
[2020-05-20T11:18:07.627+0000][1084][gc,age       ] GC(48) - age   4:       5216 bytes,    3552496 total
[2020-05-20T11:18:07.627+0000][1084][gc,phases    ] GC(48)   Pre Evacuate Collection Set: 0.3ms
[2020-05-20T11:18:07.627+0000][1084][gc,phases    ] GC(48)   Merge Heap Roots: 0.1ms
[2020-05-20T11:18:07.627+0000][1084][gc,phases    ] GC(48)   Evacuate Collection Set: 39.0ms
[2020-05-20T11:18:07.627+0000][1084][gc,phases    ] GC(48)   Post Evacuate Collection Set: 1.7ms
[2020-05-20T11:18:07.627+0000][1084][gc,phases    ] GC(48)   Other: 0.6ms
[2020-05-20T11:18:07.627+0000][1084][gc,heap      ] GC(48) Eden regions: 47->0(47)
[2020-05-20T11:18:07.628+0000][1084][gc,heap      ] GC(48) Survivor regions: 4->4(7)
[2020-05-20T11:18:07.628+0000][1084][gc,heap      ] GC(48) Old regions: 83->84
[2020-05-20T11:18:07.628+0000][1084][gc,heap      ] GC(48) Archive regions: 0->0
[2020-05-20T11:18:07.628+0000][1084][gc,heap      ] GC(48) Humongous regions: 10->10
[2020-05-20T11:18:07.628+0000][1084][gc,metaspace ] GC(48) Metaspace: 99416K(107160K)->99416K(107160K) NonClass: 86520K(91012K)->86520K(91012K) Class: 12896K(16148K)->12896K(16148K)
[2020-05-20T11:18:07.628+0000][1084][gc           ] GC(48) Pause Young (Normal) (G1 Evacuation Pause) 143M->96M(1024M) 42.157ms
[2020-05-20T11:18:07.628+0000][1084][gc,cpu       ] GC(48) User=0.00s Sys=0.00s Real=0.04s
[2020-05-20T11:18:07.628+0000][1084][safepoint    ] Safepoint "G1CollectForAllocation", Time since last: 65247385 ns, Reaching safepoint: 128000 ns, At safepoint: 42466220 ns, Total: 42594220 ns
[2020-05-20T11:18:09.629+0000][1084][safepoint    ] Safepoint "Cleanup", Time since last: 2000168348 ns, Reaching safepoint: 131709 ns, At safepoint: 5566 ns, Total: 137275 ns
[2020-05-20T11:18:10.629+0000][1084][safepoint    ] Safepoint "Cleanup", Time since last: 1000449390 ns, Reaching safepoint: 101101 ns, At safepoint: 2783 ns, Total: 103884 ns
[2020-05-20T11:18:11.630+0000][1084][safepoint    ] Safepoint "Cleanup", Time since last: 1000517564 ns, Reaching safepoint: 142376 ns, At safepoint: 4638 ns, Total: 147014 ns
[2020-05-20T11:18:12.630+0000][1084][safepoint    ] Safepoint "Cleanup", Time since last: 1000106666 ns, Reaching safepoint: 145623 ns, At safepoint: 5565 ns, Total: 151188 ns
[2020-05-20T11:18:13.630+0000][1084][safepoint    ] Safepoint "Cleanup", Time since last: 1000232811 ns, Reaching safepoint: 132174 ns, At safepoint: 5565 ns, Total: 137739 ns
[2020-05-20T11:18:15.631+0000][1084][safepoint    ] Safepoint "Cleanup", Time since last: 2000806955 ns, Reaching safepoint: 117333 ns, At safepoint: 6493 ns, Total: 123826 ns
[2020-05-20T11:18:16.632+0000][1084][safepoint    ] Safepoint "Cleanup", Time since last: 1000198028 ns, Reaching safepoint: 161855 ns, At safepoint: 7884 ns, Total: 169739 ns
[2020-05-20T11:18:17.632+0000][1084][safepoint    ] Safepoint "Cleanup", Time since last: 1000542144 ns, Reaching safepoint: 240695 ns, At safepoint: 9739 ns, Total: 250434 ns
[2020-05-20T11:18:18.633+0000][1084][safepoint    ] Safepoint "Cleanup", Time since last: 1000002782 ns, Reaching safepoint: 155826 ns, At safepoint: 8812 ns, Total: 164638 ns
[2020-05-20T11:18:19.633+0000][1084][safepoint    ] Safepoint "Cleanup", Time since last: 1000441042 ns, Reaching safepoint: 184116 ns, At safepoint: 8348 ns, Total: 192464 ns
[2020-05-20T11:18:21.634+0000][1084][safepoint    ] Safepoint "Cleanup", Time since last: 2000890896 ns, Reaching safepoint: 160000 ns, At safepoint: 11130 ns, Total: 171130 ns
[2020-05-20T11:18:22.635+0000][1084][safepoint    ] Safepoint "Cleanup", Time since last: 1000565796 ns, Reaching safepoint: 139594 ns, At safepoint: 6029 ns, Total: 145623 ns
[2020-05-20T11:18:23.635+0000][1084][safepoint    ] Safepoint "Cleanup", Time since last: 1000170666 ns, Reaching safepoint: 113623 ns, At safepoint: 5565 ns, Total: 119188 ns
[2020-05-20T11:18:24.636+0000][1084][safepoint    ] Safepoint "Cleanup", Time since last: 1000840810 ns, Reaching safepoint: 116869 ns, At safepoint: 6029 ns, Total: 122898 ns
[2020-05-20T11:18:25.637+0000][1084][safepoint    ] Safepoint "Cleanup", Time since last: 1000319535 ns, Reaching safepoint: 186899 ns, At safepoint: 9739 ns, Total: 196638 ns
[2020-05-20T11:18:26.637+0000][1084][safepoint    ] Safepoint "Cleanup", Time since last: 1000386781 ns, Reaching safepoint: 180870 ns, At safepoint: 9275 ns, Total: 190145 ns
[2020-05-20T11:18:26.923+0000][1084][safepoint    ] Safepoint "BulkRevokeBias", Time since last: 262773651 ns, Reaching safepoint: 243014 ns, At safepoint: 23067309 ns, Total: 23310323 ns
[2020-05-20T11:18:27.925+0000][1084][safepoint    ] Safepoint "Cleanup", Time since last: 1001019824 ns, Reaching safepoint: 143304 ns, At safepoint: 6029 ns, Total: 149333 ns
[2020-05-20T11:18:28.925+0000][1084][safepoint    ] Safepoint "Cleanup", Time since last: 1000052406 ns, Reaching safepoint: 171593 ns, At safepoint: 5566 ns, Total: 177159 ns
[2020-05-20T11:18:29.926+0000][1084][safepoint    ] Safepoint "Cleanup", Time since last: 1000602433 ns, Reaching safepoint: 148869 ns, At safepoint: 7884 ns, Total: 156753 ns
[2020-05-20T11:18:30.926+0000][1084][safepoint    ] Safepoint "Cleanup", Time since last: 1000036174 ns, Reaching safepoint: 124290 ns, At safepoint: 5565 ns, Total: 129855 ns
[2020-05-20T11:18:31.926+0000][1084][safepoint    ] Safepoint "Cleanup", Time since last: 1000119652 ns, Reaching safepoint: 97391 ns, At safepoint: 2782 ns, Total: 100173 ns
[2020-05-20T11:18:32.927+0000][1084][safepoint    ] Safepoint "Cleanup", Time since last: 1000813912 ns, Reaching safepoint: 116405 ns, At safepoint: 3710 ns, Total: 120115 ns
[2020-05-20T11:18:33.927+0000][1084][safepoint    ] Safepoint "Cleanup", Time since last: 1000221681 ns, Reaching safepoint: 187826 ns, At safepoint: 4173 ns, Total: 191999 ns
[2020-05-20T11:18:34.928+0000][1084][safepoint    ] Safepoint "Cleanup", Time since last: 1000770318 ns, Reaching safepoint: 93680 ns, At safepoint: 3247 ns, Total: 96927 ns
[2020-05-20T11:18:36.929+0000][1084][safepoint    ] Safepoint "Cleanup", Time since last: 2000580636 ns, Reaching safepoint: 130319 ns, At safepoint: 2782 ns, Total: 133101 ns
[2020-05-20T11:18:37.929+0000][1084][safepoint    ] Safepoint "Cleanup", Time since last: 1000221681 ns, Reaching safepoint: 82087 ns, At safepoint: 2782 ns, Total: 84869 ns
[2020-05-20T11:18:38.930+0000][1084][safepoint    ] Safepoint "Cleanup", Time since last: 1000340405 ns, Reaching safepoint: 157217 ns, At safepoint: 4174 ns, Total: 161391 ns
[2020-05-20T11:18:39.931+0000][1084][safepoint    ] Safepoint "Cleanup", Time since last: 1000791651 ns, Reaching safepoint: 90898 ns, At safepoint: 2783 ns, Total: 93681 ns
[2020-05-20T11:18:41.840+0000][1084][safepoint    ] Safepoint "Cleanup", Time since last: 1909111862 ns, Reaching safepoint: 109449 ns, At safepoint: 4638 ns, Total: 114087 ns
[2020-05-20T11:18:42.840+0000][1084][safepoint    ] Safepoint "Cleanup", Time since last: 1000405333 ns, Reaching safepoint: 114550 ns, At safepoint: 2783 ns, Total: 117333 ns
[2020-05-20T11:18:43.913+0000][1084][safepoint    ] Safepoint "Cleanup", Time since last: 1000191535 ns, Reaching safepoint: 72693629 ns, At safepoint: 38956 ns, Total: 72732585 ns
[2020-05-20T11:18:44.430+0000][1084][gc,start     ] GC(49) Pause Young (Normal) (G1 Evacuation Pause)
[2020-05-20T11:18:44.430+0000][1084][gc,task      ] GC(49) Using 4 workers of 4 for evacuation
[2020-05-20T11:18:44.431+0000][1084][gc,age       ] GC(49) Desired survivor size 3670016 bytes, new threshold 15 (max threshold 15)
[2020-05-20T11:18:44.645+0000][1084][gc,age       ] GC(49) Age table with threshold 15 (max threshold 15)
[2020-05-20T11:18:44.646+0000][1084][gc,age       ] GC(49) - age   1:      86200 bytes,      86200 total
[2020-05-20T11:18:44.646+0000][1084][gc,age       ] GC(49) - age   2:       3136 bytes,      89336 total
[2020-05-20T11:18:44.646+0000][1084][gc,age       ] GC(49) - age   3:     302496 bytes,     391832 total
[2020-05-20T11:18:44.646+0000][1084][gc,age       ] GC(49) - age   4:    3158584 bytes,    3550416 total
[2020-05-20T11:18:44.646+0000][1084][gc,age       ] GC(49) - age   5:       5216 bytes,    3555632 total
[2020-05-20T11:18:44.646+0000][1084][gc,mmu       ] GC(49) MMU target violated: 201.0ms (200.0ms/201.0ms)
[2020-05-20T11:18:44.646+0000][1084][gc,phases    ] GC(49)   Pre Evacuate Collection Set: 0.2ms
[2020-05-20T11:18:44.646+0000][1084][gc,phases    ] GC(49)   Merge Heap Roots: 0.1ms
[2020-05-20T11:18:44.646+0000][1084][gc,phases    ] GC(49)   Evacuate Collection Set: 214.2ms
[2020-05-20T11:18:44.646+0000][1084][gc,phases    ] GC(49)   Post Evacuate Collection Set: 0.8ms
[2020-05-20T11:18:44.646+0000][1084][gc,phases    ] GC(49)   Other: 0.8ms
[2020-05-20T11:18:44.646+0000][1084][gc,heap      ] GC(49) Eden regions: 47->0(47)
[2020-05-20T11:18:44.646+0000][1084][gc,heap      ] GC(49) Survivor regions: 4->4(7)
[2020-05-20T11:18:44.646+0000][1084][gc,heap      ] GC(49) Old regions: 84->84
[2020-05-20T11:18:44.646+0000][1084][gc,heap      ] GC(49) Archive regions: 0->0
[2020-05-20T11:18:44.646+0000][1084][gc,heap      ] GC(49) Humongous regions: 10->10
[2020-05-20T11:18:44.646+0000][1084][gc,metaspace ] GC(49) Metaspace: 99418K(107160K)->99418K(107160K) NonClass: 86522K(91012K)->86522K(91012K) Class: 12896K(16148K)->12896K(16148K)
[2020-05-20T11:18:44.646+0000][1084][gc           ] GC(49) Pause Young (Normal) (G1 Evacuation Pause) 143M->96M(1024M) 216.408ms
[2020-05-20T11:18:44.646+0000][1084][gc,cpu       ] GC(49) User=0.17s Sys=0.00s Real=0.22s
[2020-05-20T11:18:44.647+0000][1084][safepoint    ] Safepoint "G1CollectForAllocation", Time since last: 414463503 ns, Reaching safepoint: 101999532 ns, At safepoint: 217232655 ns, Total: 319232187 ns
[2020-05-20T11:18:50.650+0000][1084][safepoint    ] Safepoint "Cleanup", Time since last: 6002618893 ns, Reaching safepoint: 217970 ns, At safepoint: 11131 ns, Total: 229101 ns
[2020-05-20T11:19:07.935+0000][1084][safepoint    ] Safepoint "Cleanup", Time since last: 17284717716 ns, Reaching safepoint: 187362 ns, At safepoint: 8348 ns, Total: 195710 ns
[2020-05-20T11:19:10.936+0000][1084][safepoint    ] Safepoint "Cleanup", Time since last: 3001051360 ns, Reaching safepoint: 158608 ns, At safepoint: 6957 ns, Total: 165565 ns
[2020-05-20T11:19:13.937+0000][1084][safepoint    ] Safepoint "Cleanup", Time since last: 3001164519 ns, Reaching safepoint: 140521 ns, At safepoint: 50551 ns, Total: 191072 ns
[2020-05-20T11:19:15.938+0000][1084][safepoint    ] Safepoint "Cleanup", Time since last: 2000371941 ns, Reaching safepoint: 138203 ns, At safepoint: 10666 ns, Total: 148869 ns
[2020-05-20T11:19:16.939+0000][1084][safepoint    ] Safepoint "Cleanup", Time since last: 1000624231 ns, Reaching safepoint: 128927 ns, At safepoint: 8348 ns, Total: 137275 ns
[2020-05-20T11:19:22.790+0000][1084][gc,start     ] GC(50) Pause Young (Normal) (G1 Evacuation Pause)
[2020-05-20T11:19:22.790+0000][1084][gc,task      ] GC(50) Using 4 workers of 4 for evacuation
[2020-05-20T11:19:22.790+0000][1084][gc,age       ] GC(50) Desired survivor size 3670016 bytes, new threshold 15 (max threshold 15)
[2020-05-20T11:19:22.794+0000][1084][gc,age       ] GC(50) Age table with threshold 15 (max threshold 15)
[2020-05-20T11:19:22.794+0000][1084][gc,age       ] GC(50) - age   1:      80896 bytes,      80896 total
[2020-05-20T11:19:22.794+0000][1084][gc,age       ] GC(50) - age   2:        864 bytes,      81760 total
[2020-05-20T11:19:22.794+0000][1084][gc,age       ] GC(50) - age   3:       2592 bytes,      84352 total
[2020-05-20T11:19:22.794+0000][1084][gc,age       ] GC(50) - age   4:     302496 bytes,     386848 total
[2020-05-20T11:19:22.794+0000][1084][gc,age       ] GC(50) - age   5:    3158584 bytes,    3545432 total
[2020-05-20T11:19:22.794+0000][1084][gc,age       ] GC(50) - age   6:       5216 bytes,    3550648 total
[2020-05-20T11:19:22.794+0000][1084][gc,phases    ] GC(50)   Pre Evacuate Collection Set: 0.2ms
[2020-05-20T11:19:22.794+0000][1084][gc,phases    ] GC(50)   Merge Heap Roots: 0.1ms
[2020-05-20T11:19:22.794+0000][1084][gc,phases    ] GC(50)   Evacuate Collection Set: 2.3ms
[2020-05-20T11:19:22.794+0000][1084][gc,phases    ] GC(50)   Post Evacuate Collection Set: 0.7ms
[2020-05-20T11:19:22.794+0000][1084][gc,phases    ] GC(50)   Other: 0.5ms
[2020-05-20T11:19:22.794+0000][1084][gc,heap      ] GC(50) Eden regions: 47->0(47)
[2020-05-20T11:19:22.794+0000][1084][gc,heap      ] GC(50) Survivor regions: 4->4(7)
[2020-05-20T11:19:22.794+0000][1084][gc,heap      ] GC(50) Old regions: 84->84
[2020-05-20T11:19:22.794+0000][1084][gc,heap      ] GC(50) Archive regions: 0->0
[2020-05-20T11:19:22.794+0000][1084][gc,heap      ] GC(50) Humongous regions: 10->10
[2020-05-20T11:19:22.794+0000][1084][gc,metaspace ] GC(50) Metaspace: 99421K(107160K)->99421K(107160K) NonClass: 86524K(91012K)->86524K(91012K) Class: 12896K(16148K)->12896K(16148K)
[2020-05-20T11:19:22.794+0000][1084][gc           ] GC(50) Pause Young (Normal) (G1 Evacuation Pause) 143M->96M(1024M) 4.009ms
[2020-05-20T11:19:22.794+0000][1084][gc,cpu       ] GC(50) User=0.05s Sys=0.00s Real=0.00s
[2020-05-20T11:19:22.794+0000][1084][safepoint    ] Safepoint "G1CollectForAllocation", Time since last: 5851758720 ns, Reaching safepoint: 93681 ns, At safepoint: 4214251 ns, Total: 4307932 ns
[2020-05-20T11:19:37.803+0000][1084][safepoint    ] Safepoint "Cleanup", Time since last: 15007772272 ns, Reaching safepoint: 138666 ns, At safepoint: 8812 ns, Total: 147478 ns
[2020-05-20T11:19:55.812+0000][1084][safepoint    ] Safepoint "Cleanup", Time since last: 18008937718 ns, Reaching safepoint: 159073 ns, At safepoint: 5101 ns, Total: 164174 ns
[2020-05-20T11:19:56.812+0000][1084][safepoint    ] Safepoint "Cleanup", Time since last: 1000447071 ns, Reaching safepoint: 96464 ns, At safepoint: 7420 ns, Total: 103884 ns
[2020-05-20T11:19:59.838+0000][1084][safepoint    ] Safepoint "Cleanup", Time since last: 3001220635 ns, Reaching safepoint: 24166901 ns, At safepoint: 24115 ns, Total: 24191016 ns
[2020-05-20T11:20:02.890+0000][1084][gc,start     ] GC(51) Pause Young (Normal) (G1 Evacuation Pause)
[2020-05-20T11:20:02.890+0000][1084][gc,task      ] GC(51) Using 4 workers of 4 for evacuation
[2020-05-20T11:20:02.890+0000][1084][gc,age       ] GC(51) Desired survivor size 3670016 bytes, new threshold 15 (max threshold 15)
[2020-05-20T11:20:02.909+0000][1084][gc,age       ] GC(51) Age table with threshold 15 (max threshold 15)
[2020-05-20T11:20:02.909+0000][1084][gc,age       ] GC(51) - age   1:      84632 bytes,      84632 total
[2020-05-20T11:20:02.909+0000][1084][gc,age       ] GC(51) - age   2:        872 bytes,      85504 total
[2020-05-20T11:20:02.909+0000][1084][gc,age       ] GC(51) - age   3:        512 bytes,      86016 total
[2020-05-20T11:20:02.909+0000][1084][gc,age       ] GC(51) - age   4:       2432 bytes,      88448 total
[2020-05-20T11:20:02.909+0000][1084][gc,age       ] GC(51) - age   5:     302496 bytes,     390944 total
[2020-05-20T11:20:02.909+0000][1084][gc,age       ] GC(51) - age   6:    3158584 bytes,    3549528 total
[2020-05-20T11:20:02.909+0000][1084][gc,age       ] GC(51) - age   7:       5216 bytes,    3554744 total
[2020-05-20T11:20:02.909+0000][1084][gc,phases    ] GC(51)   Pre Evacuate Collection Set: 11.8ms
[2020-05-20T11:20:02.909+0000][1084][gc,phases    ] GC(51)   Merge Heap Roots: 0.1ms
[2020-05-20T11:20:02.909+0000][1084][gc,phases    ] GC(51)   Evacuate Collection Set: 2.3ms
[2020-05-20T11:20:02.909+0000][1084][gc,phases    ] GC(51)   Post Evacuate Collection Set: 4.7ms
[2020-05-20T11:20:02.909+0000][1084][gc,phases    ] GC(51)   Other: 0.5ms
[2020-05-20T11:20:02.909+0000][1084][gc,heap      ] GC(51) Eden regions: 47->0(610)
[2020-05-20T11:20:02.909+0000][1084][gc,heap      ] GC(51) Survivor regions: 4->4(7)
[2020-05-20T11:20:02.909+0000][1084][gc,heap      ] GC(51) Old regions: 84->84
[2020-05-20T11:20:02.909+0000][1084][gc,heap      ] GC(51) Archive regions: 0->0
[2020-05-20T11:20:02.909+0000][1084][gc,heap      ] GC(51) Humongous regions: 10->10
[2020-05-20T11:20:02.909+0000][1084][gc,metaspace ] GC(51) Metaspace: 99428K(107160K)->99428K(107160K) NonClass: 86531K(91012K)->86531K(91012K) Class: 12896K(16148K)->12896K(16148K)
[2020-05-20T11:20:02.909+0000][1084][gc           ] GC(51) Pause Young (Normal) (G1 Evacuation Pause) 143M->96M(1024M) 19.735ms
[2020-05-20T11:20:02.909+0000][1084][gc,cpu       ] GC(51) User=0.06s Sys=0.00s Real=0.02s
[2020-05-20T11:20:02.909+0000][1084][safepoint    ] Safepoint "G1CollectForAllocation", Time since last: 3052341212 ns, Reaching safepoint: 83015 ns, At safepoint: 19929924 ns, Total: 20012939 ns
[2020-05-20T11:20:05.912+0000][1084][safepoint    ] Safepoint "Cleanup", Time since last: 3002102256 ns, Reaching safepoint: 140058 ns, At safepoint: 7884 ns, Total: 147942 ns
[2020-05-20T11:20:07.913+0000][1084][safepoint    ] Safepoint "Cleanup", Time since last: 2001085215 ns, Reaching safepoint: 141449 ns, At safepoint: 6493 ns, Total: 147942 ns
[2020-05-20T11:20:09.914+0000][1084][safepoint    ] Safepoint "Cleanup", Time since last: 2000806954 ns, Reaching safepoint: 105275 ns, At safepoint: 6493 ns, Total: 111768 ns
[2020-05-20T11:20:10.915+0000][1084][safepoint    ] Safepoint "Cleanup", Time since last: 1000755477 ns, Reaching safepoint: 125217 ns, At safepoint: 6493 ns, Total: 131710 ns
[2020-05-20T11:20:13.916+0000][1084][safepoint    ] Safepoint "Cleanup", Time since last: 3000566259 ns, Reaching safepoint: 146551 ns, At safepoint: 7420 ns, Total: 153971 ns
[2020-05-20T11:20:14.917+0000][1084][safepoint    ] Safepoint "Cleanup", Time since last: 1000538897 ns, Reaching safepoint: 276405 ns, At safepoint: 6957 ns, Total: 283362 ns
[2020-05-20T11:20:19.919+0000][1084][safepoint    ] Safepoint "Cleanup", Time since last: 5002184806 ns, Reaching safepoint: 129391 ns, At safepoint: 8348 ns, Total: 137739 ns
[2020-05-20T11:20:44.931+0000][1084][safepoint    ] Safepoint "Cleanup", Time since last: 25012017595 ns, Reaching safepoint: 167420 ns, At safepoint: 8812 ns, Total: 176232 ns
[2020-05-20T11:20:52.935+0000][1084][safepoint    ] Safepoint "Cleanup", Time since last: 8003610890 ns, Reaching safepoint: 113623 ns, At safepoint: 5565 ns, Total: 119188 ns
[2020-05-20T11:21:05.016+0000][1084][safepoint    ] Safepoint "Cleanup", Time since last: 12005615755 ns, Reaching safepoint: 74844580 ns, At safepoint: 125681 ns, Total: 74970261 ns
[2020-05-20T11:21:15.020+0000][1084][safepoint    ] Safepoint "Cleanup", Time since last: 10004055179 ns, Reaching safepoint: 105739 ns, At safepoint: 13449 ns, Total: 119188 ns
[2020-05-20T11:21:38.032+0000][1084][safepoint    ] Safepoint "Cleanup", Time since last: 23011814002 ns, Reaching safepoint: 214724 ns, At safepoint: 9275 ns, Total: 223999 ns
[2020-05-20T11:22:12.042+0000][1084][safepoint    ] Safepoint "Cleanup", Time since last: 34009977485 ns, Reaching safepoint: 175303 ns, At safepoint: 7421 ns, Total: 182724 ns
[2020-05-20T11:22:39.185+0000][1084][safepoint    ] Safepoint "Cleanup", Time since last: 27011770871 ns, Reaching safepoint: 131523869 ns, At safepoint: 69565 ns, Total: 131593434 ns
[2020-05-20T11:22:56.192+0000][1084][safepoint    ] Safepoint "Cleanup", Time since last: 17006360101 ns, Reaching safepoint: 159072 ns, At safepoint: 6029 ns, Total: 165101 ns
[2020-05-20T11:22:58.247+0000][1084][safepoint    ] Safepoint "Cleanup", Time since last: 2000608463 ns, Reaching safepoint: 53902715 ns, At safepoint: 368695 ns, Total: 54271410 ns
[2020-05-20T11:23:00.268+0000][1084][safepoint    ] Safepoint "Cleanup", Time since last: 2000375651 ns, Reaching safepoint: 21103719 ns, At safepoint: 18087 ns, Total: 21121806 ns
[2020-05-20T11:23:01.342+0000][1084][safepoint    ] Safepoint "Cleanup", Time since last: 1000771709 ns, Reaching safepoint: 73049801 ns, At safepoint: 15768 ns, Total: 73065569 ns
[2020-05-20T11:23:02.343+0000][1084][safepoint    ] Safepoint "Cleanup", Time since last: 1000779129 ns, Reaching safepoint: 110377 ns, At safepoint: 4637 ns, Total: 115014 ns
[2020-05-20T11:23:03.344+0000][1084][safepoint    ] Safepoint "Cleanup", Time since last: 1000358028 ns, Reaching safepoint: 119652 ns, At safepoint: 4638 ns, Total: 124290 ns
[2020-05-20T11:23:04.344+0000][1084][safepoint    ] Safepoint "Cleanup", Time since last: 1000329275 ns, Reaching safepoint: 98782 ns, At safepoint: 5565 ns, Total: 104347 ns
[2020-05-20T11:23:05.344+0000][1084][safepoint    ] Safepoint "Cleanup", Time since last: 1000300985 ns, Reaching safepoint: 87652 ns, At safepoint: 3246 ns, Total: 90898 ns
[2020-05-20T11:23:06.345+0000][1084][safepoint    ] Safepoint "Cleanup", Time since last: 1000215652 ns, Reaching safepoint: 140058 ns, At safepoint: 7420 ns, Total: 147478 ns
[2020-05-20T11:23:08.345+0000][1084][safepoint    ] Safepoint "Cleanup", Time since last: 2000317217 ns, Reaching safepoint: 117333 ns, At safepoint: 6029 ns, Total: 123362 ns
[2020-05-20T11:23:09.346+0000][1084][safepoint    ] Safepoint "Cleanup", Time since last: 1000703998 ns, Reaching safepoint: 105275 ns, At safepoint: 4174 ns, Total: 109449 ns
[2020-05-20T11:23:10.347+0000][1084][safepoint    ] Safepoint "Cleanup", Time since last: 1000435477 ns, Reaching safepoint: 122899 ns, At safepoint: 6029 ns, Total: 128928 ns
[2020-05-20T11:23:11.378+0000][1084][safepoint    ] Safepoint "Cleanup", Time since last: 1000612172 ns, Reaching safepoint: 30980566 ns, At safepoint: 16232 ns, Total: 30996798 ns
[2020-05-20T11:23:12.379+0000][1084][safepoint    ] Safepoint "Cleanup", Time since last: 1000480462 ns, Reaching safepoint: 130783 ns, At safepoint: 5101 ns, Total: 135884 ns
[2020-05-20T11:23:13.413+0000][1084][safepoint    ] Safepoint "Cleanup", Time since last: 1000851940 ns, Reaching safepoint: 33003054 ns, At safepoint: 37101 ns, Total: 33040155 ns
[2020-05-20T11:23:14.558+0000][1084][safepoint    ] Safepoint "Cleanup", Time since last: 1000792578 ns, Reaching safepoint: 145121983 ns, At safepoint: 193390 ns, Total: 145315373 ns
[2020-05-20T11:23:15.564+0000][1084][safepoint    ] Safepoint "Cleanup", Time since last: 1000344579 ns, Reaching safepoint: 5107003 ns, At safepoint: 17623 ns, Total: 5124626 ns
[2020-05-20T11:23:16.610+0000][1084][safepoint    ] Safepoint "Cleanup", Time since last: 1000276869 ns, Reaching safepoint: 45013229 ns, At safepoint: 31536 ns, Total: 45044765 ns
[2020-05-20T11:23:17.664+0000][1084][safepoint    ] Safepoint "Cleanup", Time since last: 1000729506 ns, Reaching safepoint: 54084976 ns, At safepoint: 64000 ns, Total: 54148976 ns
[2020-05-20T11:23:19.180+0000][1084][safepoint    ] Safepoint "Cleanup", Time since last: 1516030339 ns, Reaching safepoint: 148406 ns, At safepoint: 9275 ns, Total: 157681 ns
[2020-05-20T11:23:20.523+0000][1084][safepoint    ] Safepoint "Cleanup", Time since last: 1342462742 ns, Reaching safepoint: 100638 ns, At safepoint: 5101 ns, Total: 105739 ns
[2020-05-20T11:23:21.573+0000][1084][safepoint    ] Safepoint "Cleanup", Time since last: 1000018087 ns, Reaching safepoint: 50003362 ns, At safepoint: 57971 ns, Total: 50061333 ns
[2020-05-20T11:23:23.434+0000][1084][safepoint    ] Safepoint "Cleanup", Time since last: 1573365859 ns, Reaching safepoint: 287014291 ns, At safepoint: 531941 ns, Total: 287546232 ns
[2020-05-20T11:23:24.885+0000][1084][safepoint    ] Safepoint "Cleanup", Time since last: 1287236899 ns, Reaching safepoint: 163907330 ns, At safepoint: 246260 ns, Total: 164153590 ns
[2020-05-20T11:23:26.194+0000][1084][safepoint    ] Safepoint "Cleanup", Time since last: 1128432398 ns, Reaching safepoint: 180031583 ns, At safepoint: 89507 ns, Total: 180121090 ns
[2020-05-20T11:23:27.259+0000][1084][safepoint    ] Safepoint "Cleanup", Time since last: 1064532256 ns, Reaching safepoint: 632114 ns, At safepoint: 53797 ns, Total: 685911 ns
[2020-05-20T11:23:28.260+0000][1084][safepoint    ] Safepoint "Cleanup", Time since last: 1000455883 ns, Reaching safepoint: 114551 ns, At safepoint: 5101 ns, Total: 119652 ns
[2020-05-20T11:23:29.260+0000][1084][safepoint    ] Safepoint "Cleanup", Time since last: 1000172058 ns, Reaching safepoint: 78840 ns, At safepoint: 15305 ns, Total: 94145 ns
[2020-05-20T11:23:30.261+0000][1084][safepoint    ] Safepoint "Cleanup", Time since last: 1000793505 ns, Reaching safepoint: 115014 ns, At safepoint: 2783 ns, Total: 117797 ns
[2020-05-20T11:23:31.262+0000][1084][safepoint    ] Safepoint "Cleanup", Time since last: 1000823650 ns, Reaching safepoint: 94609 ns, At safepoint: 4637 ns, Total: 99246 ns
[2020-05-20T11:23:32.262+0000][1084][safepoint    ] Safepoint "Cleanup", Time since last: 1000006493 ns, Reaching safepoint: 140985 ns, At safepoint: 7884 ns, Total: 148869 ns
[2020-05-20T11:23:33.263+0000][1084][safepoint    ] Safepoint "Cleanup", Time since last: 1000309333 ns, Reaching safepoint: 127072 ns, At safepoint: 5565 ns, Total: 132637 ns
[2020-05-20T11:23:34.263+0000][1084][safepoint    ] Safepoint "Cleanup", Time since last: 1000077449 ns, Reaching safepoint: 158145 ns, At safepoint: 8811 ns, Total: 166956 ns
[2020-05-20T11:23:35.263+0000][1084][safepoint    ] Safepoint "Cleanup", Time since last: 1000311188 ns, Reaching safepoint: 134493 ns, At safepoint: 8347 ns, Total: 142840 ns
[2020-05-20T11:23:36.264+0000][1084][safepoint    ] Safepoint "Cleanup", Time since last: 1000276869 ns, Reaching safepoint: 140058 ns, At safepoint: 7884 ns, Total: 147942 ns
[2020-05-20T11:23:37.264+0000][1084][safepoint    ] Safepoint "Cleanup", Time since last: 1000434550 ns, Reaching safepoint: 130318 ns, At safepoint: 5565 ns, Total: 135883 ns
[2020-05-20T11:23:38.265+0000][1084][safepoint    ] Safepoint "Cleanup", Time since last: 1000906665 ns, Reaching safepoint: 114087 ns, At safepoint: 5101 ns, Total: 119188 ns
[2020-05-20T11:23:39.270+0000][1084][safepoint    ] Safepoint "Cleanup", Time since last: 1000054261 ns, Reaching safepoint: 5000800 ns, At safepoint: 14377 ns, Total: 5015177 ns
[2020-05-20T11:23:40.271+0000][1084][safepoint    ] Safepoint "Cleanup", Time since last: 1000684520 ns, Reaching safepoint: 126608 ns, At safepoint: 6029 ns, Total: 132637 ns
[2020-05-20T11:23:41.271+0000][1084][safepoint    ] Safepoint "Cleanup", Time since last: 1000018551 ns, Reaching safepoint: 122898 ns, At safepoint: 6957 ns, Total: 129855 ns
[2020-05-20T11:23:42.272+0000][1084][safepoint    ] Safepoint "Cleanup", Time since last: 1000043594 ns, Reaching safepoint: 141912 ns, At safepoint: 5566 ns, Total: 147478 ns
[2020-05-20T11:23:43.272+0000][1084][safepoint    ] Safepoint "Cleanup", Time since last: 1000288926 ns, Reaching safepoint: 139594 ns, At safepoint: 7421 ns, Total: 147015 ns
[2020-05-20T11:23:44.276+0000][1084][safepoint    ] Safepoint "Cleanup", Time since last: 1000619129 ns, Reaching safepoint: 3078949 ns, At safepoint: 39420 ns, Total: 3118369 ns
[2020-05-20T11:23:45.276+0000][1084][safepoint    ] Safepoint "Cleanup", Time since last: 1000499477 ns, Reaching safepoint: 122435 ns, At safepoint: 7420 ns, Total: 129855 ns
[2020-05-20T11:23:46.277+0000][1084][safepoint    ] Safepoint "Cleanup", Time since last: 1000023188 ns, Reaching safepoint: 99247 ns, At safepoint: 2782 ns, Total: 102029 ns
[2020-05-20T11:23:47.277+0000][1084][safepoint    ] Safepoint "Cleanup", Time since last: 1000102029 ns, Reaching safepoint: 140985 ns, At safepoint: 6493 ns, Total: 147478 ns
[2020-05-20T11:23:48.277+0000][1084][safepoint    ] Safepoint "Cleanup", Time since last: 1000089043 ns, Reaching safepoint: 149333 ns, At safepoint: 6029 ns, Total: 155362 ns
[2020-05-20T11:23:49.277+0000][1084][safepoint    ] Safepoint "Cleanup", Time since last: 1000205449 ns, Reaching safepoint: 145623 ns, At safepoint: 7884 ns, Total: 153507 ns
[2020-05-20T11:23:50.278+0000][1084][safepoint    ] Safepoint "Cleanup", Time since last: 1000783766 ns, Reaching safepoint: 116869 ns, At safepoint: 6029 ns, Total: 122898 ns
[2020-05-20T11:23:51.279+0000][1084][safepoint    ] Safepoint "Cleanup", Time since last: 1000152580 ns, Reaching safepoint: 139594 ns, At safepoint: 8347 ns, Total: 147941 ns
[2020-05-20T11:23:52.279+0000][1084][safepoint    ] Safepoint "Cleanup", Time since last: 1000325565 ns, Reaching safepoint: 119652 ns, At safepoint: 6492 ns, Total: 126144 ns
[2020-05-20T11:23:53.280+0000][1084][safepoint    ] Safepoint "Cleanup", Time since last: 1000720231 ns, Reaching safepoint: 125681 ns, At safepoint: 7884 ns, Total: 133565 ns
[2020-05-20T11:23:54.280+0000][1084][safepoint    ] Safepoint "Cleanup", Time since last: 1000422491 ns, Reaching safepoint: 114551 ns, At safepoint: 5565 ns, Total: 120116 ns
[2020-05-20T11:23:56.281+0000][1084][safepoint    ] Safepoint "Cleanup", Time since last: 2000486492 ns, Reaching safepoint: 116405 ns, At safepoint: 4174 ns, Total: 120579 ns
[2020-05-20T11:23:57.281+0000][1084][safepoint    ] Safepoint "Cleanup", Time since last: 1000274550 ns, Reaching safepoint: 134493 ns, At safepoint: 5565 ns, Total: 140058 ns
[2020-05-20T11:23:58.282+0000][1084][safepoint    ] Safepoint "Cleanup", Time since last: 1000650201 ns, Reaching safepoint: 125217 ns, At safepoint: 6493 ns, Total: 131710 ns
[2020-05-20T11:23:59.283+0000][1084][safepoint    ] Safepoint "Cleanup", Time since last: 1000708172 ns, Reaching safepoint: 116406 ns, At safepoint: 4638 ns, Total: 121044 ns
[2020-05-20T11:24:00.283+0000][1084][safepoint    ] Safepoint "Cleanup", Time since last: 1000310723 ns, Reaching safepoint: 112696 ns, At safepoint: 5101 ns, Total: 117797 ns
[2020-05-20T11:24:01.284+0000][1084][safepoint    ] Safepoint "Cleanup", Time since last: 1000667361 ns, Reaching safepoint: 131710 ns, At safepoint: 22261 ns, Total: 153971 ns
[2020-05-20T11:24:02.285+0000][1084][safepoint    ] Safepoint "Cleanup", Time since last: 1000659476 ns, Reaching safepoint: 143768 ns, At safepoint: 9276 ns, Total: 153044 ns
[2020-05-20T11:24:03.285+0000][1084][safepoint    ] Safepoint "Cleanup", Time since last: 1000268984 ns, Reaching safepoint: 120116 ns, At safepoint: 6029 ns, Total: 126145 ns
[2020-05-20T11:24:05.286+0000][1084][safepoint    ] Safepoint "Cleanup", Time since last: 2000819940 ns, Reaching safepoint: 101565 ns, At safepoint: 6029 ns, Total: 107594 ns
[2020-05-20T11:24:06.287+0000][1084][safepoint    ] Safepoint "Cleanup", Time since last: 1000217971 ns, Reaching safepoint: 91362 ns, At safepoint: 5101 ns, Total: 96463 ns
[2020-05-20T11:24:07.469+0000][1084][safepoint    ] Safepoint "Cleanup", Time since last: 1182458476 ns, Reaching safepoint: 230492 ns, At safepoint: 7420 ns, Total: 237912 ns
[2020-05-20T11:24:08.807+0000][1084][safepoint    ] Safepoint "Cleanup", Time since last: 1000187826 ns, Reaching safepoint: 337379855 ns, At safepoint: 76522 ns, Total: 337456377 ns
[2020-05-20T11:24:09.807+0000][1084][safepoint    ] Safepoint "Cleanup", Time since last: 1000121043 ns, Reaching safepoint: 102029 ns, At safepoint: 14376 ns, Total: 116405 ns
[2020-05-20T11:24:10.831+0000][1084][safepoint    ] Safepoint "Cleanup", Time since last: 1000168348 ns, Reaching safepoint: 23021860 ns, At safepoint: 69565 ns, Total: 23091425 ns
[2020-05-20T11:24:11.831+0000][1084][safepoint    ] Safepoint "Cleanup", Time since last: 1000734607 ns, Reaching safepoint: 121043 ns, At safepoint: 6029 ns, Total: 127072 ns
[2020-05-20T11:24:12.837+0000][1084][safepoint    ] Safepoint "Cleanup", Time since last: 1005676508 ns, Reaching safepoint: 86725 ns, At safepoint: 3246 ns, Total: 89971 ns
[2020-05-20T11:24:14.432+0000][1084][safepoint    ] Safepoint "Cleanup", Time since last: 1594849867 ns, Reaching safepoint: 126145 ns, At safepoint: 8348 ns, Total: 134493 ns
[2020-05-20T11:24:16.001+0000][1084][safepoint    ] Safepoint "Cleanup", Time since last: 1498868640 ns, Reaching safepoint: 69642041 ns, At safepoint: 62145 ns, Total: 69704186 ns
[2020-05-20T11:24:17.601+0000][1084][safepoint    ] Safepoint "Cleanup", Time since last: 1206446826 ns, Reaching safepoint: 393488710 ns, At safepoint: 88116 ns, Total: 393576826 ns
[2020-05-20T11:24:18.679+0000][1084][safepoint    ] Safepoint "Cleanup", Time since last: 1038820548 ns, Reaching safepoint: 39714690 ns, At safepoint: 65855 ns, Total: 39780545 ns
[2020-05-20T11:24:20.237+0000][1084][safepoint    ] Safepoint "Cleanup", Time since last: 1498131715 ns, Reaching safepoint: 59809716 ns, At safepoint: 141913 ns, Total: 59951629 ns
[2020-05-20T11:24:21.239+0000][1084][safepoint    ] Safepoint "Cleanup", Time since last: 1001165910 ns, Reaching safepoint: 156753 ns, At safepoint: 4638 ns, Total: 161391 ns
[2020-05-20T11:24:22.239+0000][1084][safepoint    ] Safepoint "Cleanup", Time since last: 1000535187 ns, Reaching safepoint: 100174 ns, At safepoint: 4638 ns, Total: 104812 ns
[2020-05-20T11:24:23.240+0000][1084][safepoint    ] Safepoint "Cleanup", Time since last: 1000279651 ns, Reaching safepoint: 141449 ns, At safepoint: 9739 ns, Total: 151188 ns
[2020-05-20T11:24:24.241+0000][1084][safepoint    ] Safepoint "Cleanup", Time since last: 1000757332 ns, Reaching safepoint: 90898 ns, At safepoint: 2783 ns, Total: 93681 ns
[2020-05-20T11:24:25.249+0000][1084][safepoint    ] Safepoint "Cleanup", Time since last: 1008024097 ns, Reaching safepoint: 121971 ns, At safepoint: 6029 ns, Total: 128000 ns
[2020-05-20T11:24:26.252+0000][1084][safepoint    ] Safepoint "Cleanup", Time since last: 1000097855 ns, Reaching safepoint: 3113732 ns, At safepoint: 18086 ns, Total: 3131818 ns
[2020-05-20T11:24:28.317+0000][1084][safepoint    ] Safepoint "Cleanup", Time since last: 2000923824 ns, Reaching safepoint: 63930751 ns, At safepoint: 58898 ns, Total: 63989649 ns
[2020-05-20T11:24:29.318+0000][1084][safepoint    ] Safepoint "Cleanup", Time since last: 1000707245 ns, Reaching safepoint: 88116 ns, At safepoint: 3710 ns, Total: 91826 ns
[2020-05-20T11:24:30.318+0000][1084][safepoint    ] Safepoint "Cleanup", Time since last: 1000395593 ns, Reaching safepoint: 126608 ns, At safepoint: 6029 ns, Total: 132637 ns
[2020-05-20T11:24:31.319+0000][1084][safepoint    ] Safepoint "Cleanup", Time since last: 1000319072 ns, Reaching safepoint: 129391 ns, At safepoint: 4638 ns, Total: 134029 ns
[2020-05-20T11:24:33.319+0000][1084][safepoint    ] Safepoint "Cleanup", Time since last: 2000398839 ns, Reaching safepoint: 133102 ns, At safepoint: 7884 ns, Total: 140986 ns
[2020-05-20T11:24:34.320+0000][1084][safepoint    ] Safepoint "Cleanup", Time since last: 1000535187 ns, Reaching safepoint: 103884 ns, At safepoint: 4174 ns, Total: 108058 ns
[2020-05-20T11:24:35.321+0000][1084][safepoint    ] Safepoint "Cleanup", Time since last: 1000730896 ns, Reaching safepoint: 86725 ns, At safepoint: 3246 ns, Total: 89971 ns
[2020-05-20T11:24:36.334+0000][1084][safepoint    ] Safepoint "Cleanup", Time since last: 1012914521 ns, Reaching safepoint: 147014 ns, At safepoint: 6029 ns, Total: 153043 ns
[2020-05-20T11:24:37.334+0000][1084][safepoint    ] Safepoint "Cleanup", Time since last: 1000049159 ns, Reaching safepoint: 90899 ns, At safepoint: 4174 ns, Total: 95073 ns
[2020-05-20T11:24:38.532+0000][1084][safepoint    ] Safepoint "Cleanup", Time since last: 1198072120 ns, Reaching safepoint: 121043 ns, At safepoint: 18087 ns, Total: 139130 ns
[2020-05-20T11:24:39.658+0000][1084][safepoint    ] Safepoint "Cleanup", Time since last: 1058686937 ns, Reaching safepoint: 67254104 ns, At safepoint: 66783 ns, Total: 67320887 ns
[2020-05-20T11:24:40.659+0000][1084][safepoint    ] Safepoint "Cleanup", Time since last: 1000264811 ns, Reaching safepoint: 160000 ns, At safepoint: 8811 ns, Total: 168811 ns
[2020-05-20T11:24:41.659+0000][1084][safepoint    ] Safepoint "Cleanup", Time since last: 1000466550 ns, Reaching safepoint: 129855 ns, At safepoint: 4173 ns, Total: 134028 ns
[2020-05-20T11:24:42.660+0000][1084][safepoint    ] Safepoint "Cleanup", Time since last: 1000512463 ns, Reaching safepoint: 138666 ns, At safepoint: 6957 ns, Total: 145623 ns
[2020-05-20T11:24:43.672+0000][1084][safepoint    ] Safepoint "Cleanup", Time since last: 1000844056 ns, Reaching safepoint: 11036728 ns, At safepoint: 45913 ns, Total: 11082641 ns
[2020-05-20T11:24:45.673+0000][1084][safepoint    ] Safepoint "Cleanup", Time since last: 2000717911 ns, Reaching safepoint: 140985 ns, At safepoint: 3711 ns, Total: 144696 ns
[2020-05-20T11:24:46.695+0000][1084][safepoint    ] Safepoint "Cleanup", Time since last: 1000781911 ns, Reaching safepoint: 21587428 ns, At safepoint: 102029 ns, Total: 21689457 ns
[2020-05-20T11:24:48.739+0000][1084][safepoint    ] Safepoint "Cleanup", Time since last: 2000331129 ns, Reaching safepoint: 43100654 ns, At safepoint: 65855 ns, Total: 43166509 ns
[2020-05-20T11:24:49.914+0000][1084][safepoint    ] Safepoint "Cleanup", Time since last: 1169928418 ns, Reaching safepoint: 5711754 ns, At safepoint: 44522 ns, Total: 5756276 ns
[2020-05-20T11:24:51.826+0000][1084][safepoint    ] Safepoint "Cleanup", Time since last: 1797969164 ns, Reaching safepoint: 113995330 ns, At safepoint: 409043 ns, Total: 114404373 ns
[2020-05-20T11:24:53.274+0000][1084][safepoint    ] Safepoint "Cleanup", Time since last: 1368747202 ns, Reaching safepoint: 78320051 ns, At safepoint: 820867 ns, Total: 79140918 ns
[2020-05-20T11:24:54.421+0000][1084][safepoint    ] Safepoint "Cleanup", Time since last: 1000490202 ns, Reaching safepoint: 146208125 ns, At safepoint: 81159 ns, Total: 146289284 ns
[2020-05-20T11:24:55.743+0000][1084][safepoint    ] Safepoint "Cleanup", Time since last: 1321484240 ns, Reaching safepoint: 272695 ns, At safepoint: 49623 ns, Total: 322318 ns
[2020-05-20T11:24:56.772+0000][1084][safepoint    ] Safepoint "Cleanup", Time since last: 1028205848 ns, Reaching safepoint: 88579 ns, At safepoint: 4174 ns, Total: 92753 ns
[2020-05-20T11:24:57.772+0000][1084][safepoint    ] Safepoint "Cleanup", Time since last: 1000308405 ns, Reaching safepoint: 95536 ns, At safepoint: 3711 ns, Total: 99247 ns
[2020-05-20T11:24:58.808+0000][1084][safepoint    ] Safepoint "Cleanup", Time since last: 1035922931 ns, Reaching safepoint: 105275 ns, At safepoint: 5101 ns, Total: 110376 ns
[2020-05-20T11:24:59.809+0000][1084][safepoint    ] Safepoint "Cleanup", Time since last: 1000641854 ns, Reaching safepoint: 124289 ns, At safepoint: 5102 ns, Total: 129391 ns
[2020-05-20T11:25:00.809+0000][1084][safepoint    ] Safepoint "Cleanup", Time since last: 1000601970 ns, Reaching safepoint: 127535 ns, At safepoint: 5566 ns, Total: 133101 ns
[2020-05-20T11:25:01.933+0000][1084][safepoint    ] Safepoint "Cleanup", Time since last: 1000633042 ns, Reaching safepoint: 123200178 ns, At safepoint: 103884 ns, Total: 123304062 ns
[2020-05-20T11:25:02.934+0000][1084][safepoint    ] Safepoint "Cleanup", Time since last: 1000468868 ns, Reaching safepoint: 130319 ns, At safepoint: 16231 ns, Total: 146550 ns
[2020-05-20T11:25:03.942+0000][1084][safepoint    ] Safepoint "Cleanup", Time since last: 1000926607 ns, Reaching safepoint: 7033955 ns, At safepoint: 36173 ns, Total: 7070128 ns
[2020-05-20T11:25:04.942+0000][1084][safepoint    ] Safepoint "Cleanup", Time since last: 1000252754 ns, Reaching safepoint: 123362 ns, At safepoint: 6956 ns, Total: 130318 ns
[2020-05-20T11:25:05.943+0000][1084][safepoint    ] Safepoint "Cleanup", Time since last: 1000230029 ns, Reaching safepoint: 135419 ns, At safepoint: 40812 ns, Total: 176231 ns
[2020-05-20T11:25:06.944+0000][1084][safepoint    ] Safepoint "Cleanup", Time since last: 1000601970 ns, Reaching safepoint: 121507 ns, At safepoint: 3710 ns, Total: 125217 ns
[2020-05-20T11:25:07.945+0000][1084][safepoint    ] Safepoint "Cleanup", Time since last: 1000925215 ns, Reaching safepoint: 116405 ns, At safepoint: 6493 ns, Total: 122898 ns
[2020-05-20T11:25:08.945+0000][1084][safepoint    ] Safepoint "Cleanup", Time since last: 1000665042 ns, Reaching safepoint: 95072 ns, At safepoint: 5102 ns, Total: 100174 ns
[2020-05-20T11:25:09.946+0000][1084][safepoint    ] Safepoint "Cleanup", Time since last: 1000106202 ns, Reaching safepoint: 138203 ns, At safepoint: 2783 ns, Total: 140986 ns
[2020-05-20T11:25:10.946+0000][1084][safepoint    ] Safepoint "Cleanup", Time since last: 1000655303 ns, Reaching safepoint: 92753 ns, At safepoint: 4174 ns, Total: 96927 ns
[2020-05-20T11:25:11.947+0000][1084][safepoint    ] Safepoint "Cleanup", Time since last: 1000245333 ns, Reaching safepoint: 100173 ns, At safepoint: 4638 ns, Total: 104811 ns
[2020-05-20T11:25:13.608+0000][1084][safepoint    ] Safepoint "Cleanup", Time since last: 1660942235 ns, Reaching safepoint: 121044 ns, At safepoint: 9739 ns, Total: 130783 ns
[2020-05-20T11:25:14.608+0000][1084][safepoint    ] Safepoint "Cleanup", Time since last: 1000007420 ns, Reaching safepoint: 126608 ns, At safepoint: 5102 ns, Total: 131710 ns
[2020-05-20T11:25:16.608+0000][1084][safepoint    ] Safepoint "Cleanup", Time since last: 1999979130 ns, Reaching safepoint: 149333 ns, At safepoint: 5102 ns, Total: 154435 ns
[2020-05-20T11:25:17.869+0000][1084][safepoint    ] Safepoint "Cleanup", Time since last: 1203686020 ns, Reaching safepoint: 57033607 ns, At safepoint: 606607 ns, Total: 57640214 ns
[2020-05-20T11:25:18.870+0000][1084][safepoint    ] Safepoint "Cleanup", Time since last: 1000236058 ns, Reaching safepoint: 130318 ns, At safepoint: 6493 ns, Total: 136811 ns
[2020-05-20T11:25:19.870+0000][1084][safepoint    ] Safepoint "Cleanup", Time since last: 1000220289 ns, Reaching safepoint: 114087 ns, At safepoint: 4174 ns, Total: 118261 ns
[2020-05-20T11:25:20.871+0000][1084][safepoint    ] Safepoint "Cleanup", Time since last: 1000793505 ns, Reaching safepoint: 93681 ns, At safepoint: 4174 ns, Total: 97855 ns
[2020-05-20T11:25:21.871+0000][1084][safepoint    ] Safepoint "Cleanup", Time since last: 1000318144 ns, Reaching safepoint: 134029 ns, At safepoint: 5102 ns, Total: 139131 ns
[2020-05-20T11:25:22.879+0000][1084][safepoint    ] Safepoint "Cleanup", Time since last: 1007011230 ns, Reaching safepoint: 125681 ns, At safepoint: 8347 ns, Total: 134028 ns
[2020-05-20T11:25:23.879+0000][1084][safepoint    ] Safepoint "Cleanup", Time since last: 1000409970 ns, Reaching safepoint: 140986 ns, At safepoint: 4173 ns, Total: 145159 ns
[2020-05-20T11:25:24.884+0000][1084][safepoint    ] Safepoint "Cleanup", Time since last: 1004865844 ns, Reaching safepoint: 119188 ns, At safepoint: 3711 ns, Total: 122899 ns
[2020-05-20T11:25:25.885+0000][1084][safepoint    ] Safepoint "Cleanup", Time since last: 1000304694 ns, Reaching safepoint: 86261 ns, At safepoint: 4174 ns, Total: 90435 ns
[2020-05-20T11:25:26.885+0000][1084][safepoint    ] Safepoint "Cleanup", Time since last: 1000389101 ns, Reaching safepoint: 116869 ns, At safepoint: 5565 ns, Total: 122434 ns
[2020-05-20T11:25:27.886+0000][1084][safepoint    ] Safepoint "Cleanup", Time since last: 1000349680 ns, Reaching safepoint: 130319 ns, At safepoint: 6029 ns, Total: 136348 ns
[2020-05-20T11:25:28.886+0000][1084][safepoint    ] Safepoint "Cleanup", Time since last: 1000228637 ns, Reaching safepoint: 129391 ns, At safepoint: 7420 ns, Total: 136811 ns
[2020-05-20T11:25:29.926+0000][1084][safepoint    ] Safepoint "Cleanup", Time since last: 1000226782 ns, Reaching safepoint: 39963270 ns, At safepoint: 77913 ns, Total: 40041183 ns
[2020-05-20T11:25:30.926+0000][1084][safepoint    ] Safepoint "Cleanup", Time since last: 1000151188 ns, Reaching safepoint: 113159 ns, At safepoint: 2783 ns, Total: 115942 ns
[2020-05-20T11:25:31.927+0000][1084][safepoint    ] Safepoint "Cleanup", Time since last: 1000678491 ns, Reaching safepoint: 113159 ns, At safepoint: 4638 ns, Total: 117797 ns
[2020-05-20T11:25:32.928+0000][1084][safepoint    ] Safepoint "Cleanup", Time since last: 1000717447 ns, Reaching safepoint: 120580 ns, At safepoint: 4174 ns, Total: 124754 ns
[2020-05-20T11:25:33.928+0000][1084][safepoint    ] Safepoint "Cleanup", Time since last: 1000237448 ns, Reaching safepoint: 111305 ns, At safepoint: 4173 ns, Total: 115478 ns
[2020-05-20T11:25:34.929+0000][1084][safepoint    ] Safepoint "Cleanup", Time since last: 1000887187 ns, Reaching safepoint: 138202 ns, At safepoint: 3711 ns, Total: 141913 ns
[2020-05-20T11:25:35.930+0000][1084][safepoint    ] Safepoint "Cleanup", Time since last: 1000755940 ns, Reaching safepoint: 97391 ns, At safepoint: 3246 ns, Total: 100637 ns
[2020-05-20T11:25:36.931+0000][1084][safepoint    ] Safepoint "Cleanup", Time since last: 1000483246 ns, Reaching safepoint: 105275 ns, At safepoint: 3710 ns, Total: 108985 ns
[2020-05-20T11:25:37.931+0000][1084][safepoint    ] Safepoint "Cleanup", Time since last: 1000066318 ns, Reaching safepoint: 113623 ns, At safepoint: 4638 ns, Total: 118261 ns
[2020-05-20T11:25:38.931+0000][1084][safepoint    ] Safepoint "Cleanup", Time since last: 1000122898 ns, Reaching safepoint: 91362 ns, At safepoint: 3247 ns, Total: 94609 ns
[2020-05-20T11:25:39.932+0000][1084][safepoint    ] Safepoint "Cleanup", Time since last: 1000888114 ns, Reaching safepoint: 111768 ns, At safepoint: 4637 ns, Total: 116405 ns
[2020-05-20T11:25:40.933+0000][1084][safepoint    ] Safepoint "Cleanup", Time since last: 1000595477 ns, Reaching safepoint: 119188 ns, At safepoint: 3247 ns, Total: 122435 ns
[2020-05-20T11:25:41.938+0000][1084][safepoint    ] Safepoint "Cleanup", Time since last: 1004962307 ns, Reaching safepoint: 101565 ns, At safepoint: 4638 ns, Total: 106203 ns
[2020-05-20T11:25:42.939+0000][1084][safepoint    ] Safepoint "Cleanup", Time since last: 1000657621 ns, Reaching safepoint: 156754 ns, At safepoint: 3246 ns, Total: 160000 ns
[2020-05-20T11:25:44.939+0000][1084][safepoint    ] Safepoint "Cleanup", Time since last: 2000496231 ns, Reaching safepoint: 111304 ns, At safepoint: 2782 ns, Total: 114086 ns
[2020-05-20T11:25:45.940+0000][1084][safepoint    ] Safepoint "Cleanup", Time since last: 1000525448 ns, Reaching safepoint: 123826 ns, At safepoint: 6029 ns, Total: 129855 ns
[2020-05-20T11:25:46.941+0000][1084][safepoint    ] Safepoint "Cleanup", Time since last: 1000703535 ns, Reaching safepoint: 132173 ns, At safepoint: 3247 ns, Total: 135420 ns
[2020-05-20T11:25:47.942+0000][1084][safepoint    ] Safepoint "Cleanup", Time since last: 1000875592 ns, Reaching safepoint: 119188 ns, At safepoint: 3246 ns, Total: 122434 ns
[2020-05-20T11:25:48.943+0000][1084][safepoint    ] Safepoint "Cleanup", Time since last: 1000539361 ns, Reaching safepoint: 113623 ns, At safepoint: 3247 ns, Total: 116870 ns
[2020-05-20T11:25:50.943+0000][1084][safepoint    ] Safepoint "Cleanup", Time since last: 2000420173 ns, Reaching safepoint: 106666 ns, At safepoint: 5102 ns, Total: 111768 ns
[2020-05-20T11:25:51.944+0000][1084][safepoint    ] Safepoint "Cleanup", Time since last: 1000830143 ns, Reaching safepoint: 107593 ns, At safepoint: 4638 ns, Total: 112231 ns
[2020-05-20T11:25:53.944+0000][1084][safepoint    ] Safepoint "Cleanup", Time since last: 1999945739 ns, Reaching safepoint: 118261 ns, At safepoint: 5565 ns, Total: 123826 ns
[2020-05-20T11:25:54.945+0000][1084][safepoint    ] Safepoint "Cleanup", Time since last: 1000399767 ns, Reaching safepoint: 119652 ns, At safepoint: 2783 ns, Total: 122435 ns
[2020-05-20T11:25:55.946+0000][1084][safepoint    ] Safepoint "Cleanup", Time since last: 1000012985 ns, Reaching safepoint: 1055534 ns, At safepoint: 78377 ns, Total: 1133911 ns
[2020-05-20T11:25:56.946+0000][1084][safepoint    ] Safepoint "Cleanup", Time since last: 1000447999 ns, Reaching safepoint: 89507 ns, At safepoint: 4174 ns, Total: 93681 ns
[2020-05-20T11:25:57.947+0000][1084][safepoint    ] Safepoint "Cleanup", Time since last: 1000388636 ns, Reaching safepoint: 99710 ns, At safepoint: 2783 ns, Total: 102493 ns
[2020-05-20T11:25:58.948+0000][1084][safepoint    ] Safepoint "Cleanup", Time since last: 1000925679 ns, Reaching safepoint: 124753 ns, At safepoint: 6029 ns, Total: 130782 ns
[2020-05-20T11:25:59.949+0000][1084][safepoint    ] Safepoint "Cleanup", Time since last: 1000534724 ns, Reaching safepoint: 101101 ns, At safepoint: 4638 ns, Total: 105739 ns
[2020-05-20T11:26:00.949+0000][1084][safepoint    ] Safepoint "Cleanup", Time since last: 1000418781 ns, Reaching safepoint: 160464 ns, At safepoint: 11130 ns, Total: 171594 ns
[2020-05-20T11:26:01.950+0000][1084][safepoint    ] Safepoint "Cleanup", Time since last: 1000371941 ns, Reaching safepoint: 108985 ns, At safepoint: 6029 ns, Total: 115014 ns
[2020-05-20T11:26:03.950+0000][1084][safepoint    ] Safepoint "Cleanup", Time since last: 2000076522 ns, Reaching safepoint: 122898 ns, At safepoint: 5102 ns, Total: 128000 ns
[2020-05-20T11:26:04.955+0000][1084][safepoint    ] Safepoint "Cleanup", Time since last: 1005359292 ns, Reaching safepoint: 99710 ns, At safepoint: 4637 ns, Total: 104347 ns
[2020-05-20T11:26:06.956+0000][1084][safepoint    ] Safepoint "Cleanup", Time since last: 2000207304 ns, Reaching safepoint: 130782 ns, At safepoint: 3711 ns, Total: 134493 ns
[2020-05-20T11:26:07.957+0000][1084][safepoint    ] Safepoint "Cleanup", Time since last: 1000790259 ns, Reaching safepoint: 111767 ns, At safepoint: 4638 ns, Total: 116405 ns
[2020-05-20T11:26:08.957+0000][1084][safepoint    ] Safepoint "Cleanup", Time since last: 1000668752 ns, Reaching safepoint: 98783 ns, At safepoint: 4637 ns, Total: 103420 ns
[2020-05-20T11:26:09.958+0000][1084][safepoint    ] Safepoint "Cleanup", Time since last: 1000215188 ns, Reaching safepoint: 113623 ns, At safepoint: 4638 ns, Total: 118261 ns
[2020-05-20T11:26:11.004+0000][1084][safepoint    ] Safepoint "Cleanup", Time since last: 1000715592 ns, Reaching safepoint: 45330910 ns, At safepoint: 63536 ns, Total: 45394446 ns
[2020-05-20T11:26:13.004+0000][1084][safepoint    ] Safepoint "Cleanup", Time since last: 2000316289 ns, Reaching safepoint: 104347 ns, At safepoint: 4638 ns, Total: 108985 ns
[2020-05-20T11:26:14.005+0000][1084][safepoint    ] Safepoint "Cleanup", Time since last: 1000576463 ns, Reaching safepoint: 132173 ns, At safepoint: 6957 ns, Total: 139130 ns
[2020-05-20T11:26:15.005+0000][1084][safepoint    ] Safepoint "Cleanup", Time since last: 1000177159 ns, Reaching safepoint: 143767 ns, At safepoint: 4174 ns, Total: 147941 ns
[2020-05-20T11:26:17.006+0000][1084][safepoint    ] Safepoint "Cleanup", Time since last: 2000197565 ns, Reaching safepoint: 92753 ns, At safepoint: 2783 ns, Total: 95536 ns
[2020-05-20T11:26:18.081+0000][1084][safepoint    ] Safepoint "Cleanup", Time since last: 1000015768 ns, Reaching safepoint: 75025913 ns, At safepoint: 109449 ns, Total: 75135362 ns
[2020-05-20T11:26:19.081+0000][1084][safepoint    ] Safepoint "Cleanup", Time since last: 1000439188 ns, Reaching safepoint: 142840 ns, At safepoint: 9739 ns, Total: 152579 ns
[2020-05-20T11:26:20.681+0000][1084][safepoint    ] Safepoint "Cleanup", Time since last: 1599401277 ns, Reaching safepoint: 145623 ns, At safepoint: 8347 ns, Total: 153970 ns
[2020-05-20T11:26:21.681+0000][1084][safepoint    ] Safepoint "Cleanup", Time since last: 1000134029 ns, Reaching safepoint: 158608 ns, At safepoint: 7884 ns, Total: 166492 ns
[2020-05-20T11:26:23.356+0000][1084][safepoint    ] Safepoint "Cleanup", Time since last: 1637688493 ns, Reaching safepoint: 37087914 ns, At safepoint: 102492 ns, Total: 37190406 ns
[2020-05-20T11:26:35.360+0000][1084][safepoint    ] Safepoint "Cleanup", Time since last: 12003581209 ns, Reaching safepoint: 133101 ns, At safepoint: 5102 ns, Total: 138203 ns
[2020-05-20T11:26:36.512+0000][1084][safepoint    ] Safepoint "Cleanup", Time since last: 1107272563 ns, Reaching safepoint: 44509578 ns, At safepoint: 537969 ns, Total: 45047547 ns
[2020-05-20T11:26:38.069+0000][1084][safepoint    ] Safepoint "BulkRevokeBias", Time since last: 1422994498 ns, Reaching safepoint: 109259804 ns, At safepoint: 25803999 ns, Total: 135063803 ns
[2020-05-20T11:26:39.597+0000][1084][safepoint    ] Safepoint "Cleanup", Time since last: 1450335419 ns, Reaching safepoint: 76886083 ns, At safepoint: 11130 ns, Total: 76897213 ns
[2020-05-20T11:26:41.317+0000][1084][safepoint    ] Safepoint "Cleanup", Time since last: 1674133625 ns, Reaching safepoint: 46059024 ns, At safepoint: 287535 ns, Total: 46346559 ns
[2020-05-20T11:26:42.318+0000][1084][safepoint    ] Safepoint "Cleanup", Time since last: 1000318608 ns, Reaching safepoint: 109449 ns, At safepoint: 6029 ns, Total: 115478 ns
[2020-05-20T11:27:58.065+0000][1084][gc,start     ] GC(52) Pause Young (Normal) (G1 Evacuation Pause)
[2020-05-20T11:27:58.197+0000][1084][gc,task      ] GC(52) Using 4 workers of 4 for evacuation
[2020-05-20T11:27:58.340+0000][1084][gc,age       ] GC(52) Desired survivor size 40370176 bytes, new threshold 15 (max threshold 15)
[2020-05-20T11:28:05.778+0000][1084][gc,age       ] GC(52) Age table with threshold 15 (max threshold 15)
[2020-05-20T11:28:05.779+0000][1084][gc,age       ] GC(52) - age   1:    1868304 bytes,    1868304 total
[2020-05-20T11:28:05.779+0000][1084][gc,age       ] GC(52) - age   2:       2648 bytes,    1870952 total
[2020-05-20T11:28:05.779+0000][1084][gc,age       ] GC(52) - age   3:        512 bytes,    1871464 total
[2020-05-20T11:28:05.779+0000][1084][gc,age       ] GC(52) - age   5:       1944 bytes,    1873408 total
[2020-05-20T11:28:05.779+0000][1084][gc,age       ] GC(52) - age   6:      77552 bytes,    1950960 total
[2020-05-20T11:28:05.779+0000][1084][gc,age       ] GC(52) - age   7:    3125136 bytes,    5076096 total
[2020-05-20T11:28:05.779+0000][1084][gc,age       ] GC(52) - age   8:       5216 bytes,    5081312 total
[2020-05-20T11:28:05.779+0000][1084][gc,mmu       ] GC(52) MMU target violated: 201.0ms (200.0ms/201.0ms)
[2020-05-20T11:28:05.792+0000][1084][gc,phases    ] GC(52)   Pre Evacuate Collection Set: 583.4ms
[2020-05-20T11:28:05.792+0000][1084][gc,phases    ] GC(52)   Merge Heap Roots: 390.0ms
[2020-05-20T11:28:05.792+0000][1084][gc,phases    ] GC(52)   Evacuate Collection Set: 5812.0ms
[2020-05-20T11:28:05.792+0000][1084][gc,phases    ] GC(52)   Post Evacuate Collection Set: 531.5ms
[2020-05-20T11:28:05.815+0000][1084][gc,phases    ] GC(52)   Other: 613.6ms
[2020-05-20T11:28:05.815+0000][1084][gc,heap      ] GC(52) Eden regions: 610->0(46)
[2020-05-20T11:28:05.815+0000][1084][gc,heap      ] GC(52) Survivor regions: 4->5(77)
[2020-05-20T11:28:05.815+0000][1084][gc,heap      ] GC(52) Old regions: 84->84
[2020-05-20T11:28:05.815+0000][1084][gc,heap      ] GC(52) Archive regions: 0->0
[2020-05-20T11:28:05.815+0000][1084][gc,heap      ] GC(52) Humongous regions: 32->10
[2020-05-20T11:28:05.816+0000][1084][gc,metaspace ] GC(52) Metaspace: 99862K(107416K)->99862K(107416K) NonClass: 86912K(91268K)->86912K(91268K) Class: 12950K(16148K)->12950K(16148K)
[2020-05-20T11:28:05.816+0000][1084][gc           ] GC(52) Pause Young (Normal) (G1 Evacuation Pause) 728M->98M(1024M) 7750.957ms
[2020-05-20T11:28:05.816+0000][1084][gc,cpu       ] GC(52) User=0.05s Sys=0.16s Real=7.84s
[2020-05-20T11:28:05.816+0000][1084][safepoint    ] Safepoint "G1CollectForAllocation", Time since last: 75527490951 ns, Reaching safepoint: 145159 ns, At safepoint: 7970437170 ns, Total: 7970582329 ns
[2020-05-20T11:28:07.920+0000][1084][safepoint    ] Safepoint "Cleanup", Time since last: 2000204058 ns, Reaching safepoint: 102944689 ns, At safepoint: 50086 ns, Total: 102994775 ns
[2020-05-20T11:28:09.048+0000][1084][safepoint    ] Safepoint "Cleanup", Time since last: 1000519883 ns, Reaching safepoint: 127899994 ns, At safepoint: 51941 ns, Total: 127951935 ns
[2020-05-20T11:28:14.353+0000][1084][safepoint    ] Safepoint "Cleanup", Time since last: 5002955124 ns, Reaching safepoint: 302231415 ns, At safepoint: 497622 ns, Total: 302729037 ns
[2020-05-20T11:28:15.934+0000][1084][safepoint    ] Safepoint "Cleanup", Time since last: 1483282822 ns, Reaching safepoint: 95666792 ns, At safepoint: 1115360 ns, Total: 96782152 ns
[2020-05-20T11:28:18.357+0000][1084][safepoint    ] Safepoint "Cleanup", Time since last: 1742358394 ns, Reaching safepoint: 680783581 ns, At safepoint: 251362 ns, Total: 681034943 ns
[2020-05-20T11:28:20.566+0000][1084][safepoint    ] Safepoint "BulkRevokeBias", Time since last: 2051846836 ns, Reaching safepoint: 154719642 ns, At safepoint: 2268284 ns, Total: 156987926 ns
[2020-05-20T11:28:22.610+0000][1084][safepoint    ] Safepoint "Cleanup", Time since last: 2000664115 ns, Reaching safepoint: 42964769 ns, At safepoint: 646955 ns, Total: 43611724 ns
[2020-05-20T11:28:23.218+0000][1084][safepoint    ] Safepoint "BulkRevokeBias", Time since last: 606617492 ns, Reaching safepoint: 105276 ns, At safepoint: 759650 ns, Total: 864926 ns
[2020-05-20T11:28:24.349+0000][1084][safepoint    ] Safepoint "Cleanup", Time since last: 1063058404 ns, Reaching safepoint: 67099207 ns, At safepoint: 878839 ns, Total: 67978046 ns
[2020-05-20T11:28:25.282+0000][1084][gc,start     ] GC(53) Pause Young (Normal) (G1 Evacuation Pause)
[2020-05-20T11:28:25.282+0000][1084][gc,task      ] GC(53) Using 4 workers of 4 for evacuation
[2020-05-20T11:28:25.282+0000][1084][gc,age       ] GC(53) Desired survivor size 3670016 bytes, new threshold 7 (max threshold 15)
[2020-05-20T11:28:26.165+0000][1084][gc,age       ] GC(53) Age table with threshold 7 (max threshold 15)
[2020-05-20T11:28:26.165+0000][1084][gc,age       ] GC(53) - age   1:    1718728 bytes,    1718728 total
[2020-05-20T11:28:26.165+0000][1084][gc,age       ] GC(53) - age   2:    1687680 bytes,    3406408 total
[2020-05-20T11:28:26.165+0000][1084][gc,age       ] GC(53) - age   3:       2648 bytes,    3409056 total
[2020-05-20T11:28:26.165+0000][1084][gc,age       ] GC(53) - age   4:        512 bytes,    3409568 total
[2020-05-20T11:28:26.165+0000][1084][gc,age       ] GC(53) - age   6:       1944 bytes,    3411512 total
[2020-05-20T11:28:26.165+0000][1084][gc,age       ] GC(53) - age   7:      77552 bytes,    3489064 total
[2020-05-20T11:28:26.165+0000][1084][gc,mmu       ] GC(53) MMU target violated: 201.0ms (200.0ms/201.0ms)
[2020-05-20T11:28:26.165+0000][1084][gc,phases    ] GC(53)   Pre Evacuate Collection Set: 0.2ms
[2020-05-20T11:28:26.165+0000][1084][gc,phases    ] GC(53)   Merge Heap Roots: 0.2ms
[2020-05-20T11:28:26.165+0000][1084][gc,phases    ] GC(53)   Evacuate Collection Set: 839.0ms
[2020-05-20T11:28:26.165+0000][1084][gc,phases    ] GC(53)   Post Evacuate Collection Set: 0.9ms
[2020-05-20T11:28:26.165+0000][1084][gc,phases    ] GC(53)   Other: 42.8ms
[2020-05-20T11:28:26.165+0000][1084][gc,heap      ] GC(53) Eden regions: 46->0(47)
[2020-05-20T11:28:26.165+0000][1084][gc,heap      ] GC(53) Survivor regions: 5->4(7)
[2020-05-20T11:28:26.165+0000][1084][gc,heap      ] GC(53) Old regions: 84->87
[2020-05-20T11:28:26.165+0000][1084][gc,heap      ] GC(53) Archive regions: 0->0
[2020-05-20T11:28:26.165+0000][1084][gc,heap      ] GC(53) Humongous regions: 10->10
[2020-05-20T11:28:26.165+0000][1084][gc,metaspace ] GC(53) Metaspace: 99911K(107672K)->99911K(107672K) NonClass: 86961K(91524K)->86961K(91524K) Class: 12950K(16148K)->12950K(16148K)
[2020-05-20T11:28:26.165+0000][1084][gc           ] GC(53) Pause Young (Normal) (G1 Evacuation Pause) 144M->99M(1024M) 883.292ms
[2020-05-20T11:28:26.165+0000][1084][gc,cpu       ] GC(53) User=0.09s Sys=0.03s Real=0.88s
[2020-05-20T11:28:26.165+0000][1084][safepoint    ] Safepoint "G1CollectForAllocation", Time since last: 901605329 ns, Reaching safepoint: 31454072 ns, At safepoint: 883761893 ns, Total: 915215965 ns
[2020-05-20T11:28:27.706+0000][1084][safepoint    ] Safepoint "Cleanup", Time since last: 1256462246 ns, Reaching safepoint: 283463690 ns, At safepoint: 688231 ns, Total: 284151921 ns
[2020-05-20T11:28:31.176+0000][1084][safepoint    ] Safepoint "Cleanup", Time since last: 1164665589 ns, Reaching safepoint: 2303127877 ns, At safepoint: 2073038 ns, Total: 2305200915 ns
[2020-05-20T11:28:32.757+0000][1084][safepoint    ] Safepoint "Cleanup", Time since last: 1123790090 ns, Reaching safepoint: 455689146 ns, At safepoint: 1254490 ns, Total: 456943636 ns
[2020-05-20T11:28:35.201+0000][1084][safepoint    ] Safepoint "Cleanup", Time since last: 1611160554 ns, Reaching safepoint: 830365611 ns, At safepoint: 2996862 ns, Total: 833362473 ns
[2020-05-20T11:28:35.783+0000][1084][gc,start     ] GC(54) Pause Young (Normal) (G1 Evacuation Pause)
[2020-05-20T11:28:35.783+0000][1084][gc,task      ] GC(54) Using 4 workers of 4 for evacuation
[2020-05-20T11:28:35.783+0000][1084][gc,age       ] GC(54) Desired survivor size 3670016 bytes, new threshold 15 (max threshold 15)
[2020-05-20T11:28:36.106+0000][1084][gc,age       ] GC(54) Age table with threshold 15 (max threshold 15)
[2020-05-20T11:28:36.106+0000][1084][gc,age       ] GC(54) - age   1:    1708856 bytes,    1708856 total
[2020-05-20T11:28:36.106+0000][1084][gc,age       ] GC(54) - age   2:     440624 bytes,    2149480 total
[2020-05-20T11:28:36.106+0000][1084][gc,age       ] GC(54) - age   3:    1569304 bytes,    3718784 total
[2020-05-20T11:28:36.106+0000][1084][gc,age       ] GC(54) - age   4:       2648 bytes,    3721432 total
[2020-05-20T11:28:36.106+0000][1084][gc,age       ] GC(54) - age   5:        512 bytes,    3721944 total
[2020-05-20T11:28:36.106+0000][1084][gc,age       ] GC(54) - age   7:       1944 bytes,    3723888 total
[2020-05-20T11:28:36.106+0000][1084][gc,age       ] GC(54) - age   8:      77552 bytes,    3801440 total
[2020-05-20T11:28:36.106+0000][1084][gc,mmu       ] GC(54) MMU target violated: 201.0ms (200.0ms/201.0ms)
[2020-05-20T11:28:36.106+0000][1084][gc,phases    ] GC(54)   Pre Evacuate Collection Set: 0.2ms
[2020-05-20T11:28:36.106+0000][1084][gc,phases    ] GC(54)   Merge Heap Roots: 0.1ms
[2020-05-20T11:28:36.106+0000][1084][gc,phases    ] GC(54)   Evacuate Collection Set: 321.2ms
[2020-05-20T11:28:36.106+0000][1084][gc,phases    ] GC(54)   Post Evacuate Collection Set: 0.9ms
[2020-05-20T11:28:36.106+0000][1084][gc,phases    ] GC(54)   Other: 0.5ms
[2020-05-20T11:28:36.106+0000][1084][gc,heap      ] GC(54) Eden regions: 47->0(47)
[2020-05-20T11:28:36.106+0000][1084][gc,heap      ] GC(54) Survivor regions: 4->4(7)
[2020-05-20T11:28:36.106+0000][1084][gc,heap      ] GC(54) Old regions: 87->87
[2020-05-20T11:28:36.106+0000][1084][gc,heap      ] GC(54) Archive regions: 0->0
[2020-05-20T11:28:36.106+0000][1084][gc,heap      ] GC(54) Humongous regions: 10->10
[2020-05-20T11:28:36.106+0000][1084][gc,metaspace ] GC(54) Metaspace: 99972K(107672K)->99972K(107672K) NonClass: 87018K(91524K)->87018K(91524K) Class: 12954K(16148K)->12954K(16148K)
[2020-05-20T11:28:36.106+0000][1084][gc           ] GC(54) Pause Young (Normal) (G1 Evacuation Pause) 146M->100M(1024M) 323.040ms
[2020-05-20T11:28:36.107+0000][1084][gc,cpu       ] GC(54) User=0.08s Sys=0.02s Real=0.32s
[2020-05-20T11:28:36.107+0000][1084][safepoint    ] Safepoint "G1CollectForAllocation", Time since last: 299340756 ns, Reaching safepoint: 283042590 ns, At safepoint: 324004813 ns, Total: 607047403 ns
[2020-05-20T11:28:37.133+0000][1084][safepoint    ] Safepoint "Cleanup", Time since last: 1018361001 ns, Reaching safepoint: 7052506 ns, At safepoint: 324637 ns, Total: 7377143 ns
[2020-05-20T11:28:37.411+0000][1084][safepoint    ] Safepoint "BulkRevokeBias", Time since last: 92482104 ns, Reaching safepoint: 184416036 ns, At safepoint: 1361620 ns, Total: 185777656 ns
[2020-05-20T11:28:38.922+0000][1084][safepoint    ] Safepoint "Cleanup", Time since last: 1214381416 ns, Reaching safepoint: 295288823 ns, At safepoint: 249970 ns, Total: 295538793 ns
[2020-05-20T11:28:40.531+0000][1084][safepoint    ] Safepoint "Cleanup", Time since last: 1000132174 ns, Reaching safepoint: 609493775 ns, At safepoint: 235130 ns, Total: 609728905 ns
[2020-05-20T11:28:41.745+0000][1084][safepoint    ] Safepoint "Cleanup", Time since last: 1000905273 ns, Reaching safepoint: 212978057 ns, At safepoint: 338550 ns, Total: 213316607 ns
[2020-05-20T11:28:42.811+0000][1084][safepoint    ] Safepoint "Cleanup", Time since last: 1000276869 ns, Reaching safepoint: 64920429 ns, At safepoint: 68637 ns, Total: 64989066 ns
[2020-05-20T11:28:44.253+0000][1084][safepoint    ] Safepoint "Cleanup", Time since last: 1000176232 ns, Reaching safepoint: 441499266 ns, At safepoint: 148869 ns, Total: 441648135 ns
[2020-05-20T11:28:45.348+0000][1084][safepoint    ] Safepoint "Cleanup", Time since last: 1095186330 ns, Reaching safepoint: 243478 ns, At safepoint: 4638 ns, Total: 248116 ns
[2020-05-20T11:28:46.349+0000][1084][safepoint    ] Safepoint "Cleanup", Time since last: 1000097854 ns, Reaching safepoint: 146087 ns, At safepoint: 6029 ns, Total: 152116 ns
[2020-05-20T11:28:47.349+0000][1084][safepoint    ] Safepoint "Cleanup", Time since last: 1000806491 ns, Reaching safepoint: 161391 ns, At safepoint: 5101 ns, Total: 166492 ns
[2020-05-20T11:28:48.350+0000][1084][safepoint    ] Safepoint "Cleanup", Time since last: 1000670144 ns, Reaching safepoint: 85333 ns, At safepoint: 3246 ns, Total: 88579 ns
[2020-05-20T11:28:49.351+0000][1084][safepoint    ] Safepoint "Cleanup", Time since last: 1000506898 ns, Reaching safepoint: 113622 ns, At safepoint: 6957 ns, Total: 120579 ns
[2020-05-20T11:28:50.351+0000][1084][safepoint    ] Safepoint "Cleanup", Time since last: 1000292637 ns, Reaching safepoint: 150724 ns, At safepoint: 6957 ns, Total: 157681 ns
[2020-05-20T11:28:51.352+0000][1084][safepoint    ] Safepoint "Cleanup", Time since last: 1000703998 ns, Reaching safepoint: 99710 ns, At safepoint: 3246 ns, Total: 102956 ns
[2020-05-20T11:28:52.442+0000][1084][safepoint    ] Safepoint "Cleanup", Time since last: 1000091826 ns, Reaching safepoint: 89891038 ns, At safepoint: 187826 ns, Total: 90078864 ns
[2020-05-20T11:28:53.443+0000][1084][safepoint    ] Safepoint "Cleanup", Time since last: 1000249970 ns, Reaching safepoint: 103884 ns, At safepoint: 14377 ns, Total: 118261 ns
[2020-05-20T11:28:54.443+0000][1084][safepoint    ] Safepoint "Cleanup", Time since last: 1000550955 ns, Reaching safepoint: 95072 ns, At safepoint: 3711 ns, Total: 98783 ns
[2020-05-20T11:28:55.444+0000][1084][safepoint    ] Safepoint "Cleanup", Time since last: 1000597331 ns, Reaching safepoint: 111305 ns, At safepoint: 3246 ns, Total: 114551 ns
[2020-05-20T11:28:57.128+0000][1084][safepoint    ] Safepoint "Cleanup", Time since last: 1563793707 ns, Reaching safepoint: 120268243 ns, At safepoint: 65855 ns, Total: 120334098 ns
[2020-05-20T11:28:58.457+0000][1084][safepoint    ] Safepoint "Cleanup", Time since last: 1150375071 ns, Reaching safepoint: 177468806 ns, At safepoint: 780984 ns, Total: 178249790 ns
[2020-05-20T11:28:58.861+0000][1084][gc,start     ] GC(55) Pause Young (Normal) (G1 Evacuation Pause)
[2020-05-20T11:28:58.861+0000][1084][gc,task      ] GC(55) Using 4 workers of 4 for evacuation
[2020-05-20T11:28:58.861+0000][1084][gc,age       ] GC(55) Desired survivor size 3670016 bytes, new threshold 3 (max threshold 15)
[2020-05-20T11:28:59.220+0000][1084][gc,age       ] GC(55) Age table with threshold 3 (max threshold 15)
[2020-05-20T11:28:59.220+0000][1084][gc,age       ] GC(55) - age   1:     847216 bytes,     847216 total
[2020-05-20T11:28:59.220+0000][1084][gc,age       ] GC(55) - age   2:     772032 bytes,    1619248 total
[2020-05-20T11:28:59.220+0000][1084][gc,age       ] GC(55) - age   3:      46224 bytes,    1665472 total
[2020-05-20T11:28:59.220+0000][1084][gc,mmu       ] GC(55) MMU target violated: 201.0ms (200.0ms/201.0ms)
[2020-05-20T11:28:59.220+0000][1084][gc,phases    ] GC(55)   Pre Evacuate Collection Set: 0.2ms
[2020-05-20T11:28:59.220+0000][1084][gc,phases    ] GC(55)   Merge Heap Roots: 0.1ms
[2020-05-20T11:28:59.220+0000][1084][gc,phases    ] GC(55)   Evacuate Collection Set: 356.5ms
[2020-05-20T11:28:59.220+0000][1084][gc,phases    ] GC(55)   Post Evacuate Collection Set: 1.0ms
[2020-05-20T11:28:59.221+0000][1084][gc,phases    ] GC(55)   Other: 0.4ms
[2020-05-20T11:28:59.221+0000][1084][gc,heap      ] GC(55) Eden regions: 47->0(49)
[2020-05-20T11:28:59.221+0000][1084][gc,heap      ] GC(55) Survivor regions: 4->2(7)
[2020-05-20T11:28:59.221+0000][1084][gc,heap      ] GC(55) Old regions: 87->88
[2020-05-20T11:28:59.221+0000][1084][gc,heap      ] GC(55) Archive regions: 0->0
[2020-05-20T11:28:59.221+0000][1084][gc,heap      ] GC(55) Humongous regions: 10->10
[2020-05-20T11:28:59.221+0000][1084][gc,metaspace ] GC(55) Metaspace: 100083K(107672K)->100083K(107672K) NonClass: 87118K(91524K)->87118K(91524K) Class: 12965K(16148K)->12965K(16148K)
[2020-05-20T11:28:59.221+0000][1084][gc           ] GC(55) Pause Young (Normal) (G1 Evacuation Pause) 147M->99M(1024M) 358.446ms
[2020-05-20T11:28:59.221+0000][1084][gc,cpu       ] GC(55) User=0.22s Sys=0.02s Real=0.36s
[2020-05-20T11:28:59.221+0000][1084][safepoint    ] Safepoint "G1CollectForAllocation", Time since last: 330004568 ns, Reaching safepoint: 75273565 ns, At safepoint: 358784559 ns, Total: 434058124 ns
[2020-05-20T11:29:00.465+0000][1084][safepoint    ] Safepoint "Cleanup", Time since last: 1243781464 ns, Reaching safepoint: 172057 ns, At safepoint: 6493 ns, Total: 178550 ns
[2020-05-20T11:29:01.672+0000][1084][safepoint    ] Safepoint "Cleanup", Time since last: 1207465258 ns, Reaching safepoint: 164637 ns, At safepoint: 8348 ns, Total: 172985 ns
[2020-05-20T11:29:02.673+0000][1084][safepoint    ] Safepoint "Cleanup", Time since last: 1000567651 ns, Reaching safepoint: 73275 ns, At safepoint: 2783 ns, Total: 76058 ns
[2020-05-20T11:29:04.522+0000][1084][safepoint    ] Safepoint "Cleanup", Time since last: 1848465047 ns, Reaching safepoint: 77449 ns, At safepoint: 4638 ns, Total: 82087 ns
[2020-05-20T11:29:05.522+0000][1084][safepoint    ] Safepoint "Cleanup", Time since last: 1000001855 ns, Reaching safepoint: 94144 ns, At safepoint: 2783 ns, Total: 96927 ns
[2020-05-20T11:29:06.523+0000][1084][safepoint    ] Safepoint "Cleanup", Time since last: 1000846375 ns, Reaching safepoint: 142376 ns, At safepoint: 7884 ns, Total: 150260 ns
[2020-05-20T11:29:07.523+0000][1084][safepoint    ] Safepoint "Cleanup", Time since last: 1000476753 ns, Reaching safepoint: 195710 ns, At safepoint: 9739 ns, Total: 205449 ns
[2020-05-20T11:29:08.667+0000][1084][safepoint    ] Safepoint "Cleanup", Time since last: 1004275468 ns, Reaching safepoint: 138205824 ns, At safepoint: 1360693 ns, Total: 139566517 ns
[2020-05-20T11:29:09.891+0000][1084][safepoint    ] Safepoint "Cleanup", Time since last: 1200918259 ns, Reaching safepoint: 23002381 ns, At safepoint: 61681 ns, Total: 23064062 ns
[2020-05-20T11:29:10.635+0000][1084][safepoint    ] Safepoint "BulkRevokeBias", Time since last: 742685350 ns, Reaching safepoint: 153044 ns, At safepoint: 809737 ns, Total: 962781 ns
[2020-05-20T11:29:11.894+0000][1084][safepoint    ] Safepoint "Cleanup", Time since last: 1259166008 ns, Reaching safepoint: 89043 ns, At safepoint: 5565 ns, Total: 94608 ns
[2020-05-20T11:29:13.542+0000][1084][safepoint    ] Safepoint "Cleanup", Time since last: 1647496238 ns, Reaching safepoint: 95536 ns, At safepoint: 3710 ns, Total: 99246 ns
[2020-05-20T11:29:14.543+0000][1084][safepoint    ] Safepoint "Cleanup", Time since last: 1000632114 ns, Reaching safepoint: 85334 ns, At safepoint: 4637 ns, Total: 89971 ns
[2020-05-20T11:29:15.543+0000][1084][safepoint    ] Safepoint "Cleanup", Time since last: 1000092290 ns, Reaching safepoint: 126144 ns, At safepoint: 5102 ns, Total: 131246 ns
[2020-05-20T11:29:16.544+0000][1084][safepoint    ] Safepoint "Cleanup", Time since last: 1000767998 ns, Reaching safepoint: 205449 ns, At safepoint: 6493 ns, Total: 211942 ns
[2020-05-20T11:29:17.607+0000][1084][safepoint    ] Safepoint "Cleanup", Time since last: 1000574143 ns, Reaching safepoint: 63297709 ns, At safepoint: 63999 ns, Total: 63361708 ns
[2020-05-20T11:29:18.611+0000][1084][safepoint    ] Safepoint "Cleanup", Time since last: 1000115942 ns, Reaching safepoint: 3096109 ns, At safepoint: 35710 ns, Total: 3131819 ns
[2020-05-20T11:29:18.952+0000][1084][safepoint    ] Safepoint "BulkRevokeBias", Time since last: 301755590 ns, Reaching safepoint: 36584727 ns, At safepoint: 2939819 ns, Total: 39524546 ns
[2020-05-20T11:29:20.002+0000][1084][safepoint    ] Safepoint "Cleanup", Time since last: 1007099810 ns, Reaching safepoint: 42953176 ns, At safepoint: 216579 ns, Total: 43169755 ns
[2020-05-20T11:29:22.002+0000][1084][safepoint    ] Safepoint "Cleanup", Time since last: 1999803363 ns, Reaching safepoint: 172985 ns, At safepoint: 8811 ns, Total: 181796 ns
[2020-05-20T11:29:24.003+0000][1084][safepoint    ] Safepoint "Cleanup", Time since last: 2000174840 ns, Reaching safepoint: 92290 ns, At safepoint: 4174 ns, Total: 96464 ns
[2020-05-20T11:29:25.003+0000][1084][safepoint    ] Safepoint "Cleanup", Time since last: 1000138202 ns, Reaching safepoint: 122435 ns, At safepoint: 5565 ns, Total: 128000 ns
[2020-05-20T11:29:25.823+0000][1084][gc,start     ] GC(56) Pause Young (Normal) (G1 Evacuation Pause)
[2020-05-20T11:29:25.823+0000][1084][gc,task      ] GC(56) Using 4 workers of 4 for evacuation
[2020-05-20T11:29:25.823+0000][1084][gc,age       ] GC(56) Desired survivor size 3670016 bytes, new threshold 15 (max threshold 15)
[2020-05-20T11:29:25.911+0000][1084][gc,age       ] GC(56) Age table with threshold 15 (max threshold 15)
[2020-05-20T11:29:25.911+0000][1084][gc,age       ] GC(56) - age   1:     607008 bytes,     607008 total
[2020-05-20T11:29:25.911+0000][1084][gc,age       ] GC(56) - age   2:     560904 bytes,    1167912 total
[2020-05-20T11:29:25.911+0000][1084][gc,age       ] GC(56) - age   3:     769672 bytes,    1937584 total
[2020-05-20T11:29:25.911+0000][1084][gc,age       ] GC(56) - age   4:      46000 bytes,    1983584 total
[2020-05-20T11:29:25.911+0000][1084][gc,phases    ] GC(56)   Pre Evacuate Collection Set: 0.2ms
[2020-05-20T11:29:25.911+0000][1084][gc,phases    ] GC(56)   Merge Heap Roots: 0.1ms
[2020-05-20T11:29:25.911+0000][1084][gc,phases    ] GC(56)   Evacuate Collection Set: 86.7ms
[2020-05-20T11:29:25.911+0000][1084][gc,phases    ] GC(56)   Post Evacuate Collection Set: 0.9ms
[2020-05-20T11:29:25.911+0000][1084][gc,phases    ] GC(56)   Other: 0.4ms
[2020-05-20T11:29:25.911+0000][1084][gc,heap      ] GC(56) Eden regions: 49->0(49)
[2020-05-20T11:29:25.912+0000][1084][gc,heap      ] GC(56) Survivor regions: 2->2(7)
[2020-05-20T11:29:25.912+0000][1084][gc,heap      ] GC(56) Old regions: 88->88
[2020-05-20T11:29:25.912+0000][1084][gc,heap      ] GC(56) Archive regions: 0->0
[2020-05-20T11:29:25.912+0000][1084][gc,heap      ] GC(56) Humongous regions: 10->10
[2020-05-20T11:29:25.912+0000][1084][gc,metaspace ] GC(56) Metaspace: 100159K(107928K)->100159K(107928K) NonClass: 87188K(91780K)->87188K(91780K) Class: 12970K(16148K)->12970K(16148K)
[2020-05-20T11:29:25.912+0000][1084][gc           ] GC(56) Pause Young (Normal) (G1 Evacuation Pause) 148M->99M(1024M) 88.557ms
[2020-05-20T11:29:25.912+0000][1084][gc,cpu       ] GC(56) User=0.08s Sys=0.00s Real=0.09s
[2020-05-20T11:29:25.912+0000][1084][safepoint    ] Safepoint "G1CollectForAllocation", Time since last: 816317644 ns, Reaching safepoint: 4365439 ns, At safepoint: 88730229 ns, Total: 93095668 ns
[2020-05-20T11:29:27.913+0000][1084][safepoint    ] Safepoint "Cleanup", Time since last: 2000362202 ns, Reaching safepoint: 85797 ns, At safepoint: 3246 ns, Total: 89043 ns
[2020-05-20T11:29:28.914+0000][1084][safepoint    ] Safepoint "Cleanup", Time since last: 1000801853 ns, Reaching safepoint: 73275 ns, At safepoint: 2783 ns, Total: 76058 ns
[2020-05-20T11:29:29.914+0000][1084][safepoint    ] Safepoint "Cleanup", Time since last: 1000076058 ns, Reaching safepoint: 91826 ns, At safepoint: 2782 ns, Total: 94608 ns
[2020-05-20T11:29:30.915+0000][1084][safepoint    ] Safepoint "Cleanup", Time since last: 1000634897 ns, Reaching safepoint: 139131 ns, At safepoint: 4637 ns, Total: 143768 ns
[2020-05-20T11:29:32.042+0000][1084][safepoint    ] Safepoint "Cleanup", Time since last: 1000329739 ns, Reaching safepoint: 126840285 ns, At safepoint: 134493 ns, Total: 126974778 ns
[2020-05-20T11:29:33.043+0000][1084][safepoint    ] Safepoint "Cleanup", Time since last: 1000761041 ns, Reaching safepoint: 144696 ns, At safepoint: 13913 ns, Total: 158609 ns
[2020-05-20T11:29:34.043+0000][1084][safepoint    ] Safepoint "Cleanup", Time since last: 1000025507 ns, Reaching safepoint: 90434 ns, At safepoint: 4174 ns, Total: 94608 ns
[2020-05-20T11:29:35.043+0000][1084][safepoint    ] Safepoint "Cleanup", Time since last: 1000094145 ns, Reaching safepoint: 147014 ns, At safepoint: 6957 ns, Total: 153971 ns
[2020-05-20T11:29:36.453+0000][1084][safepoint    ] Safepoint "Cleanup", Time since last: 1343394914 ns, Reaching safepoint: 66140136 ns, At safepoint: 17623 ns, Total: 66157759 ns
[2020-05-20T11:29:37.454+0000][1084][safepoint    ] Safepoint "Cleanup", Time since last: 1000746201 ns, Reaching safepoint: 221681 ns, At safepoint: 47304 ns, Total: 268985 ns
[2020-05-20T11:29:39.268+0000][1084][safepoint    ] Safepoint "Cleanup", Time since last: 1006796970 ns, Reaching safepoint: 808170648 ns, At safepoint: 82550 ns, Total: 808253198 ns
[2020-05-20T11:29:41.313+0000][1084][safepoint    ] Safepoint "Cleanup", Time since last: 1999839537 ns, Reaching safepoint: 44017985 ns, At safepoint: 596868 ns, Total: 44614853 ns
[2020-05-20T11:29:42.773+0000][1084][safepoint    ] Safepoint "Cleanup", Time since last: 1000481854 ns, Reaching safepoint: 459708151 ns, At safepoint: 100638 ns, Total: 459808789 ns
[2020-05-20T11:29:44.256+0000][1084][safepoint    ] Safepoint "Cleanup", Time since last: 1000633042 ns, Reaching safepoint: 482794474 ns, At safepoint: 108986 ns, Total: 482903460 ns
[2020-05-20T11:29:45.839+0000][1084][safepoint    ] Safepoint "Cleanup", Time since last: 1397517918 ns, Reaching safepoint: 184598761 ns, At safepoint: 160463 ns, Total: 184759224 ns
[2020-05-20T11:29:47.442+0000][1084][safepoint    ] Safepoint "Cleanup", Time since last: 1589155272 ns, Reaching safepoint: 13057824 ns, At safepoint: 12522 ns, Total: 13070346 ns
[2020-05-20T11:29:48.815+0000][1084][safepoint    ] Safepoint "Cleanup", Time since last: 1013640316 ns, Reaching safepoint: 359266414 ns, At safepoint: 26898 ns, Total: 359293312 ns
[2020-05-20T11:29:49.978+0000][1084][safepoint    ] Safepoint "Cleanup", Time since last: 1000908520 ns, Reaching safepoint: 162636144 ns, At safepoint: 249043 ns, Total: 162885187 ns
[2020-05-20T11:29:51.011+0000][1084][safepoint    ] Safepoint "Cleanup", Time since last: 1000676173 ns, Reaching safepoint: 31974418 ns, At safepoint: 70029 ns, Total: 32044447 ns
[2020-05-20T11:29:52.159+0000][1084][safepoint    ] Safepoint "Cleanup", Time since last: 1000758723 ns, Reaching safepoint: 146846268 ns, At safepoint: 102029 ns, Total: 146948297 ns
[2020-05-20T11:29:53.351+0000][1084][safepoint    ] Safepoint "Cleanup", Time since last: 1000069565 ns, Reaching safepoint: 192261583 ns, At safepoint: 376115 ns, Total: 192637698 ns
[2020-05-20T11:29:54.515+0000][1084][gc,start     ] GC(57) Pause Young (Normal) (G1 Evacuation Pause)
[2020-05-20T11:29:54.515+0000][1084][gc,task      ] GC(57) Using 4 workers of 4 for evacuation
[2020-05-20T11:29:54.515+0000][1084][gc,age       ] GC(57) Desired survivor size 3670016 bytes, new threshold 15 (max threshold 15)
[2020-05-20T11:29:54.827+0000][1084][gc,age       ] GC(57) Age table with threshold 15 (max threshold 15)
[2020-05-20T11:29:54.827+0000][1084][gc,age       ] GC(57) - age   1:     426376 bytes,     426376 total
[2020-05-20T11:29:54.827+0000][1084][gc,age       ] GC(57) - age   2:     397520 bytes,     823896 total
[2020-05-20T11:29:54.827+0000][1084][gc,age       ] GC(57) - age   3:     559440 bytes,    1383336 total
[2020-05-20T11:29:54.827+0000][1084][gc,age       ] GC(57) - age   4:     769672 bytes,    2153008 total
[2020-05-20T11:29:54.827+0000][1084][gc,age       ] GC(57) - age   5:      45904 bytes,    2198912 total
[2020-05-20T11:29:54.827+0000][1084][gc,mmu       ] GC(57) MMU target violated: 201.0ms (200.0ms/201.0ms)
[2020-05-20T11:29:54.827+0000][1084][gc,phases    ] GC(57)   Pre Evacuate Collection Set: 0.1ms
[2020-05-20T11:29:54.827+0000][1084][gc,phases    ] GC(57)   Merge Heap Roots: 0.1ms
[2020-05-20T11:29:54.827+0000][1084][gc,phases    ] GC(57)   Evacuate Collection Set: 311.2ms
[2020-05-20T11:29:54.827+0000][1084][gc,phases    ] GC(57)   Post Evacuate Collection Set: 0.8ms
[2020-05-20T11:29:54.827+0000][1084][gc,phases    ] GC(57)   Other: 0.4ms
[2020-05-20T11:29:54.827+0000][1084][gc,heap      ] GC(57) Eden regions: 49->0(48)
[2020-05-20T11:29:54.827+0000][1084][gc,heap      ] GC(57) Survivor regions: 2->3(7)
[2020-05-20T11:29:54.827+0000][1084][gc,heap      ] GC(57) Old regions: 88->88
[2020-05-20T11:29:54.828+0000][1084][gc,heap      ] GC(57) Archive regions: 0->0
[2020-05-20T11:29:54.828+0000][1084][gc,heap      ] GC(57) Humongous regions: 10->10
[2020-05-20T11:29:54.828+0000][1084][gc,metaspace ] GC(57) Metaspace: 100182K(107928K)->100182K(107928K) NonClass: 87208K(91780K)->87208K(91780K) Class: 12973K(16148K)->12973K(16148K)
[2020-05-20T11:29:54.828+0000][1084][gc           ] GC(57) Pause Young (Normal) (G1 Evacuation Pause) 148M->99M(1024M) 312.800ms
[2020-05-20T11:29:54.828+0000][1084][gc,cpu       ] GC(57) User=0.06s Sys=0.00s Real=0.31s
[2020-05-20T11:29:54.828+0000][1084][safepoint    ] Safepoint "G1CollectForAllocation", Time since last: 943582740 ns, Reaching safepoint: 220005982 ns, At safepoint: 313043216 ns, Total: 533049198 ns
[2020-05-20T11:29:56.064+0000][1084][safepoint    ] Safepoint "Cleanup", Time since last: 1235394237 ns, Reaching safepoint: 133565 ns, At safepoint: 3710 ns, Total: 137275 ns
[2020-05-20T11:29:57.097+0000][1084][safepoint    ] Safepoint "Cleanup", Time since last: 1033257662 ns, Reaching safepoint: 82087 ns, At safepoint: 16696 ns, Total: 98783 ns
[2020-05-20T11:29:58.246+0000][1084][safepoint    ] Safepoint "Cleanup", Time since last: 1149219828 ns, Reaching safepoint: 76057 ns, At safepoint: 4174 ns, Total: 80231 ns
[2020-05-20T11:29:58.353+0000][1084][safepoint    ] Safepoint "BulkRevokeBias", Time since last: 84298935 ns, Reaching safepoint: 21474733 ns, At safepoint: 822259 ns, Total: 22296992 ns
[2020-05-20T11:29:59.657+0000][1084][safepoint    ] Safepoint "Cleanup", Time since last: 1219042738 ns, Reaching safepoint: 84878644 ns, At safepoint: 69565 ns, Total: 84948209 ns
[2020-05-20T11:30:01.230+0000][1084][safepoint    ] Safepoint "Cleanup", Time since last: 1572592759 ns, Reaching safepoint: 187826 ns, At safepoint: 20870 ns, Total: 208696 ns
[2020-05-20T11:30:02.267+0000][1084][safepoint    ] Safepoint "Cleanup", Time since last: 1036672378 ns, Reaching safepoint: 81160 ns, At safepoint: 3710 ns, Total: 84870 ns
[2020-05-20T11:30:03.288+0000][1084][safepoint    ] Safepoint "Cleanup", Time since last: 1000744346 ns, Reaching safepoint: 20947893 ns, At safepoint: 50551 ns, Total: 20998444 ns
[2020-05-20T11:30:04.289+0000][1084][safepoint    ] Safepoint "Cleanup", Time since last: 1000696578 ns, Reaching safepoint: 118261 ns, At safepoint: 8347 ns, Total: 126608 ns
[2020-05-20T11:30:06.290+0000][1084][safepoint    ] Safepoint "Cleanup", Time since last: 2000813912 ns, Reaching safepoint: 95072 ns, At safepoint: 2782 ns, Total: 97854 ns
[2020-05-20T11:30:07.290+0000][1084][safepoint    ] Safepoint "Cleanup", Time since last: 1000133102 ns, Reaching safepoint: 78840 ns, At safepoint: 3246 ns, Total: 82086 ns
[2020-05-20T11:30:08.291+0000][1084][safepoint    ] Safepoint "Cleanup", Time since last: 1000427130 ns, Reaching safepoint: 100637 ns, At safepoint: 4174 ns, Total: 104811 ns
[2020-05-20T11:30:10.292+0000][1084][safepoint    ] Safepoint "Cleanup", Time since last: 2000959998 ns, Reaching safepoint: 97391 ns, At safepoint: 2783 ns, Total: 100174 ns
[2020-05-20T11:30:11.292+0000][1084][safepoint    ] Safepoint "Cleanup", Time since last: 1000086260 ns, Reaching safepoint: 103420 ns, At safepoint: 2783 ns, Total: 106203 ns
[2020-05-20T11:30:13.292+0000][1084][safepoint    ] Safepoint "Cleanup", Time since last: 2000049159 ns, Reaching safepoint: 116406 ns, At safepoint: 7420 ns, Total: 123826 ns
[2020-05-20T11:30:14.293+0000][1084][safepoint    ] Safepoint "Cleanup", Time since last: 1000696114 ns, Reaching safepoint: 91826 ns, At safepoint: 5102 ns, Total: 96928 ns
[2020-05-20T11:30:15.293+0000][1084][safepoint    ] Safepoint "Cleanup", Time since last: 1000458201 ns, Reaching safepoint: 111305 ns, At safepoint: 6956 ns, Total: 118261 ns
[2020-05-20T11:30:16.294+0000][1084][safepoint    ] Safepoint "Cleanup", Time since last: 1000835244 ns, Reaching safepoint: 116870 ns, At safepoint: 6029 ns, Total: 122899 ns
[2020-05-20T11:30:17.295+0000][1084][safepoint    ] Safepoint "Cleanup", Time since last: 1000473970 ns, Reaching safepoint: 127536 ns, At safepoint: 7420 ns, Total: 134956 ns
[2020-05-20T11:30:18.296+0000][1084][safepoint    ] Safepoint "Cleanup", Time since last: 1000459129 ns, Reaching safepoint: 91362 ns, At safepoint: 3247 ns, Total: 94609 ns
[2020-05-20T11:30:19.296+0000][1084][safepoint    ] Safepoint "Cleanup", Time since last: 1000271767 ns, Reaching safepoint: 122898 ns, At safepoint: 4638 ns, Total: 127536 ns
[2020-05-20T11:30:20.296+0000][1084][safepoint    ] Safepoint "Cleanup", Time since last: 1000141449 ns, Reaching safepoint: 355246 ns, At safepoint: 12985 ns, Total: 368231 ns
[2020-05-20T11:30:21.297+0000][1084][safepoint    ] Safepoint "Cleanup", Time since last: 1000343188 ns, Reaching safepoint: 108521 ns, At safepoint: 4638 ns, Total: 113159 ns
[2020-05-20T11:30:22.298+0000][1084][safepoint    ] Safepoint "Cleanup", Time since last: 1000511071 ns, Reaching safepoint: 172521 ns, At safepoint: 5566 ns, Total: 178087 ns
[2020-05-20T11:30:23.298+0000][1084][safepoint    ] Safepoint "Cleanup", Time since last: 1000159536 ns, Reaching safepoint: 103420 ns, At safepoint: 2782 ns, Total: 106202 ns
[2020-05-20T11:30:24.298+0000][1084][safepoint    ] Safepoint "Cleanup", Time since last: 1000230492 ns, Reaching safepoint: 127536 ns, At safepoint: 6957 ns, Total: 134493 ns
[2020-05-20T11:30:25.299+0000][1084][safepoint    ] Safepoint "Cleanup", Time since last: 1000445216 ns, Reaching safepoint: 78841 ns, At safepoint: 2782 ns, Total: 81623 ns
[2020-05-20T11:30:26.299+0000][1084][safepoint    ] Safepoint "Cleanup", Time since last: 1000071420 ns, Reaching safepoint: 115478 ns, At safepoint: 6493 ns, Total: 121971 ns
[2020-05-20T11:30:26.373+0000][1084][gc,start     ] GC(58) Pause Young (Normal) (G1 Evacuation Pause)
[2020-05-20T11:30:26.373+0000][1084][gc,task      ] GC(58) Using 4 workers of 4 for evacuation
[2020-05-20T11:30:26.373+0000][1084][gc,age       ] GC(58) Desired survivor size 3670016 bytes, new threshold 15 (max threshold 15)
[2020-05-20T11:30:26.432+0000][1084][gc,age       ] GC(58) Age table with threshold 15 (max threshold 15)
[2020-05-20T11:30:26.432+0000][1084][gc,age       ] GC(58) - age   1:     316560 bytes,     316560 total
[2020-05-20T11:30:26.433+0000][1084][gc,age       ] GC(58) - age   2:     288728 bytes,     605288 total
[2020-05-20T11:30:26.433+0000][1084][gc,age       ] GC(58) - age   3:     388224 bytes,     993512 total
[2020-05-20T11:30:26.433+0000][1084][gc,age       ] GC(58) - age   4:     554376 bytes,    1547888 total
[2020-05-20T11:30:26.433+0000][1084][gc,age       ] GC(58) - age   5:     765136 bytes,    2313024 total
[2020-05-20T11:30:26.433+0000][1084][gc,age       ] GC(58) - age   6:      27600 bytes,    2340624 total
[2020-05-20T11:30:26.433+0000][1084][gc,phases    ] GC(58)   Pre Evacuate Collection Set: 0.1ms
[2020-05-20T11:30:26.433+0000][1084][gc,phases    ] GC(58)   Merge Heap Roots: 0.1ms
[2020-05-20T11:30:26.433+0000][1084][gc,phases    ] GC(58)   Evacuate Collection Set: 57.0ms
[2020-05-20T11:30:26.433+0000][1084][gc,phases    ] GC(58)   Post Evacuate Collection Set: 1.8ms
[2020-05-20T11:30:26.433+0000][1084][gc,phases    ] GC(58)   Other: 0.8ms
[2020-05-20T11:30:26.433+0000][1084][gc,heap      ] GC(58) Eden regions: 48->0(48)
[2020-05-20T11:30:26.433+0000][1084][gc,heap      ] GC(58) Survivor regions: 3->3(7)
[2020-05-20T11:30:26.433+0000][1084][gc,heap      ] GC(58) Old regions: 88->88
[2020-05-20T11:30:26.433+0000][1084][gc,heap      ] GC(58) Archive regions: 0->0
[2020-05-20T11:30:26.433+0000][1084][gc,heap      ] GC(58) Humongous regions: 10->10
[2020-05-20T11:30:26.433+0000][1084][gc,metaspace ] GC(58) Metaspace: 100233K(107928K)->100233K(107928K) NonClass: 87244K(91780K)->87244K(91780K) Class: 12989K(16148K)->12989K(16148K)
[2020-05-20T11:30:26.433+0000][1084][gc           ] GC(58) Pause Young (Normal) (G1 Evacuation Pause) 147M->99M(1024M) 60.223ms
[2020-05-20T11:30:26.433+0000][1084][gc,cpu       ] GC(58) User=0.00s Sys=0.00s Real=0.06s
[2020-05-20T11:30:26.433+0000][1084][safepoint    ] Safepoint "G1CollectForAllocation", Time since last: 73974089 ns, Reaching safepoint: 99710 ns, At safepoint: 60404730 ns, Total: 60504440 ns
[2020-05-20T11:30:28.434+0000][1084][safepoint    ] Safepoint "Cleanup", Time since last: 2000180405 ns, Reaching safepoint: 343188 ns, At safepoint: 6493 ns, Total: 349681 ns
[2020-05-20T11:30:29.434+0000][1084][safepoint    ] Safepoint "Cleanup", Time since last: 1000249042 ns, Reaching safepoint: 94145 ns, At safepoint: 4638 ns, Total: 98783 ns
[2020-05-20T11:30:30.435+0000][1084][safepoint    ] Safepoint "Cleanup", Time since last: 1000184579 ns, Reaching safepoint: 143304 ns, At safepoint: 6493 ns, Total: 149797 ns
[2020-05-20T11:30:31.435+0000][1084][safepoint    ] Safepoint "Cleanup", Time since last: 1000187362 ns, Reaching safepoint: 135883 ns, At safepoint: 4174 ns, Total: 140057 ns
[2020-05-20T11:30:32.435+0000][1084][safepoint    ] Safepoint "Cleanup", Time since last: 1000202203 ns, Reaching safepoint: 105275 ns, At safepoint: 5101 ns, Total: 110376 ns
[2020-05-20T11:30:33.436+0000][1084][safepoint    ] Safepoint "Cleanup", Time since last: 1000208696 ns, Reaching safepoint: 111767 ns, At safepoint: 6957 ns, Total: 118724 ns
[2020-05-20T11:30:34.436+0000][1084][safepoint    ] Safepoint "Cleanup", Time since last: 1000559767 ns, Reaching safepoint: 110376 ns, At safepoint: 5565 ns, Total: 115941 ns
[2020-05-20T11:30:35.437+0000][1084][safepoint    ] Safepoint "Cleanup", Time since last: 1000850085 ns, Reaching safepoint: 131247 ns, At safepoint: 4637 ns, Total: 135884 ns
[2020-05-20T11:30:36.438+0000][1084][safepoint    ] Safepoint "Cleanup", Time since last: 1000382144 ns, Reaching safepoint: 163710 ns, At safepoint: 5565 ns, Total: 169275 ns
[2020-05-20T11:30:37.439+0000][1084][safepoint    ] Safepoint "Cleanup", Time since last: 1000716984 ns, Reaching safepoint: 107594 ns, At safepoint: 4174 ns, Total: 111768 ns
[2020-05-20T11:30:38.440+0000][1084][safepoint    ] Safepoint "Cleanup", Time since last: 1000718839 ns, Reaching safepoint: 104811 ns, At safepoint: 5102 ns, Total: 109913 ns
[2020-05-20T11:30:39.440+0000][1084][safepoint    ] Safepoint "Cleanup", Time since last: 1000651592 ns, Reaching safepoint: 91826 ns, At safepoint: 3247 ns, Total: 95073 ns
[2020-05-20T11:30:40.441+0000][1084][safepoint    ] Safepoint "Cleanup", Time since last: 1000127072 ns, Reaching safepoint: 137739 ns, At safepoint: 4173 ns, Total: 141912 ns
[2020-05-20T11:30:41.441+0000][1084][safepoint    ] Safepoint "Cleanup", Time since last: 1000443826 ns, Reaching safepoint: 109912 ns, At safepoint: 4638 ns, Total: 114550 ns
[2020-05-20T11:30:42.442+0000][1084][safepoint    ] Safepoint "Cleanup", Time since last: 1000481854 ns, Reaching safepoint: 93681 ns, At safepoint: 4638 ns, Total: 98319 ns
[2020-05-20T11:30:43.442+0000][1084][safepoint    ] Safepoint "Cleanup", Time since last: 1000698896 ns, Reaching safepoint: 123826 ns, At safepoint: 4638 ns, Total: 128464 ns
[2020-05-20T11:30:44.443+0000][1084][safepoint    ] Safepoint "Cleanup", Time since last: 1000408115 ns, Reaching safepoint: 120579 ns, At safepoint: 4638 ns, Total: 125217 ns
[2020-05-20T11:30:45.443+0000][1084][safepoint    ] Safepoint "Cleanup", Time since last: 1000177159 ns, Reaching safepoint: 134492 ns, At safepoint: 7421 ns, Total: 141913 ns
[2020-05-20T11:30:47.443+0000][1084][safepoint    ] Safepoint "Cleanup", Time since last: 2000058434 ns, Reaching safepoint: 140058 ns, At safepoint: 2783 ns, Total: 142841 ns
[2020-05-20T11:30:48.444+0000][1084][safepoint    ] Safepoint "Cleanup", Time since last: 1000420173 ns, Reaching safepoint: 93681 ns, At safepoint: 3246 ns, Total: 96927 ns
[2020-05-20T11:30:49.444+0000][1084][safepoint    ] Safepoint "Cleanup", Time since last: 1000025971 ns, Reaching safepoint: 94608 ns, At safepoint: 2783 ns, Total: 97391 ns
[2020-05-20T11:30:50.445+0000][1084][safepoint    ] Safepoint "Cleanup", Time since last: 1000354318 ns, Reaching safepoint: 77913 ns, At safepoint: 3246 ns, Total: 81159 ns
[2020-05-20T11:30:51.445+0000][1084][safepoint    ] Safepoint "Cleanup", Time since last: 1000498086 ns, Reaching safepoint: 109913 ns, At safepoint: 4174 ns, Total: 114087 ns
[2020-05-20T11:30:52.445+0000][1084][safepoint    ] Safepoint "Cleanup", Time since last: 1000096463 ns, Reaching safepoint: 122898 ns, At safepoint: 5566 ns, Total: 128464 ns
[2020-05-20T11:30:53.446+0000][1084][safepoint    ] Safepoint "Cleanup", Time since last: 1000671534 ns, Reaching safepoint: 131246 ns, At safepoint: 2783 ns, Total: 134029 ns
[2020-05-20T11:30:54.447+0000][1084][safepoint    ] Safepoint "Cleanup", Time since last: 1000332521 ns, Reaching safepoint: 107594 ns, At safepoint: 5101 ns, Total: 112695 ns
[2020-05-20T11:30:55.447+0000][1084][safepoint    ] Safepoint "Cleanup", Time since last: 1000133102 ns, Reaching safepoint: 126144 ns, At safepoint: 5102 ns, Total: 131246 ns
[2020-05-20T11:30:56.448+0000][1084][safepoint    ] Safepoint "Cleanup", Time since last: 1000621447 ns, Reaching safepoint: 122435 ns, At safepoint: 3246 ns, Total: 125681 ns
[2020-05-20T11:30:58.448+0000][1084][safepoint    ] Safepoint "Cleanup", Time since last: 2000131710 ns, Reaching safepoint: 113159 ns, At safepoint: 2783 ns, Total: 115942 ns
[2020-05-20T11:30:59.448+0000][1084][safepoint    ] Safepoint "Cleanup", Time since last: 1000090434 ns, Reaching safepoint: 126609 ns, At safepoint: 6956 ns, Total: 133565 ns
[2020-05-20T11:31:00.449+0000][1084][safepoint    ] Safepoint "Cleanup", Time since last: 1000654839 ns, Reaching safepoint: 80696 ns, At safepoint: 4174 ns, Total: 84870 ns
[2020-05-20T11:31:01.449+0000][1084][safepoint    ] Safepoint "Cleanup", Time since last: 1000361738 ns, Reaching safepoint: 610781 ns, At safepoint: 14377 ns, Total: 625158 ns
[2020-05-20T11:31:02.451+0000][1084][safepoint    ] Safepoint "Cleanup", Time since last: 1001016114 ns, Reaching safepoint: 113159 ns, At safepoint: 4638 ns, Total: 117797 ns
[2020-05-20T11:31:04.452+0000][1084][safepoint    ] Safepoint "Cleanup", Time since last: 2000745737 ns, Reaching safepoint: 114087 ns, At safepoint: 6492 ns, Total: 120579 ns
[2020-05-20T11:31:05.049+0000][1084][gc,start     ] GC(59) Pause Young (Normal) (G1 Evacuation Pause)
[2020-05-20T11:31:05.049+0000][1084][gc,task      ] GC(59) Using 4 workers of 4 for evacuation
[2020-05-20T11:31:05.049+0000][1084][gc,age       ] GC(59) Desired survivor size 3670016 bytes, new threshold 15 (max threshold 15)
[2020-05-20T11:31:05.052+0000][1084][gc,age       ] GC(59) Age table with threshold 15 (max threshold 15)
[2020-05-20T11:31:05.052+0000][1084][gc,age       ] GC(59) - age   1:      61712 bytes,      61712 total
[2020-05-20T11:31:05.052+0000][1084][gc,age       ] GC(59) - age   2:     258320 bytes,     320032 total
[2020-05-20T11:31:05.052+0000][1084][gc,age       ] GC(59) - age   3:     286584 bytes,     606616 total
[2020-05-20T11:31:05.052+0000][1084][gc,age       ] GC(59) - age   4:     388224 bytes,     994840 total
[2020-05-20T11:31:05.052+0000][1084][gc,age       ] GC(59) - age   5:     554376 bytes,    1549216 total
[2020-05-20T11:31:05.052+0000][1084][gc,age       ] GC(59) - age   6:     765136 bytes,    2314352 total
[2020-05-20T11:31:05.052+0000][1084][gc,age       ] GC(59) - age   7:      20512 bytes,    2334864 total
[2020-05-20T11:31:05.052+0000][1084][gc,phases    ] GC(59)   Pre Evacuate Collection Set: 0.2ms
[2020-05-20T11:31:05.052+0000][1084][gc,phases    ] GC(59)   Merge Heap Roots: 0.1ms
[2020-05-20T11:31:05.052+0000][1084][gc,phases    ] GC(59)   Evacuate Collection Set: 2.0ms
[2020-05-20T11:31:05.052+0000][1084][gc,phases    ] GC(59)   Post Evacuate Collection Set: 0.6ms
[2020-05-20T11:31:05.052+0000][1084][gc,phases    ] GC(59)   Other: 0.5ms
[2020-05-20T11:31:05.052+0000][1084][gc,heap      ] GC(59) Eden regions: 48->0(48)
[2020-05-20T11:31:05.052+0000][1084][gc,heap      ] GC(59) Survivor regions: 3->3(7)
[2020-05-20T11:31:05.052+0000][1084][gc,heap      ] GC(59) Old regions: 88->88
[2020-05-20T11:31:05.052+0000][1084][gc,heap      ] GC(59) Archive regions: 0->0
[2020-05-20T11:31:05.053+0000][1084][gc,heap      ] GC(59) Humongous regions: 10->10
[2020-05-20T11:31:05.053+0000][1084][gc,metaspace ] GC(59) Metaspace: 100233K(107928K)->100233K(107928K) NonClass: 87244K(91780K)->87244K(91780K) Class: 12989K(16148K)->12989K(16148K)
[2020-05-20T11:31:05.053+0000][1084][gc           ] GC(59) Pause Young (Normal) (G1 Evacuation Pause) 147M->99M(1024M) 3.532ms
[2020-05-20T11:31:05.053+0000][1084][gc,cpu       ] GC(59) User=0.00s Sys=0.00s Real=0.00s
[2020-05-20T11:31:05.053+0000][1084][safepoint    ] Safepoint "G1CollectForAllocation", Time since last: 597310151 ns, Reaching safepoint: 87652 ns, At safepoint: 3718485 ns, Total: 3806137 ns
[2020-05-20T11:31:06.054+0000][1084][safepoint    ] Safepoint "Cleanup", Time since last: 1000740636 ns, Reaching safepoint: 105275 ns, At safepoint: 4637 ns, Total: 109912 ns
[2020-05-20T11:31:07.055+0000][1084][safepoint    ] Safepoint "Cleanup", Time since last: 1000894143 ns, Reaching safepoint: 104812 ns, At safepoint: 4637 ns, Total: 109449 ns
[2020-05-20T11:31:08.055+0000][1084][safepoint    ] Safepoint "Cleanup", Time since last: 1000012058 ns, Reaching safepoint: 108058 ns, At safepoint: 4174 ns, Total: 112232 ns
[2020-05-20T11:31:09.055+0000][1084][safepoint    ] Safepoint "Cleanup", Time since last: 1000251825 ns, Reaching safepoint: 111304 ns, At safepoint: 5566 ns, Total: 116870 ns
[2020-05-20T11:31:10.056+0000][1084][safepoint    ] Safepoint "Cleanup", Time since last: 1000308868 ns, Reaching safepoint: 101565 ns, At safepoint: 15305 ns, Total: 116870 ns
[2020-05-20T11:31:11.056+0000][1084][safepoint    ] Safepoint "Cleanup", Time since last: 1000388173 ns, Reaching safepoint: 106666 ns, At safepoint: 3710 ns, Total: 110376 ns
[2020-05-20T11:31:12.057+0000][1084][safepoint    ] Safepoint "Cleanup", Time since last: 1000286608 ns, Reaching safepoint: 100638 ns, At safepoint: 14840 ns, Total: 115478 ns
[2020-05-20T11:31:13.153+0000][1084][safepoint    ] Safepoint "Cleanup", Time since last: 1084090704 ns, Reaching safepoint: 12103856 ns, At safepoint: 12522 ns, Total: 12116378 ns
[2020-05-20T11:31:14.154+0000][1084][safepoint    ] Safepoint "Cleanup", Time since last: 1000682665 ns, Reaching safepoint: 279651 ns, At safepoint: 4638 ns, Total: 284289 ns
[2020-05-20T11:31:15.154+0000][1084][safepoint    ] Safepoint "Cleanup", Time since last: 1000467477 ns, Reaching safepoint: 133565 ns, At safepoint: 6493 ns, Total: 140058 ns
[2020-05-20T11:31:15.311+0000][1084][safepoint    ] Safepoint "BulkRevokeBias", Time since last: 116548367 ns, Reaching safepoint: 38892895 ns, At safepoint: 1472925 ns, Total: 40365820 ns
[2020-05-20T11:31:16.312+0000][1084][safepoint    ] Safepoint "Cleanup", Time since last: 1000554201 ns, Reaching safepoint: 126145 ns, At safepoint: 6493 ns, Total: 132638 ns
[2020-05-20T11:31:17.313+0000][1084][safepoint    ] Safepoint "Cleanup", Time since last: 1000329274 ns, Reaching safepoint: 126145 ns, At safepoint: 4174 ns, Total: 130319 ns
[2020-05-20T11:31:18.395+0000][1084][safepoint    ] Safepoint "Cleanup", Time since last: 1075690027 ns, Reaching safepoint: 6894825 ns, At safepoint: 49623 ns, Total: 6944448 ns
[2020-05-20T11:31:19.396+0000][1084][safepoint    ] Safepoint "Cleanup", Time since last: 1000415999 ns, Reaching safepoint: 131710 ns, At safepoint: 6956 ns, Total: 138666 ns
[2020-05-20T11:31:20.404+0000][1084][safepoint    ] Safepoint "Cleanup", Time since last: 1007893315 ns, Reaching safepoint: 86725 ns, At safepoint: 4637 ns, Total: 91362 ns
[2020-05-20T11:31:21.404+0000][1084][safepoint    ] Safepoint "Cleanup", Time since last: 1000363594 ns, Reaching safepoint: 129854 ns, At safepoint: 4638 ns, Total: 134492 ns
[2020-05-20T11:31:22.540+0000][1084][safepoint    ] Safepoint "Cleanup", Time since last: 1067372829 ns, Reaching safepoint: 67822220 ns, At safepoint: 1440460 ns, Total: 69262680 ns
[2020-05-20T11:31:23.579+0000][1084][safepoint    ] Safepoint "Cleanup", Time since last: 1001611591 ns, Reaching safepoint: 36831451 ns, At safepoint: 262492 ns, Total: 37093943 ns
[2020-05-20T11:31:23.609+0000][1084][safepoint    ] Safepoint "BulkRevokeBias", Time since last: 4435004 ns, Reaching safepoint: 22206093 ns, At safepoint: 2891588 ns, Total: 25097681 ns
[2020-05-20T11:31:25.225+0000][1084][safepoint    ] Safepoint "Cleanup", Time since last: 1549384465 ns, Reaching safepoint: 66717063 ns, At safepoint: 65855 ns, Total: 66782918 ns
[2020-05-20T11:31:26.226+0000][1084][safepoint    ] Safepoint "Cleanup", Time since last: 1000681737 ns, Reaching safepoint: 125681 ns, At safepoint: 6493 ns, Total: 132174 ns
[2020-05-20T11:31:27.227+0000][1084][safepoint    ] Safepoint "Cleanup", Time since last: 1000394666 ns, Reaching safepoint: 97391 ns, At safepoint: 2782 ns, Total: 100173 ns
[2020-05-20T11:31:28.444+0000][1084][safepoint    ] Safepoint "Cleanup", Time since last: 1198494149 ns, Reaching safepoint: 19244013 ns, At safepoint: 57971 ns, Total: 19301984 ns
[2020-05-20T11:31:28.606+0000][1084][gc,start     ] GC(60) Pause Young (Normal) (G1 Evacuation Pause)
[2020-05-20T11:31:28.606+0000][1084][gc,task      ] GC(60) Using 4 workers of 4 for evacuation
[2020-05-20T11:31:28.606+0000][1084][gc,age       ] GC(60) Desired survivor size 3670016 bytes, new threshold 15 (max threshold 15)
[2020-05-20T11:31:28.664+0000][1084][gc,age       ] GC(60) Age table with threshold 15 (max threshold 15)
[2020-05-20T11:31:28.664+0000][1084][gc,age       ] GC(60) - age   1:    1531832 bytes,    1531832 total
[2020-05-20T11:31:28.664+0000][1084][gc,age       ] GC(60) - age   2:       1248 bytes,    1533080 total
[2020-05-20T11:31:28.664+0000][1084][gc,age       ] GC(60) - age   3:     170976 bytes,    1704056 total
[2020-05-20T11:31:28.664+0000][1084][gc,age       ] GC(60) - age   4:     281176 bytes,    1985232 total
[2020-05-20T11:31:28.664+0000][1084][gc,age       ] GC(60) - age   5:     285568 bytes,    2270800 total
[2020-05-20T11:31:28.664+0000][1084][gc,age       ] GC(60) - age   6:     552776 bytes,    2823576 total
[2020-05-20T11:31:28.664+0000][1084][gc,age       ] GC(60) - age   7:     709336 bytes,    3532912 total
[2020-05-20T11:31:28.664+0000][1084][gc,age       ] GC(60) - age   8:      20448 bytes,    3553360 total
[2020-05-20T11:31:28.664+0000][1084][gc,phases    ] GC(60)   Pre Evacuate Collection Set: 0.2ms
[2020-05-20T11:31:28.664+0000][1084][gc,phases    ] GC(60)   Merge Heap Roots: 0.1ms
[2020-05-20T11:31:28.664+0000][1084][gc,phases    ] GC(60)   Evacuate Collection Set: 56.6ms
[2020-05-20T11:31:28.664+0000][1084][gc,phases    ] GC(60)   Post Evacuate Collection Set: 0.8ms
[2020-05-20T11:31:28.664+0000][1084][gc,phases    ] GC(60)   Other: 0.7ms
[2020-05-20T11:31:28.664+0000][1084][gc,heap      ] GC(60) Eden regions: 48->0(47)
[2020-05-20T11:31:28.664+0000][1084][gc,heap      ] GC(60) Survivor regions: 3->4(7)
[2020-05-20T11:31:28.664+0000][1084][gc,heap      ] GC(60) Old regions: 88->88
[2020-05-20T11:31:28.664+0000][1084][gc,heap      ] GC(60) Archive regions: 0->0
[2020-05-20T11:31:28.664+0000][1084][gc,heap      ] GC(60) Humongous regions: 10->10
[2020-05-20T11:31:28.665+0000][1084][gc,metaspace ] GC(60) Metaspace: 100319K(107928K)->100319K(107928K) NonClass: 87327K(91780K)->87327K(91780K) Class: 12992K(16148K)->12992K(16148K)
[2020-05-20T11:31:28.665+0000][1084][gc           ] GC(60) Pause Young (Normal) (G1 Evacuation Pause) 147M->100M(1024M) 58.902ms
[2020-05-20T11:31:28.665+0000][1084][gc,cpu       ] GC(60) User=0.00s Sys=0.00s Real=0.06s
[2020-05-20T11:31:28.666+0000][1084][safepoint    ] Safepoint "G1CollectForAllocation", Time since last: 161710002 ns, Reaching safepoint: 102028 ns, At safepoint: 59947919 ns, Total: 60049947 ns
[2020-05-20T11:31:30.499+0000][1084][safepoint    ] Safepoint "Cleanup", Time since last: 1833205721 ns, Reaching safepoint: 108521 ns, At safepoint: 38493 ns, Total: 147014 ns
[2020-05-20T11:31:32.019+0000][1084][safepoint    ] Safepoint "Cleanup", Time since last: 1519172825 ns, Reaching safepoint: 153043 ns, At safepoint: 8812 ns, Total: 161855 ns
[2020-05-20T11:31:33.365+0000][1084][safepoint    ] Safepoint "Cleanup", Time since last: 1345685923 ns, Reaching safepoint: 128463 ns, At safepoint: 6029 ns, Total: 134492 ns
[2020-05-20T11:31:34.365+0000][1084][safepoint    ] Safepoint "Cleanup", Time since last: 1000243014 ns, Reaching safepoint: 77913 ns, At safepoint: 3246 ns, Total: 81159 ns
[2020-05-20T11:31:35.366+0000][1084][safepoint    ] Safepoint "Cleanup", Time since last: 1000420637 ns, Reaching safepoint: 103884 ns, At safepoint: 4637 ns, Total: 108521 ns
[2020-05-20T11:31:36.366+0000][1084][safepoint    ] Safepoint "Cleanup", Time since last: 1000488811 ns, Reaching safepoint: 86260 ns, At safepoint: 2783 ns, Total: 89043 ns
[2020-05-20T11:31:37.366+0000][1084][safepoint    ] Safepoint "Cleanup", Time since last: 1000136348 ns, Reaching safepoint: 145159 ns, At safepoint: 2782 ns, Total: 147941 ns
[2020-05-20T11:31:38.367+0000][1084][safepoint    ] Safepoint "Cleanup", Time since last: 1000328811 ns, Reaching safepoint: 110840 ns, At safepoint: 4174 ns, Total: 115014 ns
[2020-05-20T11:31:39.523+0000][1084][safepoint    ] Safepoint "Cleanup", Time since last: 1156402652 ns, Reaching safepoint: 91826 ns, At safepoint: 5101 ns, Total: 96927 ns
[2020-05-20T11:31:40.530+0000][1084][safepoint    ] Safepoint "Cleanup", Time since last: 1006468623 ns, Reaching safepoint: 82551 ns, At safepoint: 3710 ns, Total: 86261 ns
[2020-05-20T11:31:41.530+0000][1084][safepoint    ] Safepoint "Cleanup", Time since last: 1000290782 ns, Reaching safepoint: 131246 ns, At safepoint: 18087 ns, Total: 149333 ns
[2020-05-20T11:31:42.531+0000][1084][safepoint    ] Safepoint "Cleanup", Time since last: 1000346897 ns, Reaching safepoint: 178551 ns, At safepoint: 5101 ns, Total: 183652 ns
[2020-05-20T11:31:43.532+0000][1084][safepoint    ] Safepoint "Cleanup", Time since last: 1000731361 ns, Reaching safepoint: 131246 ns, At safepoint: 3246 ns, Total: 134492 ns
[2020-05-20T11:31:44.288+0000][1084][gc,start     ] GC(61) Pause Young (Normal) (G1 Evacuation Pause)
[2020-05-20T11:31:44.288+0000][1084][gc,task      ] GC(61) Using 4 workers of 4 for evacuation
[2020-05-20T11:31:44.288+0000][1084][gc,age       ] GC(61) Desired survivor size 3670016 bytes, new threshold 15 (max threshold 15)
[2020-05-20T11:31:44.290+0000][1084][gc,age       ] GC(61) Age table with threshold 15 (max threshold 15)
[2020-05-20T11:31:44.290+0000][1084][gc,age       ] GC(61) - age   1:     549160 bytes,     549160 total
[2020-05-20T11:31:44.290+0000][1084][gc,age       ] GC(61) - age   2:     783040 bytes,    1332200 total
[2020-05-20T11:31:44.290+0000][1084][gc,age       ] GC(61) - age   3:        928 bytes,    1333128 total
[2020-05-20T11:31:44.290+0000][1084][gc,age       ] GC(61) - age   4:      19496 bytes,    1352624 total
[2020-05-20T11:31:44.290+0000][1084][gc,age       ] GC(61) - age   5:      21712 bytes,    1374336 total
[2020-05-20T11:31:44.291+0000][1084][gc,age       ] GC(61) - age   6:      41224 bytes,    1415560 total
[2020-05-20T11:31:44.291+0000][1084][gc,age       ] GC(61) - age   7:     107760 bytes,    1523320 total
[2020-05-20T11:31:44.291+0000][1084][gc,age       ] GC(61) - age   8:     705936 bytes,    2229256 total
[2020-05-20T11:31:44.291+0000][1084][gc,age       ] GC(61) - age   9:      20352 bytes,    2249608 total
[2020-05-20T11:31:44.291+0000][1084][gc,phases    ] GC(61)   Pre Evacuate Collection Set: 0.1ms
[2020-05-20T11:31:44.291+0000][1084][gc,phases    ] GC(61)   Merge Heap Roots: 0.1ms
[2020-05-20T11:31:44.291+0000][1084][gc,phases    ] GC(61)   Evacuate Collection Set: 1.4ms
[2020-05-20T11:31:44.291+0000][1084][gc,phases    ] GC(61)   Post Evacuate Collection Set: 0.7ms
[2020-05-20T11:31:44.291+0000][1084][gc,phases    ] GC(61)   Other: 0.6ms
[2020-05-20T11:31:44.291+0000][1084][gc,heap      ] GC(61) Eden regions: 47->0(167)
[2020-05-20T11:31:44.291+0000][1084][gc,heap      ] GC(61) Survivor regions: 4->3(7)
[2020-05-20T11:31:44.291+0000][1084][gc,heap      ] GC(61) Old regions: 88->88
[2020-05-20T11:31:44.291+0000][1084][gc,heap      ] GC(61) Archive regions: 0->0
[2020-05-20T11:31:44.291+0000][1084][gc,heap      ] GC(61) Humongous regions: 10->10
[2020-05-20T11:31:44.291+0000][1084][gc,metaspace ] GC(61) Metaspace: 100359K(108056K)->100359K(108056K) NonClass: 87361K(91780K)->87361K(91780K) Class: 12998K(16276K)->12998K(16276K)
[2020-05-20T11:31:44.291+0000][1084][gc           ] GC(61) Pause Young (Normal) (G1 Evacuation Pause) 147M->99M(1024M) 3.146ms
[2020-05-20T11:31:44.291+0000][1084][gc,cpu       ] GC(61) User=0.00s Sys=0.00s Real=0.00s
[2020-05-20T11:31:44.291+0000][1084][safepoint    ] Safepoint "G1CollectForAllocation", Time since last: 748183309 ns, Reaching safepoint: 8618183 ns, At safepoint: 3324282 ns, Total: 11942465 ns
[2020-05-20T11:31:45.356+0000][1084][safepoint    ] Safepoint "Cleanup", Time since last: 1024783247 ns, Reaching safepoint: 39413706 ns, At safepoint: 69565 ns, Total: 39483271 ns
[2020-05-20T11:31:46.721+0000][1084][safepoint    ] Safepoint "Cleanup", Time since last: 1364834864 ns, Reaching safepoint: 128927 ns, At safepoint: 6029 ns, Total: 134956 ns
[2020-05-20T11:31:48.581+0000][1084][safepoint    ] Safepoint "Cleanup", Time since last: 1830218133 ns, Reaching safepoint: 30114249 ns, At safepoint: 98782 ns, Total: 30213031 ns
[2020-05-20T11:31:49.582+0000][1084][safepoint    ] Safepoint "Cleanup", Time since last: 1000398840 ns, Reaching safepoint: 109913 ns, At safepoint: 4174 ns, Total: 114087 ns
[2020-05-20T11:31:50.588+0000][1084][safepoint    ] Safepoint "Cleanup", Time since last: 1005670015 ns, Reaching safepoint: 115942 ns, At safepoint: 7420 ns, Total: 123362 ns
[2020-05-20T11:31:51.588+0000][1084][safepoint    ] Safepoint "Cleanup", Time since last: 1000241623 ns, Reaching safepoint: 98319 ns, At safepoint: 3246 ns, Total: 101565 ns
[2020-05-20T11:31:52.589+0000][1084][safepoint    ] Safepoint "Cleanup", Time since last: 1000224927 ns, Reaching safepoint: 115942 ns, At safepoint: 6956 ns, Total: 122898 ns
[2020-05-20T11:31:53.589+0000][1084][safepoint    ] Safepoint "Cleanup", Time since last: 1000467941 ns, Reaching safepoint: 124290 ns, At safepoint: 5565 ns, Total: 129855 ns
[2020-05-20T11:31:54.590+0000][1084][safepoint    ] Safepoint "Cleanup", Time since last: 1000788404 ns, Reaching safepoint: 127072 ns, At safepoint: 6957 ns, Total: 134029 ns
[2020-05-20T11:31:55.590+0000][1084][safepoint    ] Safepoint "Cleanup", Time since last: 1000193854 ns, Reaching safepoint: 99246 ns, At safepoint: 5102 ns, Total: 104348 ns
[2020-05-20T11:31:56.604+0000][1084][safepoint    ] Safepoint "Cleanup", Time since last: 1000053333 ns, Reaching safepoint: 13124607 ns, At safepoint: 79304 ns, Total: 13203911 ns
[2020-05-20T11:31:57.694+0000][1084][safepoint    ] Safepoint "Cleanup", Time since last: 1090520834 ns, Reaching safepoint: 139594 ns, At safepoint: 29681 ns, Total: 169275 ns
[2020-05-20T11:31:59.666+0000][1084][safepoint    ] Safepoint "Cleanup", Time since last: 1972001456 ns, Reaching safepoint: 141449 ns, At safepoint: 6029 ns, Total: 147478 ns
[2020-05-20T11:32:00.740+0000][1084][safepoint    ] Safepoint "Cleanup", Time since last: 1073825220 ns, Reaching safepoint: 107594 ns, At safepoint: 49160 ns, Total: 156754 ns
[2020-05-20T11:32:01.741+0000][1084][safepoint    ] Safepoint "Cleanup", Time since last: 1000256463 ns, Reaching safepoint: 90898 ns, At safepoint: 3710 ns, Total: 94608 ns
[2020-05-20T11:32:03.445+0000][1084][safepoint    ] Safepoint "Cleanup", Time since last: 1703925556 ns, Reaching safepoint: 135884 ns, At safepoint: 8348 ns, Total: 144232 ns
[2020-05-20T11:32:04.446+0000][1084][safepoint    ] Safepoint "Cleanup", Time since last: 1000692404 ns, Reaching safepoint: 103884 ns, At safepoint: 4638 ns, Total: 108522 ns
[2020-05-20T11:32:06.158+0000][1084][safepoint    ] Safepoint "Cleanup", Time since last: 1712127276 ns, Reaching safepoint: 105275 ns, At safepoint: 4638 ns, Total: 109913 ns
[2020-05-20T11:32:07.478+0000][1084][safepoint    ] Safepoint "Cleanup", Time since last: 1319906040 ns, Reaching safepoint: 96000 ns, At safepoint: 3246 ns, Total: 99246 ns
[2020-05-20T11:32:09.003+0000][1084][safepoint    ] Safepoint "Cleanup", Time since last: 1525416985 ns, Reaching safepoint: 160927 ns, At safepoint: 3247 ns, Total: 164174 ns
[2020-05-20T11:32:10.004+0000][1084][safepoint    ] Safepoint "Cleanup", Time since last: 1000137275 ns, Reaching safepoint: 112231 ns, At safepoint: 4638 ns, Total: 116869 ns
[2020-05-20T11:32:11.005+0000][1084][safepoint    ] Safepoint "Cleanup", Time since last: 1000728114 ns, Reaching safepoint: 130319 ns, At safepoint: 6492 ns, Total: 136811 ns
[2020-05-20T11:32:12.125+0000][1084][safepoint    ] Safepoint "Cleanup", Time since last: 1109582587 ns, Reaching safepoint: 11085887 ns, At safepoint: 44522 ns, Total: 11130409 ns
[2020-05-20T11:32:14.126+0000][1084][safepoint    ] Safepoint "Cleanup", Time since last: 2000807882 ns, Reaching safepoint: 108058 ns, At safepoint: 6029 ns, Total: 114087 ns
[2020-05-20T11:32:15.127+0000][1084][safepoint    ] Safepoint "Cleanup", Time since last: 1000596868 ns, Reaching safepoint: 85333 ns, At safepoint: 2783 ns, Total: 88116 ns
[2020-05-20T11:32:16.748+0000][1084][safepoint    ] Safepoint "Cleanup", Time since last: 1621977920 ns, Reaching safepoint: 102028 ns, At safepoint: 6029 ns, Total: 108057 ns
[2020-05-20T11:32:17.978+0000][1084][safepoint    ] Safepoint "Cleanup", Time since last: 1229258599 ns, Reaching safepoint: 165565 ns, At safepoint: 5102 ns, Total: 170667 ns
[2020-05-20T11:32:19.430+0000][1084][safepoint    ] Safepoint "Cleanup", Time since last: 1451205446 ns, Reaching safepoint: 85797 ns, At safepoint: 2782 ns, Total: 88579 ns
[2020-05-20T11:32:20.430+0000][1084][safepoint    ] Safepoint "Cleanup", Time since last: 1000166493 ns, Reaching safepoint: 108058 ns, At safepoint: 5565 ns, Total: 113623 ns
[2020-05-20T11:32:21.446+0000][1084][safepoint    ] Safepoint "Cleanup", Time since last: 1015711500 ns, Reaching safepoint: 104811 ns, At safepoint: 5101 ns, Total: 109912 ns
[2020-05-20T11:32:22.644+0000][1084][safepoint    ] Safepoint "Cleanup", Time since last: 1197663078 ns, Reaching safepoint: 105739 ns, At safepoint: 7420 ns, Total: 113159 ns
[2020-05-20T11:32:24.021+0000][1084][safepoint    ] Safepoint "Cleanup", Time since last: 1377024981 ns, Reaching safepoint: 98319 ns, At safepoint: 2782 ns, Total: 101101 ns
[2020-05-20T11:32:25.178+0000][1084][safepoint    ] Safepoint "Cleanup", Time since last: 1000585274 ns, Reaching safepoint: 157089491 ns, At safepoint: 82087 ns, Total: 157171578 ns
[2020-05-20T11:32:26.245+0000][1084][safepoint    ] Safepoint "Cleanup", Time since last: 1000037101 ns, Reaching safepoint: 65987094 ns, At safepoint: 49159 ns, Total: 66036253 ns
[2020-05-20T11:32:27.245+0000][1084][safepoint    ] Safepoint "Cleanup", Time since last: 1000582491 ns, Reaching safepoint: 129391 ns, At safepoint: 21798 ns, Total: 151189 ns
[2020-05-20T11:32:29.246+0000][1084][safepoint    ] Safepoint "Cleanup", Time since last: 2000690085 ns, Reaching safepoint: 103884 ns, At safepoint: 3246 ns, Total: 107130 ns
[2020-05-20T11:32:30.678+0000][1084][safepoint    ] Safepoint "Cleanup", Time since last: 1412908028 ns, Reaching safepoint: 19150796 ns, At safepoint: 50087 ns, Total: 19200883 ns
[2020-05-20T11:32:31.847+0000][1084][gc,start     ] GC(62) Pause Young (Normal) (G1 Evacuation Pause)
[2020-05-20T11:32:31.847+0000][1084][gc,task      ] GC(62) Using 4 workers of 4 for evacuation
[2020-05-20T11:32:31.847+0000][1084][gc,age       ] GC(62) Desired survivor size 11534336 bytes, new threshold 15 (max threshold 15)
[2020-05-20T11:32:32.308+0000][1084][gc,age       ] GC(62) Age table with threshold 15 (max threshold 15)
[2020-05-20T11:32:32.308+0000][1084][gc,age       ] GC(62) - age   1:   13725960 bytes,   13725960 total
[2020-05-20T11:32:32.308+0000][1084][gc,age       ] GC(62) - age   2:     395496 bytes,   14121456 total
[2020-05-20T11:32:32.308+0000][1084][gc,age       ] GC(62) - age   3:     781944 bytes,   14903400 total
[2020-05-20T11:32:32.308+0000][1084][gc,age       ] GC(62) - age   4:        600 bytes,   14904000 total
[2020-05-20T11:32:32.308+0000][1084][gc,age       ] GC(62) - age   5:      19336 bytes,   14923336 total
[2020-05-20T11:32:32.308+0000][1084][gc,age       ] GC(62) - age   6:      21448 bytes,   14944784 total
[2020-05-20T11:32:32.308+0000][1084][gc,age       ] GC(62) - age   7:      40704 bytes,   14985488 total
[2020-05-20T11:32:32.308+0000][1084][gc,age       ] GC(62) - age   8:     107664 bytes,   15093152 total
[2020-05-20T11:32:32.308+0000][1084][gc,age       ] GC(62) - age   9:     705936 bytes,   15799088 total
[2020-05-20T11:32:32.308+0000][1084][gc,age       ] GC(62) - age  10:      20288 bytes,   15819376 total
[2020-05-20T11:32:32.308+0000][1084][gc,mmu       ] GC(62) MMU target violated: 201.0ms (200.0ms/201.0ms)
[2020-05-20T11:32:32.308+0000][1084][gc,phases    ] GC(62)   Pre Evacuate Collection Set: 0.2ms
[2020-05-20T11:32:32.308+0000][1084][gc,phases    ] GC(62)   Merge Heap Roots: 0.1ms
[2020-05-20T11:32:32.308+0000][1084][gc,phases    ] GC(62)   Evacuate Collection Set: 459.9ms
[2020-05-20T11:32:32.308+0000][1084][gc,phases    ] GC(62)   Post Evacuate Collection Set: 0.8ms
[2020-05-20T11:32:32.308+0000][1084][gc,phases    ] GC(62)   Other: 0.7ms
[2020-05-20T11:32:32.308+0000][1084][gc,heap      ] GC(62) Eden regions: 167->0(35)
[2020-05-20T11:32:32.308+0000][1084][gc,heap      ] GC(62) Survivor regions: 3->16(22)
[2020-05-20T11:32:32.308+0000][1084][gc,heap      ] GC(62) Old regions: 88->88
[2020-05-20T11:32:32.308+0000][1084][gc,heap      ] GC(62) Archive regions: 0->0
[2020-05-20T11:32:32.309+0000][1084][gc,heap      ] GC(62) Humongous regions: 10->10
[2020-05-20T11:32:32.309+0000][1084][gc,metaspace ] GC(62) Metaspace: 100433K(108312K)->100433K(108312K) NonClass: 87434K(92036K)->87434K(92036K) Class: 12998K(16276K)->12998K(16276K)
[2020-05-20T11:32:32.309+0000][1084][gc           ] GC(62) Pause Young (Normal) (G1 Evacuation Pause) 266M->112M(1024M) 461.914ms
[2020-05-20T11:32:32.309+0000][1084][gc,cpu       ] GC(62) User=0.03s Sys=0.09s Real=0.46s
[2020-05-20T11:32:32.309+0000][1084][safepoint    ] Safepoint "G1CollectForAllocation", Time since last: 1161460495 ns, Reaching safepoint: 7631287 ns, At safepoint: 462115566 ns, Total: 469746853 ns
[2020-05-20T11:32:33.522+0000][1084][safepoint    ] Safepoint "Cleanup", Time since last: 1212018523 ns, Reaching safepoint: 235130 ns, At safepoint: 15304 ns, Total: 250434 ns
[2020-05-20T11:32:35.522+0000][1084][safepoint    ] Safepoint "Cleanup", Time since last: 2000183188 ns, Reaching safepoint: 155826 ns, At safepoint: 6029 ns, Total: 161855 ns
[2020-05-20T11:32:36.523+0000][1084][safepoint    ] Safepoint "Cleanup", Time since last: 1000577854 ns, Reaching safepoint: 148405 ns, At safepoint: 7884 ns, Total: 156289 ns
[2020-05-20T11:32:37.523+0000][1084][safepoint    ] Safepoint "Cleanup", Time since last: 1000207304 ns, Reaching safepoint: 113623 ns, At safepoint: 16232 ns, Total: 129855 ns
[2020-05-20T11:32:38.524+0000][1084][safepoint    ] Safepoint "Cleanup", Time since last: 1000884867 ns, Reaching safepoint: 109913 ns, At safepoint: 4174 ns, Total: 114087 ns
[2020-05-20T11:32:39.524+0000][1084][safepoint    ] Safepoint "Cleanup", Time since last: 1000236521 ns, Reaching safepoint: 83478 ns, At safepoint: 2783 ns, Total: 86261 ns
[2020-05-20T11:32:40.525+0000][1084][safepoint    ] Safepoint "Cleanup", Time since last: 1000699824 ns, Reaching safepoint: 81623 ns, At safepoint: 4174 ns, Total: 85797 ns
[2020-05-20T11:32:42.525+0000][1084][safepoint    ] Safepoint "Cleanup", Time since last: 2000066783 ns, Reaching safepoint: 149796 ns, At safepoint: 6957 ns, Total: 156753 ns
[2020-05-20T11:32:43.526+0000][1084][safepoint    ] Safepoint "Cleanup", Time since last: 1000596404 ns, Reaching safepoint: 115942 ns, At safepoint: 4638 ns, Total: 120580 ns
[2020-05-20T11:32:44.527+0000][1084][safepoint    ] Safepoint "Cleanup", Time since last: 1000720694 ns, Reaching safepoint: 101101 ns, At safepoint: 6029 ns, Total: 107130 ns
[2020-05-20T11:32:45.527+0000][1084][safepoint    ] Safepoint "Cleanup", Time since last: 1000016695 ns, Reaching safepoint: 99710 ns, At safepoint: 2783 ns, Total: 102493 ns
[2020-05-20T11:32:46.527+0000][1084][safepoint    ] Safepoint "Cleanup", Time since last: 1000144231 ns, Reaching safepoint: 82551 ns, At safepoint: 3710 ns, Total: 86261 ns
[2020-05-20T11:32:47.528+0000][1084][safepoint    ] Safepoint "Cleanup", Time since last: 1000510144 ns, Reaching safepoint: 104811 ns, At safepoint: 3247 ns, Total: 108058 ns
[2020-05-20T11:32:48.529+0000][1084][safepoint    ] Safepoint "Cleanup", Time since last: 1000521274 ns, Reaching safepoint: 109913 ns, At safepoint: 5565 ns, Total: 115478 ns
[2020-05-20T11:32:49.529+0000][1084][safepoint    ] Safepoint "Cleanup", Time since last: 1000382144 ns, Reaching safepoint: 114086 ns, At safepoint: 6029 ns, Total: 120115 ns
[2020-05-20T11:32:51.530+0000][1084][safepoint    ] Safepoint "Cleanup", Time since last: 2000335768 ns, Reaching safepoint: 109449 ns, At safepoint: 4174 ns, Total: 113623 ns
[2020-05-20T11:32:53.410+0000][1084][safepoint    ] Safepoint "Cleanup", Time since last: 1880138017 ns, Reaching safepoint: 86724 ns, At safepoint: 5102 ns, Total: 91826 ns
[2020-05-20T11:32:54.411+0000][1084][safepoint    ] Safepoint "Cleanup", Time since last: 1000780520 ns, Reaching safepoint: 115941 ns, At safepoint: 4638 ns, Total: 120579 ns
[2020-05-20T11:32:55.411+0000][1084][safepoint    ] Safepoint "Cleanup", Time since last: 1000307941 ns, Reaching safepoint: 107131 ns, At safepoint: 6492 ns, Total: 113623 ns
[2020-05-20T11:32:56.412+0000][1084][safepoint    ] Safepoint "Cleanup", Time since last: 1000798607 ns, Reaching safepoint: 99710 ns, At safepoint: 5565 ns, Total: 105275 ns
[2020-05-20T11:32:56.450+0000][1084][gc,start     ] GC(63) Pause Young (Normal) (G1 Evacuation Pause)
[2020-05-20T11:32:56.450+0000][1084][gc,task      ] GC(63) Using 4 workers of 4 for evacuation
[2020-05-20T11:32:56.451+0000][1084][gc,age       ] GC(63) Desired survivor size 3670016 bytes, new threshold 1 (max threshold 15)
[2020-05-20T11:32:56.986+0000][1084][gc,age       ] GC(63) Age table with threshold 1 (max threshold 15)
[2020-05-20T11:32:56.986+0000][1084][gc,age       ] GC(63) - age   1:      99448 bytes,      99448 total
[2020-05-20T11:32:56.986+0000][1084][gc,mmu       ] GC(63) MMU target violated: 201.0ms (200.0ms/201.0ms)
[2020-05-20T11:32:56.986+0000][1084][gc,phases    ] GC(63)   Pre Evacuate Collection Set: 0.1ms
[2020-05-20T11:32:56.986+0000][1084][gc,phases    ] GC(63)   Merge Heap Roots: 0.1ms
[2020-05-20T11:32:56.986+0000][1084][gc,phases    ] GC(63)   Evacuate Collection Set: 534.3ms
[2020-05-20T11:32:56.987+0000][1084][gc,phases    ] GC(63)   Post Evacuate Collection Set: 0.6ms
[2020-05-20T11:32:56.987+0000][1084][gc,phases    ] GC(63)   Other: 0.4ms
[2020-05-20T11:32:56.987+0000][1084][gc,heap      ] GC(63) Eden regions: 35->0(63)
[2020-05-20T11:32:56.987+0000][1084][gc,heap      ] GC(63) Survivor regions: 16->1(7)
[2020-05-20T11:32:56.987+0000][1084][gc,heap      ] GC(63) Old regions: 88->103
[2020-05-20T11:32:56.987+0000][1084][gc,heap      ] GC(63) Archive regions: 0->0
[2020-05-20T11:32:56.987+0000][1084][gc,heap      ] GC(63) Humongous regions: 10->10
[2020-05-20T11:32:56.987+0000][1084][gc,metaspace ] GC(63) Metaspace: 100433K(108312K)->100433K(108312K) NonClass: 87434K(92036K)->87434K(92036K) Class: 12998K(16276K)->12998K(16276K)
[2020-05-20T11:32:56.987+0000][1084][gc           ] GC(63) Pause Young (Normal) (G1 Evacuation Pause) 147M->112M(1024M) 535.791ms
[2020-05-20T11:32:56.987+0000][1084][gc,cpu       ] GC(63) User=0.03s Sys=0.13s Real=0.54s
[2020-05-20T11:32:56.987+0000][1084][safepoint    ] Safepoint "G1CollectForAllocation", Time since last: 38835388 ns, Reaching safepoint: 115942 ns, At safepoint: 535939395 ns, Total: 536055337 ns
[2020-05-20T11:32:57.988+0000][1084][safepoint    ] Safepoint "Cleanup", Time since last: 1000705854 ns, Reaching safepoint: 211014 ns, At safepoint: 48695 ns, Total: 259709 ns
[2020-05-20T11:32:58.988+0000][1084][safepoint    ] Safepoint "Cleanup", Time since last: 1000371941 ns, Reaching safepoint: 134956 ns, At safepoint: 8812 ns, Total: 143768 ns
[2020-05-20T11:32:59.989+0000][1084][safepoint    ] Safepoint "Cleanup", Time since last: 1000620984 ns, Reaching safepoint: 135420 ns, At safepoint: 6957 ns, Total: 142377 ns
[2020-05-20T11:33:00.990+0000][1084][safepoint    ] Safepoint "Cleanup", Time since last: 1000398375 ns, Reaching safepoint: 122899 ns, At safepoint: 4637 ns, Total: 127536 ns
[2020-05-20T11:33:02.002+0000][1084][safepoint    ] Safepoint "Cleanup", Time since last: 1000813912 ns, Reaching safepoint: 11352089 ns, At safepoint: 77913 ns, Total: 11430002 ns
[2020-05-20T11:33:04.003+0000][1084][safepoint    ] Safepoint "Cleanup", Time since last: 2000564405 ns, Reaching safepoint: 89043 ns, At safepoint: 4174 ns, Total: 93217 ns
[2020-05-20T11:33:05.003+0000][1084][safepoint    ] Safepoint "Cleanup", Time since last: 1000588984 ns, Reaching safepoint: 115478 ns, At safepoint: 5101 ns, Total: 120579 ns
[2020-05-20T11:33:06.004+0000][1084][safepoint    ] Safepoint "Cleanup", Time since last: 1000755013 ns, Reaching safepoint: 97391 ns, At safepoint: 3710 ns, Total: 101101 ns
[2020-05-20T11:33:07.004+0000][1084][safepoint    ] Safepoint "Cleanup", Time since last: 1000015305 ns, Reaching safepoint: 137738 ns, At safepoint: 4174 ns, Total: 141912 ns
[2020-05-20T11:33:08.070+0000][1084][safepoint    ] Safepoint "Cleanup", Time since last: 1066050166 ns, Reaching safepoint: 121043 ns, At safepoint: 6029 ns, Total: 127072 ns
[2020-05-20T11:33:09.071+0000][1084][safepoint    ] Safepoint "Cleanup", Time since last: 1000518028 ns, Reaching safepoint: 114087 ns, At safepoint: 4174 ns, Total: 118261 ns
[2020-05-20T11:33:10.088+0000][1084][safepoint    ] Safepoint "Cleanup", Time since last: 1000165564 ns, Reaching safepoint: 16869526 ns, At safepoint: 12986 ns, Total: 16882512 ns
[2020-05-20T11:33:11.088+0000][1084][safepoint    ] Safepoint "Cleanup", Time since last: 1000146087 ns, Reaching safepoint: 123825 ns, At safepoint: 6957 ns, Total: 130782 ns
[2020-05-20T11:33:13.089+0000][1084][safepoint    ] Safepoint "Cleanup", Time since last: 2000173912 ns, Reaching safepoint: 113160 ns, At safepoint: 7420 ns, Total: 120580 ns
[2020-05-20T11:33:14.089+0000][1084][safepoint    ] Safepoint "Cleanup", Time since last: 1000662723 ns, Reaching safepoint: 125681 ns, At safepoint: 6029 ns, Total: 131710 ns
[2020-05-20T11:33:16.090+0000][1084][safepoint    ] Safepoint "Cleanup", Time since last: 2000849621 ns, Reaching safepoint: 190608 ns, At safepoint: 9739 ns, Total: 200347 ns
[2020-05-20T11:33:17.091+0000][1084][safepoint    ] Safepoint "Cleanup", Time since last: 1000538898 ns, Reaching safepoint: 148405 ns, At safepoint: 6493 ns, Total: 154898 ns
[2020-05-20T11:33:18.092+0000][1084][safepoint    ] Safepoint "Cleanup", Time since last: 1000289391 ns, Reaching safepoint: 134492 ns, At safepoint: 4638 ns, Total: 139130 ns
[2020-05-20T11:33:19.092+0000][1084][safepoint    ] Safepoint "Cleanup", Time since last: 1000391419 ns, Reaching safepoint: 93681 ns, At safepoint: 3710 ns, Total: 97391 ns
[2020-05-20T11:33:20.093+0000][1084][safepoint    ] Safepoint "Cleanup", Time since last: 1000468869 ns, Reaching safepoint: 125680 ns, At safepoint: 8348 ns, Total: 134028 ns
[2020-05-20T11:33:21.093+0000][1084][safepoint    ] Safepoint "Cleanup", Time since last: 1000652057 ns, Reaching safepoint: 164173 ns, At safepoint: 2783 ns, Total: 166956 ns
[2020-05-20T11:33:22.094+0000][1084][safepoint    ] Safepoint "Cleanup", Time since last: 1000362666 ns, Reaching safepoint: 77449 ns, At safepoint: 3710 ns, Total: 81159 ns
[2020-05-20T11:33:23.095+0000][1084][safepoint    ] Safepoint "Cleanup", Time since last: 1000464695 ns, Reaching safepoint: 136347 ns, At safepoint: 6029 ns, Total: 142376 ns
[2020-05-20T11:33:24.262+0000][1084][safepoint    ] Safepoint "Cleanup", Time since last: 1166952424 ns, Reaching safepoint: 125681 ns, At safepoint: 5566 ns, Total: 131247 ns
[2020-05-20T11:33:25.262+0000][1084][safepoint    ] Safepoint "Cleanup", Time since last: 1000468404 ns, Reaching safepoint: 106667 ns, At safepoint: 4174 ns, Total: 110841 ns
[2020-05-20T11:33:26.269+0000][1084][safepoint    ] Safepoint "Cleanup", Time since last: 1006843346 ns, Reaching safepoint: 91362 ns, At safepoint: 4638 ns, Total: 96000 ns
[2020-05-20T11:33:27.270+0000][1084][safepoint    ] Safepoint "Cleanup", Time since last: 1000837099 ns, Reaching safepoint: 113159 ns, At safepoint: 4638 ns, Total: 117797 ns
[2020-05-20T11:33:28.271+0000][1084][safepoint    ] Safepoint "Cleanup", Time since last: 1000608926 ns, Reaching safepoint: 129855 ns, At safepoint: 6029 ns, Total: 135884 ns
[2020-05-20T11:33:29.271+0000][1084][safepoint    ] Safepoint "Cleanup", Time since last: 1000230492 ns, Reaching safepoint: 103420 ns, At safepoint: 3247 ns, Total: 106667 ns
[2020-05-20T11:33:30.272+0000][1084][safepoint    ] Safepoint "Cleanup", Time since last: 1000379825 ns, Reaching safepoint: 130782 ns, At safepoint: 5102 ns, Total: 135884 ns
[2020-05-20T11:33:31.272+0000][1084][safepoint    ] Safepoint "Cleanup", Time since last: 1000416462 ns, Reaching safepoint: 106203 ns, At safepoint: 3246 ns, Total: 109449 ns
[2020-05-20T11:33:32.273+0000][1084][safepoint    ] Safepoint "Cleanup", Time since last: 1000792114 ns, Reaching safepoint: 127536 ns, At safepoint: 5566 ns, Total: 133102 ns
[2020-05-20T11:33:33.274+0000][1084][safepoint    ] Safepoint "Cleanup", Time since last: 1000426202 ns, Reaching safepoint: 95536 ns, At safepoint: 3246 ns, Total: 98782 ns
[2020-05-20T11:33:35.274+0000][1084][safepoint    ] Safepoint "Cleanup", Time since last: 2000389564 ns, Reaching safepoint: 92754 ns, At safepoint: 4637 ns, Total: 97391 ns
[2020-05-20T11:33:37.275+0000][1084][safepoint    ] Safepoint "Cleanup", Time since last: 2000824578 ns, Reaching safepoint: 128927 ns, At safepoint: 5566 ns, Total: 134493 ns
[2020-05-20T11:33:38.276+0000][1084][safepoint    ] Safepoint "Cleanup", Time since last: 1000848693 ns, Reaching safepoint: 136812 ns, At safepoint: 10666 ns, Total: 147478 ns
[2020-05-20T11:33:40.277+0000][1084][safepoint    ] Safepoint "Cleanup", Time since last: 2000582955 ns, Reaching safepoint: 128928 ns, At safepoint: 5565 ns, Total: 134493 ns
[2020-05-20T11:33:41.277+0000][1084][safepoint    ] Safepoint "Cleanup", Time since last: 1000352463 ns, Reaching safepoint: 94144 ns, At safepoint: 2783 ns, Total: 96927 ns
[2020-05-20T11:33:42.277+0000][1084][safepoint    ] Safepoint "Cleanup", Time since last: 1000081623 ns, Reaching safepoint: 108522 ns, At safepoint: 3246 ns, Total: 111768 ns
[2020-05-20T11:33:43.278+0000][1084][safepoint    ] Safepoint "Cleanup", Time since last: 1000514781 ns, Reaching safepoint: 142841 ns, At safepoint: 7884 ns, Total: 150725 ns
[2020-05-20T11:33:44.279+0000][1084][safepoint    ] Safepoint "Cleanup", Time since last: 1000483245 ns, Reaching safepoint: 96463 ns, At safepoint: 19015 ns, Total: 115478 ns
[2020-05-20T11:33:45.279+0000][1084][safepoint    ] Safepoint "Cleanup", Time since last: 1000457738 ns, Reaching safepoint: 112232 ns, At safepoint: 5101 ns, Total: 117333 ns
[2020-05-20T11:33:47.092+0000][1084][gc,start     ] GC(64) Pause Young (Normal) (G1 Evacuation Pause)
[2020-05-20T11:33:47.093+0000][1084][gc,task      ] GC(64) Using 4 workers of 4 for evacuation
[2020-05-20T11:33:47.093+0000][1084][gc,age       ] GC(64) Desired survivor size 4194304 bytes, new threshold 15 (max threshold 15)
[2020-05-20T11:33:47.113+0000][1084][gc,age       ] GC(64) Age table with threshold 15 (max threshold 15)
[2020-05-20T11:33:47.113+0000][1084][gc,age       ] GC(64) - age   1:      64384 bytes,      64384 total
[2020-05-20T11:33:47.113+0000][1084][gc,age       ] GC(64) - age   2:      40344 bytes,     104728 total
[2020-05-20T11:33:47.114+0000][1084][gc,phases    ] GC(64)   Pre Evacuate Collection Set: 0.1ms
[2020-05-20T11:33:47.114+0000][1084][gc,phases    ] GC(64)   Merge Heap Roots: 0.1ms
[2020-05-20T11:33:47.114+0000][1084][gc,phases    ] GC(64)   Evacuate Collection Set: 20.7ms
[2020-05-20T11:33:47.114+0000][1084][gc,phases    ] GC(64)   Post Evacuate Collection Set: 0.8ms
[2020-05-20T11:33:47.114+0000][1084][gc,phases    ] GC(64)   Other: 0.3ms
[2020-05-20T11:33:47.114+0000][1084][gc,heap      ] GC(64) Eden regions: 63->0(141)
[2020-05-20T11:33:47.114+0000][1084][gc,heap      ] GC(64) Survivor regions: 1->1(8)
[2020-05-20T11:33:47.114+0000][1084][gc,heap      ] GC(64) Old regions: 103->103
[2020-05-20T11:33:47.114+0000][1084][gc,heap      ] GC(64) Archive regions: 0->0
[2020-05-20T11:33:47.114+0000][1084][gc,heap      ] GC(64) Humongous regions: 10->10
[2020-05-20T11:33:47.114+0000][1084][gc,metaspace ] GC(64) Metaspace: 100439K(108312K)->100439K(108312K) NonClass: 87440K(92036K)->87440K(92036K) Class: 12998K(16276K)->12998K(16276K)
[2020-05-20T11:33:47.114+0000][1084][gc           ] GC(64) Pause Young (Normal) (G1 Evacuation Pause) 175M->112M(1024M) 22.293ms
[2020-05-20T11:33:47.114+0000][1084][gc,cpu       ] GC(64) User=0.02s Sys=0.00s Real=0.02s
[2020-05-20T11:33:47.114+0000][1084][safepoint    ] Safepoint "G1CollectForAllocation", Time since last: 1812828724 ns, Reaching safepoint: 94145 ns, At safepoint: 22418035 ns, Total: 22512180 ns
[2020-05-20T11:33:49.115+0000][1084][safepoint    ] Safepoint "Cleanup", Time since last: 2000729041 ns, Reaching safepoint: 150261 ns, At safepoint: 6493 ns, Total: 156754 ns
[2020-05-20T11:33:50.117+0000][1084][safepoint    ] Safepoint "Cleanup", Time since last: 1000875592 ns, Reaching safepoint: 129391 ns, At safepoint: 7884 ns, Total: 137275 ns
[2020-05-20T11:33:51.117+0000][1084][safepoint    ] Safepoint "Cleanup", Time since last: 1000277332 ns, Reaching safepoint: 150725 ns, At safepoint: 8348 ns, Total: 159073 ns
[2020-05-20T11:33:52.117+0000][1084][safepoint    ] Safepoint "Cleanup", Time since last: 1000306550 ns, Reaching safepoint: 98782 ns, At safepoint: 9275 ns, Total: 108057 ns
[2020-05-20T11:33:53.118+0000][1084][safepoint    ] Safepoint "Cleanup", Time since last: 1000150725 ns, Reaching safepoint: 120579 ns, At safepoint: 5101 ns, Total: 125680 ns
[2020-05-20T11:33:54.119+0000][1084][safepoint    ] Safepoint "Cleanup", Time since last: 1000711883 ns, Reaching safepoint: 85797 ns, At safepoint: 2782 ns, Total: 88579 ns
[2020-05-20T11:33:55.119+0000][1084][safepoint    ] Safepoint "Cleanup", Time since last: 1000774028 ns, Reaching safepoint: 125217 ns, At safepoint: 3246 ns, Total: 128463 ns
[2020-05-20T11:33:56.120+0000][1084][safepoint    ] Safepoint "Cleanup", Time since last: 1000562086 ns, Reaching safepoint: 98782 ns, At safepoint: 2783 ns, Total: 101565 ns
[2020-05-20T11:33:57.120+0000][1084][safepoint    ] Safepoint "Cleanup", Time since last: 1000211014 ns, Reaching safepoint: 124289 ns, At safepoint: 4638 ns, Total: 128927 ns
[2020-05-20T11:33:58.121+0000][1084][safepoint    ] Safepoint "Cleanup", Time since last: 1000334376 ns, Reaching safepoint: 153507 ns, At safepoint: 6029 ns, Total: 159536 ns
[2020-05-20T11:33:59.121+0000][1084][safepoint    ] Safepoint "Cleanup", Time since last: 1000212869 ns, Reaching safepoint: 159072 ns, At safepoint: 7884 ns, Total: 166956 ns
[2020-05-20T11:34:00.122+0000][1084][safepoint    ] Safepoint "Cleanup", Time since last: 1000692868 ns, Reaching safepoint: 161391 ns, At safepoint: 7420 ns, Total: 168811 ns
[2020-05-20T11:34:01.123+0000][1084][safepoint    ] Safepoint "Cleanup", Time since last: 1000531941 ns, Reaching safepoint: 115478 ns, At safepoint: 7884 ns, Total: 123362 ns
[2020-05-20T11:34:02.123+0000][1084][safepoint    ] Safepoint "Cleanup", Time since last: 1000587129 ns, Reaching safepoint: 144695 ns, At safepoint: 8348 ns, Total: 153043 ns
[2020-05-20T11:34:04.124+0000][1084][safepoint    ] Safepoint "Cleanup", Time since last: 2000202203 ns, Reaching safepoint: 89043 ns, At safepoint: 4638 ns, Total: 93681 ns
[2020-05-20T11:34:05.124+0000][1084][safepoint    ] Safepoint "Cleanup", Time since last: 1000130782 ns, Reaching safepoint: 98319 ns, At safepoint: 4637 ns, Total: 102956 ns
[2020-05-20T11:34:06.125+0000][1084][safepoint    ] Safepoint "Cleanup", Time since last: 1000385391 ns, Reaching safepoint: 129854 ns, At safepoint: 6029 ns, Total: 135883 ns
[2020-05-20T11:34:08.125+0000][1084][safepoint    ] Safepoint "Cleanup", Time since last: 2000464231 ns, Reaching safepoint: 121971 ns, At safepoint: 6493 ns, Total: 128464 ns
[2020-05-20T11:34:09.125+0000][1084][safepoint    ] Safepoint "Cleanup", Time since last: 1000017159 ns, Reaching safepoint: 154898 ns, At safepoint: 6957 ns, Total: 161855 ns
[2020-05-20T11:34:10.126+0000][1084][safepoint    ] Safepoint "Cleanup", Time since last: 1000604288 ns, Reaching safepoint: 113159 ns, At safepoint: 6493 ns, Total: 119652 ns
[2020-05-20T11:34:11.572+0000][1084][safepoint    ] Safepoint "Cleanup", Time since last: 1445393518 ns, Reaching safepoint: 107594 ns, At safepoint: 5101 ns, Total: 112695 ns
[2020-05-20T11:34:12.572+0000][1084][safepoint    ] Safepoint "Cleanup", Time since last: 1000284753 ns, Reaching safepoint: 108986 ns, At safepoint: 4173 ns, Total: 113159 ns
[2020-05-20T11:34:13.573+0000][1084][safepoint    ] Safepoint "Cleanup", Time since last: 1000786549 ns, Reaching safepoint: 86261 ns, At safepoint: 3710 ns, Total: 89971 ns
[2020-05-20T11:34:14.573+0000][1084][safepoint    ] Safepoint "Cleanup", Time since last: 1000313043 ns, Reaching safepoint: 121043 ns, At safepoint: 5102 ns, Total: 126145 ns
[2020-05-20T11:34:16.377+0000][1084][safepoint    ] Safepoint "Cleanup", Time since last: 1803436977 ns, Reaching safepoint: 101565 ns, At safepoint: 4638 ns, Total: 106203 ns
[2020-05-20T11:34:17.377+0000][1084][safepoint    ] Safepoint "Cleanup", Time since last: 1000465158 ns, Reaching safepoint: 119652 ns, At safepoint: 4638 ns, Total: 124290 ns
[2020-05-20T11:34:18.378+0000][1084][safepoint    ] Safepoint "Cleanup", Time since last: 1000319999 ns, Reaching safepoint: 146550 ns, At safepoint: 6029 ns, Total: 152579 ns
[2020-05-20T11:34:19.378+0000][1084][safepoint    ] Safepoint "Cleanup", Time since last: 1000030609 ns, Reaching safepoint: 111768 ns, At safepoint: 4174 ns, Total: 115942 ns
[2020-05-20T11:34:20.379+0000][1084][safepoint    ] Safepoint "Cleanup", Time since last: 1000720694 ns, Reaching safepoint: 83014 ns, At safepoint: 4174 ns, Total: 87188 ns
[2020-05-20T11:34:21.380+0000][1084][safepoint    ] Safepoint "Cleanup", Time since last: 1000628868 ns, Reaching safepoint: 92290 ns, At safepoint: 3246 ns, Total: 95536 ns
[2020-05-20T11:34:22.380+0000][1084][safepoint    ] Safepoint "Cleanup", Time since last: 1000660404 ns, Reaching safepoint: 93217 ns, At safepoint: 4638 ns, Total: 97855 ns
[2020-05-20T11:34:23.381+0000][1084][safepoint    ] Safepoint "Cleanup", Time since last: 1000815766 ns, Reaching safepoint: 122899 ns, At safepoint: 6956 ns, Total: 129855 ns
[2020-05-20T11:34:24.382+0000][1084][safepoint    ] Safepoint "Cleanup", Time since last: 1000817158 ns, Reaching safepoint: 102492 ns, At safepoint: 2783 ns, Total: 105275 ns
[2020-05-20T11:34:25.383+0000][1084][safepoint    ] Safepoint "Cleanup", Time since last: 1000723013 ns, Reaching safepoint: 140985 ns, At safepoint: 21797 ns, Total: 162782 ns
[2020-05-20T11:34:26.405+0000][1084][safepoint    ] Safepoint "Cleanup", Time since last: 1021332356 ns, Reaching safepoint: 171130 ns, At safepoint: 7884 ns, Total: 179014 ns
[2020-05-20T11:34:27.405+0000][1084][safepoint    ] Safepoint "Cleanup", Time since last: 1000145623 ns, Reaching safepoint: 427129 ns, At safepoint: 11595 ns, Total: 438724 ns
[2020-05-20T11:34:28.406+0000][1084][safepoint    ] Safepoint "Cleanup", Time since last: 1000409970 ns, Reaching safepoint: 119188 ns, At safepoint: 6956 ns, Total: 126144 ns
[2020-05-20T11:34:29.407+0000][1084][safepoint    ] Safepoint "Cleanup", Time since last: 1000729042 ns, Reaching safepoint: 85333 ns, At safepoint: 5565 ns, Total: 90898 ns
[2020-05-20T11:34:30.407+0000][1084][safepoint    ] Safepoint "Cleanup", Time since last: 1000156754 ns, Reaching safepoint: 113159 ns, At safepoint: 5565 ns, Total: 118724 ns
[2020-05-20T11:34:31.408+0000][1084][safepoint    ] Safepoint "Cleanup", Time since last: 1000768926 ns, Reaching safepoint: 92289 ns, At safepoint: 4174 ns, Total: 96463 ns
[2020-05-20T11:34:32.408+0000][1084][safepoint    ] Safepoint "Cleanup", Time since last: 1000577854 ns, Reaching safepoint: 106203 ns, At safepoint: 3246 ns, Total: 109449 ns
[2020-05-20T11:34:33.409+0000][1084][safepoint    ] Safepoint "Cleanup", Time since last: 1000027826 ns, Reaching safepoint: 140058 ns, At safepoint: 8348 ns, Total: 148406 ns
[2020-05-20T11:34:34.409+0000][1084][safepoint    ] Safepoint "Cleanup", Time since last: 1000309796 ns, Reaching safepoint: 129391 ns, At safepoint: 7884 ns, Total: 137275 ns
[2020-05-20T11:34:36.410+0000][1084][safepoint    ] Safepoint "Cleanup", Time since last: 2000768462 ns, Reaching safepoint: 91362 ns, At safepoint: 3247 ns, Total: 94609 ns
[2020-05-20T11:34:37.411+0000][1084][safepoint    ] Safepoint "Cleanup", Time since last: 1000632578 ns, Reaching safepoint: 76985 ns, At safepoint: 3710 ns, Total: 80695 ns
[2020-05-20T11:34:38.411+0000][1084][safepoint    ] Safepoint "Cleanup", Time since last: 1000338550 ns, Reaching safepoint: 114087 ns, At safepoint: 4638 ns, Total: 118725 ns
[2020-05-20T11:34:39.411+0000][1084][safepoint    ] Safepoint "Cleanup", Time since last: 1000122898 ns, Reaching safepoint: 107594 ns, At safepoint: 5101 ns, Total: 112695 ns
[2020-05-20T11:34:41.412+0000][1084][safepoint    ] Safepoint "Cleanup", Time since last: 2000257855 ns, Reaching safepoint: 129854 ns, At safepoint: 5102 ns, Total: 134956 ns
[2020-05-20T11:34:42.412+0000][1084][safepoint    ] Safepoint "Cleanup", Time since last: 1000573216 ns, Reaching safepoint: 100174 ns, At safepoint: 4637 ns, Total: 104811 ns
[2020-05-20T11:34:43.418+0000][1084][safepoint    ] Safepoint "Cleanup", Time since last: 1004999873 ns, Reaching safepoint: 236985 ns, At safepoint: 9739 ns, Total: 246724 ns
[2020-05-20T11:34:44.418+0000][1084][safepoint    ] Safepoint "Cleanup", Time since last: 1000095072 ns, Reaching safepoint: 144232 ns, At safepoint: 2782 ns, Total: 147014 ns
[2020-05-20T11:34:45.418+0000][1084][safepoint    ] Safepoint "Cleanup", Time since last: 1000472579 ns, Reaching safepoint: 87652 ns, At safepoint: 5101 ns, Total: 92753 ns
[2020-05-20T11:34:46.419+0000][1084][safepoint    ] Safepoint "Cleanup", Time since last: 1000666433 ns, Reaching safepoint: 121507 ns, At safepoint: 5566 ns, Total: 127073 ns
[2020-05-20T11:34:47.420+0000][1084][safepoint    ] Safepoint "Cleanup", Time since last: 1000522665 ns, Reaching safepoint: 108985 ns, At safepoint: 5102 ns, Total: 114087 ns
[2020-05-20T11:34:48.420+0000][1084][safepoint    ] Safepoint "Cleanup", Time since last: 1000438260 ns, Reaching safepoint: 124753 ns, At safepoint: 6956 ns, Total: 131709 ns
[2020-05-20T11:34:49.421+0000][1084][safepoint    ] Safepoint "Cleanup", Time since last: 1000349681 ns, Reaching safepoint: 133101 ns, At safepoint: 6029 ns, Total: 139130 ns
[2020-05-20T11:34:50.422+0000][1084][safepoint    ] Safepoint "Cleanup", Time since last: 1000532404 ns, Reaching safepoint: 125218 ns, At safepoint: 6029 ns, Total: 131247 ns
[2020-05-20T11:34:51.422+0000][1084][safepoint    ] Safepoint "Cleanup", Time since last: 1000206376 ns, Reaching safepoint: 184115 ns, At safepoint: 7421 ns, Total: 191536 ns
[2020-05-20T11:34:52.423+0000][1084][safepoint    ] Safepoint "Cleanup", Time since last: 1000485100 ns, Reaching safepoint: 103420 ns, At safepoint: 3246 ns, Total: 106666 ns
[2020-05-20T11:34:53.423+0000][1084][safepoint    ] Safepoint "Cleanup", Time since last: 1000148870 ns, Reaching safepoint: 110840 ns, At safepoint: 6029 ns, Total: 116869 ns
[2020-05-20T11:34:54.424+0000][1084][safepoint    ] Safepoint "Cleanup", Time since last: 1000808346 ns, Reaching safepoint: 91826 ns, At safepoint: 4174 ns, Total: 96000 ns
[2020-05-20T11:34:55.424+0000][1084][safepoint    ] Safepoint "Cleanup", Time since last: 1000025507 ns, Reaching safepoint: 100637 ns, At safepoint: 4174 ns, Total: 104811 ns
[2020-05-20T11:34:57.425+0000][1084][safepoint    ] Safepoint "Cleanup", Time since last: 2000639071 ns, Reaching safepoint: 102956 ns, At safepoint: 4638 ns, Total: 107594 ns
[2020-05-20T11:34:58.425+0000][1084][safepoint    ] Safepoint "Cleanup", Time since last: 1000259246 ns, Reaching safepoint: 131246 ns, At safepoint: 2783 ns, Total: 134029 ns
[2020-05-20T11:35:00.426+0000][1084][safepoint    ] Safepoint "Cleanup", Time since last: 2000536578 ns, Reaching safepoint: 111304 ns, At safepoint: 4174 ns, Total: 115478 ns
[2020-05-20T11:35:01.427+0000][1084][safepoint    ] Safepoint "Cleanup", Time since last: 1000757332 ns, Reaching safepoint: 130318 ns, At safepoint: 6029 ns, Total: 136347 ns
[2020-05-20T11:35:02.938+0000][1084][safepoint    ] Safepoint "Cleanup", Time since last: 1511628263 ns, Reaching safepoint: 121507 ns, At safepoint: 5565 ns, Total: 127072 ns
[2020-05-20T11:35:03.939+0000][1084][safepoint    ] Safepoint "Cleanup", Time since last: 1000372405 ns, Reaching safepoint: 120116 ns, At safepoint: 5101 ns, Total: 125217 ns
[2020-05-20T11:35:05.939+0000][1084][safepoint    ] Safepoint "Cleanup", Time since last: 2000570434 ns, Reaching safepoint: 158608 ns, At safepoint: 6493 ns, Total: 165101 ns
[2020-05-20T11:35:06.940+0000][1084][safepoint    ] Safepoint "Cleanup", Time since last: 1000803244 ns, Reaching safepoint: 134493 ns, At safepoint: 8348 ns, Total: 142841 ns
[2020-05-20T11:35:07.941+0000][1084][safepoint    ] Safepoint "Cleanup", Time since last: 1000826896 ns, Reaching safepoint: 146551 ns, At safepoint: 5565 ns, Total: 152116 ns
[2020-05-20T11:35:08.942+0000][1084][safepoint    ] Safepoint "Cleanup", Time since last: 1000116405 ns, Reaching safepoint: 108058 ns, At safepoint: 5101 ns, Total: 113159 ns
[2020-05-20T11:35:09.943+0000][1084][safepoint    ] Safepoint "Cleanup", Time since last: 1000857969 ns, Reaching safepoint: 121971 ns, At safepoint: 5102 ns, Total: 127073 ns
[2020-05-20T11:35:11.943+0000][1084][safepoint    ] Safepoint "Cleanup", Time since last: 2000006492 ns, Reaching safepoint: 126609 ns, At safepoint: 3246 ns, Total: 129855 ns
[2020-05-20T11:35:12.944+0000][1084][safepoint    ] Safepoint "Cleanup", Time since last: 1000812520 ns, Reaching safepoint: 133565 ns, At safepoint: 5101 ns, Total: 138666 ns
[2020-05-20T11:35:13.944+0000][1084][safepoint    ] Safepoint "Cleanup", Time since last: 1000242087 ns, Reaching safepoint: 123362 ns, At safepoint: 4637 ns, Total: 127999 ns
[2020-05-20T11:35:14.945+0000][1084][safepoint    ] Safepoint "Cleanup", Time since last: 1000588057 ns, Reaching safepoint: 110840 ns, At safepoint: 3247 ns, Total: 114087 ns
[2020-05-20T11:35:15.945+0000][1084][safepoint    ] Safepoint "Cleanup", Time since last: 1000453564 ns, Reaching safepoint: 181333 ns, At safepoint: 6956 ns, Total: 188289 ns
[2020-05-20T11:35:16.946+0000][1084][safepoint    ] Safepoint "Cleanup", Time since last: 1000528231 ns, Reaching safepoint: 137275 ns, At safepoint: 4638 ns, Total: 141913 ns
[2020-05-20T11:35:18.947+0000][1084][safepoint    ] Safepoint "Cleanup", Time since last: 2000635824 ns, Reaching safepoint: 102029 ns, At safepoint: 3246 ns, Total: 105275 ns
[2020-05-20T11:35:19.947+0000][1084][safepoint    ] Safepoint "Cleanup", Time since last: 1000427130 ns, Reaching safepoint: 149333 ns, At safepoint: 3710 ns, Total: 153043 ns
[2020-05-20T11:35:20.948+0000][1084][safepoint    ] Safepoint "Cleanup", Time since last: 1000233275 ns, Reaching safepoint: 129855 ns, At safepoint: 4637 ns, Total: 134492 ns
[2020-05-20T11:35:22.163+0000][1084][safepoint    ] Safepoint "Cleanup", Time since last: 1215326110 ns, Reaching safepoint: 86724 ns, At safepoint: 3710 ns, Total: 90434 ns
[2020-05-20T11:35:22.188+0000][1084][safepoint    ] Safepoint "BulkRevokeBias", Time since last: 3676282 ns, Reaching safepoint: 136811 ns, At safepoint: 21152415 ns, Total: 21289226 ns
[2020-05-20T11:35:23.188+0000][1084][safepoint    ] Safepoint "Cleanup", Time since last: 1000114550 ns, Reaching safepoint: 123826 ns, At safepoint: 6029 ns, Total: 129855 ns
[2020-05-20T11:35:25.189+0000][1084][safepoint    ] Safepoint "Cleanup", Time since last: 2000231883 ns, Reaching safepoint: 139594 ns, At safepoint: 8812 ns, Total: 148406 ns
[2020-05-20T11:35:27.189+0000][1084][safepoint    ] Safepoint "Cleanup", Time since last: 1999960580 ns, Reaching safepoint: 150260 ns, At safepoint: 7884 ns, Total: 158144 ns
[2020-05-20T11:35:28.189+0000][1084][safepoint    ] Safepoint "BulkRevokeBias", Time since last: 999916522 ns, Reaching safepoint: 94145 ns, At safepoint: 904345 ns, Total: 998490 ns
[2020-05-20T11:35:29.446+0000][1084][safepoint    ] Safepoint "Cleanup", Time since last: 1256156624 ns, Reaching safepoint: 167884 ns, At safepoint: 9275 ns, Total: 177159 ns
[2020-05-20T11:35:30.491+0000][1084][safepoint    ] Safepoint "Cleanup", Time since last: 1045049403 ns, Reaching safepoint: 101101 ns, At safepoint: 13913 ns, Total: 115014 ns
[2020-05-20T11:35:31.492+0000][1084][safepoint    ] Safepoint "Cleanup", Time since last: 1000225391 ns, Reaching safepoint: 153970 ns, At safepoint: 22725 ns, Total: 176695 ns
[2020-05-20T11:35:32.498+0000][1084][safepoint    ] Safepoint "Cleanup", Time since last: 1000628404 ns, Reaching safepoint: 6003465 ns, At safepoint: 7884 ns, Total: 6011349 ns
[2020-05-20T11:35:33.499+0000][1084][safepoint    ] Safepoint "Cleanup", Time since last: 1000487883 ns, Reaching safepoint: 151651 ns, At safepoint: 6957 ns, Total: 158608 ns
[2020-05-20T11:35:34.499+0000][1084][safepoint    ] Safepoint "Cleanup", Time since last: 1000099710 ns, Reaching safepoint: 105739 ns, At safepoint: 4637 ns, Total: 110376 ns
[2020-05-20T11:35:35.500+0000][1084][safepoint    ] Safepoint "Cleanup", Time since last: 1000458202 ns, Reaching safepoint: 107594 ns, At safepoint: 4174 ns, Total: 111768 ns
[2020-05-20T11:35:36.501+0000][1084][safepoint    ] Safepoint "Cleanup", Time since last: 1000776346 ns, Reaching safepoint: 125217 ns, At safepoint: 6493 ns, Total: 131710 ns
[2020-05-20T11:35:37.501+0000][1084][safepoint    ] Safepoint "Cleanup", Time since last: 1000503187 ns, Reaching safepoint: 119188 ns, At safepoint: 5102 ns, Total: 124290 ns
[2020-05-20T11:35:38.502+0000][1084][safepoint    ] Safepoint "Cleanup", Time since last: 1000700752 ns, Reaching safepoint: 110840 ns, At safepoint: 6493 ns, Total: 117333 ns
[2020-05-20T11:35:39.502+0000][1084][safepoint    ] Safepoint "Cleanup", Time since last: 1000057971 ns, Reaching safepoint: 116405 ns, At safepoint: 6029 ns, Total: 122434 ns
[2020-05-20T11:35:40.503+0000][1084][safepoint    ] Safepoint "Cleanup", Time since last: 1000850085 ns, Reaching safepoint: 133565 ns, At safepoint: 5565 ns, Total: 139130 ns
[2020-05-20T11:35:40.861+0000][1084][gc,start     ] GC(65) Pause Young (Normal) (G1 Evacuation Pause)
[2020-05-20T11:35:40.861+0000][1084][gc,task      ] GC(65) Using 4 workers of 4 for evacuation
[2020-05-20T11:35:40.861+0000][1084][gc,age       ] GC(65) Desired survivor size 9437184 bytes, new threshold 15 (max threshold 15)
[2020-05-20T11:35:40.871+0000][1084][gc,age       ] GC(65) Age table with threshold 15 (max threshold 15)
[2020-05-20T11:35:40.872+0000][1084][gc,age       ] GC(65) - age   1:     368960 bytes,     368960 total
[2020-05-20T11:35:40.872+0000][1084][gc,age       ] GC(65) - age   2:       1096 bytes,     370056 total
[2020-05-20T11:35:40.872+0000][1084][gc,age       ] GC(65) - age   3:      39424 bytes,     409480 total
[2020-05-20T11:35:40.872+0000][1084][gc,phases    ] GC(65)   Pre Evacuate Collection Set: 0.1ms
[2020-05-20T11:35:40.872+0000][1084][gc,phases    ] GC(65)   Merge Heap Roots: 0.1ms
[2020-05-20T11:35:40.872+0000][1084][gc,phases    ] GC(65)   Evacuate Collection Set: 9.4ms
[2020-05-20T11:35:40.872+0000][1084][gc,phases    ] GC(65)   Post Evacuate Collection Set: 1.0ms
[2020-05-20T11:35:40.872+0000][1084][gc,phases    ] GC(65)   Other: 0.4ms
[2020-05-20T11:35:40.872+0000][1084][gc,heap      ] GC(65) Eden regions: 141->0(303)
[2020-05-20T11:35:40.872+0000][1084][gc,heap      ] GC(65) Survivor regions: 1->1(18)
[2020-05-20T11:35:40.872+0000][1084][gc,heap      ] GC(65) Old regions: 103->103
[2020-05-20T11:35:40.872+0000][1084][gc,heap      ] GC(65) Archive regions: 0->0
[2020-05-20T11:35:40.872+0000][1084][gc,heap      ] GC(65) Humongous regions: 10->10
[2020-05-20T11:35:40.872+0000][1084][gc,metaspace ] GC(65) Metaspace: 100447K(108312K)->100447K(108312K) NonClass: 87449K(92036K)->87449K(92036K) Class: 12998K(16276K)->12998K(16276K)
[2020-05-20T11:35:40.872+0000][1084][gc           ] GC(65) Pause Young (Normal) (G1 Evacuation Pause) 253M->112M(1024M) 11.200ms
[2020-05-20T11:35:40.872+0000][1084][gc,cpu       ] GC(65) User=0.02s Sys=0.00s Real=0.01s
[2020-05-20T11:35:40.872+0000][1084][safepoint    ] Safepoint "G1CollectForAllocation", Time since last: 357098303 ns, Reaching safepoint: 105275 ns, At safepoint: 11364147 ns, Total: 11469422 ns
[2020-05-20T11:35:42.873+0000][1084][safepoint    ] Safepoint "Cleanup", Time since last: 2000486956 ns, Reaching safepoint: 121970 ns, At safepoint: 4638 ns, Total: 126608 ns
[2020-05-20T11:35:43.884+0000][1084][safepoint    ] Safepoint "Cleanup", Time since last: 1000419246 ns, Reaching safepoint: 11116495 ns, At safepoint: 19015 ns, Total: 11135510 ns
[2020-05-20T11:35:44.885+0000][1084][safepoint    ] Safepoint "Cleanup", Time since last: 1000723013 ns, Reaching safepoint: 178086 ns, At safepoint: 8348 ns, Total: 186434 ns
[2020-05-20T11:35:45.885+0000][1084][safepoint    ] Safepoint "Cleanup", Time since last: 1000161855 ns, Reaching safepoint: 148869 ns, At safepoint: 7884 ns, Total: 156753 ns
[2020-05-20T11:35:46.886+0000][1084][safepoint    ] Safepoint "Cleanup", Time since last: 1000630723 ns, Reaching safepoint: 88580 ns, At safepoint: 4637 ns, Total: 93217 ns
[2020-05-20T11:35:47.887+0000][1084][safepoint    ] Safepoint "Cleanup", Time since last: 1000335304 ns, Reaching safepoint: 124753 ns, At safepoint: 4638 ns, Total: 129391 ns
[2020-05-20T11:35:48.887+0000][1084][safepoint    ] Safepoint "Cleanup", Time since last: 1000799998 ns, Reaching safepoint: 147014 ns, At safepoint: 8812 ns, Total: 155826 ns
[2020-05-20T11:35:50.888+0000][1084][safepoint    ] Safepoint "Cleanup", Time since last: 2000137275 ns, Reaching safepoint: 155362 ns, At safepoint: 7884 ns, Total: 163246 ns
[2020-05-20T11:35:51.888+0000][1084][safepoint    ] Safepoint "Cleanup", Time since last: 1000565796 ns, Reaching safepoint: 130782 ns, At safepoint: 8348 ns, Total: 139130 ns
[2020-05-20T11:35:52.889+0000][1084][safepoint    ] Safepoint "Cleanup", Time since last: 1000715129 ns, Reaching safepoint: 161391 ns, At safepoint: 28289 ns, Total: 189680 ns
[2020-05-20T11:35:54.889+0000][1084][safepoint    ] Safepoint "Cleanup", Time since last: 1999899363 ns, Reaching safepoint: 94145 ns, At safepoint: 3246 ns, Total: 97391 ns
[2020-05-20T11:35:55.895+0000][1084][safepoint    ] Safepoint "Cleanup", Time since last: 1000445216 ns, Reaching safepoint: 5092162 ns, At safepoint: 126145 ns, Total: 5218307 ns
[2020-05-20T11:35:56.895+0000][1084][safepoint    ] Safepoint "Cleanup", Time since last: 1000080695 ns, Reaching safepoint: 143768 ns, At safepoint: 6493 ns, Total: 150261 ns
[2020-05-20T11:35:57.896+0000][1084][safepoint    ] Safepoint "Cleanup", Time since last: 1000919650 ns, Reaching safepoint: 132174 ns, At safepoint: 4637 ns, Total: 136811 ns
[2020-05-20T11:35:58.896+0000][1084][safepoint    ] Safepoint "Cleanup", Time since last: 1000024116 ns, Reaching safepoint: 116870 ns, At safepoint: 4637 ns, Total: 121507 ns
[2020-05-20T11:35:59.897+0000][1084][safepoint    ] Safepoint "Cleanup", Time since last: 1000412753 ns, Reaching safepoint: 111304 ns, At safepoint: 2783 ns, Total: 114087 ns
[2020-05-20T11:36:00.897+0000][1084][safepoint    ] Safepoint "Cleanup", Time since last: 1000142376 ns, Reaching safepoint: 167884 ns, At safepoint: 5101 ns, Total: 172985 ns
[2020-05-20T11:36:01.898+0000][1084][safepoint    ] Safepoint "Cleanup", Time since last: 1000057043 ns, Reaching safepoint: 115015 ns, At safepoint: 2782 ns, Total: 117797 ns
[2020-05-20T11:36:03.898+0000][1084][safepoint    ] Safepoint "Cleanup", Time since last: 2000503651 ns, Reaching safepoint: 138203 ns, At safepoint: 3246 ns, Total: 141449 ns
[2020-05-20T11:36:05.899+0000][1084][safepoint    ] Safepoint "Cleanup", Time since last: 2000719303 ns, Reaching safepoint: 96927 ns, At safepoint: 3710 ns, Total: 100637 ns
[2020-05-20T11:36:06.899+0000][1084][safepoint    ] Safepoint "Cleanup", Time since last: 1000306087 ns, Reaching safepoint: 102492 ns, At safepoint: 4638 ns, Total: 107130 ns
[2020-05-20T11:36:07.900+0000][1084][safepoint    ] Safepoint "Cleanup", Time since last: 1000340869 ns, Reaching safepoint: 98782 ns, At safepoint: 3246 ns, Total: 102028 ns
[2020-05-20T11:36:09.900+0000][1084][safepoint    ] Safepoint "Cleanup", Time since last: 1999955479 ns, Reaching safepoint: 204985 ns, At safepoint: 4174 ns, Total: 209159 ns
[2020-05-20T11:36:10.900+0000][1084][safepoint    ] Safepoint "Cleanup", Time since last: 1000266666 ns, Reaching safepoint: 140985 ns, At safepoint: 5565 ns, Total: 146550 ns
[2020-05-20T11:36:12.901+0000][1084][safepoint    ] Safepoint "Cleanup", Time since last: 2000942838 ns, Reaching safepoint: 158145 ns, At safepoint: 7884 ns, Total: 166029 ns
[2020-05-20T11:36:13.902+0000][1084][safepoint    ] Safepoint "Cleanup", Time since last: 1000108058 ns, Reaching safepoint: 129855 ns, At safepoint: 7884 ns, Total: 137739 ns
[2020-05-20T11:36:14.902+0000][1084][safepoint    ] Safepoint "Cleanup", Time since last: 1000599650 ns, Reaching safepoint: 165565 ns, At safepoint: 6493 ns, Total: 172058 ns
[2020-05-20T11:36:15.903+0000][1084][safepoint    ] Safepoint "Cleanup", Time since last: 1000294492 ns, Reaching safepoint: 88116 ns, At safepoint: 4174 ns, Total: 92290 ns
[2020-05-20T11:36:16.906+0000][1084][safepoint    ] Safepoint "Cleanup", Time since last: 1002814138 ns, Reaching safepoint: 127536 ns, At safepoint: 2783 ns, Total: 130319 ns
[2020-05-20T11:36:17.907+0000][1084][safepoint    ] Safepoint "Cleanup", Time since last: 1000621911 ns, Reaching safepoint: 174377 ns, At safepoint: 7884 ns, Total: 182261 ns
[2020-05-20T11:36:18.907+0000][1084][safepoint    ] Safepoint "Cleanup", Time since last: 1000061681 ns, Reaching safepoint: 190608 ns, At safepoint: 10667 ns, Total: 201275 ns
[2020-05-20T11:36:19.908+0000][1084][safepoint    ] Safepoint "Cleanup", Time since last: 1000809273 ns, Reaching safepoint: 84869 ns, At safepoint: 3711 ns, Total: 88580 ns
[2020-05-20T11:36:20.909+0000][1084][safepoint    ] Safepoint "Cleanup", Time since last: 1000842201 ns, Reaching safepoint: 125680 ns, At safepoint: 6957 ns, Total: 132637 ns
[2020-05-20T11:36:21.910+0000][1084][safepoint    ] Safepoint "Cleanup", Time since last: 1000732752 ns, Reaching safepoint: 88116 ns, At safepoint: 4637 ns, Total: 92753 ns
[2020-05-20T11:36:22.910+0000][1084][safepoint    ] Safepoint "Cleanup", Time since last: 1000592231 ns, Reaching safepoint: 147941 ns, At safepoint: 7884 ns, Total: 155825 ns
[2020-05-20T11:36:24.911+0000][1084][safepoint    ] Safepoint "Cleanup", Time since last: 2000136348 ns, Reaching safepoint: 117333 ns, At safepoint: 4638 ns, Total: 121971 ns
[2020-05-20T11:36:25.911+0000][1084][safepoint    ] Safepoint "Cleanup", Time since last: 1000174376 ns, Reaching safepoint: 128000 ns, At safepoint: 6956 ns, Total: 134956 ns
[2020-05-20T11:36:26.912+0000][1084][safepoint    ] Safepoint "Cleanup", Time since last: 1000656694 ns, Reaching safepoint: 143768 ns, At safepoint: 8348 ns, Total: 152116 ns
[2020-05-20T11:36:28.362+0000][1084][safepoint    ] Safepoint "Cleanup", Time since last: 1255662248 ns, Reaching safepoint: 194693114 ns, At safepoint: 25970 ns, Total: 194719084 ns
[2020-05-20T11:36:28.850+0000][1084][safepoint    ] Safepoint "BulkRevokeBias", Time since last: 361908958 ns, Reaching safepoint: 125232869 ns, At safepoint: 972056 ns, Total: 126204925 ns
[2020-05-20T11:36:29.966+0000][1084][safepoint    ] Safepoint "Cleanup", Time since last: 1000861679 ns, Reaching safepoint: 114988255 ns, At safepoint: 518956 ns, Total: 115507211 ns
[2020-05-20T11:36:31.513+0000][1084][safepoint    ] Safepoint "Cleanup", Time since last: 1546060183 ns, Reaching safepoint: 191072 ns, At safepoint: 11130 ns, Total: 202202 ns
[2020-05-20T11:36:32.533+0000][1084][safepoint    ] Safepoint "Cleanup", Time since last: 1019764360 ns, Reaching safepoint: 153507 ns, At safepoint: 9739 ns, Total: 163246 ns
[2020-05-20T11:36:33.533+0000][1084][safepoint    ] Safepoint "Cleanup", Time since last: 1000237913 ns, Reaching safepoint: 158144 ns, At safepoint: 8812 ns, Total: 166956 ns
[2020-05-20T11:36:34.533+0000][1084][safepoint    ] Safepoint "Cleanup", Time since last: 1000167883 ns, Reaching safepoint: 125218 ns, At safepoint: 5101 ns, Total: 130319 ns
[2020-05-20T11:36:35.534+0000][1084][safepoint    ] Safepoint "Cleanup", Time since last: 1000020869 ns, Reaching safepoint: 161391 ns, At safepoint: 5566 ns, Total: 166957 ns
[2020-05-20T11:36:36.534+0000][1084][safepoint    ] Safepoint "Cleanup", Time since last: 1000716520 ns, Reaching safepoint: 123362 ns, At safepoint: 6492 ns, Total: 129854 ns
[2020-05-20T11:36:38.535+0000][1084][safepoint    ] Safepoint "Cleanup", Time since last: 2000129855 ns, Reaching safepoint: 81623 ns, At safepoint: 4638 ns, Total: 86261 ns
[2020-05-20T11:36:39.535+0000][1084][safepoint    ] Safepoint "Cleanup", Time since last: 1000573680 ns, Reaching safepoint: 77449 ns, At safepoint: 3246 ns, Total: 80695 ns
[2020-05-20T11:36:40.536+0000][1084][safepoint    ] Safepoint "Cleanup", Time since last: 1000653912 ns, Reaching safepoint: 118724 ns, At safepoint: 3246 ns, Total: 121970 ns
[2020-05-20T11:36:41.537+0000][1084][safepoint    ] Safepoint "Cleanup", Time since last: 1000259246 ns, Reaching safepoint: 124754 ns, At safepoint: 6029 ns, Total: 130783 ns
[2020-05-20T11:36:42.537+0000][1084][safepoint    ] Safepoint "Cleanup", Time since last: 1000670607 ns, Reaching safepoint: 153970 ns, At safepoint: 5102 ns, Total: 159072 ns
[2020-05-20T11:36:43.538+0000][1084][safepoint    ] Safepoint "Cleanup", Time since last: 1000710955 ns, Reaching safepoint: 154898 ns, At safepoint: 5565 ns, Total: 160463 ns
[2020-05-20T11:36:44.539+0000][1084][safepoint    ] Safepoint "Cleanup", Time since last: 1000489274 ns, Reaching safepoint: 133565 ns, At safepoint: 5565 ns, Total: 139130 ns
[2020-05-20T11:36:45.540+0000][1084][safepoint    ] Safepoint "Cleanup", Time since last: 1000766144 ns, Reaching safepoint: 90434 ns, At safepoint: 5102 ns, Total: 95536 ns
[2020-05-20T11:36:46.541+0000][1084][safepoint    ] Safepoint "Cleanup", Time since last: 1000915012 ns, Reaching safepoint: 96463 ns, At safepoint: 4174 ns, Total: 100637 ns
[2020-05-20T11:36:47.541+0000][1084][safepoint    ] Safepoint "Cleanup", Time since last: 1000385391 ns, Reaching safepoint: 125217 ns, At safepoint: 5101 ns, Total: 130318 ns
[2020-05-20T11:36:48.542+0000][1084][safepoint    ] Safepoint "Cleanup", Time since last: 1000144696 ns, Reaching safepoint: 137738 ns, At safepoint: 6029 ns, Total: 143767 ns
[2020-05-20T11:36:49.542+0000][1084][safepoint    ] Safepoint "Cleanup", Time since last: 1000416927 ns, Reaching safepoint: 101565 ns, At safepoint: 4174 ns, Total: 105739 ns
[2020-05-20T11:36:50.542+0000][1084][safepoint    ] Safepoint "Cleanup", Time since last: 1000005565 ns, Reaching safepoint: 119652 ns, At safepoint: 6029 ns, Total: 125681 ns
[2020-05-20T11:36:51.543+0000][1084][safepoint    ] Safepoint "Cleanup", Time since last: 1000265738 ns, Reaching safepoint: 126145 ns, At safepoint: 4638 ns, Total: 130783 ns
[2020-05-20T11:36:52.544+0000][1084][safepoint    ] Safepoint "Cleanup", Time since last: 1000803708 ns, Reaching safepoint: 117333 ns, At safepoint: 6957 ns, Total: 124290 ns
[2020-05-20T11:36:53.544+0000][1084][safepoint    ] Safepoint "Cleanup", Time since last: 1000662723 ns, Reaching safepoint: 166492 ns, At safepoint: 7884 ns, Total: 174376 ns
[2020-05-20T11:36:54.545+0000][1084][safepoint    ] Safepoint "Cleanup", Time since last: 1000725796 ns, Reaching safepoint: 178550 ns, At safepoint: 9739 ns, Total: 188289 ns
[2020-05-20T11:36:56.647+0000][1084][safepoint    ] Safepoint "Cleanup", Time since last: 2000360347 ns, Reaching safepoint: 101449040 ns, At safepoint: 71884 ns, Total: 101520924 ns
[2020-05-20T11:36:57.834+0000][1084][safepoint    ] Safepoint "Cleanup", Time since last: 1187138812 ns, Reaching safepoint: 160464 ns, At safepoint: 7884 ns, Total: 168348 ns
[2020-05-20T11:36:58.835+0000][1084][safepoint    ] Safepoint "Cleanup", Time since last: 1000654375 ns, Reaching safepoint: 128464 ns, At safepoint: 5101 ns, Total: 133565 ns
[2020-05-20T11:36:59.836+0000][1084][safepoint    ] Safepoint "Cleanup", Time since last: 1000513854 ns, Reaching safepoint: 236521 ns, At safepoint: 12986 ns, Total: 249507 ns
[2020-05-20T11:37:00.836+0000][1084][safepoint    ] Safepoint "Cleanup", Time since last: 1000020405 ns, Reaching safepoint: 111304 ns, At safepoint: 7421 ns, Total: 118725 ns
[2020-05-20T11:37:01.837+0000][1084][safepoint    ] Safepoint "Cleanup", Time since last: 1000307013 ns, Reaching safepoint: 134957 ns, At safepoint: 6956 ns, Total: 141913 ns
[2020-05-20T11:37:02.837+0000][1084][safepoint    ] Safepoint "Cleanup", Time since last: 1000447999 ns, Reaching safepoint: 97855 ns, At safepoint: 2783 ns, Total: 100638 ns
[2020-05-20T11:37:05.020+0000][1084][safepoint    ] Safepoint "Cleanup", Time since last: 2000073739 ns, Reaching safepoint: 182621257 ns, At safepoint: 61217 ns, Total: 182682474 ns
[2020-05-20T11:37:06.021+0000][1084][safepoint    ] Safepoint "Cleanup", Time since last: 1000544463 ns, Reaching safepoint: 135884 ns, At safepoint: 31536 ns, Total: 167420 ns
[2020-05-20T11:37:07.021+0000][1084][safepoint    ] Safepoint "Cleanup", Time since last: 1000303304 ns, Reaching safepoint: 147477 ns, At safepoint: 13450 ns, Total: 160927 ns
[2020-05-20T11:37:08.021+0000][1084][safepoint    ] Safepoint "Cleanup", Time since last: 1000123825 ns, Reaching safepoint: 152580 ns, At safepoint: 8348 ns, Total: 160928 ns
[2020-05-20T11:37:09.022+0000][1084][safepoint    ] Safepoint "Cleanup", Time since last: 1000798143 ns, Reaching safepoint: 133565 ns, At safepoint: 5101 ns, Total: 138666 ns
[2020-05-20T11:37:10.023+0000][1084][safepoint    ] Safepoint "Cleanup", Time since last: 1000358492 ns, Reaching safepoint: 80232 ns, At safepoint: 3246 ns, Total: 83478 ns
[2020-05-20T11:37:11.023+0000][1084][safepoint    ] Safepoint "Cleanup", Time since last: 1000383535 ns, Reaching safepoint: 138203 ns, At safepoint: 9739 ns, Total: 147942 ns
[2020-05-20T11:37:12.024+0000][1084][safepoint    ] Safepoint "Cleanup", Time since last: 1000691477 ns, Reaching safepoint: 86260 ns, At safepoint: 4174 ns, Total: 90434 ns
[2020-05-20T11:37:13.025+0000][1084][safepoint    ] Safepoint "Cleanup", Time since last: 1000828752 ns, Reaching safepoint: 134956 ns, At safepoint: 6029 ns, Total: 140985 ns
[2020-05-20T11:37:15.026+0000][1084][safepoint    ] Safepoint "Cleanup", Time since last: 2000368231 ns, Reaching safepoint: 138667 ns, At safepoint: 10202 ns, Total: 148869 ns
[2020-05-20T11:37:17.026+0000][1084][safepoint    ] Safepoint "Cleanup", Time since last: 1999936464 ns, Reaching safepoint: 128000 ns, At safepoint: 4638 ns, Total: 132638 ns
[2020-05-20T11:37:18.026+0000][1084][safepoint    ] Safepoint "Cleanup", Time since last: 1000171130 ns, Reaching safepoint: 84405 ns, At safepoint: 3711 ns, Total: 88116 ns
[2020-05-20T11:37:19.026+0000][1084][safepoint    ] Safepoint "Cleanup", Time since last: 1000126608 ns, Reaching safepoint: 294956 ns, At safepoint: 10666 ns, Total: 305622 ns
[2020-05-20T11:37:21.026+0000][1084][safepoint    ] Safepoint "Cleanup", Time since last: 1999941566 ns, Reaching safepoint: 87652 ns, At safepoint: 3246 ns, Total: 90898 ns
[2020-05-20T11:37:22.027+0000][1084][safepoint    ] Safepoint "Cleanup", Time since last: 1000096464 ns, Reaching safepoint: 132637 ns, At safepoint: 6957 ns, Total: 139594 ns
[2020-05-20T11:37:24.027+0000][1084][safepoint    ] Safepoint "Cleanup", Time since last: 2000445216 ns, Reaching safepoint: 151188 ns, At safepoint: 6029 ns, Total: 157217 ns
[2020-05-20T11:37:25.028+0000][1084][safepoint    ] Safepoint "Cleanup", Time since last: 1000506897 ns, Reaching safepoint: 117333 ns, At safepoint: 7884 ns, Total: 125217 ns
[2020-05-20T11:37:26.029+0000][1084][safepoint    ] Safepoint "Cleanup", Time since last: 1000946549 ns, Reaching safepoint: 104347 ns, At safepoint: 12522 ns, Total: 116869 ns
[2020-05-20T11:37:27.030+0000][1084][safepoint    ] Safepoint "Cleanup", Time since last: 1000497622 ns, Reaching safepoint: 77449 ns, At safepoint: 4638 ns, Total: 82087 ns
[2020-05-20T11:37:28.030+0000][1084][safepoint    ] Safepoint "Cleanup", Time since last: 1000576462 ns, Reaching safepoint: 120580 ns, At safepoint: 5101 ns, Total: 125681 ns
[2020-05-20T11:37:30.030+0000][1084][safepoint    ] Safepoint "Cleanup", Time since last: 2000242550 ns, Reaching safepoint: 148406 ns, At safepoint: 6029 ns, Total: 154435 ns
[2020-05-20T11:37:32.031+0000][1084][safepoint    ] Safepoint "Cleanup", Time since last: 2000155362 ns, Reaching safepoint: 539825 ns, At safepoint: 14376 ns, Total: 554201 ns
[2020-05-20T11:37:34.032+0000][1084][safepoint    ] Safepoint "Cleanup", Time since last: 2000401159 ns, Reaching safepoint: 129391 ns, At safepoint: 7420 ns, Total: 136811 ns
[2020-05-20T11:37:35.033+0000][1084][safepoint    ] Safepoint "Cleanup", Time since last: 1000832926 ns, Reaching safepoint: 112231 ns, At safepoint: 6029 ns, Total: 118260 ns
[2020-05-20T11:37:37.034+0000][1084][safepoint    ] Safepoint "Cleanup", Time since last: 2000950259 ns, Reaching safepoint: 113159 ns, At safepoint: 6493 ns, Total: 119652 ns
[2020-05-20T11:37:39.035+0000][1084][safepoint    ] Safepoint "Cleanup", Time since last: 2000642317 ns, Reaching safepoint: 140522 ns, At safepoint: 9275 ns, Total: 149797 ns
[2020-05-20T11:37:41.035+0000][1084][safepoint    ] Safepoint "Cleanup", Time since last: 2000649274 ns, Reaching safepoint: 138666 ns, At safepoint: 8812 ns, Total: 147478 ns
[2020-05-20T11:37:42.036+0000][1084][safepoint    ] Safepoint "Cleanup", Time since last: 1000639071 ns, Reaching safepoint: 108985 ns, At safepoint: 6493 ns, Total: 115478 ns
[2020-05-20T11:37:43.037+0000][1084][safepoint    ] Safepoint "Cleanup", Time since last: 1000289390 ns, Reaching safepoint: 136348 ns, At safepoint: 6957 ns, Total: 143305 ns
[2020-05-20T11:37:44.037+0000][1084][safepoint    ] Safepoint "Cleanup", Time since last: 1000351071 ns, Reaching safepoint: 153971 ns, At safepoint: 9739 ns, Total: 163710 ns
[2020-05-20T11:37:45.037+0000][1084][safepoint    ] Safepoint "Cleanup", Time since last: 1000087652 ns, Reaching safepoint: 120116 ns, At safepoint: 5101 ns, Total: 125217 ns
[2020-05-20T11:37:46.038+0000][1084][safepoint    ] Safepoint "Cleanup", Time since last: 1000539361 ns, Reaching safepoint: 127072 ns, At safepoint: 7420 ns, Total: 134492 ns
[2020-05-20T11:37:47.056+0000][1084][safepoint    ] Safepoint "Cleanup", Time since last: 1000665042 ns, Reaching safepoint: 16981758 ns, At safepoint: 14377 ns, Total: 16996135 ns
[2020-05-20T11:37:48.057+0000][1084][safepoint    ] Safepoint "Cleanup", Time since last: 1000830607 ns, Reaching safepoint: 130318 ns, At safepoint: 5102 ns, Total: 135420 ns
[2020-05-20T11:37:49.057+0000][1084][safepoint    ] Safepoint "Cleanup", Time since last: 1000138666 ns, Reaching safepoint: 108522 ns, At safepoint: 4637 ns, Total: 113159 ns
[2020-05-20T11:37:50.058+0000][1084][safepoint    ] Safepoint "Cleanup", Time since last: 1000795361 ns, Reaching safepoint: 136811 ns, At safepoint: 4638 ns, Total: 141449 ns
[2020-05-20T11:37:51.059+0000][1084][safepoint    ] Safepoint "Cleanup", Time since last: 1000870027 ns, Reaching safepoint: 114086 ns, At safepoint: 6957 ns, Total: 121043 ns
[2020-05-20T11:37:52.059+0000][1084][safepoint    ] Safepoint "Cleanup", Time since last: 1000539361 ns, Reaching safepoint: 127536 ns, At safepoint: 5101 ns, Total: 132637 ns
[2020-05-20T11:37:53.060+0000][1084][safepoint    ] Safepoint "Cleanup", Time since last: 1000598723 ns, Reaching safepoint: 137739 ns, At safepoint: 5565 ns, Total: 143304 ns
[2020-05-20T11:37:54.061+0000][1084][safepoint    ] Safepoint "Cleanup", Time since last: 1000192000 ns, Reaching safepoint: 106203 ns, At safepoint: 2782 ns, Total: 108985 ns
[2020-05-20T11:37:55.061+0000][1084][safepoint    ] Safepoint "Cleanup", Time since last: 1000147942 ns, Reaching safepoint: 115478 ns, At safepoint: 5101 ns, Total: 120579 ns
[2020-05-20T11:37:56.061+0000][1084][safepoint    ] Safepoint "Cleanup", Time since last: 1000052406 ns, Reaching safepoint: 159536 ns, At safepoint: 7420 ns, Total: 166956 ns
[2020-05-20T11:37:58.062+0000][1084][safepoint    ] Safepoint "Cleanup", Time since last: 2000919650 ns, Reaching safepoint: 140522 ns, At safepoint: 5101 ns, Total: 145623 ns
[2020-05-20T11:37:59.063+0000][1084][safepoint    ] Safepoint "Cleanup", Time since last: 1000580173 ns, Reaching safepoint: 144695 ns, At safepoint: 8348 ns, Total: 153043 ns
[2020-05-20T11:38:00.064+0000][1084][safepoint    ] Safepoint "Cleanup", Time since last: 1000898780 ns, Reaching safepoint: 214724 ns, At safepoint: 13450 ns, Total: 228174 ns
[2020-05-20T11:38:02.065+0000][1084][safepoint    ] Safepoint "Cleanup", Time since last: 2000707708 ns, Reaching safepoint: 112696 ns, At safepoint: 6029 ns, Total: 118725 ns
[2020-05-20T11:38:03.066+0000][1084][safepoint    ] Safepoint "Cleanup", Time since last: 1000578781 ns, Reaching safepoint: 151652 ns, At safepoint: 5101 ns, Total: 156753 ns
[2020-05-20T11:38:04.066+0000][1084][safepoint    ] Safepoint "Cleanup", Time since last: 1000269913 ns, Reaching safepoint: 110840 ns, At safepoint: 3246 ns, Total: 114086 ns
[2020-05-20T11:38:06.067+0000][1084][safepoint    ] Safepoint "Cleanup", Time since last: 2000699825 ns, Reaching safepoint: 101565 ns, At safepoint: 4637 ns, Total: 106202 ns
[2020-05-20T11:38:08.067+0000][1084][safepoint    ] Safepoint "Cleanup", Time since last: 2000090435 ns, Reaching safepoint: 160000 ns, At safepoint: 4173 ns, Total: 164173 ns
[2020-05-20T11:38:09.068+0000][1084][safepoint    ] Safepoint "Cleanup", Time since last: 1000826433 ns, Reaching safepoint: 117333 ns, At safepoint: 6493 ns, Total: 123826 ns
[2020-05-20T11:38:10.069+0000][1084][safepoint    ] Safepoint "Cleanup", Time since last: 1000758723 ns, Reaching safepoint: 100174 ns, At safepoint: 3710 ns, Total: 103884 ns
[2020-05-20T11:38:11.070+0000][1084][safepoint    ] Safepoint "Cleanup", Time since last: 1000869563 ns, Reaching safepoint: 168811 ns, At safepoint: 8812 ns, Total: 177623 ns
[2020-05-20T11:38:12.071+0000][1084][safepoint    ] Safepoint "Cleanup", Time since last: 1000640926 ns, Reaching safepoint: 121971 ns, At safepoint: 3246 ns, Total: 125217 ns
[2020-05-20T11:38:13.071+0000][1084][safepoint    ] Safepoint "Cleanup", Time since last: 1000755476 ns, Reaching safepoint: 115015 ns, At safepoint: 6956 ns, Total: 121971 ns
[2020-05-20T11:38:14.072+0000][1084][safepoint    ] Safepoint "Cleanup", Time since last: 1000528695 ns, Reaching safepoint: 98318 ns, At safepoint: 4174 ns, Total: 102492 ns
[2020-05-20T11:38:15.072+0000][1084][safepoint    ] Safepoint "Cleanup", Time since last: 1000189681 ns, Reaching safepoint: 211014 ns, At safepoint: 4174 ns, Total: 215188 ns
[2020-05-20T11:38:16.073+0000][1084][safepoint    ] Safepoint "Cleanup", Time since last: 1000181796 ns, Reaching safepoint: 88116 ns, At safepoint: 4638 ns, Total: 92754 ns
[2020-05-20T11:38:17.073+0000][1084][safepoint    ] Safepoint "Cleanup", Time since last: 1000034782 ns, Reaching safepoint: 103420 ns, At safepoint: 5566 ns, Total: 108986 ns
[2020-05-20T11:38:18.074+0000][1084][safepoint    ] Safepoint "Cleanup", Time since last: 1000806027 ns, Reaching safepoint: 188753 ns, At safepoint: 8348 ns, Total: 197101 ns
[2020-05-20T11:38:19.165+0000][1084][safepoint    ] Safepoint "Cleanup", Time since last: 1006228391 ns, Reaching safepoint: 85302991 ns, At safepoint: 63536 ns, Total: 85366527 ns
[2020-05-20T11:38:20.211+0000][1084][safepoint    ] Safepoint "Cleanup", Time since last: 1045807662 ns, Reaching safepoint: 111768 ns, At safepoint: 4173 ns, Total: 115941 ns
[2020-05-20T11:38:21.220+0000][1084][safepoint    ] Safepoint "Cleanup", Time since last: 1008191054 ns, Reaching safepoint: 86724 ns, At safepoint: 4174 ns, Total: 90898 ns
[2020-05-20T11:38:22.220+0000][1084][safepoint    ] Safepoint "Cleanup", Time since last: 1000193391 ns, Reaching safepoint: 147014 ns, At safepoint: 7884 ns, Total: 154898 ns
[2020-05-20T11:38:24.220+0000][1084][safepoint    ] Safepoint "Cleanup", Time since last: 1999981450 ns, Reaching safepoint: 102492 ns, At safepoint: 3710 ns, Total: 106202 ns
[2020-05-20T11:38:25.232+0000][1084][safepoint    ] Safepoint "Cleanup", Time since last: 1000543999 ns, Reaching safepoint: 11085887 ns, At safepoint: 10203 ns, Total: 11096090 ns
[2020-05-20T11:38:26.357+0000][1084][safepoint    ] Safepoint "Cleanup", Time since last: 1000446608 ns, Reaching safepoint: 124765392 ns, At safepoint: 112231 ns, Total: 124877623 ns
[2020-05-20T11:38:27.369+0000][1084][safepoint    ] Safepoint "Cleanup", Time since last: 1012282407 ns, Reaching safepoint: 132637 ns, At safepoint: 2319 ns, Total: 134956 ns
[2020-05-20T11:38:29.370+0000][1084][safepoint    ] Safepoint "Cleanup", Time since last: 2000478144 ns, Reaching safepoint: 155362 ns, At safepoint: 2782 ns, Total: 158144 ns
[2020-05-20T11:38:30.370+0000][1084][safepoint    ] Safepoint "Cleanup", Time since last: 1000066783 ns, Reaching safepoint: 126144 ns, At safepoint: 4638 ns, Total: 130782 ns
[2020-05-20T11:38:31.370+0000][1084][safepoint    ] Safepoint "Cleanup", Time since last: 1000006956 ns, Reaching safepoint: 119652 ns, At safepoint: 5102 ns, Total: 124754 ns
[2020-05-20T11:38:33.371+0000][1084][safepoint    ] Safepoint "Cleanup", Time since last: 2000616810 ns, Reaching safepoint: 143768 ns, At safepoint: 8811 ns, Total: 152579 ns
[2020-05-20T11:38:34.372+0000][1084][safepoint    ] Safepoint "Cleanup", Time since last: 1000443825 ns, Reaching safepoint: 153044 ns, At safepoint: 6028 ns, Total: 159072 ns
[2020-05-20T11:38:35.373+0000][1084][safepoint    ] Safepoint "Cleanup", Time since last: 1000628405 ns, Reaching safepoint: 121971 ns, At safepoint: 6956 ns, Total: 128927 ns
[2020-05-20T11:38:36.373+0000][1084][safepoint    ] Safepoint "Cleanup", Time since last: 1000275014 ns, Reaching safepoint: 148405 ns, At safepoint: 7884 ns, Total: 156289 ns
[2020-05-20T11:38:38.374+0000][1084][safepoint    ] Safepoint "Cleanup", Time since last: 2000301913 ns, Reaching safepoint: 105739 ns, At safepoint: 5101 ns, Total: 110840 ns
[2020-05-20T11:38:39.374+0000][1084][safepoint    ] Safepoint "Cleanup", Time since last: 1000724868 ns, Reaching safepoint: 125681 ns, At safepoint: 5565 ns, Total: 131246 ns
[2020-05-20T11:38:40.375+0000][1084][safepoint    ] Safepoint "Cleanup", Time since last: 1000703998 ns, Reaching safepoint: 120580 ns, At safepoint: 5101 ns, Total: 125681 ns
[2020-05-20T11:38:41.376+0000][1084][safepoint    ] Safepoint "Cleanup", Time since last: 1000552347 ns, Reaching safepoint: 135420 ns, At safepoint: 5101 ns, Total: 140521 ns
[2020-05-20T11:38:42.376+0000][1084][safepoint    ] Safepoint "Cleanup", Time since last: 1000173449 ns, Reaching safepoint: 121507 ns, At safepoint: 4638 ns, Total: 126145 ns
[2020-05-20T11:38:43.376+0000][1084][safepoint    ] Safepoint "Cleanup", Time since last: 1000047304 ns, Reaching safepoint: 124753 ns, At safepoint: 6957 ns, Total: 131710 ns
[2020-05-20T11:38:44.377+0000][1084][safepoint    ] Safepoint "Cleanup", Time since last: 1000607071 ns, Reaching safepoint: 138202 ns, At safepoint: 6957 ns, Total: 145159 ns
[2020-05-20T11:38:45.378+0000][1084][safepoint    ] Safepoint "Cleanup", Time since last: 1000618201 ns, Reaching safepoint: 116870 ns, At safepoint: 2782 ns, Total: 119652 ns
[2020-05-20T11:38:46.378+0000][1084][safepoint    ] Safepoint "Cleanup", Time since last: 1000445217 ns, Reaching safepoint: 135883 ns, At safepoint: 6029 ns, Total: 141912 ns
[2020-05-20T11:38:47.379+0000][1084][safepoint    ] Safepoint "Cleanup", Time since last: 1000464695 ns, Reaching safepoint: 104811 ns, At safepoint: 4174 ns, Total: 108985 ns
[2020-05-20T11:38:48.379+0000][1084][safepoint    ] Safepoint "Cleanup", Time since last: 1000298666 ns, Reaching safepoint: 113159 ns, At safepoint: 5102 ns, Total: 118261 ns
[2020-05-20T11:38:49.380+0000][1084][safepoint    ] Safepoint "Cleanup", Time since last: 1000723013 ns, Reaching safepoint: 172985 ns, At safepoint: 5101 ns, Total: 178086 ns
[2020-05-20T11:38:50.380+0000][1084][safepoint    ] Safepoint "Cleanup", Time since last: 1000049623 ns, Reaching safepoint: 137275 ns, At safepoint: 5565 ns, Total: 142840 ns
[2020-05-20T11:38:51.381+0000][1084][safepoint    ] Safepoint "Cleanup", Time since last: 1000037566 ns, Reaching safepoint: 117796 ns, At safepoint: 15768 ns, Total: 133564 ns
[2020-05-20T11:38:52.384+0000][1084][safepoint    ] Safepoint "Cleanup", Time since last: 1000236985 ns, Reaching safepoint: 3162892 ns, At safepoint: 340868 ns, Total: 3503760 ns
[2020-05-20T11:38:53.385+0000][1084][safepoint    ] Safepoint "Cleanup", Time since last: 1000195246 ns, Reaching safepoint: 134029 ns, At safepoint: 5101 ns, Total: 139130 ns
[2020-05-20T11:38:54.385+0000][1084][safepoint    ] Safepoint "Cleanup", Time since last: 1000113623 ns, Reaching safepoint: 126609 ns, At safepoint: 5101 ns, Total: 131710 ns
[2020-05-20T11:38:55.387+0000][1084][safepoint    ] Safepoint "Cleanup", Time since last: 1001386200 ns, Reaching safepoint: 87188 ns, At safepoint: 4174 ns, Total: 91362 ns
[2020-05-20T11:38:56.387+0000][1084][safepoint    ] Safepoint "Cleanup", Time since last: 1000816694 ns, Reaching safepoint: 179941 ns, At safepoint: 9740 ns, Total: 189681 ns
[2020-05-20T11:38:57.823+0000][1084][safepoint    ] Safepoint "Cleanup", Time since last: 1435650699 ns, Reaching safepoint: 232348 ns, At safepoint: 8348 ns, Total: 240696 ns
[2020-05-20T11:38:58.824+0000][1084][safepoint    ] Safepoint "Cleanup", Time since last: 1000312115 ns, Reaching safepoint: 161391 ns, At safepoint: 7884 ns, Total: 169275 ns
[2020-05-20T11:38:59.825+0000][1084][safepoint    ] Safepoint "Cleanup", Time since last: 1000621448 ns, Reaching safepoint: 126608 ns, At safepoint: 5565 ns, Total: 132173 ns
[2020-05-20T11:39:00.825+0000][1084][safepoint    ] Safepoint "Cleanup", Time since last: 1000541216 ns, Reaching safepoint: 119188 ns, At safepoint: 4638 ns, Total: 123826 ns
[2020-05-20T11:39:01.826+0000][1084][safepoint    ] Safepoint "Cleanup", Time since last: 1000081159 ns, Reaching safepoint: 133101 ns, At safepoint: 5102 ns, Total: 138203 ns
[2020-05-20T11:39:02.858+0000][1084][safepoint    ] Safepoint "Cleanup", Time since last: 1000018087 ns, Reaching safepoint: 32064853 ns, At safepoint: 49159 ns, Total: 32114012 ns
[2020-05-20T11:39:03.859+0000][1084][safepoint    ] Safepoint "Cleanup", Time since last: 1000760578 ns, Reaching safepoint: 96928 ns, At safepoint: 4173 ns, Total: 101101 ns
[2020-05-20T11:39:04.859+0000][1084][safepoint    ] Safepoint "Cleanup", Time since last: 1000264811 ns, Reaching safepoint: 115942 ns, At safepoint: 4638 ns, Total: 120580 ns
[2020-05-20T11:39:05.860+0000][1084][safepoint    ] Safepoint "Cleanup", Time since last: 1000550028 ns, Reaching safepoint: 115478 ns, At safepoint: 4174 ns, Total: 119652 ns
[2020-05-20T11:39:06.860+0000][1084][safepoint    ] Safepoint "Cleanup", Time since last: 1000496694 ns, Reaching safepoint: 117333 ns, At safepoint: 5565 ns, Total: 122898 ns
[2020-05-20T11:39:07.861+0000][1084][safepoint    ] Safepoint "Cleanup", Time since last: 1000940520 ns, Reaching safepoint: 116869 ns, At safepoint: 5565 ns, Total: 122434 ns
[2020-05-20T11:39:08.862+0000][1084][safepoint    ] Safepoint "Cleanup", Time since last: 1000304695 ns, Reaching safepoint: 79304 ns, At safepoint: 3711 ns, Total: 83015 ns
[2020-05-20T11:39:09.862+0000][1084][safepoint    ] Safepoint "Cleanup", Time since last: 1000613563 ns, Reaching safepoint: 121507 ns, At safepoint: 5102 ns, Total: 126609 ns
[2020-05-20T11:39:10.863+0000][1084][safepoint    ] Safepoint "Cleanup", Time since last: 1000278260 ns, Reaching safepoint: 132174 ns, At safepoint: 6029 ns, Total: 138203 ns
[2020-05-20T11:39:12.863+0000][1084][safepoint    ] Safepoint "Cleanup", Time since last: 2000214724 ns, Reaching safepoint: 121043 ns, At safepoint: 4638 ns, Total: 125681 ns
[2020-05-20T11:39:13.884+0000][1084][safepoint    ] Safepoint "Cleanup", Time since last: 1000208231 ns, Reaching safepoint: 21056415 ns, At safepoint: 15768 ns, Total: 21072183 ns
[2020-05-20T11:39:14.885+0000][1084][safepoint    ] Safepoint "Cleanup", Time since last: 1000668288 ns, Reaching safepoint: 118725 ns, At safepoint: 5101 ns, Total: 123826 ns
[2020-05-20T11:39:16.886+0000][1084][safepoint    ] Safepoint "Cleanup", Time since last: 2000194782 ns, Reaching safepoint: 130783 ns, At safepoint: 7420 ns, Total: 138203 ns
[2020-05-20T11:39:17.886+0000][1084][safepoint    ] Safepoint "Cleanup", Time since last: 1000883476 ns, Reaching safepoint: 169275 ns, At safepoint: 8348 ns, Total: 177623 ns
[2020-05-20T11:39:18.887+0000][1084][safepoint    ] Safepoint "Cleanup", Time since last: 1000519883 ns, Reaching safepoint: 143304 ns, At safepoint: 8348 ns, Total: 151652 ns
[2020-05-20T11:39:19.888+0000][1084][safepoint    ] Safepoint "Cleanup", Time since last: 1000364057 ns, Reaching safepoint: 164637 ns, At safepoint: 7884 ns, Total: 172521 ns
[2020-05-20T11:39:20.889+0000][1084][safepoint    ] Safepoint "Cleanup", Time since last: 1000632578 ns, Reaching safepoint: 154435 ns, At safepoint: 4637 ns, Total: 159072 ns
[2020-05-20T11:39:21.889+0000][1084][safepoint    ] Safepoint "Cleanup", Time since last: 1000734144 ns, Reaching safepoint: 138202 ns, At safepoint: 8812 ns, Total: 147014 ns
[2020-05-20T11:39:22.890+0000][1084][safepoint    ] Safepoint "Cleanup", Time since last: 1000345042 ns, Reaching safepoint: 107594 ns, At safepoint: 4638 ns, Total: 112232 ns
[2020-05-20T11:39:23.891+0000][1084][safepoint    ] Safepoint "Cleanup", Time since last: 1000728578 ns, Reaching safepoint: 99246 ns, At safepoint: 5102 ns, Total: 104348 ns
[2020-05-20T11:39:24.891+0000][1084][safepoint    ] Safepoint "Cleanup", Time since last: 1000037565 ns, Reaching safepoint: 139130 ns, At safepoint: 7420 ns, Total: 146550 ns
[2020-05-20T11:39:25.892+0000][1084][safepoint    ] Safepoint "Cleanup", Time since last: 1000672462 ns, Reaching safepoint: 123826 ns, At safepoint: 5565 ns, Total: 129391 ns
[2020-05-20T11:39:26.892+0000][1084][safepoint    ] Safepoint "Cleanup", Time since last: 1000373797 ns, Reaching safepoint: 101101 ns, At safepoint: 3246 ns, Total: 104347 ns
[2020-05-20T11:39:27.893+0000][1084][safepoint    ] Safepoint "Cleanup", Time since last: 1000450318 ns, Reaching safepoint: 104348 ns, At safepoint: 4173 ns, Total: 108521 ns
[2020-05-20T11:39:28.893+0000][1084][safepoint    ] Safepoint "Cleanup", Time since last: 1000141913 ns, Reaching safepoint: 95536 ns, At safepoint: 2783 ns, Total: 98319 ns
[2020-05-20T11:39:29.894+0000][1084][safepoint    ] Safepoint "Cleanup", Time since last: 1000611245 ns, Reaching safepoint: 100173 ns, At safepoint: 3247 ns, Total: 103420 ns
[2020-05-20T11:39:30.894+0000][1084][safepoint    ] Safepoint "Cleanup", Time since last: 1000383999 ns, Reaching safepoint: 131246 ns, At safepoint: 2783 ns, Total: 134029 ns
[2020-05-20T11:39:32.478+0000][1084][safepoint    ] Safepoint "Cleanup", Time since last: 1583842820 ns, Reaching safepoint: 112231 ns, At safepoint: 7421 ns, Total: 119652 ns
[2020-05-20T11:39:33.478+0000][1084][safepoint    ] Safepoint "Cleanup", Time since last: 1000132173 ns, Reaching safepoint: 122435 ns, At safepoint: 4174 ns, Total: 126609 ns
[2020-05-20T11:39:34.479+0000][1084][safepoint    ] Safepoint "Cleanup", Time since last: 1000520810 ns, Reaching safepoint: 183652 ns, At safepoint: 5101 ns, Total: 188753 ns
[2020-05-20T11:39:35.479+0000][1084][safepoint    ] Safepoint "Cleanup", Time since last: 1000032928 ns, Reaching safepoint: 101565 ns, At safepoint: 5565 ns, Total: 107130 ns
[2020-05-20T11:39:36.480+0000][1084][safepoint    ] Safepoint "Cleanup", Time since last: 1000564404 ns, Reaching safepoint: 89044 ns, At safepoint: 4173 ns, Total: 93217 ns
[2020-05-20T11:39:37.481+0000][1084][safepoint    ] Safepoint "Cleanup", Time since last: 1000406260 ns, Reaching safepoint: 115015 ns, At safepoint: 4173 ns, Total: 119188 ns
[2020-05-20T11:39:38.481+0000][1084][safepoint    ] Safepoint "Cleanup", Time since last: 1000527767 ns, Reaching safepoint: 128000 ns, At safepoint: 5565 ns, Total: 133565 ns
[2020-05-20T11:39:39.482+0000][1084][safepoint    ] Safepoint "Cleanup", Time since last: 1000228174 ns, Reaching safepoint: 211477 ns, At safepoint: 6029 ns, Total: 217506 ns
[2020-05-20T11:39:40.555+0000][1084][safepoint    ] Safepoint "Cleanup", Time since last: 1000780520 ns, Reaching safepoint: 72964933 ns, At safepoint: 45913 ns, Total: 73010846 ns
[2020-05-20T11:39:41.682+0000][1084][safepoint    ] Safepoint "Cleanup", Time since last: 1000618665 ns, Reaching safepoint: 125796346 ns, At safepoint: 24116 ns, Total: 125820462 ns
[2020-05-20T11:39:42.682+0000][1084][safepoint    ] Safepoint "Cleanup", Time since last: 1000019942 ns, Reaching safepoint: 116869 ns, At safepoint: 6493 ns, Total: 123362 ns
[2020-05-20T11:39:43.683+0000][1084][safepoint    ] Safepoint "Cleanup", Time since last: 1000401622 ns, Reaching safepoint: 98782 ns, At safepoint: 6029 ns, Total: 104811 ns
[2020-05-20T11:39:44.683+0000][1084][safepoint    ] Safepoint "Cleanup", Time since last: 1000746201 ns, Reaching safepoint: 106203 ns, At safepoint: 12058 ns, Total: 118261 ns
[2020-05-20T11:39:45.859+0000][1084][safepoint    ] Safepoint "Cleanup", Time since last: 1000372405 ns, Reaching safepoint: 175642027 ns, At safepoint: 161855 ns, Total: 175803882 ns
[2020-05-20T11:39:47.111+0000][1084][safepoint    ] Safepoint "Cleanup", Time since last: 1000133565 ns, Reaching safepoint: 251518489 ns, At safepoint: 52870 ns, Total: 251571359 ns
[2020-05-20T11:39:48.317+0000][1084][safepoint    ] Safepoint "Cleanup", Time since last: 1000732288 ns, Reaching safepoint: 204561612 ns, At safepoint: 777738 ns, Total: 205339350 ns
[2020-05-20T11:39:49.596+0000][1084][safepoint    ] Safepoint "Cleanup", Time since last: 1000829679 ns, Reaching safepoint: 277865095 ns, At safepoint: 32000 ns, Total: 277897095 ns
[2020-05-20T11:39:52.011+0000][1084][safepoint    ] Safepoint "Cleanup", Time since last: 1000354318 ns, Reaching safepoint: 1414342923 ns, At safepoint: 535651 ns, Total: 1414878574 ns
[2020-05-20T11:39:54.011+0000][1084][safepoint    ] Safepoint "Cleanup", Time since last: 1999946203 ns, Reaching safepoint: 96464 ns, At safepoint: 3710 ns, Total: 100174 ns
[2020-05-20T11:39:55.012+0000][1084][safepoint    ] Safepoint "Cleanup", Time since last: 1000331593 ns, Reaching safepoint: 126609 ns, At safepoint: 6956 ns, Total: 133565 ns
[2020-05-20T11:39:57.293+0000][1084][safepoint    ] Safepoint "Cleanup", Time since last: 2000739708 ns, Reaching safepoint: 279963641 ns, At safepoint: 553274 ns, Total: 280516915 ns
[2020-05-20T11:39:59.156+0000][1084][safepoint    ] Safepoint "Cleanup", Time since last: 1661578524 ns, Reaching safepoint: 202044285 ns, At safepoint: 133101 ns, Total: 202177386 ns
[2020-05-20T11:40:00.157+0000][1084][safepoint    ] Safepoint "Cleanup", Time since last: 1000021334 ns, Reaching safepoint: 119188 ns, At safepoint: 4637 ns, Total: 123825 ns
[2020-05-20T11:40:01.213+0000][1084][safepoint    ] Safepoint "Cleanup", Time since last: 1000123826 ns, Reaching safepoint: 56040218 ns, At safepoint: 15768 ns, Total: 56055986 ns
[2020-05-20T11:40:02.214+0000][1084][safepoint    ] Safepoint "Cleanup", Time since last: 1000809737 ns, Reaching safepoint: 108522 ns, At safepoint: 6029 ns, Total: 114551 ns
[2020-05-20T11:40:02.424+0000][1084][gc,start     ] GC(66) Pause Young (Normal) (G1 Evacuation Pause)
[2020-05-20T11:40:02.424+0000][1084][gc,task      ] GC(66) Using 4 workers of 4 for evacuation
[2020-05-20T11:40:02.424+0000][1084][gc,age       ] GC(66) Desired survivor size 19922944 bytes, new threshold 15 (max threshold 15)
[2020-05-20T11:40:02.547+0000][1084][gc,age       ] GC(66) Age table with threshold 15 (max threshold 15)
[2020-05-20T11:40:02.547+0000][1084][gc,age       ] GC(66) - age   1:     238056 bytes,     238056 total
[2020-05-20T11:40:02.547+0000][1084][gc,age       ] GC(66) - age   2:     184192 bytes,     422248 total
[2020-05-20T11:40:02.548+0000][1084][gc,age       ] GC(66) - age   3:       1096 bytes,     423344 total
[2020-05-20T11:40:02.548+0000][1084][gc,age       ] GC(66) - age   4:      39392 bytes,     462736 total
[2020-05-20T11:40:02.548+0000][1084][gc,phases    ] GC(66)   Pre Evacuate Collection Set: 0.8ms
[2020-05-20T11:40:02.548+0000][1084][gc,phases    ] GC(66)   Merge Heap Roots: 0.2ms
[2020-05-20T11:40:02.548+0000][1084][gc,phases    ] GC(66)   Evacuate Collection Set: 106.4ms
[2020-05-20T11:40:02.548+0000][1084][gc,phases    ] GC(66)   Post Evacuate Collection Set: 15.5ms
[2020-05-20T11:40:02.548+0000][1084][gc,phases    ] GC(66)   Other: 0.9ms
[2020-05-20T11:40:02.548+0000][1084][gc,heap      ] GC(66) Eden regions: 303->0(137)
[2020-05-20T11:40:02.548+0000][1084][gc,heap      ] GC(66) Survivor regions: 1->1(38)
[2020-05-20T11:40:02.548+0000][1084][gc,heap      ] GC(66) Old regions: 103->103
[2020-05-20T11:40:02.548+0000][1084][gc,heap      ] GC(66) Archive regions: 0->0
[2020-05-20T11:40:02.548+0000][1084][gc,heap      ] GC(66) Humongous regions: 10->10
[2020-05-20T11:40:02.548+0000][1084][gc,metaspace ] GC(66) Metaspace: 100458K(108312K)->100458K(108312K) NonClass: 87460K(92036K)->87460K(92036K) Class: 12998K(16276K)->12998K(16276K)
[2020-05-20T11:40:02.548+0000][1084][gc           ] GC(66) Pause Young (Normal) (G1 Evacuation Pause) 415M->112M(1024M) 124.145ms
[2020-05-20T11:40:02.548+0000][1084][gc,cpu       ] GC(66) User=0.02s Sys=0.05s Real=0.12s
[2020-05-20T11:40:02.548+0000][1084][safepoint    ] Safepoint "G1CollectForAllocation", Time since last: 210208440 ns, Reaching safepoint: 115942 ns, At safepoint: 124527479 ns, Total: 124643421 ns
[2020-05-20T11:40:04.549+0000][1084][safepoint    ] Safepoint "Cleanup", Time since last: 2000016696 ns, Reaching safepoint: 103420 ns, At safepoint: 5101 ns, Total: 108521 ns
[2020-05-20T11:40:06.550+0000][1084][safepoint    ] Safepoint "Cleanup", Time since last: 2000529622 ns, Reaching safepoint: 128927 ns, At safepoint: 6957 ns, Total: 135884 ns
[2020-05-20T11:40:07.550+0000][1084][safepoint    ] Safepoint "Cleanup", Time since last: 1000001391 ns, Reaching safepoint: 80696 ns, At safepoint: 3710 ns, Total: 84406 ns
[2020-05-20T11:40:08.551+0000][1084][safepoint    ] Safepoint "Cleanup", Time since last: 1000826433 ns, Reaching safepoint: 69101 ns, At safepoint: 2783 ns, Total: 71884 ns
[2020-05-20T11:40:09.551+0000][1084][safepoint    ] Safepoint "Cleanup", Time since last: 1000428057 ns, Reaching safepoint: 140057 ns, At safepoint: 7420 ns, Total: 147477 ns
[2020-05-20T11:40:10.552+0000][1084][safepoint    ] Safepoint "Cleanup", Time since last: 1000430376 ns, Reaching safepoint: 101101 ns, At safepoint: 3247 ns, Total: 104348 ns
[2020-05-20T11:40:11.552+0000][1084][safepoint    ] Safepoint "Cleanup", Time since last: 1000427593 ns, Reaching safepoint: 130782 ns, At safepoint: 6957 ns, Total: 137739 ns
[2020-05-20T11:40:12.553+0000][1084][safepoint    ] Safepoint "Cleanup", Time since last: 1000223072 ns, Reaching safepoint: 151188 ns, At safepoint: 6029 ns, Total: 157217 ns
[2020-05-20T11:40:14.553+0000][1084][safepoint    ] Safepoint "Cleanup", Time since last: 2000165101 ns, Reaching safepoint: 125217 ns, At safepoint: 4638 ns, Total: 129855 ns
[2020-05-20T11:40:15.554+0000][1084][safepoint    ] Safepoint "Cleanup", Time since last: 1000355245 ns, Reaching safepoint: 161391 ns, At safepoint: 8812 ns, Total: 170203 ns
[2020-05-20T11:40:16.554+0000][1084][safepoint    ] Safepoint "Cleanup", Time since last: 1000592694 ns, Reaching safepoint: 118724 ns, At safepoint: 5102 ns, Total: 123826 ns
[2020-05-20T11:40:17.555+0000][1084][safepoint    ] Safepoint "Cleanup", Time since last: 1000439187 ns, Reaching safepoint: 101101 ns, At safepoint: 2783 ns, Total: 103884 ns
[2020-05-20T11:40:18.556+0000][1084][safepoint    ] Safepoint "Cleanup", Time since last: 1000807418 ns, Reaching safepoint: 102493 ns, At safepoint: 5101 ns, Total: 107594 ns
[2020-05-20T11:40:19.556+0000][1084][safepoint    ] Safepoint "Cleanup", Time since last: 1000374724 ns, Reaching safepoint: 121971 ns, At safepoint: 6029 ns, Total: 128000 ns
[2020-05-20T11:40:20.557+0000][1084][safepoint    ] Safepoint "Cleanup", Time since last: 1000404405 ns, Reaching safepoint: 139594 ns, At safepoint: 5101 ns, Total: 144695 ns
[2020-05-20T11:40:21.557+0000][1084][safepoint    ] Safepoint "Cleanup", Time since last: 1000050551 ns, Reaching safepoint: 116405 ns, At safepoint: 6029 ns, Total: 122434 ns
[2020-05-20T11:40:22.558+0000][1084][safepoint    ] Safepoint "Cleanup", Time since last: 1000607535 ns, Reaching safepoint: 96464 ns, At safepoint: 6029 ns, Total: 102493 ns
[2020-05-20T11:40:23.558+0000][1084][safepoint    ] Safepoint "Cleanup", Time since last: 1000072811 ns, Reaching safepoint: 121507 ns, At safepoint: 5565 ns, Total: 127072 ns
[2020-05-20T11:40:24.558+0000][1084][safepoint    ] Safepoint "Cleanup", Time since last: 1000048696 ns, Reaching safepoint: 126144 ns, At safepoint: 6029 ns, Total: 132173 ns
[2020-05-20T11:40:25.559+0000][1084][safepoint    ] Safepoint "Cleanup", Time since last: 1000413680 ns, Reaching safepoint: 80696 ns, At safepoint: 4174 ns, Total: 84870 ns
[2020-05-20T11:40:26.559+0000][1084][safepoint    ] Safepoint "Cleanup", Time since last: 1000695187 ns, Reaching safepoint: 80231 ns, At safepoint: 3247 ns, Total: 83478 ns
[2020-05-20T11:40:27.560+0000][1084][safepoint    ] Safepoint "Cleanup", Time since last: 1000211941 ns, Reaching safepoint: 125681 ns, At safepoint: 4174 ns, Total: 129855 ns
[2020-05-20T11:40:28.604+0000][1084][safepoint    ] Safepoint "Cleanup", Time since last: 1044940418 ns, Reaching safepoint: 96463 ns, At safepoint: 5565 ns, Total: 102028 ns
[2020-05-20T11:40:29.606+0000][1084][safepoint    ] Safepoint "Cleanup", Time since last: 1000833853 ns, Reaching safepoint: 120580 ns, At safepoint: 8348 ns, Total: 128928 ns
[2020-05-20T11:40:31.606+0000][1084][safepoint    ] Safepoint "Cleanup", Time since last: 2000478143 ns, Reaching safepoint: 116406 ns, At safepoint: 5101 ns, Total: 121507 ns
[2020-05-20T11:40:32.607+0000][1084][safepoint    ] Safepoint "Cleanup", Time since last: 1000320000 ns, Reaching safepoint: 126608 ns, At safepoint: 21797 ns, Total: 148405 ns
[2020-05-20T11:40:34.608+0000][1084][safepoint    ] Safepoint "Cleanup", Time since last: 2000657158 ns, Reaching safepoint: 92290 ns, At safepoint: 4174 ns, Total: 96464 ns
[2020-05-20T11:40:35.608+0000][1084][safepoint    ] Safepoint "Cleanup", Time since last: 1000071420 ns, Reaching safepoint: 94608 ns, At safepoint: 4638 ns, Total: 99246 ns
[2020-05-20T11:40:36.608+0000][1084][safepoint    ] Safepoint "Cleanup", Time since last: 1000355709 ns, Reaching safepoint: 104812 ns, At safepoint: 4637 ns, Total: 109449 ns
[2020-05-20T11:40:37.609+0000][1084][safepoint    ] Safepoint "Cleanup", Time since last: 1000832926 ns, Reaching safepoint: 81159 ns, At safepoint: 4174 ns, Total: 85333 ns
[2020-05-20T11:40:38.609+0000][1084][safepoint    ] Safepoint "Cleanup", Time since last: 1000089507 ns, Reaching safepoint: 77449 ns, At safepoint: 4174 ns, Total: 81623 ns
[2020-05-20T11:40:39.610+0000][1084][safepoint    ] Safepoint "Cleanup", Time since last: 1000511071 ns, Reaching safepoint: 104348 ns, At safepoint: 4637 ns, Total: 108985 ns
[2020-05-20T11:40:40.611+0000][1084][safepoint    ] Safepoint "Cleanup", Time since last: 1000595477 ns, Reaching safepoint: 83478 ns, At safepoint: 4638 ns, Total: 88116 ns
[2020-05-20T11:40:41.611+0000][1084][safepoint    ] Safepoint "Cleanup", Time since last: 1000351999 ns, Reaching safepoint: 109449 ns, At safepoint: 6493 ns, Total: 115942 ns
[2020-05-20T11:40:42.783+0000][1084][safepoint    ] Safepoint "Cleanup", Time since last: 1171574791 ns, Reaching safepoint: 91825 ns, At safepoint: 4174 ns, Total: 95999 ns
[2020-05-20T11:40:43.783+0000][1084][safepoint    ] Safepoint "Cleanup", Time since last: 1000177159 ns, Reaching safepoint: 83478 ns, At safepoint: 3247 ns, Total: 86725 ns
[2020-05-20T11:40:44.783+0000][1084][safepoint    ] Safepoint "Cleanup", Time since last: 1000429448 ns, Reaching safepoint: 122898 ns, At safepoint: 5102 ns, Total: 128000 ns
[2020-05-20T11:40:45.784+0000][1084][safepoint    ] Safepoint "Cleanup", Time since last: 1000584346 ns, Reaching safepoint: 134029 ns, At safepoint: 4638 ns, Total: 138667 ns
[2020-05-20T11:40:46.785+0000][1084][safepoint    ] Safepoint "Cleanup", Time since last: 1000830606 ns, Reaching safepoint: 89971 ns, At safepoint: 4638 ns, Total: 94609 ns
[2020-05-20T11:40:47.785+0000][1084][safepoint    ] Safepoint "Cleanup", Time since last: 1000228173 ns, Reaching safepoint: 83942 ns, At safepoint: 3710 ns, Total: 87652 ns
[2020-05-20T11:40:48.786+0000][1084][safepoint    ] Safepoint "Cleanup", Time since last: 1000708636 ns, Reaching safepoint: 83478 ns, At safepoint: 4174 ns, Total: 87652 ns
[2020-05-20T11:40:50.787+0000][1084][safepoint    ] Safepoint "Cleanup", Time since last: 2000546782 ns, Reaching safepoint: 124753 ns, At safepoint: 5101 ns, Total: 129854 ns
[2020-05-20T11:40:51.787+0000][1084][safepoint    ] Safepoint "Cleanup", Time since last: 1000037102 ns, Reaching safepoint: 104811 ns, At safepoint: 6029 ns, Total: 110840 ns
[2020-05-20T11:40:52.794+0000][1084][safepoint    ] Safepoint "Cleanup", Time since last: 1000803245 ns, Reaching safepoint: 6337840 ns, At safepoint: 13913 ns, Total: 6351753 ns
[2020-05-20T11:40:53.795+0000][1084][safepoint    ] Safepoint "Cleanup", Time since last: 1000163710 ns, Reaching safepoint: 103420 ns, At safepoint: 3710 ns, Total: 107130 ns
[2020-05-20T11:40:54.795+0000][1084][safepoint    ] Safepoint "Cleanup", Time since last: 1000355245 ns, Reaching safepoint: 110377 ns, At safepoint: 4638 ns, Total: 115015 ns
[2020-05-20T11:40:55.895+0000][1084][safepoint    ] Safepoint "Cleanup", Time since last: 1000613563 ns, Reaching safepoint: 99845798 ns, At safepoint: 22725 ns, Total: 99868523 ns
[2020-05-20T11:40:56.896+0000][1084][safepoint    ] Safepoint "Cleanup", Time since last: 1000344115 ns, Reaching safepoint: 115014 ns, At safepoint: 7884 ns, Total: 122898 ns
[2020-05-20T11:40:58.146+0000][1084][safepoint    ] Safepoint "Cleanup", Time since last: 1249853102 ns, Reaching safepoint: 113159 ns, At safepoint: 5101 ns, Total: 118260 ns
[2020-05-20T11:40:59.147+0000][1084][safepoint    ] Safepoint "Cleanup", Time since last: 1000844984 ns, Reaching safepoint: 169275 ns, At safepoint: 8811 ns, Total: 178086 ns
[2020-05-20T11:41:00.147+0000][1084][safepoint    ] Safepoint "Cleanup", Time since last: 1000410898 ns, Reaching safepoint: 160000 ns, At safepoint: 5101 ns, Total: 165101 ns
[2020-05-20T11:41:01.148+0000][1084][safepoint    ] Safepoint "Cleanup", Time since last: 1000627477 ns, Reaching safepoint: 109449 ns, At safepoint: 4174 ns, Total: 113623 ns
[2020-05-20T11:41:02.149+0000][1084][safepoint    ] Safepoint "Cleanup", Time since last: 1000686375 ns, Reaching safepoint: 108058 ns, At safepoint: 3246 ns, Total: 111304 ns
[2020-05-20T11:41:03.150+0000][1084][safepoint    ] Safepoint "Cleanup", Time since last: 1000486492 ns, Reaching safepoint: 97391 ns, At safepoint: 4637 ns, Total: 102028 ns
[2020-05-20T11:41:04.150+0000][1084][safepoint    ] Safepoint "Cleanup", Time since last: 1000684057 ns, Reaching safepoint: 119652 ns, At safepoint: 6029 ns, Total: 125681 ns
[2020-05-20T11:41:05.151+0000][1084][safepoint    ] Safepoint "Cleanup", Time since last: 1000774954 ns, Reaching safepoint: 126609 ns, At safepoint: 7884 ns, Total: 134493 ns
[2020-05-20T11:41:06.152+0000][1084][safepoint    ] Safepoint "Cleanup", Time since last: 1000125217 ns, Reaching safepoint: 177623 ns, At safepoint: 5565 ns, Total: 183188 ns
[2020-05-20T11:41:07.152+0000][1084][safepoint    ] Safepoint "Cleanup", Time since last: 1000178550 ns, Reaching safepoint: 124290 ns, At safepoint: 5101 ns, Total: 129391 ns
[2020-05-20T11:41:08.152+0000][1084][safepoint    ] Safepoint "Cleanup", Time since last: 1000359884 ns, Reaching safepoint: 178086 ns, At safepoint: 7420 ns, Total: 185506 ns
[2020-05-20T11:41:09.153+0000][1084][safepoint    ] Safepoint "Cleanup", Time since last: 1000311652 ns, Reaching safepoint: 120115 ns, At safepoint: 6957 ns, Total: 127072 ns
[2020-05-20T11:41:10.153+0000][1084][safepoint    ] Safepoint "Cleanup", Time since last: 1000479535 ns, Reaching safepoint: 99246 ns, At safepoint: 2783 ns, Total: 102029 ns
[2020-05-20T11:41:11.154+0000][1084][safepoint    ] Safepoint "Cleanup", Time since last: 1000619129 ns, Reaching safepoint: 133565 ns, At safepoint: 7420 ns, Total: 140985 ns
[2020-05-20T11:41:12.155+0000][1084][safepoint    ] Safepoint "Cleanup", Time since last: 1000165565 ns, Reaching safepoint: 101565 ns, At safepoint: 6029 ns, Total: 107594 ns
[2020-05-20T11:41:13.164+0000][1084][safepoint    ] Safepoint "Cleanup", Time since last: 1000427593 ns, Reaching safepoint: 9416790 ns, At safepoint: 454028 ns, Total: 9870818 ns
[2020-05-20T11:41:14.240+0000][1084][safepoint    ] Safepoint "Cleanup", Time since last: 1074843188 ns, Reaching safepoint: 141913 ns, At safepoint: 3247 ns, Total: 145160 ns
[2020-05-20T11:41:15.260+0000][1084][safepoint    ] Safepoint "Cleanup", Time since last: 1020101982 ns, Reaching safepoint: 125681 ns, At safepoint: 5101 ns, Total: 130782 ns
[2020-05-20T11:41:16.261+0000][1084][safepoint    ] Safepoint "Cleanup", Time since last: 1000805100 ns, Reaching safepoint: 104811 ns, At safepoint: 2783 ns, Total: 107594 ns
[2020-05-20T11:41:17.261+0000][1084][safepoint    ] Safepoint "Cleanup", Time since last: 1000350608 ns, Reaching safepoint: 124289 ns, At safepoint: 4638 ns, Total: 128927 ns
[2020-05-20T11:41:18.262+0000][1084][safepoint    ] Safepoint "Cleanup", Time since last: 1000556984 ns, Reaching safepoint: 112232 ns, At safepoint: 4174 ns, Total: 116406 ns
[2020-05-20T11:41:19.263+0000][1084][safepoint    ] Safepoint "Cleanup", Time since last: 1000551882 ns, Reaching safepoint: 165565 ns, At safepoint: 5102 ns, Total: 170667 ns
[2020-05-20T11:41:20.263+0000][1084][safepoint    ] Safepoint "Cleanup", Time since last: 1000487883 ns, Reaching safepoint: 170202 ns, At safepoint: 7884 ns, Total: 178086 ns
[2020-05-20T11:41:21.264+0000][1084][safepoint    ] Safepoint "Cleanup", Time since last: 1000269449 ns, Reaching safepoint: 185507 ns, At safepoint: 5565 ns, Total: 191072 ns
[2020-05-20T11:41:22.264+0000][1084][safepoint    ] Safepoint "Cleanup", Time since last: 1000198492 ns, Reaching safepoint: 164174 ns, At safepoint: 5565 ns, Total: 169739 ns
[2020-05-20T11:41:23.265+0000][1084][safepoint    ] Safepoint "Cleanup", Time since last: 1000601506 ns, Reaching safepoint: 105275 ns, At safepoint: 4174 ns, Total: 109449 ns
[2020-05-20T11:41:24.266+0000][1084][safepoint    ] Safepoint "Cleanup", Time since last: 1000634433 ns, Reaching safepoint: 127072 ns, At safepoint: 2783 ns, Total: 129855 ns
[2020-05-20T11:41:25.266+0000][1084][safepoint    ] Safepoint "Cleanup", Time since last: 1000062608 ns, Reaching safepoint: 110377 ns, At safepoint: 6029 ns, Total: 116406 ns
[2020-05-20T11:41:26.266+0000][1084][safepoint    ] Safepoint "Cleanup", Time since last: 1000189681 ns, Reaching safepoint: 76985 ns, At safepoint: 2783 ns, Total: 79768 ns
[2020-05-20T11:41:27.267+0000][1084][safepoint    ] Safepoint "Cleanup", Time since last: 1000256926 ns, Reaching safepoint: 143304 ns, At safepoint: 4638 ns, Total: 147942 ns
[2020-05-20T11:41:28.267+0000][1084][safepoint    ] Safepoint "Cleanup", Time since last: 1000518028 ns, Reaching safepoint: 100637 ns, At safepoint: 3247 ns, Total: 103884 ns
[2020-05-20T11:41:29.268+0000][1084][safepoint    ] Safepoint "Cleanup", Time since last: 1000304231 ns, Reaching safepoint: 77913 ns, At safepoint: 2782 ns, Total: 80695 ns
[2020-05-20T11:41:30.268+0000][1084][safepoint    ] Safepoint "Cleanup", Time since last: 1000079305 ns, Reaching safepoint: 95999 ns, At safepoint: 3247 ns, Total: 99246 ns
[2020-05-20T11:41:31.269+0000][1084][safepoint    ] Safepoint "Cleanup", Time since last: 1000874664 ns, Reaching safepoint: 85797 ns, At safepoint: 3710 ns, Total: 89507 ns
[2020-05-20T11:41:32.269+0000][1084][safepoint    ] Safepoint "Cleanup", Time since last: 1000312579 ns, Reaching safepoint: 185043 ns, At safepoint: 6493 ns, Total: 191536 ns
[2020-05-20T11:41:34.537+0000][1084][safepoint    ] Safepoint "Cleanup", Time since last: 1000242550 ns, Reaching safepoint: 1266835787 ns, At safepoint: 457738 ns, Total: 1267293525 ns
[2020-05-20T11:41:35.767+0000][1084][safepoint    ] Safepoint "Cleanup", Time since last: 1000440115 ns, Reaching safepoint: 229561903 ns, At safepoint: 327419 ns, Total: 229889322 ns
[2020-05-20T11:41:36.837+0000][1084][safepoint    ] Safepoint "Cleanup", Time since last: 1000070957 ns, Reaching safepoint: 69961113 ns, At safepoint: 76521 ns, Total: 70037634 ns
[2020-05-20T11:41:37.925+0000][1084][safepoint    ] Safepoint "Cleanup", Time since last: 1000141449 ns, Reaching safepoint: 88042927 ns, At safepoint: 88579 ns, Total: 88131506 ns
[2020-05-20T11:41:38.998+0000][1084][safepoint    ] Safepoint "Cleanup", Time since last: 1000202666 ns, Reaching safepoint: 72238210 ns, At safepoint: 440115 ns, Total: 72678325 ns
[2020-05-20T11:41:40.999+0000][1084][safepoint    ] Safepoint "Cleanup", Time since last: 1999990724 ns, Reaching safepoint: 84406 ns, At safepoint: 18087 ns, Total: 102493 ns
[2020-05-20T11:41:41.999+0000][1084][safepoint    ] Safepoint "Cleanup", Time since last: 1000538897 ns, Reaching safepoint: 224927 ns, At safepoint: 9739 ns, Total: 234666 ns
[2020-05-20T11:41:44.000+0000][1084][safepoint    ] Safepoint "Cleanup", Time since last: 2000461448 ns, Reaching safepoint: 142377 ns, At safepoint: 4174 ns, Total: 146551 ns
[2020-05-20T11:41:45.001+0000][1084][safepoint    ] Safepoint "Cleanup", Time since last: 1000813447 ns, Reaching safepoint: 97855 ns, At safepoint: 2783 ns, Total: 100638 ns
[2020-05-20T11:41:47.001+0000][1084][safepoint    ] Safepoint "Cleanup", Time since last: 2000419709 ns, Reaching safepoint: 113159 ns, At safepoint: 5101 ns, Total: 118260 ns
[2020-05-20T11:41:48.002+0000][1084][safepoint    ] Safepoint "Cleanup", Time since last: 1000001392 ns, Reaching safepoint: 115941 ns, At safepoint: 5102 ns, Total: 121043 ns
[2020-05-20T11:41:49.002+0000][1084][safepoint    ] Safepoint "Cleanup", Time since last: 1000797215 ns, Reaching safepoint: 138203 ns, At safepoint: 6956 ns, Total: 145159 ns
[2020-05-20T11:41:50.003+0000][1084][safepoint    ] Safepoint "Cleanup", Time since last: 1000517101 ns, Reaching safepoint: 131246 ns, At safepoint: 2782 ns, Total: 134028 ns
[2020-05-20T11:41:52.004+0000][1084][safepoint    ] Safepoint "Cleanup", Time since last: 2000757796 ns, Reaching safepoint: 119652 ns, At safepoint: 6492 ns, Total: 126144 ns
[2020-05-20T11:41:53.045+0000][1084][safepoint    ] Safepoint "Cleanup", Time since last: 1000414144 ns, Reaching safepoint: 41574397 ns, At safepoint: 125681 ns, Total: 41700078 ns
[2020-05-20T11:41:53.046+0000][1084][gc,start     ] GC(67) Pause Young (Normal) (G1 Evacuation Pause)
[2020-05-20T11:41:53.047+0000][1084][gc,task      ] GC(67) Using 4 workers of 4 for evacuation
[2020-05-20T11:41:53.047+0000][1084][gc,age       ] GC(67) Desired survivor size 9437184 bytes, new threshold 15 (max threshold 15)
[2020-05-20T11:41:53.138+0000][1084][gc,age       ] GC(67) Age table with threshold 15 (max threshold 15)
[2020-05-20T11:41:53.138+0000][1084][gc,age       ] GC(67) - age   1:     284264 bytes,     284264 total
[2020-05-20T11:41:53.138+0000][1084][gc,age       ] GC(67) - age   2:     145744 bytes,     430008 total
[2020-05-20T11:41:53.138+0000][1084][gc,age       ] GC(67) - age   3:     130920 bytes,     560928 total
[2020-05-20T11:41:53.138+0000][1084][gc,age       ] GC(67) - age   4:       1096 bytes,     562024 total
[2020-05-20T11:41:53.138+0000][1084][gc,age       ] GC(67) - age   5:      39392 bytes,     601416 total
[2020-05-20T11:41:53.138+0000][1084][gc,phases    ] GC(67)   Pre Evacuate Collection Set: 0.2ms
[2020-05-20T11:41:53.138+0000][1084][gc,phases    ] GC(67)   Merge Heap Roots: 0.1ms
[2020-05-20T11:41:53.138+0000][1084][gc,phases    ] GC(67)   Evacuate Collection Set: 82.0ms
[2020-05-20T11:41:53.138+0000][1084][gc,phases    ] GC(67)   Post Evacuate Collection Set: 8.9ms
[2020-05-20T11:41:53.138+0000][1084][gc,phases    ] GC(67)   Other: 0.5ms
[2020-05-20T11:41:53.138+0000][1084][gc,heap      ] GC(67) Eden regions: 137->0(212)
[2020-05-20T11:41:53.138+0000][1084][gc,heap      ] GC(67) Survivor regions: 1->1(18)
[2020-05-20T11:41:53.138+0000][1084][gc,heap      ] GC(67) Old regions: 103->103
[2020-05-20T11:41:53.138+0000][1084][gc,heap      ] GC(67) Archive regions: 0->0
[2020-05-20T11:41:53.138+0000][1084][gc,heap      ] GC(67) Humongous regions: 10->10
[2020-05-20T11:41:53.138+0000][1084][gc,metaspace ] GC(67) Metaspace: 100459K(108312K)->100459K(108312K) NonClass: 87461K(92036K)->87461K(92036K) Class: 12998K(16276K)->12998K(16276K)
[2020-05-20T11:41:53.139+0000][1084][gc           ] GC(67) Pause Young (Normal) (G1 Evacuation Pause) 249M->112M(1024M) 91.844ms
[2020-05-20T11:41:53.139+0000][1084][gc,cpu       ] GC(67) User=0.02s Sys=0.02s Real=0.09s
[2020-05-20T11:41:53.139+0000][1084][safepoint    ] Safepoint "G1CollectForAllocation", Time since last: 789331 ns, Reaching safepoint: 211478 ns, At safepoint: 91999787 ns, Total: 92211265 ns
[2020-05-20T11:41:55.140+0000][1084][safepoint    ] Safepoint "Cleanup", Time since last: 2000342723 ns, Reaching safepoint: 141449 ns, At safepoint: 9276 ns, Total: 150725 ns
[2020-05-20T11:41:56.140+0000][1084][safepoint    ] Safepoint "Cleanup", Time since last: 1000546781 ns, Reaching safepoint: 90898 ns, At safepoint: 2783 ns, Total: 93681 ns
[2020-05-20T11:41:57.141+0000][1084][safepoint    ] Safepoint "Cleanup", Time since last: 1000605680 ns, Reaching safepoint: 91826 ns, At safepoint: 4637 ns, Total: 96463 ns
[2020-05-20T11:41:58.141+0000][1084][safepoint    ] Safepoint "Cleanup", Time since last: 1000179014 ns, Reaching safepoint: 94145 ns, At safepoint: 3710 ns, Total: 97855 ns
[2020-05-20T11:41:59.141+0000][1084][safepoint    ] Safepoint "Cleanup", Time since last: 1000127072 ns, Reaching safepoint: 90899 ns, At safepoint: 2782 ns, Total: 93681 ns
[2020-05-20T11:42:00.147+0000][1084][safepoint    ] Safepoint "Cleanup", Time since last: 1005915813 ns, Reaching safepoint: 142376 ns, At safepoint: 5102 ns, Total: 147478 ns
[2020-05-20T11:42:02.204+0000][1084][safepoint    ] Safepoint "Cleanup", Time since last: 2000531940 ns, Reaching safepoint: 55925204 ns, At safepoint: 12985 ns, Total: 55938189 ns
[2020-05-20T11:42:03.205+0000][1084][safepoint    ] Safepoint "Cleanup", Time since last: 1000896926 ns, Reaching safepoint: 87188 ns, At safepoint: 4174 ns, Total: 91362 ns
[2020-05-20T11:42:04.206+0000][1084][safepoint    ] Safepoint "Cleanup", Time since last: 1000642317 ns, Reaching safepoint: 147478 ns, At safepoint: 2783 ns, Total: 150261 ns
[2020-05-20T11:42:05.206+0000][1084][safepoint    ] Safepoint "Cleanup", Time since last: 1000212869 ns, Reaching safepoint: 100174 ns, At safepoint: 4174 ns, Total: 104348 ns
[2020-05-20T11:42:06.207+0000][1084][safepoint    ] Safepoint "Cleanup", Time since last: 1000798606 ns, Reaching safepoint: 114551 ns, At safepoint: 4174 ns, Total: 118725 ns
[2020-05-20T11:42:07.208+0000][1084][safepoint    ] Safepoint "Cleanup", Time since last: 1000589448 ns, Reaching safepoint: 116405 ns, At safepoint: 4174 ns, Total: 120579 ns
[2020-05-20T11:42:08.216+0000][1084][safepoint    ] Safepoint "Cleanup", Time since last: 1008057489 ns, Reaching safepoint: 143767 ns, At safepoint: 6029 ns, Total: 149796 ns
[2020-05-20T11:42:09.216+0000][1084][safepoint    ] Safepoint "Cleanup", Time since last: 1000461449 ns, Reaching safepoint: 79768 ns, At safepoint: 2782 ns, Total: 82550 ns
[2020-05-20T11:42:10.217+0000][1084][safepoint    ] Safepoint "Cleanup", Time since last: 1000270840 ns, Reaching safepoint: 98319 ns, At safepoint: 3710 ns, Total: 102029 ns
[2020-05-20T11:42:11.217+0000][1084][safepoint    ] Safepoint "Cleanup", Time since last: 1000315361 ns, Reaching safepoint: 94145 ns, At safepoint: 4174 ns, Total: 98319 ns
[2020-05-20T11:42:12.217+0000][1084][safepoint    ] Safepoint "Cleanup", Time since last: 1000025043 ns, Reaching safepoint: 144232 ns, At safepoint: 4638 ns, Total: 148870 ns
[2020-05-20T11:42:13.218+0000][1084][safepoint    ] Safepoint "Cleanup", Time since last: 1000716520 ns, Reaching safepoint: 139594 ns, At safepoint: 4637 ns, Total: 144231 ns
[2020-05-20T11:42:14.219+0000][1084][safepoint    ] Safepoint "Cleanup", Time since last: 1000484173 ns, Reaching safepoint: 95536 ns, At safepoint: 3246 ns, Total: 98782 ns
[2020-05-20T11:42:15.220+0000][1084][safepoint    ] Safepoint "Cleanup", Time since last: 1000841274 ns, Reaching safepoint: 89971 ns, At safepoint: 4637 ns, Total: 94608 ns
[2020-05-20T11:42:16.220+0000][1084][safepoint    ] Safepoint "Cleanup", Time since last: 1000461912 ns, Reaching safepoint: 115015 ns, At safepoint: 4173 ns, Total: 119188 ns
[2020-05-20T11:42:17.221+0000][1084][safepoint    ] Safepoint "Cleanup", Time since last: 1000157681 ns, Reaching safepoint: 99246 ns, At safepoint: 2783 ns, Total: 102029 ns
[2020-05-20T11:42:18.221+0000][1084][safepoint    ] Safepoint "Cleanup", Time since last: 1000188753 ns, Reaching safepoint: 87652 ns, At safepoint: 2783 ns, Total: 90435 ns
[2020-05-20T11:42:19.224+0000][1084][safepoint    ] Safepoint "Cleanup", Time since last: 1002630023 ns, Reaching safepoint: 115014 ns, At safepoint: 4638 ns, Total: 119652 ns
[2020-05-20T11:42:20.224+0000][1084][safepoint    ] Safepoint "Cleanup", Time since last: 1000506433 ns, Reaching safepoint: 77913 ns, At safepoint: 3246 ns, Total: 81159 ns
[2020-05-20T11:42:21.225+0000][1084][safepoint    ] Safepoint "Cleanup", Time since last: 1000632579 ns, Reaching safepoint: 112695 ns, At safepoint: 3246 ns, Total: 115941 ns
[2020-05-20T11:42:22.225+0000][1084][safepoint    ] Safepoint "Cleanup", Time since last: 1000055189 ns, Reaching safepoint: 93681 ns, At safepoint: 2782 ns, Total: 96463 ns
[2020-05-20T11:42:23.238+0000][1084][safepoint    ] Safepoint "Cleanup", Time since last: 1012420145 ns, Reaching safepoint: 113623 ns, At safepoint: 2783 ns, Total: 116406 ns
[2020-05-20T11:42:24.238+0000][1084][safepoint    ] Safepoint "Cleanup", Time since last: 1000558375 ns, Reaching safepoint: 118725 ns, At safepoint: 17623 ns, Total: 136348 ns
[2020-05-20T11:42:25.239+0000][1084][safepoint    ] Safepoint "Cleanup", Time since last: 1000857969 ns, Reaching safepoint: 107130 ns, At safepoint: 3246 ns, Total: 110376 ns
[2020-05-20T11:42:27.623+0000][1084][safepoint    ] Safepoint "Cleanup", Time since last: 2000586666 ns, Reaching safepoint: 383021952 ns, At safepoint: 264347 ns, Total: 383286299 ns
[2020-05-20T11:42:29.156+0000][1084][safepoint    ] Safepoint "Cleanup", Time since last: 1533017199 ns, Reaching safepoint: 147942 ns, At safepoint: 7420 ns, Total: 155362 ns
[2020-05-20T11:42:30.157+0000][1084][safepoint    ] Safepoint "Cleanup", Time since last: 1000339941 ns, Reaching safepoint: 94609 ns, At safepoint: 6029 ns, Total: 100638 ns
[2020-05-20T11:42:31.161+0000][1084][safepoint    ] Safepoint "Cleanup", Time since last: 1003675817 ns, Reaching safepoint: 117333 ns, At safepoint: 7421 ns, Total: 124754 ns
[2020-05-20T11:42:32.161+0000][1084][safepoint    ] Safepoint "Cleanup", Time since last: 1000324637 ns, Reaching safepoint: 97391 ns, At safepoint: 4637 ns, Total: 102028 ns
[2020-05-20T11:42:33.161+0000][1084][safepoint    ] Safepoint "Cleanup", Time since last: 1000320000 ns, Reaching safepoint: 118724 ns, At safepoint: 4174 ns, Total: 122898 ns
[2020-05-20T11:42:34.162+0000][1084][safepoint    ] Safepoint "Cleanup", Time since last: 1000089971 ns, Reaching safepoint: 96463 ns, At safepoint: 2783 ns, Total: 99246 ns
[2020-05-20T11:42:35.162+0000][1084][safepoint    ] Safepoint "Cleanup", Time since last: 1000530549 ns, Reaching safepoint: 154435 ns, At safepoint: 6956 ns, Total: 161391 ns
[2020-05-20T11:42:36.163+0000][1084][safepoint    ] Safepoint "Cleanup", Time since last: 1000226319 ns, Reaching safepoint: 118724 ns, At safepoint: 4638 ns, Total: 123362 ns
[2020-05-20T11:42:37.163+0000][1084][safepoint    ] Safepoint "Cleanup", Time since last: 1000298666 ns, Reaching safepoint: 145623 ns, At safepoint: 7884 ns, Total: 153507 ns
[2020-05-20T11:42:38.164+0000][1084][safepoint    ] Safepoint "Cleanup", Time since last: 1000238376 ns, Reaching safepoint: 213333 ns, At safepoint: 8347 ns, Total: 221680 ns
[2020-05-20T11:42:39.164+0000][1084][safepoint    ] Safepoint "Cleanup", Time since last: 1000499478 ns, Reaching safepoint: 122898 ns, At safepoint: 4174 ns, Total: 127072 ns
[2020-05-20T11:42:40.165+0000][1084][safepoint    ] Safepoint "Cleanup", Time since last: 1000774491 ns, Reaching safepoint: 98782 ns, At safepoint: 5101 ns, Total: 103883 ns
[2020-05-20T11:42:42.165+0000][1084][safepoint    ] Safepoint "Cleanup", Time since last: 2000078841 ns, Reaching safepoint: 131246 ns, At safepoint: 7884 ns, Total: 139130 ns
[2020-05-20T11:42:43.180+0000][1084][safepoint    ] Safepoint "Cleanup", Time since last: 1014616546 ns, Reaching safepoint: 148405 ns, At safepoint: 7884 ns, Total: 156289 ns
[2020-05-20T11:42:44.181+0000][1084][safepoint    ] Safepoint "Cleanup", Time since last: 1000447536 ns, Reaching safepoint: 104811 ns, At safepoint: 4638 ns, Total: 109449 ns
[2020-05-20T11:42:45.181+0000][1084][safepoint    ] Safepoint "Cleanup", Time since last: 1000346434 ns, Reaching safepoint: 127999 ns, At safepoint: 7420 ns, Total: 135419 ns
[2020-05-20T11:42:46.181+0000][1084][safepoint    ] Safepoint "Cleanup", Time since last: 1000196638 ns, Reaching safepoint: 109449 ns, At safepoint: 6492 ns, Total: 115941 ns
[2020-05-20T11:42:47.182+0000][1084][safepoint    ] Safepoint "Cleanup", Time since last: 1000861680 ns, Reaching safepoint: 110376 ns, At safepoint: 5102 ns, Total: 115478 ns
[2020-05-20T11:42:48.183+0000][1084][safepoint    ] Safepoint "Cleanup", Time since last: 1000013913 ns, Reaching safepoint: 135420 ns, At safepoint: 5101 ns, Total: 140521 ns
[2020-05-20T11:42:49.194+0000][1084][safepoint    ] Safepoint "Cleanup", Time since last: 1011025134 ns, Reaching safepoint: 142376 ns, At safepoint: 5102 ns, Total: 147478 ns
[2020-05-20T11:42:50.194+0000][1084][safepoint    ] Safepoint "Cleanup", Time since last: 1000474897 ns, Reaching safepoint: 111768 ns, At safepoint: 3247 ns, Total: 115015 ns
[2020-05-20T11:42:51.195+0000][1084][safepoint    ] Safepoint "Cleanup", Time since last: 1000340405 ns, Reaching safepoint: 149332 ns, At safepoint: 5566 ns, Total: 154898 ns
[2020-05-20T11:42:52.196+0000][1084][safepoint    ] Safepoint "Cleanup", Time since last: 1000828288 ns, Reaching safepoint: 122434 ns, At safepoint: 4638 ns, Total: 127072 ns
[2020-05-20T11:42:53.196+0000][1084][safepoint    ] Safepoint "Cleanup", Time since last: 1000024579 ns, Reaching safepoint: 134029 ns, At safepoint: 6493 ns, Total: 140522 ns
[2020-05-20T11:42:55.196+0000][1084][safepoint    ] Safepoint "Cleanup", Time since last: 2000236521 ns, Reaching safepoint: 89507 ns, At safepoint: 3246 ns, Total: 92753 ns
[2020-05-20T11:42:56.197+0000][1084][safepoint    ] Safepoint "Cleanup", Time since last: 1000662724 ns, Reaching safepoint: 99709 ns, At safepoint: 5102 ns, Total: 104811 ns
[2020-05-20T11:42:58.198+0000][1084][safepoint    ] Safepoint "Cleanup", Time since last: 2000433158 ns, Reaching safepoint: 88580 ns, At safepoint: 4174 ns, Total: 92754 ns
[2020-05-20T11:42:59.198+0000][1084][safepoint    ] Safepoint "Cleanup", Time since last: 1000198956 ns, Reaching safepoint: 122898 ns, At safepoint: 6493 ns, Total: 129391 ns
[2020-05-20T11:43:00.198+0000][1084][safepoint    ] Safepoint "Cleanup", Time since last: 1000386318 ns, Reaching safepoint: 95536 ns, At safepoint: 5101 ns, Total: 100637 ns
[2020-05-20T11:43:01.199+0000][1084][safepoint    ] Safepoint "Cleanup", Time since last: 1000731361 ns, Reaching safepoint: 109913 ns, At safepoint: 2782 ns, Total: 112695 ns
[2020-05-20T11:43:02.200+0000][1084][safepoint    ] Safepoint "Cleanup", Time since last: 1000812520 ns, Reaching safepoint: 90898 ns, At safepoint: 4174 ns, Total: 95072 ns
[2020-05-20T11:43:03.291+0000][1084][safepoint    ] Safepoint "Cleanup", Time since last: 1090652544 ns, Reaching safepoint: 84869 ns, At safepoint: 19015 ns, Total: 103884 ns
[2020-05-20T11:43:04.292+0000][1084][safepoint    ] Safepoint "Cleanup", Time since last: 1000948403 ns, Reaching safepoint: 116406 ns, At safepoint: 8811 ns, Total: 125217 ns
[2020-05-20T11:43:06.293+0000][1084][safepoint    ] Safepoint "Cleanup", Time since last: 2000678955 ns, Reaching safepoint: 132638 ns, At safepoint: 7884 ns, Total: 140522 ns
[2020-05-20T11:43:07.294+0000][1084][safepoint    ] Safepoint "Cleanup", Time since last: 1000744346 ns, Reaching safepoint: 225854 ns, At safepoint: 9739 ns, Total: 235593 ns
[2020-05-20T11:43:08.294+0000][1084][safepoint    ] Safepoint "Cleanup", Time since last: 1000036174 ns, Reaching safepoint: 76986 ns, At safepoint: 3246 ns, Total: 80232 ns
[2020-05-20T11:43:09.295+0000][1084][safepoint    ] Safepoint "Cleanup", Time since last: 1000767534 ns, Reaching safepoint: 100638 ns, At safepoint: 5565 ns, Total: 106203 ns
[2020-05-20T11:43:10.295+0000][1084][safepoint    ] Safepoint "Cleanup", Time since last: 1000467013 ns, Reaching safepoint: 105739 ns, At safepoint: 5102 ns, Total: 110841 ns
[2020-05-20T11:43:11.296+0000][1084][safepoint    ] Safepoint "Cleanup", Time since last: 1000187362 ns, Reaching safepoint: 108057 ns, At safepoint: 5102 ns, Total: 113159 ns
[2020-05-20T11:43:12.296+0000][1084][safepoint    ] Safepoint "Cleanup", Time since last: 1000131246 ns, Reaching safepoint: 120579 ns, At safepoint: 4174 ns, Total: 124753 ns
[2020-05-20T11:43:13.305+0000][1084][safepoint    ] Safepoint "Cleanup", Time since last: 1008431285 ns, Reaching safepoint: 105739 ns, At safepoint: 3246 ns, Total: 108985 ns
[2020-05-20T11:43:14.305+0000][1084][safepoint    ] Safepoint "Cleanup", Time since last: 1000880230 ns, Reaching safepoint: 111768 ns, At safepoint: 3246 ns, Total: 115014 ns
[2020-05-20T11:43:15.306+0000][1084][safepoint    ] Safepoint "Cleanup", Time since last: 1000479535 ns, Reaching safepoint: 76522 ns, At safepoint: 2783 ns, Total: 79305 ns
[2020-05-20T11:43:16.307+0000][1084][safepoint    ] Safepoint "Cleanup", Time since last: 1000653911 ns, Reaching safepoint: 97855 ns, At safepoint: 3246 ns, Total: 101101 ns
[2020-05-20T11:43:17.349+0000][1084][safepoint    ] Safepoint "Cleanup", Time since last: 1000479072 ns, Reaching safepoint: 41996424 ns, At safepoint: 22261 ns, Total: 42018685 ns
[2020-05-20T11:43:18.373+0000][1084][safepoint    ] Safepoint "Cleanup", Time since last: 1000584810 ns, Reaching safepoint: 22973164 ns, At safepoint: 16232 ns, Total: 22989396 ns
[2020-05-20T11:43:19.382+0000][1084][safepoint    ] Safepoint "Cleanup", Time since last: 1000446608 ns, Reaching safepoint: 9134819 ns, At safepoint: 16696 ns, Total: 9151515 ns
[2020-05-20T11:43:20.383+0000][1084][safepoint    ] Safepoint "Cleanup", Time since last: 1000708636 ns, Reaching safepoint: 99246 ns, At safepoint: 5101 ns, Total: 104347 ns
[2020-05-20T11:43:21.386+0000][1084][safepoint    ] Safepoint "Cleanup", Time since last: 1002195474 ns, Reaching safepoint: 161854 ns, At safepoint: 4638 ns, Total: 166492 ns
[2020-05-20T11:43:22.386+0000][1084][safepoint    ] Safepoint "Cleanup", Time since last: 1000412289 ns, Reaching safepoint: 138202 ns, At safepoint: 5566 ns, Total: 143768 ns
[2020-05-20T11:43:23.386+0000][1084][safepoint    ] Safepoint "Cleanup", Time since last: 1000140057 ns, Reaching safepoint: 133101 ns, At safepoint: 3247 ns, Total: 136348 ns
[2020-05-20T11:43:24.387+0000][1084][safepoint    ] Safepoint "Cleanup", Time since last: 1000540752 ns, Reaching safepoint: 114551 ns, At safepoint: 5101 ns, Total: 119652 ns
[2020-05-20T11:43:25.388+0000][1084][safepoint    ] Safepoint "Cleanup", Time since last: 1000602433 ns, Reaching safepoint: 98319 ns, At safepoint: 3246 ns, Total: 101565 ns
[2020-05-20T11:43:26.389+0000][1084][safepoint    ] Safepoint "Cleanup", Time since last: 1000627941 ns, Reaching safepoint: 80232 ns, At safepoint: 4174 ns, Total: 84406 ns
[2020-05-20T11:43:27.389+0000][1084][safepoint    ] Safepoint "Cleanup", Time since last: 1000617737 ns, Reaching safepoint: 75130 ns, At safepoint: 4174 ns, Total: 79304 ns
[2020-05-20T11:43:28.390+0000][1084][safepoint    ] Safepoint "Cleanup", Time since last: 1000911766 ns, Reaching safepoint: 100174 ns, At safepoint: 3710 ns, Total: 103884 ns
[2020-05-20T11:43:29.391+0000][1084][safepoint    ] Safepoint "Cleanup", Time since last: 1000748984 ns, Reaching safepoint: 101101 ns, At safepoint: 4174 ns, Total: 105275 ns
[2020-05-20T11:43:30.392+0000][1084][safepoint    ] Safepoint "Cleanup", Time since last: 1000398840 ns, Reaching safepoint: 292173 ns, At safepoint: 36638 ns, Total: 328811 ns
[2020-05-20T11:43:31.392+0000][1084][safepoint    ] Safepoint "Cleanup", Time since last: 1000167883 ns, Reaching safepoint: 83478 ns, At safepoint: 2783 ns, Total: 86261 ns
[2020-05-20T11:43:32.401+0000][1084][safepoint    ] Safepoint "Cleanup", Time since last: 1000469796 ns, Reaching safepoint: 8798124 ns, At safepoint: 233275 ns, Total: 9031399 ns
[2020-05-20T11:43:34.402+0000][1084][safepoint    ] Safepoint "Cleanup", Time since last: 2000239768 ns, Reaching safepoint: 101101 ns, At safepoint: 3246 ns, Total: 104347 ns
[2020-05-20T11:43:35.403+0000][1084][safepoint    ] Safepoint "Cleanup", Time since last: 1001171012 ns, Reaching safepoint: 97855 ns, At safepoint: 3246 ns, Total: 101101 ns
[2020-05-20T11:43:37.404+0000][1084][safepoint    ] Safepoint "Cleanup", Time since last: 1999828407 ns, Reaching safepoint: 688694 ns, At safepoint: 20405 ns, Total: 709099 ns
[2020-05-20T11:43:38.405+0000][1084][safepoint    ] Safepoint "Cleanup", Time since last: 1001613446 ns, Reaching safepoint: 113623 ns, At safepoint: 4174 ns, Total: 117797 ns
[2020-05-20T11:43:39.406+0000][1084][safepoint    ] Safepoint "Cleanup", Time since last: 1000237449 ns, Reaching safepoint: 134028 ns, At safepoint: 2319 ns, Total: 136347 ns
[2020-05-20T11:43:40.406+0000][1084][safepoint    ] Safepoint "Cleanup", Time since last: 1000164637 ns, Reaching safepoint: 122435 ns, At safepoint: 3710 ns, Total: 126145 ns
[2020-05-20T11:43:41.406+0000][1084][safepoint    ] Safepoint "Cleanup", Time since last: 1000338550 ns, Reaching safepoint: 104811 ns, At safepoint: 3710 ns, Total: 108521 ns
[2020-05-20T11:43:42.407+0000][1084][safepoint    ] Safepoint "Cleanup", Time since last: 1000288000 ns, Reaching safepoint: 197101 ns, At safepoint: 14376 ns, Total: 211477 ns
[2020-05-20T11:43:44.407+0000][1084][safepoint    ] Safepoint "Cleanup", Time since last: 2000286609 ns, Reaching safepoint: 117333 ns, At safepoint: 2782 ns, Total: 120115 ns
[2020-05-20T11:43:45.408+0000][1084][safepoint    ] Safepoint "Cleanup", Time since last: 1000147942 ns, Reaching safepoint: 99710 ns, At safepoint: 2782 ns, Total: 102492 ns
[2020-05-20T11:43:46.408+0000][1084][safepoint    ] Safepoint "Cleanup", Time since last: 1000326029 ns, Reaching safepoint: 307013 ns, At safepoint: 4174 ns, Total: 311187 ns
[2020-05-20T11:43:48.409+0000][1084][safepoint    ] Safepoint "Cleanup", Time since last: 2000063536 ns, Reaching safepoint: 98319 ns, At safepoint: 2783 ns, Total: 101102 ns
[2020-05-20T11:43:49.409+0000][1084][safepoint    ] Safepoint "Cleanup", Time since last: 1000260173 ns, Reaching safepoint: 121043 ns, At safepoint: 6029 ns, Total: 127072 ns
[2020-05-20T11:43:50.410+0000][1084][safepoint    ] Safepoint "Cleanup", Time since last: 1001465968 ns, Reaching safepoint: 198956 ns, At safepoint: 6956 ns, Total: 205912 ns
[2020-05-20T11:43:51.411+0000][1084][safepoint    ] Safepoint "Cleanup", Time since last: 1000116406 ns, Reaching safepoint: 104811 ns, At safepoint: 3710 ns, Total: 108521 ns
[2020-05-20T11:43:52.412+0000][1084][safepoint    ] Safepoint "Cleanup", Time since last: 1001834199 ns, Reaching safepoint: 101101 ns, At safepoint: 4174 ns, Total: 105275 ns
[2020-05-20T11:43:54.414+0000][1084][safepoint    ] Safepoint "Cleanup", Time since last: 2001393156 ns, Reaching safepoint: 111768 ns, At safepoint: 3710 ns, Total: 115478 ns
[2020-05-20T11:43:55.415+0000][1084][safepoint    ] Safepoint "Cleanup", Time since last: 1000282434 ns, Reaching safepoint: 78377 ns, At safepoint: 4174 ns, Total: 82551 ns
[2020-05-20T11:43:56.415+0000][1084][safepoint    ] Safepoint "Cleanup", Time since last: 1000255072 ns, Reaching safepoint: 314898 ns, At safepoint: 3246 ns, Total: 318144 ns
[2020-05-20T11:43:58.418+0000][1084][safepoint    ] Safepoint "Cleanup", Time since last: 2000437332 ns, Reaching safepoint: 2670371 ns, At safepoint: 54261 ns, Total: 2724632 ns
[2020-05-20T11:43:59.419+0000][1084][safepoint    ] Safepoint "Cleanup", Time since last: 1000843592 ns, Reaching safepoint: 287999 ns, At safepoint: 3710 ns, Total: 291709 ns
[2020-05-20T11:44:01.420+0000][1084][safepoint    ] Safepoint "Cleanup", Time since last: 2000276405 ns, Reaching safepoint: 96464 ns, At safepoint: 2783 ns, Total: 99247 ns
[2020-05-20T11:44:02.423+0000][1084][safepoint    ] Safepoint "Cleanup", Time since last: 1000226782 ns, Reaching safepoint: 3078022 ns, At safepoint: 187825 ns, Total: 3265847 ns
[2020-05-20T11:44:03.425+0000][1084][safepoint    ] Safepoint "Cleanup", Time since last: 1001017969 ns, Reaching safepoint: 120116 ns, At safepoint: 2782 ns, Total: 122898 ns
[2020-05-20T11:44:04.426+0000][1084][safepoint    ] Safepoint "Cleanup", Time since last: 1000746201 ns, Reaching safepoint: 404405 ns, At safepoint: 50551 ns, Total: 454956 ns
[2020-05-20T11:44:05.426+0000][1084][safepoint    ] Safepoint "Cleanup", Time since last: 1000701679 ns, Reaching safepoint: 105275 ns, At safepoint: 4174 ns, Total: 109449 ns
[2020-05-20T11:44:06.427+0000][1084][safepoint    ] Safepoint "Cleanup", Time since last: 1000349681 ns, Reaching safepoint: 95536 ns, At safepoint: 2782 ns, Total: 98318 ns
[2020-05-20T11:44:07.427+0000][1084][safepoint    ] Safepoint "Cleanup", Time since last: 1000225391 ns, Reaching safepoint: 99710 ns, At safepoint: 3710 ns, Total: 103420 ns
[2020-05-20T11:44:08.428+0000][1084][safepoint    ] Safepoint "Cleanup", Time since last: 1000687767 ns, Reaching safepoint: 75594 ns, At safepoint: 2782 ns, Total: 78376 ns
[2020-05-20T11:44:09.429+0000][1084][safepoint    ] Safepoint "Cleanup", Time since last: 1000442898 ns, Reaching safepoint: 127999 ns, At safepoint: 6493 ns, Total: 134492 ns
[2020-05-20T11:44:10.430+0000][1084][safepoint    ] Safepoint "Cleanup", Time since last: 1000871882 ns, Reaching safepoint: 128000 ns, At safepoint: 4174 ns, Total: 132174 ns
[2020-05-20T11:44:11.430+0000][1084][safepoint    ] Safepoint "Cleanup", Time since last: 1000281043 ns, Reaching safepoint: 124753 ns, At safepoint: 6493 ns, Total: 131246 ns
[2020-05-20T11:44:12.431+0000][1084][safepoint    ] Safepoint "Cleanup", Time since last: 1000532868 ns, Reaching safepoint: 106203 ns, At safepoint: 4637 ns, Total: 110840 ns
[2020-05-20T11:44:13.431+0000][1084][safepoint    ] Safepoint "Cleanup", Time since last: 1000536115 ns, Reaching safepoint: 119652 ns, At safepoint: 6029 ns, Total: 125681 ns
[2020-05-20T11:44:15.432+0000][1084][safepoint    ] Safepoint "Cleanup", Time since last: 2000039884 ns, Reaching safepoint: 154434 ns, At safepoint: 8812 ns, Total: 163246 ns
[2020-05-20T11:44:16.432+0000][1084][safepoint    ] Safepoint "Cleanup", Time since last: 1000081159 ns, Reaching safepoint: 124754 ns, At safepoint: 4637 ns, Total: 129391 ns
[2020-05-20T11:44:17.432+0000][1084][safepoint    ] Safepoint "Cleanup", Time since last: 1000512463 ns, Reaching safepoint: 119188 ns, At safepoint: 7420 ns, Total: 126608 ns
[2020-05-20T11:44:18.433+0000][1084][safepoint    ] Safepoint "Cleanup", Time since last: 1000771245 ns, Reaching safepoint: 113623 ns, At safepoint: 6492 ns, Total: 120115 ns
[2020-05-20T11:44:20.434+0000][1084][safepoint    ] Safepoint "Cleanup", Time since last: 2000678492 ns, Reaching safepoint: 119188 ns, At safepoint: 4637 ns, Total: 123825 ns
[2020-05-20T11:44:21.435+0000][1084][safepoint    ] Safepoint "Cleanup", Time since last: 1000619593 ns, Reaching safepoint: 276405 ns, At safepoint: 11595 ns, Total: 288000 ns
[2020-05-20T11:44:23.435+0000][1084][safepoint    ] Safepoint "Cleanup", Time since last: 2000354318 ns, Reaching safepoint: 122434 ns, At safepoint: 5101 ns, Total: 127535 ns
[2020-05-20T11:44:24.436+0000][1084][safepoint    ] Safepoint "Cleanup", Time since last: 1000451710 ns, Reaching safepoint: 127535 ns, At safepoint: 3247 ns, Total: 130782 ns
[2020-05-20T11:44:25.437+0000][1084][safepoint    ] Safepoint "Cleanup", Time since last: 1000430376 ns, Reaching safepoint: 121970 ns, At safepoint: 5102 ns, Total: 127072 ns
[2020-05-20T11:44:26.437+0000][1084][safepoint    ] Safepoint "Cleanup", Time since last: 1000042203 ns, Reaching safepoint: 121043 ns, At safepoint: 4174 ns, Total: 125217 ns
[2020-05-20T11:44:27.437+0000][1084][safepoint    ] Safepoint "Cleanup", Time since last: 1000425274 ns, Reaching safepoint: 115942 ns, At safepoint: 4638 ns, Total: 120580 ns
[2020-05-20T11:44:28.437+0000][1084][safepoint    ] Safepoint "Cleanup", Time since last: 1000052405 ns, Reaching safepoint: 118261 ns, At safepoint: 4637 ns, Total: 122898 ns
[2020-05-20T11:44:29.438+0000][1084][safepoint    ] Safepoint "Cleanup", Time since last: 1000500869 ns, Reaching safepoint: 125217 ns, At safepoint: 6957 ns, Total: 132174 ns
[2020-05-20T11:44:30.439+0000][1084][safepoint    ] Safepoint "Cleanup", Time since last: 1000389564 ns, Reaching safepoint: 117333 ns, At safepoint: 4174 ns, Total: 121507 ns
[2020-05-20T11:44:31.440+0000][1084][safepoint    ] Safepoint "Cleanup", Time since last: 1000749911 ns, Reaching safepoint: 130782 ns, At safepoint: 4638 ns, Total: 135420 ns
[2020-05-20T11:44:32.440+0000][1084][safepoint    ] Safepoint "Cleanup", Time since last: 1000792114 ns, Reaching safepoint: 124290 ns, At safepoint: 4637 ns, Total: 128927 ns
[2020-05-20T11:44:33.441+0000][1084][safepoint    ] Safepoint "Cleanup", Time since last: 1000262029 ns, Reaching safepoint: 124289 ns, At safepoint: 6957 ns, Total: 131246 ns
[2020-05-20T11:44:35.442+0000][1084][safepoint    ] Safepoint "Cleanup", Time since last: 2000987824 ns, Reaching safepoint: 140521 ns, At safepoint: 5102 ns, Total: 145623 ns
[2020-05-20T11:44:36.442+0000][1084][safepoint    ] Safepoint "Cleanup", Time since last: 1000129854 ns, Reaching safepoint: 119652 ns, At safepoint: 6029 ns, Total: 125681 ns
[2020-05-20T11:44:37.443+0000][1084][safepoint    ] Safepoint "Cleanup", Time since last: 1000803708 ns, Reaching safepoint: 106203 ns, At safepoint: 4638 ns, Total: 110841 ns
[2020-05-20T11:44:38.444+0000][1084][safepoint    ] Safepoint "Cleanup", Time since last: 1000910838 ns, Reaching safepoint: 103420 ns, At safepoint: 5102 ns, Total: 108522 ns
[2020-05-20T11:44:39.445+0000][1084][safepoint    ] Safepoint "Cleanup", Time since last: 1000502259 ns, Reaching safepoint: 105739 ns, At safepoint: 5565 ns, Total: 111304 ns
[2020-05-20T11:44:40.446+0000][1084][safepoint    ] Safepoint "Cleanup", Time since last: 1000886259 ns, Reaching safepoint: 119188 ns, At safepoint: 5102 ns, Total: 124290 ns
[2020-05-20T11:44:41.446+0000][1084][safepoint    ] Safepoint "Cleanup", Time since last: 1000538433 ns, Reaching safepoint: 100638 ns, At safepoint: 3246 ns, Total: 103884 ns
[2020-05-20T11:44:42.447+0000][1084][safepoint    ] Safepoint "Cleanup", Time since last: 1000525912 ns, Reaching safepoint: 123362 ns, At safepoint: 4638 ns, Total: 128000 ns
[2020-05-20T11:44:43.448+0000][1084][safepoint    ] Safepoint "Cleanup", Time since last: 1000691940 ns, Reaching safepoint: 116869 ns, At safepoint: 5566 ns, Total: 122435 ns
[2020-05-20T11:44:44.448+0000][1084][safepoint    ] Safepoint "Cleanup", Time since last: 1000094144 ns, Reaching safepoint: 100638 ns, At safepoint: 3710 ns, Total: 104348 ns
[2020-05-20T11:44:45.449+0000][1084][safepoint    ] Safepoint "Cleanup", Time since last: 1000543535 ns, Reaching safepoint: 113159 ns, At safepoint: 4638 ns, Total: 117797 ns
[2020-05-20T11:44:46.449+0000][1084][safepoint    ] Safepoint "Cleanup", Time since last: 1000406723 ns, Reaching safepoint: 99247 ns, At safepoint: 5565 ns, Total: 104812 ns
[2020-05-20T11:44:47.450+0000][1084][safepoint    ] Safepoint "Cleanup", Time since last: 1000563013 ns, Reaching safepoint: 140058 ns, At safepoint: 7884 ns, Total: 147942 ns
[2020-05-20T11:44:49.450+0000][1084][safepoint    ] Safepoint "Cleanup", Time since last: 1999983768 ns, Reaching safepoint: 107594 ns, At safepoint: 3710 ns, Total: 111304 ns
[2020-05-20T11:44:50.451+0000][1084][safepoint    ] Safepoint "Cleanup", Time since last: 1000420173 ns, Reaching safepoint: 82087 ns, At safepoint: 3710 ns, Total: 85797 ns
[2020-05-20T11:44:51.451+0000][1084][safepoint    ] Safepoint "Cleanup", Time since last: 1000575071 ns, Reaching safepoint: 114087 ns, At safepoint: 5101 ns, Total: 119188 ns
[2020-05-20T11:44:52.452+0000][1084][safepoint    ] Safepoint "Cleanup", Time since last: 1000664114 ns, Reaching safepoint: 139594 ns, At safepoint: 6957 ns, Total: 146551 ns
[2020-05-20T11:44:53.453+0000][1084][safepoint    ] Safepoint "Cleanup", Time since last: 1000344115 ns, Reaching safepoint: 123826 ns, At safepoint: 6956 ns, Total: 130782 ns
[2020-05-20T11:44:53.757+0000][1084][gc,start     ] GC(68) Pause Young (Normal) (G1 Evacuation Pause)
[2020-05-20T11:44:53.757+0000][1084][gc,task      ] GC(68) Using 4 workers of 4 for evacuation
[2020-05-20T11:44:53.757+0000][1084][gc,age       ] GC(68) Desired survivor size 14155776 bytes, new threshold 15 (max threshold 15)
[2020-05-20T11:44:53.813+0000][1084][gc,age       ] GC(68) Age table with threshold 15 (max threshold 15)
[2020-05-20T11:44:53.813+0000][1084][gc,age       ] GC(68) - age   1:      87224 bytes,      87224 total
[2020-05-20T11:44:53.813+0000][1084][gc,age       ] GC(68) - age   2:      97504 bytes,     184728 total
[2020-05-20T11:44:53.813+0000][1084][gc,age       ] GC(68) - age   3:     145744 bytes,     330472 total
[2020-05-20T11:44:53.813+0000][1084][gc,age       ] GC(68) - age   4:     130112 bytes,     460584 total
[2020-05-20T11:44:53.813+0000][1084][gc,age       ] GC(68) - age   5:       1096 bytes,     461680 total
[2020-05-20T11:44:53.813+0000][1084][gc,age       ] GC(68) - age   6:      39392 bytes,     501072 total
[2020-05-20T11:44:53.814+0000][1084][gc,phases    ] GC(68)   Pre Evacuate Collection Set: 0.2ms
[2020-05-20T11:44:53.814+0000][1084][gc,phases    ] GC(68)   Merge Heap Roots: 0.1ms
[2020-05-20T11:44:53.814+0000][1084][gc,phases    ] GC(68)   Evacuate Collection Set: 55.9ms
[2020-05-20T11:44:53.814+0000][1084][gc,phases    ] GC(68)   Post Evacuate Collection Set: 1.1ms
[2020-05-20T11:44:53.814+0000][1084][gc,phases    ] GC(68)   Other: 0.6ms
[2020-05-20T11:44:53.814+0000][1084][gc,heap      ] GC(68) Eden regions: 212->0(451)
[2020-05-20T11:44:53.814+0000][1084][gc,heap      ] GC(68) Survivor regions: 1->1(27)
[2020-05-20T11:44:53.814+0000][1084][gc,heap      ] GC(68) Old regions: 103->103
[2020-05-20T11:44:53.814+0000][1084][gc,heap      ] GC(68) Archive regions: 0->0
[2020-05-20T11:44:53.814+0000][1084][gc,heap      ] GC(68) Humongous regions: 10->10
[2020-05-20T11:44:53.814+0000][1084][gc,metaspace ] GC(68) Metaspace: 100461K(108312K)->100461K(108312K) NonClass: 87463K(92036K)->87463K(92036K) Class: 12998K(16276K)->12998K(16276K)
[2020-05-20T11:44:53.814+0000][1084][gc           ] GC(68) Pause Young (Normal) (G1 Evacuation Pause) 324M->112M(1024M) 58.154ms
[2020-05-20T11:44:53.814+0000][1084][gc,cpu       ] GC(68) User=0.03s Sys=0.00s Real=0.06s
[2020-05-20T11:44:53.814+0000][1084][safepoint    ] Safepoint "G1CollectForAllocation", Time since last: 261666640 ns, Reaching safepoint: 42117931 ns, At safepoint: 58421198 ns, Total: 100539129 ns
[2020-05-20T11:44:54.815+0000][1084][safepoint    ] Safepoint "Cleanup", Time since last: 1000295883 ns, Reaching safepoint: 82551 ns, At safepoint: 3710 ns, Total: 86261 ns
[2020-05-20T11:44:55.816+0000][1084][safepoint    ] Safepoint "Cleanup", Time since last: 1000390956 ns, Reaching safepoint: 102956 ns, At safepoint: 4174 ns, Total: 107130 ns
[2020-05-20T11:44:56.816+0000][1084][safepoint    ] Safepoint "Cleanup", Time since last: 1000608926 ns, Reaching safepoint: 113159 ns, At safepoint: 5102 ns, Total: 118261 ns
[2020-05-20T11:44:58.797+0000][1084][safepoint    ] Safepoint "Cleanup", Time since last: 1980986015 ns, Reaching safepoint: 128927 ns, At safepoint: 2783 ns, Total: 131710 ns
[2020-05-20T11:44:59.801+0000][1084][safepoint    ] Safepoint "Cleanup", Time since last: 1000254144 ns, Reaching safepoint: 3096109 ns, At safepoint: 18087 ns, Total: 3114196 ns
[2020-05-20T11:45:00.801+0000][1084][safepoint    ] Safepoint "Cleanup", Time since last: 1000411361 ns, Reaching safepoint: 139594 ns, At safepoint: 5565 ns, Total: 145159 ns
[2020-05-20T11:45:01.802+0000][1084][safepoint    ] Safepoint "Cleanup", Time since last: 1000041739 ns, Reaching safepoint: 124753 ns, At safepoint: 5102 ns, Total: 129855 ns
[2020-05-20T11:45:02.813+0000][1084][safepoint    ] Safepoint "Cleanup", Time since last: 1011487509 ns, Reaching safepoint: 150261 ns, At safepoint: 4638 ns, Total: 154899 ns
[2020-05-20T11:45:03.814+0000][1084][safepoint    ] Safepoint "Cleanup", Time since last: 1000543998 ns, Reaching safepoint: 102957 ns, At safepoint: 5565 ns, Total: 108522 ns
[2020-05-20T11:45:04.825+0000][1084][safepoint    ] Safepoint "Cleanup", Time since last: 1010639280 ns, Reaching safepoint: 76521 ns, At safepoint: 2783 ns, Total: 79304 ns
[2020-05-20T11:45:05.826+0000][1084][safepoint    ] Safepoint "Cleanup", Time since last: 1000896461 ns, Reaching safepoint: 92290 ns, At safepoint: 3710 ns, Total: 96000 ns
[2020-05-20T11:45:06.826+0000][1084][safepoint    ] Safepoint "Cleanup", Time since last: 1000385854 ns, Reaching safepoint: 84870 ns, At safepoint: 5101 ns, Total: 89971 ns
[2020-05-20T11:45:07.827+0000][1084][safepoint    ] Safepoint "Cleanup", Time since last: 1000608463 ns, Reaching safepoint: 102028 ns, At safepoint: 3247 ns, Total: 105275 ns
[2020-05-20T11:45:08.828+0000][1084][safepoint    ] Safepoint "Cleanup", Time since last: 1000836172 ns, Reaching safepoint: 102492 ns, At safepoint: 4638 ns, Total: 107130 ns
[2020-05-20T11:45:09.866+0000][1084][safepoint    ] Safepoint "Cleanup", Time since last: 1000505970 ns, Reaching safepoint: 37950057 ns, At safepoint: 15768 ns, Total: 37965825 ns
[2020-05-20T11:45:10.997+0000][1084][safepoint    ] Safepoint "Cleanup", Time since last: 1000280115 ns, Reaching safepoint: 130739639 ns, At safepoint: 663187 ns, Total: 131402826 ns
[2020-05-20T11:45:11.999+0000][1084][safepoint    ] Safepoint "Cleanup", Time since last: 1000964171 ns, Reaching safepoint: 83942 ns, At safepoint: 2783 ns, Total: 86725 ns
[2020-05-20T11:45:13.000+0000][1084][safepoint    ] Safepoint "Cleanup", Time since last: 1000404868 ns, Reaching safepoint: 196638 ns, At safepoint: 9275 ns, Total: 205913 ns
[2020-05-20T11:45:14.019+0000][1084][safepoint    ] Safepoint "Cleanup", Time since last: 1000679882 ns, Reaching safepoint: 18953232 ns, At safepoint: 72348 ns, Total: 19025580 ns
[2020-05-20T11:45:16.020+0000][1084][safepoint    ] Safepoint "Cleanup", Time since last: 2000677099 ns, Reaching safepoint: 102029 ns, At safepoint: 3247 ns, Total: 105276 ns
[2020-05-20T11:45:17.020+0000][1084][safepoint    ] Safepoint "Cleanup", Time since last: 1000194782 ns, Reaching safepoint: 81623 ns, At safepoint: 3246 ns, Total: 84869 ns
[2020-05-20T11:45:18.021+0000][1084][safepoint    ] Safepoint "Cleanup", Time since last: 1000254144 ns, Reaching safepoint: 106203 ns, At safepoint: 6493 ns, Total: 112696 ns
[2020-05-20T11:45:19.022+0000][1084][safepoint    ] Safepoint "Cleanup", Time since last: 1000821331 ns, Reaching safepoint: 97391 ns, At safepoint: 2783 ns, Total: 100174 ns
[2020-05-20T11:45:20.022+0000][1084][safepoint    ] Safepoint "Cleanup", Time since last: 1000409506 ns, Reaching safepoint: 115014 ns, At safepoint: 2783 ns, Total: 117797 ns
[2020-05-20T11:45:21.022+0000][1084][safepoint    ] Safepoint "Cleanup", Time since last: 1000234666 ns, Reaching safepoint: 118261 ns, At safepoint: 4637 ns, Total: 122898 ns
[2020-05-20T11:45:22.023+0000][1084][safepoint    ] Safepoint "Cleanup", Time since last: 1000636753 ns, Reaching safepoint: 147014 ns, At safepoint: 6956 ns, Total: 153970 ns
[2020-05-20T11:45:24.024+0000][1084][safepoint    ] Safepoint "Cleanup", Time since last: 2000406724 ns, Reaching safepoint: 142840 ns, At safepoint: 4174 ns, Total: 147014 ns
[2020-05-20T11:45:25.024+0000][1084][safepoint    ] Safepoint "Cleanup", Time since last: 1000465158 ns, Reaching safepoint: 141449 ns, At safepoint: 4174 ns, Total: 145623 ns
[2020-05-20T11:45:26.025+0000][1084][safepoint    ] Safepoint "Cleanup", Time since last: 1000414144 ns, Reaching safepoint: 126145 ns, At safepoint: 4638 ns, Total: 130783 ns
[2020-05-20T11:45:27.026+0000][1084][safepoint    ] Safepoint "Cleanup", Time since last: 1000755476 ns, Reaching safepoint: 117797 ns, At safepoint: 4638 ns, Total: 122435 ns
[2020-05-20T11:45:28.863+0000][1084][safepoint    ] Safepoint "Cleanup", Time since last: 1836975682 ns, Reaching safepoint: 115942 ns, At safepoint: 4174 ns, Total: 120116 ns
[2020-05-20T11:45:29.863+0000][1084][safepoint    ] Safepoint "Cleanup", Time since last: 1000091362 ns, Reaching safepoint: 134492 ns, At safepoint: 6029 ns, Total: 140521 ns
[2020-05-20T11:45:31.888+0000][1084][safepoint    ] Safepoint "Cleanup", Time since last: 2013848548 ns, Reaching safepoint: 10991279 ns, At safepoint: 3710 ns, Total: 10994989 ns
[2020-05-20T11:45:32.889+0000][1084][safepoint    ] Safepoint "Cleanup", Time since last: 1000458202 ns, Reaching safepoint: 134028 ns, At safepoint: 6957 ns, Total: 140985 ns
[2020-05-20T11:45:34.707+0000][1084][safepoint    ] Safepoint "Cleanup", Time since last: 1818470913 ns, Reaching safepoint: 109449 ns, At safepoint: 4174 ns, Total: 113623 ns
[2020-05-20T11:45:36.707+0000][1084][safepoint    ] Safepoint "Cleanup", Time since last: 1999906319 ns, Reaching safepoint: 112696 ns, At safepoint: 7420 ns, Total: 120116 ns
[2020-05-20T11:45:37.708+0000][1084][safepoint    ] Safepoint "Cleanup", Time since last: 1000776346 ns, Reaching safepoint: 111768 ns, At safepoint: 6029 ns, Total: 117797 ns
[2020-05-20T11:45:39.708+0000][1084][safepoint    ] Safepoint "Cleanup", Time since last: 2000153043 ns, Reaching safepoint: 110377 ns, At safepoint: 5101 ns, Total: 115478 ns
[2020-05-20T11:45:40.709+0000][1084][safepoint    ] Safepoint "Cleanup", Time since last: 1000335767 ns, Reaching safepoint: 109449 ns, At safepoint: 5102 ns, Total: 114551 ns
[2020-05-20T11:45:41.709+0000][1084][safepoint    ] Safepoint "Cleanup", Time since last: 1000467013 ns, Reaching safepoint: 160000 ns, At safepoint: 8348 ns, Total: 168348 ns
[2020-05-20T11:45:42.710+0000][1084][safepoint    ] Safepoint "Cleanup", Time since last: 1000215651 ns, Reaching safepoint: 139594 ns, At safepoint: 5102 ns, Total: 144696 ns
[2020-05-20T11:45:43.710+0000][1084][safepoint    ] Safepoint "Cleanup", Time since last: 1000168347 ns, Reaching safepoint: 85797 ns, At safepoint: 4174 ns, Total: 89971 ns
[2020-05-20T11:45:44.711+0000][1084][safepoint    ] Safepoint "Cleanup", Time since last: 1000686375 ns, Reaching safepoint: 121043 ns, At safepoint: 4638 ns, Total: 125681 ns
[2020-05-20T11:45:45.711+0000][1084][safepoint    ] Safepoint "Cleanup", Time since last: 1000013449 ns, Reaching safepoint: 91826 ns, At safepoint: 3710 ns, Total: 95536 ns
[2020-05-20T11:45:46.711+0000][1084][safepoint    ] Safepoint "Cleanup", Time since last: 1000216579 ns, Reaching safepoint: 120116 ns, At safepoint: 7884 ns, Total: 128000 ns
[2020-05-20T11:45:47.712+0000][1084][safepoint    ] Safepoint "Cleanup", Time since last: 1000605680 ns, Reaching safepoint: 129391 ns, At safepoint: 4638 ns, Total: 134029 ns
[2020-05-20T11:45:48.713+0000][1084][safepoint    ] Safepoint "Cleanup", Time since last: 1000722549 ns, Reaching safepoint: 135883 ns, At safepoint: 7884 ns, Total: 143767 ns
[2020-05-20T11:45:49.714+0000][1084][safepoint    ] Safepoint "Cleanup", Time since last: 1000609854 ns, Reaching safepoint: 131710 ns, At safepoint: 5101 ns, Total: 136811 ns
[2020-05-20T11:45:50.715+0000][1084][safepoint    ] Safepoint "Cleanup", Time since last: 1000642318 ns, Reaching safepoint: 117796 ns, At safepoint: 4638 ns, Total: 122434 ns
[2020-05-20T11:45:51.715+0000][1084][safepoint    ] Safepoint "Cleanup", Time since last: 1000078377 ns, Reaching safepoint: 131710 ns, At safepoint: 7884 ns, Total: 139594 ns
[2020-05-20T11:45:52.715+0000][1084][safepoint    ] Safepoint "Cleanup", Time since last: 1000210086 ns, Reaching safepoint: 114551 ns, At safepoint: 4637 ns, Total: 119188 ns
[2020-05-20T11:45:53.716+0000][1084][safepoint    ] Safepoint "Cleanup", Time since last: 1000471651 ns, Reaching safepoint: 116406 ns, At safepoint: 2782 ns, Total: 119188 ns
[2020-05-20T11:45:54.716+0000][1084][safepoint    ] Safepoint "Cleanup", Time since last: 1000323246 ns, Reaching safepoint: 131710 ns, At safepoint: 36174 ns, Total: 167884 ns
[2020-05-20T11:45:55.718+0000][1084][safepoint    ] Safepoint "Cleanup", Time since last: 1001619938 ns, Reaching safepoint: 175768 ns, At safepoint: 3710 ns, Total: 179478 ns
[2020-05-20T11:45:57.718+0000][1084][safepoint    ] Safepoint "Cleanup", Time since last: 2000344579 ns, Reaching safepoint: 214260 ns, At safepoint: 5565 ns, Total: 219825 ns
[2020-05-20T11:45:58.719+0000][1084][safepoint    ] Safepoint "Cleanup", Time since last: 1000626550 ns, Reaching safepoint: 85797 ns, At safepoint: 4173 ns, Total: 89970 ns
[2020-05-20T11:46:00.719+0000][1084][safepoint    ] Safepoint "Cleanup", Time since last: 2000022725 ns, Reaching safepoint: 140521 ns, At safepoint: 6957 ns, Total: 147478 ns
[2020-05-20T11:46:01.720+0000][1084][safepoint    ] Safepoint "Cleanup", Time since last: 1000252289 ns, Reaching safepoint: 100174 ns, At safepoint: 4174 ns, Total: 104348 ns
[2020-05-20T11:46:02.720+0000][1084][safepoint    ] Safepoint "Cleanup", Time since last: 1000432231 ns, Reaching safepoint: 129854 ns, At safepoint: 6957 ns, Total: 136811 ns
[2020-05-20T11:46:03.721+0000][1084][safepoint    ] Safepoint "Cleanup", Time since last: 1000165565 ns, Reaching safepoint: 112231 ns, At safepoint: 4174 ns, Total: 116405 ns
[2020-05-20T11:46:04.722+0000][1084][safepoint    ] Safepoint "Cleanup", Time since last: 1000814375 ns, Reaching safepoint: 83942 ns, At safepoint: 2783 ns, Total: 86725 ns
[2020-05-20T11:46:05.722+0000][1084][safepoint    ] Safepoint "Cleanup", Time since last: 1000308869 ns, Reaching safepoint: 164637 ns, At safepoint: 6956 ns, Total: 171593 ns
[2020-05-20T11:46:06.722+0000][1084][safepoint    ] Safepoint "Cleanup", Time since last: 1000101102 ns, Reaching safepoint: 122898 ns, At safepoint: 6029 ns, Total: 128927 ns
[2020-05-20T11:46:07.723+0000][1084][safepoint    ] Safepoint "Cleanup", Time since last: 1000871882 ns, Reaching safepoint: 140521 ns, At safepoint: 7421 ns, Total: 147942 ns
[2020-05-20T11:46:08.753+0000][1084][safepoint    ] Safepoint "Cleanup", Time since last: 1000141448 ns, Reaching safepoint: 29466367 ns, At safepoint: 122434 ns, Total: 29588801 ns
[2020-05-20T11:46:09.753+0000][1084][safepoint    ] Safepoint "Cleanup", Time since last: 1000338550 ns, Reaching safepoint: 85334 ns, At safepoint: 2782 ns, Total: 88116 ns
[2020-05-20T11:46:10.754+0000][1084][safepoint    ] Safepoint "Cleanup", Time since last: 1000410898 ns, Reaching safepoint: 106666 ns, At safepoint: 5565 ns, Total: 112231 ns
[2020-05-20T11:46:12.755+0000][1084][safepoint    ] Safepoint "Cleanup", Time since last: 2000638608 ns, Reaching safepoint: 115941 ns, At safepoint: 4638 ns, Total: 120579 ns
[2020-05-20T11:46:13.755+0000][1084][safepoint    ] Safepoint "Cleanup", Time since last: 1000579709 ns, Reaching safepoint: 99710 ns, At safepoint: 3246 ns, Total: 102956 ns
[2020-05-20T11:46:14.756+0000][1084][safepoint    ] Safepoint "Cleanup", Time since last: 1000047768 ns, Reaching safepoint: 161855 ns, At safepoint: 10666 ns, Total: 172521 ns
[2020-05-20T11:46:15.756+0000][1084][safepoint    ] Safepoint "Cleanup", Time since last: 1000474898 ns, Reaching safepoint: 99710 ns, At safepoint: 4637 ns, Total: 104347 ns
[2020-05-20T11:46:16.757+0000][1084][safepoint    ] Safepoint "Cleanup", Time since last: 1000496231 ns, Reaching safepoint: 119188 ns, At safepoint: 5102 ns, Total: 124290 ns
[2020-05-20T11:46:17.757+0000][1084][safepoint    ] Safepoint "Cleanup", Time since last: 1000438723 ns, Reaching safepoint: 107131 ns, At safepoint: 6029 ns, Total: 113160 ns
[2020-05-20T11:46:18.758+0000][1084][safepoint    ] Safepoint "Cleanup", Time since last: 1000497622 ns, Reaching safepoint: 148869 ns, At safepoint: 5101 ns, Total: 153970 ns
[2020-05-20T11:46:19.759+0000][1084][safepoint    ] Safepoint "Cleanup", Time since last: 1000402550 ns, Reaching safepoint: 107594 ns, At safepoint: 4638 ns, Total: 112232 ns
[2020-05-20T11:46:21.759+0000][1084][safepoint    ] Safepoint "Cleanup", Time since last: 2000630723 ns, Reaching safepoint: 111304 ns, At safepoint: 5565 ns, Total: 116869 ns
[2020-05-20T11:46:22.760+0000][1084][safepoint    ] Safepoint "Cleanup", Time since last: 1000492521 ns, Reaching safepoint: 80231 ns, At safepoint: 3247 ns, Total: 83478 ns
[2020-05-20T11:46:23.760+0000][1084][safepoint    ] Safepoint "Cleanup", Time since last: 1000196173 ns, Reaching safepoint: 130319 ns, At safepoint: 4637 ns, Total: 134956 ns
[2020-05-20T11:46:24.760+0000][1084][safepoint    ] Safepoint "Cleanup", Time since last: 1000229565 ns, Reaching safepoint: 132174 ns, At safepoint: 5101 ns, Total: 137275 ns
[2020-05-20T11:46:25.761+0000][1084][safepoint    ] Safepoint "Cleanup", Time since last: 1000260637 ns, Reaching safepoint: 135884 ns, At safepoint: 5101 ns, Total: 140985 ns
[2020-05-20T11:46:26.762+0000][1084][safepoint    ] Safepoint "Cleanup", Time since last: 1000737854 ns, Reaching safepoint: 161391 ns, At safepoint: 7420 ns, Total: 168811 ns
[2020-05-20T11:46:27.763+0000][1084][safepoint    ] Safepoint "Cleanup", Time since last: 1000809273 ns, Reaching safepoint: 170203 ns, At safepoint: 10203 ns, Total: 180406 ns
[2020-05-20T11:46:28.763+0000][1084][safepoint    ] Safepoint "Cleanup", Time since last: 1000330202 ns, Reaching safepoint: 157217 ns, At safepoint: 9739 ns, Total: 166956 ns
[2020-05-20T11:46:29.764+0000][1084][safepoint    ] Safepoint "Cleanup", Time since last: 1000476289 ns, Reaching safepoint: 87188 ns, At safepoint: 4638 ns, Total: 91826 ns
[2020-05-20T11:46:30.765+0000][1084][safepoint    ] Safepoint "Cleanup", Time since last: 1000582491 ns, Reaching safepoint: 130319 ns, At safepoint: 7884 ns, Total: 138203 ns
[2020-05-20T11:46:32.765+0000][1084][safepoint    ] Safepoint "Cleanup", Time since last: 2000731360 ns, Reaching safepoint: 106667 ns, At safepoint: 3246 ns, Total: 109913 ns
[2020-05-20T11:46:33.766+0000][1084][safepoint    ] Safepoint "Cleanup", Time since last: 1000369622 ns, Reaching safepoint: 108986 ns, At safepoint: 5565 ns, Total: 114551 ns
[2020-05-20T11:46:34.766+0000][1084][safepoint    ] Safepoint "Cleanup", Time since last: 1000407651 ns, Reaching safepoint: 132174 ns, At safepoint: 5565 ns, Total: 137739 ns
[2020-05-20T11:46:35.767+0000][1084][safepoint    ] Safepoint "Cleanup", Time since last: 1000052869 ns, Reaching safepoint: 98783 ns, At safepoint: 3246 ns, Total: 102029 ns
[2020-05-20T11:46:36.767+0000][1084][safepoint    ] Safepoint "Cleanup", Time since last: 1000326028 ns, Reaching safepoint: 118725 ns, At safepoint: 2782 ns, Total: 121507 ns
[2020-05-20T11:46:37.767+0000][1084][safepoint    ] Safepoint "Cleanup", Time since last: 1000022261 ns, Reaching safepoint: 118261 ns, At safepoint: 6029 ns, Total: 124290 ns
[2020-05-20T11:46:39.768+0000][1084][safepoint    ] Safepoint "Cleanup", Time since last: 2000178550 ns, Reaching safepoint: 123362 ns, At safepoint: 6957 ns, Total: 130319 ns
[2020-05-20T11:46:40.768+0000][1084][safepoint    ] Safepoint "Cleanup", Time since last: 1000637215 ns, Reaching safepoint: 91826 ns, At safepoint: 5102 ns, Total: 96928 ns
[2020-05-20T11:46:41.780+0000][1084][safepoint    ] Safepoint "Cleanup", Time since last: 1011712900 ns, Reaching safepoint: 155362 ns, At safepoint: 4174 ns, Total: 159536 ns
[2020-05-20T11:46:42.805+0000][1084][safepoint    ] Safepoint "Cleanup", Time since last: 1025030435 ns, Reaching safepoint: 107130 ns, At safepoint: 2783 ns, Total: 109913 ns
[2020-05-20T11:46:43.806+0000][1084][safepoint    ] Safepoint "Cleanup", Time since last: 1000473506 ns, Reaching safepoint: 116405 ns, At safepoint: 4638 ns, Total: 121043 ns
[2020-05-20T11:46:44.806+0000][1084][safepoint    ] Safepoint "Cleanup", Time since last: 1000433622 ns, Reaching safepoint: 124290 ns, At safepoint: 6956 ns, Total: 131246 ns
[2020-05-20T11:46:45.807+0000][1084][safepoint    ] Safepoint "Cleanup", Time since last: 1000263420 ns, Reaching safepoint: 121507 ns, At safepoint: 4637 ns, Total: 126144 ns
[2020-05-20T11:46:46.807+0000][1084][safepoint    ] Safepoint "Cleanup", Time since last: 1000190145 ns, Reaching safepoint: 107130 ns, At safepoint: 4638 ns, Total: 111768 ns
[2020-05-20T11:46:48.159+0000][1084][safepoint    ] Safepoint "Cleanup", Time since last: 1331645839 ns, Reaching safepoint: 20726213 ns, At safepoint: 50087 ns, Total: 20776300 ns
[2020-05-20T11:46:49.161+0000][1084][safepoint    ] Safepoint "Cleanup", Time since last: 1000960925 ns, Reaching safepoint: 118725 ns, At safepoint: 12985 ns, Total: 131710 ns
[2020-05-20T11:46:51.162+0000][1084][safepoint    ] Safepoint "Cleanup", Time since last: 2000742491 ns, Reaching safepoint: 136812 ns, At safepoint: 6029 ns, Total: 142841 ns
[2020-05-20T11:46:52.163+0000][1084][safepoint    ] Safepoint "Cleanup", Time since last: 1000304231 ns, Reaching safepoint: 779592 ns, At safepoint: 2319 ns, Total: 781911 ns
[2020-05-20T11:46:53.163+0000][1084][safepoint    ] Safepoint "Cleanup", Time since last: 1000184115 ns, Reaching safepoint: 115942 ns, At safepoint: 4638 ns, Total: 120580 ns
[2020-05-20T11:46:54.163+0000][1084][safepoint    ] Safepoint "Cleanup", Time since last: 1000233275 ns, Reaching safepoint: 190144 ns, At safepoint: 6493 ns, Total: 196637 ns
[2020-05-20T11:46:56.164+0000][1084][safepoint    ] Safepoint "Cleanup", Time since last: 2000292637 ns, Reaching safepoint: 149797 ns, At safepoint: 3710 ns, Total: 153507 ns
[2020-05-20T11:46:58.165+0000][1084][safepoint    ] Safepoint "Cleanup", Time since last: 2000740636 ns, Reaching safepoint: 127072 ns, At safepoint: 2783 ns, Total: 129855 ns
[2020-05-20T11:46:59.166+0000][1084][safepoint    ] Safepoint "Cleanup", Time since last: 1000742954 ns, Reaching safepoint: 121507 ns, At safepoint: 5102 ns, Total: 126609 ns
[2020-05-20T11:47:00.166+0000][1084][safepoint    ] Safepoint "Cleanup", Time since last: 1000534723 ns, Reaching safepoint: 162319 ns, At safepoint: 8811 ns, Total: 171130 ns
[2020-05-20T11:47:02.167+0000][1084][safepoint    ] Safepoint "Cleanup", Time since last: 2000695187 ns, Reaching safepoint: 101101 ns, At safepoint: 5102 ns, Total: 106203 ns
[2020-05-20T11:47:03.167+0000][1084][safepoint    ] Safepoint "Cleanup", Time since last: 1000034782 ns, Reaching safepoint: 126609 ns, At safepoint: 4173 ns, Total: 130782 ns
[2020-05-20T11:47:05.168+0000][1084][safepoint    ] Safepoint "Cleanup", Time since last: 2000218435 ns, Reaching safepoint: 103884 ns, At safepoint: 2782 ns, Total: 106666 ns
[2020-05-20T11:47:07.168+0000][1084][safepoint    ] Safepoint "Cleanup", Time since last: 2000797216 ns, Reaching safepoint: 159999 ns, At safepoint: 6957 ns, Total: 166956 ns
[2020-05-20T11:47:08.169+0000][1084][safepoint    ] Safepoint "Cleanup", Time since last: 1000191999 ns, Reaching safepoint: 273159 ns, At safepoint: 6493 ns, Total: 279652 ns
[2020-05-20T11:47:09.170+0000][1084][safepoint    ] Safepoint "Cleanup", Time since last: 1000408579 ns, Reaching safepoint: 147014 ns, At safepoint: 5101 ns, Total: 152115 ns
[2020-05-20T11:47:10.171+0000][1084][safepoint    ] Safepoint "Cleanup", Time since last: 1000894607 ns, Reaching safepoint: 115478 ns, At safepoint: 4638 ns, Total: 120116 ns
[2020-05-20T11:47:11.171+0000][1084][safepoint    ] Safepoint "Cleanup", Time since last: 1000690549 ns, Reaching safepoint: 112695 ns, At safepoint: 6493 ns, Total: 119188 ns
[2020-05-20T11:47:12.172+0000][1084][safepoint    ] Safepoint "Cleanup", Time since last: 1000014377 ns, Reaching safepoint: 159999 ns, At safepoint: 5102 ns, Total: 165101 ns
[2020-05-20T11:47:13.172+0000][1084][safepoint    ] Safepoint "Cleanup", Time since last: 1000720230 ns, Reaching safepoint: 110840 ns, At safepoint: 4638 ns, Total: 115478 ns
[2020-05-20T11:47:14.300+0000][1084][safepoint    ] Safepoint "Cleanup", Time since last: 1000660868 ns, Reaching safepoint: 126718315 ns, At safepoint: 13913 ns, Total: 126732228 ns
[2020-05-20T11:47:15.301+0000][1084][safepoint    ] Safepoint "Cleanup", Time since last: 1000957679 ns, Reaching safepoint: 124753 ns, At safepoint: 4174 ns, Total: 128927 ns
[2020-05-20T11:47:16.302+0000][1084][safepoint    ] Safepoint "Cleanup", Time since last: 1000697042 ns, Reaching safepoint: 120579 ns, At safepoint: 6029 ns, Total: 126608 ns
[2020-05-20T11:47:17.303+0000][1084][safepoint    ] Safepoint "Cleanup", Time since last: 1000813448 ns, Reaching safepoint: 185970 ns, At safepoint: 3710 ns, Total: 189680 ns
[2020-05-20T11:47:18.303+0000][1084][safepoint    ] Safepoint "Cleanup", Time since last: 1000227710 ns, Reaching safepoint: 130318 ns, At safepoint: 5102 ns, Total: 135420 ns
[2020-05-20T11:47:19.303+0000][1084][safepoint    ] Safepoint "Cleanup", Time since last: 1000296811 ns, Reaching safepoint: 132637 ns, At safepoint: 7420 ns, Total: 140057 ns
[2020-05-20T11:47:20.304+0000][1084][safepoint    ] Safepoint "Cleanup", Time since last: 1000423884 ns, Reaching safepoint: 114086 ns, At safepoint: 5565 ns, Total: 119651 ns
[2020-05-20T11:47:21.305+0000][1084][safepoint    ] Safepoint "Cleanup", Time since last: 1000602898 ns, Reaching safepoint: 117796 ns, At safepoint: 4638 ns, Total: 122434 ns
[2020-05-20T11:47:22.397+0000][1084][safepoint    ] Safepoint "Cleanup", Time since last: 1092108772 ns, Reaching safepoint: 131246 ns, At safepoint: 5565 ns, Total: 136811 ns
[2020-05-20T11:47:23.398+0000][1084][safepoint    ] Safepoint "Cleanup", Time since last: 1000437333 ns, Reaching safepoint: 128927 ns, At safepoint: 4638 ns, Total: 133565 ns
