[2020-05-16T03:55:56.824+0000][8924][gc,heap] Heap region size: 1M
[2020-05-16T03:55:56.825+0000][8924][gc,heap,coops] Heap address: 0x00000000c0000000, size: 1024 MB, Compressed Oops mode: 32-bit
[2020-05-16T03:55:57.122+0000][8924][gc           ] Using G1
[2020-05-16T03:55:57.137+0000][8924][gc           ] Periodic GC disabled
[2020-05-16T03:55:57.606+0000][8924][safepoint    ] Safepoint "ICBufferFull", Time since last: 477818214 ns, Reaching safepoint: 114550 ns, At safepoint: 2783 ns, Total: 117333 ns
[2020-05-16T03:55:58.293+0000][8924][safepoint    ] Safepoint "ICBufferFull", Time since last: 686163624 ns, Reaching safepoint: 130318 ns, At safepoint: 7421 ns, Total: 137739 ns
[2020-05-16T03:55:58.355+0000][8924][gc,start     ] GC(0) Pause Young (Normal) (G1 Evacuation Pause)
[2020-05-16T03:55:58.355+0000][8924][gc,task      ] GC(0) Using 4 workers of 4 for evacuation
[2020-05-16T03:55:58.355+0000][8924][gc,age       ] GC(0) Desired survivor size 3670016 bytes, new threshold 15 (max threshold 15)
[2020-05-16T03:55:58.362+0000][8924][gc,age       ] GC(0) Age table with threshold 15 (max threshold 15)
[2020-05-16T03:55:58.362+0000][8924][gc,age       ] GC(0) - age   1:    5397392 bytes,    5397392 total
[2020-05-16T03:55:58.362+0000][8924][gc,phases    ] GC(0)   Pre Evacuate Collection Set: 0.1ms
[2020-05-16T03:55:58.362+0000][8924][gc,phases    ] GC(0)   Merge Heap Roots: 0.1ms
[2020-05-16T03:55:58.362+0000][8924][gc,phases    ] GC(0)   Evacuate Collection Set: 5.9ms
[2020-05-16T03:55:58.362+0000][8924][gc,phases    ] GC(0)   Post Evacuate Collection Set: 0.6ms
[2020-05-16T03:55:58.362+0000][8924][gc,phases    ] GC(0)   Other: 0.6ms
[2020-05-16T03:55:58.362+0000][8924][gc,heap      ] GC(0) Eden regions: 51->0(48)
[2020-05-16T03:55:58.362+0000][8924][gc,heap      ] GC(0) Survivor regions: 0->6(7)
[2020-05-16T03:55:58.362+0000][8924][gc,heap      ] GC(0) Old regions: 0->0
[2020-05-16T03:55:58.362+0000][8924][gc,heap      ] GC(0) Archive regions: 0->0
[2020-05-16T03:55:58.362+0000][8924][gc,heap      ] GC(0) Humongous regions: 1->1
[2020-05-16T03:55:58.362+0000][8924][gc,metaspace ] GC(0) Metaspace: 11897K(12416K)->11897K(12416K) NonClass: 10425K(10752K)->10425K(10752K) Class: 1471K(1664K)->1471K(1664K)
[2020-05-16T03:55:58.362+0000][8924][gc           ] GC(0) Pause Young (Normal) (G1 Evacuation Pause) 52M->6M(1024M) 7.422ms
[2020-05-16T03:55:58.362+0000][8924][gc,cpu       ] GC(0) User=0.03s Sys=0.02s Real=0.01s
[2020-05-16T03:55:58.362+0000][8924][safepoint    ] Safepoint "G1CollectForAllocation", Time since last: 62524724 ns, Reaching safepoint: 66783 ns, At safepoint: 7502373 ns, Total: 7569156 ns
[2020-05-16T03:55:58.818+0000][8924][safepoint    ] Safepoint "ICBufferFull", Time since last: 455204427 ns, Reaching safepoint: 111304 ns, At safepoint: 6957 ns, Total: 118261 ns
[2020-05-16T03:55:58.954+0000][8924][gc,start     ] GC(1) Pause Young (Normal) (G1 Evacuation Pause)
[2020-05-16T03:55:58.954+0000][8924][gc,task      ] GC(1) Using 4 workers of 4 for evacuation
[2020-05-16T03:55:58.954+0000][8924][gc,age       ] GC(1) Desired survivor size 3670016 bytes, new threshold 1 (max threshold 15)
[2020-05-16T03:55:58.961+0000][8924][gc,age       ] GC(1) Age table with threshold 1 (max threshold 15)
[2020-05-16T03:55:58.961+0000][8924][gc,age       ] GC(1) - age   1:    2322904 bytes,    2322904 total
[2020-05-16T03:55:58.961+0000][8924][gc,phases    ] GC(1)   Pre Evacuate Collection Set: 0.1ms
[2020-05-16T03:55:58.961+0000][8924][gc,phases    ] GC(1)   Merge Heap Roots: 0.1ms
[2020-05-16T03:55:58.961+0000][8924][gc,phases    ] GC(1)   Evacuate Collection Set: 6.2ms
[2020-05-16T03:55:58.961+0000][8924][gc,phases    ] GC(1)   Post Evacuate Collection Set: 0.5ms
[2020-05-16T03:55:58.961+0000][8924][gc,phases    ] GC(1)   Other: 0.2ms
[2020-05-16T03:55:58.961+0000][8924][gc,heap      ] GC(1) Eden regions: 48->0(60)
[2020-05-16T03:55:58.961+0000][8924][gc,heap      ] GC(1) Survivor regions: 6->3(7)
[2020-05-16T03:55:58.962+0000][8924][gc,heap      ] GC(1) Old regions: 0->6
[2020-05-16T03:55:58.962+0000][8924][gc,heap      ] GC(1) Archive regions: 0->0
[2020-05-16T03:55:58.962+0000][8924][gc,heap      ] GC(1) Humongous regions: 1->1
[2020-05-16T03:55:58.962+0000][8924][gc,metaspace ] GC(1) Metaspace: 16476K(17280K)->16476K(17280K) NonClass: 14531K(15104K)->14531K(15104K) Class: 1945K(2176K)->1945K(2176K)
[2020-05-16T03:55:58.962+0000][8924][gc           ] GC(1) Pause Young (Normal) (G1 Evacuation Pause) 54M->8M(1024M) 7.295ms
[2020-05-16T03:55:58.962+0000][8924][gc,cpu       ] GC(1) User=0.00s Sys=0.00s Real=0.01s
[2020-05-16T03:55:58.962+0000][8924][safepoint    ] Safepoint "G1CollectForAllocation", Time since last: 135957734 ns, Reaching safepoint: 57507 ns, At safepoint: 7367417 ns, Total: 7424924 ns
[2020-05-16T03:55:58.962+0000][8924][safepoint    ] Safepoint "BulkRevokeBias", Time since last: 302376 ns, Reaching safepoint: 105276 ns, At safepoint: 318145 ns, Total: 423421 ns
[2020-05-16T03:55:59.260+0000][8924][gc,start     ] GC(2) Pause Young (Normal) (G1 Evacuation Pause)
[2020-05-16T03:55:59.260+0000][8924][gc,task      ] GC(2) Using 4 workers of 4 for evacuation
[2020-05-16T03:55:59.260+0000][8924][gc,age       ] GC(2) Desired survivor size 4194304 bytes, new threshold 15 (max threshold 15)
[2020-05-16T03:55:59.264+0000][8924][gc,age       ] GC(2) Age table with threshold 15 (max threshold 15)
[2020-05-16T03:55:59.264+0000][8924][gc,age       ] GC(2) - age   1:    2862448 bytes,    2862448 total
[2020-05-16T03:55:59.264+0000][8924][gc,age       ] GC(2) - age   2:    2286432 bytes,    5148880 total
[2020-05-16T03:55:59.264+0000][8924][gc,phases    ] GC(2)   Pre Evacuate Collection Set: 0.1ms
[2020-05-16T03:55:59.264+0000][8924][gc,phases    ] GC(2)   Merge Heap Roots: 0.1ms
[2020-05-16T03:55:59.264+0000][8924][gc,phases    ] GC(2)   Evacuate Collection Set: 2.5ms
[2020-05-16T03:55:59.264+0000][8924][gc,phases    ] GC(2)   Post Evacuate Collection Set: 0.4ms
[2020-05-16T03:55:59.264+0000][8924][gc,phases    ] GC(2)   Other: 0.2ms
[2020-05-16T03:55:59.264+0000][8924][gc,heap      ] GC(2) Eden regions: 60->0(559)
[2020-05-16T03:55:59.264+0000][8924][gc,heap      ] GC(2) Survivor regions: 3->6(8)
[2020-05-16T03:55:59.264+0000][8924][gc,heap      ] GC(2) Old regions: 6->6
[2020-05-16T03:55:59.264+0000][8924][gc,heap      ] GC(2) Archive regions: 0->0
[2020-05-16T03:55:59.264+0000][8924][gc,heap      ] GC(2) Humongous regions: 2->1
[2020-05-16T03:55:59.264+0000][8924][gc,metaspace ] GC(2) Metaspace: 18867K(19840K)->18867K(19840K) NonClass: 16565K(17152K)->16565K(17152K) Class: 2301K(2688K)->2301K(2688K)
[2020-05-16T03:55:59.264+0000][8924][gc           ] GC(2) Pause Young (Normal) (G1 Evacuation Pause) 69M->11M(1024M) 3.481ms
[2020-05-16T03:55:59.264+0000][8924][gc,cpu       ] GC(2) User=0.06s Sys=0.00s Real=0.00s
[2020-05-16T03:55:59.264+0000][8924][safepoint    ] Safepoint "G1CollectForAllocation", Time since last: 297928673 ns, Reaching safepoint: 145159 ns, At safepoint: 3559419 ns, Total: 3704578 ns
[2020-05-16T03:55:59.265+0000][8924][safepoint    ] Safepoint "BulkRevokeBias", Time since last: 528695 ns, Reaching safepoint: 100638 ns, At safepoint: 272232 ns, Total: 372870 ns
[2020-05-16T03:55:59.265+0000][8924][safepoint    ] Safepoint "BulkRevokeBias", Time since last: 212869 ns, Reaching safepoint: 102957 ns, At safepoint: 242087 ns, Total: 345044 ns
[2020-05-16T03:56:00.060+0000][8924][gc,start     ] GC(3) Pause Young (Concurrent Start) (Metadata GC Threshold)
[2020-05-16T03:56:00.060+0000][8924][gc,task      ] GC(3) Using 4 workers of 4 for evacuation
[2020-05-16T03:56:00.060+0000][8924][gc,age       ] GC(3) Desired survivor size 37224448 bytes, new threshold 15 (max threshold 15)
[2020-05-16T03:56:00.066+0000][8924][gc,age       ] GC(3) Age table with threshold 15 (max threshold 15)
[2020-05-16T03:56:00.066+0000][8924][gc,age       ] GC(3) - age   1:    4687248 bytes,    4687248 total
[2020-05-16T03:56:00.066+0000][8924][gc,age       ] GC(3) - age   2:    2560072 bytes,    7247320 total
[2020-05-16T03:56:00.066+0000][8924][gc,age       ] GC(3) - age   3:    2285712 bytes,    9533032 total
[2020-05-16T03:56:00.066+0000][8924][gc,phases    ] GC(3)   Pre Evacuate Collection Set: 0.1ms
[2020-05-16T03:56:00.066+0000][8924][gc,phases    ] GC(3)   Merge Heap Roots: 0.0ms
[2020-05-16T03:56:00.066+0000][8924][gc,phases    ] GC(3)   Evacuate Collection Set: 4.8ms
[2020-05-16T03:56:00.066+0000][8924][gc,phases    ] GC(3)   Post Evacuate Collection Set: 0.6ms
[2020-05-16T03:56:00.066+0000][8924][gc,phases    ] GC(3)   Other: 0.5ms
[2020-05-16T03:56:00.066+0000][8924][gc,heap      ] GC(3) Eden regions: 461->0(604)
[2020-05-16T03:56:00.066+0000][8924][gc,heap      ] GC(3) Survivor regions: 6->10(71)
[2020-05-16T03:56:00.066+0000][8924][gc,heap      ] GC(3) Old regions: 6->6
[2020-05-16T03:56:00.066+0000][8924][gc,heap      ] GC(3) Archive regions: 0->0
[2020-05-16T03:56:00.066+0000][8924][gc,heap      ] GC(3) Humongous regions: 1->1
[2020-05-16T03:56:00.066+0000][8924][gc,metaspace ] GC(3) Metaspace: 20174K(21248K)->20174K(21248K) NonClass: 17686K(18432K)->17686K(18432K) Class: 2488K(2816K)->2488K(2816K)
[2020-05-16T03:56:00.067+0000][8924][gc           ] GC(3) Pause Young (Concurrent Start) (Metadata GC Threshold) 472M->15M(1024M) 6.159ms
[2020-05-16T03:56:00.067+0000][8924][gc,cpu       ] GC(3) User=0.00s Sys=0.00s Real=0.01s
[2020-05-16T03:56:00.067+0000][8924][gc           ] GC(4) Concurrent Cycle
[2020-05-16T03:56:00.067+0000][8924][safepoint    ] Safepoint "CollectForMetadataAllocation", Time since last: 794765080 ns, Reaching safepoint: 102493 ns, At safepoint: 6287301 ns, Total: 6389794 ns
[2020-05-16T03:56:00.067+0000][8924][gc,marking   ] GC(4) Concurrent Clear Claimed Marks
[2020-05-16T03:56:00.067+0000][8924][gc,marking   ] GC(4) Concurrent Clear Claimed Marks 0.051ms
[2020-05-16T03:56:00.067+0000][8924][gc,marking   ] GC(4) Concurrent Scan Root Regions
[2020-05-16T03:56:00.068+0000][8924][safepoint    ] Safepoint "BulkRevokeBias", Time since last: 282899 ns, Reaching safepoint: 119652 ns, At safepoint: 864463 ns, Total: 984115 ns
[2020-05-16T03:56:00.071+0000][8924][gc,marking   ] GC(4) Concurrent Scan Root Regions 4.137ms
[2020-05-16T03:56:00.071+0000][8924][gc,marking   ] GC(4) Concurrent Mark (3.256s)
[2020-05-16T03:56:00.071+0000][8924][gc,marking   ] GC(4) Concurrent Mark From Roots
[2020-05-16T03:56:00.071+0000][8924][gc,task      ] GC(4) Using 1 workers of 1 for marking
[2020-05-16T03:56:00.080+0000][8924][gc,marking   ] GC(4) Concurrent Mark From Roots 8.722ms
[2020-05-16T03:56:00.080+0000][8924][gc,marking   ] GC(4) Concurrent Preclean
[2020-05-16T03:56:00.080+0000][8924][gc,marking   ] GC(4) Concurrent Preclean 0.065ms
[2020-05-16T03:56:00.080+0000][8924][gc,marking   ] GC(4) Concurrent Mark (3.256s, 3.265s) 8.863ms
[2020-05-16T03:56:00.080+0000][8924][gc,start     ] GC(4) Pause Remark
[2020-05-16T03:56:00.081+0000][8924][gc           ] GC(4) Pause Remark 16M->16M(1024M) 1.395ms
[2020-05-16T03:56:00.081+0000][8924][gc,cpu       ] GC(4) User=0.00s Sys=0.00s Real=0.00s
[2020-05-16T03:56:00.081+0000][8924][safepoint    ] Safepoint "G1Concurrent", Time since last: 11980516 ns, Reaching safepoint: 46841 ns, At safepoint: 1523014 ns, Total: 1569855 ns
[2020-05-16T03:56:00.081+0000][8924][gc,marking   ] GC(4) Concurrent Rebuild Remembered Sets
[2020-05-16T03:56:00.086+0000][8924][gc,marking   ] GC(4) Concurrent Rebuild Remembered Sets 4.651ms
[2020-05-16T03:56:00.087+0000][8924][gc,start     ] GC(4) Pause Cleanup
[2020-05-16T03:56:00.087+0000][8924][gc           ] GC(4) Pause Cleanup 16M->16M(1024M) 0.162ms
[2020-05-16T03:56:00.087+0000][8924][gc,cpu       ] GC(4) User=0.00s Sys=0.00s Real=0.00s
[2020-05-16T03:56:00.087+0000][8924][safepoint    ] Safepoint "G1Concurrent", Time since last: 5226664 ns, Reaching safepoint: 339478 ns, At safepoint: 302377 ns, Total: 641855 ns
[2020-05-16T03:56:00.087+0000][8924][gc,marking   ] GC(4) Concurrent Cleanup for Next Mark
[2020-05-16T03:56:00.089+0000][8924][gc,marking   ] GC(4) Concurrent Cleanup for Next Mark 1.399ms
[2020-05-16T03:56:00.089+0000][8924][gc           ] GC(4) Concurrent Cycle 22.228ms
[2020-05-16T03:56:00.951+0000][8924][gc,start     ] GC(5) Pause Young (Normal) (G1 Evacuation Pause)
[2020-05-16T03:56:00.961+0000][8924][gc,task      ] GC(5) Using 4 workers of 4 for evacuation
[2020-05-16T03:56:00.961+0000][8924][gc,age       ] GC(5) Desired survivor size 40370176 bytes, new threshold 15 (max threshold 15)
[2020-05-16T03:56:00.968+0000][8924][gc,age       ] GC(5) Age table with threshold 15 (max threshold 15)
[2020-05-16T03:56:00.968+0000][8924][gc,age       ] GC(5) - age   1:    4332928 bytes,    4332928 total
[2020-05-16T03:56:00.968+0000][8924][gc,age       ] GC(5) - age   2:    4650392 bytes,    8983320 total
[2020-05-16T03:56:00.968+0000][8924][gc,age       ] GC(5) - age   3:    2559096 bytes,   11542416 total
[2020-05-16T03:56:00.968+0000][8924][gc,age       ] GC(5) - age   4:    2285336 bytes,   13827752 total
[2020-05-16T03:56:00.968+0000][8924][gc,phases    ] GC(5)   Pre Evacuate Collection Set: 0.1ms
[2020-05-16T03:56:00.968+0000][8924][gc,phases    ] GC(5)   Merge Heap Roots: 0.0ms
[2020-05-16T03:56:00.968+0000][8924][gc,phases    ] GC(5)   Evacuate Collection Set: 6.2ms
[2020-05-16T03:56:00.968+0000][8924][gc,phases    ] GC(5)   Post Evacuate Collection Set: 0.8ms
[2020-05-16T03:56:00.968+0000][8924][gc,phases    ] GC(5)   Other: 10.2ms
[2020-05-16T03:56:00.969+0000][8924][gc,heap      ] GC(5) Eden regions: 604->0(600)
[2020-05-16T03:56:00.969+0000][8924][gc,heap      ] GC(5) Survivor regions: 10->14(77)
[2020-05-16T03:56:00.969+0000][8924][gc,heap      ] GC(5) Old regions: 6->6
[2020-05-16T03:56:00.969+0000][8924][gc,heap      ] GC(5) Archive regions: 0->0
[2020-05-16T03:56:00.969+0000][8924][gc,heap      ] GC(5) Humongous regions: 1->1
[2020-05-16T03:56:00.969+0000][8924][gc,metaspace ] GC(5) Metaspace: 21567K(23040K)->21567K(23040K) NonClass: 18910K(19968K)->18910K(19968K) Class: 2656K(3072K)->2656K(3072K)
[2020-05-16T03:56:00.969+0000][8924][gc           ] GC(5) Pause Young (Normal) (G1 Evacuation Pause) 619M->20M(1024M) 17.499ms
[2020-05-16T03:56:00.969+0000][8924][gc,cpu       ] GC(5) User=0.06s Sys=0.00s Real=0.02s
[2020-05-16T03:56:00.969+0000][8924][safepoint    ] Safepoint "G1CollectForAllocation", Time since last: 864270903 ns, Reaching safepoint: 99247 ns, At safepoint: 17574484 ns, Total: 17673731 ns
[2020-05-16T03:56:00.969+0000][8924][safepoint    ] Safepoint "BulkRevokeBias", Time since last: 218435 ns, Reaching safepoint: 53333 ns, At safepoint: 70493 ns, Total: 123826 ns
[2020-05-16T03:56:00.969+0000][8924][safepoint    ] Safepoint "BulkRevokeBias", Time since last: 47304 ns, Reaching safepoint: 27826 ns, At safepoint: 66783 ns, Total: 94609 ns
[2020-05-16T03:56:02.055+0000][8924][safepoint    ] Safepoint "Cleanup", Time since last: 1084450743 ns, Reaching safepoint: 220290 ns, At safepoint: 10203 ns, Total: 230493 ns
[2020-05-16T03:56:03.077+0000][8924][safepoint    ] Safepoint "ICBufferFull", Time since last: 1022323468 ns, Reaching safepoint: 133101 ns, At safepoint: 3247 ns, Total: 136348 ns
[2020-05-16T03:56:03.286+0000][8924][gc,start     ] GC(6) Pause Young (Concurrent Start) (Metadata GC Threshold)
[2020-05-16T03:56:03.286+0000][8924][gc,task      ] GC(6) Using 4 workers of 4 for evacuation
[2020-05-16T03:56:03.286+0000][8924][gc,age       ] GC(6) Desired survivor size 40370176 bytes, new threshold 15 (max threshold 15)
[2020-05-16T03:56:03.316+0000][8924][gc,age       ] GC(6) Age table with threshold 15 (max threshold 15)
[2020-05-16T03:56:03.316+0000][8924][gc,age       ] GC(6) - age   1:   28988784 bytes,   28988784 total
[2020-05-16T03:56:03.316+0000][8924][gc,age       ] GC(6) - age   2:    2815560 bytes,   31804344 total
[2020-05-16T03:56:03.316+0000][8924][gc,age       ] GC(6) - age   3:    4615416 bytes,   36419760 total
[2020-05-16T03:56:03.316+0000][8924][gc,age       ] GC(6) - age   4:    2544544 bytes,   38964304 total
[2020-05-16T03:56:03.316+0000][8924][gc,age       ] GC(6) - age   5:    2221920 bytes,   41186224 total
[2020-05-16T03:56:03.316+0000][8924][gc,phases    ] GC(6)   Pre Evacuate Collection Set: 0.2ms
[2020-05-16T03:56:03.316+0000][8924][gc,phases    ] GC(6)   Merge Heap Roots: 0.0ms
[2020-05-16T03:56:03.316+0000][8924][gc,phases    ] GC(6)   Evacuate Collection Set: 27.9ms
[2020-05-16T03:56:03.316+0000][8924][gc,phases    ] GC(6)   Post Evacuate Collection Set: 1.5ms
[2020-05-16T03:56:03.316+0000][8924][gc,phases    ] GC(6)   Other: 0.3ms
[2020-05-16T03:56:03.316+0000][8924][gc,heap      ] GC(6) Eden regions: 364->0(574)
[2020-05-16T03:56:03.316+0000][8924][gc,heap      ] GC(6) Survivor regions: 14->40(77)
[2020-05-16T03:56:03.316+0000][8924][gc,heap      ] GC(6) Old regions: 6->6
[2020-05-16T03:56:03.316+0000][8924][gc,heap      ] GC(6) Archive regions: 0->0
[2020-05-16T03:56:03.316+0000][8924][gc,heap      ] GC(6) Humongous regions: 1->1
[2020-05-16T03:56:03.316+0000][8924][gc,metaspace ] GC(6) Metaspace: 32876K(35628K)->32876K(35628K) NonClass: 28568K(30380K)->28568K(30380K) Class: 4308K(5248K)->4308K(5248K)
[2020-05-16T03:56:03.316+0000][8924][gc           ] GC(6) Pause Young (Concurrent Start) (Metadata GC Threshold) 384M->45M(1024M) 30.123ms
[2020-05-16T03:56:03.316+0000][8924][gc,cpu       ] GC(6) User=0.13s Sys=0.00s Real=0.03s
[2020-05-16T03:56:03.316+0000][8924][gc           ] GC(7) Concurrent Cycle
[2020-05-16T03:56:03.316+0000][8924][gc,marking   ] GC(7) Concurrent Clear Claimed Marks
[2020-05-16T03:56:03.316+0000][8924][safepoint    ] Safepoint "CollectForMetadataAllocation", Time since last: 209503439 ns, Reaching safepoint: 54261 ns, At safepoint: 30299348 ns, Total: 30353609 ns
[2020-05-16T03:56:03.316+0000][8924][gc,marking   ] GC(7) Concurrent Clear Claimed Marks 0.118ms
[2020-05-16T03:56:03.316+0000][8924][gc,marking   ] GC(7) Concurrent Scan Root Regions
[2020-05-16T03:56:03.328+0000][8924][safepoint    ] Safepoint "CollectForMetadataAllocation", Time since last: 11897502 ns, Reaching safepoint: 26898 ns, At safepoint: 121507 ns, Total: 148405 ns
[2020-05-16T03:56:03.345+0000][8924][gc,marking   ] GC(7) Concurrent Scan Root Regions 28.831ms
[2020-05-16T03:56:03.345+0000][8924][gc,marking   ] GC(7) Concurrent Mark (6.531s)
[2020-05-16T03:56:03.345+0000][8924][gc,marking   ] GC(7) Concurrent Mark From Roots
[2020-05-16T03:56:03.345+0000][8924][gc,task      ] GC(7) Using 1 workers of 1 for marking
[2020-05-16T03:56:03.349+0000][8924][safepoint    ] Safepoint "CollectForMetadataAllocation", Time since last: 20698426 ns, Reaching safepoint: 64927 ns, At safepoint: 89971 ns, Total: 154898 ns
[2020-05-16T03:56:03.354+0000][8924][gc,marking   ] GC(7) Concurrent Mark From Roots 8.852ms
[2020-05-16T03:56:03.354+0000][8924][gc,marking   ] GC(7) Concurrent Preclean
[2020-05-16T03:56:03.354+0000][8924][gc,marking   ] GC(7) Concurrent Preclean 0.064ms
[2020-05-16T03:56:03.354+0000][8924][gc,marking   ] GC(7) Concurrent Mark (6.531s, 6.540s) 8.986ms
[2020-05-16T03:56:03.355+0000][8924][gc,start     ] GC(7) Pause Remark
[2020-05-16T03:56:03.357+0000][8924][gc           ] GC(7) Pause Remark 48M->48M(1024M) 2.108ms
[2020-05-16T03:56:03.357+0000][8924][gc,cpu       ] GC(7) User=0.05s Sys=0.02s Real=0.00s
[2020-05-16T03:56:03.358+0000][8924][safepoint    ] Safepoint "G1Concurrent", Time since last: 5041621 ns, Reaching safepoint: 121971 ns, At safepoint: 2941680 ns, Total: 3063651 ns
[2020-05-16T03:56:03.358+0000][8924][gc,marking   ] GC(7) Concurrent Rebuild Remembered Sets
[2020-05-16T03:56:03.362+0000][8924][gc,marking   ] GC(7) Concurrent Rebuild Remembered Sets 4.843ms
[2020-05-16T03:56:03.363+0000][8924][gc,start     ] GC(7) Pause Cleanup
[2020-05-16T03:56:03.363+0000][8924][gc           ] GC(7) Pause Cleanup 49M->49M(1024M) 0.154ms
[2020-05-16T03:56:03.363+0000][8924][gc,cpu       ] GC(7) User=0.00s Sys=0.00s Real=0.00s
[2020-05-16T03:56:03.363+0000][8924][safepoint    ] Safepoint "G1Concurrent", Time since last: 4940055 ns, Reaching safepoint: 455420 ns, At safepoint: 217044 ns, Total: 672464 ns
[2020-05-16T03:56:03.363+0000][8924][gc,marking   ] GC(7) Concurrent Cleanup for Next Mark
[2020-05-16T03:56:03.365+0000][8924][gc,marking   ] GC(7) Concurrent Cleanup for Next Mark 2.207ms
[2020-05-16T03:56:03.365+0000][8924][gc           ] GC(7) Concurrent Cycle 49.055ms
[2020-05-16T03:56:03.887+0000][8924][safepoint    ] Safepoint "ICBufferFull", Time since last: 522951641 ns, Reaching safepoint: 130783 ns, At safepoint: 2782 ns, Total: 133565 ns
[2020-05-16T03:56:05.068+0000][8924][safepoint    ] Safepoint "ICBufferFull", Time since last: 1181965365 ns, Reaching safepoint: 125681 ns, At safepoint: 7421 ns, Total: 133102 ns
[2020-05-16T03:56:05.558+0000][8924][safepoint    ] Safepoint "BulkRevokeBias", Time since last: 489405918 ns, Reaching safepoint: 338550 ns, At safepoint: 79305 ns, Total: 417855 ns
[2020-05-16T03:56:05.560+0000][8924][safepoint    ] Safepoint "BulkRevokeBias", Time since last: 1991883 ns, Reaching safepoint: 24116 ns, At safepoint: 69101 ns, Total: 93217 ns
[2020-05-16T03:56:05.561+0000][8924][safepoint    ] Safepoint "BulkRevokeBias", Time since last: 1256811 ns, Reaching safepoint: 23188 ns, At safepoint: 88116 ns, Total: 111304 ns
[2020-05-16T03:56:05.861+0000][8924][gc,start     ] GC(8) Pause Young (Concurrent Start) (Metadata GC Threshold)
[2020-05-16T03:56:05.861+0000][8924][gc,task      ] GC(8) Using 4 workers of 4 for evacuation
[2020-05-16T03:56:05.861+0000][8924][gc,age       ] GC(8) Desired survivor size 40370176 bytes, new threshold 5 (max threshold 15)
[2020-05-16T03:56:05.897+0000][8924][gc,age       ] GC(8) Age table with threshold 5 (max threshold 15)
[2020-05-16T03:56:05.897+0000][8924][gc,age       ] GC(8) - age   1:   10125672 bytes,   10125672 total
[2020-05-16T03:56:05.897+0000][8924][gc,age       ] GC(8) - age   2:   28679616 bytes,   38805288 total
[2020-05-16T03:56:05.897+0000][8924][gc,age       ] GC(8) - age   3:    2800232 bytes,   41605520 total
[2020-05-16T03:56:05.897+0000][8924][gc,age       ] GC(8) - age   4:    4589328 bytes,   46194848 total
[2020-05-16T03:56:05.897+0000][8924][gc,age       ] GC(8) - age   5:    2531632 bytes,   48726480 total
[2020-05-16T03:56:05.897+0000][8924][gc,phases    ] GC(8)   Pre Evacuate Collection Set: 0.3ms
[2020-05-16T03:56:05.897+0000][8924][gc,phases    ] GC(8)   Merge Heap Roots: 0.1ms
[2020-05-16T03:56:05.897+0000][8924][gc,phases    ] GC(8)   Evacuate Collection Set: 34.0ms
[2020-05-16T03:56:05.897+0000][8924][gc,phases    ] GC(8)   Post Evacuate Collection Set: 1.7ms
[2020-05-16T03:56:05.897+0000][8924][gc,phases    ] GC(8)   Other: 0.3ms
[2020-05-16T03:56:05.897+0000][8924][gc,heap      ] GC(8) Eden regions: 328->0(142)
[2020-05-16T03:56:05.897+0000][8924][gc,heap      ] GC(8) Survivor regions: 40->48(77)
[2020-05-16T03:56:05.897+0000][8924][gc,heap      ] GC(8) Old regions: 6->8
[2020-05-16T03:56:05.897+0000][8924][gc,heap      ] GC(8) Archive regions: 0->0
[2020-05-16T03:56:05.897+0000][8924][gc,heap      ] GC(8) Humongous regions: 1->1
[2020-05-16T03:56:05.897+0000][8924][gc,metaspace ] GC(8) Metaspace: 56058K(60920K)->56058K(60920K) NonClass: 48391K(51372K)->48391K(51372K) Class: 7667K(9548K)->7667K(9548K)
[2020-05-16T03:56:05.897+0000][8924][gc           ] GC(8) Pause Young (Concurrent Start) (Metadata GC Threshold) 373M->55M(1024M) 36.592ms
[2020-05-16T03:56:05.897+0000][8924][gc,cpu       ] GC(8) User=0.13s Sys=0.00s Real=0.04s
[2020-05-16T03:56:05.898+0000][8924][gc           ] GC(9) Concurrent Cycle
[2020-05-16T03:56:05.898+0000][8924][gc,marking   ] GC(9) Concurrent Clear Claimed Marks
[2020-05-16T03:56:05.898+0000][8924][safepoint    ] Safepoint "CollectForMetadataAllocation", Time since last: 299369137 ns, Reaching safepoint: 68637 ns, At safepoint: 36776331 ns, Total: 36844968 ns
[2020-05-16T03:56:05.898+0000][8924][gc,marking   ] GC(9) Concurrent Clear Claimed Marks 0.194ms
[2020-05-16T03:56:05.898+0000][8924][gc,marking   ] GC(9) Concurrent Scan Root Regions
[2020-05-16T03:56:05.902+0000][8924][safepoint    ] Safepoint "BulkRevokeBias", Time since last: 4331129 ns, Reaching safepoint: 40811 ns, At safepoint: 133565 ns, Total: 174376 ns
[2020-05-16T03:56:05.917+0000][8924][safepoint    ] Safepoint "CollectForMetadataAllocation", Time since last: 15113269 ns, Reaching safepoint: 48695 ns, At safepoint: 110377 ns, Total: 159072 ns
[2020-05-16T03:56:05.934+0000][8924][gc,marking   ] GC(9) Concurrent Scan Root Regions 36.592ms
[2020-05-16T03:56:05.935+0000][8924][gc,marking   ] GC(9) Concurrent Mark (9.120s)
[2020-05-16T03:56:05.935+0000][8924][gc,marking   ] GC(9) Concurrent Mark From Roots
[2020-05-16T03:56:05.935+0000][8924][gc,task      ] GC(9) Using 1 workers of 1 for marking
[2020-05-16T03:56:05.935+0000][8924][safepoint    ] Safepoint "CollectForMetadataAllocation", Time since last: 17363934 ns, Reaching safepoint: 92754 ns, At safepoint: 109913 ns, Total: 202667 ns
[2020-05-16T03:56:05.943+0000][8924][gc,marking   ] GC(9) Concurrent Mark From Roots 8.832ms
[2020-05-16T03:56:05.943+0000][8924][gc,marking   ] GC(9) Concurrent Preclean
[2020-05-16T03:56:05.943+0000][8924][gc,marking   ] GC(9) Concurrent Preclean 0.054ms
[2020-05-16T03:56:05.943+0000][8924][gc,marking   ] GC(9) Concurrent Mark (9.120s, 9.129s) 8.950ms
[2020-05-16T03:56:05.944+0000][8924][gc,start     ] GC(9) Pause Remark
[2020-05-16T03:56:05.946+0000][8924][gc           ] GC(9) Pause Remark 60M->60M(1024M) 2.129ms
[2020-05-16T03:56:05.946+0000][8924][gc,cpu       ] GC(9) User=0.00s Sys=0.00s Real=0.00s
[2020-05-16T03:56:05.946+0000][8924][safepoint    ] Safepoint "G1Concurrent", Time since last: 8443822 ns, Reaching safepoint: 51478 ns, At safepoint: 2219130 ns, Total: 2270608 ns
[2020-05-16T03:56:05.946+0000][8924][gc,marking   ] GC(9) Concurrent Rebuild Remembered Sets
[2020-05-16T03:56:05.952+0000][8924][gc,marking   ] GC(9) Concurrent Rebuild Remembered Sets 6.606ms
[2020-05-16T03:56:05.953+0000][8924][gc,start     ] GC(9) Pause Cleanup
[2020-05-16T03:56:05.953+0000][8924][gc           ] GC(9) Pause Cleanup 61M->61M(1024M) 0.126ms
[2020-05-16T03:56:05.953+0000][8924][gc,cpu       ] GC(9) User=0.00s Sys=0.00s Real=0.00s
[2020-05-16T03:56:05.953+0000][8924][safepoint    ] Safepoint "G1Concurrent", Time since last: 6719996 ns, Reaching safepoint: 550957 ns, At safepoint: 175304 ns, Total: 726261 ns
[2020-05-16T03:56:05.953+0000][8924][gc,marking   ] GC(9) Concurrent Cleanup for Next Mark
[2020-05-16T03:56:05.955+0000][8924][gc,marking   ] GC(9) Concurrent Cleanup for Next Mark 1.651ms
[2020-05-16T03:56:05.955+0000][8924][gc           ] GC(9) Concurrent Cycle 57.340ms
[2020-05-16T03:56:06.678+0000][8924][safepoint    ] Safepoint "ICBufferFull", Time since last: 724424476 ns, Reaching safepoint: 778202 ns, At safepoint: 8812 ns, Total: 787014 ns
[2020-05-16T03:56:07.391+0000][8924][safepoint    ] Safepoint "ICBufferFull", Time since last: 712180539 ns, Reaching safepoint: 127536 ns, At safepoint: 11131 ns, Total: 138667 ns
[2020-05-16T03:56:07.783+0000][8924][safepoint    ] Safepoint "BulkRevokeBias", Time since last: 391990542 ns, Reaching safepoint: 115942 ns, At safepoint: 195247 ns, Total: 311189 ns
[2020-05-16T03:56:07.800+0000][8924][safepoint    ] Safepoint "BulkRevokeBias", Time since last: 7722199 ns, Reaching safepoint: 170667 ns, At safepoint: 9508169 ns, Total: 9678836 ns
[2020-05-16T03:56:08.184+0000][8924][gc,start     ] GC(10) Pause Young (Concurrent Start) (G1 Evacuation Pause)
[2020-05-16T03:56:08.184+0000][8924][gc,task      ] GC(10) Using 4 workers of 4 for evacuation
[2020-05-16T03:56:08.184+0000][8924][gc,age       ] GC(10) Desired survivor size 16777216 bytes, new threshold 2 (max threshold 15)
[2020-05-16T03:56:08.228+0000][8924][gc,age       ] GC(10) Age table with threshold 2 (max threshold 15)
[2020-05-16T03:56:08.228+0000][8924][gc,age       ] GC(10) - age   1:    7805904 bytes,    7805904 total
[2020-05-16T03:56:08.228+0000][8924][gc,age       ] GC(10) - age   2:    9629000 bytes,   17434904 total
[2020-05-16T03:56:08.228+0000][8924][gc,phases    ] GC(10)   Pre Evacuate Collection Set: 0.4ms
[2020-05-16T03:56:08.228+0000][8924][gc,phases    ] GC(10)   Merge Heap Roots: 0.1ms
[2020-05-16T03:56:08.228+0000][8924][gc,phases    ] GC(10)   Evacuate Collection Set: 42.0ms
[2020-05-16T03:56:08.228+0000][8924][gc,phases    ] GC(10)   Post Evacuate Collection Set: 1.6ms
[2020-05-16T03:56:08.228+0000][8924][gc,phases    ] GC(10)   Other: 0.3ms
[2020-05-16T03:56:08.228+0000][8924][gc,heap      ] GC(10) Eden regions: 206->0(596)
[2020-05-16T03:56:08.228+0000][8924][gc,heap      ] GC(10) Survivor regions: 48->18(32)
[2020-05-16T03:56:08.228+0000][8924][gc,heap      ] GC(10) Old regions: 8->44
[2020-05-16T03:56:08.228+0000][8924][gc,heap      ] GC(10) Archive regions: 0->0
[2020-05-16T03:56:08.228+0000][8924][gc,heap      ] GC(10) Humongous regions: 1->1
[2020-05-16T03:56:08.228+0000][8924][gc,metaspace ] GC(10) Metaspace: 76830K(83168K)->76830K(83168K) NonClass: 66324K(70060K)->66324K(70060K) Class: 10505K(13108K)->10505K(13108K)
[2020-05-16T03:56:08.228+0000][8924][gc           ] GC(10) Pause Young (Concurrent Start) (G1 Evacuation Pause) 261M->62M(1024M) 44.515ms
[2020-05-16T03:56:08.228+0000][8924][gc,cpu       ] GC(10) User=0.13s Sys=0.00s Real=0.04s
[2020-05-16T03:56:08.228+0000][8924][gc           ] GC(11) Concurrent Cycle
[2020-05-16T03:56:08.228+0000][8924][gc,marking   ] GC(11) Concurrent Clear Claimed Marks
[2020-05-16T03:56:08.229+0000][8924][gc,marking   ] GC(11) Concurrent Clear Claimed Marks 0.323ms
[2020-05-16T03:56:08.229+0000][8924][gc,marking   ] GC(11) Concurrent Scan Root Regions
[2020-05-16T03:56:08.235+0000][8924][safepoint    ] Safepoint "G1CollectForAllocation", Time since last: 382933156 ns, Reaching safepoint: 338087 ns, At safepoint: 50662005 ns, Total: 51000092 ns
[2020-05-16T03:56:08.271+0000][8924][gc,marking   ] GC(11) Concurrent Scan Root Regions 42.103ms
[2020-05-16T03:56:08.271+0000][8924][gc,marking   ] GC(11) Concurrent Mark (11.457s)
[2020-05-16T03:56:08.271+0000][8924][gc,marking   ] GC(11) Concurrent Mark From Roots
[2020-05-16T03:56:08.271+0000][8924][gc,task      ] GC(11) Using 1 workers of 1 for marking
[2020-05-16T03:56:08.284+0000][8924][gc,marking   ] GC(11) Concurrent Mark From Roots 12.860ms
[2020-05-16T03:56:08.284+0000][8924][gc,marking   ] GC(11) Concurrent Preclean
[2020-05-16T03:56:08.284+0000][8924][gc,marking   ] GC(11) Concurrent Preclean 0.062ms
[2020-05-16T03:56:08.284+0000][8924][gc,marking   ] GC(11) Concurrent Mark (11.457s, 11.470s) 12.992ms
[2020-05-16T03:56:08.284+0000][8924][gc,start     ] GC(11) Pause Remark
[2020-05-16T03:56:08.287+0000][8924][gc           ] GC(11) Pause Remark 67M->67M(1024M) 2.547ms
[2020-05-16T03:56:08.287+0000][8924][gc,cpu       ] GC(11) User=0.00s Sys=0.00s Real=0.00s
[2020-05-16T03:56:08.287+0000][8924][safepoint    ] Safepoint "G1Concurrent", Time since last: 49508151 ns, Reaching safepoint: 63073 ns, At safepoint: 2657390 ns, Total: 2720463 ns
[2020-05-16T03:56:08.287+0000][8924][gc,marking   ] GC(11) Concurrent Rebuild Remembered Sets
[2020-05-16T03:56:08.330+0000][8924][gc,marking   ] GC(11) Concurrent Rebuild Remembered Sets 43.353ms
[2020-05-16T03:56:08.331+0000][8924][gc,start     ] GC(11) Pause Cleanup
[2020-05-16T03:56:08.331+0000][8924][gc           ] GC(11) Pause Cleanup 67M->67M(1024M) 0.143ms
[2020-05-16T03:56:08.331+0000][8924][gc,cpu       ] GC(11) User=0.00s Sys=0.00s Real=0.00s
[2020-05-16T03:56:08.331+0000][8924][safepoint    ] Safepoint "G1Concurrent", Time since last: 43539921 ns, Reaching safepoint: 497623 ns, At safepoint: 242087 ns, Total: 739710 ns
[2020-05-16T03:56:08.331+0000][8924][gc,marking   ] GC(11) Concurrent Cleanup for Next Mark
[2020-05-16T03:56:08.334+0000][8924][gc,marking   ] GC(11) Concurrent Cleanup for Next Mark 2.659ms
[2020-05-16T03:56:08.334+0000][8924][gc           ] GC(11) Concurrent Cycle 105.313ms
[2020-05-16T03:56:08.458+0000][8924][safepoint    ] Safepoint "BulkRevokeBias", Time since last: 126554376 ns, Reaching safepoint: 99710 ns, At safepoint: 418783 ns, Total: 518493 ns
[2020-05-16T03:56:08.512+0000][8924][safepoint    ] Safepoint "BulkRevokeBias", Time since last: 53379221 ns, Reaching safepoint: 67247 ns, At safepoint: 400695 ns, Total: 467942 ns
[2020-05-16T03:56:09.832+0000][8924][safepoint    ] Safepoint "Cleanup", Time since last: 1319160896 ns, Reaching safepoint: 116405 ns, At safepoint: 6029 ns, Total: 122434 ns
[2020-05-16T03:56:10.833+0000][8924][safepoint    ] Safepoint "Cleanup", Time since last: 1000868174 ns, Reaching safepoint: 108985 ns, At safepoint: 4638 ns, Total: 113623 ns
[2020-05-16T03:56:11.833+0000][8924][safepoint    ] Safepoint "Cleanup", Time since last: 1000553739 ns, Reaching safepoint: 86725 ns, At safepoint: 4173 ns, Total: 90898 ns
[2020-05-16T03:56:13.834+0000][8924][safepoint    ] Safepoint "Cleanup", Time since last: 2000933565 ns, Reaching safepoint: 87189 ns, At safepoint: 6029 ns, Total: 93218 ns
[2020-05-16T03:56:14.834+0000][8924][safepoint    ] Safepoint "Cleanup", Time since last: 1000175304 ns, Reaching safepoint: 77913 ns, At safepoint: 3710 ns, Total: 81623 ns
[2020-05-16T03:56:15.835+0000][8924][safepoint    ] Safepoint "Cleanup", Time since last: 1000473507 ns, Reaching safepoint: 121043 ns, At safepoint: 6029 ns, Total: 127072 ns
[2020-05-16T03:56:17.836+0000][8924][safepoint    ] Safepoint "Cleanup", Time since last: 2000386319 ns, Reaching safepoint: 94609 ns, At safepoint: 4637 ns, Total: 99246 ns
[2020-05-16T03:56:18.836+0000][8924][safepoint    ] Safepoint "Cleanup", Time since last: 1000033392 ns, Reaching safepoint: 109913 ns, At safepoint: 5101 ns, Total: 115014 ns
[2020-05-16T03:56:19.836+0000][8924][safepoint    ] Safepoint "Cleanup", Time since last: 1000006493 ns, Reaching safepoint: 107130 ns, At safepoint: 7884 ns, Total: 115014 ns
[2020-05-16T03:56:21.836+0000][8924][safepoint    ] Safepoint "Cleanup", Time since last: 2000320000 ns, Reaching safepoint: 110841 ns, At safepoint: 5101 ns, Total: 115942 ns
[2020-05-16T03:56:22.837+0000][8924][safepoint    ] Safepoint "Cleanup", Time since last: 1000495304 ns, Reaching safepoint: 96000 ns, At safepoint: 6957 ns, Total: 102957 ns
[2020-05-16T03:56:23.837+0000][8924][safepoint    ] Safepoint "Cleanup", Time since last: 1000337623 ns, Reaching safepoint: 105275 ns, At safepoint: 4174 ns, Total: 109449 ns
[2020-05-16T03:56:24.838+0000][8924][safepoint    ] Safepoint "Cleanup", Time since last: 1000710492 ns, Reaching safepoint: 94145 ns, At safepoint: 1855 ns, Total: 96000 ns
[2020-05-16T03:56:25.839+0000][8924][safepoint    ] Safepoint "Cleanup", Time since last: 1000378899 ns, Reaching safepoint: 89043 ns, At safepoint: 4638 ns, Total: 93681 ns
[2020-05-16T03:56:26.839+0000][8924][safepoint    ] Safepoint "Cleanup", Time since last: 1000024116 ns, Reaching safepoint: 109913 ns, At safepoint: 4638 ns, Total: 114551 ns
[2020-05-16T03:56:27.839+0000][8924][safepoint    ] Safepoint "Cleanup", Time since last: 1000372869 ns, Reaching safepoint: 114087 ns, At safepoint: 7420 ns, Total: 121507 ns
[2020-05-16T03:56:28.839+0000][8924][safepoint    ] Safepoint "Cleanup", Time since last: 1000045449 ns, Reaching safepoint: 107595 ns, At safepoint: 4173 ns, Total: 111768 ns
[2020-05-16T03:56:29.840+0000][8924][safepoint    ] Safepoint "Cleanup", Time since last: 1000656696 ns, Reaching safepoint: 94608 ns, At safepoint: 4638 ns, Total: 99246 ns
[2020-05-16T03:56:31.841+0000][8924][safepoint    ] Safepoint "Cleanup", Time since last: 2000532406 ns, Reaching safepoint: 107594 ns, At safepoint: 4637 ns, Total: 112231 ns
[2020-05-16T03:56:32.841+0000][8924][safepoint    ] Safepoint "Cleanup", Time since last: 1000095537 ns, Reaching safepoint: 110840 ns, At safepoint: 6957 ns, Total: 117797 ns
[2020-05-16T03:56:33.842+0000][8924][safepoint    ] Safepoint "Cleanup", Time since last: 1000935420 ns, Reaching safepoint: 106666 ns, At safepoint: 4174 ns, Total: 110840 ns
[2020-05-16T03:56:34.842+0000][8924][safepoint    ] Safepoint "Cleanup", Time since last: 1000146551 ns, Reaching safepoint: 110840 ns, At safepoint: 6493 ns, Total: 117333 ns
[2020-05-16T03:56:36.843+0000][8924][safepoint    ] Safepoint "Cleanup", Time since last: 2000268058 ns, Reaching safepoint: 78840 ns, At safepoint: 3711 ns, Total: 82551 ns
[2020-05-16T03:56:37.844+0000][8924][safepoint    ] Safepoint "Cleanup", Time since last: 1000779130 ns, Reaching safepoint: 114550 ns, At safepoint: 6957 ns, Total: 121507 ns
[2020-05-16T03:56:39.171+0000][8924][safepoint    ] Safepoint "Cleanup", Time since last: 1327124718 ns, Reaching safepoint: 114087 ns, At safepoint: 6492 ns, Total: 120579 ns
[2020-05-16T03:56:40.171+0000][8924][safepoint    ] Safepoint "Cleanup", Time since last: 1000352464 ns, Reaching safepoint: 112232 ns, At safepoint: 4637 ns, Total: 116869 ns
[2020-05-16T03:56:41.172+0000][8924][safepoint    ] Safepoint "Cleanup", Time since last: 1000499015 ns, Reaching safepoint: 115478 ns, At safepoint: 4638 ns, Total: 120116 ns
[2020-05-16T03:56:42.173+0000][8924][safepoint    ] Safepoint "Cleanup", Time since last: 1000586202 ns, Reaching safepoint: 132174 ns, At safepoint: 19942 ns, Total: 152116 ns
[2020-05-16T03:56:43.173+0000][8924][safepoint    ] Safepoint "Cleanup", Time since last: 1000312580 ns, Reaching safepoint: 115014 ns, At safepoint: 5102 ns, Total: 120116 ns
[2020-05-16T03:56:44.174+0000][8924][safepoint    ] Safepoint "Cleanup", Time since last: 1000640463 ns, Reaching safepoint: 108522 ns, At safepoint: 4174 ns, Total: 112696 ns
[2020-05-16T03:56:45.175+0000][8924][safepoint    ] Safepoint "Cleanup", Time since last: 1000702144 ns, Reaching safepoint: 107131 ns, At safepoint: 4637 ns, Total: 111768 ns
[2020-05-16T03:56:46.175+0000][8924][safepoint    ] Safepoint "Cleanup", Time since last: 1000070957 ns, Reaching safepoint: 117797 ns, At safepoint: 5101 ns, Total: 122898 ns
[2020-05-16T03:56:47.175+0000][8924][safepoint    ] Safepoint "Cleanup", Time since last: 1000157681 ns, Reaching safepoint: 114551 ns, At safepoint: 5101 ns, Total: 119652 ns
[2020-05-16T03:56:48.176+0000][8924][safepoint    ] Safepoint "Cleanup", Time since last: 1000851942 ns, Reaching safepoint: 119652 ns, At safepoint: 6029 ns, Total: 125681 ns
[2020-05-16T03:56:49.177+0000][8924][safepoint    ] Safepoint "Cleanup", Time since last: 1000760580 ns, Reaching safepoint: 103884 ns, At safepoint: 4637 ns, Total: 108521 ns
[2020-05-16T03:56:51.177+0000][8924][safepoint    ] Safepoint "Cleanup", Time since last: 2000069565 ns, Reaching safepoint: 77450 ns, At safepoint: 3710 ns, Total: 81160 ns
[2020-05-16T03:56:52.178+0000][8924][safepoint    ] Safepoint "Cleanup", Time since last: 1000875130 ns, Reaching safepoint: 130782 ns, At safepoint: 6957 ns, Total: 137739 ns
[2020-05-16T03:56:53.178+0000][8924][safepoint    ] Safepoint "Cleanup", Time since last: 1000124753 ns, Reaching safepoint: 112696 ns, At safepoint: 4638 ns, Total: 117334 ns
[2020-05-16T03:56:55.179+0000][8924][safepoint    ] Safepoint "Cleanup", Time since last: 2000577855 ns, Reaching safepoint: 100173 ns, At safepoint: 4174 ns, Total: 104347 ns
[2020-05-16T03:56:57.179+0000][8924][safepoint    ] Safepoint "Cleanup", Time since last: 2000029218 ns, Reaching safepoint: 95536 ns, At safepoint: 6029 ns, Total: 101565 ns
[2020-05-16T03:56:58.180+0000][8924][safepoint    ] Safepoint "Cleanup", Time since last: 1000939130 ns, Reaching safepoint: 132174 ns, At safepoint: 6029 ns, Total: 138203 ns
[2020-05-16T03:56:59.181+0000][8924][safepoint    ] Safepoint "Cleanup", Time since last: 1000629797 ns, Reaching safepoint: 98782 ns, At safepoint: 6957 ns, Total: 105739 ns
[2020-05-16T03:57:01.181+0000][8924][safepoint    ] Safepoint "Cleanup", Time since last: 2000179014 ns, Reaching safepoint: 77449 ns, At safepoint: 3247 ns, Total: 80696 ns
[2020-05-16T03:57:03.182+0000][8924][safepoint    ] Safepoint "Cleanup", Time since last: 2000302376 ns, Reaching safepoint: 99247 ns, At safepoint: 5565 ns, Total: 104812 ns
[2020-05-16T03:57:04.182+0000][8924][safepoint    ] Safepoint "Cleanup", Time since last: 1000130319 ns, Reaching safepoint: 119652 ns, At safepoint: 4637 ns, Total: 124289 ns
[2020-05-16T03:57:06.182+0000][8924][safepoint    ] Safepoint "Cleanup", Time since last: 2000082087 ns, Reaching safepoint: 142377 ns, At safepoint: 6957 ns, Total: 149334 ns
[2020-05-16T03:57:07.780+0000][8924][safepoint    ] Safepoint "Cleanup", Time since last: 1598255490 ns, Reaching safepoint: 80696 ns, At safepoint: 5101 ns, Total: 85797 ns
[2020-05-16T03:57:08.784+0000][8924][safepoint    ] Safepoint "Cleanup", Time since last: 1003682317 ns, Reaching safepoint: 95537 ns, At safepoint: 5101 ns, Total: 100638 ns
[2020-05-16T03:57:10.785+0000][8924][safepoint    ] Safepoint "Cleanup", Time since last: 2000134029 ns, Reaching safepoint: 109449 ns, At safepoint: 4638 ns, Total: 114087 ns
[2020-05-16T03:57:11.785+0000][8924][safepoint    ] Safepoint "Cleanup", Time since last: 1000796753 ns, Reaching safepoint: 137739 ns, At safepoint: 6029 ns, Total: 143768 ns
[2020-05-16T03:57:13.786+0000][8924][safepoint    ] Safepoint "Cleanup", Time since last: 1999996290 ns, Reaching safepoint: 98783 ns, At safepoint: 3710 ns, Total: 102493 ns
[2020-05-16T03:57:14.786+0000][8924][safepoint    ] Safepoint "Cleanup", Time since last: 1000006493 ns, Reaching safepoint: 96000 ns, At safepoint: 6028 ns, Total: 102028 ns
[2020-05-16T03:57:15.786+0000][8924][safepoint    ] Safepoint "Cleanup", Time since last: 1000016232 ns, Reaching safepoint: 79305 ns, At safepoint: 3246 ns, Total: 82551 ns
[2020-05-16T03:57:17.786+0000][8924][safepoint    ] Safepoint "Cleanup", Time since last: 2000446145 ns, Reaching safepoint: 137739 ns, At safepoint: 6029 ns, Total: 143768 ns
[2020-05-16T03:57:18.787+0000][8924][safepoint    ] Safepoint "Cleanup", Time since last: 1000310261 ns, Reaching safepoint: 127536 ns, At safepoint: 5565 ns, Total: 133101 ns
[2020-05-16T03:57:19.788+0000][8924][safepoint    ] Safepoint "Cleanup", Time since last: 1000603362 ns, Reaching safepoint: 67246 ns, At safepoint: 3247 ns, Total: 70493 ns
[2020-05-16T03:57:20.788+0000][8924][safepoint    ] Safepoint "Cleanup", Time since last: 1000544927 ns, Reaching safepoint: 111768 ns, At safepoint: 3710 ns, Total: 115478 ns
[2020-05-16T03:57:21.788+0000][8924][safepoint    ] Safepoint "Cleanup", Time since last: 1000238377 ns, Reaching safepoint: 99246 ns, At safepoint: 4174 ns, Total: 103420 ns
[2020-05-16T03:57:22.789+0000][8924][safepoint    ] Safepoint "Cleanup", Time since last: 1000804174 ns, Reaching safepoint: 69565 ns, At safepoint: 2782 ns, Total: 72347 ns
[2020-05-16T03:57:23.790+0000][8924][safepoint    ] Safepoint "Cleanup", Time since last: 1000249508 ns, Reaching safepoint: 93217 ns, At safepoint: 3710 ns, Total: 96927 ns
[2020-05-16T03:57:25.790+0000][8924][safepoint    ] Safepoint "Cleanup", Time since last: 2000046377 ns, Reaching safepoint: 107130 ns, At safepoint: 4174 ns, Total: 111304 ns
[2020-05-16T03:57:26.791+0000][8924][safepoint    ] Safepoint "Cleanup", Time since last: 1000805565 ns, Reaching safepoint: 83942 ns, At safepoint: 4174 ns, Total: 88116 ns
[2020-05-16T03:57:27.791+0000][8924][safepoint    ] Safepoint "Cleanup", Time since last: 1000250435 ns, Reaching safepoint: 104347 ns, At safepoint: 3711 ns, Total: 108058 ns
[2020-05-16T03:57:28.792+0000][8924][safepoint    ] Safepoint "Cleanup", Time since last: 1000382144 ns, Reaching safepoint: 107594 ns, At safepoint: 1855 ns, Total: 109449 ns
[2020-05-16T03:57:29.792+0000][8924][safepoint    ] Safepoint "Cleanup", Time since last: 1000465623 ns, Reaching safepoint: 95073 ns, At safepoint: 3710 ns, Total: 98783 ns
[2020-05-16T03:57:30.793+0000][8924][safepoint    ] Safepoint "Cleanup", Time since last: 1000920579 ns, Reaching safepoint: 86725 ns, At safepoint: 3710 ns, Total: 90435 ns
[2020-05-16T03:57:31.794+0000][8924][safepoint    ] Safepoint "Cleanup", Time since last: 1000709101 ns, Reaching safepoint: 92290 ns, At safepoint: 3710 ns, Total: 96000 ns
[2020-05-16T03:57:32.794+0000][8924][safepoint    ] Safepoint "Cleanup", Time since last: 1000343652 ns, Reaching safepoint: 99710 ns, At safepoint: 4174 ns, Total: 103884 ns
[2020-05-16T03:57:33.795+0000][8924][safepoint    ] Safepoint "Cleanup", Time since last: 1000827826 ns, Reaching safepoint: 96464 ns, At safepoint: 3246 ns, Total: 99710 ns
[2020-05-16T03:57:34.796+0000][8924][safepoint    ] Safepoint "Cleanup", Time since last: 1000646956 ns, Reaching safepoint: 78377 ns, At safepoint: 3246 ns, Total: 81623 ns
[2020-05-16T03:57:35.796+0000][8924][safepoint    ] Safepoint "Cleanup", Time since last: 1000151189 ns, Reaching safepoint: 91826 ns, At safepoint: 4637 ns, Total: 96463 ns
[2020-05-16T03:57:37.797+0000][8924][safepoint    ] Safepoint "Cleanup", Time since last: 2000065392 ns, Reaching safepoint: 107594 ns, At safepoint: 3710 ns, Total: 111304 ns
[2020-05-16T03:57:38.797+0000][8924][safepoint    ] Safepoint "Cleanup", Time since last: 1000602898 ns, Reaching safepoint: 111768 ns, At safepoint: 7884 ns, Total: 119652 ns
[2020-05-16T03:57:39.798+0000][8924][safepoint    ] Safepoint "Cleanup", Time since last: 1000895536 ns, Reaching safepoint: 120580 ns, At safepoint: 4174 ns, Total: 124754 ns
[2020-05-16T03:57:41.799+0000][8924][safepoint    ] Safepoint "Cleanup", Time since last: 2000331594 ns, Reaching safepoint: 93217 ns, At safepoint: 2783 ns, Total: 96000 ns
[2020-05-16T03:57:42.799+0000][8924][safepoint    ] Safepoint "Cleanup", Time since last: 1000690086 ns, Reaching safepoint: 103884 ns, At safepoint: 3711 ns, Total: 107595 ns
[2020-05-16T03:57:44.800+0000][8924][safepoint    ] Safepoint "Cleanup", Time since last: 2000389101 ns, Reaching safepoint: 103420 ns, At safepoint: 7420 ns, Total: 110840 ns
[2020-05-16T03:57:45.801+0000][8924][safepoint    ] Safepoint "Cleanup", Time since last: 1000572754 ns, Reaching safepoint: 85333 ns, At safepoint: 3710 ns, Total: 89043 ns
[2020-05-16T03:57:46.801+0000][8924][safepoint    ] Safepoint "Cleanup", Time since last: 1000674319 ns, Reaching safepoint: 97391 ns, At safepoint: 6493 ns, Total: 103884 ns
[2020-05-16T03:57:47.802+0000][8924][safepoint    ] Safepoint "Cleanup", Time since last: 1000380753 ns, Reaching safepoint: 109913 ns, At safepoint: 6029 ns, Total: 115942 ns
[2020-05-16T03:57:48.802+0000][8924][safepoint    ] Safepoint "Cleanup", Time since last: 1000428985 ns, Reaching safepoint: 86725 ns, At safepoint: 3710 ns, Total: 90435 ns
[2020-05-16T03:57:49.803+0000][8924][safepoint    ] Safepoint "Cleanup", Time since last: 1000520348 ns, Reaching safepoint: 111304 ns, At safepoint: 4174 ns, Total: 115478 ns
[2020-05-16T03:57:51.803+0000][8924][safepoint    ] Safepoint "Cleanup", Time since last: 2000084869 ns, Reaching safepoint: 100174 ns, At safepoint: 3710 ns, Total: 103884 ns
[2020-05-16T03:57:52.803+0000][8924][safepoint    ] Safepoint "Cleanup", Time since last: 1000103884 ns, Reaching safepoint: 96928 ns, At safepoint: 5101 ns, Total: 102029 ns
[2020-05-16T03:57:53.804+0000][8924][safepoint    ] Safepoint "Cleanup", Time since last: 1000897855 ns, Reaching safepoint: 85333 ns, At safepoint: 4174 ns, Total: 89507 ns
[2020-05-16T03:57:54.805+0000][8924][safepoint    ] Safepoint "Cleanup", Time since last: 1000080696 ns, Reaching safepoint: 100174 ns, At safepoint: 4637 ns, Total: 104811 ns
[2020-05-16T03:57:55.805+0000][8924][safepoint    ] Safepoint "Cleanup", Time since last: 1000451710 ns, Reaching safepoint: 100638 ns, At safepoint: 3246 ns, Total: 103884 ns
[2020-05-16T03:57:57.806+0000][8924][safepoint    ] Safepoint "Cleanup", Time since last: 2000285681 ns, Reaching safepoint: 82087 ns, At safepoint: 6029 ns, Total: 88116 ns
[2020-05-16T03:57:58.806+0000][8924][safepoint    ] Safepoint "Cleanup", Time since last: 1000529623 ns, Reaching safepoint: 88116 ns, At safepoint: 4638 ns, Total: 92754 ns
[2020-05-16T03:57:59.807+0000][8924][safepoint    ] Safepoint "Cleanup", Time since last: 1000883941 ns, Reaching safepoint: 101566 ns, At safepoint: 6492 ns, Total: 108058 ns
[2020-05-16T03:58:01.807+0000][8924][safepoint    ] Safepoint "Cleanup", Time since last: 2000021797 ns, Reaching safepoint: 108986 ns, At safepoint: 4174 ns, Total: 113160 ns
[2020-05-16T03:58:03.808+0000][8924][safepoint    ] Safepoint "Cleanup", Time since last: 2000395130 ns, Reaching safepoint: 99710 ns, At safepoint: 2319 ns, Total: 102029 ns
[2020-05-16T03:58:04.809+0000][8924][safepoint    ] Safepoint "Cleanup", Time since last: 1000772174 ns, Reaching safepoint: 108057 ns, At safepoint: 4174 ns, Total: 112231 ns
[2020-05-16T03:58:05.810+0000][8924][safepoint    ] Safepoint "Cleanup", Time since last: 1000750377 ns, Reaching safepoint: 82551 ns, At safepoint: 3246 ns, Total: 85797 ns
[2020-05-16T03:58:06.810+0000][8924][safepoint    ] Safepoint "Cleanup", Time since last: 1000649739 ns, Reaching safepoint: 96463 ns, At safepoint: 5102 ns, Total: 101565 ns
[2020-05-16T03:58:07.811+0000][8924][safepoint    ] Safepoint "Cleanup", Time since last: 1000335304 ns, Reaching safepoint: 105739 ns, At safepoint: 3247 ns, Total: 108986 ns
[2020-05-16T03:58:08.811+0000][8924][safepoint    ] Safepoint "Cleanup", Time since last: 1000486028 ns, Reaching safepoint: 139131 ns, At safepoint: 6492 ns, Total: 145623 ns
[2020-05-16T03:58:09.812+0000][8924][safepoint    ] Safepoint "Cleanup", Time since last: 1000278261 ns, Reaching safepoint: 107131 ns, At safepoint: 7884 ns, Total: 115015 ns
[2020-05-16T03:58:10.812+0000][8924][safepoint    ] Safepoint "Cleanup", Time since last: 1000527304 ns, Reaching safepoint: 106203 ns, At safepoint: 5101 ns, Total: 111304 ns
[2020-05-16T03:58:11.813+0000][8924][safepoint    ] Safepoint "Cleanup", Time since last: 1000003246 ns, Reaching safepoint: 104348 ns, At safepoint: 3247 ns, Total: 107595 ns
[2020-05-16T03:58:12.813+0000][8924][safepoint    ] Safepoint "Cleanup", Time since last: 1000659941 ns, Reaching safepoint: 89044 ns, At safepoint: 5101 ns, Total: 94145 ns
[2020-05-16T03:58:14.814+0000][8924][safepoint    ] Safepoint "Cleanup", Time since last: 2000233739 ns, Reaching safepoint: 194783 ns, At safepoint: 6029 ns, Total: 200812 ns
[2020-05-16T03:58:15.814+0000][8924][safepoint    ] Safepoint "Cleanup", Time since last: 1000385391 ns, Reaching safepoint: 99710 ns, At safepoint: 5565 ns, Total: 105275 ns
[2020-05-16T03:58:16.815+0000][8924][safepoint    ] Safepoint "Cleanup", Time since last: 1000249971 ns, Reaching safepoint: 88116 ns, At safepoint: 3246 ns, Total: 91362 ns
[2020-05-16T03:58:17.815+0000][8924][safepoint    ] Safepoint "Cleanup", Time since last: 1000672928 ns, Reaching safepoint: 88115 ns, At safepoint: 3711 ns, Total: 91826 ns
[2020-05-16T03:58:18.816+0000][8924][safepoint    ] Safepoint "Cleanup", Time since last: 1000452637 ns, Reaching safepoint: 78841 ns, At safepoint: 3246 ns, Total: 82087 ns
[2020-05-16T03:58:19.816+0000][8924][safepoint    ] Safepoint "Cleanup", Time since last: 1000453565 ns, Reaching safepoint: 114087 ns, At safepoint: 7420 ns, Total: 121507 ns
[2020-05-16T03:58:20.817+0000][8924][safepoint    ] Safepoint "Cleanup", Time since last: 1000231420 ns, Reaching safepoint: 100174 ns, At safepoint: 4174 ns, Total: 104348 ns
[2020-05-16T03:58:21.818+0000][8924][safepoint    ] Safepoint "Cleanup", Time since last: 1000802782 ns, Reaching safepoint: 72812 ns, At safepoint: 2319 ns, Total: 75131 ns
[2020-05-16T03:58:23.818+0000][8924][safepoint    ] Safepoint "Cleanup", Time since last: 2000016232 ns, Reaching safepoint: 69565 ns, At safepoint: 2319 ns, Total: 71884 ns
[2020-05-16T03:58:24.819+0000][8924][safepoint    ] Safepoint "Cleanup", Time since last: 1000817159 ns, Reaching safepoint: 83942 ns, At safepoint: 4637 ns, Total: 88579 ns
[2020-05-16T03:58:25.819+0000][8924][safepoint    ] Safepoint "Cleanup", Time since last: 1000351536 ns, Reaching safepoint: 70493 ns, At safepoint: 2783 ns, Total: 73276 ns
[2020-05-16T03:58:26.820+0000][8924][safepoint    ] Safepoint "Cleanup", Time since last: 1000512927 ns, Reaching safepoint: 129855 ns, At safepoint: 3710 ns, Total: 133565 ns
[2020-05-16T03:58:27.820+0000][8924][safepoint    ] Safepoint "Cleanup", Time since last: 1000289855 ns, Reaching safepoint: 88580 ns, At safepoint: 3246 ns, Total: 91826 ns
[2020-05-16T03:58:28.821+0000][8924][safepoint    ] Safepoint "Cleanup", Time since last: 1000524522 ns, Reaching safepoint: 76058 ns, At safepoint: 2318 ns, Total: 78376 ns
[2020-05-16T03:58:29.821+0000][8924][safepoint    ] Safepoint "Cleanup", Time since last: 1000582493 ns, Reaching safepoint: 86725 ns, At safepoint: 4173 ns, Total: 90898 ns
[2020-05-16T03:58:30.821+0000][8924][safepoint    ] Safepoint "Cleanup", Time since last: 1000088580 ns, Reaching safepoint: 104348 ns, At safepoint: 4174 ns, Total: 108522 ns
[2020-05-16T03:58:32.822+0000][8924][safepoint    ] Safepoint "Cleanup", Time since last: 2000616811 ns, Reaching safepoint: 59362 ns, At safepoint: 1855 ns, Total: 61217 ns
[2020-05-16T03:58:33.823+0000][8924][safepoint    ] Safepoint "Cleanup", Time since last: 1000827826 ns, Reaching safepoint: 92290 ns, At safepoint: 4638 ns, Total: 96928 ns
[2020-05-16T03:58:34.824+0000][8924][safepoint    ] Safepoint "Cleanup", Time since last: 1000674782 ns, Reaching safepoint: 97391 ns, At safepoint: 5102 ns, Total: 102493 ns
[2020-05-16T03:58:35.825+0000][8924][safepoint    ] Safepoint "Cleanup", Time since last: 1000774028 ns, Reaching safepoint: 96464 ns, At safepoint: 3246 ns, Total: 99710 ns
[2020-05-16T03:58:36.826+0000][8924][safepoint    ] Safepoint "Cleanup", Time since last: 1000629797 ns, Reaching safepoint: 92754 ns, At safepoint: 2782 ns, Total: 95536 ns
[2020-05-16T03:58:38.826+0000][8924][safepoint    ] Safepoint "Cleanup", Time since last: 1999998609 ns, Reaching safepoint: 108522 ns, At safepoint: 4174 ns, Total: 112696 ns
[2020-05-16T03:58:39.827+0000][8924][safepoint    ] Safepoint "Cleanup", Time since last: 1000813912 ns, Reaching safepoint: 96000 ns, At safepoint: 2319 ns, Total: 98319 ns
[2020-05-16T03:58:40.827+0000][8924][safepoint    ] Safepoint "Cleanup", Time since last: 1000811594 ns, Reaching safepoint: 100638 ns, At safepoint: 4174 ns, Total: 104812 ns
[2020-05-16T03:58:42.427+0000][8924][safepoint    ] Safepoint "Cleanup", Time since last: 1599676939 ns, Reaching safepoint: 131246 ns, At safepoint: 39884 ns, Total: 171130 ns
[2020-05-16T03:58:43.427+0000][8924][safepoint    ] Safepoint "Cleanup", Time since last: 1000005102 ns, Reaching safepoint: 92753 ns, At safepoint: 17160 ns, Total: 109913 ns
[2020-05-16T03:58:44.428+0000][8924][safepoint    ] Safepoint "Cleanup", Time since last: 1000592695 ns, Reaching safepoint: 85333 ns, At safepoint: 3247 ns, Total: 88580 ns
[2020-05-16T03:58:46.428+0000][8924][safepoint    ] Safepoint "Cleanup", Time since last: 1999970782 ns, Reaching safepoint: 122899 ns, At safepoint: 5565 ns, Total: 128464 ns
[2020-05-16T03:58:47.429+0000][8924][safepoint    ] Safepoint "Cleanup", Time since last: 1001038840 ns, Reaching safepoint: 117797 ns, At safepoint: 17160 ns, Total: 134957 ns
[2020-05-16T03:58:48.430+0000][8924][safepoint    ] Safepoint "Cleanup", Time since last: 1000504115 ns, Reaching safepoint: 74203 ns, At safepoint: 3246 ns, Total: 77449 ns
[2020-05-16T03:58:49.431+0000][8924][safepoint    ] Safepoint "Cleanup", Time since last: 1000709565 ns, Reaching safepoint: 97855 ns, At safepoint: 3247 ns, Total: 101102 ns
[2020-05-16T03:58:51.431+0000][8924][safepoint    ] Safepoint "Cleanup", Time since last: 2000320927 ns, Reaching safepoint: 73275 ns, At safepoint: 1856 ns, Total: 75131 ns
[2020-05-16T03:58:52.431+0000][8924][safepoint    ] Safepoint "Cleanup", Time since last: 1000101101 ns, Reaching safepoint: 120580 ns, At safepoint: 2318 ns, Total: 122898 ns
[2020-05-16T03:58:53.432+0000][8924][safepoint    ] Safepoint "Cleanup", Time since last: 1000168812 ns, Reaching safepoint: 82551 ns, At safepoint: 3246 ns, Total: 85797 ns
[2020-05-16T03:58:54.432+0000][8924][safepoint    ] Safepoint "Cleanup", Time since last: 1000101565 ns, Reaching safepoint: 81160 ns, At safepoint: 1391 ns, Total: 82551 ns
[2020-05-16T03:58:55.432+0000][8924][safepoint    ] Safepoint "Cleanup", Time since last: 1000524521 ns, Reaching safepoint: 81160 ns, At safepoint: 3710 ns, Total: 84870 ns
[2020-05-16T03:58:56.433+0000][8924][safepoint    ] Safepoint "Cleanup", Time since last: 1000213797 ns, Reaching safepoint: 86261 ns, At safepoint: 3246 ns, Total: 89507 ns
[2020-05-16T03:58:57.433+0000][8924][safepoint    ] Safepoint "Cleanup", Time since last: 1000395130 ns, Reaching safepoint: 70957 ns, At safepoint: 1855 ns, Total: 72812 ns
[2020-05-16T03:58:58.434+0000][8924][safepoint    ] Safepoint "Cleanup", Time since last: 1000361275 ns, Reaching safepoint: 90435 ns, At safepoint: 3246 ns, Total: 93681 ns
[2020-05-16T03:58:59.434+0000][8924][safepoint    ] Safepoint "Cleanup", Time since last: 1000421565 ns, Reaching safepoint: 88580 ns, At safepoint: 5101 ns, Total: 93681 ns
[2020-05-16T03:59:00.434+0000][8924][safepoint    ] Safepoint "Cleanup", Time since last: 1000115942 ns, Reaching safepoint: 80232 ns, At safepoint: 2783 ns, Total: 83015 ns
[2020-05-16T03:59:01.435+0000][8924][safepoint    ] Safepoint "Cleanup", Time since last: 1000266666 ns, Reaching safepoint: 69102 ns, At safepoint: 4174 ns, Total: 73276 ns
[2020-05-16T03:59:03.435+0000][8924][safepoint    ] Safepoint "Cleanup", Time since last: 2000643710 ns, Reaching safepoint: 102028 ns, At safepoint: 3711 ns, Total: 105739 ns
[2020-05-16T03:59:04.436+0000][8924][safepoint    ] Safepoint "Cleanup", Time since last: 1000681275 ns, Reaching safepoint: 80232 ns, At safepoint: 3710 ns, Total: 83942 ns
[2020-05-16T03:59:05.437+0000][8924][safepoint    ] Safepoint "Cleanup", Time since last: 1000715130 ns, Reaching safepoint: 95536 ns, At safepoint: 3710 ns, Total: 99246 ns
[2020-05-16T03:59:06.438+0000][8924][safepoint    ] Safepoint "Cleanup", Time since last: 1000851942 ns, Reaching safepoint: 107594 ns, At safepoint: 3710 ns, Total: 111304 ns
[2020-05-16T03:59:07.439+0000][8924][safepoint    ] Safepoint "Cleanup", Time since last: 1000608463 ns, Reaching safepoint: 59827 ns, At safepoint: 2782 ns, Total: 62609 ns
[2020-05-16T03:59:08.439+0000][8924][safepoint    ] Safepoint "Cleanup", Time since last: 1000109913 ns, Reaching safepoint: 120580 ns, At safepoint: 5101 ns, Total: 125681 ns
[2020-05-16T03:59:09.459+0000][8924][safepoint    ] Safepoint "Cleanup", Time since last: 1020215643 ns, Reaching safepoint: 80696 ns, At safepoint: 3246 ns, Total: 83942 ns
[2020-05-16T03:59:10.459+0000][8924][safepoint    ] Safepoint "Cleanup", Time since last: 1000127536 ns, Reaching safepoint: 110841 ns, At safepoint: 1855 ns, Total: 112696 ns
[2020-05-16T03:59:11.460+0000][8924][safepoint    ] Safepoint "Cleanup", Time since last: 1000063072 ns, Reaching safepoint: 98783 ns, At safepoint: 3710 ns, Total: 102493 ns
[2020-05-16T03:59:12.460+0000][8924][safepoint    ] Safepoint "Cleanup", Time since last: 1000547710 ns, Reaching safepoint: 103884 ns, At safepoint: 3710 ns, Total: 107594 ns
[2020-05-16T03:59:13.461+0000][8924][safepoint    ] Safepoint "Cleanup", Time since last: 1000614956 ns, Reaching safepoint: 94609 ns, At safepoint: 4174 ns, Total: 98783 ns
[2020-05-16T03:59:14.462+0000][8924][safepoint    ] Safepoint "Cleanup", Time since last: 1000635826 ns, Reaching safepoint: 108985 ns, At safepoint: 4174 ns, Total: 113159 ns
[2020-05-16T03:59:15.463+0000][8924][safepoint    ] Safepoint "Cleanup", Time since last: 1000844985 ns, Reaching safepoint: 101101 ns, At safepoint: 3247 ns, Total: 104348 ns
[2020-05-16T03:59:16.494+0000][8924][safepoint    ] Safepoint "Cleanup", Time since last: 1031743058 ns, Reaching safepoint: 76985 ns, At safepoint: 18087 ns, Total: 95072 ns
[2020-05-16T03:59:18.496+0000][8924][safepoint    ] Safepoint "Cleanup", Time since last: 2001041623 ns, Reaching safepoint: 141913 ns, At safepoint: 6492 ns, Total: 148405 ns
[2020-05-16T03:59:20.496+0000][8924][safepoint    ] Safepoint "Cleanup", Time since last: 2000405797 ns, Reaching safepoint: 61681 ns, At safepoint: 46377 ns, Total: 108058 ns
[2020-05-16T03:59:21.497+0000][8924][safepoint    ] Safepoint "Cleanup", Time since last: 1000916869 ns, Reaching safepoint: 78841 ns, At safepoint: 3246 ns, Total: 82087 ns
[2020-05-16T03:59:23.498+0000][8924][safepoint    ] Safepoint "Cleanup", Time since last: 2000233276 ns, Reaching safepoint: 102492 ns, At safepoint: 5566 ns, Total: 108058 ns
[2020-05-16T03:59:25.499+0000][8924][safepoint    ] Safepoint "Cleanup", Time since last: 2000923361 ns, Reaching safepoint: 99711 ns, At safepoint: 3246 ns, Total: 102957 ns
[2020-05-16T03:59:27.499+0000][8924][safepoint    ] Safepoint "Cleanup", Time since last: 2000082087 ns, Reaching safepoint: 92290 ns, At safepoint: 2782 ns, Total: 95072 ns
[2020-05-16T03:59:28.499+0000][8924][safepoint    ] Safepoint "Cleanup", Time since last: 1000508754 ns, Reaching safepoint: 99710 ns, At safepoint: 5565 ns, Total: 105275 ns
[2020-05-16T03:59:29.500+0000][8924][safepoint    ] Safepoint "Cleanup", Time since last: 1000522666 ns, Reaching safepoint: 99710 ns, At safepoint: 3247 ns, Total: 102957 ns
[2020-05-16T03:59:30.500+0000][8924][safepoint    ] Safepoint "Cleanup", Time since last: 1000138203 ns, Reaching safepoint: 108985 ns, At safepoint: 4174 ns, Total: 113159 ns
[2020-05-16T03:59:31.501+0000][8924][safepoint    ] Safepoint "Cleanup", Time since last: 1000726261 ns, Reaching safepoint: 77449 ns, At safepoint: 2319 ns, Total: 79768 ns
[2020-05-16T03:59:32.502+0000][8924][safepoint    ] Safepoint "Cleanup", Time since last: 1000435014 ns, Reaching safepoint: 73739 ns, At safepoint: 3246 ns, Total: 76985 ns
[2020-05-16T03:59:33.502+0000][8924][safepoint    ] Safepoint "Cleanup", Time since last: 1000595478 ns, Reaching safepoint: 72812 ns, At safepoint: 2319 ns, Total: 75131 ns
[2020-05-16T03:59:34.503+0000][8924][safepoint    ] Safepoint "Cleanup", Time since last: 1000267594 ns, Reaching safepoint: 75594 ns, At safepoint: 3710 ns, Total: 79304 ns
[2020-05-16T03:59:35.503+0000][8924][safepoint    ] Safepoint "Cleanup", Time since last: 1000623768 ns, Reaching safepoint: 71420 ns, At safepoint: 3247 ns, Total: 74667 ns
[2020-05-16T03:59:36.504+0000][8924][safepoint    ] Safepoint "Cleanup", Time since last: 1000181797 ns, Reaching safepoint: 92289 ns, At safepoint: 4638 ns, Total: 96927 ns
[2020-05-16T03:59:37.505+0000][8924][safepoint    ] Safepoint "Cleanup", Time since last: 1000870956 ns, Reaching safepoint: 79305 ns, At safepoint: 4637 ns, Total: 83942 ns
[2020-05-16T03:59:38.505+0000][8924][safepoint    ] Safepoint "Cleanup", Time since last: 1000723478 ns, Reaching safepoint: 112232 ns, At safepoint: 6029 ns, Total: 118261 ns
[2020-05-16T03:59:39.506+0000][8924][safepoint    ] Safepoint "Cleanup", Time since last: 1000401623 ns, Reaching safepoint: 88580 ns, At safepoint: 3246 ns, Total: 91826 ns
[2020-05-16T03:59:40.507+0000][8924][safepoint    ] Safepoint "Cleanup", Time since last: 1000579246 ns, Reaching safepoint: 122899 ns, At safepoint: 3710 ns, Total: 126609 ns
[2020-05-16T03:59:41.507+0000][8924][safepoint    ] Safepoint "Cleanup", Time since last: 1000799999 ns, Reaching safepoint: 94609 ns, At safepoint: 1855 ns, Total: 96464 ns
[2020-05-16T03:59:42.508+0000][8924][safepoint    ] Safepoint "Cleanup", Time since last: 1000340870 ns, Reaching safepoint: 57043 ns, At safepoint: 2319 ns, Total: 59362 ns
[2020-05-16T03:59:43.508+0000][8924][safepoint    ] Safepoint "Cleanup", Time since last: 1000294492 ns, Reaching safepoint: 95537 ns, At safepoint: 5565 ns, Total: 101102 ns
[2020-05-16T03:59:44.540+0000][8924][safepoint    ] Safepoint "Cleanup", Time since last: 1031121609 ns, Reaching safepoint: 56116 ns, At safepoint: 9739 ns, Total: 65855 ns
[2020-05-16T03:59:45.540+0000][8924][safepoint    ] Safepoint "Cleanup", Time since last: 1000139594 ns, Reaching safepoint: 87652 ns, At safepoint: 3710 ns, Total: 91362 ns
[2020-05-16T03:59:46.540+0000][8924][safepoint    ] Safepoint "Cleanup", Time since last: 1000285681 ns, Reaching safepoint: 203594 ns, At safepoint: 6493 ns, Total: 210087 ns
[2020-05-16T03:59:48.541+0000][8924][safepoint    ] Safepoint "Cleanup", Time since last: 2000287072 ns, Reaching safepoint: 83479 ns, At safepoint: 4637 ns, Total: 88116 ns
[2020-05-16T03:59:49.541+0000][8924][safepoint    ] Safepoint "Cleanup", Time since last: 1000633507 ns, Reaching safepoint: 83478 ns, At safepoint: 3247 ns, Total: 86725 ns
[2020-05-16T03:59:50.542+0000][8924][safepoint    ] Safepoint "Cleanup", Time since last: 1000390029 ns, Reaching safepoint: 92753 ns, At safepoint: 3246 ns, Total: 95999 ns
[2020-05-16T03:59:51.542+0000][8924][safepoint    ] Safepoint "Cleanup", Time since last: 1000161855 ns, Reaching safepoint: 101566 ns, At safepoint: 3246 ns, Total: 104812 ns
[2020-05-16T03:59:52.543+0000][8924][safepoint    ] Safepoint "Cleanup", Time since last: 1000814840 ns, Reaching safepoint: 93681 ns, At safepoint: 3247 ns, Total: 96928 ns
[2020-05-16T03:59:53.544+0000][8924][safepoint    ] Safepoint "Cleanup", Time since last: 1000681739 ns, Reaching safepoint: 88579 ns, At safepoint: 3247 ns, Total: 91826 ns
[2020-05-16T03:59:54.544+0000][8924][safepoint    ] Safepoint "Cleanup", Time since last: 1000248115 ns, Reaching safepoint: 83479 ns, At safepoint: 4174 ns, Total: 87653 ns
[2020-05-16T03:59:55.545+0000][8924][safepoint    ] Safepoint "Cleanup", Time since last: 1000649275 ns, Reaching safepoint: 85797 ns, At safepoint: 3246 ns, Total: 89043 ns
[2020-05-16T03:59:56.546+0000][8924][safepoint    ] Safepoint "Cleanup", Time since last: 1000941449 ns, Reaching safepoint: 102956 ns, At safepoint: 3247 ns, Total: 106203 ns
[2020-05-16T03:59:57.546+0000][8924][safepoint    ] Safepoint "Cleanup", Time since last: 1000295420 ns, Reaching safepoint: 78377 ns, At safepoint: 3710 ns, Total: 82087 ns
[2020-05-16T03:59:58.547+0000][8924][safepoint    ] Safepoint "Cleanup", Time since last: 1000582029 ns, Reaching safepoint: 91826 ns, At safepoint: 5101 ns, Total: 96927 ns
[2020-05-16T03:59:59.547+0000][8924][safepoint    ] Safepoint "Cleanup", Time since last: 1000114087 ns, Reaching safepoint: 84406 ns, At safepoint: 3246 ns, Total: 87652 ns
[2020-05-16T04:00:01.547+0000][8924][safepoint    ] Safepoint "Cleanup", Time since last: 2000352927 ns, Reaching safepoint: 79305 ns, At safepoint: 2319 ns, Total: 81624 ns
[2020-05-16T04:00:02.548+0000][8924][safepoint    ] Safepoint "Cleanup", Time since last: 1000738782 ns, Reaching safepoint: 87652 ns, At safepoint: 3246 ns, Total: 90898 ns
[2020-05-16T04:00:03.549+0000][8924][safepoint    ] Safepoint "Cleanup", Time since last: 1000840348 ns, Reaching safepoint: 69101 ns, At safepoint: 2783 ns, Total: 71884 ns
[2020-05-16T04:00:04.550+0000][8924][safepoint    ] Safepoint "Cleanup", Time since last: 1000580637 ns, Reaching safepoint: 82551 ns, At safepoint: 3710 ns, Total: 86261 ns
[2020-05-16T04:00:05.550+0000][8924][safepoint    ] Safepoint "Cleanup", Time since last: 1000179478 ns, Reaching safepoint: 64000 ns, At safepoint: 4638 ns, Total: 68638 ns
[2020-05-16T04:00:06.551+0000][8924][safepoint    ] Safepoint "Cleanup", Time since last: 1000213797 ns, Reaching safepoint: 69565 ns, At safepoint: 3246 ns, Total: 72811 ns
[2020-05-16T04:00:07.551+0000][8924][safepoint    ] Safepoint "Cleanup", Time since last: 1000747131 ns, Reaching safepoint: 88579 ns, At safepoint: 2319 ns, Total: 90898 ns
[2020-05-16T04:00:08.552+0000][8924][safepoint    ] Safepoint "Cleanup", Time since last: 1000262029 ns, Reaching safepoint: 80232 ns, At safepoint: 3246 ns, Total: 83478 ns
[2020-05-16T04:00:09.552+0000][8924][safepoint    ] Safepoint "Cleanup", Time since last: 1000450783 ns, Reaching safepoint: 121507 ns, At safepoint: 3246 ns, Total: 124753 ns
[2020-05-16T04:00:11.552+0000][8924][safepoint    ] Safepoint "Cleanup", Time since last: 2000083015 ns, Reaching safepoint: 102956 ns, At safepoint: 1855 ns, Total: 104811 ns
[2020-05-16T04:00:12.553+0000][8924][safepoint    ] Safepoint "Cleanup", Time since last: 1000391420 ns, Reaching safepoint: 104348 ns, At safepoint: 3710 ns, Total: 108058 ns
[2020-05-16T04:00:13.554+0000][8924][safepoint    ] Safepoint "Cleanup", Time since last: 1000863536 ns, Reaching safepoint: 75594 ns, At safepoint: 1855 ns, Total: 77449 ns
[2020-05-16T04:00:15.554+0000][8924][safepoint    ] Safepoint "Cleanup", Time since last: 2000012522 ns, Reaching safepoint: 72811 ns, At safepoint: 2319 ns, Total: 75130 ns
[2020-05-16T04:00:16.555+0000][8924][safepoint    ] Safepoint "Cleanup", Time since last: 1000780985 ns, Reaching safepoint: 63537 ns, At safepoint: 2782 ns, Total: 66319 ns
[2020-05-16T04:00:17.556+0000][8924][safepoint    ] Safepoint "Cleanup", Time since last: 1000672927 ns, Reaching safepoint: 106667 ns, At safepoint: 1855 ns, Total: 108522 ns
[2020-05-16T04:00:18.556+0000][8924][safepoint    ] Safepoint "Cleanup", Time since last: 1000136348 ns, Reaching safepoint: 64927 ns, At safepoint: 3711 ns, Total: 68638 ns
[2020-05-16T04:00:19.556+0000][8924][safepoint    ] Safepoint "Cleanup", Time since last: 1000260173 ns, Reaching safepoint: 55189 ns, At safepoint: 1855 ns, Total: 57044 ns
[2020-05-16T04:00:20.556+0000][8924][safepoint    ] Safepoint "Cleanup", Time since last: 1000105739 ns, Reaching safepoint: 85797 ns, At safepoint: 3246 ns, Total: 89043 ns
[2020-05-16T04:00:22.557+0000][8924][safepoint    ] Safepoint "Cleanup", Time since last: 2000214725 ns, Reaching safepoint: 79768 ns, At safepoint: 2783 ns, Total: 82551 ns
[2020-05-16T04:00:23.557+0000][8924][safepoint    ] Safepoint "Cleanup", Time since last: 1000247188 ns, Reaching safepoint: 108522 ns, At safepoint: 3246 ns, Total: 111768 ns
[2020-05-16T04:00:24.557+0000][8924][safepoint    ] Safepoint "Cleanup", Time since last: 1000263884 ns, Reaching safepoint: 81623 ns, At safepoint: 2783 ns, Total: 84406 ns
[2020-05-16T04:00:25.558+0000][8924][safepoint    ] Safepoint "Cleanup", Time since last: 1000738782 ns, Reaching safepoint: 96927 ns, At safepoint: 3247 ns, Total: 100174 ns
[2020-05-16T04:00:27.558+0000][8924][safepoint    ] Safepoint "Cleanup", Time since last: 2000037101 ns, Reaching safepoint: 104348 ns, At safepoint: 3710 ns, Total: 108058 ns
[2020-05-16T04:00:28.617+0000][8924][safepoint    ] Safepoint "Cleanup", Time since last: 1058392553 ns, Reaching safepoint: 87188 ns, At safepoint: 5565 ns, Total: 92753 ns
[2020-05-16T04:00:29.617+0000][8924][safepoint    ] Safepoint "Cleanup", Time since last: 1000614957 ns, Reaching safepoint: 70492 ns, At safepoint: 2783 ns, Total: 73275 ns
[2020-05-16T04:00:30.618+0000][8924][safepoint    ] Safepoint "Cleanup", Time since last: 1000412753 ns, Reaching safepoint: 104348 ns, At safepoint: 3710 ns, Total: 108058 ns
[2020-05-16T04:00:31.619+0000][8924][safepoint    ] Safepoint "Cleanup", Time since last: 1000530551 ns, Reaching safepoint: 88579 ns, At safepoint: 3247 ns, Total: 91826 ns
[2020-05-16T04:00:32.619+0000][8924][safepoint    ] Safepoint "Cleanup", Time since last: 1000287072 ns, Reaching safepoint: 140522 ns, At safepoint: 74666 ns, Total: 215188 ns
[2020-05-16T04:00:33.620+0000][8924][safepoint    ] Safepoint "Cleanup", Time since last: 1000368696 ns, Reaching safepoint: 67710 ns, At safepoint: 2319 ns, Total: 70029 ns
[2020-05-16T04:00:34.625+0000][8924][safepoint    ] Safepoint "Cleanup", Time since last: 1005670490 ns, Reaching safepoint: 92290 ns, At safepoint: 2782 ns, Total: 95072 ns
[2020-05-16T04:00:35.627+0000][8924][safepoint    ] Safepoint "Cleanup", Time since last: 1001291130 ns, Reaching safepoint: 77449 ns, At safepoint: 1856 ns, Total: 79305 ns
[2020-05-16T04:00:36.627+0000][8924][safepoint    ] Safepoint "Cleanup", Time since last: 1000155362 ns, Reaching safepoint: 93217 ns, At safepoint: 3246 ns, Total: 96463 ns
[2020-05-16T04:00:37.634+0000][8924][safepoint    ] Safepoint "Cleanup", Time since last: 1006756635 ns, Reaching safepoint: 85797 ns, At safepoint: 3246 ns, Total: 89043 ns
[2020-05-16T04:00:38.637+0000][8924][safepoint    ] Safepoint "Cleanup", Time since last: 1003023303 ns, Reaching safepoint: 83479 ns, At safepoint: 6029 ns, Total: 89508 ns
[2020-05-16T04:00:39.637+0000][8924][safepoint    ] Safepoint "Cleanup", Time since last: 1000006956 ns, Reaching safepoint: 70029 ns, At safepoint: 3710 ns, Total: 73739 ns
[2020-05-16T04:00:40.638+0000][8924][safepoint    ] Safepoint "Cleanup", Time since last: 1000665043 ns, Reaching safepoint: 126609 ns, At safepoint: 19015 ns, Total: 145624 ns
[2020-05-16T04:00:41.638+0000][8924][safepoint    ] Safepoint "Cleanup", Time since last: 1000394202 ns, Reaching safepoint: 83478 ns, At safepoint: 11131 ns, Total: 94609 ns
[2020-05-16T04:00:42.642+0000][8924][safepoint    ] Safepoint "Cleanup", Time since last: 1003344230 ns, Reaching safepoint: 76986 ns, At safepoint: 3710 ns, Total: 80696 ns
[2020-05-16T04:00:43.646+0000][8924][safepoint    ] Safepoint "Cleanup", Time since last: 1004661331 ns, Reaching safepoint: 81159 ns, At safepoint: 3711 ns, Total: 84870 ns
[2020-05-16T04:00:44.647+0000][8924][safepoint    ] Safepoint "Cleanup", Time since last: 1000022260 ns, Reaching safepoint: 79305 ns, At safepoint: 3246 ns, Total: 82551 ns
[2020-05-16T04:00:46.647+0000][8924][safepoint    ] Safepoint "Cleanup", Time since last: 2000568116 ns, Reaching safepoint: 92753 ns, At safepoint: 3710 ns, Total: 96463 ns
[2020-05-16T04:00:47.648+0000][8924][safepoint    ] Safepoint "Cleanup", Time since last: 1000870493 ns, Reaching safepoint: 104348 ns, At safepoint: 62145 ns, Total: 166493 ns
[2020-05-16T04:00:48.649+0000][8924][safepoint    ] Safepoint "Cleanup", Time since last: 1000359883 ns, Reaching safepoint: 98319 ns, At safepoint: 1855 ns, Total: 100174 ns
[2020-05-16T04:00:49.649+0000][8924][safepoint    ] Safepoint "Cleanup", Time since last: 1000700290 ns, Reaching safepoint: 91826 ns, At safepoint: 3710 ns, Total: 95536 ns
[2020-05-16T04:00:51.650+0000][8924][safepoint    ] Safepoint "Cleanup", Time since last: 2000659478 ns, Reaching safepoint: 110840 ns, At safepoint: 1856 ns, Total: 112696 ns
[2020-05-16T04:00:52.651+0000][8924][safepoint    ] Safepoint "Cleanup", Time since last: 1000702144 ns, Reaching safepoint: 106203 ns, At safepoint: 17623 ns, Total: 123826 ns
[2020-05-16T04:00:53.651+0000][8924][safepoint    ] Safepoint "Cleanup", Time since last: 1000013913 ns, Reaching safepoint: 96000 ns, At safepoint: 3247 ns, Total: 99247 ns
[2020-05-16T04:00:55.652+0000][8924][safepoint    ] Safepoint "Cleanup", Time since last: 2000424811 ns, Reaching safepoint: 79768 ns, At safepoint: 3710 ns, Total: 83478 ns
[2020-05-16T04:00:56.653+0000][8924][safepoint    ] Safepoint "Cleanup", Time since last: 1000723942 ns, Reaching safepoint: 72811 ns, At safepoint: 3711 ns, Total: 76522 ns
[2020-05-16T04:00:57.653+0000][8924][safepoint    ] Safepoint "Cleanup", Time since last: 1000112695 ns, Reaching safepoint: 71420 ns, At safepoint: 3711 ns, Total: 75131 ns
[2020-05-16T04:00:58.654+0000][8924][safepoint    ] Safepoint "Cleanup", Time since last: 1000837564 ns, Reaching safepoint: 86725 ns, At safepoint: 1855 ns, Total: 88580 ns
[2020-05-16T04:00:59.655+0000][8924][safepoint    ] Safepoint "Cleanup", Time since last: 1000853333 ns, Reaching safepoint: 86725 ns, At safepoint: 2782 ns, Total: 89507 ns
[2020-05-16T04:01:00.655+0000][8924][safepoint    ] Safepoint "Cleanup", Time since last: 1000374725 ns, Reaching safepoint: 93217 ns, At safepoint: 2783 ns, Total: 96000 ns
[2020-05-16T04:01:01.656+0000][8924][safepoint    ] Safepoint "Cleanup", Time since last: 1000584811 ns, Reaching safepoint: 72348 ns, At safepoint: 2782 ns, Total: 75130 ns
[2020-05-16T04:01:02.656+0000][8924][safepoint    ] Safepoint "Cleanup", Time since last: 1000488348 ns, Reaching safepoint: 96464 ns, At safepoint: 3710 ns, Total: 100174 ns
[2020-05-16T04:01:03.657+0000][8924][safepoint    ] Safepoint "Cleanup", Time since last: 1000678028 ns, Reaching safepoint: 85334 ns, At safepoint: 4637 ns, Total: 89971 ns
[2020-05-16T04:01:05.657+0000][8924][safepoint    ] Safepoint "Cleanup", Time since last: 2000281044 ns, Reaching safepoint: 84869 ns, At safepoint: 39421 ns, Total: 124290 ns
[2020-05-16T04:01:06.658+0000][8924][safepoint    ] Safepoint "Cleanup", Time since last: 1000526840 ns, Reaching safepoint: 103420 ns, At safepoint: 5102 ns, Total: 108522 ns
[2020-05-16T04:01:07.658+0000][8924][safepoint    ] Safepoint "Cleanup", Time since last: 1000020869 ns, Reaching safepoint: 108058 ns, At safepoint: 4174 ns, Total: 112232 ns
[2020-05-16T04:01:09.242+0000][8924][safepoint    ] Safepoint "Cleanup", Time since last: 1583871265 ns, Reaching safepoint: 107595 ns, At safepoint: 5565 ns, Total: 113160 ns
[2020-05-16T04:01:10.242+0000][8924][safepoint    ] Safepoint "Cleanup", Time since last: 1000187362 ns, Reaching safepoint: 95536 ns, At safepoint: 5565 ns, Total: 101101 ns
[2020-05-16T04:01:11.243+0000][8924][safepoint    ] Safepoint "Cleanup", Time since last: 1000836174 ns, Reaching safepoint: 84406 ns, At safepoint: 3710 ns, Total: 88116 ns
[2020-05-16T04:01:12.244+0000][8924][safepoint    ] Safepoint "Cleanup", Time since last: 1000489275 ns, Reaching safepoint: 95072 ns, At safepoint: 3247 ns, Total: 98319 ns
[2020-05-16T04:01:13.244+0000][8924][safepoint    ] Safepoint "Cleanup", Time since last: 1000288463 ns, Reaching safepoint: 82087 ns, At safepoint: 3247 ns, Total: 85334 ns
[2020-05-16T04:01:14.245+0000][8924][safepoint    ] Safepoint "Cleanup", Time since last: 1000271768 ns, Reaching safepoint: 76985 ns, At safepoint: 3247 ns, Total: 80232 ns
[2020-05-16T04:01:15.245+0000][8924][safepoint    ] Safepoint "Cleanup", Time since last: 1000468869 ns, Reaching safepoint: 92290 ns, At safepoint: 4174 ns, Total: 96464 ns
[2020-05-16T04:01:16.246+0000][8924][safepoint    ] Safepoint "Cleanup", Time since last: 1000124289 ns, Reaching safepoint: 101102 ns, At safepoint: 6493 ns, Total: 107595 ns
[2020-05-16T04:01:17.246+0000][8924][safepoint    ] Safepoint "Cleanup", Time since last: 1000223072 ns, Reaching safepoint: 121971 ns, At safepoint: 5565 ns, Total: 127536 ns
[2020-05-16T04:01:18.246+0000][8924][safepoint    ] Safepoint "Cleanup", Time since last: 1000263884 ns, Reaching safepoint: 117797 ns, At safepoint: 5102 ns, Total: 122899 ns
[2020-05-16T04:01:20.246+0000][8924][safepoint    ] Safepoint "Cleanup", Time since last: 1999990724 ns, Reaching safepoint: 92754 ns, At safepoint: 4174 ns, Total: 96928 ns
[2020-05-16T04:01:21.246+0000][8924][safepoint    ] Safepoint "Cleanup", Time since last: 1000001855 ns, Reaching safepoint: 79304 ns, At safepoint: 4638 ns, Total: 83942 ns
[2020-05-16T04:01:22.247+0000][8924][safepoint    ] Safepoint "Cleanup", Time since last: 1000281507 ns, Reaching safepoint: 104348 ns, At safepoint: 3710 ns, Total: 108058 ns
[2020-05-16T04:01:23.718+0000][8924][safepoint    ] Safepoint "Cleanup", Time since last: 1470968825 ns, Reaching safepoint: 97855 ns, At safepoint: 5101 ns, Total: 102956 ns
[2020-05-16T04:01:24.718+0000][8924][safepoint    ] Safepoint "Cleanup", Time since last: 1000254145 ns, Reaching safepoint: 108986 ns, At safepoint: 3246 ns, Total: 112232 ns
[2020-05-16T04:01:25.718+0000][8924][safepoint    ] Safepoint "Cleanup", Time since last: 1000039884 ns, Reaching safepoint: 86725 ns, At safepoint: 3710 ns, Total: 90435 ns
[2020-05-16T04:01:26.719+0000][8924][safepoint    ] Safepoint "Cleanup", Time since last: 1000454029 ns, Reaching safepoint: 94608 ns, At safepoint: 2319 ns, Total: 96927 ns
[2020-05-16T04:01:27.720+0000][8924][safepoint    ] Safepoint "Cleanup", Time since last: 1000491594 ns, Reaching safepoint: 93681 ns, At safepoint: 42667 ns, Total: 136348 ns
[2020-05-16T04:01:29.720+0000][8924][safepoint    ] Safepoint "Cleanup", Time since last: 2000217507 ns, Reaching safepoint: 80696 ns, At safepoint: 3710 ns, Total: 84406 ns
[2020-05-16T04:01:31.721+0000][8924][safepoint    ] Safepoint "Cleanup", Time since last: 2000921043 ns, Reaching safepoint: 82087 ns, At safepoint: 3246 ns, Total: 85333 ns
[2020-05-16T04:01:32.722+0000][8924][safepoint    ] Safepoint "Cleanup", Time since last: 1000926145 ns, Reaching safepoint: 100637 ns, At safepoint: 3710 ns, Total: 104347 ns
[2020-05-16T04:01:33.723+0000][8924][safepoint    ] Safepoint "Cleanup", Time since last: 1000853797 ns, Reaching safepoint: 102029 ns, At safepoint: 3710 ns, Total: 105739 ns
[2020-05-16T04:01:35.724+0000][8924][safepoint    ] Safepoint "Cleanup", Time since last: 2000665043 ns, Reaching safepoint: 91826 ns, At safepoint: 4638 ns, Total: 96464 ns
[2020-05-16T04:01:37.724+0000][8924][safepoint    ] Safepoint "Cleanup", Time since last: 2000319536 ns, Reaching safepoint: 121507 ns, At safepoint: 1855 ns, Total: 123362 ns
[2020-05-16T04:01:39.724+0000][8924][safepoint    ] Safepoint "Cleanup", Time since last: 1999968928 ns, Reaching safepoint: 122435 ns, At safepoint: 6029 ns, Total: 128464 ns
[2020-05-16T04:01:40.725+0000][8924][safepoint    ] Safepoint "Cleanup", Time since last: 1000198492 ns, Reaching safepoint: 103420 ns, At safepoint: 3711 ns, Total: 107131 ns
[2020-05-16T04:01:42.725+0000][8924][safepoint    ] Safepoint "Cleanup", Time since last: 1999970782 ns, Reaching safepoint: 94145 ns, At safepoint: 3710 ns, Total: 97855 ns
[2020-05-16T04:01:44.725+0000][8924][safepoint    ] Safepoint "Cleanup", Time since last: 2000380290 ns, Reaching safepoint: 102029 ns, At safepoint: 4174 ns, Total: 106203 ns
[2020-05-16T04:01:45.726+0000][8924][safepoint    ] Safepoint "Cleanup", Time since last: 1000710028 ns, Reaching safepoint: 84870 ns, At safepoint: 3246 ns, Total: 88116 ns
[2020-05-16T04:01:47.726+0000][8924][safepoint    ] Safepoint "Cleanup", Time since last: 2000136812 ns, Reaching safepoint: 110377 ns, At safepoint: 3710 ns, Total: 114087 ns
[2020-05-16T04:01:48.726+0000][8924][safepoint    ] Safepoint "Cleanup", Time since last: 1000064464 ns, Reaching safepoint: 70956 ns, At safepoint: 2319 ns, Total: 73275 ns
[2020-05-16T04:01:49.756+0000][8924][safepoint    ] Safepoint "Cleanup", Time since last: 1029420972 ns, Reaching safepoint: 86261 ns, At safepoint: 2782 ns, Total: 89043 ns
[2020-05-16T04:01:51.756+0000][8924][safepoint    ] Safepoint "Cleanup", Time since last: 2000485101 ns, Reaching safepoint: 77450 ns, At safepoint: 3710 ns, Total: 81160 ns
[2020-05-16T04:01:52.757+0000][8924][safepoint    ] Safepoint "Cleanup", Time since last: 1000178087 ns, Reaching safepoint: 91362 ns, At safepoint: 19014 ns, Total: 110376 ns
[2020-05-16T04:01:53.757+0000][8924][safepoint    ] Safepoint "Cleanup", Time since last: 1000558841 ns, Reaching safepoint: 82087 ns, At safepoint: 4174 ns, Total: 86261 ns
[2020-05-16T04:01:54.757+0000][8924][safepoint    ] Safepoint "Cleanup", Time since last: 1000076521 ns, Reaching safepoint: 83015 ns, At safepoint: 4174 ns, Total: 87189 ns
[2020-05-16T04:01:56.758+0000][8924][safepoint    ] Safepoint "Cleanup", Time since last: 2000938202 ns, Reaching safepoint: 78377 ns, At safepoint: 3246 ns, Total: 81623 ns
[2020-05-16T04:01:57.759+0000][8924][safepoint    ] Safepoint "Cleanup", Time since last: 1000156754 ns, Reaching safepoint: 97855 ns, At safepoint: 60290 ns, Total: 158145 ns
[2020-05-16T04:01:58.759+0000][8924][safepoint    ] Safepoint "Cleanup", Time since last: 1000250898 ns, Reaching safepoint: 83478 ns, At safepoint: 3710 ns, Total: 87188 ns
[2020-05-16T04:01:59.759+0000][8924][safepoint    ] Safepoint "Cleanup", Time since last: 1000136812 ns, Reaching safepoint: 78841 ns, At safepoint: 12985 ns, Total: 91826 ns
[2020-05-16T04:02:00.760+0000][8924][safepoint    ] Safepoint "Cleanup", Time since last: 1000672000 ns, Reaching safepoint: 101101 ns, At safepoint: 3710 ns, Total: 104811 ns
[2020-05-16T04:02:02.761+0000][8924][safepoint    ] Safepoint "Cleanup", Time since last: 2000497159 ns, Reaching safepoint: 104348 ns, At safepoint: 4638 ns, Total: 108986 ns
[2020-05-16T04:02:03.761+0000][8924][safepoint    ] Safepoint "Cleanup", Time since last: 1000057507 ns, Reaching safepoint: 91826 ns, At safepoint: 5565 ns, Total: 97391 ns
[2020-05-16T04:02:04.761+0000][8924][safepoint    ] Safepoint "Cleanup", Time since last: 1000079768 ns, Reaching safepoint: 101102 ns, At safepoint: 4174 ns, Total: 105276 ns
[2020-05-16T04:02:05.762+0000][8924][safepoint    ] Safepoint "Cleanup", Time since last: 1000868173 ns, Reaching safepoint: 105739 ns, At safepoint: 4174 ns, Total: 109913 ns
[2020-05-16T04:02:06.762+0000][8924][safepoint    ] Safepoint "Cleanup", Time since last: 1000375652 ns, Reaching safepoint: 97392 ns, At safepoint: 5101 ns, Total: 102493 ns
[2020-05-16T04:02:07.763+0000][8924][safepoint    ] Safepoint "Cleanup", Time since last: 1000070029 ns, Reaching safepoint: 99710 ns, At safepoint: 3246 ns, Total: 102956 ns
[2020-05-16T04:02:08.763+0000][8924][safepoint    ] Safepoint "Cleanup", Time since last: 1000676174 ns, Reaching safepoint: 82551 ns, At safepoint: 3710 ns, Total: 86261 ns
[2020-05-16T04:02:09.764+0000][8924][safepoint    ] Safepoint "Cleanup", Time since last: 1000431768 ns, Reaching safepoint: 106666 ns, At safepoint: 3711 ns, Total: 110377 ns
[2020-05-16T04:02:10.764+0000][8924][safepoint    ] Safepoint "Cleanup", Time since last: 1000328811 ns, Reaching safepoint: 114087 ns, At safepoint: 3246 ns, Total: 117333 ns
[2020-05-16T04:02:12.765+0000][8924][safepoint    ] Safepoint "Cleanup", Time since last: 2000854261 ns, Reaching safepoint: 114550 ns, At safepoint: 3711 ns, Total: 118261 ns
[2020-05-16T04:02:13.766+0000][8924][safepoint    ] Safepoint "Cleanup", Time since last: 1000408115 ns, Reaching safepoint: 76522 ns, At safepoint: 1855 ns, Total: 78377 ns
[2020-05-16T04:02:14.766+0000][8924][safepoint    ] Safepoint "Cleanup", Time since last: 1000240232 ns, Reaching safepoint: 77913 ns, At safepoint: 2782 ns, Total: 80695 ns
[2020-05-16T04:02:15.767+0000][8924][safepoint    ] Safepoint "Cleanup", Time since last: 1000625160 ns, Reaching safepoint: 111304 ns, At safepoint: 4174 ns, Total: 115478 ns
[2020-05-16T04:02:16.768+0000][8924][safepoint    ] Safepoint "Cleanup", Time since last: 1000699362 ns, Reaching safepoint: 108521 ns, At safepoint: 4174 ns, Total: 112695 ns
[2020-05-16T04:02:17.768+0000][8924][safepoint    ] Safepoint "Cleanup", Time since last: 1000186899 ns, Reaching safepoint: 123362 ns, At safepoint: 5102 ns, Total: 128464 ns
[2020-05-16T04:02:18.769+0000][8924][safepoint    ] Safepoint "Cleanup", Time since last: 1000400231 ns, Reaching safepoint: 76522 ns, At safepoint: 3710 ns, Total: 80232 ns
[2020-05-16T04:02:20.769+0000][8924][safepoint    ] Safepoint "Cleanup", Time since last: 2000552811 ns, Reaching safepoint: 109450 ns, At safepoint: 3710 ns, Total: 113160 ns
[2020-05-16T04:02:21.770+0000][8924][safepoint    ] Safepoint "Cleanup", Time since last: 1000497623 ns, Reaching safepoint: 98319 ns, At safepoint: 3710 ns, Total: 102029 ns
[2020-05-16T04:02:22.770+0000][8924][safepoint    ] Safepoint "Cleanup", Time since last: 1000458202 ns, Reaching safepoint: 83015 ns, At safepoint: 3246 ns, Total: 86261 ns
[2020-05-16T04:02:23.771+0000][8924][safepoint    ] Safepoint "Cleanup", Time since last: 1000258319 ns, Reaching safepoint: 103420 ns, At safepoint: 3247 ns, Total: 106667 ns
[2020-05-16T04:02:25.771+0000][8924][safepoint    ] Safepoint "Cleanup", Time since last: 2000252289 ns, Reaching safepoint: 80696 ns, At safepoint: 3246 ns, Total: 83942 ns
[2020-05-16T04:02:26.771+0000][8924][safepoint    ] Safepoint "Cleanup", Time since last: 1000242551 ns, Reaching safepoint: 89971 ns, At safepoint: 3246 ns, Total: 93217 ns
[2020-05-16T04:02:27.772+0000][8924][safepoint    ] Safepoint "Cleanup", Time since last: 1000103884 ns, Reaching safepoint: 95073 ns, At safepoint: 4174 ns, Total: 99247 ns
[2020-05-16T04:02:28.772+0000][8924][safepoint    ] Safepoint "Cleanup", Time since last: 1000665043 ns, Reaching safepoint: 75130 ns, At safepoint: 3247 ns, Total: 78377 ns
[2020-05-16T04:02:30.773+0000][8924][safepoint    ] Safepoint "Cleanup", Time since last: 2000961854 ns, Reaching safepoint: 76058 ns, At safepoint: 3246 ns, Total: 79304 ns
[2020-05-16T04:02:32.774+0000][8924][safepoint    ] Safepoint "Cleanup", Time since last: 2000748522 ns, Reaching safepoint: 80695 ns, At safepoint: 3711 ns, Total: 84406 ns
[2020-05-16T04:02:33.775+0000][8924][safepoint    ] Safepoint "Cleanup", Time since last: 1000368231 ns, Reaching safepoint: 79305 ns, At safepoint: 4174 ns, Total: 83479 ns
[2020-05-16T04:02:34.775+0000][8924][safepoint    ] Safepoint "Cleanup", Time since last: 1000064000 ns, Reaching safepoint: 91826 ns, At safepoint: 3246 ns, Total: 95072 ns
[2020-05-16T04:02:35.776+0000][8924][safepoint    ] Safepoint "Cleanup", Time since last: 1000692405 ns, Reaching safepoint: 110377 ns, At safepoint: 4638 ns, Total: 115015 ns
[2020-05-16T04:02:36.776+0000][8924][safepoint    ] Safepoint "Cleanup", Time since last: 1000092290 ns, Reaching safepoint: 74203 ns, At safepoint: 3710 ns, Total: 77913 ns
[2020-05-16T04:02:37.777+0000][8924][safepoint    ] Safepoint "Cleanup", Time since last: 1000881159 ns, Reaching safepoint: 83942 ns, At safepoint: 5565 ns, Total: 89507 ns
[2020-05-16T04:02:38.777+0000][8924][safepoint    ] Safepoint "Cleanup", Time since last: 1000028753 ns, Reaching safepoint: 103421 ns, At safepoint: 4174 ns, Total: 107595 ns
[2020-05-16T04:02:39.777+0000][8924][safepoint    ] Safepoint "Cleanup", Time since last: 1000083014 ns, Reaching safepoint: 87652 ns, At safepoint: 3247 ns, Total: 90899 ns
[2020-05-16T04:02:40.778+0000][8924][safepoint    ] Safepoint "Cleanup", Time since last: 1000791651 ns, Reaching safepoint: 76986 ns, At safepoint: 2782 ns, Total: 79768 ns
[2020-05-16T04:02:41.778+0000][8924][safepoint    ] Safepoint "Cleanup", Time since last: 1000331595 ns, Reaching safepoint: 92289 ns, At safepoint: 5102 ns, Total: 97391 ns
[2020-05-16T04:02:42.779+0000][8924][safepoint    ] Safepoint "Cleanup", Time since last: 1000789333 ns, Reaching safepoint: 102492 ns, At safepoint: 3711 ns, Total: 106203 ns
[2020-05-16T04:02:43.780+0000][8924][safepoint    ] Safepoint "Cleanup", Time since last: 1000166492 ns, Reaching safepoint: 93218 ns, At safepoint: 4174 ns, Total: 97392 ns
[2020-05-16T04:02:45.780+0000][8924][safepoint    ] Safepoint "Cleanup", Time since last: 2000355710 ns, Reaching safepoint: 91826 ns, At safepoint: 3710 ns, Total: 95536 ns
[2020-05-16T04:02:46.780+0000][8924][safepoint    ] Safepoint "Cleanup", Time since last: 1000276405 ns, Reaching safepoint: 102493 ns, At safepoint: 3710 ns, Total: 106203 ns
[2020-05-16T04:02:47.781+0000][8924][safepoint    ] Safepoint "Cleanup", Time since last: 1000386783 ns, Reaching safepoint: 95536 ns, At safepoint: 4174 ns, Total: 99710 ns
[2020-05-16T04:02:48.781+0000][8924][safepoint    ] Safepoint "Cleanup", Time since last: 1000356174 ns, Reaching safepoint: 80231 ns, At safepoint: 1855 ns, Total: 82086 ns
[2020-05-16T04:02:49.781+0000][8924][safepoint    ] Safepoint "Cleanup", Time since last: 1000035247 ns, Reaching safepoint: 98782 ns, At safepoint: 6029 ns, Total: 104811 ns
[2020-05-16T04:02:50.782+0000][8924][safepoint    ] Safepoint "Cleanup", Time since last: 1000431768 ns, Reaching safepoint: 100638 ns, At safepoint: 4638 ns, Total: 105276 ns
[2020-05-16T04:02:51.783+0000][8924][safepoint    ] Safepoint "Cleanup", Time since last: 1000837564 ns, Reaching safepoint: 86725 ns, At safepoint: 3710 ns, Total: 90435 ns
[2020-05-16T04:02:52.784+0000][8924][safepoint    ] Safepoint "Cleanup", Time since last: 1000729043 ns, Reaching safepoint: 99710 ns, At safepoint: 4174 ns, Total: 103884 ns
[2020-05-16T04:02:53.784+0000][8924][safepoint    ] Safepoint "Cleanup", Time since last: 1000067710 ns, Reaching safepoint: 92290 ns, At safepoint: 3710 ns, Total: 96000 ns
[2020-05-16T04:02:54.785+0000][8924][safepoint    ] Safepoint "Cleanup", Time since last: 1000710029 ns, Reaching safepoint: 102029 ns, At safepoint: 3246 ns, Total: 105275 ns
[2020-05-16T04:02:55.785+0000][8924][safepoint    ] Safepoint "Cleanup", Time since last: 1000528232 ns, Reaching safepoint: 100174 ns, At safepoint: 3246 ns, Total: 103420 ns
[2020-05-16T04:02:56.824+0000][8924][safepoint    ] Safepoint "Cleanup", Time since last: 1038141664 ns, Reaching safepoint: 162782 ns, At safepoint: 19942 ns, Total: 182724 ns
[2020-05-16T04:02:57.824+0000][8924][safepoint    ] Safepoint "Cleanup", Time since last: 1000691942 ns, Reaching safepoint: 88116 ns, At safepoint: 3246 ns, Total: 91362 ns
[2020-05-16T04:02:58.825+0000][8924][safepoint    ] Safepoint "Cleanup", Time since last: 1000537971 ns, Reaching safepoint: 91362 ns, At safepoint: 3710 ns, Total: 95072 ns
[2020-05-16T04:02:59.826+0000][8924][safepoint    ] Safepoint "Cleanup", Time since last: 1000691942 ns, Reaching safepoint: 102493 ns, At safepoint: 47304 ns, Total: 149797 ns
[2020-05-16T04:03:01.827+0000][8924][safepoint    ] Safepoint "Cleanup", Time since last: 2000549101 ns, Reaching safepoint: 92290 ns, At safepoint: 12058 ns, Total: 104348 ns
[2020-05-16T04:03:03.827+0000][8924][safepoint    ] Safepoint "Cleanup", Time since last: 2000120580 ns, Reaching safepoint: 86261 ns, At safepoint: 3246 ns, Total: 89507 ns
[2020-05-16T04:03:04.827+0000][8924][safepoint    ] Safepoint "Cleanup", Time since last: 1000634898 ns, Reaching safepoint: 96928 ns, At safepoint: 4174 ns, Total: 101102 ns
[2020-05-16T04:03:05.828+0000][8924][safepoint    ] Safepoint "Cleanup", Time since last: 1000502724 ns, Reaching safepoint: 88116 ns, At safepoint: 2319 ns, Total: 90435 ns
[2020-05-16T04:03:06.829+0000][8924][safepoint    ] Safepoint "Cleanup", Time since last: 1000677101 ns, Reaching safepoint: 98319 ns, At safepoint: 3246 ns, Total: 101565 ns
[2020-05-16T04:03:07.829+0000][8924][safepoint    ] Safepoint "Cleanup", Time since last: 1000457275 ns, Reaching safepoint: 69102 ns, At safepoint: 3246 ns, Total: 72348 ns
[2020-05-16T04:03:08.830+0000][8924][safepoint    ] Safepoint "Cleanup", Time since last: 1000782840 ns, Reaching safepoint: 85797 ns, At safepoint: 3710 ns, Total: 89507 ns
[2020-05-16T04:03:09.831+0000][8924][safepoint    ] Safepoint "Cleanup", Time since last: 1000927536 ns, Reaching safepoint: 90899 ns, At safepoint: 3710 ns, Total: 94609 ns
[2020-05-16T04:03:10.832+0000][8924][safepoint    ] Safepoint "Cleanup", Time since last: 1000933565 ns, Reaching safepoint: 109449 ns, At safepoint: 4174 ns, Total: 113623 ns
[2020-05-16T04:03:11.833+0000][8924][safepoint    ] Safepoint "Cleanup", Time since last: 1000193391 ns, Reaching safepoint: 81623 ns, At safepoint: 2783 ns, Total: 84406 ns
[2020-05-16T04:03:12.833+0000][8924][safepoint    ] Safepoint "Cleanup", Time since last: 1000708173 ns, Reaching safepoint: 88116 ns, At safepoint: 3710 ns, Total: 91826 ns
[2020-05-16T04:03:13.834+0000][8924][safepoint    ] Safepoint "Cleanup", Time since last: 1000287073 ns, Reaching safepoint: 72348 ns, At safepoint: 5101 ns, Total: 77449 ns
[2020-05-16T04:03:14.834+0000][8924][safepoint    ] Safepoint "Cleanup", Time since last: 1000357565 ns, Reaching safepoint: 91826 ns, At safepoint: 3710 ns, Total: 95536 ns
[2020-05-16T04:03:15.835+0000][8924][safepoint    ] Safepoint "Cleanup", Time since last: 1000261565 ns, Reaching safepoint: 104348 ns, At safepoint: 4174 ns, Total: 108522 ns
[2020-05-16T04:03:16.835+0000][8924][safepoint    ] Safepoint "Cleanup", Time since last: 1000556985 ns, Reaching safepoint: 80696 ns, At safepoint: 3246 ns, Total: 83942 ns
[2020-05-16T04:03:17.836+0000][8924][safepoint    ] Safepoint "Cleanup", Time since last: 1000512464 ns, Reaching safepoint: 78377 ns, At safepoint: 4173 ns, Total: 82550 ns
[2020-05-16T04:03:18.837+0000][8924][safepoint    ] Safepoint "Cleanup", Time since last: 1000838957 ns, Reaching safepoint: 106202 ns, At safepoint: 3711 ns, Total: 109913 ns
[2020-05-16T04:03:19.837+0000][8924][safepoint    ] Safepoint "Cleanup", Time since last: 1000540753 ns, Reaching safepoint: 82551 ns, At safepoint: 4174 ns, Total: 86725 ns
[2020-05-16T04:03:21.838+0000][8924][safepoint    ] Safepoint "Cleanup", Time since last: 2000905274 ns, Reaching safepoint: 84870 ns, At safepoint: 3710 ns, Total: 88580 ns
[2020-05-16T04:03:22.839+0000][8924][safepoint    ] Safepoint "Cleanup", Time since last: 1000433159 ns, Reaching safepoint: 85797 ns, At safepoint: 4174 ns, Total: 89971 ns
[2020-05-16T04:03:23.839+0000][8924][safepoint    ] Safepoint "Cleanup", Time since last: 1000057044 ns, Reaching safepoint: 98319 ns, At safepoint: 3246 ns, Total: 101565 ns
[2020-05-16T04:03:24.840+0000][8924][safepoint    ] Safepoint "Cleanup", Time since last: 1000588985 ns, Reaching safepoint: 105276 ns, At safepoint: 2318 ns, Total: 107594 ns
[2020-05-16T04:03:26.841+0000][8924][safepoint    ] Safepoint "Cleanup", Time since last: 2000746203 ns, Reaching safepoint: 76522 ns, At safepoint: 3246 ns, Total: 79768 ns
[2020-05-16T04:03:27.841+0000][8924][safepoint    ] Safepoint "Cleanup", Time since last: 1000440580 ns, Reaching safepoint: 101565 ns, At safepoint: 3710 ns, Total: 105275 ns
[2020-05-16T04:03:28.841+0000][8924][safepoint    ] Safepoint "Cleanup", Time since last: 1000138666 ns, Reaching safepoint: 101566 ns, At safepoint: 3710 ns, Total: 105276 ns
[2020-05-16T04:03:29.842+0000][8924][safepoint    ] Safepoint "Cleanup", Time since last: 1000247652 ns, Reaching safepoint: 90898 ns, At safepoint: 3247 ns, Total: 94145 ns
[2020-05-16T04:03:30.842+0000][8924][safepoint    ] Safepoint "Cleanup", Time since last: 1000452637 ns, Reaching safepoint: 84870 ns, At safepoint: 6029 ns, Total: 90899 ns
[2020-05-16T04:03:31.843+0000][8924][safepoint    ] Safepoint "Cleanup", Time since last: 1000226782 ns, Reaching safepoint: 93681 ns, At safepoint: 6957 ns, Total: 100638 ns
[2020-05-16T04:03:32.843+0000][8924][safepoint    ] Safepoint "Cleanup", Time since last: 1000533333 ns, Reaching safepoint: 86724 ns, At safepoint: 3711 ns, Total: 90435 ns
[2020-05-16T04:03:33.979+0000][8924][safepoint    ] Safepoint "Cleanup", Time since last: 1135596458 ns, Reaching safepoint: 77450 ns, At safepoint: 3246 ns, Total: 80696 ns
[2020-05-16T04:03:34.979+0000][8924][safepoint    ] Safepoint "Cleanup", Time since last: 1000357565 ns, Reaching safepoint: 89044 ns, At safepoint: 48231 ns, Total: 137275 ns
[2020-05-16T04:03:35.980+0000][8924][safepoint    ] Safepoint "Cleanup", Time since last: 1000825044 ns, Reaching safepoint: 89043 ns, At safepoint: 3710 ns, Total: 92753 ns
[2020-05-16T04:03:36.981+0000][8924][safepoint    ] Safepoint "Cleanup", Time since last: 1000468406 ns, Reaching safepoint: 81159 ns, At safepoint: 3246 ns, Total: 84405 ns
[2020-05-16T04:03:38.981+0000][8924][safepoint    ] Safepoint "Cleanup", Time since last: 2000307942 ns, Reaching safepoint: 93218 ns, At safepoint: 6029 ns, Total: 99247 ns
[2020-05-16T04:03:39.982+0000][8924][safepoint    ] Safepoint "Cleanup", Time since last: 1000484173 ns, Reaching safepoint: 93681 ns, At safepoint: 1856 ns, Total: 95537 ns
[2020-05-16T04:03:40.982+0000][8924][safepoint    ] Safepoint "Cleanup", Time since last: 1000369623 ns, Reaching safepoint: 96463 ns, At safepoint: 6029 ns, Total: 102492 ns
[2020-05-16T04:03:41.983+0000][8924][safepoint    ] Safepoint "Cleanup", Time since last: 1000336232 ns, Reaching safepoint: 96927 ns, At safepoint: 3247 ns, Total: 100174 ns
[2020-05-16T04:03:43.983+0000][8924][safepoint    ] Safepoint "Cleanup", Time since last: 1999980058 ns, Reaching safepoint: 95536 ns, At safepoint: 6957 ns, Total: 102493 ns
[2020-05-16T04:03:44.983+0000][8924][safepoint    ] Safepoint "Cleanup", Time since last: 1000177159 ns, Reaching safepoint: 120116 ns, At safepoint: 4174 ns, Total: 124290 ns
[2020-05-16T04:03:45.984+0000][8924][safepoint    ] Safepoint "Cleanup", Time since last: 1000306550 ns, Reaching safepoint: 108058 ns, At safepoint: 6493 ns, Total: 114551 ns
[2020-05-16T04:03:46.984+0000][8924][safepoint    ] Safepoint "Cleanup", Time since last: 1000373797 ns, Reaching safepoint: 76985 ns, At safepoint: 4174 ns, Total: 81159 ns
[2020-05-16T04:03:47.984+0000][8924][safepoint    ] Safepoint "Cleanup", Time since last: 1000268058 ns, Reaching safepoint: 83942 ns, At safepoint: 4638 ns, Total: 88580 ns
[2020-05-16T04:03:48.985+0000][8924][safepoint    ] Safepoint "Cleanup", Time since last: 1000296347 ns, Reaching safepoint: 98319 ns, At safepoint: 6029 ns, Total: 104348 ns
[2020-05-16T04:03:49.986+0000][8924][safepoint    ] Safepoint "Cleanup", Time since last: 1000798145 ns, Reaching safepoint: 88116 ns, At safepoint: 5565 ns, Total: 93681 ns
[2020-05-16T04:03:50.986+0000][8924][safepoint    ] Safepoint "Cleanup", Time since last: 1000427130 ns, Reaching safepoint: 87652 ns, At safepoint: 4174 ns, Total: 91826 ns
[2020-05-16T04:03:51.987+0000][8924][safepoint    ] Safepoint "Cleanup", Time since last: 1000898319 ns, Reaching safepoint: 85797 ns, At safepoint: 5101 ns, Total: 90898 ns
[2020-05-16T04:03:53.988+0000][8924][safepoint    ] Safepoint "Cleanup", Time since last: 2000218899 ns, Reaching safepoint: 70492 ns, At safepoint: 5102 ns, Total: 75594 ns
[2020-05-16T04:03:54.988+0000][8924][safepoint    ] Safepoint "Cleanup", Time since last: 1000339478 ns, Reaching safepoint: 95536 ns, At safepoint: 6493 ns, Total: 102029 ns
[2020-05-16T04:03:55.988+0000][8924][safepoint    ] Safepoint "Cleanup", Time since last: 1000048232 ns, Reaching safepoint: 55188 ns, At safepoint: 16232 ns, Total: 71420 ns
[2020-05-16T04:03:57.988+0000][8924][safepoint    ] Safepoint "Cleanup", Time since last: 2000052406 ns, Reaching safepoint: 96000 ns, At safepoint: 5565 ns, Total: 101565 ns
[2020-05-16T04:03:58.988+0000][8924][safepoint    ] Safepoint "Cleanup", Time since last: 1000121043 ns, Reaching safepoint: 79305 ns, At safepoint: 2318 ns, Total: 81623 ns
[2020-05-16T04:03:59.989+0000][8924][safepoint    ] Safepoint "Cleanup", Time since last: 1000783768 ns, Reaching safepoint: 92754 ns, At safepoint: 5565 ns, Total: 98319 ns
[2020-05-16T04:04:00.990+0000][8924][safepoint    ] Safepoint "Cleanup", Time since last: 1000508290 ns, Reaching safepoint: 111768 ns, At safepoint: 3710 ns, Total: 115478 ns
[2020-05-16T04:04:01.991+0000][8924][safepoint    ] Safepoint "Cleanup", Time since last: 1000528695 ns, Reaching safepoint: 101102 ns, At safepoint: 6029 ns, Total: 107131 ns
[2020-05-16T04:04:03.007+0000][8924][safepoint    ] Safepoint "Cleanup", Time since last: 1016040340 ns, Reaching safepoint: 103884 ns, At safepoint: 3710 ns, Total: 107594 ns
[2020-05-16T04:04:04.007+0000][8924][safepoint    ] Safepoint "Cleanup", Time since last: 1000344116 ns, Reaching safepoint: 81623 ns, At safepoint: 3246 ns, Total: 84869 ns
[2020-05-16T04:04:05.008+0000][8924][safepoint    ] Safepoint "Cleanup", Time since last: 1000408580 ns, Reaching safepoint: 98783 ns, At safepoint: 5565 ns, Total: 104348 ns
[2020-05-16T04:04:06.008+0000][8924][safepoint    ] Safepoint "Cleanup", Time since last: 1000065391 ns, Reaching safepoint: 69101 ns, At safepoint: 3711 ns, Total: 72812 ns
[2020-05-16T04:04:07.008+0000][8924][safepoint    ] Safepoint "Cleanup", Time since last: 1000154434 ns, Reaching safepoint: 85334 ns, At safepoint: 3710 ns, Total: 89044 ns
[2020-05-16T04:04:08.008+0000][8924][safepoint    ] Safepoint "Cleanup", Time since last: 1000167420 ns, Reaching safepoint: 80232 ns, At safepoint: 2782 ns, Total: 83014 ns
[2020-05-16T04:04:09.009+0000][8924][safepoint    ] Safepoint "Cleanup", Time since last: 1000469333 ns, Reaching safepoint: 94609 ns, At safepoint: 3710 ns, Total: 98319 ns
[2020-05-16T04:04:11.010+0000][8924][safepoint    ] Safepoint "Cleanup", Time since last: 2000832464 ns, Reaching safepoint: 105275 ns, At safepoint: 4174 ns, Total: 109449 ns
[2020-05-16T04:04:12.011+0000][8924][safepoint    ] Safepoint "Cleanup", Time since last: 1000755014 ns, Reaching safepoint: 98783 ns, At safepoint: 3246 ns, Total: 102029 ns
[2020-05-16T04:04:13.011+0000][8924][safepoint    ] Safepoint "Cleanup", Time since last: 1000142377 ns, Reaching safepoint: 79304 ns, At safepoint: 3710 ns, Total: 83014 ns
[2020-05-16T04:04:14.012+0000][8924][safepoint    ] Safepoint "Cleanup", Time since last: 1000524522 ns, Reaching safepoint: 88579 ns, At safepoint: 4638 ns, Total: 93217 ns
[2020-05-16T04:04:15.012+0000][8924][safepoint    ] Safepoint "Cleanup", Time since last: 1000380290 ns, Reaching safepoint: 71884 ns, At safepoint: 3246 ns, Total: 75130 ns
[2020-05-16T04:04:16.013+0000][8924][safepoint    ] Safepoint "Cleanup", Time since last: 1000774956 ns, Reaching safepoint: 87652 ns, At safepoint: 3247 ns, Total: 90899 ns
[2020-05-16T04:04:17.013+0000][8924][safepoint    ] Safepoint "Cleanup", Time since last: 1000302840 ns, Reaching safepoint: 83942 ns, At safepoint: 3710 ns, Total: 87652 ns
[2020-05-16T04:04:18.014+0000][8924][safepoint    ] Safepoint "Cleanup", Time since last: 1000735536 ns, Reaching safepoint: 67710 ns, At safepoint: 3247 ns, Total: 70957 ns
[2020-05-16T04:04:19.014+0000][8924][safepoint    ] Safepoint "Cleanup", Time since last: 1000013913 ns, Reaching safepoint: 75130 ns, At safepoint: 3247 ns, Total: 78377 ns
[2020-05-16T04:04:21.014+0000][8924][safepoint    ] Safepoint "Cleanup", Time since last: 2000014840 ns, Reaching safepoint: 77449 ns, At safepoint: 4638 ns, Total: 82087 ns
[2020-05-16T04:04:22.015+0000][8924][safepoint    ] Safepoint "Cleanup", Time since last: 1000242087 ns, Reaching safepoint: 85333 ns, At safepoint: 6029 ns, Total: 91362 ns
[2020-05-16T04:04:24.015+0000][8924][safepoint    ] Safepoint "Cleanup", Time since last: 2000216580 ns, Reaching safepoint: 83942 ns, At safepoint: 3246 ns, Total: 87188 ns
[2020-05-16T04:04:25.016+0000][8924][safepoint    ] Safepoint "Cleanup", Time since last: 1000575536 ns, Reaching safepoint: 77449 ns, At safepoint: 3710 ns, Total: 81159 ns
[2020-05-16T04:04:26.016+0000][8924][safepoint    ] Safepoint "Cleanup", Time since last: 1000036638 ns, Reaching safepoint: 106203 ns, At safepoint: 3710 ns, Total: 109913 ns
[2020-05-16T04:04:27.016+0000][8924][safepoint    ] Safepoint "Cleanup", Time since last: 1000291710 ns, Reaching safepoint: 85333 ns, At safepoint: 3711 ns, Total: 89044 ns
[2020-05-16T04:04:28.017+0000][8924][safepoint    ] Safepoint "Cleanup", Time since last: 1000593159 ns, Reaching safepoint: 81623 ns, At safepoint: 1855 ns, Total: 83478 ns
[2020-05-16T04:04:29.018+0000][8924][safepoint    ] Safepoint "Cleanup", Time since last: 1000829681 ns, Reaching safepoint: 76058 ns, At safepoint: 3710 ns, Total: 79768 ns
[2020-05-16T04:04:31.018+0000][8924][safepoint    ] Safepoint "Cleanup", Time since last: 2000126608 ns, Reaching safepoint: 87653 ns, At safepoint: 2782 ns, Total: 90435 ns
[2020-05-16T04:04:32.018+0000][8924][safepoint    ] Safepoint "Cleanup", Time since last: 1000243478 ns, Reaching safepoint: 95073 ns, At safepoint: 4174 ns, Total: 99247 ns
[2020-05-16T04:04:34.019+0000][8924][safepoint    ] Safepoint "Cleanup", Time since last: 2000444289 ns, Reaching safepoint: 69102 ns, At safepoint: 1855 ns, Total: 70957 ns
[2020-05-16T04:04:35.019+0000][8924][safepoint    ] Safepoint "Cleanup", Time since last: 1000012522 ns, Reaching safepoint: 96463 ns, At safepoint: 3247 ns, Total: 99710 ns
[2020-05-16T04:04:36.019+0000][8924][safepoint    ] Safepoint "Cleanup", Time since last: 1000356173 ns, Reaching safepoint: 108986 ns, At safepoint: 1855 ns, Total: 110841 ns
[2020-05-16T04:04:37.020+0000][8924][safepoint    ] Safepoint "Cleanup", Time since last: 1000666898 ns, Reaching safepoint: 86261 ns, At safepoint: 3710 ns, Total: 89971 ns
[2020-05-16T04:04:38.021+0000][8924][safepoint    ] Safepoint "Cleanup", Time since last: 1000830608 ns, Reaching safepoint: 103421 ns, At safepoint: 5565 ns, Total: 108986 ns
[2020-05-16T04:04:39.022+0000][8924][safepoint    ] Safepoint "Cleanup", Time since last: 1000440579 ns, Reaching safepoint: 77913 ns, At safepoint: 3711 ns, Total: 81624 ns
[2020-05-16T04:04:41.022+0000][8924][safepoint    ] Safepoint "Cleanup", Time since last: 2000569970 ns, Reaching safepoint: 114551 ns, At safepoint: 4638 ns, Total: 119189 ns
[2020-05-16T04:04:43.022+0000][8924][safepoint    ] Safepoint "Cleanup", Time since last: 1999940174 ns, Reaching safepoint: 76985 ns, At safepoint: 3246 ns, Total: 80231 ns
[2020-05-16T04:04:44.023+0000][8924][safepoint    ] Safepoint "Cleanup", Time since last: 1000196174 ns, Reaching safepoint: 104812 ns, At safepoint: 5101 ns, Total: 109913 ns
[2020-05-16T04:04:45.023+0000][8924][safepoint    ] Safepoint "Cleanup", Time since last: 1000074667 ns, Reaching safepoint: 105739 ns, At safepoint: 4638 ns, Total: 110377 ns
[2020-05-16T04:04:46.023+0000][8924][safepoint    ] Safepoint "Cleanup", Time since last: 1000479072 ns, Reaching safepoint: 107594 ns, At safepoint: 3246 ns, Total: 110840 ns
[2020-05-16T04:04:47.023+0000][8924][safepoint    ] Safepoint "Cleanup", Time since last: 1000045913 ns, Reaching safepoint: 85797 ns, At safepoint: 4174 ns, Total: 89971 ns
[2020-05-16T04:04:48.024+0000][8924][safepoint    ] Safepoint "Cleanup", Time since last: 1000394203 ns, Reaching safepoint: 101565 ns, At safepoint: 6029 ns, Total: 107594 ns
[2020-05-16T04:04:50.025+0000][8924][safepoint    ] Safepoint "Cleanup", Time since last: 2000592232 ns, Reaching safepoint: 89507 ns, At safepoint: 5565 ns, Total: 95072 ns
[2020-05-16T04:04:51.025+0000][8924][safepoint    ] Safepoint "Cleanup", Time since last: 1000467942 ns, Reaching safepoint: 99246 ns, At safepoint: 1855 ns, Total: 101101 ns
[2020-05-16T04:04:52.025+0000][8924][safepoint    ] Safepoint "Cleanup", Time since last: 1000192464 ns, Reaching safepoint: 96928 ns, At safepoint: 6029 ns, Total: 102957 ns
[2020-05-16T04:04:53.026+0000][8924][safepoint    ] Safepoint "Cleanup", Time since last: 1000274550 ns, Reaching safepoint: 85334 ns, At safepoint: 2782 ns, Total: 88116 ns
[2020-05-16T04:04:55.027+0000][8924][safepoint    ] Safepoint "Cleanup", Time since last: 2000625623 ns, Reaching safepoint: 69101 ns, At safepoint: 2319 ns, Total: 71420 ns
[2020-05-16T04:04:56.027+0000][8924][safepoint    ] Safepoint "Cleanup", Time since last: 1000315362 ns, Reaching safepoint: 90899 ns, At safepoint: 1855 ns, Total: 92754 ns
[2020-05-16T04:04:57.028+0000][8924][safepoint    ] Safepoint "Cleanup", Time since last: 1000762898 ns, Reaching safepoint: 109913 ns, At safepoint: 3710 ns, Total: 113623 ns
[2020-05-16T04:04:58.029+0000][8924][safepoint    ] Safepoint "Cleanup", Time since last: 1000665971 ns, Reaching safepoint: 122435 ns, At safepoint: 4637 ns, Total: 127072 ns
[2020-05-16T04:04:59.029+0000][8924][safepoint    ] Safepoint "Cleanup", Time since last: 1000495305 ns, Reaching safepoint: 101565 ns, At safepoint: 4174 ns, Total: 105739 ns
[2020-05-16T04:05:00.030+0000][8924][safepoint    ] Safepoint "Cleanup", Time since last: 1000326956 ns, Reaching safepoint: 96464 ns, At safepoint: 2782 ns, Total: 99246 ns
[2020-05-16T04:05:01.030+0000][8924][safepoint    ] Safepoint "Cleanup", Time since last: 1000072348 ns, Reaching safepoint: 119189 ns, At safepoint: 2782 ns, Total: 121971 ns
[2020-05-16T04:05:03.030+0000][8924][safepoint    ] Safepoint "Cleanup", Time since last: 2000320464 ns, Reaching safepoint: 87188 ns, At safepoint: 3247 ns, Total: 90435 ns
[2020-05-16T04:05:05.031+0000][8924][safepoint    ] Safepoint "Cleanup", Time since last: 2000526840 ns, Reaching safepoint: 97855 ns, At safepoint: 3710 ns, Total: 101565 ns
[2020-05-16T04:05:06.032+0000][8924][safepoint    ] Safepoint "Cleanup", Time since last: 1000825971 ns, Reaching safepoint: 104811 ns, At safepoint: 3710 ns, Total: 108521 ns
[2020-05-16T04:05:07.032+0000][8924][safepoint    ] Safepoint "Cleanup", Time since last: 1000432232 ns, Reaching safepoint: 67710 ns, At safepoint: 3247 ns, Total: 70957 ns
[2020-05-16T04:05:08.033+0000][8924][safepoint    ] Safepoint "Cleanup", Time since last: 1000436405 ns, Reaching safepoint: 81623 ns, At safepoint: 3247 ns, Total: 84870 ns
[2020-05-16T04:05:09.034+0000][8924][safepoint    ] Safepoint "Cleanup", Time since last: 1000643709 ns, Reaching safepoint: 104348 ns, At safepoint: 5102 ns, Total: 109450 ns
[2020-05-16T04:05:10.034+0000][8924][safepoint    ] Safepoint "Cleanup", Time since last: 1000243942 ns, Reaching safepoint: 86260 ns, At safepoint: 3711 ns, Total: 89971 ns
[2020-05-16T04:05:11.035+0000][8924][safepoint    ] Safepoint "Cleanup", Time since last: 1000899246 ns, Reaching safepoint: 81623 ns, At safepoint: 3246 ns, Total: 84869 ns
[2020-05-16T04:05:13.035+0000][8924][safepoint    ] Safepoint "Cleanup", Time since last: 1999974029 ns, Reaching safepoint: 96000 ns, At safepoint: 2319 ns, Total: 98319 ns
[2020-05-16T04:05:14.035+0000][8924][safepoint    ] Safepoint "Cleanup", Time since last: 1000214724 ns, Reaching safepoint: 89971 ns, At safepoint: 5102 ns, Total: 95073 ns
[2020-05-16T04:05:16.036+0000][8924][safepoint    ] Safepoint "Cleanup", Time since last: 2000245333 ns, Reaching safepoint: 96928 ns, At safepoint: 4173 ns, Total: 101101 ns
[2020-05-16T04:05:18.036+0000][8924][safepoint    ] Safepoint "Cleanup", Time since last: 1999968000 ns, Reaching safepoint: 96928 ns, At safepoint: 4174 ns, Total: 101102 ns
[2020-05-16T04:05:19.036+0000][8924][safepoint    ] Safepoint "Cleanup", Time since last: 1000020869 ns, Reaching safepoint: 81160 ns, At safepoint: 2319 ns, Total: 83479 ns
[2020-05-16T04:05:20.036+0000][8924][safepoint    ] Safepoint "Cleanup", Time since last: 1000367768 ns, Reaching safepoint: 98318 ns, At safepoint: 3247 ns, Total: 101565 ns
[2020-05-16T04:05:21.036+0000][8924][safepoint    ] Safepoint "Cleanup", Time since last: 1000038029 ns, Reaching safepoint: 109449 ns, At safepoint: 6493 ns, Total: 115942 ns
[2020-05-16T04:05:22.037+0000][8924][safepoint    ] Safepoint "Cleanup", Time since last: 1000276405 ns, Reaching safepoint: 142377 ns, At safepoint: 6029 ns, Total: 148406 ns
[2020-05-16T04:05:23.038+0000][8924][safepoint    ] Safepoint "Cleanup", Time since last: 1000724869 ns, Reaching safepoint: 82551 ns, At safepoint: 5565 ns, Total: 88116 ns
[2020-05-16T04:05:24.038+0000][8924][safepoint    ] Safepoint "Cleanup", Time since last: 1000064464 ns, Reaching safepoint: 95072 ns, At safepoint: 2319 ns, Total: 97391 ns
[2020-05-16T04:05:25.038+0000][8924][safepoint    ] Safepoint "Cleanup", Time since last: 1000244406 ns, Reaching safepoint: 72811 ns, At safepoint: 3247 ns, Total: 76058 ns
[2020-05-16T04:05:26.039+0000][8924][safepoint    ] Safepoint "Cleanup", Time since last: 1000471652 ns, Reaching safepoint: 69565 ns, At safepoint: 1855 ns, Total: 71420 ns
[2020-05-16T04:05:27.039+0000][8924][safepoint    ] Safepoint "Cleanup", Time since last: 1000554666 ns, Reaching safepoint: 74667 ns, At safepoint: 2319 ns, Total: 76986 ns
[2020-05-16T04:05:28.040+0000][8924][safepoint    ] Safepoint "Cleanup", Time since last: 1000129391 ns, Reaching safepoint: 96464 ns, At safepoint: 4638 ns, Total: 101102 ns
[2020-05-16T04:05:29.199+0000][8924][safepoint    ] Safepoint "Cleanup", Time since last: 1158923520 ns, Reaching safepoint: 108986 ns, At safepoint: 4637 ns, Total: 113623 ns
[2020-05-16T04:05:30.199+0000][8924][safepoint    ] Safepoint "Cleanup", Time since last: 1000257855 ns, Reaching safepoint: 83015 ns, At safepoint: 13913 ns, Total: 96928 ns
[2020-05-16T04:05:31.199+0000][8924][safepoint    ] Safepoint "Cleanup", Time since last: 1000197101 ns, Reaching safepoint: 85797 ns, At safepoint: 3710 ns, Total: 89507 ns
[2020-05-16T04:05:32.200+0000][8924][safepoint    ] Safepoint "Cleanup", Time since last: 1000450319 ns, Reaching safepoint: 57043 ns, At safepoint: 48232 ns, Total: 105275 ns
[2020-05-16T04:05:33.201+0000][8924][safepoint    ] Safepoint "Cleanup", Time since last: 1000750377 ns, Reaching safepoint: 111304 ns, At safepoint: 11130 ns, Total: 122434 ns
[2020-05-16T04:05:34.201+0000][8924][safepoint    ] Safepoint "Cleanup", Time since last: 1000715130 ns, Reaching safepoint: 116406 ns, At safepoint: 12058 ns, Total: 128464 ns
[2020-05-16T04:05:36.202+0000][8924][safepoint    ] Safepoint "Cleanup", Time since last: 2000560696 ns, Reaching safepoint: 79304 ns, At safepoint: 5565 ns, Total: 84869 ns
[2020-05-16T04:05:37.203+0000][8924][safepoint    ] Safepoint "Cleanup", Time since last: 1000483246 ns, Reaching safepoint: 67710 ns, At safepoint: 3711 ns, Total: 71421 ns
[2020-05-16T04:05:38.204+0000][8924][safepoint    ] Safepoint "Cleanup", Time since last: 1000741564 ns, Reaching safepoint: 104812 ns, At safepoint: 19014 ns, Total: 123826 ns
[2020-05-16T04:05:39.204+0000][8924][safepoint    ] Safepoint "Cleanup", Time since last: 1000211479 ns, Reaching safepoint: 102956 ns, At safepoint: 3710 ns, Total: 106666 ns
[2020-05-16T04:05:40.205+0000][8924][safepoint    ] Safepoint "Cleanup", Time since last: 1000705855 ns, Reaching safepoint: 83014 ns, At safepoint: 2783 ns, Total: 85797 ns
[2020-05-16T04:05:41.205+0000][8924][safepoint    ] Safepoint "Cleanup", Time since last: 1000630261 ns, Reaching safepoint: 104811 ns, At safepoint: 6957 ns, Total: 111768 ns
[2020-05-16T04:05:43.205+0000][8924][safepoint    ] Safepoint "Cleanup", Time since last: 1999947594 ns, Reaching safepoint: 87188 ns, At safepoint: 5102 ns, Total: 92290 ns
[2020-05-16T04:05:44.206+0000][8924][safepoint    ] Safepoint "Cleanup", Time since last: 1000006492 ns, Reaching safepoint: 84870 ns, At safepoint: 2783 ns, Total: 87653 ns
[2020-05-16T04:05:45.206+0000][8924][safepoint    ] Safepoint "Cleanup", Time since last: 1000774492 ns, Reaching safepoint: 91362 ns, At safepoint: 3247 ns, Total: 94609 ns
[2020-05-16T04:05:46.207+0000][8924][safepoint    ] Safepoint "Cleanup", Time since last: 1000886724 ns, Reaching safepoint: 110840 ns, At safepoint: 4174 ns, Total: 115014 ns
[2020-05-16T04:05:47.208+0000][8924][safepoint    ] Safepoint "Cleanup", Time since last: 1000518029 ns, Reaching safepoint: 103420 ns, At safepoint: 5565 ns, Total: 108985 ns
[2020-05-16T04:05:48.209+0000][8924][safepoint    ] Safepoint "Cleanup", Time since last: 1000787942 ns, Reaching safepoint: 90899 ns, At safepoint: 2782 ns, Total: 93681 ns
[2020-05-16T04:05:49.209+0000][8924][safepoint    ] Safepoint "Cleanup", Time since last: 1000065855 ns, Reaching safepoint: 91363 ns, At safepoint: 2318 ns, Total: 93681 ns
[2020-05-16T04:05:50.210+0000][8924][safepoint    ] Safepoint "Cleanup", Time since last: 1000837565 ns, Reaching safepoint: 96464 ns, At safepoint: 4174 ns, Total: 100638 ns
[2020-05-16T04:05:51.211+0000][8924][safepoint    ] Safepoint "Cleanup", Time since last: 1000531942 ns, Reaching safepoint: 101565 ns, At safepoint: 3246 ns, Total: 104811 ns
[2020-05-16T04:05:52.211+0000][8924][safepoint    ] Safepoint "Cleanup", Time since last: 1000577391 ns, Reaching safepoint: 75594 ns, At safepoint: 3247 ns, Total: 78841 ns
[2020-05-16T04:05:54.212+0000][8924][safepoint    ] Safepoint "Cleanup", Time since last: 2000639536 ns, Reaching safepoint: 76058 ns, At safepoint: 3710 ns, Total: 79768 ns
[2020-05-16T04:05:55.213+0000][8924][safepoint    ] Safepoint "Cleanup", Time since last: 1000448463 ns, Reaching safepoint: 99247 ns, At safepoint: 1855 ns, Total: 101102 ns
[2020-05-16T04:05:56.214+0000][8924][safepoint    ] Safepoint "Cleanup", Time since last: 1000884869 ns, Reaching safepoint: 110840 ns, At safepoint: 1856 ns, Total: 112696 ns
[2020-05-16T04:05:57.215+0000][8924][safepoint    ] Safepoint "Cleanup", Time since last: 1000885332 ns, Reaching safepoint: 84870 ns, At safepoint: 4174 ns, Total: 89044 ns
[2020-05-16T04:05:58.215+0000][8924][safepoint    ] Safepoint "Cleanup", Time since last: 1000121507 ns, Reaching safepoint: 104348 ns, At safepoint: 3710 ns, Total: 108058 ns
[2020-05-16T04:05:59.215+0000][8924][safepoint    ] Safepoint "Cleanup", Time since last: 1000247188 ns, Reaching safepoint: 67247 ns, At safepoint: 3710 ns, Total: 70957 ns
[2020-05-16T04:06:00.216+0000][8924][safepoint    ] Safepoint "Cleanup", Time since last: 1000549101 ns, Reaching safepoint: 102956 ns, At safepoint: 4174 ns, Total: 107130 ns
[2020-05-16T04:06:01.216+0000][8924][safepoint    ] Safepoint "Cleanup", Time since last: 1000193392 ns, Reaching safepoint: 110840 ns, At safepoint: 4174 ns, Total: 115014 ns
[2020-05-16T04:06:03.217+0000][8924][safepoint    ] Safepoint "Cleanup", Time since last: 2000652058 ns, Reaching safepoint: 75130 ns, At safepoint: 3710 ns, Total: 78840 ns
[2020-05-16T04:06:04.238+0000][8924][safepoint    ] Safepoint "Cleanup", Time since last: 1021440918 ns, Reaching safepoint: 102956 ns, At safepoint: 4638 ns, Total: 107594 ns
[2020-05-16T04:06:05.239+0000][8924][safepoint    ] Safepoint "Cleanup", Time since last: 1000102029 ns, Reaching safepoint: 83014 ns, At safepoint: 4638 ns, Total: 87652 ns
[2020-05-16T04:06:06.239+0000][8924][safepoint    ] Safepoint "Cleanup", Time since last: 1000262956 ns, Reaching safepoint: 85334 ns, At safepoint: 5565 ns, Total: 90899 ns
[2020-05-16T04:06:07.276+0000][8924][safepoint    ] Safepoint "Cleanup", Time since last: 1036636273 ns, Reaching safepoint: 82550 ns, At safepoint: 4174 ns, Total: 86724 ns
[2020-05-16T04:06:08.276+0000][8924][safepoint    ] Safepoint "Cleanup", Time since last: 1000307942 ns, Reaching safepoint: 70493 ns, At safepoint: 1855 ns, Total: 72348 ns
[2020-05-16T04:06:09.277+0000][8924][safepoint    ] Safepoint "Cleanup", Time since last: 1000505507 ns, Reaching safepoint: 76986 ns, At safepoint: 1855 ns, Total: 78841 ns
[2020-05-16T04:06:10.277+0000][8924][safepoint    ] Safepoint "Cleanup", Time since last: 1000163710 ns, Reaching safepoint: 78376 ns, At safepoint: 2783 ns, Total: 81159 ns
[2020-05-16T04:06:11.278+0000][8924][safepoint    ] Safepoint "Cleanup", Time since last: 1000614956 ns, Reaching safepoint: 81160 ns, At safepoint: 1855 ns, Total: 83015 ns
[2020-05-16T04:06:12.278+0000][8924][safepoint    ] Safepoint "Cleanup", Time since last: 1000061681 ns, Reaching safepoint: 92290 ns, At safepoint: 3710 ns, Total: 96000 ns
[2020-05-16T04:06:13.278+0000][8924][safepoint    ] Safepoint "Cleanup", Time since last: 1000611710 ns, Reaching safepoint: 86724 ns, At safepoint: 1855 ns, Total: 88579 ns
[2020-05-16T04:06:14.279+0000][8924][safepoint    ] Safepoint "Cleanup", Time since last: 1000782377 ns, Reaching safepoint: 100637 ns, At safepoint: 1856 ns, Total: 102493 ns
[2020-05-16T04:06:15.280+0000][8924][safepoint    ] Safepoint "Cleanup", Time since last: 1000824115 ns, Reaching safepoint: 87188 ns, At safepoint: 6493 ns, Total: 93681 ns
[2020-05-16T04:06:17.281+0000][8924][safepoint    ] Safepoint "Cleanup", Time since last: 2000697043 ns, Reaching safepoint: 102029 ns, At safepoint: 4174 ns, Total: 106203 ns
[2020-05-16T04:06:19.282+0000][8924][safepoint    ] Safepoint "Cleanup", Time since last: 2000967884 ns, Reaching safepoint: 104348 ns, At safepoint: 3710 ns, Total: 108058 ns
[2020-05-16T04:06:20.283+0000][8924][safepoint    ] Safepoint "Cleanup", Time since last: 1000496695 ns, Reaching safepoint: 79304 ns, At safepoint: 4638 ns, Total: 83942 ns
[2020-05-16T04:06:21.283+0000][8924][safepoint    ] Safepoint "Cleanup", Time since last: 1000719768 ns, Reaching safepoint: 132174 ns, At safepoint: 3246 ns, Total: 135420 ns
[2020-05-16T04:06:23.284+0000][8924][safepoint    ] Safepoint "Cleanup", Time since last: 1999989334 ns, Reaching safepoint: 113623 ns, At safepoint: 16232 ns, Total: 129855 ns
[2020-05-16T04:06:25.284+0000][8924][safepoint    ] Safepoint "Cleanup", Time since last: 2000006492 ns, Reaching safepoint: 62609 ns, At safepoint: 4174 ns, Total: 66783 ns
[2020-05-16T04:06:26.285+0000][8924][safepoint    ] Safepoint "Cleanup", Time since last: 1000797217 ns, Reaching safepoint: 80232 ns, At safepoint: 3710 ns, Total: 83942 ns
[2020-05-16T04:06:27.285+0000][8924][safepoint    ] Safepoint "Cleanup", Time since last: 1000033391 ns, Reaching safepoint: 73739 ns, At safepoint: 3710 ns, Total: 77449 ns
[2020-05-16T04:06:28.285+0000][8924][safepoint    ] Safepoint "Cleanup", Time since last: 1000567189 ns, Reaching safepoint: 102492 ns, At safepoint: 4174 ns, Total: 106666 ns
[2020-05-16T04:06:29.286+0000][8924][safepoint    ] Safepoint "Cleanup", Time since last: 1000597797 ns, Reaching safepoint: 64464 ns, At safepoint: 1855 ns, Total: 66319 ns
[2020-05-16T04:06:30.286+0000][8924][safepoint    ] Safepoint "Cleanup", Time since last: 1000245797 ns, Reaching safepoint: 64927 ns, At safepoint: 3710 ns, Total: 68637 ns
[2020-05-16T04:06:31.287+0000][8924][safepoint    ] Safepoint "Cleanup", Time since last: 1000395131 ns, Reaching safepoint: 179478 ns, At safepoint: 3710 ns, Total: 183188 ns
[2020-05-16T04:06:32.287+0000][8924][safepoint    ] Safepoint "Cleanup", Time since last: 1000025971 ns, Reaching safepoint: 81623 ns, At safepoint: 2319 ns, Total: 83942 ns
[2020-05-16T04:06:33.288+0000][8924][safepoint    ] Safepoint "Cleanup", Time since last: 1000819942 ns, Reaching safepoint: 77449 ns, At safepoint: 3710 ns, Total: 81159 ns
[2020-05-16T04:06:34.288+0000][8924][safepoint    ] Safepoint "Cleanup", Time since last: 1000354782 ns, Reaching safepoint: 96000 ns, At safepoint: 2319 ns, Total: 98319 ns
[2020-05-16T04:06:35.289+0000][8924][safepoint    ] Safepoint "Cleanup", Time since last: 1000746203 ns, Reaching safepoint: 60753 ns, At safepoint: 2319 ns, Total: 63072 ns
[2020-05-16T04:06:36.290+0000][8924][safepoint    ] Safepoint "Cleanup", Time since last: 1000172522 ns, Reaching safepoint: 57507 ns, At safepoint: 1855 ns, Total: 59362 ns
[2020-05-16T04:06:37.290+0000][8924][safepoint    ] Safepoint "Cleanup", Time since last: 1000004174 ns, Reaching safepoint: 80696 ns, At safepoint: 2782 ns, Total: 83478 ns
[2020-05-16T04:06:38.290+0000][8924][safepoint    ] Safepoint "Cleanup", Time since last: 1000050087 ns, Reaching safepoint: 63536 ns, At safepoint: 2319 ns, Total: 65855 ns
[2020-05-16T04:06:39.290+0000][8924][safepoint    ] Safepoint "Cleanup", Time since last: 1000231884 ns, Reaching safepoint: 76522 ns, At safepoint: 3246 ns, Total: 79768 ns
[2020-05-16T04:06:40.291+0000][8924][safepoint    ] Safepoint "Cleanup", Time since last: 1000810203 ns, Reaching safepoint: 106666 ns, At safepoint: 1856 ns, Total: 108522 ns
[2020-05-16T04:06:41.292+0000][8924][safepoint    ] Safepoint "Cleanup", Time since last: 1000783304 ns, Reaching safepoint: 73739 ns, At safepoint: 4637 ns, Total: 78376 ns
[2020-05-16T04:06:43.292+0000][8924][safepoint    ] Safepoint "Cleanup", Time since last: 1999924870 ns, Reaching safepoint: 139594 ns, At safepoint: 4174 ns, Total: 143768 ns
[2020-05-16T04:06:44.293+0000][8924][safepoint    ] Safepoint "Cleanup", Time since last: 1000744347 ns, Reaching safepoint: 98783 ns, At safepoint: 3710 ns, Total: 102493 ns
[2020-05-16T04:06:45.293+0000][8924][safepoint    ] Safepoint "Cleanup", Time since last: 1000298203 ns, Reaching safepoint: 101101 ns, At safepoint: 3710 ns, Total: 104811 ns
[2020-05-16T04:06:46.648+0000][8924][safepoint    ] Safepoint "Cleanup", Time since last: 1354558445 ns, Reaching safepoint: 92753 ns, At safepoint: 5566 ns, Total: 98319 ns
[2020-05-16T04:06:47.648+0000][8924][safepoint    ] Safepoint "Cleanup", Time since last: 1000141449 ns, Reaching safepoint: 96000 ns, At safepoint: 2319 ns, Total: 98319 ns
[2020-05-16T04:06:48.649+0000][8924][safepoint    ] Safepoint "Cleanup", Time since last: 1000533333 ns, Reaching safepoint: 57507 ns, At safepoint: 1855 ns, Total: 59362 ns
[2020-05-16T04:06:49.649+0000][8924][safepoint    ] Safepoint "Cleanup", Time since last: 1000162319 ns, Reaching safepoint: 69565 ns, At safepoint: 4638 ns, Total: 74203 ns
[2020-05-16T04:06:50.649+0000][8924][safepoint    ] Safepoint "Cleanup", Time since last: 1000030608 ns, Reaching safepoint: 85333 ns, At safepoint: 3247 ns, Total: 88580 ns
[2020-05-16T04:06:51.650+0000][8924][safepoint    ] Safepoint "Cleanup", Time since last: 1000671536 ns, Reaching safepoint: 73739 ns, At safepoint: 3710 ns, Total: 77449 ns
[2020-05-16T04:06:53.650+0000][8924][safepoint    ] Safepoint "Cleanup", Time since last: 2000334840 ns, Reaching safepoint: 114087 ns, At safepoint: 1855 ns, Total: 115942 ns
[2020-05-16T04:06:54.651+0000][8924][safepoint    ] Safepoint "Cleanup", Time since last: 1000336696 ns, Reaching safepoint: 81623 ns, At safepoint: 3246 ns, Total: 84869 ns
[2020-05-16T04:06:55.651+0000][8924][safepoint    ] Safepoint "Cleanup", Time since last: 1000460058 ns, Reaching safepoint: 102029 ns, At safepoint: 3710 ns, Total: 105739 ns
[2020-05-16T04:06:56.652+0000][8924][safepoint    ] Safepoint "Cleanup", Time since last: 1000510609 ns, Reaching safepoint: 109449 ns, At safepoint: 2319 ns, Total: 111768 ns
[2020-05-16T04:06:57.653+0000][8924][safepoint    ] Safepoint "Cleanup", Time since last: 1000716521 ns, Reaching safepoint: 108058 ns, At safepoint: 2319 ns, Total: 110377 ns
[2020-05-16T04:06:58.653+0000][8924][safepoint    ] Safepoint "Cleanup", Time since last: 1000653449 ns, Reaching safepoint: 101565 ns, At safepoint: 3710 ns, Total: 105275 ns
[2020-05-16T04:06:59.653+0000][8924][safepoint    ] Safepoint "Cleanup", Time since last: 1000299131 ns, Reaching safepoint: 114086 ns, At safepoint: 7421 ns, Total: 121507 ns
[2020-05-16T04:07:01.655+0000][8924][safepoint    ] Safepoint "Cleanup", Time since last: 2000783304 ns, Reaching safepoint: 102029 ns, At safepoint: 3246 ns, Total: 105275 ns
[2020-05-16T04:07:02.655+0000][8924][safepoint    ] Safepoint "Cleanup", Time since last: 1000411362 ns, Reaching safepoint: 84406 ns, At safepoint: 2783 ns, Total: 87189 ns
[2020-05-16T04:07:03.655+0000][8924][safepoint    ] Safepoint "Cleanup", Time since last: 1000039884 ns, Reaching safepoint: 90434 ns, At safepoint: 3247 ns, Total: 93681 ns
[2020-05-16T04:07:04.656+0000][8924][safepoint    ] Safepoint "Cleanup", Time since last: 1000324173 ns, Reaching safepoint: 114087 ns, At safepoint: 3247 ns, Total: 117334 ns
[2020-05-16T04:07:05.656+0000][8924][safepoint    ] Safepoint "Cleanup", Time since last: 1000013449 ns, Reaching safepoint: 168812 ns, At safepoint: 4173 ns, Total: 172985 ns
[2020-05-16T04:07:06.656+0000][8924][safepoint    ] Safepoint "Cleanup", Time since last: 1000404406 ns, Reaching safepoint: 89043 ns, At safepoint: 3711 ns, Total: 92754 ns
[2020-05-16T04:07:07.657+0000][8924][safepoint    ] Safepoint "Cleanup", Time since last: 1000099246 ns, Reaching safepoint: 108522 ns, At safepoint: 2782 ns, Total: 111304 ns
[2020-05-16T04:07:08.657+0000][8924][safepoint    ] Safepoint "Cleanup", Time since last: 1000281044 ns, Reaching safepoint: 102029 ns, At safepoint: 3246 ns, Total: 105275 ns
[2020-05-16T04:07:09.658+0000][8924][safepoint    ] Safepoint "Cleanup", Time since last: 1000496232 ns, Reaching safepoint: 97391 ns, At safepoint: 3246 ns, Total: 100637 ns
[2020-05-16T04:07:10.658+0000][8924][safepoint    ] Safepoint "Cleanup", Time since last: 1000032000 ns, Reaching safepoint: 104812 ns, At safepoint: 4174 ns, Total: 108986 ns
[2020-05-16T04:07:11.658+0000][8924][safepoint    ] Safepoint "Cleanup", Time since last: 1000047768 ns, Reaching safepoint: 74666 ns, At safepoint: 4174 ns, Total: 78840 ns
[2020-05-16T04:07:13.658+0000][8924][safepoint    ] Safepoint "Cleanup", Time since last: 2000564406 ns, Reaching safepoint: 110840 ns, At safepoint: 2319 ns, Total: 113159 ns
[2020-05-16T04:07:14.659+0000][8924][safepoint    ] Safepoint "Cleanup", Time since last: 1000835246 ns, Reaching safepoint: 97391 ns, At safepoint: 3247 ns, Total: 100638 ns
[2020-05-16T04:07:15.660+0000][8924][safepoint    ] Safepoint "Cleanup", Time since last: 1000516173 ns, Reaching safepoint: 72348 ns, At safepoint: 2783 ns, Total: 75131 ns
[2020-05-16T04:07:16.661+0000][8924][safepoint    ] Safepoint "Cleanup", Time since last: 1000793507 ns, Reaching safepoint: 82087 ns, At safepoint: 3246 ns, Total: 85333 ns
[2020-05-16T04:07:17.662+0000][8924][safepoint    ] Safepoint "Cleanup", Time since last: 1001002202 ns, Reaching safepoint: 111769 ns, At safepoint: 1855 ns, Total: 113624 ns
[2020-05-16T04:07:18.663+0000][8924][safepoint    ] Safepoint "Cleanup", Time since last: 1000349217 ns, Reaching safepoint: 82087 ns, At safepoint: 4637 ns, Total: 86724 ns
[2020-05-16T04:07:19.663+0000][8924][safepoint    ] Safepoint "Cleanup", Time since last: 1000454493 ns, Reaching safepoint: 88116 ns, At safepoint: 2782 ns, Total: 90898 ns
[2020-05-16T04:07:21.663+0000][8924][safepoint    ] Safepoint "Cleanup", Time since last: 2000342725 ns, Reaching safepoint: 116869 ns, At safepoint: 4638 ns, Total: 121507 ns
[2020-05-16T04:07:22.664+0000][8924][safepoint    ] Safepoint "Cleanup", Time since last: 1000591768 ns, Reaching safepoint: 70957 ns, At safepoint: 3246 ns, Total: 74203 ns
[2020-05-16T04:07:23.665+0000][8924][safepoint    ] Safepoint "Cleanup", Time since last: 1000527768 ns, Reaching safepoint: 58435 ns, At safepoint: 2318 ns, Total: 60753 ns
[2020-05-16T04:07:24.665+0000][8924][safepoint    ] Safepoint "Cleanup", Time since last: 1000337160 ns, Reaching safepoint: 89043 ns, At safepoint: 2319 ns, Total: 91362 ns
[2020-05-16T04:07:25.665+0000][8924][safepoint    ] Safepoint "Cleanup", Time since last: 1000223536 ns, Reaching safepoint: 88116 ns, At safepoint: 2783 ns, Total: 90899 ns
[2020-05-16T04:07:26.666+0000][8924][safepoint    ] Safepoint "Cleanup", Time since last: 1000204057 ns, Reaching safepoint: 97392 ns, At safepoint: 6492 ns, Total: 103884 ns
[2020-05-16T04:07:27.666+0000][8924][safepoint    ] Safepoint "Cleanup", Time since last: 1000096000 ns, Reaching safepoint: 88580 ns, At safepoint: 2319 ns, Total: 90899 ns
[2020-05-16T04:07:29.667+0000][8924][safepoint    ] Safepoint "Cleanup", Time since last: 2000757333 ns, Reaching safepoint: 72348 ns, At safepoint: 4174 ns, Total: 76522 ns
[2020-05-16T04:07:30.668+0000][8924][safepoint    ] Safepoint "Cleanup", Time since last: 1000710028 ns, Reaching safepoint: 89507 ns, At safepoint: 4638 ns, Total: 94145 ns
[2020-05-16T04:07:31.668+0000][8924][safepoint    ] Safepoint "Cleanup", Time since last: 1000005565 ns, Reaching safepoint: 91363 ns, At safepoint: 1855 ns, Total: 93218 ns
[2020-05-16T04:07:32.668+0000][8924][safepoint    ] Safepoint "Cleanup", Time since last: 1000562086 ns, Reaching safepoint: 102029 ns, At safepoint: 3247 ns, Total: 105276 ns
[2020-05-16T04:07:33.669+0000][8924][safepoint    ] Safepoint "Cleanup", Time since last: 1000240695 ns, Reaching safepoint: 92754 ns, At safepoint: 3246 ns, Total: 96000 ns
[2020-05-16T04:07:35.421+0000][8924][safepoint    ] Safepoint "Cleanup", Time since last: 1751876289 ns, Reaching safepoint: 80696 ns, At safepoint: 3710 ns, Total: 84406 ns
[2020-05-16T04:07:36.421+0000][8924][safepoint    ] Safepoint "Cleanup", Time since last: 1000454492 ns, Reaching safepoint: 84406 ns, At safepoint: 3710 ns, Total: 88116 ns
[2020-05-16T04:07:38.422+0000][8924][safepoint    ] Safepoint "Cleanup", Time since last: 2000796290 ns, Reaching safepoint: 91362 ns, At safepoint: 5102 ns, Total: 96464 ns
[2020-05-16T04:07:39.422+0000][8924][safepoint    ] Safepoint "Cleanup", Time since last: 1000179014 ns, Reaching safepoint: 78841 ns, At safepoint: 4173 ns, Total: 83014 ns
[2020-05-16T04:07:40.423+0000][8924][safepoint    ] Safepoint "Cleanup", Time since last: 1000601044 ns, Reaching safepoint: 70492 ns, At safepoint: 1855 ns, Total: 72347 ns
[2020-05-16T04:07:41.424+0000][8924][safepoint    ] Safepoint "Cleanup", Time since last: 1000518029 ns, Reaching safepoint: 72812 ns, At safepoint: 3710 ns, Total: 76522 ns
[2020-05-16T04:07:42.424+0000][8924][safepoint    ] Safepoint "Cleanup", Time since last: 1000118724 ns, Reaching safepoint: 97392 ns, At safepoint: 40811 ns, Total: 138203 ns
[2020-05-16T04:07:44.425+0000][8924][safepoint    ] Safepoint "Cleanup", Time since last: 2000666899 ns, Reaching safepoint: 85797 ns, At safepoint: 4637 ns, Total: 90434 ns
[2020-05-16T04:07:45.425+0000][8924][safepoint    ] Safepoint "Cleanup", Time since last: 1000675246 ns, Reaching safepoint: 77913 ns, At safepoint: 2783 ns, Total: 80696 ns
[2020-05-16T04:07:46.426+0000][8924][safepoint    ] Safepoint "Cleanup", Time since last: 1000638145 ns, Reaching safepoint: 77913 ns, At safepoint: 2318 ns, Total: 80231 ns
[2020-05-16T04:07:47.427+0000][8924][safepoint    ] Safepoint "Cleanup", Time since last: 1000765681 ns, Reaching safepoint: 77449 ns, At safepoint: 2783 ns, Total: 80232 ns
[2020-05-16T04:07:48.428+0000][8924][safepoint    ] Safepoint "Cleanup", Time since last: 1000594551 ns, Reaching safepoint: 108521 ns, At safepoint: 9739 ns, Total: 118260 ns
[2020-05-16T04:07:49.428+0000][8924][safepoint    ] Safepoint "Cleanup", Time since last: 1000067710 ns, Reaching safepoint: 114551 ns, At safepoint: 2319 ns, Total: 116870 ns
[2020-05-16T04:07:50.429+0000][8924][safepoint    ] Safepoint "Cleanup", Time since last: 1000669681 ns, Reaching safepoint: 65391 ns, At safepoint: 1855 ns, Total: 67246 ns
[2020-05-16T04:07:51.430+0000][8924][safepoint    ] Safepoint "Cleanup", Time since last: 1000861681 ns, Reaching safepoint: 90435 ns, At safepoint: 4174 ns, Total: 94609 ns
[2020-05-16T04:07:52.430+0000][8924][safepoint    ] Safepoint "Cleanup", Time since last: 1000122898 ns, Reaching safepoint: 61681 ns, At safepoint: 1855 ns, Total: 63536 ns
[2020-05-16T04:07:53.430+0000][8924][safepoint    ] Safepoint "Cleanup", Time since last: 1000310725 ns, Reaching safepoint: 72348 ns, At safepoint: 2782 ns, Total: 75130 ns
[2020-05-16T04:07:54.430+0000][8924][safepoint    ] Safepoint "Cleanup", Time since last: 1000194783 ns, Reaching safepoint: 88579 ns, At safepoint: 3710 ns, Total: 92289 ns
[2020-05-16T04:07:55.431+0000][8924][safepoint    ] Safepoint "Cleanup", Time since last: 1000724406 ns, Reaching safepoint: 78840 ns, At safepoint: 3247 ns, Total: 82087 ns
[2020-05-16T04:07:57.432+0000][8924][safepoint    ] Safepoint "Cleanup", Time since last: 2000753159 ns, Reaching safepoint: 79768 ns, At safepoint: 2783 ns, Total: 82551 ns
[2020-05-16T04:07:58.433+0000][8924][safepoint    ] Safepoint "Cleanup", Time since last: 1000658086 ns, Reaching safepoint: 91826 ns, At safepoint: 5102 ns, Total: 96928 ns
[2020-05-16T04:07:59.434+0000][8924][safepoint    ] Safepoint "Cleanup", Time since last: 1000863072 ns, Reaching safepoint: 79304 ns, At safepoint: 3710 ns, Total: 83014 ns
[2020-05-16T04:08:00.434+0000][8924][safepoint    ] Safepoint "Cleanup", Time since last: 1000521739 ns, Reaching safepoint: 96464 ns, At safepoint: 4174 ns, Total: 100638 ns
[2020-05-16T04:08:01.435+0000][8924][safepoint    ] Safepoint "Cleanup", Time since last: 1000362203 ns, Reaching safepoint: 89043 ns, At safepoint: 1855 ns, Total: 90898 ns
[2020-05-16T04:08:02.436+0000][8924][safepoint    ] Safepoint "Cleanup", Time since last: 1000629797 ns, Reaching safepoint: 74666 ns, At safepoint: 2783 ns, Total: 77449 ns
[2020-05-16T04:08:03.436+0000][8924][safepoint    ] Safepoint "Cleanup", Time since last: 1000567652 ns, Reaching safepoint: 83942 ns, At safepoint: 1855 ns, Total: 85797 ns
[2020-05-16T04:08:04.437+0000][8924][safepoint    ] Safepoint "Cleanup", Time since last: 1000429449 ns, Reaching safepoint: 65391 ns, At safepoint: 2319 ns, Total: 67710 ns
[2020-05-16T04:08:05.464+0000][8924][safepoint    ] Safepoint "Cleanup", Time since last: 1027531582 ns, Reaching safepoint: 96927 ns, At safepoint: 6029 ns, Total: 102956 ns
[2020-05-16T04:08:06.465+0000][8924][safepoint    ] Safepoint "Cleanup", Time since last: 1000891362 ns, Reaching safepoint: 84406 ns, At safepoint: 3246 ns, Total: 87652 ns
[2020-05-16T04:08:07.466+0000][8924][safepoint    ] Safepoint "Cleanup", Time since last: 1000279652 ns, Reaching safepoint: 83942 ns, At safepoint: 2783 ns, Total: 86725 ns
[2020-05-16T04:08:08.466+0000][8924][safepoint    ] Safepoint "Cleanup", Time since last: 1000249043 ns, Reaching safepoint: 74667 ns, At safepoint: 4638 ns, Total: 79305 ns
[2020-05-16T04:08:09.466+0000][8924][safepoint    ] Safepoint "Cleanup", Time since last: 1000339014 ns, Reaching safepoint: 83014 ns, At safepoint: 1855 ns, Total: 84869 ns
[2020-05-16T04:08:11.467+0000][8924][safepoint    ] Safepoint "Cleanup", Time since last: 2000902956 ns, Reaching safepoint: 83942 ns, At safepoint: 3711 ns, Total: 87653 ns
[2020-05-16T04:08:12.468+0000][8924][safepoint    ] Safepoint "Cleanup", Time since last: 1000712347 ns, Reaching safepoint: 96464 ns, At safepoint: 7420 ns, Total: 103884 ns
[2020-05-16T04:08:13.469+0000][8924][safepoint    ] Safepoint "Cleanup", Time since last: 1000819942 ns, Reaching safepoint: 141913 ns, At safepoint: 51942 ns, Total: 193855 ns
[2020-05-16T04:08:15.470+0000][8924][safepoint    ] Safepoint "Cleanup", Time since last: 2000667826 ns, Reaching safepoint: 74202 ns, At safepoint: 4638 ns, Total: 78840 ns
[2020-05-16T04:08:16.471+0000][8924][safepoint    ] Safepoint "Cleanup", Time since last: 1000516174 ns, Reaching safepoint: 105739 ns, At safepoint: 3710 ns, Total: 109449 ns
[2020-05-16T04:08:17.471+0000][8924][safepoint    ] Safepoint "Cleanup", Time since last: 1000314898 ns, Reaching safepoint: 85334 ns, At safepoint: 3246 ns, Total: 88580 ns
[2020-05-16T04:08:18.472+0000][8924][safepoint    ] Safepoint "Cleanup", Time since last: 1000778203 ns, Reaching safepoint: 82086 ns, At safepoint: 7421 ns, Total: 89507 ns
[2020-05-16T04:08:19.473+0000][8924][safepoint    ] Safepoint "Cleanup", Time since last: 1000609391 ns, Reaching safepoint: 91826 ns, At safepoint: 1855 ns, Total: 93681 ns
[2020-05-16T04:08:20.473+0000][8924][safepoint    ] Safepoint "Cleanup", Time since last: 1000158145 ns, Reaching safepoint: 62145 ns, At safepoint: 3246 ns, Total: 65391 ns
[2020-05-16T04:08:21.474+0000][8924][safepoint    ] Safepoint "Cleanup", Time since last: 1000672927 ns, Reaching safepoint: 73276 ns, At safepoint: 3246 ns, Total: 76522 ns
[2020-05-16T04:08:22.474+0000][8924][safepoint    ] Safepoint "Cleanup", Time since last: 1000052870 ns, Reaching safepoint: 107130 ns, At safepoint: 1855 ns, Total: 108985 ns
[2020-05-16T04:08:23.474+0000][8924][safepoint    ] Safepoint "Cleanup", Time since last: 1000160927 ns, Reaching safepoint: 104812 ns, At safepoint: 3710 ns, Total: 108522 ns
[2020-05-16T04:08:24.474+0000][8924][safepoint    ] Safepoint "Cleanup", Time since last: 1000002783 ns, Reaching safepoint: 93681 ns, At safepoint: 3710 ns, Total: 97391 ns
[2020-05-16T04:08:25.475+0000][8924][safepoint    ] Safepoint "Cleanup", Time since last: 1000745739 ns, Reaching safepoint: 97855 ns, At safepoint: 6493 ns, Total: 104348 ns
[2020-05-16T04:08:26.475+0000][8924][safepoint    ] Safepoint "Cleanup", Time since last: 1000210550 ns, Reaching safepoint: 88580 ns, At safepoint: 4174 ns, Total: 92754 ns
[2020-05-16T04:08:27.476+0000][8924][safepoint    ] Safepoint "Cleanup", Time since last: 1000475826 ns, Reaching safepoint: 101565 ns, At safepoint: 3710 ns, Total: 105275 ns
[2020-05-16T04:08:28.479+0000][8924][safepoint    ] Safepoint "Cleanup", Time since last: 1003158259 ns, Reaching safepoint: 89971 ns, At safepoint: 3247 ns, Total: 93218 ns
[2020-05-16T04:08:29.485+0000][8924][safepoint    ] Safepoint "Cleanup", Time since last: 1005997910 ns, Reaching safepoint: 106203 ns, At safepoint: 4174 ns, Total: 110377 ns
[2020-05-16T04:08:31.486+0000][8924][safepoint    ] Safepoint "Cleanup", Time since last: 2000578318 ns, Reaching safepoint: 111768 ns, At safepoint: 4174 ns, Total: 115942 ns
[2020-05-16T04:08:32.487+0000][8924][safepoint    ] Safepoint "Cleanup", Time since last: 1000619130 ns, Reaching safepoint: 103884 ns, At safepoint: 3711 ns, Total: 107595 ns
[2020-05-16T04:08:33.487+0000][8924][safepoint    ] Safepoint "Cleanup", Time since last: 1000494840 ns, Reaching safepoint: 96927 ns, At safepoint: 3711 ns, Total: 100638 ns
[2020-05-16T04:08:35.488+0000][8924][safepoint    ] Safepoint "Cleanup", Time since last: 2000233739 ns, Reaching safepoint: 122898 ns, At safepoint: 5565 ns, Total: 128463 ns
[2020-05-16T04:08:36.488+0000][8924][safepoint    ] Safepoint "Cleanup", Time since last: 1000781913 ns, Reaching safepoint: 92754 ns, At safepoint: 4173 ns, Total: 96927 ns
[2020-05-16T04:08:37.489+0000][8924][safepoint    ] Safepoint "Cleanup", Time since last: 1000631189 ns, Reaching safepoint: 112231 ns, At safepoint: 4174 ns, Total: 116405 ns
[2020-05-16T04:08:38.490+0000][8924][safepoint    ] Safepoint "Cleanup", Time since last: 1000739710 ns, Reaching safepoint: 110377 ns, At safepoint: 4174 ns, Total: 114551 ns
[2020-05-16T04:08:40.491+0000][8924][safepoint    ] Safepoint "Cleanup", Time since last: 2000847304 ns, Reaching safepoint: 113159 ns, At safepoint: 3710 ns, Total: 116869 ns
[2020-05-16T04:08:41.491+0000][8924][safepoint    ] Safepoint "Cleanup", Time since last: 1000123363 ns, Reaching safepoint: 103420 ns, At safepoint: 6493 ns, Total: 109913 ns
[2020-05-16T04:08:42.492+0000][8924][safepoint    ] Safepoint "Cleanup", Time since last: 1000889970 ns, Reaching safepoint: 92754 ns, At safepoint: 1855 ns, Total: 94609 ns
[2020-05-16T04:08:43.493+0000][8924][safepoint    ] Safepoint "Cleanup", Time since last: 1000617275 ns, Reaching safepoint: 88580 ns, At safepoint: 3246 ns, Total: 91826 ns
[2020-05-16T04:08:44.494+0000][8924][safepoint    ] Safepoint "Cleanup", Time since last: 1000866318 ns, Reaching safepoint: 74667 ns, At safepoint: 3246 ns, Total: 77913 ns
[2020-05-16T04:08:46.494+0000][8924][safepoint    ] Safepoint "Cleanup", Time since last: 2000128928 ns, Reaching safepoint: 99246 ns, At safepoint: 4174 ns, Total: 103420 ns
[2020-05-16T04:08:47.494+0000][8924][safepoint    ] Safepoint "Cleanup", Time since last: 1000247188 ns, Reaching safepoint: 79768 ns, At safepoint: 1855 ns, Total: 81623 ns
[2020-05-16T04:08:48.495+0000][8924][safepoint    ] Safepoint "Cleanup", Time since last: 1000805565 ns, Reaching safepoint: 88116 ns, At safepoint: 3247 ns, Total: 91363 ns
[2020-05-16T04:08:50.495+0000][8924][safepoint    ] Safepoint "Cleanup", Time since last: 1999989797 ns, Reaching safepoint: 107130 ns, At safepoint: 1855 ns, Total: 108985 ns
[2020-05-16T04:08:51.496+0000][8924][safepoint    ] Safepoint "Cleanup", Time since last: 1000530551 ns, Reaching safepoint: 96463 ns, At safepoint: 3247 ns, Total: 99710 ns
[2020-05-16T04:08:52.496+0000][8924][safepoint    ] Safepoint "Cleanup", Time since last: 1000018087 ns, Reaching safepoint: 120579 ns, At safepoint: 1855 ns, Total: 122434 ns
[2020-05-16T04:08:53.496+0000][8924][safepoint    ] Safepoint "Cleanup", Time since last: 1000107131 ns, Reaching safepoint: 97391 ns, At safepoint: 1855 ns, Total: 99246 ns
[2020-05-16T04:08:54.497+0000][8924][safepoint    ] Safepoint "Cleanup", Time since last: 1000381681 ns, Reaching safepoint: 104348 ns, At safepoint: 3246 ns, Total: 107594 ns
[2020-05-16T04:08:55.498+0000][8924][safepoint    ] Safepoint "Cleanup", Time since last: 1000814840 ns, Reaching safepoint: 74203 ns, At safepoint: 3247 ns, Total: 77450 ns
[2020-05-16T04:08:56.498+0000][8924][safepoint    ] Safepoint "Cleanup", Time since last: 1000007420 ns, Reaching safepoint: 84870 ns, At safepoint: 4173 ns, Total: 89043 ns
[2020-05-16T04:08:57.499+0000][8924][safepoint    ] Safepoint "Cleanup", Time since last: 1000576464 ns, Reaching safepoint: 93217 ns, At safepoint: 2783 ns, Total: 96000 ns
[2020-05-16T04:08:58.499+0000][8924][safepoint    ] Safepoint "Cleanup", Time since last: 1000400695 ns, Reaching safepoint: 107595 ns, At safepoint: 3710 ns, Total: 111305 ns
[2020-05-16T04:08:59.499+0000][8924][safepoint    ] Safepoint "Cleanup", Time since last: 1000072811 ns, Reaching safepoint: 80232 ns, At safepoint: 4638 ns, Total: 84870 ns
[2020-05-16T04:09:00.500+0000][8924][safepoint    ] Safepoint "Cleanup", Time since last: 1000171594 ns, Reaching safepoint: 87652 ns, At safepoint: 3246 ns, Total: 90898 ns
[2020-05-16T04:09:01.500+0000][8924][safepoint    ] Safepoint "Cleanup", Time since last: 1000772174 ns, Reaching safepoint: 82087 ns, At safepoint: 3246 ns, Total: 85333 ns
[2020-05-16T04:09:02.501+0000][8924][safepoint    ] Safepoint "Cleanup", Time since last: 1000719768 ns, Reaching safepoint: 77913 ns, At safepoint: 3246 ns, Total: 81159 ns
[2020-05-16T04:09:03.501+0000][8924][safepoint    ] Safepoint "Cleanup", Time since last: 1000050087 ns, Reaching safepoint: 76986 ns, At safepoint: 3246 ns, Total: 80232 ns
[2020-05-16T04:09:04.502+0000][8924][safepoint    ] Safepoint "Cleanup", Time since last: 1000806029 ns, Reaching safepoint: 98782 ns, At safepoint: 4638 ns, Total: 103420 ns
[2020-05-16T04:09:05.502+0000][8924][safepoint    ] Safepoint "Cleanup", Time since last: 1000004638 ns, Reaching safepoint: 85333 ns, At safepoint: 3246 ns, Total: 88579 ns
[2020-05-16T04:09:06.503+0000][8924][safepoint    ] Safepoint "Cleanup", Time since last: 1000577391 ns, Reaching safepoint: 99247 ns, At safepoint: 3246 ns, Total: 102493 ns
[2020-05-16T04:09:08.504+0000][8924][safepoint    ] Safepoint "Cleanup", Time since last: 2000764753 ns, Reaching safepoint: 97392 ns, At safepoint: 3246 ns, Total: 100638 ns
[2020-05-16T04:09:09.505+0000][8924][safepoint    ] Safepoint "Cleanup", Time since last: 1000611246 ns, Reaching safepoint: 83478 ns, At safepoint: 3247 ns, Total: 86725 ns
[2020-05-16T04:09:10.505+0000][8924][safepoint    ] Safepoint "Cleanup", Time since last: 1000835246 ns, Reaching safepoint: 74203 ns, At safepoint: 4173 ns, Total: 78376 ns
[2020-05-16T04:09:11.506+0000][8924][safepoint    ] Safepoint "Cleanup", Time since last: 1000040348 ns, Reaching safepoint: 86261 ns, At safepoint: 3246 ns, Total: 89507 ns
[2020-05-16T04:09:12.506+0000][8924][safepoint    ] Safepoint "Cleanup", Time since last: 1000537507 ns, Reaching safepoint: 139595 ns, At safepoint: 3246 ns, Total: 142841 ns
[2020-05-16T04:09:13.507+0000][8924][safepoint    ] Safepoint "Cleanup", Time since last: 1000649739 ns, Reaching safepoint: 95536 ns, At safepoint: 1855 ns, Total: 97391 ns
[2020-05-16T04:09:14.508+0000][8924][safepoint    ] Safepoint "Cleanup", Time since last: 1000851014 ns, Reaching safepoint: 228174 ns, At safepoint: 4638 ns, Total: 232812 ns
[2020-05-16T04:09:16.509+0000][8924][safepoint    ] Safepoint "Cleanup", Time since last: 2000564869 ns, Reaching safepoint: 104812 ns, At safepoint: 4173 ns, Total: 108985 ns
[2020-05-16T04:09:17.509+0000][8924][safepoint    ] Safepoint "Cleanup", Time since last: 1000567652 ns, Reaching safepoint: 83479 ns, At safepoint: 2318 ns, Total: 85797 ns
[2020-05-16T04:09:18.510+0000][8924][safepoint    ] Safepoint "Cleanup", Time since last: 1000470725 ns, Reaching safepoint: 110377 ns, At safepoint: 2318 ns, Total: 112695 ns
[2020-05-16T04:09:18.579+0000][8924][gc,start     ] GC(12) Pause Young (Normal) (G1 Evacuation Pause)
[2020-05-16T04:09:18.579+0000][8924][gc,task      ] GC(12) Using 4 workers of 4 for evacuation
[2020-05-16T04:09:18.579+0000][8924][gc,age       ] GC(12) Desired survivor size 40370176 bytes, new threshold 15 (max threshold 15)
[2020-05-16T04:09:18.600+0000][8924][gc,age       ] GC(12) Age table with threshold 15 (max threshold 15)
[2020-05-16T04:09:18.600+0000][8924][gc,age       ] GC(12) - age   1:     834392 bytes,     834392 total
[2020-05-16T04:09:18.600+0000][8924][gc,age       ] GC(12) - age   2:    7427360 bytes,    8261752 total
[2020-05-16T04:09:18.600+0000][8924][gc,age       ] GC(12) - age   3:    9574232 bytes,   17835984 total
[2020-05-16T04:09:18.600+0000][8924][gc,phases    ] GC(12)   Pre Evacuate Collection Set: 0.2ms
[2020-05-16T04:09:18.600+0000][8924][gc,phases    ] GC(12)   Merge Heap Roots: 0.2ms
[2020-05-16T04:09:18.600+0000][8924][gc,phases    ] GC(12)   Evacuate Collection Set: 18.7ms
[2020-05-16T04:09:18.600+0000][8924][gc,phases    ] GC(12)   Post Evacuate Collection Set: 1.6ms
[2020-05-16T04:09:18.600+0000][8924][gc,phases    ] GC(12)   Other: 0.4ms
[2020-05-16T04:09:18.600+0000][8924][gc,heap      ] GC(12) Eden regions: 596->0(595)
[2020-05-16T04:09:18.600+0000][8924][gc,heap      ] GC(12) Survivor regions: 18->19(77)
[2020-05-16T04:09:18.600+0000][8924][gc,heap      ] GC(12) Old regions: 44->44
[2020-05-16T04:09:18.600+0000][8924][gc,heap      ] GC(12) Archive regions: 0->0
[2020-05-16T04:09:18.600+0000][8924][gc,heap      ] GC(12) Humongous regions: 1->1
[2020-05-16T04:09:18.600+0000][8924][gc,metaspace ] GC(12) Metaspace: 79407K(85856K)->79407K(85856K) NonClass: 68552K(72364K)->68552K(72364K) Class: 10855K(13492K)->10855K(13492K)
[2020-05-16T04:09:18.600+0000][8924][gc           ] GC(12) Pause Young (Normal) (G1 Evacuation Pause) 658M->63M(1024M) 21.217ms
[2020-05-16T04:09:18.600+0000][8924][gc,cpu       ] GC(12) User=0.06s Sys=0.00s Real=0.02s
[2020-05-16T04:09:18.600+0000][8924][safepoint    ] Safepoint "G1CollectForAllocation", Time since last: 69632896 ns, Reaching safepoint: 76521 ns, At safepoint: 21321266 ns, Total: 21397787 ns
[2020-05-16T04:09:20.601+0000][8924][safepoint    ] Safepoint "Cleanup", Time since last: 1999639188 ns, Reaching safepoint: 78841 ns, At safepoint: 1855 ns, Total: 80696 ns
[2020-05-16T04:09:21.601+0000][8924][safepoint    ] Safepoint "Cleanup", Time since last: 1000608000 ns, Reaching safepoint: 84869 ns, At safepoint: 4638 ns, Total: 89507 ns
[2020-05-16T04:09:23.602+0000][8924][safepoint    ] Safepoint "Cleanup", Time since last: 2000253217 ns, Reaching safepoint: 74203 ns, At safepoint: 11131 ns, Total: 85334 ns
[2020-05-16T04:09:24.614+0000][8924][safepoint    ] Safepoint "Cleanup", Time since last: 1012007414 ns, Reaching safepoint: 63073 ns, At safepoint: 4174 ns, Total: 67247 ns
[2020-05-16T04:09:25.615+0000][8924][safepoint    ] Safepoint "Cleanup", Time since last: 1000729506 ns, Reaching safepoint: 88116 ns, At safepoint: 3711 ns, Total: 91827 ns
[2020-05-16T04:09:26.615+0000][8924][safepoint    ] Safepoint "Cleanup", Time since last: 1000232811 ns, Reaching safepoint: 92290 ns, At safepoint: 12985 ns, Total: 105275 ns
[2020-05-16T04:09:27.615+0000][8924][safepoint    ] Safepoint "Cleanup", Time since last: 1000165565 ns, Reaching safepoint: 170667 ns, At safepoint: 31536 ns, Total: 202203 ns
[2020-05-16T04:09:28.616+0000][8924][safepoint    ] Safepoint "Cleanup", Time since last: 1000586667 ns, Reaching safepoint: 55652 ns, At safepoint: 6493 ns, Total: 62145 ns
[2020-05-16T04:09:29.616+0000][8924][safepoint    ] Safepoint "Cleanup", Time since last: 1000240231 ns, Reaching safepoint: 88580 ns, At safepoint: 3246 ns, Total: 91826 ns
[2020-05-16T04:09:30.617+0000][8924][safepoint    ] Safepoint "Cleanup", Time since last: 1000219826 ns, Reaching safepoint: 90435 ns, At safepoint: 6493 ns, Total: 96928 ns
[2020-05-16T04:09:31.617+0000][8924][safepoint    ] Safepoint "Cleanup", Time since last: 1000313507 ns, Reaching safepoint: 109449 ns, At safepoint: 1855 ns, Total: 111304 ns
[2020-05-16T04:09:32.617+0000][8924][safepoint    ] Safepoint "Cleanup", Time since last: 1000194783 ns, Reaching safepoint: 79768 ns, At safepoint: 3710 ns, Total: 83478 ns
[2020-05-16T04:09:33.618+0000][8924][safepoint    ] Safepoint "Cleanup", Time since last: 1000045449 ns, Reaching safepoint: 52870 ns, At safepoint: 1855 ns, Total: 54725 ns
[2020-05-16T04:09:34.618+0000][8924][safepoint    ] Safepoint "Cleanup", Time since last: 1000102493 ns, Reaching safepoint: 87652 ns, At safepoint: 2782 ns, Total: 90434 ns
[2020-05-16T04:09:36.618+0000][8924][safepoint    ] Safepoint "Cleanup", Time since last: 2000292638 ns, Reaching safepoint: 89043 ns, At safepoint: 4174 ns, Total: 93217 ns
[2020-05-16T04:09:37.618+0000][8924][safepoint    ] Safepoint "Cleanup", Time since last: 1000067247 ns, Reaching safepoint: 76057 ns, At safepoint: 3247 ns, Total: 79304 ns
[2020-05-16T04:09:38.619+0000][8924][safepoint    ] Safepoint "Cleanup", Time since last: 1000844521 ns, Reaching safepoint: 63536 ns, At safepoint: 2319 ns, Total: 65855 ns
[2020-05-16T04:09:39.620+0000][8924][safepoint    ] Safepoint "Cleanup", Time since last: 1000339478 ns, Reaching safepoint: 121508 ns, At safepoint: 4173 ns, Total: 125681 ns
[2020-05-16T04:09:40.620+0000][8924][safepoint    ] Safepoint "Cleanup", Time since last: 1000146087 ns, Reaching safepoint: 86725 ns, At safepoint: 3710 ns, Total: 90435 ns
[2020-05-16T04:09:41.620+0000][8924][safepoint    ] Safepoint "Cleanup", Time since last: 1000480000 ns, Reaching safepoint: 92290 ns, At safepoint: 1855 ns, Total: 94145 ns
[2020-05-16T04:09:42.621+0000][8924][safepoint    ] Safepoint "Cleanup", Time since last: 1000299130 ns, Reaching safepoint: 71420 ns, At safepoint: 3247 ns, Total: 74667 ns
[2020-05-16T04:09:43.622+0000][8924][safepoint    ] Safepoint "Cleanup", Time since last: 1000902956 ns, Reaching safepoint: 84406 ns, At safepoint: 4173 ns, Total: 88579 ns
[2020-05-16T04:09:44.623+0000][8924][safepoint    ] Safepoint "Cleanup", Time since last: 1000824116 ns, Reaching safepoint: 59826 ns, At safepoint: 3246 ns, Total: 63072 ns
[2020-05-16T04:09:45.624+0000][8924][safepoint    ] Safepoint "Cleanup", Time since last: 1000841739 ns, Reaching safepoint: 76058 ns, At safepoint: 3247 ns, Total: 79305 ns
[2020-05-16T04:09:46.625+0000][8924][safepoint    ] Safepoint "Cleanup", Time since last: 1000856115 ns, Reaching safepoint: 89507 ns, At safepoint: 1855 ns, Total: 91362 ns
[2020-05-16T04:09:47.625+0000][8924][safepoint    ] Safepoint "Cleanup", Time since last: 1000598725 ns, Reaching safepoint: 76985 ns, At safepoint: 2319 ns, Total: 79304 ns
[2020-05-16T04:09:48.626+0000][8924][safepoint    ] Safepoint "Cleanup", Time since last: 1000227710 ns, Reaching safepoint: 78377 ns, At safepoint: 3710 ns, Total: 82087 ns
[2020-05-16T04:09:49.657+0000][8924][safepoint    ] Safepoint "Cleanup", Time since last: 1031757434 ns, Reaching safepoint: 80696 ns, At safepoint: 3246 ns, Total: 83942 ns
[2020-05-16T04:09:50.657+0000][8924][safepoint    ] Safepoint "Cleanup", Time since last: 1000006029 ns, Reaching safepoint: 82551 ns, At safepoint: 2319 ns, Total: 84870 ns
[2020-05-16T04:09:51.658+0000][8924][safepoint    ] Safepoint "Cleanup", Time since last: 1000550956 ns, Reaching safepoint: 92754 ns, At safepoint: 1855 ns, Total: 94609 ns
[2020-05-16T04:09:52.659+0000][8924][safepoint    ] Safepoint "Cleanup", Time since last: 1000531014 ns, Reaching safepoint: 80696 ns, At safepoint: 4637 ns, Total: 85333 ns
[2020-05-16T04:09:53.659+0000][8924][safepoint    ] Safepoint "Cleanup", Time since last: 1000396058 ns, Reaching safepoint: 68638 ns, At safepoint: 3246 ns, Total: 71884 ns
[2020-05-16T04:09:54.660+0000][8924][safepoint    ] Safepoint "Cleanup", Time since last: 1000932174 ns, Reaching safepoint: 98319 ns, At safepoint: 1855 ns, Total: 100174 ns
[2020-05-16T04:09:55.661+0000][8924][safepoint    ] Safepoint "Cleanup", Time since last: 1000627478 ns, Reaching safepoint: 57971 ns, At safepoint: 2782 ns, Total: 60753 ns
[2020-05-16T04:09:56.661+0000][8924][safepoint    ] Safepoint "Cleanup", Time since last: 1000106667 ns, Reaching safepoint: 78377 ns, At safepoint: 12985 ns, Total: 91362 ns
[2020-05-16T04:09:57.662+0000][8924][safepoint    ] Safepoint "Cleanup", Time since last: 1000584811 ns, Reaching safepoint: 88116 ns, At safepoint: 7884 ns, Total: 96000 ns
[2020-05-16T04:09:59.663+0000][8924][safepoint    ] Safepoint "Cleanup", Time since last: 2000799536 ns, Reaching safepoint: 84406 ns, At safepoint: 7884 ns, Total: 92290 ns
[2020-05-16T04:10:00.663+0000][8924][safepoint    ] Safepoint "Cleanup", Time since last: 1000367304 ns, Reaching safepoint: 121971 ns, At safepoint: 3710 ns, Total: 125681 ns
[2020-05-16T04:10:01.664+0000][8924][safepoint    ] Safepoint "Cleanup", Time since last: 1000636754 ns, Reaching safepoint: 132173 ns, At safepoint: 3711 ns, Total: 135884 ns
[2020-05-16T04:10:02.664+0000][8924][safepoint    ] Safepoint "Cleanup", Time since last: 1000327420 ns, Reaching safepoint: 83478 ns, At safepoint: 3710 ns, Total: 87188 ns
[2020-05-16T04:10:03.665+0000][8924][safepoint    ] Safepoint "Cleanup", Time since last: 1000186899 ns, Reaching safepoint: 84869 ns, At safepoint: 18087 ns, Total: 102956 ns
[2020-05-16T04:10:04.665+0000][8924][safepoint    ] Safepoint "Cleanup", Time since last: 1000663652 ns, Reaching safepoint: 107594 ns, At safepoint: 5102 ns, Total: 112696 ns
[2020-05-16T04:10:06.666+0000][8924][safepoint    ] Safepoint "Cleanup", Time since last: 2000838492 ns, Reaching safepoint: 95072 ns, At safepoint: 1855 ns, Total: 96927 ns
[2020-05-16T04:10:07.667+0000][8924][safepoint    ] Safepoint "Cleanup", Time since last: 1000256928 ns, Reaching safepoint: 94145 ns, At safepoint: 2319 ns, Total: 96464 ns
[2020-05-16T04:10:09.667+0000][8924][safepoint    ] Safepoint "Cleanup", Time since last: 2000189217 ns, Reaching safepoint: 98782 ns, At safepoint: 1855 ns, Total: 100637 ns
[2020-05-16T04:10:10.668+0000][8924][safepoint    ] Safepoint "Cleanup", Time since last: 1000736464 ns, Reaching safepoint: 74203 ns, At safepoint: 2319 ns, Total: 76522 ns
[2020-05-16T04:10:11.668+0000][8924][safepoint    ] Safepoint "Cleanup", Time since last: 1000169275 ns, Reaching safepoint: 96000 ns, At safepoint: 1855 ns, Total: 97855 ns
[2020-05-16T04:10:13.669+0000][8924][safepoint    ] Safepoint "Cleanup", Time since last: 2000722087 ns, Reaching safepoint: 84405 ns, At safepoint: 1855 ns, Total: 86260 ns
[2020-05-16T04:10:14.669+0000][8924][safepoint    ] Safepoint "Cleanup", Time since last: 1000137739 ns, Reaching safepoint: 75595 ns, At safepoint: 2782 ns, Total: 78377 ns
[2020-05-16T04:10:16.669+0000][8924][safepoint    ] Safepoint "Cleanup", Time since last: 2000078841 ns, Reaching safepoint: 91362 ns, At safepoint: 3710 ns, Total: 95072 ns
[2020-05-16T04:10:17.670+0000][8924][safepoint    ] Safepoint "Cleanup", Time since last: 1000568580 ns, Reaching safepoint: 84869 ns, At safepoint: 4638 ns, Total: 89507 ns
[2020-05-16T04:10:18.671+0000][8924][safepoint    ] Safepoint "Cleanup", Time since last: 1000536579 ns, Reaching safepoint: 86261 ns, At safepoint: 6029 ns, Total: 92290 ns
[2020-05-16T04:10:20.671+0000][8924][safepoint    ] Safepoint "Cleanup", Time since last: 2000166957 ns, Reaching safepoint: 58898 ns, At safepoint: 2319 ns, Total: 61217 ns
[2020-05-16T04:10:21.671+0000][8924][safepoint    ] Safepoint "Cleanup", Time since last: 1000371014 ns, Reaching safepoint: 99710 ns, At safepoint: 3710 ns, Total: 103420 ns
[2020-05-16T04:10:22.672+0000][8924][safepoint    ] Safepoint "Cleanup", Time since last: 1000341334 ns, Reaching safepoint: 81623 ns, At safepoint: 2319 ns, Total: 83942 ns
[2020-05-16T04:10:23.673+0000][8924][safepoint    ] Safepoint "Cleanup", Time since last: 1000806956 ns, Reaching safepoint: 102029 ns, At safepoint: 3246 ns, Total: 105275 ns
[2020-05-16T04:10:24.673+0000][8924][safepoint    ] Safepoint "Cleanup", Time since last: 1000112232 ns, Reaching safepoint: 83942 ns, At safepoint: 3246 ns, Total: 87188 ns
[2020-05-16T04:10:25.710+0000][8924][safepoint    ] Safepoint "Cleanup", Time since last: 1036944679 ns, Reaching safepoint: 123362 ns, At safepoint: 3710 ns, Total: 127072 ns
[2020-05-16T04:10:26.711+0000][8924][safepoint    ] Safepoint "Cleanup", Time since last: 1000547246 ns, Reaching safepoint: 72812 ns, At safepoint: 9275 ns, Total: 82087 ns
[2020-05-16T04:10:27.711+0000][8924][safepoint    ] Safepoint "Cleanup", Time since last: 1000782377 ns, Reaching safepoint: 103884 ns, At safepoint: 1855 ns, Total: 105739 ns
[2020-05-16T04:10:28.712+0000][8924][safepoint    ] Safepoint "Cleanup", Time since last: 1000503188 ns, Reaching safepoint: 75130 ns, At safepoint: 15305 ns, Total: 90435 ns
[2020-05-16T04:10:29.713+0000][8924][safepoint    ] Safepoint "Cleanup", Time since last: 1000451246 ns, Reaching safepoint: 75130 ns, At safepoint: 3710 ns, Total: 78840 ns
[2020-05-16T04:10:31.714+0000][8924][safepoint    ] Safepoint "Cleanup", Time since last: 2000932174 ns, Reaching safepoint: 99710 ns, At safepoint: 3710 ns, Total: 103420 ns
[2020-05-16T04:10:32.714+0000][8924][safepoint    ] Safepoint "Cleanup", Time since last: 1000142377 ns, Reaching safepoint: 77449 ns, At safepoint: 3246 ns, Total: 80695 ns
[2020-05-16T04:10:33.714+0000][8924][safepoint    ] Safepoint "Cleanup", Time since last: 1000348290 ns, Reaching safepoint: 96464 ns, At safepoint: 3246 ns, Total: 99710 ns
[2020-05-16T04:10:35.715+0000][8924][safepoint    ] Safepoint "Cleanup", Time since last: 2000288000 ns, Reaching safepoint: 76058 ns, At safepoint: 2783 ns, Total: 78841 ns
[2020-05-16T04:10:36.715+0000][8924][safepoint    ] Safepoint "Cleanup", Time since last: 1000653449 ns, Reaching safepoint: 84869 ns, At safepoint: 4174 ns, Total: 89043 ns
[2020-05-16T04:10:37.716+0000][8924][safepoint    ] Safepoint "Cleanup", Time since last: 1000848695 ns, Reaching safepoint: 75131 ns, At safepoint: 3246 ns, Total: 78377 ns
[2020-05-16T04:10:38.717+0000][8924][safepoint    ] Safepoint "Cleanup", Time since last: 1000419710 ns, Reaching safepoint: 80696 ns, At safepoint: 5101 ns, Total: 85797 ns
[2020-05-16T04:10:39.718+0000][8924][safepoint    ] Safepoint "Cleanup", Time since last: 1000775420 ns, Reaching safepoint: 83015 ns, At safepoint: 4173 ns, Total: 87188 ns
[2020-05-16T04:10:40.718+0000][8924][safepoint    ] Safepoint "Cleanup", Time since last: 1000490203 ns, Reaching safepoint: 89044 ns, At safepoint: 3710 ns, Total: 92754 ns
[2020-05-16T04:10:41.719+0000][8924][safepoint    ] Safepoint "Cleanup", Time since last: 1000494840 ns, Reaching safepoint: 171594 ns, At safepoint: 3710 ns, Total: 175304 ns
[2020-05-16T04:10:43.720+0000][8924][safepoint    ] Safepoint "Cleanup", Time since last: 2000879304 ns, Reaching safepoint: 96000 ns, At safepoint: 4638 ns, Total: 100638 ns
[2020-05-16T04:10:44.721+0000][8924][safepoint    ] Safepoint "Cleanup", Time since last: 1000853333 ns, Reaching safepoint: 84869 ns, At safepoint: 3710 ns, Total: 88579 ns
[2020-05-16T04:10:45.721+0000][8924][safepoint    ] Safepoint "Cleanup", Time since last: 1000014841 ns, Reaching safepoint: 70493 ns, At safepoint: 4174 ns, Total: 74667 ns
[2020-05-16T04:10:46.721+0000][8924][safepoint    ] Safepoint "Cleanup", Time since last: 1000276869 ns, Reaching safepoint: 83478 ns, At safepoint: 2783 ns, Total: 86261 ns
[2020-05-16T04:10:47.722+0000][8924][safepoint    ] Safepoint "Cleanup", Time since last: 1000238840 ns, Reaching safepoint: 56116 ns, At safepoint: 2319 ns, Total: 58435 ns
[2020-05-16T04:10:48.722+0000][8924][safepoint    ] Safepoint "Cleanup", Time since last: 1000300058 ns, Reaching safepoint: 77449 ns, At safepoint: 2319 ns, Total: 79768 ns
[2020-05-16T04:10:49.722+0000][8924][safepoint    ] Safepoint "Cleanup", Time since last: 1000223536 ns, Reaching safepoint: 79768 ns, At safepoint: 1855 ns, Total: 81623 ns
[2020-05-16T04:10:50.723+0000][8924][safepoint    ] Safepoint "Cleanup", Time since last: 1000260174 ns, Reaching safepoint: 115478 ns, At safepoint: 3711 ns, Total: 119189 ns
[2020-05-16T04:10:51.723+0000][8924][safepoint    ] Safepoint "Cleanup", Time since last: 1000270376 ns, Reaching safepoint: 91362 ns, At safepoint: 1856 ns, Total: 93218 ns
[2020-05-16T04:10:52.723+0000][8924][safepoint    ] Safepoint "Cleanup", Time since last: 1000339941 ns, Reaching safepoint: 106203 ns, At safepoint: 1855 ns, Total: 108058 ns
[2020-05-16T04:10:53.724+0000][8924][safepoint    ] Safepoint "Cleanup", Time since last: 1000209623 ns, Reaching safepoint: 59826 ns, At safepoint: 2783 ns, Total: 62609 ns
[2020-05-16T04:10:55.724+0000][8924][safepoint    ] Safepoint "Cleanup", Time since last: 2000290319 ns, Reaching safepoint: 77913 ns, At safepoint: 2319 ns, Total: 80232 ns
[2020-05-16T04:10:56.724+0000][8924][safepoint    ] Safepoint "Cleanup", Time since last: 1000192927 ns, Reaching safepoint: 55188 ns, At safepoint: 1856 ns, Total: 57044 ns
[2020-05-16T04:10:57.725+0000][8924][safepoint    ] Safepoint "Cleanup", Time since last: 1000136347 ns, Reaching safepoint: 76986 ns, At safepoint: 3246 ns, Total: 80232 ns
[2020-05-16T04:10:58.762+0000][8924][safepoint    ] Safepoint "Cleanup", Time since last: 1038570185 ns, Reaching safepoint: 67247 ns, At safepoint: 4173 ns, Total: 71420 ns
[2020-05-16T04:10:59.764+0000][8924][safepoint    ] Safepoint "Cleanup", Time since last: 1000842667 ns, Reaching safepoint: 100637 ns, At safepoint: 6029 ns, Total: 106666 ns
[2020-05-16T04:11:00.765+0000][8924][safepoint    ] Safepoint "Cleanup", Time since last: 1000603826 ns, Reaching safepoint: 70957 ns, At safepoint: 3246 ns, Total: 74203 ns
[2020-05-16T04:11:01.765+0000][8924][safepoint    ] Safepoint "Cleanup", Time since last: 1000323710 ns, Reaching safepoint: 69101 ns, At safepoint: 3247 ns, Total: 72348 ns
[2020-05-16T04:11:02.766+0000][8924][safepoint    ] Safepoint "Cleanup", Time since last: 1000661333 ns, Reaching safepoint: 88116 ns, At safepoint: 3246 ns, Total: 91362 ns
[2020-05-16T04:11:03.767+0000][8924][safepoint    ] Safepoint "Cleanup", Time since last: 1000804637 ns, Reaching safepoint: 105276 ns, At safepoint: 4174 ns, Total: 109450 ns
[2020-05-16T04:11:05.767+0000][8924][safepoint    ] Safepoint "Cleanup", Time since last: 2000508289 ns, Reaching safepoint: 119652 ns, At safepoint: 16232 ns, Total: 135884 ns
[2020-05-16T04:11:06.768+0000][8924][safepoint    ] Safepoint "Cleanup", Time since last: 1000480000 ns, Reaching safepoint: 113623 ns, At safepoint: 11131 ns, Total: 124754 ns
[2020-05-16T04:11:07.769+0000][8924][safepoint    ] Safepoint "Cleanup", Time since last: 1000829217 ns, Reaching safepoint: 88115 ns, At safepoint: 11595 ns, Total: 99710 ns
[2020-05-16T04:11:09.233+0000][8924][safepoint    ] Safepoint "Cleanup", Time since last: 1463736364 ns, Reaching safepoint: 89971 ns, At safepoint: 5102 ns, Total: 95073 ns
[2020-05-16T04:11:11.233+0000][8924][safepoint    ] Safepoint "Cleanup", Time since last: 2000003246 ns, Reaching safepoint: 76522 ns, At safepoint: 2319 ns, Total: 78841 ns
[2020-05-16T04:11:12.234+0000][8924][safepoint    ] Safepoint "Cleanup", Time since last: 1000504579 ns, Reaching safepoint: 107131 ns, At safepoint: 2318 ns, Total: 109449 ns
[2020-05-16T04:11:13.234+0000][8924][safepoint    ] Safepoint "Cleanup", Time since last: 1000621913 ns, Reaching safepoint: 73275 ns, At safepoint: 4638 ns, Total: 77913 ns
[2020-05-16T04:11:14.234+0000][8924][safepoint    ] Safepoint "Cleanup", Time since last: 1000083942 ns, Reaching safepoint: 68174 ns, At safepoint: 4174 ns, Total: 72348 ns
[2020-05-16T04:11:15.235+0000][8924][safepoint    ] Safepoint "Cleanup", Time since last: 1000539362 ns, Reaching safepoint: 73275 ns, At safepoint: 3710 ns, Total: 76985 ns
[2020-05-16T04:11:16.235+0000][8924][safepoint    ] Safepoint "Cleanup", Time since last: 1000061218 ns, Reaching safepoint: 96000 ns, At safepoint: 2782 ns, Total: 98782 ns
[2020-05-16T04:11:17.236+0000][8924][safepoint    ] Safepoint "Cleanup", Time since last: 1000406725 ns, Reaching safepoint: 73739 ns, At safepoint: 3710 ns, Total: 77449 ns
[2020-05-16T04:11:18.237+0000][8924][safepoint    ] Safepoint "Cleanup", Time since last: 1000771246 ns, Reaching safepoint: 113623 ns, At safepoint: 3710 ns, Total: 117333 ns
[2020-05-16T04:11:19.237+0000][8924][safepoint    ] Safepoint "Cleanup", Time since last: 1000243479 ns, Reaching safepoint: 108521 ns, At safepoint: 2319 ns, Total: 110840 ns
[2020-05-16T04:11:20.237+0000][8924][safepoint    ] Safepoint "Cleanup", Time since last: 1000039420 ns, Reaching safepoint: 69102 ns, At safepoint: 4174 ns, Total: 73276 ns
[2020-05-16T04:11:22.238+0000][8924][safepoint    ] Safepoint "Cleanup", Time since last: 2000364985 ns, Reaching safepoint: 128927 ns, At safepoint: 5102 ns, Total: 134029 ns
[2020-05-16T04:11:23.238+0000][8924][safepoint    ] Safepoint "Cleanup", Time since last: 1000673391 ns, Reaching safepoint: 122435 ns, At safepoint: 3710 ns, Total: 126145 ns
[2020-05-16T04:11:24.239+0000][8924][safepoint    ] Safepoint "Cleanup", Time since last: 1000192463 ns, Reaching safepoint: 119653 ns, At safepoint: 4173 ns, Total: 123826 ns
[2020-05-16T04:11:25.240+0000][8924][safepoint    ] Safepoint "Cleanup", Time since last: 1000804638 ns, Reaching safepoint: 51942 ns, At safepoint: 2319 ns, Total: 54261 ns
[2020-05-16T04:11:26.240+0000][8924][safepoint    ] Safepoint "Cleanup", Time since last: 1000192000 ns, Reaching safepoint: 81623 ns, At safepoint: 3710 ns, Total: 85333 ns
[2020-05-16T04:11:27.240+0000][8924][safepoint    ] Safepoint "Cleanup", Time since last: 1000460521 ns, Reaching safepoint: 71421 ns, At safepoint: 2782 ns, Total: 74203 ns
[2020-05-16T04:11:28.241+0000][8924][safepoint    ] Safepoint "Cleanup", Time since last: 1000473043 ns, Reaching safepoint: 128928 ns, At safepoint: 3710 ns, Total: 132638 ns
[2020-05-16T04:11:29.242+0000][8924][safepoint    ] Safepoint "Cleanup", Time since last: 1000769391 ns, Reaching safepoint: 75594 ns, At safepoint: 2783 ns, Total: 78377 ns
[2020-05-16T04:11:30.243+0000][8924][safepoint    ] Safepoint "Cleanup", Time since last: 1000682666 ns, Reaching safepoint: 84406 ns, At safepoint: 2783 ns, Total: 87189 ns
[2020-05-16T04:11:31.244+0000][8924][safepoint    ] Safepoint "Cleanup", Time since last: 1000844521 ns, Reaching safepoint: 82087 ns, At safepoint: 5565 ns, Total: 87652 ns
[2020-05-16T04:11:32.244+0000][8924][safepoint    ] Safepoint "Cleanup", Time since last: 1000856579 ns, Reaching safepoint: 80696 ns, At safepoint: 3710 ns, Total: 84406 ns
[2020-05-16T04:11:33.245+0000][8924][safepoint    ] Safepoint "Cleanup", Time since last: 1000142841 ns, Reaching safepoint: 91826 ns, At safepoint: 2782 ns, Total: 94608 ns
[2020-05-16T04:11:35.245+0000][8924][safepoint    ] Safepoint "Cleanup", Time since last: 2000543536 ns, Reaching safepoint: 57507 ns, At safepoint: 1856 ns, Total: 59363 ns
[2020-05-16T04:11:36.246+0000][8924][safepoint    ] Safepoint "Cleanup", Time since last: 1000946550 ns, Reaching safepoint: 77449 ns, At safepoint: 4638 ns, Total: 82087 ns
[2020-05-16T04:11:37.247+0000][8924][safepoint    ] Safepoint "Cleanup", Time since last: 1000100174 ns, Reaching safepoint: 93681 ns, At safepoint: 1855 ns, Total: 95536 ns
[2020-05-16T04:11:38.247+0000][8924][safepoint    ] Safepoint "Cleanup", Time since last: 1000529623 ns, Reaching safepoint: 108985 ns, At safepoint: 3247 ns, Total: 112232 ns
[2020-05-16T04:11:39.248+0000][8924][safepoint    ] Safepoint "Cleanup", Time since last: 1000505507 ns, Reaching safepoint: 79304 ns, At safepoint: 3246 ns, Total: 82550 ns
[2020-05-16T04:11:40.248+0000][8924][safepoint    ] Safepoint "Cleanup", Time since last: 1000232812 ns, Reaching safepoint: 64927 ns, At safepoint: 1855 ns, Total: 66782 ns
[2020-05-16T04:11:41.248+0000][8924][safepoint    ] Safepoint "Cleanup", Time since last: 1000006493 ns, Reaching safepoint: 64464 ns, At safepoint: 2319 ns, Total: 66783 ns
[2020-05-16T04:11:42.249+0000][8924][safepoint    ] Safepoint "Cleanup", Time since last: 1000870956 ns, Reaching safepoint: 92753 ns, At safepoint: 2319 ns, Total: 95072 ns
[2020-05-16T04:11:43.249+0000][8924][safepoint    ] Safepoint "Cleanup", Time since last: 1000272232 ns, Reaching safepoint: 94609 ns, At safepoint: 5565 ns, Total: 100174 ns
[2020-05-16T04:11:44.250+0000][8924][safepoint    ] Safepoint "Cleanup", Time since last: 1000894144 ns, Reaching safepoint: 61681 ns, At safepoint: 3247 ns, Total: 64928 ns
[2020-05-16T04:11:45.251+0000][8924][safepoint    ] Safepoint "Cleanup", Time since last: 1000573681 ns, Reaching safepoint: 97391 ns, At safepoint: 2319 ns, Total: 99710 ns
[2020-05-16T04:11:46.251+0000][8924][safepoint    ] Safepoint "Cleanup", Time since last: 1000105739 ns, Reaching safepoint: 70493 ns, At safepoint: 2782 ns, Total: 73275 ns
[2020-05-16T04:11:47.252+0000][8924][safepoint    ] Safepoint "Cleanup", Time since last: 1000731362 ns, Reaching safepoint: 72812 ns, At safepoint: 1855 ns, Total: 74667 ns
[2020-05-16T04:11:48.252+0000][8924][safepoint    ] Safepoint "Cleanup", Time since last: 1000324637 ns, Reaching safepoint: 77450 ns, At safepoint: 3246 ns, Total: 80696 ns
[2020-05-16T04:11:49.253+0000][8924][safepoint    ] Safepoint "Cleanup", Time since last: 1000322782 ns, Reaching safepoint: 112232 ns, At safepoint: 4638 ns, Total: 116870 ns
[2020-05-16T04:11:50.253+0000][8924][safepoint    ] Safepoint "Cleanup", Time since last: 1000110377 ns, Reaching safepoint: 77449 ns, At safepoint: 2783 ns, Total: 80232 ns
[2020-05-16T04:11:51.254+0000][8924][safepoint    ] Safepoint "Cleanup", Time since last: 1000835246 ns, Reaching safepoint: 84405 ns, At safepoint: 5102 ns, Total: 89507 ns
[2020-05-16T04:11:52.255+0000][8924][safepoint    ] Safepoint "Cleanup", Time since last: 1000584347 ns, Reaching safepoint: 74203 ns, At safepoint: 3247 ns, Total: 77450 ns
[2020-05-16T04:11:53.255+0000][8924][safepoint    ] Safepoint "Cleanup", Time since last: 1000225855 ns, Reaching safepoint: 101565 ns, At safepoint: 3246 ns, Total: 104811 ns
[2020-05-16T04:11:54.255+0000][8924][safepoint    ] Safepoint "Cleanup", Time since last: 1000435478 ns, Reaching safepoint: 90435 ns, At safepoint: 3710 ns, Total: 94145 ns
[2020-05-16T04:11:56.256+0000][8924][safepoint    ] Safepoint "Cleanup", Time since last: 1999917449 ns, Reaching safepoint: 70029 ns, At safepoint: 1855 ns, Total: 71884 ns
[2020-05-16T04:11:57.256+0000][8924][safepoint    ] Safepoint "Cleanup", Time since last: 1000076522 ns, Reaching safepoint: 89507 ns, At safepoint: 2783 ns, Total: 92290 ns
[2020-05-16T04:11:58.256+0000][8924][safepoint    ] Safepoint "Cleanup", Time since last: 1000282435 ns, Reaching safepoint: 90898 ns, At safepoint: 4638 ns, Total: 95536 ns
[2020-05-16T04:11:59.257+0000][8924][safepoint    ] Safepoint "Cleanup", Time since last: 1000480927 ns, Reaching safepoint: 70493 ns, At safepoint: 3246 ns, Total: 73739 ns
[2020-05-16T04:12:00.257+0000][8924][safepoint    ] Safepoint "Cleanup", Time since last: 1000579246 ns, Reaching safepoint: 70493 ns, At safepoint: 2783 ns, Total: 73276 ns
[2020-05-16T04:12:01.258+0000][8924][safepoint    ] Safepoint "Cleanup", Time since last: 1000548173 ns, Reaching safepoint: 106203 ns, At safepoint: 3246 ns, Total: 109449 ns
[2020-05-16T04:12:02.259+0000][8924][safepoint    ] Safepoint "Cleanup", Time since last: 1000784232 ns, Reaching safepoint: 78377 ns, At safepoint: 3246 ns, Total: 81623 ns
[2020-05-16T04:12:03.260+0000][8924][safepoint    ] Safepoint "Cleanup", Time since last: 1000729507 ns, Reaching safepoint: 81623 ns, At safepoint: 4174 ns, Total: 85797 ns
[2020-05-16T04:12:05.261+0000][8924][safepoint    ] Safepoint "Cleanup", Time since last: 2000934492 ns, Reaching safepoint: 77450 ns, At safepoint: 2318 ns, Total: 79768 ns
[2020-05-16T04:12:06.261+0000][8924][safepoint    ] Safepoint "Cleanup", Time since last: 1000008348 ns, Reaching safepoint: 76058 ns, At safepoint: 2783 ns, Total: 78841 ns
[2020-05-16T04:12:07.261+0000][8924][safepoint    ] Safepoint "Cleanup", Time since last: 1000302376 ns, Reaching safepoint: 97856 ns, At safepoint: 3710 ns, Total: 101566 ns
[2020-05-16T04:12:08.262+0000][8924][safepoint    ] Safepoint "Cleanup", Time since last: 1000848231 ns, Reaching safepoint: 104348 ns, At safepoint: 8348 ns, Total: 112696 ns
[2020-05-16T04:12:09.262+0000][8924][safepoint    ] Safepoint "Cleanup", Time since last: 1000170666 ns, Reaching safepoint: 81160 ns, At safepoint: 3710 ns, Total: 84870 ns
[2020-05-16T04:12:10.263+0000][8924][safepoint    ] Safepoint "Cleanup", Time since last: 1000722086 ns, Reaching safepoint: 74203 ns, At safepoint: 5102 ns, Total: 79305 ns
[2020-05-16T04:12:11.264+0000][8924][safepoint    ] Safepoint "Cleanup", Time since last: 1000456347 ns, Reaching safepoint: 77450 ns, At safepoint: 1855 ns, Total: 79305 ns
[2020-05-16T04:12:12.264+0000][8924][safepoint    ] Safepoint "Cleanup", Time since last: 1000092290 ns, Reaching safepoint: 86724 ns, At safepoint: 3710 ns, Total: 90434 ns
[2020-05-16T04:12:13.264+0000][8924][safepoint    ] Safepoint "Cleanup", Time since last: 1000460522 ns, Reaching safepoint: 88579 ns, At safepoint: 2783 ns, Total: 91362 ns
[2020-05-16T04:12:14.871+0000][8924][safepoint    ] Safepoint "Cleanup", Time since last: 1606747081 ns, Reaching safepoint: 93217 ns, At safepoint: 43131 ns, Total: 136348 ns
[2020-05-16T04:12:15.872+0000][8924][safepoint    ] Safepoint "Cleanup", Time since last: 1000178550 ns, Reaching safepoint: 73740 ns, At safepoint: 3246 ns, Total: 76986 ns
[2020-05-16T04:12:16.872+0000][8924][safepoint    ] Safepoint "Cleanup", Time since last: 1000770782 ns, Reaching safepoint: 101565 ns, At safepoint: 3247 ns, Total: 104812 ns
[2020-05-16T04:12:18.873+0000][8924][safepoint    ] Safepoint "Cleanup", Time since last: 2000070029 ns, Reaching safepoint: 113623 ns, At safepoint: 41275 ns, Total: 154898 ns
[2020-05-16T04:12:20.873+0000][8924][safepoint    ] Safepoint "Cleanup", Time since last: 2000109449 ns, Reaching safepoint: 128464 ns, At safepoint: 4638 ns, Total: 133102 ns
[2020-05-16T04:12:21.873+0000][8924][safepoint    ] Safepoint "Cleanup", Time since last: 1000246724 ns, Reaching safepoint: 94145 ns, At safepoint: 4638 ns, Total: 98783 ns
[2020-05-16T04:12:22.873+0000][8924][safepoint    ] Safepoint "Cleanup", Time since last: 1000069101 ns, Reaching safepoint: 84406 ns, At safepoint: 5101 ns, Total: 89507 ns
[2020-05-16T04:12:23.874+0000][8924][safepoint    ] Safepoint "Cleanup", Time since last: 1000788870 ns, Reaching safepoint: 98782 ns, At safepoint: 3710 ns, Total: 102492 ns
[2020-05-16T04:12:24.875+0000][8924][safepoint    ] Safepoint "Cleanup", Time since last: 1000698899 ns, Reaching safepoint: 65391 ns, At safepoint: 3246 ns, Total: 68637 ns
[2020-05-16T04:12:25.875+0000][8924][safepoint    ] Safepoint "Cleanup", Time since last: 1000252754 ns, Reaching safepoint: 96000 ns, At safepoint: 3710 ns, Total: 99710 ns
[2020-05-16T04:12:26.876+0000][8924][safepoint    ] Safepoint "Cleanup", Time since last: 1000336232 ns, Reaching safepoint: 97855 ns, At safepoint: 4173 ns, Total: 102028 ns
[2020-05-16T04:12:27.876+0000][8924][safepoint    ] Safepoint "Cleanup", Time since last: 1000546319 ns, Reaching safepoint: 95536 ns, At safepoint: 2319 ns, Total: 97855 ns
[2020-05-16T04:12:28.877+0000][8924][safepoint    ] Safepoint "Cleanup", Time since last: 1000314899 ns, Reaching safepoint: 82086 ns, At safepoint: 2783 ns, Total: 84869 ns
[2020-05-16T04:12:29.878+0000][8924][safepoint    ] Safepoint "Cleanup", Time since last: 1000691478 ns, Reaching safepoint: 59826 ns, At safepoint: 1855 ns, Total: 61681 ns
[2020-05-16T04:12:30.878+0000][8924][safepoint    ] Safepoint "Cleanup", Time since last: 1000684058 ns, Reaching safepoint: 88579 ns, At safepoint: 1856 ns, Total: 90435 ns
[2020-05-16T04:12:31.879+0000][8924][safepoint    ] Safepoint "Cleanup", Time since last: 1000057507 ns, Reaching safepoint: 83014 ns, At safepoint: 3247 ns, Total: 86261 ns
[2020-05-16T04:12:32.879+0000][8924][safepoint    ] Safepoint "Cleanup", Time since last: 1000454492 ns, Reaching safepoint: 73739 ns, At safepoint: 4638 ns, Total: 78377 ns
[2020-05-16T04:12:33.880+0000][8924][safepoint    ] Safepoint "Cleanup", Time since last: 1000919652 ns, Reaching safepoint: 75130 ns, At safepoint: 3710 ns, Total: 78840 ns
[2020-05-16T04:12:34.881+0000][8924][safepoint    ] Safepoint "Cleanup", Time since last: 1000599652 ns, Reaching safepoint: 92754 ns, At safepoint: 2318 ns, Total: 95072 ns
[2020-05-16T04:12:35.881+0000][8924][safepoint    ] Safepoint "Cleanup", Time since last: 1000178087 ns, Reaching safepoint: 104348 ns, At safepoint: 3247 ns, Total: 107595 ns
[2020-05-16T04:12:37.881+0000][8924][safepoint    ] Safepoint "Cleanup", Time since last: 2000281970 ns, Reaching safepoint: 91826 ns, At safepoint: 4638 ns, Total: 96464 ns
[2020-05-16T04:12:38.882+0000][8924][safepoint    ] Safepoint "Cleanup", Time since last: 1000292638 ns, Reaching safepoint: 109913 ns, At safepoint: 1855 ns, Total: 111768 ns
[2020-05-16T04:12:39.907+0000][8924][safepoint    ] Safepoint "Cleanup", Time since last: 1024539814 ns, Reaching safepoint: 84870 ns, At safepoint: 4174 ns, Total: 89044 ns
[2020-05-16T04:12:40.907+0000][8924][safepoint    ] Safepoint "Cleanup", Time since last: 1000593159 ns, Reaching safepoint: 86725 ns, At safepoint: 1855 ns, Total: 88580 ns
[2020-05-16T04:12:41.908+0000][8924][safepoint    ] Safepoint "Cleanup", Time since last: 1000254144 ns, Reaching safepoint: 105276 ns, At safepoint: 2782 ns, Total: 108058 ns
[2020-05-16T04:12:42.908+0000][8924][safepoint    ] Safepoint "Cleanup", Time since last: 1000364522 ns, Reaching safepoint: 72812 ns, At safepoint: 3246 ns, Total: 76058 ns
[2020-05-16T04:12:43.909+0000][8924][safepoint    ] Safepoint "Cleanup", Time since last: 1000695652 ns, Reaching safepoint: 74203 ns, At safepoint: 9275 ns, Total: 83478 ns
[2020-05-16T04:12:44.909+0000][8924][safepoint    ] Safepoint "Cleanup", Time since last: 1000307942 ns, Reaching safepoint: 85333 ns, At safepoint: 5565 ns, Total: 90898 ns
[2020-05-16T04:12:46.909+0000][8924][safepoint    ] Safepoint "Cleanup", Time since last: 1999993508 ns, Reaching safepoint: 59826 ns, At safepoint: 2319 ns, Total: 62145 ns
[2020-05-16T04:12:47.910+0000][8924][safepoint    ] Safepoint "Cleanup", Time since last: 1000723014 ns, Reaching safepoint: 100637 ns, At safepoint: 3247 ns, Total: 103884 ns
[2020-05-16T04:12:48.911+0000][8924][safepoint    ] Safepoint "Cleanup", Time since last: 1000542608 ns, Reaching safepoint: 118261 ns, At safepoint: 1855 ns, Total: 120116 ns
[2020-05-16T04:12:49.911+0000][8924][safepoint    ] Safepoint "Cleanup", Time since last: 1000523594 ns, Reaching safepoint: 82087 ns, At safepoint: 5101 ns, Total: 87188 ns
[2020-05-16T04:12:50.912+0000][8924][safepoint    ] Safepoint "Cleanup", Time since last: 1000996638 ns, Reaching safepoint: 128463 ns, At safepoint: 8812 ns, Total: 137275 ns
[2020-05-16T04:12:52.913+0000][8924][safepoint    ] Safepoint "Cleanup", Time since last: 2000725333 ns, Reaching safepoint: 83014 ns, At safepoint: 3710 ns, Total: 86724 ns
[2020-05-16T04:12:53.914+0000][8924][safepoint    ] Safepoint "Cleanup", Time since last: 1000223073 ns, Reaching safepoint: 98782 ns, At safepoint: 6957 ns, Total: 105739 ns
[2020-05-16T04:12:54.914+0000][8924][safepoint    ] Safepoint "Cleanup", Time since last: 1000584347 ns, Reaching safepoint: 113624 ns, At safepoint: 2782 ns, Total: 116406 ns
[2020-05-16T04:12:55.915+0000][8924][safepoint    ] Safepoint "Cleanup", Time since last: 1000509217 ns, Reaching safepoint: 74203 ns, At safepoint: 18087 ns, Total: 92290 ns
[2020-05-16T04:12:56.916+0000][8924][safepoint    ] Safepoint "Cleanup", Time since last: 1000767072 ns, Reaching safepoint: 81623 ns, At safepoint: 3247 ns, Total: 84870 ns
[2020-05-16T04:12:57.916+0000][8924][safepoint    ] Safepoint "Cleanup", Time since last: 1000448927 ns, Reaching safepoint: 82551 ns, At safepoint: 2782 ns, Total: 85333 ns
[2020-05-16T04:12:58.917+0000][8924][safepoint    ] Safepoint "Cleanup", Time since last: 1000260174 ns, Reaching safepoint: 53334 ns, At safepoint: 1855 ns, Total: 55189 ns
[2020-05-16T04:12:59.917+0000][8924][safepoint    ] Safepoint "Cleanup", Time since last: 1000429912 ns, Reaching safepoint: 102029 ns, At safepoint: 1855 ns, Total: 103884 ns
[2020-05-16T04:13:00.917+0000][8924][safepoint    ] Safepoint "Cleanup", Time since last: 1000206841 ns, Reaching safepoint: 83478 ns, At safepoint: 2783 ns, Total: 86261 ns
[2020-05-16T04:13:01.918+0000][8924][safepoint    ] Safepoint "Cleanup", Time since last: 1000234666 ns, Reaching safepoint: 86261 ns, At safepoint: 4174 ns, Total: 90435 ns
[2020-05-16T04:13:02.918+0000][8924][safepoint    ] Safepoint "Cleanup", Time since last: 1000377971 ns, Reaching safepoint: 104348 ns, At safepoint: 3246 ns, Total: 107594 ns
[2020-05-16T04:13:03.919+0000][8924][safepoint    ] Safepoint "Cleanup", Time since last: 1000801855 ns, Reaching safepoint: 105275 ns, At safepoint: 3710 ns, Total: 108985 ns
[2020-05-16T04:13:04.919+0000][8924][safepoint    ] Safepoint "Cleanup", Time since last: 1000079768 ns, Reaching safepoint: 93681 ns, At safepoint: 5102 ns, Total: 98783 ns
[2020-05-16T04:13:05.920+0000][8924][safepoint    ] Safepoint "Cleanup", Time since last: 1000841739 ns, Reaching safepoint: 95072 ns, At safepoint: 2783 ns, Total: 97855 ns
[2020-05-16T04:13:06.921+0000][8924][safepoint    ] Safepoint "Cleanup", Time since last: 1000703999 ns, Reaching safepoint: 93681 ns, At safepoint: 2783 ns, Total: 96464 ns
[2020-05-16T04:13:07.921+0000][8924][safepoint    ] Safepoint "Cleanup", Time since last: 1000185971 ns, Reaching safepoint: 128464 ns, At safepoint: 3710 ns, Total: 132174 ns
[2020-05-16T04:13:08.922+0000][8924][safepoint    ] Safepoint "Cleanup", Time since last: 1000443826 ns, Reaching safepoint: 92289 ns, At safepoint: 1856 ns, Total: 94145 ns
[2020-05-16T04:13:09.923+0000][8924][safepoint    ] Safepoint "Cleanup", Time since last: 1000886260 ns, Reaching safepoint: 120116 ns, At safepoint: 4174 ns, Total: 124290 ns
[2020-05-16T04:13:10.923+0000][8924][safepoint    ] Safepoint "Cleanup", Time since last: 1000217043 ns, Reaching safepoint: 82087 ns, At safepoint: 2319 ns, Total: 84406 ns
[2020-05-16T04:13:11.924+0000][8924][safepoint    ] Safepoint "Cleanup", Time since last: 1000740637 ns, Reaching safepoint: 92290 ns, At safepoint: 2319 ns, Total: 94609 ns
[2020-05-16T04:13:12.924+0000][8924][safepoint    ] Safepoint "Cleanup", Time since last: 1000281507 ns, Reaching safepoint: 83478 ns, At safepoint: 3247 ns, Total: 86725 ns
[2020-05-16T04:13:13.925+0000][8924][safepoint    ] Safepoint "Cleanup", Time since last: 1000174840 ns, Reaching safepoint: 91362 ns, At safepoint: 3247 ns, Total: 94609 ns
[2020-05-16T04:13:14.925+0000][8924][safepoint    ] Safepoint "Cleanup", Time since last: 1000250898 ns, Reaching safepoint: 81623 ns, At safepoint: 5102 ns, Total: 86725 ns
[2020-05-16T04:13:15.926+0000][8924][safepoint    ] Safepoint "Cleanup", Time since last: 1000524521 ns, Reaching safepoint: 81160 ns, At safepoint: 3710 ns, Total: 84870 ns
[2020-05-16T04:13:16.926+0000][8924][safepoint    ] Safepoint "Cleanup", Time since last: 1000049623 ns, Reaching safepoint: 63072 ns, At safepoint: 3711 ns, Total: 66783 ns
[2020-05-16T04:13:17.927+0000][8924][safepoint    ] Safepoint "Cleanup", Time since last: 1000896927 ns, Reaching safepoint: 98319 ns, At safepoint: 3710 ns, Total: 102029 ns
[2020-05-16T04:13:18.927+0000][8924][safepoint    ] Safepoint "Cleanup", Time since last: 1000371942 ns, Reaching safepoint: 70492 ns, At safepoint: 3247 ns, Total: 73739 ns
[2020-05-16T04:13:19.927+0000][8924][safepoint    ] Safepoint "Cleanup", Time since last: 1000046840 ns, Reaching safepoint: 104812 ns, At safepoint: 3710 ns, Total: 108522 ns
[2020-05-16T04:13:20.928+0000][8924][safepoint    ] Safepoint "Cleanup", Time since last: 1000147478 ns, Reaching safepoint: 73275 ns, At safepoint: 1855 ns, Total: 75130 ns
[2020-05-16T04:13:22.928+0000][8924][safepoint    ] Safepoint "Cleanup", Time since last: 2000814377 ns, Reaching safepoint: 60290 ns, At safepoint: 2782 ns, Total: 63072 ns
[2020-05-16T04:13:23.929+0000][8924][safepoint    ] Safepoint "Cleanup", Time since last: 1000155826 ns, Reaching safepoint: 80232 ns, At safepoint: 2783 ns, Total: 83015 ns
[2020-05-16T04:13:24.929+0000][8924][safepoint    ] Safepoint "Cleanup", Time since last: 1000607072 ns, Reaching safepoint: 100174 ns, At safepoint: 5565 ns, Total: 105739 ns
[2020-05-16T04:13:25.930+0000][8924][safepoint    ] Safepoint "Cleanup", Time since last: 1000569507 ns, Reaching safepoint: 84870 ns, At safepoint: 3246 ns, Total: 88116 ns
[2020-05-16T04:13:27.930+0000][8924][safepoint    ] Safepoint "Cleanup", Time since last: 2000160927 ns, Reaching safepoint: 93682 ns, At safepoint: 4173 ns, Total: 97855 ns
[2020-05-16T04:13:28.931+0000][8924][safepoint    ] Safepoint "Cleanup", Time since last: 1000281044 ns, Reaching safepoint: 64000 ns, At safepoint: 2319 ns, Total: 66319 ns
[2020-05-16T04:13:29.931+0000][8924][safepoint    ] Safepoint "Cleanup", Time since last: 1000649738 ns, Reaching safepoint: 123363 ns, At safepoint: 3710 ns, Total: 127073 ns
[2020-05-16T04:13:30.932+0000][8924][safepoint    ] Safepoint "Cleanup", Time since last: 1000252753 ns, Reaching safepoint: 86725 ns, At safepoint: 5101 ns, Total: 91826 ns
[2020-05-16T04:13:31.933+0000][8924][safepoint    ] Safepoint "Cleanup", Time since last: 1000897391 ns, Reaching safepoint: 70029 ns, At safepoint: 3247 ns, Total: 73276 ns
[2020-05-16T04:13:32.933+0000][8924][safepoint    ] Safepoint "Cleanup", Time since last: 1000356637 ns, Reaching safepoint: 85333 ns, At safepoint: 4638 ns, Total: 89971 ns
[2020-05-16T04:13:33.996+0000][8924][safepoint    ] Safepoint "Cleanup", Time since last: 1062988956 ns, Reaching safepoint: 77913 ns, At safepoint: 43131 ns, Total: 121044 ns
[2020-05-16T04:13:34.997+0000][8924][safepoint    ] Safepoint "Cleanup", Time since last: 1000620521 ns, Reaching safepoint: 80232 ns, At safepoint: 3710 ns, Total: 83942 ns
[2020-05-16T04:13:35.998+0000][8924][safepoint    ] Safepoint "Cleanup", Time since last: 1000576464 ns, Reaching safepoint: 106666 ns, At safepoint: 4174 ns, Total: 110840 ns
[2020-05-16T04:13:36.998+0000][8924][safepoint    ] Safepoint "Cleanup", Time since last: 1000250435 ns, Reaching safepoint: 118261 ns, At safepoint: 4174 ns, Total: 122435 ns
[2020-05-16T04:13:37.998+0000][8924][safepoint    ] Safepoint "Cleanup", Time since last: 1000184116 ns, Reaching safepoint: 81623 ns, At safepoint: 4174 ns, Total: 85797 ns
[2020-05-16T04:13:38.999+0000][8924][safepoint    ] Safepoint "Cleanup", Time since last: 1000683593 ns, Reaching safepoint: 70957 ns, At safepoint: 11594 ns, Total: 82551 ns
[2020-05-16T04:13:39.999+0000][8924][safepoint    ] Safepoint "Cleanup", Time since last: 1000111304 ns, Reaching safepoint: 82087 ns, At safepoint: 3711 ns, Total: 85798 ns
[2020-05-16T04:13:41.000+0000][8924][safepoint    ] Safepoint "Cleanup", Time since last: 1000639535 ns, Reaching safepoint: 88580 ns, At safepoint: 1855 ns, Total: 90435 ns
[2020-05-16T04:13:42.000+0000][8924][safepoint    ] Safepoint "Cleanup", Time since last: 1000077449 ns, Reaching safepoint: 81624 ns, At safepoint: 3710 ns, Total: 85334 ns
[2020-05-16T04:13:43.001+0000][8924][safepoint    ] Safepoint "Cleanup", Time since last: 1000472579 ns, Reaching safepoint: 68174 ns, At safepoint: 3246 ns, Total: 71420 ns
[2020-05-16T04:13:44.002+0000][8924][safepoint    ] Safepoint "Cleanup", Time since last: 1000916870 ns, Reaching safepoint: 137275 ns, At safepoint: 9739 ns, Total: 147014 ns
[2020-05-16T04:13:45.002+0000][8924][safepoint    ] Safepoint "Cleanup", Time since last: 1000421565 ns, Reaching safepoint: 96464 ns, At safepoint: 4174 ns, Total: 100638 ns
[2020-05-16T04:13:46.003+0000][8924][safepoint    ] Safepoint "Cleanup", Time since last: 1000609391 ns, Reaching safepoint: 84405 ns, At safepoint: 3711 ns, Total: 88116 ns
[2020-05-16T04:13:47.004+0000][8924][safepoint    ] Safepoint "Cleanup", Time since last: 1000870028 ns, Reaching safepoint: 72348 ns, At safepoint: 4638 ns, Total: 76986 ns
[2020-05-16T04:13:48.004+0000][8924][safepoint    ] Safepoint "Cleanup", Time since last: 1000248579 ns, Reaching safepoint: 89971 ns, At safepoint: 3247 ns, Total: 93218 ns
[2020-05-16T04:13:50.005+0000][8924][safepoint    ] Safepoint "Cleanup", Time since last: 2000168811 ns, Reaching safepoint: 81160 ns, At safepoint: 1855 ns, Total: 83015 ns
[2020-05-16T04:13:51.005+0000][8924][safepoint    ] Safepoint "Cleanup", Time since last: 1000084869 ns, Reaching safepoint: 75130 ns, At safepoint: 2783 ns, Total: 77913 ns
[2020-05-16T04:13:52.005+0000][8924][safepoint    ] Safepoint "Cleanup", Time since last: 1000140522 ns, Reaching safepoint: 70492 ns, At safepoint: 1856 ns, Total: 72348 ns
[2020-05-16T04:13:53.006+0000][8924][safepoint    ] Safepoint "Cleanup", Time since last: 1000720695 ns, Reaching safepoint: 73739 ns, At safepoint: 3246 ns, Total: 76985 ns
[2020-05-16T04:13:54.006+0000][8924][safepoint    ] Safepoint "Cleanup", Time since last: 1000370551 ns, Reaching safepoint: 95536 ns, At safepoint: 3710 ns, Total: 99246 ns
[2020-05-16T04:13:55.007+0000][8924][safepoint    ] Safepoint "Cleanup", Time since last: 1000524058 ns, Reaching safepoint: 91826 ns, At safepoint: 4638 ns, Total: 96464 ns
[2020-05-16T04:13:57.007+0000][8924][safepoint    ] Safepoint "Cleanup", Time since last: 2000174376 ns, Reaching safepoint: 76986 ns, At safepoint: 5565 ns, Total: 82551 ns
[2020-05-16T04:13:58.007+0000][8924][safepoint    ] Safepoint "Cleanup", Time since last: 1000156754 ns, Reaching safepoint: 83014 ns, At safepoint: 2319 ns, Total: 85333 ns
[2020-05-16T04:13:59.008+0000][8924][safepoint    ] Safepoint "Cleanup", Time since last: 1000715594 ns, Reaching safepoint: 73739 ns, At safepoint: 2783 ns, Total: 76522 ns
[2020-05-16T04:14:00.009+0000][8924][safepoint    ] Safepoint "Cleanup", Time since last: 1000689622 ns, Reaching safepoint: 77450 ns, At safepoint: 3246 ns, Total: 80696 ns
[2020-05-16T04:14:01.010+0000][8924][safepoint    ] Safepoint "Cleanup", Time since last: 1000857043 ns, Reaching safepoint: 76058 ns, At safepoint: 3246 ns, Total: 79304 ns
[2020-05-16T04:14:02.010+0000][8924][safepoint    ] Safepoint "Cleanup", Time since last: 1000290319 ns, Reaching safepoint: 77913 ns, At safepoint: 3710 ns, Total: 81623 ns
[2020-05-16T04:14:03.011+0000][8924][safepoint    ] Safepoint "Cleanup", Time since last: 1000726725 ns, Reaching safepoint: 83478 ns, At safepoint: 4174 ns, Total: 87652 ns
[2020-05-16T04:14:04.012+0000][8924][safepoint    ] Safepoint "Cleanup", Time since last: 1000671999 ns, Reaching safepoint: 55189 ns, At safepoint: 2319 ns, Total: 57508 ns
[2020-05-16T04:14:05.012+0000][8924][safepoint    ] Safepoint "Cleanup", Time since last: 1000452173 ns, Reaching safepoint: 87652 ns, At safepoint: 4174 ns, Total: 91826 ns
[2020-05-16T04:14:06.013+0000][8924][safepoint    ] Safepoint "Cleanup", Time since last: 1000723015 ns, Reaching safepoint: 75594 ns, At safepoint: 4174 ns, Total: 79768 ns
[2020-05-16T04:14:07.014+0000][8924][safepoint    ] Safepoint "Cleanup", Time since last: 1000589449 ns, Reaching safepoint: 77913 ns, At safepoint: 4174 ns, Total: 82087 ns
[2020-05-16T04:14:08.015+0000][8924][safepoint    ] Safepoint "Cleanup", Time since last: 1000806956 ns, Reaching safepoint: 175768 ns, At safepoint: 18087 ns, Total: 193855 ns
[2020-05-16T04:14:09.016+0000][8924][safepoint    ] Safepoint "Cleanup", Time since last: 1000810202 ns, Reaching safepoint: 136348 ns, At safepoint: 3246 ns, Total: 139594 ns
[2020-05-16T04:14:10.016+0000][8924][safepoint    ] Safepoint "Cleanup", Time since last: 1000569044 ns, Reaching safepoint: 92753 ns, At safepoint: 3246 ns, Total: 95999 ns
[2020-05-16T04:14:11.017+0000][8924][safepoint    ] Safepoint "Cleanup", Time since last: 1000170667 ns, Reaching safepoint: 108986 ns, At safepoint: 4173 ns, Total: 113159 ns
[2020-05-16T04:14:12.017+0000][8924][safepoint    ] Safepoint "Cleanup", Time since last: 1000447073 ns, Reaching safepoint: 160463 ns, At safepoint: 4638 ns, Total: 165101 ns
[2020-05-16T04:14:14.017+0000][8924][safepoint    ] Safepoint "Cleanup", Time since last: 1999933681 ns, Reaching safepoint: 97855 ns, At safepoint: 1855 ns, Total: 99710 ns
[2020-05-16T04:14:15.018+0000][8924][safepoint    ] Safepoint "Cleanup", Time since last: 1000150261 ns, Reaching safepoint: 76986 ns, At safepoint: 2782 ns, Total: 79768 ns
[2020-05-16T04:14:16.018+0000][8924][safepoint    ] Safepoint "Cleanup", Time since last: 1000565333 ns, Reaching safepoint: 76058 ns, At safepoint: 3247 ns, Total: 79305 ns
[2020-05-16T04:14:17.019+0000][8924][safepoint    ] Safepoint "Cleanup", Time since last: 1000481391 ns, Reaching safepoint: 87188 ns, At safepoint: 3246 ns, Total: 90434 ns
[2020-05-16T04:14:19.019+0000][8924][safepoint    ] Safepoint "Cleanup", Time since last: 2000621913 ns, Reaching safepoint: 89507 ns, At safepoint: 3247 ns, Total: 92754 ns
[2020-05-16T04:14:20.020+0000][8924][safepoint    ] Safepoint "Cleanup", Time since last: 1000169275 ns, Reaching safepoint: 128464 ns, At safepoint: 4174 ns, Total: 132638 ns
[2020-05-16T04:14:21.021+0000][8924][safepoint    ] Safepoint "Cleanup", Time since last: 1000819014 ns, Reaching safepoint: 86724 ns, At safepoint: 3247 ns, Total: 89971 ns
[2020-05-16T04:14:23.021+0000][8924][safepoint    ] Safepoint "Cleanup", Time since last: 2000531478 ns, Reaching safepoint: 59826 ns, At safepoint: 3246 ns, Total: 63072 ns
[2020-05-16T04:14:24.022+0000][8924][safepoint    ] Safepoint "Cleanup", Time since last: 1000228174 ns, Reaching safepoint: 100638 ns, At safepoint: 3710 ns, Total: 104348 ns
[2020-05-16T04:14:26.022+0000][8924][safepoint    ] Safepoint "Cleanup", Time since last: 2000658550 ns, Reaching safepoint: 77449 ns, At safepoint: 2783 ns, Total: 80232 ns
[2020-05-16T04:14:27.023+0000][8924][safepoint    ] Safepoint "Cleanup", Time since last: 1000844985 ns, Reaching safepoint: 90899 ns, At safepoint: 4174 ns, Total: 95073 ns
[2020-05-16T04:14:29.024+0000][8924][safepoint    ] Safepoint "Cleanup", Time since last: 2000242550 ns, Reaching safepoint: 75594 ns, At safepoint: 3247 ns, Total: 78841 ns
[2020-05-16T04:14:30.025+0000][8924][safepoint    ] Safepoint "Cleanup", Time since last: 1000773101 ns, Reaching safepoint: 111768 ns, At safepoint: 6493 ns, Total: 118261 ns
[2020-05-16T04:14:31.025+0000][8924][safepoint    ] Safepoint "Cleanup", Time since last: 1000755941 ns, Reaching safepoint: 56580 ns, At safepoint: 2319 ns, Total: 58899 ns
[2020-05-16T04:14:32.026+0000][8924][safepoint    ] Safepoint "Cleanup", Time since last: 1000293101 ns, Reaching safepoint: 70029 ns, At safepoint: 3246 ns, Total: 73275 ns
[2020-05-16T04:14:33.026+0000][8924][safepoint    ] Safepoint "Cleanup", Time since last: 1000521276 ns, Reaching safepoint: 92289 ns, At safepoint: 3711 ns, Total: 96000 ns
[2020-05-16T04:14:34.027+0000][8924][safepoint    ] Safepoint "Cleanup", Time since last: 1000910376 ns, Reaching safepoint: 74203 ns, At safepoint: 1855 ns, Total: 76058 ns
[2020-05-16T04:14:35.027+0000][8924][safepoint    ] Safepoint "Cleanup", Time since last: 1000083942 ns, Reaching safepoint: 130319 ns, At safepoint: 3710 ns, Total: 134029 ns
[2020-05-16T04:14:36.028+0000][8924][safepoint    ] Safepoint "Cleanup", Time since last: 1000542144 ns, Reaching safepoint: 83479 ns, At safepoint: 3710 ns, Total: 87189 ns
[2020-05-16T04:14:37.028+0000][8924][safepoint    ] Safepoint "Cleanup", Time since last: 1000070493 ns, Reaching safepoint: 85797 ns, At safepoint: 3246 ns, Total: 89043 ns
[2020-05-16T04:14:38.029+0000][8924][safepoint    ] Safepoint "Cleanup", Time since last: 1000686840 ns, Reaching safepoint: 89507 ns, At safepoint: 4174 ns, Total: 93681 ns
[2020-05-16T04:14:39.030+0000][8924][safepoint    ] Safepoint "Cleanup", Time since last: 1000512000 ns, Reaching safepoint: 69565 ns, At safepoint: 11595 ns, Total: 81160 ns
[2020-05-16T04:14:40.031+0000][8924][safepoint    ] Safepoint "Cleanup", Time since last: 1000832463 ns, Reaching safepoint: 99710 ns, At safepoint: 4638 ns, Total: 104348 ns
[2020-05-16T04:14:41.031+0000][8924][safepoint    ] Safepoint "Cleanup", Time since last: 1000229101 ns, Reaching safepoint: 78377 ns, At safepoint: 3246 ns, Total: 81623 ns
[2020-05-16T04:14:43.031+0000][8924][safepoint    ] Safepoint "Cleanup", Time since last: 2000286609 ns, Reaching safepoint: 119188 ns, At safepoint: 3246 ns, Total: 122434 ns
[2020-05-16T04:14:44.031+0000][8924][safepoint    ] Safepoint "Cleanup", Time since last: 1000035711 ns, Reaching safepoint: 72347 ns, At safepoint: 4638 ns, Total: 76985 ns
[2020-05-16T04:14:45.032+0000][8924][safepoint    ] Safepoint "Cleanup", Time since last: 1000812058 ns, Reaching safepoint: 89507 ns, At safepoint: 1855 ns, Total: 91362 ns
[2020-05-16T04:14:46.033+0000][8924][safepoint    ] Safepoint "Cleanup", Time since last: 1000039420 ns, Reaching safepoint: 112696 ns, At safepoint: 3246 ns, Total: 115942 ns
[2020-05-16T04:14:47.033+0000][8924][safepoint    ] Safepoint "Cleanup", Time since last: 1000275942 ns, Reaching safepoint: 81159 ns, At safepoint: 3247 ns, Total: 84406 ns
[2020-05-16T04:14:48.033+0000][8924][safepoint    ] Safepoint "Cleanup", Time since last: 1000410898 ns, Reaching safepoint: 117333 ns, At safepoint: 2783 ns, Total: 120116 ns
[2020-05-16T04:14:50.033+0000][8924][safepoint    ] Safepoint "Cleanup", Time since last: 1999928580 ns, Reaching safepoint: 70956 ns, At safepoint: 3247 ns, Total: 74203 ns
[2020-05-16T04:14:51.034+0000][8924][safepoint    ] Safepoint "Cleanup", Time since last: 1000777738 ns, Reaching safepoint: 134029 ns, At safepoint: 19479 ns, Total: 153508 ns
[2020-05-16T04:14:52.035+0000][8924][safepoint    ] Safepoint "Cleanup", Time since last: 1000742956 ns, Reaching safepoint: 79304 ns, At safepoint: 3247 ns, Total: 82551 ns
[2020-05-16T04:14:53.035+0000][8924][safepoint    ] Safepoint "Cleanup", Time since last: 1000211478 ns, Reaching safepoint: 75594 ns, At safepoint: 3246 ns, Total: 78840 ns
[2020-05-16T04:14:54.036+0000][8924][safepoint    ] Safepoint "Cleanup", Time since last: 1000785159 ns, Reaching safepoint: 83015 ns, At safepoint: 4174 ns, Total: 87189 ns
[2020-05-16T04:14:55.037+0000][8924][safepoint    ] Safepoint "Cleanup", Time since last: 1000664115 ns, Reaching safepoint: 68174 ns, At safepoint: 3247 ns, Total: 71421 ns
[2020-05-16T04:14:56.038+0000][8924][safepoint    ] Safepoint "Cleanup", Time since last: 1000434086 ns, Reaching safepoint: 105276 ns, At safepoint: 2318 ns, Total: 107594 ns
[2020-05-16T04:14:57.038+0000][8924][safepoint    ] Safepoint "Cleanup", Time since last: 1000630261 ns, Reaching safepoint: 76522 ns, At safepoint: 1855 ns, Total: 78377 ns
[2020-05-16T04:14:59.039+0000][8924][safepoint    ] Safepoint "Cleanup", Time since last: 2000275478 ns, Reaching safepoint: 76985 ns, At safepoint: 3247 ns, Total: 80232 ns
[2020-05-16T04:15:00.039+0000][8924][safepoint    ] Safepoint "Cleanup", Time since last: 1000154434 ns, Reaching safepoint: 76058 ns, At safepoint: 2783 ns, Total: 78841 ns
[2020-05-16T04:15:01.039+0000][8924][safepoint    ] Safepoint "Cleanup", Time since last: 1000429449 ns, Reaching safepoint: 144696 ns, At safepoint: 4174 ns, Total: 148870 ns
[2020-05-16T04:15:02.040+0000][8924][safepoint    ] Safepoint "Cleanup", Time since last: 1000016695 ns, Reaching safepoint: 108522 ns, At safepoint: 6029 ns, Total: 114551 ns
[2020-05-16T04:15:03.040+0000][8924][safepoint    ] Safepoint "Cleanup", Time since last: 1000148869 ns, Reaching safepoint: 77450 ns, At safepoint: 4637 ns, Total: 82087 ns
[2020-05-16T04:15:04.041+0000][8924][safepoint    ] Safepoint "Cleanup", Time since last: 1000891362 ns, Reaching safepoint: 78841 ns, At safepoint: 3246 ns, Total: 82087 ns
[2020-05-16T04:15:05.041+0000][8924][safepoint    ] Safepoint "Cleanup", Time since last: 1000543072 ns, Reaching safepoint: 115015 ns, At safepoint: 5101 ns, Total: 120116 ns
[2020-05-16T04:15:06.141+0000][8924][safepoint    ] Safepoint "Cleanup", Time since last: 1099468476 ns, Reaching safepoint: 87188 ns, At safepoint: 1855 ns, Total: 89043 ns
[2020-05-16T04:15:07.142+0000][8924][safepoint    ] Safepoint "Cleanup", Time since last: 1000519884 ns, Reaching safepoint: 132174 ns, At safepoint: 6493 ns, Total: 138667 ns
[2020-05-16T04:15:09.142+0000][8924][safepoint    ] Safepoint "Cleanup", Time since last: 2000002782 ns, Reaching safepoint: 69566 ns, At safepoint: 2782 ns, Total: 72348 ns
[2020-05-16T04:15:10.142+0000][8924][safepoint    ] Safepoint "Cleanup", Time since last: 1000125681 ns, Reaching safepoint: 76522 ns, At safepoint: 3246 ns, Total: 79768 ns
[2020-05-16T04:15:11.143+0000][8924][safepoint    ] Safepoint "Cleanup", Time since last: 1000943768 ns, Reaching safepoint: 108985 ns, At safepoint: 3711 ns, Total: 112696 ns
[2020-05-16T04:15:13.143+0000][8924][safepoint    ] Safepoint "Cleanup", Time since last: 2000070029 ns, Reaching safepoint: 84405 ns, At safepoint: 5102 ns, Total: 89507 ns
[2020-05-16T04:15:14.144+0000][8924][safepoint    ] Safepoint "Cleanup", Time since last: 1000281507 ns, Reaching safepoint: 98319 ns, At safepoint: 4174 ns, Total: 102493 ns
[2020-05-16T04:15:15.144+0000][8924][safepoint    ] Safepoint "Cleanup", Time since last: 1000104811 ns, Reaching safepoint: 69102 ns, At safepoint: 4637 ns, Total: 73739 ns
[2020-05-16T04:15:16.144+0000][8924][safepoint    ] Safepoint "Cleanup", Time since last: 1000204986 ns, Reaching safepoint: 89971 ns, At safepoint: 3710 ns, Total: 93681 ns
[2020-05-16T04:15:17.145+0000][8924][safepoint    ] Safepoint "Cleanup", Time since last: 1000843130 ns, Reaching safepoint: 86261 ns, At safepoint: 2318 ns, Total: 88579 ns
[2020-05-16T04:15:19.146+0000][8924][safepoint    ] Safepoint "Cleanup", Time since last: 2000449392 ns, Reaching safepoint: 140521 ns, At safepoint: 57971 ns, Total: 198492 ns
[2020-05-16T04:15:20.146+0000][8924][safepoint    ] Safepoint "Cleanup", Time since last: 1000588522 ns, Reaching safepoint: 77913 ns, At safepoint: 3246 ns, Total: 81159 ns
[2020-05-16T04:15:21.147+0000][8924][safepoint    ] Safepoint "Cleanup", Time since last: 1000723942 ns, Reaching safepoint: 72348 ns, At safepoint: 3246 ns, Total: 75594 ns
[2020-05-16T04:15:22.148+0000][8924][safepoint    ] Safepoint "Cleanup", Time since last: 1000737855 ns, Reaching safepoint: 94145 ns, At safepoint: 3710 ns, Total: 97855 ns
[2020-05-16T04:15:23.148+0000][8924][safepoint    ] Safepoint "Cleanup", Time since last: 1000292637 ns, Reaching safepoint: 84406 ns, At safepoint: 5565 ns, Total: 89971 ns
[2020-05-16T04:15:24.149+0000][8924][safepoint    ] Safepoint "Cleanup", Time since last: 1000892290 ns, Reaching safepoint: 92753 ns, At safepoint: 11131 ns, Total: 103884 ns
[2020-05-16T04:15:25.150+0000][8924][safepoint    ] Safepoint "Cleanup", Time since last: 1000711883 ns, Reaching safepoint: 93681 ns, At safepoint: 5566 ns, Total: 99247 ns
[2020-05-16T04:15:26.150+0000][8924][safepoint    ] Safepoint "Cleanup", Time since last: 1000289855 ns, Reaching safepoint: 73739 ns, At safepoint: 4174 ns, Total: 77913 ns
[2020-05-16T04:15:27.151+0000][8924][safepoint    ] Safepoint "Cleanup", Time since last: 1000391420 ns, Reaching safepoint: 90898 ns, At safepoint: 2319 ns, Total: 93217 ns
[2020-05-16T04:15:28.151+0000][8924][safepoint    ] Safepoint "Cleanup", Time since last: 1000054725 ns, Reaching safepoint: 52405 ns, At safepoint: 1856 ns, Total: 54261 ns
[2020-05-16T04:15:29.152+0000][8924][safepoint    ] Safepoint "Cleanup", Time since last: 1000460985 ns, Reaching safepoint: 75594 ns, At safepoint: 2783 ns, Total: 78377 ns
[2020-05-16T04:15:30.152+0000][8924][safepoint    ] Safepoint "Cleanup", Time since last: 1000126608 ns, Reaching safepoint: 77913 ns, At safepoint: 1855 ns, Total: 79768 ns
[2020-05-16T04:15:31.152+0000][8924][safepoint    ] Safepoint "Cleanup", Time since last: 1000179015 ns, Reaching safepoint: 67710 ns, At safepoint: 3246 ns, Total: 70956 ns
[2020-05-16T04:15:32.153+0000][8924][safepoint    ] Safepoint "Cleanup", Time since last: 1000877913 ns, Reaching safepoint: 85333 ns, At safepoint: 4174 ns, Total: 89507 ns
[2020-05-16T04:15:33.154+0000][8924][safepoint    ] Safepoint "Cleanup", Time since last: 1000600579 ns, Reaching safepoint: 88580 ns, At safepoint: 3247 ns, Total: 91827 ns
[2020-05-16T04:15:34.168+0000][8924][safepoint    ] Safepoint "Cleanup", Time since last: 1014161152 ns, Reaching safepoint: 97392 ns, At safepoint: 47304 ns, Total: 144696 ns
[2020-05-16T04:15:35.168+0000][8924][safepoint    ] Safepoint "Cleanup", Time since last: 1000098319 ns, Reaching safepoint: 89971 ns, At safepoint: 5101 ns, Total: 95072 ns
[2020-05-16T04:15:36.168+0000][8924][safepoint    ] Safepoint "Cleanup", Time since last: 1000069565 ns, Reaching safepoint: 89044 ns, At safepoint: 4174 ns, Total: 93218 ns
[2020-05-16T04:15:37.169+0000][8924][safepoint    ] Safepoint "Cleanup", Time since last: 1000454029 ns, Reaching safepoint: 94144 ns, At safepoint: 4174 ns, Total: 98318 ns
[2020-05-16T04:15:38.170+0000][8924][safepoint    ] Safepoint "Cleanup", Time since last: 1000673391 ns, Reaching safepoint: 75594 ns, At safepoint: 4174 ns, Total: 79768 ns
[2020-05-16T04:15:39.170+0000][8924][safepoint    ] Safepoint "Cleanup", Time since last: 1000101102 ns, Reaching safepoint: 77449 ns, At safepoint: 4174 ns, Total: 81623 ns
[2020-05-16T04:15:40.170+0000][8924][safepoint    ] Safepoint "Cleanup", Time since last: 1000090898 ns, Reaching safepoint: 97855 ns, At safepoint: 2783 ns, Total: 100638 ns
[2020-05-16T04:15:41.170+0000][8924][safepoint    ] Safepoint "Cleanup", Time since last: 1000163710 ns, Reaching safepoint: 86261 ns, At safepoint: 3710 ns, Total: 89971 ns
[2020-05-16T04:15:42.171+0000][8924][safepoint    ] Safepoint "Cleanup", Time since last: 1000218899 ns, Reaching safepoint: 70956 ns, At safepoint: 3246 ns, Total: 74202 ns
[2020-05-16T04:15:43.172+0000][8924][safepoint    ] Safepoint "Cleanup", Time since last: 1000800000 ns, Reaching safepoint: 76058 ns, At safepoint: 4638 ns, Total: 80696 ns
[2020-05-16T04:15:45.172+0000][8924][safepoint    ] Safepoint "Cleanup", Time since last: 2000210550 ns, Reaching safepoint: 53334 ns, At safepoint: 3246 ns, Total: 56580 ns
[2020-05-16T04:15:46.172+0000][8924][safepoint    ] Safepoint "Cleanup", Time since last: 1000425275 ns, Reaching safepoint: 128928 ns, At safepoint: 3246 ns, Total: 132174 ns
[2020-05-16T04:15:47.173+0000][8924][safepoint    ] Safepoint "Cleanup", Time since last: 1000591768 ns, Reaching safepoint: 78377 ns, At safepoint: 4174 ns, Total: 82551 ns
[2020-05-16T04:15:48.174+0000][8924][safepoint    ] Safepoint "Cleanup", Time since last: 1000536115 ns, Reaching safepoint: 82087 ns, At safepoint: 4174 ns, Total: 86261 ns
[2020-05-16T04:15:49.174+0000][8924][safepoint    ] Safepoint "Cleanup", Time since last: 1000459594 ns, Reaching safepoint: 91362 ns, At safepoint: 6493 ns, Total: 97855 ns
[2020-05-16T04:15:50.175+0000][8924][safepoint    ] Safepoint "Cleanup", Time since last: 1000343652 ns, Reaching safepoint: 89507 ns, At safepoint: 4174 ns, Total: 93681 ns
[2020-05-16T04:15:51.176+0000][8924][safepoint    ] Safepoint "Cleanup", Time since last: 1000788406 ns, Reaching safepoint: 76058 ns, At safepoint: 3710 ns, Total: 79768 ns
[2020-05-16T04:15:52.176+0000][8924][safepoint    ] Safepoint "Cleanup", Time since last: 1000522202 ns, Reaching safepoint: 83942 ns, At safepoint: 5566 ns, Total: 89508 ns
[2020-05-16T04:15:53.177+0000][8924][safepoint    ] Safepoint "Cleanup", Time since last: 1000417391 ns, Reaching safepoint: 69565 ns, At safepoint: 3246 ns, Total: 72811 ns
[2020-05-16T04:15:54.177+0000][8924][safepoint    ] Safepoint "Cleanup", Time since last: 1000324174 ns, Reaching safepoint: 87652 ns, At safepoint: 1855 ns, Total: 89507 ns
[2020-05-16T04:15:55.178+0000][8924][safepoint    ] Safepoint "Cleanup", Time since last: 1000448928 ns, Reaching safepoint: 70956 ns, At safepoint: 3710 ns, Total: 74666 ns
[2020-05-16T04:15:56.178+0000][8924][safepoint    ] Safepoint "Cleanup", Time since last: 1000833391 ns, Reaching safepoint: 88580 ns, At safepoint: 3710 ns, Total: 92290 ns
[2020-05-16T04:15:57.179+0000][8924][safepoint    ] Safepoint "Cleanup", Time since last: 1000180406 ns, Reaching safepoint: 73739 ns, At safepoint: 2782 ns, Total: 76521 ns
[2020-05-16T04:15:59.179+0000][8924][safepoint    ] Safepoint "Cleanup", Time since last: 2000569507 ns, Reaching safepoint: 93681 ns, At safepoint: 3711 ns, Total: 97392 ns
[2020-05-16T04:16:00.180+0000][8924][safepoint    ] Safepoint "Cleanup", Time since last: 1000135420 ns, Reaching safepoint: 80232 ns, At safepoint: 2782 ns, Total: 83014 ns
[2020-05-16T04:16:01.180+0000][8924][safepoint    ] Safepoint "Cleanup", Time since last: 1000474899 ns, Reaching safepoint: 89507 ns, At safepoint: 4637 ns, Total: 94144 ns
[2020-05-16T04:16:02.181+0000][8924][safepoint    ] Safepoint "Cleanup", Time since last: 1000454029 ns, Reaching safepoint: 96928 ns, At safepoint: 3710 ns, Total: 100638 ns
[2020-05-16T04:16:03.181+0000][8924][safepoint    ] Safepoint "Cleanup", Time since last: 1000561623 ns, Reaching safepoint: 79304 ns, At safepoint: 2783 ns, Total: 82087 ns
[2020-05-16T04:16:04.182+0000][8924][safepoint    ] Safepoint "Cleanup", Time since last: 1000186434 ns, Reaching safepoint: 114087 ns, At safepoint: 4638 ns, Total: 118725 ns
[2020-05-16T04:16:05.183+0000][8924][safepoint    ] Safepoint "Cleanup", Time since last: 1000748521 ns, Reaching safepoint: 71421 ns, At safepoint: 3710 ns, Total: 75131 ns
[2020-05-16T04:16:06.183+0000][8924][safepoint    ] Safepoint "Cleanup", Time since last: 1000684985 ns, Reaching safepoint: 80696 ns, At safepoint: 3246 ns, Total: 83942 ns
[2020-05-16T04:16:07.184+0000][8924][safepoint    ] Safepoint "Cleanup", Time since last: 1000576000 ns, Reaching safepoint: 92290 ns, At safepoint: 4173 ns, Total: 96463 ns
[2020-05-16T04:16:08.184+0000][8924][safepoint    ] Safepoint "Cleanup", Time since last: 1000381681 ns, Reaching safepoint: 85797 ns, At safepoint: 3247 ns, Total: 89044 ns
[2020-05-16T04:16:10.185+0000][8924][safepoint    ] Safepoint "Cleanup", Time since last: 2000549565 ns, Reaching safepoint: 114550 ns, At safepoint: 3711 ns, Total: 118261 ns
[2020-05-16T04:16:11.185+0000][8924][safepoint    ] Safepoint "Cleanup", Time since last: 1000264347 ns, Reaching safepoint: 149334 ns, At safepoint: 8347 ns, Total: 157681 ns
[2020-05-16T04:16:12.186+0000][8924][safepoint    ] Safepoint "Cleanup", Time since last: 1000775420 ns, Reaching safepoint: 60754 ns, At safepoint: 2783 ns, Total: 63537 ns
[2020-05-16T04:16:13.187+0000][8924][safepoint    ] Safepoint "Cleanup", Time since last: 1000797217 ns, Reaching safepoint: 65391 ns, At safepoint: 3246 ns, Total: 68637 ns
[2020-05-16T04:16:14.188+0000][8924][safepoint    ] Safepoint "Cleanup", Time since last: 1000130783 ns, Reaching safepoint: 158145 ns, At safepoint: 6029 ns, Total: 164174 ns
[2020-05-16T04:16:15.188+0000][8924][safepoint    ] Safepoint "Cleanup", Time since last: 1000196637 ns, Reaching safepoint: 64928 ns, At safepoint: 17623 ns, Total: 82551 ns
[2020-05-16T04:16:16.188+0000][8924][safepoint    ] Safepoint "Cleanup", Time since last: 1000214724 ns, Reaching safepoint: 76058 ns, At safepoint: 3710 ns, Total: 79768 ns
[2020-05-16T04:16:17.188+0000][8924][safepoint    ] Safepoint "Cleanup", Time since last: 1000228174 ns, Reaching safepoint: 67710 ns, At safepoint: 3247 ns, Total: 70957 ns
[2020-05-16T04:16:19.189+0000][8924][safepoint    ] Safepoint "Cleanup", Time since last: 2000423420 ns, Reaching safepoint: 69101 ns, At safepoint: 5102 ns, Total: 74203 ns
[2020-05-16T04:16:20.189+0000][8924][safepoint    ] Safepoint "Cleanup", Time since last: 1000307942 ns, Reaching safepoint: 102492 ns, At safepoint: 7421 ns, Total: 109913 ns
[2020-05-16T04:16:22.190+0000][8924][safepoint    ] Safepoint "Cleanup", Time since last: 2000733680 ns, Reaching safepoint: 75595 ns, At safepoint: 3710 ns, Total: 79305 ns
[2020-05-16T04:16:23.191+0000][8924][safepoint    ] Safepoint "Cleanup", Time since last: 1000513391 ns, Reaching safepoint: 78377 ns, At safepoint: 3710 ns, Total: 82087 ns
[2020-05-16T04:16:24.191+0000][8924][safepoint    ] Safepoint "Cleanup", Time since last: 1000078376 ns, Reaching safepoint: 83015 ns, At safepoint: 3246 ns, Total: 86261 ns
[2020-05-16T04:16:25.191+0000][8924][safepoint    ] Safepoint "Cleanup", Time since last: 1000410435 ns, Reaching safepoint: 82551 ns, At safepoint: 3710 ns, Total: 86261 ns
[2020-05-16T04:16:26.192+0000][8924][safepoint    ] Safepoint "Cleanup", Time since last: 1000859825 ns, Reaching safepoint: 91363 ns, At safepoint: 3246 ns, Total: 94609 ns
[2020-05-16T04:16:27.192+0000][8924][safepoint    ] Safepoint "Cleanup", Time since last: 1000042667 ns, Reaching safepoint: 77913 ns, At safepoint: 3246 ns, Total: 81159 ns
[2020-05-16T04:16:28.193+0000][8924][safepoint    ] Safepoint "Cleanup", Time since last: 1000355246 ns, Reaching safepoint: 69102 ns, At safepoint: 3710 ns, Total: 72812 ns
[2020-05-16T04:16:30.194+0000][8924][safepoint    ] Safepoint "Cleanup", Time since last: 2000863536 ns, Reaching safepoint: 93681 ns, At safepoint: 2319 ns, Total: 96000 ns
[2020-05-16T04:16:31.194+0000][8924][safepoint    ] Safepoint "Cleanup", Time since last: 1000125217 ns, Reaching safepoint: 72812 ns, At safepoint: 3710 ns, Total: 76522 ns
[2020-05-16T04:16:32.194+0000][8924][safepoint    ] Safepoint "Cleanup", Time since last: 1000122898 ns, Reaching safepoint: 82087 ns, At safepoint: 4638 ns, Total: 86725 ns
[2020-05-16T04:16:34.194+0000][8924][safepoint    ] Safepoint "Cleanup", Time since last: 2000040811 ns, Reaching safepoint: 95537 ns, At safepoint: 3710 ns, Total: 99247 ns
[2020-05-16T04:16:35.195+0000][8924][safepoint    ] Safepoint "Cleanup", Time since last: 1000504579 ns, Reaching safepoint: 96000 ns, At safepoint: 3247 ns, Total: 99247 ns
[2020-05-16T04:16:36.196+0000][8924][safepoint    ] Safepoint "Cleanup", Time since last: 1000658086 ns, Reaching safepoint: 80696 ns, At safepoint: 1855 ns, Total: 82551 ns
[2020-05-16T04:16:37.196+0000][8924][safepoint    ] Safepoint "Cleanup", Time since last: 1000047768 ns, Reaching safepoint: 85797 ns, At safepoint: 1855 ns, Total: 87652 ns
[2020-05-16T04:16:38.197+0000][8924][safepoint    ] Safepoint "Cleanup", Time since last: 1000706319 ns, Reaching safepoint: 82550 ns, At safepoint: 5102 ns, Total: 87652 ns
[2020-05-16T04:16:39.197+0000][8924][safepoint    ] Safepoint "Cleanup", Time since last: 1000294492 ns, Reaching safepoint: 89971 ns, At safepoint: 2783 ns, Total: 92754 ns
[2020-05-16T04:16:40.198+0000][8924][safepoint    ] Safepoint "Cleanup", Time since last: 1000847304 ns, Reaching safepoint: 72811 ns, At safepoint: 3247 ns, Total: 76058 ns
[2020-05-16T04:16:41.199+0000][8924][safepoint    ] Safepoint "Cleanup", Time since last: 1000521739 ns, Reaching safepoint: 70956 ns, At safepoint: 3247 ns, Total: 74203 ns
[2020-05-16T04:16:42.199+0000][8924][safepoint    ] Safepoint "Cleanup", Time since last: 1000777738 ns, Reaching safepoint: 69102 ns, At safepoint: 3246 ns, Total: 72348 ns
[2020-05-16T04:16:43.200+0000][8924][safepoint    ] Safepoint "Cleanup", Time since last: 1000071420 ns, Reaching safepoint: 100638 ns, At safepoint: 5101 ns, Total: 105739 ns
[2020-05-16T04:16:45.200+0000][8924][safepoint    ] Safepoint "Cleanup", Time since last: 2000110841 ns, Reaching safepoint: 99710 ns, At safepoint: 3710 ns, Total: 103420 ns
[2020-05-16T04:16:46.200+0000][8924][safepoint    ] Safepoint "Cleanup", Time since last: 1000551884 ns, Reaching safepoint: 89507 ns, At safepoint: 2319 ns, Total: 91826 ns
[2020-05-16T04:16:47.201+0000][8924][safepoint    ] Safepoint "Cleanup", Time since last: 1000520811 ns, Reaching safepoint: 86725 ns, At safepoint: 5565 ns, Total: 92290 ns
[2020-05-16T04:16:48.202+0000][8924][safepoint    ] Safepoint "Cleanup", Time since last: 1000399768 ns, Reaching safepoint: 76058 ns, At safepoint: 3246 ns, Total: 79304 ns
[2020-05-16T04:16:49.202+0000][8924][safepoint    ] Safepoint "Cleanup", Time since last: 1000736000 ns, Reaching safepoint: 69565 ns, At safepoint: 5566 ns, Total: 75131 ns
[2020-05-16T04:16:51.203+0000][8924][safepoint    ] Safepoint "Cleanup", Time since last: 2000256463 ns, Reaching safepoint: 84406 ns, At safepoint: 4174 ns, Total: 88580 ns
[2020-05-16T04:16:52.203+0000][8924][safepoint    ] Safepoint "Cleanup", Time since last: 1000377971 ns, Reaching safepoint: 89971 ns, At safepoint: 2782 ns, Total: 92753 ns
[2020-05-16T04:16:53.204+0000][8924][safepoint    ] Safepoint "Cleanup", Time since last: 1000405797 ns, Reaching safepoint: 107594 ns, At safepoint: 3247 ns, Total: 110841 ns
[2020-05-16T04:16:54.204+0000][8924][safepoint    ] Safepoint "Cleanup", Time since last: 1000390029 ns, Reaching safepoint: 92289 ns, At safepoint: 4174 ns, Total: 96463 ns
[2020-05-16T04:16:55.205+0000][8924][safepoint    ] Safepoint "Cleanup", Time since last: 1000290783 ns, Reaching safepoint: 85797 ns, At safepoint: 3246 ns, Total: 89043 ns
[2020-05-16T04:16:56.205+0000][8924][safepoint    ] Safepoint "Cleanup", Time since last: 1000332522 ns, Reaching safepoint: 56116 ns, At safepoint: 2782 ns, Total: 58898 ns
[2020-05-16T04:16:57.205+0000][8924][safepoint    ] Safepoint "Cleanup", Time since last: 1000063536 ns, Reaching safepoint: 83942 ns, At safepoint: 3247 ns, Total: 87189 ns
[2020-05-16T04:16:59.205+0000][8924][safepoint    ] Safepoint "Cleanup", Time since last: 2000271304 ns, Reaching safepoint: 92290 ns, At safepoint: 2782 ns, Total: 95072 ns
[2020-05-16T04:17:00.206+0000][8924][safepoint    ] Safepoint "Cleanup", Time since last: 1000010667 ns, Reaching safepoint: 74667 ns, At safepoint: 3710 ns, Total: 78377 ns
[2020-05-16T04:17:01.206+0000][8924][safepoint    ] Safepoint "Cleanup", Time since last: 1000261101 ns, Reaching safepoint: 90899 ns, At safepoint: 2319 ns, Total: 93218 ns
[2020-05-16T04:17:02.206+0000][8924][safepoint    ] Safepoint "Cleanup", Time since last: 1000094608 ns, Reaching safepoint: 66783 ns, At safepoint: 3710 ns, Total: 70493 ns
[2020-05-16T04:17:03.206+0000][8924][safepoint    ] Safepoint "Cleanup", Time since last: 1000145623 ns, Reaching safepoint: 109913 ns, At safepoint: 4174 ns, Total: 114087 ns
[2020-05-16T04:17:04.207+0000][8924][safepoint    ] Safepoint "Cleanup", Time since last: 1000802318 ns, Reaching safepoint: 84870 ns, At safepoint: 3246 ns, Total: 88116 ns
[2020-05-16T04:17:05.803+0000][8924][safepoint    ] Safepoint "Cleanup", Time since last: 1596010854 ns, Reaching safepoint: 82087 ns, At safepoint: 5102 ns, Total: 87189 ns
[2020-05-16T04:17:06.804+0000][8924][safepoint    ] Safepoint "Cleanup", Time since last: 1000376579 ns, Reaching safepoint: 83015 ns, At safepoint: 3246 ns, Total: 86261 ns
[2020-05-16T04:17:07.804+0000][8924][safepoint    ] Safepoint "Cleanup", Time since last: 1000067710 ns, Reaching safepoint: 103420 ns, At safepoint: 5566 ns, Total: 108986 ns
[2020-05-16T04:17:08.804+0000][8924][safepoint    ] Safepoint "Cleanup", Time since last: 1000464695 ns, Reaching safepoint: 72812 ns, At safepoint: 15768 ns, Total: 88580 ns
[2020-05-16T04:17:09.805+0000][8924][safepoint    ] Safepoint "Cleanup", Time since last: 1000463768 ns, Reaching safepoint: 128000 ns, At safepoint: 18087 ns, Total: 146087 ns
[2020-05-16T04:17:11.806+0000][8924][safepoint    ] Safepoint "Cleanup", Time since last: 2000499014 ns, Reaching safepoint: 76985 ns, At safepoint: 10667 ns, Total: 87652 ns
[2020-05-16T04:17:12.806+0000][8924][safepoint    ] Safepoint "Cleanup", Time since last: 1000079768 ns, Reaching safepoint: 55188 ns, At safepoint: 8812 ns, Total: 64000 ns
[2020-05-16T04:17:13.807+0000][8924][safepoint    ] Safepoint "Cleanup", Time since last: 1000855188 ns, Reaching safepoint: 74667 ns, At safepoint: 3710 ns, Total: 78377 ns
[2020-05-16T04:17:14.808+0000][8924][safepoint    ] Safepoint "Cleanup", Time since last: 1000856579 ns, Reaching safepoint: 72812 ns, At safepoint: 3710 ns, Total: 76522 ns
[2020-05-16T04:17:15.808+0000][8924][safepoint    ] Safepoint "Cleanup", Time since last: 1000131246 ns, Reaching safepoint: 99246 ns, At safepoint: 4174 ns, Total: 103420 ns
[2020-05-16T04:17:16.808+0000][8924][safepoint    ] Safepoint "Cleanup", Time since last: 1000057508 ns, Reaching safepoint: 117797 ns, At safepoint: 4637 ns, Total: 122434 ns
[2020-05-16T04:17:17.808+0000][8924][safepoint    ] Safepoint "Cleanup", Time since last: 1000177623 ns, Reaching safepoint: 84870 ns, At safepoint: 4174 ns, Total: 89044 ns
[2020-05-16T04:17:18.809+0000][8924][safepoint    ] Safepoint "Cleanup", Time since last: 1000052869 ns, Reaching safepoint: 69566 ns, At safepoint: 3710 ns, Total: 73276 ns
[2020-05-16T04:17:19.809+0000][8924][safepoint    ] Safepoint "Cleanup", Time since last: 1000048232 ns, Reaching safepoint: 93217 ns, At safepoint: 3246 ns, Total: 96463 ns
[2020-05-16T04:17:20.809+0000][8924][safepoint    ] Safepoint "Cleanup", Time since last: 1000042667 ns, Reaching safepoint: 73739 ns, At safepoint: 3246 ns, Total: 76985 ns
[2020-05-16T04:17:21.810+0000][8924][safepoint    ] Safepoint "Cleanup", Time since last: 1000822261 ns, Reaching safepoint: 78377 ns, At safepoint: 1855 ns, Total: 80232 ns
[2020-05-16T04:17:22.810+0000][8924][safepoint    ] Safepoint "Cleanup", Time since last: 1000644637 ns, Reaching safepoint: 67710 ns, At safepoint: 2319 ns, Total: 70029 ns
[2020-05-16T04:17:23.811+0000][8924][safepoint    ] Safepoint "Cleanup", Time since last: 1000617275 ns, Reaching safepoint: 102029 ns, At safepoint: 1855 ns, Total: 103884 ns
[2020-05-16T04:17:25.811+0000][8924][safepoint    ] Safepoint "Cleanup", Time since last: 2000107594 ns, Reaching safepoint: 68638 ns, At safepoint: 1855 ns, Total: 70493 ns
[2020-05-16T04:17:26.812+0000][8924][safepoint    ] Safepoint "Cleanup", Time since last: 1000260638 ns, Reaching safepoint: 70029 ns, At safepoint: 2782 ns, Total: 72811 ns
[2020-05-16T04:17:27.812+0000][8924][safepoint    ] Safepoint "Cleanup", Time since last: 1000417391 ns, Reaching safepoint: 94145 ns, At safepoint: 3710 ns, Total: 97855 ns
[2020-05-16T04:17:28.812+0000][8924][safepoint    ] Safepoint "Cleanup", Time since last: 1000193392 ns, Reaching safepoint: 60753 ns, At safepoint: 2319 ns, Total: 63072 ns
[2020-05-16T04:17:29.813+0000][8924][safepoint    ] Safepoint "Cleanup", Time since last: 1000417391 ns, Reaching safepoint: 115478 ns, At safepoint: 4638 ns, Total: 120116 ns
[2020-05-16T04:17:30.814+0000][8924][safepoint    ] Safepoint "Cleanup", Time since last: 1000819014 ns, Reaching safepoint: 82551 ns, At safepoint: 3246 ns, Total: 85797 ns
[2020-05-16T04:17:31.814+0000][8924][safepoint    ] Safepoint "Cleanup", Time since last: 1000280580 ns, Reaching safepoint: 91362 ns, At safepoint: 2319 ns, Total: 93681 ns
[2020-05-16T04:17:32.815+0000][8924][safepoint    ] Safepoint "Cleanup", Time since last: 1000244406 ns, Reaching safepoint: 54724 ns, At safepoint: 2319 ns, Total: 57043 ns
[2020-05-16T04:17:33.815+0000][8924][safepoint    ] Safepoint "Cleanup", Time since last: 1000243014 ns, Reaching safepoint: 85334 ns, At safepoint: 3710 ns, Total: 89044 ns
[2020-05-16T04:17:34.815+0000][8924][safepoint    ] Safepoint "Cleanup", Time since last: 1000238377 ns, Reaching safepoint: 69565 ns, At safepoint: 2319 ns, Total: 71884 ns
[2020-05-16T04:17:35.816+0000][8924][safepoint    ] Safepoint "Cleanup", Time since last: 1000369159 ns, Reaching safepoint: 82087 ns, At safepoint: 3246 ns, Total: 85333 ns
[2020-05-16T04:17:36.816+0000][8924][safepoint    ] Safepoint "Cleanup", Time since last: 1000256927 ns, Reaching safepoint: 97856 ns, At safepoint: 3710 ns, Total: 101566 ns
[2020-05-16T04:17:37.817+0000][8924][safepoint    ] Safepoint "Cleanup", Time since last: 1000821796 ns, Reaching safepoint: 70493 ns, At safepoint: 3710 ns, Total: 74203 ns
[2020-05-16T04:17:39.817+0000][8924][safepoint    ] Safepoint "Cleanup", Time since last: 2000262493 ns, Reaching safepoint: 87652 ns, At safepoint: 3246 ns, Total: 90898 ns
[2020-05-16T04:17:40.818+0000][8924][safepoint    ] Safepoint "Cleanup", Time since last: 1000219826 ns, Reaching safepoint: 92754 ns, At safepoint: 3246 ns, Total: 96000 ns
[2020-05-16T04:17:41.818+0000][8924][safepoint    ] Safepoint "Cleanup", Time since last: 1000765217 ns, Reaching safepoint: 74667 ns, At safepoint: 5101 ns, Total: 79768 ns
[2020-05-16T04:17:42.819+0000][8924][safepoint    ] Safepoint "Cleanup", Time since last: 1000211942 ns, Reaching safepoint: 76986 ns, At safepoint: 3246 ns, Total: 80232 ns
[2020-05-16T04:17:43.819+0000][8924][safepoint    ] Safepoint "Cleanup", Time since last: 1000190609 ns, Reaching safepoint: 79304 ns, At safepoint: 3710 ns, Total: 83014 ns
[2020-05-16T04:17:44.820+0000][8924][safepoint    ] Safepoint "Cleanup", Time since last: 1000790725 ns, Reaching safepoint: 83014 ns, At safepoint: 3710 ns, Total: 86724 ns
[2020-05-16T04:17:46.821+0000][8924][safepoint    ] Safepoint "Cleanup", Time since last: 2000794435 ns, Reaching safepoint: 78376 ns, At safepoint: 3247 ns, Total: 81623 ns
[2020-05-16T04:17:47.821+0000][8924][safepoint    ] Safepoint "Cleanup", Time since last: 1000311652 ns, Reaching safepoint: 91826 ns, At safepoint: 2782 ns, Total: 94608 ns
[2020-05-16T04:17:48.822+0000][8924][safepoint    ] Safepoint "Cleanup", Time since last: 1000643246 ns, Reaching safepoint: 106667 ns, At safepoint: 2319 ns, Total: 108986 ns
[2020-05-16T04:17:49.822+0000][8924][safepoint    ] Safepoint "Cleanup", Time since last: 1000580637 ns, Reaching safepoint: 84406 ns, At safepoint: 3246 ns, Total: 87652 ns
[2020-05-16T04:17:50.823+0000][8924][safepoint    ] Safepoint "Cleanup", Time since last: 1000593160 ns, Reaching safepoint: 88116 ns, At safepoint: 3246 ns, Total: 91362 ns
[2020-05-16T04:17:52.824+0000][8924][safepoint    ] Safepoint "Cleanup", Time since last: 2000659014 ns, Reaching safepoint: 65855 ns, At safepoint: 3247 ns, Total: 69102 ns
[2020-05-16T04:17:53.825+0000][8924][safepoint    ] Safepoint "Cleanup", Time since last: 1000848231 ns, Reaching safepoint: 70029 ns, At safepoint: 2783 ns, Total: 72812 ns
[2020-05-16T04:17:55.825+0000][8924][safepoint    ] Safepoint "Cleanup", Time since last: 1999970318 ns, Reaching safepoint: 98783 ns, At safepoint: 5565 ns, Total: 104348 ns
[2020-05-16T04:17:56.826+0000][8924][safepoint    ] Safepoint "Cleanup", Time since last: 1000725797 ns, Reaching safepoint: 76985 ns, At safepoint: 3247 ns, Total: 80232 ns
[2020-05-16T04:17:57.826+0000][8924][safepoint    ] Safepoint "Cleanup", Time since last: 1000467942 ns, Reaching safepoint: 70956 ns, At safepoint: 2319 ns, Total: 73275 ns
[2020-05-16T04:17:58.827+0000][8924][safepoint    ] Safepoint "Cleanup", Time since last: 1000860289 ns, Reaching safepoint: 99247 ns, At safepoint: 3246 ns, Total: 102493 ns
[2020-05-16T04:17:59.828+0000][8924][safepoint    ] Safepoint "Cleanup", Time since last: 1000880695 ns, Reaching safepoint: 88116 ns, At safepoint: 2319 ns, Total: 90435 ns
[2020-05-16T04:18:01.828+0000][8924][safepoint    ] Safepoint "Cleanup", Time since last: 2000120580 ns, Reaching safepoint: 83478 ns, At safepoint: 4174 ns, Total: 87652 ns
[2020-05-16T04:18:02.829+0000][8924][safepoint    ] Safepoint "Cleanup", Time since last: 1000575072 ns, Reaching safepoint: 70493 ns, At safepoint: 2319 ns, Total: 72812 ns
[2020-05-16T04:18:03.830+0000][8924][safepoint    ] Safepoint "Cleanup", Time since last: 1000667825 ns, Reaching safepoint: 70029 ns, At safepoint: 1855 ns, Total: 71884 ns
[2020-05-16T04:18:04.830+0000][8924][safepoint    ] Safepoint "Cleanup", Time since last: 1000428986 ns, Reaching safepoint: 93681 ns, At safepoint: 3246 ns, Total: 96927 ns
[2020-05-16T04:18:05.858+0000][8924][safepoint    ] Safepoint "Cleanup", Time since last: 1028046828 ns, Reaching safepoint: 100637 ns, At safepoint: 40348 ns, Total: 140985 ns
[2020-05-16T04:18:07.859+0000][8924][safepoint    ] Safepoint "Cleanup", Time since last: 2000534725 ns, Reaching safepoint: 102492 ns, At safepoint: 6493 ns, Total: 108985 ns
[2020-05-16T04:18:08.860+0000][8924][safepoint    ] Safepoint "Cleanup", Time since last: 1000770319 ns, Reaching safepoint: 84869 ns, At safepoint: 3246 ns, Total: 88115 ns
[2020-05-16T04:18:09.860+0000][8924][safepoint    ] Safepoint "Cleanup", Time since last: 1000020406 ns, Reaching safepoint: 67710 ns, At safepoint: 4174 ns, Total: 71884 ns
[2020-05-16T04:18:10.860+0000][8924][safepoint    ] Safepoint "Cleanup", Time since last: 1000067247 ns, Reaching safepoint: 101565 ns, At safepoint: 4174 ns, Total: 105739 ns
[2020-05-16T04:18:11.860+0000][8924][safepoint    ] Safepoint "Cleanup", Time since last: 1000103884 ns, Reaching safepoint: 102492 ns, At safepoint: 3247 ns, Total: 105739 ns
[2020-05-16T04:18:12.861+0000][8924][safepoint    ] Safepoint "Cleanup", Time since last: 1000187362 ns, Reaching safepoint: 70493 ns, At safepoint: 3246 ns, Total: 73739 ns
[2020-05-16T04:18:13.861+0000][8924][safepoint    ] Safepoint "Cleanup", Time since last: 1000043131 ns, Reaching safepoint: 91826 ns, At safepoint: 5101 ns, Total: 96927 ns
[2020-05-16T04:18:14.861+0000][8924][safepoint    ] Safepoint "Cleanup", Time since last: 1000408116 ns, Reaching safepoint: 79304 ns, At safepoint: 5102 ns, Total: 84406 ns
[2020-05-16T04:18:16.862+0000][8924][safepoint    ] Safepoint "Cleanup", Time since last: 2000201275 ns, Reaching safepoint: 82087 ns, At safepoint: 4174 ns, Total: 86261 ns
[2020-05-16T04:18:17.862+0000][8924][safepoint    ] Safepoint "Cleanup", Time since last: 1000064000 ns, Reaching safepoint: 98318 ns, At safepoint: 3711 ns, Total: 102029 ns
[2020-05-16T04:18:19.862+0000][8924][safepoint    ] Safepoint "Cleanup", Time since last: 2000284289 ns, Reaching safepoint: 82551 ns, At safepoint: 2319 ns, Total: 84870 ns
[2020-05-16T04:18:20.863+0000][8924][safepoint    ] Safepoint "Cleanup", Time since last: 1000650666 ns, Reaching safepoint: 94609 ns, At safepoint: 1855 ns, Total: 96464 ns
[2020-05-16T04:18:21.864+0000][8924][safepoint    ] Safepoint "Cleanup", Time since last: 1000798144 ns, Reaching safepoint: 84870 ns, At safepoint: 16696 ns, Total: 101566 ns
[2020-05-16T04:18:22.864+0000][8924][safepoint    ] Safepoint "Cleanup", Time since last: 1000090434 ns, Reaching safepoint: 82551 ns, At safepoint: 2319 ns, Total: 84870 ns
[2020-05-16T04:18:23.864+0000][8924][safepoint    ] Safepoint "Cleanup", Time since last: 1000170203 ns, Reaching safepoint: 96000 ns, At safepoint: 6492 ns, Total: 102492 ns
[2020-05-16T04:18:24.865+0000][8924][safepoint    ] Safepoint "Cleanup", Time since last: 1000181797 ns, Reaching safepoint: 85798 ns, At safepoint: 16231 ns, Total: 102029 ns
[2020-05-16T04:18:25.866+0000][8924][safepoint    ] Safepoint "Cleanup", Time since last: 1000876522 ns, Reaching safepoint: 91362 ns, At safepoint: 2319 ns, Total: 93681 ns
[2020-05-16T04:18:26.866+0000][8924][safepoint    ] Safepoint "Cleanup", Time since last: 1000310724 ns, Reaching safepoint: 80232 ns, At safepoint: 3247 ns, Total: 83479 ns
[2020-05-16T04:18:27.867+0000][8924][safepoint    ] Safepoint "Cleanup", Time since last: 1000621912 ns, Reaching safepoint: 122435 ns, At safepoint: 3710 ns, Total: 126145 ns
[2020-05-16T04:18:28.867+0000][8924][safepoint    ] Safepoint "Cleanup", Time since last: 1000516174 ns, Reaching safepoint: 57971 ns, At safepoint: 2782 ns, Total: 60753 ns
[2020-05-16T04:18:29.868+0000][8924][safepoint    ] Safepoint "Cleanup", Time since last: 1000708174 ns, Reaching safepoint: 150725 ns, At safepoint: 3710 ns, Total: 154435 ns
[2020-05-16T04:18:31.868+0000][8924][safepoint    ] Safepoint "Cleanup", Time since last: 1999917449 ns, Reaching safepoint: 97855 ns, At safepoint: 2319 ns, Total: 100174 ns
[2020-05-16T04:18:32.869+0000][8924][safepoint    ] Safepoint "Cleanup", Time since last: 1000910840 ns, Reaching safepoint: 83015 ns, At safepoint: 4637 ns, Total: 87652 ns
[2020-05-16T04:18:33.869+0000][8924][safepoint    ] Safepoint "Cleanup", Time since last: 1000131710 ns, Reaching safepoint: 95536 ns, At safepoint: 2783 ns, Total: 98319 ns
[2020-05-16T04:18:34.870+0000][8924][safepoint    ] Safepoint "Cleanup", Time since last: 1000279652 ns, Reaching safepoint: 58899 ns, At safepoint: 2318 ns, Total: 61217 ns
[2020-05-16T04:18:35.870+0000][8924][safepoint    ] Safepoint "Cleanup", Time since last: 1000491131 ns, Reaching safepoint: 70492 ns, At safepoint: 3247 ns, Total: 73739 ns
[2020-05-16T04:18:36.871+0000][8924][safepoint    ] Safepoint "Cleanup", Time since last: 1000926144 ns, Reaching safepoint: 96464 ns, At safepoint: 3246 ns, Total: 99710 ns
[2020-05-16T04:18:37.872+0000][8924][safepoint    ] Safepoint "Cleanup", Time since last: 1000320928 ns, Reaching safepoint: 73275 ns, At safepoint: 3246 ns, Total: 76521 ns
[2020-05-16T04:18:38.872+0000][8924][safepoint    ] Safepoint "Cleanup", Time since last: 1000527305 ns, Reaching safepoint: 82087 ns, At safepoint: 3246 ns, Total: 85333 ns
[2020-05-16T04:18:39.873+0000][8924][safepoint    ] Safepoint "Cleanup", Time since last: 1000653913 ns, Reaching safepoint: 91826 ns, At safepoint: 2782 ns, Total: 94608 ns
[2020-05-16T04:18:40.873+0000][8924][safepoint    ] Safepoint "Cleanup", Time since last: 1000285218 ns, Reaching safepoint: 77449 ns, At safepoint: 5101 ns, Total: 82550 ns
[2020-05-16T04:18:42.874+0000][8924][safepoint    ] Safepoint "Cleanup", Time since last: 2000534261 ns, Reaching safepoint: 101101 ns, At safepoint: 2783 ns, Total: 103884 ns
[2020-05-16T04:18:43.874+0000][8924][safepoint    ] Safepoint "Cleanup", Time since last: 1000078840 ns, Reaching safepoint: 93218 ns, At safepoint: 3246 ns, Total: 96464 ns
[2020-05-16T04:18:44.875+0000][8924][safepoint    ] Safepoint "Cleanup", Time since last: 1000726724 ns, Reaching safepoint: 103421 ns, At safepoint: 4174 ns, Total: 107595 ns
[2020-05-16T04:18:46.876+0000][8924][safepoint    ] Safepoint "Cleanup", Time since last: 2000831535 ns, Reaching safepoint: 79768 ns, At safepoint: 3711 ns, Total: 83479 ns
[2020-05-16T04:18:47.877+0000][8924][safepoint    ] Safepoint "Cleanup", Time since last: 1000523594 ns, Reaching safepoint: 89971 ns, At safepoint: 4173 ns, Total: 94144 ns
[2020-05-16T04:18:48.877+0000][8924][safepoint    ] Safepoint "Cleanup", Time since last: 1000070493 ns, Reaching safepoint: 122899 ns, At safepoint: 5101 ns, Total: 128000 ns
[2020-05-16T04:18:49.877+0000][8924][safepoint    ] Safepoint "Cleanup", Time since last: 1000461449 ns, Reaching safepoint: 136348 ns, At safepoint: 4174 ns, Total: 140522 ns
[2020-05-16T04:18:50.878+0000][8924][safepoint    ] Safepoint "Cleanup", Time since last: 1000815304 ns, Reaching safepoint: 82087 ns, At safepoint: 3246 ns, Total: 85333 ns
[2020-05-16T04:18:52.879+0000][8924][safepoint    ] Safepoint "Cleanup", Time since last: 2000161855 ns, Reaching safepoint: 84406 ns, At safepoint: 3710 ns, Total: 88116 ns
[2020-05-16T04:18:53.879+0000][8924][safepoint    ] Safepoint "Cleanup", Time since last: 1000213333 ns, Reaching safepoint: 108986 ns, At safepoint: 4637 ns, Total: 113623 ns
[2020-05-16T04:18:54.880+0000][8924][safepoint    ] Safepoint "Cleanup", Time since last: 1000770783 ns, Reaching safepoint: 112695 ns, At safepoint: 5102 ns, Total: 117797 ns
[2020-05-16T04:18:55.880+0000][8924][safepoint    ] Safepoint "Cleanup", Time since last: 1000384927 ns, Reaching safepoint: 93217 ns, At safepoint: 3247 ns, Total: 96464 ns
[2020-05-16T04:18:56.881+0000][8924][safepoint    ] Safepoint "Cleanup", Time since last: 1000457739 ns, Reaching safepoint: 77449 ns, At safepoint: 2783 ns, Total: 80232 ns
[2020-05-16T04:18:57.881+0000][8924][safepoint    ] Safepoint "Cleanup", Time since last: 1000296811 ns, Reaching safepoint: 98319 ns, At safepoint: 6493 ns, Total: 104812 ns
[2020-05-16T04:18:58.882+0000][8924][safepoint    ] Safepoint "Cleanup", Time since last: 1000687767 ns, Reaching safepoint: 73276 ns, At safepoint: 2319 ns, Total: 75595 ns
[2020-05-16T04:18:59.883+0000][8924][safepoint    ] Safepoint "Cleanup", Time since last: 1000807419 ns, Reaching safepoint: 73740 ns, At safepoint: 2318 ns, Total: 76058 ns
[2020-05-16T04:19:00.884+0000][8924][safepoint    ] Safepoint "Cleanup", Time since last: 1000608464 ns, Reaching safepoint: 111304 ns, At safepoint: 5565 ns, Total: 116869 ns
[2020-05-16T04:19:02.884+0000][8924][safepoint    ] Safepoint "Cleanup", Time since last: 2000676174 ns, Reaching safepoint: 69101 ns, At safepoint: 3711 ns, Total: 72812 ns
[2020-05-16T04:19:03.885+0000][8924][safepoint    ] Safepoint "Cleanup", Time since last: 1000334840 ns, Reaching safepoint: 91362 ns, At safepoint: 3710 ns, Total: 95072 ns
[2020-05-16T04:19:05.886+0000][8924][safepoint    ] Safepoint "Cleanup", Time since last: 2000738319 ns, Reaching safepoint: 98319 ns, At safepoint: 3246 ns, Total: 101565 ns
[2020-05-16T04:19:06.886+0000][8924][safepoint    ] Safepoint "Cleanup", Time since last: 1000052870 ns, Reaching safepoint: 96000 ns, At safepoint: 6492 ns, Total: 102492 ns
[2020-05-16T04:19:07.886+0000][8924][safepoint    ] Safepoint "Cleanup", Time since last: 1000340406 ns, Reaching safepoint: 87652 ns, At safepoint: 2319 ns, Total: 89971 ns
[2020-05-16T04:19:08.887+0000][8924][safepoint    ] Safepoint "Cleanup", Time since last: 1000896927 ns, Reaching safepoint: 57971 ns, At safepoint: 3246 ns, Total: 61217 ns
[2020-05-16T04:19:09.888+0000][8924][safepoint    ] Safepoint "Cleanup", Time since last: 1000369160 ns, Reaching safepoint: 116405 ns, At safepoint: 2783 ns, Total: 119188 ns
[2020-05-16T04:19:10.888+0000][8924][safepoint    ] Safepoint "Cleanup", Time since last: 1000137275 ns, Reaching safepoint: 53797 ns, At safepoint: 1855 ns, Total: 55652 ns
[2020-05-16T04:19:11.889+0000][8924][safepoint    ] Safepoint "Cleanup", Time since last: 1000768464 ns, Reaching safepoint: 79304 ns, At safepoint: 2783 ns, Total: 82087 ns
[2020-05-16T04:19:12.889+0000][8924][safepoint    ] Safepoint "Cleanup", Time since last: 1000155362 ns, Reaching safepoint: 85797 ns, At safepoint: 6493 ns, Total: 92290 ns
[2020-05-16T04:19:14.565+0000][8924][safepoint    ] Safepoint "Cleanup", Time since last: 1675853136 ns, Reaching safepoint: 92289 ns, At safepoint: 2319 ns, Total: 94608 ns
[2020-05-16T04:19:15.565+0000][8924][safepoint    ] Safepoint "Cleanup", Time since last: 1000368696 ns, Reaching safepoint: 73275 ns, At safepoint: 2319 ns, Total: 75594 ns
[2020-05-16T04:19:16.566+0000][8924][safepoint    ] Safepoint "Cleanup", Time since last: 1000793043 ns, Reaching safepoint: 57044 ns, At safepoint: 2318 ns, Total: 59362 ns
[2020-05-16T04:19:17.566+0000][8924][safepoint    ] Safepoint "Cleanup", Time since last: 1000127073 ns, Reaching safepoint: 89507 ns, At safepoint: 3710 ns, Total: 93217 ns
[2020-05-16T04:19:18.567+0000][8924][safepoint    ] Safepoint "Cleanup", Time since last: 1000444754 ns, Reaching safepoint: 89507 ns, At safepoint: 2782 ns, Total: 92289 ns
[2020-05-16T04:19:19.568+0000][8924][safepoint    ] Safepoint "Cleanup", Time since last: 1000745739 ns, Reaching safepoint: 83478 ns, At safepoint: 4638 ns, Total: 88116 ns
[2020-05-16T04:19:20.569+0000][8924][safepoint    ] Safepoint "Cleanup", Time since last: 1000640927 ns, Reaching safepoint: 103420 ns, At safepoint: 1856 ns, Total: 105276 ns
[2020-05-16T04:19:21.569+0000][8924][safepoint    ] Safepoint "Cleanup", Time since last: 1000588057 ns, Reaching safepoint: 103884 ns, At safepoint: 1855 ns, Total: 105739 ns
[2020-05-16T04:19:22.569+0000][8924][safepoint    ] Safepoint "Cleanup", Time since last: 1000095073 ns, Reaching safepoint: 89507 ns, At safepoint: 1855 ns, Total: 91362 ns
[2020-05-16T04:19:23.569+0000][8924][safepoint    ] Safepoint "Cleanup", Time since last: 1000057043 ns, Reaching safepoint: 87189 ns, At safepoint: 3246 ns, Total: 90435 ns
[2020-05-16T04:19:25.570+0000][8924][safepoint    ] Safepoint "Cleanup", Time since last: 2000078377 ns, Reaching safepoint: 78377 ns, At safepoint: 3246 ns, Total: 81623 ns
[2020-05-16T04:19:26.570+0000][8924][safepoint    ] Safepoint "Cleanup", Time since last: 1000320464 ns, Reaching safepoint: 72811 ns, At safepoint: 2783 ns, Total: 75594 ns
[2020-05-16T04:19:27.571+0000][8924][safepoint    ] Safepoint "Cleanup", Time since last: 1000765217 ns, Reaching safepoint: 89507 ns, At safepoint: 3247 ns, Total: 92754 ns
[2020-05-16T04:19:28.571+0000][8924][safepoint    ] Safepoint "Cleanup", Time since last: 1000145623 ns, Reaching safepoint: 91826 ns, At safepoint: 4174 ns, Total: 96000 ns
[2020-05-16T04:19:29.572+0000][8924][safepoint    ] Safepoint "Cleanup", Time since last: 1000457739 ns, Reaching safepoint: 86724 ns, At safepoint: 1855 ns, Total: 88579 ns
[2020-05-16T04:19:30.572+0000][8924][safepoint    ] Safepoint "Cleanup", Time since last: 1000268986 ns, Reaching safepoint: 77913 ns, At safepoint: 3246 ns, Total: 81159 ns
[2020-05-16T04:19:31.572+0000][8924][safepoint    ] Safepoint "Cleanup", Time since last: 1000256000 ns, Reaching safepoint: 89507 ns, At safepoint: 5565 ns, Total: 95072 ns
[2020-05-16T04:19:32.573+0000][8924][safepoint    ] Safepoint "Cleanup", Time since last: 1000394203 ns, Reaching safepoint: 67710 ns, At safepoint: 3247 ns, Total: 70957 ns
[2020-05-16T04:19:33.574+0000][8924][safepoint    ] Safepoint "Cleanup", Time since last: 1000806028 ns, Reaching safepoint: 95073 ns, At safepoint: 3710 ns, Total: 98783 ns
[2020-05-16T04:19:34.574+0000][8924][safepoint    ] Safepoint "Cleanup", Time since last: 1000531478 ns, Reaching safepoint: 82087 ns, At safepoint: 5101 ns, Total: 87188 ns
[2020-05-16T04:19:36.575+0000][8924][safepoint    ] Safepoint "Cleanup", Time since last: 2000299594 ns, Reaching safepoint: 60290 ns, At safepoint: 3710 ns, Total: 64000 ns
[2020-05-16T04:19:37.575+0000][8924][safepoint    ] Safepoint "Cleanup", Time since last: 1000454493 ns, Reaching safepoint: 74203 ns, At safepoint: 3710 ns, Total: 77913 ns
[2020-05-16T04:19:38.576+0000][8924][safepoint    ] Safepoint "Cleanup", Time since last: 1000417855 ns, Reaching safepoint: 101101 ns, At safepoint: 4638 ns, Total: 105739 ns
[2020-05-16T04:19:40.576+0000][8924][safepoint    ] Safepoint "Cleanup", Time since last: 2000255072 ns, Reaching safepoint: 70029 ns, At safepoint: 2783 ns, Total: 72812 ns
[2020-05-16T04:19:41.577+0000][8924][safepoint    ] Safepoint "Cleanup", Time since last: 1000684985 ns, Reaching safepoint: 97855 ns, At safepoint: 1855 ns, Total: 99710 ns
[2020-05-16T04:19:42.586+0000][8924][safepoint    ] Safepoint "Cleanup", Time since last: 1000754550 ns, Reaching safepoint: 8255069 ns, At safepoint: 42203 ns, Total: 8297272 ns
[2020-05-16T04:19:43.587+0000][8924][safepoint    ] Safepoint "Cleanup", Time since last: 1000407188 ns, Reaching safepoint: 68638 ns, At safepoint: 3246 ns, Total: 71884 ns
[2020-05-16T04:19:44.587+0000][8924][safepoint    ] Safepoint "Cleanup", Time since last: 1000018087 ns, Reaching safepoint: 96927 ns, At safepoint: 5102 ns, Total: 102029 ns
[2020-05-16T04:19:45.587+0000][8924][safepoint    ] Safepoint "Cleanup", Time since last: 1000780057 ns, Reaching safepoint: 109450 ns, At safepoint: 3710 ns, Total: 113160 ns
[2020-05-16T04:19:46.588+0000][8924][safepoint    ] Safepoint "Cleanup", Time since last: 1000612173 ns, Reaching safepoint: 157218 ns, At safepoint: 42203 ns, Total: 199421 ns
[2020-05-16T04:19:47.589+0000][8924][safepoint    ] Safepoint "Cleanup", Time since last: 1000306086 ns, Reaching safepoint: 68638 ns, At safepoint: 3246 ns, Total: 71884 ns
[2020-05-16T04:19:48.589+0000][8924][safepoint    ] Safepoint "Cleanup", Time since last: 1000624232 ns, Reaching safepoint: 72348 ns, At safepoint: 3710 ns, Total: 76058 ns
[2020-05-16T04:19:49.590+0000][8924][safepoint    ] Safepoint "Cleanup", Time since last: 1000308869 ns, Reaching safepoint: 106203 ns, At safepoint: 6029 ns, Total: 112232 ns
[2020-05-16T04:19:51.590+0000][8924][safepoint    ] Safepoint "Cleanup", Time since last: 1999907247 ns, Reaching safepoint: 89507 ns, At safepoint: 3246 ns, Total: 92753 ns
[2020-05-16T04:19:52.590+0000][8924][safepoint    ] Safepoint "Cleanup", Time since last: 1000471652 ns, Reaching safepoint: 130783 ns, At safepoint: 4174 ns, Total: 134957 ns
[2020-05-16T04:19:53.591+0000][8924][safepoint    ] Safepoint "Cleanup", Time since last: 1000406724 ns, Reaching safepoint: 98783 ns, At safepoint: 1855 ns, Total: 100638 ns
[2020-05-16T04:19:54.591+0000][8924][safepoint    ] Safepoint "Cleanup", Time since last: 1000203594 ns, Reaching safepoint: 77913 ns, At safepoint: 4174 ns, Total: 82087 ns
[2020-05-16T04:19:55.591+0000][8924][safepoint    ] Safepoint "Cleanup", Time since last: 1000067710 ns, Reaching safepoint: 92290 ns, At safepoint: 5565 ns, Total: 97855 ns
[2020-05-16T04:19:57.592+0000][8924][safepoint    ] Safepoint "Cleanup", Time since last: 2000410898 ns, Reaching safepoint: 90899 ns, At safepoint: 5101 ns, Total: 96000 ns
[2020-05-16T04:19:58.593+0000][8924][safepoint    ] Safepoint "Cleanup", Time since last: 1000588985 ns, Reaching safepoint: 115479 ns, At safepoint: 3710 ns, Total: 119189 ns
[2020-05-16T04:19:59.593+0000][8924][safepoint    ] Safepoint "Cleanup", Time since last: 1000468869 ns, Reaching safepoint: 81623 ns, At safepoint: 4638 ns, Total: 86261 ns
[2020-05-16T04:20:00.593+0000][8924][safepoint    ] Safepoint "Cleanup", Time since last: 1000082087 ns, Reaching safepoint: 91362 ns, At safepoint: 16696 ns, Total: 108058 ns
[2020-05-16T04:20:01.594+0000][8924][safepoint    ] Safepoint "Cleanup", Time since last: 1000275942 ns, Reaching safepoint: 101565 ns, At safepoint: 3710 ns, Total: 105275 ns
[2020-05-16T04:20:03.595+0000][8924][safepoint    ] Safepoint "Cleanup", Time since last: 2000705855 ns, Reaching safepoint: 76985 ns, At safepoint: 4174 ns, Total: 81159 ns
[2020-05-16T04:20:04.595+0000][8924][safepoint    ] Safepoint "Cleanup", Time since last: 1000147478 ns, Reaching safepoint: 97855 ns, At safepoint: 44986 ns, Total: 142841 ns
[2020-05-16T04:20:05.595+0000][8924][safepoint    ] Safepoint "Cleanup", Time since last: 1000562087 ns, Reaching safepoint: 101565 ns, At safepoint: 5101 ns, Total: 106666 ns
[2020-05-16T04:20:06.596+0000][8924][safepoint    ] Safepoint "Cleanup", Time since last: 1000233739 ns, Reaching safepoint: 95536 ns, At safepoint: 6029 ns, Total: 101565 ns
[2020-05-16T04:20:08.256+0000][8924][safepoint    ] Safepoint "Cleanup", Time since last: 1660451404 ns, Reaching safepoint: 93218 ns, At safepoint: 4637 ns, Total: 97855 ns
[2020-05-16T04:20:09.257+0000][8924][safepoint    ] Safepoint "Cleanup", Time since last: 1000426667 ns, Reaching safepoint: 96463 ns, At safepoint: 3247 ns, Total: 99710 ns
[2020-05-16T04:20:10.258+0000][8924][safepoint    ] Safepoint "Cleanup", Time since last: 1000570898 ns, Reaching safepoint: 73739 ns, At safepoint: 3247 ns, Total: 76986 ns
[2020-05-16T04:20:11.258+0000][8924][safepoint    ] Safepoint "Cleanup", Time since last: 1000130318 ns, Reaching safepoint: 97392 ns, At safepoint: 3710 ns, Total: 101102 ns
[2020-05-16T04:20:12.258+0000][8924][safepoint    ] Safepoint "Cleanup", Time since last: 1000474898 ns, Reaching safepoint: 68638 ns, At safepoint: 3246 ns, Total: 71884 ns
[2020-05-16T04:20:13.259+0000][8924][safepoint    ] Safepoint "Cleanup", Time since last: 1000394667 ns, Reaching safepoint: 80695 ns, At safepoint: 3247 ns, Total: 83942 ns
[2020-05-16T04:20:14.260+0000][8924][safepoint    ] Safepoint "Cleanup", Time since last: 1000887188 ns, Reaching safepoint: 77913 ns, At safepoint: 4173 ns, Total: 82086 ns
[2020-05-16T04:20:15.260+0000][8924][safepoint    ] Safepoint "Cleanup", Time since last: 1000424812 ns, Reaching safepoint: 69565 ns, At safepoint: 3246 ns, Total: 72811 ns
[2020-05-16T04:20:16.260+0000][8924][safepoint    ] Safepoint "Cleanup", Time since last: 1000012986 ns, Reaching safepoint: 79768 ns, At safepoint: 5565 ns, Total: 85333 ns
[2020-05-16T04:20:17.261+0000][8924][safepoint    ] Safepoint "Cleanup", Time since last: 1000748985 ns, Reaching safepoint: 99711 ns, At safepoint: 5101 ns, Total: 104812 ns
[2020-05-16T04:20:18.261+0000][8924][safepoint    ] Safepoint "Cleanup", Time since last: 1000096464 ns, Reaching safepoint: 90434 ns, At safepoint: 3711 ns, Total: 94145 ns
[2020-05-16T04:20:19.262+0000][8924][safepoint    ] Safepoint "Cleanup", Time since last: 1000608927 ns, Reaching safepoint: 100174 ns, At safepoint: 2782 ns, Total: 102956 ns
[2020-05-16T04:20:20.263+0000][8924][safepoint    ] Safepoint "Cleanup", Time since last: 1000607072 ns, Reaching safepoint: 81160 ns, At safepoint: 3710 ns, Total: 84870 ns
[2020-05-16T04:20:21.263+0000][8924][safepoint    ] Safepoint "Cleanup", Time since last: 1000372869 ns, Reaching safepoint: 73739 ns, At safepoint: 3247 ns, Total: 76986 ns
[2020-05-16T04:20:22.264+0000][8924][safepoint    ] Safepoint "Cleanup", Time since last: 1000611710 ns, Reaching safepoint: 87188 ns, At safepoint: 3246 ns, Total: 90434 ns
[2020-05-16T04:20:23.265+0000][8924][safepoint    ] Safepoint "Cleanup", Time since last: 1000666899 ns, Reaching safepoint: 89043 ns, At safepoint: 3247 ns, Total: 92290 ns
[2020-05-16T04:20:25.265+0000][8924][safepoint    ] Safepoint "Cleanup", Time since last: 2000403941 ns, Reaching safepoint: 93681 ns, At safepoint: 3711 ns, Total: 97392 ns
[2020-05-16T04:20:26.265+0000][8924][safepoint    ] Safepoint "Cleanup", Time since last: 1000029217 ns, Reaching safepoint: 69565 ns, At safepoint: 4638 ns, Total: 74203 ns
[2020-05-16T04:20:27.266+0000][8924][safepoint    ] Safepoint "Cleanup", Time since last: 1000787478 ns, Reaching safepoint: 90434 ns, At safepoint: 4638 ns, Total: 95072 ns
[2020-05-16T04:20:28.266+0000][8924][safepoint    ] Safepoint "Cleanup", Time since last: 1000098319 ns, Reaching safepoint: 89971 ns, At safepoint: 2783 ns, Total: 92754 ns
[2020-05-16T04:20:29.267+0000][8924][safepoint    ] Safepoint "Cleanup", Time since last: 1000190144 ns, Reaching safepoint: 75131 ns, At safepoint: 5565 ns, Total: 80696 ns
[2020-05-16T04:20:30.267+0000][8924][safepoint    ] Safepoint "Cleanup", Time since last: 1000137275 ns, Reaching safepoint: 96464 ns, At safepoint: 3710 ns, Total: 100174 ns
[2020-05-16T04:20:32.268+0000][8924][safepoint    ] Safepoint "Cleanup", Time since last: 2000817623 ns, Reaching safepoint: 98783 ns, At safepoint: 3246 ns, Total: 102029 ns
[2020-05-16T04:20:33.268+0000][8924][safepoint    ] Safepoint "Cleanup", Time since last: 1000221217 ns, Reaching safepoint: 78841 ns, At safepoint: 2319 ns, Total: 81160 ns
[2020-05-16T04:20:34.269+0000][8924][safepoint    ] Safepoint "Cleanup", Time since last: 1000318144 ns, Reaching safepoint: 100174 ns, At safepoint: 3710 ns, Total: 103884 ns
[2020-05-16T04:20:35.657+0000][8924][safepoint    ] Safepoint "Cleanup", Time since last: 1388538255 ns, Reaching safepoint: 117797 ns, At safepoint: 38493 ns, Total: 156290 ns
[2020-05-16T04:20:36.657+0000][8924][safepoint    ] Safepoint "Cleanup", Time since last: 1000031536 ns, Reaching safepoint: 87188 ns, At safepoint: 12522 ns, Total: 99710 ns
[2020-05-16T04:20:37.658+0000][8924][safepoint    ] Safepoint "Cleanup", Time since last: 1000288464 ns, Reaching safepoint: 97855 ns, At safepoint: 4174 ns, Total: 102029 ns
[2020-05-16T04:20:38.658+0000][8924][safepoint    ] Safepoint "Cleanup", Time since last: 1000004174 ns, Reaching safepoint: 77449 ns, At safepoint: 3246 ns, Total: 80695 ns
[2020-05-16T04:20:39.658+0000][8924][safepoint    ] Safepoint "Cleanup", Time since last: 1000170203 ns, Reaching safepoint: 72812 ns, At safepoint: 42666 ns, Total: 115478 ns
[2020-05-16T04:20:40.659+0000][8924][safepoint    ] Safepoint "Cleanup", Time since last: 1000830609 ns, Reaching safepoint: 72811 ns, At safepoint: 2319 ns, Total: 75130 ns
[2020-05-16T04:20:41.660+0000][8924][safepoint    ] Safepoint "Cleanup", Time since last: 1000845449 ns, Reaching safepoint: 79768 ns, At safepoint: 3246 ns, Total: 83014 ns
[2020-05-16T04:20:42.660+0000][8924][safepoint    ] Safepoint "Cleanup", Time since last: 1000352000 ns, Reaching safepoint: 68174 ns, At safepoint: 2783 ns, Total: 70957 ns
[2020-05-16T04:20:43.661+0000][8924][safepoint    ] Safepoint "Cleanup", Time since last: 1000505970 ns, Reaching safepoint: 54725 ns, At safepoint: 2319 ns, Total: 57044 ns
[2020-05-16T04:20:44.662+0000][8924][safepoint    ] Safepoint "Cleanup", Time since last: 1000483710 ns, Reaching safepoint: 78840 ns, At safepoint: 14841 ns, Total: 93681 ns
[2020-05-16T04:20:46.662+0000][8924][safepoint    ] Safepoint "Cleanup", Time since last: 2000001855 ns, Reaching safepoint: 83942 ns, At safepoint: 2783 ns, Total: 86725 ns
[2020-05-16T04:20:47.662+0000][8924][safepoint    ] Safepoint "Cleanup", Time since last: 1000699825 ns, Reaching safepoint: 128464 ns, At safepoint: 3710 ns, Total: 132174 ns
[2020-05-16T04:20:48.663+0000][8924][safepoint    ] Safepoint "Cleanup", Time since last: 1000197565 ns, Reaching safepoint: 111768 ns, At safepoint: 1855 ns, Total: 113623 ns
[2020-05-16T04:20:49.663+0000][8924][safepoint    ] Safepoint "Cleanup", Time since last: 1000380754 ns, Reaching safepoint: 89507 ns, At safepoint: 4638 ns, Total: 94145 ns
[2020-05-16T04:20:50.664+0000][8924][safepoint    ] Safepoint "Cleanup", Time since last: 1000741565 ns, Reaching safepoint: 81159 ns, At safepoint: 1855 ns, Total: 83014 ns
[2020-05-16T04:20:52.664+0000][8924][safepoint    ] Safepoint "Cleanup", Time since last: 2000127536 ns, Reaching safepoint: 108058 ns, At safepoint: 2783 ns, Total: 110841 ns
[2020-05-16T04:20:53.665+0000][8924][safepoint    ] Safepoint "Cleanup", Time since last: 1000356637 ns, Reaching safepoint: 93681 ns, At safepoint: 2319 ns, Total: 96000 ns
[2020-05-16T04:20:54.665+0000][8924][safepoint    ] Safepoint "Cleanup", Time since last: 1000170203 ns, Reaching safepoint: 88116 ns, At safepoint: 3710 ns, Total: 91826 ns
[2020-05-16T04:20:55.665+0000][8924][safepoint    ] Safepoint "Cleanup", Time since last: 1000162783 ns, Reaching safepoint: 97855 ns, At safepoint: 2318 ns, Total: 100173 ns
[2020-05-16T04:20:56.666+0000][8924][safepoint    ] Safepoint "Cleanup", Time since last: 1000799073 ns, Reaching safepoint: 87188 ns, At safepoint: 1855 ns, Total: 89043 ns
[2020-05-16T04:20:57.666+0000][8924][safepoint    ] Safepoint "Cleanup", Time since last: 1000133565 ns, Reaching safepoint: 71420 ns, At safepoint: 3247 ns, Total: 74667 ns
[2020-05-16T04:20:58.667+0000][8924][safepoint    ] Safepoint "Cleanup", Time since last: 1000106203 ns, Reaching safepoint: 70492 ns, At safepoint: 3247 ns, Total: 73739 ns
[2020-05-16T04:20:59.667+0000][8924][safepoint    ] Safepoint "Cleanup", Time since last: 1000235130 ns, Reaching safepoint: 83015 ns, At safepoint: 1855 ns, Total: 84870 ns
[2020-05-16T04:21:00.667+0000][8924][safepoint    ] Safepoint "Cleanup", Time since last: 1000089043 ns, Reaching safepoint: 89043 ns, At safepoint: 4174 ns, Total: 93217 ns
[2020-05-16T04:21:01.668+0000][8924][safepoint    ] Safepoint "Cleanup", Time since last: 1000394203 ns, Reaching safepoint: 85333 ns, At safepoint: 3247 ns, Total: 88580 ns
[2020-05-16T04:21:02.668+0000][8924][safepoint    ] Safepoint "Cleanup", Time since last: 1000403014 ns, Reaching safepoint: 81623 ns, At safepoint: 3710 ns, Total: 85333 ns
[2020-05-16T04:21:03.669+0000][8924][safepoint    ] Safepoint "Cleanup", Time since last: 1000523131 ns, Reaching safepoint: 60289 ns, At safepoint: 1855 ns, Total: 62144 ns
[2020-05-16T04:21:04.669+0000][8924][safepoint    ] Safepoint "Cleanup", Time since last: 1000217508 ns, Reaching safepoint: 177623 ns, At safepoint: 7884 ns, Total: 185507 ns
[2020-05-16T04:21:05.669+0000][8924][safepoint    ] Safepoint "Cleanup", Time since last: 1000122434 ns, Reaching safepoint: 89044 ns, At safepoint: 2319 ns, Total: 91363 ns
[2020-05-16T04:21:06.670+0000][8924][safepoint    ] Safepoint "Cleanup", Time since last: 1000414608 ns, Reaching safepoint: 73739 ns, At safepoint: 3247 ns, Total: 76986 ns
[2020-05-16T04:21:07.670+0000][8924][safepoint    ] Safepoint "Cleanup", Time since last: 1000400231 ns, Reaching safepoint: 89044 ns, At safepoint: 1855 ns, Total: 90899 ns
[2020-05-16T04:21:08.671+0000][8924][safepoint    ] Safepoint "Cleanup", Time since last: 1000346898 ns, Reaching safepoint: 69102 ns, At safepoint: 3246 ns, Total: 72348 ns
[2020-05-16T04:21:09.671+0000][8924][safepoint    ] Safepoint "Cleanup", Time since last: 1000673855 ns, Reaching safepoint: 86724 ns, At safepoint: 2783 ns, Total: 89507 ns
[2020-05-16T04:21:10.672+0000][8924][safepoint    ] Safepoint "Cleanup", Time since last: 1000790724 ns, Reaching safepoint: 115479 ns, At safepoint: 2782 ns, Total: 118261 ns
[2020-05-16T04:21:11.672+0000][8924][safepoint    ] Safepoint "Cleanup", Time since last: 1000068638 ns, Reaching safepoint: 79304 ns, At safepoint: 3710 ns, Total: 83014 ns
[2020-05-16T04:21:12.673+0000][8924][safepoint    ] Safepoint "Cleanup", Time since last: 1000537971 ns, Reaching safepoint: 108058 ns, At safepoint: 5101 ns, Total: 113159 ns
[2020-05-16T04:21:13.673+0000][8924][safepoint    ] Safepoint "Cleanup", Time since last: 1000073276 ns, Reaching safepoint: 117797 ns, At safepoint: 1855 ns, Total: 119652 ns
[2020-05-16T04:21:14.674+0000][8924][safepoint    ] Safepoint "Cleanup", Time since last: 1000620985 ns, Reaching safepoint: 65391 ns, At safepoint: 3710 ns, Total: 69101 ns
[2020-05-16T04:21:15.674+0000][8924][safepoint    ] Safepoint "Cleanup", Time since last: 1000049624 ns, Reaching safepoint: 92753 ns, At safepoint: 4638 ns, Total: 97391 ns
[2020-05-16T04:21:16.675+0000][8924][safepoint    ] Safepoint "Cleanup", Time since last: 1000516637 ns, Reaching safepoint: 60754 ns, At safepoint: 2319 ns, Total: 63073 ns
[2020-05-16T04:21:17.675+0000][8924][safepoint    ] Safepoint "Cleanup", Time since last: 1000079768 ns, Reaching safepoint: 69101 ns, At safepoint: 3247 ns, Total: 72348 ns
[2020-05-16T04:21:18.675+0000][8924][safepoint    ] Safepoint "Cleanup", Time since last: 1000097855 ns, Reaching safepoint: 71420 ns, At safepoint: 5101 ns, Total: 76521 ns
[2020-05-16T04:21:19.675+0000][8924][safepoint    ] Safepoint "Cleanup", Time since last: 1000235131 ns, Reaching safepoint: 78840 ns, At safepoint: 5565 ns, Total: 84405 ns
[2020-05-16T04:21:20.676+0000][8924][safepoint    ] Safepoint "Cleanup", Time since last: 1000093682 ns, Reaching safepoint: 69565 ns, At safepoint: 16695 ns, Total: 86260 ns
[2020-05-16T04:21:21.676+0000][8924][safepoint    ] Safepoint "Cleanup", Time since last: 1000378435 ns, Reaching safepoint: 71884 ns, At safepoint: 3246 ns, Total: 75130 ns
[2020-05-16T04:21:22.676+0000][8924][safepoint    ] Safepoint "Cleanup", Time since last: 1000408580 ns, Reaching safepoint: 65855 ns, At safepoint: 2783 ns, Total: 68638 ns
[2020-05-16T04:21:23.677+0000][8924][safepoint    ] Safepoint "Cleanup", Time since last: 1000560231 ns, Reaching safepoint: 75131 ns, At safepoint: 1855 ns, Total: 76986 ns
[2020-05-16T04:21:24.677+0000][8924][safepoint    ] Safepoint "Cleanup", Time since last: 1000006492 ns, Reaching safepoint: 96000 ns, At safepoint: 4174 ns, Total: 100174 ns
[2020-05-16T04:21:25.678+0000][8924][safepoint    ] Safepoint "Cleanup", Time since last: 1000601044 ns, Reaching safepoint: 105275 ns, At safepoint: 3246 ns, Total: 108521 ns
[2020-05-16T04:21:26.678+0000][8924][safepoint    ] Safepoint "Cleanup", Time since last: 1000011594 ns, Reaching safepoint: 71884 ns, At safepoint: 3247 ns, Total: 75131 ns
[2020-05-16T04:21:27.678+0000][8924][safepoint    ] Safepoint "Cleanup", Time since last: 1000028290 ns, Reaching safepoint: 68174 ns, At safepoint: 3246 ns, Total: 71420 ns
[2020-05-16T04:21:28.678+0000][8924][safepoint    ] Safepoint "Cleanup", Time since last: 1000026435 ns, Reaching safepoint: 96463 ns, At safepoint: 5102 ns, Total: 101565 ns
[2020-05-16T04:21:30.679+0000][8924][safepoint    ] Safepoint "Cleanup", Time since last: 2000448463 ns, Reaching safepoint: 86261 ns, At safepoint: 3710 ns, Total: 89971 ns
[2020-05-16T04:21:31.679+0000][8924][safepoint    ] Safepoint "Cleanup", Time since last: 1000184580 ns, Reaching safepoint: 76985 ns, At safepoint: 2783 ns, Total: 79768 ns
[2020-05-16T04:21:32.679+0000][8924][safepoint    ] Safepoint "Cleanup", Time since last: 1000027362 ns, Reaching safepoint: 69102 ns, At safepoint: 4637 ns, Total: 73739 ns
[2020-05-16T04:21:33.679+0000][8924][safepoint    ] Safepoint "Cleanup", Time since last: 1000011131 ns, Reaching safepoint: 91826 ns, At safepoint: 1855 ns, Total: 93681 ns
[2020-05-16T04:21:34.680+0000][8924][safepoint    ] Safepoint "Cleanup", Time since last: 1000750840 ns, Reaching safepoint: 69102 ns, At safepoint: 3246 ns, Total: 72348 ns
[2020-05-16T04:21:36.681+0000][8924][safepoint    ] Safepoint "Cleanup", Time since last: 2000441507 ns, Reaching safepoint: 77449 ns, At safepoint: 3710 ns, Total: 81159 ns
[2020-05-16T04:21:37.681+0000][8924][safepoint    ] Safepoint "Cleanup", Time since last: 1000283826 ns, Reaching safepoint: 69566 ns, At safepoint: 1855 ns, Total: 71421 ns
[2020-05-16T04:21:38.682+0000][8924][safepoint    ] Safepoint "Cleanup", Time since last: 1000748985 ns, Reaching safepoint: 130319 ns, At safepoint: 3710 ns, Total: 134029 ns
[2020-05-16T04:21:39.682+0000][8924][safepoint    ] Safepoint "Cleanup", Time since last: 1000116869 ns, Reaching safepoint: 83015 ns, At safepoint: 2319 ns, Total: 85334 ns
[2020-05-16T04:21:40.682+0000][8924][safepoint    ] Safepoint "Cleanup", Time since last: 1000063072 ns, Reaching safepoint: 55652 ns, At safepoint: 2319 ns, Total: 57971 ns
[2020-05-16T04:21:41.683+0000][8924][safepoint    ] Safepoint "Cleanup", Time since last: 1000406724 ns, Reaching safepoint: 69102 ns, At safepoint: 2782 ns, Total: 71884 ns
[2020-05-16T04:21:42.684+0000][8924][safepoint    ] Safepoint "Cleanup", Time since last: 1000830145 ns, Reaching safepoint: 56580 ns, At safepoint: 2782 ns, Total: 59362 ns
[2020-05-16T04:21:43.684+0000][8924][safepoint    ] Safepoint "Cleanup", Time since last: 1000473507 ns, Reaching safepoint: 64000 ns, At safepoint: 3247 ns, Total: 67247 ns
[2020-05-16T04:21:44.756+0000][8924][safepoint    ] Safepoint "Cleanup", Time since last: 1071907676 ns, Reaching safepoint: 72812 ns, At safepoint: 1855 ns, Total: 74667 ns
[2020-05-16T04:21:45.756+0000][8924][safepoint    ] Safepoint "Cleanup", Time since last: 1000057507 ns, Reaching safepoint: 81623 ns, At safepoint: 1856 ns, Total: 83479 ns
[2020-05-16T04:21:46.757+0000][8924][safepoint    ] Safepoint "Cleanup", Time since last: 1000868173 ns, Reaching safepoint: 54261 ns, At safepoint: 1855 ns, Total: 56116 ns
[2020-05-16T04:21:47.758+0000][8924][safepoint    ] Safepoint "Cleanup", Time since last: 1000634434 ns, Reaching safepoint: 59827 ns, At safepoint: 2782 ns, Total: 62609 ns
[2020-05-16T04:21:48.758+0000][8924][safepoint    ] Safepoint "Cleanup", Time since last: 1000431304 ns, Reaching safepoint: 77450 ns, At safepoint: 2782 ns, Total: 80232 ns
[2020-05-16T04:21:50.758+0000][8924][safepoint    ] Safepoint "Cleanup", Time since last: 2000042667 ns, Reaching safepoint: 80232 ns, At safepoint: 2318 ns, Total: 82550 ns
[2020-05-16T04:21:51.759+0000][8924][safepoint    ] Safepoint "Cleanup", Time since last: 1000535652 ns, Reaching safepoint: 96464 ns, At safepoint: 3246 ns, Total: 99710 ns
[2020-05-16T04:21:52.759+0000][8924][safepoint    ] Safepoint "Cleanup", Time since last: 1000010667 ns, Reaching safepoint: 69102 ns, At safepoint: 1855 ns, Total: 70957 ns
[2020-05-16T04:21:53.759+0000][8924][safepoint    ] Safepoint "Cleanup", Time since last: 1000170202 ns, Reaching safepoint: 91363 ns, At safepoint: 3246 ns, Total: 94609 ns
[2020-05-16T04:21:54.760+0000][8924][safepoint    ] Safepoint "Cleanup", Time since last: 1000832000 ns, Reaching safepoint: 74203 ns, At safepoint: 4173 ns, Total: 78376 ns
[2020-05-16T04:21:55.761+0000][8924][safepoint    ] Safepoint "Cleanup", Time since last: 1000812986 ns, Reaching safepoint: 89043 ns, At safepoint: 3246 ns, Total: 92289 ns
[2020-05-16T04:21:56.762+0000][8924][safepoint    ] Safepoint "Cleanup", Time since last: 1000595015 ns, Reaching safepoint: 94608 ns, At safepoint: 1855 ns, Total: 96463 ns
[2020-05-16T04:21:57.762+0000][8924][safepoint    ] Safepoint "Cleanup", Time since last: 1000106203 ns, Reaching safepoint: 92290 ns, At safepoint: 4174 ns, Total: 96464 ns
[2020-05-16T04:21:58.762+0000][8924][safepoint    ] Safepoint "Cleanup", Time since last: 1000175304 ns, Reaching safepoint: 84406 ns, At safepoint: 2783 ns, Total: 87189 ns
[2020-05-16T04:22:00.763+0000][8924][safepoint    ] Safepoint "Cleanup", Time since last: 2000904811 ns, Reaching safepoint: 88579 ns, At safepoint: 2783 ns, Total: 91362 ns
[2020-05-16T04:22:01.764+0000][8924][safepoint    ] Safepoint "Cleanup", Time since last: 1000822724 ns, Reaching safepoint: 70029 ns, At safepoint: 2783 ns, Total: 72812 ns
[2020-05-16T04:22:02.765+0000][8924][safepoint    ] Safepoint "Cleanup", Time since last: 1000595478 ns, Reaching safepoint: 62145 ns, At safepoint: 2319 ns, Total: 64464 ns
[2020-05-16T04:22:03.766+0000][8924][safepoint    ] Safepoint "Cleanup", Time since last: 1000756869 ns, Reaching safepoint: 76058 ns, At safepoint: 2782 ns, Total: 78840 ns
[2020-05-16T04:22:04.767+0000][8924][safepoint    ] Safepoint "Cleanup", Time since last: 1000728580 ns, Reaching safepoint: 76521 ns, At safepoint: 5102 ns, Total: 81623 ns
[2020-05-16T04:22:05.767+0000][8924][safepoint    ] Safepoint "Cleanup", Time since last: 1000151188 ns, Reaching safepoint: 68638 ns, At safepoint: 3246 ns, Total: 71884 ns
[2020-05-16T04:22:06.768+0000][8924][safepoint    ] Safepoint "Cleanup", Time since last: 1000801855 ns, Reaching safepoint: 99246 ns, At safepoint: 1855 ns, Total: 101101 ns
[2020-05-16T04:22:07.768+0000][8924][safepoint    ] Safepoint "Cleanup", Time since last: 1000300986 ns, Reaching safepoint: 73739 ns, At safepoint: 4174 ns, Total: 77913 ns
[2020-05-16T04:22:09.769+0000][8924][safepoint    ] Safepoint "Cleanup", Time since last: 2000918260 ns, Reaching safepoint: 68174 ns, At safepoint: 2783 ns, Total: 70957 ns
[2020-05-16T04:22:10.769+0000][8924][safepoint    ] Safepoint "Cleanup", Time since last: 1000038029 ns, Reaching safepoint: 81159 ns, At safepoint: 6029 ns, Total: 87188 ns
[2020-05-16T04:22:12.770+0000][8924][safepoint    ] Safepoint "Cleanup", Time since last: 2000856579 ns, Reaching safepoint: 87189 ns, At safepoint: 4174 ns, Total: 91363 ns
[2020-05-16T04:22:13.771+0000][8924][safepoint    ] Safepoint "Cleanup", Time since last: 1000778202 ns, Reaching safepoint: 90435 ns, At safepoint: 6493 ns, Total: 96928 ns
[2020-05-16T04:22:14.772+0000][8924][safepoint    ] Safepoint "Cleanup", Time since last: 1000504579 ns, Reaching safepoint: 71420 ns, At safepoint: 3247 ns, Total: 74667 ns
[2020-05-16T04:22:16.772+0000][8924][safepoint    ] Safepoint "Cleanup", Time since last: 2000113623 ns, Reaching safepoint: 85333 ns, At safepoint: 3246 ns, Total: 88579 ns
[2020-05-16T04:22:17.772+0000][8924][safepoint    ] Safepoint "Cleanup", Time since last: 1000235131 ns, Reaching safepoint: 87652 ns, At safepoint: 4174 ns, Total: 91826 ns
[2020-05-16T04:22:18.773+0000][8924][safepoint    ] Safepoint "Cleanup", Time since last: 1000403942 ns, Reaching safepoint: 71884 ns, At safepoint: 3246 ns, Total: 75130 ns
[2020-05-16T04:22:19.773+0000][8924][safepoint    ] Safepoint "Cleanup", Time since last: 1000078841 ns, Reaching safepoint: 87188 ns, At safepoint: 4638 ns, Total: 91826 ns
[2020-05-16T04:22:20.773+0000][8924][safepoint    ] Safepoint "Cleanup", Time since last: 1000369623 ns, Reaching safepoint: 68174 ns, At safepoint: 1391 ns, Total: 69565 ns
[2020-05-16T04:22:21.774+0000][8924][safepoint    ] Safepoint "Cleanup", Time since last: 1000859362 ns, Reaching safepoint: 115942 ns, At safepoint: 3710 ns, Total: 119652 ns
[2020-05-16T04:22:22.775+0000][8924][safepoint    ] Safepoint "Cleanup", Time since last: 1000397449 ns, Reaching safepoint: 54725 ns, At safepoint: 2318 ns, Total: 57043 ns
[2020-05-16T04:22:23.775+0000][8924][safepoint    ] Safepoint "Cleanup", Time since last: 1000327421 ns, Reaching safepoint: 76521 ns, At safepoint: 4638 ns, Total: 81159 ns
[2020-05-16T04:22:24.776+0000][8924][safepoint    ] Safepoint "Cleanup", Time since last: 1000698434 ns, Reaching safepoint: 98319 ns, At safepoint: 4638 ns, Total: 102957 ns
[2020-05-16T04:22:25.776+0000][8924][safepoint    ] Safepoint "Cleanup", Time since last: 1000375652 ns, Reaching safepoint: 69101 ns, At safepoint: 3247 ns, Total: 72348 ns
[2020-05-16T04:22:26.777+0000][8924][safepoint    ] Safepoint "Cleanup", Time since last: 1000646028 ns, Reaching safepoint: 72812 ns, At safepoint: 2783 ns, Total: 75595 ns
[2020-05-16T04:22:27.777+0000][8924][safepoint    ] Safepoint "Cleanup", Time since last: 1000019478 ns, Reaching safepoint: 94608 ns, At safepoint: 2319 ns, Total: 96927 ns
[2020-05-16T04:22:28.777+0000][8924][safepoint    ] Safepoint "Cleanup", Time since last: 1000201276 ns, Reaching safepoint: 70029 ns, At safepoint: 3246 ns, Total: 73275 ns
[2020-05-16T04:22:29.778+0000][8924][safepoint    ] Safepoint "Cleanup", Time since last: 1000042203 ns, Reaching safepoint: 74203 ns, At safepoint: 2318 ns, Total: 76521 ns
[2020-05-16T04:22:30.779+0000][8924][safepoint    ] Safepoint "Cleanup", Time since last: 1000833391 ns, Reaching safepoint: 80232 ns, At safepoint: 4174 ns, Total: 84406 ns
[2020-05-16T04:22:31.779+0000][8924][safepoint    ] Safepoint "Cleanup", Time since last: 1000414145 ns, Reaching safepoint: 81159 ns, At safepoint: 2783 ns, Total: 83942 ns
[2020-05-16T04:22:32.780+0000][8924][safepoint    ] Safepoint "Cleanup", Time since last: 1000557913 ns, Reaching safepoint: 61681 ns, At safepoint: 2319 ns, Total: 64000 ns
[2020-05-16T04:22:33.780+0000][8924][safepoint    ] Safepoint "Cleanup", Time since last: 1000272695 ns, Reaching safepoint: 72812 ns, At safepoint: 4174 ns, Total: 76986 ns
[2020-05-16T04:22:34.781+0000][8924][safepoint    ] Safepoint "Cleanup", Time since last: 1000683130 ns, Reaching safepoint: 130782 ns, At safepoint: 19015 ns, Total: 149797 ns
[2020-05-16T04:22:35.782+0000][8924][safepoint    ] Safepoint "Cleanup", Time since last: 1000851478 ns, Reaching safepoint: 82087 ns, At safepoint: 3246 ns, Total: 85333 ns
[2020-05-16T04:22:36.782+0000][8924][safepoint    ] Safepoint "Cleanup", Time since last: 1000636753 ns, Reaching safepoint: 136348 ns, At safepoint: 3710 ns, Total: 140058 ns
[2020-05-16T04:22:37.783+0000][8924][safepoint    ] Safepoint "Cleanup", Time since last: 1000833391 ns, Reaching safepoint: 70957 ns, At safepoint: 4174 ns, Total: 75131 ns
[2020-05-16T04:22:38.784+0000][8924][safepoint    ] Safepoint "Cleanup", Time since last: 1000644637 ns, Reaching safepoint: 124290 ns, At safepoint: 3710 ns, Total: 128000 ns
[2020-05-16T04:22:40.784+0000][8924][safepoint    ] Safepoint "Cleanup", Time since last: 2000070493 ns, Reaching safepoint: 71420 ns, At safepoint: 3246 ns, Total: 74666 ns
[2020-05-16T04:22:41.785+0000][8924][safepoint    ] Safepoint "Cleanup", Time since last: 1000511536 ns, Reaching safepoint: 77449 ns, At safepoint: 3247 ns, Total: 80696 ns
[2020-05-16T04:22:42.786+0000][8924][safepoint    ] Safepoint "Cleanup", Time since last: 1000900173 ns, Reaching safepoint: 85797 ns, At safepoint: 3710 ns, Total: 89507 ns
[2020-05-16T04:22:43.786+0000][8924][safepoint    ] Safepoint "Cleanup", Time since last: 1000209624 ns, Reaching safepoint: 69565 ns, At safepoint: 3246 ns, Total: 72811 ns
[2020-05-16T04:22:44.786+0000][8924][safepoint    ] Safepoint "Cleanup", Time since last: 1000119189 ns, Reaching safepoint: 70492 ns, At safepoint: 2783 ns, Total: 73275 ns
[2020-05-16T04:22:45.787+0000][8924][safepoint    ] Safepoint "Cleanup", Time since last: 1000158608 ns, Reaching safepoint: 73276 ns, At safepoint: 2782 ns, Total: 76058 ns
[2020-05-16T04:22:46.788+0000][8924][safepoint    ] Safepoint "Cleanup", Time since last: 1000812522 ns, Reaching safepoint: 69565 ns, At safepoint: 1855 ns, Total: 71420 ns
[2020-05-16T04:22:47.788+0000][8924][safepoint    ] Safepoint "Cleanup", Time since last: 1000565797 ns, Reaching safepoint: 84406 ns, At safepoint: 2782 ns, Total: 87188 ns
[2020-05-16T04:22:48.788+0000][8924][safepoint    ] Safepoint "Cleanup", Time since last: 1000118261 ns, Reaching safepoint: 98783 ns, At safepoint: 3246 ns, Total: 102029 ns
[2020-05-16T04:22:49.789+0000][8924][safepoint    ] Safepoint "Cleanup", Time since last: 1000516637 ns, Reaching safepoint: 65855 ns, At safepoint: 3247 ns, Total: 69102 ns
[2020-05-16T04:22:50.790+0000][8924][safepoint    ] Safepoint "Cleanup", Time since last: 1000918260 ns, Reaching safepoint: 84406 ns, At safepoint: 3710 ns, Total: 88116 ns
[2020-05-16T04:22:52.791+0000][8924][safepoint    ] Safepoint "Cleanup", Time since last: 2000915014 ns, Reaching safepoint: 156754 ns, At safepoint: 3710 ns, Total: 160464 ns
[2020-05-16T04:22:53.792+0000][8924][safepoint    ] Safepoint "Cleanup", Time since last: 1000611710 ns, Reaching safepoint: 89971 ns, At safepoint: 4637 ns, Total: 94608 ns
[2020-05-16T04:22:54.793+0000][8924][safepoint    ] Safepoint "Cleanup", Time since last: 1000914551 ns, Reaching safepoint: 83478 ns, At safepoint: 4174 ns, Total: 87652 ns
[2020-05-16T04:22:55.793+0000][8924][safepoint    ] Safepoint "Cleanup", Time since last: 1000463304 ns, Reaching safepoint: 76058 ns, At safepoint: 3246 ns, Total: 79304 ns
[2020-05-16T04:22:57.794+0000][8924][safepoint    ] Safepoint "Cleanup", Time since last: 2000872812 ns, Reaching safepoint: 90434 ns, At safepoint: 17160 ns, Total: 107594 ns
[2020-05-16T04:22:58.795+0000][8924][safepoint    ] Safepoint "Cleanup", Time since last: 1000909912 ns, Reaching safepoint: 85334 ns, At safepoint: 1855 ns, Total: 87189 ns
[2020-05-16T04:22:59.796+0000][8924][safepoint    ] Safepoint "Cleanup", Time since last: 1000848231 ns, Reaching safepoint: 75594 ns, At safepoint: 2783 ns, Total: 78377 ns
[2020-05-16T04:23:00.797+0000][8924][safepoint    ] Safepoint "Cleanup", Time since last: 1000262956 ns, Reaching safepoint: 108058 ns, At safepoint: 2319 ns, Total: 110377 ns
[2020-05-16T04:23:01.797+0000][8924][safepoint    ] Safepoint "Cleanup", Time since last: 1000173913 ns, Reaching safepoint: 101101 ns, At safepoint: 4174 ns, Total: 105275 ns
[2020-05-16T04:23:02.797+0000][8924][safepoint    ] Safepoint "Cleanup", Time since last: 1000285218 ns, Reaching safepoint: 75130 ns, At safepoint: 3710 ns, Total: 78840 ns
[2020-05-16T04:23:03.798+0000][8924][safepoint    ] Safepoint "Cleanup", Time since last: 1000498087 ns, Reaching safepoint: 89507 ns, At safepoint: 4174 ns, Total: 93681 ns
[2020-05-16T04:23:05.798+0000][8924][safepoint    ] Safepoint "Cleanup", Time since last: 2000514782 ns, Reaching safepoint: 87189 ns, At safepoint: 1855 ns, Total: 89044 ns
[2020-05-16T04:23:06.799+0000][8924][safepoint    ] Safepoint "Cleanup", Time since last: 1000328347 ns, Reaching safepoint: 135884 ns, At safepoint: 3711 ns, Total: 139595 ns
[2020-05-16T04:23:08.799+0000][8924][safepoint    ] Safepoint "Cleanup", Time since last: 2000123826 ns, Reaching safepoint: 93217 ns, At safepoint: 5565 ns, Total: 98782 ns
[2020-05-16T04:23:09.799+0000][8924][safepoint    ] Safepoint "Cleanup", Time since last: 1000227710 ns, Reaching safepoint: 96464 ns, At safepoint: 3246 ns, Total: 99710 ns
[2020-05-16T04:23:09.872+0000][8924][gc,start     ] GC(13) Pause Young (Normal) (G1 Evacuation Pause)
[2020-05-16T04:23:09.872+0000][8924][gc,task      ] GC(13) Using 4 workers of 4 for evacuation
[2020-05-16T04:23:09.872+0000][8924][gc,age       ] GC(13) Desired survivor size 40370176 bytes, new threshold 15 (max threshold 15)
[2020-05-16T04:23:09.887+0000][8924][gc,age       ] GC(13) Age table with threshold 15 (max threshold 15)
[2020-05-16T04:23:09.887+0000][8924][gc,age       ] GC(13) - age   1:      25808 bytes,      25808 total
[2020-05-16T04:23:09.887+0000][8924][gc,age       ] GC(13) - age   2:     815976 bytes,     841784 total
[2020-05-16T04:23:09.887+0000][8924][gc,age       ] GC(13) - age   3:    7426720 bytes,    8268504 total
[2020-05-16T04:23:09.887+0000][8924][gc,age       ] GC(13) - age   4:    9574072 bytes,   17842576 total
[2020-05-16T04:23:09.888+0000][8924][gc,phases    ] GC(13)   Pre Evacuate Collection Set: 0.2ms
[2020-05-16T04:23:09.888+0000][8924][gc,phases    ] GC(13)   Merge Heap Roots: 0.1ms
[2020-05-16T04:23:09.888+0000][8924][gc,phases    ] GC(13)   Evacuate Collection Set: 12.9ms
[2020-05-16T04:23:09.888+0000][8924][gc,phases    ] GC(13)   Post Evacuate Collection Set: 1.8ms
[2020-05-16T04:23:09.888+0000][8924][gc,phases    ] GC(13)   Other: 0.4ms
[2020-05-16T04:23:09.888+0000][8924][gc,heap      ] GC(13) Eden regions: 595->0(595)
[2020-05-16T04:23:09.888+0000][8924][gc,heap      ] GC(13) Survivor regions: 19->19(77)
[2020-05-16T04:23:09.888+0000][8924][gc,heap      ] GC(13) Old regions: 44->44
[2020-05-16T04:23:09.888+0000][8924][gc,heap      ] GC(13) Archive regions: 0->0
[2020-05-16T04:23:09.888+0000][8924][gc,heap      ] GC(13) Humongous regions: 1->1
[2020-05-16T04:23:09.888+0000][8924][gc,metaspace ] GC(13) Metaspace: 79509K(86112K)->79509K(86112K) NonClass: 68644K(72620K)->68644K(72620K) Class: 10864K(13492K)->10864K(13492K)
[2020-05-16T04:23:09.888+0000][8924][gc           ] GC(13) Pause Young (Normal) (G1 Evacuation Pause) 658M->63M(1024M) 15.450ms
[2020-05-16T04:23:09.888+0000][8924][gc,cpu       ] GC(13) User=0.06s Sys=0.00s Real=0.02s
[2020-05-16T04:23:09.888+0000][8924][safepoint    ] Safepoint "G1CollectForAllocation", Time since last: 73249821 ns, Reaching safepoint: 81160 ns, At safepoint: 15541790 ns, Total: 15622950 ns
[2020-05-16T04:23:11.889+0000][8924][safepoint    ] Safepoint "Cleanup", Time since last: 2000745275 ns, Reaching safepoint: 89507 ns, At safepoint: 2319 ns, Total: 91826 ns
[2020-05-16T04:23:12.890+0000][8924][safepoint    ] Safepoint "Cleanup", Time since last: 1000492058 ns, Reaching safepoint: 106666 ns, At safepoint: 2319 ns, Total: 108985 ns
[2020-05-16T04:23:14.890+0000][8924][safepoint    ] Safepoint "Cleanup", Time since last: 2000117797 ns, Reaching safepoint: 81159 ns, At safepoint: 2783 ns, Total: 83942 ns
[2020-05-16T04:23:16.890+0000][8924][safepoint    ] Safepoint "Cleanup", Time since last: 1999913275 ns, Reaching safepoint: 91363 ns, At safepoint: 3710 ns, Total: 95073 ns
[2020-05-16T04:23:17.890+0000][8924][safepoint    ] Safepoint "Cleanup", Time since last: 1000098782 ns, Reaching safepoint: 77913 ns, At safepoint: 2783 ns, Total: 80696 ns
[2020-05-16T04:23:18.891+0000][8924][safepoint    ] Safepoint "Cleanup", Time since last: 1000463304 ns, Reaching safepoint: 68638 ns, At safepoint: 4637 ns, Total: 73275 ns
[2020-05-16T04:23:19.891+0000][8924][safepoint    ] Safepoint "Cleanup", Time since last: 1000353392 ns, Reaching safepoint: 105739 ns, At safepoint: 3246 ns, Total: 108985 ns
[2020-05-16T04:23:21.892+0000][8924][safepoint    ] Safepoint "Cleanup", Time since last: 2000824579 ns, Reaching safepoint: 86261 ns, At safepoint: 1855 ns, Total: 88116 ns
[2020-05-16T04:23:22.893+0000][8924][safepoint    ] Safepoint "Cleanup", Time since last: 1000559768 ns, Reaching safepoint: 77449 ns, At safepoint: 2783 ns, Total: 80232 ns
[2020-05-16T04:23:23.894+0000][8924][safepoint    ] Safepoint "Cleanup", Time since last: 1000943768 ns, Reaching safepoint: 102029 ns, At safepoint: 1855 ns, Total: 103884 ns
[2020-05-16T04:23:24.895+0000][8924][safepoint    ] Safepoint "Cleanup", Time since last: 1000778202 ns, Reaching safepoint: 87652 ns, At safepoint: 3711 ns, Total: 91363 ns
[2020-05-16T04:23:25.895+0000][8924][safepoint    ] Safepoint "Cleanup", Time since last: 1000485565 ns, Reaching safepoint: 79304 ns, At safepoint: 4174 ns, Total: 83478 ns
[2020-05-16T04:23:26.896+0000][8924][safepoint    ] Safepoint "Cleanup", Time since last: 1000812985 ns, Reaching safepoint: 94145 ns, At safepoint: 3246 ns, Total: 97391 ns
[2020-05-16T04:23:27.897+0000][8924][safepoint    ] Safepoint "Cleanup", Time since last: 1000635362 ns, Reaching safepoint: 140058 ns, At safepoint: 3710 ns, Total: 143768 ns
[2020-05-16T04:23:29.248+0000][8924][safepoint    ] Safepoint "Cleanup", Time since last: 1351255489 ns, Reaching safepoint: 70957 ns, At safepoint: 3246 ns, Total: 74203 ns
[2020-05-16T04:23:30.248+0000][8924][safepoint    ] Safepoint "Cleanup", Time since last: 1000086261 ns, Reaching safepoint: 100638 ns, At safepoint: 3710 ns, Total: 104348 ns
[2020-05-16T04:23:32.249+0000][8924][safepoint    ] Safepoint "Cleanup", Time since last: 2000850550 ns, Reaching safepoint: 105276 ns, At safepoint: 1855 ns, Total: 107131 ns
[2020-05-16T04:23:34.250+0000][8924][safepoint    ] Safepoint "Cleanup", Time since last: 2000257855 ns, Reaching safepoint: 62145 ns, At safepoint: 3246 ns, Total: 65391 ns
[2020-05-16T04:23:36.250+0000][8924][safepoint    ] Safepoint "Cleanup", Time since last: 2000340869 ns, Reaching safepoint: 76986 ns, At safepoint: 4637 ns, Total: 81623 ns
[2020-05-16T04:23:37.251+0000][8924][safepoint    ] Safepoint "Cleanup", Time since last: 1000676174 ns, Reaching safepoint: 73275 ns, At safepoint: 5102 ns, Total: 78377 ns
[2020-05-16T04:23:38.251+0000][8924][safepoint    ] Safepoint "Cleanup", Time since last: 1000412289 ns, Reaching safepoint: 91827 ns, At safepoint: 2782 ns, Total: 94609 ns
[2020-05-16T04:23:39.252+0000][8924][safepoint    ] Safepoint "Cleanup", Time since last: 1000799536 ns, Reaching safepoint: 78841 ns, At safepoint: 3246 ns, Total: 82087 ns
[2020-05-16T04:23:41.253+0000][8924][safepoint    ] Safepoint "Cleanup", Time since last: 2000647884 ns, Reaching safepoint: 122898 ns, At safepoint: 4174 ns, Total: 127072 ns
[2020-05-16T04:23:42.253+0000][8924][safepoint    ] Safepoint "Cleanup", Time since last: 1000102493 ns, Reaching safepoint: 70956 ns, At safepoint: 3247 ns, Total: 74203 ns
[2020-05-16T04:23:43.254+0000][8924][safepoint    ] Safepoint "Cleanup", Time since last: 1000890434 ns, Reaching safepoint: 88580 ns, At safepoint: 3246 ns, Total: 91826 ns
[2020-05-16T04:23:44.255+0000][8924][safepoint    ] Safepoint "Cleanup", Time since last: 1000679420 ns, Reaching safepoint: 71884 ns, At safepoint: 3246 ns, Total: 75130 ns
[2020-05-16T04:23:45.256+0000][8924][safepoint    ] Safepoint "Cleanup", Time since last: 1000586667 ns, Reaching safepoint: 74666 ns, At safepoint: 3247 ns, Total: 77913 ns
[2020-05-16T04:23:47.256+0000][8924][safepoint    ] Safepoint "Cleanup", Time since last: 2000751304 ns, Reaching safepoint: 125681 ns, At safepoint: 16696 ns, Total: 142377 ns
[2020-05-16T04:23:48.257+0000][8924][safepoint    ] Safepoint "Cleanup", Time since last: 1000027362 ns, Reaching safepoint: 102493 ns, At safepoint: 16695 ns, Total: 119188 ns
[2020-05-16T04:23:50.257+0000][8924][safepoint    ] Safepoint "Cleanup", Time since last: 2000283362 ns, Reaching safepoint: 91363 ns, At safepoint: 1855 ns, Total: 93218 ns
[2020-05-16T04:23:51.257+0000][8924][safepoint    ] Safepoint "Cleanup", Time since last: 1000137739 ns, Reaching safepoint: 79768 ns, At safepoint: 3246 ns, Total: 83014 ns
[2020-05-16T04:23:52.258+0000][8924][safepoint    ] Safepoint "Cleanup", Time since last: 1000240232 ns, Reaching safepoint: 119188 ns, At safepoint: 3711 ns, Total: 122899 ns
[2020-05-16T04:23:53.258+0000][8924][safepoint    ] Safepoint "Cleanup", Time since last: 1000653912 ns, Reaching safepoint: 65855 ns, At safepoint: 3247 ns, Total: 69102 ns
[2020-05-16T04:23:54.259+0000][8924][safepoint    ] Safepoint "Cleanup", Time since last: 1000822260 ns, Reaching safepoint: 122899 ns, At safepoint: 4174 ns, Total: 127073 ns
[2020-05-16T04:23:55.260+0000][8924][safepoint    ] Safepoint "Cleanup", Time since last: 1000706782 ns, Reaching safepoint: 79768 ns, At safepoint: 1855 ns, Total: 81623 ns
[2020-05-16T04:23:56.261+0000][8924][safepoint    ] Safepoint "Cleanup", Time since last: 1000784695 ns, Reaching safepoint: 84406 ns, At safepoint: 1855 ns, Total: 86261 ns
[2020-05-16T04:23:57.262+0000][8924][safepoint    ] Safepoint "Cleanup", Time since last: 1000670609 ns, Reaching safepoint: 85797 ns, At safepoint: 4173 ns, Total: 89970 ns
[2020-05-16T04:23:58.262+0000][8924][safepoint    ] Safepoint "Cleanup", Time since last: 1000169276 ns, Reaching safepoint: 84406 ns, At safepoint: 11594 ns, Total: 96000 ns
[2020-05-16T04:24:00.262+0000][8924][safepoint    ] Safepoint "Cleanup", Time since last: 2000332058 ns, Reaching safepoint: 51478 ns, At safepoint: 2319 ns, Total: 53797 ns
[2020-05-16T04:24:01.263+0000][8924][safepoint    ] Safepoint "Cleanup", Time since last: 1000470260 ns, Reaching safepoint: 67710 ns, At safepoint: 2783 ns, Total: 70493 ns
[2020-05-16T04:24:02.264+0000][8924][safepoint    ] Safepoint "Cleanup", Time since last: 1000825971 ns, Reaching safepoint: 82087 ns, At safepoint: 5565 ns, Total: 87652 ns
[2020-05-16T04:24:03.264+0000][8924][safepoint    ] Safepoint "Cleanup", Time since last: 1000218434 ns, Reaching safepoint: 92754 ns, At safepoint: 4174 ns, Total: 96928 ns
[2020-05-16T04:24:04.265+0000][8924][safepoint    ] Safepoint "Cleanup", Time since last: 1000843130 ns, Reaching safepoint: 91826 ns, At safepoint: 2319 ns, Total: 94145 ns
[2020-05-16T04:24:06.266+0000][8924][safepoint    ] Safepoint "Cleanup", Time since last: 2000472116 ns, Reaching safepoint: 69101 ns, At safepoint: 2783 ns, Total: 71884 ns
[2020-05-16T04:24:08.267+0000][8924][safepoint    ] Safepoint "Cleanup", Time since last: 2000925217 ns, Reaching safepoint: 86260 ns, At safepoint: 3711 ns, Total: 89971 ns
[2020-05-16T04:24:09.267+0000][8924][safepoint    ] Safepoint "Cleanup", Time since last: 1000127536 ns, Reaching safepoint: 98319 ns, At safepoint: 3246 ns, Total: 101565 ns
[2020-05-16T04:24:10.267+0000][8924][safepoint    ] Safepoint "Cleanup", Time since last: 1000102493 ns, Reaching safepoint: 87652 ns, At safepoint: 3246 ns, Total: 90898 ns
[2020-05-16T04:24:11.267+0000][8924][safepoint    ] Safepoint "Cleanup", Time since last: 1000091826 ns, Reaching safepoint: 115942 ns, At safepoint: 4638 ns, Total: 120580 ns
[2020-05-16T04:24:12.267+0000][8924][safepoint    ] Safepoint "Cleanup", Time since last: 1000062608 ns, Reaching safepoint: 65392 ns, At safepoint: 2782 ns, Total: 68174 ns
[2020-05-16T04:24:13.268+0000][8924][safepoint    ] Safepoint "Cleanup", Time since last: 1000736464 ns, Reaching safepoint: 95536 ns, At safepoint: 4638 ns, Total: 100174 ns
[2020-05-16T04:24:14.269+0000][8924][safepoint    ] Safepoint "Cleanup", Time since last: 1000627014 ns, Reaching safepoint: 91362 ns, At safepoint: 3247 ns, Total: 94609 ns
[2020-05-16T04:24:15.269+0000][8924][safepoint    ] Safepoint "Cleanup", Time since last: 1000006492 ns, Reaching safepoint: 87652 ns, At safepoint: 3247 ns, Total: 90899 ns
[2020-05-16T04:24:16.270+0000][8924][safepoint    ] Safepoint "Cleanup", Time since last: 1000393739 ns, Reaching safepoint: 86261 ns, At safepoint: 2318 ns, Total: 88579 ns
[2020-05-16T04:24:17.270+0000][8924][safepoint    ] Safepoint "Cleanup", Time since last: 1000357102 ns, Reaching safepoint: 150260 ns, At safepoint: 3711 ns, Total: 153971 ns
[2020-05-16T04:24:18.270+0000][8924][safepoint    ] Safepoint "Cleanup", Time since last: 1000374724 ns, Reaching safepoint: 76058 ns, At safepoint: 2319 ns, Total: 78377 ns
[2020-05-16T04:24:20.271+0000][8924][safepoint    ] Safepoint "Cleanup", Time since last: 2000284290 ns, Reaching safepoint: 75130 ns, At safepoint: 3246 ns, Total: 78376 ns
[2020-05-16T04:24:21.272+0000][8924][safepoint    ] Safepoint "Cleanup", Time since last: 1000679884 ns, Reaching safepoint: 102029 ns, At safepoint: 3710 ns, Total: 105739 ns
[2020-05-16T04:24:22.272+0000][8924][safepoint    ] Safepoint "Cleanup", Time since last: 1000531478 ns, Reaching safepoint: 84406 ns, At safepoint: 2783 ns, Total: 87189 ns
[2020-05-16T04:24:23.273+0000][8924][safepoint    ] Safepoint "Cleanup", Time since last: 1000257391 ns, Reaching safepoint: 72348 ns, At safepoint: 1855 ns, Total: 74203 ns
[2020-05-16T04:24:24.273+0000][8924][safepoint    ] Safepoint "Cleanup", Time since last: 1000276869 ns, Reaching safepoint: 53333 ns, At safepoint: 2319 ns, Total: 55652 ns
[2020-05-16T04:24:25.274+0000][8924][safepoint    ] Safepoint "Cleanup", Time since last: 1000882087 ns, Reaching safepoint: 82087 ns, At safepoint: 4174 ns, Total: 86261 ns
[2020-05-16T04:24:26.275+0000][8924][safepoint    ] Safepoint "Cleanup", Time since last: 1000807419 ns, Reaching safepoint: 103884 ns, At safepoint: 1856 ns, Total: 105740 ns
[2020-05-16T04:24:27.275+0000][8924][safepoint    ] Safepoint "Cleanup", Time since last: 1000230956 ns, Reaching safepoint: 51942 ns, At safepoint: 1855 ns, Total: 53797 ns
[2020-05-16T04:24:28.276+0000][8924][safepoint    ] Safepoint "Cleanup", Time since last: 1000860753 ns, Reaching safepoint: 76986 ns, At safepoint: 2782 ns, Total: 79768 ns
[2020-05-16T04:24:29.276+0000][8924][safepoint    ] Safepoint "Cleanup", Time since last: 1000085797 ns, Reaching safepoint: 71884 ns, At safepoint: 2319 ns, Total: 74203 ns
[2020-05-16T04:24:30.277+0000][8924][safepoint    ] Safepoint "Cleanup", Time since last: 1000512000 ns, Reaching safepoint: 81159 ns, At safepoint: 3247 ns, Total: 84406 ns
[2020-05-16T04:24:31.277+0000][8924][safepoint    ] Safepoint "Cleanup", Time since last: 1000535188 ns, Reaching safepoint: 110377 ns, At safepoint: 3710 ns, Total: 114087 ns
[2020-05-16T04:24:33.278+0000][8924][safepoint    ] Safepoint "Cleanup", Time since last: 2000122898 ns, Reaching safepoint: 81160 ns, At safepoint: 2782 ns, Total: 83942 ns
[2020-05-16T04:24:35.278+0000][8924][safepoint    ] Safepoint "Cleanup", Time since last: 1999965218 ns, Reaching safepoint: 89971 ns, At safepoint: 3710 ns, Total: 93681 ns
[2020-05-16T04:24:37.011+0000][8924][safepoint    ] Safepoint "Cleanup", Time since last: 1733730906 ns, Reaching safepoint: 99710 ns, At safepoint: 2783 ns, Total: 102493 ns
[2020-05-16T04:24:38.012+0000][8924][safepoint    ] Safepoint "Cleanup", Time since last: 1000237913 ns, Reaching safepoint: 88579 ns, At safepoint: 2319 ns, Total: 90898 ns
[2020-05-16T04:24:39.013+0000][8924][safepoint    ] Safepoint "Cleanup", Time since last: 1000605681 ns, Reaching safepoint: 94145 ns, At safepoint: 3710 ns, Total: 97855 ns
[2020-05-16T04:24:40.013+0000][8924][safepoint    ] Safepoint "Cleanup", Time since last: 1000525913 ns, Reaching safepoint: 80695 ns, At safepoint: 5102 ns, Total: 85797 ns
[2020-05-16T04:24:41.014+0000][8924][safepoint    ] Safepoint "Cleanup", Time since last: 1000542145 ns, Reaching safepoint: 57043 ns, At safepoint: 4174 ns, Total: 61217 ns
[2020-05-16T04:24:42.014+0000][8924][safepoint    ] Safepoint "Cleanup", Time since last: 1000437797 ns, Reaching safepoint: 96464 ns, At safepoint: 3246 ns, Total: 99710 ns
[2020-05-16T04:24:43.014+0000][8924][safepoint    ] Safepoint "Cleanup", Time since last: 1000004638 ns, Reaching safepoint: 84405 ns, At safepoint: 4174 ns, Total: 88579 ns
[2020-05-16T04:24:44.015+0000][8924][safepoint    ] Safepoint "Cleanup", Time since last: 1000636754 ns, Reaching safepoint: 100637 ns, At safepoint: 3710 ns, Total: 104347 ns
[2020-05-16T04:24:45.016+0000][8924][safepoint    ] Safepoint "Cleanup", Time since last: 1000869565 ns, Reaching safepoint: 115478 ns, At safepoint: 17624 ns, Total: 133102 ns
[2020-05-16T04:24:46.017+0000][8924][safepoint    ] Safepoint "Cleanup", Time since last: 1000812521 ns, Reaching safepoint: 56116 ns, At safepoint: 2319 ns, Total: 58435 ns
[2020-05-16T04:24:47.018+0000][8924][safepoint    ] Safepoint "Cleanup", Time since last: 1000494376 ns, Reaching safepoint: 159073 ns, At safepoint: 4174 ns, Total: 163247 ns
[2020-05-16T04:24:48.018+0000][8924][safepoint    ] Safepoint "Cleanup", Time since last: 1000684985 ns, Reaching safepoint: 112695 ns, At safepoint: 4638 ns, Total: 117333 ns
[2020-05-16T04:24:49.019+0000][8924][safepoint    ] Safepoint "Cleanup", Time since last: 1000724869 ns, Reaching safepoint: 83942 ns, At safepoint: 6493 ns, Total: 90435 ns
[2020-05-16T04:24:50.020+0000][8924][safepoint    ] Safepoint "Cleanup", Time since last: 1000331130 ns, Reaching safepoint: 103421 ns, At safepoint: 11594 ns, Total: 115015 ns
[2020-05-16T04:24:51.020+0000][8924][safepoint    ] Safepoint "Cleanup", Time since last: 1000034782 ns, Reaching safepoint: 90435 ns, At safepoint: 5565 ns, Total: 96000 ns
[2020-05-16T04:24:52.020+0000][8924][safepoint    ] Safepoint "Cleanup", Time since last: 1000330667 ns, Reaching safepoint: 70493 ns, At safepoint: 3710 ns, Total: 74203 ns
[2020-05-16T04:24:53.021+0000][8924][safepoint    ] Safepoint "Cleanup", Time since last: 1000288463 ns, Reaching safepoint: 100638 ns, At safepoint: 1855 ns, Total: 102493 ns
[2020-05-16T04:24:54.021+0000][8924][safepoint    ] Safepoint "Cleanup", Time since last: 1000609391 ns, Reaching safepoint: 117797 ns, At safepoint: 4174 ns, Total: 121971 ns
[2020-05-16T04:24:55.022+0000][8924][safepoint    ] Safepoint "Cleanup", Time since last: 1000413217 ns, Reaching safepoint: 97391 ns, At safepoint: 4638 ns, Total: 102029 ns
[2020-05-16T04:24:56.022+0000][8924][safepoint    ] Safepoint "Cleanup", Time since last: 1000074203 ns, Reaching safepoint: 83478 ns, At safepoint: 3710 ns, Total: 87188 ns
[2020-05-16T04:24:57.022+0000][8924][safepoint    ] Safepoint "Cleanup", Time since last: 1000021797 ns, Reaching safepoint: 52870 ns, At safepoint: 2319 ns, Total: 55189 ns
[2020-05-16T04:24:58.022+0000][8924][safepoint    ] Safepoint "Cleanup", Time since last: 1000299130 ns, Reaching safepoint: 84406 ns, At safepoint: 3710 ns, Total: 88116 ns
[2020-05-16T04:24:59.023+0000][8924][safepoint    ] Safepoint "Cleanup", Time since last: 1000657623 ns, Reaching safepoint: 96000 ns, At safepoint: 3710 ns, Total: 99710 ns
[2020-05-16T04:25:00.024+0000][8924][safepoint    ] Safepoint "Cleanup", Time since last: 1000658550 ns, Reaching safepoint: 95537 ns, At safepoint: 1855 ns, Total: 97392 ns
[2020-05-16T04:25:01.024+0000][8924][safepoint    ] Safepoint "Cleanup", Time since last: 1000346434 ns, Reaching safepoint: 57971 ns, At safepoint: 2319 ns, Total: 60290 ns
[2020-05-16T04:25:02.025+0000][8924][safepoint    ] Safepoint "Cleanup", Time since last: 1000659014 ns, Reaching safepoint: 50551 ns, At safepoint: 3246 ns, Total: 53797 ns
[2020-05-16T04:25:03.026+0000][8924][safepoint    ] Safepoint "Cleanup", Time since last: 1000874667 ns, Reaching safepoint: 74666 ns, At safepoint: 6029 ns, Total: 80695 ns
[2020-05-16T04:25:04.026+0000][8924][safepoint    ] Safepoint "Cleanup", Time since last: 1000302377 ns, Reaching safepoint: 83014 ns, At safepoint: 12986 ns, Total: 96000 ns
[2020-05-16T04:25:05.027+0000][8924][safepoint    ] Safepoint "Cleanup", Time since last: 1000082551 ns, Reaching safepoint: 88579 ns, At safepoint: 3710 ns, Total: 92289 ns
[2020-05-16T04:25:06.027+0000][8924][safepoint    ] Safepoint "Cleanup", Time since last: 1000166493 ns, Reaching safepoint: 102029 ns, At safepoint: 2319 ns, Total: 104348 ns
[2020-05-16T04:25:07.027+0000][8924][safepoint    ] Safepoint "Cleanup", Time since last: 1000094608 ns, Reaching safepoint: 89508 ns, At safepoint: 4174 ns, Total: 93682 ns
[2020-05-16T04:25:08.028+0000][8924][safepoint    ] Safepoint "Cleanup", Time since last: 1000672927 ns, Reaching safepoint: 96464 ns, At safepoint: 2782 ns, Total: 99246 ns
[2020-05-16T04:25:09.309+0000][8924][safepoint    ] Safepoint "Cleanup", Time since last: 1281459812 ns, Reaching safepoint: 175768 ns, At safepoint: 7884 ns, Total: 183652 ns
[2020-05-16T04:25:10.310+0000][8924][safepoint    ] Safepoint "Cleanup", Time since last: 1000793970 ns, Reaching safepoint: 109450 ns, At safepoint: 7420 ns, Total: 116870 ns
[2020-05-16T04:25:11.331+0000][8924][safepoint    ] Safepoint "Cleanup", Time since last: 1020172049 ns, Reaching safepoint: 88115 ns, At safepoint: 3247 ns, Total: 91362 ns
[2020-05-16T04:25:12.331+0000][8924][safepoint    ] Safepoint "Cleanup", Time since last: 1000309333 ns, Reaching safepoint: 69565 ns, At safepoint: 3247 ns, Total: 72812 ns
[2020-05-16T04:25:13.331+0000][8924][safepoint    ] Safepoint "Cleanup", Time since last: 1000074202 ns, Reaching safepoint: 96000 ns, At safepoint: 4638 ns, Total: 100638 ns
[2020-05-16T04:25:14.332+0000][8924][safepoint    ] Safepoint "Cleanup", Time since last: 1000710029 ns, Reaching safepoint: 71420 ns, At safepoint: 3710 ns, Total: 75130 ns
[2020-05-16T04:25:15.333+0000][8924][safepoint    ] Safepoint "Cleanup", Time since last: 1000730435 ns, Reaching safepoint: 85797 ns, At safepoint: 4174 ns, Total: 89971 ns
[2020-05-16T04:25:17.333+0000][8924][safepoint    ] Safepoint "Cleanup", Time since last: 2000053797 ns, Reaching safepoint: 67246 ns, At safepoint: 3710 ns, Total: 70956 ns
[2020-05-16T04:25:18.334+0000][8924][safepoint    ] Safepoint "Cleanup", Time since last: 1000962318 ns, Reaching safepoint: 82087 ns, At safepoint: 3711 ns, Total: 85798 ns
[2020-05-16T04:25:19.335+0000][8924][safepoint    ] Safepoint "Cleanup", Time since last: 1000541680 ns, Reaching safepoint: 89044 ns, At safepoint: 3246 ns, Total: 92290 ns
[2020-05-16T04:25:20.335+0000][8924][safepoint    ] Safepoint "Cleanup", Time since last: 1000178087 ns, Reaching safepoint: 81623 ns, At safepoint: 4174 ns, Total: 85797 ns
[2020-05-16T04:25:21.335+0000][8924][safepoint    ] Safepoint "Cleanup", Time since last: 1000329275 ns, Reaching safepoint: 102957 ns, At safepoint: 6029 ns, Total: 108986 ns
[2020-05-16T04:25:22.336+0000][8924][safepoint    ] Safepoint "Cleanup", Time since last: 1000188290 ns, Reaching safepoint: 88116 ns, At safepoint: 4173 ns, Total: 92289 ns
[2020-05-16T04:25:23.336+0000][8924][safepoint    ] Safepoint "Cleanup", Time since last: 1000489276 ns, Reaching safepoint: 75594 ns, At safepoint: 6956 ns, Total: 82550 ns
[2020-05-16T04:25:24.337+0000][8924][safepoint    ] Safepoint "Cleanup", Time since last: 1000859362 ns, Reaching safepoint: 73739 ns, At safepoint: 4174 ns, Total: 77913 ns
[2020-05-16T04:25:25.338+0000][8924][safepoint    ] Safepoint "Cleanup", Time since last: 1000359420 ns, Reaching safepoint: 91826 ns, At safepoint: 3711 ns, Total: 95537 ns
[2020-05-16T04:25:27.338+0000][8924][safepoint    ] Safepoint "Cleanup", Time since last: 2000700753 ns, Reaching safepoint: 66319 ns, At safepoint: 2318 ns, Total: 68637 ns
[2020-05-16T04:25:28.339+0000][8924][safepoint    ] Safepoint "Cleanup", Time since last: 1000158609 ns, Reaching safepoint: 58435 ns, At safepoint: 2319 ns, Total: 60754 ns
[2020-05-16T04:25:29.340+0000][8924][safepoint    ] Safepoint "Cleanup", Time since last: 1000972985 ns, Reaching safepoint: 91826 ns, At safepoint: 4637 ns, Total: 96463 ns
[2020-05-16T04:25:30.340+0000][8924][safepoint    ] Safepoint "Cleanup", Time since last: 1000177624 ns, Reaching safepoint: 124753 ns, At safepoint: 3247 ns, Total: 128000 ns
[2020-05-16T04:25:31.341+0000][8924][safepoint    ] Safepoint "Cleanup", Time since last: 1000509680 ns, Reaching safepoint: 67711 ns, At safepoint: 5101 ns, Total: 72812 ns
[2020-05-16T04:25:32.341+0000][8924][safepoint    ] Safepoint "Cleanup", Time since last: 1000275014 ns, Reaching safepoint: 117334 ns, At safepoint: 4637 ns, Total: 121971 ns
[2020-05-16T04:25:33.342+0000][8924][safepoint    ] Safepoint "Cleanup", Time since last: 1000808348 ns, Reaching safepoint: 83014 ns, At safepoint: 4174 ns, Total: 87188 ns
[2020-05-16T04:25:34.342+0000][8924][safepoint    ] Safepoint "Cleanup", Time since last: 1000072348 ns, Reaching safepoint: 87188 ns, At safepoint: 3710 ns, Total: 90898 ns
[2020-05-16T04:25:36.343+0000][8924][safepoint    ] Safepoint "Cleanup", Time since last: 2000633971 ns, Reaching safepoint: 75131 ns, At safepoint: 4173 ns, Total: 79304 ns
[2020-05-16T04:25:37.343+0000][8924][safepoint    ] Safepoint "Cleanup", Time since last: 1000467015 ns, Reaching safepoint: 71884 ns, At safepoint: 2782 ns, Total: 74666 ns
[2020-05-16T04:25:38.344+0000][8924][safepoint    ] Safepoint "Cleanup", Time since last: 1000547246 ns, Reaching safepoint: 88116 ns, At safepoint: 6029 ns, Total: 94145 ns
[2020-05-16T04:25:40.345+0000][8924][safepoint    ] Safepoint "Cleanup", Time since last: 2000594551 ns, Reaching safepoint: 92753 ns, At safepoint: 4638 ns, Total: 97391 ns
[2020-05-16T04:25:41.345+0000][8924][safepoint    ] Safepoint "Cleanup", Time since last: 1000241623 ns, Reaching safepoint: 71884 ns, At safepoint: 2319 ns, Total: 74203 ns
[2020-05-16T04:25:42.346+0000][8924][safepoint    ] Safepoint "Cleanup", Time since last: 1000448927 ns, Reaching safepoint: 49160 ns, At safepoint: 2319 ns, Total: 51479 ns
[2020-05-16T04:25:43.346+0000][8924][safepoint    ] Safepoint "Cleanup", Time since last: 1000776347 ns, Reaching safepoint: 81623 ns, At safepoint: 3710 ns, Total: 85333 ns
[2020-05-16T04:25:44.347+0000][8924][safepoint    ] Safepoint "Cleanup", Time since last: 1000952580 ns, Reaching safepoint: 87652 ns, At safepoint: 3246 ns, Total: 90898 ns
[2020-05-16T04:25:45.348+0000][8924][safepoint    ] Safepoint "Cleanup", Time since last: 1000081623 ns, Reaching safepoint: 52870 ns, At safepoint: 2782 ns, Total: 55652 ns
[2020-05-16T04:25:46.349+0000][8924][safepoint    ] Safepoint "Cleanup", Time since last: 1000952116 ns, Reaching safepoint: 91826 ns, At safepoint: 43130 ns, Total: 134956 ns
[2020-05-16T04:25:47.349+0000][8924][safepoint    ] Safepoint "Cleanup", Time since last: 1000322783 ns, Reaching safepoint: 71884 ns, At safepoint: 3246 ns, Total: 75130 ns
[2020-05-16T04:25:48.349+0000][8924][safepoint    ] Safepoint "Cleanup", Time since last: 1000298203 ns, Reaching safepoint: 123362 ns, At safepoint: 52870 ns, Total: 176232 ns
[2020-05-16T04:25:49.350+0000][8924][safepoint    ] Safepoint "Cleanup", Time since last: 1000728115 ns, Reaching safepoint: 114087 ns, At safepoint: 41276 ns, Total: 155363 ns
[2020-05-16T04:25:50.351+0000][8924][safepoint    ] Safepoint "Cleanup", Time since last: 1000457275 ns, Reaching safepoint: 86261 ns, At safepoint: 17159 ns, Total: 103420 ns
[2020-05-16T04:25:51.352+0000][8924][safepoint    ] Safepoint "Cleanup", Time since last: 1000802319 ns, Reaching safepoint: 71420 ns, At safepoint: 3246 ns, Total: 74666 ns
[2020-05-16T04:25:52.352+0000][8924][safepoint    ] Safepoint "Cleanup", Time since last: 1000200812 ns, Reaching safepoint: 84405 ns, At safepoint: 3247 ns, Total: 87652 ns
[2020-05-16T04:25:53.353+0000][8924][safepoint    ] Safepoint "Cleanup", Time since last: 1000424811 ns, Reaching safepoint: 80696 ns, At safepoint: 3246 ns, Total: 83942 ns
[2020-05-16T04:25:54.353+0000][8924][safepoint    ] Safepoint "Cleanup", Time since last: 1000214261 ns, Reaching safepoint: 73275 ns, At safepoint: 2783 ns, Total: 76058 ns
[2020-05-16T04:25:55.353+0000][8924][safepoint    ] Safepoint "Cleanup", Time since last: 1000167420 ns, Reaching safepoint: 69102 ns, At safepoint: 3246 ns, Total: 72348 ns
[2020-05-16T04:25:57.130+0000][8924][safepoint    ] Safepoint "Cleanup", Time since last: 1776918828 ns, Reaching safepoint: 82087 ns, At safepoint: 40811 ns, Total: 122898 ns
[2020-05-16T04:25:58.131+0000][8924][safepoint    ] Safepoint "Cleanup", Time since last: 1000556986 ns, Reaching safepoint: 69565 ns, At safepoint: 2319 ns, Total: 71884 ns
[2020-05-16T04:25:59.131+0000][8924][safepoint    ] Safepoint "Cleanup", Time since last: 1000105739 ns, Reaching safepoint: 90435 ns, At safepoint: 16231 ns, Total: 106666 ns
[2020-05-16T04:26:01.131+0000][8924][safepoint    ] Safepoint "Cleanup", Time since last: 2000311189 ns, Reaching safepoint: 94608 ns, At safepoint: 3710 ns, Total: 98318 ns
[2020-05-16T04:26:02.132+0000][8924][safepoint    ] Safepoint "Cleanup", Time since last: 1000043131 ns, Reaching safepoint: 88580 ns, At safepoint: 4173 ns, Total: 92753 ns
[2020-05-16T04:26:03.132+0000][8924][safepoint    ] Safepoint "Cleanup", Time since last: 1000053798 ns, Reaching safepoint: 100637 ns, At safepoint: 3710 ns, Total: 104347 ns
[2020-05-16T04:26:04.132+0000][8924][safepoint    ] Safepoint "Cleanup", Time since last: 1000171594 ns, Reaching safepoint: 68638 ns, At safepoint: 3246 ns, Total: 71884 ns
[2020-05-16T04:26:05.132+0000][8924][safepoint    ] Safepoint "Cleanup", Time since last: 1000229566 ns, Reaching safepoint: 78376 ns, At safepoint: 2783 ns, Total: 81159 ns
[2020-05-16T04:26:06.133+0000][8924][safepoint    ] Safepoint "Cleanup", Time since last: 1000633971 ns, Reaching safepoint: 91362 ns, At safepoint: 4174 ns, Total: 95536 ns
[2020-05-16T04:26:07.134+0000][8924][safepoint    ] Safepoint "Cleanup", Time since last: 1000614029 ns, Reaching safepoint: 103884 ns, At safepoint: 2318 ns, Total: 106202 ns
[2020-05-16T04:26:08.134+0000][8924][safepoint    ] Safepoint "Cleanup", Time since last: 1000364522 ns, Reaching safepoint: 68638 ns, At safepoint: 3246 ns, Total: 71884 ns
[2020-05-16T04:26:10.134+0000][8924][safepoint    ] Safepoint "Cleanup", Time since last: 2000040812 ns, Reaching safepoint: 95072 ns, At safepoint: 5101 ns, Total: 100173 ns
[2020-05-16T04:26:11.135+0000][8924][safepoint    ] Safepoint "Cleanup", Time since last: 1000752696 ns, Reaching safepoint: 108521 ns, At safepoint: 4174 ns, Total: 112695 ns
[2020-05-16T04:26:12.135+0000][8924][safepoint    ] Safepoint "Cleanup", Time since last: 1000219826 ns, Reaching safepoint: 141913 ns, At safepoint: 6957 ns, Total: 148870 ns
[2020-05-16T04:26:13.136+0000][8924][safepoint    ] Safepoint "Cleanup", Time since last: 1000313507 ns, Reaching safepoint: 81623 ns, At safepoint: 4638 ns, Total: 86261 ns
[2020-05-16T04:26:15.137+0000][8924][safepoint    ] Safepoint "Cleanup", Time since last: 2000841739 ns, Reaching safepoint: 88115 ns, At safepoint: 4638 ns, Total: 92753 ns
[2020-05-16T04:26:16.137+0000][8924][safepoint    ] Safepoint "Cleanup", Time since last: 1000046377 ns, Reaching safepoint: 83014 ns, At safepoint: 2319 ns, Total: 85333 ns
[2020-05-16T04:26:18.138+0000][8924][safepoint    ] Safepoint "Cleanup", Time since last: 2000753623 ns, Reaching safepoint: 56116 ns, At safepoint: 3710 ns, Total: 59826 ns
[2020-05-16T04:26:19.139+0000][8924][safepoint    ] Safepoint "Cleanup", Time since last: 1000764290 ns, Reaching safepoint: 57507 ns, At safepoint: 1855 ns, Total: 59362 ns
[2020-05-16T04:26:20.139+0000][8924][safepoint    ] Safepoint "Cleanup", Time since last: 1000649275 ns, Reaching safepoint: 79768 ns, At safepoint: 3710 ns, Total: 83478 ns
[2020-05-16T04:26:21.140+0000][8924][safepoint    ] Safepoint "Cleanup", Time since last: 1000500406 ns, Reaching safepoint: 64463 ns, At safepoint: 3247 ns, Total: 67710 ns
[2020-05-16T04:26:22.141+0000][8924][safepoint    ] Safepoint "Cleanup", Time since last: 1000592695 ns, Reaching safepoint: 85334 ns, At safepoint: 3246 ns, Total: 88580 ns
[2020-05-16T04:26:23.141+0000][8924][safepoint    ] Safepoint "Cleanup", Time since last: 1000198029 ns, Reaching safepoint: 85333 ns, At safepoint: 1855 ns, Total: 87188 ns
[2020-05-16T04:26:24.141+0000][8924][safepoint    ] Safepoint "Cleanup", Time since last: 1000153044 ns, Reaching safepoint: 135420 ns, At safepoint: 3246 ns, Total: 138666 ns
[2020-05-16T04:26:25.142+0000][8924][safepoint    ] Safepoint "Cleanup", Time since last: 1000294493 ns, Reaching safepoint: 77449 ns, At safepoint: 2319 ns, Total: 79768 ns
[2020-05-16T04:26:26.142+0000][8924][safepoint    ] Safepoint "Cleanup", Time since last: 1000396985 ns, Reaching safepoint: 113623 ns, At safepoint: 4638 ns, Total: 118261 ns
[2020-05-16T04:26:27.142+0000][8924][safepoint    ] Safepoint "Cleanup", Time since last: 1000126609 ns, Reaching safepoint: 96463 ns, At safepoint: 2319 ns, Total: 98782 ns
[2020-05-16T04:26:29.143+0000][8924][safepoint    ] Safepoint "Cleanup", Time since last: 2000445681 ns, Reaching safepoint: 104348 ns, At safepoint: 3246 ns, Total: 107594 ns
[2020-05-16T04:26:30.143+0000][8924][safepoint    ] Safepoint "Cleanup", Time since last: 1000480000 ns, Reaching safepoint: 94609 ns, At safepoint: 3246 ns, Total: 97855 ns
[2020-05-16T04:26:31.144+0000][8924][safepoint    ] Safepoint "Cleanup", Time since last: 1000544464 ns, Reaching safepoint: 77449 ns, At safepoint: 2782 ns, Total: 80231 ns
[2020-05-16T04:26:32.145+0000][8924][safepoint    ] Safepoint "Cleanup", Time since last: 1000535189 ns, Reaching safepoint: 140521 ns, At safepoint: 3710 ns, Total: 144231 ns
[2020-05-16T04:26:33.146+0000][8924][safepoint    ] Safepoint "Cleanup", Time since last: 1000761971 ns, Reaching safepoint: 73739 ns, At safepoint: 3710 ns, Total: 77449 ns
[2020-05-16T04:26:34.146+0000][8924][safepoint    ] Safepoint "Cleanup", Time since last: 1000397449 ns, Reaching safepoint: 61682 ns, At safepoint: 2318 ns, Total: 64000 ns
[2020-05-16T04:26:35.147+0000][8924][safepoint    ] Safepoint "Cleanup", Time since last: 1000426203 ns, Reaching safepoint: 70493 ns, At safepoint: 3246 ns, Total: 73739 ns
[2020-05-16T04:26:36.148+0000][8924][safepoint    ] Safepoint "Cleanup", Time since last: 1000906203 ns, Reaching safepoint: 59826 ns, At safepoint: 1855 ns, Total: 61681 ns
[2020-05-16T04:26:37.148+0000][8924][safepoint    ] Safepoint "Cleanup", Time since last: 1000618666 ns, Reaching safepoint: 87189 ns, At safepoint: 3710 ns, Total: 90899 ns
[2020-05-16T04:26:38.148+0000][8924][safepoint    ] Safepoint "Cleanup", Time since last: 1000028290 ns, Reaching safepoint: 67246 ns, At safepoint: 3246 ns, Total: 70492 ns
[2020-05-16T04:26:39.149+0000][8924][safepoint    ] Safepoint "Cleanup", Time since last: 1000270841 ns, Reaching safepoint: 82550 ns, At safepoint: 3247 ns, Total: 85797 ns
[2020-05-16T04:26:40.149+0000][8924][safepoint    ] Safepoint "Cleanup", Time since last: 1000684521 ns, Reaching safepoint: 80232 ns, At safepoint: 4638 ns, Total: 84870 ns
[2020-05-16T04:26:41.150+0000][8924][safepoint    ] Safepoint "Cleanup", Time since last: 1000582956 ns, Reaching safepoint: 97855 ns, At safepoint: 1855 ns, Total: 99710 ns
[2020-05-16T04:26:42.151+0000][8924][safepoint    ] Safepoint "Cleanup", Time since last: 1000530551 ns, Reaching safepoint: 87188 ns, At safepoint: 4638 ns, Total: 91826 ns
[2020-05-16T04:26:43.151+0000][8924][safepoint    ] Safepoint "Cleanup", Time since last: 1000110376 ns, Reaching safepoint: 73276 ns, At safepoint: 2319 ns, Total: 75595 ns
[2020-05-16T04:26:44.202+0000][8924][safepoint    ] Safepoint "Cleanup", Time since last: 1050734817 ns, Reaching safepoint: 120115 ns, At safepoint: 6957 ns, Total: 127072 ns
[2020-05-16T04:26:46.203+0000][8924][safepoint    ] Safepoint "Cleanup", Time since last: 2000889043 ns, Reaching safepoint: 90899 ns, At safepoint: 6956 ns, Total: 97855 ns
[2020-05-16T04:26:47.203+0000][8924][safepoint    ] Safepoint "Cleanup", Time since last: 1000608927 ns, Reaching safepoint: 71884 ns, At safepoint: 2783 ns, Total: 74667 ns
[2020-05-16T04:26:49.204+0000][8924][safepoint    ] Safepoint "Cleanup", Time since last: 2000364522 ns, Reaching safepoint: 72347 ns, At safepoint: 2319 ns, Total: 74666 ns
[2020-05-16T04:26:50.204+0000][8924][safepoint    ] Safepoint "Cleanup", Time since last: 1000128928 ns, Reaching safepoint: 79768 ns, At safepoint: 15768 ns, Total: 95536 ns
[2020-05-16T04:26:52.205+0000][8924][safepoint    ] Safepoint "Cleanup", Time since last: 2000811594 ns, Reaching safepoint: 76521 ns, At safepoint: 3247 ns, Total: 79768 ns
[2020-05-16T04:26:53.205+0000][8924][safepoint    ] Safepoint "Cleanup", Time since last: 1000170203 ns, Reaching safepoint: 88579 ns, At safepoint: 2319 ns, Total: 90898 ns
[2020-05-16T04:26:54.206+0000][8924][safepoint    ] Safepoint "Cleanup", Time since last: 1000303304 ns, Reaching safepoint: 91363 ns, At safepoint: 4173 ns, Total: 95536 ns
[2020-05-16T04:26:55.207+0000][8924][safepoint    ] Safepoint "Cleanup", Time since last: 1000803246 ns, Reaching safepoint: 95537 ns, At safepoint: 3246 ns, Total: 98783 ns
[2020-05-16T04:26:56.207+0000][8924][safepoint    ] Safepoint "Cleanup", Time since last: 1000362667 ns, Reaching safepoint: 96927 ns, At safepoint: 3710 ns, Total: 100637 ns
[2020-05-16T04:26:58.208+0000][8924][safepoint    ] Safepoint "Cleanup", Time since last: 2000844985 ns, Reaching safepoint: 70493 ns, At safepoint: 3710 ns, Total: 74203 ns
[2020-05-16T04:26:59.209+0000][8924][safepoint    ] Safepoint "Cleanup", Time since last: 1000594551 ns, Reaching safepoint: 69101 ns, At safepoint: 3246 ns, Total: 72347 ns
[2020-05-16T04:27:00.209+0000][8924][safepoint    ] Safepoint "Cleanup", Time since last: 1000479536 ns, Reaching safepoint: 101102 ns, At safepoint: 4174 ns, Total: 105276 ns
[2020-05-16T04:27:01.209+0000][8924][safepoint    ] Safepoint "Cleanup", Time since last: 1000224000 ns, Reaching safepoint: 69101 ns, At safepoint: 3246 ns, Total: 72347 ns
[2020-05-16T04:27:02.210+0000][8924][safepoint    ] Safepoint "Cleanup", Time since last: 1000759188 ns, Reaching safepoint: 71884 ns, At safepoint: 4638 ns, Total: 76522 ns
[2020-05-16T04:27:03.211+0000][8924][safepoint    ] Safepoint "Cleanup", Time since last: 1000478609 ns, Reaching safepoint: 81623 ns, At safepoint: 1855 ns, Total: 83478 ns
[2020-05-16T04:27:04.211+0000][8924][safepoint    ] Safepoint "Cleanup", Time since last: 1000438724 ns, Reaching safepoint: 69565 ns, At safepoint: 4638 ns, Total: 74203 ns
[2020-05-16T04:27:05.212+0000][8924][safepoint    ] Safepoint "Cleanup", Time since last: 1000335768 ns, Reaching safepoint: 76986 ns, At safepoint: 3246 ns, Total: 80232 ns
[2020-05-16T04:27:06.213+0000][8924][safepoint    ] Safepoint "Cleanup", Time since last: 1000876058 ns, Reaching safepoint: 82550 ns, At safepoint: 1855 ns, Total: 84405 ns
[2020-05-16T04:27:07.214+0000][8924][safepoint    ] Safepoint "Cleanup", Time since last: 1000839884 ns, Reaching safepoint: 70029 ns, At safepoint: 1855 ns, Total: 71884 ns
[2020-05-16T04:27:08.214+0000][8924][safepoint    ] Safepoint "Cleanup", Time since last: 1000481391 ns, Reaching safepoint: 87652 ns, At safepoint: 3247 ns, Total: 90899 ns
[2020-05-16T04:27:09.215+0000][8924][safepoint    ] Safepoint "Cleanup", Time since last: 1000282434 ns, Reaching safepoint: 89044 ns, At safepoint: 4174 ns, Total: 93218 ns
[2020-05-16T04:27:10.215+0000][8924][safepoint    ] Safepoint "Cleanup", Time since last: 1000160927 ns, Reaching safepoint: 69565 ns, At safepoint: 3247 ns, Total: 72812 ns
[2020-05-16T04:27:11.215+0000][8924][safepoint    ] Safepoint "Cleanup", Time since last: 1000027826 ns, Reaching safepoint: 70492 ns, At safepoint: 3247 ns, Total: 73739 ns
[2020-05-16T04:27:12.216+0000][8924][safepoint    ] Safepoint "Cleanup", Time since last: 1000849623 ns, Reaching safepoint: 86260 ns, At safepoint: 3247 ns, Total: 89507 ns
[2020-05-16T04:27:13.217+0000][8924][safepoint    ] Safepoint "Cleanup", Time since last: 1000818550 ns, Reaching safepoint: 90899 ns, At safepoint: 3710 ns, Total: 94609 ns
[2020-05-16T04:27:14.250+0000][8924][safepoint    ] Safepoint "Cleanup", Time since last: 1033064332 ns, Reaching safepoint: 53334 ns, At safepoint: 12985 ns, Total: 66319 ns
[2020-05-16T04:27:15.250+0000][8924][safepoint    ] Safepoint "Cleanup", Time since last: 1000352464 ns, Reaching safepoint: 93681 ns, At safepoint: 18550 ns, Total: 112231 ns
[2020-05-16T04:27:16.251+0000][8924][safepoint    ] Safepoint "Cleanup", Time since last: 1000512464 ns, Reaching safepoint: 79768 ns, At safepoint: 4638 ns, Total: 84406 ns
[2020-05-16T04:27:17.251+0000][8924][safepoint    ] Safepoint "Cleanup", Time since last: 1000354318 ns, Reaching safepoint: 95073 ns, At safepoint: 2319 ns, Total: 97392 ns
[2020-05-16T04:27:18.252+0000][8924][safepoint    ] Safepoint "Cleanup", Time since last: 1000725333 ns, Reaching safepoint: 94145 ns, At safepoint: 3710 ns, Total: 97855 ns
[2020-05-16T04:27:19.253+0000][8924][safepoint    ] Safepoint "Cleanup", Time since last: 1000452637 ns, Reaching safepoint: 80232 ns, At safepoint: 3246 ns, Total: 83478 ns
[2020-05-16T04:27:20.253+0000][8924][safepoint    ] Safepoint "Cleanup", Time since last: 1000521739 ns, Reaching safepoint: 90899 ns, At safepoint: 3710 ns, Total: 94609 ns
[2020-05-16T04:27:21.254+0000][8924][safepoint    ] Safepoint "Cleanup", Time since last: 1000527304 ns, Reaching safepoint: 83478 ns, At safepoint: 3247 ns, Total: 86725 ns
[2020-05-16T04:27:23.255+0000][8924][safepoint    ] Safepoint "Cleanup", Time since last: 2000510608 ns, Reaching safepoint: 112232 ns, At safepoint: 3710 ns, Total: 115942 ns
[2020-05-16T04:27:25.256+0000][8924][safepoint    ] Safepoint "Cleanup", Time since last: 2000736464 ns, Reaching safepoint: 75130 ns, At safepoint: 2319 ns, Total: 77449 ns
[2020-05-16T04:27:26.256+0000][8924][safepoint    ] Safepoint "Cleanup", Time since last: 1000125217 ns, Reaching safepoint: 69565 ns, At safepoint: 5102 ns, Total: 74667 ns
[2020-05-16T04:27:27.256+0000][8924][safepoint    ] Safepoint "Cleanup", Time since last: 1000072811 ns, Reaching safepoint: 101102 ns, At safepoint: 1855 ns, Total: 102957 ns
[2020-05-16T04:27:28.256+0000][8924][safepoint    ] Safepoint "Cleanup", Time since last: 1000447072 ns, Reaching safepoint: 85797 ns, At safepoint: 16696 ns, Total: 102493 ns
[2020-05-16T04:27:29.257+0000][8924][safepoint    ] Safepoint "Cleanup", Time since last: 1000816231 ns, Reaching safepoint: 95073 ns, At safepoint: 3710 ns, Total: 98783 ns
[2020-05-16T04:27:30.258+0000][8924][safepoint    ] Safepoint "Cleanup", Time since last: 1000656231 ns, Reaching safepoint: 85334 ns, At safepoint: 4637 ns, Total: 89971 ns
[2020-05-16T04:27:31.259+0000][8924][safepoint    ] Safepoint "Cleanup", Time since last: 1000627015 ns, Reaching safepoint: 121507 ns, At safepoint: 2782 ns, Total: 124289 ns
[2020-05-16T04:27:32.259+0000][8924][safepoint    ] Safepoint "Cleanup", Time since last: 1000249971 ns, Reaching safepoint: 73276 ns, At safepoint: 4173 ns, Total: 77449 ns
[2020-05-16T04:27:33.260+0000][8924][safepoint    ] Safepoint "Cleanup", Time since last: 1000674319 ns, Reaching safepoint: 74203 ns, At safepoint: 3246 ns, Total: 77449 ns
[2020-05-16T04:27:34.261+0000][8924][safepoint    ] Safepoint "Cleanup", Time since last: 1000554203 ns, Reaching safepoint: 113159 ns, At safepoint: 3710 ns, Total: 116869 ns
[2020-05-16T04:27:35.261+0000][8924][safepoint    ] Safepoint "Cleanup", Time since last: 1000148870 ns, Reaching safepoint: 92290 ns, At safepoint: 4174 ns, Total: 96464 ns
[2020-05-16T04:27:36.261+0000][8924][safepoint    ] Safepoint "Cleanup", Time since last: 1000332521 ns, Reaching safepoint: 72812 ns, At safepoint: 2319 ns, Total: 75131 ns
[2020-05-16T04:27:37.261+0000][8924][safepoint    ] Safepoint "Cleanup", Time since last: 1000104811 ns, Reaching safepoint: 91362 ns, At safepoint: 1856 ns, Total: 93218 ns
[2020-05-16T04:27:38.262+0000][8924][safepoint    ] Safepoint "Cleanup", Time since last: 1000644173 ns, Reaching safepoint: 102493 ns, At safepoint: 3710 ns, Total: 106203 ns
[2020-05-16T04:27:40.263+0000][8924][safepoint    ] Safepoint "Cleanup", Time since last: 2000541681 ns, Reaching safepoint: 77449 ns, At safepoint: 1855 ns, Total: 79304 ns
[2020-05-16T04:27:41.264+0000][8924][safepoint    ] Safepoint "Cleanup", Time since last: 1000675246 ns, Reaching safepoint: 66783 ns, At safepoint: 3246 ns, Total: 70029 ns
[2020-05-16T04:27:42.264+0000][8924][safepoint    ] Safepoint "Cleanup", Time since last: 1000381217 ns, Reaching safepoint: 71421 ns, At safepoint: 4637 ns, Total: 76058 ns
[2020-05-16T04:27:43.264+0000][8924][safepoint    ] Safepoint "Cleanup", Time since last: 1000334841 ns, Reaching safepoint: 68637 ns, At safepoint: 3247 ns, Total: 71884 ns
[2020-05-16T04:27:44.265+0000][8924][safepoint    ] Safepoint "Cleanup", Time since last: 1000079768 ns, Reaching safepoint: 103884 ns, At safepoint: 1855 ns, Total: 105739 ns
[2020-05-16T04:27:46.266+0000][8924][safepoint    ] Safepoint "Cleanup", Time since last: 2000896463 ns, Reaching safepoint: 80232 ns, At safepoint: 3247 ns, Total: 83479 ns
[2020-05-16T04:27:47.267+0000][8924][safepoint    ] Safepoint "Cleanup", Time since last: 1000875130 ns, Reaching safepoint: 89507 ns, At safepoint: 3710 ns, Total: 93217 ns
[2020-05-16T04:27:48.267+0000][8924][safepoint    ] Safepoint "Cleanup", Time since last: 1000749449 ns, Reaching safepoint: 79768 ns, At safepoint: 3710 ns, Total: 83478 ns
[2020-05-16T04:27:49.268+0000][8924][safepoint    ] Safepoint "Cleanup", Time since last: 1000712348 ns, Reaching safepoint: 70492 ns, At safepoint: 3247 ns, Total: 73739 ns
[2020-05-16T04:27:51.269+0000][8924][safepoint    ] Safepoint "Cleanup", Time since last: 2000867246 ns, Reaching safepoint: 69101 ns, At safepoint: 2783 ns, Total: 71884 ns
[2020-05-16T04:27:52.270+0000][8924][safepoint    ] Safepoint "Cleanup", Time since last: 1000624695 ns, Reaching safepoint: 67710 ns, At safepoint: 3247 ns, Total: 70957 ns
[2020-05-16T04:27:53.270+0000][8924][safepoint    ] Safepoint "Cleanup", Time since last: 1000353854 ns, Reaching safepoint: 79768 ns, At safepoint: 3247 ns, Total: 83015 ns
[2020-05-16T04:27:54.271+0000][8924][safepoint    ] Safepoint "Cleanup", Time since last: 1000435478 ns, Reaching safepoint: 80696 ns, At safepoint: 4637 ns, Total: 85333 ns
[2020-05-16T04:27:55.271+0000][8924][safepoint    ] Safepoint "Cleanup", Time since last: 1000314899 ns, Reaching safepoint: 72347 ns, At safepoint: 3711 ns, Total: 76058 ns
[2020-05-16T04:27:56.272+0000][8924][safepoint    ] Safepoint "Cleanup", Time since last: 1000681738 ns, Reaching safepoint: 77450 ns, At safepoint: 1855 ns, Total: 79305 ns
[2020-05-16T04:27:57.272+0000][8924][safepoint    ] Safepoint "Cleanup", Time since last: 1000159072 ns, Reaching safepoint: 96000 ns, At safepoint: 4638 ns, Total: 100638 ns
[2020-05-16T04:27:58.272+0000][8924][safepoint    ] Safepoint "Cleanup", Time since last: 1000149797 ns, Reaching safepoint: 84869 ns, At safepoint: 4174 ns, Total: 89043 ns
[2020-05-16T04:27:59.273+0000][8924][safepoint    ] Safepoint "Cleanup", Time since last: 1000808811 ns, Reaching safepoint: 71884 ns, At safepoint: 1855 ns, Total: 73739 ns
[2020-05-16T04:28:00.273+0000][8924][safepoint    ] Safepoint "Cleanup", Time since last: 1000030609 ns, Reaching safepoint: 79768 ns, At safepoint: 5102 ns, Total: 84870 ns
[2020-05-16T04:28:01.274+0000][8924][safepoint    ] Safepoint "Cleanup", Time since last: 1000221217 ns, Reaching safepoint: 87652 ns, At safepoint: 3246 ns, Total: 90898 ns
[2020-05-16T04:28:02.274+0000][8924][safepoint    ] Safepoint "Cleanup", Time since last: 1000246261 ns, Reaching safepoint: 108522 ns, At safepoint: 1855 ns, Total: 110377 ns
[2020-05-16T04:28:03.275+0000][8924][safepoint    ] Safepoint "Cleanup", Time since last: 1000604753 ns, Reaching safepoint: 69102 ns, At safepoint: 3246 ns, Total: 72348 ns
[2020-05-16T04:28:04.276+0000][8924][safepoint    ] Safepoint "Cleanup", Time since last: 1000842203 ns, Reaching safepoint: 82550 ns, At safepoint: 4174 ns, Total: 86724 ns
[2020-05-16T04:28:05.277+0000][8924][safepoint    ] Safepoint "Cleanup", Time since last: 1000870956 ns, Reaching safepoint: 72348 ns, At safepoint: 4638 ns, Total: 76986 ns
[2020-05-16T04:28:06.277+0000][8924][safepoint    ] Safepoint "Cleanup", Time since last: 1000246261 ns, Reaching safepoint: 136811 ns, At safepoint: 3710 ns, Total: 140521 ns
[2020-05-16T04:28:07.277+0000][8924][safepoint    ] Safepoint "Cleanup", Time since last: 1000087652 ns, Reaching safepoint: 70029 ns, At safepoint: 2319 ns, Total: 72348 ns
[2020-05-16T04:28:09.278+0000][8924][safepoint    ] Safepoint "Cleanup", Time since last: 2000835246 ns, Reaching safepoint: 89507 ns, At safepoint: 6029 ns, Total: 95536 ns
[2020-05-16T04:28:10.279+0000][8924][safepoint    ] Safepoint "Cleanup", Time since last: 1000508754 ns, Reaching safepoint: 69565 ns, At safepoint: 1855 ns, Total: 71420 ns
[2020-05-16T04:28:11.279+0000][8924][safepoint    ] Safepoint "Cleanup", Time since last: 1000615420 ns, Reaching safepoint: 80696 ns, At safepoint: 4174 ns, Total: 84870 ns
[2020-05-16T04:28:12.280+0000][8924][safepoint    ] Safepoint "Cleanup", Time since last: 1000178550 ns, Reaching safepoint: 75594 ns, At safepoint: 2319 ns, Total: 77913 ns
[2020-05-16T04:28:14.280+0000][8924][safepoint    ] Safepoint "Cleanup", Time since last: 2000671072 ns, Reaching safepoint: 72812 ns, At safepoint: 2783 ns, Total: 75595 ns
[2020-05-16T04:28:15.281+0000][8924][safepoint    ] Safepoint "Cleanup", Time since last: 1000827825 ns, Reaching safepoint: 122435 ns, At safepoint: 2319 ns, Total: 124754 ns
[2020-05-16T04:28:17.281+0000][8924][safepoint    ] Safepoint "Cleanup", Time since last: 2000096927 ns, Reaching safepoint: 150725 ns, At safepoint: 5565 ns, Total: 156290 ns
[2020-05-16T04:28:18.282+0000][8924][safepoint    ] Safepoint "Cleanup", Time since last: 1000053797 ns, Reaching safepoint: 67710 ns, At safepoint: 3247 ns, Total: 70957 ns
[2020-05-16T04:28:19.283+0000][8924][safepoint    ] Safepoint "Cleanup", Time since last: 1000722550 ns, Reaching safepoint: 114551 ns, At safepoint: 4637 ns, Total: 119188 ns
[2020-05-16T04:28:21.283+0000][8924][safepoint    ] Safepoint "Cleanup", Time since last: 2000290319 ns, Reaching safepoint: 57971 ns, At safepoint: 3710 ns, Total: 61681 ns
[2020-05-16T04:28:22.283+0000][8924][safepoint    ] Safepoint "Cleanup", Time since last: 1000187826 ns, Reaching safepoint: 100638 ns, At safepoint: 5101 ns, Total: 105739 ns
[2020-05-16T04:28:23.284+0000][8924][safepoint    ] Safepoint "Cleanup", Time since last: 1000543536 ns, Reaching safepoint: 94145 ns, At safepoint: 1855 ns, Total: 96000 ns
[2020-05-16T04:28:24.285+0000][8924][safepoint    ] Safepoint "Cleanup", Time since last: 1000733681 ns, Reaching safepoint: 105739 ns, At safepoint: 2783 ns, Total: 108522 ns
[2020-05-16T04:28:25.285+0000][8924][safepoint    ] Safepoint "Cleanup", Time since last: 1000262029 ns, Reaching safepoint: 80231 ns, At safepoint: 2319 ns, Total: 82550 ns
[2020-05-16T04:28:27.285+0000][8924][safepoint    ] Safepoint "Cleanup", Time since last: 2000130319 ns, Reaching safepoint: 88116 ns, At safepoint: 5101 ns, Total: 93217 ns
[2020-05-16T04:28:29.286+0000][8924][safepoint    ] Safepoint "Cleanup", Time since last: 2000363594 ns, Reaching safepoint: 107131 ns, At safepoint: 1855 ns, Total: 108986 ns
[2020-05-16T04:28:30.286+0000][8924][safepoint    ] Safepoint "Cleanup", Time since last: 1000073739 ns, Reaching safepoint: 84870 ns, At safepoint: 3710 ns, Total: 88580 ns
[2020-05-16T04:28:31.287+0000][8924][safepoint    ] Safepoint "Cleanup", Time since last: 1000554666 ns, Reaching safepoint: 79768 ns, At safepoint: 3710 ns, Total: 83478 ns
[2020-05-16T04:28:32.287+0000][8924][safepoint    ] Safepoint "Cleanup", Time since last: 1000138203 ns, Reaching safepoint: 67246 ns, At safepoint: 2783 ns, Total: 70029 ns
[2020-05-16T04:28:33.288+0000][8924][safepoint    ] Safepoint "Cleanup", Time since last: 1000853333 ns, Reaching safepoint: 80696 ns, At safepoint: 3246 ns, Total: 83942 ns
[2020-05-16T04:28:34.288+0000][8924][safepoint    ] Safepoint "Cleanup", Time since last: 1000038957 ns, Reaching safepoint: 69101 ns, At safepoint: 4174 ns, Total: 73275 ns
[2020-05-16T04:28:35.288+0000][8924][safepoint    ] Safepoint "Cleanup", Time since last: 1000278724 ns, Reaching safepoint: 100174 ns, At safepoint: 5102 ns, Total: 105276 ns
[2020-05-16T04:28:36.289+0000][8924][safepoint    ] Safepoint "Cleanup", Time since last: 1000536115 ns, Reaching safepoint: 74667 ns, At safepoint: 4174 ns, Total: 78841 ns
[2020-05-16T04:28:37.289+0000][8924][safepoint    ] Safepoint "Cleanup", Time since last: 1000015304 ns, Reaching safepoint: 76058 ns, At safepoint: 3247 ns, Total: 79305 ns
[2020-05-16T04:28:39.290+0000][8924][safepoint    ] Safepoint "Cleanup", Time since last: 2000848695 ns, Reaching safepoint: 70493 ns, At safepoint: 2782 ns, Total: 73275 ns
[2020-05-16T04:28:40.291+0000][8924][safepoint    ] Safepoint "Cleanup", Time since last: 1000833855 ns, Reaching safepoint: 76985 ns, At safepoint: 2783 ns, Total: 79768 ns
[2020-05-16T04:28:42.291+0000][8924][safepoint    ] Safepoint "Cleanup", Time since last: 2000607072 ns, Reaching safepoint: 77449 ns, At safepoint: 3247 ns, Total: 80696 ns
[2020-05-16T04:28:43.292+0000][8924][safepoint    ] Safepoint "Cleanup", Time since last: 1000511999 ns, Reaching safepoint: 119189 ns, At safepoint: 16695 ns, Total: 135884 ns
[2020-05-16T04:28:44.292+0000][8924][safepoint    ] Safepoint "Cleanup", Time since last: 1000151189 ns, Reaching safepoint: 115942 ns, At safepoint: 3246 ns, Total: 119188 ns
[2020-05-16T04:28:45.293+0000][8924][safepoint    ] Safepoint "Cleanup", Time since last: 1000657623 ns, Reaching safepoint: 87188 ns, At safepoint: 2319 ns, Total: 89507 ns
[2020-05-16T04:28:46.395+0000][8924][safepoint    ] Safepoint "Cleanup", Time since last: 1101910214 ns, Reaching safepoint: 67710 ns, At safepoint: 3246 ns, Total: 70956 ns
[2020-05-16T04:28:47.395+0000][8924][safepoint    ] Safepoint "Cleanup", Time since last: 1000096928 ns, Reaching safepoint: 92753 ns, At safepoint: 4638 ns, Total: 97391 ns
[2020-05-16T04:28:48.395+0000][8924][safepoint    ] Safepoint "Cleanup", Time since last: 1000039420 ns, Reaching safepoint: 153508 ns, At safepoint: 3710 ns, Total: 157218 ns
[2020-05-16T04:28:50.396+0000][8924][safepoint    ] Safepoint "Cleanup", Time since last: 2000294029 ns, Reaching safepoint: 120579 ns, At safepoint: 54725 ns, Total: 175304 ns
[2020-05-16T04:28:51.396+0000][8924][safepoint    ] Safepoint "Cleanup", Time since last: 1000252290 ns, Reaching safepoint: 69101 ns, At safepoint: 3246 ns, Total: 72347 ns
[2020-05-16T04:28:52.396+0000][8924][safepoint    ] Safepoint "Cleanup", Time since last: 1000040812 ns, Reaching safepoint: 96464 ns, At safepoint: 4637 ns, Total: 101101 ns
[2020-05-16T04:28:53.397+0000][8924][safepoint    ] Safepoint "Cleanup", Time since last: 1000309333 ns, Reaching safepoint: 76522 ns, At safepoint: 3247 ns, Total: 79769 ns
[2020-05-16T04:28:54.397+0000][8924][safepoint    ] Safepoint "Cleanup", Time since last: 1000620521 ns, Reaching safepoint: 79304 ns, At safepoint: 4174 ns, Total: 83478 ns
[2020-05-16T04:28:55.398+0000][8924][safepoint    ] Safepoint "Cleanup", Time since last: 1000828753 ns, Reaching safepoint: 73276 ns, At safepoint: 3246 ns, Total: 76522 ns
[2020-05-16T04:28:56.399+0000][8924][safepoint    ] Safepoint "Cleanup", Time since last: 1000370087 ns, Reaching safepoint: 81623 ns, At safepoint: 1855 ns, Total: 83478 ns
[2020-05-16T04:28:57.399+0000][8924][safepoint    ] Safepoint "Cleanup", Time since last: 1000132174 ns, Reaching safepoint: 85333 ns, At safepoint: 3247 ns, Total: 88580 ns
[2020-05-16T04:28:58.400+0000][8924][safepoint    ] Safepoint "Cleanup", Time since last: 1000677101 ns, Reaching safepoint: 55652 ns, At safepoint: 3246 ns, Total: 58898 ns
[2020-05-16T04:28:59.400+0000][8924][safepoint    ] Safepoint "Cleanup", Time since last: 1000295421 ns, Reaching safepoint: 76985 ns, At safepoint: 2319 ns, Total: 79304 ns
[2020-05-16T04:29:00.401+0000][8924][safepoint    ] Safepoint "Cleanup", Time since last: 1000641855 ns, Reaching safepoint: 102029 ns, At safepoint: 2782 ns, Total: 104811 ns
[2020-05-16T04:29:01.401+0000][8924][safepoint    ] Safepoint "Cleanup", Time since last: 1000467014 ns, Reaching safepoint: 116406 ns, At safepoint: 4174 ns, Total: 120580 ns
[2020-05-16T04:29:02.402+0000][8924][safepoint    ] Safepoint "Cleanup", Time since last: 1000681739 ns, Reaching safepoint: 66782 ns, At safepoint: 2319 ns, Total: 69101 ns
[2020-05-16T04:29:03.403+0000][8924][safepoint    ] Safepoint "Cleanup", Time since last: 1000257855 ns, Reaching safepoint: 69565 ns, At safepoint: 2319 ns, Total: 71884 ns
[2020-05-16T04:29:04.403+0000][8924][safepoint    ] Safepoint "Cleanup", Time since last: 1000770319 ns, Reaching safepoint: 83478 ns, At safepoint: 3246 ns, Total: 86724 ns
[2020-05-16T04:29:05.404+0000][8924][safepoint    ] Safepoint "Cleanup", Time since last: 1000054261 ns, Reaching safepoint: 82551 ns, At safepoint: 5101 ns, Total: 87652 ns
[2020-05-16T04:29:06.405+0000][8924][safepoint    ] Safepoint "Cleanup", Time since last: 1000923362 ns, Reaching safepoint: 96928 ns, At safepoint: 4637 ns, Total: 101565 ns
[2020-05-16T04:29:07.405+0000][8924][safepoint    ] Safepoint "Cleanup", Time since last: 1000318145 ns, Reaching safepoint: 117333 ns, At safepoint: 4174 ns, Total: 121507 ns
[2020-05-16T04:29:08.406+0000][8924][safepoint    ] Safepoint "Cleanup", Time since last: 1000831536 ns, Reaching safepoint: 74203 ns, At safepoint: 2783 ns, Total: 76986 ns
[2020-05-16T04:29:09.406+0000][8924][safepoint    ] Safepoint "Cleanup", Time since last: 1000143304 ns, Reaching safepoint: 84406 ns, At safepoint: 6492 ns, Total: 90898 ns
[2020-05-16T04:29:10.407+0000][8924][safepoint    ] Safepoint "Cleanup", Time since last: 1000572754 ns, Reaching safepoint: 84869 ns, At safepoint: 3711 ns, Total: 88580 ns
[2020-05-16T04:29:11.408+0000][8924][safepoint    ] Safepoint "Cleanup", Time since last: 1000646028 ns, Reaching safepoint: 101102 ns, At safepoint: 2318 ns, Total: 103420 ns
[2020-05-16T04:29:12.409+0000][8924][safepoint    ] Safepoint "Cleanup", Time since last: 1000846377 ns, Reaching safepoint: 83942 ns, At safepoint: 3246 ns, Total: 87188 ns
[2020-05-16T04:29:13.409+0000][8924][safepoint    ] Safepoint "Cleanup", Time since last: 1000111305 ns, Reaching safepoint: 98782 ns, At safepoint: 3246 ns, Total: 102028 ns
[2020-05-16T04:29:14.409+0000][8924][safepoint    ] Safepoint "Cleanup", Time since last: 1000599189 ns, Reaching safepoint: 102029 ns, At safepoint: 3246 ns, Total: 105275 ns
[2020-05-16T04:29:15.410+0000][8924][safepoint    ] Safepoint "Cleanup", Time since last: 1000868637 ns, Reaching safepoint: 91362 ns, At safepoint: 1856 ns, Total: 93218 ns
[2020-05-16T04:29:16.411+0000][8924][safepoint    ] Safepoint "Cleanup", Time since last: 1000772637 ns, Reaching safepoint: 70493 ns, At safepoint: 1855 ns, Total: 72348 ns
[2020-05-16T04:29:17.412+0000][8924][safepoint    ] Safepoint "Cleanup", Time since last: 1000409507 ns, Reaching safepoint: 84405 ns, At safepoint: 5566 ns, Total: 89971 ns
[2020-05-16T04:29:18.412+0000][8924][safepoint    ] Safepoint "Cleanup", Time since last: 1000023188 ns, Reaching safepoint: 85333 ns, At safepoint: 3711 ns, Total: 89044 ns
[2020-05-16T04:29:19.412+0000][8924][safepoint    ] Safepoint "Cleanup", Time since last: 1000197101 ns, Reaching safepoint: 84869 ns, At safepoint: 3247 ns, Total: 88116 ns
[2020-05-16T04:29:20.415+0000][8924][safepoint    ] Safepoint "Cleanup", Time since last: 1003118839 ns, Reaching safepoint: 92290 ns, At safepoint: 4174 ns, Total: 96464 ns
[2020-05-16T04:29:22.416+0000][8924][safepoint    ] Safepoint "Cleanup", Time since last: 2000162782 ns, Reaching safepoint: 80232 ns, At safepoint: 3246 ns, Total: 83478 ns
[2020-05-16T04:29:23.416+0000][8924][safepoint    ] Safepoint "Cleanup", Time since last: 1000655304 ns, Reaching safepoint: 88580 ns, At safepoint: 5102 ns, Total: 93682 ns
[2020-05-16T04:29:24.416+0000][8924][safepoint    ] Safepoint "Cleanup", Time since last: 1000052869 ns, Reaching safepoint: 84406 ns, At safepoint: 4174 ns, Total: 88580 ns
[2020-05-16T04:29:25.417+0000][8924][safepoint    ] Safepoint "Cleanup", Time since last: 1000054724 ns, Reaching safepoint: 68638 ns, At safepoint: 5101 ns, Total: 73739 ns
[2020-05-16T04:29:26.417+0000][8924][safepoint    ] Safepoint "Cleanup", Time since last: 1000101566 ns, Reaching safepoint: 68174 ns, At safepoint: 3710 ns, Total: 71884 ns
[2020-05-16T04:29:27.418+0000][8924][safepoint    ] Safepoint "Cleanup", Time since last: 1000774492 ns, Reaching safepoint: 89971 ns, At safepoint: 2783 ns, Total: 92754 ns
[2020-05-16T04:29:28.418+0000][8924][safepoint    ] Safepoint "Cleanup", Time since last: 1000034782 ns, Reaching safepoint: 87189 ns, At safepoint: 5101 ns, Total: 92290 ns
[2020-05-16T04:29:29.418+0000][8924][safepoint    ] Safepoint "Cleanup", Time since last: 1000508753 ns, Reaching safepoint: 84406 ns, At safepoint: 3710 ns, Total: 88116 ns
[2020-05-16T04:29:30.419+0000][8924][safepoint    ] Safepoint "Cleanup", Time since last: 1000752696 ns, Reaching safepoint: 87652 ns, At safepoint: 3710 ns, Total: 91362 ns
[2020-05-16T04:29:31.420+0000][8924][safepoint    ] Safepoint "Cleanup", Time since last: 1000612174 ns, Reaching safepoint: 71420 ns, At safepoint: 2782 ns, Total: 74202 ns
[2020-05-16T04:29:32.421+0000][8924][safepoint    ] Safepoint "Cleanup", Time since last: 1000764290 ns, Reaching safepoint: 54261 ns, At safepoint: 2319 ns, Total: 56580 ns
[2020-05-16T04:29:34.422+0000][8924][safepoint    ] Safepoint "Cleanup", Time since last: 2000924289 ns, Reaching safepoint: 153971 ns, At safepoint: 4174 ns, Total: 158145 ns
[2020-05-16T04:29:35.422+0000][8924][safepoint    ] Safepoint "Cleanup", Time since last: 1000435478 ns, Reaching safepoint: 73275 ns, At safepoint: 3247 ns, Total: 76522 ns
[2020-05-16T04:29:36.423+0000][8924][safepoint    ] Safepoint "Cleanup", Time since last: 1000482318 ns, Reaching safepoint: 97855 ns, At safepoint: 3247 ns, Total: 101102 ns
[2020-05-16T04:29:37.423+0000][8924][safepoint    ] Safepoint "Cleanup", Time since last: 1000438724 ns, Reaching safepoint: 82087 ns, At safepoint: 6029 ns, Total: 88116 ns
[2020-05-16T04:29:38.424+0000][8924][safepoint    ] Safepoint "Cleanup", Time since last: 1000688695 ns, Reaching safepoint: 111768 ns, At safepoint: 4174 ns, Total: 115942 ns
[2020-05-16T04:29:39.425+0000][8924][safepoint    ] Safepoint "Cleanup", Time since last: 1000256464 ns, Reaching safepoint: 79768 ns, At safepoint: 4638 ns, Total: 84406 ns
[2020-05-16T04:29:40.425+0000][8924][safepoint    ] Safepoint "Cleanup", Time since last: 1000160000 ns, Reaching safepoint: 75130 ns, At safepoint: 3246 ns, Total: 78376 ns
[2020-05-16T04:29:42.425+0000][8924][safepoint    ] Safepoint "Cleanup", Time since last: 2000053797 ns, Reaching safepoint: 86261 ns, At safepoint: 3247 ns, Total: 89508 ns
[2020-05-16T04:29:43.426+0000][8924][safepoint    ] Safepoint "Cleanup", Time since last: 1000722086 ns, Reaching safepoint: 69102 ns, At safepoint: 2782 ns, Total: 71884 ns
[2020-05-16T04:29:44.426+0000][8924][safepoint    ] Safepoint "Cleanup", Time since last: 1000363594 ns, Reaching safepoint: 70957 ns, At safepoint: 3246 ns, Total: 74203 ns
[2020-05-16T04:29:45.427+0000][8924][safepoint    ] Safepoint "Cleanup", Time since last: 1000195247 ns, Reaching safepoint: 82550 ns, At safepoint: 1855 ns, Total: 84405 ns
[2020-05-16T04:29:46.427+0000][8924][safepoint    ] Safepoint "Cleanup", Time since last: 1000682667 ns, Reaching safepoint: 93681 ns, At safepoint: 3246 ns, Total: 96927 ns
[2020-05-16T04:29:48.428+0000][8924][safepoint    ] Safepoint "Cleanup", Time since last: 2000256464 ns, Reaching safepoint: 80232 ns, At safepoint: 4637 ns, Total: 84869 ns
[2020-05-16T04:29:49.428+0000][8924][safepoint    ] Safepoint "Cleanup", Time since last: 1000467015 ns, Reaching safepoint: 87652 ns, At safepoint: 3710 ns, Total: 91362 ns
[2020-05-16T04:29:50.429+0000][8924][safepoint    ] Safepoint "Cleanup", Time since last: 1000829217 ns, Reaching safepoint: 69565 ns, At safepoint: 2783 ns, Total: 72348 ns
[2020-05-16T04:29:51.430+0000][8924][safepoint    ] Safepoint "Cleanup", Time since last: 1000686840 ns, Reaching safepoint: 70493 ns, At safepoint: 1855 ns, Total: 72348 ns
[2020-05-16T04:29:52.430+0000][8924][safepoint    ] Safepoint "Cleanup", Time since last: 1000430840 ns, Reaching safepoint: 68638 ns, At safepoint: 3246 ns, Total: 71884 ns
[2020-05-16T04:29:53.431+0000][8924][safepoint    ] Safepoint "Cleanup", Time since last: 1000288927 ns, Reaching safepoint: 85798 ns, At safepoint: 1855 ns, Total: 87653 ns
[2020-05-16T04:29:54.431+0000][8924][safepoint    ] Safepoint "Cleanup", Time since last: 1000255999 ns, Reaching safepoint: 80696 ns, At safepoint: 2783 ns, Total: 83479 ns
[2020-05-16T04:29:55.431+0000][8924][safepoint    ] Safepoint "Cleanup", Time since last: 1000259246 ns, Reaching safepoint: 108522 ns, At safepoint: 3710 ns, Total: 112232 ns
[2020-05-16T04:29:56.432+0000][8924][safepoint    ] Safepoint "Cleanup", Time since last: 1000205449 ns, Reaching safepoint: 77913 ns, At safepoint: 2319 ns, Total: 80232 ns
[2020-05-16T04:29:57.498+0000][8924][safepoint    ] Safepoint "Cleanup", Time since last: 1066075332 ns, Reaching safepoint: 110840 ns, At safepoint: 2783 ns, Total: 113623 ns
[2020-05-16T04:29:58.498+0000][8924][safepoint    ] Safepoint "Cleanup", Time since last: 1000224000 ns, Reaching safepoint: 165101 ns, At safepoint: 31072 ns, Total: 196173 ns
[2020-05-16T04:30:00.499+0000][8924][safepoint    ] Safepoint "Cleanup", Time since last: 2000375189 ns, Reaching safepoint: 86724 ns, At safepoint: 41276 ns, Total: 128000 ns
[2020-05-16T04:30:01.499+0000][8924][safepoint    ] Safepoint "Cleanup", Time since last: 1000255072 ns, Reaching safepoint: 75130 ns, At safepoint: 3247 ns, Total: 78377 ns
[2020-05-16T04:30:02.499+0000][8924][safepoint    ] Safepoint "Cleanup", Time since last: 1000219362 ns, Reaching safepoint: 51478 ns, At safepoint: 1855 ns, Total: 53333 ns
[2020-05-16T04:30:03.500+0000][8924][safepoint    ] Safepoint "Cleanup", Time since last: 1000597333 ns, Reaching safepoint: 72348 ns, At safepoint: 3246 ns, Total: 75594 ns
[2020-05-16T04:30:04.501+0000][8924][safepoint    ] Safepoint "Cleanup", Time since last: 1000685449 ns, Reaching safepoint: 100174 ns, At safepoint: 3710 ns, Total: 103884 ns
[2020-05-16T04:30:05.501+0000][8924][safepoint    ] Safepoint "Cleanup", Time since last: 1000179479 ns, Reaching safepoint: 88579 ns, At safepoint: 54261 ns, Total: 142840 ns
[2020-05-16T04:30:06.502+0000][8924][safepoint    ] Safepoint "Cleanup", Time since last: 1000539362 ns, Reaching safepoint: 74667 ns, At safepoint: 2319 ns, Total: 76986 ns
[2020-05-16T04:30:07.503+0000][8924][safepoint    ] Safepoint "Cleanup", Time since last: 1000787941 ns, Reaching safepoint: 91363 ns, At safepoint: 5101 ns, Total: 96464 ns
[2020-05-16T04:30:08.503+0000][8924][safepoint    ] Safepoint "Cleanup", Time since last: 1000492058 ns, Reaching safepoint: 88116 ns, At safepoint: 3246 ns, Total: 91362 ns
[2020-05-16T04:30:09.534+0000][8924][safepoint    ] Safepoint "Cleanup", Time since last: 1030604044 ns, Reaching safepoint: 89507 ns, At safepoint: 1855 ns, Total: 91362 ns
[2020-05-16T04:30:10.535+0000][8924][safepoint    ] Safepoint "Cleanup", Time since last: 1000413217 ns, Reaching safepoint: 71421 ns, At safepoint: 2782 ns, Total: 74203 ns
[2020-05-16T04:30:12.535+0000][8924][safepoint    ] Safepoint "Cleanup", Time since last: 2000531014 ns, Reaching safepoint: 93681 ns, At safepoint: 1856 ns, Total: 95537 ns
[2020-05-16T04:30:13.536+0000][8924][safepoint    ] Safepoint "Cleanup", Time since last: 1000454956 ns, Reaching safepoint: 131710 ns, At safepoint: 4174 ns, Total: 135884 ns
[2020-05-16T04:30:14.536+0000][8924][safepoint    ] Safepoint "Cleanup", Time since last: 1000166956 ns, Reaching safepoint: 64928 ns, At safepoint: 3246 ns, Total: 68174 ns
[2020-05-16T04:30:15.536+0000][8924][safepoint    ] Safepoint "Cleanup", Time since last: 1000180406 ns, Reaching safepoint: 80232 ns, At safepoint: 3710 ns, Total: 83942 ns
[2020-05-16T04:30:16.536+0000][8924][safepoint    ] Safepoint "Cleanup", Time since last: 1000017623 ns, Reaching safepoint: 98319 ns, At safepoint: 2319 ns, Total: 100638 ns
[2020-05-16T04:30:17.537+0000][8924][safepoint    ] Safepoint "Cleanup", Time since last: 1000705854 ns, Reaching safepoint: 69566 ns, At safepoint: 2782 ns, Total: 72348 ns
[2020-05-16T04:30:18.538+0000][8924][safepoint    ] Safepoint "Cleanup", Time since last: 1000642783 ns, Reaching safepoint: 123826 ns, At safepoint: 2318 ns, Total: 126144 ns
[2020-05-16T04:30:20.539+0000][8924][safepoint    ] Safepoint "Cleanup", Time since last: 2000578319 ns, Reaching safepoint: 61681 ns, At safepoint: 1855 ns, Total: 63536 ns
[2020-05-16T04:30:21.539+0000][8924][safepoint    ] Safepoint "Cleanup", Time since last: 1000135420 ns, Reaching safepoint: 79305 ns, At safepoint: 6029 ns, Total: 85334 ns
[2020-05-16T04:30:22.540+0000][8924][safepoint    ] Safepoint "Cleanup", Time since last: 1000959536 ns, Reaching safepoint: 116405 ns, At safepoint: 3247 ns, Total: 119652 ns
[2020-05-16T04:30:24.540+0000][8924][safepoint    ] Safepoint "Cleanup", Time since last: 2000307014 ns, Reaching safepoint: 86261 ns, At safepoint: 1855 ns, Total: 88116 ns
[2020-05-16T04:30:25.541+0000][8924][safepoint    ] Safepoint "Cleanup", Time since last: 1000439652 ns, Reaching safepoint: 87188 ns, At safepoint: 3710 ns, Total: 90898 ns
[2020-05-16T04:30:26.541+0000][8924][safepoint    ] Safepoint "Cleanup", Time since last: 1000685449 ns, Reaching safepoint: 149334 ns, At safepoint: 4637 ns, Total: 153971 ns
[2020-05-16T04:30:28.542+0000][8924][safepoint    ] Safepoint "Cleanup", Time since last: 2000475362 ns, Reaching safepoint: 76986 ns, At safepoint: 2782 ns, Total: 79768 ns
[2020-05-16T04:30:29.543+0000][8924][safepoint    ] Safepoint "Cleanup", Time since last: 1000633507 ns, Reaching safepoint: 65855 ns, At safepoint: 4174 ns, Total: 70029 ns
[2020-05-16T04:30:30.543+0000][8924][safepoint    ] Safepoint "Cleanup", Time since last: 1000510609 ns, Reaching safepoint: 48695 ns, At safepoint: 2319 ns, Total: 51014 ns
[2020-05-16T04:30:31.544+0000][8924][safepoint    ] Safepoint "Cleanup", Time since last: 1000768000 ns, Reaching safepoint: 102956 ns, At safepoint: 5566 ns, Total: 108522 ns
[2020-05-16T04:30:33.544+0000][8924][safepoint    ] Safepoint "Cleanup", Time since last: 2000059826 ns, Reaching safepoint: 124289 ns, At safepoint: 3247 ns, Total: 127536 ns
[2020-05-16T04:30:34.545+0000][8924][safepoint    ] Safepoint "Cleanup", Time since last: 1000758260 ns, Reaching safepoint: 76058 ns, At safepoint: 3247 ns, Total: 79305 ns
[2020-05-16T04:30:35.546+0000][8924][safepoint    ] Safepoint "Cleanup", Time since last: 1000218434 ns, Reaching safepoint: 85334 ns, At safepoint: 18087 ns, Total: 103421 ns
[2020-05-16T04:30:36.546+0000][8924][safepoint    ] Safepoint "Cleanup", Time since last: 1000494840 ns, Reaching safepoint: 126145 ns, At safepoint: 2782 ns, Total: 128927 ns
[2020-05-16T04:30:37.547+0000][8924][safepoint    ] Safepoint "Cleanup", Time since last: 1000635362 ns, Reaching safepoint: 93682 ns, At safepoint: 4173 ns, Total: 97855 ns
[2020-05-16T04:30:38.547+0000][8924][safepoint    ] Safepoint "Cleanup", Time since last: 1000421102 ns, Reaching safepoint: 91826 ns, At safepoint: 3246 ns, Total: 95072 ns
[2020-05-16T04:30:39.548+0000][8924][safepoint    ] Safepoint "Cleanup", Time since last: 1000280116 ns, Reaching safepoint: 76985 ns, At safepoint: 2783 ns, Total: 79768 ns
[2020-05-16T04:30:40.548+0000][8924][safepoint    ] Safepoint "Cleanup", Time since last: 1000528695 ns, Reaching safepoint: 69102 ns, At safepoint: 2782 ns, Total: 71884 ns
[2020-05-16T04:30:41.549+0000][8924][safepoint    ] Safepoint "Cleanup", Time since last: 1000517102 ns, Reaching safepoint: 77449 ns, At safepoint: 3246 ns, Total: 80695 ns
[2020-05-16T04:30:42.549+0000][8924][safepoint    ] Safepoint "Cleanup", Time since last: 1000298203 ns, Reaching safepoint: 82087 ns, At safepoint: 19014 ns, Total: 101101 ns
[2020-05-16T04:30:43.550+0000][8924][safepoint    ] Safepoint "Cleanup", Time since last: 1000913159 ns, Reaching safepoint: 88580 ns, At safepoint: 3247 ns, Total: 91827 ns
[2020-05-16T04:30:45.551+0000][8924][safepoint    ] Safepoint "Cleanup", Time since last: 2000031536 ns, Reaching safepoint: 75594 ns, At safepoint: 1855 ns, Total: 77449 ns
[2020-05-16T04:30:46.552+0000][8924][safepoint    ] Safepoint "Cleanup", Time since last: 1000872347 ns, Reaching safepoint: 92290 ns, At safepoint: 5565 ns, Total: 97855 ns
[2020-05-16T04:30:47.552+0000][8924][safepoint    ] Safepoint "Cleanup", Time since last: 1000416928 ns, Reaching safepoint: 60753 ns, At safepoint: 2319 ns, Total: 63072 ns
[2020-05-16T04:30:48.553+0000][8924][safepoint    ] Safepoint "Cleanup", Time since last: 1000897391 ns, Reaching safepoint: 70029 ns, At safepoint: 2319 ns, Total: 72348 ns
[2020-05-16T04:30:49.553+0000][8924][safepoint    ] Safepoint "Cleanup", Time since last: 1000042203 ns, Reaching safepoint: 136811 ns, At safepoint: 3710 ns, Total: 140521 ns
[2020-05-16T04:30:50.554+0000][8924][safepoint    ] Safepoint "Cleanup", Time since last: 1000411363 ns, Reaching safepoint: 93681 ns, At safepoint: 19942 ns, Total: 113623 ns
[2020-05-16T04:30:51.554+0000][8924][safepoint    ] Safepoint "Cleanup", Time since last: 1000115014 ns, Reaching safepoint: 96464 ns, At safepoint: 3246 ns, Total: 99710 ns
[2020-05-16T04:30:52.554+0000][8924][safepoint    ] Safepoint "Cleanup", Time since last: 1000477217 ns, Reaching safepoint: 70957 ns, At safepoint: 3246 ns, Total: 74203 ns
[2020-05-16T04:30:53.555+0000][8924][safepoint    ] Safepoint "Cleanup", Time since last: 1000537507 ns, Reaching safepoint: 84406 ns, At safepoint: 3710 ns, Total: 88116 ns
[2020-05-16T04:30:55.555+0000][8924][safepoint    ] Safepoint "Cleanup", Time since last: 2000126609 ns, Reaching safepoint: 72811 ns, At safepoint: 2319 ns, Total: 75130 ns
[2020-05-16T04:30:56.556+0000][8924][safepoint    ] Safepoint "Cleanup", Time since last: 1000814840 ns, Reaching safepoint: 61682 ns, At safepoint: 2318 ns, Total: 64000 ns
[2020-05-16T04:30:57.556+0000][8924][safepoint    ] Safepoint "Cleanup", Time since last: 1000050551 ns, Reaching safepoint: 96928 ns, At safepoint: 3710 ns, Total: 100638 ns
[2020-05-16T04:30:58.557+0000][8924][safepoint    ] Safepoint "Cleanup", Time since last: 1000555594 ns, Reaching safepoint: 139594 ns, At safepoint: 3710 ns, Total: 143304 ns
[2020-05-16T04:30:59.557+0000][8924][safepoint    ] Safepoint "Cleanup", Time since last: 1000325101 ns, Reaching safepoint: 97855 ns, At safepoint: 4638 ns, Total: 102493 ns
[2020-05-16T04:31:00.558+0000][8924][safepoint    ] Safepoint "Cleanup", Time since last: 1000007884 ns, Reaching safepoint: 74667 ns, At safepoint: 2318 ns, Total: 76985 ns
[2020-05-16T04:31:01.558+0000][8924][safepoint    ] Safepoint "Cleanup", Time since last: 1000115015 ns, Reaching safepoint: 64000 ns, At safepoint: 4174 ns, Total: 68174 ns
[2020-05-16T04:31:02.559+0000][8924][safepoint    ] Safepoint "Cleanup", Time since last: 1000896927 ns, Reaching safepoint: 75130 ns, At safepoint: 2783 ns, Total: 77913 ns
[2020-05-16T04:31:03.560+0000][8924][safepoint    ] Safepoint "Cleanup", Time since last: 1000762434 ns, Reaching safepoint: 112232 ns, At safepoint: 4638 ns, Total: 116870 ns
[2020-05-16T04:31:04.560+0000][8924][safepoint    ] Safepoint "Cleanup", Time since last: 1000380290 ns, Reaching safepoint: 67710 ns, At safepoint: 4174 ns, Total: 71884 ns
[2020-05-16T04:31:05.561+0000][8924][safepoint    ] Safepoint "Cleanup", Time since last: 1000606608 ns, Reaching safepoint: 76522 ns, At safepoint: 4637 ns, Total: 81159 ns
[2020-05-16T04:31:06.561+0000][8924][safepoint    ] Safepoint "Cleanup", Time since last: 1000261565 ns, Reaching safepoint: 71884 ns, At safepoint: 3711 ns, Total: 75595 ns
[2020-05-16T04:31:07.562+0000][8924][safepoint    ] Safepoint "Cleanup", Time since last: 1000735535 ns, Reaching safepoint: 96464 ns, At safepoint: 3710 ns, Total: 100174 ns
[2020-05-16T04:31:08.562+0000][8924][safepoint    ] Safepoint "Cleanup", Time since last: 1000423884 ns, Reaching safepoint: 83478 ns, At safepoint: 5102 ns, Total: 88580 ns
[2020-05-16T04:31:09.563+0000][8924][safepoint    ] Safepoint "Cleanup", Time since last: 1000713275 ns, Reaching safepoint: 72811 ns, At safepoint: 4638 ns, Total: 77449 ns
[2020-05-16T04:31:10.563+0000][8924][safepoint    ] Safepoint "Cleanup", Time since last: 1000005102 ns, Reaching safepoint: 102956 ns, At safepoint: 6493 ns, Total: 109449 ns
[2020-05-16T04:31:11.564+0000][8924][safepoint    ] Safepoint "Cleanup", Time since last: 1000356174 ns, Reaching safepoint: 69101 ns, At safepoint: 5101 ns, Total: 74202 ns
[2020-05-16T04:31:12.564+0000][8924][safepoint    ] Safepoint "Cleanup", Time since last: 1000298203 ns, Reaching safepoint: 88580 ns, At safepoint: 3710 ns, Total: 92290 ns
[2020-05-16T04:31:13.564+0000][8924][safepoint    ] Safepoint "Cleanup", Time since last: 1000256000 ns, Reaching safepoint: 83478 ns, At safepoint: 2783 ns, Total: 86261 ns
[2020-05-16T04:31:14.565+0000][8924][safepoint    ] Safepoint "Cleanup", Time since last: 1000345971 ns, Reaching safepoint: 71884 ns, At safepoint: 1855 ns, Total: 73739 ns
[2020-05-16T04:31:15.565+0000][8924][safepoint    ] Safepoint "Cleanup", Time since last: 1000175768 ns, Reaching safepoint: 77913 ns, At safepoint: 5565 ns, Total: 83478 ns
[2020-05-16T04:31:16.566+0000][8924][safepoint    ] Safepoint "Cleanup", Time since last: 1000762898 ns, Reaching safepoint: 69565 ns, At safepoint: 1855 ns, Total: 71420 ns
[2020-05-16T04:31:17.567+0000][8924][safepoint    ] Safepoint "Cleanup", Time since last: 1000926145 ns, Reaching safepoint: 89507 ns, At safepoint: 3710 ns, Total: 93217 ns
[2020-05-16T04:31:18.567+0000][8924][safepoint    ] Safepoint "Cleanup", Time since last: 1000390029 ns, Reaching safepoint: 131710 ns, At safepoint: 3246 ns, Total: 134956 ns
[2020-05-16T04:31:20.568+0000][8924][safepoint    ] Safepoint "Cleanup", Time since last: 2000889507 ns, Reaching safepoint: 86725 ns, At safepoint: 2783 ns, Total: 89508 ns
[2020-05-16T04:31:21.569+0000][8924][safepoint    ] Safepoint "Cleanup", Time since last: 1000376579 ns, Reaching safepoint: 114551 ns, At safepoint: 1855 ns, Total: 116406 ns
[2020-05-16T04:31:22.569+0000][8924][safepoint    ] Safepoint "Cleanup", Time since last: 1000369159 ns, Reaching safepoint: 84870 ns, At safepoint: 3710 ns, Total: 88580 ns
[2020-05-16T04:31:23.570+0000][8924][safepoint    ] Safepoint "Cleanup", Time since last: 1000041275 ns, Reaching safepoint: 103884 ns, At safepoint: 1855 ns, Total: 105739 ns
[2020-05-16T04:31:24.570+0000][8924][safepoint    ] Safepoint "Cleanup", Time since last: 1000690551 ns, Reaching safepoint: 101101 ns, At safepoint: 1855 ns, Total: 102956 ns
[2020-05-16T04:31:25.571+0000][8924][safepoint    ] Safepoint "Cleanup", Time since last: 1000335768 ns, Reaching safepoint: 80696 ns, At safepoint: 4174 ns, Total: 84870 ns
[2020-05-16T04:31:26.572+0000][8924][safepoint    ] Safepoint "Cleanup", Time since last: 1000701217 ns, Reaching safepoint: 94608 ns, At safepoint: 2783 ns, Total: 97391 ns
[2020-05-16T04:31:27.572+0000][8924][safepoint    ] Safepoint "Cleanup", Time since last: 1000013449 ns, Reaching safepoint: 96928 ns, At safepoint: 3710 ns, Total: 100638 ns
[2020-05-16T04:31:28.573+0000][8924][safepoint    ] Safepoint "Cleanup", Time since last: 1000893217 ns, Reaching safepoint: 78376 ns, At safepoint: 2783 ns, Total: 81159 ns
[2020-05-16T04:31:29.573+0000][8924][safepoint    ] Safepoint "Cleanup", Time since last: 1000161855 ns, Reaching safepoint: 72348 ns, At safepoint: 3710 ns, Total: 76058 ns
[2020-05-16T04:31:30.573+0000][8924][safepoint    ] Safepoint "Cleanup", Time since last: 1000128928 ns, Reaching safepoint: 69101 ns, At safepoint: 3246 ns, Total: 72347 ns
[2020-05-16T04:31:31.573+0000][8924][safepoint    ] Safepoint "Cleanup", Time since last: 1000167884 ns, Reaching safepoint: 73276 ns, At safepoint: 3246 ns, Total: 76522 ns
[2020-05-16T04:31:32.573+0000][8924][safepoint    ] Safepoint "Cleanup", Time since last: 1000012986 ns, Reaching safepoint: 89043 ns, At safepoint: 2319 ns, Total: 91362 ns
[2020-05-16T04:31:33.574+0000][8924][safepoint    ] Safepoint "Cleanup", Time since last: 1000809739 ns, Reaching safepoint: 69101 ns, At safepoint: 3246 ns, Total: 72347 ns
[2020-05-16T04:31:35.574+0000][8924][safepoint    ] Safepoint "Cleanup", Time since last: 2000083015 ns, Reaching safepoint: 81623 ns, At safepoint: 3710 ns, Total: 85333 ns
[2020-05-16T04:31:36.575+0000][8924][safepoint    ] Safepoint "Cleanup", Time since last: 1000528232 ns, Reaching safepoint: 96000 ns, At safepoint: 3246 ns, Total: 99246 ns
[2020-05-16T04:31:38.575+0000][8924][safepoint    ] Safepoint "Cleanup", Time since last: 2000086725 ns, Reaching safepoint: 75130 ns, At safepoint: 16696 ns, Total: 91826 ns
[2020-05-16T04:31:40.576+0000][8924][safepoint    ] Safepoint "Cleanup", Time since last: 2000664115 ns, Reaching safepoint: 79768 ns, At safepoint: 2783 ns, Total: 82551 ns
[2020-05-16T04:31:41.576+0000][8924][safepoint    ] Safepoint "Cleanup", Time since last: 1000256927 ns, Reaching safepoint: 81624 ns, At safepoint: 3246 ns, Total: 84870 ns
[2020-05-16T04:31:42.577+0000][8924][safepoint    ] Safepoint "Cleanup", Time since last: 1000328348 ns, Reaching safepoint: 72347 ns, At safepoint: 4638 ns, Total: 76985 ns
[2020-05-16T04:31:43.577+0000][8924][safepoint    ] Safepoint "Cleanup", Time since last: 1000508753 ns, Reaching safepoint: 78841 ns, At safepoint: 2783 ns, Total: 81624 ns
[2020-05-16T04:31:44.578+0000][8924][safepoint    ] Safepoint "Cleanup", Time since last: 1000200811 ns, Reaching safepoint: 75594 ns, At safepoint: 1855 ns, Total: 77449 ns
[2020-05-16T04:31:45.578+0000][8924][safepoint    ] Safepoint "Cleanup", Time since last: 1000216116 ns, Reaching safepoint: 86261 ns, At safepoint: 3246 ns, Total: 89507 ns
[2020-05-16T04:31:46.579+0000][8924][safepoint    ] Safepoint "Cleanup", Time since last: 1000443363 ns, Reaching safepoint: 70492 ns, At safepoint: 3710 ns, Total: 74202 ns
[2020-05-16T04:31:48.579+0000][8924][safepoint    ] Safepoint "Cleanup", Time since last: 2000004638 ns, Reaching safepoint: 81159 ns, At safepoint: 3711 ns, Total: 84870 ns
[2020-05-16T04:31:49.579+0000][8924][safepoint    ] Safepoint "Cleanup", Time since last: 1000720695 ns, Reaching safepoint: 70493 ns, At safepoint: 2782 ns, Total: 73275 ns
[2020-05-16T04:31:50.580+0000][8924][safepoint    ] Safepoint "Cleanup", Time since last: 1000807420 ns, Reaching safepoint: 89971 ns, At safepoint: 1855 ns, Total: 91826 ns
[2020-05-16T04:31:51.581+0000][8924][safepoint    ] Safepoint "Cleanup", Time since last: 1000159536 ns, Reaching safepoint: 72812 ns, At safepoint: 2319 ns, Total: 75131 ns
[2020-05-16T04:31:52.581+0000][8924][safepoint    ] Safepoint "Cleanup", Time since last: 1000048695 ns, Reaching safepoint: 88580 ns, At safepoint: 3246 ns, Total: 91826 ns
[2020-05-16T04:31:54.581+0000][8924][safepoint    ] Safepoint "Cleanup", Time since last: 2000068174 ns, Reaching safepoint: 100638 ns, At safepoint: 3710 ns, Total: 104348 ns
[2020-05-16T04:31:55.582+0000][8924][safepoint    ] Safepoint "Cleanup", Time since last: 1000805565 ns, Reaching safepoint: 94609 ns, At safepoint: 3710 ns, Total: 98319 ns
[2020-05-16T04:31:56.599+0000][8924][safepoint    ] Safepoint "Cleanup", Time since last: 1017324977 ns, Reaching safepoint: 84406 ns, At safepoint: 6029 ns, Total: 90435 ns
[2020-05-16T04:31:57.600+0000][8924][safepoint    ] Safepoint "Cleanup", Time since last: 1000479072 ns, Reaching safepoint: 69565 ns, At safepoint: 3711 ns, Total: 73276 ns
[2020-05-16T04:31:58.600+0000][8924][safepoint    ] Safepoint "Cleanup", Time since last: 1000086724 ns, Reaching safepoint: 95536 ns, At safepoint: 3710 ns, Total: 99246 ns
[2020-05-16T04:31:59.601+0000][8924][safepoint    ] Safepoint "Cleanup", Time since last: 1000653913 ns, Reaching safepoint: 91826 ns, At safepoint: 2319 ns, Total: 94145 ns
[2020-05-16T04:32:00.601+0000][8924][safepoint    ] Safepoint "Cleanup", Time since last: 1000676637 ns, Reaching safepoint: 76522 ns, At safepoint: 4174 ns, Total: 80696 ns
[2020-05-16T04:32:01.602+0000][8924][safepoint    ] Safepoint "Cleanup", Time since last: 1000762898 ns, Reaching safepoint: 72348 ns, At safepoint: 3710 ns, Total: 76058 ns
[2020-05-16T04:32:02.602+0000][8924][safepoint    ] Safepoint "Cleanup", Time since last: 1000083015 ns, Reaching safepoint: 71884 ns, At safepoint: 1855 ns, Total: 73739 ns
[2020-05-16T04:32:03.603+0000][8924][safepoint    ] Safepoint "Cleanup", Time since last: 1000153971 ns, Reaching safepoint: 85333 ns, At safepoint: 3246 ns, Total: 88579 ns
[2020-05-16T04:32:04.604+0000][8924][safepoint    ] Safepoint "Cleanup", Time since last: 1000966956 ns, Reaching safepoint: 96464 ns, At safepoint: 3710 ns, Total: 100174 ns
[2020-05-16T04:32:05.604+0000][8924][safepoint    ] Safepoint "Cleanup", Time since last: 1000017160 ns, Reaching safepoint: 91826 ns, At safepoint: 3246 ns, Total: 95072 ns
[2020-05-16T04:32:06.604+0000][8924][safepoint    ] Safepoint "Cleanup", Time since last: 1000054261 ns, Reaching safepoint: 114551 ns, At safepoint: 6029 ns, Total: 120580 ns
[2020-05-16T04:32:07.605+0000][8924][safepoint    ] Safepoint "Cleanup", Time since last: 1000579709 ns, Reaching safepoint: 88580 ns, At safepoint: 2783 ns, Total: 91363 ns
[2020-05-16T04:32:08.605+0000][8924][safepoint    ] Safepoint "Cleanup", Time since last: 1000091362 ns, Reaching safepoint: 92290 ns, At safepoint: 3246 ns, Total: 95536 ns
[2020-05-16T04:32:09.605+0000][8924][safepoint    ] Safepoint "Cleanup", Time since last: 1000283362 ns, Reaching safepoint: 81160 ns, At safepoint: 4637 ns, Total: 85797 ns
[2020-05-16T04:32:11.606+0000][8924][safepoint    ] Safepoint "Cleanup", Time since last: 2000501797 ns, Reaching safepoint: 69102 ns, At safepoint: 5101 ns, Total: 74203 ns
[2020-05-16T04:32:12.607+0000][8924][safepoint    ] Safepoint "Cleanup", Time since last: 1000887652 ns, Reaching safepoint: 89043 ns, At safepoint: 5102 ns, Total: 94145 ns
[2020-05-16T04:32:13.607+0000][8924][safepoint    ] Safepoint "Cleanup", Time since last: 1000606145 ns, Reaching safepoint: 72347 ns, At safepoint: 2783 ns, Total: 75130 ns
[2020-05-16T04:32:14.608+0000][8924][safepoint    ] Safepoint "Cleanup", Time since last: 1000146551 ns, Reaching safepoint: 72347 ns, At safepoint: 3247 ns, Total: 75594 ns
[2020-05-16T04:32:15.609+0000][8924][safepoint    ] Safepoint "Cleanup", Time since last: 1000851014 ns, Reaching safepoint: 65855 ns, At safepoint: 3710 ns, Total: 69565 ns
[2020-05-16T04:32:16.609+0000][8924][safepoint    ] Safepoint "Cleanup", Time since last: 1000302840 ns, Reaching safepoint: 78841 ns, At safepoint: 3246 ns, Total: 82087 ns
[2020-05-16T04:32:17.610+0000][8924][safepoint    ] Safepoint "Cleanup", Time since last: 1000727652 ns, Reaching safepoint: 675246 ns, At safepoint: 3247 ns, Total: 678493 ns
[2020-05-16T04:32:19.611+0000][8924][safepoint    ] Safepoint "Cleanup", Time since last: 2000204058 ns, Reaching safepoint: 68637 ns, At safepoint: 2783 ns, Total: 71420 ns
[2020-05-16T04:32:20.611+0000][8924][safepoint    ] Safepoint "Cleanup", Time since last: 1000008811 ns, Reaching safepoint: 112232 ns, At safepoint: 5102 ns, Total: 117334 ns
[2020-05-16T04:32:21.611+0000][8924][safepoint    ] Safepoint "Cleanup", Time since last: 1000092289 ns, Reaching safepoint: 82087 ns, At safepoint: 3247 ns, Total: 85334 ns
[2020-05-16T04:32:22.612+0000][8924][safepoint    ] Safepoint "Cleanup", Time since last: 1000728115 ns, Reaching safepoint: 77450 ns, At safepoint: 4174 ns, Total: 81624 ns
[2020-05-16T04:32:24.612+0000][8924][safepoint    ] Safepoint "Cleanup", Time since last: 2000516173 ns, Reaching safepoint: 76058 ns, At safepoint: 3246 ns, Total: 79304 ns
[2020-05-16T04:32:25.721+0000][8924][safepoint    ] Safepoint "Cleanup", Time since last: 1108700240 ns, Reaching safepoint: 101565 ns, At safepoint: 16696 ns, Total: 118261 ns
[2020-05-16T04:32:26.722+0000][8924][safepoint    ] Safepoint "Cleanup", Time since last: 1000230956 ns, Reaching safepoint: 91826 ns, At safepoint: 6029 ns, Total: 97855 ns
[2020-05-16T04:32:27.722+0000][8924][safepoint    ] Safepoint "Cleanup", Time since last: 1000693333 ns, Reaching safepoint: 104348 ns, At safepoint: 5101 ns, Total: 109449 ns
[2020-05-16T04:32:28.723+0000][8924][safepoint    ] Safepoint "Cleanup", Time since last: 1000842203 ns, Reaching safepoint: 93681 ns, At safepoint: 3246 ns, Total: 96927 ns
[2020-05-16T04:32:29.724+0000][8924][safepoint    ] Safepoint "Cleanup", Time since last: 1000638609 ns, Reaching safepoint: 68174 ns, At safepoint: 1855 ns, Total: 70029 ns
[2020-05-16T04:32:30.724+0000][8924][safepoint    ] Safepoint "Cleanup", Time since last: 1000364521 ns, Reaching safepoint: 96928 ns, At safepoint: 4638 ns, Total: 101566 ns
[2020-05-16T04:32:31.725+0000][8924][safepoint    ] Safepoint "Cleanup", Time since last: 1000882550 ns, Reaching safepoint: 90898 ns, At safepoint: 3710 ns, Total: 94608 ns
[2020-05-16T04:32:32.726+0000][8924][safepoint    ] Safepoint "Cleanup", Time since last: 1000501797 ns, Reaching safepoint: 146551 ns, At safepoint: 20870 ns, Total: 167421 ns
[2020-05-16T04:32:33.726+0000][8924][safepoint    ] Safepoint "Cleanup", Time since last: 1000014840 ns, Reaching safepoint: 70493 ns, At safepoint: 1855 ns, Total: 72348 ns
[2020-05-16T04:32:34.726+0000][8924][safepoint    ] Safepoint "Cleanup", Time since last: 1000173913 ns, Reaching safepoint: 89971 ns, At safepoint: 2319 ns, Total: 92290 ns
[2020-05-16T04:32:35.727+0000][8924][safepoint    ] Safepoint "Cleanup", Time since last: 1000825043 ns, Reaching safepoint: 88579 ns, At safepoint: 4638 ns, Total: 93217 ns
[2020-05-16T04:32:36.728+0000][8924][safepoint    ] Safepoint "Cleanup", Time since last: 1000709565 ns, Reaching safepoint: 88116 ns, At safepoint: 3246 ns, Total: 91362 ns
[2020-05-16T04:32:37.728+0000][8924][safepoint    ] Safepoint "Cleanup", Time since last: 1000082551 ns, Reaching safepoint: 83478 ns, At safepoint: 4174 ns, Total: 87652 ns
[2020-05-16T04:32:38.729+0000][8924][safepoint    ] Safepoint "Cleanup", Time since last: 1000577391 ns, Reaching safepoint: 71420 ns, At safepoint: 3247 ns, Total: 74667 ns
[2020-05-16T04:32:40.729+0000][8924][safepoint    ] Safepoint "Cleanup", Time since last: 2000382608 ns, Reaching safepoint: 119189 ns, At safepoint: 2782 ns, Total: 121971 ns
[2020-05-16T04:32:41.730+0000][8924][safepoint    ] Safepoint "Cleanup", Time since last: 1000345044 ns, Reaching safepoint: 87188 ns, At safepoint: 3710 ns, Total: 90898 ns
[2020-05-16T04:32:42.730+0000][8924][safepoint    ] Safepoint "Cleanup", Time since last: 1000178551 ns, Reaching safepoint: 97391 ns, At safepoint: 3246 ns, Total: 100637 ns
[2020-05-16T04:32:43.730+0000][8924][safepoint    ] Safepoint "Cleanup", Time since last: 1000158609 ns, Reaching safepoint: 66783 ns, At safepoint: 4637 ns, Total: 71420 ns
[2020-05-16T04:32:44.731+0000][8924][safepoint    ] Safepoint "Cleanup", Time since last: 1000844522 ns, Reaching safepoint: 92753 ns, At safepoint: 3710 ns, Total: 96463 ns
[2020-05-16T04:32:45.732+0000][8924][safepoint    ] Safepoint "Cleanup", Time since last: 1000958145 ns, Reaching safepoint: 81159 ns, At safepoint: 4638 ns, Total: 85797 ns
[2020-05-16T04:32:46.733+0000][8924][safepoint    ] Safepoint "Cleanup", Time since last: 1000332521 ns, Reaching safepoint: 71884 ns, At safepoint: 3247 ns, Total: 75131 ns
[2020-05-16T04:32:47.733+0000][8924][safepoint    ] Safepoint "Cleanup", Time since last: 1000155362 ns, Reaching safepoint: 91362 ns, At safepoint: 4638 ns, Total: 96000 ns
[2020-05-16T04:32:49.734+0000][8924][safepoint    ] Safepoint "Cleanup", Time since last: 2000707246 ns, Reaching safepoint: 79768 ns, At safepoint: 3247 ns, Total: 83015 ns
[2020-05-16T04:32:50.734+0000][8924][safepoint    ] Safepoint "Cleanup", Time since last: 1000442434 ns, Reaching safepoint: 107131 ns, At safepoint: 3710 ns, Total: 110841 ns
[2020-05-16T04:32:51.735+0000][8924][safepoint    ] Safepoint "Cleanup", Time since last: 1000274087 ns, Reaching safepoint: 79304 ns, At safepoint: 2782 ns, Total: 82086 ns
[2020-05-16T04:32:52.736+0000][8924][safepoint    ] Safepoint "Cleanup", Time since last: 1000637681 ns, Reaching safepoint: 113160 ns, At safepoint: 16232 ns, Total: 129392 ns
[2020-05-16T04:32:53.736+0000][8924][safepoint    ] Safepoint "Cleanup", Time since last: 1000342260 ns, Reaching safepoint: 74203 ns, At safepoint: 5102 ns, Total: 79305 ns
[2020-05-16T04:32:54.737+0000][8924][safepoint    ] Safepoint "Cleanup", Time since last: 1000764753 ns, Reaching safepoint: 69565 ns, At safepoint: 4638 ns, Total: 74203 ns
[2020-05-16T04:32:56.737+0000][8924][safepoint    ] Safepoint "Cleanup", Time since last: 2000167884 ns, Reaching safepoint: 90434 ns, At safepoint: 3247 ns, Total: 93681 ns
[2020-05-16T04:32:57.738+0000][8924][safepoint    ] Safepoint "Cleanup", Time since last: 1000844057 ns, Reaching safepoint: 77450 ns, At safepoint: 6492 ns, Total: 83942 ns
[2020-05-16T04:32:58.738+0000][8924][safepoint    ] Safepoint "Cleanup", Time since last: 1000392812 ns, Reaching safepoint: 70029 ns, At safepoint: 3710 ns, Total: 73739 ns
[2020-05-16T04:32:59.739+0000][8924][safepoint    ] Safepoint "Cleanup", Time since last: 1000221681 ns, Reaching safepoint: 96927 ns, At safepoint: 5102 ns, Total: 102029 ns
[2020-05-16T04:33:00.789+0000][8924][safepoint    ] Safepoint "Cleanup", Time since last: 1050178759 ns, Reaching safepoint: 99247 ns, At safepoint: 5101 ns, Total: 104348 ns
[2020-05-16T04:33:01.790+0000][8924][safepoint    ] Safepoint "Cleanup", Time since last: 1000826434 ns, Reaching safepoint: 84406 ns, At safepoint: 4174 ns, Total: 88580 ns
[2020-05-16T04:33:03.790+0000][8924][safepoint    ] Safepoint "Cleanup", Time since last: 2000172985 ns, Reaching safepoint: 93682 ns, At safepoint: 42202 ns, Total: 135884 ns
[2020-05-16T04:33:04.791+0000][8924][safepoint    ] Safepoint "Cleanup", Time since last: 1000775420 ns, Reaching safepoint: 82551 ns, At safepoint: 4174 ns, Total: 86725 ns
[2020-05-16T04:33:05.792+0000][8924][safepoint    ] Safepoint "Cleanup", Time since last: 1000349217 ns, Reaching safepoint: 106203 ns, At safepoint: 11130 ns, Total: 117333 ns
[2020-05-16T04:33:06.792+0000][8924][safepoint    ] Safepoint "Cleanup", Time since last: 1000335768 ns, Reaching safepoint: 91827 ns, At safepoint: 3710 ns, Total: 95537 ns
[2020-05-16T04:33:07.792+0000][8924][safepoint    ] Safepoint "Cleanup", Time since last: 1000312115 ns, Reaching safepoint: 73740 ns, At safepoint: 3246 ns, Total: 76986 ns
[2020-05-16T04:33:08.793+0000][8924][safepoint    ] Safepoint "Cleanup", Time since last: 1000885797 ns, Reaching safepoint: 102492 ns, At safepoint: 3247 ns, Total: 105739 ns
[2020-05-16T04:33:09.794+0000][8924][safepoint    ] Safepoint "Cleanup", Time since last: 1000033391 ns, Reaching safepoint: 83478 ns, At safepoint: 3710 ns, Total: 87188 ns
[2020-05-16T04:33:10.794+0000][8924][safepoint    ] Safepoint "Cleanup", Time since last: 1000722087 ns, Reaching safepoint: 92290 ns, At safepoint: 3246 ns, Total: 95536 ns
[2020-05-16T04:33:11.795+0000][8924][safepoint    ] Safepoint "Cleanup", Time since last: 1000175304 ns, Reaching safepoint: 91826 ns, At safepoint: 1856 ns, Total: 93682 ns
[2020-05-16T04:33:12.796+0000][8924][safepoint    ] Safepoint "Cleanup", Time since last: 1000889043 ns, Reaching safepoint: 77913 ns, At safepoint: 3246 ns, Total: 81159 ns
[2020-05-16T04:33:13.796+0000][8924][safepoint    ] Safepoint "Cleanup", Time since last: 1000317681 ns, Reaching safepoint: 90899 ns, At safepoint: 3246 ns, Total: 94145 ns
[2020-05-16T04:33:15.797+0000][8924][safepoint    ] Safepoint "Cleanup", Time since last: 2000873739 ns, Reaching safepoint: 70956 ns, At safepoint: 4638 ns, Total: 75594 ns
[2020-05-16T04:33:16.797+0000][8924][safepoint    ] Safepoint "Cleanup", Time since last: 1000333449 ns, Reaching safepoint: 94609 ns, At safepoint: 5101 ns, Total: 99710 ns
[2020-05-16T04:33:17.798+0000][8924][safepoint    ] Safepoint "Cleanup", Time since last: 1000205449 ns, Reaching safepoint: 96000 ns, At safepoint: 19942 ns, Total: 115942 ns
[2020-05-16T04:33:18.798+0000][8924][safepoint    ] Safepoint "Cleanup", Time since last: 1000476754 ns, Reaching safepoint: 85797 ns, At safepoint: 4637 ns, Total: 90434 ns
[2020-05-16T04:33:19.799+0000][8924][safepoint    ] Safepoint "Cleanup", Time since last: 1000194319 ns, Reaching safepoint: 69101 ns, At safepoint: 3247 ns, Total: 72348 ns
[2020-05-16T04:33:21.799+0000][8924][safepoint    ] Safepoint "Cleanup", Time since last: 2000220753 ns, Reaching safepoint: 110841 ns, At safepoint: 4174 ns, Total: 115015 ns
[2020-05-16T04:33:23.799+0000][8924][safepoint    ] Safepoint "Cleanup", Time since last: 2000399304 ns, Reaching safepoint: 92290 ns, At safepoint: 4174 ns, Total: 96464 ns
[2020-05-16T04:33:24.800+0000][8924][safepoint    ] Safepoint "Cleanup", Time since last: 1000018550 ns, Reaching safepoint: 135421 ns, At safepoint: 3710 ns, Total: 139131 ns
[2020-05-16T04:33:25.800+0000][8924][safepoint    ] Safepoint "Cleanup", Time since last: 1000452173 ns, Reaching safepoint: 74203 ns, At safepoint: 3247 ns, Total: 77450 ns
[2020-05-16T04:33:26.800+0000][8924][safepoint    ] Safepoint "Cleanup", Time since last: 1000125681 ns, Reaching safepoint: 105275 ns, At safepoint: 3246 ns, Total: 108521 ns
[2020-05-16T04:33:28.801+0000][8924][safepoint    ] Safepoint "Cleanup", Time since last: 2000191073 ns, Reaching safepoint: 87188 ns, At safepoint: 3247 ns, Total: 90435 ns
[2020-05-16T04:33:29.801+0000][8924][safepoint    ] Safepoint "Cleanup", Time since last: 1000060753 ns, Reaching safepoint: 87189 ns, At safepoint: 2782 ns, Total: 89971 ns
[2020-05-16T04:33:30.801+0000][8924][safepoint    ] Safepoint "Cleanup", Time since last: 1000484638 ns, Reaching safepoint: 82550 ns, At safepoint: 3710 ns, Total: 86260 ns
[2020-05-16T04:33:31.802+0000][8924][safepoint    ] Safepoint "Cleanup", Time since last: 1000441508 ns, Reaching safepoint: 92753 ns, At safepoint: 4638 ns, Total: 97391 ns
[2020-05-16T04:33:32.803+0000][8924][safepoint    ] Safepoint "Cleanup", Time since last: 1000809275 ns, Reaching safepoint: 73275 ns, At safepoint: 3710 ns, Total: 76985 ns
[2020-05-16T04:33:33.804+0000][8924][safepoint    ] Safepoint "Cleanup", Time since last: 1000833391 ns, Reaching safepoint: 95536 ns, At safepoint: 3247 ns, Total: 98783 ns
[2020-05-16T04:33:34.804+0000][8924][safepoint    ] Safepoint "Cleanup", Time since last: 1000429913 ns, Reaching safepoint: 69101 ns, At safepoint: 3246 ns, Total: 72347 ns
[2020-05-16T04:33:35.805+0000][8924][safepoint    ] Safepoint "Cleanup", Time since last: 1000272232 ns, Reaching safepoint: 91826 ns, At safepoint: 4638 ns, Total: 96464 ns
[2020-05-16T04:33:36.805+0000][8924][safepoint    ] Safepoint "Cleanup", Time since last: 1000778202 ns, Reaching safepoint: 66319 ns, At safepoint: 2783 ns, Total: 69102 ns
[2020-05-16T04:33:37.806+0000][8924][safepoint    ] Safepoint "Cleanup", Time since last: 1000964173 ns, Reaching safepoint: 77449 ns, At safepoint: 3247 ns, Total: 80696 ns
[2020-05-16T04:33:38.807+0000][8924][safepoint    ] Safepoint "Cleanup", Time since last: 1000641855 ns, Reaching safepoint: 81623 ns, At safepoint: 3710 ns, Total: 85333 ns
[2020-05-16T04:33:39.808+0000][8924][safepoint    ] Safepoint "Cleanup", Time since last: 1000747130 ns, Reaching safepoint: 83014 ns, At safepoint: 3711 ns, Total: 86725 ns
[2020-05-16T04:33:40.809+0000][8924][safepoint    ] Safepoint "Cleanup", Time since last: 1000784695 ns, Reaching safepoint: 86724 ns, At safepoint: 3711 ns, Total: 90435 ns
[2020-05-16T04:33:41.810+0000][8924][safepoint    ] Safepoint "Cleanup", Time since last: 1000760115 ns, Reaching safepoint: 83478 ns, At safepoint: 4174 ns, Total: 87652 ns
[2020-05-16T04:33:42.810+0000][8924][safepoint    ] Safepoint "Cleanup", Time since last: 1000107595 ns, Reaching safepoint: 68173 ns, At safepoint: 3247 ns, Total: 71420 ns
[2020-05-16T04:33:43.810+0000][8924][safepoint    ] Safepoint "Cleanup", Time since last: 1000303304 ns, Reaching safepoint: 76985 ns, At safepoint: 4174 ns, Total: 81159 ns
[2020-05-16T04:33:44.811+0000][8924][safepoint    ] Safepoint "Cleanup", Time since last: 1000211015 ns, Reaching safepoint: 72811 ns, At safepoint: 2783 ns, Total: 75594 ns
[2020-05-16T04:33:45.811+0000][8924][safepoint    ] Safepoint "Cleanup", Time since last: 1000076985 ns, Reaching safepoint: 65855 ns, At safepoint: 3247 ns, Total: 69102 ns
[2020-05-16T04:33:46.811+0000][8924][safepoint    ] Safepoint "Cleanup", Time since last: 1000395594 ns, Reaching safepoint: 96000 ns, At safepoint: 4174 ns, Total: 100174 ns
[2020-05-16T04:33:47.812+0000][8924][safepoint    ] Safepoint "Cleanup", Time since last: 1000794434 ns, Reaching safepoint: 83942 ns, At safepoint: 2783 ns, Total: 86725 ns
[2020-05-16T04:33:48.813+0000][8924][safepoint    ] Safepoint "Cleanup", Time since last: 1000853796 ns, Reaching safepoint: 70493 ns, At safepoint: 4174 ns, Total: 74667 ns
[2020-05-16T04:33:49.813+0000][8924][safepoint    ] Safepoint "Cleanup", Time since last: 1000020406 ns, Reaching safepoint: 78840 ns, At safepoint: 5102 ns, Total: 83942 ns
[2020-05-16T04:33:50.813+0000][8924][safepoint    ] Safepoint "Cleanup", Time since last: 1000164637 ns, Reaching safepoint: 81624 ns, At safepoint: 3710 ns, Total: 85334 ns
[2020-05-16T04:33:51.814+0000][8924][safepoint    ] Safepoint "Cleanup", Time since last: 1000394666 ns, Reaching safepoint: 85334 ns, At safepoint: 3710 ns, Total: 89044 ns
[2020-05-16T04:33:52.815+0000][8924][safepoint    ] Safepoint "Cleanup", Time since last: 1000742492 ns, Reaching safepoint: 73275 ns, At safepoint: 4638 ns, Total: 77913 ns
[2020-05-16T04:33:53.815+0000][8924][safepoint    ] Safepoint "Cleanup", Time since last: 1000208696 ns, Reaching safepoint: 96927 ns, At safepoint: 3710 ns, Total: 100637 ns
[2020-05-16T04:33:54.816+0000][8924][safepoint    ] Safepoint "Cleanup", Time since last: 1000704000 ns, Reaching safepoint: 76985 ns, At safepoint: 3247 ns, Total: 80232 ns
[2020-05-16T04:33:56.816+0000][8924][safepoint    ] Safepoint "Cleanup", Time since last: 2000273623 ns, Reaching safepoint: 101101 ns, At safepoint: 3710 ns, Total: 104811 ns
[2020-05-16T04:33:57.817+0000][8924][safepoint    ] Safepoint "Cleanup", Time since last: 1000558377 ns, Reaching safepoint: 68638 ns, At safepoint: 2782 ns, Total: 71420 ns
[2020-05-16T04:33:59.817+0000][8924][safepoint    ] Safepoint "Cleanup", Time since last: 2000008812 ns, Reaching safepoint: 72348 ns, At safepoint: 2782 ns, Total: 75130 ns
[2020-05-16T04:34:00.818+0000][8924][safepoint    ] Safepoint "Cleanup", Time since last: 1000862608 ns, Reaching safepoint: 76522 ns, At safepoint: 4638 ns, Total: 81160 ns
[2020-05-16T04:34:01.818+0000][8924][safepoint    ] Safepoint "Cleanup", Time since last: 1000321391 ns, Reaching safepoint: 90435 ns, At safepoint: 5101 ns, Total: 95536 ns
[2020-05-16T04:34:02.819+0000][8924][safepoint    ] Safepoint "Cleanup", Time since last: 1000322319 ns, Reaching safepoint: 89507 ns, At safepoint: 4174 ns, Total: 93681 ns
[2020-05-16T04:34:03.820+0000][8924][safepoint    ] Safepoint "Cleanup", Time since last: 1000829217 ns, Reaching safepoint: 79304 ns, At safepoint: 3247 ns, Total: 82551 ns
[2020-05-16T04:34:04.820+0000][8924][safepoint    ] Safepoint "Cleanup", Time since last: 1000868637 ns, Reaching safepoint: 92754 ns, At safepoint: 3710 ns, Total: 96464 ns
[2020-05-16T04:34:06.822+0000][8924][safepoint    ] Safepoint "Cleanup", Time since last: 2001019825 ns, Reaching safepoint: 73276 ns, At safepoint: 11594 ns, Total: 84870 ns
[2020-05-16T04:34:07.822+0000][8924][safepoint    ] Safepoint "Cleanup", Time since last: 1000416927 ns, Reaching safepoint: 70029 ns, At safepoint: 3247 ns, Total: 73276 ns
[2020-05-16T04:34:08.823+0000][8924][safepoint    ] Safepoint "Cleanup", Time since last: 1000395594 ns, Reaching safepoint: 67710 ns, At safepoint: 2782 ns, Total: 70492 ns
[2020-05-16T04:34:09.823+0000][8924][safepoint    ] Safepoint "Cleanup", Time since last: 1000502261 ns, Reaching safepoint: 84869 ns, At safepoint: 2783 ns, Total: 87652 ns
[2020-05-16T04:34:10.824+0000][8924][safepoint    ] Safepoint "Cleanup", Time since last: 1000729507 ns, Reaching safepoint: 67246 ns, At safepoint: 3247 ns, Total: 70493 ns
[2020-05-16T04:34:11.824+0000][8924][safepoint    ] Safepoint "Cleanup", Time since last: 1000070029 ns, Reaching safepoint: 93681 ns, At safepoint: 3710 ns, Total: 97391 ns
[2020-05-16T04:34:12.825+0000][8924][safepoint    ] Safepoint "Cleanup", Time since last: 1000292174 ns, Reaching safepoint: 66318 ns, At safepoint: 2783 ns, Total: 69101 ns
[2020-05-16T04:34:13.825+0000][8924][safepoint    ] Safepoint "Cleanup", Time since last: 1000891826 ns, Reaching safepoint: 83478 ns, At safepoint: 3710 ns, Total: 87188 ns
[2020-05-16T04:34:14.826+0000][8924][safepoint    ] Safepoint "Cleanup", Time since last: 1000832927 ns, Reaching safepoint: 72348 ns, At safepoint: 1855 ns, Total: 74203 ns
[2020-05-16T04:34:15.827+0000][8924][safepoint    ] Safepoint "Cleanup", Time since last: 1000535188 ns, Reaching safepoint: 69565 ns, At safepoint: 3247 ns, Total: 72812 ns
[2020-05-16T04:34:17.827+0000][8924][safepoint    ] Safepoint "Cleanup", Time since last: 2000091362 ns, Reaching safepoint: 93681 ns, At safepoint: 3247 ns, Total: 96928 ns
[2020-05-16T04:34:18.827+0000][8924][safepoint    ] Safepoint "Cleanup", Time since last: 1000204985 ns, Reaching safepoint: 67246 ns, At safepoint: 3247 ns, Total: 70493 ns
[2020-05-16T04:34:19.828+0000][8924][safepoint    ] Safepoint "Cleanup", Time since last: 1000346434 ns, Reaching safepoint: 82087 ns, At safepoint: 4174 ns, Total: 86261 ns
[2020-05-16T04:34:20.829+0000][8924][safepoint    ] Safepoint "Cleanup", Time since last: 1000860753 ns, Reaching safepoint: 80232 ns, At safepoint: 3247 ns, Total: 83479 ns
[2020-05-16T04:34:21.830+0000][8924][safepoint    ] Safepoint "Cleanup", Time since last: 1000575536 ns, Reaching safepoint: 70029 ns, At safepoint: 3246 ns, Total: 73275 ns
[2020-05-16T04:34:22.830+0000][8924][safepoint    ] Safepoint "Cleanup", Time since last: 1000883014 ns, Reaching safepoint: 96464 ns, At safepoint: 3246 ns, Total: 99710 ns
[2020-05-16T04:34:23.831+0000][8924][safepoint    ] Safepoint "Cleanup", Time since last: 1000470725 ns, Reaching safepoint: 80695 ns, At safepoint: 1855 ns, Total: 82550 ns
[2020-05-16T04:34:24.832+0000][8924][safepoint    ] Safepoint "Cleanup", Time since last: 1000603826 ns, Reaching safepoint: 89507 ns, At safepoint: 4174 ns, Total: 93681 ns
[2020-05-16T04:34:25.832+0000][8924][safepoint    ] Safepoint "Cleanup", Time since last: 1000613101 ns, Reaching safepoint: 70957 ns, At safepoint: 2782 ns, Total: 73739 ns
[2020-05-16T04:34:26.833+0000][8924][safepoint    ] Safepoint "Cleanup", Time since last: 1000437797 ns, Reaching safepoint: 98319 ns, At safepoint: 4638 ns, Total: 102957 ns
[2020-05-16T04:34:27.833+0000][8924][safepoint    ] Safepoint "Cleanup", Time since last: 1000182261 ns, Reaching safepoint: 88579 ns, At safepoint: 3710 ns, Total: 92289 ns
[2020-05-16T04:34:28.834+0000][8924][safepoint    ] Safepoint "Cleanup", Time since last: 1000796290 ns, Reaching safepoint: 79768 ns, At safepoint: 3710 ns, Total: 83478 ns
[2020-05-16T04:34:29.834+0000][8924][safepoint    ] Safepoint "Cleanup", Time since last: 1000089507 ns, Reaching safepoint: 92754 ns, At safepoint: 4638 ns, Total: 97392 ns
[2020-05-16T04:34:30.835+0000][8924][safepoint    ] Safepoint "Cleanup", Time since last: 1000500869 ns, Reaching safepoint: 84406 ns, At safepoint: 3246 ns, Total: 87652 ns
[2020-05-16T04:34:31.836+0000][8924][safepoint    ] Safepoint "Cleanup", Time since last: 1000700290 ns, Reaching safepoint: 93681 ns, At safepoint: 6029 ns, Total: 99710 ns
[2020-05-16T04:34:32.970+0000][8924][safepoint    ] Safepoint "Cleanup", Time since last: 1134696749 ns, Reaching safepoint: 67246 ns, At safepoint: 2783 ns, Total: 70029 ns
[2020-05-16T04:34:33.971+0000][8924][safepoint    ] Safepoint "Cleanup", Time since last: 1000334376 ns, Reaching safepoint: 60290 ns, At safepoint: 3710 ns, Total: 64000 ns
[2020-05-16T04:34:34.971+0000][8924][safepoint    ] Safepoint "Cleanup", Time since last: 1000073276 ns, Reaching safepoint: 70492 ns, At safepoint: 3247 ns, Total: 73739 ns
[2020-05-16T04:34:35.971+0000][8924][safepoint    ] Safepoint "Cleanup", Time since last: 1000073275 ns, Reaching safepoint: 103884 ns, At safepoint: 4638 ns, Total: 108522 ns
[2020-05-16T04:34:36.972+0000][8924][safepoint    ] Safepoint "Cleanup", Time since last: 1000513855 ns, Reaching safepoint: 73739 ns, At safepoint: 3246 ns, Total: 76985 ns
[2020-05-16T04:34:37.972+0000][8924][safepoint    ] Safepoint "Cleanup", Time since last: 1000006029 ns, Reaching safepoint: 113623 ns, At safepoint: 4638 ns, Total: 118261 ns
[2020-05-16T04:34:38.973+0000][8924][safepoint    ] Safepoint "Cleanup", Time since last: 1000761971 ns, Reaching safepoint: 105275 ns, At safepoint: 3246 ns, Total: 108521 ns
[2020-05-16T04:34:39.974+0000][8924][safepoint    ] Safepoint "Cleanup", Time since last: 1000821333 ns, Reaching safepoint: 85797 ns, At safepoint: 5102 ns, Total: 90899 ns
[2020-05-16T04:34:40.974+0000][8924][safepoint    ] Safepoint "Cleanup", Time since last: 1000114550 ns, Reaching safepoint: 106203 ns, At safepoint: 5565 ns, Total: 111768 ns
[2020-05-16T04:34:41.975+0000][8924][safepoint    ] Safepoint "Cleanup", Time since last: 1000911304 ns, Reaching safepoint: 90435 ns, At safepoint: 3246 ns, Total: 93681 ns
[2020-05-16T04:34:42.975+0000][8924][safepoint    ] Safepoint "Cleanup", Time since last: 1000079305 ns, Reaching safepoint: 91826 ns, At safepoint: 3710 ns, Total: 95536 ns
[2020-05-16T04:34:43.976+0000][8924][safepoint    ] Safepoint "Cleanup", Time since last: 1000902492 ns, Reaching safepoint: 80696 ns, At safepoint: 4174 ns, Total: 84870 ns
[2020-05-16T04:34:44.977+0000][8924][safepoint    ] Safepoint "Cleanup", Time since last: 1000587130 ns, Reaching safepoint: 64928 ns, At safepoint: 3246 ns, Total: 68174 ns
[2020-05-16T04:34:46.977+0000][8924][safepoint    ] Safepoint "Cleanup", Time since last: 2000073739 ns, Reaching safepoint: 121043 ns, At safepoint: 3711 ns, Total: 124754 ns
[2020-05-16T04:34:48.946+0000][8924][safepoint    ] Safepoint "Cleanup", Time since last: 1969216014 ns, Reaching safepoint: 61681 ns, At safepoint: 13449 ns, Total: 75130 ns
[2020-05-16T04:34:50.946+0000][8924][safepoint    ] Safepoint "Cleanup", Time since last: 1999653566 ns, Reaching safepoint: 96000 ns, At safepoint: 4637 ns, Total: 100637 ns
[2020-05-16T04:34:51.946+0000][8924][safepoint    ] Safepoint "Cleanup", Time since last: 1000091362 ns, Reaching safepoint: 96464 ns, At safepoint: 3247 ns, Total: 99711 ns
[2020-05-16T04:34:52.946+0000][8924][safepoint    ] Safepoint "Cleanup", Time since last: 1000250434 ns, Reaching safepoint: 78377 ns, At safepoint: 4174 ns, Total: 82551 ns
[2020-05-16T04:34:53.947+0000][8924][safepoint    ] Safepoint "Cleanup", Time since last: 1000851478 ns, Reaching safepoint: 80695 ns, At safepoint: 4174 ns, Total: 84869 ns
[2020-05-16T04:34:54.948+0000][8924][safepoint    ] Safepoint "Cleanup", Time since last: 1000013913 ns, Reaching safepoint: 136348 ns, At safepoint: 5565 ns, Total: 141913 ns
[2020-05-16T04:34:55.948+0000][8924][safepoint    ] Safepoint "Cleanup", Time since last: 1000814841 ns, Reaching safepoint: 81159 ns, At safepoint: 3710 ns, Total: 84869 ns
[2020-05-16T04:34:56.949+0000][8924][safepoint    ] Safepoint "Cleanup", Time since last: 1000849159 ns, Reaching safepoint: 99710 ns, At safepoint: 3710 ns, Total: 103420 ns
[2020-05-16T04:34:57.950+0000][8924][safepoint    ] Safepoint "Cleanup", Time since last: 1000758725 ns, Reaching safepoint: 70956 ns, At safepoint: 4638 ns, Total: 75594 ns
[2020-05-16T04:34:59.951+0000][8924][safepoint    ] Safepoint "Cleanup", Time since last: 2000382145 ns, Reaching safepoint: 80695 ns, At safepoint: 4174 ns, Total: 84869 ns
[2020-05-16T04:35:00.951+0000][8924][safepoint    ] Safepoint "Cleanup", Time since last: 1000564869 ns, Reaching safepoint: 84870 ns, At safepoint: 3710 ns, Total: 88580 ns
[2020-05-16T04:35:02.952+0000][8924][safepoint    ] Safepoint "Cleanup", Time since last: 2000580174 ns, Reaching safepoint: 92290 ns, At safepoint: 4637 ns, Total: 96927 ns
[2020-05-16T04:35:03.952+0000][8924][safepoint    ] Safepoint "Cleanup", Time since last: 1000321855 ns, Reaching safepoint: 104348 ns, At safepoint: 3246 ns, Total: 107594 ns
[2020-05-16T04:35:04.953+0000][8924][safepoint    ] Safepoint "Cleanup", Time since last: 1000472580 ns, Reaching safepoint: 74203 ns, At safepoint: 5101 ns, Total: 79304 ns
[2020-05-16T04:35:05.954+0000][8924][safepoint    ] Safepoint "Cleanup", Time since last: 1000472580 ns, Reaching safepoint: 84405 ns, At safepoint: 4174 ns, Total: 88579 ns
[2020-05-16T04:35:06.954+0000][8924][safepoint    ] Safepoint "Cleanup", Time since last: 1000762435 ns, Reaching safepoint: 91826 ns, At safepoint: 3710 ns, Total: 95536 ns
[2020-05-16T04:35:07.955+0000][8924][safepoint    ] Safepoint "Cleanup", Time since last: 1000772173 ns, Reaching safepoint: 77450 ns, At safepoint: 3710 ns, Total: 81160 ns
[2020-05-16T04:35:08.956+0000][8924][safepoint    ] Safepoint "Cleanup", Time since last: 1000720231 ns, Reaching safepoint: 80696 ns, At safepoint: 3246 ns, Total: 83942 ns
[2020-05-16T04:35:09.957+0000][8924][safepoint    ] Safepoint "Cleanup", Time since last: 1000412754 ns, Reaching safepoint: 79768 ns, At safepoint: 6029 ns, Total: 85797 ns
[2020-05-16T04:35:10.957+0000][8924][safepoint    ] Safepoint "Cleanup", Time since last: 1000527304 ns, Reaching safepoint: 76522 ns, At safepoint: 3710 ns, Total: 80232 ns
[2020-05-16T04:35:11.957+0000][8924][safepoint    ] Safepoint "Cleanup", Time since last: 1000014377 ns, Reaching safepoint: 118724 ns, At safepoint: 5565 ns, Total: 124289 ns
[2020-05-16T04:35:12.958+0000][8924][safepoint    ] Safepoint "Cleanup", Time since last: 1000876058 ns, Reaching safepoint: 135884 ns, At safepoint: 5565 ns, Total: 141449 ns
[2020-05-16T04:35:13.959+0000][8924][safepoint    ] Safepoint "Cleanup", Time since last: 1000578782 ns, Reaching safepoint: 120580 ns, At safepoint: 2783 ns, Total: 123363 ns
[2020-05-16T04:35:15.960+0000][8924][safepoint    ] Safepoint "Cleanup", Time since last: 2000639536 ns, Reaching safepoint: 106666 ns, At safepoint: 4174 ns, Total: 110840 ns
[2020-05-16T04:35:16.960+0000][8924][safepoint    ] Safepoint "Cleanup", Time since last: 1000037102 ns, Reaching safepoint: 88116 ns, At safepoint: 1855 ns, Total: 89971 ns
[2020-05-16T04:35:17.961+0000][8924][safepoint    ] Safepoint "Cleanup", Time since last: 1000839420 ns, Reaching safepoint: 106666 ns, At safepoint: 2319 ns, Total: 108985 ns
[2020-05-16T04:35:18.962+0000][8924][safepoint    ] Safepoint "Cleanup", Time since last: 1000814376 ns, Reaching safepoint: 71884 ns, At safepoint: 3247 ns, Total: 75131 ns
[2020-05-16T04:35:19.962+0000][8924][safepoint    ] Safepoint "Cleanup", Time since last: 1000453565 ns, Reaching safepoint: 160000 ns, At safepoint: 3246 ns, Total: 163246 ns
[2020-05-16T04:35:20.963+0000][8924][safepoint    ] Safepoint "Cleanup", Time since last: 1000067710 ns, Reaching safepoint: 78841 ns, At safepoint: 3710 ns, Total: 82551 ns
[2020-05-16T04:35:21.963+0000][8924][safepoint    ] Safepoint "Cleanup", Time since last: 1000167420 ns, Reaching safepoint: 85333 ns, At safepoint: 4174 ns, Total: 89507 ns
[2020-05-16T04:35:23.024+0000][8924][safepoint    ] Safepoint "Cleanup", Time since last: 1060954871 ns, Reaching safepoint: 96463 ns, At safepoint: 16696 ns, Total: 113159 ns
[2020-05-16T04:35:24.025+0000][8924][safepoint    ] Safepoint "Cleanup", Time since last: 1000612637 ns, Reaching safepoint: 70029 ns, At safepoint: 3247 ns, Total: 73276 ns
[2020-05-16T04:35:25.025+0000][8924][safepoint    ] Safepoint "Cleanup", Time since last: 1000760115 ns, Reaching safepoint: 80232 ns, At safepoint: 5565 ns, Total: 85797 ns
[2020-05-16T04:35:26.026+0000][8924][safepoint    ] Safepoint "Cleanup", Time since last: 1000102493 ns, Reaching safepoint: 150261 ns, At safepoint: 3246 ns, Total: 153507 ns
[2020-05-16T04:35:27.026+0000][8924][safepoint    ] Safepoint "Cleanup", Time since last: 1000023189 ns, Reaching safepoint: 77913 ns, At safepoint: 2782 ns, Total: 80695 ns
[2020-05-16T04:35:28.027+0000][8924][safepoint    ] Safepoint "Cleanup", Time since last: 1000776811 ns, Reaching safepoint: 102029 ns, At safepoint: 3711 ns, Total: 105740 ns
[2020-05-16T04:35:29.027+0000][8924][safepoint    ] Safepoint "Cleanup", Time since last: 1000118724 ns, Reaching safepoint: 116870 ns, At safepoint: 2318 ns, Total: 119188 ns
[2020-05-16T04:35:30.027+0000][8924][safepoint    ] Safepoint "Cleanup", Time since last: 1000226783 ns, Reaching safepoint: 66783 ns, At safepoint: 2782 ns, Total: 69565 ns
[2020-05-16T04:35:31.489+0000][8924][safepoint    ] Safepoint "Cleanup", Time since last: 1462762916 ns, Reaching safepoint: 74203 ns, At safepoint: 12522 ns, Total: 86725 ns
[2020-05-16T04:35:32.491+0000][8924][safepoint    ] Safepoint "Cleanup", Time since last: 1000472115 ns, Reaching safepoint: 65392 ns, At safepoint: 2318 ns, Total: 67710 ns
[2020-05-16T04:35:33.491+0000][8924][safepoint    ] Safepoint "Cleanup", Time since last: 1000297739 ns, Reaching safepoint: 82087 ns, At safepoint: 7421 ns, Total: 89508 ns
[2020-05-16T04:35:34.491+0000][8924][safepoint    ] Safepoint "Cleanup", Time since last: 1000169275 ns, Reaching safepoint: 87188 ns, At safepoint: 3247 ns, Total: 90435 ns
[2020-05-16T04:35:35.492+0000][8924][safepoint    ] Safepoint "Cleanup", Time since last: 1000851478 ns, Reaching safepoint: 112695 ns, At safepoint: 3710 ns, Total: 116405 ns
[2020-05-16T04:35:36.493+0000][8924][safepoint    ] Safepoint "Cleanup", Time since last: 1000790261 ns, Reaching safepoint: 81623 ns, At safepoint: 3246 ns, Total: 84869 ns
[2020-05-16T04:35:37.494+0000][8924][safepoint    ] Safepoint "Cleanup", Time since last: 1000345507 ns, Reaching safepoint: 98783 ns, At safepoint: 5565 ns, Total: 104348 ns
[2020-05-16T04:35:38.494+0000][8924][safepoint    ] Safepoint "Cleanup", Time since last: 1000747130 ns, Reaching safepoint: 89044 ns, At safepoint: 4637 ns, Total: 93681 ns
[2020-05-16T04:35:39.495+0000][8924][safepoint    ] Safepoint "Cleanup", Time since last: 1000105739 ns, Reaching safepoint: 70029 ns, At safepoint: 4174 ns, Total: 74203 ns
[2020-05-16T04:35:40.495+0000][8924][safepoint    ] Safepoint "Cleanup", Time since last: 1000254145 ns, Reaching safepoint: 79304 ns, At safepoint: 3247 ns, Total: 82551 ns
[2020-05-16T04:35:41.495+0000][8924][safepoint    ] Safepoint "Cleanup", Time since last: 1000082087 ns, Reaching safepoint: 90434 ns, At safepoint: 4174 ns, Total: 94608 ns
[2020-05-16T04:35:42.495+0000][8924][safepoint    ] Safepoint "Cleanup", Time since last: 1000285681 ns, Reaching safepoint: 71884 ns, At safepoint: 2319 ns, Total: 74203 ns
[2020-05-16T04:35:43.496+0000][8924][safepoint    ] Safepoint "Cleanup", Time since last: 1000632580 ns, Reaching safepoint: 64463 ns, At safepoint: 4174 ns, Total: 68637 ns
[2020-05-16T04:35:44.496+0000][8924][safepoint    ] Safepoint "Cleanup", Time since last: 1000070029 ns, Reaching safepoint: 126145 ns, At safepoint: 1855 ns, Total: 128000 ns
[2020-05-16T04:35:45.497+0000][8924][safepoint    ] Safepoint "Cleanup", Time since last: 1000724406 ns, Reaching safepoint: 70956 ns, At safepoint: 3247 ns, Total: 74203 ns
[2020-05-16T04:35:46.498+0000][8924][safepoint    ] Safepoint "Cleanup", Time since last: 1000553275 ns, Reaching safepoint: 98318 ns, At safepoint: 4638 ns, Total: 102956 ns
[2020-05-16T04:35:47.498+0000][8924][safepoint    ] Safepoint "Cleanup", Time since last: 1000320928 ns, Reaching safepoint: 74202 ns, At safepoint: 5102 ns, Total: 79304 ns
[2020-05-16T04:35:48.499+0000][8924][safepoint    ] Safepoint "Cleanup", Time since last: 1000700753 ns, Reaching safepoint: 97855 ns, At safepoint: 3710 ns, Total: 101565 ns
[2020-05-16T04:35:49.499+0000][8924][safepoint    ] Safepoint "Cleanup", Time since last: 1000108986 ns, Reaching safepoint: 75130 ns, At safepoint: 5102 ns, Total: 80232 ns
[2020-05-16T04:35:50.500+0000][8924][safepoint    ] Safepoint "Cleanup", Time since last: 1000787014 ns, Reaching safepoint: 56579 ns, At safepoint: 3247 ns, Total: 59826 ns
[2020-05-16T04:35:51.501+0000][8924][safepoint    ] Safepoint "Cleanup", Time since last: 1000584347 ns, Reaching safepoint: 108522 ns, At safepoint: 1855 ns, Total: 110377 ns
[2020-05-16T04:35:52.501+0000][8924][safepoint    ] Safepoint "Cleanup", Time since last: 1000108058 ns, Reaching safepoint: 83014 ns, At safepoint: 1856 ns, Total: 84870 ns
[2020-05-16T04:35:54.501+0000][8924][safepoint    ] Safepoint "Cleanup", Time since last: 2000324637 ns, Reaching safepoint: 88580 ns, At safepoint: 1855 ns, Total: 90435 ns
[2020-05-16T04:35:55.502+0000][8924][safepoint    ] Safepoint "Cleanup", Time since last: 1000103884 ns, Reaching safepoint: 106203 ns, At safepoint: 1855 ns, Total: 108058 ns
[2020-05-16T04:35:56.503+0000][8924][safepoint    ] Safepoint "Cleanup", Time since last: 1000882550 ns, Reaching safepoint: 68638 ns, At safepoint: 5101 ns, Total: 73739 ns
[2020-05-16T04:35:57.503+0000][8924][safepoint    ] Safepoint "Cleanup", Time since last: 1000608464 ns, Reaching safepoint: 99246 ns, At safepoint: 16696 ns, Total: 115942 ns
[2020-05-16T04:35:58.504+0000][8924][safepoint    ] Safepoint "Cleanup", Time since last: 1000306086 ns, Reaching safepoint: 88580 ns, At safepoint: 3246 ns, Total: 91826 ns
[2020-05-16T04:35:59.505+0000][8924][safepoint    ] Safepoint "Cleanup", Time since last: 1000815304 ns, Reaching safepoint: 67247 ns, At safepoint: 3246 ns, Total: 70493 ns
[2020-05-16T04:36:00.505+0000][8924][safepoint    ] Safepoint "Cleanup", Time since last: 1000728116 ns, Reaching safepoint: 60753 ns, At safepoint: 3711 ns, Total: 64464 ns
[2020-05-16T04:36:01.505+0000][8924][safepoint    ] Safepoint "Cleanup", Time since last: 1000047768 ns, Reaching safepoint: 91826 ns, At safepoint: 2782 ns, Total: 94608 ns
[2020-05-16T04:36:02.506+0000][8924][safepoint    ] Safepoint "Cleanup", Time since last: 1000545391 ns, Reaching safepoint: 77913 ns, At safepoint: 3247 ns, Total: 81160 ns
[2020-05-16T04:36:03.506+0000][8924][safepoint    ] Safepoint "Cleanup", Time since last: 1000334840 ns, Reaching safepoint: 66783 ns, At safepoint: 2782 ns, Total: 69565 ns
[2020-05-16T04:36:04.507+0000][8924][safepoint    ] Safepoint "Cleanup", Time since last: 1000656696 ns, Reaching safepoint: 79768 ns, At safepoint: 3246 ns, Total: 83014 ns
[2020-05-16T04:36:05.508+0000][8924][safepoint    ] Safepoint "Cleanup", Time since last: 1000355710 ns, Reaching safepoint: 118725 ns, At safepoint: 3246 ns, Total: 121971 ns
[2020-05-16T04:36:06.509+0000][8924][safepoint    ] Safepoint "Cleanup", Time since last: 1000836174 ns, Reaching safepoint: 96927 ns, At safepoint: 1855 ns, Total: 98782 ns
[2020-05-16T04:36:07.509+0000][8924][safepoint    ] Safepoint "Cleanup", Time since last: 1000684058 ns, Reaching safepoint: 92290 ns, At safepoint: 2782 ns, Total: 95072 ns
[2020-05-16T04:36:09.510+0000][8924][safepoint    ] Safepoint "Cleanup", Time since last: 2000427130 ns, Reaching safepoint: 75595 ns, At safepoint: 3710 ns, Total: 79305 ns
[2020-05-16T04:36:10.510+0000][8924][safepoint    ] Safepoint "Cleanup", Time since last: 1000089507 ns, Reaching safepoint: 88116 ns, At safepoint: 3246 ns, Total: 91362 ns
[2020-05-16T04:36:11.511+0000][8924][safepoint    ] Safepoint "Cleanup", Time since last: 1000548638 ns, Reaching safepoint: 84405 ns, At safepoint: 3247 ns, Total: 87652 ns
[2020-05-16T04:36:12.511+0000][8924][safepoint    ] Safepoint "Cleanup", Time since last: 1000444289 ns, Reaching safepoint: 81160 ns, At safepoint: 1855 ns, Total: 83015 ns
[2020-05-16T04:36:13.512+0000][8924][safepoint    ] Safepoint "Cleanup", Time since last: 1000613565 ns, Reaching safepoint: 68637 ns, At safepoint: 2783 ns, Total: 71420 ns
[2020-05-16T04:36:14.512+0000][8924][safepoint    ] Safepoint "Cleanup", Time since last: 1000475826 ns, Reaching safepoint: 71884 ns, At safepoint: 1855 ns, Total: 73739 ns
[2020-05-16T04:36:15.513+0000][8924][safepoint    ] Safepoint "Cleanup", Time since last: 1000092754 ns, Reaching safepoint: 109449 ns, At safepoint: 2782 ns, Total: 112231 ns
[2020-05-16T04:36:16.514+0000][8924][safepoint    ] Safepoint "Cleanup", Time since last: 1000739710 ns, Reaching safepoint: 89044 ns, At safepoint: 2319 ns, Total: 91363 ns
[2020-05-16T04:36:17.514+0000][8924][safepoint    ] Safepoint "Cleanup", Time since last: 1000341796 ns, Reaching safepoint: 89044 ns, At safepoint: 1855 ns, Total: 90899 ns
[2020-05-16T04:36:18.515+0000][8924][safepoint    ] Safepoint "Cleanup", Time since last: 1000619130 ns, Reaching safepoint: 110377 ns, At safepoint: 3246 ns, Total: 113623 ns
[2020-05-16T04:36:19.516+0000][8924][safepoint    ] Safepoint "Cleanup", Time since last: 1000838029 ns, Reaching safepoint: 74203 ns, At safepoint: 1855 ns, Total: 76058 ns
[2020-05-16T04:36:20.516+0000][8924][safepoint    ] Safepoint "Cleanup", Time since last: 1000800927 ns, Reaching safepoint: 59362 ns, At safepoint: 4174 ns, Total: 63536 ns
[2020-05-16T04:36:21.517+0000][8924][safepoint    ] Safepoint "Cleanup", Time since last: 1000615420 ns, Reaching safepoint: 96464 ns, At safepoint: 2783 ns, Total: 99247 ns
[2020-05-16T04:36:22.517+0000][8924][safepoint    ] Safepoint "Cleanup", Time since last: 1000179941 ns, Reaching safepoint: 80232 ns, At safepoint: 1855 ns, Total: 82087 ns
[2020-05-16T04:36:23.518+0000][8924][safepoint    ] Safepoint "Cleanup", Time since last: 1000627942 ns, Reaching safepoint: 69565 ns, At safepoint: 2783 ns, Total: 72348 ns
[2020-05-16T04:36:24.519+0000][8924][safepoint    ] Safepoint "Cleanup", Time since last: 1000661797 ns, Reaching safepoint: 71420 ns, At safepoint: 2783 ns, Total: 74203 ns
[2020-05-16T04:36:25.520+0000][8924][safepoint    ] Safepoint "Cleanup", Time since last: 1000792579 ns, Reaching safepoint: 108985 ns, At safepoint: 3247 ns, Total: 112232 ns
[2020-05-16T04:36:26.520+0000][8924][safepoint    ] Safepoint "Cleanup", Time since last: 1000432695 ns, Reaching safepoint: 135420 ns, At safepoint: 4174 ns, Total: 139594 ns
[2020-05-16T04:36:27.520+0000][8924][safepoint    ] Safepoint "Cleanup", Time since last: 1000069566 ns, Reaching safepoint: 105739 ns, At safepoint: 2318 ns, Total: 108057 ns
[2020-05-16T04:36:29.521+0000][8924][safepoint    ] Safepoint "Cleanup", Time since last: 2000520348 ns, Reaching safepoint: 142841 ns, At safepoint: 17623 ns, Total: 160464 ns
[2020-05-16T04:36:30.522+0000][8924][safepoint    ] Safepoint "Cleanup", Time since last: 1000369623 ns, Reaching safepoint: 147478 ns, At safepoint: 3246 ns, Total: 150724 ns
[2020-05-16T04:36:31.522+0000][8924][safepoint    ] Safepoint "Cleanup", Time since last: 1000055189 ns, Reaching safepoint: 68174 ns, At safepoint: 3246 ns, Total: 71420 ns
[2020-05-16T04:36:32.522+0000][8924][safepoint    ] Safepoint "Cleanup", Time since last: 1000255072 ns, Reaching safepoint: 74667 ns, At safepoint: 3246 ns, Total: 77913 ns
[2020-05-16T04:36:33.523+0000][8924][safepoint    ] Safepoint "Cleanup", Time since last: 1000240696 ns, Reaching safepoint: 101101 ns, At safepoint: 2783 ns, Total: 103884 ns
[2020-05-16T04:36:34.523+0000][8924][safepoint    ] Safepoint "Cleanup", Time since last: 1000192927 ns, Reaching safepoint: 82087 ns, At safepoint: 3710 ns, Total: 85797 ns
[2020-05-16T04:36:35.523+0000][8924][safepoint    ] Safepoint "Cleanup", Time since last: 1000266203 ns, Reaching safepoint: 108522 ns, At safepoint: 2782 ns, Total: 111304 ns
[2020-05-16T04:36:36.523+0000][8924][safepoint    ] Safepoint "Cleanup", Time since last: 1000179942 ns, Reaching safepoint: 102957 ns, At safepoint: 1855 ns, Total: 104812 ns
[2020-05-16T04:36:37.529+0000][8924][safepoint    ] Safepoint "Cleanup", Time since last: 1005246606 ns, Reaching safepoint: 85797 ns, At safepoint: 2319 ns, Total: 88116 ns
[2020-05-16T04:36:38.529+0000][8924][safepoint    ] Safepoint "Cleanup", Time since last: 1000230493 ns, Reaching safepoint: 92290 ns, At safepoint: 2318 ns, Total: 94608 ns
[2020-05-16T04:36:39.529+0000][8924][safepoint    ] Safepoint "Cleanup", Time since last: 1000236522 ns, Reaching safepoint: 79768 ns, At safepoint: 1855 ns, Total: 81623 ns
[2020-05-16T04:36:40.530+0000][8924][safepoint    ] Safepoint "Cleanup", Time since last: 1000204522 ns, Reaching safepoint: 91826 ns, At safepoint: 3246 ns, Total: 95072 ns
[2020-05-16T04:36:41.530+0000][8924][safepoint    ] Safepoint "Cleanup", Time since last: 1000233275 ns, Reaching safepoint: 100638 ns, At safepoint: 3246 ns, Total: 103884 ns
[2020-05-16T04:36:42.530+0000][8924][safepoint    ] Safepoint "Cleanup", Time since last: 1000258319 ns, Reaching safepoint: 123826 ns, At safepoint: 3247 ns, Total: 127073 ns
[2020-05-16T04:36:43.531+0000][8924][safepoint    ] Safepoint "Cleanup", Time since last: 1000199420 ns, Reaching safepoint: 73739 ns, At safepoint: 2319 ns, Total: 76058 ns
[2020-05-16T04:36:44.537+0000][8924][safepoint    ] Safepoint "Cleanup", Time since last: 1006235823 ns, Reaching safepoint: 75594 ns, At safepoint: 2319 ns, Total: 77913 ns
[2020-05-16T04:36:45.545+0000][8924][safepoint    ] Safepoint "Cleanup", Time since last: 1008235590 ns, Reaching safepoint: 71884 ns, At safepoint: 1855 ns, Total: 73739 ns
[2020-05-16T04:36:46.546+0000][8924][safepoint    ] Safepoint "Cleanup", Time since last: 1000249971 ns, Reaching safepoint: 124754 ns, At safepoint: 4174 ns, Total: 128928 ns
[2020-05-16T04:36:47.546+0000][8924][safepoint    ] Safepoint "Cleanup", Time since last: 1000160464 ns, Reaching safepoint: 66782 ns, At safepoint: 3246 ns, Total: 70028 ns
[2020-05-16T04:36:48.546+0000][8924][safepoint    ] Safepoint "Cleanup", Time since last: 1000236986 ns, Reaching safepoint: 96464 ns, At safepoint: 19942 ns, Total: 116406 ns
[2020-05-16T04:36:49.547+0000][8924][safepoint    ] Safepoint "Cleanup", Time since last: 1000239304 ns, Reaching safepoint: 129391 ns, At safepoint: 19942 ns, Total: 149333 ns
[2020-05-16T04:36:50.547+0000][8924][safepoint    ] Safepoint "Cleanup", Time since last: 1000211014 ns, Reaching safepoint: 59363 ns, At safepoint: 2782 ns, Total: 62145 ns
[2020-05-16T04:36:51.547+0000][8924][safepoint    ] Safepoint "Cleanup", Time since last: 1000198957 ns, Reaching safepoint: 97855 ns, At safepoint: 3246 ns, Total: 101101 ns
[2020-05-16T04:36:52.548+0000][8924][safepoint    ] Safepoint "Cleanup", Time since last: 1000255073 ns, Reaching safepoint: 55188 ns, At safepoint: 1855 ns, Total: 57043 ns
[2020-05-16T04:36:53.548+0000][8924][safepoint    ] Safepoint "Cleanup", Time since last: 1000261101 ns, Reaching safepoint: 71884 ns, At safepoint: 1855 ns, Total: 73739 ns
[2020-05-16T04:36:54.548+0000][8924][safepoint    ] Safepoint "Cleanup", Time since last: 1000285218 ns, Reaching safepoint: 84869 ns, At safepoint: 1855 ns, Total: 86724 ns
[2020-05-16T04:36:55.549+0000][8924][safepoint    ] Safepoint "Cleanup", Time since last: 1000243942 ns, Reaching safepoint: 51942 ns, At safepoint: 1855 ns, Total: 53797 ns
[2020-05-16T04:36:56.549+0000][8924][safepoint    ] Safepoint "Cleanup", Time since last: 1000205913 ns, Reaching safepoint: 89507 ns, At safepoint: 2319 ns, Total: 91826 ns
[2020-05-16T04:36:57.553+0000][8924][safepoint    ] Safepoint "Cleanup", Time since last: 1004250897 ns, Reaching safepoint: 115942 ns, At safepoint: 3710 ns, Total: 119652 ns
[2020-05-16T04:36:58.554+0000][8924][safepoint    ] Safepoint "Cleanup", Time since last: 1000236522 ns, Reaching safepoint: 59826 ns, At safepoint: 3246 ns, Total: 63072 ns
[2020-05-16T04:36:59.554+0000][8924][safepoint    ] Safepoint "Cleanup", Time since last: 1000219826 ns, Reaching safepoint: 127536 ns, At safepoint: 3710 ns, Total: 131246 ns
[2020-05-16T04:37:00.554+0000][8924][safepoint    ] Safepoint "Cleanup", Time since last: 1000218435 ns, Reaching safepoint: 69565 ns, At safepoint: 2319 ns, Total: 71884 ns
[2020-05-16T04:37:01.555+0000][8924][safepoint    ] Safepoint "Cleanup", Time since last: 1000243478 ns, Reaching safepoint: 70957 ns, At safepoint: 2319 ns, Total: 73276 ns
[2020-05-16T04:37:02.555+0000][8924][safepoint    ] Safepoint "Cleanup", Time since last: 1000270840 ns, Reaching safepoint: 72812 ns, At safepoint: 2318 ns, Total: 75130 ns
[2020-05-16T04:37:03.555+0000][8924][safepoint    ] Safepoint "Cleanup", Time since last: 1000234203 ns, Reaching safepoint: 77913 ns, At safepoint: 1855 ns, Total: 79768 ns
[2020-05-16T04:37:04.556+0000][8924][safepoint    ] Safepoint "Cleanup", Time since last: 1000241623 ns, Reaching safepoint: 70029 ns, At safepoint: 2783 ns, Total: 72812 ns
[2020-05-16T04:37:05.556+0000][8924][safepoint    ] Safepoint "Cleanup", Time since last: 1000249043 ns, Reaching safepoint: 83478 ns, At safepoint: 2783 ns, Total: 86261 ns
[2020-05-16T04:37:06.169+0000][8924][gc,start     ] GC(14) Pause Young (Normal) (G1 Evacuation Pause)
[2020-05-16T04:37:06.169+0000][8924][gc,task      ] GC(14) Using 4 workers of 4 for evacuation
[2020-05-16T04:37:06.169+0000][8924][gc,age       ] GC(14) Desired survivor size 40370176 bytes, new threshold 15 (max threshold 15)
[2020-05-16T04:37:06.184+0000][8924][gc,age       ] GC(14) Age table with threshold 15 (max threshold 15)
[2020-05-16T04:37:06.184+0000][8924][gc,age       ] GC(14) - age   1:       7848 bytes,       7848 total
[2020-05-16T04:37:06.184+0000][8924][gc,age       ] GC(14) - age   2:      18664 bytes,      26512 total
[2020-05-16T04:37:06.184+0000][8924][gc,age       ] GC(14) - age   3:     772960 bytes,     799472 total
[2020-05-16T04:37:06.184+0000][8924][gc,age       ] GC(14) - age   4:    6573968 bytes,    7373440 total
[2020-05-16T04:37:06.184+0000][8924][gc,age       ] GC(14) - age   5:    9099024 bytes,   16472464 total
[2020-05-16T04:37:06.184+0000][8924][gc,phases    ] GC(14)   Pre Evacuate Collection Set: 0.1ms
[2020-05-16T04:37:06.185+0000][8924][gc,phases    ] GC(14)   Merge Heap Roots: 0.1ms
[2020-05-16T04:37:06.185+0000][8924][gc,phases    ] GC(14)   Evacuate Collection Set: 12.7ms
[2020-05-16T04:37:06.185+0000][8924][gc,phases    ] GC(14)   Post Evacuate Collection Set: 1.8ms
[2020-05-16T04:37:06.185+0000][8924][gc,phases    ] GC(14)   Other: 0.4ms
[2020-05-16T04:37:06.185+0000][8924][gc,heap      ] GC(14) Eden regions: 595->0(597)
[2020-05-16T04:37:06.185+0000][8924][gc,heap      ] GC(14) Survivor regions: 19->17(77)
[2020-05-16T04:37:06.185+0000][8924][gc,heap      ] GC(14) Old regions: 44->44
[2020-05-16T04:37:06.185+0000][8924][gc,heap      ] GC(14) Archive regions: 0->0
[2020-05-16T04:37:06.185+0000][8924][gc,heap      ] GC(14) Humongous regions: 1->1
[2020-05-16T04:37:06.185+0000][8924][gc,metaspace ] GC(14) Metaspace: 79537K(86112K)->79537K(86112K) NonClass: 68672K(72620K)->68672K(72620K) Class: 10864K(13492K)->10864K(13492K)
[2020-05-16T04:37:06.185+0000][8924][gc           ] GC(14) Pause Young (Normal) (G1 Evacuation Pause) 658M->61M(1024M) 15.248ms
[2020-05-16T04:37:06.185+0000][8924][gc,cpu       ] GC(14) User=0.06s Sys=0.00s Real=0.02s
[2020-05-16T04:37:06.185+0000][8924][safepoint    ] Safepoint "G1CollectForAllocation", Time since last: 614027773 ns, Reaching safepoint: 68174 ns, At safepoint: 15395239 ns, Total: 15463413 ns
[2020-05-16T04:37:07.185+0000][8924][safepoint    ] Safepoint "Cleanup", Time since last: 1000108986 ns, Reaching safepoint: 82551 ns, At safepoint: 3710 ns, Total: 86261 ns
[2020-05-16T04:37:08.186+0000][8924][safepoint    ] Safepoint "Cleanup", Time since last: 1000161391 ns, Reaching safepoint: 89043 ns, At safepoint: 1855 ns, Total: 90898 ns
[2020-05-16T04:37:09.186+0000][8924][safepoint    ] Safepoint "Cleanup", Time since last: 1000270841 ns, Reaching safepoint: 77449 ns, At safepoint: 2319 ns, Total: 79768 ns
[2020-05-16T04:37:10.186+0000][8924][safepoint    ] Safepoint "Cleanup", Time since last: 1000211942 ns, Reaching safepoint: 78840 ns, At safepoint: 1856 ns, Total: 80696 ns
[2020-05-16T04:37:11.187+0000][8924][safepoint    ] Safepoint "Cleanup", Time since last: 1000262956 ns, Reaching safepoint: 88116 ns, At safepoint: 6956 ns, Total: 95072 ns
[2020-05-16T04:37:12.187+0000][8924][safepoint    ] Safepoint "Cleanup", Time since last: 1000215189 ns, Reaching safepoint: 82087 ns, At safepoint: 3710 ns, Total: 85797 ns
[2020-05-16T04:37:13.187+0000][8924][safepoint    ] Safepoint "Cleanup", Time since last: 1000277797 ns, Reaching safepoint: 89971 ns, At safepoint: 5101 ns, Total: 95072 ns
[2020-05-16T04:37:14.188+0000][8924][safepoint    ] Safepoint "Cleanup", Time since last: 1000219826 ns, Reaching safepoint: 85333 ns, At safepoint: 3710 ns, Total: 89043 ns
[2020-05-16T04:37:15.188+0000][8924][safepoint    ] Safepoint "Cleanup", Time since last: 1000239305 ns, Reaching safepoint: 82087 ns, At safepoint: 3246 ns, Total: 85333 ns
[2020-05-16T04:37:16.188+0000][8924][safepoint    ] Safepoint "Cleanup", Time since last: 1000261565 ns, Reaching safepoint: 70493 ns, At safepoint: 6493 ns, Total: 76986 ns
[2020-05-16T04:37:17.189+0000][8924][safepoint    ] Safepoint "Cleanup", Time since last: 1000223072 ns, Reaching safepoint: 90898 ns, At safepoint: 3711 ns, Total: 94609 ns
[2020-05-16T04:37:18.189+0000][8924][safepoint    ] Safepoint "Cleanup", Time since last: 1000232811 ns, Reaching safepoint: 102029 ns, At safepoint: 1855 ns, Total: 103884 ns
[2020-05-16T04:37:19.189+0000][8924][safepoint    ] Safepoint "Cleanup", Time since last: 1000237449 ns, Reaching safepoint: 115015 ns, At safepoint: 18550 ns, Total: 133565 ns
[2020-05-16T04:37:20.191+0000][8924][safepoint    ] Safepoint "Cleanup", Time since last: 1001171478 ns, Reaching safepoint: 81623 ns, At safepoint: 2319 ns, Total: 83942 ns
[2020-05-16T04:37:21.191+0000][8924][safepoint    ] Safepoint "Cleanup", Time since last: 1000232812 ns, Reaching safepoint: 120579 ns, At safepoint: 3247 ns, Total: 123826 ns
[2020-05-16T04:37:22.192+0000][8924][safepoint    ] Safepoint "Cleanup", Time since last: 1001184927 ns, Reaching safepoint: 90434 ns, At safepoint: 3711 ns, Total: 94145 ns
[2020-05-16T04:37:23.193+0000][8924][safepoint    ] Safepoint "Cleanup", Time since last: 1000220289 ns, Reaching safepoint: 68174 ns, At safepoint: 1855 ns, Total: 70029 ns
[2020-05-16T04:37:24.193+0000][8924][safepoint    ] Safepoint "Cleanup", Time since last: 1000249971 ns, Reaching safepoint: 91826 ns, At safepoint: 3247 ns, Total: 95073 ns
[2020-05-16T04:37:25.193+0000][8924][safepoint    ] Safepoint "Cleanup", Time since last: 1000255072 ns, Reaching safepoint: 90435 ns, At safepoint: 3246 ns, Total: 93681 ns
[2020-05-16T04:37:26.194+0000][8924][safepoint    ] Safepoint "Cleanup", Time since last: 1000263420 ns, Reaching safepoint: 75594 ns, At safepoint: 1855 ns, Total: 77449 ns
[2020-05-16T04:37:27.194+0000][8924][safepoint    ] Safepoint "Cleanup", Time since last: 1000254145 ns, Reaching safepoint: 85334 ns, At safepoint: 3710 ns, Total: 89044 ns
[2020-05-16T04:37:28.194+0000][8924][safepoint    ] Safepoint "Cleanup", Time since last: 1000193391 ns, Reaching safepoint: 60753 ns, At safepoint: 1856 ns, Total: 62609 ns
[2020-05-16T04:37:29.195+0000][8924][safepoint    ] Safepoint "Cleanup", Time since last: 1000295420 ns, Reaching safepoint: 171594 ns, At safepoint: 3246 ns, Total: 174840 ns
[2020-05-16T04:37:30.195+0000][8924][safepoint    ] Safepoint "Cleanup", Time since last: 1000130783 ns, Reaching safepoint: 157217 ns, At safepoint: 3710 ns, Total: 160927 ns
[2020-05-16T04:37:31.195+0000][8924][safepoint    ] Safepoint "Cleanup", Time since last: 1000148406 ns, Reaching safepoint: 60754 ns, At safepoint: 2782 ns, Total: 63536 ns
[2020-05-16T04:37:32.196+0000][8924][safepoint    ] Safepoint "Cleanup", Time since last: 1000294957 ns, Reaching safepoint: 74666 ns, At safepoint: 2319 ns, Total: 76985 ns
[2020-05-16T04:37:33.196+0000][8924][safepoint    ] Safepoint "Cleanup", Time since last: 1000236058 ns, Reaching safepoint: 104348 ns, At safepoint: 3710 ns, Total: 108058 ns
[2020-05-16T04:37:34.196+0000][8924][safepoint    ] Safepoint "Cleanup", Time since last: 1000216579 ns, Reaching safepoint: 84870 ns, At safepoint: 3710 ns, Total: 88580 ns
[2020-05-16T04:37:35.197+0000][8924][safepoint    ] Safepoint "Cleanup", Time since last: 1000235130 ns, Reaching safepoint: 83942 ns, At safepoint: 2783 ns, Total: 86725 ns
[2020-05-16T04:37:36.197+0000][8924][safepoint    ] Safepoint "Cleanup", Time since last: 1000230029 ns, Reaching safepoint: 64000 ns, At safepoint: 2319 ns, Total: 66319 ns
[2020-05-16T04:37:37.197+0000][8924][safepoint    ] Safepoint "Cleanup", Time since last: 1000226782 ns, Reaching safepoint: 66783 ns, At safepoint: 1855 ns, Total: 68638 ns
[2020-05-16T04:37:38.198+0000][8924][safepoint    ] Safepoint "Cleanup", Time since last: 1000256463 ns, Reaching safepoint: 83479 ns, At safepoint: 3710 ns, Total: 87189 ns
[2020-05-16T04:37:39.198+0000][8924][safepoint    ] Safepoint "Cleanup", Time since last: 1000236521 ns, Reaching safepoint: 60754 ns, At safepoint: 3710 ns, Total: 64464 ns
[2020-05-16T04:37:40.198+0000][8924][safepoint    ] Safepoint "Cleanup", Time since last: 1000263420 ns, Reaching safepoint: 71884 ns, At safepoint: 3711 ns, Total: 75595 ns
[2020-05-16T04:37:41.199+0000][8924][safepoint    ] Safepoint "Cleanup", Time since last: 1000247188 ns, Reaching safepoint: 70493 ns, At safepoint: 1391 ns, Total: 71884 ns
[2020-05-16T04:37:42.199+0000][8924][safepoint    ] Safepoint "Cleanup", Time since last: 1000307014 ns, Reaching safepoint: 85797 ns, At safepoint: 1855 ns, Total: 87652 ns
[2020-05-16T04:37:43.199+0000][8924][safepoint    ] Safepoint "Cleanup", Time since last: 1000229565 ns, Reaching safepoint: 58899 ns, At safepoint: 1855 ns, Total: 60754 ns
[2020-05-16T04:37:44.200+0000][8924][safepoint    ] Safepoint "Cleanup", Time since last: 1000220754 ns, Reaching safepoint: 107130 ns, At safepoint: 3246 ns, Total: 110376 ns
[2020-05-16T04:37:45.200+0000][8924][safepoint    ] Safepoint "Cleanup", Time since last: 1000219826 ns, Reaching safepoint: 81160 ns, At safepoint: 1855 ns, Total: 83015 ns
[2020-05-16T04:37:46.200+0000][8924][safepoint    ] Safepoint "Cleanup", Time since last: 1000274550 ns, Reaching safepoint: 76058 ns, At safepoint: 3710 ns, Total: 79768 ns
[2020-05-16T04:37:47.200+0000][8924][safepoint    ] Safepoint "Cleanup", Time since last: 1000264348 ns, Reaching safepoint: 64928 ns, At safepoint: 3246 ns, Total: 68174 ns
[2020-05-16T04:37:48.251+0000][8924][safepoint    ] Safepoint "Cleanup", Time since last: 1050096209 ns, Reaching safepoint: 74666 ns, At safepoint: 2783 ns, Total: 77449 ns
[2020-05-16T04:37:49.252+0000][8924][safepoint    ] Safepoint "Cleanup", Time since last: 1001249391 ns, Reaching safepoint: 106666 ns, At safepoint: 2783 ns, Total: 109449 ns
[2020-05-16T04:37:50.252+0000][8924][safepoint    ] Safepoint "Cleanup", Time since last: 1000205449 ns, Reaching safepoint: 124290 ns, At safepoint: 3246 ns, Total: 127536 ns
[2020-05-16T04:37:51.256+0000][8924][safepoint    ] Safepoint "Cleanup", Time since last: 1003193506 ns, Reaching safepoint: 80696 ns, At safepoint: 2318 ns, Total: 83014 ns
[2020-05-16T04:37:52.256+0000][8924][safepoint    ] Safepoint "Cleanup", Time since last: 1000205913 ns, Reaching safepoint: 83942 ns, At safepoint: 1855 ns, Total: 85797 ns
[2020-05-16T04:37:53.256+0000][8924][safepoint    ] Safepoint "Cleanup", Time since last: 1000240696 ns, Reaching safepoint: 64000 ns, At safepoint: 15768 ns, Total: 79768 ns
[2020-05-16T04:37:54.257+0000][8924][safepoint    ] Safepoint "Cleanup", Time since last: 1000278261 ns, Reaching safepoint: 89971 ns, At safepoint: 3710 ns, Total: 93681 ns
[2020-05-16T04:37:55.257+0000][8924][safepoint    ] Safepoint "Cleanup", Time since last: 1000235594 ns, Reaching safepoint: 64464 ns, At safepoint: 2319 ns, Total: 66783 ns
[2020-05-16T04:37:56.257+0000][8924][safepoint    ] Safepoint "Cleanup", Time since last: 1000281507 ns, Reaching safepoint: 64000 ns, At safepoint: 3710 ns, Total: 67710 ns
[2020-05-16T04:37:57.258+0000][8924][safepoint    ] Safepoint "Cleanup", Time since last: 1000198029 ns, Reaching safepoint: 71420 ns, At safepoint: 1855 ns, Total: 73275 ns
[2020-05-16T04:37:58.258+0000][8924][safepoint    ] Safepoint "Cleanup", Time since last: 1000265275 ns, Reaching safepoint: 79768 ns, At safepoint: 6957 ns, Total: 86725 ns
[2020-05-16T04:37:59.258+0000][8924][safepoint    ] Safepoint "Cleanup", Time since last: 1000234666 ns, Reaching safepoint: 76058 ns, At safepoint: 3711 ns, Total: 79769 ns
[2020-05-16T04:38:00.259+0000][8924][safepoint    ] Safepoint "Cleanup", Time since last: 1000273159 ns, Reaching safepoint: 70029 ns, At safepoint: 57043 ns, Total: 127072 ns
[2020-05-16T04:38:01.259+0000][8924][safepoint    ] Safepoint "Cleanup", Time since last: 1000190145 ns, Reaching safepoint: 88116 ns, At safepoint: 1855 ns, Total: 89971 ns
[2020-05-16T04:38:02.259+0000][8924][safepoint    ] Safepoint "Cleanup", Time since last: 1000247188 ns, Reaching safepoint: 71421 ns, At safepoint: 10666 ns, Total: 82087 ns
[2020-05-16T04:38:03.260+0000][8924][safepoint    ] Safepoint "Cleanup", Time since last: 1000213333 ns, Reaching safepoint: 70029 ns, At safepoint: 19479 ns, Total: 89508 ns
[2020-05-16T04:38:04.260+0000][8924][safepoint    ] Safepoint "Cleanup", Time since last: 1000265275 ns, Reaching safepoint: 103884 ns, At safepoint: 12522 ns, Total: 116406 ns
[2020-05-16T04:38:05.260+0000][8924][safepoint    ] Safepoint "Cleanup", Time since last: 1000227710 ns, Reaching safepoint: 85797 ns, At safepoint: 2782 ns, Total: 88579 ns
[2020-05-16T04:38:06.261+0000][8924][safepoint    ] Safepoint "Cleanup", Time since last: 1000172986 ns, Reaching safepoint: 112695 ns, At safepoint: 12058 ns, Total: 124753 ns
[2020-05-16T04:38:07.261+0000][8924][safepoint    ] Safepoint "Cleanup", Time since last: 1000236986 ns, Reaching safepoint: 85333 ns, At safepoint: 1855 ns, Total: 87188 ns
[2020-05-16T04:38:08.905+0000][8924][safepoint    ] Safepoint "Cleanup", Time since last: 1623534088 ns, Reaching safepoint: 21043004 ns, At safepoint: 57971 ns, Total: 21100975 ns
[2020-05-16T04:38:09.906+0000][8924][safepoint    ] Safepoint "Cleanup", Time since last: 1000196174 ns, Reaching safepoint: 68638 ns, At safepoint: 1855 ns, Total: 70493 ns
[2020-05-16T04:38:10.906+0000][8924][safepoint    ] Safepoint "Cleanup", Time since last: 1000225855 ns, Reaching safepoint: 96000 ns, At safepoint: 3246 ns, Total: 99246 ns
[2020-05-16T04:38:11.906+0000][8924][safepoint    ] Safepoint "Cleanup", Time since last: 1000254609 ns, Reaching safepoint: 69101 ns, At safepoint: 1855 ns, Total: 70956 ns
[2020-05-16T04:38:13.049+0000][8924][safepoint    ] Safepoint "Cleanup", Time since last: 1142880862 ns, Reaching safepoint: 105739 ns, At safepoint: 1855 ns, Total: 107594 ns
[2020-05-16T04:38:14.050+0000][8924][safepoint    ] Safepoint "Cleanup", Time since last: 1000221681 ns, Reaching safepoint: 116869 ns, At safepoint: 1855 ns, Total: 118724 ns
[2020-05-16T04:38:15.050+0000][8924][safepoint    ] Safepoint "Cleanup", Time since last: 1000204058 ns, Reaching safepoint: 69566 ns, At safepoint: 3246 ns, Total: 72812 ns
[2020-05-16T04:38:16.050+0000][8924][safepoint    ] Safepoint "Cleanup", Time since last: 1000211942 ns, Reaching safepoint: 89507 ns, At safepoint: 2319 ns, Total: 91826 ns
[2020-05-16T04:38:17.051+0000][8924][safepoint    ] Safepoint "Cleanup", Time since last: 1000269449 ns, Reaching safepoint: 112696 ns, At safepoint: 2782 ns, Total: 115478 ns
[2020-05-16T04:38:18.051+0000][8924][safepoint    ] Safepoint "Cleanup", Time since last: 1000173449 ns, Reaching safepoint: 99247 ns, At safepoint: 3710 ns, Total: 102957 ns
[2020-05-16T04:38:19.051+0000][8924][safepoint    ] Safepoint "Cleanup", Time since last: 1000255536 ns, Reaching safepoint: 85797 ns, At safepoint: 1391 ns, Total: 87188 ns
[2020-05-16T04:38:20.052+0000][8924][safepoint    ] Safepoint "Cleanup", Time since last: 1000246725 ns, Reaching safepoint: 51478 ns, At safepoint: 2319 ns, Total: 53797 ns
[2020-05-16T04:38:21.052+0000][8924][safepoint    ] Safepoint "Cleanup", Time since last: 1000269449 ns, Reaching safepoint: 109913 ns, At safepoint: 2783 ns, Total: 112696 ns
[2020-05-16T04:38:22.052+0000][8924][safepoint    ] Safepoint "Cleanup", Time since last: 1000202203 ns, Reaching safepoint: 84869 ns, At safepoint: 2319 ns, Total: 87188 ns
[2020-05-16T04:38:23.053+0000][8924][safepoint    ] Safepoint "Cleanup", Time since last: 1000220753 ns, Reaching safepoint: 52406 ns, At safepoint: 1855 ns, Total: 54261 ns
[2020-05-16T04:38:24.053+0000][8924][safepoint    ] Safepoint "Cleanup", Time since last: 1000309797 ns, Reaching safepoint: 125218 ns, At safepoint: 4173 ns, Total: 129391 ns
[2020-05-16T04:38:25.053+0000][8924][safepoint    ] Safepoint "Cleanup", Time since last: 1000146087 ns, Reaching safepoint: 111305 ns, At safepoint: 8347 ns, Total: 119652 ns
[2020-05-16T04:38:26.054+0000][8924][safepoint    ] Safepoint "Cleanup", Time since last: 1000282899 ns, Reaching safepoint: 119652 ns, At safepoint: 2783 ns, Total: 122435 ns
[2020-05-16T04:38:27.054+0000][8924][safepoint    ] Safepoint "Cleanup", Time since last: 1000174376 ns, Reaching safepoint: 124754 ns, At safepoint: 1855 ns, Total: 126609 ns
[2020-05-16T04:38:28.177+0000][8924][safepoint    ] Safepoint "Cleanup", Time since last: 1122818262 ns, Reaching safepoint: 83942 ns, At safepoint: 2319 ns, Total: 86261 ns
[2020-05-16T04:38:29.177+0000][8924][safepoint    ] Safepoint "Cleanup", Time since last: 1000237449 ns, Reaching safepoint: 88116 ns, At safepoint: 3246 ns, Total: 91362 ns
[2020-05-16T04:38:30.178+0000][8924][safepoint    ] Safepoint "Cleanup", Time since last: 1000277797 ns, Reaching safepoint: 72348 ns, At safepoint: 2783 ns, Total: 75131 ns
[2020-05-16T04:38:31.178+0000][8924][safepoint    ] Safepoint "Cleanup", Time since last: 1000244405 ns, Reaching safepoint: 86725 ns, At safepoint: 3246 ns, Total: 89971 ns
[2020-05-16T04:38:32.178+0000][8924][safepoint    ] Safepoint "Cleanup", Time since last: 1000235130 ns, Reaching safepoint: 92290 ns, At safepoint: 3247 ns, Total: 95537 ns
[2020-05-16T04:38:33.179+0000][8924][safepoint    ] Safepoint "Cleanup", Time since last: 1000230492 ns, Reaching safepoint: 116406 ns, At safepoint: 1855 ns, Total: 118261 ns
[2020-05-16T04:38:34.179+0000][8924][safepoint    ] Safepoint "Cleanup", Time since last: 1000243015 ns, Reaching safepoint: 118260 ns, At safepoint: 1855 ns, Total: 120115 ns
[2020-05-16T04:38:35.179+0000][8924][safepoint    ] Safepoint "Cleanup", Time since last: 1000179479 ns, Reaching safepoint: 108521 ns, At safepoint: 1855 ns, Total: 110376 ns
[2020-05-16T04:38:36.179+0000][8924][safepoint    ] Safepoint "Cleanup", Time since last: 1000195247 ns, Reaching safepoint: 100637 ns, At safepoint: 1855 ns, Total: 102492 ns
[2020-05-16T04:38:37.180+0000][8924][safepoint    ] Safepoint "Cleanup", Time since last: 1000230957 ns, Reaching safepoint: 125217 ns, At safepoint: 2319 ns, Total: 127536 ns
[2020-05-16T04:38:38.180+0000][8924][safepoint    ] Safepoint "Cleanup", Time since last: 1000180869 ns, Reaching safepoint: 70493 ns, At safepoint: 1855 ns, Total: 72348 ns
[2020-05-16T04:38:39.181+0000][8924][safepoint    ] Safepoint "Cleanup", Time since last: 1000276870 ns, Reaching safepoint: 122898 ns, At safepoint: 2783 ns, Total: 125681 ns
[2020-05-16T04:38:40.181+0000][8924][safepoint    ] Safepoint "Cleanup", Time since last: 1000211478 ns, Reaching safepoint: 102493 ns, At safepoint: 2782 ns, Total: 105275 ns
[2020-05-16T04:38:41.181+0000][8924][safepoint    ] Safepoint "Cleanup", Time since last: 1000159073 ns, Reaching safepoint: 110376 ns, At safepoint: 3247 ns, Total: 113623 ns
[2020-05-16T04:38:42.181+0000][8924][safepoint    ] Safepoint "Cleanup", Time since last: 1000238840 ns, Reaching safepoint: 87189 ns, At safepoint: 2318 ns, Total: 89507 ns
[2020-05-16T04:38:43.182+0000][8924][safepoint    ] Safepoint "Cleanup", Time since last: 1000242087 ns, Reaching safepoint: 110841 ns, At safepoint: 2319 ns, Total: 113160 ns
[2020-05-16T04:38:44.182+0000][8924][safepoint    ] Safepoint "Cleanup", Time since last: 1000179942 ns, Reaching safepoint: 81159 ns, At safepoint: 3246 ns, Total: 84405 ns
[2020-05-16T04:38:45.182+0000][8924][safepoint    ] Safepoint "Cleanup", Time since last: 1000276870 ns, Reaching safepoint: 88116 ns, At safepoint: 3710 ns, Total: 91826 ns
[2020-05-16T04:38:46.183+0000][8924][safepoint    ] Safepoint "Cleanup", Time since last: 1000238377 ns, Reaching safepoint: 127999 ns, At safepoint: 4174 ns, Total: 132173 ns
[2020-05-16T04:38:47.183+0000][8924][safepoint    ] Safepoint "Cleanup", Time since last: 1000200348 ns, Reaching safepoint: 70957 ns, At safepoint: 1855 ns, Total: 72812 ns
[2020-05-16T04:38:48.183+0000][8924][safepoint    ] Safepoint "Cleanup", Time since last: 1000198956 ns, Reaching safepoint: 71884 ns, At safepoint: 1855 ns, Total: 73739 ns
[2020-05-16T04:38:49.184+0000][8924][safepoint    ] Safepoint "Cleanup", Time since last: 1000300058 ns, Reaching safepoint: 151188 ns, At safepoint: 3710 ns, Total: 154898 ns
[2020-05-16T04:38:50.185+0000][8924][safepoint    ] Safepoint "Cleanup", Time since last: 1001152927 ns, Reaching safepoint: 87189 ns, At safepoint: 3246 ns, Total: 90435 ns
[2020-05-16T04:38:51.185+0000][8924][safepoint    ] Safepoint "Cleanup", Time since last: 1000238841 ns, Reaching safepoint: 74203 ns, At safepoint: 2318 ns, Total: 76521 ns
[2020-05-16T04:38:52.186+0000][8924][safepoint    ] Safepoint "Cleanup", Time since last: 1000214261 ns, Reaching safepoint: 67710 ns, At safepoint: 3247 ns, Total: 70957 ns
[2020-05-16T04:38:53.186+0000][8924][safepoint    ] Safepoint "Cleanup", Time since last: 1000284289 ns, Reaching safepoint: 89044 ns, At safepoint: 2319 ns, Total: 91363 ns
[2020-05-16T04:38:54.186+0000][8924][safepoint    ] Safepoint "Cleanup", Time since last: 1000250898 ns, Reaching safepoint: 99246 ns, At safepoint: 3711 ns, Total: 102957 ns
[2020-05-16T04:38:55.187+0000][8924][safepoint    ] Safepoint "Cleanup", Time since last: 1000169739 ns, Reaching safepoint: 76985 ns, At safepoint: 3246 ns, Total: 80231 ns
[2020-05-16T04:38:56.187+0000][8924][safepoint    ] Safepoint "Cleanup", Time since last: 1000329739 ns, Reaching safepoint: 96928 ns, At safepoint: 3710 ns, Total: 100638 ns
[2020-05-16T04:38:57.187+0000][8924][safepoint    ] Safepoint "Cleanup", Time since last: 1000176696 ns, Reaching safepoint: 116405 ns, At safepoint: 2319 ns, Total: 118724 ns
[2020-05-16T04:38:58.188+0000][8924][safepoint    ] Safepoint "Cleanup", Time since last: 1000171131 ns, Reaching safepoint: 60289 ns, At safepoint: 2783 ns, Total: 63072 ns
[2020-05-16T04:38:59.188+0000][8924][safepoint    ] Safepoint "Cleanup", Time since last: 1000292174 ns, Reaching safepoint: 85333 ns, At safepoint: 2319 ns, Total: 87652 ns
[2020-05-16T04:39:00.188+0000][8924][safepoint    ] Safepoint "Cleanup", Time since last: 1000202667 ns, Reaching safepoint: 106202 ns, At safepoint: 1855 ns, Total: 108057 ns
[2020-05-16T04:39:01.189+0000][8924][safepoint    ] Safepoint "Cleanup", Time since last: 1000255073 ns, Reaching safepoint: 86261 ns, At safepoint: 3246 ns, Total: 89507 ns
[2020-05-16T04:39:02.189+0000][8924][safepoint    ] Safepoint "Cleanup", Time since last: 1000234667 ns, Reaching safepoint: 89043 ns, At safepoint: 2319 ns, Total: 91362 ns
[2020-05-16T04:39:03.189+0000][8924][safepoint    ] Safepoint "Cleanup", Time since last: 1000196174 ns, Reaching safepoint: 92289 ns, At safepoint: 19479 ns, Total: 111768 ns
[2020-05-16T04:39:04.190+0000][8924][safepoint    ] Safepoint "Cleanup", Time since last: 1000249507 ns, Reaching safepoint: 88579 ns, At safepoint: 2319 ns, Total: 90898 ns
[2020-05-16T04:39:05.190+0000][8924][safepoint    ] Safepoint "Cleanup", Time since last: 1000256000 ns, Reaching safepoint: 96464 ns, At safepoint: 4174 ns, Total: 100638 ns
[2020-05-16T04:39:06.190+0000][8924][safepoint    ] Safepoint "Cleanup", Time since last: 1000202203 ns, Reaching safepoint: 109913 ns, At safepoint: 2782 ns, Total: 112695 ns
[2020-05-16T04:39:07.191+0000][8924][safepoint    ] Safepoint "Cleanup", Time since last: 1000178087 ns, Reaching safepoint: 85797 ns, At safepoint: 1855 ns, Total: 87652 ns
[2020-05-16T04:39:08.191+0000][8924][safepoint    ] Safepoint "Cleanup", Time since last: 1000294957 ns, Reaching safepoint: 137739 ns, At safepoint: 17159 ns, Total: 154898 ns
[2020-05-16T04:39:09.198+0000][8924][safepoint    ] Safepoint "Cleanup", Time since last: 1007093330 ns, Reaching safepoint: 95536 ns, At safepoint: 4174 ns, Total: 99710 ns
[2020-05-16T04:39:10.199+0000][8924][safepoint    ] Safepoint "Cleanup", Time since last: 1000265739 ns, Reaching safepoint: 89507 ns, At safepoint: 3711 ns, Total: 93218 ns
[2020-05-16T04:39:11.199+0000][8924][safepoint    ] Safepoint "Cleanup", Time since last: 1000249043 ns, Reaching safepoint: 96000 ns, At safepoint: 2783 ns, Total: 98783 ns
[2020-05-16T04:39:12.199+0000][8924][safepoint    ] Safepoint "Cleanup", Time since last: 1000210550 ns, Reaching safepoint: 120580 ns, At safepoint: 3710 ns, Total: 124290 ns
[2020-05-16T04:39:13.199+0000][8924][safepoint    ] Safepoint "Cleanup", Time since last: 1000158609 ns, Reaching safepoint: 89507 ns, At safepoint: 1855 ns, Total: 91362 ns
[2020-05-16T04:39:14.200+0000][8924][safepoint    ] Safepoint "Cleanup", Time since last: 1000265739 ns, Reaching safepoint: 104348 ns, At safepoint: 2782 ns, Total: 107130 ns
[2020-05-16T04:39:15.200+0000][8924][safepoint    ] Safepoint "Cleanup", Time since last: 1000184580 ns, Reaching safepoint: 90898 ns, At safepoint: 3711 ns, Total: 94609 ns
[2020-05-16T04:39:16.200+0000][8924][safepoint    ] Safepoint "Cleanup", Time since last: 1000269912 ns, Reaching safepoint: 118725 ns, At safepoint: 2319 ns, Total: 121044 ns
[2020-05-16T04:39:17.201+0000][8924][safepoint    ] Safepoint "Cleanup", Time since last: 1000166029 ns, Reaching safepoint: 88579 ns, At safepoint: 1856 ns, Total: 90435 ns
[2020-05-16T04:39:18.201+0000][8924][safepoint    ] Safepoint "Cleanup", Time since last: 1000281043 ns, Reaching safepoint: 101101 ns, At safepoint: 1855 ns, Total: 102956 ns
[2020-05-16T04:39:19.201+0000][8924][safepoint    ] Safepoint "Cleanup", Time since last: 1000232812 ns, Reaching safepoint: 81159 ns, At safepoint: 3710 ns, Total: 84869 ns
[2020-05-16T04:39:20.202+0000][8924][safepoint    ] Safepoint "Cleanup", Time since last: 1000225392 ns, Reaching safepoint: 69565 ns, At safepoint: 2319 ns, Total: 71884 ns
[2020-05-16T04:39:21.202+0000][8924][safepoint    ] Safepoint "Cleanup", Time since last: 1000262492 ns, Reaching safepoint: 103420 ns, At safepoint: 2319 ns, Total: 105739 ns
[2020-05-16T04:39:22.506+0000][8924][safepoint    ] Safepoint "Cleanup", Time since last: 1303356613 ns, Reaching safepoint: 82551 ns, At safepoint: 1855 ns, Total: 84406 ns
[2020-05-16T04:39:23.506+0000][8924][safepoint    ] Safepoint "Cleanup", Time since last: 1000294029 ns, Reaching safepoint: 99710 ns, At safepoint: 3710 ns, Total: 103420 ns
[2020-05-16T04:39:24.506+0000][8924][safepoint    ] Safepoint "Cleanup", Time since last: 1000222145 ns, Reaching safepoint: 179014 ns, At safepoint: 3247 ns, Total: 182261 ns
[2020-05-16T04:39:25.507+0000][8924][safepoint    ] Safepoint "Cleanup", Time since last: 1000134956 ns, Reaching safepoint: 73275 ns, At safepoint: 2783 ns, Total: 76058 ns
[2020-05-16T04:39:26.507+0000][8924][safepoint    ] Safepoint "Cleanup", Time since last: 1000200812 ns, Reaching safepoint: 75130 ns, At safepoint: 1855 ns, Total: 76985 ns
[2020-05-16T04:39:27.507+0000][8924][safepoint    ] Safepoint "Cleanup", Time since last: 1000246261 ns, Reaching safepoint: 80695 ns, At safepoint: 3247 ns, Total: 83942 ns
[2020-05-16T04:39:28.508+0000][8924][safepoint    ] Safepoint "Cleanup", Time since last: 1000286145 ns, Reaching safepoint: 90898 ns, At safepoint: 3246 ns, Total: 94144 ns
[2020-05-16T04:39:29.508+0000][8924][safepoint    ] Safepoint "Cleanup", Time since last: 1000188754 ns, Reaching safepoint: 86725 ns, At safepoint: 1855 ns, Total: 88580 ns
[2020-05-16T04:39:30.508+0000][8924][safepoint    ] Safepoint "Cleanup", Time since last: 1000281043 ns, Reaching safepoint: 87652 ns, At safepoint: 2319 ns, Total: 89971 ns
[2020-05-16T04:39:31.509+0000][8924][safepoint    ] Safepoint "Cleanup", Time since last: 1000187826 ns, Reaching safepoint: 109449 ns, At safepoint: 3710 ns, Total: 113159 ns
[2020-05-16T04:39:32.509+0000][8924][safepoint    ] Safepoint "Cleanup", Time since last: 1000211942 ns, Reaching safepoint: 88116 ns, At safepoint: 1855 ns, Total: 89971 ns
[2020-05-16T04:39:33.509+0000][8924][safepoint    ] Safepoint "Cleanup", Time since last: 1000236986 ns, Reaching safepoint: 52405 ns, At safepoint: 1856 ns, Total: 54261 ns
[2020-05-16T04:39:34.510+0000][8924][safepoint    ] Safepoint "Cleanup", Time since last: 1000309796 ns, Reaching safepoint: 124754 ns, At safepoint: 3710 ns, Total: 128464 ns
[2020-05-16T04:39:35.510+0000][8924][safepoint    ] Safepoint "Cleanup", Time since last: 1000208232 ns, Reaching safepoint: 191072 ns, At safepoint: 3710 ns, Total: 194782 ns
[2020-05-16T04:39:36.510+0000][8924][safepoint    ] Safepoint "Cleanup", Time since last: 1000109450 ns, Reaching safepoint: 49623 ns, At safepoint: 1855 ns, Total: 51478 ns
[2020-05-16T04:39:37.510+0000][8924][safepoint    ] Safepoint "Cleanup", Time since last: 1000240696 ns, Reaching safepoint: 103884 ns, At safepoint: 3246 ns, Total: 107130 ns
[2020-05-16T04:39:38.511+0000][8924][safepoint    ] Safepoint "Cleanup", Time since last: 1000271304 ns, Reaching safepoint: 98319 ns, At safepoint: 3246 ns, Total: 101565 ns
[2020-05-16T04:39:39.511+0000][8924][safepoint    ] Safepoint "Cleanup", Time since last: 1000167884 ns, Reaching safepoint: 83015 ns, At safepoint: 2782 ns, Total: 85797 ns
[2020-05-16T04:39:40.511+0000][8924][safepoint    ] Safepoint "Cleanup", Time since last: 1000276406 ns, Reaching safepoint: 121043 ns, At safepoint: 1855 ns, Total: 122898 ns
[2020-05-16T04:39:41.512+0000][8924][safepoint    ] Safepoint "Cleanup", Time since last: 1000166493 ns, Reaching safepoint: 69102 ns, At safepoint: 1855 ns, Total: 70957 ns
[2020-05-16T04:39:42.512+0000][8924][safepoint    ] Safepoint "Cleanup", Time since last: 1000300057 ns, Reaching safepoint: 120580 ns, At safepoint: 2783 ns, Total: 123363 ns
[2020-05-16T04:39:43.512+0000][8924][safepoint    ] Safepoint "Cleanup", Time since last: 1000200347 ns, Reaching safepoint: 116870 ns, At safepoint: 3246 ns, Total: 120116 ns
[2020-05-16T04:39:44.513+0000][8924][safepoint    ] Safepoint "Cleanup", Time since last: 1000178087 ns, Reaching safepoint: 67247 ns, At safepoint: 1391 ns, Total: 68638 ns
[2020-05-16T04:39:45.513+0000][8924][safepoint    ] Safepoint "Cleanup", Time since last: 1000236058 ns, Reaching safepoint: 113159 ns, At safepoint: 2783 ns, Total: 115942 ns
[2020-05-16T04:39:46.513+0000][8924][safepoint    ] Safepoint "Cleanup", Time since last: 1000246260 ns, Reaching safepoint: 115479 ns, At safepoint: 1855 ns, Total: 117334 ns
[2020-05-16T04:39:47.514+0000][8924][safepoint    ] Safepoint "Cleanup", Time since last: 1000170666 ns, Reaching safepoint: 109913 ns, At safepoint: 3247 ns, Total: 113160 ns
[2020-05-16T04:39:48.514+0000][8924][safepoint    ] Safepoint "Cleanup", Time since last: 1000264347 ns, Reaching safepoint: 124754 ns, At safepoint: 4174 ns, Total: 128928 ns
[2020-05-16T04:39:49.514+0000][8924][safepoint    ] Safepoint "Cleanup", Time since last: 1000191536 ns, Reaching safepoint: 82087 ns, At safepoint: 4174 ns, Total: 86261 ns
[2020-05-16T04:39:50.515+0000][8924][safepoint    ] Safepoint "Cleanup", Time since last: 1000211014 ns, Reaching safepoint: 72812 ns, At safepoint: 1855 ns, Total: 74667 ns
[2020-05-16T04:39:51.515+0000][8924][safepoint    ] Safepoint "Cleanup", Time since last: 1000266666 ns, Reaching safepoint: 109450 ns, At safepoint: 3246 ns, Total: 112696 ns
[2020-05-16T04:39:52.515+0000][8924][safepoint    ] Safepoint "Cleanup", Time since last: 1000238377 ns, Reaching safepoint: 145159 ns, At safepoint: 2783 ns, Total: 147942 ns
[2020-05-16T04:39:53.516+0000][8924][safepoint    ] Safepoint "Cleanup", Time since last: 1000141449 ns, Reaching safepoint: 89043 ns, At safepoint: 3247 ns, Total: 92290 ns
[2020-05-16T04:39:54.516+0000][8924][safepoint    ] Safepoint "Cleanup", Time since last: 1000261565 ns, Reaching safepoint: 116869 ns, At safepoint: 18551 ns, Total: 135420 ns
[2020-05-16T04:39:55.516+0000][8924][safepoint    ] Safepoint "Cleanup", Time since last: 1000132174 ns, Reaching safepoint: 112232 ns, At safepoint: 3246 ns, Total: 115478 ns
[2020-05-16T04:39:56.517+0000][8924][safepoint    ] Safepoint "Cleanup", Time since last: 1000208696 ns, Reaching safepoint: 102956 ns, At safepoint: 1855 ns, Total: 104811 ns
[2020-05-16T04:39:57.517+0000][8924][safepoint    ] Safepoint "Cleanup", Time since last: 1000220290 ns, Reaching safepoint: 89971 ns, At safepoint: 1855 ns, Total: 91826 ns
[2020-05-16T04:39:58.517+0000][8924][safepoint    ] Safepoint "Cleanup", Time since last: 1000275942 ns, Reaching safepoint: 71884 ns, At safepoint: 3246 ns, Total: 75130 ns
[2020-05-16T04:39:59.518+0000][8924][safepoint    ] Safepoint "Cleanup", Time since last: 1000207768 ns, Reaching safepoint: 101102 ns, At safepoint: 1855 ns, Total: 102957 ns
[2020-05-16T04:40:00.518+0000][8924][safepoint    ] Safepoint "Cleanup", Time since last: 1000275942 ns, Reaching safepoint: 107130 ns, At safepoint: 2319 ns, Total: 109449 ns
[2020-05-16T04:40:01.518+0000][8924][safepoint    ] Safepoint "Cleanup", Time since last: 1000185043 ns, Reaching safepoint: 95073 ns, At safepoint: 3246 ns, Total: 98319 ns
[2020-05-16T04:40:02.519+0000][8924][safepoint    ] Safepoint "Cleanup", Time since last: 1000248116 ns, Reaching safepoint: 91362 ns, At safepoint: 3247 ns, Total: 94609 ns
[2020-05-16T04:40:03.519+0000][8924][safepoint    ] Safepoint "Cleanup", Time since last: 1000235130 ns, Reaching safepoint: 131710 ns, At safepoint: 3710 ns, Total: 135420 ns
[2020-05-16T04:40:04.519+0000][8924][safepoint    ] Safepoint "Cleanup", Time since last: 1000192000 ns, Reaching safepoint: 125217 ns, At safepoint: 17160 ns, Total: 142377 ns
[2020-05-16T04:40:05.520+0000][8924][safepoint    ] Safepoint "Cleanup", Time since last: 1000182724 ns, Reaching safepoint: 121044 ns, At safepoint: 4174 ns, Total: 125218 ns
[2020-05-16T04:40:06.520+0000][8924][safepoint    ] Safepoint "Cleanup", Time since last: 1000199420 ns, Reaching safepoint: 103420 ns, At safepoint: 2319 ns, Total: 105739 ns
[2020-05-16T04:40:07.520+0000][8924][safepoint    ] Safepoint "Cleanup", Time since last: 1000167420 ns, Reaching safepoint: 96000 ns, At safepoint: 1855 ns, Total: 97855 ns
[2020-05-16T04:40:08.521+0000][8924][safepoint    ] Safepoint "Cleanup", Time since last: 1000240696 ns, Reaching safepoint: 84869 ns, At safepoint: 1855 ns, Total: 86724 ns
[2020-05-16T04:40:09.521+0000][8924][safepoint    ] Safepoint "Cleanup", Time since last: 1000222145 ns, Reaching safepoint: 117333 ns, At safepoint: 3247 ns, Total: 120580 ns
[2020-05-16T04:40:10.521+0000][8924][safepoint    ] Safepoint "Cleanup", Time since last: 1000262029 ns, Reaching safepoint: 145159 ns, At safepoint: 4174 ns, Total: 149333 ns
[2020-05-16T04:40:11.522+0000][8924][safepoint    ] Safepoint "Cleanup", Time since last: 1000119188 ns, Reaching safepoint: 79305 ns, At safepoint: 3246 ns, Total: 82551 ns
[2020-05-16T04:40:12.522+0000][8924][safepoint    ] Safepoint "Cleanup", Time since last: 1000296811 ns, Reaching safepoint: 91826 ns, At safepoint: 2319 ns, Total: 94145 ns
[2020-05-16T04:40:13.522+0000][8924][safepoint    ] Safepoint "Cleanup", Time since last: 1000213334 ns, Reaching safepoint: 96463 ns, At safepoint: 19479 ns, Total: 115942 ns
[2020-05-16T04:40:14.523+0000][8924][safepoint    ] Safepoint "Cleanup", Time since last: 1000238376 ns, Reaching safepoint: 100174 ns, At safepoint: 1855 ns, Total: 102029 ns
[2020-05-16T04:40:15.523+0000][8924][safepoint    ] Safepoint "Cleanup", Time since last: 1000205449 ns, Reaching safepoint: 120116 ns, At safepoint: 2319 ns, Total: 122435 ns
[2020-05-16T04:40:16.523+0000][8924][safepoint    ] Safepoint "Cleanup", Time since last: 1000210087 ns, Reaching safepoint: 103420 ns, At safepoint: 3710 ns, Total: 107130 ns
[2020-05-16T04:40:17.523+0000][8924][safepoint    ] Safepoint "Cleanup", Time since last: 1000216116 ns, Reaching safepoint: 165565 ns, At safepoint: 3247 ns, Total: 168812 ns
[2020-05-16T04:40:18.524+0000][8924][safepoint    ] Safepoint "Cleanup", Time since last: 1000156753 ns, Reaching safepoint: 87652 ns, At safepoint: 2319 ns, Total: 89971 ns
[2020-05-16T04:40:19.524+0000][8924][safepoint    ] Safepoint "Cleanup", Time since last: 1000179942 ns, Reaching safepoint: 49623 ns, At safepoint: 1855 ns, Total: 51478 ns
[2020-05-16T04:40:20.524+0000][8924][safepoint    ] Safepoint "Cleanup", Time since last: 1000323247 ns, Reaching safepoint: 131246 ns, At safepoint: 3246 ns, Total: 134492 ns
[2020-05-16T04:40:21.995+0000][8924][safepoint    ] Safepoint "Cleanup", Time since last: 1469941116 ns, Reaching safepoint: 91826 ns, At safepoint: 1855 ns, Total: 93681 ns
[2020-05-16T04:40:22.995+0000][8924][safepoint    ] Safepoint "Cleanup", Time since last: 1000221217 ns, Reaching safepoint: 93681 ns, At safepoint: 3247 ns, Total: 96928 ns
[2020-05-16T04:40:23.995+0000][8924][safepoint    ] Safepoint "Cleanup", Time since last: 1000217043 ns, Reaching safepoint: 76058 ns, At safepoint: 2319 ns, Total: 78377 ns
[2020-05-16T04:40:24.996+0000][8924][safepoint    ] Safepoint "Cleanup", Time since last: 1000261101 ns, Reaching safepoint: 83478 ns, At safepoint: 1855 ns, Total: 85333 ns
[2020-05-16T04:40:25.996+0000][8924][safepoint    ] Safepoint "Cleanup", Time since last: 1000239768 ns, Reaching safepoint: 127073 ns, At safepoint: 2782 ns, Total: 129855 ns
[2020-05-16T04:40:26.996+0000][8924][safepoint    ] Safepoint "Cleanup", Time since last: 1000192464 ns, Reaching safepoint: 110841 ns, At safepoint: 1855 ns, Total: 112696 ns
[2020-05-16T04:40:27.996+0000][8924][safepoint    ] Safepoint "Cleanup", Time since last: 1000204985 ns, Reaching safepoint: 85797 ns, At safepoint: 5565 ns, Total: 91362 ns
[2020-05-16T04:40:28.997+0000][8924][safepoint    ] Safepoint "Cleanup", Time since last: 1000226319 ns, Reaching safepoint: 102493 ns, At safepoint: 2319 ns, Total: 104812 ns
[2020-05-16T04:40:29.997+0000][8924][safepoint    ] Safepoint "Cleanup", Time since last: 1000199884 ns, Reaching safepoint: 72347 ns, At safepoint: 1855 ns, Total: 74202 ns
[2020-05-16T04:40:30.997+0000][8924][safepoint    ] Safepoint "Cleanup", Time since last: 1000282899 ns, Reaching safepoint: 86724 ns, At safepoint: 4174 ns, Total: 90898 ns
[2020-05-16T04:40:31.998+0000][8924][safepoint    ] Safepoint "Cleanup", Time since last: 1000243479 ns, Reaching safepoint: 85333 ns, At safepoint: 3710 ns, Total: 89043 ns
[2020-05-16T04:40:32.998+0000][8924][safepoint    ] Safepoint "Cleanup", Time since last: 1000181333 ns, Reaching safepoint: 95536 ns, At safepoint: 3711 ns, Total: 99247 ns
[2020-05-16T04:40:33.998+0000][8924][safepoint    ] Safepoint "Cleanup", Time since last: 1000272695 ns, Reaching safepoint: 68638 ns, At safepoint: 2319 ns, Total: 70957 ns
[2020-05-16T04:40:34.999+0000][8924][safepoint    ] Safepoint "Cleanup", Time since last: 1000207768 ns, Reaching safepoint: 104347 ns, At safepoint: 1855 ns, Total: 106202 ns
[2020-05-16T04:40:35.999+0000][8924][safepoint    ] Safepoint "Cleanup", Time since last: 1000296812 ns, Reaching safepoint: 70029 ns, At safepoint: 18551 ns, Total: 88580 ns
[2020-05-16T04:40:36.999+0000][8924][safepoint    ] Safepoint "Cleanup", Time since last: 1000156753 ns, Reaching safepoint: 87188 ns, At safepoint: 3247 ns, Total: 90435 ns
[2020-05-16T04:40:38.000+0000][8924][safepoint    ] Safepoint "Cleanup", Time since last: 1000298666 ns, Reaching safepoint: 78841 ns, At safepoint: 3710 ns, Total: 82551 ns
[2020-05-16T04:40:39.000+0000][8924][safepoint    ] Safepoint "Cleanup", Time since last: 1000191536 ns, Reaching safepoint: 68174 ns, At safepoint: 1855 ns, Total: 70029 ns
[2020-05-16T04:40:40.000+0000][8924][safepoint    ] Safepoint "Cleanup", Time since last: 1000287072 ns, Reaching safepoint: 79769 ns, At safepoint: 2318 ns, Total: 82087 ns
[2020-05-16T04:40:41.011+0000][8924][safepoint    ] Safepoint "Cleanup", Time since last: 1010218662 ns, Reaching safepoint: 80232 ns, At safepoint: 4174 ns, Total: 84406 ns
[2020-05-16T04:40:42.011+0000][8924][safepoint    ] Safepoint "Cleanup", Time since last: 1000217043 ns, Reaching safepoint: 83479 ns, At safepoint: 2782 ns, Total: 86261 ns
[2020-05-16T04:40:43.011+0000][8924][safepoint    ] Safepoint "Cleanup", Time since last: 1000243478 ns, Reaching safepoint: 119653 ns, At safepoint: 4173 ns, Total: 123826 ns
[2020-05-16T04:40:44.012+0000][8924][safepoint    ] Safepoint "Cleanup", Time since last: 1000186899 ns, Reaching safepoint: 108985 ns, At safepoint: 3711 ns, Total: 112696 ns
[2020-05-16T04:40:45.012+0000][8924][safepoint    ] Safepoint "Cleanup", Time since last: 1000250898 ns, Reaching safepoint: 77913 ns, At safepoint: 3710 ns, Total: 81623 ns
[2020-05-16T04:40:46.012+0000][8924][safepoint    ] Safepoint "Cleanup", Time since last: 1000243478 ns, Reaching safepoint: 74203 ns, At safepoint: 2783 ns, Total: 76986 ns
[2020-05-16T04:40:47.013+0000][8924][safepoint    ] Safepoint "Cleanup", Time since last: 1000230492 ns, Reaching safepoint: 111768 ns, At safepoint: 3247 ns, Total: 115015 ns
[2020-05-16T04:40:48.013+0000][8924][safepoint    ] Safepoint "Cleanup", Time since last: 1000207304 ns, Reaching safepoint: 94145 ns, At safepoint: 2783 ns, Total: 96928 ns
[2020-05-16T04:40:49.452+0000][8924][safepoint    ] Safepoint "Cleanup", Time since last: 1439052318 ns, Reaching safepoint: 69101 ns, At safepoint: 1855 ns, Total: 70956 ns
[2020-05-16T04:40:50.481+0000][8924][safepoint    ] Safepoint "Cleanup", Time since last: 1000224464 ns, Reaching safepoint: 28956740 ns, At safepoint: 10667 ns, Total: 28967407 ns
[2020-05-16T04:40:51.482+0000][8924][safepoint    ] Safepoint "Cleanup", Time since last: 1000275478 ns, Reaching safepoint: 105275 ns, At safepoint: 44522 ns, Total: 149797 ns
[2020-05-16T04:40:52.482+0000][8924][safepoint    ] Safepoint "Cleanup", Time since last: 1000214724 ns, Reaching safepoint: 124290 ns, At safepoint: 2783 ns, Total: 127073 ns
[2020-05-16T04:40:53.482+0000][8924][safepoint    ] Safepoint "Cleanup", Time since last: 1000214261 ns, Reaching safepoint: 65855 ns, At safepoint: 11594 ns, Total: 77449 ns
[2020-05-16T04:40:54.483+0000][8924][safepoint    ] Safepoint "Cleanup", Time since last: 1000195710 ns, Reaching safepoint: 109449 ns, At safepoint: 4174 ns, Total: 113623 ns
[2020-05-16T04:40:55.483+0000][8924][safepoint    ] Safepoint "Cleanup", Time since last: 1000264348 ns, Reaching safepoint: 89507 ns, At safepoint: 3246 ns, Total: 92753 ns
[2020-05-16T04:40:56.483+0000][8924][safepoint    ] Safepoint "Cleanup", Time since last: 1000177160 ns, Reaching safepoint: 66318 ns, At safepoint: 10203 ns, Total: 76521 ns
[2020-05-16T04:40:57.484+0000][8924][safepoint    ] Safepoint "Cleanup", Time since last: 1000257855 ns, Reaching safepoint: 87652 ns, At safepoint: 1855 ns, Total: 89507 ns
[2020-05-16T04:40:58.484+0000][8924][safepoint    ] Safepoint "Cleanup", Time since last: 1000223073 ns, Reaching safepoint: 85797 ns, At safepoint: 3246 ns, Total: 89043 ns
[2020-05-16T04:40:59.484+0000][8924][safepoint    ] Safepoint "Cleanup", Time since last: 1000237913 ns, Reaching safepoint: 101565 ns, At safepoint: 4174 ns, Total: 105739 ns
[2020-05-16T04:41:00.485+0000][8924][safepoint    ] Safepoint "Cleanup", Time since last: 1000246725 ns, Reaching safepoint: 83942 ns, At safepoint: 2319 ns, Total: 86261 ns
[2020-05-16T04:41:01.485+0000][8924][safepoint    ] Safepoint "Cleanup", Time since last: 1000267130 ns, Reaching safepoint: 105275 ns, At safepoint: 2319 ns, Total: 107594 ns
[2020-05-16T04:41:02.485+0000][8924][safepoint    ] Safepoint "Cleanup", Time since last: 1000201739 ns, Reaching safepoint: 115942 ns, At safepoint: 3710 ns, Total: 119652 ns
[2020-05-16T04:41:03.486+0000][8924][safepoint    ] Safepoint "Cleanup", Time since last: 1000201739 ns, Reaching safepoint: 87189 ns, At safepoint: 3246 ns, Total: 90435 ns
[2020-05-16T04:41:04.513+0000][8924][safepoint    ] Safepoint "Cleanup", Time since last: 1027175408 ns, Reaching safepoint: 68174 ns, At safepoint: 2318 ns, Total: 70492 ns
[2020-05-16T04:41:05.513+0000][8924][safepoint    ] Safepoint "Cleanup", Time since last: 1000240696 ns, Reaching safepoint: 86725 ns, At safepoint: 2318 ns, Total: 89043 ns
[2020-05-16T04:41:06.513+0000][8924][safepoint    ] Safepoint "Cleanup", Time since last: 1000250899 ns, Reaching safepoint: 96000 ns, At safepoint: 2782 ns, Total: 98782 ns
[2020-05-16T04:41:07.514+0000][8924][safepoint    ] Safepoint "Cleanup", Time since last: 1000176232 ns, Reaching safepoint: 80232 ns, At safepoint: 1855 ns, Total: 82087 ns
[2020-05-16T04:41:08.514+0000][8924][safepoint    ] Safepoint "Cleanup", Time since last: 1000270377 ns, Reaching safepoint: 76985 ns, At safepoint: 2783 ns, Total: 79768 ns
[2020-05-16T04:41:09.514+0000][8924][safepoint    ] Safepoint "Cleanup", Time since last: 1000248116 ns, Reaching safepoint: 77913 ns, At safepoint: 2782 ns, Total: 80695 ns
[2020-05-16T04:41:10.526+0000][8924][safepoint    ] Safepoint "Cleanup", Time since last: 1011202778 ns, Reaching safepoint: 73275 ns, At safepoint: 1855 ns, Total: 75130 ns
[2020-05-16T04:41:11.526+0000][8924][safepoint    ] Safepoint "Cleanup", Time since last: 1000226319 ns, Reaching safepoint: 82087 ns, At safepoint: 1855 ns, Total: 83942 ns
[2020-05-16T04:41:12.526+0000][8924][safepoint    ] Safepoint "Cleanup", Time since last: 1000245797 ns, Reaching safepoint: 54725 ns, At safepoint: 1855 ns, Total: 56580 ns
[2020-05-16T04:41:13.527+0000][8924][safepoint    ] Safepoint "Cleanup", Time since last: 1000300985 ns, Reaching safepoint: 88116 ns, At safepoint: 1855 ns, Total: 89971 ns
[2020-05-16T04:41:14.527+0000][8924][safepoint    ] Safepoint "Cleanup", Time since last: 1000236058 ns, Reaching safepoint: 77449 ns, At safepoint: 2319 ns, Total: 79768 ns
[2020-05-16T04:41:15.674+0000][8924][safepoint    ] Safepoint "Cleanup", Time since last: 1146846540 ns, Reaching safepoint: 72348 ns, At safepoint: 1855 ns, Total: 74203 ns
[2020-05-16T04:41:16.674+0000][8924][safepoint    ] Safepoint "Cleanup", Time since last: 1000261565 ns, Reaching safepoint: 87189 ns, At safepoint: 3710 ns, Total: 90899 ns
[2020-05-16T04:41:17.675+0000][8924][safepoint    ] Safepoint "Cleanup", Time since last: 1000273159 ns, Reaching safepoint: 100638 ns, At safepoint: 1855 ns, Total: 102493 ns
[2020-05-16T04:41:18.675+0000][8924][safepoint    ] Safepoint "Cleanup", Time since last: 1000182724 ns, Reaching safepoint: 134493 ns, At safepoint: 3710 ns, Total: 138203 ns
[2020-05-16T04:41:19.675+0000][8924][safepoint    ] Safepoint "Cleanup", Time since last: 1000185507 ns, Reaching safepoint: 53798 ns, At safepoint: 1855 ns, Total: 55653 ns
[2020-05-16T04:41:20.676+0000][8924][safepoint    ] Safepoint "Cleanup", Time since last: 1000336695 ns, Reaching safepoint: 80232 ns, At safepoint: 4174 ns, Total: 84406 ns
[2020-05-16T04:41:21.676+0000][8924][safepoint    ] Safepoint "Cleanup", Time since last: 1000172522 ns, Reaching safepoint: 95999 ns, At safepoint: 1856 ns, Total: 97855 ns
[2020-05-16T04:41:22.676+0000][8924][safepoint    ] Safepoint "Cleanup", Time since last: 1000239768 ns, Reaching safepoint: 69101 ns, At safepoint: 2319 ns, Total: 71420 ns
[2020-05-16T04:41:23.677+0000][8924][safepoint    ] Safepoint "Cleanup", Time since last: 1000273159 ns, Reaching safepoint: 52406 ns, At safepoint: 2319 ns, Total: 54725 ns
[2020-05-16T04:41:24.677+0000][8924][safepoint    ] Safepoint "Cleanup", Time since last: 1000268985 ns, Reaching safepoint: 76986 ns, At safepoint: 3246 ns, Total: 80232 ns
[2020-05-16T04:41:25.678+0000][8924][safepoint    ] Safepoint "Cleanup", Time since last: 1000602898 ns, Reaching safepoint: 68638 ns, At safepoint: 1855 ns, Total: 70493 ns
[2020-05-16T04:41:26.682+0000][8924][safepoint    ] Safepoint "Cleanup", Time since last: 1004273157 ns, Reaching safepoint: 97855 ns, At safepoint: 2319 ns, Total: 100174 ns
[2020-05-16T04:41:27.848+0000][8924][safepoint    ] Safepoint "Cleanup", Time since last: 1165766880 ns, Reaching safepoint: 49623 ns, At safepoint: 1855 ns, Total: 51478 ns
[2020-05-16T04:41:28.848+0000][8924][safepoint    ] Safepoint "Cleanup", Time since last: 1000256000 ns, Reaching safepoint: 79768 ns, At safepoint: 3246 ns, Total: 83014 ns
[2020-05-16T04:41:29.848+0000][8924][safepoint    ] Safepoint "Cleanup", Time since last: 1000265739 ns, Reaching safepoint: 54261 ns, At safepoint: 2783 ns, Total: 57044 ns
[2020-05-16T04:41:30.849+0000][8924][safepoint    ] Safepoint "Cleanup", Time since last: 1000270840 ns, Reaching safepoint: 94145 ns, At safepoint: 17160 ns, Total: 111305 ns
[2020-05-16T04:41:31.849+0000][8924][safepoint    ] Safepoint "Cleanup", Time since last: 1000211478 ns, Reaching safepoint: 101565 ns, At safepoint: 2783 ns, Total: 104348 ns
[2020-05-16T04:41:32.849+0000][8924][safepoint    ] Safepoint "Cleanup", Time since last: 1000228173 ns, Reaching safepoint: 75595 ns, At safepoint: 2782 ns, Total: 78377 ns
[2020-05-16T04:41:33.850+0000][8924][safepoint    ] Safepoint "Cleanup", Time since last: 1000239768 ns, Reaching safepoint: 67247 ns, At safepoint: 1855 ns, Total: 69102 ns
[2020-05-16T04:41:34.850+0000][8924][safepoint    ] Safepoint "Cleanup", Time since last: 1000232811 ns, Reaching safepoint: 73739 ns, At safepoint: 1855 ns, Total: 75594 ns
[2020-05-16T04:41:35.850+0000][8924][safepoint    ] Safepoint "Cleanup", Time since last: 1000244870 ns, Reaching safepoint: 122434 ns, At safepoint: 1856 ns, Total: 124290 ns
[2020-05-16T04:41:36.851+0000][8924][safepoint    ] Safepoint "Cleanup", Time since last: 1000203130 ns, Reaching safepoint: 109449 ns, At safepoint: 3710 ns, Total: 113159 ns
[2020-05-16T04:41:37.851+0000][8924][safepoint    ] Safepoint "Cleanup", Time since last: 1000244870 ns, Reaching safepoint: 60753 ns, At safepoint: 3247 ns, Total: 64000 ns
[2020-05-16T04:41:38.851+0000][8924][safepoint    ] Safepoint "Cleanup", Time since last: 1000259710 ns, Reaching safepoint: 108521 ns, At safepoint: 1855 ns, Total: 110376 ns
[2020-05-16T04:41:39.852+0000][8924][safepoint    ] Safepoint "Cleanup", Time since last: 1000200348 ns, Reaching safepoint: 66319 ns, At safepoint: 1855 ns, Total: 68174 ns
[2020-05-16T04:41:40.852+0000][8924][safepoint    ] Safepoint "Cleanup", Time since last: 1000264812 ns, Reaching safepoint: 50550 ns, At safepoint: 1855 ns, Total: 52405 ns
[2020-05-16T04:41:41.852+0000][8924][safepoint    ] Safepoint "Cleanup", Time since last: 1000250899 ns, Reaching safepoint: 56579 ns, At safepoint: 1855 ns, Total: 58434 ns
[2020-05-16T04:41:42.853+0000][8924][safepoint    ] Safepoint "Cleanup", Time since last: 1000323247 ns, Reaching safepoint: 66782 ns, At safepoint: 4174 ns, Total: 70956 ns
[2020-05-16T04:41:43.853+0000][8924][safepoint    ] Safepoint "Cleanup", Time since last: 1000192000 ns, Reaching safepoint: 80232 ns, At safepoint: 3710 ns, Total: 83942 ns
[2020-05-16T04:41:44.853+0000][8924][safepoint    ] Safepoint "Cleanup", Time since last: 1000279188 ns, Reaching safepoint: 125681 ns, At safepoint: 3247 ns, Total: 128928 ns
[2020-05-16T04:41:45.854+0000][8924][safepoint    ] Safepoint "Cleanup", Time since last: 1000156753 ns, Reaching safepoint: 84406 ns, At safepoint: 1855 ns, Total: 86261 ns
[2020-05-16T04:41:46.856+0000][8924][safepoint    ] Safepoint "Cleanup", Time since last: 1002235825 ns, Reaching safepoint: 100638 ns, At safepoint: 4174 ns, Total: 104812 ns
[2020-05-16T04:41:47.856+0000][8924][safepoint    ] Safepoint "Cleanup", Time since last: 1000227710 ns, Reaching safepoint: 84406 ns, At safepoint: 2318 ns, Total: 86724 ns
[2020-05-16T04:41:48.857+0000][8924][safepoint    ] Safepoint "Cleanup", Time since last: 1000250435 ns, Reaching safepoint: 61218 ns, At safepoint: 1855 ns, Total: 63073 ns
[2020-05-16T04:41:49.857+0000][8924][safepoint    ] Safepoint "Cleanup", Time since last: 1000293565 ns, Reaching safepoint: 92753 ns, At safepoint: 3247 ns, Total: 96000 ns
[2020-05-16T04:41:50.873+0000][8924][safepoint    ] Safepoint "Cleanup", Time since last: 1016159992 ns, Reaching safepoint: 92754 ns, At safepoint: 1855 ns, Total: 94609 ns
[2020-05-16T04:41:51.874+0000][8924][safepoint    ] Safepoint "Cleanup", Time since last: 1000252753 ns, Reaching safepoint: 83478 ns, At safepoint: 4174 ns, Total: 87652 ns
[2020-05-16T04:41:52.874+0000][8924][safepoint    ] Safepoint "Cleanup", Time since last: 1000223537 ns, Reaching safepoint: 111768 ns, At safepoint: 2318 ns, Total: 114086 ns
[2020-05-16T04:41:53.874+0000][8924][safepoint    ] Safepoint "Cleanup", Time since last: 1000174377 ns, Reaching safepoint: 70029 ns, At safepoint: 1855 ns, Total: 71884 ns
[2020-05-16T04:41:54.878+0000][8924][safepoint    ] Safepoint "Cleanup", Time since last: 1003281622 ns, Reaching safepoint: 107130 ns, At safepoint: 3247 ns, Total: 110377 ns
[2020-05-16T04:41:55.878+0000][8924][safepoint    ] Safepoint "Cleanup", Time since last: 1000208231 ns, Reaching safepoint: 90899 ns, At safepoint: 3246 ns, Total: 94145 ns
[2020-05-16T04:41:57.165+0000][8924][safepoint    ] Safepoint "Cleanup", Time since last: 1287465606 ns, Reaching safepoint: 93217 ns, At safepoint: 3247 ns, Total: 96464 ns
[2020-05-16T04:41:58.184+0000][8924][safepoint    ] Safepoint "Cleanup", Time since last: 1018179702 ns, Reaching safepoint: 86260 ns, At safepoint: 1855 ns, Total: 88115 ns
[2020-05-16T04:41:59.251+0000][8924][safepoint    ] Safepoint "Cleanup", Time since last: 1067053882 ns, Reaching safepoint: 93218 ns, At safepoint: 2319 ns, Total: 95537 ns
[2020-05-16T04:42:01.198+0000][8924][safepoint    ] Safepoint "Cleanup", Time since last: 1946701474 ns, Reaching safepoint: 57507 ns, At safepoint: 1855 ns, Total: 59362 ns
[2020-05-16T04:42:02.198+0000][8924][safepoint    ] Safepoint "Cleanup", Time since last: 1000268985 ns, Reaching safepoint: 64928 ns, At safepoint: 2319 ns, Total: 67247 ns
[2020-05-16T04:42:03.198+0000][8924][safepoint    ] Safepoint "Cleanup", Time since last: 1000265739 ns, Reaching safepoint: 69101 ns, At safepoint: 1855 ns, Total: 70956 ns
[2020-05-16T04:42:04.199+0000][8924][safepoint    ] Safepoint "Cleanup", Time since last: 1000238841 ns, Reaching safepoint: 85333 ns, At safepoint: 1855 ns, Total: 87188 ns
[2020-05-16T04:42:05.199+0000][8924][safepoint    ] Safepoint "Cleanup", Time since last: 1000238840 ns, Reaching safepoint: 63537 ns, At safepoint: 2782 ns, Total: 66319 ns
[2020-05-16T04:42:06.199+0000][8924][safepoint    ] Safepoint "Cleanup", Time since last: 1000260638 ns, Reaching safepoint: 80695 ns, At safepoint: 3247 ns, Total: 83942 ns
[2020-05-16T04:42:07.200+0000][8924][safepoint    ] Safepoint "Cleanup", Time since last: 1000211942 ns, Reaching safepoint: 70492 ns, At safepoint: 1855 ns, Total: 72347 ns
[2020-05-16T04:42:08.200+0000][8924][safepoint    ] Safepoint "Cleanup", Time since last: 1000251826 ns, Reaching safepoint: 50087 ns, At safepoint: 1855 ns, Total: 51942 ns
[2020-05-16T04:42:09.200+0000][8924][safepoint    ] Safepoint "Cleanup", Time since last: 1000304232 ns, Reaching safepoint: 107594 ns, At safepoint: 4174 ns, Total: 111768 ns
[2020-05-16T04:42:10.201+0000][8924][safepoint    ] Safepoint "Cleanup", Time since last: 1000180406 ns, Reaching safepoint: 78377 ns, At safepoint: 1855 ns, Total: 80232 ns
[2020-05-16T04:42:11.201+0000][8924][safepoint    ] Safepoint "Cleanup", Time since last: 1000274087 ns, Reaching safepoint: 113623 ns, At safepoint: 3710 ns, Total: 117333 ns
[2020-05-16T04:42:12.201+0000][8924][safepoint    ] Safepoint "Cleanup", Time since last: 1000204058 ns, Reaching safepoint: 100174 ns, At safepoint: 3710 ns, Total: 103884 ns
[2020-05-16T04:42:13.202+0000][8924][safepoint    ] Safepoint "Cleanup", Time since last: 1000214261 ns, Reaching safepoint: 70029 ns, At safepoint: 1855 ns, Total: 71884 ns
[2020-05-16T04:42:14.202+0000][8924][safepoint    ] Safepoint "Cleanup", Time since last: 1000367304 ns, Reaching safepoint: 66319 ns, At safepoint: 2782 ns, Total: 69101 ns
[2020-05-16T04:42:16.202+0000][8924][safepoint    ] Safepoint "Cleanup", Time since last: 2000425275 ns, Reaching safepoint: 74667 ns, At safepoint: 2783 ns, Total: 77450 ns
[2020-05-16T04:42:17.203+0000][8924][safepoint    ] Safepoint "Cleanup", Time since last: 1000243014 ns, Reaching safepoint: 89507 ns, At safepoint: 3710 ns, Total: 93217 ns
[2020-05-16T04:42:18.203+0000][8924][safepoint    ] Safepoint "Cleanup", Time since last: 1000070029 ns, Reaching safepoint: 59826 ns, At safepoint: 2319 ns, Total: 62145 ns
[2020-05-16T04:42:19.203+0000][8924][safepoint    ] Safepoint "Cleanup", Time since last: 1000358029 ns, Reaching safepoint: 74667 ns, At safepoint: 3246 ns, Total: 77913 ns
[2020-05-16T04:42:20.204+0000][8924][safepoint    ] Safepoint "Cleanup", Time since last: 1000565333 ns, Reaching safepoint: 90435 ns, At safepoint: 3246 ns, Total: 93681 ns
[2020-05-16T04:42:21.205+0000][8924][safepoint    ] Safepoint "Cleanup", Time since last: 1000867710 ns, Reaching safepoint: 95536 ns, At safepoint: 4174 ns, Total: 99710 ns
[2020-05-16T04:42:22.205+0000][8924][safepoint    ] Safepoint "Cleanup", Time since last: 1000039884 ns, Reaching safepoint: 96464 ns, At safepoint: 1855 ns, Total: 98319 ns
[2020-05-16T04:42:23.205+0000][8924][safepoint    ] Safepoint "Cleanup", Time since last: 1000017159 ns, Reaching safepoint: 182725 ns, At safepoint: 3246 ns, Total: 185971 ns
[2020-05-16T04:42:25.206+0000][8924][safepoint    ] Safepoint "Cleanup", Time since last: 2000629797 ns, Reaching safepoint: 109913 ns, At safepoint: 2319 ns, Total: 112232 ns
[2020-05-16T04:42:26.207+0000][8924][safepoint    ] Safepoint "Cleanup", Time since last: 1000441971 ns, Reaching safepoint: 147478 ns, At safepoint: 3246 ns, Total: 150724 ns
[2020-05-16T04:42:27.207+0000][8924][safepoint    ] Safepoint "Cleanup", Time since last: 1000263884 ns, Reaching safepoint: 120580 ns, At safepoint: 16232 ns, Total: 136812 ns
[2020-05-16T04:42:29.207+0000][8924][safepoint    ] Safepoint "Cleanup", Time since last: 2000082087 ns, Reaching safepoint: 69101 ns, At safepoint: 1855 ns, Total: 70956 ns
[2020-05-16T04:42:30.207+0000][8924][safepoint    ] Safepoint "Cleanup", Time since last: 1000160000 ns, Reaching safepoint: 100638 ns, At safepoint: 3710 ns, Total: 104348 ns
[2020-05-16T04:42:31.208+0000][8924][safepoint    ] Safepoint "Cleanup", Time since last: 1000045449 ns, Reaching safepoint: 93217 ns, At safepoint: 4638 ns, Total: 97855 ns
[2020-05-16T04:42:32.208+0000][8924][safepoint    ] Safepoint "Cleanup", Time since last: 1000728116 ns, Reaching safepoint: 88116 ns, At safepoint: 3710 ns, Total: 91826 ns
[2020-05-16T04:42:33.209+0000][8924][safepoint    ] Safepoint "Cleanup", Time since last: 1000908521 ns, Reaching safepoint: 83015 ns, At safepoint: 3710 ns, Total: 86725 ns
[2020-05-16T04:42:35.210+0000][8924][safepoint    ] Safepoint "Cleanup", Time since last: 2000889970 ns, Reaching safepoint: 89507 ns, At safepoint: 3247 ns, Total: 92754 ns
[2020-05-16T04:42:36.211+0000][8924][safepoint    ] Safepoint "Cleanup", Time since last: 1000711884 ns, Reaching safepoint: 99246 ns, At safepoint: 3710 ns, Total: 102956 ns
[2020-05-16T04:42:37.212+0000][8924][safepoint    ] Safepoint "Cleanup", Time since last: 1000362667 ns, Reaching safepoint: 96463 ns, At safepoint: 4174 ns, Total: 100637 ns
[2020-05-16T04:42:39.212+0000][8924][safepoint    ] Safepoint "Cleanup", Time since last: 2000366377 ns, Reaching safepoint: 110377 ns, At safepoint: 4637 ns, Total: 115014 ns
[2020-05-16T04:42:40.213+0000][8924][safepoint    ] Safepoint "Cleanup", Time since last: 1000877913 ns, Reaching safepoint: 84406 ns, At safepoint: 4174 ns, Total: 88580 ns
[2020-05-16T04:42:41.214+0000][8924][safepoint    ] Safepoint "Cleanup", Time since last: 1000487420 ns, Reaching safepoint: 84869 ns, At safepoint: 2783 ns, Total: 87652 ns
[2020-05-16T04:42:42.214+0000][8924][safepoint    ] Safepoint "Cleanup", Time since last: 1000530550 ns, Reaching safepoint: 111768 ns, At safepoint: 5566 ns, Total: 117334 ns
[2020-05-16T04:42:43.215+0000][8924][safepoint    ] Safepoint "Cleanup", Time since last: 1000810666 ns, Reaching safepoint: 76058 ns, At safepoint: 5101 ns, Total: 81159 ns
[2020-05-16T04:42:44.216+0000][8924][safepoint    ] Safepoint "Cleanup", Time since last: 1000592232 ns, Reaching safepoint: 96000 ns, At safepoint: 3246 ns, Total: 99246 ns
[2020-05-16T04:42:45.217+0000][8924][safepoint    ] Safepoint "Cleanup", Time since last: 1000637681 ns, Reaching safepoint: 102029 ns, At safepoint: 3710 ns, Total: 105739 ns
[2020-05-16T04:42:47.217+0000][8924][safepoint    ] Safepoint "Cleanup", Time since last: 2000006957 ns, Reaching safepoint: 88115 ns, At safepoint: 3247 ns, Total: 91362 ns
[2020-05-16T04:42:48.217+0000][8924][safepoint    ] Safepoint "Cleanup", Time since last: 1000163710 ns, Reaching safepoint: 90898 ns, At safepoint: 3247 ns, Total: 94145 ns
[2020-05-16T04:42:49.218+0000][8924][safepoint    ] Safepoint "Cleanup", Time since last: 1000445217 ns, Reaching safepoint: 93681 ns, At safepoint: 3246 ns, Total: 96927 ns
[2020-05-16T04:42:51.218+0000][8924][safepoint    ] Safepoint "Cleanup", Time since last: 2000780058 ns, Reaching safepoint: 72348 ns, At safepoint: 4638 ns, Total: 76986 ns
[2020-05-16T04:42:52.219+0000][8924][safepoint    ] Safepoint "Cleanup", Time since last: 1000006956 ns, Reaching safepoint: 86725 ns, At safepoint: 4174 ns, Total: 90899 ns
[2020-05-16T04:42:53.219+0000][8924][safepoint    ] Safepoint "Cleanup", Time since last: 1000115014 ns, Reaching safepoint: 104812 ns, At safepoint: 3710 ns, Total: 108522 ns
[2020-05-16T04:42:55.219+0000][8924][safepoint    ] Safepoint "Cleanup", Time since last: 1999963362 ns, Reaching safepoint: 77449 ns, At safepoint: 3247 ns, Total: 80696 ns
[2020-05-16T04:42:57.220+0000][8924][safepoint    ] Safepoint "Cleanup", Time since last: 2000856579 ns, Reaching safepoint: 98319 ns, At safepoint: 3246 ns, Total: 101565 ns
[2020-05-16T04:42:58.221+0000][8924][safepoint    ] Safepoint "Cleanup", Time since last: 1000776348 ns, Reaching safepoint: 101565 ns, At safepoint: 4637 ns, Total: 106202 ns
[2020-05-16T04:42:59.221+0000][8924][safepoint    ] Safepoint "Cleanup", Time since last: 1000558377 ns, Reaching safepoint: 84870 ns, At safepoint: 4173 ns, Total: 89043 ns
[2020-05-16T04:43:00.222+0000][8924][safepoint    ] Safepoint "Cleanup", Time since last: 1000165566 ns, Reaching safepoint: 95072 ns, At safepoint: 3246 ns, Total: 98318 ns
[2020-05-16T04:43:01.222+0000][8924][safepoint    ] Safepoint "Cleanup", Time since last: 1000600116 ns, Reaching safepoint: 87188 ns, At safepoint: 3711 ns, Total: 90899 ns
[2020-05-16T04:43:02.222+0000][8924][safepoint    ] Safepoint "Cleanup", Time since last: 1000007420 ns, Reaching safepoint: 97855 ns, At safepoint: 3710 ns, Total: 101565 ns
[2020-05-16T04:43:03.223+0000][8924][safepoint    ] Safepoint "Cleanup", Time since last: 1000449391 ns, Reaching safepoint: 79768 ns, At safepoint: 2783 ns, Total: 82551 ns
[2020-05-16T04:43:04.224+0000][8924][safepoint    ] Safepoint "Cleanup", Time since last: 1000741101 ns, Reaching safepoint: 87652 ns, At safepoint: 3710 ns, Total: 91362 ns
[2020-05-16T04:43:06.225+0000][8924][safepoint    ] Safepoint "Cleanup", Time since last: 2000764290 ns, Reaching safepoint: 84405 ns, At safepoint: 4638 ns, Total: 89043 ns
[2020-05-16T04:43:07.548+0000][8924][safepoint    ] Safepoint "Cleanup", Time since last: 1323816198 ns, Reaching safepoint: 96000 ns, At safepoint: 4174 ns, Total: 100174 ns
[2020-05-16T04:43:08.549+0000][8924][safepoint    ] Safepoint "Cleanup", Time since last: 1000933101 ns, Reaching safepoint: 104811 ns, At safepoint: 4174 ns, Total: 108985 ns
[2020-05-16T04:43:09.550+0000][8924][safepoint    ] Safepoint "Cleanup", Time since last: 1000503652 ns, Reaching safepoint: 81623 ns, At safepoint: 5565 ns, Total: 87188 ns
[2020-05-16T04:43:10.930+0000][8924][safepoint    ] Safepoint "Cleanup", Time since last: 1379281911 ns, Reaching safepoint: 91363 ns, At safepoint: 3246 ns, Total: 94609 ns
[2020-05-16T04:43:11.930+0000][8924][safepoint    ] Safepoint "Cleanup", Time since last: 1000624696 ns, Reaching safepoint: 90434 ns, At safepoint: 4174 ns, Total: 94608 ns
[2020-05-16T04:43:12.931+0000][8924][safepoint    ] Safepoint "Cleanup", Time since last: 1000859826 ns, Reaching safepoint: 77913 ns, At safepoint: 3246 ns, Total: 81159 ns
[2020-05-16T04:43:14.932+0000][8924][safepoint    ] Safepoint "Cleanup", Time since last: 2000986898 ns, Reaching safepoint: 81160 ns, At safepoint: 5101 ns, Total: 86261 ns
[2020-05-16T04:43:16.933+0000][8924][safepoint    ] Safepoint "Cleanup", Time since last: 2000414609 ns, Reaching safepoint: 93217 ns, At safepoint: 6029 ns, Total: 99246 ns
[2020-05-16T04:43:17.934+0000][8924][safepoint    ] Safepoint "Cleanup", Time since last: 1000857043 ns, Reaching safepoint: 94609 ns, At safepoint: 6492 ns, Total: 101101 ns
[2020-05-16T04:43:18.935+0000][8924][safepoint    ] Safepoint "Cleanup", Time since last: 1000794435 ns, Reaching safepoint: 75594 ns, At safepoint: 5101 ns, Total: 80695 ns
[2020-05-16T04:43:19.935+0000][8924][safepoint    ] Safepoint "Cleanup", Time since last: 1000028290 ns, Reaching safepoint: 89044 ns, At safepoint: 3246 ns, Total: 92290 ns
[2020-05-16T04:43:20.935+0000][8924][safepoint    ] Safepoint "Cleanup", Time since last: 1000139131 ns, Reaching safepoint: 75130 ns, At safepoint: 4174 ns, Total: 79304 ns
[2020-05-16T04:43:21.935+0000][8924][safepoint    ] Safepoint "Cleanup", Time since last: 1000148406 ns, Reaching safepoint: 105739 ns, At safepoint: 7420 ns, Total: 113159 ns
[2020-05-16T04:43:22.936+0000][8924][safepoint    ] Safepoint "Cleanup", Time since last: 1000631652 ns, Reaching safepoint: 104811 ns, At safepoint: 4174 ns, Total: 108985 ns
[2020-05-16T04:43:23.936+0000][8924][safepoint    ] Safepoint "Cleanup", Time since last: 1000037565 ns, Reaching safepoint: 88116 ns, At safepoint: 4174 ns, Total: 92290 ns
[2020-05-16T04:43:24.937+0000][8924][safepoint    ] Safepoint "Cleanup", Time since last: 1000413217 ns, Reaching safepoint: 97856 ns, At safepoint: 4173 ns, Total: 102029 ns
[2020-05-16T04:43:25.937+0000][8924][safepoint    ] Safepoint "Cleanup", Time since last: 1000108058 ns, Reaching safepoint: 91826 ns, At safepoint: 1855 ns, Total: 93681 ns
[2020-05-16T04:43:26.937+0000][8924][safepoint    ] Safepoint "Cleanup", Time since last: 1000494377 ns, Reaching safepoint: 99710 ns, At safepoint: 4174 ns, Total: 103884 ns
[2020-05-16T04:43:27.938+0000][8924][safepoint    ] Safepoint "Cleanup", Time since last: 1000830145 ns, Reaching safepoint: 93217 ns, At safepoint: 4638 ns, Total: 97855 ns
[2020-05-16T04:43:28.938+0000][8924][safepoint    ] Safepoint "Cleanup", Time since last: 1000070029 ns, Reaching safepoint: 84869 ns, At safepoint: 4638 ns, Total: 89507 ns
[2020-05-16T04:43:30.939+0000][8924][safepoint    ] Safepoint "Cleanup", Time since last: 2000806028 ns, Reaching safepoint: 96000 ns, At safepoint: 5102 ns, Total: 101102 ns
[2020-05-16T04:43:31.940+0000][8924][safepoint    ] Safepoint "Cleanup", Time since last: 1000120116 ns, Reaching safepoint: 102029 ns, At safepoint: 3246 ns, Total: 105275 ns
[2020-05-16T04:43:32.940+0000][8924][safepoint    ] Safepoint "Cleanup", Time since last: 1000223536 ns, Reaching safepoint: 102493 ns, At safepoint: 4174 ns, Total: 106667 ns
[2020-05-16T04:43:33.941+0000][8924][safepoint    ] Safepoint "Cleanup", Time since last: 1000706318 ns, Reaching safepoint: 97392 ns, At safepoint: 6956 ns, Total: 104348 ns
[2020-05-16T04:43:34.941+0000][8924][safepoint    ] Safepoint "Cleanup", Time since last: 1000635826 ns, Reaching safepoint: 101565 ns, At safepoint: 3246 ns, Total: 104811 ns
[2020-05-16T04:43:36.942+0000][8924][safepoint    ] Safepoint "Cleanup", Time since last: 2000009276 ns, Reaching safepoint: 88579 ns, At safepoint: 5102 ns, Total: 93681 ns
[2020-05-16T04:43:37.942+0000][8924][safepoint    ] Safepoint "Cleanup", Time since last: 1000703072 ns, Reaching safepoint: 65391 ns, At safepoint: 3710 ns, Total: 69101 ns
[2020-05-16T04:43:38.943+0000][8924][safepoint    ] Safepoint "Cleanup", Time since last: 1000688232 ns, Reaching safepoint: 95536 ns, At safepoint: 6493 ns, Total: 102029 ns
[2020-05-16T04:43:39.943+0000][8924][safepoint    ] Safepoint "Cleanup", Time since last: 1000203130 ns, Reaching safepoint: 83478 ns, At safepoint: 6493 ns, Total: 89971 ns
[2020-05-16T04:43:40.944+0000][8924][safepoint    ] Safepoint "Cleanup", Time since last: 1000723478 ns, Reaching safepoint: 83478 ns, At safepoint: 4174 ns, Total: 87652 ns
[2020-05-16T04:43:42.945+0000][8924][safepoint    ] Safepoint "Cleanup", Time since last: 2000863072 ns, Reaching safepoint: 82551 ns, At safepoint: 5565 ns, Total: 88116 ns
[2020-05-16T04:43:44.946+0000][8924][safepoint    ] Safepoint "Cleanup", Time since last: 2000491594 ns, Reaching safepoint: 90435 ns, At safepoint: 6029 ns, Total: 96464 ns
[2020-05-16T04:43:46.947+0000][8924][safepoint    ] Safepoint "Cleanup", Time since last: 2000847304 ns, Reaching safepoint: 89507 ns, At safepoint: 5565 ns, Total: 95072 ns
[2020-05-16T04:43:47.948+0000][8924][safepoint    ] Safepoint "Cleanup", Time since last: 1000756406 ns, Reaching safepoint: 72811 ns, At safepoint: 4638 ns, Total: 77449 ns
[2020-05-16T04:43:48.948+0000][8924][safepoint    ] Safepoint "Cleanup", Time since last: 1000535652 ns, Reaching safepoint: 55188 ns, At safepoint: 2783 ns, Total: 57971 ns
[2020-05-16T04:43:49.948+0000][8924][safepoint    ] Safepoint "Cleanup", Time since last: 1000166029 ns, Reaching safepoint: 117797 ns, At safepoint: 8348 ns, Total: 126145 ns
[2020-05-16T04:43:50.949+0000][8924][safepoint    ] Safepoint "Cleanup", Time since last: 1000147942 ns, Reaching safepoint: 89043 ns, At safepoint: 6957 ns, Total: 96000 ns
[2020-05-16T04:43:51.949+0000][8924][safepoint    ] Safepoint "Cleanup", Time since last: 1000696115 ns, Reaching safepoint: 99247 ns, At safepoint: 5101 ns, Total: 104348 ns
[2020-05-16T04:43:52.950+0000][8924][safepoint    ] Safepoint "Cleanup", Time since last: 1000164174 ns, Reaching safepoint: 80232 ns, At safepoint: 5565 ns, Total: 85797 ns
[2020-05-16T04:43:53.950+0000][8924][safepoint    ] Safepoint "Cleanup", Time since last: 1000217507 ns, Reaching safepoint: 81623 ns, At safepoint: 4638 ns, Total: 86261 ns
[2020-05-16T04:43:54.951+0000][8924][safepoint    ] Safepoint "Cleanup", Time since last: 1000816231 ns, Reaching safepoint: 76986 ns, At safepoint: 5101 ns, Total: 82087 ns
[2020-05-16T04:43:55.952+0000][8924][safepoint    ] Safepoint "Cleanup", Time since last: 1000546783 ns, Reaching safepoint: 96463 ns, At safepoint: 6029 ns, Total: 102492 ns
[2020-05-16T04:43:56.952+0000][8924][safepoint    ] Safepoint "Cleanup", Time since last: 1000295420 ns, Reaching safepoint: 86261 ns, At safepoint: 6493 ns, Total: 92754 ns
[2020-05-16T04:43:58.953+0000][8924][safepoint    ] Safepoint "Cleanup", Time since last: 2000595942 ns, Reaching safepoint: 82551 ns, At safepoint: 5565 ns, Total: 88116 ns
[2020-05-16T04:43:59.953+0000][8924][safepoint    ] Safepoint "Cleanup", Time since last: 1000582956 ns, Reaching safepoint: 72348 ns, At safepoint: 2782 ns, Total: 75130 ns
[2020-05-16T04:44:00.953+0000][8924][safepoint    ] Safepoint "Cleanup", Time since last: 1000005102 ns, Reaching safepoint: 79768 ns, At safepoint: 5565 ns, Total: 85333 ns
[2020-05-16T04:44:02.954+0000][8924][safepoint    ] Safepoint "Cleanup", Time since last: 2000742029 ns, Reaching safepoint: 82087 ns, At safepoint: 4637 ns, Total: 86724 ns
[2020-05-16T04:44:03.955+0000][8924][safepoint    ] Safepoint "Cleanup", Time since last: 1000802319 ns, Reaching safepoint: 74203 ns, At safepoint: 4174 ns, Total: 78377 ns
[2020-05-16T04:44:04.955+0000][8924][safepoint    ] Safepoint "Cleanup", Time since last: 1000250898 ns, Reaching safepoint: 79304 ns, At safepoint: 5102 ns, Total: 84406 ns
[2020-05-16T04:44:05.956+0000][8924][safepoint    ] Safepoint "Cleanup", Time since last: 1000569043 ns, Reaching safepoint: 82087 ns, At safepoint: 6956 ns, Total: 89043 ns
[2020-05-16T04:44:06.956+0000][8924][safepoint    ] Safepoint "Cleanup", Time since last: 1000149797 ns, Reaching safepoint: 83015 ns, At safepoint: 5101 ns, Total: 88116 ns
[2020-05-16T04:44:07.957+0000][8924][safepoint    ] Safepoint "Cleanup", Time since last: 1000168348 ns, Reaching safepoint: 86261 ns, At safepoint: 6029 ns, Total: 92290 ns
[2020-05-16T04:44:08.958+0000][8924][safepoint    ] Safepoint "Cleanup", Time since last: 1000908057 ns, Reaching safepoint: 100174 ns, At safepoint: 6493 ns, Total: 106667 ns
[2020-05-16T04:44:09.958+0000][8924][safepoint    ] Safepoint "Cleanup", Time since last: 1000508754 ns, Reaching safepoint: 76057 ns, At safepoint: 3711 ns, Total: 79768 ns
[2020-05-16T04:44:10.958+0000][8924][safepoint    ] Safepoint "Cleanup", Time since last: 1000020869 ns, Reaching safepoint: 97855 ns, At safepoint: 6029 ns, Total: 103884 ns
[2020-05-16T04:44:11.959+0000][8924][safepoint    ] Safepoint "Cleanup", Time since last: 1000556058 ns, Reaching safepoint: 104811 ns, At safepoint: 6029 ns, Total: 110840 ns
[2020-05-16T04:44:12.959+0000][8924][safepoint    ] Safepoint "Cleanup", Time since last: 1000184580 ns, Reaching safepoint: 84406 ns, At safepoint: 5565 ns, Total: 89971 ns
[2020-05-16T04:44:13.960+0000][8924][safepoint    ] Safepoint "Cleanup", Time since last: 1000625159 ns, Reaching safepoint: 68174 ns, At safepoint: 3246 ns, Total: 71420 ns
[2020-05-16T04:44:14.961+0000][8924][safepoint    ] Safepoint "Cleanup", Time since last: 1000422029 ns, Reaching safepoint: 79304 ns, At safepoint: 4638 ns, Total: 83942 ns
[2020-05-16T04:44:15.961+0000][8924][safepoint    ] Safepoint "Cleanup", Time since last: 1000860290 ns, Reaching safepoint: 79768 ns, At safepoint: 4637 ns, Total: 84405 ns
[2020-05-16T04:44:17.962+0000][8924][safepoint    ] Safepoint "Cleanup", Time since last: 2000328812 ns, Reaching safepoint: 81159 ns, At safepoint: 4638 ns, Total: 85797 ns
[2020-05-16T04:44:18.962+0000][8924][safepoint    ] Safepoint "Cleanup", Time since last: 1000072348 ns, Reaching safepoint: 77449 ns, At safepoint: 5101 ns, Total: 82550 ns
[2020-05-16T04:44:19.962+0000][8924][safepoint    ] Safepoint "Cleanup", Time since last: 1000214261 ns, Reaching safepoint: 83942 ns, At safepoint: 2783 ns, Total: 86725 ns
[2020-05-16T04:44:20.963+0000][8924][safepoint    ] Safepoint "Cleanup", Time since last: 1000133101 ns, Reaching safepoint: 71884 ns, At safepoint: 4174 ns, Total: 76058 ns
[2020-05-16T04:44:21.963+0000][8924][safepoint    ] Safepoint "Cleanup", Time since last: 1000502261 ns, Reaching safepoint: 76985 ns, At safepoint: 4638 ns, Total: 81623 ns
[2020-05-16T04:44:22.963+0000][8924][safepoint    ] Safepoint "Cleanup", Time since last: 1000076058 ns, Reaching safepoint: 67246 ns, At safepoint: 3246 ns, Total: 70492 ns
[2020-05-16T04:44:24.964+0000][8924][safepoint    ] Safepoint "Cleanup", Time since last: 2000705855 ns, Reaching safepoint: 72812 ns, At safepoint: 4637 ns, Total: 77449 ns
[2020-05-16T04:44:25.965+0000][8924][safepoint    ] Safepoint "Cleanup", Time since last: 1000808348 ns, Reaching safepoint: 85333 ns, At safepoint: 4174 ns, Total: 89507 ns
[2020-05-16T04:44:26.966+0000][8924][safepoint    ] Safepoint "Cleanup", Time since last: 1000637681 ns, Reaching safepoint: 76522 ns, At safepoint: 5565 ns, Total: 82087 ns
[2020-05-16T04:44:27.966+0000][8924][safepoint    ] Safepoint "Cleanup", Time since last: 1000418319 ns, Reaching safepoint: 92289 ns, At safepoint: 5102 ns, Total: 97391 ns
[2020-05-16T04:44:28.967+0000][8924][safepoint    ] Safepoint "Cleanup", Time since last: 1000378898 ns, Reaching safepoint: 80232 ns, At safepoint: 4174 ns, Total: 84406 ns
[2020-05-16T04:44:30.967+0000][8924][safepoint    ] Safepoint "Cleanup", Time since last: 2000600579 ns, Reaching safepoint: 75595 ns, At safepoint: 4637 ns, Total: 80232 ns
[2020-05-16T04:44:31.968+0000][8924][safepoint    ] Safepoint "Cleanup", Time since last: 1000398377 ns, Reaching safepoint: 65391 ns, At safepoint: 2783 ns, Total: 68174 ns
[2020-05-16T04:44:32.968+0000][8924][safepoint    ] Safepoint "Cleanup", Time since last: 1000297739 ns, Reaching safepoint: 69101 ns, At safepoint: 3710 ns, Total: 72811 ns
[2020-05-16T04:44:33.968+0000][8924][safepoint    ] Safepoint "Cleanup", Time since last: 1000072348 ns, Reaching safepoint: 76986 ns, At safepoint: 4173 ns, Total: 81159 ns
[2020-05-16T04:44:34.969+0000][8924][safepoint    ] Safepoint "Cleanup", Time since last: 1000367768 ns, Reaching safepoint: 71884 ns, At safepoint: 3247 ns, Total: 75131 ns
[2020-05-16T04:44:35.969+0000][8924][safepoint    ] Safepoint "Cleanup", Time since last: 1000156290 ns, Reaching safepoint: 88579 ns, At safepoint: 4638 ns, Total: 93217 ns
[2020-05-16T04:44:36.970+0000][8924][safepoint    ] Safepoint "Cleanup", Time since last: 1000422956 ns, Reaching safepoint: 81623 ns, At safepoint: 5566 ns, Total: 87189 ns
[2020-05-16T04:44:37.970+0000][8924][safepoint    ] Safepoint "Cleanup", Time since last: 1000258318 ns, Reaching safepoint: 70029 ns, At safepoint: 4638 ns, Total: 74667 ns
[2020-05-16T04:44:38.970+0000][8924][safepoint    ] Safepoint "Cleanup", Time since last: 1000069101 ns, Reaching safepoint: 65855 ns, At safepoint: 4174 ns, Total: 70029 ns
[2020-05-16T04:44:39.970+0000][8924][safepoint    ] Safepoint "Cleanup", Time since last: 1000376580 ns, Reaching safepoint: 132638 ns, At safepoint: 6492 ns, Total: 139130 ns
[2020-05-16T04:44:40.971+0000][8924][safepoint    ] Safepoint "Cleanup", Time since last: 1000437797 ns, Reaching safepoint: 68174 ns, At safepoint: 5101 ns, Total: 73275 ns
[2020-05-16T04:44:41.972+0000][8924][safepoint    ] Safepoint "Cleanup", Time since last: 1000831073 ns, Reaching safepoint: 69565 ns, At safepoint: 4637 ns, Total: 74202 ns
[2020-05-16T04:44:42.972+0000][8924][safepoint    ] Safepoint "Cleanup", Time since last: 1000098783 ns, Reaching safepoint: 77913 ns, At safepoint: 5101 ns, Total: 83014 ns
[2020-05-16T04:44:43.973+0000][8924][safepoint    ] Safepoint "Cleanup", Time since last: 1000820870 ns, Reaching safepoint: 68637 ns, At safepoint: 3247 ns, Total: 71884 ns
[2020-05-16T04:44:44.974+0000][8924][safepoint    ] Safepoint "Cleanup", Time since last: 1000902492 ns, Reaching safepoint: 84406 ns, At safepoint: 4174 ns, Total: 88580 ns
[2020-05-16T04:44:45.975+0000][8924][safepoint    ] Safepoint "Cleanup", Time since last: 1000687767 ns, Reaching safepoint: 71421 ns, At safepoint: 4637 ns, Total: 76058 ns
[2020-05-16T04:44:46.975+0000][8924][safepoint    ] Safepoint "Cleanup", Time since last: 1000035711 ns, Reaching safepoint: 90434 ns, At safepoint: 4174 ns, Total: 94608 ns
[2020-05-16T04:44:48.045+0000][8924][safepoint    ] Safepoint "Cleanup", Time since last: 1069697823 ns, Reaching safepoint: 87188 ns, At safepoint: 3247 ns, Total: 90435 ns
[2020-05-16T04:44:50.046+0000][8924][safepoint    ] Safepoint "Cleanup", Time since last: 2000877449 ns, Reaching safepoint: 86260 ns, At safepoint: 4174 ns, Total: 90434 ns
[2020-05-16T04:44:52.046+0000][8924][safepoint    ] Safepoint "Cleanup", Time since last: 2000436870 ns, Reaching safepoint: 66782 ns, At safepoint: 2783 ns, Total: 69565 ns
[2020-05-16T04:44:53.047+0000][8924][safepoint    ] Safepoint "Cleanup", Time since last: 1000520347 ns, Reaching safepoint: 93682 ns, At safepoint: 5101 ns, Total: 98783 ns
[2020-05-16T04:44:54.048+0000][8924][safepoint    ] Safepoint "Cleanup", Time since last: 1000812058 ns, Reaching safepoint: 77913 ns, At safepoint: 4173 ns, Total: 82086 ns
[2020-05-16T04:44:55.048+0000][8924][safepoint    ] Safepoint "Cleanup", Time since last: 1000469797 ns, Reaching safepoint: 82551 ns, At safepoint: 3246 ns, Total: 85797 ns
[2020-05-16T04:44:56.049+0000][8924][safepoint    ] Safepoint "Cleanup", Time since last: 1000302841 ns, Reaching safepoint: 86261 ns, At safepoint: 5101 ns, Total: 91362 ns
[2020-05-16T04:44:57.049+0000][8924][safepoint    ] Safepoint "Cleanup", Time since last: 1000352464 ns, Reaching safepoint: 86261 ns, At safepoint: 1855 ns, Total: 88116 ns
[2020-05-16T04:44:58.049+0000][8924][safepoint    ] Safepoint "Cleanup", Time since last: 1000188753 ns, Reaching safepoint: 121044 ns, At safepoint: 3246 ns, Total: 124290 ns
[2020-05-16T04:45:00.050+0000][8924][safepoint    ] Safepoint "Cleanup", Time since last: 2000559768 ns, Reaching safepoint: 96464 ns, At safepoint: 3246 ns, Total: 99710 ns
[2020-05-16T04:45:01.050+0000][8924][safepoint    ] Safepoint "Cleanup", Time since last: 1000416463 ns, Reaching safepoint: 112696 ns, At safepoint: 5102 ns, Total: 117798 ns
[2020-05-16T04:45:02.051+0000][8924][safepoint    ] Safepoint "Cleanup", Time since last: 1000726260 ns, Reaching safepoint: 92754 ns, At safepoint: 3246 ns, Total: 96000 ns
[2020-05-16T04:45:03.052+0000][8924][safepoint    ] Safepoint "Cleanup", Time since last: 1000280116 ns, Reaching safepoint: 83942 ns, At safepoint: 3710 ns, Total: 87652 ns
[2020-05-16T04:45:05.053+0000][8924][safepoint    ] Safepoint "Cleanup", Time since last: 2000777739 ns, Reaching safepoint: 107594 ns, At safepoint: 4174 ns, Total: 111768 ns
[2020-05-16T04:45:07.053+0000][8924][safepoint    ] Safepoint "Cleanup", Time since last: 2000168811 ns, Reaching safepoint: 107131 ns, At safepoint: 3710 ns, Total: 110841 ns
[2020-05-16T04:45:08.053+0000][8924][safepoint    ] Safepoint "Cleanup", Time since last: 1000313043 ns, Reaching safepoint: 102029 ns, At safepoint: 5102 ns, Total: 107131 ns
[2020-05-16T04:45:09.054+0000][8924][safepoint    ] Safepoint "Cleanup", Time since last: 1000256463 ns, Reaching safepoint: 104812 ns, At safepoint: 4174 ns, Total: 108986 ns
[2020-05-16T04:45:10.054+0000][8924][safepoint    ] Safepoint "Cleanup", Time since last: 1000342724 ns, Reaching safepoint: 101102 ns, At safepoint: 3710 ns, Total: 104812 ns
[2020-05-16T04:45:11.054+0000][8924][safepoint    ] Safepoint "Cleanup", Time since last: 1000101101 ns, Reaching safepoint: 86725 ns, At safepoint: 5101 ns, Total: 91826 ns
[2020-05-16T04:45:12.055+0000][8924][safepoint    ] Safepoint "Cleanup", Time since last: 1000879768 ns, Reaching safepoint: 89043 ns, At safepoint: 3710 ns, Total: 92753 ns
[2020-05-16T04:45:13.056+0000][8924][safepoint    ] Safepoint "Cleanup", Time since last: 1000188754 ns, Reaching safepoint: 104812 ns, At safepoint: 3246 ns, Total: 108058 ns
[2020-05-16T04:45:14.056+0000][8924][safepoint    ] Safepoint "Cleanup", Time since last: 1000752231 ns, Reaching safepoint: 93218 ns, At safepoint: 4174 ns, Total: 97392 ns
[2020-05-16T04:45:15.057+0000][8924][safepoint    ] Safepoint "Cleanup", Time since last: 1000273623 ns, Reaching safepoint: 80232 ns, At safepoint: 3710 ns, Total: 83942 ns
[2020-05-16T04:45:16.057+0000][8924][safepoint    ] Safepoint "Cleanup", Time since last: 1000252289 ns, Reaching safepoint: 105740 ns, At safepoint: 4173 ns, Total: 109913 ns
[2020-05-16T04:45:17.057+0000][8924][safepoint    ] Safepoint "Cleanup", Time since last: 1000015305 ns, Reaching safepoint: 106666 ns, At safepoint: 3711 ns, Total: 110377 ns
[2020-05-16T04:45:18.058+0000][8924][safepoint    ] Safepoint "Cleanup", Time since last: 1000745275 ns, Reaching safepoint: 106666 ns, At safepoint: 4174 ns, Total: 110840 ns
[2020-05-16T04:45:19.059+0000][8924][safepoint    ] Safepoint "Cleanup", Time since last: 1000636753 ns, Reaching safepoint: 100638 ns, At safepoint: 3710 ns, Total: 104348 ns
[2020-05-16T04:45:20.065+0000][8924][safepoint    ] Safepoint "Cleanup", Time since last: 1005926490 ns, Reaching safepoint: 105276 ns, At safepoint: 5565 ns, Total: 110841 ns
[2020-05-16T04:45:21.065+0000][8924][safepoint    ] Safepoint "Cleanup", Time since last: 1000006029 ns, Reaching safepoint: 79768 ns, At safepoint: 3246 ns, Total: 83014 ns
[2020-05-16T04:45:22.066+0000][8924][safepoint    ] Safepoint "Cleanup", Time since last: 1000730435 ns, Reaching safepoint: 90434 ns, At safepoint: 4174 ns, Total: 94608 ns
[2020-05-16T04:45:23.067+0000][8924][safepoint    ] Safepoint "Cleanup", Time since last: 1000932638 ns, Reaching safepoint: 91826 ns, At safepoint: 3246 ns, Total: 95072 ns
[2020-05-16T04:45:25.067+0000][8924][safepoint    ] Safepoint "Cleanup", Time since last: 2000186435 ns, Reaching safepoint: 100637 ns, At safepoint: 6493 ns, Total: 107130 ns
[2020-05-16T04:45:26.068+0000][8924][safepoint    ] Safepoint "Cleanup", Time since last: 1000571826 ns, Reaching safepoint: 77913 ns, At safepoint: 3246 ns, Total: 81159 ns
[2020-05-16T04:45:27.068+0000][8924][safepoint    ] Safepoint "Cleanup", Time since last: 1000477681 ns, Reaching safepoint: 97391 ns, At safepoint: 4174 ns, Total: 101565 ns
[2020-05-16T04:45:28.068+0000][8924][safepoint    ] Safepoint "Cleanup", Time since last: 1000004174 ns, Reaching safepoint: 101102 ns, At safepoint: 3710 ns, Total: 104812 ns
[2020-05-16T04:45:29.069+0000][8924][safepoint    ] Safepoint "Cleanup", Time since last: 1000758724 ns, Reaching safepoint: 90899 ns, At safepoint: 3710 ns, Total: 94609 ns
[2020-05-16T04:45:31.069+0000][8924][safepoint    ] Safepoint "Cleanup", Time since last: 1999947130 ns, Reaching safepoint: 123826 ns, At safepoint: 5565 ns, Total: 129391 ns
[2020-05-16T04:45:32.070+0000][8924][safepoint    ] Safepoint "Cleanup", Time since last: 1000078377 ns, Reaching safepoint: 96000 ns, At safepoint: 4174 ns, Total: 100174 ns
[2020-05-16T04:45:33.818+0000][8924][safepoint    ] Safepoint "Cleanup", Time since last: 1748440233 ns, Reaching safepoint: 101101 ns, At safepoint: 6493 ns, Total: 107594 ns
[2020-05-16T04:45:34.818+0000][8924][safepoint    ] Safepoint "Cleanup", Time since last: 1000263884 ns, Reaching safepoint: 93217 ns, At safepoint: 4174 ns, Total: 97391 ns
[2020-05-16T04:45:36.819+0000][8924][safepoint    ] Safepoint "Cleanup", Time since last: 2000073739 ns, Reaching safepoint: 95536 ns, At safepoint: 3710 ns, Total: 99246 ns
[2020-05-16T04:45:37.819+0000][8924][safepoint    ] Safepoint "Cleanup", Time since last: 1000555131 ns, Reaching safepoint: 69565 ns, At safepoint: 3246 ns, Total: 72811 ns
[2020-05-16T04:45:38.820+0000][8924][safepoint    ] Safepoint "Cleanup", Time since last: 1000919652 ns, Reaching safepoint: 71420 ns, At safepoint: 3247 ns, Total: 74667 ns
[2020-05-16T04:45:39.821+0000][8924][safepoint    ] Safepoint "Cleanup", Time since last: 1000912231 ns, Reaching safepoint: 96464 ns, At safepoint: 5101 ns, Total: 101565 ns
[2020-05-16T04:45:40.822+0000][8924][safepoint    ] Safepoint "Cleanup", Time since last: 1000526841 ns, Reaching safepoint: 100173 ns, At safepoint: 3247 ns, Total: 103420 ns
[2020-05-16T04:45:41.822+0000][8924][safepoint    ] Safepoint "Cleanup", Time since last: 1000367768 ns, Reaching safepoint: 89043 ns, At safepoint: 3247 ns, Total: 92290 ns
[2020-05-16T04:45:42.823+0000][8924][safepoint    ] Safepoint "Cleanup", Time since last: 1000129855 ns, Reaching safepoint: 96000 ns, At safepoint: 3246 ns, Total: 99246 ns
[2020-05-16T04:45:44.823+0000][8924][safepoint    ] Safepoint "Cleanup", Time since last: 2000110840 ns, Reaching safepoint: 92290 ns, At safepoint: 4174 ns, Total: 96464 ns
[2020-05-16T04:45:46.824+0000][8924][safepoint    ] Safepoint "Cleanup", Time since last: 2000668753 ns, Reaching safepoint: 86261 ns, At safepoint: 4638 ns, Total: 90899 ns
[2020-05-16T04:45:48.825+0000][8924][safepoint    ] Safepoint "Cleanup", Time since last: 2000849159 ns, Reaching safepoint: 97391 ns, At safepoint: 3247 ns, Total: 100638 ns
[2020-05-16T04:45:49.825+0000][8924][safepoint    ] Safepoint "Cleanup", Time since last: 1000211014 ns, Reaching safepoint: 108058 ns, At safepoint: 4638 ns, Total: 112696 ns
[2020-05-16T04:45:51.825+0000][8924][safepoint    ] Safepoint "Cleanup", Time since last: 2000196637 ns, Reaching safepoint: 98319 ns, At safepoint: 4174 ns, Total: 102493 ns
[2020-05-16T04:45:52.825+0000][8924][safepoint    ] Safepoint "Cleanup", Time since last: 1000264348 ns, Reaching safepoint: 80231 ns, At safepoint: 4174 ns, Total: 84405 ns
[2020-05-16T04:45:53.826+0000][8924][safepoint    ] Safepoint "Cleanup", Time since last: 1000784232 ns, Reaching safepoint: 91362 ns, At safepoint: 2783 ns, Total: 94145 ns
[2020-05-16T04:45:55.827+0000][8924][safepoint    ] Safepoint "Cleanup", Time since last: 2000608927 ns, Reaching safepoint: 81623 ns, At safepoint: 5102 ns, Total: 86725 ns
[2020-05-16T04:45:56.828+0000][8924][safepoint    ] Safepoint "Cleanup", Time since last: 1000607536 ns, Reaching safepoint: 89043 ns, At safepoint: 3710 ns, Total: 92753 ns
[2020-05-16T04:45:58.828+0000][8924][safepoint    ] Safepoint "Cleanup", Time since last: 2000190145 ns, Reaching safepoint: 86725 ns, At safepoint: 3710 ns, Total: 90435 ns
[2020-05-16T04:45:59.828+0000][8924][safepoint    ] Safepoint "Cleanup", Time since last: 1000101101 ns, Reaching safepoint: 98783 ns, At safepoint: 3710 ns, Total: 102493 ns
[2020-05-16T04:46:00.829+0000][8924][safepoint    ] Safepoint "Cleanup", Time since last: 1000680811 ns, Reaching safepoint: 101102 ns, At safepoint: 3710 ns, Total: 104812 ns
[2020-05-16T04:46:01.829+0000][8924][safepoint    ] Safepoint "Cleanup", Time since last: 1000051478 ns, Reaching safepoint: 101101 ns, At safepoint: 3710 ns, Total: 104811 ns
[2020-05-16T04:46:02.830+0000][8924][safepoint    ] Safepoint "Cleanup", Time since last: 1000580174 ns, Reaching safepoint: 85797 ns, At safepoint: 4638 ns, Total: 90435 ns
[2020-05-16T04:46:03.830+0000][8924][safepoint    ] Safepoint "Cleanup", Time since last: 1000404405 ns, Reaching safepoint: 92290 ns, At safepoint: 4638 ns, Total: 96928 ns
[2020-05-16T04:46:04.831+0000][8924][safepoint    ] Safepoint "Cleanup", Time since last: 1000781449 ns, Reaching safepoint: 92753 ns, At safepoint: 3247 ns, Total: 96000 ns
[2020-05-16T04:46:05.836+0000][8924][safepoint    ] Safepoint "Cleanup", Time since last: 1004598259 ns, Reaching safepoint: 88115 ns, At safepoint: 3711 ns, Total: 91826 ns
[2020-05-16T04:46:06.836+0000][8924][safepoint    ] Safepoint "Cleanup", Time since last: 1000214260 ns, Reaching safepoint: 78377 ns, At safepoint: 5565 ns, Total: 83942 ns
[2020-05-16T04:46:07.837+0000][8924][safepoint    ] Safepoint "Cleanup", Time since last: 1000352928 ns, Reaching safepoint: 70956 ns, At safepoint: 2783 ns, Total: 73739 ns
[2020-05-16T04:46:09.590+0000][8924][safepoint    ] Safepoint "Cleanup", Time since last: 1752754201 ns, Reaching safepoint: 78841 ns, At safepoint: 4174 ns, Total: 83015 ns
[2020-05-16T04:46:10.590+0000][8924][safepoint    ] Safepoint "Cleanup", Time since last: 1000345043 ns, Reaching safepoint: 102029 ns, At safepoint: 1855 ns, Total: 103884 ns
[2020-05-16T04:46:12.590+0000][8924][safepoint    ] Safepoint "Cleanup", Time since last: 2000204986 ns, Reaching safepoint: 102029 ns, At safepoint: 3710 ns, Total: 105739 ns
[2020-05-16T04:46:14.591+0000][8924][safepoint    ] Safepoint "Cleanup", Time since last: 2000701217 ns, Reaching safepoint: 99246 ns, At safepoint: 3710 ns, Total: 102956 ns
[2020-05-16T04:46:16.592+0000][8924][safepoint    ] Safepoint "Cleanup", Time since last: 2000846377 ns, Reaching safepoint: 104347 ns, At safepoint: 4174 ns, Total: 108521 ns
[2020-05-16T04:46:17.593+0000][8924][safepoint    ] Safepoint "Cleanup", Time since last: 1000736464 ns, Reaching safepoint: 104348 ns, At safepoint: 4174 ns, Total: 108522 ns
[2020-05-16T04:46:18.593+0000][8924][safepoint    ] Safepoint "Cleanup", Time since last: 1000085797 ns, Reaching safepoint: 105739 ns, At safepoint: 3710 ns, Total: 109449 ns
[2020-05-16T04:46:19.593+0000][8924][safepoint    ] Safepoint "Cleanup", Time since last: 1000292637 ns, Reaching safepoint: 94145 ns, At safepoint: 3710 ns, Total: 97855 ns
[2020-05-16T04:46:20.594+0000][8924][safepoint    ] Safepoint "Cleanup", Time since last: 1000979014 ns, Reaching safepoint: 97855 ns, At safepoint: 4174 ns, Total: 102029 ns
[2020-05-16T04:46:22.595+0000][8924][safepoint    ] Safepoint "Cleanup", Time since last: 2000746667 ns, Reaching safepoint: 100174 ns, At safepoint: 3710 ns, Total: 103884 ns
[2020-05-16T04:46:24.596+0000][8924][safepoint    ] Safepoint "Cleanup", Time since last: 2000961391 ns, Reaching safepoint: 100173 ns, At safepoint: 3711 ns, Total: 103884 ns
[2020-05-16T04:46:25.597+0000][8924][safepoint    ] Safepoint "Cleanup", Time since last: 1000738782 ns, Reaching safepoint: 102956 ns, At safepoint: 3247 ns, Total: 106203 ns
[2020-05-16T04:46:26.597+0000][8924][safepoint    ] Safepoint "Cleanup", Time since last: 1000010666 ns, Reaching safepoint: 105276 ns, At safepoint: 3710 ns, Total: 108986 ns
[2020-05-16T04:46:27.598+0000][8924][safepoint    ] Safepoint "Cleanup", Time since last: 1000019942 ns, Reaching safepoint: 100637 ns, At safepoint: 3711 ns, Total: 104348 ns
[2020-05-16T04:46:28.598+0000][8924][safepoint    ] Safepoint "Cleanup", Time since last: 1000670608 ns, Reaching safepoint: 77913 ns, At safepoint: 3710 ns, Total: 81623 ns
[2020-05-16T04:46:29.599+0000][8924][safepoint    ] Safepoint "Cleanup", Time since last: 1000323710 ns, Reaching safepoint: 97855 ns, At safepoint: 3710 ns, Total: 101565 ns
[2020-05-16T04:46:31.599+0000][8924][safepoint    ] Safepoint "Cleanup", Time since last: 2000265276 ns, Reaching safepoint: 89043 ns, At safepoint: 3710 ns, Total: 92753 ns
[2020-05-16T04:46:33.600+0000][8924][safepoint    ] Safepoint "Cleanup", Time since last: 2000817159 ns, Reaching safepoint: 82087 ns, At safepoint: 2319 ns, Total: 84406 ns
[2020-05-16T04:46:35.601+0000][8924][safepoint    ] Safepoint "Cleanup", Time since last: 2000749913 ns, Reaching safepoint: 99246 ns, At safepoint: 3710 ns, Total: 102956 ns
[2020-05-16T04:46:36.602+0000][8924][safepoint    ] Safepoint "Cleanup", Time since last: 1000666898 ns, Reaching safepoint: 86261 ns, At safepoint: 4174 ns, Total: 90435 ns
[2020-05-16T04:46:37.602+0000][8924][safepoint    ] Safepoint "Cleanup", Time since last: 1000334377 ns, Reaching safepoint: 80695 ns, At safepoint: 4638 ns, Total: 85333 ns
[2020-05-16T04:46:39.602+0000][8924][safepoint    ] Safepoint "Cleanup", Time since last: 2000186898 ns, Reaching safepoint: 102029 ns, At safepoint: 3247 ns, Total: 105276 ns
[2020-05-16T04:46:41.603+0000][8924][safepoint    ] Safepoint "Cleanup", Time since last: 2000119188 ns, Reaching safepoint: 89971 ns, At safepoint: 3246 ns, Total: 93217 ns
[2020-05-16T04:46:43.603+0000][8924][safepoint    ] Safepoint "Cleanup", Time since last: 2000888580 ns, Reaching safepoint: 82087 ns, At safepoint: 3246 ns, Total: 85333 ns
[2020-05-16T04:46:44.604+0000][8924][safepoint    ] Safepoint "Cleanup", Time since last: 1000749449 ns, Reaching safepoint: 90898 ns, At safepoint: 3711 ns, Total: 94609 ns
[2020-05-16T04:46:45.610+0000][8924][safepoint    ] Safepoint "Cleanup", Time since last: 1005361157 ns, Reaching safepoint: 100637 ns, At safepoint: 19942 ns, Total: 120579 ns
[2020-05-16T04:46:47.611+0000][8924][safepoint    ] Safepoint "Cleanup", Time since last: 2000949333 ns, Reaching safepoint: 91362 ns, At safepoint: 3247 ns, Total: 94609 ns
[2020-05-16T04:46:48.612+0000][8924][safepoint    ] Safepoint "Cleanup", Time since last: 1000757333 ns, Reaching safepoint: 145159 ns, At safepoint: 19942 ns, Total: 165101 ns
[2020-05-16T04:46:49.613+0000][8924][safepoint    ] Safepoint "Cleanup", Time since last: 1000706319 ns, Reaching safepoint: 58434 ns, At safepoint: 3711 ns, Total: 62145 ns
[2020-05-16T04:46:50.613+0000][8924][safepoint    ] Safepoint "Cleanup", Time since last: 1000063536 ns, Reaching safepoint: 80695 ns, At safepoint: 3247 ns, Total: 83942 ns
[2020-05-16T04:46:51.613+0000][8924][safepoint    ] Safepoint "Cleanup", Time since last: 1000515710 ns, Reaching safepoint: 77913 ns, At safepoint: 2318 ns, Total: 80231 ns
[2020-05-16T04:46:53.614+0000][8924][safepoint    ] Safepoint "Cleanup", Time since last: 2000193855 ns, Reaching safepoint: 72812 ns, At safepoint: 2783 ns, Total: 75595 ns
[2020-05-16T04:46:54.615+0000][8924][safepoint    ] Safepoint "Cleanup", Time since last: 1000879304 ns, Reaching safepoint: 171594 ns, At safepoint: 19942 ns, Total: 191536 ns
[2020-05-16T04:46:55.895+0000][8924][safepoint    ] Safepoint "Cleanup", Time since last: 1280518826 ns, Reaching safepoint: 146087 ns, At safepoint: 20406 ns, Total: 166493 ns
[2020-05-16T04:46:56.896+0000][8924][safepoint    ] Safepoint "Cleanup", Time since last: 1000108521 ns, Reaching safepoint: 95537 ns, At safepoint: 3246 ns, Total: 98783 ns
[2020-05-16T04:46:57.896+0000][8924][safepoint    ] Safepoint "Cleanup", Time since last: 1000835710 ns, Reaching safepoint: 83478 ns, At safepoint: 11130 ns, Total: 94608 ns
[2020-05-16T04:46:58.897+0000][8924][safepoint    ] Safepoint "Cleanup", Time since last: 1000567652 ns, Reaching safepoint: 70957 ns, At safepoint: 3710 ns, Total: 74667 ns
[2020-05-16T04:47:00.898+0000][8924][safepoint    ] Safepoint "Cleanup", Time since last: 2000353391 ns, Reaching safepoint: 61681 ns, At safepoint: 2319 ns, Total: 64000 ns
[2020-05-16T04:47:01.898+0000][8924][safepoint    ] Safepoint "Cleanup", Time since last: 1000260638 ns, Reaching safepoint: 140521 ns, At safepoint: 19942 ns, Total: 160463 ns
[2020-05-16T04:47:02.898+0000][8924][safepoint    ] Safepoint "Cleanup", Time since last: 1000271768 ns, Reaching safepoint: 103421 ns, At safepoint: 4637 ns, Total: 108058 ns
[2020-05-16T04:47:03.898+0000][8924][safepoint    ] Safepoint "Cleanup", Time since last: 1000019015 ns, Reaching safepoint: 137739 ns, At safepoint: 2319 ns, Total: 140058 ns
[2020-05-16T04:47:04.899+0000][8924][safepoint    ] Safepoint "Cleanup", Time since last: 1000471652 ns, Reaching safepoint: 87188 ns, At safepoint: 4174 ns, Total: 91362 ns
[2020-05-16T04:47:05.904+0000][8924][safepoint    ] Safepoint "Cleanup", Time since last: 1005312925 ns, Reaching safepoint: 92290 ns, At safepoint: 3246 ns, Total: 95536 ns
[2020-05-16T04:47:06.905+0000][8924][safepoint    ] Safepoint "Cleanup", Time since last: 1000524985 ns, Reaching safepoint: 89508 ns, At safepoint: 3246 ns, Total: 92754 ns
[2020-05-16T04:47:07.906+0000][8924][safepoint    ] Safepoint "Cleanup", Time since last: 1000801391 ns, Reaching safepoint: 76985 ns, At safepoint: 3711 ns, Total: 80696 ns
[2020-05-16T04:47:09.906+0000][8924][safepoint    ] Safepoint "Cleanup", Time since last: 2000276869 ns, Reaching safepoint: 106667 ns, At safepoint: 1855 ns, Total: 108522 ns
[2020-05-16T04:47:10.907+0000][8924][safepoint    ] Safepoint "Cleanup", Time since last: 1000583883 ns, Reaching safepoint: 90899 ns, At safepoint: 3246 ns, Total: 94145 ns
[2020-05-16T04:47:12.907+0000][8924][safepoint    ] Safepoint "Cleanup", Time since last: 2000062609 ns, Reaching safepoint: 118261 ns, At safepoint: 3710 ns, Total: 121971 ns
[2020-05-16T04:47:13.907+0000][8924][safepoint    ] Safepoint "Cleanup", Time since last: 1000138203 ns, Reaching safepoint: 116406 ns, At safepoint: 4173 ns, Total: 120579 ns
[2020-05-16T04:47:14.908+0000][8924][safepoint    ] Safepoint "Cleanup", Time since last: 1000349681 ns, Reaching safepoint: 82551 ns, At safepoint: 3710 ns, Total: 86261 ns
[2020-05-16T04:47:15.908+0000][8924][safepoint    ] Safepoint "Cleanup", Time since last: 1000477217 ns, Reaching safepoint: 161392 ns, At safepoint: 19942 ns, Total: 181334 ns
[2020-05-16T04:47:16.909+0000][8924][safepoint    ] Safepoint "Cleanup", Time since last: 1000012521 ns, Reaching safepoint: 132174 ns, At safepoint: 19942 ns, Total: 152116 ns
[2020-05-16T04:47:17.909+0000][8924][safepoint    ] Safepoint "Cleanup", Time since last: 1000404870 ns, Reaching safepoint: 88579 ns, At safepoint: 3711 ns, Total: 92290 ns
[2020-05-16T04:47:19.909+0000][8924][safepoint    ] Safepoint "Cleanup", Time since last: 1999990260 ns, Reaching safepoint: 83015 ns, At safepoint: 2782 ns, Total: 85797 ns
[2020-05-16T04:47:20.910+0000][8924][safepoint    ] Safepoint "Cleanup", Time since last: 1000832464 ns, Reaching safepoint: 65855 ns, At safepoint: 2319 ns, Total: 68174 ns
[2020-05-16T04:47:21.911+0000][8924][safepoint    ] Safepoint "Cleanup", Time since last: 1000594086 ns, Reaching safepoint: 89044 ns, At safepoint: 3246 ns, Total: 92290 ns
[2020-05-16T04:47:22.912+0000][8924][safepoint    ] Safepoint "Cleanup", Time since last: 1000863072 ns, Reaching safepoint: 93218 ns, At safepoint: 3710 ns, Total: 96928 ns
[2020-05-16T04:47:23.913+0000][8924][safepoint    ] Safepoint "Cleanup", Time since last: 1000773101 ns, Reaching safepoint: 69101 ns, At safepoint: 2783 ns, Total: 71884 ns
[2020-05-16T04:47:24.913+0000][8924][safepoint    ] Safepoint "Cleanup", Time since last: 1000229101 ns, Reaching safepoint: 70493 ns, At safepoint: 3246 ns, Total: 73739 ns
[2020-05-16T04:47:25.914+0000][8924][safepoint    ] Safepoint "Cleanup", Time since last: 1000735536 ns, Reaching safepoint: 57044 ns, At safepoint: 3246 ns, Total: 60290 ns
[2020-05-16T04:47:26.914+0000][8924][safepoint    ] Safepoint "Cleanup", Time since last: 1000290783 ns, Reaching safepoint: 82086 ns, At safepoint: 3247 ns, Total: 85333 ns
[2020-05-16T04:47:27.915+0000][8924][safepoint    ] Safepoint "Cleanup", Time since last: 1000246724 ns, Reaching safepoint: 89971 ns, At safepoint: 3247 ns, Total: 93218 ns
[2020-05-16T04:47:28.915+0000][8924][safepoint    ] Safepoint "Cleanup", Time since last: 1000815304 ns, Reaching safepoint: 143768 ns, At safepoint: 5565 ns, Total: 149333 ns
[2020-05-16T04:47:29.916+0000][8924][safepoint    ] Safepoint "Cleanup", Time since last: 1000460521 ns, Reaching safepoint: 91826 ns, At safepoint: 3247 ns, Total: 95073 ns
[2020-05-16T04:47:30.917+0000][8924][safepoint    ] Safepoint "Cleanup", Time since last: 1000785623 ns, Reaching safepoint: 59362 ns, At safepoint: 2319 ns, Total: 61681 ns
[2020-05-16T04:47:31.918+0000][8924][safepoint    ] Safepoint "Cleanup", Time since last: 1000816695 ns, Reaching safepoint: 82087 ns, At safepoint: 3246 ns, Total: 85333 ns
[2020-05-16T04:47:32.919+0000][8924][safepoint    ] Safepoint "Cleanup", Time since last: 1000940985 ns, Reaching safepoint: 93218 ns, At safepoint: 3246 ns, Total: 96464 ns
[2020-05-16T04:47:34.920+0000][8924][safepoint    ] Safepoint "Cleanup", Time since last: 2000652058 ns, Reaching safepoint: 137275 ns, At safepoint: 3247 ns, Total: 140522 ns
[2020-05-16T04:47:35.920+0000][8924][safepoint    ] Safepoint "Cleanup", Time since last: 1000356173 ns, Reaching safepoint: 134957 ns, At safepoint: 19014 ns, Total: 153971 ns
[2020-05-16T04:47:37.920+0000][8924][safepoint    ] Safepoint "Cleanup", Time since last: 1999985160 ns, Reaching safepoint: 105739 ns, At safepoint: 3710 ns, Total: 109449 ns
[2020-05-16T04:47:38.944+0000][8924][safepoint    ] Safepoint "Cleanup", Time since last: 1000324174 ns, Reaching safepoint: 23517670 ns, At safepoint: 3710 ns, Total: 23521380 ns
[2020-05-16T04:47:39.944+0000][8924][safepoint    ] Safepoint "Cleanup", Time since last: 1000028290 ns, Reaching safepoint: 155826 ns, At safepoint: 6956 ns, Total: 162782 ns
[2020-05-16T05:15:59.897+0000][8924][safepoint    ] Safepoint "Cleanup", Time since last: 1700068942809 ns, Reaching safepoint: 142377 ns, At safepoint: 4637 ns, Total: 147014 ns
[2020-05-16T05:16:04.471+0000][8924][safepoint    ] Safepoint "Cleanup", Time since last: 1000357565 ns, Reaching safepoint: 3573568662 ns, At safepoint: 114551 ns, Total: 3573683213 ns
[2020-05-16T05:16:05.680+0000][8924][safepoint    ] Safepoint "Cleanup", Time since last: 1208272599 ns, Reaching safepoint: 86261 ns, At safepoint: 3246 ns, Total: 89507 ns
[2020-05-16T05:16:06.680+0000][8924][safepoint    ] Safepoint "Cleanup", Time since last: 1000281043 ns, Reaching safepoint: 68638 ns, At safepoint: 3246 ns, Total: 71884 ns
[2020-05-16T05:16:07.681+0000][8924][safepoint    ] Safepoint "Cleanup", Time since last: 1000422957 ns, Reaching safepoint: 82087 ns, At safepoint: 3246 ns, Total: 85333 ns
[2020-05-16T05:16:08.681+0000][8924][safepoint    ] Safepoint "Cleanup", Time since last: 1000552811 ns, Reaching safepoint: 90899 ns, At safepoint: 2319 ns, Total: 93218 ns
[2020-05-16T05:16:09.682+0000][8924][safepoint    ] Safepoint "Cleanup", Time since last: 1000379826 ns, Reaching safepoint: 83014 ns, At safepoint: 3246 ns, Total: 86260 ns
[2020-05-16T05:16:10.683+0000][8924][safepoint    ] Safepoint "Cleanup", Time since last: 1000871420 ns, Reaching safepoint: 124290 ns, At safepoint: 3246 ns, Total: 127536 ns
[2020-05-16T05:16:11.683+0000][8924][safepoint    ] Safepoint "Cleanup", Time since last: 1000241623 ns, Reaching safepoint: 90899 ns, At safepoint: 3710 ns, Total: 94609 ns
[2020-05-16T05:16:12.684+0000][8924][safepoint    ] Safepoint "Cleanup", Time since last: 1000774956 ns, Reaching safepoint: 89971 ns, At safepoint: 3247 ns, Total: 93218 ns
[2020-05-16T05:16:13.685+0000][8924][safepoint    ] Safepoint "Cleanup", Time since last: 1000710492 ns, Reaching safepoint: 89044 ns, At safepoint: 3710 ns, Total: 92754 ns
[2020-05-16T05:16:14.685+0000][8924][safepoint    ] Safepoint "Cleanup", Time since last: 1000520811 ns, Reaching safepoint: 90435 ns, At safepoint: 3246 ns, Total: 93681 ns
[2020-05-16T05:16:16.686+0000][8924][safepoint    ] Safepoint "Cleanup", Time since last: 2000215188 ns, Reaching safepoint: 92754 ns, At safepoint: 3246 ns, Total: 96000 ns
[2020-05-16T05:16:17.687+0000][8924][safepoint    ] Safepoint "Cleanup", Time since last: 1000806957 ns, Reaching safepoint: 65391 ns, At safepoint: 3246 ns, Total: 68637 ns
[2020-05-16T05:16:18.687+0000][8924][safepoint    ] Safepoint "Cleanup", Time since last: 1000271768 ns, Reaching safepoint: 73276 ns, At safepoint: 2318 ns, Total: 75594 ns
[2020-05-16T05:16:19.687+0000][8924][safepoint    ] Safepoint "Cleanup", Time since last: 1000056116 ns, Reaching safepoint: 135884 ns, At safepoint: 3710 ns, Total: 139594 ns
[2020-05-16T05:16:20.687+0000][8924][safepoint    ] Safepoint "Cleanup", Time since last: 1000229102 ns, Reaching safepoint: 107130 ns, At safepoint: 1855 ns, Total: 108985 ns
[2020-05-16T05:16:21.688+0000][8924][safepoint    ] Safepoint "Cleanup", Time since last: 1000815304 ns, Reaching safepoint: 134957 ns, At safepoint: 19942 ns, Total: 154899 ns
[2020-05-16T05:16:22.689+0000][8924][safepoint    ] Safepoint "Cleanup", Time since last: 1000469797 ns, Reaching safepoint: 79304 ns, At safepoint: 1855 ns, Total: 81159 ns
[2020-05-16T05:16:23.690+0000][8924][safepoint    ] Safepoint "Cleanup", Time since last: 1000961855 ns, Reaching safepoint: 140057 ns, At safepoint: 19942 ns, Total: 159999 ns
[2020-05-16T05:16:24.691+0000][8924][safepoint    ] Safepoint "Cleanup", Time since last: 1000776348 ns, Reaching safepoint: 78840 ns, At safepoint: 6493 ns, Total: 85333 ns
[2020-05-16T05:16:25.691+0000][8924][safepoint    ] Safepoint "Cleanup", Time since last: 1000189218 ns, Reaching safepoint: 136811 ns, At safepoint: 19478 ns, Total: 156289 ns
[2020-05-16T05:16:27.692+0000][8924][safepoint    ] Safepoint "Cleanup", Time since last: 2000907130 ns, Reaching safepoint: 75594 ns, At safepoint: 1856 ns, Total: 77450 ns
[2020-05-16T05:16:28.693+0000][8924][safepoint    ] Safepoint "Cleanup", Time since last: 1000482318 ns, Reaching safepoint: 215188 ns, At safepoint: 3711 ns, Total: 218899 ns
[2020-05-16T05:16:30.940+0000][8924][safepoint    ] Safepoint "Cleanup", Time since last: 1999913275 ns, Reaching safepoint: 247250900 ns, At safepoint: 15304 ns, Total: 247266204 ns
[2020-05-16T05:16:31.941+0000][8924][safepoint    ] Safepoint "Cleanup", Time since last: 1000277333 ns, Reaching safepoint: 71884 ns, At safepoint: 2319 ns, Total: 74203 ns
[2020-05-16T05:16:33.470+0000][8924][safepoint    ] Safepoint "Cleanup", Time since last: 1529447175 ns, Reaching safepoint: 89971 ns, At safepoint: 3246 ns, Total: 93217 ns
[2020-05-16T05:16:35.471+0000][8924][safepoint    ] Safepoint "Cleanup", Time since last: 2000550493 ns, Reaching safepoint: 159072 ns, At safepoint: 19942 ns, Total: 179014 ns
[2020-05-16T05:16:36.471+0000][8924][safepoint    ] Safepoint "Cleanup", Time since last: 1000513855 ns, Reaching safepoint: 124290 ns, At safepoint: 20406 ns, Total: 144696 ns
[2020-05-16T05:16:38.472+0000][8924][safepoint    ] Safepoint "Cleanup", Time since last: 2000273159 ns, Reaching safepoint: 97855 ns, At safepoint: 2319 ns, Total: 100174 ns
[2020-05-16T05:16:39.473+0000][8924][safepoint    ] Safepoint "Cleanup", Time since last: 1000709565 ns, Reaching safepoint: 78377 ns, At safepoint: 4173 ns, Total: 82550 ns
[2020-05-16T05:16:40.473+0000][8924][safepoint    ] Safepoint "Cleanup", Time since last: 1000147479 ns, Reaching safepoint: 95536 ns, At safepoint: 3246 ns, Total: 98782 ns
[2020-05-16T05:16:42.473+0000][8924][safepoint    ] Safepoint "Cleanup", Time since last: 2000234203 ns, Reaching safepoint: 107130 ns, At safepoint: 1855 ns, Total: 108985 ns
[2020-05-16T05:16:43.474+0000][8924][safepoint    ] Safepoint "Cleanup", Time since last: 1000477681 ns, Reaching safepoint: 134957 ns, At safepoint: 19478 ns, Total: 154435 ns
[2020-05-16T05:16:44.474+0000][8924][safepoint    ] Safepoint "Cleanup", Time since last: 1000466087 ns, Reaching safepoint: 102029 ns, At safepoint: 5101 ns, Total: 107130 ns
[2020-05-16T05:16:46.475+0000][8924][safepoint    ] Safepoint "Cleanup", Time since last: 2000924290 ns, Reaching safepoint: 60753 ns, At safepoint: 3710 ns, Total: 64463 ns
[2020-05-16T05:16:47.476+0000][8924][safepoint    ] Safepoint "Cleanup", Time since last: 1000400232 ns, Reaching safepoint: 158609 ns, At safepoint: 5101 ns, Total: 163710 ns
[2020-05-16T05:16:48.477+0000][8924][safepoint    ] Safepoint "Cleanup", Time since last: 1000761507 ns, Reaching safepoint: 80696 ns, At safepoint: 4174 ns, Total: 84870 ns
[2020-05-16T05:16:49.477+0000][8924][safepoint    ] Safepoint "Cleanup", Time since last: 1000345507 ns, Reaching safepoint: 88579 ns, At safepoint: 3710 ns, Total: 92289 ns
[2020-05-16T05:16:50.477+0000][8924][safepoint    ] Safepoint "Cleanup", Time since last: 1000034319 ns, Reaching safepoint: 56116 ns, At safepoint: 2783 ns, Total: 58899 ns
[2020-05-16T05:16:51.478+0000][8924][safepoint    ] Safepoint "Cleanup", Time since last: 1000277333 ns, Reaching safepoint: 53797 ns, At safepoint: 1855 ns, Total: 55652 ns
[2020-05-16T05:16:53.478+0000][8924][safepoint    ] Safepoint "Cleanup", Time since last: 2000346435 ns, Reaching safepoint: 70493 ns, At safepoint: 5101 ns, Total: 75594 ns
[2020-05-16T05:16:54.479+0000][8924][safepoint    ] Safepoint "Cleanup", Time since last: 1000505043 ns, Reaching safepoint: 57044 ns, At safepoint: 2318 ns, Total: 59362 ns
[2020-05-16T05:16:55.479+0000][8924][safepoint    ] Safepoint "Cleanup", Time since last: 1000133102 ns, Reaching safepoint: 90898 ns, At safepoint: 3247 ns, Total: 94145 ns
[2020-05-16T05:16:56.479+0000][8924][safepoint    ] Safepoint "Cleanup", Time since last: 1000371014 ns, Reaching safepoint: 59826 ns, At safepoint: 2783 ns, Total: 62609 ns
[2020-05-16T05:16:57.480+0000][8924][safepoint    ] Safepoint "Cleanup", Time since last: 1000544463 ns, Reaching safepoint: 66319 ns, At safepoint: 17623 ns, Total: 83942 ns
[2020-05-16T05:16:58.481+0000][8924][safepoint    ] Safepoint "Cleanup", Time since last: 1000679420 ns, Reaching safepoint: 92290 ns, At safepoint: 5101 ns, Total: 97391 ns
[2020-05-16T05:16:59.481+0000][8924][safepoint    ] Safepoint "Cleanup", Time since last: 1000023653 ns, Reaching safepoint: 72347 ns, At safepoint: 2783 ns, Total: 75130 ns
[2020-05-16T05:17:00.481+0000][8924][safepoint    ] Safepoint "Cleanup", Time since last: 1000321855 ns, Reaching safepoint: 90898 ns, At safepoint: 3247 ns, Total: 94145 ns
[2020-05-16T05:17:01.482+0000][8924][safepoint    ] Safepoint "Cleanup", Time since last: 1000294956 ns, Reaching safepoint: 52870 ns, At safepoint: 1855 ns, Total: 54725 ns
[2020-05-16T05:17:02.483+0000][8924][safepoint    ] Safepoint "Cleanup", Time since last: 1000971130 ns, Reaching safepoint: 55188 ns, At safepoint: 3710 ns, Total: 58898 ns
[2020-05-16T05:17:03.483+0000][8924][safepoint    ] Safepoint "Cleanup", Time since last: 1000023189 ns, Reaching safepoint: 60753 ns, At safepoint: 3710 ns, Total: 64463 ns
[2020-05-16T05:17:04.483+0000][8924][safepoint    ] Safepoint "Cleanup", Time since last: 1000242087 ns, Reaching safepoint: 55652 ns, At safepoint: 7885 ns, Total: 63537 ns
[2020-05-16T05:17:05.484+0000][8924][safepoint    ] Safepoint "Cleanup", Time since last: 1000827361 ns, Reaching safepoint: 93218 ns, At safepoint: 3246 ns, Total: 96464 ns
[2020-05-16T05:17:06.484+0000][8924][safepoint    ] Safepoint "Cleanup", Time since last: 1000255073 ns, Reaching safepoint: 86260 ns, At safepoint: 2783 ns, Total: 89043 ns
[2020-05-16T05:17:07.485+0000][8924][safepoint    ] Safepoint "Cleanup", Time since last: 1000450319 ns, Reaching safepoint: 83942 ns, At safepoint: 2782 ns, Total: 86724 ns
[2020-05-16T05:17:08.485+0000][8924][safepoint    ] Safepoint "Cleanup", Time since last: 1000242551 ns, Reaching safepoint: 76522 ns, At safepoint: 2318 ns, Total: 78840 ns
[2020-05-16T05:17:09.486+0000][8924][safepoint    ] Safepoint "Cleanup", Time since last: 1000687768 ns, Reaching safepoint: 61218 ns, At safepoint: 2318 ns, Total: 63536 ns
[2020-05-16T05:17:10.487+0000][8924][safepoint    ] Safepoint "Cleanup", Time since last: 1000769391 ns, Reaching safepoint: 64928 ns, At safepoint: 4174 ns, Total: 69102 ns
[2020-05-16T05:17:11.487+0000][8924][safepoint    ] Safepoint "Cleanup", Time since last: 1000341797 ns, Reaching safepoint: 58898 ns, At safepoint: 2319 ns, Total: 61217 ns
[2020-05-16T05:17:12.488+0000][8924][safepoint    ] Safepoint "Cleanup", Time since last: 1000872347 ns, Reaching safepoint: 74667 ns, At safepoint: 3246 ns, Total: 77913 ns
[2020-05-16T05:17:13.488+0000][8924][safepoint    ] Safepoint "Cleanup", Time since last: 1000103884 ns, Reaching safepoint: 69566 ns, At safepoint: 4174 ns, Total: 73740 ns
[2020-05-16T05:17:14.488+0000][8924][safepoint    ] Safepoint "Cleanup", Time since last: 1000045913 ns, Reaching safepoint: 92753 ns, At safepoint: 16696 ns, Total: 109449 ns
[2020-05-16T05:17:15.489+0000][8924][safepoint    ] Safepoint "Cleanup", Time since last: 1000115942 ns, Reaching safepoint: 85797 ns, At safepoint: 1391 ns, Total: 87188 ns
[2020-05-16T05:17:16.489+0000][8924][safepoint    ] Safepoint "Cleanup", Time since last: 1000575072 ns, Reaching safepoint: 93218 ns, At safepoint: 1855 ns, Total: 95073 ns
[2020-05-16T05:17:17.490+0000][8924][safepoint    ] Safepoint "Cleanup", Time since last: 1000335304 ns, Reaching safepoint: 130319 ns, At safepoint: 19014 ns, Total: 149333 ns
[2020-05-16T05:17:18.490+0000][8924][safepoint    ] Safepoint "Cleanup", Time since last: 1000556522 ns, Reaching safepoint: 132637 ns, At safepoint: 18551 ns, Total: 151188 ns
[2020-05-16T05:17:19.491+0000][8924][safepoint    ] Safepoint "Cleanup", Time since last: 1000812985 ns, Reaching safepoint: 142377 ns, At safepoint: 19942 ns, Total: 162319 ns
[2020-05-16T05:17:21.492+0000][8924][safepoint    ] Safepoint "Cleanup", Time since last: 2000442435 ns, Reaching safepoint: 82550 ns, At safepoint: 3247 ns, Total: 85797 ns
[2020-05-16T05:17:22.492+0000][8924][safepoint    ] Safepoint "Cleanup", Time since last: 1000093217 ns, Reaching safepoint: 71420 ns, At safepoint: 3247 ns, Total: 74667 ns
[2020-05-16T05:17:23.493+0000][8924][safepoint    ] Safepoint "Cleanup", Time since last: 1000666898 ns, Reaching safepoint: 124290 ns, At safepoint: 5565 ns, Total: 129855 ns
[2020-05-16T05:17:24.493+0000][8924][safepoint    ] Safepoint "Cleanup", Time since last: 1000072348 ns, Reaching safepoint: 92753 ns, At safepoint: 2319 ns, Total: 95072 ns
[2020-05-16T05:17:25.494+0000][8924][safepoint    ] Safepoint "Cleanup", Time since last: 1000505971 ns, Reaching safepoint: 87652 ns, At safepoint: 3710 ns, Total: 91362 ns
[2020-05-16T05:17:26.494+0000][8924][safepoint    ] Safepoint "Cleanup", Time since last: 1000008348 ns, Reaching safepoint: 90898 ns, At safepoint: 3711 ns, Total: 94609 ns
[2020-05-16T05:17:27.494+0000][8924][safepoint    ] Safepoint "Cleanup", Time since last: 1000237912 ns, Reaching safepoint: 75131 ns, At safepoint: 2782 ns, Total: 77913 ns
[2020-05-16T05:17:28.495+0000][8924][safepoint    ] Safepoint "Cleanup", Time since last: 1000697971 ns, Reaching safepoint: 92754 ns, At safepoint: 3246 ns, Total: 96000 ns
[2020-05-16T05:17:30.496+0000][8924][safepoint    ] Safepoint "Cleanup", Time since last: 2000580638 ns, Reaching safepoint: 89971 ns, At safepoint: 3246 ns, Total: 93217 ns
[2020-05-16T05:17:31.496+0000][8924][safepoint    ] Safepoint "Cleanup", Time since last: 1000023652 ns, Reaching safepoint: 89507 ns, At safepoint: 3247 ns, Total: 92754 ns
[2020-05-16T05:17:32.496+0000][8924][safepoint    ] Safepoint "Cleanup", Time since last: 1000267130 ns, Reaching safepoint: 134029 ns, At safepoint: 19942 ns, Total: 153971 ns
[2020-05-16T05:17:33.497+0000][8924][safepoint    ] Safepoint "Cleanup", Time since last: 1000506898 ns, Reaching safepoint: 76986 ns, At safepoint: 3246 ns, Total: 80232 ns
[2020-05-16T05:17:35.497+0000][8924][safepoint    ] Safepoint "Cleanup", Time since last: 2000065855 ns, Reaching safepoint: 75594 ns, At safepoint: 3247 ns, Total: 78841 ns
[2020-05-16T05:17:37.497+0000][8924][safepoint    ] Safepoint "Cleanup", Time since last: 2000358492 ns, Reaching safepoint: 74203 ns, At safepoint: 2319 ns, Total: 76522 ns
[2020-05-16T05:17:38.498+0000][8924][safepoint    ] Safepoint "Cleanup", Time since last: 1000859826 ns, Reaching safepoint: 82550 ns, At safepoint: 3247 ns, Total: 85797 ns
[2020-05-16T05:17:39.499+0000][8924][safepoint    ] Safepoint "Cleanup", Time since last: 1000646956 ns, Reaching safepoint: 123362 ns, At safepoint: 39884 ns, Total: 163246 ns
[2020-05-16T05:17:40.499+0000][8924][safepoint    ] Safepoint "Cleanup", Time since last: 1000173913 ns, Reaching safepoint: 76522 ns, At safepoint: 2319 ns, Total: 78841 ns
[2020-05-16T05:17:42.500+0000][8924][safepoint    ] Safepoint "Cleanup", Time since last: 2000723941 ns, Reaching safepoint: 107595 ns, At safepoint: 4173 ns, Total: 111768 ns
[2020-05-16T05:17:43.500+0000][8924][safepoint    ] Safepoint "Cleanup", Time since last: 1000244870 ns, Reaching safepoint: 101101 ns, At safepoint: 4638 ns, Total: 105739 ns
[2020-05-16T05:17:45.501+0000][8924][safepoint    ] Safepoint "Cleanup", Time since last: 2000117797 ns, Reaching safepoint: 102029 ns, At safepoint: 5565 ns, Total: 107594 ns
[2020-05-16T05:17:46.501+0000][8924][safepoint    ] Safepoint "Cleanup", Time since last: 1000284290 ns, Reaching safepoint: 108522 ns, At safepoint: 6492 ns, Total: 115014 ns
[2020-05-16T05:17:47.502+0000][8924][safepoint    ] Safepoint "Cleanup", Time since last: 1000735536 ns, Reaching safepoint: 108986 ns, At safepoint: 6492 ns, Total: 115478 ns
[2020-05-16T05:17:48.503+0000][8924][safepoint    ] Safepoint "Cleanup", Time since last: 1000613565 ns, Reaching safepoint: 121971 ns, At safepoint: 36638 ns, Total: 158609 ns
[2020-05-16T05:17:50.503+0000][8924][safepoint    ] Safepoint "Cleanup", Time since last: 1999929971 ns, Reaching safepoint: 92290 ns, At safepoint: 5101 ns, Total: 97391 ns
[2020-05-16T05:17:51.503+0000][8924][safepoint    ] Safepoint "Cleanup", Time since last: 1000108986 ns, Reaching safepoint: 100174 ns, At safepoint: 3710 ns, Total: 103884 ns
[2020-05-16T05:17:52.503+0000][8924][safepoint    ] Safepoint "Cleanup", Time since last: 1000224927 ns, Reaching safepoint: 78377 ns, At safepoint: 3246 ns, Total: 81623 ns
[2020-05-16T05:17:53.504+0000][8924][safepoint    ] Safepoint "Cleanup", Time since last: 1000900638 ns, Reaching safepoint: 90898 ns, At safepoint: 4638 ns, Total: 95536 ns
[2020-05-16T05:17:55.504+0000][8924][safepoint    ] Safepoint "Cleanup", Time since last: 2000033391 ns, Reaching safepoint: 116406 ns, At safepoint: 4174 ns, Total: 120580 ns
[2020-05-16T05:17:56.505+0000][8924][safepoint    ] Safepoint "Cleanup", Time since last: 1000040811 ns, Reaching safepoint: 119189 ns, At safepoint: 8348 ns, Total: 127537 ns
[2020-05-16T05:17:57.505+0000][8924][safepoint    ] Safepoint "Cleanup", Time since last: 1000312579 ns, Reaching safepoint: 108986 ns, At safepoint: 4637 ns, Total: 113623 ns
[2020-05-16T05:17:59.505+0000][8924][safepoint    ] Safepoint "Cleanup", Time since last: 2000057971 ns, Reaching safepoint: 96000 ns, At safepoint: 3247 ns, Total: 99247 ns
[2020-05-16T05:18:00.506+0000][8924][safepoint    ] Safepoint "Cleanup", Time since last: 1000628869 ns, Reaching safepoint: 104348 ns, At safepoint: 3710 ns, Total: 108058 ns
[2020-05-16T05:18:02.507+0000][8924][safepoint    ] Safepoint "Cleanup", Time since last: 2000712811 ns, Reaching safepoint: 73275 ns, At safepoint: 2783 ns, Total: 76058 ns
[2020-05-16T05:18:03.507+0000][8924][safepoint    ] Safepoint "Cleanup", Time since last: 1000564869 ns, Reaching safepoint: 107594 ns, At safepoint: 3711 ns, Total: 111305 ns
[2020-05-16T05:18:04.508+0000][8924][safepoint    ] Safepoint "Cleanup", Time since last: 1000387246 ns, Reaching safepoint: 91362 ns, At safepoint: 4174 ns, Total: 95536 ns
[2020-05-16T05:18:05.508+0000][8924][safepoint    ] Safepoint "Cleanup", Time since last: 1000005565 ns, Reaching safepoint: 117797 ns, At safepoint: 4638 ns, Total: 122435 ns
[2020-05-16T05:18:06.509+0000][8924][safepoint    ] Safepoint "Cleanup", Time since last: 1000491130 ns, Reaching safepoint: 85797 ns, At safepoint: 3710 ns, Total: 89507 ns
[2020-05-16T05:18:07.510+0000][8924][safepoint    ] Safepoint "Cleanup", Time since last: 1000826898 ns, Reaching safepoint: 101102 ns, At safepoint: 4174 ns, Total: 105276 ns
[2020-05-16T05:18:08.510+0000][8924][safepoint    ] Safepoint "Cleanup", Time since last: 1000609391 ns, Reaching safepoint: 115014 ns, At safepoint: 6029 ns, Total: 121043 ns
[2020-05-16T05:18:10.511+0000][8924][safepoint    ] Safepoint "Cleanup", Time since last: 2000863536 ns, Reaching safepoint: 121043 ns, At safepoint: 5102 ns, Total: 126145 ns
[2020-05-16T05:18:12.512+0000][8924][safepoint    ] Safepoint "Cleanup", Time since last: 2000565797 ns, Reaching safepoint: 109449 ns, At safepoint: 4174 ns, Total: 113623 ns
[2020-05-16T05:18:13.513+0000][8924][safepoint    ] Safepoint "Cleanup", Time since last: 1000925681 ns, Reaching safepoint: 108985 ns, At safepoint: 4174 ns, Total: 113159 ns
[2020-05-16T05:18:14.514+0000][8924][safepoint    ] Safepoint "Cleanup", Time since last: 1000872347 ns, Reaching safepoint: 88116 ns, At safepoint: 4174 ns, Total: 92290 ns
[2020-05-16T05:18:15.515+0000][8924][safepoint    ] Safepoint "Cleanup", Time since last: 1000728580 ns, Reaching safepoint: 96000 ns, At safepoint: 4637 ns, Total: 100637 ns
[2020-05-16T05:18:16.516+0000][8924][safepoint    ] Safepoint "Cleanup", Time since last: 1000664116 ns, Reaching safepoint: 110840 ns, At safepoint: 6029 ns, Total: 116869 ns
[2020-05-16T05:18:17.517+0000][8924][safepoint    ] Safepoint "Cleanup", Time since last: 1000893681 ns, Reaching safepoint: 107130 ns, At safepoint: 2319 ns, Total: 109449 ns
[2020-05-16T05:18:18.517+0000][8924][safepoint    ] Safepoint "Cleanup", Time since last: 1000672000 ns, Reaching safepoint: 78377 ns, At safepoint: 3246 ns, Total: 81623 ns
[2020-05-16T05:18:19.518+0000][8924][safepoint    ] Safepoint "Cleanup", Time since last: 1000966492 ns, Reaching safepoint: 121508 ns, At safepoint: 4174 ns, Total: 125682 ns
[2020-05-16T05:18:20.519+0000][8924][safepoint    ] Safepoint "Cleanup", Time since last: 1000157217 ns, Reaching safepoint: 112695 ns, At safepoint: 4174 ns, Total: 116869 ns
[2020-05-16T05:18:21.519+0000][8924][safepoint    ] Safepoint "Cleanup", Time since last: 1000682203 ns, Reaching safepoint: 132638 ns, At safepoint: 4174 ns, Total: 136812 ns
[2020-05-16T05:18:23.520+0000][8924][safepoint    ] Safepoint "Cleanup", Time since last: 1999975420 ns, Reaching safepoint: 113159 ns, At safepoint: 4174 ns, Total: 117333 ns
[2020-05-16T05:18:25.520+0000][8924][safepoint    ] Safepoint "Cleanup", Time since last: 2000102493 ns, Reaching safepoint: 130782 ns, At safepoint: 19942 ns, Total: 150724 ns
[2020-05-16T05:18:27.521+0000][8924][safepoint    ] Safepoint "Cleanup", Time since last: 2000721623 ns, Reaching safepoint: 68174 ns, At safepoint: 2319 ns, Total: 70493 ns
[2020-05-16T05:18:28.521+0000][8924][safepoint    ] Safepoint "Cleanup", Time since last: 1000011130 ns, Reaching safepoint: 87653 ns, At safepoint: 3710 ns, Total: 91363 ns
[2020-05-16T05:18:29.521+0000][8924][safepoint    ] Safepoint "Cleanup", Time since last: 1000141913 ns, Reaching safepoint: 68637 ns, At safepoint: 2783 ns, Total: 71420 ns
[2020-05-16T05:18:30.521+0000][8924][safepoint    ] Safepoint "Cleanup", Time since last: 1000164174 ns, Reaching safepoint: 100637 ns, At safepoint: 6029 ns, Total: 106666 ns
[2020-05-16T05:18:31.522+0000][8924][safepoint    ] Safepoint "Cleanup", Time since last: 1000470261 ns, Reaching safepoint: 105275 ns, At safepoint: 4638 ns, Total: 109913 ns
[2020-05-16T05:18:33.522+0000][8924][safepoint    ] Safepoint "Cleanup", Time since last: 2000009275 ns, Reaching safepoint: 119189 ns, At safepoint: 3246 ns, Total: 122435 ns
[2020-05-16T05:18:34.522+0000][8924][safepoint    ] Safepoint "Cleanup", Time since last: 1000029681 ns, Reaching safepoint: 108986 ns, At safepoint: 6029 ns, Total: 115015 ns
[2020-05-16T05:18:35.522+0000][8924][safepoint    ] Safepoint "Cleanup", Time since last: 1000018550 ns, Reaching safepoint: 100638 ns, At safepoint: 4638 ns, Total: 105276 ns
[2020-05-16T05:18:37.523+0000][8924][safepoint    ] Safepoint "Cleanup", Time since last: 2000945622 ns, Reaching safepoint: 125682 ns, At safepoint: 3246 ns, Total: 128928 ns
[2020-05-16T05:18:38.524+0000][8924][safepoint    ] Safepoint "Cleanup", Time since last: 1000864927 ns, Reaching safepoint: 102029 ns, At safepoint: 4174 ns, Total: 106203 ns
[2020-05-16T05:18:39.524+0000][8924][safepoint    ] Safepoint "Cleanup", Time since last: 1000114551 ns, Reaching safepoint: 131710 ns, At safepoint: 4637 ns, Total: 136347 ns
[2020-05-16T05:18:40.525+0000][8924][safepoint    ] Safepoint "Cleanup", Time since last: 1000801391 ns, Reaching safepoint: 91826 ns, At safepoint: 4638 ns, Total: 96464 ns
[2020-05-16T05:18:41.526+0000][8924][safepoint    ] Safepoint "Cleanup", Time since last: 1000339478 ns, Reaching safepoint: 97855 ns, At safepoint: 4174 ns, Total: 102029 ns
[2020-05-16T05:18:42.526+0000][8924][safepoint    ] Safepoint "Cleanup", Time since last: 1000357101 ns, Reaching safepoint: 124290 ns, At safepoint: 4174 ns, Total: 128464 ns
[2020-05-16T05:18:43.527+0000][8924][safepoint    ] Safepoint "Cleanup", Time since last: 1000283362 ns, Reaching safepoint: 99710 ns, At safepoint: 4174 ns, Total: 103884 ns
[2020-05-16T05:18:44.528+0000][8924][safepoint    ] Safepoint "Cleanup", Time since last: 1000701681 ns, Reaching safepoint: 75130 ns, At safepoint: 3711 ns, Total: 78841 ns
[2020-05-16T05:18:45.528+0000][8924][safepoint    ] Safepoint "Cleanup", Time since last: 1000455883 ns, Reaching safepoint: 75131 ns, At safepoint: 3246 ns, Total: 78377 ns
[2020-05-16T05:18:46.528+0000][8924][safepoint    ] Safepoint "Cleanup", Time since last: 1000048696 ns, Reaching safepoint: 105739 ns, At safepoint: 4638 ns, Total: 110377 ns
[2020-05-16T05:18:47.528+0000][8924][safepoint    ] Safepoint "Cleanup", Time since last: 1000048231 ns, Reaching safepoint: 95537 ns, At safepoint: 4637 ns, Total: 100174 ns
[2020-05-16T05:18:48.528+0000][8924][safepoint    ] Safepoint "Cleanup", Time since last: 1000086261 ns, Reaching safepoint: 123362 ns, At safepoint: 6029 ns, Total: 129391 ns
[2020-05-16T05:18:49.529+0000][8924][safepoint    ] Safepoint "Cleanup", Time since last: 1000806493 ns, Reaching safepoint: 89971 ns, At safepoint: 3710 ns, Total: 93681 ns
[2020-05-16T05:18:51.530+0000][8924][safepoint    ] Safepoint "Cleanup", Time since last: 2000526840 ns, Reaching safepoint: 90899 ns, At safepoint: 3710 ns, Total: 94609 ns
[2020-05-16T05:18:52.530+0000][8924][safepoint    ] Safepoint "Cleanup", Time since last: 1000326492 ns, Reaching safepoint: 92754 ns, At safepoint: 4638 ns, Total: 97392 ns
[2020-05-16T05:18:53.531+0000][8924][safepoint    ] Safepoint "Cleanup", Time since last: 1000547246 ns, Reaching safepoint: 81623 ns, At safepoint: 4174 ns, Total: 85797 ns
[2020-05-16T05:18:54.531+0000][8924][safepoint    ] Safepoint "Cleanup", Time since last: 1000234666 ns, Reaching safepoint: 78377 ns, At safepoint: 2783 ns, Total: 81160 ns
[2020-05-16T05:18:55.532+0000][8924][safepoint    ] Safepoint "Cleanup", Time since last: 1000636289 ns, Reaching safepoint: 106203 ns, At safepoint: 3710 ns, Total: 109913 ns
[2020-05-16T05:18:57.533+0000][8924][safepoint    ] Safepoint "Cleanup", Time since last: 2000736000 ns, Reaching safepoint: 70957 ns, At safepoint: 2782 ns, Total: 73739 ns
[2020-05-16T05:18:59.533+0000][8924][safepoint    ] Safepoint "Cleanup", Time since last: 2000066319 ns, Reaching safepoint: 108058 ns, At safepoint: 6029 ns, Total: 114087 ns
[2020-05-16T05:19:00.533+0000][8924][safepoint    ] Safepoint "Cleanup", Time since last: 1000031072 ns, Reaching safepoint: 52406 ns, At safepoint: 2319 ns, Total: 54725 ns
[2020-05-16T05:19:01.534+0000][8924][safepoint    ] Safepoint "Cleanup", Time since last: 1000173913 ns, Reaching safepoint: 94145 ns, At safepoint: 4174 ns, Total: 98319 ns
[2020-05-16T05:19:02.534+0000][8924][safepoint    ] Safepoint "Cleanup", Time since last: 1000351072 ns, Reaching safepoint: 83478 ns, At safepoint: 1855 ns, Total: 85333 ns
[2020-05-16T05:19:03.535+0000][8924][safepoint    ] Safepoint "Cleanup", Time since last: 1000727188 ns, Reaching safepoint: 64928 ns, At safepoint: 3246 ns, Total: 68174 ns
[2020-05-16T05:19:05.535+0000][8924][safepoint    ] Safepoint "Cleanup", Time since last: 2000369623 ns, Reaching safepoint: 91363 ns, At safepoint: 1855 ns, Total: 93218 ns
[2020-05-16T05:19:06.536+0000][8924][safepoint    ] Safepoint "Cleanup", Time since last: 1000860753 ns, Reaching safepoint: 64927 ns, At safepoint: 2783 ns, Total: 67710 ns
[2020-05-16T05:19:07.537+0000][8924][safepoint    ] Safepoint "Cleanup", Time since last: 1000516174 ns, Reaching safepoint: 132637 ns, At safepoint: 5565 ns, Total: 138202 ns
[2020-05-16T05:19:08.538+0000][8924][safepoint    ] Safepoint "Cleanup", Time since last: 1000639073 ns, Reaching safepoint: 110840 ns, At safepoint: 6029 ns, Total: 116869 ns
[2020-05-16T05:19:10.539+0000][8924][safepoint    ] Safepoint "Cleanup", Time since last: 2000882550 ns, Reaching safepoint: 91826 ns, At safepoint: 21798 ns, Total: 113624 ns
[2020-05-16T05:19:11.539+0000][8924][safepoint    ] Safepoint "Cleanup", Time since last: 1000176231 ns, Reaching safepoint: 73739 ns, At safepoint: 4174 ns, Total: 77913 ns
[2020-05-16T05:19:12.540+0000][8924][safepoint    ] Safepoint "Cleanup", Time since last: 1000731362 ns, Reaching safepoint: 74203 ns, At safepoint: 1855 ns, Total: 76058 ns
[2020-05-16T05:19:13.540+0000][8924][safepoint    ] Safepoint "Cleanup", Time since last: 1000310261 ns, Reaching safepoint: 84406 ns, At safepoint: 4637 ns, Total: 89043 ns
[2020-05-16T05:19:14.540+0000][8924][safepoint    ] Safepoint "Cleanup", Time since last: 1000042203 ns, Reaching safepoint: 83479 ns, At safepoint: 3710 ns, Total: 87189 ns
[2020-05-16T05:19:15.541+0000][8924][safepoint    ] Safepoint "Cleanup", Time since last: 1000571826 ns, Reaching safepoint: 107130 ns, At safepoint: 4174 ns, Total: 111304 ns
[2020-05-16T05:19:16.542+0000][8924][safepoint    ] Safepoint "Cleanup", Time since last: 1000902956 ns, Reaching safepoint: 74203 ns, At safepoint: 2782 ns, Total: 76985 ns
[2020-05-16T05:19:17.542+0000][8924][safepoint    ] Safepoint "Cleanup", Time since last: 1000405797 ns, Reaching safepoint: 102493 ns, At safepoint: 4174 ns, Total: 106667 ns
[2020-05-16T05:19:18.543+0000][8924][safepoint    ] Safepoint "Cleanup", Time since last: 1000602434 ns, Reaching safepoint: 79305 ns, At safepoint: 3710 ns, Total: 83015 ns
[2020-05-16T05:19:20.544+0000][8924][safepoint    ] Safepoint "Cleanup", Time since last: 2000435942 ns, Reaching safepoint: 100637 ns, At safepoint: 5566 ns, Total: 106203 ns
[2020-05-16T05:19:21.544+0000][8924][safepoint    ] Safepoint "Cleanup", Time since last: 1000452173 ns, Reaching safepoint: 112232 ns, At safepoint: 4174 ns, Total: 116406 ns
[2020-05-16T05:19:22.544+0000][8924][safepoint    ] Safepoint "Cleanup", Time since last: 1000125681 ns, Reaching safepoint: 97855 ns, At safepoint: 4174 ns, Total: 102029 ns
[2020-05-16T05:19:23.545+0000][8924][safepoint    ] Safepoint "Cleanup", Time since last: 1000078377 ns, Reaching safepoint: 111304 ns, At safepoint: 4174 ns, Total: 115478 ns
[2020-05-16T05:19:24.545+0000][8924][safepoint    ] Safepoint "Cleanup", Time since last: 1000071420 ns, Reaching safepoint: 99247 ns, At safepoint: 3710 ns, Total: 102957 ns
[2020-05-16T05:19:25.389+0000][8924][gc,start     ] GC(15) Pause Young (Normal) (G1 Evacuation Pause)
[2020-05-16T05:19:25.394+0000][8924][gc,task      ] GC(15) Using 4 workers of 4 for evacuation
[2020-05-16T05:19:25.407+0000][8924][gc,age       ] GC(15) Desired survivor size 40370176 bytes, new threshold 15 (max threshold 15)
[2020-05-16T05:19:25.508+0000][8924][gc,age       ] GC(15) Age table with threshold 15 (max threshold 15)
[2020-05-16T05:19:25.508+0000][8924][gc,age       ] GC(15) - age   1:       6120 bytes,       6120 total
[2020-05-16T05:19:25.508+0000][8924][gc,age       ] GC(15) - age   2:        968 bytes,       7088 total
[2020-05-16T05:19:25.508+0000][8924][gc,age       ] GC(15) - age   3:      18440 bytes,      25528 total
[2020-05-16T05:19:25.508+0000][8924][gc,age       ] GC(15) - age   4:     772960 bytes,     798488 total
[2020-05-16T05:19:25.508+0000][8924][gc,age       ] GC(15) - age   5:    6573968 bytes,    7372456 total
[2020-05-16T05:19:25.508+0000][8924][gc,age       ] GC(15) - age   6:    9099024 bytes,   16471480 total
[2020-05-16T05:19:25.525+0000][8924][gc,phases    ] GC(15)   Pre Evacuate Collection Set: 0.6ms
[2020-05-16T05:19:25.525+0000][8924][gc,phases    ] GC(15)   Merge Heap Roots: 0.6ms
[2020-05-16T05:19:25.525+0000][8924][gc,phases    ] GC(15)   Evacuate Collection Set: 46.0ms
[2020-05-16T05:19:25.525+0000][8924][gc,phases    ] GC(15)   Post Evacuate Collection Set: 52.4ms
[2020-05-16T05:19:25.526+0000][8924][gc,phases    ] GC(15)   Other: 65.8ms
[2020-05-16T05:19:25.526+0000][8924][gc,heap      ] GC(15) Eden regions: 597->0(597)
[2020-05-16T05:19:25.526+0000][8924][gc,heap      ] GC(15) Survivor regions: 17->17(77)
[2020-05-16T05:19:25.526+0000][8924][gc,heap      ] GC(15) Old regions: 44->44
[2020-05-16T05:19:25.526+0000][8924][gc,heap      ] GC(15) Archive regions: 0->0
[2020-05-16T05:19:25.526+0000][8924][gc,heap      ] GC(15) Humongous regions: 1->1
[2020-05-16T05:19:25.526+0000][8924][gc,metaspace ] GC(15) Metaspace: 79575K(86112K)->79575K(86112K) NonClass: 68710K(72620K)->68710K(72620K) Class: 10864K(13492K)->10864K(13492K)
[2020-05-16T05:19:25.527+0000][8924][gc           ] GC(15) Pause Young (Normal) (G1 Evacuation Pause) 658M->61M(1024M) 154.530ms
[2020-05-16T05:19:25.527+0000][8924][gc,cpu       ] GC(15) User=0.05s Sys=0.00s Real=0.15s
[2020-05-16T05:19:25.527+0000][8924][safepoint    ] Safepoint "G1CollectForAllocation", Time since last: 807301191 ns, Reaching safepoint: 138666 ns, At safepoint: 174592383 ns, Total: 174731049 ns
[2020-05-16T05:19:26.527+0000][8924][safepoint    ] Safepoint "Cleanup", Time since last: 1000044522 ns, Reaching safepoint: 111304 ns, At safepoint: 6029 ns, Total: 117333 ns
[2020-05-16T05:19:27.528+0000][8924][safepoint    ] Safepoint "Cleanup", Time since last: 1000543072 ns, Reaching safepoint: 115478 ns, At safepoint: 4638 ns, Total: 120116 ns
[2020-05-16T05:19:28.529+0000][8924][safepoint    ] Safepoint "Cleanup", Time since last: 1000912232 ns, Reaching safepoint: 111768 ns, At safepoint: 5565 ns, Total: 117333 ns
[2020-05-16T05:19:29.529+0000][8924][safepoint    ] Safepoint "Cleanup", Time since last: 1000447536 ns, Reaching safepoint: 102029 ns, At safepoint: 3710 ns, Total: 105739 ns
[2020-05-16T05:19:30.530+0000][8924][safepoint    ] Safepoint "Cleanup", Time since last: 1000262956 ns, Reaching safepoint: 110377 ns, At safepoint: 3710 ns, Total: 114087 ns
[2020-05-16T05:19:31.530+0000][8924][safepoint    ] Safepoint "Cleanup", Time since last: 1000411362 ns, Reaching safepoint: 99710 ns, At safepoint: 6493 ns, Total: 106203 ns
[2020-05-16T05:19:33.530+0000][8924][safepoint    ] Safepoint "Cleanup", Time since last: 2000171594 ns, Reaching safepoint: 92290 ns, At safepoint: 6029 ns, Total: 98319 ns
[2020-05-16T05:19:35.081+0000][8924][safepoint    ] Safepoint "Cleanup", Time since last: 1550780498 ns, Reaching safepoint: 107594 ns, At safepoint: 3711 ns, Total: 111305 ns
[2020-05-16T05:19:37.082+0000][8924][safepoint    ] Safepoint "Cleanup", Time since last: 2000288927 ns, Reaching safepoint: 115478 ns, At safepoint: 5565 ns, Total: 121043 ns
[2020-05-16T05:19:39.082+0000][8924][safepoint    ] Safepoint "Cleanup", Time since last: 1999929508 ns, Reaching safepoint: 108521 ns, At safepoint: 20406 ns, Total: 128927 ns
[2020-05-16T05:19:40.082+0000][8924][safepoint    ] Safepoint "Cleanup", Time since last: 1000276406 ns, Reaching safepoint: 110840 ns, At safepoint: 6029 ns, Total: 116869 ns
[2020-05-16T05:19:42.083+0000][8924][safepoint    ] Safepoint "Cleanup", Time since last: 2000515710 ns, Reaching safepoint: 92290 ns, At safepoint: 2319 ns, Total: 94609 ns
[2020-05-16T05:19:43.084+0000][8924][safepoint    ] Safepoint "Cleanup", Time since last: 1000707246 ns, Reaching safepoint: 109449 ns, At safepoint: 16696 ns, Total: 126145 ns
[2020-05-16T05:19:44.084+0000][8924][safepoint    ] Safepoint "Cleanup", Time since last: 1000202203 ns, Reaching safepoint: 66782 ns, At safepoint: 2319 ns, Total: 69101 ns
[2020-05-16T05:19:45.084+0000][8924][safepoint    ] Safepoint "Cleanup", Time since last: 1000235130 ns, Reaching safepoint: 84870 ns, At safepoint: 4174 ns, Total: 89044 ns
[2020-05-16T05:19:46.085+0000][8924][safepoint    ] Safepoint "Cleanup", Time since last: 1000295884 ns, Reaching safepoint: 71884 ns, At safepoint: 1855 ns, Total: 73739 ns
[2020-05-16T05:19:47.085+0000][8924][safepoint    ] Safepoint "Cleanup", Time since last: 1000211942 ns, Reaching safepoint: 81159 ns, At safepoint: 2783 ns, Total: 83942 ns
[2020-05-16T05:19:48.085+0000][8924][safepoint    ] Safepoint "Cleanup", Time since last: 1000238376 ns, Reaching safepoint: 146087 ns, At safepoint: 2783 ns, Total: 148870 ns
[2020-05-16T05:19:49.086+0000][8924][safepoint    ] Safepoint "Cleanup", Time since last: 1000684058 ns, Reaching safepoint: 92289 ns, At safepoint: 4638 ns, Total: 96927 ns
[2020-05-16T05:19:50.087+0000][8924][safepoint    ] Safepoint "Cleanup", Time since last: 1000544464 ns, Reaching safepoint: 94608 ns, At safepoint: 6029 ns, Total: 100637 ns
[2020-05-16T05:19:51.087+0000][8924][safepoint    ] Safepoint "Cleanup", Time since last: 1000032464 ns, Reaching safepoint: 85797 ns, At safepoint: 3710 ns, Total: 89507 ns
[2020-05-16T05:19:53.088+0000][8924][safepoint    ] Safepoint "Cleanup", Time since last: 2000850087 ns, Reaching safepoint: 94145 ns, At safepoint: 4637 ns, Total: 98782 ns
[2020-05-16T05:19:55.088+0000][8924][safepoint    ] Safepoint "Cleanup", Time since last: 2000112696 ns, Reaching safepoint: 104812 ns, At safepoint: 4173 ns, Total: 108985 ns
[2020-05-16T05:19:56.089+0000][8924][safepoint    ] Safepoint "Cleanup", Time since last: 1000818551 ns, Reaching safepoint: 104811 ns, At safepoint: 6029 ns, Total: 110840 ns
[2020-05-16T05:19:57.090+0000][8924][safepoint    ] Safepoint "Cleanup", Time since last: 1000953043 ns, Reaching safepoint: 100638 ns, At safepoint: 5565 ns, Total: 106203 ns
[2020-05-16T05:19:59.091+0000][8924][safepoint    ] Safepoint "Cleanup", Time since last: 2000742956 ns, Reaching safepoint: 86725 ns, At safepoint: 2783 ns, Total: 89508 ns
[2020-05-16T05:20:01.091+0000][8924][safepoint    ] Safepoint "Cleanup", Time since last: 2000274086 ns, Reaching safepoint: 105276 ns, At safepoint: 6029 ns, Total: 111305 ns
[2020-05-16T05:20:02.092+0000][8924][safepoint    ] Safepoint "Cleanup", Time since last: 1000489739 ns, Reaching safepoint: 102956 ns, At safepoint: 6957 ns, Total: 109913 ns
[2020-05-16T05:20:03.102+0000][8924][safepoint    ] Safepoint "Cleanup", Time since last: 1009917212 ns, Reaching safepoint: 130783 ns, At safepoint: 6029 ns, Total: 136812 ns
[2020-05-16T05:20:05.102+0000][8924][safepoint    ] Safepoint "Cleanup", Time since last: 2000350608 ns, Reaching safepoint: 124754 ns, At safepoint: 4174 ns, Total: 128928 ns
[2020-05-16T05:20:06.102+0000][8924][safepoint    ] Safepoint "Cleanup", Time since last: 1000028754 ns, Reaching safepoint: 147941 ns, At safepoint: 8348 ns, Total: 156289 ns
[2020-05-16T05:20:07.103+0000][8924][safepoint    ] Safepoint "Cleanup", Time since last: 1000163710 ns, Reaching safepoint: 93681 ns, At safepoint: 4174 ns, Total: 97855 ns
[2020-05-16T05:20:08.103+0000][8924][safepoint    ] Safepoint "Cleanup", Time since last: 1000665971 ns, Reaching safepoint: 173913 ns, At safepoint: 5102 ns, Total: 179015 ns
[2020-05-16T05:20:09.104+0000][8924][safepoint    ] Safepoint "Cleanup", Time since last: 1000313043 ns, Reaching safepoint: 113623 ns, At safepoint: 4638 ns, Total: 118261 ns
[2020-05-16T05:20:10.105+0000][8924][safepoint    ] Safepoint "Cleanup", Time since last: 1000782840 ns, Reaching safepoint: 112232 ns, At safepoint: 4174 ns, Total: 116406 ns
[2020-05-16T05:20:11.105+0000][8924][safepoint    ] Safepoint "Cleanup", Time since last: 1000402086 ns, Reaching safepoint: 106667 ns, At safepoint: 4174 ns, Total: 110841 ns
[2020-05-16T05:20:13.106+0000][8924][safepoint    ] Safepoint "Cleanup", Time since last: 2000793043 ns, Reaching safepoint: 100174 ns, At safepoint: 4638 ns, Total: 104812 ns
[2020-05-16T05:20:14.107+0000][8924][safepoint    ] Safepoint "Cleanup", Time since last: 1000465159 ns, Reaching safepoint: 112232 ns, At safepoint: 5565 ns, Total: 117797 ns
[2020-05-16T05:20:15.107+0000][8924][safepoint    ] Safepoint "Cleanup", Time since last: 1000317217 ns, Reaching safepoint: 109449 ns, At safepoint: 6029 ns, Total: 115478 ns
[2020-05-16T05:20:16.108+0000][8924][safepoint    ] Safepoint "Cleanup", Time since last: 1000333449 ns, Reaching safepoint: 103884 ns, At safepoint: 4174 ns, Total: 108058 ns
[2020-05-16T05:20:17.108+0000][8924][safepoint    ] Safepoint "Cleanup", Time since last: 1000175768 ns, Reaching safepoint: 112232 ns, At safepoint: 4638 ns, Total: 116870 ns
[2020-05-16T05:20:18.109+0000][8924][safepoint    ] Safepoint "Cleanup", Time since last: 1000388637 ns, Reaching safepoint: 105739 ns, At safepoint: 3711 ns, Total: 109450 ns
[2020-05-16T05:20:20.109+0000][8924][safepoint    ] Safepoint "Cleanup", Time since last: 2000705391 ns, Reaching safepoint: 114086 ns, At safepoint: 7421 ns, Total: 121507 ns
[2020-05-16T05:20:21.110+0000][8924][safepoint    ] Safepoint "Cleanup", Time since last: 1000537507 ns, Reaching safepoint: 96927 ns, At safepoint: 4174 ns, Total: 101101 ns
[2020-05-16T05:20:22.111+0000][8924][safepoint    ] Safepoint "Cleanup", Time since last: 1000700290 ns, Reaching safepoint: 114550 ns, At safepoint: 4174 ns, Total: 118724 ns
[2020-05-16T05:20:24.111+0000][8924][safepoint    ] Safepoint "Cleanup", Time since last: 2000030145 ns, Reaching safepoint: 104812 ns, At safepoint: 5565 ns, Total: 110377 ns
[2020-05-16T05:20:25.111+0000][8924][safepoint    ] Safepoint "Cleanup", Time since last: 1000036638 ns, Reaching safepoint: 111768 ns, At safepoint: 4174 ns, Total: 115942 ns
[2020-05-16T05:20:26.112+0000][8924][safepoint    ] Safepoint "Cleanup", Time since last: 1000862144 ns, Reaching safepoint: 103420 ns, At safepoint: 6957 ns, Total: 110377 ns
[2020-05-16T05:20:27.113+0000][8924][safepoint    ] Safepoint "Cleanup", Time since last: 1000802318 ns, Reaching safepoint: 98783 ns, At safepoint: 4174 ns, Total: 102957 ns
[2020-05-16T05:20:28.114+0000][8924][safepoint    ] Safepoint "Cleanup", Time since last: 1000489275 ns, Reaching safepoint: 122435 ns, At safepoint: 4174 ns, Total: 126609 ns
[2020-05-16T05:20:30.115+0000][8924][safepoint    ] Safepoint "Cleanup", Time since last: 2000953506 ns, Reaching safepoint: 103421 ns, At safepoint: 6029 ns, Total: 109450 ns
[2020-05-16T05:20:31.115+0000][8924][safepoint    ] Safepoint "Cleanup", Time since last: 1000586666 ns, Reaching safepoint: 114551 ns, At safepoint: 4174 ns, Total: 118725 ns
[2020-05-16T05:20:32.116+0000][8924][safepoint    ] Safepoint "Cleanup", Time since last: 1000824115 ns, Reaching safepoint: 108522 ns, At safepoint: 3710 ns, Total: 112232 ns
[2020-05-16T05:20:33.116+0000][8924][safepoint    ] Safepoint "Cleanup", Time since last: 1000081159 ns, Reaching safepoint: 124754 ns, At safepoint: 4638 ns, Total: 129392 ns
[2020-05-16T05:20:34.117+0000][8924][safepoint    ] Safepoint "Cleanup", Time since last: 1000080695 ns, Reaching safepoint: 76986 ns, At safepoint: 2782 ns, Total: 79768 ns
[2020-05-16T05:20:35.117+0000][8924][safepoint    ] Safepoint "Cleanup", Time since last: 1000573681 ns, Reaching safepoint: 115478 ns, At safepoint: 5102 ns, Total: 120580 ns
[2020-05-16T05:20:36.118+0000][8924][safepoint    ] Safepoint "Cleanup", Time since last: 1000190145 ns, Reaching safepoint: 103884 ns, At safepoint: 4637 ns, Total: 108521 ns
[2020-05-16T05:20:37.119+0000][8924][safepoint    ] Safepoint "Cleanup", Time since last: 1000816232 ns, Reaching safepoint: 110840 ns, At safepoint: 4638 ns, Total: 115478 ns
[2020-05-16T05:20:38.119+0000][8924][safepoint    ] Safepoint "Cleanup", Time since last: 1000497623 ns, Reaching safepoint: 103420 ns, At safepoint: 4638 ns, Total: 108058 ns
[2020-05-16T05:20:39.120+0000][8924][safepoint    ] Safepoint "Cleanup", Time since last: 1000798145 ns, Reaching safepoint: 124289 ns, At safepoint: 8348 ns, Total: 132637 ns
[2020-05-16T05:20:41.120+0000][8924][safepoint    ] Safepoint "Cleanup", Time since last: 2000057971 ns, Reaching safepoint: 115478 ns, At safepoint: 3710 ns, Total: 119188 ns
[2020-05-16T05:20:43.121+0000][8924][safepoint    ] Safepoint "Cleanup", Time since last: 2000751768 ns, Reaching safepoint: 91826 ns, At safepoint: 4174 ns, Total: 96000 ns
[2020-05-16T05:20:44.122+0000][8924][safepoint    ] Safepoint "Cleanup", Time since last: 1000277333 ns, Reaching safepoint: 107595 ns, At safepoint: 4173 ns, Total: 111768 ns
[2020-05-16T05:20:46.122+0000][8924][safepoint    ] Safepoint "Cleanup", Time since last: 2000413218 ns, Reaching safepoint: 87188 ns, At safepoint: 6493 ns, Total: 93681 ns
[2020-05-16T05:20:48.122+0000][8924][safepoint    ] Safepoint "Cleanup", Time since last: 2000148406 ns, Reaching safepoint: 113159 ns, At safepoint: 4174 ns, Total: 117333 ns
[2020-05-16T05:20:50.123+0000][8924][safepoint    ] Safepoint "Cleanup", Time since last: 2000125217 ns, Reaching safepoint: 113159 ns, At safepoint: 5566 ns, Total: 118725 ns
[2020-05-16T05:20:51.123+0000][8924][safepoint    ] Safepoint "Cleanup", Time since last: 1000674318 ns, Reaching safepoint: 102493 ns, At safepoint: 4638 ns, Total: 107131 ns
[2020-05-16T05:20:52.124+0000][8924][safepoint    ] Safepoint "Cleanup", Time since last: 1000236985 ns, Reaching safepoint: 101101 ns, At safepoint: 6029 ns, Total: 107130 ns
[2020-05-16T05:20:53.124+0000][8924][safepoint    ] Safepoint "Cleanup", Time since last: 1000323247 ns, Reaching safepoint: 94145 ns, At safepoint: 4173 ns, Total: 98318 ns
[2020-05-16T05:20:54.125+0000][8924][safepoint    ] Safepoint "Cleanup", Time since last: 1000838029 ns, Reaching safepoint: 99246 ns, At safepoint: 5566 ns, Total: 104812 ns
[2020-05-16T05:20:55.126+0000][8924][safepoint    ] Safepoint "Cleanup", Time since last: 1000901564 ns, Reaching safepoint: 113624 ns, At safepoint: 4173 ns, Total: 117797 ns
[2020-05-16T05:20:56.126+0000][8924][safepoint    ] Safepoint "Cleanup", Time since last: 1000268986 ns, Reaching safepoint: 93217 ns, At safepoint: 3710 ns, Total: 96927 ns
[2020-05-16T05:20:57.126+0000][8924][safepoint    ] Safepoint "Cleanup", Time since last: 1000017623 ns, Reaching safepoint: 112696 ns, At safepoint: 4174 ns, Total: 116870 ns
[2020-05-16T05:20:58.127+0000][8924][safepoint    ] Safepoint "Cleanup", Time since last: 1000391420 ns, Reaching safepoint: 120580 ns, At safepoint: 6029 ns, Total: 126609 ns
[2020-05-16T05:21:00.128+0000][8924][safepoint    ] Safepoint "Cleanup", Time since last: 2000659941 ns, Reaching safepoint: 84870 ns, At safepoint: 3246 ns, Total: 88116 ns
[2020-05-16T05:21:01.129+0000][8924][safepoint    ] Safepoint "Cleanup", Time since last: 1000646493 ns, Reaching safepoint: 93217 ns, At safepoint: 5565 ns, Total: 98782 ns
[2020-05-16T05:21:02.129+0000][8924][safepoint    ] Safepoint "Cleanup", Time since last: 1000640928 ns, Reaching safepoint: 109913 ns, At safepoint: 5101 ns, Total: 115014 ns
[2020-05-16T05:21:03.130+0000][8924][safepoint    ] Safepoint "Cleanup", Time since last: 1000513391 ns, Reaching safepoint: 90435 ns, At safepoint: 3710 ns, Total: 94145 ns
[2020-05-16T05:21:04.130+0000][8924][safepoint    ] Safepoint "Cleanup", Time since last: 1000502724 ns, Reaching safepoint: 111768 ns, At safepoint: 4174 ns, Total: 115942 ns
[2020-05-16T05:21:05.131+0000][8924][safepoint    ] Safepoint "Cleanup", Time since last: 1000216580 ns, Reaching safepoint: 96000 ns, At safepoint: 4174 ns, Total: 100174 ns
[2020-05-16T05:21:06.131+0000][8924][safepoint    ] Safepoint "Cleanup", Time since last: 1000376116 ns, Reaching safepoint: 143768 ns, At safepoint: 6956 ns, Total: 150724 ns
[2020-05-16T05:21:08.132+0000][8924][safepoint    ] Safepoint "Cleanup", Time since last: 2000773565 ns, Reaching safepoint: 80232 ns, At safepoint: 4638 ns, Total: 84870 ns
[2020-05-16T05:21:10.133+0000][8924][safepoint    ] Safepoint "Cleanup", Time since last: 2000632579 ns, Reaching safepoint: 85797 ns, At safepoint: 4638 ns, Total: 90435 ns
[2020-05-16T05:21:11.134+0000][8924][safepoint    ] Safepoint "Cleanup", Time since last: 1000819478 ns, Reaching safepoint: 129391 ns, At safepoint: 6493 ns, Total: 135884 ns
[2020-05-16T05:21:13.134+0000][8924][safepoint    ] Safepoint "Cleanup", Time since last: 1999968000 ns, Reaching safepoint: 117333 ns, At safepoint: 4174 ns, Total: 121507 ns
[2020-05-16T05:21:14.135+0000][8924][safepoint    ] Safepoint "Cleanup", Time since last: 1000844521 ns, Reaching safepoint: 94609 ns, At safepoint: 4637 ns, Total: 99246 ns
[2020-05-16T05:21:15.135+0000][8924][safepoint    ] Safepoint "Cleanup", Time since last: 1000106667 ns, Reaching safepoint: 123362 ns, At safepoint: 4174 ns, Total: 127536 ns
[2020-05-16T05:21:17.136+0000][8924][safepoint    ] Safepoint "Cleanup", Time since last: 2000780522 ns, Reaching safepoint: 115942 ns, At safepoint: 3710 ns, Total: 119652 ns
[2020-05-16T05:21:18.137+0000][8924][safepoint    ] Safepoint "Cleanup", Time since last: 1000425275 ns, Reaching safepoint: 82551 ns, At safepoint: 4637 ns, Total: 87188 ns
[2020-05-16T05:21:19.137+0000][8924][safepoint    ] Safepoint "Cleanup", Time since last: 1000087189 ns, Reaching safepoint: 108985 ns, At safepoint: 7420 ns, Total: 116405 ns
[2020-05-16T05:21:21.137+0000][8924][safepoint    ] Safepoint "Cleanup", Time since last: 2000229566 ns, Reaching safepoint: 65855 ns, At safepoint: 4173 ns, Total: 70028 ns
[2020-05-16T05:21:22.138+0000][8924][safepoint    ] Safepoint "Cleanup", Time since last: 1000477681 ns, Reaching safepoint: 99247 ns, At safepoint: 3710 ns, Total: 102957 ns
[2020-05-16T05:21:24.138+0000][8924][safepoint    ] Safepoint "Cleanup", Time since last: 2000345043 ns, Reaching safepoint: 117333 ns, At safepoint: 5566 ns, Total: 122899 ns
[2020-05-16T05:21:26.139+0000][8924][safepoint    ] Safepoint "Cleanup", Time since last: 2000412753 ns, Reaching safepoint: 102029 ns, At safepoint: 3710 ns, Total: 105739 ns
[2020-05-16T05:21:27.140+0000][8924][safepoint    ] Safepoint "Cleanup", Time since last: 1000704464 ns, Reaching safepoint: 106203 ns, At safepoint: 4173 ns, Total: 110376 ns
[2020-05-16T05:21:29.140+0000][8924][safepoint    ] Safepoint "Cleanup", Time since last: 2000015305 ns, Reaching safepoint: 102492 ns, At safepoint: 5102 ns, Total: 107594 ns
[2020-05-16T05:21:31.140+0000][8924][safepoint    ] Safepoint "Cleanup", Time since last: 2000225391 ns, Reaching safepoint: 55188 ns, At safepoint: 1856 ns, Total: 57044 ns
[2020-05-16T05:21:32.140+0000][8924][safepoint    ] Safepoint "Cleanup", Time since last: 1000060289 ns, Reaching safepoint: 92754 ns, At safepoint: 4174 ns, Total: 96928 ns
[2020-05-16T05:21:33.141+0000][8924][safepoint    ] Safepoint "Cleanup", Time since last: 1000562087 ns, Reaching safepoint: 113623 ns, At safepoint: 4174 ns, Total: 117797 ns
[2020-05-16T05:21:35.141+0000][8924][safepoint    ] Safepoint "Cleanup", Time since last: 2000194318 ns, Reaching safepoint: 111305 ns, At safepoint: 4637 ns, Total: 115942 ns
[2020-05-16T05:21:36.142+0000][8924][safepoint    ] Safepoint "Cleanup", Time since last: 1000682203 ns, Reaching safepoint: 102029 ns, At safepoint: 3710 ns, Total: 105739 ns
[2020-05-16T05:21:37.143+0000][8924][safepoint    ] Safepoint "Cleanup", Time since last: 1000659942 ns, Reaching safepoint: 113623 ns, At safepoint: 4638 ns, Total: 118261 ns
[2020-05-16T05:21:38.143+0000][8924][safepoint    ] Safepoint "Cleanup", Time since last: 1000273623 ns, Reaching safepoint: 120115 ns, At safepoint: 4638 ns, Total: 124753 ns
[2020-05-16T05:21:39.144+0000][8924][safepoint    ] Safepoint "Cleanup", Time since last: 1000640464 ns, Reaching safepoint: 114087 ns, At safepoint: 4637 ns, Total: 118724 ns
[2020-05-16T05:21:40.144+0000][8924][safepoint    ] Safepoint "Cleanup", Time since last: 1000374261 ns, Reaching safepoint: 105739 ns, At safepoint: 4174 ns, Total: 109913 ns
[2020-05-16T05:21:41.985+0000][8924][safepoint    ] Safepoint "Cleanup", Time since last: 1841033349 ns, Reaching safepoint: 107594 ns, At safepoint: 6957 ns, Total: 114551 ns
[2020-05-16T05:21:42.986+0000][8924][safepoint    ] Safepoint "Cleanup", Time since last: 1000678492 ns, Reaching safepoint: 125217 ns, At safepoint: 4174 ns, Total: 129391 ns
[2020-05-16T05:21:44.986+0000][8924][safepoint    ] Safepoint "Cleanup", Time since last: 2000068174 ns, Reaching safepoint: 100638 ns, At safepoint: 4638 ns, Total: 105276 ns
[2020-05-16T05:21:46.987+0000][8924][safepoint    ] Safepoint "Cleanup", Time since last: 2000583883 ns, Reaching safepoint: 107131 ns, At safepoint: 6029 ns, Total: 113160 ns
[2020-05-16T05:21:47.987+0000][8924][safepoint    ] Safepoint "Cleanup", Time since last: 1000044985 ns, Reaching safepoint: 95536 ns, At safepoint: 4174 ns, Total: 99710 ns
[2020-05-16T05:21:48.988+0000][8924][safepoint    ] Safepoint "Cleanup", Time since last: 1000662261 ns, Reaching safepoint: 100637 ns, At safepoint: 3711 ns, Total: 104348 ns
[2020-05-16T05:21:49.989+0000][8924][safepoint    ] Safepoint "Cleanup", Time since last: 1000790724 ns, Reaching safepoint: 100174 ns, At safepoint: 4174 ns, Total: 104348 ns
[2020-05-16T05:21:50.989+0000][8924][safepoint    ] Safepoint "Cleanup", Time since last: 1000336231 ns, Reaching safepoint: 106203 ns, At safepoint: 4174 ns, Total: 110377 ns
[2020-05-16T05:21:51.989+0000][8924][safepoint    ] Safepoint "Cleanup", Time since last: 1000019015 ns, Reaching safepoint: 119188 ns, At safepoint: 4638 ns, Total: 123826 ns
[2020-05-16T05:21:52.990+0000][8924][safepoint    ] Safepoint "Cleanup", Time since last: 1000125681 ns, Reaching safepoint: 114550 ns, At safepoint: 5102 ns, Total: 119652 ns
[2020-05-16T05:21:53.990+0000][8924][safepoint    ] Safepoint "Cleanup", Time since last: 1000058435 ns, Reaching safepoint: 97391 ns, At safepoint: 6956 ns, Total: 104347 ns
[2020-05-16T05:21:54.990+0000][8924][safepoint    ] Safepoint "Cleanup", Time since last: 1000242087 ns, Reaching safepoint: 95073 ns, At safepoint: 6956 ns, Total: 102029 ns
[2020-05-16T05:21:56.990+0000][8924][safepoint    ] Safepoint "Cleanup", Time since last: 2000029218 ns, Reaching safepoint: 110840 ns, At safepoint: 4174 ns, Total: 115014 ns
[2020-05-16T05:21:58.991+0000][8924][safepoint    ] Safepoint "Cleanup", Time since last: 2000497159 ns, Reaching safepoint: 91826 ns, At safepoint: 3247 ns, Total: 95073 ns
[2020-05-16T05:21:59.991+0000][8924][safepoint    ] Safepoint "Cleanup", Time since last: 1000195710 ns, Reaching safepoint: 113623 ns, At safepoint: 4174 ns, Total: 117797 ns
[2020-05-16T05:22:00.992+0000][8924][safepoint    ] Safepoint "Cleanup", Time since last: 1000803710 ns, Reaching safepoint: 107130 ns, At safepoint: 4638 ns, Total: 111768 ns
[2020-05-16T05:22:02.992+0000][8924][safepoint    ] Safepoint "Cleanup", Time since last: 2000100637 ns, Reaching safepoint: 112696 ns, At safepoint: 4174 ns, Total: 116870 ns
[2020-05-16T05:22:04.993+0000][8924][safepoint    ] Safepoint "Cleanup", Time since last: 2000384000 ns, Reaching safepoint: 94608 ns, At safepoint: 4174 ns, Total: 98782 ns
[2020-05-16T05:22:05.994+0000][8924][safepoint    ] Safepoint "Cleanup", Time since last: 1000893681 ns, Reaching safepoint: 121971 ns, At safepoint: 5101 ns, Total: 127072 ns
[2020-05-16T05:22:07.994+0000][8924][safepoint    ] Safepoint "Cleanup", Time since last: 1999999536 ns, Reaching safepoint: 100638 ns, At safepoint: 3247 ns, Total: 103885 ns
[2020-05-16T05:22:09.209+0000][8924][safepoint    ] Safepoint "Cleanup", Time since last: 1214475494 ns, Reaching safepoint: 105739 ns, At safepoint: 4174 ns, Total: 109913 ns
[2020-05-16T05:22:11.209+0000][8924][safepoint    ] Safepoint "Cleanup", Time since last: 2000047768 ns, Reaching safepoint: 116870 ns, At safepoint: 5565 ns, Total: 122435 ns
[2020-05-16T05:22:12.209+0000][8924][safepoint    ] Safepoint "Cleanup", Time since last: 1000519884 ns, Reaching safepoint: 112695 ns, At safepoint: 4174 ns, Total: 116869 ns
[2020-05-16T05:22:13.210+0000][8924][safepoint    ] Safepoint "Cleanup", Time since last: 1000717449 ns, Reaching safepoint: 100638 ns, At safepoint: 7884 ns, Total: 108522 ns
[2020-05-16T05:22:15.211+0000][8924][safepoint    ] Safepoint "Cleanup", Time since last: 2000575536 ns, Reaching safepoint: 92290 ns, At safepoint: 3710 ns, Total: 96000 ns
[2020-05-16T05:22:16.211+0000][8924][safepoint    ] Safepoint "Cleanup", Time since last: 1000344116 ns, Reaching safepoint: 117797 ns, At safepoint: 4174 ns, Total: 121971 ns
[2020-05-16T05:22:18.212+0000][8924][safepoint    ] Safepoint "Cleanup", Time since last: 2000510608 ns, Reaching safepoint: 105739 ns, At safepoint: 6493 ns, Total: 112232 ns
[2020-05-16T05:22:20.213+0000][8924][safepoint    ] Safepoint "Cleanup", Time since last: 2000914550 ns, Reaching safepoint: 83942 ns, At safepoint: 4174 ns, Total: 88116 ns
[2020-05-16T05:22:21.214+0000][8924][safepoint    ] Safepoint "Cleanup", Time since last: 1000730435 ns, Reaching safepoint: 107130 ns, At safepoint: 4174 ns, Total: 111304 ns
[2020-05-16T05:22:22.214+0000][8924][safepoint    ] Safepoint "Cleanup", Time since last: 1000242551 ns, Reaching safepoint: 91362 ns, At safepoint: 3710 ns, Total: 95072 ns
[2020-05-16T05:22:23.214+0000][8924][safepoint    ] Safepoint "Cleanup", Time since last: 1000146087 ns, Reaching safepoint: 85797 ns, At safepoint: 4174 ns, Total: 89971 ns
[2020-05-16T05:22:24.215+0000][8924][safepoint    ] Safepoint "Cleanup", Time since last: 1000711420 ns, Reaching safepoint: 102956 ns, At safepoint: 4638 ns, Total: 107594 ns
[2020-05-16T05:22:25.215+0000][8924][safepoint    ] Safepoint "Cleanup", Time since last: 1000032000 ns, Reaching safepoint: 112695 ns, At safepoint: 4174 ns, Total: 116869 ns
[2020-05-16T05:22:27.216+0000][8924][safepoint    ] Safepoint "Cleanup", Time since last: 2000034783 ns, Reaching safepoint: 108058 ns, At safepoint: 3710 ns, Total: 111768 ns
[2020-05-16T05:22:28.216+0000][8924][safepoint    ] Safepoint "Cleanup", Time since last: 1000034319 ns, Reaching safepoint: 110840 ns, At safepoint: 4174 ns, Total: 115014 ns
[2020-05-16T05:22:29.216+0000][8924][safepoint    ] Safepoint "Cleanup", Time since last: 1000188290 ns, Reaching safepoint: 106667 ns, At safepoint: 4637 ns, Total: 111304 ns
[2020-05-16T05:22:30.217+0000][8924][safepoint    ] Safepoint "Cleanup", Time since last: 1000867710 ns, Reaching safepoint: 84406 ns, At safepoint: 4638 ns, Total: 89044 ns
[2020-05-16T05:22:31.218+0000][8924][safepoint    ] Safepoint "Cleanup", Time since last: 1000582492 ns, Reaching safepoint: 113623 ns, At safepoint: 5102 ns, Total: 118725 ns
[2020-05-16T05:22:32.219+0000][8924][safepoint    ] Safepoint "Cleanup", Time since last: 1000860753 ns, Reaching safepoint: 106666 ns, At safepoint: 4174 ns, Total: 110840 ns
[2020-05-16T05:22:34.219+0000][8924][safepoint    ] Safepoint "Cleanup", Time since last: 2000730435 ns, Reaching safepoint: 119188 ns, At safepoint: 9276 ns, Total: 128464 ns
[2020-05-16T05:22:35.220+0000][8924][safepoint    ] Safepoint "Cleanup", Time since last: 1000207768 ns, Reaching safepoint: 70492 ns, At safepoint: 2319 ns, Total: 72811 ns
[2020-05-16T05:22:36.221+0000][8924][safepoint    ] Safepoint "Cleanup", Time since last: 1000707710 ns, Reaching safepoint: 110840 ns, At safepoint: 4638 ns, Total: 115478 ns
[2020-05-16T05:22:37.221+0000][8924][safepoint    ] Safepoint "Cleanup", Time since last: 1000049623 ns, Reaching safepoint: 97855 ns, At safepoint: 3710 ns, Total: 101565 ns
[2020-05-16T05:22:38.221+0000][8924][safepoint    ] Safepoint "Cleanup", Time since last: 1000173450 ns, Reaching safepoint: 226782 ns, At safepoint: 6493 ns, Total: 233275 ns
[2020-05-16T05:22:39.221+0000][8924][safepoint    ] Safepoint "Cleanup", Time since last: 1000051014 ns, Reaching safepoint: 217508 ns, At safepoint: 6956 ns, Total: 224464 ns
[2020-05-16T05:22:40.222+0000][8924][safepoint    ] Safepoint "Cleanup", Time since last: 1000628869 ns, Reaching safepoint: 85334 ns, At safepoint: 4637 ns, Total: 89971 ns
[2020-05-16T05:22:42.223+0000][8924][safepoint    ] Safepoint "Cleanup", Time since last: 2000356638 ns, Reaching safepoint: 108522 ns, At safepoint: 5101 ns, Total: 113623 ns
[2020-05-16T05:22:43.223+0000][8924][safepoint    ] Safepoint "Cleanup", Time since last: 1000538434 ns, Reaching safepoint: 103885 ns, At safepoint: 16231 ns, Total: 120116 ns
[2020-05-16T05:22:44.224+0000][8924][safepoint    ] Safepoint "Cleanup", Time since last: 1000580638 ns, Reaching safepoint: 102956 ns, At safepoint: 6029 ns, Total: 108985 ns
[2020-05-16T05:22:45.224+0000][8924][safepoint    ] Safepoint "Cleanup", Time since last: 1000119189 ns, Reaching safepoint: 118260 ns, At safepoint: 6029 ns, Total: 124289 ns
[2020-05-16T05:22:46.224+0000][8924][safepoint    ] Safepoint "Cleanup", Time since last: 1000185508 ns, Reaching safepoint: 114550 ns, At safepoint: 4174 ns, Total: 118724 ns
[2020-05-16T05:22:47.225+0000][8924][safepoint    ] Safepoint "Cleanup", Time since last: 1000382609 ns, Reaching safepoint: 114087 ns, At safepoint: 5101 ns, Total: 119188 ns
[2020-05-16T05:22:48.226+0000][8924][safepoint    ] Safepoint "Cleanup", Time since last: 1000651130 ns, Reaching safepoint: 96000 ns, At safepoint: 2783 ns, Total: 98783 ns
[2020-05-16T05:22:49.226+0000][8924][safepoint    ] Safepoint "Cleanup", Time since last: 1000447999 ns, Reaching safepoint: 87653 ns, At safepoint: 4174 ns, Total: 91827 ns
[2020-05-16T05:22:50.227+0000][8924][safepoint    ] Safepoint "Cleanup", Time since last: 1000678492 ns, Reaching safepoint: 84406 ns, At safepoint: 4174 ns, Total: 88580 ns
[2020-05-16T05:22:51.228+0000][8924][safepoint    ] Safepoint "Cleanup", Time since last: 1000670144 ns, Reaching safepoint: 93681 ns, At safepoint: 4174 ns, Total: 97855 ns
[2020-05-16T05:22:52.228+0000][8924][safepoint    ] Safepoint "Cleanup", Time since last: 1000291710 ns, Reaching safepoint: 128464 ns, At safepoint: 7420 ns, Total: 135884 ns
[2020-05-16T05:22:53.229+0000][8924][safepoint    ] Safepoint "Cleanup", Time since last: 1000274087 ns, Reaching safepoint: 116870 ns, At safepoint: 4174 ns, Total: 121044 ns
[2020-05-16T05:22:54.229+0000][8924][safepoint    ] Safepoint "Cleanup", Time since last: 1000256463 ns, Reaching safepoint: 108058 ns, At safepoint: 3710 ns, Total: 111768 ns
[2020-05-16T05:22:55.229+0000][8924][safepoint    ] Safepoint "Cleanup", Time since last: 1000380290 ns, Reaching safepoint: 112232 ns, At safepoint: 7884 ns, Total: 120116 ns
[2020-05-16T05:22:57.230+0000][8924][safepoint    ] Safepoint "Cleanup", Time since last: 2000498087 ns, Reaching safepoint: 71884 ns, At safepoint: 4173 ns, Total: 76057 ns
[2020-05-16T05:22:58.231+0000][8924][safepoint    ] Safepoint "Cleanup", Time since last: 1000472580 ns, Reaching safepoint: 84406 ns, At safepoint: 5565 ns, Total: 89971 ns
[2020-05-16T05:22:59.231+0000][8924][safepoint    ] Safepoint "Cleanup", Time since last: 1000329275 ns, Reaching safepoint: 56116 ns, At safepoint: 2319 ns, Total: 58435 ns
[2020-05-16T05:23:00.232+0000][8924][safepoint    ] Safepoint "Cleanup", Time since last: 1000620058 ns, Reaching safepoint: 83014 ns, At safepoint: 3246 ns, Total: 86260 ns
[2020-05-16T05:23:01.241+0000][8924][safepoint    ] Safepoint "Cleanup", Time since last: 1009342605 ns, Reaching safepoint: 114550 ns, At safepoint: 4174 ns, Total: 118724 ns
[2020-05-16T05:23:02.241+0000][8924][safepoint    ] Safepoint "Cleanup", Time since last: 1000045450 ns, Reaching safepoint: 79304 ns, At safepoint: 4174 ns, Total: 83478 ns
[2020-05-16T05:23:03.242+0000][8924][safepoint    ] Safepoint "Cleanup", Time since last: 1000853797 ns, Reaching safepoint: 95536 ns, At safepoint: 3710 ns, Total: 99246 ns
[2020-05-16T05:23:04.242+0000][8924][safepoint    ] Safepoint "Cleanup", Time since last: 1000012058 ns, Reaching safepoint: 100637 ns, At safepoint: 3711 ns, Total: 104348 ns
[2020-05-16T05:23:05.255+0000][8924][safepoint    ] Safepoint "Cleanup", Time since last: 1012678023 ns, Reaching safepoint: 93217 ns, At safepoint: 4174 ns, Total: 97391 ns
[2020-05-16T05:23:06.256+0000][8924][safepoint    ] Safepoint "Cleanup", Time since last: 1000243942 ns, Reaching safepoint: 96927 ns, At safepoint: 5102 ns, Total: 102029 ns
[2020-05-16T05:23:07.256+0000][8924][safepoint    ] Safepoint "Cleanup", Time since last: 1000827826 ns, Reaching safepoint: 89971 ns, At safepoint: 6492 ns, Total: 96463 ns
[2020-05-16T05:23:08.257+0000][8924][safepoint    ] Safepoint "Cleanup", Time since last: 1000063536 ns, Reaching safepoint: 95073 ns, At safepoint: 4174 ns, Total: 99247 ns
[2020-05-16T05:23:09.257+0000][8924][safepoint    ] Safepoint "Cleanup", Time since last: 1000524985 ns, Reaching safepoint: 55652 ns, At safepoint: 3247 ns, Total: 58899 ns
[2020-05-16T05:23:10.257+0000][8924][safepoint    ] Safepoint "Cleanup", Time since last: 1000105275 ns, Reaching safepoint: 60754 ns, At safepoint: 1855 ns, Total: 62609 ns
[2020-05-16T05:23:11.258+0000][8924][safepoint    ] Safepoint "Cleanup", Time since last: 1000832463 ns, Reaching safepoint: 121043 ns, At safepoint: 4638 ns, Total: 125681 ns
[2020-05-16T05:23:12.259+0000][8924][safepoint    ] Safepoint "Cleanup", Time since last: 1000268058 ns, Reaching safepoint: 98782 ns, At safepoint: 6029 ns, Total: 104811 ns
[2020-05-16T05:23:13.259+0000][8924][safepoint    ] Safepoint "Cleanup", Time since last: 1000705855 ns, Reaching safepoint: 78377 ns, At safepoint: 3246 ns, Total: 81623 ns
[2020-05-16T05:23:14.260+0000][8924][safepoint    ] Safepoint "Cleanup", Time since last: 1000816232 ns, Reaching safepoint: 123362 ns, At safepoint: 6957 ns, Total: 130319 ns
[2020-05-16T05:23:16.261+0000][8924][safepoint    ] Safepoint "Cleanup", Time since last: 2000549565 ns, Reaching safepoint: 97855 ns, At safepoint: 5101 ns, Total: 102956 ns
[2020-05-16T05:23:17.262+0000][8924][safepoint    ] Safepoint "Cleanup", Time since last: 1000395594 ns, Reaching safepoint: 93681 ns, At safepoint: 3710 ns, Total: 97391 ns
[2020-05-16T05:23:18.262+0000][8924][safepoint    ] Safepoint "Cleanup", Time since last: 1000511073 ns, Reaching safepoint: 87652 ns, At safepoint: 4637 ns, Total: 92289 ns
[2020-05-16T05:23:20.263+0000][8924][safepoint    ] Safepoint "Cleanup", Time since last: 2000348754 ns, Reaching safepoint: 107594 ns, At safepoint: 4174 ns, Total: 111768 ns
[2020-05-16T05:23:21.263+0000][8924][safepoint    ] Safepoint "Cleanup", Time since last: 1000313507 ns, Reaching safepoint: 106667 ns, At safepoint: 4174 ns, Total: 110841 ns
[2020-05-16T05:23:22.264+0000][8924][safepoint    ] Safepoint "Cleanup", Time since last: 1000651593 ns, Reaching safepoint: 81160 ns, At safepoint: 6029 ns, Total: 87189 ns
[2020-05-16T05:23:23.264+0000][8924][safepoint    ] Safepoint "Cleanup", Time since last: 1000061217 ns, Reaching safepoint: 115478 ns, At safepoint: 4638 ns, Total: 120116 ns
[2020-05-16T05:23:24.265+0000][8924][safepoint    ] Safepoint "Cleanup", Time since last: 1000427594 ns, Reaching safepoint: 73739 ns, At safepoint: 3710 ns, Total: 77449 ns
[2020-05-16T05:23:25.265+0000][8924][safepoint    ] Safepoint "Cleanup", Time since last: 1000038493 ns, Reaching safepoint: 88580 ns, At safepoint: 2319 ns, Total: 90899 ns
[2020-05-16T05:23:26.265+0000][8924][safepoint    ] Safepoint "Cleanup", Time since last: 1000462840 ns, Reaching safepoint: 90435 ns, At safepoint: 4174 ns, Total: 94609 ns
[2020-05-16T05:23:27.266+0000][8924][safepoint    ] Safepoint "Cleanup", Time since last: 1000675246 ns, Reaching safepoint: 114550 ns, At safepoint: 4174 ns, Total: 118724 ns
[2020-05-16T05:23:28.267+0000][8924][safepoint    ] Safepoint "Cleanup", Time since last: 1000608000 ns, Reaching safepoint: 95536 ns, At safepoint: 7420 ns, Total: 102956 ns
[2020-05-16T05:23:29.267+0000][8924][safepoint    ] Safepoint "Cleanup", Time since last: 1000503652 ns, Reaching safepoint: 95073 ns, At safepoint: 4174 ns, Total: 99247 ns
[2020-05-16T05:23:30.268+0000][8924][safepoint    ] Safepoint "Cleanup", Time since last: 1000296347 ns, Reaching safepoint: 98783 ns, At safepoint: 5101 ns, Total: 103884 ns
[2020-05-16T05:23:32.268+0000][8924][safepoint    ] Safepoint "Cleanup", Time since last: 1999996290 ns, Reaching safepoint: 117334 ns, At safepoint: 5565 ns, Total: 122899 ns
[2020-05-16T05:23:33.269+0000][8924][safepoint    ] Safepoint "Cleanup", Time since last: 1000599188 ns, Reaching safepoint: 65855 ns, At safepoint: 3246 ns, Total: 69101 ns
[2020-05-16T05:23:34.269+0000][8924][safepoint    ] Safepoint "Cleanup", Time since last: 1000283362 ns, Reaching safepoint: 86725 ns, At safepoint: 3710 ns, Total: 90435 ns
[2020-05-16T05:23:35.277+0000][8924][safepoint    ] Safepoint "Cleanup", Time since last: 1008210083 ns, Reaching safepoint: 70493 ns, At safepoint: 2319 ns, Total: 72812 ns
[2020-05-16T05:23:37.278+0000][8924][safepoint    ] Safepoint "Cleanup", Time since last: 2000870956 ns, Reaching safepoint: 93217 ns, At safepoint: 3711 ns, Total: 96928 ns
[2020-05-16T05:23:38.279+0000][8924][safepoint    ] Safepoint "Cleanup", Time since last: 1000533796 ns, Reaching safepoint: 80232 ns, At safepoint: 2783 ns, Total: 83015 ns
[2020-05-16T05:23:39.279+0000][8924][safepoint    ] Safepoint "Cleanup", Time since last: 1000560231 ns, Reaching safepoint: 69102 ns, At safepoint: 3246 ns, Total: 72348 ns
[2020-05-16T05:23:40.280+0000][8924][safepoint    ] Safepoint "Cleanup", Time since last: 1000104348 ns, Reaching safepoint: 76058 ns, At safepoint: 5101 ns, Total: 81159 ns
[2020-05-16T05:23:42.280+0000][8924][safepoint    ] Safepoint "Cleanup", Time since last: 2000516174 ns, Reaching safepoint: 66319 ns, At safepoint: 3246 ns, Total: 69565 ns
[2020-05-16T05:23:43.280+0000][8924][safepoint    ] Safepoint "Cleanup", Time since last: 1000170203 ns, Reaching safepoint: 85797 ns, At safepoint: 2783 ns, Total: 88580 ns
[2020-05-16T05:23:44.281+0000][8924][safepoint    ] Safepoint "Cleanup", Time since last: 1000563942 ns, Reaching safepoint: 84405 ns, At safepoint: 3247 ns, Total: 87652 ns
[2020-05-16T05:23:46.282+0000][8924][safepoint    ] Safepoint "Cleanup", Time since last: 2000684985 ns, Reaching safepoint: 83014 ns, At safepoint: 2783 ns, Total: 85797 ns
[2020-05-16T05:23:47.282+0000][8924][safepoint    ] Safepoint "Cleanup", Time since last: 1000420174 ns, Reaching safepoint: 70956 ns, At safepoint: 1855 ns, Total: 72811 ns
[2020-05-16T05:23:48.282+0000][8924][safepoint    ] Safepoint "Cleanup", Time since last: 1000069565 ns, Reaching safepoint: 90435 ns, At safepoint: 4174 ns, Total: 94609 ns
[2020-05-16T05:23:49.283+0000][8924][safepoint    ] Safepoint "Cleanup", Time since last: 1000522666 ns, Reaching safepoint: 77913 ns, At safepoint: 2783 ns, Total: 80696 ns
[2020-05-16T05:23:51.284+0000][8924][safepoint    ] Safepoint "Cleanup", Time since last: 2000750377 ns, Reaching safepoint: 93681 ns, At safepoint: 3246 ns, Total: 96927 ns
[2020-05-16T05:23:52.285+0000][8924][safepoint    ] Safepoint "Cleanup", Time since last: 1000874666 ns, Reaching safepoint: 65855 ns, At safepoint: 2783 ns, Total: 68638 ns
[2020-05-16T05:23:53.286+0000][8924][safepoint    ] Safepoint "Cleanup", Time since last: 1000912231 ns, Reaching safepoint: 83479 ns, At safepoint: 2782 ns, Total: 86261 ns
[2020-05-16T05:23:54.287+0000][8924][safepoint    ] Safepoint "Cleanup", Time since last: 1000741101 ns, Reaching safepoint: 85797 ns, At safepoint: 5566 ns, Total: 91363 ns
[2020-05-16T05:23:55.287+0000][8924][safepoint    ] Safepoint "Cleanup", Time since last: 1000319536 ns, Reaching safepoint: 92289 ns, At safepoint: 4174 ns, Total: 96463 ns
[2020-05-16T05:23:56.287+0000][8924][safepoint    ] Safepoint "Cleanup", Time since last: 1000128928 ns, Reaching safepoint: 172522 ns, At safepoint: 7420 ns, Total: 179942 ns
[2020-05-16T05:23:58.288+0000][8924][safepoint    ] Safepoint "Cleanup", Time since last: 2000852405 ns, Reaching safepoint: 211942 ns, At safepoint: 4638 ns, Total: 216580 ns
[2020-05-16T05:23:59.289+0000][8924][safepoint    ] Safepoint "Cleanup", Time since last: 1000712811 ns, Reaching safepoint: 72812 ns, At safepoint: 2782 ns, Total: 75594 ns
[2020-05-16T05:24:00.289+0000][8924][safepoint    ] Safepoint "Cleanup", Time since last: 1000129392 ns, Reaching safepoint: 73739 ns, At safepoint: 5101 ns, Total: 78840 ns
[2020-05-16T05:24:02.290+0000][8924][safepoint    ] Safepoint "Cleanup", Time since last: 2000005565 ns, Reaching safepoint: 101102 ns, At safepoint: 2782 ns, Total: 103884 ns
[2020-05-16T05:24:04.290+0000][8924][safepoint    ] Safepoint "Cleanup", Time since last: 2000018087 ns, Reaching safepoint: 88580 ns, At safepoint: 2783 ns, Total: 91363 ns
[2020-05-16T05:24:05.291+0000][8924][safepoint    ] Safepoint "Cleanup", Time since last: 1000829680 ns, Reaching safepoint: 86261 ns, At safepoint: 4174 ns, Total: 90435 ns
[2020-05-16T05:24:06.291+0000][8924][safepoint    ] Safepoint "Cleanup", Time since last: 1000011130 ns, Reaching safepoint: 89508 ns, At safepoint: 4174 ns, Total: 93682 ns
[2020-05-16T05:24:07.291+0000][8924][safepoint    ] Safepoint "Cleanup", Time since last: 1000063536 ns, Reaching safepoint: 79768 ns, At safepoint: 2782 ns, Total: 82550 ns
[2020-05-16T05:24:08.292+0000][8924][safepoint    ] Safepoint "Cleanup", Time since last: 1000619594 ns, Reaching safepoint: 100174 ns, At safepoint: 5565 ns, Total: 105739 ns
[2020-05-16T05:24:09.292+0000][8924][safepoint    ] Safepoint "Cleanup", Time since last: 1000273624 ns, Reaching safepoint: 81159 ns, At safepoint: 2783 ns, Total: 83942 ns
[2020-05-16T05:24:10.293+0000][8924][safepoint    ] Safepoint "Cleanup", Time since last: 1000667362 ns, Reaching safepoint: 63536 ns, At safepoint: 3246 ns, Total: 66782 ns
[2020-05-16T05:24:11.293+0000][8924][safepoint    ] Safepoint "Cleanup", Time since last: 1000109913 ns, Reaching safepoint: 186899 ns, At safepoint: 20405 ns, Total: 207304 ns
[2020-05-16T05:24:12.294+0000][8924][safepoint    ] Safepoint "Cleanup", Time since last: 1000543073 ns, Reaching safepoint: 105275 ns, At safepoint: 6493 ns, Total: 111768 ns
[2020-05-16T05:24:13.294+0000][8924][safepoint    ] Safepoint "Cleanup", Time since last: 1000527767 ns, Reaching safepoint: 108522 ns, At safepoint: 5102 ns, Total: 113624 ns
[2020-05-16T05:24:14.295+0000][8924][safepoint    ] Safepoint "Cleanup", Time since last: 1000110840 ns, Reaching safepoint: 98783 ns, At safepoint: 6956 ns, Total: 105739 ns
[2020-05-16T05:24:16.295+0000][8924][safepoint    ] Safepoint "Cleanup", Time since last: 2000208696 ns, Reaching safepoint: 94608 ns, At safepoint: 4638 ns, Total: 99246 ns
[2020-05-16T05:24:17.295+0000][8924][safepoint    ] Safepoint "Cleanup", Time since last: 1000047304 ns, Reaching safepoint: 107131 ns, At safepoint: 3710 ns, Total: 110841 ns
[2020-05-16T05:24:19.296+0000][8924][safepoint    ] Safepoint "Cleanup", Time since last: 2000838492 ns, Reaching safepoint: 185971 ns, At safepoint: 6029 ns, Total: 192000 ns
[2020-05-16T05:24:20.297+0000][8924][safepoint    ] Safepoint "Cleanup", Time since last: 1000514783 ns, Reaching safepoint: 74202 ns, At safepoint: 2783 ns, Total: 76985 ns
[2020-05-16T05:24:22.298+0000][8924][safepoint    ] Safepoint "Cleanup", Time since last: 2001028174 ns, Reaching safepoint: 79304 ns, At safepoint: 4174 ns, Total: 83478 ns
[2020-05-16T05:24:23.298+0000][8924][safepoint    ] Safepoint "Cleanup", Time since last: 1000040811 ns, Reaching safepoint: 88580 ns, At safepoint: 1855 ns, Total: 90435 ns
[2020-05-16T05:24:24.298+0000][8924][safepoint    ] Safepoint "Cleanup", Time since last: 1000511536 ns, Reaching safepoint: 93217 ns, At safepoint: 6029 ns, Total: 99246 ns
[2020-05-16T05:24:25.299+0000][8924][safepoint    ] Safepoint "Cleanup", Time since last: 1000414609 ns, Reaching safepoint: 102956 ns, At safepoint: 4638 ns, Total: 107594 ns
[2020-05-16T05:24:26.300+0000][8924][safepoint    ] Safepoint "Cleanup", Time since last: 1000523594 ns, Reaching safepoint: 107130 ns, At safepoint: 3711 ns, Total: 110841 ns
[2020-05-16T05:24:27.300+0000][8924][safepoint    ] Safepoint "Cleanup", Time since last: 1000310724 ns, Reaching safepoint: 51478 ns, At safepoint: 2783 ns, Total: 54261 ns
[2020-05-16T05:24:28.301+0000][8924][safepoint    ] Safepoint "Cleanup", Time since last: 1000446145 ns, Reaching safepoint: 85333 ns, At safepoint: 3710 ns, Total: 89043 ns
[2020-05-16T05:24:29.301+0000][8924][safepoint    ] Safepoint "Cleanup", Time since last: 1000150261 ns, Reaching safepoint: 134029 ns, At safepoint: 4637 ns, Total: 138666 ns
[2020-05-16T05:24:30.301+0000][8924][safepoint    ] Safepoint "Cleanup", Time since last: 1000376116 ns, Reaching safepoint: 100638 ns, At safepoint: 3710 ns, Total: 104348 ns
[2020-05-16T05:24:31.301+0000][8924][safepoint    ] Safepoint "Cleanup", Time since last: 1000005565 ns, Reaching safepoint: 85797 ns, At safepoint: 4174 ns, Total: 89971 ns
[2020-05-16T05:24:32.302+0000][8924][safepoint    ] Safepoint "Cleanup", Time since last: 1000274087 ns, Reaching safepoint: 138667 ns, At safepoint: 4637 ns, Total: 143304 ns
[2020-05-16T05:24:33.302+0000][8924][safepoint    ] Safepoint "Cleanup", Time since last: 1000041739 ns, Reaching safepoint: 139595 ns, At safepoint: 5565 ns, Total: 145160 ns
[2020-05-16T05:24:34.303+0000][8924][safepoint    ] Safepoint "Cleanup", Time since last: 1000807883 ns, Reaching safepoint: 82087 ns, At safepoint: 3710 ns, Total: 85797 ns
[2020-05-16T05:24:35.303+0000][8924][safepoint    ] Safepoint "Cleanup", Time since last: 1000757333 ns, Reaching safepoint: 91827 ns, At safepoint: 3710 ns, Total: 95537 ns
[2020-05-16T05:24:36.304+0000][8924][safepoint    ] Safepoint "Cleanup", Time since last: 1000449391 ns, Reaching safepoint: 76058 ns, At safepoint: 2782 ns, Total: 78840 ns
[2020-05-16T05:24:37.304+0000][8924][safepoint    ] Safepoint "Cleanup", Time since last: 1000029218 ns, Reaching safepoint: 80232 ns, At safepoint: 3246 ns, Total: 83478 ns
[2020-05-16T05:24:38.305+0000][8924][safepoint    ] Safepoint "Cleanup", Time since last: 1000507362 ns, Reaching safepoint: 92290 ns, At safepoint: 2782 ns, Total: 95072 ns
[2020-05-16T05:24:39.310+0000][8924][safepoint    ] Safepoint "Cleanup", Time since last: 1005031418 ns, Reaching safepoint: 137739 ns, At safepoint: 6957 ns, Total: 144696 ns
[2020-05-16T05:24:40.311+0000][8924][safepoint    ] Safepoint "Cleanup", Time since last: 1000428058 ns, Reaching safepoint: 93681 ns, At safepoint: 6493 ns, Total: 100174 ns
[2020-05-16T05:24:41.311+0000][8924][safepoint    ] Safepoint "Cleanup", Time since last: 1000532405 ns, Reaching safepoint: 111304 ns, At safepoint: 7421 ns, Total: 118725 ns
[2020-05-16T05:24:43.311+0000][8924][safepoint    ] Safepoint "Cleanup", Time since last: 1999953623 ns, Reaching safepoint: 102029 ns, At safepoint: 4174 ns, Total: 106203 ns
[2020-05-16T05:24:44.312+0000][8924][safepoint    ] Safepoint "Cleanup", Time since last: 1000503652 ns, Reaching safepoint: 111768 ns, At safepoint: 4174 ns, Total: 115942 ns
[2020-05-16T05:24:45.313+0000][8924][safepoint    ] Safepoint "Cleanup", Time since last: 1000738318 ns, Reaching safepoint: 108058 ns, At safepoint: 4174 ns, Total: 112232 ns
[2020-05-16T05:24:46.314+0000][8924][safepoint    ] Safepoint "Cleanup", Time since last: 1000609391 ns, Reaching safepoint: 108058 ns, At safepoint: 4174 ns, Total: 112232 ns
[2020-05-16T05:24:47.314+0000][8924][safepoint    ] Safepoint "Cleanup", Time since last: 1000443826 ns, Reaching safepoint: 128927 ns, At safepoint: 6493 ns, Total: 135420 ns
[2020-05-16T05:24:48.315+0000][8924][safepoint    ] Safepoint "Cleanup", Time since last: 1000595942 ns, Reaching safepoint: 108521 ns, At safepoint: 4638 ns, Total: 113159 ns
[2020-05-16T05:24:49.315+0000][8924][safepoint    ] Safepoint "Cleanup", Time since last: 1000042667 ns, Reaching safepoint: 76521 ns, At safepoint: 1856 ns, Total: 78377 ns
[2020-05-16T05:24:50.316+0000][8924][safepoint    ] Safepoint "Cleanup", Time since last: 1000506434 ns, Reaching safepoint: 64928 ns, At safepoint: 4173 ns, Total: 69101 ns
[2020-05-16T05:24:51.316+0000][8924][safepoint    ] Safepoint "Cleanup", Time since last: 1000250899 ns, Reaching safepoint: 108058 ns, At safepoint: 4174 ns, Total: 112232 ns
[2020-05-16T05:24:53.317+0000][8924][safepoint    ] Safepoint "Cleanup", Time since last: 2001028637 ns, Reaching safepoint: 125217 ns, At safepoint: 3247 ns, Total: 128464 ns
[2020-05-16T05:24:54.317+0000][8924][safepoint    ] Safepoint "Cleanup", Time since last: 1000076521 ns, Reaching safepoint: 134957 ns, At safepoint: 2782 ns, Total: 137739 ns
[2020-05-16T05:24:55.318+0000][8924][safepoint    ] Safepoint "Cleanup", Time since last: 1000858899 ns, Reaching safepoint: 79768 ns, At safepoint: 3246 ns, Total: 83014 ns
[2020-05-16T05:24:56.319+0000][8924][safepoint    ] Safepoint "Cleanup", Time since last: 1000269449 ns, Reaching safepoint: 60754 ns, At safepoint: 3710 ns, Total: 64464 ns
[2020-05-16T05:24:57.322+0000][8924][safepoint    ] Safepoint "Cleanup", Time since last: 1003621563 ns, Reaching safepoint: 79305 ns, At safepoint: 4637 ns, Total: 83942 ns
[2020-05-16T05:24:58.323+0000][8924][safepoint    ] Safepoint "Cleanup", Time since last: 1000520348 ns, Reaching safepoint: 101565 ns, At safepoint: 1855 ns, Total: 103420 ns
[2020-05-16T05:24:59.323+0000][8924][safepoint    ] Safepoint "Cleanup", Time since last: 1000008348 ns, Reaching safepoint: 64000 ns, At safepoint: 2783 ns, Total: 66783 ns
[2020-05-16T05:25:00.324+0000][8924][safepoint    ] Safepoint "Cleanup", Time since last: 1000856579 ns, Reaching safepoint: 74667 ns, At safepoint: 4637 ns, Total: 79304 ns
[2020-05-16T05:25:01.324+0000][8924][safepoint    ] Safepoint "Cleanup", Time since last: 1000464696 ns, Reaching safepoint: 130319 ns, At safepoint: 4637 ns, Total: 134956 ns
[2020-05-16T05:25:02.325+0000][8924][safepoint    ] Safepoint "Cleanup", Time since last: 1000278725 ns, Reaching safepoint: 106666 ns, At safepoint: 4174 ns, Total: 110840 ns
[2020-05-16T05:25:04.326+0000][8924][safepoint    ] Safepoint "Cleanup", Time since last: 2000767072 ns, Reaching safepoint: 108986 ns, At safepoint: 4174 ns, Total: 113160 ns
[2020-05-16T05:25:06.326+0000][8924][safepoint    ] Safepoint "Cleanup", Time since last: 2000381217 ns, Reaching safepoint: 91362 ns, At safepoint: 4174 ns, Total: 95536 ns
[2020-05-16T05:25:07.326+0000][8924][safepoint    ] Safepoint "Cleanup", Time since last: 1000006029 ns, Reaching safepoint: 112232 ns, At safepoint: 4174 ns, Total: 116406 ns
[2020-05-16T05:25:08.327+0000][8924][safepoint    ] Safepoint "Cleanup", Time since last: 1000294029 ns, Reaching safepoint: 90898 ns, At safepoint: 4174 ns, Total: 95072 ns
[2020-05-16T05:25:10.327+0000][8924][safepoint    ] Safepoint "Cleanup", Time since last: 2000158609 ns, Reaching safepoint: 89507 ns, At safepoint: 5101 ns, Total: 94608 ns
[2020-05-16T05:25:11.328+0000][8924][safepoint    ] Safepoint "Cleanup", Time since last: 1000700290 ns, Reaching safepoint: 100174 ns, At safepoint: 4174 ns, Total: 104348 ns
[2020-05-16T05:25:12.328+0000][8924][safepoint    ] Safepoint "Cleanup", Time since last: 1000309797 ns, Reaching safepoint: 96000 ns, At safepoint: 5101 ns, Total: 101101 ns
[2020-05-16T05:25:13.329+0000][8924][safepoint    ] Safepoint "Cleanup", Time since last: 1000253681 ns, Reaching safepoint: 178551 ns, At safepoint: 9739 ns, Total: 188290 ns
[2020-05-16T05:25:14.329+0000][8924][safepoint    ] Safepoint "Cleanup", Time since last: 1000627478 ns, Reaching safepoint: 92753 ns, At safepoint: 4638 ns, Total: 97391 ns
[2020-05-16T05:25:15.330+0000][8924][safepoint    ] Safepoint "Cleanup", Time since last: 1000926145 ns, Reaching safepoint: 109913 ns, At safepoint: 5565 ns, Total: 115478 ns
[2020-05-16T05:25:16.331+0000][8924][safepoint    ] Safepoint "Cleanup", Time since last: 1000794434 ns, Reaching safepoint: 111305 ns, At safepoint: 4173 ns, Total: 115478 ns
[2020-05-16T05:25:17.332+0000][8924][safepoint    ] Safepoint "Cleanup", Time since last: 1000453102 ns, Reaching safepoint: 134029 ns, At safepoint: 5565 ns, Total: 139594 ns
[2020-05-16T05:25:18.333+0000][8924][safepoint    ] Safepoint "Cleanup", Time since last: 1000812985 ns, Reaching safepoint: 99710 ns, At safepoint: 3710 ns, Total: 103420 ns
[2020-05-16T05:25:20.333+0000][8924][safepoint    ] Safepoint "Cleanup", Time since last: 2000231884 ns, Reaching safepoint: 93681 ns, At safepoint: 4174 ns, Total: 97855 ns
[2020-05-16T05:25:21.334+0000][8924][safepoint    ] Safepoint "Cleanup", Time since last: 1000259246 ns, Reaching safepoint: 85334 ns, At safepoint: 4637 ns, Total: 89971 ns
[2020-05-16T05:25:22.334+0000][8924][safepoint    ] Safepoint "Cleanup", Time since last: 1000321855 ns, Reaching safepoint: 72812 ns, At safepoint: 3246 ns, Total: 76058 ns
[2020-05-16T05:25:23.335+0000][8924][safepoint    ] Safepoint "Cleanup", Time since last: 1000645101 ns, Reaching safepoint: 92290 ns, At safepoint: 4174 ns, Total: 96464 ns
[2020-05-16T05:25:24.336+0000][8924][safepoint    ] Safepoint "Cleanup", Time since last: 1000856116 ns, Reaching safepoint: 106666 ns, At safepoint: 1855 ns, Total: 108521 ns
[2020-05-16T05:25:25.336+0000][8924][safepoint    ] Safepoint "Cleanup", Time since last: 1000263420 ns, Reaching safepoint: 76986 ns, At safepoint: 3246 ns, Total: 80232 ns
[2020-05-16T05:25:26.336+0000][8924][safepoint    ] Safepoint "Cleanup", Time since last: 1000007421 ns, Reaching safepoint: 107594 ns, At safepoint: 4174 ns, Total: 111768 ns
[2020-05-16T05:25:28.337+0000][8924][safepoint    ] Safepoint "Cleanup", Time since last: 2000358492 ns, Reaching safepoint: 138667 ns, At safepoint: 8348 ns, Total: 147015 ns
[2020-05-16T05:25:29.337+0000][8924][safepoint    ] Safepoint "Cleanup", Time since last: 1000453565 ns, Reaching safepoint: 56116 ns, At safepoint: 2318 ns, Total: 58434 ns
[2020-05-16T05:25:31.338+0000][8924][safepoint    ] Safepoint "Cleanup", Time since last: 2000632116 ns, Reaching safepoint: 160928 ns, At safepoint: 17159 ns, Total: 178087 ns
[2020-05-16T05:25:32.338+0000][8924][safepoint    ] Safepoint "Cleanup", Time since last: 1000214725 ns, Reaching safepoint: 200811 ns, At safepoint: 2783 ns, Total: 203594 ns
[2020-05-16T05:25:34.339+0000][8924][safepoint    ] Safepoint "Cleanup", Time since last: 2000297739 ns, Reaching safepoint: 234202 ns, At safepoint: 5102 ns, Total: 239304 ns
[2020-05-16T05:25:35.339+0000][8924][safepoint    ] Safepoint "Cleanup", Time since last: 1000387246 ns, Reaching safepoint: 68174 ns, At safepoint: 3246 ns, Total: 71420 ns
[2020-05-16T05:25:36.340+0000][8924][safepoint    ] Safepoint "Cleanup", Time since last: 1000379362 ns, Reaching safepoint: 223073 ns, At safepoint: 6956 ns, Total: 230029 ns
[2020-05-16T05:25:37.341+0000][8924][safepoint    ] Safepoint "Cleanup", Time since last: 1000655768 ns, Reaching safepoint: 86261 ns, At safepoint: 1855 ns, Total: 88116 ns
[2020-05-16T05:25:38.341+0000][8924][safepoint    ] Safepoint "Cleanup", Time since last: 1000134029 ns, Reaching safepoint: 113159 ns, At safepoint: 4174 ns, Total: 117333 ns
[2020-05-16T05:25:39.342+0000][8924][safepoint    ] Safepoint "Cleanup", Time since last: 1000579710 ns, Reaching safepoint: 112696 ns, At safepoint: 4174 ns, Total: 116870 ns
[2020-05-16T05:25:40.342+0000][8924][safepoint    ] Safepoint "Cleanup", Time since last: 1000347826 ns, Reaching safepoint: 86724 ns, At safepoint: 2783 ns, Total: 89507 ns
[2020-05-16T05:25:41.343+0000][8924][safepoint    ] Safepoint "Cleanup", Time since last: 1000722550 ns, Reaching safepoint: 96464 ns, At safepoint: 48232 ns, Total: 144696 ns
[2020-05-16T05:25:43.343+0000][8924][safepoint    ] Safepoint "Cleanup", Time since last: 2000036637 ns, Reaching safepoint: 120580 ns, At safepoint: 4638 ns, Total: 125218 ns
[2020-05-16T05:25:44.344+0000][8924][safepoint    ] Safepoint "Cleanup", Time since last: 1000559768 ns, Reaching safepoint: 103884 ns, At safepoint: 4174 ns, Total: 108058 ns
[2020-05-16T05:25:45.344+0000][8924][safepoint    ] Safepoint "Cleanup", Time since last: 1000480927 ns, Reaching safepoint: 144232 ns, At safepoint: 4637 ns, Total: 148869 ns
[2020-05-16T05:25:47.345+0000][8924][safepoint    ] Safepoint "Cleanup", Time since last: 2000242087 ns, Reaching safepoint: 114087 ns, At safepoint: 4174 ns, Total: 118261 ns
[2020-05-16T05:25:48.345+0000][8924][safepoint    ] Safepoint "Cleanup", Time since last: 1000664116 ns, Reaching safepoint: 102492 ns, At safepoint: 5102 ns, Total: 107594 ns
[2020-05-16T05:25:49.346+0000][8924][safepoint    ] Safepoint "Cleanup", Time since last: 1000624231 ns, Reaching safepoint: 122899 ns, At safepoint: 5101 ns, Total: 128000 ns
[2020-05-16T05:25:51.347+0000][8924][safepoint    ] Safepoint "Cleanup", Time since last: 2000883014 ns, Reaching safepoint: 102957 ns, At safepoint: 5101 ns, Total: 108058 ns
[2020-05-16T05:25:52.348+0000][8924][safepoint    ] Safepoint "Cleanup", Time since last: 1000321855 ns, Reaching safepoint: 104348 ns, At safepoint: 4174 ns, Total: 108522 ns
[2020-05-16T05:25:53.349+0000][8924][safepoint    ] Safepoint "Cleanup", Time since last: 1000720695 ns, Reaching safepoint: 116406 ns, At safepoint: 4174 ns, Total: 120580 ns
[2020-05-16T05:25:54.349+0000][8924][safepoint    ] Safepoint "Cleanup", Time since last: 1000076058 ns, Reaching safepoint: 103420 ns, At safepoint: 5565 ns, Total: 108985 ns
[2020-05-16T05:25:55.349+0000][8924][safepoint    ] Safepoint "Cleanup", Time since last: 1000676638 ns, Reaching safepoint: 114087 ns, At safepoint: 4173 ns, Total: 118260 ns
[2020-05-16T05:25:56.350+0000][8924][safepoint    ] Safepoint "Cleanup", Time since last: 1000140058 ns, Reaching safepoint: 112232 ns, At safepoint: 4174 ns, Total: 116406 ns
[2020-05-16T05:25:58.350+0000][8924][safepoint    ] Safepoint "Cleanup", Time since last: 2000027362 ns, Reaching safepoint: 122435 ns, At safepoint: 4638 ns, Total: 127073 ns
[2020-05-16T05:25:59.350+0000][8924][safepoint    ] Safepoint "Cleanup", Time since last: 1000033855 ns, Reaching safepoint: 113623 ns, At safepoint: 4174 ns, Total: 117797 ns
[2020-05-16T05:26:01.350+0000][8924][safepoint    ] Safepoint "Cleanup", Time since last: 2000044985 ns, Reaching safepoint: 124754 ns, At safepoint: 6029 ns, Total: 130783 ns
[2020-05-16T05:26:02.351+0000][8924][safepoint    ] Safepoint "Cleanup", Time since last: 1000668753 ns, Reaching safepoint: 89044 ns, At safepoint: 5565 ns, Total: 94609 ns
[2020-05-16T05:26:04.352+0000][8924][safepoint    ] Safepoint "Cleanup", Time since last: 2000675246 ns, Reaching safepoint: 105275 ns, At safepoint: 6957 ns, Total: 112232 ns
[2020-05-16T05:26:05.352+0000][8924][safepoint    ] Safepoint "Cleanup", Time since last: 1000010667 ns, Reaching safepoint: 119652 ns, At safepoint: 5101 ns, Total: 124753 ns
[2020-05-16T05:26:06.353+0000][8924][safepoint    ] Safepoint "Cleanup", Time since last: 1000777275 ns, Reaching safepoint: 96000 ns, At safepoint: 4638 ns, Total: 100638 ns
[2020-05-16T05:26:08.353+0000][8924][safepoint    ] Safepoint "Cleanup", Time since last: 2000481855 ns, Reaching safepoint: 161855 ns, At safepoint: 8811 ns, Total: 170666 ns
[2020-05-16T05:26:09.354+0000][8924][safepoint    ] Safepoint "Cleanup", Time since last: 1000466087 ns, Reaching safepoint: 113159 ns, At safepoint: 4638 ns, Total: 117797 ns
[2020-05-16T05:26:10.354+0000][8924][safepoint    ] Safepoint "Cleanup", Time since last: 1000533797 ns, Reaching safepoint: 199884 ns, At safepoint: 9739 ns, Total: 209623 ns
[2020-05-16T05:26:12.355+0000][8924][safepoint    ] Safepoint "Cleanup", Time since last: 1999940638 ns, Reaching safepoint: 187362 ns, At safepoint: 8348 ns, Total: 195710 ns
[2020-05-16T05:26:13.355+0000][8924][safepoint    ] Safepoint "Cleanup", Time since last: 1000277797 ns, Reaching safepoint: 266202 ns, At safepoint: 5102 ns, Total: 271304 ns
[2020-05-16T05:26:14.356+0000][8924][safepoint    ] Safepoint "Cleanup", Time since last: 1000763362 ns, Reaching safepoint: 117797 ns, At safepoint: 5565 ns, Total: 123362 ns
[2020-05-16T05:26:16.356+0000][8924][safepoint    ] Safepoint "Cleanup", Time since last: 1999904464 ns, Reaching safepoint: 108985 ns, At safepoint: 4638 ns, Total: 113623 ns
[2020-05-16T05:26:17.357+0000][8924][safepoint    ] Safepoint "Cleanup", Time since last: 1000421565 ns, Reaching safepoint: 81159 ns, At safepoint: 3247 ns, Total: 84406 ns
[2020-05-16T05:26:18.358+0000][8924][safepoint    ] Safepoint "Cleanup", Time since last: 1000598260 ns, Reaching safepoint: 111305 ns, At safepoint: 4637 ns, Total: 115942 ns
[2020-05-16T05:26:19.358+0000][8924][safepoint    ] Safepoint "Cleanup", Time since last: 1000513855 ns, Reaching safepoint: 112696 ns, At safepoint: 7884 ns, Total: 120580 ns
[2020-05-16T05:26:20.358+0000][8924][safepoint    ] Safepoint "Cleanup", Time since last: 1000084869 ns, Reaching safepoint: 86725 ns, At safepoint: 3246 ns, Total: 89971 ns
[2020-05-16T05:26:21.359+0000][8924][safepoint    ] Safepoint "Cleanup", Time since last: 1000553739 ns, Reaching safepoint: 102493 ns, At safepoint: 7420 ns, Total: 109913 ns
[2020-05-16T05:26:23.359+0000][8924][safepoint    ] Safepoint "Cleanup", Time since last: 2000139594 ns, Reaching safepoint: 120580 ns, At safepoint: 4638 ns, Total: 125218 ns
[2020-05-16T05:26:25.360+0000][8924][safepoint    ] Safepoint "Cleanup", Time since last: 2000718840 ns, Reaching safepoint: 126145 ns, At safepoint: 6493 ns, Total: 132638 ns
[2020-05-16T05:26:26.361+0000][8924][safepoint    ] Safepoint "Cleanup", Time since last: 1000311188 ns, Reaching safepoint: 122435 ns, At safepoint: 6956 ns, Total: 129391 ns
[2020-05-16T05:26:27.361+0000][8924][safepoint    ] Safepoint "Cleanup", Time since last: 1000473971 ns, Reaching safepoint: 101565 ns, At safepoint: 4174 ns, Total: 105739 ns
[2020-05-16T05:26:29.361+0000][8924][safepoint    ] Safepoint "Cleanup", Time since last: 2000114087 ns, Reaching safepoint: 112695 ns, At safepoint: 4174 ns, Total: 116869 ns
[2020-05-16T05:26:30.362+0000][8924][safepoint    ] Safepoint "Cleanup", Time since last: 1000229102 ns, Reaching safepoint: 111768 ns, At safepoint: 6956 ns, Total: 118724 ns
[2020-05-16T05:26:31.363+0000][8924][safepoint    ] Safepoint "Cleanup", Time since last: 1000749449 ns, Reaching safepoint: 106667 ns, At safepoint: 6493 ns, Total: 113160 ns
[2020-05-16T05:26:32.363+0000][8924][safepoint    ] Safepoint "Cleanup", Time since last: 1000472579 ns, Reaching safepoint: 85333 ns, At safepoint: 3710 ns, Total: 89043 ns
[2020-05-16T05:26:33.364+0000][8924][safepoint    ] Safepoint "Cleanup", Time since last: 1000269913 ns, Reaching safepoint: 102029 ns, At safepoint: 6029 ns, Total: 108058 ns
[2020-05-16T05:26:35.364+0000][8924][safepoint    ] Safepoint "Cleanup", Time since last: 2000446609 ns, Reaching safepoint: 119652 ns, At safepoint: 4638 ns, Total: 124290 ns
[2020-05-16T05:26:36.365+0000][8924][safepoint    ] Safepoint "Cleanup", Time since last: 1000376579 ns, Reaching safepoint: 98783 ns, At safepoint: 8348 ns, Total: 107131 ns
[2020-05-16T05:26:37.366+0000][8924][safepoint    ] Safepoint "Cleanup", Time since last: 1000927999 ns, Reaching safepoint: 114551 ns, At safepoint: 4174 ns, Total: 118725 ns
[2020-05-16T05:26:39.366+0000][8924][safepoint    ] Safepoint "Cleanup", Time since last: 2000088579 ns, Reaching safepoint: 93681 ns, At safepoint: 6957 ns, Total: 100638 ns
[2020-05-16T05:26:41.366+0000][8924][safepoint    ] Safepoint "Cleanup", Time since last: 2000133565 ns, Reaching safepoint: 127536 ns, At safepoint: 6029 ns, Total: 133565 ns
[2020-05-16T05:26:43.366+0000][8924][safepoint    ] Safepoint "Cleanup", Time since last: 1999968000 ns, Reaching safepoint: 118725 ns, At safepoint: 5101 ns, Total: 123826 ns
[2020-05-16T05:26:44.367+0000][8924][safepoint    ] Safepoint "Cleanup", Time since last: 1000645565 ns, Reaching safepoint: 96928 ns, At safepoint: 5101 ns, Total: 102029 ns
[2020-05-16T05:26:45.367+0000][8924][safepoint    ] Safepoint "Cleanup", Time since last: 1000232348 ns, Reaching safepoint: 101101 ns, At safepoint: 4638 ns, Total: 105739 ns
[2020-05-16T05:26:46.368+0000][8924][safepoint    ] Safepoint "Cleanup", Time since last: 1000558840 ns, Reaching safepoint: 126145 ns, At safepoint: 6957 ns, Total: 133102 ns
[2020-05-16T05:26:47.368+0000][8924][safepoint    ] Safepoint "Cleanup", Time since last: 1000277333 ns, Reaching safepoint: 121043 ns, At safepoint: 4638 ns, Total: 125681 ns
[2020-05-16T05:26:48.369+0000][8924][safepoint    ] Safepoint "Cleanup", Time since last: 1000032464 ns, Reaching safepoint: 95072 ns, At safepoint: 6957 ns, Total: 102029 ns
[2020-05-16T05:26:49.369+0000][8924][safepoint    ] Safepoint "Cleanup", Time since last: 1000107594 ns, Reaching safepoint: 107594 ns, At safepoint: 4638 ns, Total: 112232 ns
[2020-05-16T05:26:50.369+0000][8924][safepoint    ] Safepoint "Cleanup", Time since last: 1000068174 ns, Reaching safepoint: 110840 ns, At safepoint: 5102 ns, Total: 115942 ns
[2020-05-16T05:26:52.369+0000][8924][safepoint    ] Safepoint "Cleanup", Time since last: 2000435478 ns, Reaching safepoint: 125217 ns, At safepoint: 4174 ns, Total: 129391 ns
[2020-05-16T05:26:53.370+0000][8924][safepoint    ] Safepoint "Cleanup", Time since last: 1000536116 ns, Reaching safepoint: 145159 ns, At safepoint: 6493 ns, Total: 151652 ns
[2020-05-16T05:26:54.371+0000][8924][safepoint    ] Safepoint "Cleanup", Time since last: 1000477217 ns, Reaching safepoint: 126608 ns, At safepoint: 7885 ns, Total: 134493 ns
[2020-05-16T05:26:55.371+0000][8924][safepoint    ] Safepoint "Cleanup", Time since last: 1000260173 ns, Reaching safepoint: 186435 ns, At safepoint: 6029 ns, Total: 192464 ns
[2020-05-16T05:26:56.372+0000][8924][safepoint    ] Safepoint "Cleanup", Time since last: 1000217043 ns, Reaching safepoint: 117334 ns, At safepoint: 5101 ns, Total: 122435 ns
[2020-05-16T05:26:57.372+0000][8924][safepoint    ] Safepoint "Cleanup", Time since last: 1000141913 ns, Reaching safepoint: 138667 ns, At safepoint: 6956 ns, Total: 145623 ns
[2020-05-16T05:26:58.372+0000][8924][safepoint    ] Safepoint "Cleanup", Time since last: 1000229565 ns, Reaching safepoint: 114551 ns, At safepoint: 8812 ns, Total: 123363 ns
[2020-05-16T05:26:59.373+0000][8924][safepoint    ] Safepoint "Cleanup", Time since last: 1000794898 ns, Reaching safepoint: 268521 ns, At safepoint: 12986 ns, Total: 281507 ns
[2020-05-16T05:27:01.374+0000][8924][safepoint    ] Safepoint "Cleanup", Time since last: 2000862144 ns, Reaching safepoint: 296348 ns, At safepoint: 9275 ns, Total: 305623 ns
[2020-05-16T05:27:02.375+0000][8924][safepoint    ] Safepoint "Cleanup", Time since last: 1000474435 ns, Reaching safepoint: 124290 ns, At safepoint: 5101 ns, Total: 129391 ns
[2020-05-16T05:27:03.376+0000][8924][safepoint    ] Safepoint "Cleanup", Time since last: 1000489739 ns, Reaching safepoint: 118725 ns, At safepoint: 5101 ns, Total: 123826 ns
[2020-05-16T05:27:04.376+0000][8924][safepoint    ] Safepoint "Cleanup", Time since last: 1000086725 ns, Reaching safepoint: 122898 ns, At safepoint: 5102 ns, Total: 128000 ns
[2020-05-16T05:27:05.377+0000][8924][safepoint    ] Safepoint "Cleanup", Time since last: 1000809275 ns, Reaching safepoint: 127072 ns, At safepoint: 8812 ns, Total: 135884 ns
[2020-05-16T05:27:07.377+0000][8924][safepoint    ] Safepoint "Cleanup", Time since last: 2000060290 ns, Reaching safepoint: 121507 ns, At safepoint: 6029 ns, Total: 127536 ns
[2020-05-16T05:27:09.378+0000][8924][safepoint    ] Safepoint "Cleanup", Time since last: 2000946550 ns, Reaching safepoint: 181797 ns, At safepoint: 8348 ns, Total: 190145 ns
[2020-05-16T05:27:11.379+0000][8924][safepoint    ] Safepoint "Cleanup", Time since last: 2000807420 ns, Reaching safepoint: 112695 ns, At safepoint: 6029 ns, Total: 118724 ns
[2020-05-16T05:27:12.380+0000][8924][safepoint    ] Safepoint "Cleanup", Time since last: 1000639536 ns, Reaching safepoint: 123363 ns, At safepoint: 6028 ns, Total: 129391 ns
[2020-05-16T05:27:13.380+0000][8924][safepoint    ] Safepoint "Cleanup", Time since last: 1000337624 ns, Reaching safepoint: 107130 ns, At safepoint: 4174 ns, Total: 111304 ns
[2020-05-16T05:27:14.381+0000][8924][safepoint    ] Safepoint "Cleanup", Time since last: 1000505043 ns, Reaching safepoint: 120116 ns, At safepoint: 4638 ns, Total: 124754 ns
[2020-05-16T05:27:16.382+0000][8924][safepoint    ] Safepoint "Cleanup", Time since last: 2000793970 ns, Reaching safepoint: 91826 ns, At safepoint: 5102 ns, Total: 96928 ns
[2020-05-16T05:27:17.383+0000][8924][safepoint    ] Safepoint "Cleanup", Time since last: 1000613101 ns, Reaching safepoint: 101565 ns, At safepoint: 6493 ns, Total: 108058 ns
[2020-05-16T05:27:18.383+0000][8924][safepoint    ] Safepoint "Cleanup", Time since last: 1000672463 ns, Reaching safepoint: 97392 ns, At safepoint: 4637 ns, Total: 102029 ns
[2020-05-16T05:27:19.384+0000][8924][safepoint    ] Safepoint "Cleanup", Time since last: 1000908058 ns, Reaching safepoint: 112232 ns, At safepoint: 4174 ns, Total: 116406 ns
[2020-05-16T05:27:21.385+0000][8924][safepoint    ] Safepoint "Cleanup", Time since last: 2000223072 ns, Reaching safepoint: 137275 ns, At safepoint: 6493 ns, Total: 143768 ns
[2020-05-16T05:27:22.385+0000][8924][safepoint    ] Safepoint "Cleanup", Time since last: 1000045913 ns, Reaching safepoint: 117797 ns, At safepoint: 6029 ns, Total: 123826 ns
[2020-05-16T05:27:23.385+0000][8924][safepoint    ] Safepoint "Cleanup", Time since last: 1000201275 ns, Reaching safepoint: 111305 ns, At safepoint: 7884 ns, Total: 119189 ns
[2020-05-16T05:27:24.386+0000][8924][safepoint    ] Safepoint "Cleanup", Time since last: 1000484637 ns, Reaching safepoint: 64000 ns, At safepoint: 4174 ns, Total: 68174 ns
[2020-05-16T05:27:26.386+0000][8924][safepoint    ] Safepoint "Cleanup", Time since last: 2000224464 ns, Reaching safepoint: 130318 ns, At safepoint: 1855 ns, Total: 132173 ns
[2020-05-16T05:27:28.387+0000][8924][safepoint    ] Safepoint "Cleanup", Time since last: 2000885333 ns, Reaching safepoint: 59363 ns, At safepoint: 1855 ns, Total: 61218 ns
[2020-05-16T05:27:29.388+0000][8924][safepoint    ] Safepoint "Cleanup", Time since last: 1000831072 ns, Reaching safepoint: 97391 ns, At safepoint: 4638 ns, Total: 102029 ns
[2020-05-16T05:27:31.389+0000][8924][safepoint    ] Safepoint "Cleanup", Time since last: 2000792115 ns, Reaching safepoint: 137739 ns, At safepoint: 7884 ns, Total: 145623 ns
[2020-05-16T05:27:33.389+0000][8924][safepoint    ] Safepoint "Cleanup", Time since last: 2000172058 ns, Reaching safepoint: 70029 ns, At safepoint: 3710 ns, Total: 73739 ns
[2020-05-16T05:27:34.390+0000][8924][safepoint    ] Safepoint "Cleanup", Time since last: 1000355247 ns, Reaching safepoint: 151652 ns, At safepoint: 6956 ns, Total: 158608 ns
[2020-05-16T05:27:36.390+0000][8924][safepoint    ] Safepoint "Cleanup", Time since last: 2000243942 ns, Reaching safepoint: 106667 ns, At safepoint: 4174 ns, Total: 110841 ns
[2020-05-16T05:27:37.390+0000][8924][safepoint    ] Safepoint "Cleanup", Time since last: 1000026435 ns, Reaching safepoint: 68173 ns, At safepoint: 1855 ns, Total: 70028 ns
[2020-05-16T05:27:38.391+0000][8924][safepoint    ] Safepoint "Cleanup", Time since last: 1000295884 ns, Reaching safepoint: 137739 ns, At safepoint: 6493 ns, Total: 144232 ns
[2020-05-16T05:27:39.392+0000][8924][safepoint    ] Safepoint "Cleanup", Time since last: 1000791188 ns, Reaching safepoint: 112696 ns, At safepoint: 3710 ns, Total: 116406 ns
[2020-05-16T05:27:40.392+0000][8924][safepoint    ] Safepoint "Cleanup", Time since last: 1000087652 ns, Reaching safepoint: 70957 ns, At safepoint: 4174 ns, Total: 75131 ns
[2020-05-16T05:27:42.392+0000][8924][safepoint    ] Safepoint "Cleanup", Time since last: 2000299594 ns, Reaching safepoint: 122898 ns, At safepoint: 2783 ns, Total: 125681 ns
[2020-05-16T05:27:43.393+0000][8924][safepoint    ] Safepoint "Cleanup", Time since last: 1000272695 ns, Reaching safepoint: 115015 ns, At safepoint: 7884 ns, Total: 122899 ns
[2020-05-16T05:27:44.393+0000][8924][safepoint    ] Safepoint "Cleanup", Time since last: 1000839420 ns, Reaching safepoint: 94608 ns, At safepoint: 4638 ns, Total: 99246 ns
[2020-05-16T05:27:46.394+0000][8924][safepoint    ] Safepoint "Cleanup", Time since last: 2000260637 ns, Reaching safepoint: 70957 ns, At safepoint: 3246 ns, Total: 74203 ns
[2020-05-16T05:27:47.395+0000][8924][safepoint    ] Safepoint "Cleanup", Time since last: 1000869101 ns, Reaching safepoint: 65392 ns, At safepoint: 4174 ns, Total: 69566 ns
[2020-05-16T05:27:48.396+0000][8924][safepoint    ] Safepoint "Cleanup", Time since last: 1000738782 ns, Reaching safepoint: 68638 ns, At safepoint: 3246 ns, Total: 71884 ns
[2020-05-16T05:27:49.396+0000][8924][safepoint    ] Safepoint "Cleanup", Time since last: 1000149797 ns, Reaching safepoint: 99710 ns, At safepoint: 4174 ns, Total: 103884 ns
[2020-05-16T05:27:50.396+0000][8924][safepoint    ] Safepoint "Cleanup", Time since last: 1000116869 ns, Reaching safepoint: 102493 ns, At safepoint: 5102 ns, Total: 107595 ns
[2020-05-16T05:27:51.396+0000][8924][safepoint    ] Safepoint "Cleanup", Time since last: 1000319999 ns, Reaching safepoint: 93218 ns, At safepoint: 4174 ns, Total: 97392 ns
[2020-05-16T05:27:52.397+0000][8924][safepoint    ] Safepoint "Cleanup", Time since last: 1000222608 ns, Reaching safepoint: 118725 ns, At safepoint: 5565 ns, Total: 124290 ns
[2020-05-16T05:27:53.397+0000][8924][safepoint    ] Safepoint "Cleanup", Time since last: 1000026899 ns, Reaching safepoint: 123826 ns, At safepoint: 8347 ns, Total: 132173 ns
[2020-05-16T05:27:54.397+0000][8924][safepoint    ] Safepoint "Cleanup", Time since last: 1000427594 ns, Reaching safepoint: 123363 ns, At safepoint: 5565 ns, Total: 128928 ns
[2020-05-16T05:27:55.398+0000][8924][safepoint    ] Safepoint "Cleanup", Time since last: 1000741565 ns, Reaching safepoint: 101565 ns, At safepoint: 3710 ns, Total: 105275 ns
[2020-05-16T05:27:56.398+0000][8924][safepoint    ] Safepoint "Cleanup", Time since last: 1000013913 ns, Reaching safepoint: 89044 ns, At safepoint: 4637 ns, Total: 93681 ns
[2020-05-16T05:27:57.399+0000][8924][safepoint    ] Safepoint "Cleanup", Time since last: 1000327420 ns, Reaching safepoint: 129855 ns, At safepoint: 6029 ns, Total: 135884 ns
[2020-05-16T05:27:58.400+0000][8924][safepoint    ] Safepoint "Cleanup", Time since last: 1000497623 ns, Reaching safepoint: 58435 ns, At safepoint: 3247 ns, Total: 61682 ns
[2020-05-16T05:27:59.400+0000][8924][safepoint    ] Safepoint "Cleanup", Time since last: 1000524521 ns, Reaching safepoint: 78377 ns, At safepoint: 4174 ns, Total: 82551 ns
[2020-05-16T05:28:00.401+0000][8924][safepoint    ] Safepoint "Cleanup", Time since last: 1000492521 ns, Reaching safepoint: 106203 ns, At safepoint: 9275 ns, Total: 115478 ns
[2020-05-16T05:28:01.401+0000][8924][safepoint    ] Safepoint "Cleanup", Time since last: 1000343652 ns, Reaching safepoint: 98319 ns, At safepoint: 4638 ns, Total: 102957 ns
[2020-05-16T05:28:03.401+0000][8924][safepoint    ] Safepoint "Cleanup", Time since last: 2000159072 ns, Reaching safepoint: 72348 ns, At safepoint: 1855 ns, Total: 74203 ns
[2020-05-16T05:28:05.402+0000][8924][safepoint    ] Safepoint "Cleanup", Time since last: 2000192000 ns, Reaching safepoint: 53797 ns, At safepoint: 3247 ns, Total: 57044 ns
[2020-05-16T05:28:06.402+0000][8924][safepoint    ] Safepoint "Cleanup", Time since last: 1000281507 ns, Reaching safepoint: 68174 ns, At safepoint: 4173 ns, Total: 72347 ns
[2020-05-16T05:28:07.402+0000][8924][safepoint    ] Safepoint "Cleanup", Time since last: 1000211942 ns, Reaching safepoint: 113624 ns, At safepoint: 4173 ns, Total: 117797 ns
[2020-05-16T05:28:08.403+0000][8924][safepoint    ] Safepoint "Cleanup", Time since last: 1000571826 ns, Reaching safepoint: 98783 ns, At safepoint: 4637 ns, Total: 103420 ns
[2020-05-16T05:28:09.403+0000][8924][safepoint    ] Safepoint "Cleanup", Time since last: 1000373797 ns, Reaching safepoint: 70029 ns, At safepoint: 2319 ns, Total: 72348 ns
[2020-05-16T05:28:11.404+0000][8924][safepoint    ] Safepoint "Cleanup", Time since last: 2000075131 ns, Reaching safepoint: 115478 ns, At safepoint: 6493 ns, Total: 121971 ns
[2020-05-16T05:28:13.404+0000][8924][safepoint    ] Safepoint "Cleanup", Time since last: 2000890898 ns, Reaching safepoint: 172058 ns, At safepoint: 8811 ns, Total: 180869 ns
[2020-05-16T05:28:15.406+0000][8924][safepoint    ] Safepoint "Cleanup", Time since last: 2000730435 ns, Reaching safepoint: 175304 ns, At safepoint: 6493 ns, Total: 181797 ns
[2020-05-16T05:28:16.406+0000][8924][safepoint    ] Safepoint "Cleanup", Time since last: 1000454492 ns, Reaching safepoint: 96464 ns, At safepoint: 6493 ns, Total: 102957 ns
[2020-05-16T05:28:17.407+0000][8924][safepoint    ] Safepoint "Cleanup", Time since last: 1000851014 ns, Reaching safepoint: 101565 ns, At safepoint: 6956 ns, Total: 108521 ns
[2020-05-16T05:28:18.408+0000][8924][safepoint    ] Safepoint "Cleanup", Time since last: 1000565334 ns, Reaching safepoint: 105739 ns, At safepoint: 6956 ns, Total: 112695 ns
[2020-05-16T05:28:19.409+0000][8924][safepoint    ] Safepoint "Cleanup", Time since last: 1000727188 ns, Reaching safepoint: 93218 ns, At safepoint: 4637 ns, Total: 97855 ns
[2020-05-16T05:28:20.410+0000][8924][safepoint    ] Safepoint "Cleanup", Time since last: 1000888580 ns, Reaching safepoint: 112231 ns, At safepoint: 7421 ns, Total: 119652 ns
[2020-05-16T05:28:21.410+0000][8924][safepoint    ] Safepoint "Cleanup", Time since last: 1000767536 ns, Reaching safepoint: 121043 ns, At safepoint: 4638 ns, Total: 125681 ns
[2020-05-16T05:28:23.411+0000][8924][safepoint    ] Safepoint "Cleanup", Time since last: 1999973565 ns, Reaching safepoint: 112232 ns, At safepoint: 4637 ns, Total: 116869 ns
[2020-05-16T05:28:24.412+0000][8924][safepoint    ] Safepoint "Cleanup", Time since last: 1000941913 ns, Reaching safepoint: 112232 ns, At safepoint: 4174 ns, Total: 116406 ns
[2020-05-16T05:28:26.413+0000][8924][safepoint    ] Safepoint "Cleanup", Time since last: 2000882550 ns, Reaching safepoint: 115014 ns, At safepoint: 8348 ns, Total: 123362 ns
[2020-05-16T05:28:28.413+0000][8924][safepoint    ] Safepoint "Cleanup", Time since last: 2000109913 ns, Reaching safepoint: 119652 ns, At safepoint: 4174 ns, Total: 123826 ns
[2020-05-16T05:28:29.413+0000][8924][safepoint    ] Safepoint "Cleanup", Time since last: 1000493449 ns, Reaching safepoint: 114087 ns, At safepoint: 4174 ns, Total: 118261 ns
[2020-05-16T05:28:30.414+0000][8924][safepoint    ] Safepoint "Cleanup", Time since last: 1000788406 ns, Reaching safepoint: 112695 ns, At safepoint: 4638 ns, Total: 117333 ns
[2020-05-16T05:28:31.415+0000][8924][safepoint    ] Safepoint "Cleanup", Time since last: 1000826434 ns, Reaching safepoint: 141913 ns, At safepoint: 9739 ns, Total: 151652 ns
[2020-05-16T05:28:33.416+0000][8924][safepoint    ] Safepoint "Cleanup", Time since last: 2000736000 ns, Reaching safepoint: 95072 ns, At safepoint: 5566 ns, Total: 100638 ns
[2020-05-16T05:28:34.417+0000][8924][safepoint    ] Safepoint "Cleanup", Time since last: 1000619594 ns, Reaching safepoint: 103884 ns, At safepoint: 5101 ns, Total: 108985 ns
[2020-05-16T05:28:35.418+0000][8924][safepoint    ] Safepoint "Cleanup", Time since last: 1000548637 ns, Reaching safepoint: 105276 ns, At safepoint: 4174 ns, Total: 109450 ns
[2020-05-16T05:28:36.419+0000][8924][safepoint    ] Safepoint "Cleanup", Time since last: 1000835246 ns, Reaching safepoint: 83014 ns, At safepoint: 2319 ns, Total: 85333 ns
[2020-05-16T05:28:37.419+0000][8924][safepoint    ] Safepoint "Cleanup", Time since last: 1000529159 ns, Reaching safepoint: 115015 ns, At safepoint: 4637 ns, Total: 119652 ns
[2020-05-16T05:28:38.420+0000][8924][safepoint    ] Safepoint "Cleanup", Time since last: 1000409971 ns, Reaching safepoint: 58899 ns, At safepoint: 2318 ns, Total: 61217 ns
[2020-05-16T05:28:39.420+0000][8924][safepoint    ] Safepoint "Cleanup", Time since last: 1000578783 ns, Reaching safepoint: 111304 ns, At safepoint: 3710 ns, Total: 115014 ns
[2020-05-16T05:28:40.421+0000][8924][safepoint    ] Safepoint "Cleanup", Time since last: 1000805101 ns, Reaching safepoint: 265276 ns, At safepoint: 12985 ns, Total: 278261 ns
[2020-05-16T05:28:42.422+0000][8924][safepoint    ] Safepoint "Cleanup", Time since last: 2000115014 ns, Reaching safepoint: 166957 ns, At safepoint: 2319 ns, Total: 169276 ns
[2020-05-16T05:28:43.422+0000][8924][safepoint    ] Safepoint "Cleanup", Time since last: 1000538434 ns, Reaching safepoint: 107131 ns, At safepoint: 3710 ns, Total: 110841 ns
[2020-05-16T05:28:44.423+0000][8924][safepoint    ] Safepoint "Cleanup", Time since last: 1000014840 ns, Reaching safepoint: 160464 ns, At safepoint: 8348 ns, Total: 168812 ns
[2020-05-16T05:28:45.423+0000][8924][safepoint    ] Safepoint "Cleanup", Time since last: 1000230493 ns, Reaching safepoint: 294492 ns, At safepoint: 12986 ns, Total: 307478 ns
[2020-05-16T05:28:46.424+0000][8924][safepoint    ] Safepoint "Cleanup", Time since last: 1000472115 ns, Reaching safepoint: 198029 ns, At safepoint: 12058 ns, Total: 210087 ns
[2020-05-16T05:28:48.424+0000][8924][safepoint    ] Safepoint "Cleanup", Time since last: 2000591768 ns, Reaching safepoint: 186435 ns, At safepoint: 8811 ns, Total: 195246 ns
[2020-05-16T05:28:49.425+0000][8924][safepoint    ] Safepoint "Cleanup", Time since last: 1000509218 ns, Reaching safepoint: 118724 ns, At safepoint: 4638 ns, Total: 123362 ns
[2020-05-16T05:28:50.426+0000][8924][safepoint    ] Safepoint "Cleanup", Time since last: 1000742028 ns, Reaching safepoint: 83942 ns, At safepoint: 3247 ns, Total: 87189 ns
[2020-05-16T05:28:52.427+0000][8924][safepoint    ] Safepoint "Cleanup", Time since last: 2000353855 ns, Reaching safepoint: 102029 ns, At safepoint: 4637 ns, Total: 106666 ns
[2020-05-16T05:28:53.427+0000][8924][safepoint    ] Safepoint "Cleanup", Time since last: 1000275942 ns, Reaching safepoint: 118725 ns, At safepoint: 4174 ns, Total: 122899 ns
[2020-05-16T05:28:55.427+0000][8924][safepoint    ] Safepoint "Cleanup", Time since last: 2000012985 ns, Reaching safepoint: 94609 ns, At safepoint: 5101 ns, Total: 99710 ns
[2020-05-16T05:28:56.428+0000][8924][safepoint    ] Safepoint "Cleanup", Time since last: 1000721623 ns, Reaching safepoint: 105739 ns, At safepoint: 4638 ns, Total: 110377 ns
[2020-05-16T05:28:57.428+0000][8924][safepoint    ] Safepoint "Cleanup", Time since last: 1000065855 ns, Reaching safepoint: 329275 ns, At safepoint: 45449 ns, Total: 374724 ns
[2020-05-16T05:28:58.429+0000][8924][safepoint    ] Safepoint "Cleanup", Time since last: 1000317681 ns, Reaching safepoint: 119653 ns, At safepoint: 4637 ns, Total: 124290 ns
[2020-05-16T05:28:59.429+0000][8924][safepoint    ] Safepoint "Cleanup", Time since last: 1000432232 ns, Reaching safepoint: 108985 ns, At safepoint: 5102 ns, Total: 114087 ns
[2020-05-16T05:29:00.430+0000][8924][safepoint    ] Safepoint "Cleanup", Time since last: 1000690086 ns, Reaching safepoint: 91363 ns, At safepoint: 5101 ns, Total: 96464 ns
[2020-05-16T05:29:01.431+0000][8924][safepoint    ] Safepoint "Cleanup", Time since last: 1000541217 ns, Reaching safepoint: 103884 ns, At safepoint: 7421 ns, Total: 111305 ns
[2020-05-16T05:29:02.431+0000][8924][safepoint    ] Safepoint "Cleanup", Time since last: 1000356637 ns, Reaching safepoint: 114551 ns, At safepoint: 20406 ns, Total: 134957 ns
[2020-05-16T05:29:03.432+0000][8924][safepoint    ] Safepoint "Cleanup", Time since last: 1000615883 ns, Reaching safepoint: 96464 ns, At safepoint: 6029 ns, Total: 102493 ns
[2020-05-16T05:29:04.433+0000][8924][safepoint    ] Safepoint "Cleanup", Time since last: 1000684058 ns, Reaching safepoint: 69101 ns, At safepoint: 4174 ns, Total: 73275 ns
[2020-05-16T05:29:06.434+0000][8924][safepoint    ] Safepoint "Cleanup", Time since last: 2000917333 ns, Reaching safepoint: 79768 ns, At safepoint: 3710 ns, Total: 83478 ns
[2020-05-16T05:29:07.435+0000][8924][safepoint    ] Safepoint "Cleanup", Time since last: 1000914087 ns, Reaching safepoint: 98782 ns, At safepoint: 2783 ns, Total: 101565 ns
[2020-05-16T05:29:08.435+0000][8924][safepoint    ] Safepoint "Cleanup", Time since last: 1000256000 ns, Reaching safepoint: 60290 ns, At safepoint: 3246 ns, Total: 63536 ns
[2020-05-16T05:29:10.436+0000][8924][safepoint    ] Safepoint "Cleanup", Time since last: 2000974840 ns, Reaching safepoint: 97391 ns, At safepoint: 5102 ns, Total: 102493 ns
[2020-05-16T05:29:11.436+0000][8924][safepoint    ] Safepoint "Cleanup", Time since last: 1000162782 ns, Reaching safepoint: 118261 ns, At safepoint: 4174 ns, Total: 122435 ns
[2020-05-16T05:29:12.437+0000][8924][safepoint    ] Safepoint "Cleanup", Time since last: 1000657623 ns, Reaching safepoint: 80696 ns, At safepoint: 4173 ns, Total: 84869 ns
[2020-05-16T05:29:13.437+0000][8924][safepoint    ] Safepoint "Cleanup", Time since last: 1000243015 ns, Reaching safepoint: 133565 ns, At safepoint: 5101 ns, Total: 138666 ns
[2020-05-16T05:29:14.438+0000][8924][safepoint    ] Safepoint "Cleanup", Time since last: 1000119653 ns, Reaching safepoint: 255072 ns, At safepoint: 8348 ns, Total: 263420 ns
[2020-05-16T05:29:15.438+0000][8924][safepoint    ] Safepoint "Cleanup", Time since last: 1000298666 ns, Reaching safepoint: 217044 ns, At safepoint: 10666 ns, Total: 227710 ns
[2020-05-16T05:29:16.439+0000][8924][safepoint    ] Safepoint "Cleanup", Time since last: 1000322783 ns, Reaching safepoint: 256000 ns, At safepoint: 2319 ns, Total: 258319 ns
[2020-05-16T05:29:17.440+0000][8924][safepoint    ] Safepoint "Cleanup", Time since last: 1000518492 ns, Reaching safepoint: 234203 ns, At safepoint: 2319 ns, Total: 236522 ns
[2020-05-16T05:29:18.440+0000][8924][safepoint    ] Safepoint "Cleanup", Time since last: 1000371014 ns, Reaching safepoint: 117797 ns, At safepoint: 6029 ns, Total: 123826 ns
[2020-05-16T05:29:19.441+0000][8924][safepoint    ] Safepoint "Cleanup", Time since last: 1000390956 ns, Reaching safepoint: 96928 ns, At safepoint: 4174 ns, Total: 101102 ns
[2020-05-16T05:29:20.441+0000][8924][safepoint    ] Safepoint "Cleanup", Time since last: 1000511536 ns, Reaching safepoint: 92290 ns, At safepoint: 2782 ns, Total: 95072 ns
[2020-05-16T05:29:21.442+0000][8924][safepoint    ] Safepoint "Cleanup", Time since last: 1000457275 ns, Reaching safepoint: 138667 ns, At safepoint: 6029 ns, Total: 144696 ns
[2020-05-16T05:29:22.442+0000][8924][safepoint    ] Safepoint "Cleanup", Time since last: 1000268985 ns, Reaching safepoint: 112232 ns, At safepoint: 4174 ns, Total: 116406 ns
[2020-05-16T05:29:23.443+0000][8924][safepoint    ] Safepoint "Cleanup", Time since last: 1000202667 ns, Reaching safepoint: 110840 ns, At safepoint: 4174 ns, Total: 115014 ns
[2020-05-16T05:29:24.443+0000][8924][safepoint    ] Safepoint "Cleanup", Time since last: 1000129391 ns, Reaching safepoint: 58435 ns, At safepoint: 1855 ns, Total: 60290 ns
[2020-05-16T05:29:25.444+0000][8924][safepoint    ] Safepoint "Cleanup", Time since last: 1000744348 ns, Reaching safepoint: 91826 ns, At safepoint: 3246 ns, Total: 95072 ns
[2020-05-16T05:29:26.444+0000][8924][safepoint    ] Safepoint "Cleanup", Time since last: 1000322319 ns, Reaching safepoint: 109449 ns, At safepoint: 2783 ns, Total: 112232 ns
[2020-05-16T05:29:27.444+0000][8924][safepoint    ] Safepoint "Cleanup", Time since last: 1000111768 ns, Reaching safepoint: 88579 ns, At safepoint: 2783 ns, Total: 91362 ns
[2020-05-16T05:29:28.445+0000][8924][safepoint    ] Safepoint "Cleanup", Time since last: 1000316753 ns, Reaching safepoint: 102957 ns, At safepoint: 6029 ns, Total: 108986 ns
[2020-05-16T05:29:29.445+0000][8924][safepoint    ] Safepoint "Cleanup", Time since last: 1000608000 ns, Reaching safepoint: 94144 ns, At safepoint: 2319 ns, Total: 96463 ns
[2020-05-16T05:29:30.446+0000][8924][safepoint    ] Safepoint "Cleanup", Time since last: 1000218899 ns, Reaching safepoint: 98318 ns, At safepoint: 3247 ns, Total: 101565 ns
[2020-05-16T05:29:31.446+0000][8924][safepoint    ] Safepoint "Cleanup", Time since last: 1000434087 ns, Reaching safepoint: 88116 ns, At safepoint: 2782 ns, Total: 90898 ns
[2020-05-16T05:29:32.446+0000][8924][safepoint    ] Safepoint "Cleanup", Time since last: 1000096928 ns, Reaching safepoint: 91362 ns, At safepoint: 2782 ns, Total: 94144 ns
[2020-05-16T05:29:34.447+0000][8924][safepoint    ] Safepoint "Cleanup", Time since last: 2000270841 ns, Reaching safepoint: 108522 ns, At safepoint: 3246 ns, Total: 111768 ns
[2020-05-16T05:29:35.447+0000][8924][safepoint    ] Safepoint "Cleanup", Time since last: 1000173913 ns, Reaching safepoint: 92754 ns, At safepoint: 3246 ns, Total: 96000 ns
[2020-05-16T05:29:36.447+0000][8924][safepoint    ] Safepoint "Cleanup", Time since last: 1000258782 ns, Reaching safepoint: 93218 ns, At safepoint: 4637 ns, Total: 97855 ns
[2020-05-16T05:29:37.448+0000][8924][safepoint    ] Safepoint "Cleanup", Time since last: 1000221682 ns, Reaching safepoint: 100173 ns, At safepoint: 4174 ns, Total: 104347 ns
[2020-05-16T05:29:38.449+0000][8924][safepoint    ] Safepoint "Cleanup", Time since last: 1000667826 ns, Reaching safepoint: 105739 ns, At safepoint: 5102 ns, Total: 110841 ns
[2020-05-16T05:29:39.449+0000][8924][safepoint    ] Safepoint "Cleanup", Time since last: 1000344579 ns, Reaching safepoint: 96928 ns, At safepoint: 3710 ns, Total: 100638 ns
[2020-05-16T05:29:40.449+0000][8924][safepoint    ] Safepoint "Cleanup", Time since last: 1000100174 ns, Reaching safepoint: 78376 ns, At safepoint: 3247 ns, Total: 81623 ns
[2020-05-16T05:29:41.450+0000][8924][safepoint    ] Safepoint "Cleanup", Time since last: 1000433623 ns, Reaching safepoint: 95072 ns, At safepoint: 5102 ns, Total: 100174 ns
[2020-05-16T05:29:42.450+0000][8924][safepoint    ] Safepoint "Cleanup", Time since last: 1000495768 ns, Reaching safepoint: 106666 ns, At safepoint: 2783 ns, Total: 109449 ns
[2020-05-16T05:29:43.451+0000][8924][safepoint    ] Safepoint "Cleanup", Time since last: 1000539826 ns, Reaching safepoint: 96927 ns, At safepoint: 3246 ns, Total: 100173 ns
[2020-05-16T05:29:45.452+0000][8924][safepoint    ] Safepoint "Cleanup", Time since last: 2000461450 ns, Reaching safepoint: 92753 ns, At safepoint: 3246 ns, Total: 95999 ns
[2020-05-16T05:29:46.452+0000][8924][safepoint    ] Safepoint "Cleanup", Time since last: 1000426667 ns, Reaching safepoint: 80232 ns, At safepoint: 5565 ns, Total: 85797 ns
[2020-05-16T05:29:47.453+0000][8924][safepoint    ] Safepoint "Cleanup", Time since last: 1000837101 ns, Reaching safepoint: 90899 ns, At safepoint: 3246 ns, Total: 94145 ns
[2020-05-16T05:29:48.454+0000][8924][safepoint    ] Safepoint "Cleanup", Time since last: 1000543072 ns, Reaching safepoint: 102957 ns, At safepoint: 5565 ns, Total: 108522 ns
[2020-05-16T05:29:49.454+0000][8924][safepoint    ] Safepoint "Cleanup", Time since last: 1000725797 ns, Reaching safepoint: 174376 ns, At safepoint: 13450 ns, Total: 187826 ns
[2020-05-16T05:29:51.455+0000][8924][safepoint    ] Safepoint "Cleanup", Time since last: 1999969855 ns, Reaching safepoint: 204985 ns, At safepoint: 8812 ns, Total: 213797 ns
[2020-05-16T05:29:52.455+0000][8924][safepoint    ] Safepoint "Cleanup", Time since last: 1000572289 ns, Reaching safepoint: 242551 ns, At safepoint: 6029 ns, Total: 248580 ns
[2020-05-16T05:29:53.456+0000][8924][safepoint    ] Safepoint "Cleanup", Time since last: 1000030145 ns, Reaching safepoint: 88116 ns, At safepoint: 3246 ns, Total: 91362 ns
[2020-05-16T05:29:54.456+0000][8924][safepoint    ] Safepoint "Cleanup", Time since last: 1000539826 ns, Reaching safepoint: 81623 ns, At safepoint: 3246 ns, Total: 84869 ns
[2020-05-16T05:29:55.457+0000][8924][safepoint    ] Safepoint "Cleanup", Time since last: 1000799073 ns, Reaching safepoint: 83942 ns, At safepoint: 5101 ns, Total: 89043 ns
[2020-05-16T05:29:56.458+0000][8924][safepoint    ] Safepoint "Cleanup", Time since last: 1000438724 ns, Reaching safepoint: 112232 ns, At safepoint: 5565 ns, Total: 117797 ns
[2020-05-16T05:29:57.458+0000][8924][safepoint    ] Safepoint "Cleanup", Time since last: 1000479073 ns, Reaching safepoint: 96000 ns, At safepoint: 3710 ns, Total: 99710 ns
[2020-05-16T05:29:59.459+0000][8924][safepoint    ] Safepoint "Cleanup", Time since last: 2000420637 ns, Reaching safepoint: 78841 ns, At safepoint: 4174 ns, Total: 83015 ns
[2020-05-16T05:30:00.460+0000][8924][safepoint    ] Safepoint "Cleanup", Time since last: 1000556057 ns, Reaching safepoint: 81624 ns, At safepoint: 2782 ns, Total: 84406 ns
[2020-05-16T05:30:02.461+0000][8924][safepoint    ] Safepoint "Cleanup", Time since last: 2000889043 ns, Reaching safepoint: 99710 ns, At safepoint: 4638 ns, Total: 104348 ns
[2020-05-16T05:30:03.461+0000][8924][safepoint    ] Safepoint "Cleanup", Time since last: 1000134029 ns, Reaching safepoint: 113159 ns, At safepoint: 3710 ns, Total: 116869 ns
[2020-05-16T05:30:04.461+0000][8924][safepoint    ] Safepoint "Cleanup", Time since last: 1000657623 ns, Reaching safepoint: 60290 ns, At safepoint: 2319 ns, Total: 62609 ns
[2020-05-16T05:30:05.462+0000][8924][safepoint    ] Safepoint "Cleanup", Time since last: 1000605681 ns, Reaching safepoint: 100638 ns, At safepoint: 3710 ns, Total: 104348 ns
[2020-05-16T05:30:06.463+0000][8924][safepoint    ] Safepoint "Cleanup", Time since last: 1000499014 ns, Reaching safepoint: 90898 ns, At safepoint: 3247 ns, Total: 94145 ns
[2020-05-16T05:30:07.463+0000][8924][safepoint    ] Safepoint "Cleanup", Time since last: 1000067246 ns, Reaching safepoint: 90899 ns, At safepoint: 2782 ns, Total: 93681 ns
[2020-05-16T05:30:09.463+0000][8924][safepoint    ] Safepoint "Cleanup", Time since last: 2000133565 ns, Reaching safepoint: 118725 ns, At safepoint: 3246 ns, Total: 121971 ns
[2020-05-16T05:30:11.464+0000][8924][safepoint    ] Safepoint "Cleanup", Time since last: 2000689623 ns, Reaching safepoint: 85797 ns, At safepoint: 4638 ns, Total: 90435 ns
[2020-05-16T05:30:13.465+0000][8924][safepoint    ] Safepoint "Cleanup", Time since last: 2001011478 ns, Reaching safepoint: 89043 ns, At safepoint: 5565 ns, Total: 94608 ns
[2020-05-16T05:30:14.466+0000][8924][safepoint    ] Safepoint "Cleanup", Time since last: 1000728116 ns, Reaching safepoint: 84406 ns, At safepoint: 3246 ns, Total: 87652 ns
[2020-05-16T05:30:15.466+0000][8924][safepoint    ] Safepoint "Cleanup", Time since last: 1000281044 ns, Reaching safepoint: 106202 ns, At safepoint: 5102 ns, Total: 111304 ns
[2020-05-16T05:30:17.467+0000][8924][safepoint    ] Safepoint "Cleanup", Time since last: 2000584811 ns, Reaching safepoint: 93681 ns, At safepoint: 3247 ns, Total: 96928 ns
[2020-05-16T05:30:18.467+0000][8924][safepoint    ] Safepoint "Cleanup", Time since last: 1000164174 ns, Reaching safepoint: 94144 ns, At safepoint: 4174 ns, Total: 98318 ns
[2020-05-16T05:30:19.468+0000][8924][safepoint    ] Safepoint "Cleanup", Time since last: 1000367304 ns, Reaching safepoint: 99247 ns, At safepoint: 1855 ns, Total: 101102 ns
[2020-05-16T05:30:20.468+0000][8924][safepoint    ] Safepoint "Cleanup", Time since last: 1000033391 ns, Reaching safepoint: 78841 ns, At safepoint: 3246 ns, Total: 82087 ns
[2020-05-16T05:30:21.469+0000][8924][safepoint    ] Safepoint "Cleanup", Time since last: 1000766145 ns, Reaching safepoint: 89971 ns, At safepoint: 2782 ns, Total: 92753 ns
[2020-05-16T05:30:22.469+0000][8924][safepoint    ] Safepoint "Cleanup", Time since last: 1000044058 ns, Reaching safepoint: 93681 ns, At safepoint: 3247 ns, Total: 96928 ns
[2020-05-16T05:30:23.470+0000][8924][safepoint    ] Safepoint "Cleanup", Time since last: 1000728115 ns, Reaching safepoint: 77450 ns, At safepoint: 5101 ns, Total: 82551 ns
[2020-05-16T05:30:24.470+0000][8924][safepoint    ] Safepoint "Cleanup", Time since last: 1000044522 ns, Reaching safepoint: 89043 ns, At safepoint: 3246 ns, Total: 92289 ns
[2020-05-16T05:30:26.471+0000][8924][safepoint    ] Safepoint "Cleanup", Time since last: 2000666435 ns, Reaching safepoint: 89507 ns, At safepoint: 3247 ns, Total: 92754 ns
[2020-05-16T05:30:27.471+0000][8924][safepoint    ] Safepoint "Cleanup", Time since last: 1000036173 ns, Reaching safepoint: 98319 ns, At safepoint: 4638 ns, Total: 102957 ns
[2020-05-16T05:30:28.471+0000][8924][safepoint    ] Safepoint "Cleanup", Time since last: 1000469333 ns, Reaching safepoint: 156290 ns, At safepoint: 5101 ns, Total: 161391 ns
[2020-05-16T05:30:29.472+0000][8924][safepoint    ] Safepoint "Cleanup", Time since last: 1000241160 ns, Reaching safepoint: 103420 ns, At safepoint: 4637 ns, Total: 108057 ns
[2020-05-16T05:30:30.472+0000][8924][safepoint    ] Safepoint "Cleanup", Time since last: 1000108058 ns, Reaching safepoint: 98783 ns, At safepoint: 6029 ns, Total: 104812 ns
[2020-05-16T05:30:31.473+0000][8924][safepoint    ] Safepoint "Cleanup", Time since last: 1000997101 ns, Reaching safepoint: 362203 ns, At safepoint: 7884 ns, Total: 370087 ns
[2020-05-16T05:30:32.474+0000][8924][safepoint    ] Safepoint "Cleanup", Time since last: 1000479072 ns, Reaching safepoint: 96927 ns, At safepoint: 3247 ns, Total: 100174 ns
[2020-05-16T05:30:33.474+0000][8924][safepoint    ] Safepoint "Cleanup", Time since last: 1000236058 ns, Reaching safepoint: 95072 ns, At safepoint: 3246 ns, Total: 98318 ns
[2020-05-16T05:30:34.475+0000][8924][safepoint    ] Safepoint "Cleanup", Time since last: 1000693334 ns, Reaching safepoint: 92753 ns, At safepoint: 3710 ns, Total: 96463 ns
[2020-05-16T05:30:35.476+0000][8924][safepoint    ] Safepoint "Cleanup", Time since last: 1000473043 ns, Reaching safepoint: 110377 ns, At safepoint: 5102 ns, Total: 115479 ns
[2020-05-16T05:30:36.476+0000][8924][safepoint    ] Safepoint "Cleanup", Time since last: 1000287072 ns, Reaching safepoint: 83014 ns, At safepoint: 5566 ns, Total: 88580 ns
[2020-05-16T05:30:37.477+0000][8924][safepoint    ] Safepoint "Cleanup", Time since last: 1000611246 ns, Reaching safepoint: 96000 ns, At safepoint: 4637 ns, Total: 100637 ns
[2020-05-16T05:30:39.477+0000][8924][safepoint    ] Safepoint "Cleanup", Time since last: 2000450319 ns, Reaching safepoint: 86261 ns, At safepoint: 4174 ns, Total: 90435 ns
[2020-05-16T05:30:40.477+0000][8924][safepoint    ] Safepoint "Cleanup", Time since last: 1000132174 ns, Reaching safepoint: 113159 ns, At safepoint: 4638 ns, Total: 117797 ns
[2020-05-16T05:30:41.478+0000][8924][safepoint    ] Safepoint "Cleanup", Time since last: 1000108985 ns, Reaching safepoint: 100174 ns, At safepoint: 3246 ns, Total: 103420 ns
[2020-05-16T05:30:42.478+0000][8924][safepoint    ] Safepoint "Cleanup", Time since last: 1000103884 ns, Reaching safepoint: 95073 ns, At safepoint: 6029 ns, Total: 101102 ns
[2020-05-16T05:30:43.478+0000][8924][safepoint    ] Safepoint "Cleanup", Time since last: 1000236521 ns, Reaching safepoint: 121044 ns, At safepoint: 5101 ns, Total: 126145 ns
[2020-05-16T05:30:44.478+0000][8924][safepoint    ] Safepoint "Cleanup", Time since last: 1000118725 ns, Reaching safepoint: 84869 ns, At safepoint: 6493 ns, Total: 91362 ns
[2020-05-16T05:30:45.478+0000][8924][safepoint    ] Safepoint "Cleanup", Time since last: 1000050551 ns, Reaching safepoint: 96927 ns, At safepoint: 3247 ns, Total: 100174 ns
[2020-05-16T05:30:46.479+0000][8924][safepoint    ] Safepoint "Cleanup", Time since last: 1000101565 ns, Reaching safepoint: 99710 ns, At safepoint: 3710 ns, Total: 103420 ns
[2020-05-16T05:30:47.479+0000][8924][safepoint    ] Safepoint "Cleanup", Time since last: 1000289855 ns, Reaching safepoint: 99710 ns, At safepoint: 3710 ns, Total: 103420 ns
[2020-05-16T05:30:48.480+0000][8924][safepoint    ] Safepoint "Cleanup", Time since last: 1000562551 ns, Reaching safepoint: 104348 ns, At safepoint: 4637 ns, Total: 108985 ns
[2020-05-16T05:30:49.480+0000][8924][safepoint    ] Safepoint "Cleanup", Time since last: 1000318145 ns, Reaching safepoint: 97855 ns, At safepoint: 3246 ns, Total: 101101 ns
[2020-05-16T05:30:50.481+0000][8924][safepoint    ] Safepoint "Cleanup", Time since last: 1000569971 ns, Reaching safepoint: 99710 ns, At safepoint: 4638 ns, Total: 104348 ns
[2020-05-16T05:30:51.482+0000][8924][safepoint    ] Safepoint "Cleanup", Time since last: 1000840811 ns, Reaching safepoint: 82551 ns, At safepoint: 3710 ns, Total: 86261 ns
[2020-05-16T05:30:52.482+0000][8924][safepoint    ] Safepoint "Cleanup", Time since last: 1000413217 ns, Reaching safepoint: 101565 ns, At safepoint: 1855 ns, Total: 103420 ns
[2020-05-16T05:30:53.483+0000][8924][safepoint    ] Safepoint "Cleanup", Time since last: 1000358957 ns, Reaching safepoint: 102493 ns, At safepoint: 4637 ns, Total: 107130 ns
[2020-05-16T05:30:54.483+0000][8924][safepoint    ] Safepoint "Cleanup", Time since last: 1000004174 ns, Reaching safepoint: 91826 ns, At safepoint: 3247 ns, Total: 95073 ns
[2020-05-16T05:30:55.483+0000][8924][safepoint    ] Safepoint "Cleanup", Time since last: 1000351536 ns, Reaching safepoint: 90434 ns, At safepoint: 5102 ns, Total: 95536 ns
[2020-05-16T05:30:56.484+0000][8924][safepoint    ] Safepoint "Cleanup", Time since last: 1000098319 ns, Reaching safepoint: 94608 ns, At safepoint: 3710 ns, Total: 98318 ns
[2020-05-16T05:30:57.484+0000][8924][safepoint    ] Safepoint "Cleanup", Time since last: 1000019479 ns, Reaching safepoint: 103884 ns, At safepoint: 19478 ns, Total: 123362 ns
[2020-05-16T05:30:59.485+0000][8924][safepoint    ] Safepoint "Cleanup", Time since last: 2000726260 ns, Reaching safepoint: 76522 ns, At safepoint: 4638 ns, Total: 81160 ns
[2020-05-16T05:31:00.485+0000][8924][safepoint    ] Safepoint "Cleanup", Time since last: 1000022261 ns, Reaching safepoint: 90434 ns, At safepoint: 3247 ns, Total: 93681 ns
[2020-05-16T05:31:01.485+0000][8924][safepoint    ] Safepoint "Cleanup", Time since last: 1000466550 ns, Reaching safepoint: 94609 ns, At safepoint: 6029 ns, Total: 100638 ns
[2020-05-16T05:31:02.486+0000][8924][safepoint    ] Safepoint "Cleanup", Time since last: 1000553275 ns, Reaching safepoint: 72812 ns, At safepoint: 3246 ns, Total: 76058 ns
[2020-05-16T05:31:03.486+0000][8924][safepoint    ] Safepoint "Cleanup", Time since last: 1000357565 ns, Reaching safepoint: 103420 ns, At safepoint: 5102 ns, Total: 108522 ns
[2020-05-16T05:31:04.486+0000][8924][safepoint    ] Safepoint "Cleanup", Time since last: 1000125681 ns, Reaching safepoint: 110840 ns, At safepoint: 5102 ns, Total: 115942 ns
[2020-05-16T05:31:05.487+0000][8924][safepoint    ] Safepoint "Cleanup", Time since last: 1000649739 ns, Reaching safepoint: 115014 ns, At safepoint: 5565 ns, Total: 120579 ns
[2020-05-16T05:31:06.488+0000][8924][safepoint    ] Safepoint "Cleanup", Time since last: 1000421565 ns, Reaching safepoint: 166029 ns, At safepoint: 8348 ns, Total: 174377 ns
[2020-05-16T05:31:08.488+0000][8924][safepoint    ] Safepoint "Cleanup", Time since last: 2000504579 ns, Reaching safepoint: 181334 ns, At safepoint: 6956 ns, Total: 188290 ns
[2020-05-16T05:31:09.489+0000][8924][safepoint    ] Safepoint "Cleanup", Time since last: 1000420638 ns, Reaching safepoint: 95536 ns, At safepoint: 3710 ns, Total: 99246 ns
[2020-05-16T05:31:10.490+0000][8924][safepoint    ] Safepoint "Cleanup", Time since last: 1000671072 ns, Reaching safepoint: 79768 ns, At safepoint: 4638 ns, Total: 84406 ns
[2020-05-16T05:31:11.491+0000][8924][safepoint    ] Safepoint "Cleanup", Time since last: 1000841275 ns, Reaching safepoint: 71884 ns, At safepoint: 3246 ns, Total: 75130 ns
[2020-05-16T05:31:12.491+0000][8924][safepoint    ] Safepoint "Cleanup", Time since last: 1000010667 ns, Reaching safepoint: 86725 ns, At safepoint: 4637 ns, Total: 91362 ns
[2020-05-16T05:31:13.492+0000][8924][safepoint    ] Safepoint "Cleanup", Time since last: 1000659014 ns, Reaching safepoint: 78377 ns, At safepoint: 3247 ns, Total: 81624 ns
[2020-05-16T05:31:14.492+0000][8924][safepoint    ] Safepoint "Cleanup", Time since last: 1000094145 ns, Reaching safepoint: 79768 ns, At safepoint: 4173 ns, Total: 83941 ns
[2020-05-16T05:31:15.492+0000][8924][safepoint    ] Safepoint "Cleanup", Time since last: 1000477218 ns, Reaching safepoint: 117333 ns, At safepoint: 4638 ns, Total: 121971 ns
[2020-05-16T05:31:16.493+0000][8924][safepoint    ] Safepoint "Cleanup", Time since last: 1000823651 ns, Reaching safepoint: 103421 ns, At safepoint: 5101 ns, Total: 108522 ns
[2020-05-16T05:31:17.494+0000][8924][safepoint    ] Safepoint "Cleanup", Time since last: 1000224928 ns, Reaching safepoint: 111768 ns, At safepoint: 5101 ns, Total: 116869 ns
[2020-05-16T05:31:18.494+0000][8924][safepoint    ] Safepoint "Cleanup", Time since last: 1000074667 ns, Reaching safepoint: 82087 ns, At safepoint: 4637 ns, Total: 86724 ns
[2020-05-16T05:31:19.494+0000][8924][safepoint    ] Safepoint "Cleanup", Time since last: 1000357102 ns, Reaching safepoint: 92753 ns, At safepoint: 3247 ns, Total: 96000 ns
[2020-05-16T05:31:21.495+0000][8924][safepoint    ] Safepoint "Cleanup", Time since last: 2000263883 ns, Reaching safepoint: 96000 ns, At safepoint: 3247 ns, Total: 99247 ns
[2020-05-16T05:31:22.496+0000][8924][safepoint    ] Safepoint "Cleanup", Time since last: 1000853333 ns, Reaching safepoint: 95536 ns, At safepoint: 3246 ns, Total: 98782 ns
[2020-05-16T05:31:23.496+0000][8924][safepoint    ] Safepoint "Cleanup", Time since last: 1000640464 ns, Reaching safepoint: 95536 ns, At safepoint: 3710 ns, Total: 99246 ns
[2020-05-16T05:31:25.496+0000][8924][safepoint    ] Safepoint "Cleanup", Time since last: 1999971246 ns, Reaching safepoint: 92754 ns, At safepoint: 3710 ns, Total: 96464 ns
[2020-05-16T05:31:26.497+0000][8924][safepoint    ] Safepoint "Cleanup", Time since last: 1000034783 ns, Reaching safepoint: 112695 ns, At safepoint: 5102 ns, Total: 117797 ns
[2020-05-16T05:31:27.936+0000][8924][safepoint    ] Safepoint "Cleanup", Time since last: 1439357477 ns, Reaching safepoint: 88580 ns, At safepoint: 4174 ns, Total: 92754 ns
[2020-05-16T05:31:28.937+0000][8924][safepoint    ] Safepoint "Cleanup", Time since last: 1000445217 ns, Reaching safepoint: 94609 ns, At safepoint: 5565 ns, Total: 100174 ns
[2020-05-16T05:31:30.937+0000][8924][safepoint    ] Safepoint "Cleanup", Time since last: 2000306087 ns, Reaching safepoint: 97391 ns, At safepoint: 4638 ns, Total: 102029 ns
[2020-05-16T05:31:31.938+0000][8924][safepoint    ] Safepoint "Cleanup", Time since last: 1000447072 ns, Reaching safepoint: 82551 ns, At safepoint: 4637 ns, Total: 87188 ns
[2020-05-16T05:31:32.938+0000][8924][safepoint    ] Safepoint "Cleanup", Time since last: 1000212406 ns, Reaching safepoint: 164174 ns, At safepoint: 106666 ns, Total: 270840 ns
[2020-05-16T05:31:33.938+0000][8924][safepoint    ] Safepoint "Cleanup", Time since last: 1000403015 ns, Reaching safepoint: 85797 ns, At safepoint: 5101 ns, Total: 90898 ns
[2020-05-16T05:31:34.939+0000][8924][safepoint    ] Safepoint "Cleanup", Time since last: 1000083942 ns, Reaching safepoint: 83942 ns, At safepoint: 4638 ns, Total: 88580 ns
[2020-05-16T05:31:36.939+0000][8924][safepoint    ] Safepoint "Cleanup", Time since last: 2000347826 ns, Reaching safepoint: 83942 ns, At safepoint: 5565 ns, Total: 89507 ns
[2020-05-16T05:31:37.940+0000][8924][safepoint    ] Safepoint "Cleanup", Time since last: 1000960000 ns, Reaching safepoint: 93681 ns, At safepoint: 3710 ns, Total: 97391 ns
[2020-05-16T05:31:38.941+0000][8924][safepoint    ] Safepoint "Cleanup", Time since last: 1000354318 ns, Reaching safepoint: 82551 ns, At safepoint: 4638 ns, Total: 87189 ns
[2020-05-16T05:31:39.941+0000][8924][safepoint    ] Safepoint "Cleanup", Time since last: 1000845449 ns, Reaching safepoint: 122898 ns, At safepoint: 4174 ns, Total: 127072 ns
[2020-05-16T05:31:40.943+0000][8924][safepoint    ] Safepoint "Cleanup", Time since last: 1000762435 ns, Reaching safepoint: 95072 ns, At safepoint: 3246 ns, Total: 98318 ns
[2020-05-16T05:31:41.943+0000][8924][safepoint    ] Safepoint "Cleanup", Time since last: 1000299131 ns, Reaching safepoint: 71420 ns, At safepoint: 3246 ns, Total: 74666 ns
[2020-05-16T05:31:43.944+0000][8924][safepoint    ] Safepoint "Cleanup", Time since last: 2000761043 ns, Reaching safepoint: 105276 ns, At safepoint: 5101 ns, Total: 110377 ns
[2020-05-16T05:31:44.945+0000][8924][safepoint    ] Safepoint "Cleanup", Time since last: 1000799072 ns, Reaching safepoint: 94145 ns, At safepoint: 3247 ns, Total: 97392 ns
[2020-05-16T05:31:45.945+0000][8924][safepoint    ] Safepoint "Cleanup", Time since last: 1000124753 ns, Reaching safepoint: 111768 ns, At safepoint: 3247 ns, Total: 115015 ns
[2020-05-16T05:31:47.946+0000][8924][safepoint    ] Safepoint "Cleanup", Time since last: 2001000811 ns, Reaching safepoint: 94145 ns, At safepoint: 2782 ns, Total: 96927 ns
[2020-05-16T05:31:48.946+0000][8924][safepoint    ] Safepoint "Cleanup", Time since last: 1000554203 ns, Reaching safepoint: 108058 ns, At safepoint: 4174 ns, Total: 112232 ns
[2020-05-16T05:31:50.947+0000][8924][safepoint    ] Safepoint "Cleanup", Time since last: 2000291710 ns, Reaching safepoint: 99246 ns, At safepoint: 2783 ns, Total: 102029 ns
[2020-05-16T05:31:52.948+0000][8924][safepoint    ] Safepoint "Cleanup", Time since last: 2000677564 ns, Reaching safepoint: 91363 ns, At safepoint: 4174 ns, Total: 95537 ns
[2020-05-16T05:31:53.949+0000][8924][safepoint    ] Safepoint "Cleanup", Time since last: 1000866318 ns, Reaching safepoint: 100174 ns, At safepoint: 4638 ns, Total: 104812 ns
[2020-05-16T05:31:54.949+0000][8924][safepoint    ] Safepoint "Cleanup", Time since last: 1000273159 ns, Reaching safepoint: 119188 ns, At safepoint: 4638 ns, Total: 123826 ns
[2020-05-16T05:31:55.950+0000][8924][safepoint    ] Safepoint "Cleanup", Time since last: 1000558377 ns, Reaching safepoint: 97855 ns, At safepoint: 3710 ns, Total: 101565 ns
[2020-05-16T05:31:56.950+0000][8924][safepoint    ] Safepoint "Cleanup", Time since last: 1000499014 ns, Reaching safepoint: 94145 ns, At safepoint: 3246 ns, Total: 97391 ns
[2020-05-16T05:31:58.950+0000][8924][safepoint    ] Safepoint "Cleanup", Time since last: 1999941102 ns, Reaching safepoint: 102956 ns, At safepoint: 2783 ns, Total: 105739 ns
[2020-05-16T05:31:59.951+0000][8924][safepoint    ] Safepoint "Cleanup", Time since last: 1000104348 ns, Reaching safepoint: 100173 ns, At safepoint: 4638 ns, Total: 104811 ns
[2020-05-16T05:32:00.951+0000][8924][safepoint    ] Safepoint "Cleanup", Time since last: 1000559304 ns, Reaching safepoint: 91826 ns, At safepoint: 4174 ns, Total: 96000 ns
[2020-05-16T05:32:02.952+0000][8924][safepoint    ] Safepoint "Cleanup", Time since last: 2000653913 ns, Reaching safepoint: 92290 ns, At safepoint: 3246 ns, Total: 95536 ns
[2020-05-16T05:32:03.953+0000][8924][safepoint    ] Safepoint "Cleanup", Time since last: 1000800000 ns, Reaching safepoint: 89507 ns, At safepoint: 3246 ns, Total: 92753 ns
[2020-05-16T05:32:05.954+0000][8924][safepoint    ] Safepoint "Cleanup", Time since last: 2000491130 ns, Reaching safepoint: 135421 ns, At safepoint: 6029 ns, Total: 141450 ns
[2020-05-16T05:32:06.955+0000][8924][safepoint    ] Safepoint "Cleanup", Time since last: 1000844985 ns, Reaching safepoint: 120116 ns, At safepoint: 5101 ns, Total: 125217 ns
[2020-05-16T05:32:07.955+0000][8924][safepoint    ] Safepoint "Cleanup", Time since last: 1000290319 ns, Reaching safepoint: 122898 ns, At safepoint: 3710 ns, Total: 126608 ns
[2020-05-16T05:32:08.956+0000][8924][safepoint    ] Safepoint "Cleanup", Time since last: 1000780522 ns, Reaching safepoint: 267594 ns, At safepoint: 19478 ns, Total: 287072 ns
[2020-05-16T05:32:10.956+0000][8924][safepoint    ] Safepoint "Cleanup", Time since last: 2000096464 ns, Reaching safepoint: 127536 ns, At safepoint: 2783 ns, Total: 130319 ns
[2020-05-16T05:32:11.957+0000][8924][safepoint    ] Safepoint "Cleanup", Time since last: 1000772173 ns, Reaching safepoint: 104348 ns, At safepoint: 3710 ns, Total: 108058 ns
[2020-05-16T05:32:13.957+0000][8924][safepoint    ] Safepoint "Cleanup", Time since last: 2000135884 ns, Reaching safepoint: 90435 ns, At safepoint: 3246 ns, Total: 93681 ns
[2020-05-16T05:32:14.958+0000][8924][safepoint    ] Safepoint "Cleanup", Time since last: 1000544000 ns, Reaching safepoint: 90899 ns, At safepoint: 5101 ns, Total: 96000 ns
[2020-05-16T05:32:15.958+0000][8924][safepoint    ] Safepoint "Cleanup", Time since last: 1000307942 ns, Reaching safepoint: 104811 ns, At safepoint: 4638 ns, Total: 109449 ns
[2020-05-16T05:32:16.959+0000][8924][safepoint    ] Safepoint "Cleanup", Time since last: 1000727188 ns, Reaching safepoint: 94145 ns, At safepoint: 2783 ns, Total: 96928 ns
[2020-05-16T05:32:17.960+0000][8924][safepoint    ] Safepoint "Cleanup", Time since last: 1000364985 ns, Reaching safepoint: 93217 ns, At safepoint: 2783 ns, Total: 96000 ns
[2020-05-16T05:32:18.960+0000][8924][safepoint    ] Safepoint "Cleanup", Time since last: 1000142377 ns, Reaching safepoint: 59362 ns, At safepoint: 3246 ns, Total: 62608 ns
[2020-05-16T05:32:19.960+0000][8924][safepoint    ] Safepoint "Cleanup", Time since last: 1000140522 ns, Reaching safepoint: 91826 ns, At safepoint: 2783 ns, Total: 94609 ns
[2020-05-16T05:32:21.961+0000][8924][safepoint    ] Safepoint "Cleanup", Time since last: 2000921507 ns, Reaching safepoint: 93217 ns, At safepoint: 3246 ns, Total: 96463 ns
[2020-05-16T05:32:22.962+0000][8924][safepoint    ] Safepoint "Cleanup", Time since last: 1000689159 ns, Reaching safepoint: 111768 ns, At safepoint: 2783 ns, Total: 114551 ns
[2020-05-16T05:32:23.963+0000][8924][safepoint    ] Safepoint "Cleanup", Time since last: 1000743420 ns, Reaching safepoint: 89971 ns, At safepoint: 2783 ns, Total: 92754 ns
[2020-05-16T05:32:24.964+0000][8924][safepoint    ] Safepoint "Cleanup", Time since last: 1000835709 ns, Reaching safepoint: 93218 ns, At safepoint: 4174 ns, Total: 97392 ns
[2020-05-16T05:32:25.964+0000][8924][safepoint    ] Safepoint "Cleanup", Time since last: 1000169739 ns, Reaching safepoint: 91826 ns, At safepoint: 2782 ns, Total: 94608 ns
[2020-05-16T05:32:26.964+0000][8924][safepoint    ] Safepoint "Cleanup", Time since last: 1000317681 ns, Reaching safepoint: 107594 ns, At safepoint: 6029 ns, Total: 113623 ns
[2020-05-16T05:32:27.965+0000][8924][safepoint    ] Safepoint "Cleanup", Time since last: 1000950725 ns, Reaching safepoint: 106202 ns, At safepoint: 6029 ns, Total: 112231 ns
[2020-05-16T05:32:28.966+0000][8924][safepoint    ] Safepoint "Cleanup", Time since last: 1000076058 ns, Reaching safepoint: 117334 ns, At safepoint: 6029 ns, Total: 123363 ns
[2020-05-16T05:32:29.966+0000][8924][safepoint    ] Safepoint "Cleanup", Time since last: 1000713738 ns, Reaching safepoint: 108522 ns, At safepoint: 7420 ns, Total: 115942 ns
[2020-05-16T05:32:31.968+0000][8924][safepoint    ] Safepoint "Cleanup", Time since last: 2001007304 ns, Reaching safepoint: 120116 ns, At safepoint: 4638 ns, Total: 124754 ns
[2020-05-16T05:32:32.969+0000][8924][safepoint    ] Safepoint "Cleanup", Time since last: 1000821333 ns, Reaching safepoint: 105739 ns, At safepoint: 4174 ns, Total: 109913 ns
[2020-05-16T05:32:34.969+0000][8924][safepoint    ] Safepoint "Cleanup", Time since last: 2000578782 ns, Reaching safepoint: 95073 ns, At safepoint: 5565 ns, Total: 100638 ns
[2020-05-16T05:32:35.970+0000][8924][safepoint    ] Safepoint "Cleanup", Time since last: 1000869101 ns, Reaching safepoint: 237449 ns, At safepoint: 7884 ns, Total: 245333 ns
[2020-05-16T05:32:37.971+0000][8924][safepoint    ] Safepoint "Cleanup", Time since last: 2001067594 ns, Reaching safepoint: 176695 ns, At safepoint: 5102 ns, Total: 181797 ns
[2020-05-16T05:32:39.972+0000][8924][safepoint    ] Safepoint "Cleanup", Time since last: 2000222145 ns, Reaching safepoint: 206376 ns, At safepoint: 8812 ns, Total: 215188 ns
[2020-05-16T05:32:40.973+0000][8924][safepoint    ] Safepoint "Cleanup", Time since last: 1000603362 ns, Reaching safepoint: 95072 ns, At safepoint: 4638 ns, Total: 99710 ns
[2020-05-16T05:32:41.974+0000][8924][safepoint    ] Safepoint "Cleanup", Time since last: 1000725797 ns, Reaching safepoint: 96464 ns, At safepoint: 4173 ns, Total: 100637 ns
[2020-05-16T05:32:42.974+0000][8924][safepoint    ] Safepoint "Cleanup", Time since last: 1000333450 ns, Reaching safepoint: 106202 ns, At safepoint: 6029 ns, Total: 112231 ns
[2020-05-16T05:32:43.975+0000][8924][safepoint    ] Safepoint "Cleanup", Time since last: 1000504580 ns, Reaching safepoint: 169275 ns, At safepoint: 5565 ns, Total: 174840 ns
[2020-05-16T05:32:45.975+0000][8924][safepoint    ] Safepoint "Cleanup", Time since last: 2000590377 ns, Reaching safepoint: 89507 ns, At safepoint: 5102 ns, Total: 94609 ns
[2020-05-16T05:32:46.976+0000][8924][safepoint    ] Safepoint "Cleanup", Time since last: 1000345507 ns, Reaching safepoint: 95536 ns, At safepoint: 4174 ns, Total: 99710 ns
[2020-05-16T05:32:47.977+0000][8924][safepoint    ] Safepoint "Cleanup", Time since last: 1000761507 ns, Reaching safepoint: 64000 ns, At safepoint: 2318 ns, Total: 66318 ns
[2020-05-16T05:32:48.977+0000][8924][safepoint    ] Safepoint "Cleanup", Time since last: 1000478145 ns, Reaching safepoint: 89507 ns, At safepoint: 4174 ns, Total: 93681 ns
[2020-05-16T05:32:50.977+0000][8924][safepoint    ] Safepoint "Cleanup", Time since last: 2000057971 ns, Reaching safepoint: 103884 ns, At safepoint: 2783 ns, Total: 106667 ns
[2020-05-16T05:32:51.978+0000][8924][safepoint    ] Safepoint "Cleanup", Time since last: 1000723478 ns, Reaching safepoint: 63072 ns, At safepoint: 3247 ns, Total: 66319 ns
[2020-05-16T05:32:52.979+0000][8924][safepoint    ] Safepoint "Cleanup", Time since last: 1000572289 ns, Reaching safepoint: 169275 ns, At safepoint: 3247 ns, Total: 172522 ns
[2020-05-16T05:32:53.979+0000][8924][safepoint    ] Safepoint "Cleanup", Time since last: 1000048695 ns, Reaching safepoint: 101102 ns, At safepoint: 3246 ns, Total: 104348 ns
[2020-05-16T05:32:54.980+0000][8924][safepoint    ] Safepoint "Cleanup", Time since last: 1000614956 ns, Reaching safepoint: 119189 ns, At safepoint: 1855 ns, Total: 121044 ns
[2020-05-16T05:32:55.980+0000][8924][safepoint    ] Safepoint "Cleanup", Time since last: 1000528232 ns, Reaching safepoint: 75594 ns, At safepoint: 3246 ns, Total: 78840 ns
[2020-05-16T05:32:56.981+0000][8924][safepoint    ] Safepoint "Cleanup", Time since last: 1000281971 ns, Reaching safepoint: 86725 ns, At safepoint: 3246 ns, Total: 89971 ns
[2020-05-16T05:32:57.981+0000][8924][safepoint    ] Safepoint "Cleanup", Time since last: 1000003710 ns, Reaching safepoint: 87188 ns, At safepoint: 3247 ns, Total: 90435 ns
[2020-05-16T05:32:58.982+0000][8924][safepoint    ] Safepoint "Cleanup", Time since last: 1000548637 ns, Reaching safepoint: 145623 ns, At safepoint: 4638 ns, Total: 150261 ns
[2020-05-16T05:32:59.982+0000][8924][safepoint    ] Safepoint "Cleanup", Time since last: 1000209159 ns, Reaching safepoint: 94609 ns, At safepoint: 4638 ns, Total: 99247 ns
[2020-05-16T05:33:00.983+0000][8924][safepoint    ] Safepoint "Cleanup", Time since last: 1000771709 ns, Reaching safepoint: 91363 ns, At safepoint: 3246 ns, Total: 94609 ns
[2020-05-16T05:33:01.983+0000][8924][safepoint    ] Safepoint "Cleanup", Time since last: 1000041739 ns, Reaching safepoint: 87189 ns, At safepoint: 3246 ns, Total: 90435 ns
[2020-05-16T05:33:03.984+0000][8924][safepoint    ] Safepoint "Cleanup", Time since last: 2001049507 ns, Reaching safepoint: 130782 ns, At safepoint: 6029 ns, Total: 136811 ns
[2020-05-16T05:33:05.984+0000][8924][safepoint    ] Safepoint "Cleanup", Time since last: 2000043594 ns, Reaching safepoint: 98783 ns, At safepoint: 3710 ns, Total: 102493 ns
[2020-05-16T05:33:06.984+0000][8924][safepoint    ] Safepoint "Cleanup", Time since last: 1000104348 ns, Reaching safepoint: 99246 ns, At safepoint: 3710 ns, Total: 102956 ns
[2020-05-16T05:33:08.984+0000][8924][safepoint    ] Safepoint "Cleanup", Time since last: 1999910493 ns, Reaching safepoint: 86261 ns, At safepoint: 2783 ns, Total: 89044 ns
[2020-05-16T05:33:09.985+0000][8924][safepoint    ] Safepoint "Cleanup", Time since last: 1000646492 ns, Reaching safepoint: 76058 ns, At safepoint: 3710 ns, Total: 79768 ns
[2020-05-16T05:33:11.986+0000][8924][safepoint    ] Safepoint "Cleanup", Time since last: 2000840348 ns, Reaching safepoint: 101101 ns, At safepoint: 5565 ns, Total: 106666 ns
[2020-05-16T05:33:12.987+0000][8924][safepoint    ] Safepoint "Cleanup", Time since last: 1000521739 ns, Reaching safepoint: 160464 ns, At safepoint: 5101 ns, Total: 165565 ns
[2020-05-16T05:33:14.987+0000][8924][safepoint    ] Safepoint "Cleanup", Time since last: 1999961971 ns, Reaching safepoint: 131710 ns, At safepoint: 5102 ns, Total: 136812 ns
[2020-05-16T05:33:16.987+0000][8924][safepoint    ] Safepoint "Cleanup", Time since last: 2000176232 ns, Reaching safepoint: 88579 ns, At safepoint: 3247 ns, Total: 91826 ns
[2020-05-16T05:33:18.987+0000][8924][safepoint    ] Safepoint "Cleanup", Time since last: 1999924869 ns, Reaching safepoint: 84870 ns, At safepoint: 2782 ns, Total: 87652 ns
[2020-05-16T05:33:19.987+0000][8924][safepoint    ] Safepoint "Cleanup", Time since last: 1000029218 ns, Reaching safepoint: 84869 ns, At safepoint: 3247 ns, Total: 88116 ns
[2020-05-16T05:33:20.988+0000][8924][safepoint    ] Safepoint "Cleanup", Time since last: 1000711420 ns, Reaching safepoint: 101101 ns, At safepoint: 22261 ns, Total: 123362 ns
[2020-05-16T05:33:21.989+0000][8924][safepoint    ] Safepoint "Cleanup", Time since last: 1000843594 ns, Reaching safepoint: 347362 ns, At safepoint: 18551 ns, Total: 365913 ns
[2020-05-16T05:33:22.989+0000][8924][safepoint    ] Safepoint "Cleanup", Time since last: 1000070492 ns, Reaching safepoint: 204058 ns, At safepoint: 7420 ns, Total: 211478 ns
[2020-05-16T05:33:23.990+0000][8924][safepoint    ] Safepoint "Cleanup", Time since last: 1000580638 ns, Reaching safepoint: 109449 ns, At safepoint: 3710 ns, Total: 113159 ns
[2020-05-16T05:33:24.991+0000][8924][safepoint    ] Safepoint "Cleanup", Time since last: 1000647420 ns, Reaching safepoint: 84870 ns, At safepoint: 4174 ns, Total: 89044 ns
[2020-05-16T05:33:26.992+0000][8924][safepoint    ] Safepoint "Cleanup", Time since last: 2000827825 ns, Reaching safepoint: 98783 ns, At safepoint: 4174 ns, Total: 102957 ns
[2020-05-16T05:33:27.993+0000][8924][safepoint    ] Safepoint "Cleanup", Time since last: 1000749913 ns, Reaching safepoint: 91826 ns, At safepoint: 3710 ns, Total: 95536 ns
[2020-05-16T05:33:28.301+0000][8924][gc,start     ] GC(16) Pause Young (Normal) (G1 Evacuation Pause)
[2020-05-16T05:33:28.301+0000][8924][gc,task      ] GC(16) Using 4 workers of 4 for evacuation
[2020-05-16T05:33:28.301+0000][8924][gc,age       ] GC(16) Desired survivor size 40370176 bytes, new threshold 15 (max threshold 15)
[2020-05-16T05:33:28.332+0000][8924][gc,age       ] GC(16) Age table with threshold 15 (max threshold 15)
[2020-05-16T05:33:28.332+0000][8924][gc,age       ] GC(16) - age   1:       8320 bytes,       8320 total
[2020-05-16T05:33:28.332+0000][8924][gc,age       ] GC(16) - age   2:       1760 bytes,      10080 total
[2020-05-16T05:33:28.332+0000][8924][gc,age       ] GC(16) - age   3:        968 bytes,      11048 total
[2020-05-16T05:33:28.332+0000][8924][gc,age       ] GC(16) - age   4:      18320 bytes,      29368 total
[2020-05-16T05:33:28.332+0000][8924][gc,age       ] GC(16) - age   5:     772960 bytes,     802328 total
[2020-05-16T05:33:28.332+0000][8924][gc,age       ] GC(16) - age   6:    6573968 bytes,    7376296 total
[2020-05-16T05:33:28.332+0000][8924][gc,age       ] GC(16) - age   7:    9098960 bytes,   16475256 total
[2020-05-16T05:33:28.332+0000][8924][gc,phases    ] GC(16)   Pre Evacuate Collection Set: 0.2ms
[2020-05-16T05:33:28.332+0000][8924][gc,phases    ] GC(16)   Merge Heap Roots: 0.3ms
[2020-05-16T05:33:28.332+0000][8924][gc,phases    ] GC(16)   Evacuate Collection Set: 27.9ms
[2020-05-16T05:33:28.332+0000][8924][gc,phases    ] GC(16)   Post Evacuate Collection Set: 2.0ms
[2020-05-16T05:33:28.332+0000][8924][gc,phases    ] GC(16)   Other: 0.6ms
[2020-05-16T05:33:28.332+0000][8924][gc,heap      ] GC(16) Eden regions: 597->0(597)
[2020-05-16T05:33:28.332+0000][8924][gc,heap      ] GC(16) Survivor regions: 17->17(77)
[2020-05-16T05:33:28.332+0000][8924][gc,heap      ] GC(16) Old regions: 44->44
[2020-05-16T05:33:28.332+0000][8924][gc,heap      ] GC(16) Archive regions: 0->0
[2020-05-16T05:33:28.332+0000][8924][gc,heap      ] GC(16) Humongous regions: 1->1
[2020-05-16T05:33:28.332+0000][8924][gc,metaspace ] GC(16) Metaspace: 79601K(86112K)->79601K(86112K) NonClass: 68735K(72620K)->68735K(72620K) Class: 10866K(13492K)->10866K(13492K)
[2020-05-16T05:33:28.332+0000][8924][gc           ] GC(16) Pause Young (Normal) (G1 Evacuation Pause) 658M->61M(1024M) 31.135ms
[2020-05-16T05:33:28.332+0000][8924][gc,cpu       ] GC(16) User=0.08s Sys=0.05s Real=0.03s
[2020-05-16T05:33:28.332+0000][8924][safepoint    ] Safepoint "G1CollectForAllocation", Time since last: 308613886 ns, Reaching safepoint: 115014 ns, At safepoint: 31296449 ns, Total: 31411463 ns
[2020-05-16T05:33:30.175+0000][8924][safepoint    ] Safepoint "Cleanup", Time since last: 1841675204 ns, Reaching safepoint: 105739 ns, At safepoint: 5102 ns, Total: 110841 ns
[2020-05-16T05:33:31.175+0000][8924][safepoint    ] Safepoint "Cleanup", Time since last: 1000156753 ns, Reaching safepoint: 120580 ns, At safepoint: 4174 ns, Total: 124754 ns
[2020-05-16T05:33:32.175+0000][8924][safepoint    ] Safepoint "Cleanup", Time since last: 1000411362 ns, Reaching safepoint: 108058 ns, At safepoint: 4174 ns, Total: 112232 ns
[2020-05-16T05:33:33.176+0000][8924][safepoint    ] Safepoint "Cleanup", Time since last: 1000655768 ns, Reaching safepoint: 73739 ns, At safepoint: 2782 ns, Total: 76521 ns
[2020-05-16T05:33:34.177+0000][8924][safepoint    ] Safepoint "Cleanup", Time since last: 1000267594 ns, Reaching safepoint: 58435 ns, At safepoint: 2319 ns, Total: 60754 ns
[2020-05-16T05:33:35.177+0000][8924][safepoint    ] Safepoint "Cleanup", Time since last: 1000586666 ns, Reaching safepoint: 87189 ns, At safepoint: 6029 ns, Total: 93218 ns
[2020-05-16T05:33:36.178+0000][8924][safepoint    ] Safepoint "Cleanup", Time since last: 1000460985 ns, Reaching safepoint: 89971 ns, At safepoint: 3246 ns, Total: 93217 ns
[2020-05-16T05:33:38.179+0000][8924][safepoint    ] Safepoint "Cleanup", Time since last: 2000864000 ns, Reaching safepoint: 82087 ns, At safepoint: 3246 ns, Total: 85333 ns
[2020-05-16T05:33:39.180+0000][8924][safepoint    ] Safepoint "Cleanup", Time since last: 1000815768 ns, Reaching safepoint: 87188 ns, At safepoint: 3247 ns, Total: 90435 ns
[2020-05-16T05:33:40.180+0000][8924][safepoint    ] Safepoint "Cleanup", Time since last: 1000272231 ns, Reaching safepoint: 123363 ns, At safepoint: 3710 ns, Total: 127073 ns
[2020-05-16T05:33:41.180+0000][8924][safepoint    ] Safepoint "Cleanup", Time since last: 1000200348 ns, Reaching safepoint: 107594 ns, At safepoint: 5101 ns, Total: 112695 ns
[2020-05-16T05:33:42.181+0000][8924][safepoint    ] Safepoint "Cleanup", Time since last: 1000461449 ns, Reaching safepoint: 73739 ns, At safepoint: 3711 ns, Total: 77450 ns
[2020-05-16T05:33:43.181+0000][8924][safepoint    ] Safepoint "Cleanup", Time since last: 1000099246 ns, Reaching safepoint: 92290 ns, At safepoint: 3710 ns, Total: 96000 ns
[2020-05-16T05:33:44.181+0000][8924][safepoint    ] Safepoint "Cleanup", Time since last: 1000016695 ns, Reaching safepoint: 103884 ns, At safepoint: 3711 ns, Total: 107595 ns
[2020-05-16T05:33:46.182+0000][8924][safepoint    ] Safepoint "Cleanup", Time since last: 2000501333 ns, Reaching safepoint: 77449 ns, At safepoint: 3710 ns, Total: 81159 ns
[2020-05-16T05:33:47.183+0000][8924][safepoint    ] Safepoint "Cleanup", Time since last: 1000669217 ns, Reaching safepoint: 141449 ns, At safepoint: 6493 ns, Total: 147942 ns
[2020-05-16T05:33:49.183+0000][8924][safepoint    ] Safepoint "Cleanup", Time since last: 1999931826 ns, Reaching safepoint: 97855 ns, At safepoint: 3247 ns, Total: 101102 ns
[2020-05-16T05:33:50.183+0000][8924][safepoint    ] Safepoint "Cleanup", Time since last: 1000010666 ns, Reaching safepoint: 91363 ns, At safepoint: 2782 ns, Total: 94145 ns
[2020-05-16T05:33:51.184+0000][8924][safepoint    ] Safepoint "Cleanup", Time since last: 1000919188 ns, Reaching safepoint: 92290 ns, At safepoint: 3710 ns, Total: 96000 ns
[2020-05-16T05:33:52.185+0000][8924][safepoint    ] Safepoint "Cleanup", Time since last: 1000832463 ns, Reaching safepoint: 81160 ns, At safepoint: 4638 ns, Total: 85798 ns
[2020-05-16T05:33:53.186+0000][8924][safepoint    ] Safepoint "Cleanup", Time since last: 1000847767 ns, Reaching safepoint: 86261 ns, At safepoint: 3710 ns, Total: 89971 ns
[2020-05-16T05:33:54.186+0000][8924][safepoint    ] Safepoint "Cleanup", Time since last: 1000700290 ns, Reaching safepoint: 97391 ns, At safepoint: 3246 ns, Total: 100637 ns
[2020-05-16T05:33:55.187+0000][8924][safepoint    ] Safepoint "Cleanup", Time since last: 1000873275 ns, Reaching safepoint: 98783 ns, At safepoint: 5565 ns, Total: 104348 ns
[2020-05-16T05:33:56.188+0000][8924][safepoint    ] Safepoint "Cleanup", Time since last: 1000899246 ns, Reaching safepoint: 177159 ns, At safepoint: 4638 ns, Total: 181797 ns
[2020-05-16T05:33:57.189+0000][8924][safepoint    ] Safepoint "Cleanup", Time since last: 1000343652 ns, Reaching safepoint: 95536 ns, At safepoint: 4174 ns, Total: 99710 ns
[2020-05-16T05:33:58.189+0000][8924][safepoint    ] Safepoint "Cleanup", Time since last: 1000032000 ns, Reaching safepoint: 94145 ns, At safepoint: 4174 ns, Total: 98319 ns
[2020-05-16T05:33:59.190+0000][8924][safepoint    ] Safepoint "Cleanup", Time since last: 1000739246 ns, Reaching safepoint: 88116 ns, At safepoint: 5565 ns, Total: 93681 ns
[2020-05-16T05:34:01.191+0000][8924][safepoint    ] Safepoint "Cleanup", Time since last: 2000736927 ns, Reaching safepoint: 72812 ns, At safepoint: 3246 ns, Total: 76058 ns
[2020-05-16T05:34:02.191+0000][8924][safepoint    ] Safepoint "Cleanup", Time since last: 1000026435 ns, Reaching safepoint: 79304 ns, At safepoint: 3247 ns, Total: 82551 ns
[2020-05-16T05:34:03.191+0000][8924][safepoint    ] Safepoint "Cleanup", Time since last: 1000025043 ns, Reaching safepoint: 122435 ns, At safepoint: 4638 ns, Total: 127073 ns
[2020-05-16T05:34:04.192+0000][8924][safepoint    ] Safepoint "Cleanup", Time since last: 1000770318 ns, Reaching safepoint: 84870 ns, At safepoint: 6029 ns, Total: 90899 ns
[2020-05-16T05:34:05.192+0000][8924][safepoint    ] Safepoint "Cleanup", Time since last: 1000026434 ns, Reaching safepoint: 93218 ns, At safepoint: 3246 ns, Total: 96464 ns
[2020-05-16T05:34:06.192+0000][8924][safepoint    ] Safepoint "Cleanup", Time since last: 1000504116 ns, Reaching safepoint: 95536 ns, At safepoint: 3710 ns, Total: 99246 ns
[2020-05-16T05:34:07.193+0000][8924][safepoint    ] Safepoint "Cleanup", Time since last: 1000705855 ns, Reaching safepoint: 70493 ns, At safepoint: 21333 ns, Total: 91826 ns
[2020-05-16T05:34:08.193+0000][8924][safepoint    ] Safepoint "Cleanup", Time since last: 1000027826 ns, Reaching safepoint: 71420 ns, At safepoint: 4638 ns, Total: 76058 ns
[2020-05-16T05:34:09.194+0000][8924][safepoint    ] Safepoint "Cleanup", Time since last: 1000967420 ns, Reaching safepoint: 83478 ns, At safepoint: 3246 ns, Total: 86724 ns
[2020-05-16T05:34:10.195+0000][8924][safepoint    ] Safepoint "Cleanup", Time since last: 1000518493 ns, Reaching safepoint: 90435 ns, At safepoint: 3246 ns, Total: 93681 ns
[2020-05-16T05:34:11.196+0000][8924][safepoint    ] Safepoint "Cleanup", Time since last: 1000917797 ns, Reaching safepoint: 73275 ns, At safepoint: 3710 ns, Total: 76985 ns
[2020-05-16T05:34:12.197+0000][8924][safepoint    ] Safepoint "Cleanup", Time since last: 1000844522 ns, Reaching safepoint: 69565 ns, At safepoint: 3710 ns, Total: 73275 ns
[2020-05-16T05:34:13.197+0000][8924][safepoint    ] Safepoint "Cleanup", Time since last: 1000105275 ns, Reaching safepoint: 74203 ns, At safepoint: 3246 ns, Total: 77449 ns
[2020-05-16T05:34:14.197+0000][8924][safepoint    ] Safepoint "Cleanup", Time since last: 1000166493 ns, Reaching safepoint: 115478 ns, At safepoint: 6493 ns, Total: 121971 ns
[2020-05-16T05:34:15.198+0000][8924][safepoint    ] Safepoint "Cleanup", Time since last: 1000198493 ns, Reaching safepoint: 80695 ns, At safepoint: 5566 ns, Total: 86261 ns
[2020-05-16T05:34:16.198+0000][8924][safepoint    ] Safepoint "Cleanup", Time since last: 1000133101 ns, Reaching safepoint: 78377 ns, At safepoint: 3246 ns, Total: 81623 ns
[2020-05-16T05:34:17.198+0000][8924][safepoint    ] Safepoint "Cleanup", Time since last: 1000313507 ns, Reaching safepoint: 108058 ns, At safepoint: 3246 ns, Total: 111304 ns
[2020-05-16T05:34:18.199+0000][8924][safepoint    ] Safepoint "Cleanup", Time since last: 1000808812 ns, Reaching safepoint: 95072 ns, At safepoint: 3710 ns, Total: 98782 ns
[2020-05-16T05:34:19.200+0000][8924][safepoint    ] Safepoint "Cleanup", Time since last: 1000179942 ns, Reaching safepoint: 90435 ns, At safepoint: 3246 ns, Total: 93681 ns
[2020-05-16T05:34:21.200+0000][8924][safepoint    ] Safepoint "Cleanup", Time since last: 2000162319 ns, Reaching safepoint: 100638 ns, At safepoint: 6029 ns, Total: 106667 ns
[2020-05-16T05:34:22.201+0000][8924][safepoint    ] Safepoint "Cleanup", Time since last: 1000693333 ns, Reaching safepoint: 99246 ns, At safepoint: 6957 ns, Total: 106203 ns
[2020-05-16T05:34:23.201+0000][8924][safepoint    ] Safepoint "Cleanup", Time since last: 1000359883 ns, Reaching safepoint: 68174 ns, At safepoint: 3247 ns, Total: 71421 ns
[2020-05-16T05:34:24.201+0000][8924][safepoint    ] Safepoint "Cleanup", Time since last: 1000045449 ns, Reaching safepoint: 74667 ns, At safepoint: 12058 ns, Total: 86725 ns
[2020-05-16T05:34:25.201+0000][8924][safepoint    ] Safepoint "Cleanup", Time since last: 1000111768 ns, Reaching safepoint: 70956 ns, At safepoint: 3710 ns, Total: 74666 ns
[2020-05-16T05:34:26.202+0000][8924][safepoint    ] Safepoint "Cleanup", Time since last: 1000650203 ns, Reaching safepoint: 99246 ns, At safepoint: 3710 ns, Total: 102956 ns
[2020-05-16T05:34:27.203+0000][8924][safepoint    ] Safepoint "Cleanup", Time since last: 1000746667 ns, Reaching safepoint: 93217 ns, At safepoint: 4638 ns, Total: 97855 ns
[2020-05-16T05:34:29.204+0000][8924][safepoint    ] Safepoint "Cleanup", Time since last: 2000559768 ns, Reaching safepoint: 154898 ns, At safepoint: 6029 ns, Total: 160927 ns
[2020-05-16T05:34:31.204+0000][8924][safepoint    ] Safepoint "Cleanup", Time since last: 2000481855 ns, Reaching safepoint: 93681 ns, At safepoint: 4638 ns, Total: 98319 ns
[2020-05-16T05:34:32.205+0000][8924][safepoint    ] Safepoint "Cleanup", Time since last: 1000179014 ns, Reaching safepoint: 100638 ns, At safepoint: 3710 ns, Total: 104348 ns
[2020-05-16T05:34:33.205+0000][8924][safepoint    ] Safepoint "Cleanup", Time since last: 1000484174 ns, Reaching safepoint: 76985 ns, At safepoint: 5101 ns, Total: 82086 ns
[2020-05-16T05:34:34.205+0000][8924][safepoint    ] Safepoint "Cleanup", Time since last: 1000082087 ns, Reaching safepoint: 83015 ns, At safepoint: 4637 ns, Total: 87652 ns
[2020-05-16T05:34:35.206+0000][8924][safepoint    ] Safepoint "Cleanup", Time since last: 1000427131 ns, Reaching safepoint: 127072 ns, At safepoint: 3246 ns, Total: 130318 ns
[2020-05-16T05:34:36.206+0000][8924][safepoint    ] Safepoint "Cleanup", Time since last: 1000065856 ns, Reaching safepoint: 151652 ns, At safepoint: 13913 ns, Total: 165565 ns
[2020-05-16T05:34:37.207+0000][8924][safepoint    ] Safepoint "Cleanup", Time since last: 1000616347 ns, Reaching safepoint: 80696 ns, At safepoint: 3246 ns, Total: 83942 ns
[2020-05-16T05:34:38.208+0000][8924][safepoint    ] Safepoint "Cleanup", Time since last: 1000873739 ns, Reaching safepoint: 86261 ns, At safepoint: 2782 ns, Total: 89043 ns
[2020-05-16T05:34:40.209+0000][8924][safepoint    ] Safepoint "Cleanup", Time since last: 2000755478 ns, Reaching safepoint: 92754 ns, At safepoint: 2782 ns, Total: 95536 ns
[2020-05-16T05:34:41.209+0000][8924][safepoint    ] Safepoint "Cleanup", Time since last: 1000739246 ns, Reaching safepoint: 94609 ns, At safepoint: 4174 ns, Total: 98783 ns
[2020-05-16T05:34:42.210+0000][8924][safepoint    ] Safepoint "Cleanup", Time since last: 1000215188 ns, Reaching safepoint: 95073 ns, At safepoint: 4174 ns, Total: 99247 ns
[2020-05-16T05:34:43.210+0000][8924][safepoint    ] Safepoint "Cleanup", Time since last: 1000322318 ns, Reaching safepoint: 95073 ns, At safepoint: 3246 ns, Total: 98319 ns
[2020-05-16T05:34:44.211+0000][8924][safepoint    ] Safepoint "Cleanup", Time since last: 1000840811 ns, Reaching safepoint: 91826 ns, At safepoint: 3247 ns, Total: 95073 ns
[2020-05-16T05:34:45.212+0000][8924][safepoint    ] Safepoint "Cleanup", Time since last: 1000499942 ns, Reaching safepoint: 74202 ns, At safepoint: 3247 ns, Total: 77449 ns
[2020-05-16T05:34:46.212+0000][8924][safepoint    ] Safepoint "Cleanup", Time since last: 1000669681 ns, Reaching safepoint: 111304 ns, At safepoint: 2783 ns, Total: 114087 ns
[2020-05-16T05:34:47.213+0000][8924][safepoint    ] Safepoint "Cleanup", Time since last: 1000561623 ns, Reaching safepoint: 95072 ns, At safepoint: 5101 ns, Total: 100173 ns
[2020-05-16T05:34:48.214+0000][8924][safepoint    ] Safepoint "Cleanup", Time since last: 1000541681 ns, Reaching safepoint: 89971 ns, At safepoint: 3247 ns, Total: 93218 ns
[2020-05-16T05:34:49.214+0000][8924][safepoint    ] Safepoint "Cleanup", Time since last: 1000537043 ns, Reaching safepoint: 95072 ns, At safepoint: 4174 ns, Total: 99246 ns
[2020-05-16T05:34:51.215+0000][8924][safepoint    ] Safepoint "Cleanup", Time since last: 2000584348 ns, Reaching safepoint: 94608 ns, At safepoint: 4638 ns, Total: 99246 ns
[2020-05-16T05:34:52.216+0000][8924][safepoint    ] Safepoint "Cleanup", Time since last: 1000888116 ns, Reaching safepoint: 98782 ns, At safepoint: 6029 ns, Total: 104811 ns
[2020-05-16T05:34:53.216+0000][8924][safepoint    ] Safepoint "Cleanup", Time since last: 1000064464 ns, Reaching safepoint: 80232 ns, At safepoint: 5101 ns, Total: 85333 ns
[2020-05-16T05:34:54.217+0000][8924][safepoint    ] Safepoint "Cleanup", Time since last: 1000682667 ns, Reaching safepoint: 79304 ns, At safepoint: 3246 ns, Total: 82550 ns
[2020-05-16T05:34:56.218+0000][8924][safepoint    ] Safepoint "Cleanup", Time since last: 2000718377 ns, Reaching safepoint: 92290 ns, At safepoint: 5565 ns, Total: 97855 ns
[2020-05-16T05:34:57.218+0000][8924][safepoint    ] Safepoint "Cleanup", Time since last: 1000591304 ns, Reaching safepoint: 75594 ns, At safepoint: 4174 ns, Total: 79768 ns
[2020-05-16T05:34:58.219+0000][8924][safepoint    ] Safepoint "Cleanup", Time since last: 1000250898 ns, Reaching safepoint: 99710 ns, At safepoint: 6029 ns, Total: 105739 ns
[2020-05-16T05:34:59.219+0000][8924][safepoint    ] Safepoint "Cleanup", Time since last: 1000084870 ns, Reaching safepoint: 111304 ns, At safepoint: 4174 ns, Total: 115478 ns
[2020-05-16T05:35:00.220+0000][8924][safepoint    ] Safepoint "Cleanup", Time since last: 1000673391 ns, Reaching safepoint: 88116 ns, At safepoint: 3246 ns, Total: 91362 ns
[2020-05-16T05:35:02.220+0000][8924][safepoint    ] Safepoint "Cleanup", Time since last: 1999958725 ns, Reaching safepoint: 97855 ns, At safepoint: 5565 ns, Total: 103420 ns
[2020-05-16T05:35:03.220+0000][8924][safepoint    ] Safepoint "Cleanup", Time since last: 1000428522 ns, Reaching safepoint: 118261 ns, At safepoint: 5101 ns, Total: 123362 ns
[2020-05-16T05:35:04.221+0000][8924][safepoint    ] Safepoint "Cleanup", Time since last: 1000220290 ns, Reaching safepoint: 94145 ns, At safepoint: 3246 ns, Total: 97391 ns
[2020-05-16T05:35:05.222+0000][8924][safepoint    ] Safepoint "Cleanup", Time since last: 1000780058 ns, Reaching safepoint: 94145 ns, At safepoint: 4174 ns, Total: 98319 ns
[2020-05-16T05:35:06.222+0000][8924][safepoint    ] Safepoint "Cleanup", Time since last: 1000335304 ns, Reaching safepoint: 89971 ns, At safepoint: 5565 ns, Total: 95536 ns
[2020-05-16T05:35:07.222+0000][8924][safepoint    ] Safepoint "Cleanup", Time since last: 1000075594 ns, Reaching safepoint: 140986 ns, At safepoint: 5101 ns, Total: 146087 ns
[2020-05-16T05:35:08.223+0000][8924][safepoint    ] Safepoint "Cleanup", Time since last: 1000675246 ns, Reaching safepoint: 135884 ns, At safepoint: 2783 ns, Total: 138667 ns
[2020-05-16T05:35:09.224+0000][8924][safepoint    ] Safepoint "Cleanup", Time since last: 1000781912 ns, Reaching safepoint: 217971 ns, At safepoint: 6029 ns, Total: 224000 ns
[2020-05-16T05:35:10.224+0000][8924][safepoint    ] Safepoint "Cleanup", Time since last: 1000318145 ns, Reaching safepoint: 92754 ns, At safepoint: 4173 ns, Total: 96927 ns
[2020-05-16T05:35:11.225+0000][8924][safepoint    ] Safepoint "Cleanup", Time since last: 1000568116 ns, Reaching safepoint: 145160 ns, At safepoint: 6029 ns, Total: 151189 ns
[2020-05-16T05:35:12.226+0000][8924][safepoint    ] Safepoint "Cleanup", Time since last: 1000774492 ns, Reaching safepoint: 96000 ns, At safepoint: 4638 ns, Total: 100638 ns
[2020-05-16T05:35:14.227+0000][8924][safepoint    ] Safepoint "Cleanup", Time since last: 2000639999 ns, Reaching safepoint: 92290 ns, At safepoint: 2783 ns, Total: 95073 ns
[2020-05-16T05:35:15.228+0000][8924][safepoint    ] Safepoint "Cleanup", Time since last: 1000603825 ns, Reaching safepoint: 79305 ns, At safepoint: 3710 ns, Total: 83015 ns
[2020-05-16T05:35:16.228+0000][8924][safepoint    ] Safepoint "Cleanup", Time since last: 1000732289 ns, Reaching safepoint: 79768 ns, At safepoint: 3247 ns, Total: 83015 ns
[2020-05-16T05:35:17.228+0000][8924][safepoint    ] Safepoint "Cleanup", Time since last: 1000042203 ns, Reaching safepoint: 92753 ns, At safepoint: 3247 ns, Total: 96000 ns
[2020-05-16T05:35:18.229+0000][8924][safepoint    ] Safepoint "Cleanup", Time since last: 1000110840 ns, Reaching safepoint: 103420 ns, At safepoint: 6029 ns, Total: 109449 ns
[2020-05-16T05:35:20.229+0000][8924][safepoint    ] Safepoint "Cleanup", Time since last: 2000475826 ns, Reaching safepoint: 97855 ns, At safepoint: 3247 ns, Total: 101102 ns
[2020-05-16T05:35:21.230+0000][8924][safepoint    ] Safepoint "Cleanup", Time since last: 1000789796 ns, Reaching safepoint: 91827 ns, At safepoint: 3246 ns, Total: 95073 ns
[2020-05-16T05:35:22.230+0000][8924][safepoint    ] Safepoint "Cleanup", Time since last: 1000023188 ns, Reaching safepoint: 100174 ns, At safepoint: 3247 ns, Total: 103421 ns
[2020-05-16T05:35:23.231+0000][8924][safepoint    ] Safepoint "Cleanup", Time since last: 1000333912 ns, Reaching safepoint: 111768 ns, At safepoint: 4638 ns, Total: 116406 ns
[2020-05-16T05:35:24.231+0000][8924][safepoint    ] Safepoint "Cleanup", Time since last: 1000232348 ns, Reaching safepoint: 97855 ns, At safepoint: 4638 ns, Total: 102493 ns
[2020-05-16T05:35:25.232+0000][8924][safepoint    ] Safepoint "Cleanup", Time since last: 1000591304 ns, Reaching safepoint: 151652 ns, At safepoint: 6493 ns, Total: 158145 ns
[2020-05-16T05:35:26.232+0000][8924][safepoint    ] Safepoint "Cleanup", Time since last: 1000319072 ns, Reaching safepoint: 83478 ns, At safepoint: 3246 ns, Total: 86724 ns
[2020-05-16T05:35:27.233+0000][8924][safepoint    ] Safepoint "Cleanup", Time since last: 1000930319 ns, Reaching safepoint: 96464 ns, At safepoint: 3246 ns, Total: 99710 ns
[2020-05-16T05:35:28.643+0000][8924][safepoint    ] Safepoint "Cleanup", Time since last: 1410332099 ns, Reaching safepoint: 94609 ns, At safepoint: 48232 ns, Total: 142841 ns
[2020-05-16T05:35:30.645+0000][8924][safepoint    ] Safepoint "Cleanup", Time since last: 2000858434 ns, Reaching safepoint: 76522 ns, At safepoint: 4174 ns, Total: 80696 ns
[2020-05-16T05:35:31.646+0000][8924][safepoint    ] Safepoint "Cleanup", Time since last: 1000854260 ns, Reaching safepoint: 104348 ns, At safepoint: 3710 ns, Total: 108058 ns
[2020-05-16T05:35:32.646+0000][8924][safepoint    ] Safepoint "Cleanup", Time since last: 1000056580 ns, Reaching safepoint: 94145 ns, At safepoint: 3246 ns, Total: 97391 ns
[2020-05-16T05:35:33.646+0000][8924][safepoint    ] Safepoint "Cleanup", Time since last: 1000020406 ns, Reaching safepoint: 123362 ns, At safepoint: 34783 ns, Total: 158145 ns
[2020-05-16T05:35:35.646+0000][8924][safepoint    ] Safepoint "Cleanup", Time since last: 2000348753 ns, Reaching safepoint: 108522 ns, At safepoint: 5102 ns, Total: 113624 ns
[2020-05-16T05:35:36.647+0000][8924][safepoint    ] Safepoint "Cleanup", Time since last: 1000716521 ns, Reaching safepoint: 94145 ns, At safepoint: 3710 ns, Total: 97855 ns
[2020-05-16T05:35:37.648+0000][8924][safepoint    ] Safepoint "Cleanup", Time since last: 1000292174 ns, Reaching safepoint: 89043 ns, At safepoint: 5565 ns, Total: 94608 ns
[2020-05-16T05:35:39.648+0000][8924][safepoint    ] Safepoint "Cleanup", Time since last: 2000344580 ns, Reaching safepoint: 115014 ns, At safepoint: 3247 ns, Total: 118261 ns
[2020-05-16T05:35:40.648+0000][8924][safepoint    ] Safepoint "Cleanup", Time since last: 1000103884 ns, Reaching safepoint: 94608 ns, At safepoint: 5566 ns, Total: 100174 ns
[2020-05-16T05:35:41.649+0000][8924][safepoint    ] Safepoint "Cleanup", Time since last: 1000567188 ns, Reaching safepoint: 91362 ns, At safepoint: 3246 ns, Total: 94608 ns
[2020-05-16T05:35:42.649+0000][8924][safepoint    ] Safepoint "Cleanup", Time since last: 1000185971 ns, Reaching safepoint: 108986 ns, At safepoint: 3246 ns, Total: 112232 ns
[2020-05-16T05:35:43.650+0000][8924][safepoint    ] Safepoint "Cleanup", Time since last: 1000270377 ns, Reaching safepoint: 89507 ns, At safepoint: 3247 ns, Total: 92754 ns
[2020-05-16T05:35:44.650+0000][8924][safepoint    ] Safepoint "Cleanup", Time since last: 1000038492 ns, Reaching safepoint: 106203 ns, At safepoint: 4638 ns, Total: 110841 ns
[2020-05-16T05:35:45.650+0000][8924][safepoint    ] Safepoint "Cleanup", Time since last: 1000502724 ns, Reaching safepoint: 113160 ns, At safepoint: 3246 ns, Total: 116406 ns
[2020-05-16T05:35:47.650+0000][8924][safepoint    ] Safepoint "Cleanup", Time since last: 2000050087 ns, Reaching safepoint: 90435 ns, At safepoint: 3246 ns, Total: 93681 ns
[2020-05-16T05:35:48.651+0000][8924][safepoint    ] Safepoint "Cleanup", Time since last: 1000350145 ns, Reaching safepoint: 95536 ns, At safepoint: 3246 ns, Total: 98782 ns
[2020-05-16T05:35:49.651+0000][8924][safepoint    ] Safepoint "Cleanup", Time since last: 1000093218 ns, Reaching safepoint: 83478 ns, At safepoint: 3710 ns, Total: 87188 ns
[2020-05-16T05:35:50.652+0000][8924][safepoint    ] Safepoint "Cleanup", Time since last: 1000634434 ns, Reaching safepoint: 94145 ns, At safepoint: 3711 ns, Total: 97856 ns
[2020-05-16T05:35:52.653+0000][8924][safepoint    ] Safepoint "Cleanup", Time since last: 2000883941 ns, Reaching safepoint: 97855 ns, At safepoint: 3247 ns, Total: 101102 ns
[2020-05-16T05:35:53.653+0000][8924][safepoint    ] Safepoint "Cleanup", Time since last: 1000402086 ns, Reaching safepoint: 92754 ns, At safepoint: 4174 ns, Total: 96928 ns
[2020-05-16T05:35:54.654+0000][8924][safepoint    ] Safepoint "Cleanup", Time since last: 1000168811 ns, Reaching safepoint: 190609 ns, At safepoint: 6956 ns, Total: 197565 ns
[2020-05-16T05:35:55.654+0000][8924][safepoint    ] Safepoint "Cleanup", Time since last: 1000244406 ns, Reaching safepoint: 97855 ns, At safepoint: 5102 ns, Total: 102957 ns
[2020-05-16T05:35:56.654+0000][8924][safepoint    ] Safepoint "Cleanup", Time since last: 1000231884 ns, Reaching safepoint: 98782 ns, At safepoint: 3710 ns, Total: 102492 ns
[2020-05-16T05:35:57.655+0000][8924][safepoint    ] Safepoint "Cleanup", Time since last: 1000526377 ns, Reaching safepoint: 152116 ns, At safepoint: 6029 ns, Total: 158145 ns
[2020-05-16T05:35:58.655+0000][8924][safepoint    ] Safepoint "Cleanup", Time since last: 1000128000 ns, Reaching safepoint: 336695 ns, At safepoint: 5102 ns, Total: 341797 ns
[2020-05-16T05:36:00.656+0000][8924][safepoint    ] Safepoint "Cleanup", Time since last: 2000329739 ns, Reaching safepoint: 135420 ns, At safepoint: 4174 ns, Total: 139594 ns
[2020-05-16T05:36:01.657+0000][8924][safepoint    ] Safepoint "Cleanup", Time since last: 1000548637 ns, Reaching safepoint: 161391 ns, At safepoint: 5102 ns, Total: 166493 ns
[2020-05-16T05:36:02.657+0000][8924][safepoint    ] Safepoint "Cleanup", Time since last: 1000003710 ns, Reaching safepoint: 133565 ns, At safepoint: 5102 ns, Total: 138667 ns
[2020-05-16T05:36:03.658+0000][8924][safepoint    ] Safepoint "Cleanup", Time since last: 1000621449 ns, Reaching safepoint: 133101 ns, At safepoint: 5565 ns, Total: 138666 ns
[2020-05-16T05:36:04.658+0000][8924][safepoint    ] Safepoint "Cleanup", Time since last: 1000189217 ns, Reaching safepoint: 84870 ns, At safepoint: 2783 ns, Total: 87653 ns
[2020-05-16T05:36:05.658+0000][8924][safepoint    ] Safepoint "Cleanup", Time since last: 1000411825 ns, Reaching safepoint: 75595 ns, At safepoint: 3710 ns, Total: 79305 ns
[2020-05-16T05:36:06.659+0000][8924][safepoint    ] Safepoint "Cleanup", Time since last: 1000040348 ns, Reaching safepoint: 91826 ns, At safepoint: 3246 ns, Total: 95072 ns
[2020-05-16T05:36:07.659+0000][8924][safepoint    ] Safepoint "Cleanup", Time since last: 1000798145 ns, Reaching safepoint: 72347 ns, At safepoint: 3710 ns, Total: 76057 ns
[2020-05-16T05:36:08.660+0000][8924][safepoint    ] Safepoint "Cleanup", Time since last: 1000774493 ns, Reaching safepoint: 109913 ns, At safepoint: 6956 ns, Total: 116869 ns
[2020-05-16T05:36:10.660+0000][8924][safepoint    ] Safepoint "Cleanup", Time since last: 1999985160 ns, Reaching safepoint: 83942 ns, At safepoint: 5565 ns, Total: 89507 ns
[2020-05-16T05:36:11.661+0000][8924][safepoint    ] Safepoint "Cleanup", Time since last: 1000679884 ns, Reaching safepoint: 65391 ns, At safepoint: 3246 ns, Total: 68637 ns
[2020-05-16T05:36:12.662+0000][8924][safepoint    ] Safepoint "Cleanup", Time since last: 1000825507 ns, Reaching safepoint: 109913 ns, At safepoint: 6029 ns, Total: 115942 ns
[2020-05-16T05:36:14.663+0000][8924][safepoint    ] Safepoint "Cleanup", Time since last: 2000910377 ns, Reaching safepoint: 90434 ns, At safepoint: 2783 ns, Total: 93217 ns
[2020-05-16T05:36:15.663+0000][8924][safepoint    ] Safepoint "Cleanup", Time since last: 1000177623 ns, Reaching safepoint: 93681 ns, At safepoint: 5102 ns, Total: 98783 ns
[2020-05-16T05:36:16.663+0000][8924][safepoint    ] Safepoint "Cleanup", Time since last: 1000046840 ns, Reaching safepoint: 87652 ns, At safepoint: 2783 ns, Total: 90435 ns
[2020-05-16T05:36:17.664+0000][8924][safepoint    ] Safepoint "Cleanup", Time since last: 1000004174 ns, Reaching safepoint: 52869 ns, At safepoint: 1855 ns, Total: 54724 ns
[2020-05-16T05:36:18.664+0000][8924][safepoint    ] Safepoint "Cleanup", Time since last: 1000131247 ns, Reaching safepoint: 75130 ns, At safepoint: 5565 ns, Total: 80695 ns
[2020-05-16T05:36:19.777+0000][8924][safepoint    ] Safepoint "Cleanup", Time since last: 1113616643 ns, Reaching safepoint: 75595 ns, At safepoint: 2782 ns, Total: 78377 ns
[2020-05-16T05:36:20.778+0000][8924][safepoint    ] Safepoint "Cleanup", Time since last: 1000531942 ns, Reaching safepoint: 90435 ns, At safepoint: 4174 ns, Total: 94609 ns
[2020-05-16T05:36:21.778+0000][8924][safepoint    ] Safepoint "Cleanup", Time since last: 1000282898 ns, Reaching safepoint: 83478 ns, At safepoint: 3247 ns, Total: 86725 ns
[2020-05-16T05:36:22.779+0000][8924][safepoint    ] Safepoint "Cleanup", Time since last: 1000019942 ns, Reaching safepoint: 84869 ns, At safepoint: 3247 ns, Total: 88116 ns
[2020-05-16T05:36:23.800+0000][8924][safepoint    ] Safepoint "Cleanup", Time since last: 1000359420 ns, Reaching safepoint: 21644511 ns, At safepoint: 51479 ns, Total: 21695990 ns
[2020-05-16T05:36:25.801+0000][8924][safepoint    ] Safepoint "Cleanup", Time since last: 2000744811 ns, Reaching safepoint: 88579 ns, At safepoint: 3247 ns, Total: 91826 ns
[2020-05-16T05:36:26.802+0000][8924][safepoint    ] Safepoint "Cleanup", Time since last: 1000537043 ns, Reaching safepoint: 101102 ns, At safepoint: 5101 ns, Total: 106203 ns
[2020-05-16T05:36:28.803+0000][8924][safepoint    ] Safepoint "Cleanup", Time since last: 2000855188 ns, Reaching safepoint: 74667 ns, At safepoint: 4637 ns, Total: 79304 ns
[2020-05-16T05:36:29.803+0000][8924][safepoint    ] Safepoint "Cleanup", Time since last: 1000054261 ns, Reaching safepoint: 89971 ns, At safepoint: 2783 ns, Total: 92754 ns
[2020-05-16T05:36:30.803+0000][8924][safepoint    ] Safepoint "Cleanup", Time since last: 1000025971 ns, Reaching safepoint: 94145 ns, At safepoint: 3246 ns, Total: 97391 ns
[2020-05-16T05:36:32.804+0000][8924][safepoint    ] Safepoint "Cleanup", Time since last: 2000670608 ns, Reaching safepoint: 93218 ns, At safepoint: 2319 ns, Total: 95537 ns
[2020-05-16T05:36:33.805+0000][8924][safepoint    ] Safepoint "Cleanup", Time since last: 1000774956 ns, Reaching safepoint: 69565 ns, At safepoint: 3246 ns, Total: 72811 ns
[2020-05-16T05:36:34.805+0000][8924][safepoint    ] Safepoint "Cleanup", Time since last: 1000488348 ns, Reaching safepoint: 86261 ns, At safepoint: 3246 ns, Total: 89507 ns
[2020-05-16T05:36:35.806+0000][8924][safepoint    ] Safepoint "Cleanup", Time since last: 1000741101 ns, Reaching safepoint: 98783 ns, At safepoint: 6029 ns, Total: 104812 ns
[2020-05-16T05:36:37.807+0000][8924][safepoint    ] Safepoint "Cleanup", Time since last: 2000832463 ns, Reaching safepoint: 65855 ns, At safepoint: 3247 ns, Total: 69102 ns
[2020-05-16T05:36:38.808+0000][8924][safepoint    ] Safepoint "Cleanup", Time since last: 1000240695 ns, Reaching safepoint: 88580 ns, At safepoint: 4174 ns, Total: 92754 ns
[2020-05-16T05:36:39.808+0000][8924][safepoint    ] Safepoint "Cleanup", Time since last: 1000283362 ns, Reaching safepoint: 67710 ns, At safepoint: 4638 ns, Total: 72348 ns
[2020-05-16T05:36:40.808+0000][8924][safepoint    ] Safepoint "Cleanup", Time since last: 1000031536 ns, Reaching safepoint: 89507 ns, At safepoint: 4174 ns, Total: 93681 ns
[2020-05-16T05:36:41.809+0000][8924][safepoint    ] Safepoint "Cleanup", Time since last: 1000688695 ns, Reaching safepoint: 91826 ns, At safepoint: 4174 ns, Total: 96000 ns
[2020-05-16T05:36:42.810+0000][8924][safepoint    ] Safepoint "Cleanup", Time since last: 1000638609 ns, Reaching safepoint: 112695 ns, At safepoint: 4174 ns, Total: 116869 ns
[2020-05-16T05:36:43.810+0000][8924][safepoint    ] Safepoint "Cleanup", Time since last: 1000166493 ns, Reaching safepoint: 96927 ns, At safepoint: 2319 ns, Total: 99246 ns
[2020-05-16T05:36:44.811+0000][8924][safepoint    ] Safepoint "Cleanup", Time since last: 1000774956 ns, Reaching safepoint: 71884 ns, At safepoint: 2319 ns, Total: 74203 ns
[2020-05-16T05:36:45.811+0000][8924][safepoint    ] Safepoint "Cleanup", Time since last: 1000475826 ns, Reaching safepoint: 102957 ns, At safepoint: 2318 ns, Total: 105275 ns
[2020-05-16T05:36:47.811+0000][8924][safepoint    ] Safepoint "Cleanup", Time since last: 1999959653 ns, Reaching safepoint: 85333 ns, At safepoint: 3246 ns, Total: 88579 ns
[2020-05-16T05:36:48.812+0000][8924][safepoint    ] Safepoint "Cleanup", Time since last: 1000207768 ns, Reaching safepoint: 69102 ns, At safepoint: 2782 ns, Total: 71884 ns
[2020-05-16T05:36:50.074+0000][8924][safepoint    ] Safepoint "Cleanup", Time since last: 1262100284 ns, Reaching safepoint: 299131 ns, At safepoint: 32927 ns, Total: 332058 ns
[2020-05-16T05:36:51.075+0000][8924][safepoint    ] Safepoint "Cleanup", Time since last: 1000520348 ns, Reaching safepoint: 80232 ns, At safepoint: 5101 ns, Total: 85333 ns
[2020-05-16T05:36:52.075+0000][8924][safepoint    ] Safepoint "Cleanup", Time since last: 1000131247 ns, Reaching safepoint: 89970 ns, At safepoint: 4174 ns, Total: 94144 ns
[2020-05-16T05:36:53.076+0000][8924][safepoint    ] Safepoint "Cleanup", Time since last: 1000766145 ns, Reaching safepoint: 96000 ns, At safepoint: 4174 ns, Total: 100174 ns
[2020-05-16T05:36:54.083+0000][8924][safepoint    ] Safepoint "Cleanup", Time since last: 1000308405 ns, Reaching safepoint: 7228751 ns, At safepoint: 22261 ns, Total: 7251012 ns
[2020-05-16T05:36:56.083+0000][8924][safepoint    ] Safepoint "Cleanup", Time since last: 1999927652 ns, Reaching safepoint: 123826 ns, At safepoint: 5565 ns, Total: 129391 ns
[2020-05-16T05:36:58.084+0000][8924][safepoint    ] Safepoint "Cleanup", Time since last: 2000023188 ns, Reaching safepoint: 107595 ns, At safepoint: 3710 ns, Total: 111305 ns
[2020-05-16T05:36:59.084+0000][8924][safepoint    ] Safepoint "Cleanup", Time since last: 1000492058 ns, Reaching safepoint: 112231 ns, At safepoint: 4638 ns, Total: 116869 ns
[2020-05-16T05:37:00.085+0000][8924][safepoint    ] Safepoint "Cleanup", Time since last: 1000602898 ns, Reaching safepoint: 100174 ns, At safepoint: 4174 ns, Total: 104348 ns
[2020-05-16T05:37:01.085+0000][8924][safepoint    ] Safepoint "Cleanup", Time since last: 1000451246 ns, Reaching safepoint: 104348 ns, At safepoint: 4638 ns, Total: 108986 ns
[2020-05-16T05:37:03.086+0000][8924][safepoint    ] Safepoint "Cleanup", Time since last: 2000259246 ns, Reaching safepoint: 102493 ns, At safepoint: 4637 ns, Total: 107130 ns
[2020-05-16T05:37:04.086+0000][8924][safepoint    ] Safepoint "Cleanup", Time since last: 1000369623 ns, Reaching safepoint: 88116 ns, At safepoint: 3710 ns, Total: 91826 ns
[2020-05-16T05:37:05.087+0000][8924][safepoint    ] Safepoint "Cleanup", Time since last: 1000379363 ns, Reaching safepoint: 109913 ns, At safepoint: 4637 ns, Total: 114550 ns
[2020-05-16T05:37:07.087+0000][8924][safepoint    ] Safepoint "Cleanup", Time since last: 2000480928 ns, Reaching safepoint: 138202 ns, At safepoint: 8348 ns, Total: 146550 ns
[2020-05-16T05:37:08.088+0000][8924][safepoint    ] Safepoint "Cleanup", Time since last: 1000277333 ns, Reaching safepoint: 75131 ns, At safepoint: 3710 ns, Total: 78841 ns
[2020-05-16T05:37:09.088+0000][8924][safepoint    ] Safepoint "Cleanup", Time since last: 1000233739 ns, Reaching safepoint: 68174 ns, At safepoint: 3710 ns, Total: 71884 ns
[2020-05-16T05:37:10.089+0000][8924][safepoint    ] Safepoint "Cleanup", Time since last: 1000735536 ns, Reaching safepoint: 185971 ns, At safepoint: 5101 ns, Total: 191072 ns
[2020-05-16T05:37:12.089+0000][8924][safepoint    ] Safepoint "Cleanup", Time since last: 2000282435 ns, Reaching safepoint: 110377 ns, At safepoint: 6492 ns, Total: 116869 ns
[2020-05-16T05:37:13.090+0000][8924][safepoint    ] Safepoint "Cleanup", Time since last: 1000814377 ns, Reaching safepoint: 128000 ns, At safepoint: 4637 ns, Total: 132637 ns
[2020-05-16T05:37:14.091+0000][8924][safepoint    ] Safepoint "Cleanup", Time since last: 1000214261 ns, Reaching safepoint: 88580 ns, At safepoint: 4174 ns, Total: 92754 ns
[2020-05-16T05:37:15.091+0000][8924][safepoint    ] Safepoint "Cleanup", Time since last: 1000526376 ns, Reaching safepoint: 110377 ns, At safepoint: 5102 ns, Total: 115479 ns
[2020-05-16T05:37:16.092+0000][8924][safepoint    ] Safepoint "Cleanup", Time since last: 1000498086 ns, Reaching safepoint: 137739 ns, At safepoint: 5102 ns, Total: 142841 ns
[2020-05-16T05:37:17.092+0000][8924][safepoint    ] Safepoint "Cleanup", Time since last: 1000251362 ns, Reaching safepoint: 128000 ns, At safepoint: 7420 ns, Total: 135420 ns
[2020-05-16T05:37:18.093+0000][8924][safepoint    ] Safepoint "Cleanup", Time since last: 1000146551 ns, Reaching safepoint: 102956 ns, At safepoint: 4638 ns, Total: 107594 ns
[2020-05-16T05:37:19.093+0000][8924][safepoint    ] Safepoint "Cleanup", Time since last: 1000523594 ns, Reaching safepoint: 85333 ns, At safepoint: 2319 ns, Total: 87652 ns
[2020-05-16T05:37:21.094+0000][8924][safepoint    ] Safepoint "Cleanup", Time since last: 2000477217 ns, Reaching safepoint: 79305 ns, At safepoint: 2782 ns, Total: 82087 ns
[2020-05-16T05:37:22.094+0000][8924][safepoint    ] Safepoint "Cleanup", Time since last: 1000171594 ns, Reaching safepoint: 123363 ns, At safepoint: 4637 ns, Total: 128000 ns
[2020-05-16T05:37:23.095+0000][8924][safepoint    ] Safepoint "Cleanup", Time since last: 1000610319 ns, Reaching safepoint: 89043 ns, At safepoint: 3247 ns, Total: 92290 ns
[2020-05-16T05:37:24.095+0000][8924][safepoint    ] Safepoint "Cleanup", Time since last: 1000159536 ns, Reaching safepoint: 95536 ns, At safepoint: 20406 ns, Total: 115942 ns
[2020-05-16T05:37:25.095+0000][8924][safepoint    ] Safepoint "Cleanup", Time since last: 1000204985 ns, Reaching safepoint: 118725 ns, At safepoint: 3246 ns, Total: 121971 ns
[2020-05-16T05:37:26.096+0000][8924][safepoint    ] Safepoint "Cleanup", Time since last: 1000258783 ns, Reaching safepoint: 59826 ns, At safepoint: 2782 ns, Total: 62608 ns
[2020-05-16T05:37:27.096+0000][8924][safepoint    ] Safepoint "Cleanup", Time since last: 1000683594 ns, Reaching safepoint: 93218 ns, At safepoint: 3246 ns, Total: 96464 ns
[2020-05-16T05:37:28.097+0000][8924][safepoint    ] Safepoint "Cleanup", Time since last: 1000779130 ns, Reaching safepoint: 115942 ns, At safepoint: 19014 ns, Total: 134956 ns
[2020-05-16T05:37:29.098+0000][8924][safepoint    ] Safepoint "Cleanup", Time since last: 1000592696 ns, Reaching safepoint: 72811 ns, At safepoint: 4174 ns, Total: 76985 ns
[2020-05-16T05:37:30.099+0000][8924][safepoint    ] Safepoint "Cleanup", Time since last: 1000686377 ns, Reaching safepoint: 66782 ns, At safepoint: 2783 ns, Total: 69565 ns
[2020-05-16T05:37:31.099+0000][8924][safepoint    ] Safepoint "Cleanup", Time since last: 1000610782 ns, Reaching safepoint: 104812 ns, At safepoint: 1855 ns, Total: 106667 ns
[2020-05-16T05:37:32.100+0000][8924][safepoint    ] Safepoint "Cleanup", Time since last: 1000204058 ns, Reaching safepoint: 133565 ns, At safepoint: 5565 ns, Total: 139130 ns
[2020-05-16T05:37:33.100+0000][8924][safepoint    ] Safepoint "Cleanup", Time since last: 1000603362 ns, Reaching safepoint: 103420 ns, At safepoint: 4638 ns, Total: 108058 ns
[2020-05-16T05:37:35.101+0000][8924][safepoint    ] Safepoint "Cleanup", Time since last: 2000006029 ns, Reaching safepoint: 92754 ns, At safepoint: 4637 ns, Total: 97391 ns
[2020-05-16T05:37:37.102+0000][8924][safepoint    ] Safepoint "Cleanup", Time since last: 2000914551 ns, Reaching safepoint: 91362 ns, At safepoint: 5101 ns, Total: 96463 ns
[2020-05-16T05:37:38.102+0000][8924][safepoint    ] Safepoint "Cleanup", Time since last: 1000065855 ns, Reaching safepoint: 114087 ns, At safepoint: 5102 ns, Total: 119189 ns
[2020-05-16T05:37:39.102+0000][8924][safepoint    ] Safepoint "Cleanup", Time since last: 1000406260 ns, Reaching safepoint: 87653 ns, At safepoint: 5101 ns, Total: 92754 ns
[2020-05-16T05:37:40.103+0000][8924][safepoint    ] Safepoint "Cleanup", Time since last: 1000559768 ns, Reaching safepoint: 96927 ns, At safepoint: 4174 ns, Total: 101101 ns
[2020-05-16T05:37:41.103+0000][8924][safepoint    ] Safepoint "Cleanup", Time since last: 1000036174 ns, Reaching safepoint: 104812 ns, At safepoint: 4174 ns, Total: 108986 ns
[2020-05-16T05:37:42.103+0000][8924][safepoint    ] Safepoint "Cleanup", Time since last: 1000236058 ns, Reaching safepoint: 108985 ns, At safepoint: 4174 ns, Total: 113159 ns
[2020-05-16T05:37:43.104+0000][8924][safepoint    ] Safepoint "Cleanup", Time since last: 1000207768 ns, Reaching safepoint: 228638 ns, At safepoint: 7884 ns, Total: 236522 ns
[2020-05-16T05:37:44.105+0000][8924][safepoint    ] Safepoint "Cleanup", Time since last: 1000639535 ns, Reaching safepoint: 116870 ns, At safepoint: 6493 ns, Total: 123363 ns
[2020-05-16T05:37:45.184+0000][8924][safepoint    ] Safepoint "Cleanup", Time since last: 1078935615 ns, Reaching safepoint: 93681 ns, At safepoint: 4638 ns, Total: 98319 ns
[2020-05-16T05:37:46.185+0000][8924][safepoint    ] Safepoint "Cleanup", Time since last: 1000845449 ns, Reaching safepoint: 89507 ns, At safepoint: 4638 ns, Total: 94145 ns
[2020-05-16T05:37:47.185+0000][8924][safepoint    ] Safepoint "Cleanup", Time since last: 1000093681 ns, Reaching safepoint: 105739 ns, At safepoint: 4638 ns, Total: 110377 ns
[2020-05-16T05:37:48.185+0000][8924][safepoint    ] Safepoint "Cleanup", Time since last: 1000480000 ns, Reaching safepoint: 112231 ns, At safepoint: 4174 ns, Total: 116405 ns
[2020-05-16T05:37:49.186+0000][8924][safepoint    ] Safepoint "Cleanup", Time since last: 1000780058 ns, Reaching safepoint: 59362 ns, At safepoint: 4174 ns, Total: 63536 ns
[2020-05-16T05:37:50.186+0000][8924][safepoint    ] Safepoint "Cleanup", Time since last: 1000140058 ns, Reaching safepoint: 76522 ns, At safepoint: 2782 ns, Total: 79304 ns
[2020-05-16T05:37:51.187+0000][8924][safepoint    ] Safepoint "Cleanup", Time since last: 1000627478 ns, Reaching safepoint: 87189 ns, At safepoint: 2782 ns, Total: 89971 ns
[2020-05-16T05:37:52.187+0000][8924][safepoint    ] Safepoint "Cleanup", Time since last: 1000020406 ns, Reaching safepoint: 81159 ns, At safepoint: 2783 ns, Total: 83942 ns
[2020-05-16T05:37:53.188+0000][8924][safepoint    ] Safepoint "Cleanup", Time since last: 1000743884 ns, Reaching safepoint: 114087 ns, At safepoint: 3710 ns, Total: 117797 ns
[2020-05-16T05:37:54.188+0000][8924][safepoint    ] Safepoint "Cleanup", Time since last: 1000079304 ns, Reaching safepoint: 90435 ns, At safepoint: 5565 ns, Total: 96000 ns
[2020-05-16T05:37:55.188+0000][8924][safepoint    ] Safepoint "Cleanup", Time since last: 1000014377 ns, Reaching safepoint: 156753 ns, At safepoint: 3711 ns, Total: 160464 ns
[2020-05-16T05:37:56.189+0000][8924][safepoint    ] Safepoint "Cleanup", Time since last: 1000738318 ns, Reaching safepoint: 283826 ns, At safepoint: 20870 ns, Total: 304696 ns
[2020-05-16T05:37:57.190+0000][8924][safepoint    ] Safepoint "Cleanup", Time since last: 1000229101 ns, Reaching safepoint: 74203 ns, At safepoint: 3246 ns, Total: 77449 ns
[2020-05-16T05:37:58.190+0000][8924][safepoint    ] Safepoint "Cleanup", Time since last: 1000153507 ns, Reaching safepoint: 89971 ns, At safepoint: 4638 ns, Total: 94609 ns
[2020-05-16T05:37:59.194+0000][8924][safepoint    ] Safepoint "Cleanup", Time since last: 1000338087 ns, Reaching safepoint: 3078491 ns, At safepoint: 53797 ns, Total: 3132288 ns
[2020-05-16T05:38:00.219+0000][8924][safepoint    ] Safepoint "Cleanup", Time since last: 1025526713 ns, Reaching safepoint: 652058 ns, At safepoint: 51478 ns, Total: 703536 ns
[2020-05-16T05:38:02.219+0000][8924][safepoint    ] Safepoint "Cleanup", Time since last: 1999448116 ns, Reaching safepoint: 89971 ns, At safepoint: 3710 ns, Total: 93681 ns
[2020-05-16T05:38:04.275+0000][8924][safepoint    ] Safepoint "Cleanup", Time since last: 2000026899 ns, Reaching safepoint: 55538525 ns, At safepoint: 43130 ns, Total: 55581655 ns
[2020-05-16T05:38:05.275+0000][8924][safepoint    ] Safepoint "Cleanup", Time since last: 1000435014 ns, Reaching safepoint: 79768 ns, At safepoint: 2319 ns, Total: 82087 ns
[2020-05-16T05:38:06.276+0000][8924][safepoint    ] Safepoint "Cleanup", Time since last: 1000523594 ns, Reaching safepoint: 105739 ns, At safepoint: 4638 ns, Total: 110377 ns
[2020-05-16T05:38:08.276+0000][8924][safepoint    ] Safepoint "Cleanup", Time since last: 2000108986 ns, Reaching safepoint: 96927 ns, At safepoint: 1855 ns, Total: 98782 ns
[2020-05-16T05:38:09.276+0000][8924][safepoint    ] Safepoint "Cleanup", Time since last: 1000032000 ns, Reaching safepoint: 54725 ns, At safepoint: 2318 ns, Total: 57043 ns
[2020-05-16T05:38:11.277+0000][8924][safepoint    ] Safepoint "Cleanup", Time since last: 2000332986 ns, Reaching safepoint: 71884 ns, At safepoint: 3710 ns, Total: 75594 ns
[2020-05-16T05:38:12.277+0000][8924][safepoint    ] Safepoint "Cleanup", Time since last: 1000222609 ns, Reaching safepoint: 119188 ns, At safepoint: 3710 ns, Total: 122898 ns
[2020-05-16T05:38:13.277+0000][8924][safepoint    ] Safepoint "Cleanup", Time since last: 1000155826 ns, Reaching safepoint: 82551 ns, At safepoint: 3710 ns, Total: 86261 ns
[2020-05-16T05:38:14.278+0000][8924][safepoint    ] Safepoint "Cleanup", Time since last: 1000139130 ns, Reaching safepoint: 88116 ns, At safepoint: 3710 ns, Total: 91826 ns
[2020-05-16T05:38:15.278+0000][8924][safepoint    ] Safepoint "Cleanup", Time since last: 1000369623 ns, Reaching safepoint: 115015 ns, At safepoint: 4174 ns, Total: 119189 ns
[2020-05-16T05:38:16.278+0000][8924][safepoint    ] Safepoint "Cleanup", Time since last: 1000133101 ns, Reaching safepoint: 75131 ns, At safepoint: 3246 ns, Total: 78377 ns
[2020-05-16T05:38:18.279+0000][8924][safepoint    ] Safepoint "Cleanup", Time since last: 2000696116 ns, Reaching safepoint: 147014 ns, At safepoint: 6493 ns, Total: 153507 ns
[2020-05-16T05:38:19.280+0000][8924][safepoint    ] Safepoint "Cleanup", Time since last: 1000542608 ns, Reaching safepoint: 94609 ns, At safepoint: 4174 ns, Total: 98783 ns
[2020-05-16T05:38:20.281+0000][8924][safepoint    ] Safepoint "Cleanup", Time since last: 1000641854 ns, Reaching safepoint: 124754 ns, At safepoint: 1855 ns, Total: 126609 ns
[2020-05-16T05:38:21.281+0000][8924][safepoint    ] Safepoint "Cleanup", Time since last: 1000009739 ns, Reaching safepoint: 87652 ns, At safepoint: 3711 ns, Total: 91363 ns
[2020-05-16T05:38:22.282+0000][8924][safepoint    ] Safepoint "Cleanup", Time since last: 1000799072 ns, Reaching safepoint: 86260 ns, At safepoint: 3247 ns, Total: 89507 ns
[2020-05-16T05:38:23.282+0000][8924][safepoint    ] Safepoint "Cleanup", Time since last: 1000017623 ns, Reaching safepoint: 102493 ns, At safepoint: 4637 ns, Total: 107130 ns
[2020-05-16T05:38:24.282+0000][8924][safepoint    ] Safepoint "Cleanup", Time since last: 1000601971 ns, Reaching safepoint: 94145 ns, At safepoint: 3246 ns, Total: 97391 ns
[2020-05-16T05:38:25.283+0000][8924][safepoint    ] Safepoint "Cleanup", Time since last: 1000433160 ns, Reaching safepoint: 104811 ns, At safepoint: 3710 ns, Total: 108521 ns
[2020-05-16T05:38:27.284+0000][8924][safepoint    ] Safepoint "Cleanup", Time since last: 2000451710 ns, Reaching safepoint: 79305 ns, At safepoint: 3710 ns, Total: 83015 ns
[2020-05-16T05:38:28.284+0000][8924][safepoint    ] Safepoint "Cleanup", Time since last: 1000105275 ns, Reaching safepoint: 101565 ns, At safepoint: 4174 ns, Total: 105739 ns
[2020-05-16T05:38:30.284+0000][8924][safepoint    ] Safepoint "Cleanup", Time since last: 1999966609 ns, Reaching safepoint: 80695 ns, At safepoint: 2783 ns, Total: 83478 ns
[2020-05-16T05:38:31.284+0000][8924][safepoint    ] Safepoint "Cleanup", Time since last: 1000248116 ns, Reaching safepoint: 92290 ns, At safepoint: 3246 ns, Total: 95536 ns
[2020-05-16T05:38:33.285+0000][8924][safepoint    ] Safepoint "Cleanup", Time since last: 2000357101 ns, Reaching safepoint: 96464 ns, At safepoint: 16696 ns, Total: 113160 ns
[2020-05-16T05:38:35.286+0000][8924][safepoint    ] Safepoint "Cleanup", Time since last: 2000869101 ns, Reaching safepoint: 93217 ns, At safepoint: 3710 ns, Total: 96927 ns
[2020-05-16T05:38:36.286+0000][8924][safepoint    ] Safepoint "Cleanup", Time since last: 1000323710 ns, Reaching safepoint: 78841 ns, At safepoint: 3710 ns, Total: 82551 ns
[2020-05-16T05:38:37.287+0000][8924][safepoint    ] Safepoint "Cleanup", Time since last: 1000705855 ns, Reaching safepoint: 88116 ns, At safepoint: 2782 ns, Total: 90898 ns
[2020-05-16T05:38:38.287+0000][8924][safepoint    ] Safepoint "Cleanup", Time since last: 1000326029 ns, Reaching safepoint: 172522 ns, At safepoint: 21797 ns, Total: 194319 ns
[2020-05-16T05:38:39.288+0000][8924][safepoint    ] Safepoint "Cleanup", Time since last: 1000178087 ns, Reaching safepoint: 102029 ns, At safepoint: 6029 ns, Total: 108058 ns
[2020-05-16T05:38:40.442+0000][8924][safepoint    ] Safepoint "Cleanup", Time since last: 1153927348 ns, Reaching safepoint: 94145 ns, At safepoint: 2783 ns, Total: 96928 ns
[2020-05-16T05:38:41.455+0000][8924][safepoint    ] Safepoint "Cleanup", Time since last: 1013734950 ns, Reaching safepoint: 242551 ns, At safepoint: 9275 ns, Total: 251826 ns
[2020-05-16T05:38:43.457+0000][8924][safepoint    ] Safepoint "Cleanup", Time since last: 2000882550 ns, Reaching safepoint: 83015 ns, At safepoint: 1855 ns, Total: 84870 ns
[2020-05-16T05:38:44.457+0000][8924][safepoint    ] Safepoint "Cleanup", Time since last: 1000829681 ns, Reaching safepoint: 82550 ns, At safepoint: 44058 ns, Total: 126608 ns
[2020-05-16T05:38:46.458+0000][8924][safepoint    ] Safepoint "Cleanup", Time since last: 2000246725 ns, Reaching safepoint: 125681 ns, At safepoint: 3710 ns, Total: 129391 ns
[2020-05-16T05:38:47.458+0000][8924][safepoint    ] Safepoint "Cleanup", Time since last: 1000235130 ns, Reaching safepoint: 71884 ns, At safepoint: 3247 ns, Total: 75131 ns
[2020-05-16T05:38:48.459+0000][8924][safepoint    ] Safepoint "Cleanup", Time since last: 1000642782 ns, Reaching safepoint: 70493 ns, At safepoint: 2319 ns, Total: 72812 ns
[2020-05-16T05:38:49.459+0000][8924][safepoint    ] Safepoint "Cleanup", Time since last: 1000045449 ns, Reaching safepoint: 80232 ns, At safepoint: 17159 ns, Total: 97391 ns
[2020-05-16T05:38:50.460+0000][8924][safepoint    ] Safepoint "Cleanup", Time since last: 1000491594 ns, Reaching safepoint: 54261 ns, At safepoint: 1855 ns, Total: 56116 ns
[2020-05-16T05:38:51.460+0000][8924][safepoint    ] Safepoint "Cleanup", Time since last: 1000494840 ns, Reaching safepoint: 78377 ns, At safepoint: 3710 ns, Total: 82087 ns
[2020-05-16T05:38:53.461+0000][8924][safepoint    ] Safepoint "Cleanup", Time since last: 2000826898 ns, Reaching safepoint: 133102 ns, At safepoint: 6956 ns, Total: 140058 ns
[2020-05-16T05:38:55.461+0000][8924][safepoint    ] Safepoint "Cleanup", Time since last: 2000271768 ns, Reaching safepoint: 69102 ns, At safepoint: 3710 ns, Total: 72812 ns
[2020-05-16T05:38:56.462+0000][8924][safepoint    ] Safepoint "Cleanup", Time since last: 1000316753 ns, Reaching safepoint: 86725 ns, At safepoint: 2783 ns, Total: 89508 ns
[2020-05-16T05:38:57.463+0000][8924][safepoint    ] Safepoint "Cleanup", Time since last: 1000633043 ns, Reaching safepoint: 84406 ns, At safepoint: 3246 ns, Total: 87652 ns
[2020-05-16T05:38:58.463+0000][8924][safepoint    ] Safepoint "Cleanup", Time since last: 1000784695 ns, Reaching safepoint: 133102 ns, At safepoint: 3246 ns, Total: 136348 ns
[2020-05-16T05:38:59.464+0000][8924][safepoint    ] Safepoint "Cleanup", Time since last: 1000270840 ns, Reaching safepoint: 83015 ns, At safepoint: 4174 ns, Total: 87189 ns
[2020-05-16T05:39:00.465+0000][8924][safepoint    ] Safepoint "Cleanup", Time since last: 1000675246 ns, Reaching safepoint: 88580 ns, At safepoint: 4173 ns, Total: 92753 ns
[2020-05-16T05:39:01.465+0000][8924][safepoint    ] Safepoint "Cleanup", Time since last: 1000478609 ns, Reaching safepoint: 75130 ns, At safepoint: 5566 ns, Total: 80696 ns
[2020-05-16T05:39:02.466+0000][8924][safepoint    ] Safepoint "Cleanup", Time since last: 1000450782 ns, Reaching safepoint: 100638 ns, At safepoint: 3710 ns, Total: 104348 ns
[2020-05-16T05:39:03.466+0000][8924][safepoint    ] Safepoint "Cleanup", Time since last: 1000561159 ns, Reaching safepoint: 73739 ns, At safepoint: 2783 ns, Total: 76522 ns
[2020-05-16T05:39:04.466+0000][8924][safepoint    ] Safepoint "Cleanup", Time since last: 1000038956 ns, Reaching safepoint: 85797 ns, At safepoint: 3247 ns, Total: 89044 ns
[2020-05-16T05:39:06.467+0000][8924][safepoint    ] Safepoint "Cleanup", Time since last: 2000533333 ns, Reaching safepoint: 99246 ns, At safepoint: 5565 ns, Total: 104811 ns
[2020-05-16T05:39:07.468+0000][8924][safepoint    ] Safepoint "Cleanup", Time since last: 1000371478 ns, Reaching safepoint: 85797 ns, At safepoint: 2783 ns, Total: 88580 ns
[2020-05-16T05:39:08.469+0000][8924][safepoint    ] Safepoint "Cleanup", Time since last: 1000869101 ns, Reaching safepoint: 54261 ns, At safepoint: 2319 ns, Total: 56580 ns
[2020-05-16T05:39:09.497+0000][8924][safepoint    ] Safepoint "Cleanup", Time since last: 1000082087 ns, Reaching safepoint: 28360798 ns, At safepoint: 10667 ns, Total: 28371465 ns
[2020-05-16T05:39:10.506+0000][8924][safepoint    ] Safepoint "Cleanup", Time since last: 1000646028 ns, Reaching safepoint: 8050084 ns, At safepoint: 17159 ns, Total: 8067243 ns
[2020-05-16T05:39:11.506+0000][8924][safepoint    ] Safepoint "Cleanup", Time since last: 1000290782 ns, Reaching safepoint: 81624 ns, At safepoint: 3246 ns, Total: 84870 ns
[2020-05-16T05:39:13.507+0000][8924][safepoint    ] Safepoint "Cleanup", Time since last: 2000777275 ns, Reaching safepoint: 138203 ns, At safepoint: 4638 ns, Total: 142841 ns
[2020-05-16T05:39:14.598+0000][8924][safepoint    ] Safepoint "Cleanup", Time since last: 1000481391 ns, Reaching safepoint: 90404595 ns, At safepoint: 171131 ns, Total: 90575726 ns
[2020-05-16T05:39:15.599+0000][8924][safepoint    ] Safepoint "Cleanup", Time since last: 1000343188 ns, Reaching safepoint: 111304 ns, At safepoint: 3247 ns, Total: 114551 ns
[2020-05-16T05:39:16.599+0000][8924][safepoint    ] Safepoint "Cleanup", Time since last: 1000101565 ns, Reaching safepoint: 91826 ns, At safepoint: 2782 ns, Total: 94608 ns
[2020-05-16T05:39:17.599+0000][8924][safepoint    ] Safepoint "Cleanup", Time since last: 1000695189 ns, Reaching safepoint: 93217 ns, At safepoint: 4174 ns, Total: 97391 ns
[2020-05-16T05:39:18.600+0000][8924][safepoint    ] Safepoint "Cleanup", Time since last: 1000271768 ns, Reaching safepoint: 73275 ns, At safepoint: 3246 ns, Total: 76521 ns
[2020-05-16T05:39:19.600+0000][8924][safepoint    ] Safepoint "Cleanup", Time since last: 1000014841 ns, Reaching safepoint: 113623 ns, At safepoint: 2783 ns, Total: 116406 ns
[2020-05-16T05:39:20.601+0000][8924][safepoint    ] Safepoint "Cleanup", Time since last: 1000844057 ns, Reaching safepoint: 91826 ns, At safepoint: 4638 ns, Total: 96464 ns
[2020-05-16T05:39:22.601+0000][8924][safepoint    ] Safepoint "Cleanup", Time since last: 2000053797 ns, Reaching safepoint: 89971 ns, At safepoint: 2783 ns, Total: 92754 ns
[2020-05-16T05:39:23.602+0000][8924][safepoint    ] Safepoint "Cleanup", Time since last: 1000911767 ns, Reaching safepoint: 90435 ns, At safepoint: 3247 ns, Total: 93682 ns
[2020-05-16T05:39:24.603+0000][8924][safepoint    ] Safepoint "Cleanup", Time since last: 1000489738 ns, Reaching safepoint: 66783 ns, At safepoint: 3246 ns, Total: 70029 ns
[2020-05-16T05:39:25.604+0000][8924][safepoint    ] Safepoint "Cleanup", Time since last: 1000838029 ns, Reaching safepoint: 88116 ns, At safepoint: 2783 ns, Total: 90899 ns
[2020-05-16T05:39:26.604+0000][8924][safepoint    ] Safepoint "Cleanup", Time since last: 1000270840 ns, Reaching safepoint: 81623 ns, At safepoint: 3247 ns, Total: 84870 ns
[2020-05-16T05:39:27.605+0000][8924][safepoint    ] Safepoint "Cleanup", Time since last: 1000987825 ns, Reaching safepoint: 97391 ns, At safepoint: 2783 ns, Total: 100174 ns
[2020-05-16T05:39:28.606+0000][8924][safepoint    ] Safepoint "Cleanup", Time since last: 1000462377 ns, Reaching safepoint: 92753 ns, At safepoint: 3247 ns, Total: 96000 ns
[2020-05-16T05:39:29.606+0000][8924][safepoint    ] Safepoint "Cleanup", Time since last: 1000345970 ns, Reaching safepoint: 116406 ns, At safepoint: 3710 ns, Total: 120116 ns
[2020-05-16T05:39:30.607+0000][8924][safepoint    ] Safepoint "Cleanup", Time since last: 1000688232 ns, Reaching safepoint: 90435 ns, At safepoint: 2782 ns, Total: 93217 ns
[2020-05-16T05:39:31.608+0000][8924][safepoint    ] Safepoint "Cleanup", Time since last: 1000768927 ns, Reaching safepoint: 82087 ns, At safepoint: 2783 ns, Total: 84870 ns
[2020-05-16T05:39:33.608+0000][8924][safepoint    ] Safepoint "Cleanup", Time since last: 1999974956 ns, Reaching safepoint: 108058 ns, At safepoint: 2783 ns, Total: 110841 ns
[2020-05-16T05:39:35.608+0000][8924][safepoint    ] Safepoint "Cleanup", Time since last: 1999955942 ns, Reaching safepoint: 84870 ns, At safepoint: 5101 ns, Total: 89971 ns
[2020-05-16T05:39:36.609+0000][8924][safepoint    ] Safepoint "Cleanup", Time since last: 1000668753 ns, Reaching safepoint: 73739 ns, At safepoint: 3247 ns, Total: 76986 ns
[2020-05-16T05:39:37.609+0000][8924][safepoint    ] Safepoint "Cleanup", Time since last: 1000262956 ns, Reaching safepoint: 71420 ns, At safepoint: 2783 ns, Total: 74203 ns
[2020-05-16T05:39:38.609+0000][8924][safepoint    ] Safepoint "Cleanup", Time since last: 1000119188 ns, Reaching safepoint: 88116 ns, At safepoint: 3247 ns, Total: 91363 ns
[2020-05-16T05:39:39.610+0000][8924][safepoint    ] Safepoint "Cleanup", Time since last: 1000920579 ns, Reaching safepoint: 90435 ns, At safepoint: 2782 ns, Total: 93217 ns
[2020-05-16T05:39:40.611+0000][8924][safepoint    ] Safepoint "Cleanup", Time since last: 1000398841 ns, Reaching safepoint: 90434 ns, At safepoint: 5566 ns, Total: 96000 ns
[2020-05-16T05:39:41.611+0000][8924][safepoint    ] Safepoint "Cleanup", Time since last: 1000821333 ns, Reaching safepoint: 89507 ns, At safepoint: 3246 ns, Total: 92753 ns
[2020-05-16T05:39:42.612+0000][8924][safepoint    ] Safepoint "Cleanup", Time since last: 1000560696 ns, Reaching safepoint: 89507 ns, At safepoint: 4174 ns, Total: 93681 ns
[2020-05-16T05:39:43.613+0000][8924][safepoint    ] Safepoint "Cleanup", Time since last: 1000419710 ns, Reaching safepoint: 95072 ns, At safepoint: 2783 ns, Total: 97855 ns
[2020-05-16T05:39:45.613+0000][8924][safepoint    ] Safepoint "Cleanup", Time since last: 2000247652 ns, Reaching safepoint: 90434 ns, At safepoint: 2783 ns, Total: 93217 ns
[2020-05-16T05:39:46.613+0000][8924][safepoint    ] Safepoint "Cleanup", Time since last: 1000113159 ns, Reaching safepoint: 88116 ns, At safepoint: 2783 ns, Total: 90899 ns
[2020-05-16T05:39:47.614+0000][8924][safepoint    ] Safepoint "Cleanup", Time since last: 1000254145 ns, Reaching safepoint: 95072 ns, At safepoint: 4638 ns, Total: 99710 ns
[2020-05-16T05:39:48.614+0000][8924][safepoint    ] Safepoint "Cleanup", Time since last: 1000697043 ns, Reaching safepoint: 77449 ns, At safepoint: 3247 ns, Total: 80696 ns
[2020-05-16T05:39:49.615+0000][8924][safepoint    ] Safepoint "Cleanup", Time since last: 1000597333 ns, Reaching safepoint: 91826 ns, At safepoint: 3246 ns, Total: 95072 ns
[2020-05-16T05:39:51.615+0000][8924][safepoint    ] Safepoint "Cleanup", Time since last: 2000053797 ns, Reaching safepoint: 90435 ns, At safepoint: 2783 ns, Total: 93218 ns
[2020-05-16T05:39:52.616+0000][8924][safepoint    ] Safepoint "Cleanup", Time since last: 1000422956 ns, Reaching safepoint: 74666 ns, At safepoint: 2783 ns, Total: 77449 ns
[2020-05-16T05:39:53.616+0000][8924][safepoint    ] Safepoint "Cleanup", Time since last: 1000401623 ns, Reaching safepoint: 83015 ns, At safepoint: 2782 ns, Total: 85797 ns
[2020-05-16T05:39:54.617+0000][8924][safepoint    ] Safepoint "Cleanup", Time since last: 1000316290 ns, Reaching safepoint: 64000 ns, At safepoint: 1855 ns, Total: 65855 ns
[2020-05-16T05:39:55.617+0000][8924][safepoint    ] Safepoint "Cleanup", Time since last: 1000125681 ns, Reaching safepoint: 95536 ns, At safepoint: 5102 ns, Total: 100638 ns
[2020-05-16T05:39:56.973+0000][8924][safepoint    ] Safepoint "Cleanup", Time since last: 1344559144 ns, Reaching safepoint: 12145618 ns, At safepoint: 13449 ns, Total: 12159067 ns
[2020-05-16T05:39:57.974+0000][8924][safepoint    ] Safepoint "Cleanup", Time since last: 1000236058 ns, Reaching safepoint: 92753 ns, At safepoint: 3247 ns, Total: 96000 ns
[2020-05-16T05:39:58.974+0000][8924][safepoint    ] Safepoint "Cleanup", Time since last: 1000528695 ns, Reaching safepoint: 60754 ns, At safepoint: 2319 ns, Total: 63073 ns
[2020-05-16T05:39:59.975+0000][8924][safepoint    ] Safepoint "Cleanup", Time since last: 1000865854 ns, Reaching safepoint: 78377 ns, At safepoint: 2783 ns, Total: 81160 ns
[2020-05-16T05:40:00.976+0000][8924][safepoint    ] Safepoint "Cleanup", Time since last: 1000839883 ns, Reaching safepoint: 70957 ns, At safepoint: 3710 ns, Total: 74667 ns
[2020-05-16T05:40:01.977+0000][8924][safepoint    ] Safepoint "Cleanup", Time since last: 1000304232 ns, Reaching safepoint: 87652 ns, At safepoint: 4174 ns, Total: 91826 ns
[2020-05-16T05:40:02.977+0000][8924][safepoint    ] Safepoint "Cleanup", Time since last: 1000045913 ns, Reaching safepoint: 88116 ns, At safepoint: 4637 ns, Total: 92753 ns
[2020-05-16T05:40:03.977+0000][8924][safepoint    ] Safepoint "Cleanup", Time since last: 1000507826 ns, Reaching safepoint: 83942 ns, At safepoint: 3247 ns, Total: 87189 ns
[2020-05-16T05:40:04.978+0000][8924][safepoint    ] Safepoint "Cleanup", Time since last: 1000725333 ns, Reaching safepoint: 92753 ns, At safepoint: 2783 ns, Total: 95536 ns
[2020-05-16T05:40:05.979+0000][8924][safepoint    ] Safepoint "Cleanup", Time since last: 1000415072 ns, Reaching safepoint: 56116 ns, At safepoint: 3246 ns, Total: 59362 ns
[2020-05-16T05:40:06.979+0000][8924][safepoint    ] Safepoint "Cleanup", Time since last: 1000260174 ns, Reaching safepoint: 89507 ns, At safepoint: 3247 ns, Total: 92754 ns
[2020-05-16T05:40:07.980+0000][8924][safepoint    ] Safepoint "Cleanup", Time since last: 1000614028 ns, Reaching safepoint: 86725 ns, At safepoint: 2783 ns, Total: 89508 ns
[2020-05-16T05:40:08.981+0000][8924][safepoint    ] Safepoint "Cleanup", Time since last: 1000762434 ns, Reaching safepoint: 88116 ns, At safepoint: 3246 ns, Total: 91362 ns
[2020-05-16T05:40:09.982+0000][8924][safepoint    ] Safepoint "Cleanup", Time since last: 1000862145 ns, Reaching safepoint: 92290 ns, At safepoint: 3246 ns, Total: 95536 ns
[2020-05-16T05:40:10.982+0000][8924][safepoint    ] Safepoint "Cleanup", Time since last: 1000552811 ns, Reaching safepoint: 90899 ns, At safepoint: 3246 ns, Total: 94145 ns
[2020-05-16T05:40:11.983+0000][8924][safepoint    ] Safepoint "Cleanup", Time since last: 1000779130 ns, Reaching safepoint: 94145 ns, At safepoint: 5102 ns, Total: 99247 ns
[2020-05-16T05:40:13.984+0000][8924][safepoint    ] Safepoint "Cleanup", Time since last: 2000861680 ns, Reaching safepoint: 102029 ns, At safepoint: 4174 ns, Total: 106203 ns
[2020-05-16T05:40:14.985+0000][8924][safepoint    ] Safepoint "Cleanup", Time since last: 1000539362 ns, Reaching safepoint: 100174 ns, At safepoint: 4638 ns, Total: 104812 ns
[2020-05-16T05:40:16.986+0000][8924][safepoint    ] Safepoint "Cleanup", Time since last: 2000788869 ns, Reaching safepoint: 79768 ns, At safepoint: 4638 ns, Total: 84406 ns
[2020-05-16T05:40:18.986+0000][8924][safepoint    ] Safepoint "Cleanup", Time since last: 1999974493 ns, Reaching safepoint: 89043 ns, At safepoint: 2783 ns, Total: 91826 ns
[2020-05-16T05:40:19.986+0000][8924][safepoint    ] Safepoint "Cleanup", Time since last: 1000637681 ns, Reaching safepoint: 75594 ns, At safepoint: 4637 ns, Total: 80231 ns
[2020-05-16T05:40:20.987+0000][8924][safepoint    ] Safepoint "Cleanup", Time since last: 1000482783 ns, Reaching safepoint: 60290 ns, At safepoint: 2318 ns, Total: 62608 ns
[2020-05-16T05:40:21.987+0000][8924][safepoint    ] Safepoint "Cleanup", Time since last: 1000230957 ns, Reaching safepoint: 109913 ns, At safepoint: 5101 ns, Total: 115014 ns
[2020-05-16T05:40:22.987+0000][8924][safepoint    ] Safepoint "Cleanup", Time since last: 1000001855 ns, Reaching safepoint: 103421 ns, At safepoint: 4637 ns, Total: 108058 ns
[2020-05-16T05:40:23.988+0000][8924][safepoint    ] Safepoint "Cleanup", Time since last: 1000589913 ns, Reaching safepoint: 104812 ns, At safepoint: 4174 ns, Total: 108986 ns
[2020-05-16T05:40:24.989+0000][8924][safepoint    ] Safepoint "Cleanup", Time since last: 1000796289 ns, Reaching safepoint: 233739 ns, At safepoint: 6493 ns, Total: 240232 ns
[2020-05-16T05:40:25.990+0000][8924][safepoint    ] Safepoint "Cleanup", Time since last: 1000640000 ns, Reaching safepoint: 148869 ns, At safepoint: 5101 ns, Total: 153970 ns
[2020-05-16T05:40:26.990+0000][8924][safepoint    ] Safepoint "Cleanup", Time since last: 1000318145 ns, Reaching safepoint: 116870 ns, At safepoint: 7420 ns, Total: 124290 ns
[2020-05-16T05:40:27.991+0000][8924][safepoint    ] Safepoint "Cleanup", Time since last: 1000498551 ns, Reaching safepoint: 108057 ns, At safepoint: 4638 ns, Total: 112695 ns
[2020-05-16T05:40:28.991+0000][8924][safepoint    ] Safepoint "Cleanup", Time since last: 1000296812 ns, Reaching safepoint: 118260 ns, At safepoint: 4638 ns, Total: 122898 ns
[2020-05-16T05:40:30.992+0000][8924][safepoint    ] Safepoint "Cleanup", Time since last: 2000159072 ns, Reaching safepoint: 93682 ns, At safepoint: 4173 ns, Total: 97855 ns
[2020-05-16T05:40:31.993+0000][8924][safepoint    ] Safepoint "Cleanup", Time since last: 1000794899 ns, Reaching safepoint: 69565 ns, At safepoint: 2319 ns, Total: 71884 ns
[2020-05-16T05:40:32.994+0000][8924][safepoint    ] Safepoint "Cleanup", Time since last: 1000867246 ns, Reaching safepoint: 101565 ns, At safepoint: 6956 ns, Total: 108521 ns
[2020-05-16T05:40:33.994+0000][8924][safepoint    ] Safepoint "Cleanup", Time since last: 1000213797 ns, Reaching safepoint: 107595 ns, At safepoint: 4173 ns, Total: 111768 ns
[2020-05-16T05:40:34.995+0000][8924][safepoint    ] Safepoint "Cleanup", Time since last: 1000624696 ns, Reaching safepoint: 119652 ns, At safepoint: 4174 ns, Total: 123826 ns
[2020-05-16T05:40:35.995+0000][8924][safepoint    ] Safepoint "Cleanup", Time since last: 1000034782 ns, Reaching safepoint: 57044 ns, At safepoint: 2319 ns, Total: 59363 ns
[2020-05-16T05:40:36.995+0000][8924][safepoint    ] Safepoint "Cleanup", Time since last: 1000641854 ns, Reaching safepoint: 72348 ns, At safepoint: 3247 ns, Total: 75595 ns
[2020-05-16T05:40:37.996+0000][8924][safepoint    ] Safepoint "Cleanup", Time since last: 1000709101 ns, Reaching safepoint: 109449 ns, At safepoint: 4638 ns, Total: 114087 ns
[2020-05-16T05:40:38.997+0000][8924][safepoint    ] Safepoint "Cleanup", Time since last: 1000597333 ns, Reaching safepoint: 113623 ns, At safepoint: 6029 ns, Total: 119652 ns
[2020-05-16T05:40:39.997+0000][8924][safepoint    ] Safepoint "Cleanup", Time since last: 1000254145 ns, Reaching safepoint: 91826 ns, At safepoint: 4174 ns, Total: 96000 ns
[2020-05-16T05:40:40.998+0000][8924][safepoint    ] Safepoint "Cleanup", Time since last: 1000502724 ns, Reaching safepoint: 101101 ns, At safepoint: 4638 ns, Total: 105739 ns
[2020-05-16T05:40:41.999+0000][8924][safepoint    ] Safepoint "Cleanup", Time since last: 1000630724 ns, Reaching safepoint: 94609 ns, At safepoint: 4174 ns, Total: 98783 ns
[2020-05-16T05:40:42.999+0000][8924][safepoint    ] Safepoint "Cleanup", Time since last: 1000376580 ns, Reaching safepoint: 94608 ns, At safepoint: 6029 ns, Total: 100637 ns
[2020-05-16T05:40:45.000+0000][8924][safepoint    ] Safepoint "Cleanup", Time since last: 2000621449 ns, Reaching safepoint: 74667 ns, At safepoint: 3710 ns, Total: 78377 ns
[2020-05-16T05:40:46.079+0000][8924][safepoint    ] Safepoint "Cleanup", Time since last: 1078824775 ns, Reaching safepoint: 86725 ns, At safepoint: 4637 ns, Total: 91362 ns
[2020-05-16T05:40:47.079+0000][8924][safepoint    ] Safepoint "Cleanup", Time since last: 1000635362 ns, Reaching safepoint: 89507 ns, At safepoint: 4174 ns, Total: 93681 ns
[2020-05-16T05:40:49.080+0000][8924][safepoint    ] Safepoint "Cleanup", Time since last: 2000123363 ns, Reaching safepoint: 100174 ns, At safepoint: 3710 ns, Total: 103884 ns
[2020-05-16T05:40:50.080+0000][8924][safepoint    ] Safepoint "Cleanup", Time since last: 1000283826 ns, Reaching safepoint: 75594 ns, At safepoint: 3246 ns, Total: 78840 ns
[2020-05-16T05:40:51.081+0000][8924][safepoint    ] Safepoint "Cleanup", Time since last: 1000475826 ns, Reaching safepoint: 94609 ns, At safepoint: 3246 ns, Total: 97855 ns
[2020-05-16T05:40:52.081+0000][8924][safepoint    ] Safepoint "Cleanup", Time since last: 1000642782 ns, Reaching safepoint: 65855 ns, At safepoint: 2319 ns, Total: 68174 ns
[2020-05-16T05:40:53.082+0000][8924][safepoint    ] Safepoint "Cleanup", Time since last: 1000389565 ns, Reaching safepoint: 110841 ns, At safepoint: 4174 ns, Total: 115015 ns
[2020-05-16T05:40:55.577+0000][8924][safepoint    ] Safepoint "Cleanup", Time since last: 2000799536 ns, Reaching safepoint: 494555596 ns, At safepoint: 69102 ns, Total: 494624698 ns
[2020-05-16T05:40:56.589+0000][8924][safepoint    ] Safepoint "Cleanup", Time since last: 1000352463 ns, Reaching safepoint: 11270024 ns, At safepoint: 96000 ns, Total: 11366024 ns
[2020-05-16T05:40:57.710+0000][8924][safepoint    ] Safepoint "Cleanup", Time since last: 1084750801 ns, Reaching safepoint: 37257258 ns, At safepoint: 18087 ns, Total: 37275345 ns
[2020-05-16T05:41:00.484+0000][8924][safepoint    ] Safepoint "Cleanup", Time since last: 2773412743 ns, Reaching safepoint: 110377 ns, At safepoint: 58898 ns, Total: 169275 ns
[2020-05-16T05:41:01.729+0000][8924][safepoint    ] Safepoint "Cleanup", Time since last: 1244030032 ns, Reaching safepoint: 818550 ns, At safepoint: 5566 ns, Total: 824116 ns
[2020-05-16T05:41:03.118+0000][8924][safepoint    ] Safepoint "Cleanup", Time since last: 1388350428 ns, Reaching safepoint: 89044 ns, At safepoint: 4174 ns, Total: 93218 ns
[2020-05-16T05:41:04.467+0000][8924][safepoint    ] Safepoint "Cleanup", Time since last: 1348668592 ns, Reaching safepoint: 199420 ns, At safepoint: 6493 ns, Total: 205913 ns
[2020-05-16T05:41:05.481+0000][8924][safepoint    ] Safepoint "Cleanup", Time since last: 1000790260 ns, Reaching safepoint: 13081965 ns, At safepoint: 37101 ns, Total: 13119066 ns
[2020-05-16T05:41:06.742+0000][8924][safepoint    ] Safepoint "Cleanup", Time since last: 1261158372 ns, Reaching safepoint: 114551 ns, At safepoint: 3710 ns, Total: 118261 ns
[2020-05-16T05:41:10.744+0000][8924][safepoint    ] Safepoint "Cleanup", Time since last: 4002259013 ns, Reaching safepoint: 113160 ns, At safepoint: 2782 ns, Total: 115942 ns
[2020-05-16T05:41:23.750+0000][8924][safepoint    ] Safepoint "Cleanup", Time since last: 13005811012 ns, Reaching safepoint: 158145 ns, At safepoint: 6493 ns, Total: 164638 ns
[2020-05-16T05:45:10.861+0000][8924][safepoint    ] Safepoint "Cleanup", Time since last: 227111096992 ns, Reaching safepoint: 163710 ns, At safepoint: 6956 ns, Total: 170666 ns
[2020-05-16T05:47:17.059+0000][8924][gc,start     ] GC(17) Pause Young (Normal) (G1 Evacuation Pause)
[2020-05-16T05:47:17.059+0000][8924][gc,task      ] GC(17) Using 4 workers of 4 for evacuation
[2020-05-16T05:47:17.063+0000][8924][gc,age       ] GC(17) Desired survivor size 40370176 bytes, new threshold 15 (max threshold 15)
[2020-05-16T05:47:17.540+0000][8924][gc,age       ] GC(17) Age table with threshold 15 (max threshold 15)
[2020-05-16T05:47:17.540+0000][8924][gc,age       ] GC(17) - age   1:     313536 bytes,     313536 total
[2020-05-16T05:47:17.540+0000][8924][gc,age       ] GC(17) - age   2:       1432 bytes,     314968 total
[2020-05-16T05:47:17.540+0000][8924][gc,age       ] GC(17) - age   3:       1760 bytes,     316728 total
[2020-05-16T05:47:17.540+0000][8924][gc,age       ] GC(17) - age   4:        968 bytes,     317696 total
[2020-05-16T05:47:17.540+0000][8924][gc,age       ] GC(17) - age   5:      17872 bytes,     335568 total
[2020-05-16T05:47:17.540+0000][8924][gc,age       ] GC(17) - age   6:     772624 bytes,    1108192 total
[2020-05-16T05:47:17.540+0000][8924][gc,age       ] GC(17) - age   7:    6567128 bytes,    7675320 total
[2020-05-16T05:47:17.540+0000][8924][gc,age       ] GC(17) - age   8:    9096864 bytes,   16772184 total
[2020-05-16T05:47:17.540+0000][8924][gc,mmu       ] GC(17) MMU target violated: 201.0ms (200.0ms/201.0ms)
[2020-05-16T05:47:17.540+0000][8924][gc,phases    ] GC(17)   Pre Evacuate Collection Set: 1.5ms
[2020-05-16T05:47:17.541+0000][8924][gc,phases    ] GC(17)   Merge Heap Roots: 1.3ms
[2020-05-16T05:47:17.541+0000][8924][gc,phases    ] GC(17)   Evacuate Collection Set: 464.3ms
[2020-05-16T05:47:17.541+0000][8924][gc,phases    ] GC(17)   Post Evacuate Collection Set: 10.1ms
[2020-05-16T05:47:17.541+0000][8924][gc,phases    ] GC(17)   Other: 5.5ms
[2020-05-16T05:47:17.541+0000][8924][gc,heap      ] GC(17) Eden regions: 597->0(34)
[2020-05-16T05:47:17.541+0000][8924][gc,heap      ] GC(17) Survivor regions: 17->17(77)
[2020-05-16T05:47:17.541+0000][8924][gc,heap      ] GC(17) Old regions: 44->44
[2020-05-16T05:47:17.541+0000][8924][gc,heap      ] GC(17) Archive regions: 0->0
[2020-05-16T05:47:17.541+0000][8924][gc,heap      ] GC(17) Humongous regions: 1->1
[2020-05-16T05:47:17.541+0000][8924][gc,metaspace ] GC(17) Metaspace: 80942K(87648K)->80942K(87648K) NonClass: 69895K(73900K)->69895K(73900K) Class: 11046K(13748K)->11046K(13748K)
[2020-05-16T05:47:17.541+0000][8924][gc           ] GC(17) Pause Young (Normal) (G1 Evacuation Pause) 658M->61M(1024M) 482.582ms
[2020-05-16T05:47:17.541+0000][8924][gc,cpu       ] GC(17) User=0.05s Sys=0.20s Real=0.48s
[2020-05-16T05:47:17.541+0000][8924][safepoint    ] Safepoint "G1CollectForAllocation", Time since last: 126196661706 ns, Reaching safepoint: 139130 ns, At safepoint: 483249400 ns, Total: 483388530 ns
[2020-05-16T05:47:18.681+0000][8924][safepoint    ] Safepoint "Cleanup", Time since last: 1000479536 ns, Reaching safepoint: 138421732 ns, At safepoint: 76522 ns, Total: 138498254 ns
[2020-05-16T05:47:40.249+0000][8924][safepoint    ] Safepoint "Cleanup", Time since last: 21568586867 ns, Reaching safepoint: 99710 ns, At safepoint: 4174 ns, Total: 103884 ns
[2020-05-16T05:47:44.019+0000][8924][safepoint    ] Safepoint "Cleanup", Time since last: 3769803237 ns, Reaching safepoint: 72812 ns, At safepoint: 3710 ns, Total: 76522 ns
[2020-05-16T05:52:00.646+0000][8924][safepoint    ] Safepoint "BulkRevokeBias", Time since last: 256626727593 ns, Reaching safepoint: 96928 ns, At safepoint: 459594 ns, Total: 556522 ns
[2020-05-16T07:32:05.370+0000][8924][safepoint    ] Safepoint "Cleanup", Time since last: 6004706290687 ns, Reaching safepoint: 97358795 ns, At safepoint: 327884 ns, Total: 97686679 ns
[2020-05-16T07:32:06.514+0000][8924][safepoint    ] Safepoint "Cleanup", Time since last: 1140316225 ns, Reaching safepoint: 39152677 ns, At safepoint: 13913 ns, Total: 39166590 ns
[2020-05-16T07:32:37.530+0000][8924][safepoint    ] Safepoint "Cleanup", Time since last: 31016616340 ns, Reaching safepoint: 170667 ns, At safepoint: 22725 ns, Total: 193392 ns
[2020-05-16T07:32:45.397+0000][8924][gc,start     ] GC(18) Pause Young (Normal) (G1 Evacuation Pause)
[2020-05-16T07:32:45.401+0000][8924][gc,task      ] GC(18) Using 4 workers of 4 for evacuation
[2020-05-16T07:32:45.420+0000][8924][gc,age       ] GC(18) Desired survivor size 3670016 bytes, new threshold 7 (max threshold 15)
[2020-05-16T07:32:45.969+0000][8924][gc,age       ] GC(18) Age table with threshold 7 (max threshold 15)
[2020-05-16T07:32:45.970+0000][8924][gc,age       ] GC(18) - age   1:      50968 bytes,      50968 total
[2020-05-16T07:32:45.970+0000][8924][gc,age       ] GC(18) - age   2:     290136 bytes,     341104 total
[2020-05-16T07:32:45.970+0000][8924][gc,age       ] GC(18) - age   3:       1432 bytes,     342536 total
[2020-05-16T07:32:45.970+0000][8924][gc,age       ] GC(18) - age   4:       1760 bytes,     344296 total
[2020-05-16T07:32:45.970+0000][8924][gc,age       ] GC(18) - age   5:        968 bytes,     345264 total
[2020-05-16T07:32:45.970+0000][8924][gc,age       ] GC(18) - age   6:      17872 bytes,     363136 total
[2020-05-16T07:32:45.970+0000][8924][gc,age       ] GC(18) - age   7:     766864 bytes,    1130000 total
[2020-05-16T07:32:45.970+0000][8924][gc,mmu       ] GC(18) MMU target violated: 201.0ms (200.0ms/201.0ms)
[2020-05-16T07:32:45.970+0000][8924][gc,phases    ] GC(18)   Pre Evacuate Collection Set: 6.4ms
[2020-05-16T07:32:45.970+0000][8924][gc,phases    ] GC(18)   Merge Heap Roots: 1.1ms
[2020-05-16T07:32:45.970+0000][8924][gc,phases    ] GC(18)   Evacuate Collection Set: 455.8ms
[2020-05-16T07:32:45.970+0000][8924][gc,phases    ] GC(18)   Post Evacuate Collection Set: 81.9ms
[2020-05-16T07:32:45.970+0000][8924][gc,phases    ] GC(18)   Other: 50.2ms
[2020-05-16T07:32:45.970+0000][8924][gc,heap      ] GC(18) Eden regions: 34->0(611)
[2020-05-16T07:32:45.970+0000][8924][gc,heap      ] GC(18) Survivor regions: 17->3(7)
[2020-05-16T07:32:45.970+0000][8924][gc,heap      ] GC(18) Old regions: 44->60
[2020-05-16T07:32:45.970+0000][8924][gc,heap      ] GC(18) Archive regions: 0->0
[2020-05-16T07:32:45.970+0000][8924][gc,heap      ] GC(18) Humongous regions: 1->1
[2020-05-16T07:32:45.970+0000][8924][gc,metaspace ] GC(18) Metaspace: 80948K(87648K)->80948K(87648K) NonClass: 69900K(73900K)->69900K(73900K) Class: 11047K(13748K)->11047K(13748K)
[2020-05-16T07:32:45.990+0000][8924][gc           ] GC(18) Pause Young (Normal) (G1 Evacuation Pause) 95M->62M(1024M) 593.308ms
[2020-05-16T07:32:45.990+0000][8924][gc,cpu       ] GC(18) User=0.03s Sys=0.06s Real=0.62s
[2020-05-16T07:32:45.991+0000][8924][safepoint    ] Safepoint "G1CollectForAllocation", Time since last: 7834929699 ns, Reaching safepoint: 8595938 ns, At safepoint: 616729222 ns, Total: 625325160 ns
[2020-05-16T07:57:34.596+0000][8924][safepoint    ] Safepoint "Cleanup", Time since last: 1488581872425 ns, Reaching safepoint: 23814018 ns, At safepoint: 90435 ns, Total: 23904453 ns
[2020-05-16T07:57:36.698+0000][8924][safepoint    ] Safepoint "Cleanup", Time since last: 2102418967 ns, Reaching safepoint: 113159 ns, At safepoint: 5566 ns, Total: 118725 ns
[2020-05-16T07:57:37.934+0000][8924][safepoint    ] Safepoint "Cleanup", Time since last: 1235435948 ns, Reaching safepoint: 179942 ns, At safepoint: 53334 ns, Total: 233276 ns
[2020-05-16T07:57:38.952+0000][8924][safepoint    ] Safepoint "Cleanup", Time since last: 1017434890 ns, Reaching safepoint: 75131 ns, At safepoint: 4637 ns, Total: 79768 ns
[2020-05-16T07:57:39.347+0000][8924][safepoint    ] Safepoint "BulkRevokeBias", Time since last: 394355296 ns, Reaching safepoint: 126608 ns, At safepoint: 355710 ns, Total: 482318 ns
[2020-05-16T07:57:40.737+0000][8924][safepoint    ] Safepoint "Cleanup", Time since last: 1369832640 ns, Reaching safepoint: 20013904 ns, At safepoint: 59826 ns, Total: 20073730 ns
[2020-05-16T07:57:41.854+0000][8924][safepoint    ] Safepoint "Cleanup", Time since last: 1086578975 ns, Reaching safepoint: 30816913 ns, At safepoint: 544463 ns, Total: 31361376 ns
[2020-05-16T07:57:42.879+0000][8924][gc,heap,exit ] Heap
[2020-05-16T07:57:42.879+0000][8924][gc,heap,exit ]  garbage-first heap   total 1048576K, used 89809K [0x00000000c0000000, 0x0000000100000000)
[2020-05-16T07:57:42.879+0000][8924][gc,heap,exit ]   region size 1024K, 29 young (29696K), 3 survivors (3072K)
[2020-05-16T07:57:42.879+0000][8924][gc,heap,exit ]  Metaspace       used 81124K, capacity 87501K, committed 87648K, reserved 1124352K
[2020-05-16T07:57:42.879+0000][8924][gc,heap,exit ]   class space    used 11078K, capacity 13699K, committed 13748K, reserved 1048576K
