[2020-05-16T08:04:00.092+0000][15960][gc,heap] Heap region size: 1M
[2020-05-16T08:04:00.092+0000][15960][gc,heap,coops] Heap address: 0x00000000c0000000, size: 1024 MB, Compressed Oops mode: 32-bit
[2020-05-16T08:04:01.453+0000][15960][gc           ] Using G1
[2020-05-16T08:04:03.298+0000][15960][gc           ] Periodic GC disabled
[2020-05-16T08:04:03.877+0000][15960][safepoint    ] Safepoint "Cleanup", Time since last: 2001343999 ns, Reaching safepoint: 58118930 ns, At safepoint: 19478 ns, Total: 58138408 ns
[2020-05-16T08:04:05.613+0000][15960][safepoint    ] Safepoint "Cleanup", Time since last: 1735183891 ns, Reaching safepoint: 159536 ns, At safepoint: 2783 ns, Total: 162319 ns
[2020-05-16T08:04:06.849+0000][15960][safepoint    ] Safepoint "Cleanup", Time since last: 1000710028 ns, Reaching safepoint: 235870500 ns, At safepoint: 11130 ns, Total: 235881630 ns
[2020-05-16T08:04:08.966+0000][15960][safepoint    ] Safepoint "Cleanup", Time since last: 2030523812 ns, Reaching safepoint: 86263148 ns, At safepoint: 22725 ns, Total: 86285873 ns
[2020-05-16T08:04:10.516+0000][15960][safepoint    ] Safepoint "Cleanup", Time since last: 1549590006 ns, Reaching safepoint: 160464 ns, At safepoint: 41739 ns, Total: 202203 ns
[2020-05-16T08:04:12.109+0000][15960][safepoint    ] Safepoint "Cleanup", Time since last: 1593628014 ns, Reaching safepoint: 217044 ns, At safepoint: 27362 ns, Total: 244406 ns
[2020-05-16T08:04:12.628+0000][15960][gc,start     ] GC(0) Pause Young (Normal) (G1 Evacuation Pause)
[2020-05-16T08:04:12.628+0000][15960][gc,task      ] GC(0) Using 4 workers of 4 for evacuation
[2020-05-16T08:04:12.628+0000][15960][gc,age       ] GC(0) Desired survivor size 3670016 bytes, new threshold 15 (max threshold 15)
[2020-05-16T08:04:12.674+0000][15960][gc,age       ] GC(0) Age table with threshold 15 (max threshold 15)
[2020-05-16T08:04:12.674+0000][15960][gc,age       ] GC(0) - age   1:    5339944 bytes,    5339944 total
[2020-05-16T08:04:12.674+0000][15960][gc,phases    ] GC(0)   Pre Evacuate Collection Set: 0.2ms
[2020-05-16T08:04:12.674+0000][15960][gc,phases    ] GC(0)   Merge Heap Roots: 23.8ms
[2020-05-16T08:04:12.674+0000][15960][gc,phases    ] GC(0)   Evacuate Collection Set: 5.5ms
[2020-05-16T08:04:12.674+0000][15960][gc,phases    ] GC(0)   Post Evacuate Collection Set: 15.8ms
[2020-05-16T08:04:12.681+0000][15960][gc,phases    ] GC(0)   Other: 0.5ms
[2020-05-16T08:04:12.681+0000][15960][gc,heap      ] GC(0) Eden regions: 51->0(47)
[2020-05-16T08:04:12.681+0000][15960][gc,heap      ] GC(0) Survivor regions: 0->6(7)
[2020-05-16T08:04:12.681+0000][15960][gc,heap      ] GC(0) Old regions: 0->0
[2020-05-16T08:04:12.681+0000][15960][gc,heap      ] GC(0) Archive regions: 0->0
[2020-05-16T08:04:12.681+0000][15960][gc,heap      ] GC(0) Humongous regions: 1->1
[2020-05-16T08:04:12.681+0000][15960][gc,metaspace ] GC(0) Metaspace: 11772K(12416K)->11772K(12416K) NonClass: 10321K(10752K)->10321K(10752K) Class: 1451K(1664K)->1451K(1664K)
[2020-05-16T08:04:12.681+0000][15960][gc           ] GC(0) Pause Young (Normal) (G1 Evacuation Pause) 52M->6M(1024M) 53.515ms
[2020-05-16T08:04:12.681+0000][15960][gc,cpu       ] GC(0) User=0.00s Sys=0.00s Real=0.05s
[2020-05-16T08:04:12.681+0000][15960][safepoint    ] Safepoint "G1CollectForAllocation", Time since last: 518213325 ns, Reaching safepoint: 142377 ns, At safepoint: 53698293 ns, Total: 53840670 ns
[2020-05-16T08:04:14.516+0000][15960][safepoint    ] Safepoint "Cleanup", Time since last: 1833588483 ns, Reaching safepoint: 155363 ns, At safepoint: 158608 ns, Total: 313971 ns
[2020-05-16T08:04:15.540+0000][15960][gc,start     ] GC(1) Pause Young (Normal) (G1 Evacuation Pause)
[2020-05-16T08:04:15.540+0000][15960][gc,task      ] GC(1) Using 4 workers of 4 for evacuation
[2020-05-16T08:04:15.540+0000][15960][gc,age       ] GC(1) Desired survivor size 3670016 bytes, new threshold 1 (max threshold 15)
[2020-05-16T08:04:15.548+0000][15960][gc,age       ] GC(1) Age table with threshold 1 (max threshold 15)
[2020-05-16T08:04:15.548+0000][15960][gc,age       ] GC(1) - age   1:    2297352 bytes,    2297352 total
[2020-05-16T08:04:15.549+0000][15960][gc,phases    ] GC(1)   Pre Evacuate Collection Set: 0.1ms
[2020-05-16T08:04:15.549+0000][15960][gc,phases    ] GC(1)   Merge Heap Roots: 0.1ms
[2020-05-16T08:04:15.549+0000][15960][gc,phases    ] GC(1)   Evacuate Collection Set: 7.1ms
[2020-05-16T08:04:15.549+0000][15960][gc,phases    ] GC(1)   Post Evacuate Collection Set: 0.7ms
[2020-05-16T08:04:15.549+0000][15960][gc,phases    ] GC(1)   Other: 0.3ms
[2020-05-16T08:04:15.549+0000][15960][gc,heap      ] GC(1) Eden regions: 47->0(58)
[2020-05-16T08:04:15.549+0000][15960][gc,heap      ] GC(1) Survivor regions: 6->3(7)
[2020-05-16T08:04:15.549+0000][15960][gc,heap      ] GC(1) Old regions: 0->5
[2020-05-16T08:04:15.549+0000][15960][gc,heap      ] GC(1) Archive regions: 0->0
[2020-05-16T08:04:15.549+0000][15960][gc,heap      ] GC(1) Humongous regions: 1->1
[2020-05-16T08:04:15.549+0000][15960][gc,metaspace ] GC(1) Metaspace: 16361K(17280K)->16361K(17280K) NonClass: 14437K(15104K)->14437K(15104K) Class: 1924K(2176K)->1924K(2176K)
[2020-05-16T08:04:15.549+0000][15960][gc           ] GC(1) Pause Young (Normal) (G1 Evacuation Pause) 53M->8M(1024M) 8.520ms
[2020-05-16T08:04:15.549+0000][15960][gc,cpu       ] GC(1) User=0.06s Sys=0.00s Real=0.01s
[2020-05-16T08:04:15.549+0000][15960][safepoint    ] Safepoint "G1CollectForAllocation", Time since last: 1024454482 ns, Reaching safepoint: 115014 ns, At safepoint: 8627011 ns, Total: 8742025 ns
[2020-05-16T08:04:15.549+0000][15960][safepoint    ] Safepoint "BulkRevokeBias", Time since last: 382608 ns, Reaching safepoint: 53334 ns, At safepoint: 145159 ns, Total: 198493 ns
[2020-05-16T08:04:16.550+0000][15960][safepoint    ] Safepoint "Cleanup", Time since last: 1000453565 ns, Reaching safepoint: 147942 ns, At safepoint: 57043 ns, Total: 204985 ns
[2020-05-16T08:04:16.715+0000][15960][gc,start     ] GC(2) Pause Young (Normal) (G1 Evacuation Pause)
[2020-05-16T08:04:16.715+0000][15960][gc,task      ] GC(2) Using 4 workers of 4 for evacuation
[2020-05-16T08:04:16.715+0000][15960][gc,age       ] GC(2) Desired survivor size 4194304 bytes, new threshold 15 (max threshold 15)
[2020-05-16T08:04:16.738+0000][15960][gc,age       ] GC(2) Age table with threshold 15 (max threshold 15)
[2020-05-16T08:04:16.738+0000][15960][gc,age       ] GC(2) - age   1:    2499552 bytes,    2499552 total
[2020-05-16T08:04:16.738+0000][15960][gc,age       ] GC(2) - age   2:    2262120 bytes,    4761672 total
[2020-05-16T08:04:16.738+0000][15960][gc,phases    ] GC(2)   Pre Evacuate Collection Set: 0.1ms
[2020-05-16T08:04:16.738+0000][15960][gc,phases    ] GC(2)   Merge Heap Roots: 0.1ms
[2020-05-16T08:04:16.738+0000][15960][gc,phases    ] GC(2)   Evacuate Collection Set: 21.9ms
[2020-05-16T08:04:16.738+0000][15960][gc,phases    ] GC(2)   Post Evacuate Collection Set: 0.8ms
[2020-05-16T08:04:16.738+0000][15960][gc,phases    ] GC(2)   Other: 0.3ms
[2020-05-16T08:04:16.738+0000][15960][gc,heap      ] GC(2) Eden regions: 58->0(530)
[2020-05-16T08:04:16.738+0000][15960][gc,heap      ] GC(2) Survivor regions: 3->5(8)
[2020-05-16T08:04:16.738+0000][15960][gc,heap      ] GC(2) Old regions: 5->5
[2020-05-16T08:04:16.738+0000][15960][gc,heap      ] GC(2) Archive regions: 0->0
[2020-05-16T08:04:16.738+0000][15960][gc,heap      ] GC(2) Humongous regions: 2->1
[2020-05-16T08:04:16.738+0000][15960][gc,metaspace ] GC(2) Metaspace: 18522K(19456K)->18522K(19456K) NonClass: 16291K(16896K)->16291K(16896K) Class: 2231K(2560K)->2231K(2560K)
[2020-05-16T08:04:16.738+0000][15960][gc           ] GC(2) Pause Young (Normal) (G1 Evacuation Pause) 67M->10M(1024M) 23.347ms
[2020-05-16T08:04:16.738+0000][15960][gc,cpu       ] GC(2) User=0.00s Sys=0.00s Real=0.02s
[2020-05-16T08:04:16.738+0000][15960][safepoint    ] Safepoint "G1CollectForAllocation", Time since last: 165198300 ns, Reaching safepoint: 42667 ns, At safepoint: 23470830 ns, Total: 23513497 ns
[2020-05-16T08:04:16.739+0000][15960][safepoint    ] Safepoint "BulkRevokeBias", Time since last: 176232 ns, Reaching safepoint: 102029 ns, At safepoint: 372405 ns, Total: 474434 ns
[2020-05-16T08:04:16.739+0000][15960][safepoint    ] Safepoint "BulkRevokeBias", Time since last: 129391 ns, Reaching safepoint: 42667 ns, At safepoint: 135884 ns, Total: 178551 ns
[2020-05-16T08:04:17.746+0000][15960][safepoint    ] Safepoint "Cleanup", Time since last: 1001190956 ns, Reaching safepoint: 5106085 ns, At safepoint: 140058 ns, Total: 5246143 ns
[2020-05-16T08:04:18.871+0000][15960][gc,start     ] GC(3) Pause Young (Concurrent Start) (Metadata GC Threshold)
[2020-05-16T08:04:18.871+0000][15960][gc,task      ] GC(3) Using 4 workers of 4 for evacuation
[2020-05-16T08:04:18.871+0000][15960][gc,age       ] GC(3) Desired survivor size 35127296 bytes, new threshold 15 (max threshold 15)
[2020-05-16T08:04:18.883+0000][15960][gc,age       ] GC(3) Age table with threshold 15 (max threshold 15)
[2020-05-16T08:04:18.883+0000][15960][gc,age       ] GC(3) - age   1:    4792912 bytes,    4792912 total
[2020-05-16T08:04:18.883+0000][15960][gc,age       ] GC(3) - age   2:    2465184 bytes,    7258096 total
[2020-05-16T08:04:18.883+0000][15960][gc,age       ] GC(3) - age   3:    2261312 bytes,    9519408 total
[2020-05-16T08:04:18.884+0000][15960][gc,phases    ] GC(3)   Pre Evacuate Collection Set: 0.1ms
[2020-05-16T08:04:18.884+0000][15960][gc,phases    ] GC(3)   Merge Heap Roots: 0.1ms
[2020-05-16T08:04:18.884+0000][15960][gc,phases    ] GC(3)   Evacuate Collection Set: 5.9ms
[2020-05-16T08:04:18.884+0000][15960][gc,phases    ] GC(3)   Post Evacuate Collection Set: 0.8ms
[2020-05-16T08:04:18.884+0000][15960][gc,phases    ] GC(3)   Other: 5.9ms
[2020-05-16T08:04:18.884+0000][15960][gc,heap      ] GC(3) Eden regions: 464->0(511)
[2020-05-16T08:04:18.884+0000][15960][gc,heap      ] GC(3) Survivor regions: 5->10(67)
[2020-05-16T08:04:18.884+0000][15960][gc,heap      ] GC(3) Old regions: 5->5
[2020-05-16T08:04:18.884+0000][15960][gc,heap      ] GC(3) Archive regions: 0->0
[2020-05-16T08:04:18.884+0000][15960][gc,heap      ] GC(3) Humongous regions: 1->1
[2020-05-16T08:04:18.884+0000][15960][gc,metaspace ] GC(3) Metaspace: 20057K(21248K)->20057K(21248K) NonClass: 17590K(18432K)->17590K(18432K) Class: 2467K(2816K)->2467K(2816K)
[2020-05-16T08:04:18.884+0000][15960][gc           ] GC(3) Pause Young (Concurrent Start) (Metadata GC Threshold) 474M->15M(1024M) 13.140ms
[2020-05-16T08:04:18.884+0000][15960][gc,cpu       ] GC(3) User=0.00s Sys=0.00s Real=0.01s
[2020-05-16T08:04:18.884+0000][15960][gc           ] GC(4) Concurrent Cycle
[2020-05-16T08:04:18.884+0000][15960][gc,marking   ] GC(4) Concurrent Clear Claimed Marks
[2020-05-16T08:04:18.884+0000][15960][safepoint    ] Safepoint "CollectForMetadataAllocation", Time since last: 1124478087 ns, Reaching safepoint: 64000 ns, At safepoint: 13364399 ns, Total: 13428399 ns
[2020-05-16T08:04:18.884+0000][15960][gc,marking   ] GC(4) Concurrent Clear Claimed Marks 0.073ms
[2020-05-16T08:04:18.884+0000][15960][gc,marking   ] GC(4) Concurrent Scan Root Regions
[2020-05-16T08:04:18.885+0000][15960][safepoint    ] Safepoint "BulkRevokeBias", Time since last: 408580 ns, Reaching safepoint: 145159 ns, At safepoint: 445681 ns, Total: 590840 ns
[2020-05-16T08:04:18.889+0000][15960][gc,marking   ] GC(4) Concurrent Scan Root Regions 5.130ms
[2020-05-16T08:04:18.889+0000][15960][gc,marking   ] GC(4) Concurrent Mark (18.815s)
[2020-05-16T08:04:18.889+0000][15960][gc,marking   ] GC(4) Concurrent Mark From Roots
[2020-05-16T08:04:18.889+0000][15960][gc,task      ] GC(4) Using 1 workers of 1 for marking
[2020-05-16T08:04:18.910+0000][15960][gc,marking   ] GC(4) Concurrent Mark From Roots 21.014ms
[2020-05-16T08:04:18.910+0000][15960][gc,marking   ] GC(4) Concurrent Preclean
[2020-05-16T08:04:18.910+0000][15960][gc,marking   ] GC(4) Concurrent Preclean 0.147ms
[2020-05-16T08:04:18.910+0000][15960][gc,marking   ] GC(4) Concurrent Mark (18.815s, 18.837s) 21.285ms
[2020-05-16T08:04:18.910+0000][15960][gc,start     ] GC(4) Pause Remark
[2020-05-16T08:04:18.932+0000][15960][gc           ] GC(4) Pause Remark 24M->24M(1024M) 21.515ms
[2020-05-16T08:04:18.932+0000][15960][gc,cpu       ] GC(4) User=0.00s Sys=0.00s Real=0.02s
[2020-05-16T08:04:18.932+0000][15960][safepoint    ] Safepoint "G1Concurrent", Time since last: 25655177 ns, Reaching safepoint: 32463 ns, At safepoint: 21653787 ns, Total: 21686250 ns
[2020-05-16T08:04:18.933+0000][15960][gc,marking   ] GC(4) Concurrent Rebuild Remembered Sets
[2020-05-16T08:04:18.939+0000][15960][gc,marking   ] GC(4) Concurrent Rebuild Remembered Sets 6.527ms
[2020-05-16T08:04:18.940+0000][15960][gc,start     ] GC(4) Pause Cleanup
[2020-05-16T08:04:18.940+0000][15960][gc           ] GC(4) Pause Cleanup 24M->24M(1024M) 0.183ms
[2020-05-16T08:04:18.940+0000][15960][gc,cpu       ] GC(4) User=0.00s Sys=0.00s Real=0.00s
[2020-05-16T08:04:18.940+0000][15960][safepoint    ] Safepoint "G1Concurrent", Time since last: 6694954 ns, Reaching safepoint: 646956 ns, At safepoint: 340869 ns, Total: 987825 ns
[2020-05-16T08:04:18.940+0000][15960][gc,marking   ] GC(4) Concurrent Cleanup for Next Mark
[2020-05-16T08:04:18.943+0000][15960][gc,marking   ] GC(4) Concurrent Cleanup for Next Mark 2.844ms
[2020-05-16T08:04:18.943+0000][15960][gc           ] GC(4) Concurrent Cycle 59.113ms
[2020-05-16T08:04:20.420+0000][15960][gc,start     ] GC(5) Pause Young (Normal) (G1 Evacuation Pause)
[2020-05-16T08:04:20.421+0000][15960][gc,task      ] GC(5) Using 4 workers of 4 for evacuation
[2020-05-16T08:04:20.421+0000][15960][gc,age       ] GC(5) Desired survivor size 36175872 bytes, new threshold 15 (max threshold 15)
[2020-05-16T08:04:20.430+0000][15960][gc,age       ] GC(5) Age table with threshold 15 (max threshold 15)
[2020-05-16T08:04:20.430+0000][15960][gc,age       ] GC(5) - age   1:    3062712 bytes,    3062712 total
[2020-05-16T08:04:20.430+0000][15960][gc,age       ] GC(5) - age   2:    4750792 bytes,    7813504 total
[2020-05-16T08:04:20.430+0000][15960][gc,age       ] GC(5) - age   3:    2464208 bytes,   10277712 total
[2020-05-16T08:04:20.430+0000][15960][gc,age       ] GC(5) - age   4:    2260936 bytes,   12538648 total
[2020-05-16T08:04:20.430+0000][15960][gc,phases    ] GC(5)   Pre Evacuate Collection Set: 0.1ms
[2020-05-16T08:04:20.430+0000][15960][gc,phases    ] GC(5)   Merge Heap Roots: 0.0ms
[2020-05-16T08:04:20.430+0000][15960][gc,phases    ] GC(5)   Evacuate Collection Set: 8.5ms
[2020-05-16T08:04:20.430+0000][15960][gc,phases    ] GC(5)   Post Evacuate Collection Set: 0.8ms
[2020-05-16T08:04:20.430+0000][15960][gc,phases    ] GC(5)   Other: 0.4ms
[2020-05-16T08:04:20.430+0000][15960][gc,heap      ] GC(5) Eden regions: 536->0(601)
[2020-05-16T08:04:20.430+0000][15960][gc,heap      ] GC(5) Survivor regions: 10->13(69)
[2020-05-16T08:04:20.430+0000][15960][gc,heap      ] GC(5) Old regions: 5->5
[2020-05-16T08:04:20.431+0000][15960][gc,heap      ] GC(5) Archive regions: 0->0
[2020-05-16T08:04:20.431+0000][15960][gc,heap      ] GC(5) Humongous regions: 1->1
[2020-05-16T08:04:20.431+0000][15960][gc,metaspace ] GC(5) Metaspace: 21388K(23040K)->21388K(23040K) NonClass: 18766K(19968K)->18766K(19968K) Class: 2622K(3072K)->2622K(3072K)
[2020-05-16T08:04:20.431+0000][15960][gc           ] GC(5) Pause Young (Normal) (G1 Evacuation Pause) 551M->18M(1024M) 10.104ms
[2020-05-16T08:04:20.431+0000][15960][gc,cpu       ] GC(5) User=0.00s Sys=0.00s Real=0.01s
[2020-05-16T08:04:20.431+0000][15960][safepoint    ] Safepoint "G1CollectForAllocation", Time since last: 1480645343 ns, Reaching safepoint: 138666 ns, At safepoint: 10223300 ns, Total: 10361966 ns
[2020-05-16T08:04:20.431+0000][15960][safepoint    ] Safepoint "BulkRevokeBias", Time since last: 145159 ns, Reaching safepoint: 33855 ns, At safepoint: 132638 ns, Total: 166493 ns
[2020-05-16T08:04:20.431+0000][15960][safepoint    ] Safepoint "BulkRevokeBias", Time since last: 57507 ns, Reaching safepoint: 38957 ns, At safepoint: 70956 ns, Total: 109913 ns
[2020-05-16T08:04:22.064+0000][15960][safepoint    ] Safepoint "Cleanup", Time since last: 1631864751 ns, Reaching safepoint: 64000 ns, At safepoint: 1391 ns, Total: 65391 ns
[2020-05-16T08:04:26.072+0000][15960][safepoint    ] Safepoint "Cleanup", Time since last: 4008584808 ns, Reaching safepoint: 55188 ns, At safepoint: 6493 ns, Total: 61681 ns
[2020-05-16T08:04:27.081+0000][15960][safepoint    ] Safepoint "Cleanup", Time since last: 1000788869 ns, Reaching safepoint: 8220286 ns, At safepoint: 2319 ns, Total: 8222605 ns
[2020-05-16T08:04:28.184+0000][15960][safepoint    ] Safepoint "Cleanup", Time since last: 1102456996 ns, Reaching safepoint: 203130 ns, At safepoint: 6957 ns, Total: 210087 ns
[2020-05-16T08:04:29.191+0000][15960][safepoint    ] Safepoint "Cleanup", Time since last: 1006890663 ns, Reaching safepoint: 146087 ns, At safepoint: 9739 ns, Total: 155826 ns
[2020-05-16T08:04:30.408+0000][15960][safepoint    ] Safepoint "Cleanup", Time since last: 1216590740 ns, Reaching safepoint: 224000 ns, At safepoint: 7420 ns, Total: 231420 ns
[2020-05-16T08:04:30.683+0000][15960][gc,start     ] GC(6) Pause Young (Concurrent Start) (Metadata GC Threshold)
[2020-05-16T08:04:30.683+0000][15960][gc,task      ] GC(6) Using 4 workers of 4 for evacuation
[2020-05-16T08:04:30.683+0000][15960][gc,age       ] GC(6) Desired survivor size 40370176 bytes, new threshold 15 (max threshold 15)
[2020-05-16T08:04:30.719+0000][15960][gc,age       ] GC(6) Age table with threshold 15 (max threshold 15)
[2020-05-16T08:04:30.719+0000][15960][gc,age       ] GC(6) - age   1:   29093432 bytes,   29093432 total
[2020-05-16T08:04:30.719+0000][15960][gc,age       ] GC(6) - age   2:    2670552 bytes,   31763984 total
[2020-05-16T08:04:30.719+0000][15960][gc,age       ] GC(6) - age   3:    4714584 bytes,   36478568 total
[2020-05-16T08:04:30.719+0000][15960][gc,age       ] GC(6) - age   4:    2450144 bytes,   38928712 total
[2020-05-16T08:04:30.719+0000][15960][gc,age       ] GC(6) - age   5:    2198232 bytes,   41126944 total
[2020-05-16T08:04:30.719+0000][15960][gc,phases    ] GC(6)   Pre Evacuate Collection Set: 0.2ms
[2020-05-16T08:04:30.719+0000][15960][gc,phases    ] GC(6)   Merge Heap Roots: 0.1ms
[2020-05-16T08:04:30.719+0000][15960][gc,phases    ] GC(6)   Evacuate Collection Set: 33.5ms
[2020-05-16T08:04:30.719+0000][15960][gc,phases    ] GC(6)   Post Evacuate Collection Set: 1.6ms
[2020-05-16T08:04:30.719+0000][15960][gc,phases    ] GC(6)   Other: 0.5ms
[2020-05-16T08:04:30.719+0000][15960][gc,heap      ] GC(6) Eden regions: 435->0(573)
[2020-05-16T08:04:30.719+0000][15960][gc,heap      ] GC(6) Survivor regions: 13->41(77)
[2020-05-16T08:04:30.719+0000][15960][gc,heap      ] GC(6) Old regions: 5->5
[2020-05-16T08:04:30.719+0000][15960][gc,heap      ] GC(6) Archive regions: 0->0
[2020-05-16T08:04:30.719+0000][15960][gc,heap      ] GC(6) Humongous regions: 1->1
[2020-05-16T08:04:30.719+0000][15960][gc,metaspace ] GC(6) Metaspace: 32905K(35628K)->32905K(35628K) NonClass: 28607K(30380K)->28607K(30380K) Class: 4297K(5248K)->4297K(5248K)
[2020-05-16T08:04:30.719+0000][15960][gc           ] GC(6) Pause Young (Concurrent Start) (Metadata GC Threshold) 453M->46M(1024M) 36.112ms
[2020-05-16T08:04:30.719+0000][15960][gc,cpu       ] GC(6) User=0.16s Sys=0.00s Real=0.04s
[2020-05-16T08:04:30.719+0000][15960][gc           ] GC(7) Concurrent Cycle
[2020-05-16T08:04:30.719+0000][15960][gc,marking   ] GC(7) Concurrent Clear Claimed Marks
[2020-05-16T08:04:30.719+0000][15960][gc,marking   ] GC(7) Concurrent Clear Claimed Marks 0.140ms
[2020-05-16T08:04:30.719+0000][15960][safepoint    ] Safepoint "CollectForMetadataAllocation", Time since last: 275606133 ns, Reaching safepoint: 55189 ns, At safepoint: 36382128 ns, Total: 36437317 ns
[2020-05-16T08:04:30.720+0000][15960][gc,marking   ] GC(7) Concurrent Scan Root Regions
[2020-05-16T08:04:30.751+0000][15960][gc,marking   ] GC(7) Concurrent Scan Root Regions 31.338ms
[2020-05-16T08:04:30.751+0000][15960][gc,marking   ] GC(7) Concurrent Mark (30.677s)
[2020-05-16T08:04:30.751+0000][15960][gc,marking   ] GC(7) Concurrent Mark From Roots
[2020-05-16T08:04:30.751+0000][15960][gc,task      ] GC(7) Using 1 workers of 1 for marking
[2020-05-16T08:04:30.754+0000][15960][safepoint    ] Safepoint "CollectForMetadataAllocation", Time since last: 34188970 ns, Reaching safepoint: 70029 ns, At safepoint: 260173 ns, Total: 330202 ns
[2020-05-16T08:04:30.763+0000][15960][gc,marking   ] GC(7) Concurrent Mark From Roots 11.902ms
[2020-05-16T08:04:30.763+0000][15960][gc,marking   ] GC(7) Concurrent Preclean
[2020-05-16T08:04:30.763+0000][15960][gc,marking   ] GC(7) Concurrent Preclean 0.151ms
[2020-05-16T08:04:30.763+0000][15960][gc,marking   ] GC(7) Concurrent Mark (30.677s, 30.689s) 12.179ms
[2020-05-16T08:04:30.763+0000][15960][gc,start     ] GC(7) Pause Remark
[2020-05-16T08:04:30.765+0000][15960][gc           ] GC(7) Pause Remark 48M->48M(1024M) 1.784ms
[2020-05-16T08:04:30.765+0000][15960][gc,cpu       ] GC(7) User=0.00s Sys=0.00s Real=0.00s
[2020-05-16T08:04:30.765+0000][15960][safepoint    ] Safepoint "G1Concurrent", Time since last: 9197445 ns, Reaching safepoint: 170667 ns, At safepoint: 1916289 ns, Total: 2086956 ns
[2020-05-16T08:04:30.765+0000][15960][gc,marking   ] GC(7) Concurrent Rebuild Remembered Sets
[2020-05-16T08:04:30.771+0000][15960][gc,marking   ] GC(7) Concurrent Rebuild Remembered Sets 5.464ms
[2020-05-16T08:04:30.771+0000][15960][gc,start     ] GC(7) Pause Cleanup
[2020-05-16T08:04:30.772+0000][15960][gc           ] GC(7) Pause Cleanup 48M->48M(1024M) 0.188ms
[2020-05-16T08:04:30.772+0000][15960][gc,cpu       ] GC(7) User=0.00s Sys=0.00s Real=0.00s
[2020-05-16T08:04:30.772+0000][15960][safepoint    ] Safepoint "G1Concurrent", Time since last: 5680229 ns, Reaching safepoint: 316290 ns, At safepoint: 281043 ns, Total: 597333 ns
[2020-05-16T08:04:30.772+0000][15960][gc,marking   ] GC(7) Concurrent Cleanup for Next Mark
[2020-05-16T08:04:30.774+0000][15960][gc,marking   ] GC(7) Concurrent Cleanup for Next Mark 2.691ms
[2020-05-16T08:04:30.774+0000][15960][gc           ] GC(7) Concurrent Cycle 55.020ms
[2020-05-16T08:04:31.816+0000][15960][safepoint    ] Safepoint "Cleanup", Time since last: 1044483690 ns, Reaching safepoint: 117797 ns, At safepoint: 6956 ns, Total: 124753 ns
[2020-05-16T08:04:32.817+0000][15960][safepoint    ] Safepoint "Cleanup", Time since last: 1000545391 ns, Reaching safepoint: 87652 ns, At safepoint: 2319 ns, Total: 89971 ns
[2020-05-16T08:04:33.827+0000][15960][safepoint    ] Safepoint "Cleanup", Time since last: 1000325102 ns, Reaching safepoint: 8995242 ns, At safepoint: 7884 ns, Total: 9003126 ns
[2020-05-16T08:04:35.188+0000][15960][safepoint    ] Safepoint "Cleanup", Time since last: 1361520528 ns, Reaching safepoint: 155362 ns, At safepoint: 24116 ns, Total: 179478 ns
[2020-05-16T08:04:36.246+0000][15960][safepoint    ] Safepoint "Cleanup", Time since last: 1056586640 ns, Reaching safepoint: 733217 ns, At safepoint: 29682 ns, Total: 762899 ns
[2020-05-16T08:04:36.273+0000][15960][safepoint    ] Safepoint "BulkRevokeBias", Time since last: 27459233 ns, Reaching safepoint: 50087 ns, At safepoint: 96464 ns, Total: 146551 ns
[2020-05-16T08:04:36.277+0000][15960][safepoint    ] Safepoint "BulkRevokeBias", Time since last: 3267245 ns, Reaching safepoint: 73739 ns, At safepoint: 154435 ns, Total: 228174 ns
[2020-05-16T08:04:36.280+0000][15960][safepoint    ] Safepoint "BulkRevokeBias", Time since last: 3324752 ns, Reaching safepoint: 62608 ns, At safepoint: 121971 ns, Total: 184579 ns
[2020-05-16T08:04:36.855+0000][15960][gc,start     ] GC(8) Pause Young (Concurrent Start) (Metadata GC Threshold)
[2020-05-16T08:04:36.855+0000][15960][gc,task      ] GC(8) Using 4 workers of 4 for evacuation
[2020-05-16T08:04:36.855+0000][15960][gc,age       ] GC(8) Desired survivor size 40370176 bytes, new threshold 5 (max threshold 15)
[2020-05-16T08:04:36.897+0000][15960][gc,age       ] GC(8) Age table with threshold 5 (max threshold 15)
[2020-05-16T08:04:36.897+0000][15960][gc,age       ] GC(8) - age   1:   10141712 bytes,   10141712 total
[2020-05-16T08:04:36.897+0000][15960][gc,age       ] GC(8) - age   2:   28826312 bytes,   38968024 total
[2020-05-16T08:04:36.897+0000][15960][gc,age       ] GC(8) - age   3:    2657848 bytes,   41625872 total
[2020-05-16T08:04:36.897+0000][15960][gc,age       ] GC(8) - age   4:    4687888 bytes,   46313760 total
[2020-05-16T08:04:36.897+0000][15960][gc,age       ] GC(8) - age   5:    2437584 bytes,   48751344 total
[2020-05-16T08:04:36.897+0000][15960][gc,phases    ] GC(8)   Pre Evacuate Collection Set: 0.4ms
[2020-05-16T08:04:36.897+0000][15960][gc,phases    ] GC(8)   Merge Heap Roots: 0.1ms
[2020-05-16T08:04:36.897+0000][15960][gc,phases    ] GC(8)   Evacuate Collection Set: 39.5ms
[2020-05-16T08:04:36.897+0000][15960][gc,phases    ] GC(8)   Post Evacuate Collection Set: 2.0ms
[2020-05-16T08:04:36.897+0000][15960][gc,phases    ] GC(8)   Other: 0.5ms
[2020-05-16T08:04:36.897+0000][15960][gc,heap      ] GC(8) Eden regions: 324->0(102)
[2020-05-16T08:04:36.897+0000][15960][gc,heap      ] GC(8) Survivor regions: 41->48(77)
[2020-05-16T08:04:36.897+0000][15960][gc,heap      ] GC(8) Old regions: 5->8
[2020-05-16T08:04:36.897+0000][15960][gc,heap      ] GC(8) Archive regions: 0->0
[2020-05-16T08:04:36.897+0000][15960][gc,heap      ] GC(8) Humongous regions: 1->1
[2020-05-16T08:04:36.897+0000][15960][gc,metaspace ] GC(8) Metaspace: 55464K(60360K)->55464K(60360K) NonClass: 47876K(50812K)->47876K(50812K) Class: 7588K(9548K)->7588K(9548K)
[2020-05-16T08:04:36.897+0000][15960][gc           ] GC(8) Pause Young (Concurrent Start) (Metadata GC Threshold) 370M->55M(1024M) 42.722ms
[2020-05-16T08:04:36.897+0000][15960][gc,cpu       ] GC(8) User=0.19s Sys=0.00s Real=0.04s
[2020-05-16T08:04:36.898+0000][15960][gc           ] GC(9) Concurrent Cycle
[2020-05-16T08:04:36.898+0000][15960][gc,marking   ] GC(9) Concurrent Clear Claimed Marks
[2020-05-16T08:04:36.898+0000][15960][gc,marking   ] GC(9) Concurrent Clear Claimed Marks 0.466ms
[2020-05-16T08:04:36.898+0000][15960][gc,marking   ] GC(9) Concurrent Scan Root Regions
[2020-05-16T08:04:36.898+0000][15960][safepoint    ] Safepoint "CollectForMetadataAllocation", Time since last: 574591734 ns, Reaching safepoint: 82551 ns, At safepoint: 43691110 ns, Total: 43773661 ns
[2020-05-16T08:04:36.926+0000][15960][safepoint    ] Safepoint "BulkRevokeBias", Time since last: 18890658 ns, Reaching safepoint: 4451708 ns, At safepoint: 4460983 ns, Total: 8912691 ns
[2020-05-16T08:04:36.952+0000][15960][gc,marking   ] GC(9) Concurrent Scan Root Regions 54.600ms
[2020-05-16T08:04:36.952+0000][15960][gc,marking   ] GC(9) Concurrent Mark (36.879s)
[2020-05-16T08:04:36.952+0000][15960][gc,marking   ] GC(9) Concurrent Mark From Roots
[2020-05-16T08:04:36.952+0000][15960][gc,task      ] GC(9) Using 1 workers of 1 for marking
[2020-05-16T08:04:36.968+0000][15960][gc,marking   ] GC(9) Concurrent Mark From Roots 14.491ms
[2020-05-16T08:04:36.968+0000][15960][gc,marking   ] GC(9) Concurrent Preclean
[2020-05-16T08:04:36.968+0000][15960][gc,marking   ] GC(9) Concurrent Preclean 0.122ms
[2020-05-16T08:04:36.968+0000][15960][gc,marking   ] GC(9) Concurrent Mark (36.879s, 36.894s) 14.714ms
[2020-05-16T08:04:36.980+0000][15960][gc,start     ] GC(9) Pause Remark
[2020-05-16T08:04:36.982+0000][15960][gc           ] GC(9) Pause Remark 57M->57M(1024M) 2.437ms
[2020-05-16T08:04:36.982+0000][15960][gc,cpu       ] GC(9) User=0.06s Sys=0.00s Real=0.00s
[2020-05-16T08:04:36.982+0000][15960][safepoint    ] Safepoint "G1Concurrent", Time since last: 41548039 ns, Reaching safepoint: 12059820 ns, At safepoint: 2547941 ns, Total: 14607761 ns
[2020-05-16T08:04:36.982+0000][15960][gc,marking   ] GC(9) Concurrent Rebuild Remembered Sets
[2020-05-16T08:04:36.991+0000][15960][gc,marking   ] GC(9) Concurrent Rebuild Remembered Sets 9.230ms
[2020-05-16T08:04:36.993+0000][15960][gc,start     ] GC(9) Pause Cleanup
[2020-05-16T08:04:36.993+0000][15960][gc           ] GC(9) Pause Cleanup 57M->57M(1024M) 0.181ms
[2020-05-16T08:04:36.993+0000][15960][gc,cpu       ] GC(9) User=0.00s Sys=0.00s Real=0.00s
[2020-05-16T08:04:36.994+0000][15960][safepoint    ] Safepoint "G1Concurrent", Time since last: 9423300 ns, Reaching safepoint: 1784115 ns, At safepoint: 334841 ns, Total: 2118956 ns
[2020-05-16T08:04:36.994+0000][15960][gc,marking   ] GC(9) Concurrent Cleanup for Next Mark
[2020-05-16T08:04:36.996+0000][15960][gc,marking   ] GC(9) Concurrent Cleanup for Next Mark 2.769ms
[2020-05-16T08:04:36.996+0000][15960][gc           ] GC(9) Concurrent Cycle 99.050ms
[2020-05-16T08:04:37.996+0000][15960][safepoint    ] Safepoint "Cleanup", Time since last: 1001168231 ns, Reaching safepoint: 512000 ns, At safepoint: 3246 ns, Total: 515246 ns
[2020-05-16T08:04:38.133+0000][15960][safepoint    ] Safepoint "BulkRevokeBias", Time since last: 137605502 ns, Reaching safepoint: 38492 ns, At safepoint: 140522 ns, Total: 179014 ns
[2020-05-16T08:04:39.223+0000][15960][safepoint    ] Safepoint "ICBufferFull", Time since last: 1088414568 ns, Reaching safepoint: 736927 ns, At safepoint: 4638 ns, Total: 741565 ns
[2020-05-16T08:04:40.205+0000][15960][gc,start     ] GC(10) Pause Young (Normal) (G1 Evacuation Pause)
[2020-05-16T08:04:40.205+0000][15960][gc,task      ] GC(10) Using 4 workers of 4 for evacuation
[2020-05-16T08:04:40.206+0000][15960][gc,age       ] GC(10) Desired survivor size 13631488 bytes, new threshold 2 (max threshold 15)
[2020-05-16T08:04:40.256+0000][15960][gc,age       ] GC(10) Age table with threshold 2 (max threshold 15)
[2020-05-16T08:04:40.256+0000][15960][gc,age       ] GC(10) - age   1:    6307760 bytes,    6307760 total
[2020-05-16T08:04:40.256+0000][15960][gc,age       ] GC(10) - age   2:    9664072 bytes,   15971832 total
[2020-05-16T08:04:40.256+0000][15960][gc,phases    ] GC(10)   Pre Evacuate Collection Set: 0.1ms
[2020-05-16T08:04:40.256+0000][15960][gc,phases    ] GC(10)   Merge Heap Roots: 0.0ms
[2020-05-16T08:04:40.256+0000][15960][gc,phases    ] GC(10)   Evacuate Collection Set: 48.7ms
[2020-05-16T08:04:40.256+0000][15960][gc,phases    ] GC(10)   Post Evacuate Collection Set: 1.5ms
[2020-05-16T08:04:40.256+0000][15960][gc,phases    ] GC(10)   Other: 0.4ms
[2020-05-16T08:04:40.256+0000][15960][gc,heap      ] GC(10) Eden regions: 159->0(598)
[2020-05-16T08:04:40.256+0000][15960][gc,heap      ] GC(10) Survivor regions: 48->16(26)
[2020-05-16T08:04:40.256+0000][15960][gc,heap      ] GC(10) Old regions: 8->44
[2020-05-16T08:04:40.256+0000][15960][gc,heap      ] GC(10) Archive regions: 0->0
[2020-05-16T08:04:40.256+0000][15960][gc,heap      ] GC(10) Humongous regions: 1->1
[2020-05-16T08:04:40.256+0000][15960][gc,metaspace ] GC(10) Metaspace: 72721K(78664K)->72721K(78664K) NonClass: 62747K(66172K)->62747K(66172K) Class: 9973K(12492K)->9973K(12492K)
[2020-05-16T08:04:40.256+0000][15960][gc           ] GC(10) Pause Young (Normal) (G1 Evacuation Pause) 214M->60M(1024M) 50.945ms
[2020-05-16T08:04:40.256+0000][15960][gc,cpu       ] GC(10) User=0.19s Sys=0.00s Real=0.05s
[2020-05-16T08:04:40.258+0000][15960][safepoint    ] Safepoint "G1CollectForAllocation", Time since last: 982665747 ns, Reaching safepoint: 125681 ns, At safepoint: 52104323 ns, Total: 52230004 ns
[2020-05-16T08:04:40.844+0000][15960][safepoint    ] Safepoint "ICBufferFull", Time since last: 586808772 ns, Reaching safepoint: 164174 ns, At safepoint: 3710 ns, Total: 167884 ns
[2020-05-16T08:04:41.340+0000][15960][safepoint    ] Safepoint "BulkRevokeBias", Time since last: 493136930 ns, Reaching safepoint: 211479 ns, At safepoint: 2503883 ns, Total: 2715362 ns
[2020-05-16T08:04:42.061+0000][15960][safepoint    ] Safepoint "BulkRevokeBias", Time since last: 719034565 ns, Reaching safepoint: 166956 ns, At safepoint: 1827709 ns, Total: 1994665 ns
[2020-05-16T08:04:42.122+0000][15960][safepoint    ] Safepoint "BulkRevokeBias", Time since last: 59621538 ns, Reaching safepoint: 122435 ns, At safepoint: 830144 ns, Total: 952579 ns
[2020-05-16T08:04:43.345+0000][15960][safepoint    ] Safepoint "Cleanup", Time since last: 1222733346 ns, Reaching safepoint: 235594 ns, At safepoint: 15305 ns, Total: 250899 ns
[2020-05-16T08:04:43.529+0000][15960][safepoint    ] Safepoint "BulkRevokeBias", Time since last: 183478639 ns, Reaching safepoint: 92754 ns, At safepoint: 659941 ns, Total: 752695 ns
[2020-05-16T08:04:43.539+0000][15960][safepoint    ] Safepoint "BulkRevokeBias", Time since last: 8503649 ns, Reaching safepoint: 74666 ns, At safepoint: 941913 ns, Total: 1016579 ns
[2020-05-16T08:04:44.435+0000][15960][safepoint    ] Safepoint "BulkRevokeBias", Time since last: 895175933 ns, Reaching safepoint: 160463 ns, At safepoint: 630261 ns, Total: 790724 ns
[2020-05-16T08:04:44.694+0000][15960][safepoint    ] Safepoint "BulkRevokeBias", Time since last: 259022257 ns, Reaching safepoint: 70029 ns, At safepoint: 1093564 ns, Total: 1163593 ns
[2020-05-16T08:04:45.762+0000][15960][safepoint    ] Safepoint "Cleanup", Time since last: 1066547911 ns, Reaching safepoint: 177623 ns, At safepoint: 498551 ns, Total: 676174 ns
[2020-05-16T08:04:47.195+0000][15960][safepoint    ] Safepoint "Cleanup", Time since last: 1433108669 ns, Reaching safepoint: 141913 ns, At safepoint: 174376 ns, Total: 316289 ns
[2020-05-16T08:04:48.410+0000][15960][safepoint    ] Safepoint "Cleanup", Time since last: 1214846509 ns, Reaching safepoint: 95537 ns, At safepoint: 14840 ns, Total: 110377 ns
[2020-05-16T08:04:49.474+0000][15960][safepoint    ] Safepoint "Cleanup", Time since last: 1063759739 ns, Reaching safepoint: 320000 ns, At safepoint: 68637 ns, Total: 388637 ns
[2020-05-16T08:04:50.483+0000][15960][safepoint    ] Safepoint "Cleanup", Time since last: 1008320460 ns, Reaching safepoint: 138203 ns, At safepoint: 4174 ns, Total: 142377 ns
[2020-05-16T08:04:51.739+0000][15960][safepoint    ] Safepoint "Cleanup", Time since last: 1255841736 ns, Reaching safepoint: 132638 ns, At safepoint: 57971 ns, Total: 190609 ns
[2020-05-16T08:04:53.012+0000][15960][safepoint    ] Safepoint "Cleanup", Time since last: 1272841149 ns, Reaching safepoint: 159072 ns, At safepoint: 8348 ns, Total: 167420 ns
[2020-05-16T08:04:54.013+0000][15960][safepoint    ] Safepoint "Cleanup", Time since last: 1000166029 ns, Reaching safepoint: 98319 ns, At safepoint: 6956 ns, Total: 105275 ns
[2020-05-16T08:04:55.023+0000][15960][safepoint    ] Safepoint "Cleanup", Time since last: 1009997445 ns, Reaching safepoint: 265275 ns, At safepoint: 8812 ns, Total: 274087 ns
[2020-05-16T08:04:56.023+0000][15960][safepoint    ] Safepoint "Cleanup", Time since last: 1000178087 ns, Reaching safepoint: 97855 ns, At safepoint: 4637 ns, Total: 102492 ns
[2020-05-16T08:04:57.023+0000][15960][safepoint    ] Safepoint "Cleanup", Time since last: 1000158609 ns, Reaching safepoint: 90435 ns, At safepoint: 4174 ns, Total: 94609 ns
[2020-05-16T08:04:58.024+0000][15960][safepoint    ] Safepoint "Cleanup", Time since last: 1000244405 ns, Reaching safepoint: 83478 ns, At safepoint: 2783 ns, Total: 86261 ns
[2020-05-16T08:04:59.024+0000][15960][safepoint    ] Safepoint "Cleanup", Time since last: 1000266203 ns, Reaching safepoint: 76058 ns, At safepoint: 3710 ns, Total: 79768 ns
[2020-05-16T08:05:00.025+0000][15960][safepoint    ] Safepoint "Cleanup", Time since last: 1000883478 ns, Reaching safepoint: 118261 ns, At safepoint: 2782 ns, Total: 121043 ns
[2020-05-16T08:05:01.026+0000][15960][safepoint    ] Safepoint "Cleanup", Time since last: 1000695188 ns, Reaching safepoint: 128000 ns, At safepoint: 2319 ns, Total: 130319 ns
[2020-05-16T08:05:02.402+0000][15960][safepoint    ] Safepoint "BulkRevokeBias", Time since last: 1374975826 ns, Reaching safepoint: 76986 ns, At safepoint: 743420 ns, Total: 820406 ns
[2020-05-16T08:05:03.418+0000][15960][safepoint    ] Safepoint "Cleanup", Time since last: 1016387702 ns, Reaching safepoint: 193391 ns, At safepoint: 7421 ns, Total: 200812 ns
[2020-05-16T08:05:03.893+0000][15960][safepoint    ] Safepoint "BulkRevokeBias", Time since last: 473422157 ns, Reaching safepoint: 323710 ns, At safepoint: 1422840 ns, Total: 1746550 ns
[2020-05-16T08:05:04.894+0000][15960][safepoint    ] Safepoint "Cleanup", Time since last: 1000752231 ns, Reaching safepoint: 110377 ns, At safepoint: 4174 ns, Total: 114551 ns
[2020-05-16T08:05:05.895+0000][15960][safepoint    ] Safepoint "Cleanup", Time since last: 1000391420 ns, Reaching safepoint: 75130 ns, At safepoint: 2319 ns, Total: 77449 ns
[2020-05-16T08:05:06.896+0000][15960][safepoint    ] Safepoint "Cleanup", Time since last: 1000854725 ns, Reaching safepoint: 129855 ns, At safepoint: 5101 ns, Total: 134956 ns
[2020-05-16T08:05:07.897+0000][15960][safepoint    ] Safepoint "Cleanup", Time since last: 1000780985 ns, Reaching safepoint: 93681 ns, At safepoint: 4638 ns, Total: 98319 ns
[2020-05-16T08:05:08.898+0000][15960][safepoint    ] Safepoint "Cleanup", Time since last: 1000892289 ns, Reaching safepoint: 106203 ns, At safepoint: 6957 ns, Total: 113160 ns
[2020-05-16T08:05:09.898+0000][15960][safepoint    ] Safepoint "Cleanup", Time since last: 1000447536 ns, Reaching safepoint: 94145 ns, At safepoint: 6956 ns, Total: 101101 ns
[2020-05-16T08:05:11.385+0000][15960][safepoint    ] Safepoint "ICBufferFull", Time since last: 1486604760 ns, Reaching safepoint: 167420 ns, At safepoint: 12522 ns, Total: 179942 ns
[2020-05-16T08:05:13.145+0000][15960][safepoint    ] Safepoint "Cleanup", Time since last: 1759964865 ns, Reaching safepoint: 107594 ns, At safepoint: 6493 ns, Total: 114087 ns
[2020-05-16T08:05:14.561+0000][15960][safepoint    ] Safepoint "Cleanup", Time since last: 1415953430 ns, Reaching safepoint: 150261 ns, At safepoint: 6029 ns, Total: 156290 ns
[2020-05-16T08:05:15.729+0000][15960][safepoint    ] Safepoint "Cleanup", Time since last: 1167922473 ns, Reaching safepoint: 82550 ns, At safepoint: 5566 ns, Total: 88116 ns
[2020-05-16T08:05:16.730+0000][15960][safepoint    ] Safepoint "Cleanup", Time since last: 1000539825 ns, Reaching safepoint: 172522 ns, At safepoint: 10667 ns, Total: 183189 ns
[2020-05-16T08:05:18.241+0000][15960][safepoint    ] Safepoint "Cleanup", Time since last: 1511222951 ns, Reaching safepoint: 221217 ns, At safepoint: 58435 ns, Total: 279652 ns
[2020-05-16T08:05:18.926+0000][15960][safepoint    ] Safepoint "BulkRevokeBias", Time since last: 683445944 ns, Reaching safepoint: 78841 ns, At safepoint: 820405 ns, Total: 899246 ns
[2020-05-16T08:05:19.115+0000][15960][safepoint    ] Safepoint "BulkRevokeBias", Time since last: 188521652 ns, Reaching safepoint: 149797 ns, At safepoint: 863072 ns, Total: 1012869 ns
[2020-05-16T08:05:19.695+0000][15960][safepoint    ] Safepoint "BulkRevokeBias", Time since last: 579391731 ns, Reaching safepoint: 132174 ns, At safepoint: 818550 ns, Total: 950724 ns
[2020-05-16T08:05:20.712+0000][15960][safepoint    ] Safepoint "Cleanup", Time since last: 1016967877 ns, Reaching safepoint: 174376 ns, At safepoint: 55189 ns, Total: 229565 ns
[2020-05-16T08:05:21.779+0000][15960][safepoint    ] Safepoint "Cleanup", Time since last: 1066768201 ns, Reaching safepoint: 168347 ns, At safepoint: 8348 ns, Total: 176695 ns
[2020-05-16T08:05:21.802+0000][15960][safepoint    ] Safepoint "BulkRevokeBias", Time since last: 21196048 ns, Reaching safepoint: 134957 ns, At safepoint: 1484057 ns, Total: 1619014 ns
[2020-05-16T08:05:22.976+0000][15960][safepoint    ] Safepoint "Cleanup", Time since last: 1173188094 ns, Reaching safepoint: 351072 ns, At safepoint: 151188 ns, Total: 502260 ns
[2020-05-16T08:05:23.458+0000][15960][safepoint    ] Safepoint "BulkRevokeBias", Time since last: 481103545 ns, Reaching safepoint: 230029 ns, At safepoint: 1317565 ns, Total: 1547594 ns
[2020-05-16T08:05:23.689+0000][15960][safepoint    ] Safepoint "BulkRevokeBias", Time since last: 226660996 ns, Reaching safepoint: 121507 ns, At safepoint: 3530665 ns, Total: 3652172 ns
[2020-05-16T08:05:23.913+0000][15960][safepoint    ] Safepoint "BulkRevokeBias", Time since last: 223184592 ns, Reaching safepoint: 256464 ns, At safepoint: 1011942 ns, Total: 1268406 ns
[2020-05-16T08:05:25.056+0000][15960][safepoint    ] Safepoint "Cleanup", Time since last: 1142482484 ns, Reaching safepoint: 212406 ns, At safepoint: 129391 ns, Total: 341797 ns
[2020-05-16T08:05:25.782+0000][15960][safepoint    ] Safepoint "ICBufferFull", Time since last: 724519084 ns, Reaching safepoint: 235595 ns, At safepoint: 708173 ns, Total: 943768 ns
[2020-05-16T08:05:25.850+0000][15960][safepoint    ] Safepoint "BulkRevokeBias", Time since last: 66707447 ns, Reaching safepoint: 90435 ns, At safepoint: 1747941 ns, Total: 1838376 ns
[2020-05-16T08:05:25.919+0000][15960][safepoint    ] Safepoint "BulkRevokeBias", Time since last: 67896549 ns, Reaching safepoint: 93681 ns, At safepoint: 1365796 ns, Total: 1459477 ns
[2020-05-16T08:05:26.925+0000][15960][safepoint    ] Safepoint "Cleanup", Time since last: 1005378317 ns, Reaching safepoint: 208695 ns, At safepoint: 22261 ns, Total: 230956 ns
[2020-05-16T08:05:28.228+0000][15960][safepoint    ] Safepoint "Cleanup", Time since last: 1303039859 ns, Reaching safepoint: 253681 ns, At safepoint: 24580 ns, Total: 278261 ns
[2020-05-16T08:05:29.295+0000][15960][safepoint    ] Safepoint "Cleanup", Time since last: 1066471390 ns, Reaching safepoint: 156753 ns, At safepoint: 4638 ns, Total: 161391 ns
[2020-05-16T08:05:30.296+0000][15960][safepoint    ] Safepoint "Cleanup", Time since last: 1000856115 ns, Reaching safepoint: 159537 ns, At safepoint: 9275 ns, Total: 168812 ns
[2020-05-16T08:05:31.297+0000][15960][safepoint    ] Safepoint "Cleanup", Time since last: 1000246724 ns, Reaching safepoint: 128464 ns, At safepoint: 6493 ns, Total: 134957 ns
[2020-05-16T08:05:32.298+0000][15960][safepoint    ] Safepoint "Cleanup", Time since last: 1000582956 ns, Reaching safepoint: 207304 ns, At safepoint: 9276 ns, Total: 216580 ns
[2020-05-16T08:05:33.298+0000][15960][safepoint    ] Safepoint "Cleanup", Time since last: 1000109913 ns, Reaching safepoint: 117797 ns, At safepoint: 9739 ns, Total: 127536 ns
[2020-05-16T08:05:34.299+0000][15960][safepoint    ] Safepoint "Cleanup", Time since last: 1000829681 ns, Reaching safepoint: 178087 ns, At safepoint: 6029 ns, Total: 184116 ns
[2020-05-16T08:05:35.299+0000][15960][safepoint    ] Safepoint "Cleanup", Time since last: 1000486028 ns, Reaching safepoint: 151652 ns, At safepoint: 6957 ns, Total: 158609 ns
[2020-05-16T08:05:36.300+0000][15960][safepoint    ] Safepoint "Cleanup", Time since last: 1000545855 ns, Reaching safepoint: 111304 ns, At safepoint: 5102 ns, Total: 116406 ns
[2020-05-16T08:05:37.301+0000][15960][safepoint    ] Safepoint "Cleanup", Time since last: 1000883477 ns, Reaching safepoint: 153044 ns, At safepoint: 6956 ns, Total: 160000 ns
[2020-05-16T08:05:38.301+0000][15960][safepoint    ] Safepoint "Cleanup", Time since last: 1000171131 ns, Reaching safepoint: 187362 ns, At safepoint: 10203 ns, Total: 197565 ns
[2020-05-16T08:05:39.302+0000][15960][safepoint    ] Safepoint "Cleanup", Time since last: 1000727188 ns, Reaching safepoint: 153971 ns, At safepoint: 6956 ns, Total: 160927 ns
[2020-05-16T08:05:40.303+0000][15960][safepoint    ] Safepoint "Cleanup", Time since last: 1000485565 ns, Reaching safepoint: 205449 ns, At safepoint: 23653 ns, Total: 229102 ns
[2020-05-16T08:05:41.303+0000][15960][safepoint    ] Safepoint "Cleanup", Time since last: 1000067246 ns, Reaching safepoint: 183652 ns, At safepoint: 11131 ns, Total: 194783 ns
[2020-05-16T08:05:41.327+0000][15960][safepoint    ] Safepoint "BulkRevokeBias", Time since last: 22739467 ns, Reaching safepoint: 107131 ns, At safepoint: 1479419 ns, Total: 1586550 ns
[2020-05-16T08:05:43.328+0000][15960][safepoint    ] Safepoint "Cleanup", Time since last: 1999955015 ns, Reaching safepoint: 170666 ns, At safepoint: 9739 ns, Total: 180405 ns
[2020-05-16T08:05:44.328+0000][15960][safepoint    ] Safepoint "Cleanup", Time since last: 1000129855 ns, Reaching safepoint: 211015 ns, At safepoint: 6956 ns, Total: 217971 ns
[2020-05-16T08:05:45.329+0000][15960][safepoint    ] Safepoint "Cleanup", Time since last: 1000250435 ns, Reaching safepoint: 142841 ns, At safepoint: 14840 ns, Total: 157681 ns
[2020-05-16T08:05:47.329+0000][15960][safepoint    ] Safepoint "Cleanup", Time since last: 2000471652 ns, Reaching safepoint: 103420 ns, At safepoint: 5102 ns, Total: 108522 ns
[2020-05-16T08:05:48.330+0000][15960][safepoint    ] Safepoint "Cleanup", Time since last: 1000595014 ns, Reaching safepoint: 129855 ns, At safepoint: 6957 ns, Total: 136812 ns
[2020-05-16T08:05:50.295+0000][15960][safepoint    ] Safepoint "Cleanup", Time since last: 1964875146 ns, Reaching safepoint: 106667 ns, At safepoint: 6029 ns, Total: 112696 ns
[2020-05-16T08:05:51.296+0000][15960][safepoint    ] Safepoint "Cleanup", Time since last: 1000498550 ns, Reaching safepoint: 101102 ns, At safepoint: 4637 ns, Total: 105739 ns
[2020-05-16T08:05:52.296+0000][15960][safepoint    ] Safepoint "Cleanup", Time since last: 1000129392 ns, Reaching safepoint: 120579 ns, At safepoint: 6029 ns, Total: 126608 ns
[2020-05-16T08:05:53.296+0000][15960][safepoint    ] Safepoint "Cleanup", Time since last: 1000085797 ns, Reaching safepoint: 164638 ns, At safepoint: 5101 ns, Total: 169739 ns
[2020-05-16T08:05:54.296+0000][15960][safepoint    ] Safepoint "Cleanup", Time since last: 1000028754 ns, Reaching safepoint: 343188 ns, At safepoint: 12522 ns, Total: 355710 ns
[2020-05-16T08:05:56.297+0000][15960][safepoint    ] Safepoint "Cleanup", Time since last: 2000258319 ns, Reaching safepoint: 180405 ns, At safepoint: 7884 ns, Total: 188289 ns
[2020-05-16T08:05:57.298+0000][15960][safepoint    ] Safepoint "Cleanup", Time since last: 1000535189 ns, Reaching safepoint: 111768 ns, At safepoint: 4637 ns, Total: 116405 ns
[2020-05-16T08:05:58.409+0000][15960][safepoint    ] Safepoint "Cleanup", Time since last: 1111705456 ns, Reaching safepoint: 216579 ns, At safepoint: 11595 ns, Total: 228174 ns
[2020-05-16T08:05:59.410+0000][15960][safepoint    ] Safepoint "Cleanup", Time since last: 1000081623 ns, Reaching safepoint: 270376 ns, At safepoint: 7885 ns, Total: 278261 ns
[2020-05-16T08:06:00.410+0000][15960][safepoint    ] Safepoint "Cleanup", Time since last: 1000332521 ns, Reaching safepoint: 202203 ns, At safepoint: 9275 ns, Total: 211478 ns
[2020-05-16T08:06:01.411+0000][15960][safepoint    ] Safepoint "Cleanup", Time since last: 1000087652 ns, Reaching safepoint: 133102 ns, At safepoint: 7420 ns, Total: 140522 ns
[2020-05-16T08:06:02.411+0000][15960][safepoint    ] Safepoint "Cleanup", Time since last: 1000299594 ns, Reaching safepoint: 179015 ns, At safepoint: 57043 ns, Total: 236058 ns
[2020-05-16T08:06:03.412+0000][15960][safepoint    ] Safepoint "Cleanup", Time since last: 1000259246 ns, Reaching safepoint: 111305 ns, At safepoint: 5565 ns, Total: 116870 ns
[2020-05-16T08:06:04.412+0000][15960][safepoint    ] Safepoint "Cleanup", Time since last: 1000697970 ns, Reaching safepoint: 120116 ns, At safepoint: 5566 ns, Total: 125682 ns
[2020-05-16T08:06:06.413+0000][15960][safepoint    ] Safepoint "Cleanup", Time since last: 2000943767 ns, Reaching safepoint: 134029 ns, At safepoint: 8812 ns, Total: 142841 ns
[2020-05-16T08:06:08.414+0000][15960][safepoint    ] Safepoint "Cleanup", Time since last: 2000236058 ns, Reaching safepoint: 146087 ns, At safepoint: 8347 ns, Total: 154434 ns
[2020-05-16T08:06:10.415+0000][15960][safepoint    ] Safepoint "Cleanup", Time since last: 2000747130 ns, Reaching safepoint: 241624 ns, At safepoint: 6956 ns, Total: 248580 ns
[2020-05-16T08:06:12.416+0000][15960][safepoint    ] Safepoint "Cleanup", Time since last: 2000861217 ns, Reaching safepoint: 170667 ns, At safepoint: 7884 ns, Total: 178551 ns
[2020-05-16T08:06:13.416+0000][15960][safepoint    ] Safepoint "Cleanup", Time since last: 1000472579 ns, Reaching safepoint: 127073 ns, At safepoint: 7884 ns, Total: 134957 ns
[2020-05-16T08:06:14.417+0000][15960][safepoint    ] Safepoint "Cleanup", Time since last: 1000433623 ns, Reaching safepoint: 123826 ns, At safepoint: 6956 ns, Total: 130782 ns
[2020-05-16T08:06:15.418+0000][15960][safepoint    ] Safepoint "Cleanup", Time since last: 1000843594 ns, Reaching safepoint: 134493 ns, At safepoint: 6956 ns, Total: 141449 ns
[2020-05-16T08:06:16.419+0000][15960][safepoint    ] Safepoint "Cleanup", Time since last: 1000857507 ns, Reaching safepoint: 141913 ns, At safepoint: 6493 ns, Total: 148406 ns
[2020-05-16T08:06:17.419+0000][15960][safepoint    ] Safepoint "Cleanup", Time since last: 1000094145 ns, Reaching safepoint: 141913 ns, At safepoint: 6956 ns, Total: 148869 ns
[2020-05-16T08:06:18.420+0000][15960][safepoint    ] Safepoint "Cleanup", Time since last: 1000337623 ns, Reaching safepoint: 144232 ns, At safepoint: 5565 ns, Total: 149797 ns
[2020-05-16T08:06:19.421+0000][15960][safepoint    ] Safepoint "Cleanup", Time since last: 1000908521 ns, Reaching safepoint: 190145 ns, At safepoint: 8348 ns, Total: 198493 ns
[2020-05-16T08:06:20.421+0000][15960][safepoint    ] Safepoint "Cleanup", Time since last: 1000058435 ns, Reaching safepoint: 115942 ns, At safepoint: 6493 ns, Total: 122435 ns
[2020-05-16T08:06:21.425+0000][15960][safepoint    ] Safepoint "Cleanup", Time since last: 1004170201 ns, Reaching safepoint: 124753 ns, At safepoint: 6493 ns, Total: 131246 ns
[2020-05-16T08:06:22.426+0000][15960][safepoint    ] Safepoint "Cleanup", Time since last: 1000481855 ns, Reaching safepoint: 116406 ns, At safepoint: 4637 ns, Total: 121043 ns
[2020-05-16T08:06:23.427+0000][15960][safepoint    ] Safepoint "Cleanup", Time since last: 1000652058 ns, Reaching safepoint: 215188 ns, At safepoint: 6493 ns, Total: 221681 ns
[2020-05-16T08:06:24.427+0000][15960][safepoint    ] Safepoint "Cleanup", Time since last: 1000505507 ns, Reaching safepoint: 125217 ns, At safepoint: 6029 ns, Total: 131246 ns
[2020-05-16T08:06:25.428+0000][15960][safepoint    ] Safepoint "Cleanup", Time since last: 1000419710 ns, Reaching safepoint: 113160 ns, At safepoint: 6029 ns, Total: 119189 ns
[2020-05-16T08:06:26.429+0000][15960][safepoint    ] Safepoint "Cleanup", Time since last: 1000427130 ns, Reaching safepoint: 195246 ns, At safepoint: 24116 ns, Total: 219362 ns
[2020-05-16T08:06:27.429+0000][15960][safepoint    ] Safepoint "Cleanup", Time since last: 1000428058 ns, Reaching safepoint: 111768 ns, At safepoint: 6956 ns, Total: 118724 ns
[2020-05-16T08:06:28.430+0000][15960][safepoint    ] Safepoint "Cleanup", Time since last: 1000281044 ns, Reaching safepoint: 102956 ns, At safepoint: 6029 ns, Total: 108985 ns
[2020-05-16T08:06:29.430+0000][15960][safepoint    ] Safepoint "Cleanup", Time since last: 1000443826 ns, Reaching safepoint: 130319 ns, At safepoint: 7420 ns, Total: 137739 ns
[2020-05-16T08:06:30.651+0000][15960][safepoint    ] Safepoint "Cleanup", Time since last: 1220444188 ns, Reaching safepoint: 119188 ns, At safepoint: 5565 ns, Total: 124753 ns
[2020-05-16T08:06:31.651+0000][15960][safepoint    ] Safepoint "Cleanup", Time since last: 1000032464 ns, Reaching safepoint: 122435 ns, At safepoint: 6029 ns, Total: 128464 ns
[2020-05-16T08:06:32.683+0000][15960][safepoint    ] Safepoint "Cleanup", Time since last: 1031873376 ns, Reaching safepoint: 194783 ns, At safepoint: 7420 ns, Total: 202203 ns
[2020-05-16T08:06:33.684+0000][15960][safepoint    ] Safepoint "Cleanup", Time since last: 1000620985 ns, Reaching safepoint: 110377 ns, At safepoint: 4638 ns, Total: 115015 ns
[2020-05-16T08:06:35.684+0000][15960][safepoint    ] Safepoint "Cleanup", Time since last: 2000341333 ns, Reaching safepoint: 136348 ns, At safepoint: 7884 ns, Total: 144232 ns
[2020-05-16T08:06:36.684+0000][15960][safepoint    ] Safepoint "Cleanup", Time since last: 1000087652 ns, Reaching safepoint: 151188 ns, At safepoint: 4638 ns, Total: 155826 ns
[2020-05-16T08:06:37.685+0000][15960][safepoint    ] Safepoint "Cleanup", Time since last: 1000184116 ns, Reaching safepoint: 228174 ns, At safepoint: 6029 ns, Total: 234203 ns
[2020-05-16T08:06:38.685+0000][15960][safepoint    ] Safepoint "Cleanup", Time since last: 1000515246 ns, Reaching safepoint: 179014 ns, At safepoint: 27362 ns, Total: 206376 ns
[2020-05-16T08:06:39.686+0000][15960][safepoint    ] Safepoint "Cleanup", Time since last: 1000132638 ns, Reaching safepoint: 113623 ns, At safepoint: 4638 ns, Total: 118261 ns
[2020-05-16T08:06:40.686+0000][15960][safepoint    ] Safepoint "Cleanup", Time since last: 1000163710 ns, Reaching safepoint: 134493 ns, At safepoint: 6492 ns, Total: 140985 ns
[2020-05-16T08:06:41.687+0000][15960][safepoint    ] Safepoint "Cleanup", Time since last: 1000231421 ns, Reaching safepoint: 153970 ns, At safepoint: 8348 ns, Total: 162318 ns
[2020-05-16T08:06:42.687+0000][15960][safepoint    ] Safepoint "Cleanup", Time since last: 1000333449 ns, Reaching safepoint: 275015 ns, At safepoint: 5565 ns, Total: 280580 ns
[2020-05-16T08:06:44.688+0000][15960][safepoint    ] Safepoint "Cleanup", Time since last: 2000377507 ns, Reaching safepoint: 142377 ns, At safepoint: 7884 ns, Total: 150261 ns
[2020-05-16T08:06:45.688+0000][15960][safepoint    ] Safepoint "Cleanup", Time since last: 1000320927 ns, Reaching safepoint: 131710 ns, At safepoint: 6029 ns, Total: 137739 ns
[2020-05-16T08:06:46.689+0000][15960][safepoint    ] Safepoint "Cleanup", Time since last: 1000315362 ns, Reaching safepoint: 128464 ns, At safepoint: 7420 ns, Total: 135884 ns
[2020-05-16T08:06:47.691+0000][15960][safepoint    ] Safepoint "Cleanup", Time since last: 1002117565 ns, Reaching safepoint: 188753 ns, At safepoint: 7884 ns, Total: 196637 ns
[2020-05-16T08:06:48.692+0000][15960][safepoint    ] Safepoint "Cleanup", Time since last: 1000712812 ns, Reaching safepoint: 107130 ns, At safepoint: 6029 ns, Total: 113159 ns
[2020-05-16T08:06:50.239+0000][15960][safepoint    ] Safepoint "Cleanup", Time since last: 1547010065 ns, Reaching safepoint: 203594 ns, At safepoint: 7420 ns, Total: 211014 ns
[2020-05-16T08:06:51.240+0000][15960][safepoint    ] Safepoint "Cleanup", Time since last: 1000764754 ns, Reaching safepoint: 128000 ns, At safepoint: 5565 ns, Total: 133565 ns
[2020-05-16T08:06:53.240+0000][15960][safepoint    ] Safepoint "Cleanup", Time since last: 2000205449 ns, Reaching safepoint: 149333 ns, At safepoint: 7884 ns, Total: 157217 ns
[2020-05-16T08:06:54.241+0000][15960][safepoint    ] Safepoint "Cleanup", Time since last: 1000606609 ns, Reaching safepoint: 117333 ns, At safepoint: 6493 ns, Total: 123826 ns
[2020-05-16T08:06:55.242+0000][15960][safepoint    ] Safepoint "Cleanup", Time since last: 1000545391 ns, Reaching safepoint: 113159 ns, At safepoint: 5565 ns, Total: 118724 ns
[2020-05-16T08:06:56.243+0000][15960][safepoint    ] Safepoint "Cleanup", Time since last: 1000897391 ns, Reaching safepoint: 168348 ns, At safepoint: 6957 ns, Total: 175305 ns
[2020-05-16T08:06:58.243+0000][15960][safepoint    ] Safepoint "Cleanup", Time since last: 2000605217 ns, Reaching safepoint: 209159 ns, At safepoint: 6957 ns, Total: 216116 ns
[2020-05-16T08:06:59.244+0000][15960][safepoint    ] Safepoint "Cleanup", Time since last: 1000696579 ns, Reaching safepoint: 161855 ns, At safepoint: 5101 ns, Total: 166956 ns
[2020-05-16T08:07:00.245+0000][15960][safepoint    ] Safepoint "Cleanup", Time since last: 1000716058 ns, Reaching safepoint: 117333 ns, At safepoint: 4174 ns, Total: 121507 ns
[2020-05-16T08:07:01.246+0000][15960][safepoint    ] Safepoint "Cleanup", Time since last: 1000624696 ns, Reaching safepoint: 145159 ns, At safepoint: 4174 ns, Total: 149333 ns
[2020-05-16T08:07:02.246+0000][15960][safepoint    ] Safepoint "Cleanup", Time since last: 1000177159 ns, Reaching safepoint: 106203 ns, At safepoint: 4174 ns, Total: 110377 ns
[2020-05-16T08:07:04.247+0000][15960][safepoint    ] Safepoint "Cleanup", Time since last: 2000848231 ns, Reaching safepoint: 120580 ns, At safepoint: 4638 ns, Total: 125218 ns
[2020-05-16T08:07:05.248+0000][15960][safepoint    ] Safepoint "Cleanup", Time since last: 1000578782 ns, Reaching safepoint: 144696 ns, At safepoint: 6492 ns, Total: 151188 ns
[2020-05-16T08:07:07.248+0000][15960][safepoint    ] Safepoint "Cleanup", Time since last: 2000218899 ns, Reaching safepoint: 90435 ns, At safepoint: 3246 ns, Total: 93681 ns
[2020-05-16T08:07:08.788+0000][15960][safepoint    ] Safepoint "Cleanup", Time since last: 1539525315 ns, Reaching safepoint: 139130 ns, At safepoint: 5566 ns, Total: 144696 ns
[2020-05-16T08:07:09.810+0000][15960][safepoint    ] Safepoint "Cleanup", Time since last: 1021790134 ns, Reaching safepoint: 384464 ns, At safepoint: 8812 ns, Total: 393276 ns
[2020-05-16T08:07:11.069+0000][15960][safepoint    ] Safepoint "Cleanup", Time since last: 1258332170 ns, Reaching safepoint: 209159 ns, At safepoint: 6493 ns, Total: 215652 ns
[2020-05-16T08:07:12.069+0000][15960][safepoint    ] Safepoint "Cleanup", Time since last: 1000496231 ns, Reaching safepoint: 129392 ns, At safepoint: 6029 ns, Total: 135421 ns
[2020-05-16T08:07:13.069+0000][15960][safepoint    ] Safepoint "Cleanup", Time since last: 1000005565 ns, Reaching safepoint: 153971 ns, At safepoint: 22261 ns, Total: 176232 ns
[2020-05-16T08:07:14.070+0000][15960][safepoint    ] Safepoint "Cleanup", Time since last: 1000062145 ns, Reaching safepoint: 186434 ns, At safepoint: 10203 ns, Total: 196637 ns
[2020-05-16T08:07:15.070+0000][15960][safepoint    ] Safepoint "Cleanup", Time since last: 1000458203 ns, Reaching safepoint: 91362 ns, At safepoint: 4174 ns, Total: 95536 ns
[2020-05-16T08:07:16.071+0000][15960][safepoint    ] Safepoint "Cleanup", Time since last: 1000128927 ns, Reaching safepoint: 83942 ns, At safepoint: 6029 ns, Total: 89971 ns
[2020-05-16T08:07:17.071+0000][15960][safepoint    ] Safepoint "Cleanup", Time since last: 1000280116 ns, Reaching safepoint: 142841 ns, At safepoint: 8348 ns, Total: 151189 ns
[2020-05-16T08:07:18.072+0000][15960][safepoint    ] Safepoint "Cleanup", Time since last: 1000657622 ns, Reaching safepoint: 128000 ns, At safepoint: 8812 ns, Total: 136812 ns
[2020-05-16T08:07:19.430+0000][15960][safepoint    ] Safepoint "Cleanup", Time since last: 1358576529 ns, Reaching safepoint: 198957 ns, At safepoint: 89043 ns, Total: 288000 ns
[2020-05-16T08:07:20.431+0000][15960][safepoint    ] Safepoint "Cleanup", Time since last: 1000673391 ns, Reaching safepoint: 115015 ns, At safepoint: 7420 ns, Total: 122435 ns
[2020-05-16T08:07:21.432+0000][15960][safepoint    ] Safepoint "Cleanup", Time since last: 1000264348 ns, Reaching safepoint: 121043 ns, At safepoint: 20870 ns, Total: 141913 ns
[2020-05-16T08:07:22.433+0000][15960][safepoint    ] Safepoint "Cleanup", Time since last: 1000666434 ns, Reaching safepoint: 102493 ns, At safepoint: 4637 ns, Total: 107130 ns
[2020-05-16T08:07:23.433+0000][15960][safepoint    ] Safepoint "Cleanup", Time since last: 1000342261 ns, Reaching safepoint: 99710 ns, At safepoint: 44522 ns, Total: 144232 ns
[2020-05-16T08:07:24.434+0000][15960][safepoint    ] Safepoint "Cleanup", Time since last: 1000798608 ns, Reaching safepoint: 87189 ns, At safepoint: 2782 ns, Total: 89971 ns
[2020-05-16T08:07:25.435+0000][15960][safepoint    ] Safepoint "Cleanup", Time since last: 1000583884 ns, Reaching safepoint: 172986 ns, At safepoint: 39420 ns, Total: 212406 ns
[2020-05-16T08:07:26.435+0000][15960][safepoint    ] Safepoint "Cleanup", Time since last: 1000345043 ns, Reaching safepoint: 81623 ns, At safepoint: 42667 ns, Total: 124290 ns
[2020-05-16T08:07:27.435+0000][15960][safepoint    ] Safepoint "Cleanup", Time since last: 1000054725 ns, Reaching safepoint: 111304 ns, At safepoint: 6029 ns, Total: 117333 ns
[2020-05-16T08:07:28.436+0000][15960][safepoint    ] Safepoint "Cleanup", Time since last: 1000674782 ns, Reaching safepoint: 138667 ns, At safepoint: 4637 ns, Total: 143304 ns
[2020-05-16T08:07:30.436+0000][15960][safepoint    ] Safepoint "Cleanup", Time since last: 2000073739 ns, Reaching safepoint: 319537 ns, At safepoint: 10666 ns, Total: 330203 ns
[2020-05-16T08:07:31.437+0000][15960][safepoint    ] Safepoint "Cleanup", Time since last: 1000897855 ns, Reaching safepoint: 161391 ns, At safepoint: 7420 ns, Total: 168811 ns
[2020-05-16T08:07:32.439+0000][15960][safepoint    ] Safepoint "Cleanup", Time since last: 1001052290 ns, Reaching safepoint: 93681 ns, At safepoint: 5565 ns, Total: 99246 ns
[2020-05-16T08:07:33.439+0000][15960][safepoint    ] Safepoint "Cleanup", Time since last: 1000526840 ns, Reaching safepoint: 185508 ns, At safepoint: 4174 ns, Total: 189682 ns
[2020-05-16T08:07:35.440+0000][15960][safepoint    ] Safepoint "Cleanup", Time since last: 2000053333 ns, Reaching safepoint: 126145 ns, At safepoint: 7884 ns, Total: 134029 ns
[2020-05-16T08:07:36.440+0000][15960][safepoint    ] Safepoint "Cleanup", Time since last: 1000203594 ns, Reaching safepoint: 198029 ns, At safepoint: 6956 ns, Total: 204985 ns
[2020-05-16T08:07:37.441+0000][15960][safepoint    ] Safepoint "Cleanup", Time since last: 1000243942 ns, Reaching safepoint: 93681 ns, At safepoint: 2783 ns, Total: 96464 ns
[2020-05-16T08:07:38.441+0000][15960][safepoint    ] Safepoint "Cleanup", Time since last: 1000108522 ns, Reaching safepoint: 101565 ns, At safepoint: 5565 ns, Total: 107130 ns
[2020-05-16T08:07:39.441+0000][15960][safepoint    ] Safepoint "Cleanup", Time since last: 1000677565 ns, Reaching safepoint: 88116 ns, At safepoint: 2782 ns, Total: 90898 ns
[2020-05-16T08:07:40.442+0000][15960][safepoint    ] Safepoint "Cleanup", Time since last: 1000249508 ns, Reaching safepoint: 130782 ns, At safepoint: 7884 ns, Total: 138666 ns
[2020-05-16T08:07:41.442+0000][15960][safepoint    ] Safepoint "Cleanup", Time since last: 1000293565 ns, Reaching safepoint: 111305 ns, At safepoint: 3710 ns, Total: 115015 ns
[2020-05-16T08:07:42.443+0000][15960][safepoint    ] Safepoint "Cleanup", Time since last: 1000552811 ns, Reaching safepoint: 131710 ns, At safepoint: 4638 ns, Total: 136348 ns
[2020-05-16T08:07:43.444+0000][15960][safepoint    ] Safepoint "Cleanup", Time since last: 1000848695 ns, Reaching safepoint: 423420 ns, At safepoint: 13913 ns, Total: 437333 ns
[2020-05-16T08:07:45.804+0000][15960][gc,start     ] GC(11) Pause Young (Normal) (G1 Evacuation Pause)
[2020-05-16T08:07:46.077+0000][15960][gc,task      ] GC(11) Using 4 workers of 4 for evacuation
[2020-05-16T08:07:46.296+0000][15960][gc,age       ] GC(11) Desired survivor size 40370176 bytes, new threshold 15 (max threshold 15)
[2020-05-16T08:07:47.955+0000][15960][gc,age       ] GC(11) Age table with threshold 15 (max threshold 15)
[2020-05-16T08:07:47.955+0000][15960][gc,age       ] GC(11) - age   1:    9661208 bytes,    9661208 total
[2020-05-16T08:07:47.955+0000][15960][gc,age       ] GC(11) - age   2:    6132704 bytes,   15793912 total
[2020-05-16T08:07:47.955+0000][15960][gc,age       ] GC(11) - age   3:    9556368 bytes,   25350280 total
[2020-05-16T08:07:47.955+0000][15960][gc,mmu       ] GC(11) MMU target violated: 201.0ms (200.0ms/201.0ms)
[2020-05-16T08:07:47.955+0000][15960][gc,phases    ] GC(11)   Pre Evacuate Collection Set: 13.4ms
[2020-05-16T08:07:47.955+0000][15960][gc,phases    ] GC(11)   Merge Heap Roots: 46.1ms
[2020-05-16T08:07:47.956+0000][15960][gc,phases    ] GC(11)   Evacuate Collection Set: 859.7ms
[2020-05-16T08:07:47.956+0000][15960][gc,phases    ] GC(11)   Post Evacuate Collection Set: 737.6ms
[2020-05-16T08:07:47.962+0000][15960][gc,phases    ] GC(11)   Other: 872.9ms
[2020-05-16T08:07:47.962+0000][15960][gc,heap      ] GC(11) Eden regions: 598->0(25)
[2020-05-16T08:07:47.962+0000][15960][gc,heap      ] GC(11) Survivor regions: 16->26(77)
[2020-05-16T08:07:47.962+0000][15960][gc,heap      ] GC(11) Old regions: 44->44
[2020-05-16T08:07:47.962+0000][15960][gc,heap      ] GC(11) Archive regions: 0->0
[2020-05-16T08:07:47.962+0000][15960][gc,heap      ] GC(11) Humongous regions: 7->7
[2020-05-16T08:07:47.963+0000][15960][gc,metaspace ] GC(11) Metaspace: 93371K(100808K)->93371K(100808K) NonClass: 80792K(85116K)->80792K(85116K) Class: 12578K(15692K)->12578K(15692K)
[2020-05-16T08:07:47.975+0000][15960][gc           ] GC(11) Pause Young (Normal) (G1 Evacuation Pause) 664M->76M(1024M) 2170.986ms
[2020-05-16T08:07:47.975+0000][15960][gc,cpu       ] GC(11) User=0.20s Sys=0.44s Real=2.36s
[2020-05-16T08:07:47.987+0000][15960][safepoint    ] Safepoint "G1CollectForAllocation", Time since last: 1969571261 ns, Reaching safepoint: 142840 ns, At safepoint: 2571611561 ns, Total: 2571754401 ns
[2020-05-16T08:07:49.029+0000][15960][safepoint    ] Safepoint "Cleanup", Time since last: 1002333680 ns, Reaching safepoint: 41011459 ns, At safepoint: 16696 ns, Total: 41028155 ns
[2020-05-16T08:07:50.029+0000][15960][safepoint    ] Safepoint "Cleanup", Time since last: 1000215652 ns, Reaching safepoint: 122435 ns, At safepoint: 3710 ns, Total: 126145 ns
[2020-05-16T08:07:51.099+0000][15960][safepoint    ] Safepoint "Cleanup", Time since last: 1000506898 ns, Reaching safepoint: 69052722 ns, At safepoint: 45913 ns, Total: 69098635 ns
[2020-05-16T08:07:52.099+0000][15960][safepoint    ] Safepoint "Cleanup", Time since last: 1000009739 ns, Reaching safepoint: 184580 ns, At safepoint: 6956 ns, Total: 191536 ns
[2020-05-16T08:07:53.099+0000][15960][safepoint    ] Safepoint "Cleanup", Time since last: 1000119189 ns, Reaching safepoint: 140057 ns, At safepoint: 7885 ns, Total: 147942 ns
[2020-05-16T08:07:54.100+0000][15960][safepoint    ] Safepoint "Cleanup", Time since last: 1000079304 ns, Reaching safepoint: 90435 ns, At safepoint: 2782 ns, Total: 93217 ns
[2020-05-16T08:07:55.100+0000][15960][safepoint    ] Safepoint "Cleanup", Time since last: 1000815768 ns, Reaching safepoint: 81159 ns, At safepoint: 4174 ns, Total: 85333 ns
[2020-05-16T08:07:56.101+0000][15960][safepoint    ] Safepoint "Cleanup", Time since last: 1000727652 ns, Reaching safepoint: 143304 ns, At safepoint: 7421 ns, Total: 150725 ns
[2020-05-16T08:07:57.101+0000][15960][safepoint    ] Safepoint "Cleanup", Time since last: 1000113623 ns, Reaching safepoint: 159072 ns, At safepoint: 9276 ns, Total: 168348 ns
[2020-05-16T08:07:58.102+0000][15960][safepoint    ] Safepoint "Cleanup", Time since last: 1000303304 ns, Reaching safepoint: 129391 ns, At safepoint: 6029 ns, Total: 135420 ns
[2020-05-16T08:07:59.102+0000][15960][safepoint    ] Safepoint "Cleanup", Time since last: 1000226319 ns, Reaching safepoint: 433159 ns, At safepoint: 6956 ns, Total: 440115 ns
[2020-05-16T08:08:01.103+0000][15960][safepoint    ] Safepoint "Cleanup", Time since last: 2000287537 ns, Reaching safepoint: 156753 ns, At safepoint: 6493 ns, Total: 163246 ns
[2020-05-16T08:08:02.701+0000][15960][safepoint    ] Safepoint "Cleanup", Time since last: 1597362274 ns, Reaching safepoint: 170202 ns, At safepoint: 10203 ns, Total: 180405 ns
[2020-05-16T08:08:03.701+0000][15960][safepoint    ] Safepoint "Cleanup", Time since last: 1000134029 ns, Reaching safepoint: 142841 ns, At safepoint: 4637 ns, Total: 147478 ns
[2020-05-16T08:08:05.702+0000][15960][safepoint    ] Safepoint "Cleanup", Time since last: 2000547710 ns, Reaching safepoint: 107131 ns, At safepoint: 5565 ns, Total: 112696 ns
[2020-05-16T08:08:06.702+0000][15960][safepoint    ] Safepoint "Cleanup", Time since last: 1000765217 ns, Reaching safepoint: 130319 ns, At safepoint: 5101 ns, Total: 135420 ns
[2020-05-16T08:08:07.703+0000][15960][safepoint    ] Safepoint "Cleanup", Time since last: 1000688232 ns, Reaching safepoint: 118260 ns, At safepoint: 7421 ns, Total: 125681 ns
[2020-05-16T08:08:07.845+0000][15960][gc,start     ] GC(12) Pause Young (Normal) (G1 Evacuation Pause)
[2020-05-16T08:08:07.845+0000][15960][gc,task      ] GC(12) Using 4 workers of 4 for evacuation
[2020-05-16T08:08:07.845+0000][15960][gc,age       ] GC(12) Desired survivor size 3670016 bytes, new threshold 1 (max threshold 15)
[2020-05-16T08:08:07.930+0000][15960][gc,age       ] GC(12) Age table with threshold 1 (max threshold 15)
[2020-05-16T08:08:07.930+0000][15960][gc,age       ] GC(12) - age   1:     264688 bytes,     264688 total
[2020-05-16T08:08:07.930+0000][15960][gc,phases    ] GC(12)   Pre Evacuate Collection Set: 0.2ms
[2020-05-16T08:08:07.930+0000][15960][gc,phases    ] GC(12)   Merge Heap Roots: 0.2ms
[2020-05-16T08:08:07.930+0000][15960][gc,phases    ] GC(12)   Evacuate Collection Set: 82.5ms
[2020-05-16T08:08:07.930+0000][15960][gc,phases    ] GC(12)   Post Evacuate Collection Set: 1.7ms
[2020-05-16T08:08:07.930+0000][15960][gc,phases    ] GC(12)   Other: 0.5ms
[2020-05-16T08:08:07.930+0000][15960][gc,heap      ] GC(12) Eden regions: 25->0(49)
[2020-05-16T08:08:07.930+0000][15960][gc,heap      ] GC(12) Survivor regions: 26->2(7)
[2020-05-16T08:08:07.930+0000][15960][gc,heap      ] GC(12) Old regions: 44->69
[2020-05-16T08:08:07.930+0000][15960][gc,heap      ] GC(12) Archive regions: 0->0
[2020-05-16T08:08:07.930+0000][15960][gc,heap      ] GC(12) Humongous regions: 7->7
[2020-05-16T08:08:07.930+0000][15960][gc,metaspace ] GC(12) Metaspace: 93505K(101028K)->93505K(101028K) NonClass: 80920K(85336K)->80920K(85336K) Class: 12584K(15692K)->12584K(15692K)
[2020-05-16T08:08:07.930+0000][15960][gc           ] GC(12) Pause Young (Normal) (G1 Evacuation Pause) 101M->77M(1024M) 85.235ms
[2020-05-16T08:08:07.930+0000][15960][gc,cpu       ] GC(12) User=0.02s Sys=0.05s Real=0.09s
[2020-05-16T08:08:07.931+0000][15960][safepoint    ] Safepoint "G1CollectForAllocation", Time since last: 141221036 ns, Reaching safepoint: 268058 ns, At safepoint: 85750221 ns, Total: 86018279 ns
[2020-05-16T08:08:09.012+0000][15960][safepoint    ] Safepoint "Cleanup", Time since last: 1080899672 ns, Reaching safepoint: 300522 ns, At safepoint: 54725 ns, Total: 355247 ns
[2020-05-16T08:08:10.014+0000][15960][safepoint    ] Safepoint "Cleanup", Time since last: 1001705274 ns, Reaching safepoint: 372869 ns, At safepoint: 8348 ns, Total: 381217 ns
[2020-05-16T08:08:11.014+0000][15960][safepoint    ] Safepoint "Cleanup", Time since last: 1000411826 ns, Reaching safepoint: 133102 ns, At safepoint: 11594 ns, Total: 144696 ns
[2020-05-16T08:08:12.015+0000][15960][safepoint    ] Safepoint "Cleanup", Time since last: 1000345043 ns, Reaching safepoint: 194319 ns, At safepoint: 46377 ns, Total: 240696 ns
[2020-05-16T08:08:13.576+0000][15960][safepoint    ] Safepoint "Cleanup", Time since last: 1560460261 ns, Reaching safepoint: 210087 ns, At safepoint: 9276 ns, Total: 219363 ns
[2020-05-16T08:08:14.958+0000][15960][safepoint    ] Safepoint "Cleanup", Time since last: 1366683192 ns, Reaching safepoint: 16236514 ns, At safepoint: 48232 ns, Total: 16284746 ns
[2020-05-16T08:08:15.320+0000][15960][gc,start     ] GC(13) Pause Young (Concurrent Start) (Metadata GC Threshold)
[2020-05-16T08:08:15.320+0000][15960][gc,task      ] GC(13) Using 4 workers of 4 for evacuation
[2020-05-16T08:08:15.320+0000][15960][gc,age       ] GC(13) Desired survivor size 3670016 bytes, new threshold 15 (max threshold 15)
[2020-05-16T08:08:15.354+0000][15960][gc,age       ] GC(13) Age table with threshold 15 (max threshold 15)
[2020-05-16T08:08:15.354+0000][15960][gc,age       ] GC(13) - age   1:     493720 bytes,     493720 total
[2020-05-16T08:08:15.354+0000][15960][gc,age       ] GC(13) - age   2:      78128 bytes,     571848 total
[2020-05-16T08:08:15.355+0000][15960][gc,phases    ] GC(13)   Pre Evacuate Collection Set: 0.5ms
[2020-05-16T08:08:15.355+0000][15960][gc,phases    ] GC(13)   Merge Heap Roots: 0.1ms
[2020-05-16T08:08:15.355+0000][15960][gc,phases    ] GC(13)   Evacuate Collection Set: 6.8ms
[2020-05-16T08:08:15.355+0000][15960][gc,phases    ] GC(13)   Post Evacuate Collection Set: 0.5ms
[2020-05-16T08:08:15.355+0000][15960][gc,phases    ] GC(13)   Other: 26.7ms
[2020-05-16T08:08:15.355+0000][15960][gc,heap      ] GC(13) Eden regions: 22->0(50)
[2020-05-16T08:08:15.355+0000][15960][gc,heap      ] GC(13) Survivor regions: 2->1(7)
[2020-05-16T08:08:15.355+0000][15960][gc,heap      ] GC(13) Old regions: 69->69
[2020-05-16T08:08:15.355+0000][15960][gc,heap      ] GC(13) Archive regions: 0->0
[2020-05-16T08:08:15.355+0000][15960][gc,heap      ] GC(13) Humongous regions: 7->7
[2020-05-16T08:08:15.355+0000][15960][gc,metaspace ] GC(13) Metaspace: 93610K(101028K)->93610K(101028K) NonClass: 81022K(85336K)->81022K(85336K) Class: 12587K(15692K)->12587K(15692K)
[2020-05-16T08:08:15.355+0000][15960][gc           ] GC(13) Pause Young (Concurrent Start) (Metadata GC Threshold) 98M->76M(1024M) 35.040ms
[2020-05-16T08:08:15.355+0000][15960][gc,cpu       ] GC(13) User=0.00s Sys=0.00s Real=0.04s
[2020-05-16T08:08:15.355+0000][15960][gc           ] GC(14) Concurrent Cycle
[2020-05-16T08:08:15.355+0000][15960][gc,marking   ] GC(14) Concurrent Clear Claimed Marks
[2020-05-16T08:08:15.356+0000][15960][gc,marking   ] GC(14) Concurrent Clear Claimed Marks 0.514ms
[2020-05-16T08:08:15.356+0000][15960][gc,marking   ] GC(14) Concurrent Scan Root Regions
[2020-05-16T08:08:15.357+0000][15960][safepoint    ] Safepoint "CollectForMetadataAllocation", Time since last: 361761687 ns, Reaching safepoint: 192000 ns, At safepoint: 37127867 ns, Total: 37319867 ns
[2020-05-16T08:08:15.361+0000][15960][gc,marking   ] GC(14) Concurrent Scan Root Regions 5.089ms
[2020-05-16T08:08:15.361+0000][15960][gc,marking   ] GC(14) Concurrent Mark (255.288s)
[2020-05-16T08:08:15.361+0000][15960][gc,marking   ] GC(14) Concurrent Mark From Roots
[2020-05-16T08:08:15.361+0000][15960][gc,task      ] GC(14) Using 1 workers of 1 for marking
[2020-05-16T08:08:15.608+0000][15960][gc,marking   ] GC(14) Concurrent Mark From Roots 246.235ms
[2020-05-16T08:08:15.608+0000][15960][gc,marking   ] GC(14) Concurrent Preclean
[2020-05-16T08:08:15.608+0000][15960][gc,marking   ] GC(14) Concurrent Preclean 0.410ms
[2020-05-16T08:08:15.608+0000][15960][gc,marking   ] GC(14) Concurrent Mark (255.288s, 255.535s) 246.762ms
[2020-05-16T08:08:15.639+0000][15960][gc,start     ] GC(14) Pause Remark
[2020-05-16T08:08:16.191+0000][15960][gc,mmu       ] GC(14) MMU target violated: 201.0ms (200.0ms/201.0ms)
[2020-05-16T08:08:16.191+0000][15960][gc           ] GC(14) Pause Remark 79M->79M(1024M) 551.665ms
[2020-05-16T08:08:16.191+0000][15960][gc,cpu       ] GC(14) User=0.09s Sys=0.14s Real=0.55s
[2020-05-16T08:08:16.192+0000][15960][safepoint    ] Safepoint "G1Concurrent", Time since last: 251017159 ns, Reaching safepoint: 30551174 ns, At safepoint: 552828034 ns, Total: 583379208 ns
[2020-05-16T08:08:16.192+0000][15960][gc,marking   ] GC(14) Concurrent Rebuild Remembered Sets
[2020-05-16T08:08:16.291+0000][15960][gc,marking   ] GC(14) Concurrent Rebuild Remembered Sets 98.677ms
[2020-05-16T08:08:16.292+0000][15960][gc,start     ] GC(14) Pause Cleanup
[2020-05-16T08:08:16.292+0000][15960][gc           ] GC(14) Pause Cleanup 79M->79M(1024M) 0.216ms
[2020-05-16T08:08:16.292+0000][15960][gc,cpu       ] GC(14) User=0.00s Sys=0.00s Real=0.00s
[2020-05-16T08:08:16.292+0000][15960][safepoint    ] Safepoint "G1Concurrent", Time since last: 98917519 ns, Reaching safepoint: 864000 ns, At safepoint: 318144 ns, Total: 1182144 ns
[2020-05-16T08:08:16.292+0000][15960][gc,marking   ] GC(14) Concurrent Cleanup for Next Mark
[2020-05-16T08:08:16.305+0000][15960][gc,marking   ] GC(14) Concurrent Cleanup for Next Mark 12.295ms
[2020-05-16T08:08:16.305+0000][15960][gc           ] GC(14) Concurrent Cycle 948.754ms
[2020-05-16T08:08:16.906+0000][15960][safepoint    ] Safepoint "ICBufferFull", Time since last: 613269977 ns, Reaching safepoint: 330203 ns, At safepoint: 40347 ns, Total: 370550 ns
[2020-05-16T08:08:16.934+0000][15960][safepoint    ] Safepoint "ICBufferFull", Time since last: 27832103 ns, Reaching safepoint: 402087 ns, At safepoint: 48232 ns, Total: 450319 ns
[2020-05-16T08:08:17.617+0000][15960][safepoint    ] Safepoint "ICBufferFull", Time since last: 682825886 ns, Reaching safepoint: 468870 ns, At safepoint: 10203 ns, Total: 479073 ns
[2020-05-16T08:08:19.580+0000][15960][safepoint    ] Safepoint "Cleanup", Time since last: 1962202916 ns, Reaching safepoint: 319536 ns, At safepoint: 10666 ns, Total: 330202 ns
[2020-05-16T08:08:20.941+0000][15960][safepoint    ] Safepoint "Cleanup", Time since last: 1360985804 ns, Reaching safepoint: 153971 ns, At safepoint: 7884 ns, Total: 161855 ns
[2020-05-16T08:08:21.942+0000][15960][safepoint    ] Safepoint "Cleanup", Time since last: 1000449855 ns, Reaching safepoint: 173449 ns, At safepoint: 8812 ns, Total: 182261 ns
[2020-05-16T08:08:22.942+0000][15960][safepoint    ] Safepoint "Cleanup", Time since last: 1000422028 ns, Reaching safepoint: 109913 ns, At safepoint: 46377 ns, Total: 156290 ns
[2020-05-16T08:08:24.942+0000][15960][safepoint    ] Safepoint "Cleanup", Time since last: 1999884058 ns, Reaching safepoint: 105276 ns, At safepoint: 4637 ns, Total: 109913 ns
[2020-05-16T08:08:25.943+0000][15960][safepoint    ] Safepoint "Cleanup", Time since last: 1000437797 ns, Reaching safepoint: 160928 ns, At safepoint: 10202 ns, Total: 171130 ns
[2020-05-16T08:08:26.943+0000][15960][safepoint    ] Safepoint "Cleanup", Time since last: 1000092754 ns, Reaching safepoint: 126145 ns, At safepoint: 5101 ns, Total: 131246 ns
[2020-05-16T08:08:27.944+0000][15960][safepoint    ] Safepoint "Cleanup", Time since last: 1000809275 ns, Reaching safepoint: 151652 ns, At safepoint: 5566 ns, Total: 157218 ns
[2020-05-16T08:08:28.945+0000][15960][safepoint    ] Safepoint "Cleanup", Time since last: 1000333913 ns, Reaching safepoint: 186898 ns, At safepoint: 8812 ns, Total: 195710 ns
[2020-05-16T08:08:29.945+0000][15960][safepoint    ] Safepoint "Cleanup", Time since last: 1000142376 ns, Reaching safepoint: 147479 ns, At safepoint: 4637 ns, Total: 152116 ns
[2020-05-16T08:08:31.706+0000][15960][safepoint    ] Safepoint "Cleanup", Time since last: 1761764748 ns, Reaching safepoint: 158609 ns, At safepoint: 25971 ns, Total: 184580 ns
[2020-05-16T08:08:32.708+0000][15960][safepoint    ] Safepoint "Cleanup", Time since last: 1001085681 ns, Reaching safepoint: 148405 ns, At safepoint: 6493 ns, Total: 154898 ns
[2020-05-16T08:08:34.709+0000][15960][safepoint    ] Safepoint "Cleanup", Time since last: 2000742029 ns, Reaching safepoint: 114550 ns, At safepoint: 4638 ns, Total: 119188 ns
[2020-05-16T08:08:35.710+0000][15960][safepoint    ] Safepoint "Cleanup", Time since last: 1000473507 ns, Reaching safepoint: 205449 ns, At safepoint: 9276 ns, Total: 214725 ns
[2020-05-16T08:08:37.710+0000][15960][safepoint    ] Safepoint "Cleanup", Time since last: 2000519884 ns, Reaching safepoint: 184115 ns, At safepoint: 6029 ns, Total: 190144 ns
[2020-05-16T08:08:38.711+0000][15960][safepoint    ] Safepoint "Cleanup", Time since last: 1000661797 ns, Reaching safepoint: 160464 ns, At safepoint: 12058 ns, Total: 172522 ns
[2020-05-16T08:08:39.712+0000][15960][safepoint    ] Safepoint "Cleanup", Time since last: 1000240695 ns, Reaching safepoint: 169739 ns, At safepoint: 8348 ns, Total: 178087 ns
[2020-05-16T08:08:40.858+0000][15960][gc,start     ] GC(15) Pause Young (Normal) (G1 Evacuation Pause)
[2020-05-16T08:08:40.858+0000][15960][gc,task      ] GC(15) Using 4 workers of 4 for evacuation
[2020-05-16T08:08:40.858+0000][15960][gc,age       ] GC(15) Desired survivor size 3670016 bytes, new threshold 15 (max threshold 15)
[2020-05-16T08:08:40.865+0000][15960][gc,age       ] GC(15) Age table with threshold 15 (max threshold 15)
[2020-05-16T08:08:40.865+0000][15960][gc,age       ] GC(15) - age   1:     417552 bytes,     417552 total
[2020-05-16T08:08:40.865+0000][15960][gc,age       ] GC(15) - age   2:     370264 bytes,     787816 total
[2020-05-16T08:08:40.865+0000][15960][gc,age       ] GC(15) - age   3:      64168 bytes,     851984 total
[2020-05-16T08:08:40.865+0000][15960][gc,phases    ] GC(15)   Pre Evacuate Collection Set: 0.2ms
[2020-05-16T08:08:40.865+0000][15960][gc,phases    ] GC(15)   Merge Heap Roots: 0.2ms
[2020-05-16T08:08:40.865+0000][15960][gc,phases    ] GC(15)   Evacuate Collection Set: 5.2ms
[2020-05-16T08:08:40.865+0000][15960][gc,phases    ] GC(15)   Post Evacuate Collection Set: 0.8ms
[2020-05-16T08:08:40.865+0000][15960][gc,phases    ] GC(15)   Other: 0.5ms
[2020-05-16T08:08:40.865+0000][15960][gc,heap      ] GC(15) Eden regions: 50->0(107)
[2020-05-16T08:08:40.865+0000][15960][gc,heap      ] GC(15) Survivor regions: 1->2(7)
[2020-05-16T08:08:40.865+0000][15960][gc,heap      ] GC(15) Old regions: 69->69
[2020-05-16T08:08:40.865+0000][15960][gc,heap      ] GC(15) Archive regions: 0->0
[2020-05-16T08:08:40.865+0000][15960][gc,heap      ] GC(15) Humongous regions: 7->7
[2020-05-16T08:08:40.865+0000][15960][gc,metaspace ] GC(15) Metaspace: 93607K(101284K)->93607K(101284K) NonClass: 81040K(85592K)->81040K(85592K) Class: 12566K(15692K)->12566K(15692K)
[2020-05-16T08:08:40.865+0000][15960][gc           ] GC(15) Pause Young (Normal) (G1 Evacuation Pause) 126M->76M(1024M) 7.424ms
[2020-05-16T08:08:40.865+0000][15960][gc,cpu       ] GC(15) User=0.00s Sys=0.00s Real=0.01s
[2020-05-16T08:08:40.865+0000][15960][safepoint    ] Safepoint "G1CollectForAllocation", Time since last: 1145979295 ns, Reaching safepoint: 213333 ns, At safepoint: 7682315 ns, Total: 7895648 ns
[2020-05-16T08:08:41.867+0000][15960][safepoint    ] Safepoint "Cleanup", Time since last: 1000859826 ns, Reaching safepoint: 162783 ns, At safepoint: 6029 ns, Total: 168812 ns
[2020-05-16T08:08:42.869+0000][15960][safepoint    ] Safepoint "Cleanup", Time since last: 1002063767 ns, Reaching safepoint: 148869 ns, At safepoint: 8812 ns, Total: 157681 ns
[2020-05-16T08:08:43.870+0000][15960][safepoint    ] Safepoint "Cleanup", Time since last: 1000736927 ns, Reaching safepoint: 200812 ns, At safepoint: 8347 ns, Total: 209159 ns
[2020-05-16T08:08:44.871+0000][15960][safepoint    ] Safepoint "Cleanup", Time since last: 1000684058 ns, Reaching safepoint: 257855 ns, At safepoint: 7420 ns, Total: 265275 ns
[2020-05-16T08:08:45.968+0000][15960][safepoint    ] Safepoint "Cleanup", Time since last: 1097225694 ns, Reaching safepoint: 164174 ns, At safepoint: 7884 ns, Total: 172058 ns
[2020-05-16T08:08:47.937+0000][15960][safepoint    ] Safepoint "Cleanup", Time since last: 1968857522 ns, Reaching safepoint: 288000 ns, At safepoint: 4637 ns, Total: 292637 ns
[2020-05-16T08:08:49.937+0000][15960][safepoint    ] Safepoint "Cleanup", Time since last: 2000016232 ns, Reaching safepoint: 168812 ns, At safepoint: 5101 ns, Total: 173913 ns
[2020-05-16T08:08:50.938+0000][15960][safepoint    ] Safepoint "Cleanup", Time since last: 1000325565 ns, Reaching safepoint: 149797 ns, At safepoint: 6029 ns, Total: 155826 ns
[2020-05-16T08:08:51.938+0000][15960][safepoint    ] Safepoint "Cleanup", Time since last: 1000237450 ns, Reaching safepoint: 109449 ns, At safepoint: 2782 ns, Total: 112231 ns
[2020-05-16T08:08:52.939+0000][15960][safepoint    ] Safepoint "Cleanup", Time since last: 1000477681 ns, Reaching safepoint: 137739 ns, At safepoint: 7884 ns, Total: 145623 ns
[2020-05-16T08:08:53.901+0000][15960][safepoint    ] Safepoint "BulkRevokeBias", Time since last: 960186454 ns, Reaching safepoint: 145159 ns, At safepoint: 1990492 ns, Total: 2135651 ns
[2020-05-16T08:08:54.529+0000][15960][safepoint    ] Safepoint "ICBufferFull", Time since last: 621074726 ns, Reaching safepoint: 7127185 ns, At safepoint: 43595 ns, Total: 7170780 ns
[2020-05-16T08:08:55.781+0000][15960][safepoint    ] Safepoint "Cleanup", Time since last: 1251294955 ns, Reaching safepoint: 202203 ns, At safepoint: 51479 ns, Total: 253682 ns
[2020-05-16T08:08:56.983+0000][15960][safepoint    ] Safepoint "Cleanup", Time since last: 1202423094 ns, Reaching safepoint: 153971 ns, At safepoint: 5101 ns, Total: 159072 ns
[2020-05-16T08:08:58.042+0000][15960][safepoint    ] Safepoint "Cleanup", Time since last: 1058452843 ns, Reaching safepoint: 208232 ns, At safepoint: 10203 ns, Total: 218435 ns
[2020-05-16T08:08:59.043+0000][15960][safepoint    ] Safepoint "Cleanup", Time since last: 1000588057 ns, Reaching safepoint: 156754 ns, At safepoint: 7420 ns, Total: 164174 ns
[2020-05-16T08:09:00.044+0000][15960][safepoint    ] Safepoint "Cleanup", Time since last: 1000675246 ns, Reaching safepoint: 143768 ns, At safepoint: 5565 ns, Total: 149333 ns
[2020-05-16T08:09:01.045+0000][15960][safepoint    ] Safepoint "Cleanup", Time since last: 1000740638 ns, Reaching safepoint: 119188 ns, At safepoint: 5565 ns, Total: 124753 ns
[2020-05-16T08:09:02.046+0000][15960][safepoint    ] Safepoint "Cleanup", Time since last: 1000712812 ns, Reaching safepoint: 84405 ns, At safepoint: 3247 ns, Total: 87652 ns
[2020-05-16T08:09:03.046+0000][15960][safepoint    ] Safepoint "Cleanup", Time since last: 1000663652 ns, Reaching safepoint: 140058 ns, At safepoint: 5101 ns, Total: 145159 ns
[2020-05-16T08:09:04.047+0000][15960][safepoint    ] Safepoint "Cleanup", Time since last: 1000605217 ns, Reaching safepoint: 141913 ns, At safepoint: 5565 ns, Total: 147478 ns
[2020-05-16T08:09:06.048+0000][15960][safepoint    ] Safepoint "Cleanup", Time since last: 2000929391 ns, Reaching safepoint: 139594 ns, At safepoint: 6957 ns, Total: 146551 ns
[2020-05-16T08:09:07.048+0000][15960][safepoint    ] Safepoint "Cleanup", Time since last: 1000043130 ns, Reaching safepoint: 110377 ns, At safepoint: 6956 ns, Total: 117333 ns
[2020-05-16T08:09:08.049+0000][15960][safepoint    ] Safepoint "Cleanup", Time since last: 1000762435 ns, Reaching safepoint: 128464 ns, At safepoint: 6956 ns, Total: 135420 ns
[2020-05-16T08:09:10.050+0000][15960][safepoint    ] Safepoint "Cleanup", Time since last: 2000300522 ns, Reaching safepoint: 116869 ns, At safepoint: 5102 ns, Total: 121971 ns
[2020-05-16T08:09:11.559+0000][15960][safepoint    ] Safepoint "Cleanup", Time since last: 1509155010 ns, Reaching safepoint: 123362 ns, At safepoint: 19015 ns, Total: 142377 ns
[2020-05-16T08:09:12.593+0000][15960][safepoint    ] Safepoint "Cleanup", Time since last: 1033722419 ns, Reaching safepoint: 179014 ns, At safepoint: 7421 ns, Total: 186435 ns
[2020-05-16T08:09:13.594+0000][15960][safepoint    ] Safepoint "Cleanup", Time since last: 1000798608 ns, Reaching safepoint: 181333 ns, At safepoint: 6957 ns, Total: 188290 ns
[2020-05-16T08:09:15.595+0000][15960][safepoint    ] Safepoint "Cleanup", Time since last: 2000723478 ns, Reaching safepoint: 150260 ns, At safepoint: 6957 ns, Total: 157217 ns
[2020-05-16T08:09:16.595+0000][15960][safepoint    ] Safepoint "Cleanup", Time since last: 1000523594 ns, Reaching safepoint: 115942 ns, At safepoint: 8348 ns, Total: 124290 ns
[2020-05-16T08:09:17.596+0000][15960][safepoint    ] Safepoint "Cleanup", Time since last: 1000275942 ns, Reaching safepoint: 157681 ns, At safepoint: 6956 ns, Total: 164637 ns
[2020-05-16T08:09:18.596+0000][15960][safepoint    ] Safepoint "Cleanup", Time since last: 1000020870 ns, Reaching safepoint: 224927 ns, At safepoint: 6957 ns, Total: 231884 ns
[2020-05-16T08:09:19.597+0000][15960][safepoint    ] Safepoint "Cleanup", Time since last: 1001007304 ns, Reaching safepoint: 126144 ns, At safepoint: 5102 ns, Total: 131246 ns
[2020-05-16T08:09:20.598+0000][15960][safepoint    ] Safepoint "Cleanup", Time since last: 1000527304 ns, Reaching safepoint: 131710 ns, At safepoint: 8348 ns, Total: 140058 ns
[2020-05-16T08:09:21.599+0000][15960][safepoint    ] Safepoint "Cleanup", Time since last: 1000821333 ns, Reaching safepoint: 137275 ns, At safepoint: 6493 ns, Total: 143768 ns
[2020-05-16T08:09:22.599+0000][15960][safepoint    ] Safepoint "Cleanup", Time since last: 1000136811 ns, Reaching safepoint: 134957 ns, At safepoint: 8811 ns, Total: 143768 ns
[2020-05-16T08:09:23.600+0000][15960][safepoint    ] Safepoint "Cleanup", Time since last: 1000821333 ns, Reaching safepoint: 142841 ns, At safepoint: 4638 ns, Total: 147479 ns
[2020-05-16T08:09:24.601+0000][15960][safepoint    ] Safepoint "Cleanup", Time since last: 1000447536 ns, Reaching safepoint: 127536 ns, At safepoint: 6956 ns, Total: 134492 ns
[2020-05-16T08:09:25.613+0000][15960][safepoint    ] Safepoint "Cleanup", Time since last: 1012008806 ns, Reaching safepoint: 84870 ns, At safepoint: 3710 ns, Total: 88580 ns
[2020-05-16T08:09:26.973+0000][15960][safepoint    ] Safepoint "Cleanup", Time since last: 1355448879 ns, Reaching safepoint: 201739 ns, At safepoint: 4771708 ns, Total: 4973447 ns
[2020-05-16T08:09:28.285+0000][15960][safepoint    ] Safepoint "Cleanup", Time since last: 1311258754 ns, Reaching safepoint: 184579 ns, At safepoint: 7884 ns, Total: 192463 ns
[2020-05-16T08:09:30.068+0000][15960][safepoint    ] Safepoint "Cleanup", Time since last: 1783088333 ns, Reaching safepoint: 208696 ns, At safepoint: 23652 ns, Total: 232348 ns
[2020-05-16T08:09:31.257+0000][15960][safepoint    ] Safepoint "Cleanup", Time since last: 1188395970 ns, Reaching safepoint: 93681 ns, At safepoint: 10203 ns, Total: 103884 ns
[2020-05-16T08:09:32.257+0000][15960][safepoint    ] Safepoint "Cleanup", Time since last: 1000896000 ns, Reaching safepoint: 125217 ns, At safepoint: 7420 ns, Total: 132637 ns
[2020-05-16T08:09:33.258+0000][15960][safepoint    ] Safepoint "Cleanup", Time since last: 1000804174 ns, Reaching safepoint: 110377 ns, At safepoint: 6493 ns, Total: 116870 ns
[2020-05-16T08:09:35.259+0000][15960][safepoint    ] Safepoint "Cleanup", Time since last: 2000645564 ns, Reaching safepoint: 107131 ns, At safepoint: 6493 ns, Total: 113624 ns
[2020-05-16T08:09:38.261+0000][15960][safepoint    ] Safepoint "Cleanup", Time since last: 3001846260 ns, Reaching safepoint: 122434 ns, At safepoint: 6493 ns, Total: 128927 ns
[2020-05-16T08:09:40.262+0000][15960][safepoint    ] Safepoint "Cleanup", Time since last: 2000292174 ns, Reaching safepoint: 134493 ns, At safepoint: 6492 ns, Total: 140985 ns
[2020-05-16T08:09:41.262+0000][15960][safepoint    ] Safepoint "Cleanup", Time since last: 1000821333 ns, Reaching safepoint: 115015 ns, At safepoint: 7884 ns, Total: 122899 ns
[2020-05-16T08:09:43.264+0000][15960][safepoint    ] Safepoint "Cleanup", Time since last: 2001096811 ns, Reaching safepoint: 119652 ns, At safepoint: 6956 ns, Total: 126608 ns
[2020-05-16T08:09:44.264+0000][15960][safepoint    ] Safepoint "Cleanup", Time since last: 1000173913 ns, Reaching safepoint: 110841 ns, At safepoint: 5565 ns, Total: 116406 ns
[2020-05-16T08:09:44.368+0000][15960][gc,start     ] GC(16) Pause Young (Normal) (G1 Evacuation Pause)
[2020-05-16T08:09:44.368+0000][15960][gc,task      ] GC(16) Using 4 workers of 4 for evacuation
[2020-05-16T08:09:44.368+0000][15960][gc,age       ] GC(16) Desired survivor size 7340032 bytes, new threshold 15 (max threshold 15)
[2020-05-16T08:09:44.439+0000][15960][gc,age       ] GC(16) Age table with threshold 15 (max threshold 15)
[2020-05-16T08:09:44.439+0000][15960][gc,age       ] GC(16) - age   1:    1070192 bytes,    1070192 total
[2020-05-16T08:09:44.439+0000][15960][gc,age       ] GC(16) - age   2:     290880 bytes,    1361072 total
[2020-05-16T08:09:44.439+0000][15960][gc,age       ] GC(16) - age   3:     269144 bytes,    1630216 total
[2020-05-16T08:09:44.439+0000][15960][gc,age       ] GC(16) - age   4:      53968 bytes,    1684184 total
[2020-05-16T08:09:44.439+0000][15960][gc,phases    ] GC(16)   Pre Evacuate Collection Set: 0.1ms
[2020-05-16T08:09:44.439+0000][15960][gc,phases    ] GC(16)   Merge Heap Roots: 0.1ms
[2020-05-16T08:09:44.439+0000][15960][gc,phases    ] GC(16)   Evacuate Collection Set: 70.2ms
[2020-05-16T08:09:44.439+0000][15960][gc,phases    ] GC(16)   Post Evacuate Collection Set: 0.9ms
[2020-05-16T08:09:44.439+0000][15960][gc,phases    ] GC(16)   Other: 0.4ms
[2020-05-16T08:09:44.439+0000][15960][gc,heap      ] GC(16) Eden regions: 107->0(87)
[2020-05-16T08:09:44.439+0000][15960][gc,heap      ] GC(16) Survivor regions: 2->2(14)
[2020-05-16T08:09:44.439+0000][15960][gc,heap      ] GC(16) Old regions: 69->69
[2020-05-16T08:09:44.439+0000][15960][gc,heap      ] GC(16) Archive regions: 0->0
[2020-05-16T08:09:44.440+0000][15960][gc,heap      ] GC(16) Humongous regions: 7->7
[2020-05-16T08:09:44.440+0000][15960][gc,metaspace ] GC(16) Metaspace: 95117K(102692K)->95117K(102692K) NonClass: 82372K(86872K)->82372K(86872K) Class: 12744K(15820K)->12744K(15820K)
[2020-05-16T08:09:44.440+0000][15960][gc           ] GC(16) Pause Young (Normal) (G1 Evacuation Pause) 183M->77M(1024M) 72.136ms
[2020-05-16T08:09:44.440+0000][15960][gc,cpu       ] GC(16) User=0.00s Sys=0.00s Real=0.07s
[2020-05-16T08:09:44.440+0000][15960][safepoint    ] Safepoint "G1CollectForAllocation", Time since last: 104135836 ns, Reaching safepoint: 84869 ns, At safepoint: 72287503 ns, Total: 72372372 ns
[2020-05-16T08:09:46.441+0000][15960][safepoint    ] Safepoint "Cleanup", Time since last: 2000745739 ns, Reaching safepoint: 126609 ns, At safepoint: 6956 ns, Total: 133565 ns
[2020-05-16T08:09:47.442+0000][15960][safepoint    ] Safepoint "Cleanup", Time since last: 1000016232 ns, Reaching safepoint: 110377 ns, At safepoint: 6956 ns, Total: 117333 ns
[2020-05-16T08:09:48.445+0000][15960][safepoint    ] Safepoint "Cleanup", Time since last: 1003184231 ns, Reaching safepoint: 116405 ns, At safepoint: 6957 ns, Total: 123362 ns
[2020-05-16T08:09:50.446+0000][15960][safepoint    ] Safepoint "Cleanup", Time since last: 2000667826 ns, Reaching safepoint: 203594 ns, At safepoint: 27362 ns, Total: 230956 ns
[2020-05-16T08:09:52.446+0000][15960][safepoint    ] Safepoint "Cleanup", Time since last: 2000555130 ns, Reaching safepoint: 161855 ns, At safepoint: 6957 ns, Total: 168812 ns
[2020-05-16T08:09:53.447+0000][15960][safepoint    ] Safepoint "Cleanup", Time since last: 1000029681 ns, Reaching safepoint: 135884 ns, At safepoint: 6493 ns, Total: 142377 ns
[2020-05-16T08:09:55.448+0000][15960][safepoint    ] Safepoint "Cleanup", Time since last: 2000964637 ns, Reaching safepoint: 129855 ns, At safepoint: 6029 ns, Total: 135884 ns
[2020-05-16T08:09:57.448+0000][15960][safepoint    ] Safepoint "Cleanup", Time since last: 2000338551 ns, Reaching safepoint: 127999 ns, At safepoint: 7884 ns, Total: 135883 ns
[2020-05-16T08:09:59.450+0000][15960][safepoint    ] Safepoint "Cleanup", Time since last: 2001496116 ns, Reaching safepoint: 118261 ns, At safepoint: 7884 ns, Total: 126145 ns
[2020-05-16T08:10:01.451+0000][15960][safepoint    ] Safepoint "Cleanup", Time since last: 2000627014 ns, Reaching safepoint: 127072 ns, At safepoint: 7420 ns, Total: 134492 ns
[2020-05-16T08:10:02.451+0000][15960][safepoint    ] Safepoint "Cleanup", Time since last: 1000183653 ns, Reaching safepoint: 103420 ns, At safepoint: 5565 ns, Total: 108985 ns
[2020-05-16T08:10:08.455+0000][15960][safepoint    ] Safepoint "Cleanup", Time since last: 6003917448 ns, Reaching safepoint: 342724 ns, At safepoint: 12985 ns, Total: 355709 ns
[2020-05-16T08:10:09.455+0000][15960][safepoint    ] Safepoint "Cleanup", Time since last: 1000047769 ns, Reaching safepoint: 125217 ns, At safepoint: 4174 ns, Total: 129391 ns
[2020-05-16T08:10:11.456+0000][15960][safepoint    ] Safepoint "Cleanup", Time since last: 2000747130 ns, Reaching safepoint: 148869 ns, At safepoint: 6493 ns, Total: 155362 ns
[2020-05-16T08:10:12.457+0000][15960][safepoint    ] Safepoint "Cleanup", Time since last: 1000818087 ns, Reaching safepoint: 133101 ns, At safepoint: 8348 ns, Total: 141449 ns
[2020-05-16T08:10:14.458+0000][15960][safepoint    ] Safepoint "Cleanup", Time since last: 2000845449 ns, Reaching safepoint: 208695 ns, At safepoint: 24116 ns, Total: 232811 ns
[2020-05-16T08:10:15.459+0000][15960][safepoint    ] Safepoint "Cleanup", Time since last: 1000697971 ns, Reaching safepoint: 101565 ns, At safepoint: 3247 ns, Total: 104812 ns
[2020-05-16T08:10:16.460+0000][15960][safepoint    ] Safepoint "Cleanup", Time since last: 1000893680 ns, Reaching safepoint: 147478 ns, At safepoint: 8348 ns, Total: 155826 ns
[2020-05-16T08:10:18.461+0000][15960][safepoint    ] Safepoint "Cleanup", Time since last: 2000234203 ns, Reaching safepoint: 189217 ns, At safepoint: 8812 ns, Total: 198029 ns
[2020-05-16T08:10:19.461+0000][15960][safepoint    ] Safepoint "Cleanup", Time since last: 1000496695 ns, Reaching safepoint: 113160 ns, At safepoint: 4174 ns, Total: 117334 ns
[2020-05-16T08:10:21.462+0000][15960][safepoint    ] Safepoint "Cleanup", Time since last: 2000225855 ns, Reaching safepoint: 143768 ns, At safepoint: 8348 ns, Total: 152116 ns
[2020-05-16T08:10:22.463+0000][15960][safepoint    ] Safepoint "Cleanup", Time since last: 1000895535 ns, Reaching safepoint: 89044 ns, At safepoint: 2782 ns, Total: 91826 ns
[2020-05-16T08:10:24.463+0000][15960][safepoint    ] Safepoint "Cleanup", Time since last: 2000087653 ns, Reaching safepoint: 128463 ns, At safepoint: 6957 ns, Total: 135420 ns
[2020-05-16T08:10:25.463+0000][15960][safepoint    ] Safepoint "Cleanup", Time since last: 1000032000 ns, Reaching safepoint: 133101 ns, At safepoint: 4174 ns, Total: 137275 ns
[2020-05-16T08:10:26.463+0000][15960][safepoint    ] Safepoint "Cleanup", Time since last: 1000107594 ns, Reaching safepoint: 128928 ns, At safepoint: 7884 ns, Total: 136812 ns
[2020-05-16T08:10:28.463+0000][15960][safepoint    ] Safepoint "Cleanup", Time since last: 1999994435 ns, Reaching safepoint: 87188 ns, At safepoint: 5101 ns, Total: 92289 ns
[2020-05-16T08:10:29.464+0000][15960][safepoint    ] Safepoint "Cleanup", Time since last: 1000168348 ns, Reaching safepoint: 164174 ns, At safepoint: 7420 ns, Total: 171594 ns
[2020-05-16T08:10:31.366+0000][15960][safepoint    ] Safepoint "Cleanup", Time since last: 1901848625 ns, Reaching safepoint: 185971 ns, At safepoint: 7421 ns, Total: 193392 ns
[2020-05-16T08:10:32.366+0000][15960][safepoint    ] Safepoint "Cleanup", Time since last: 1000552347 ns, Reaching safepoint: 213797 ns, At safepoint: 24116 ns, Total: 237913 ns
[2020-05-16T08:10:33.367+0000][15960][safepoint    ] Safepoint "Cleanup", Time since last: 1000643246 ns, Reaching safepoint: 144696 ns, At safepoint: 6493 ns, Total: 151189 ns
[2020-05-16T08:10:34.368+0000][15960][safepoint    ] Safepoint "Cleanup", Time since last: 1000356173 ns, Reaching safepoint: 123826 ns, At safepoint: 4638 ns, Total: 128464 ns
[2020-05-16T08:10:35.368+0000][15960][safepoint    ] Safepoint "Cleanup", Time since last: 1000222145 ns, Reaching safepoint: 123826 ns, At safepoint: 9739 ns, Total: 133565 ns
[2020-05-16T08:10:36.369+0000][15960][safepoint    ] Safepoint "Cleanup", Time since last: 1000361739 ns, Reaching safepoint: 127072 ns, At safepoint: 4174 ns, Total: 131246 ns
[2020-05-16T08:10:37.369+0000][15960][safepoint    ] Safepoint "Cleanup", Time since last: 1000578783 ns, Reaching safepoint: 197101 ns, At safepoint: 20406 ns, Total: 217507 ns
[2020-05-16T08:10:38.370+0000][15960][safepoint    ] Safepoint "Cleanup", Time since last: 1000523130 ns, Reaching safepoint: 133101 ns, At safepoint: 6493 ns, Total: 139594 ns
[2020-05-16T08:10:39.371+0000][15960][safepoint    ] Safepoint "Cleanup", Time since last: 1000630261 ns, Reaching safepoint: 206376 ns, At safepoint: 6029 ns, Total: 212405 ns
[2020-05-16T08:10:41.372+0000][15960][safepoint    ] Safepoint "Cleanup", Time since last: 2000658087 ns, Reaching safepoint: 182725 ns, At safepoint: 6956 ns, Total: 189681 ns
[2020-05-16T08:10:42.675+0000][15960][safepoint    ] Safepoint "Cleanup", Time since last: 1302672092 ns, Reaching safepoint: 116405 ns, At safepoint: 4174 ns, Total: 120579 ns
[2020-05-16T08:10:43.699+0000][15960][safepoint    ] Safepoint "Cleanup", Time since last: 1023857149 ns, Reaching safepoint: 191072 ns, At safepoint: 6493 ns, Total: 197565 ns
[2020-05-16T08:10:44.701+0000][15960][safepoint    ] Safepoint "Cleanup", Time since last: 1002507129 ns, Reaching safepoint: 140058 ns, At safepoint: 67710 ns, Total: 207768 ns
[2020-05-16T08:10:45.702+0000][15960][safepoint    ] Safepoint "Cleanup", Time since last: 1000278261 ns, Reaching safepoint: 116406 ns, At safepoint: 6492 ns, Total: 122898 ns
[2020-05-16T08:10:46.703+0000][15960][safepoint    ] Safepoint "Cleanup", Time since last: 1000721159 ns, Reaching safepoint: 199884 ns, At safepoint: 5566 ns, Total: 205450 ns
[2020-05-16T08:10:47.703+0000][15960][safepoint    ] Safepoint "Cleanup", Time since last: 1000253217 ns, Reaching safepoint: 147014 ns, At safepoint: 4174 ns, Total: 151188 ns
[2020-05-16T08:10:48.703+0000][15960][safepoint    ] Safepoint "Cleanup", Time since last: 1000228638 ns, Reaching safepoint: 389101 ns, At safepoint: 24116 ns, Total: 413217 ns
[2020-05-16T08:10:49.704+0000][15960][safepoint    ] Safepoint "Cleanup", Time since last: 1000291710 ns, Reaching safepoint: 116869 ns, At safepoint: 6957 ns, Total: 123826 ns
[2020-05-16T08:10:50.704+0000][15960][safepoint    ] Safepoint "Cleanup", Time since last: 1000257855 ns, Reaching safepoint: 144232 ns, At safepoint: 7884 ns, Total: 152116 ns
[2020-05-16T08:10:51.705+0000][15960][safepoint    ] Safepoint "Cleanup", Time since last: 1000760115 ns, Reaching safepoint: 121508 ns, At safepoint: 6029 ns, Total: 127537 ns
[2020-05-16T08:10:52.706+0000][15960][safepoint    ] Safepoint "Cleanup", Time since last: 1000628405 ns, Reaching safepoint: 112232 ns, At safepoint: 4638 ns, Total: 116870 ns
[2020-05-16T08:10:54.694+0000][15960][gc,start     ] GC(17) Pause Young (Normal) (G1 Evacuation Pause)
[2020-05-16T08:10:54.694+0000][15960][gc,task      ] GC(17) Using 4 workers of 4 for evacuation
[2020-05-16T08:10:54.694+0000][15960][gc,age       ] GC(17) Desired survivor size 6291456 bytes, new threshold 15 (max threshold 15)
[2020-05-16T08:10:54.700+0000][15960][gc,age       ] GC(17) Age table with threshold 15 (max threshold 15)
[2020-05-16T08:10:54.700+0000][15960][gc,age       ] GC(17) - age   1:     284608 bytes,     284608 total
[2020-05-16T08:10:54.700+0000][15960][gc,age       ] GC(17) - age   2:     824192 bytes,    1108800 total
[2020-05-16T08:10:54.700+0000][15960][gc,age       ] GC(17) - age   3:     290800 bytes,    1399600 total
[2020-05-16T08:10:54.700+0000][15960][gc,age       ] GC(17) - age   4:     261128 bytes,    1660728 total
[2020-05-16T08:10:54.701+0000][15960][gc,age       ] GC(17) - age   5:      53968 bytes,    1714696 total
[2020-05-16T08:10:54.701+0000][15960][gc,phases    ] GC(17)   Pre Evacuate Collection Set: 0.2ms
[2020-05-16T08:10:54.701+0000][15960][gc,phases    ] GC(17)   Merge Heap Roots: 0.1ms
[2020-05-16T08:10:54.701+0000][15960][gc,phases    ] GC(17)   Evacuate Collection Set: 4.5ms
[2020-05-16T08:10:54.701+0000][15960][gc,phases    ] GC(17)   Post Evacuate Collection Set: 1.0ms
[2020-05-16T08:10:54.701+0000][15960][gc,phases    ] GC(17)   Other: 0.6ms
[2020-05-16T08:10:54.701+0000][15960][gc,heap      ] GC(17) Eden regions: 87->0(226)
[2020-05-16T08:10:54.701+0000][15960][gc,heap      ] GC(17) Survivor regions: 2->2(12)
[2020-05-16T08:10:54.701+0000][15960][gc,heap      ] GC(17) Old regions: 69->69
[2020-05-16T08:10:54.701+0000][15960][gc,heap      ] GC(17) Archive regions: 0->0
[2020-05-16T08:10:54.701+0000][15960][gc,heap      ] GC(17) Humongous regions: 7->7
[2020-05-16T08:10:54.701+0000][15960][gc,metaspace ] GC(17) Metaspace: 95296K(102948K)->95296K(102948K) NonClass: 82542K(87128K)->82542K(87128K) Class: 12754K(15820K)->12754K(15820K)
[2020-05-16T08:10:54.701+0000][15960][gc           ] GC(17) Pause Young (Normal) (G1 Evacuation Pause) 164M->77M(1024M) 6.746ms
[2020-05-16T08:10:54.701+0000][15960][gc,cpu       ] GC(17) User=0.02s Sys=0.00s Real=0.01s
[2020-05-16T08:10:54.701+0000][15960][safepoint    ] Safepoint "G1CollectForAllocation", Time since last: 1988400701 ns, Reaching safepoint: 118724 ns, At safepoint: 6968577 ns, Total: 7087301 ns
[2020-05-16T08:10:56.701+0000][15960][safepoint    ] Safepoint "Cleanup", Time since last: 1999754203 ns, Reaching safepoint: 134956 ns, At safepoint: 6493 ns, Total: 141449 ns
[2020-05-16T08:10:57.702+0000][15960][safepoint    ] Safepoint "Cleanup", Time since last: 1000157217 ns, Reaching safepoint: 120580 ns, At safepoint: 6956 ns, Total: 127536 ns
[2020-05-16T08:10:58.703+0000][15960][safepoint    ] Safepoint "Cleanup", Time since last: 1000688696 ns, Reaching safepoint: 582028 ns, At safepoint: 12058 ns, Total: 594086 ns
[2020-05-16T08:10:59.703+0000][15960][safepoint    ] Safepoint "Cleanup", Time since last: 1000253218 ns, Reaching safepoint: 350608 ns, At safepoint: 13913 ns, Total: 364521 ns
[2020-05-16T08:11:00.704+0000][15960][safepoint    ] Safepoint "Cleanup", Time since last: 1000614029 ns, Reaching safepoint: 270377 ns, At safepoint: 11130 ns, Total: 281507 ns
[2020-05-16T08:11:01.705+0000][15960][safepoint    ] Safepoint "Cleanup", Time since last: 1000022725 ns, Reaching safepoint: 151188 ns, At safepoint: 6493 ns, Total: 157681 ns
[2020-05-16T08:11:03.705+0000][15960][safepoint    ] Safepoint "Cleanup", Time since last: 1999944348 ns, Reaching safepoint: 153507 ns, At safepoint: 6029 ns, Total: 159536 ns
[2020-05-16T08:11:04.705+0000][15960][safepoint    ] Safepoint "Cleanup", Time since last: 1000222608 ns, Reaching safepoint: 143768 ns, At safepoint: 6493 ns, Total: 150261 ns
[2020-05-16T08:11:05.705+0000][15960][safepoint    ] Safepoint "Cleanup", Time since last: 1000091362 ns, Reaching safepoint: 163710 ns, At safepoint: 6957 ns, Total: 170667 ns
[2020-05-16T08:11:06.706+0000][15960][safepoint    ] Safepoint "Cleanup", Time since last: 1000569043 ns, Reaching safepoint: 203594 ns, At safepoint: 6493 ns, Total: 210087 ns
[2020-05-16T08:11:07.707+0000][15960][safepoint    ] Safepoint "Cleanup", Time since last: 1000413681 ns, Reaching safepoint: 83942 ns, At safepoint: 2783 ns, Total: 86725 ns
[2020-05-16T08:11:08.707+0000][15960][safepoint    ] Safepoint "Cleanup", Time since last: 1000448927 ns, Reaching safepoint: 89507 ns, At safepoint: 4174 ns, Total: 93681 ns
[2020-05-16T08:11:09.708+0000][15960][safepoint    ] Safepoint "Cleanup", Time since last: 1000537507 ns, Reaching safepoint: 119652 ns, At safepoint: 6029 ns, Total: 125681 ns
[2020-05-16T08:11:11.709+0000][15960][safepoint    ] Safepoint "Cleanup", Time since last: 2000797681 ns, Reaching safepoint: 120580 ns, At safepoint: 6492 ns, Total: 127072 ns
[2020-05-16T08:11:12.710+0000][15960][safepoint    ] Safepoint "Cleanup", Time since last: 1000857507 ns, Reaching safepoint: 117334 ns, At safepoint: 4637 ns, Total: 121971 ns
[2020-05-16T08:11:13.711+0000][15960][safepoint    ] Safepoint "Cleanup", Time since last: 1000769855 ns, Reaching safepoint: 99246 ns, At safepoint: 4638 ns, Total: 103884 ns
[2020-05-16T08:11:14.712+0000][15960][safepoint    ] Safepoint "Cleanup", Time since last: 1000637681 ns, Reaching safepoint: 121507 ns, At safepoint: 5565 ns, Total: 127072 ns
[2020-05-16T08:11:16.712+0000][15960][safepoint    ] Safepoint "Cleanup", Time since last: 2000394667 ns, Reaching safepoint: 108058 ns, At safepoint: 5101 ns, Total: 113159 ns
[2020-05-16T08:11:18.713+0000][15960][safepoint    ] Safepoint "Cleanup", Time since last: 2000833391 ns, Reaching safepoint: 158609 ns, At safepoint: 4637 ns, Total: 163246 ns
[2020-05-16T08:11:20.714+0000][15960][safepoint    ] Safepoint "Cleanup", Time since last: 2000518493 ns, Reaching safepoint: 122434 ns, At safepoint: 6029 ns, Total: 128463 ns
[2020-05-16T08:11:21.714+0000][15960][safepoint    ] Safepoint "Cleanup", Time since last: 1000516174 ns, Reaching safepoint: 136812 ns, At safepoint: 6492 ns, Total: 143304 ns
[2020-05-16T08:11:23.028+0000][15960][safepoint    ] Safepoint "Cleanup", Time since last: 1312932493 ns, Reaching safepoint: 174840 ns, At safepoint: 65392 ns, Total: 240232 ns
[2020-05-16T08:11:23.579+0000][15960][safepoint    ] Safepoint "BulkRevokeBias", Time since last: 549760209 ns, Reaching safepoint: 187362 ns, At safepoint: 1275825 ns, Total: 1463187 ns
[2020-05-16T08:11:24.988+0000][15960][safepoint    ] Safepoint "Cleanup", Time since last: 1409113782 ns, Reaching safepoint: 185507 ns, At safepoint: 8348 ns, Total: 193855 ns
[2020-05-16T08:11:25.988+0000][15960][safepoint    ] Safepoint "Cleanup", Time since last: 1000304231 ns, Reaching safepoint: 120116 ns, At safepoint: 4174 ns, Total: 124290 ns
[2020-05-16T08:11:28.994+0000][15960][safepoint    ] Safepoint "Cleanup", Time since last: 3005843939 ns, Reaching safepoint: 132638 ns, At safepoint: 12058 ns, Total: 144696 ns
[2020-05-16T08:11:30.995+0000][15960][safepoint    ] Safepoint "Cleanup", Time since last: 2000777275 ns, Reaching safepoint: 149797 ns, At safepoint: 26899 ns, Total: 176696 ns
[2020-05-16T08:11:31.996+0000][15960][safepoint    ] Safepoint "Cleanup", Time since last: 1000216579 ns, Reaching safepoint: 152580 ns, At safepoint: 8348 ns, Total: 160928 ns
[2020-05-16T08:11:33.996+0000][15960][safepoint    ] Safepoint "Cleanup", Time since last: 2000060753 ns, Reaching safepoint: 197102 ns, At safepoint: 7884 ns, Total: 204986 ns
[2020-05-16T08:11:34.996+0000][15960][safepoint    ] Safepoint "Cleanup", Time since last: 1000147942 ns, Reaching safepoint: 237449 ns, At safepoint: 12058 ns, Total: 249507 ns
[2020-05-16T08:11:35.997+0000][15960][safepoint    ] Safepoint "Cleanup", Time since last: 1000166029 ns, Reaching safepoint: 127536 ns, At safepoint: 6956 ns, Total: 134492 ns
[2020-05-16T08:11:37.998+0000][15960][safepoint    ] Safepoint "Cleanup", Time since last: 2001368579 ns, Reaching safepoint: 103421 ns, At safepoint: 5565 ns, Total: 108986 ns
[2020-05-16T08:11:42.000+0000][15960][safepoint    ] Safepoint "Cleanup", Time since last: 4002111999 ns, Reaching safepoint: 111768 ns, At safepoint: 6493 ns, Total: 118261 ns
[2020-05-16T08:11:44.038+0000][15960][safepoint    ] Safepoint "Cleanup", Time since last: 2001141333 ns, Reaching safepoint: 36060273 ns, At safepoint: 70029 ns, Total: 36130302 ns
[2020-05-16T08:11:47.040+0000][15960][safepoint    ] Safepoint "Cleanup", Time since last: 3002330433 ns, Reaching safepoint: 96000 ns, At safepoint: 11594 ns, Total: 107594 ns
[2020-05-16T08:11:49.040+0000][15960][safepoint    ] Safepoint "Cleanup", Time since last: 2000154435 ns, Reaching safepoint: 111768 ns, At safepoint: 4638 ns, Total: 116406 ns
[2020-05-16T08:11:50.041+0000][15960][safepoint    ] Safepoint "Cleanup", Time since last: 1000201275 ns, Reaching safepoint: 92290 ns, At safepoint: 4638 ns, Total: 96928 ns
[2020-05-16T08:11:53.043+0000][15960][safepoint    ] Safepoint "Cleanup", Time since last: 3001736347 ns, Reaching safepoint: 338086 ns, At safepoint: 6493 ns, Total: 344579 ns
[2020-05-16T08:11:54.043+0000][15960][safepoint    ] Safepoint "Cleanup", Time since last: 1000128000 ns, Reaching safepoint: 139131 ns, At safepoint: 5565 ns, Total: 144696 ns
[2020-05-16T08:11:56.044+0000][15960][safepoint    ] Safepoint "Cleanup", Time since last: 2000415072 ns, Reaching safepoint: 147014 ns, At safepoint: 7421 ns, Total: 154435 ns
[2020-05-16T08:11:58.044+0000][15960][safepoint    ] Safepoint "Cleanup", Time since last: 2000595014 ns, Reaching safepoint: 146087 ns, At safepoint: 5101 ns, Total: 151188 ns
[2020-05-16T08:11:59.045+0000][15960][safepoint    ] Safepoint "Cleanup", Time since last: 1000172986 ns, Reaching safepoint: 159536 ns, At safepoint: 6956 ns, Total: 166492 ns
[2020-05-16T08:12:00.045+0000][15960][safepoint    ] Safepoint "Cleanup", Time since last: 1000461449 ns, Reaching safepoint: 78841 ns, At safepoint: 4174 ns, Total: 83015 ns
[2020-05-16T08:12:01.046+0000][15960][safepoint    ] Safepoint "Cleanup", Time since last: 1000199884 ns, Reaching safepoint: 101565 ns, At safepoint: 3710 ns, Total: 105275 ns
[2020-05-16T08:12:02.363+0000][15960][safepoint    ] Safepoint "Cleanup", Time since last: 1317770520 ns, Reaching safepoint: 91826 ns, At safepoint: 6029 ns, Total: 97855 ns
[2020-05-16T08:12:04.364+0000][15960][safepoint    ] Safepoint "Cleanup", Time since last: 2000773564 ns, Reaching safepoint: 94145 ns, At safepoint: 4174 ns, Total: 98319 ns
[2020-05-16T08:12:05.374+0000][15960][safepoint    ] Safepoint "Cleanup", Time since last: 1000734145 ns, Reaching safepoint: 9048575 ns, At safepoint: 133102 ns, Total: 9181677 ns
[2020-05-16T08:12:06.829+0000][15960][safepoint    ] Safepoint "Cleanup", Time since last: 1454979499 ns, Reaching safepoint: 143304 ns, At safepoint: 8348 ns, Total: 151652 ns
[2020-05-16T08:12:07.830+0000][15960][safepoint    ] Safepoint "Cleanup", Time since last: 1000518956 ns, Reaching safepoint: 119652 ns, At safepoint: 4638 ns, Total: 124290 ns
[2020-05-16T08:12:08.831+0000][15960][safepoint    ] Safepoint "Cleanup", Time since last: 1000515246 ns, Reaching safepoint: 145623 ns, At safepoint: 6957 ns, Total: 152580 ns
[2020-05-16T08:12:09.831+0000][15960][safepoint    ] Safepoint "Cleanup", Time since last: 1000621913 ns, Reaching safepoint: 132173 ns, At safepoint: 6029 ns, Total: 138202 ns
[2020-05-16T08:12:11.832+0000][15960][safepoint    ] Safepoint "Cleanup", Time since last: 2000403478 ns, Reaching safepoint: 160464 ns, At safepoint: 6493 ns, Total: 166957 ns
[2020-05-16T08:12:12.833+0000][15960][safepoint    ] Safepoint "Cleanup", Time since last: 1000387246 ns, Reaching safepoint: 98783 ns, At safepoint: 4637 ns, Total: 103420 ns
[2020-05-16T08:12:13.833+0000][15960][safepoint    ] Safepoint "Cleanup", Time since last: 1000153044 ns, Reaching safepoint: 100174 ns, At safepoint: 5565 ns, Total: 105739 ns
[2020-05-16T08:12:14.833+0000][15960][safepoint    ] Safepoint "Cleanup", Time since last: 1000067710 ns, Reaching safepoint: 158145 ns, At safepoint: 8811 ns, Total: 166956 ns
[2020-05-16T08:12:16.834+0000][15960][safepoint    ] Safepoint "Cleanup", Time since last: 2000590841 ns, Reaching safepoint: 130318 ns, At safepoint: 4174 ns, Total: 134492 ns
[2020-05-16T08:12:17.834+0000][15960][safepoint    ] Safepoint "Cleanup", Time since last: 1000522667 ns, Reaching safepoint: 94145 ns, At safepoint: 5101 ns, Total: 99246 ns
[2020-05-16T08:12:18.835+0000][15960][safepoint    ] Safepoint "Cleanup", Time since last: 1000258783 ns, Reaching safepoint: 110376 ns, At safepoint: 5566 ns, Total: 115942 ns
[2020-05-16T08:12:19.836+0000][15960][safepoint    ] Safepoint "Cleanup", Time since last: 1000667825 ns, Reaching safepoint: 141913 ns, At safepoint: 5102 ns, Total: 147015 ns
[2020-05-16T08:12:20.857+0000][15960][safepoint    ] Safepoint "Cleanup", Time since last: 1001294840 ns, Reaching safepoint: 20530077 ns, At safepoint: 48232 ns, Total: 20578309 ns
[2020-05-16T08:12:21.858+0000][15960][safepoint    ] Safepoint "Cleanup", Time since last: 1000137275 ns, Reaching safepoint: 85334 ns, At safepoint: 3710 ns, Total: 89044 ns
[2020-05-16T08:12:22.859+0000][15960][safepoint    ] Safepoint "Cleanup", Time since last: 1000876985 ns, Reaching safepoint: 83478 ns, At safepoint: 4174 ns, Total: 87652 ns
[2020-05-16T08:12:23.860+0000][15960][safepoint    ] Safepoint "Cleanup", Time since last: 1000748985 ns, Reaching safepoint: 88580 ns, At safepoint: 18551 ns, Total: 107131 ns
[2020-05-16T08:12:25.860+0000][15960][safepoint    ] Safepoint "Cleanup", Time since last: 2000775419 ns, Reaching safepoint: 122899 ns, At safepoint: 3710 ns, Total: 126609 ns
[2020-05-16T08:12:26.868+0000][15960][safepoint    ] Safepoint "Cleanup", Time since last: 1000027362 ns, Reaching safepoint: 7145272 ns, At safepoint: 14841 ns, Total: 7160113 ns
[2020-05-16T08:12:28.868+0000][15960][safepoint    ] Safepoint "Cleanup", Time since last: 1999985623 ns, Reaching safepoint: 97855 ns, At safepoint: 2783 ns, Total: 100638 ns
[2020-05-16T08:12:29.868+0000][15960][safepoint    ] Safepoint "Cleanup", Time since last: 1000133565 ns, Reaching safepoint: 115478 ns, At safepoint: 5102 ns, Total: 120580 ns
[2020-05-16T08:12:30.868+0000][15960][safepoint    ] Safepoint "Cleanup", Time since last: 1000464695 ns, Reaching safepoint: 91826 ns, At safepoint: 3247 ns, Total: 95073 ns
[2020-05-16T08:12:31.869+0000][15960][safepoint    ] Safepoint "Cleanup", Time since last: 1000163710 ns, Reaching safepoint: 108985 ns, At safepoint: 5102 ns, Total: 114087 ns
[2020-05-16T08:12:33.869+0000][15960][safepoint    ] Safepoint "Cleanup", Time since last: 2000511536 ns, Reaching safepoint: 135884 ns, At safepoint: 4173 ns, Total: 140057 ns
[2020-05-16T08:12:34.870+0000][15960][safepoint    ] Safepoint "Cleanup", Time since last: 1000153971 ns, Reaching safepoint: 110377 ns, At safepoint: 4638 ns, Total: 115015 ns
[2020-05-16T08:12:36.871+0000][15960][safepoint    ] Safepoint "Cleanup", Time since last: 2000779130 ns, Reaching safepoint: 169739 ns, At safepoint: 6493 ns, Total: 176232 ns
[2020-05-16T08:12:37.871+0000][15960][safepoint    ] Safepoint "Cleanup", Time since last: 1000274550 ns, Reaching safepoint: 114087 ns, At safepoint: 5102 ns, Total: 119189 ns
[2020-05-16T08:12:38.872+0000][15960][safepoint    ] Safepoint "Cleanup", Time since last: 1000683594 ns, Reaching safepoint: 419246 ns, At safepoint: 13449 ns, Total: 432695 ns
[2020-05-16T08:12:40.873+0000][15960][safepoint    ] Safepoint "Cleanup", Time since last: 2000539826 ns, Reaching safepoint: 230029 ns, At safepoint: 6492 ns, Total: 236521 ns
[2020-05-16T08:12:41.874+0000][15960][safepoint    ] Safepoint "Cleanup", Time since last: 1000734145 ns, Reaching safepoint: 117333 ns, At safepoint: 4174 ns, Total: 121507 ns
[2020-05-16T08:12:42.874+0000][15960][safepoint    ] Safepoint "Cleanup", Time since last: 1000359420 ns, Reaching safepoint: 137739 ns, At safepoint: 7884 ns, Total: 145623 ns
[2020-05-16T08:12:43.875+0000][15960][safepoint    ] Safepoint "Cleanup", Time since last: 1000758261 ns, Reaching safepoint: 124290 ns, At safepoint: 18550 ns, Total: 142840 ns
[2020-05-16T08:12:45.875+0000][15960][safepoint    ] Safepoint "Cleanup", Time since last: 1999939711 ns, Reaching safepoint: 132637 ns, At safepoint: 7421 ns, Total: 140058 ns
[2020-05-16T08:12:47.875+0000][15960][safepoint    ] Safepoint "Cleanup", Time since last: 2000026434 ns, Reaching safepoint: 119652 ns, At safepoint: 8348 ns, Total: 128000 ns
[2020-05-16T08:12:48.876+0000][15960][safepoint    ] Safepoint "Cleanup", Time since last: 1000035710 ns, Reaching safepoint: 136348 ns, At safepoint: 8348 ns, Total: 144696 ns
[2020-05-16T08:12:50.876+0000][15960][safepoint    ] Safepoint "Cleanup", Time since last: 2000747594 ns, Reaching safepoint: 164174 ns, At safepoint: 8811 ns, Total: 172985 ns
[2020-05-16T08:12:51.877+0000][15960][safepoint    ] Safepoint "Cleanup", Time since last: 1000359420 ns, Reaching safepoint: 123826 ns, At safepoint: 5566 ns, Total: 129392 ns
[2020-05-16T08:12:52.877+0000][15960][safepoint    ] Safepoint "Cleanup", Time since last: 1000149333 ns, Reaching safepoint: 167884 ns, At safepoint: 7884 ns, Total: 175768 ns
[2020-05-16T08:12:53.878+0000][15960][safepoint    ] Safepoint "Cleanup", Time since last: 1000081623 ns, Reaching safepoint: 128928 ns, At safepoint: 5565 ns, Total: 134493 ns
[2020-05-16T08:12:54.878+0000][15960][safepoint    ] Safepoint "Cleanup", Time since last: 1000211942 ns, Reaching safepoint: 140985 ns, At safepoint: 6957 ns, Total: 147942 ns
[2020-05-16T08:12:55.878+0000][15960][safepoint    ] Safepoint "Cleanup", Time since last: 1000043130 ns, Reaching safepoint: 239304 ns, At safepoint: 44522 ns, Total: 283826 ns
[2020-05-16T08:12:56.878+0000][15960][safepoint    ] Safepoint "Cleanup", Time since last: 1000102493 ns, Reaching safepoint: 118724 ns, At safepoint: 6957 ns, Total: 125681 ns
[2020-05-16T08:12:58.879+0000][15960][safepoint    ] Safepoint "Cleanup", Time since last: 2000355710 ns, Reaching safepoint: 256000 ns, At safepoint: 24579 ns, Total: 280579 ns
[2020-05-16T08:12:59.879+0000][15960][safepoint    ] Safepoint "Cleanup", Time since last: 1000046377 ns, Reaching safepoint: 110377 ns, At safepoint: 6029 ns, Total: 116406 ns
[2020-05-16T08:13:00.879+0000][15960][safepoint    ] Safepoint "Cleanup", Time since last: 1000088580 ns, Reaching safepoint: 121043 ns, At safepoint: 5565 ns, Total: 126608 ns
[2020-05-16T08:13:01.880+0000][15960][safepoint    ] Safepoint "Cleanup", Time since last: 1000521275 ns, Reaching safepoint: 183189 ns, At safepoint: 13449 ns, Total: 196638 ns
[2020-05-16T08:13:02.881+0000][15960][safepoint    ] Safepoint "Cleanup", Time since last: 1000194782 ns, Reaching safepoint: 139131 ns, At safepoint: 5101 ns, Total: 144232 ns
[2020-05-16T08:13:03.881+0000][15960][safepoint    ] Safepoint "Cleanup", Time since last: 1000467478 ns, Reaching safepoint: 213797 ns, At safepoint: 9739 ns, Total: 223536 ns
[2020-05-16T08:13:05.881+0000][15960][safepoint    ] Safepoint "Cleanup", Time since last: 2000151653 ns, Reaching safepoint: 140057 ns, At safepoint: 6957 ns, Total: 147014 ns
[2020-05-16T08:13:06.882+0000][15960][safepoint    ] Safepoint "Cleanup", Time since last: 1000371014 ns, Reaching safepoint: 149334 ns, At safepoint: 7420 ns, Total: 156754 ns
[2020-05-16T08:13:07.882+0000][15960][safepoint    ] Safepoint "Cleanup", Time since last: 1000274087 ns, Reaching safepoint: 175768 ns, At safepoint: 19942 ns, Total: 195710 ns
[2020-05-16T08:13:08.883+0000][15960][safepoint    ] Safepoint "Cleanup", Time since last: 1000548173 ns, Reaching safepoint: 121971 ns, At safepoint: 7421 ns, Total: 129392 ns
[2020-05-16T08:13:09.884+0000][15960][safepoint    ] Safepoint "Cleanup", Time since last: 1000368231 ns, Reaching safepoint: 135884 ns, At safepoint: 5566 ns, Total: 141450 ns
[2020-05-16T08:13:10.903+0000][15960][safepoint    ] Safepoint "Cleanup", Time since last: 1000205913 ns, Reaching safepoint: 18925904 ns, At safepoint: 65855 ns, Total: 18991759 ns
[2020-05-16T08:13:12.903+0000][15960][safepoint    ] Safepoint "Cleanup", Time since last: 2000035710 ns, Reaching safepoint: 186898 ns, At safepoint: 9740 ns, Total: 196638 ns
[2020-05-16T08:13:14.904+0000][15960][safepoint    ] Safepoint "Cleanup", Time since last: 2000908985 ns, Reaching safepoint: 252289 ns, At safepoint: 26899 ns, Total: 279188 ns
[2020-05-16T08:13:15.905+0000][15960][safepoint    ] Safepoint "Cleanup", Time since last: 1000150261 ns, Reaching safepoint: 129391 ns, At safepoint: 8348 ns, Total: 137739 ns
[2020-05-16T08:13:16.908+0000][15960][safepoint    ] Safepoint "Cleanup", Time since last: 1000458202 ns, Reaching safepoint: 2932869 ns, At safepoint: 25043 ns, Total: 2957912 ns
[2020-05-16T08:13:18.909+0000][15960][safepoint    ] Safepoint "Cleanup", Time since last: 2000389565 ns, Reaching safepoint: 136812 ns, At safepoint: 7420 ns, Total: 144232 ns
[2020-05-16T08:13:19.909+0000][15960][safepoint    ] Safepoint "Cleanup", Time since last: 1000398377 ns, Reaching safepoint: 159072 ns, At safepoint: 8812 ns, Total: 167884 ns
[2020-05-16T08:13:20.909+0000][15960][safepoint    ] Safepoint "Cleanup", Time since last: 1000012058 ns, Reaching safepoint: 102956 ns, At safepoint: 6029 ns, Total: 108985 ns
[2020-05-16T08:13:21.910+0000][15960][safepoint    ] Safepoint "Cleanup", Time since last: 1000423884 ns, Reaching safepoint: 114551 ns, At safepoint: 4637 ns, Total: 119188 ns
[2020-05-16T08:13:23.910+0000][15960][safepoint    ] Safepoint "Cleanup", Time since last: 2000268058 ns, Reaching safepoint: 151652 ns, At safepoint: 8812 ns, Total: 160464 ns
[2020-05-16T08:13:24.911+0000][15960][safepoint    ] Safepoint "Cleanup", Time since last: 1000629333 ns, Reaching safepoint: 132174 ns, At safepoint: 6956 ns, Total: 139130 ns
[2020-05-16T08:13:25.967+0000][15960][safepoint    ] Safepoint "Cleanup", Time since last: 1000174377 ns, Reaching safepoint: 55904438 ns, At safepoint: 89507 ns, Total: 55993945 ns
[2020-05-16T08:13:26.968+0000][15960][safepoint    ] Safepoint "Cleanup", Time since last: 1000279652 ns, Reaching safepoint: 169739 ns, At safepoint: 11130 ns, Total: 180869 ns
[2020-05-16T08:13:27.968+0000][15960][safepoint    ] Safepoint "Cleanup", Time since last: 1000292174 ns, Reaching safepoint: 148406 ns, At safepoint: 5565 ns, Total: 153971 ns
[2020-05-16T08:13:29.968+0000][15960][safepoint    ] Safepoint "Cleanup", Time since last: 2000119652 ns, Reaching safepoint: 127537 ns, At safepoint: 6492 ns, Total: 134029 ns
[2020-05-16T08:13:31.969+0000][15960][safepoint    ] Safepoint "Cleanup", Time since last: 2000176696 ns, Reaching safepoint: 132174 ns, At safepoint: 5565 ns, Total: 137739 ns
[2020-05-16T08:13:32.969+0000][15960][safepoint    ] Safepoint "Cleanup", Time since last: 1000960927 ns, Reaching safepoint: 149797 ns, At safepoint: 10203 ns, Total: 160000 ns
[2020-05-16T08:13:34.970+0000][15960][safepoint    ] Safepoint "Cleanup", Time since last: 2000564405 ns, Reaching safepoint: 194783 ns, At safepoint: 9275 ns, Total: 204058 ns
[2020-05-16T08:13:35.971+0000][15960][safepoint    ] Safepoint "Cleanup", Time since last: 1000143305 ns, Reaching safepoint: 155362 ns, At safepoint: 6029 ns, Total: 161391 ns
[2020-05-16T08:13:37.991+0000][15960][safepoint    ] Safepoint "Cleanup", Time since last: 2000640000 ns, Reaching safepoint: 19941092 ns, At safepoint: 30145 ns, Total: 19971237 ns
[2020-05-16T08:13:38.992+0000][15960][safepoint    ] Safepoint "Cleanup", Time since last: 1000485565 ns, Reaching safepoint: 130782 ns, At safepoint: 6493 ns, Total: 137275 ns
[2020-05-16T08:13:39.992+0000][15960][safepoint    ] Safepoint "Cleanup", Time since last: 1000348753 ns, Reaching safepoint: 134029 ns, At safepoint: 6957 ns, Total: 140986 ns
[2020-05-16T08:13:40.993+0000][15960][safepoint    ] Safepoint "Cleanup", Time since last: 1000033855 ns, Reaching safepoint: 141913 ns, At safepoint: 10203 ns, Total: 152116 ns
[2020-05-16T08:13:41.993+0000][15960][safepoint    ] Safepoint "Cleanup", Time since last: 1000591304 ns, Reaching safepoint: 178087 ns, At safepoint: 12985 ns, Total: 191072 ns
[2020-05-16T08:13:42.994+0000][15960][safepoint    ] Safepoint "Cleanup", Time since last: 1000090435 ns, Reaching safepoint: 134493 ns, At safepoint: 6029 ns, Total: 140522 ns
[2020-05-16T08:13:43.272+0000][15960][gc,start     ] GC(18) Pause Young (Normal) (G1 Evacuation Pause)
[2020-05-16T08:13:43.272+0000][15960][gc,task      ] GC(18) Using 4 workers of 4 for evacuation
[2020-05-16T08:13:43.272+0000][15960][gc,age       ] GC(18) Desired survivor size 15204352 bytes, new threshold 15 (max threshold 15)
[2020-05-16T08:13:43.298+0000][15960][gc,age       ] GC(18) Age table with threshold 15 (max threshold 15)
[2020-05-16T08:13:43.298+0000][15960][gc,age       ] GC(18) - age   1:     565096 bytes,     565096 total
[2020-05-16T08:13:43.298+0000][15960][gc,age       ] GC(18) - age   2:     167272 bytes,     732368 total
[2020-05-16T08:13:43.298+0000][15960][gc,age       ] GC(18) - age   3:     821792 bytes,    1554160 total
[2020-05-16T08:13:43.298+0000][15960][gc,age       ] GC(18) - age   4:     290800 bytes,    1844960 total
[2020-05-16T08:13:43.298+0000][15960][gc,age       ] GC(18) - age   5:     261128 bytes,    2106088 total
[2020-05-16T08:13:43.298+0000][15960][gc,age       ] GC(18) - age   6:      53968 bytes,    2160056 total
[2020-05-16T08:13:43.298+0000][15960][gc,phases    ] GC(18)   Pre Evacuate Collection Set: 0.3ms
[2020-05-16T08:13:43.298+0000][15960][gc,phases    ] GC(18)   Merge Heap Roots: 0.1ms
[2020-05-16T08:13:43.298+0000][15960][gc,phases    ] GC(18)   Evacuate Collection Set: 24.4ms
[2020-05-16T08:13:43.298+0000][15960][gc,phases    ] GC(18)   Post Evacuate Collection Set: 0.9ms
[2020-05-16T08:13:43.298+0000][15960][gc,phases    ] GC(18)   Other: 0.5ms
[2020-05-16T08:13:43.298+0000][15960][gc,heap      ] GC(18) Eden regions: 226->0(530)
[2020-05-16T08:13:43.298+0000][15960][gc,heap      ] GC(18) Survivor regions: 2->3(29)
[2020-05-16T08:13:43.298+0000][15960][gc,heap      ] GC(18) Old regions: 69->69
[2020-05-16T08:13:43.298+0000][15960][gc,heap      ] GC(18) Archive regions: 0->0
[2020-05-16T08:13:43.298+0000][15960][gc,heap      ] GC(18) Humongous regions: 7->7
[2020-05-16T08:13:43.298+0000][15960][gc,metaspace ] GC(18) Metaspace: 95598K(103204K)->95598K(103204K) NonClass: 82843K(87384K)->82843K(87384K) Class: 12754K(15820K)->12754K(15820K)
[2020-05-16T08:13:43.298+0000][15960][gc           ] GC(18) Pause Young (Normal) (G1 Evacuation Pause) 303M->77M(1024M) 26.521ms
[2020-05-16T08:13:43.298+0000][15960][gc,cpu       ] GC(18) User=0.05s Sys=0.00s Real=0.03s
[2020-05-16T08:13:43.298+0000][15960][safepoint    ] Safepoint "G1CollectForAllocation", Time since last: 277931001 ns, Reaching safepoint: 108986 ns, At safepoint: 26661552 ns, Total: 26770538 ns
[2020-05-16T08:13:44.300+0000][15960][safepoint    ] Safepoint "Cleanup", Time since last: 1000931710 ns, Reaching safepoint: 164638 ns, At safepoint: 7884 ns, Total: 172522 ns
[2020-05-16T08:13:46.300+0000][15960][safepoint    ] Safepoint "Cleanup", Time since last: 2000416000 ns, Reaching safepoint: 130782 ns, At safepoint: 5565 ns, Total: 136347 ns
[2020-05-16T08:13:47.301+0000][15960][safepoint    ] Safepoint "Cleanup", Time since last: 1000707246 ns, Reaching safepoint: 140522 ns, At safepoint: 9276 ns, Total: 149798 ns
[2020-05-16T08:13:48.301+0000][15960][safepoint    ] Safepoint "Cleanup", Time since last: 1000371478 ns, Reaching safepoint: 176695 ns, At safepoint: 9739 ns, Total: 186434 ns
[2020-05-16T08:13:49.302+0000][15960][safepoint    ] Safepoint "Cleanup", Time since last: 1000296812 ns, Reaching safepoint: 118724 ns, At safepoint: 4638 ns, Total: 123362 ns
[2020-05-16T08:13:50.302+0000][15960][safepoint    ] Safepoint "Cleanup", Time since last: 1000216116 ns, Reaching safepoint: 158608 ns, At safepoint: 8812 ns, Total: 167420 ns
[2020-05-16T08:13:51.303+0000][15960][safepoint    ] Safepoint "Cleanup", Time since last: 1000495768 ns, Reaching safepoint: 140058 ns, At safepoint: 7884 ns, Total: 147942 ns
[2020-05-16T08:13:53.304+0000][15960][safepoint    ] Safepoint "Cleanup", Time since last: 2000766144 ns, Reaching safepoint: 83015 ns, At safepoint: 3246 ns, Total: 86261 ns
[2020-05-16T08:13:54.304+0000][15960][safepoint    ] Safepoint "Cleanup", Time since last: 1000244870 ns, Reaching safepoint: 153507 ns, At safepoint: 6956 ns, Total: 160463 ns
[2020-05-16T08:13:55.304+0000][15960][safepoint    ] Safepoint "Cleanup", Time since last: 1000114551 ns, Reaching safepoint: 153971 ns, At safepoint: 7420 ns, Total: 161391 ns
[2020-05-16T08:13:56.305+0000][15960][safepoint    ] Safepoint "Cleanup", Time since last: 1000071421 ns, Reaching safepoint: 94144 ns, At safepoint: 3711 ns, Total: 97855 ns
[2020-05-16T08:13:57.306+0000][15960][safepoint    ] Safepoint "Cleanup", Time since last: 1000837564 ns, Reaching safepoint: 148870 ns, At safepoint: 7420 ns, Total: 156290 ns
[2020-05-16T08:13:58.306+0000][15960][safepoint    ] Safepoint "Cleanup", Time since last: 1000286609 ns, Reaching safepoint: 199420 ns, At safepoint: 7884 ns, Total: 207304 ns
[2020-05-16T08:13:59.306+0000][15960][safepoint    ] Safepoint "Cleanup", Time since last: 1000017159 ns, Reaching safepoint: 220754 ns, At safepoint: 19942 ns, Total: 240696 ns
[2020-05-16T08:14:00.307+0000][15960][safepoint    ] Safepoint "Cleanup", Time since last: 1000771710 ns, Reaching safepoint: 323246 ns, At safepoint: 11130 ns, Total: 334376 ns
[2020-05-16T08:14:02.308+0000][15960][safepoint    ] Safepoint "Cleanup", Time since last: 2000325102 ns, Reaching safepoint: 121043 ns, At safepoint: 7420 ns, Total: 128463 ns
[2020-05-16T08:14:03.308+0000][15960][safepoint    ] Safepoint "Cleanup", Time since last: 1000183189 ns, Reaching safepoint: 91826 ns, At safepoint: 2782 ns, Total: 94608 ns
[2020-05-16T08:14:04.309+0000][15960][safepoint    ] Safepoint "Cleanup", Time since last: 1000625160 ns, Reaching safepoint: 177159 ns, At safepoint: 7884 ns, Total: 185043 ns
[2020-05-16T08:14:05.310+0000][15960][safepoint    ] Safepoint "Cleanup", Time since last: 1000818087 ns, Reaching safepoint: 110376 ns, At safepoint: 5566 ns, Total: 115942 ns
[2020-05-16T08:14:06.311+0000][15960][safepoint    ] Safepoint "Cleanup", Time since last: 1000436869 ns, Reaching safepoint: 165565 ns, At safepoint: 6029 ns, Total: 171594 ns
[2020-05-16T08:14:07.312+0000][15960][safepoint    ] Safepoint "Cleanup", Time since last: 1000802318 ns, Reaching safepoint: 179015 ns, At safepoint: 5101 ns, Total: 184116 ns
[2020-05-16T08:14:08.312+0000][15960][safepoint    ] Safepoint "Cleanup", Time since last: 1000025971 ns, Reaching safepoint: 151652 ns, At safepoint: 7884 ns, Total: 159536 ns
[2020-05-16T08:14:10.313+0000][15960][safepoint    ] Safepoint "Cleanup", Time since last: 2000686841 ns, Reaching safepoint: 170666 ns, At safepoint: 8812 ns, Total: 179478 ns
[2020-05-16T08:14:11.313+0000][15960][safepoint    ] Safepoint "Cleanup", Time since last: 1000423420 ns, Reaching safepoint: 138203 ns, At safepoint: 5101 ns, Total: 143304 ns
[2020-05-16T08:14:13.313+0000][15960][safepoint    ] Safepoint "Cleanup", Time since last: 1999985160 ns, Reaching safepoint: 167420 ns, At safepoint: 6956 ns, Total: 174376 ns
[2020-05-16T08:14:14.314+0000][15960][safepoint    ] Safepoint "Cleanup", Time since last: 1000711884 ns, Reaching safepoint: 124290 ns, At safepoint: 5101 ns, Total: 129391 ns
[2020-05-16T08:14:15.315+0000][15960][safepoint    ] Safepoint "Cleanup", Time since last: 1000140522 ns, Reaching safepoint: 148406 ns, At safepoint: 6493 ns, Total: 154899 ns
[2020-05-16T08:14:16.315+0000][15960][safepoint    ] Safepoint "Cleanup", Time since last: 1000641391 ns, Reaching safepoint: 134492 ns, At safepoint: 5102 ns, Total: 139594 ns
[2020-05-16T08:14:17.316+0000][15960][safepoint    ] Safepoint "Cleanup", Time since last: 1000324637 ns, Reaching safepoint: 148406 ns, At safepoint: 7884 ns, Total: 156290 ns
[2020-05-16T08:14:18.316+0000][15960][safepoint    ] Safepoint "Cleanup", Time since last: 1000148406 ns, Reaching safepoint: 202203 ns, At safepoint: 9275 ns, Total: 211478 ns
[2020-05-16T08:14:19.317+0000][15960][safepoint    ] Safepoint "Cleanup", Time since last: 1000366840 ns, Reaching safepoint: 118261 ns, At safepoint: 5102 ns, Total: 123363 ns
[2020-05-16T08:14:20.317+0000][15960][safepoint    ] Safepoint "Cleanup", Time since last: 1000294028 ns, Reaching safepoint: 143769 ns, At safepoint: 6028 ns, Total: 149797 ns
[2020-05-16T08:14:21.317+0000][15960][safepoint    ] Safepoint "Cleanup", Time since last: 1000219826 ns, Reaching safepoint: 115479 ns, At safepoint: 4637 ns, Total: 120116 ns
[2020-05-16T08:14:22.318+0000][15960][safepoint    ] Safepoint "Cleanup", Time since last: 1000504580 ns, Reaching safepoint: 145623 ns, At safepoint: 5565 ns, Total: 151188 ns
[2020-05-16T08:14:23.319+0000][15960][safepoint    ] Safepoint "Cleanup", Time since last: 1000622840 ns, Reaching safepoint: 148870 ns, At safepoint: 7884 ns, Total: 156754 ns
[2020-05-16T08:14:25.320+0000][15960][safepoint    ] Safepoint "Cleanup", Time since last: 2000819014 ns, Reaching safepoint: 129855 ns, At safepoint: 7420 ns, Total: 137275 ns
[2020-05-16T08:14:26.320+0000][15960][safepoint    ] Safepoint "Cleanup", Time since last: 1000249971 ns, Reaching safepoint: 174841 ns, At safepoint: 7884 ns, Total: 182725 ns
[2020-05-16T08:14:27.321+0000][15960][safepoint    ] Safepoint "Cleanup", Time since last: 1000684058 ns, Reaching safepoint: 121043 ns, At safepoint: 5101 ns, Total: 126144 ns
[2020-05-16T08:14:28.321+0000][15960][safepoint    ] Safepoint "Cleanup", Time since last: 1000296348 ns, Reaching safepoint: 199884 ns, At safepoint: 8348 ns, Total: 208232 ns
[2020-05-16T08:14:30.322+0000][15960][safepoint    ] Safepoint "Cleanup", Time since last: 2000088116 ns, Reaching safepoint: 161391 ns, At safepoint: 10667 ns, Total: 172058 ns
[2020-05-16T08:14:31.322+0000][15960][safepoint    ] Safepoint "Cleanup", Time since last: 1000043130 ns, Reaching safepoint: 116406 ns, At safepoint: 4637 ns, Total: 121043 ns
[2020-05-16T08:14:32.323+0000][15960][safepoint    ] Safepoint "Cleanup", Time since last: 1000878841 ns, Reaching safepoint: 160927 ns, At safepoint: 9275 ns, Total: 170202 ns
[2020-05-16T08:14:34.324+0000][15960][safepoint    ] Safepoint "Cleanup", Time since last: 2000908522 ns, Reaching safepoint: 157217 ns, At safepoint: 5565 ns, Total: 162782 ns
[2020-05-16T08:14:36.324+0000][15960][safepoint    ] Safepoint "Cleanup", Time since last: 1999933682 ns, Reaching safepoint: 130318 ns, At safepoint: 6029 ns, Total: 136347 ns
[2020-05-16T08:14:37.325+0000][15960][safepoint    ] Safepoint "Cleanup", Time since last: 1000248580 ns, Reaching safepoint: 116406 ns, At safepoint: 6956 ns, Total: 123362 ns
[2020-05-16T08:14:38.325+0000][15960][safepoint    ] Safepoint "Cleanup", Time since last: 1000809275 ns, Reaching safepoint: 131246 ns, At safepoint: 8348 ns, Total: 139594 ns
[2020-05-16T08:14:39.326+0000][15960][safepoint    ] Safepoint "Cleanup", Time since last: 1000717449 ns, Reaching safepoint: 162783 ns, At safepoint: 9275 ns, Total: 172058 ns
[2020-05-16T08:14:40.327+0000][15960][safepoint    ] Safepoint "Cleanup", Time since last: 1000075131 ns, Reaching safepoint: 189217 ns, At safepoint: 7420 ns, Total: 196637 ns
[2020-05-16T08:14:41.327+0000][15960][safepoint    ] Safepoint "Cleanup", Time since last: 1000322783 ns, Reaching safepoint: 166028 ns, At safepoint: 7885 ns, Total: 173913 ns
[2020-05-16T08:14:43.327+0000][15960][safepoint    ] Safepoint "Cleanup", Time since last: 2000126144 ns, Reaching safepoint: 95537 ns, At safepoint: 6956 ns, Total: 102493 ns
[2020-05-16T08:14:44.545+0000][15960][safepoint    ] Safepoint "Cleanup", Time since last: 1217477928 ns, Reaching safepoint: 143768 ns, At safepoint: 8812 ns, Total: 152580 ns
[2020-05-16T08:14:45.546+0000][15960][safepoint    ] Safepoint "Cleanup", Time since last: 1000845449 ns, Reaching safepoint: 147014 ns, At safepoint: 10203 ns, Total: 157217 ns
[2020-05-16T08:14:46.729+0000][15960][safepoint    ] Safepoint "Cleanup", Time since last: 1183190176 ns, Reaching safepoint: 142377 ns, At safepoint: 9275 ns, Total: 151652 ns
[2020-05-16T08:14:47.730+0000][15960][safepoint    ] Safepoint "Cleanup", Time since last: 1000661333 ns, Reaching safepoint: 128928 ns, At safepoint: 6956 ns, Total: 135884 ns
[2020-05-16T08:14:48.731+0000][15960][safepoint    ] Safepoint "Cleanup", Time since last: 1000861217 ns, Reaching safepoint: 205449 ns, At safepoint: 6957 ns, Total: 212406 ns
[2020-05-16T08:14:49.732+0000][15960][safepoint    ] Safepoint "Cleanup", Time since last: 1000399304 ns, Reaching safepoint: 142840 ns, At safepoint: 8348 ns, Total: 151188 ns
[2020-05-16T08:14:50.732+0000][15960][safepoint    ] Safepoint "Cleanup", Time since last: 1000407189 ns, Reaching safepoint: 125681 ns, At safepoint: 8347 ns, Total: 134028 ns
[2020-05-16T08:14:51.733+0000][15960][safepoint    ] Safepoint "Cleanup", Time since last: 1000120580 ns, Reaching safepoint: 134029 ns, At safepoint: 5101 ns, Total: 139130 ns
[2020-05-16T08:14:53.733+0000][15960][safepoint    ] Safepoint "Cleanup", Time since last: 2000585739 ns, Reaching safepoint: 189218 ns, At safepoint: 9275 ns, Total: 198493 ns
[2020-05-16T08:14:54.734+0000][15960][safepoint    ] Safepoint "Cleanup", Time since last: 1000463768 ns, Reaching safepoint: 155362 ns, At safepoint: 6029 ns, Total: 161391 ns
[2020-05-16T08:14:55.734+0000][15960][safepoint    ] Safepoint "Cleanup", Time since last: 1000158609 ns, Reaching safepoint: 108985 ns, At safepoint: 2783 ns, Total: 111768 ns
[2020-05-16T08:14:56.735+0000][15960][safepoint    ] Safepoint "Cleanup", Time since last: 1000813912 ns, Reaching safepoint: 123363 ns, At safepoint: 4174 ns, Total: 127537 ns
[2020-05-16T08:14:58.736+0000][15960][safepoint    ] Safepoint "Cleanup", Time since last: 2000553739 ns, Reaching safepoint: 189217 ns, At safepoint: 9275 ns, Total: 198492 ns
[2020-05-16T08:14:59.736+0000][15960][safepoint    ] Safepoint "Cleanup", Time since last: 1000340870 ns, Reaching safepoint: 137739 ns, At safepoint: 22261 ns, Total: 160000 ns
[2020-05-16T08:15:00.737+0000][15960][safepoint    ] Safepoint "Cleanup", Time since last: 1000848695 ns, Reaching safepoint: 168348 ns, At safepoint: 5101 ns, Total: 173449 ns
[2020-05-16T08:15:01.738+0000][15960][safepoint    ] Safepoint "Cleanup", Time since last: 1000122898 ns, Reaching safepoint: 170203 ns, At safepoint: 9276 ns, Total: 179479 ns
[2020-05-16T08:15:02.738+0000][15960][safepoint    ] Safepoint "Cleanup", Time since last: 1000537043 ns, Reaching safepoint: 192927 ns, At safepoint: 9276 ns, Total: 202203 ns
[2020-05-16T08:15:03.739+0000][15960][safepoint    ] Safepoint "Cleanup", Time since last: 1000555594 ns, Reaching safepoint: 135884 ns, At safepoint: 6956 ns, Total: 142840 ns
[2020-05-16T08:15:04.739+0000][15960][safepoint    ] Safepoint "Cleanup", Time since last: 1000062609 ns, Reaching safepoint: 83014 ns, At safepoint: 3247 ns, Total: 86261 ns
[2020-05-16T08:15:05.740+0000][15960][safepoint    ] Safepoint "Cleanup", Time since last: 1000124753 ns, Reaching safepoint: 122899 ns, At safepoint: 6956 ns, Total: 129855 ns
[2020-05-16T08:15:06.740+0000][15960][safepoint    ] Safepoint "Cleanup", Time since last: 1000234667 ns, Reaching safepoint: 78377 ns, At safepoint: 3246 ns, Total: 81623 ns
[2020-05-16T08:15:08.741+0000][15960][safepoint    ] Safepoint "Cleanup", Time since last: 2000870492 ns, Reaching safepoint: 96464 ns, At safepoint: 3710 ns, Total: 100174 ns
[2020-05-16T08:15:09.742+0000][15960][safepoint    ] Safepoint "Cleanup", Time since last: 1000823188 ns, Reaching safepoint: 98783 ns, At safepoint: 3710 ns, Total: 102493 ns
[2020-05-16T08:15:10.743+0000][15960][safepoint    ] Safepoint "Cleanup", Time since last: 1000630260 ns, Reaching safepoint: 83015 ns, At safepoint: 4638 ns, Total: 87653 ns
[2020-05-16T08:15:11.743+0000][15960][safepoint    ] Safepoint "Cleanup", Time since last: 1000020405 ns, Reaching safepoint: 294957 ns, At safepoint: 14840 ns, Total: 309797 ns
[2020-05-16T08:15:12.744+0000][15960][safepoint    ] Safepoint "Cleanup", Time since last: 1000670145 ns, Reaching safepoint: 126145 ns, At safepoint: 7420 ns, Total: 133565 ns
[2020-05-16T08:15:13.744+0000][15960][safepoint    ] Safepoint "Cleanup", Time since last: 1000432232 ns, Reaching safepoint: 94608 ns, At safepoint: 3247 ns, Total: 97855 ns
[2020-05-16T08:15:14.745+0000][15960][safepoint    ] Safepoint "Cleanup", Time since last: 1000530550 ns, Reaching safepoint: 121044 ns, At safepoint: 4174 ns, Total: 125218 ns
[2020-05-16T08:15:15.746+0000][15960][safepoint    ] Safepoint "Cleanup", Time since last: 1000531014 ns, Reaching safepoint: 97391 ns, At safepoint: 3246 ns, Total: 100637 ns
[2020-05-16T08:15:16.746+0000][15960][safepoint    ] Safepoint "Cleanup", Time since last: 1000819015 ns, Reaching safepoint: 149797 ns, At safepoint: 7420 ns, Total: 157217 ns
[2020-05-16T08:15:17.747+0000][15960][safepoint    ] Safepoint "Cleanup", Time since last: 1000714202 ns, Reaching safepoint: 95537 ns, At safepoint: 2782 ns, Total: 98319 ns
[2020-05-16T08:15:18.748+0000][15960][safepoint    ] Safepoint "Cleanup", Time since last: 1000793507 ns, Reaching safepoint: 107131 ns, At safepoint: 2782 ns, Total: 109913 ns
[2020-05-16T08:15:20.749+0000][15960][safepoint    ] Safepoint "Cleanup", Time since last: 2000482783 ns, Reaching safepoint: 106666 ns, At safepoint: 5565 ns, Total: 112231 ns
[2020-05-16T08:15:21.749+0000][15960][safepoint    ] Safepoint "Cleanup", Time since last: 1000214261 ns, Reaching safepoint: 89044 ns, At safepoint: 3246 ns, Total: 92290 ns
[2020-05-16T08:15:22.750+0000][15960][safepoint    ] Safepoint "Cleanup", Time since last: 1000803710 ns, Reaching safepoint: 86724 ns, At safepoint: 5102 ns, Total: 91826 ns
[2020-05-16T08:15:22.976+0000][15960][safepoint    ] Safepoint "BulkRevokeBias", Time since last: 224703896 ns, Reaching safepoint: 106666 ns, At safepoint: 1411246 ns, Total: 1517912 ns
[2020-05-16T08:15:24.443+0000][15960][safepoint    ] Safepoint "Cleanup", Time since last: 1466491146 ns, Reaching safepoint: 116406 ns, At safepoint: 6029 ns, Total: 122435 ns
[2020-05-16T08:15:25.451+0000][15960][safepoint    ] Safepoint "Cleanup", Time since last: 1007721271 ns, Reaching safepoint: 118261 ns, At safepoint: 4638 ns, Total: 122899 ns
[2020-05-16T08:15:26.452+0000][15960][safepoint    ] Safepoint "Cleanup", Time since last: 1000872347 ns, Reaching safepoint: 82551 ns, At safepoint: 3246 ns, Total: 85797 ns
[2020-05-16T08:15:27.452+0000][15960][safepoint    ] Safepoint "Cleanup", Time since last: 1000659942 ns, Reaching safepoint: 108058 ns, At safepoint: 3246 ns, Total: 111304 ns
[2020-05-16T08:15:28.453+0000][15960][safepoint    ] Safepoint "Cleanup", Time since last: 1000348290 ns, Reaching safepoint: 171130 ns, At safepoint: 5566 ns, Total: 176696 ns
[2020-05-16T08:15:29.454+0000][15960][safepoint    ] Safepoint "Cleanup", Time since last: 1000595941 ns, Reaching safepoint: 129855 ns, At safepoint: 5566 ns, Total: 135421 ns
[2020-05-16T08:15:30.454+0000][15960][safepoint    ] Safepoint "Cleanup", Time since last: 1000200347 ns, Reaching safepoint: 450319 ns, At safepoint: 20406 ns, Total: 470725 ns
[2020-05-16T08:15:32.454+0000][15960][safepoint    ] Safepoint "Cleanup", Time since last: 2000085333 ns, Reaching safepoint: 207768 ns, At safepoint: 43594 ns, Total: 251362 ns
[2020-05-16T08:15:33.456+0000][15960][safepoint    ] Safepoint "Cleanup", Time since last: 1000332986 ns, Reaching safepoint: 938202 ns, At safepoint: 178087 ns, Total: 1116289 ns
[2020-05-16T08:15:35.457+0000][15960][safepoint    ] Safepoint "Cleanup", Time since last: 2000748985 ns, Reaching safepoint: 140058 ns, At safepoint: 6029 ns, Total: 146087 ns
[2020-05-16T08:15:36.461+0000][15960][safepoint    ] Safepoint "Cleanup", Time since last: 1004180868 ns, Reaching safepoint: 157217 ns, At safepoint: 25507 ns, Total: 182724 ns
[2020-05-16T08:15:37.462+0000][15960][safepoint    ] Safepoint "Cleanup", Time since last: 1000579710 ns, Reaching safepoint: 121971 ns, At safepoint: 15304 ns, Total: 137275 ns
[2020-05-16T08:15:38.462+0000][15960][safepoint    ] Safepoint "Cleanup", Time since last: 1000001392 ns, Reaching safepoint: 108521 ns, At safepoint: 41739 ns, Total: 150260 ns
[2020-05-16T08:15:39.463+0000][15960][safepoint    ] Safepoint "Cleanup", Time since last: 1000280580 ns, Reaching safepoint: 140522 ns, At safepoint: 2782 ns, Total: 143304 ns
[2020-05-16T08:15:40.463+0000][15960][safepoint    ] Safepoint "Cleanup", Time since last: 1000424812 ns, Reaching safepoint: 95536 ns, At safepoint: 2783 ns, Total: 98319 ns
[2020-05-16T08:15:41.463+0000][15960][safepoint    ] Safepoint "Cleanup", Time since last: 1000025507 ns, Reaching safepoint: 238376 ns, At safepoint: 4174 ns, Total: 242550 ns
[2020-05-16T08:15:42.464+0000][15960][safepoint    ] Safepoint "Cleanup", Time since last: 1000395131 ns, Reaching safepoint: 93681 ns, At safepoint: 16695 ns, Total: 110376 ns
[2020-05-16T08:15:43.464+0000][15960][safepoint    ] Safepoint "Cleanup", Time since last: 1000235131 ns, Reaching safepoint: 197101 ns, At safepoint: 5101 ns, Total: 202202 ns
[2020-05-16T08:15:44.465+0000][15960][safepoint    ] Safepoint "Cleanup", Time since last: 1000516174 ns, Reaching safepoint: 95073 ns, At safepoint: 4637 ns, Total: 99710 ns
[2020-05-16T08:15:45.465+0000][15960][safepoint    ] Safepoint "Cleanup", Time since last: 1000265276 ns, Reaching safepoint: 110376 ns, At safepoint: 17160 ns, Total: 127536 ns
[2020-05-16T08:15:46.466+0000][15960][safepoint    ] Safepoint "Cleanup", Time since last: 1000028753 ns, Reaching safepoint: 97392 ns, At safepoint: 3246 ns, Total: 100638 ns
[2020-05-16T08:15:47.466+0000][15960][safepoint    ] Safepoint "Cleanup", Time since last: 1000192464 ns, Reaching safepoint: 205913 ns, At safepoint: 4173 ns, Total: 210086 ns
[2020-05-16T08:15:48.466+0000][15960][safepoint    ] Safepoint "Cleanup", Time since last: 1000185508 ns, Reaching safepoint: 231420 ns, At safepoint: 5565 ns, Total: 236985 ns
[2020-05-16T08:15:50.466+0000][15960][safepoint    ] Safepoint "Cleanup", Time since last: 1999991188 ns, Reaching safepoint: 160000 ns, At safepoint: 5566 ns, Total: 165566 ns
[2020-05-16T08:15:51.467+0000][15960][safepoint    ] Safepoint "Cleanup", Time since last: 1000677564 ns, Reaching safepoint: 153044 ns, At safepoint: 7884 ns, Total: 160928 ns
[2020-05-16T08:15:53.467+0000][15960][safepoint    ] Safepoint "Cleanup", Time since last: 1999943884 ns, Reaching safepoint: 146551 ns, At safepoint: 6029 ns, Total: 152580 ns
[2020-05-16T08:15:55.467+0000][15960][safepoint    ] Safepoint "Cleanup", Time since last: 1999891942 ns, Reaching safepoint: 108985 ns, At safepoint: 4638 ns, Total: 113623 ns
[2020-05-16T08:15:56.468+0000][15960][safepoint    ] Safepoint "Cleanup", Time since last: 1000968347 ns, Reaching safepoint: 140058 ns, At safepoint: 7420 ns, Total: 147478 ns
[2020-05-16T08:15:57.469+0000][15960][safepoint    ] Safepoint "Cleanup", Time since last: 1000185044 ns, Reaching safepoint: 109449 ns, At safepoint: 5102 ns, Total: 114551 ns
[2020-05-16T08:15:58.469+0000][15960][safepoint    ] Safepoint "Cleanup", Time since last: 1000070492 ns, Reaching safepoint: 93218 ns, At safepoint: 3710 ns, Total: 96928 ns
[2020-05-16T08:15:59.470+0000][15960][safepoint    ] Safepoint "Cleanup", Time since last: 1000627014 ns, Reaching safepoint: 129391 ns, At safepoint: 7884 ns, Total: 137275 ns
[2020-05-16T08:16:00.470+0000][15960][safepoint    ] Safepoint "Cleanup", Time since last: 1000167420 ns, Reaching safepoint: 79305 ns, At safepoint: 2782 ns, Total: 82087 ns
[2020-05-16T08:16:01.470+0000][15960][safepoint    ] Safepoint "Cleanup", Time since last: 1000254609 ns, Reaching safepoint: 113159 ns, At safepoint: 4174 ns, Total: 117333 ns
[2020-05-16T08:16:02.471+0000][15960][safepoint    ] Safepoint "Cleanup", Time since last: 1000163710 ns, Reaching safepoint: 89507 ns, At safepoint: 5566 ns, Total: 95073 ns
[2020-05-16T08:16:03.472+0000][15960][safepoint    ] Safepoint "Cleanup", Time since last: 1000751767 ns, Reaching safepoint: 70957 ns, At safepoint: 9275 ns, Total: 80232 ns
[2020-05-16T08:16:04.472+0000][15960][safepoint    ] Safepoint "Cleanup", Time since last: 1000784232 ns, Reaching safepoint: 147942 ns, At safepoint: 7420 ns, Total: 155362 ns
[2020-05-16T08:16:05.473+0000][15960][safepoint    ] Safepoint "Cleanup", Time since last: 1000429449 ns, Reaching safepoint: 163246 ns, At safepoint: 6029 ns, Total: 169275 ns
[2020-05-16T08:16:06.474+0000][15960][safepoint    ] Safepoint "Cleanup", Time since last: 1000664580 ns, Reaching safepoint: 80695 ns, At safepoint: 2783 ns, Total: 83478 ns
[2020-05-16T08:16:07.475+0000][15960][safepoint    ] Safepoint "Cleanup", Time since last: 1000772637 ns, Reaching safepoint: 78377 ns, At safepoint: 3247 ns, Total: 81624 ns
[2020-05-16T08:16:08.475+0000][15960][safepoint    ] Safepoint "Cleanup", Time since last: 1000697506 ns, Reaching safepoint: 132174 ns, At safepoint: 6957 ns, Total: 139131 ns
[2020-05-16T08:16:09.476+0000][15960][safepoint    ] Safepoint "Cleanup", Time since last: 1000236985 ns, Reaching safepoint: 90435 ns, At safepoint: 2783 ns, Total: 93218 ns
[2020-05-16T08:16:10.477+0000][15960][safepoint    ] Safepoint "Cleanup", Time since last: 1000749448 ns, Reaching safepoint: 161392 ns, At safepoint: 4637 ns, Total: 166029 ns
[2020-05-16T08:16:12.477+0000][15960][safepoint    ] Safepoint "Cleanup", Time since last: 2000270841 ns, Reaching safepoint: 115014 ns, At safepoint: 4174 ns, Total: 119188 ns
[2020-05-16T08:16:13.478+0000][15960][safepoint    ] Safepoint "Cleanup", Time since last: 1000423420 ns, Reaching safepoint: 84870 ns, At safepoint: 2782 ns, Total: 87652 ns
[2020-05-16T08:16:14.478+0000][15960][safepoint    ] Safepoint "Cleanup", Time since last: 1000633507 ns, Reaching safepoint: 87189 ns, At safepoint: 4174 ns, Total: 91363 ns
[2020-05-16T08:16:15.479+0000][15960][safepoint    ] Safepoint "Cleanup", Time since last: 1000614492 ns, Reaching safepoint: 138667 ns, At safepoint: 2782 ns, Total: 141449 ns
[2020-05-16T08:16:16.480+0000][15960][safepoint    ] Safepoint "Cleanup", Time since last: 1000798145 ns, Reaching safepoint: 127072 ns, At safepoint: 7421 ns, Total: 134493 ns
[2020-05-16T08:16:17.481+0000][15960][safepoint    ] Safepoint "Cleanup", Time since last: 1000382608 ns, Reaching safepoint: 224928 ns, At safepoint: 10202 ns, Total: 235130 ns
[2020-05-16T08:16:18.481+0000][15960][safepoint    ] Safepoint "Cleanup", Time since last: 1000266667 ns, Reaching safepoint: 116406 ns, At safepoint: 2782 ns, Total: 119188 ns
[2020-05-16T08:16:19.482+0000][15960][safepoint    ] Safepoint "Cleanup", Time since last: 1000486493 ns, Reaching safepoint: 110377 ns, At safepoint: 4637 ns, Total: 115014 ns
[2020-05-16T08:16:20.482+0000][15960][safepoint    ] Safepoint "Cleanup", Time since last: 1000365449 ns, Reaching safepoint: 88580 ns, At safepoint: 3710 ns, Total: 92290 ns
[2020-05-16T08:16:21.483+0000][15960][safepoint    ] Safepoint "Cleanup", Time since last: 1000412290 ns, Reaching safepoint: 110377 ns, At safepoint: 6029 ns, Total: 116406 ns
[2020-05-16T08:16:22.483+0000][15960][safepoint    ] Safepoint "Cleanup", Time since last: 1000528231 ns, Reaching safepoint: 153507 ns, At safepoint: 6029 ns, Total: 159536 ns
[2020-05-16T08:16:23.484+0000][15960][safepoint    ] Safepoint "Cleanup", Time since last: 1000345044 ns, Reaching safepoint: 138666 ns, At safepoint: 6029 ns, Total: 144695 ns
[2020-05-16T08:16:25.485+0000][15960][safepoint    ] Safepoint "Cleanup", Time since last: 2000724406 ns, Reaching safepoint: 93681 ns, At safepoint: 3246 ns, Total: 96927 ns
[2020-05-16T08:16:26.485+0000][15960][safepoint    ] Safepoint "Cleanup", Time since last: 1000690551 ns, Reaching safepoint: 108985 ns, At safepoint: 4638 ns, Total: 113623 ns
[2020-05-16T08:16:27.486+0000][15960][safepoint    ] Safepoint "Cleanup", Time since last: 1000291246 ns, Reaching safepoint: 182261 ns, At safepoint: 9739 ns, Total: 192000 ns
[2020-05-16T08:16:28.486+0000][15960][safepoint    ] Safepoint "Cleanup", Time since last: 1000080696 ns, Reaching safepoint: 442434 ns, At safepoint: 5565 ns, Total: 447999 ns
[2020-05-16T08:16:29.487+0000][15960][safepoint    ] Safepoint "Cleanup", Time since last: 1000335768 ns, Reaching safepoint: 115479 ns, At safepoint: 4173 ns, Total: 119652 ns
[2020-05-16T08:16:31.487+0000][15960][safepoint    ] Safepoint "Cleanup", Time since last: 2000092290 ns, Reaching safepoint: 153044 ns, At safepoint: 6492 ns, Total: 159536 ns
[2020-05-16T08:16:32.488+0000][15960][safepoint    ] Safepoint "Cleanup", Time since last: 1000667826 ns, Reaching safepoint: 202667 ns, At safepoint: 11594 ns, Total: 214261 ns
[2020-05-16T08:16:33.489+0000][15960][safepoint    ] Safepoint "Cleanup", Time since last: 1000450319 ns, Reaching safepoint: 104347 ns, At safepoint: 4174 ns, Total: 108521 ns
[2020-05-16T08:16:34.489+0000][15960][safepoint    ] Safepoint "Cleanup", Time since last: 1000333449 ns, Reaching safepoint: 133102 ns, At safepoint: 7420 ns, Total: 140522 ns
[2020-05-16T08:16:35.490+0000][15960][safepoint    ] Safepoint "Cleanup", Time since last: 1000749449 ns, Reaching safepoint: 96928 ns, At safepoint: 6956 ns, Total: 103884 ns
[2020-05-16T08:16:36.490+0000][15960][safepoint    ] Safepoint "Cleanup", Time since last: 1000279652 ns, Reaching safepoint: 119188 ns, At safepoint: 5566 ns, Total: 124754 ns
[2020-05-16T08:16:37.491+0000][15960][safepoint    ] Safepoint "Cleanup", Time since last: 1000343188 ns, Reaching safepoint: 150724 ns, At safepoint: 3247 ns, Total: 153971 ns
[2020-05-16T08:16:38.491+0000][15960][safepoint    ] Safepoint "Cleanup", Time since last: 1000462840 ns, Reaching safepoint: 97855 ns, At safepoint: 4174 ns, Total: 102029 ns
[2020-05-16T08:16:39.492+0000][15960][safepoint    ] Safepoint "Cleanup", Time since last: 1000652058 ns, Reaching safepoint: 107594 ns, At safepoint: 4638 ns, Total: 112232 ns
[2020-05-16T08:16:40.493+0000][15960][safepoint    ] Safepoint "Cleanup", Time since last: 1000695188 ns, Reaching safepoint: 87188 ns, At safepoint: 4638 ns, Total: 91826 ns
[2020-05-16T08:16:41.494+0000][15960][safepoint    ] Safepoint "Cleanup", Time since last: 1000857970 ns, Reaching safepoint: 153044 ns, At safepoint: 8811 ns, Total: 161855 ns
[2020-05-16T08:16:42.495+0000][15960][safepoint    ] Safepoint "Cleanup", Time since last: 1000622841 ns, Reaching safepoint: 142376 ns, At safepoint: 5566 ns, Total: 147942 ns
[2020-05-16T08:16:43.495+0000][15960][safepoint    ] Safepoint "Cleanup", Time since last: 1000515710 ns, Reaching safepoint: 184115 ns, At safepoint: 7421 ns, Total: 191536 ns
[2020-05-16T08:16:44.496+0000][15960][safepoint    ] Safepoint "Cleanup", Time since last: 1000341797 ns, Reaching safepoint: 503188 ns, At safepoint: 317681 ns, Total: 820869 ns
[2020-05-16T08:16:45.569+0000][15960][safepoint    ] Safepoint "Cleanup", Time since last: 1000409043 ns, Reaching safepoint: 72365880 ns, At safepoint: 191072 ns, Total: 72556952 ns
[2020-05-16T08:16:47.733+0000][15960][safepoint    ] Safepoint "Cleanup", Time since last: 2000230956 ns, Reaching safepoint: 163423461 ns, At safepoint: 36174 ns, Total: 163459635 ns
[2020-05-16T08:16:49.734+0000][15960][safepoint    ] Safepoint "Cleanup", Time since last: 2000299130 ns, Reaching safepoint: 116870 ns, At safepoint: 6492 ns, Total: 123362 ns
[2020-05-16T08:16:50.766+0000][15960][safepoint    ] Safepoint "Cleanup", Time since last: 1000776811 ns, Reaching safepoint: 31044624 ns, At safepoint: 25971 ns, Total: 31070595 ns
[2020-05-16T08:16:51.766+0000][15960][safepoint    ] Safepoint "Cleanup", Time since last: 1000278261 ns, Reaching safepoint: 105739 ns, At safepoint: 6492 ns, Total: 112231 ns
[2020-05-16T08:16:52.766+0000][15960][safepoint    ] Safepoint "Cleanup", Time since last: 1000230029 ns, Reaching safepoint: 93681 ns, At safepoint: 4638 ns, Total: 98319 ns
[2020-05-16T08:16:53.767+0000][15960][safepoint    ] Safepoint "Cleanup", Time since last: 1000703072 ns, Reaching safepoint: 111304 ns, At safepoint: 5102 ns, Total: 116406 ns
[2020-05-16T08:16:54.767+0000][15960][safepoint    ] Safepoint "Cleanup", Time since last: 1000112232 ns, Reaching safepoint: 111768 ns, At safepoint: 4637 ns, Total: 116405 ns
[2020-05-16T08:16:55.767+0000][15960][safepoint    ] Safepoint "Cleanup", Time since last: 1000024580 ns, Reaching safepoint: 143304 ns, At safepoint: 4638 ns, Total: 147942 ns
[2020-05-16T08:16:56.768+0000][15960][safepoint    ] Safepoint "Cleanup", Time since last: 1000727188 ns, Reaching safepoint: 165102 ns, At safepoint: 6492 ns, Total: 171594 ns
[2020-05-16T08:16:58.769+0000][15960][safepoint    ] Safepoint "Cleanup", Time since last: 2000118261 ns, Reaching safepoint: 135884 ns, At safepoint: 7420 ns, Total: 143304 ns
[2020-05-16T08:16:59.770+0000][15960][safepoint    ] Safepoint "Cleanup", Time since last: 1000896928 ns, Reaching safepoint: 138666 ns, At safepoint: 7420 ns, Total: 146086 ns
[2020-05-16T08:17:00.770+0000][15960][safepoint    ] Safepoint "Cleanup", Time since last: 1000396986 ns, Reaching safepoint: 534260 ns, At safepoint: 5566 ns, Total: 539826 ns
[2020-05-16T08:17:02.149+0000][15960][safepoint    ] Safepoint "Cleanup", Time since last: 1378738838 ns, Reaching safepoint: 102493 ns, At safepoint: 4638 ns, Total: 107131 ns
[2020-05-16T08:17:03.155+0000][15960][safepoint    ] Safepoint "Cleanup", Time since last: 1005825852 ns, Reaching safepoint: 128000 ns, At safepoint: 4638 ns, Total: 132638 ns
[2020-05-16T08:17:04.156+0000][15960][safepoint    ] Safepoint "Cleanup", Time since last: 1000422492 ns, Reaching safepoint: 161855 ns, At safepoint: 5566 ns, Total: 167421 ns
[2020-05-16T08:17:05.156+0000][15960][safepoint    ] Safepoint "Cleanup", Time since last: 1000021333 ns, Reaching safepoint: 237913 ns, At safepoint: 10667 ns, Total: 248580 ns
[2020-05-16T08:17:06.157+0000][15960][safepoint    ] Safepoint "Cleanup", Time since last: 1000734608 ns, Reaching safepoint: 131710 ns, At safepoint: 4638 ns, Total: 136348 ns
[2020-05-16T08:17:07.158+0000][15960][safepoint    ] Safepoint "Cleanup", Time since last: 1000284753 ns, Reaching safepoint: 96000 ns, At safepoint: 2783 ns, Total: 98783 ns
[2020-05-16T08:17:08.158+0000][15960][safepoint    ] Safepoint "Cleanup", Time since last: 1000179478 ns, Reaching safepoint: 212406 ns, At safepoint: 10666 ns, Total: 223072 ns
[2020-05-16T08:17:10.158+0000][15960][safepoint    ] Safepoint "Cleanup", Time since last: 2000301913 ns, Reaching safepoint: 115478 ns, At safepoint: 2783 ns, Total: 118261 ns
[2020-05-16T08:17:11.159+0000][15960][safepoint    ] Safepoint "Cleanup", Time since last: 1000300058 ns, Reaching safepoint: 97391 ns, At safepoint: 3246 ns, Total: 100637 ns
[2020-05-16T08:17:12.159+0000][15960][safepoint    ] Safepoint "Cleanup", Time since last: 1000333913 ns, Reaching safepoint: 160928 ns, At safepoint: 5101 ns, Total: 166029 ns
[2020-05-16T08:17:13.160+0000][15960][safepoint    ] Safepoint "Cleanup", Time since last: 1000845449 ns, Reaching safepoint: 234203 ns, At safepoint: 6029 ns, Total: 240232 ns
[2020-05-16T08:17:15.161+0000][15960][safepoint    ] Safepoint "Cleanup", Time since last: 2000029681 ns, Reaching safepoint: 109913 ns, At safepoint: 5101 ns, Total: 115014 ns
[2020-05-16T08:17:16.161+0000][15960][safepoint    ] Safepoint "Cleanup", Time since last: 1000495768 ns, Reaching safepoint: 102957 ns, At safepoint: 4637 ns, Total: 107594 ns
[2020-05-16T08:17:17.310+0000][15960][safepoint    ] Safepoint "Cleanup", Time since last: 1000388638 ns, Reaching safepoint: 148893148 ns, At safepoint: 67247 ns, Total: 148960395 ns
[2020-05-16T08:17:19.311+0000][15960][safepoint    ] Safepoint "Cleanup", Time since last: 2000064000 ns, Reaching safepoint: 119188 ns, At safepoint: 5565 ns, Total: 124753 ns
[2020-05-16T08:17:21.311+0000][15960][safepoint    ] Safepoint "Cleanup", Time since last: 2000682203 ns, Reaching safepoint: 137275 ns, At safepoint: 8348 ns, Total: 145623 ns
[2020-05-16T08:17:22.312+0000][15960][safepoint    ] Safepoint "Cleanup", Time since last: 1000424811 ns, Reaching safepoint: 93681 ns, At safepoint: 4638 ns, Total: 98319 ns
[2020-05-16T08:17:23.313+0000][15960][safepoint    ] Safepoint "Cleanup", Time since last: 1000735536 ns, Reaching safepoint: 111768 ns, At safepoint: 5565 ns, Total: 117333 ns
[2020-05-16T08:17:24.314+0000][15960][safepoint    ] Safepoint "Cleanup", Time since last: 1000827362 ns, Reaching safepoint: 97855 ns, At safepoint: 3710 ns, Total: 101565 ns
[2020-05-16T08:17:25.314+0000][15960][safepoint    ] Safepoint "Cleanup", Time since last: 1000037102 ns, Reaching safepoint: 113159 ns, At safepoint: 4638 ns, Total: 117797 ns
[2020-05-16T08:17:26.314+0000][15960][safepoint    ] Safepoint "Cleanup", Time since last: 1000314898 ns, Reaching safepoint: 93681 ns, At safepoint: 3247 ns, Total: 96928 ns
[2020-05-16T08:17:27.315+0000][15960][safepoint    ] Safepoint "Cleanup", Time since last: 1000667826 ns, Reaching safepoint: 118260 ns, At safepoint: 5566 ns, Total: 123826 ns
[2020-05-16T08:17:29.315+0000][15960][safepoint    ] Safepoint "Cleanup", Time since last: 2000166956 ns, Reaching safepoint: 125217 ns, At safepoint: 6493 ns, Total: 131710 ns
[2020-05-16T08:17:30.316+0000][15960][safepoint    ] Safepoint "Cleanup", Time since last: 1000736000 ns, Reaching safepoint: 97391 ns, At safepoint: 2783 ns, Total: 100174 ns
[2020-05-16T08:17:31.317+0000][15960][safepoint    ] Safepoint "Cleanup", Time since last: 1000831535 ns, Reaching safepoint: 121044 ns, At safepoint: 7884 ns, Total: 128928 ns
[2020-05-16T08:17:32.318+0000][15960][safepoint    ] Safepoint "Cleanup", Time since last: 1000699826 ns, Reaching safepoint: 166956 ns, At safepoint: 24580 ns, Total: 191536 ns
[2020-05-16T08:17:33.318+0000][15960][safepoint    ] Safepoint "Cleanup", Time since last: 1000021333 ns, Reaching safepoint: 184116 ns, At safepoint: 5565 ns, Total: 189681 ns
[2020-05-16T08:17:34.319+0000][15960][safepoint    ] Safepoint "Cleanup", Time since last: 1000630725 ns, Reaching safepoint: 107130 ns, At safepoint: 4174 ns, Total: 111304 ns
[2020-05-16T08:17:36.320+0000][15960][safepoint    ] Safepoint "Cleanup", Time since last: 2000613565 ns, Reaching safepoint: 116869 ns, At safepoint: 5566 ns, Total: 122435 ns
[2020-05-16T08:17:37.320+0000][15960][safepoint    ] Safepoint "Cleanup", Time since last: 1000466550 ns, Reaching safepoint: 155826 ns, At safepoint: 4174 ns, Total: 160000 ns
[2020-05-16T08:17:38.321+0000][15960][safepoint    ] Safepoint "Cleanup", Time since last: 1000708174 ns, Reaching safepoint: 103884 ns, At safepoint: 2782 ns, Total: 106666 ns
[2020-05-16T08:17:39.321+0000][15960][safepoint    ] Safepoint "Cleanup", Time since last: 1000101102 ns, Reaching safepoint: 155362 ns, At safepoint: 11594 ns, Total: 166956 ns
[2020-05-16T08:17:40.322+0000][15960][safepoint    ] Safepoint "Cleanup", Time since last: 1000331594 ns, Reaching safepoint: 110377 ns, At safepoint: 4174 ns, Total: 114551 ns
[2020-05-16T08:17:41.323+0000][15960][safepoint    ] Safepoint "Cleanup", Time since last: 1000538898 ns, Reaching safepoint: 107594 ns, At safepoint: 5102 ns, Total: 112696 ns
[2020-05-16T08:17:42.323+0000][15960][safepoint    ] Safepoint "Cleanup", Time since last: 1000281507 ns, Reaching safepoint: 116405 ns, At safepoint: 6493 ns, Total: 122898 ns
[2020-05-16T08:17:43.324+0000][15960][safepoint    ] Safepoint "Cleanup", Time since last: 1000411826 ns, Reaching safepoint: 91362 ns, At safepoint: 3247 ns, Total: 94609 ns
[2020-05-16T08:17:44.324+0000][15960][safepoint    ] Safepoint "Cleanup", Time since last: 1000824115 ns, Reaching safepoint: 107595 ns, At safepoint: 4637 ns, Total: 112232 ns
[2020-05-16T08:17:45.325+0000][15960][safepoint    ] Safepoint "Cleanup", Time since last: 1000357565 ns, Reaching safepoint: 115942 ns, At safepoint: 2783 ns, Total: 118725 ns
[2020-05-16T08:17:46.326+0000][15960][safepoint    ] Safepoint "Cleanup", Time since last: 1000809275 ns, Reaching safepoint: 96000 ns, At safepoint: 5101 ns, Total: 101101 ns
[2020-05-16T08:17:47.326+0000][15960][safepoint    ] Safepoint "Cleanup", Time since last: 1000049623 ns, Reaching safepoint: 115479 ns, At safepoint: 5565 ns, Total: 121044 ns
[2020-05-16T08:17:48.327+0000][15960][safepoint    ] Safepoint "Cleanup", Time since last: 1000796753 ns, Reaching safepoint: 116406 ns, At safepoint: 4174 ns, Total: 120580 ns
[2020-05-16T08:17:49.327+0000][15960][safepoint    ] Safepoint "Cleanup", Time since last: 1000248116 ns, Reaching safepoint: 131710 ns, At safepoint: 8347 ns, Total: 140057 ns
[2020-05-16T08:17:50.328+0000][15960][safepoint    ] Safepoint "Cleanup", Time since last: 1000277797 ns, Reaching safepoint: 99247 ns, At safepoint: 3246 ns, Total: 102493 ns
[2020-05-16T08:17:51.328+0000][15960][safepoint    ] Safepoint "Cleanup", Time since last: 1000423884 ns, Reaching safepoint: 89043 ns, At safepoint: 4174 ns, Total: 93217 ns
[2020-05-16T08:17:52.329+0000][15960][safepoint    ] Safepoint "Cleanup", Time since last: 1000490203 ns, Reaching safepoint: 94609 ns, At safepoint: 4637 ns, Total: 99246 ns
[2020-05-16T08:17:53.330+0000][15960][safepoint    ] Safepoint "Cleanup", Time since last: 1000753623 ns, Reaching safepoint: 107131 ns, At safepoint: 6029 ns, Total: 113160 ns
[2020-05-16T08:17:54.330+0000][15960][safepoint    ] Safepoint "Cleanup", Time since last: 1000009275 ns, Reaching safepoint: 73275 ns, At safepoint: 2783 ns, Total: 76058 ns
[2020-05-16T08:17:55.331+0000][15960][safepoint    ] Safepoint "Cleanup", Time since last: 1000836637 ns, Reaching safepoint: 92754 ns, At safepoint: 5565 ns, Total: 98319 ns
[2020-05-16T08:17:57.331+0000][15960][safepoint    ] Safepoint "Cleanup", Time since last: 2000429449 ns, Reaching safepoint: 102956 ns, At safepoint: 2783 ns, Total: 105739 ns
[2020-05-16T08:17:58.332+0000][15960][safepoint    ] Safepoint "Cleanup", Time since last: 1000356638 ns, Reaching safepoint: 158144 ns, At safepoint: 4638 ns, Total: 162782 ns
[2020-05-16T08:17:59.340+0000][15960][safepoint    ] Safepoint "Cleanup", Time since last: 1000120116 ns, Reaching safepoint: 8319996 ns, At safepoint: 19478 ns, Total: 8339474 ns
[2020-05-16T08:18:00.341+0000][15960][safepoint    ] Safepoint "Cleanup", Time since last: 1000299594 ns, Reaching safepoint: 99247 ns, At safepoint: 5565 ns, Total: 104812 ns
[2020-05-16T08:18:02.341+0000][15960][safepoint    ] Safepoint "Cleanup", Time since last: 2000184580 ns, Reaching safepoint: 256000 ns, At safepoint: 8811 ns, Total: 264811 ns
[2020-05-16T08:18:03.342+0000][15960][safepoint    ] Safepoint "Cleanup", Time since last: 1000487420 ns, Reaching safepoint: 95536 ns, At safepoint: 3247 ns, Total: 98783 ns
[2020-05-16T08:18:04.343+0000][15960][safepoint    ] Safepoint "Cleanup", Time since last: 1000832463 ns, Reaching safepoint: 159073 ns, At safepoint: 25043 ns, Total: 184116 ns
[2020-05-16T08:18:05.343+0000][15960][safepoint    ] Safepoint "Cleanup", Time since last: 1000628405 ns, Reaching safepoint: 114551 ns, At safepoint: 3247 ns, Total: 117798 ns
[2020-05-16T08:18:06.344+0000][15960][safepoint    ] Safepoint "Cleanup", Time since last: 1000702144 ns, Reaching safepoint: 104812 ns, At safepoint: 6029 ns, Total: 110841 ns
[2020-05-16T08:18:07.345+0000][15960][safepoint    ] Safepoint "Cleanup", Time since last: 1000877449 ns, Reaching safepoint: 94144 ns, At safepoint: 3711 ns, Total: 97855 ns
[2020-05-16T08:18:08.345+0000][15960][safepoint    ] Safepoint "Cleanup", Time since last: 1000085797 ns, Reaching safepoint: 82550 ns, At safepoint: 2783 ns, Total: 85333 ns
[2020-05-16T08:18:09.346+0000][15960][safepoint    ] Safepoint "Cleanup", Time since last: 1000186435 ns, Reaching safepoint: 117797 ns, At safepoint: 5101 ns, Total: 122898 ns
[2020-05-16T08:18:10.346+0000][15960][safepoint    ] Safepoint "Cleanup", Time since last: 1000195246 ns, Reaching safepoint: 91363 ns, At safepoint: 2782 ns, Total: 94145 ns
[2020-05-16T08:18:11.346+0000][15960][safepoint    ] Safepoint "Cleanup", Time since last: 1000171131 ns, Reaching safepoint: 109449 ns, At safepoint: 3710 ns, Total: 113159 ns
[2020-05-16T08:18:12.347+0000][15960][safepoint    ] Safepoint "Cleanup", Time since last: 1000410898 ns, Reaching safepoint: 116870 ns, At safepoint: 3246 ns, Total: 120116 ns
[2020-05-16T08:18:13.347+0000][15960][safepoint    ] Safepoint "Cleanup", Time since last: 1000096464 ns, Reaching safepoint: 96464 ns, At safepoint: 3710 ns, Total: 100174 ns
[2020-05-16T08:18:14.348+0000][15960][safepoint    ] Safepoint "Cleanup", Time since last: 1000695652 ns, Reaching safepoint: 100637 ns, At safepoint: 3247 ns, Total: 103884 ns
[2020-05-16T08:18:15.968+0000][15960][safepoint    ] Safepoint "Cleanup", Time since last: 1619893046 ns, Reaching safepoint: 106666 ns, At safepoint: 3710 ns, Total: 110376 ns
[2020-05-16T08:18:17.937+0000][15960][safepoint    ] Safepoint "Cleanup", Time since last: 1969538333 ns, Reaching safepoint: 350145 ns, At safepoint: 17623 ns, Total: 367768 ns
[2020-05-16T08:18:18.938+0000][15960][safepoint    ] Safepoint "Cleanup", Time since last: 1000117333 ns, Reaching safepoint: 136812 ns, At safepoint: 6957 ns, Total: 143769 ns
[2020-05-16T08:18:19.939+0000][15960][safepoint    ] Safepoint "Cleanup", Time since last: 1000829680 ns, Reaching safepoint: 147942 ns, At safepoint: 7884 ns, Total: 155826 ns
[2020-05-16T08:18:20.939+0000][15960][safepoint    ] Safepoint "Cleanup", Time since last: 1000329739 ns, Reaching safepoint: 147015 ns, At safepoint: 6492 ns, Total: 153507 ns
[2020-05-16T08:18:22.940+0000][15960][safepoint    ] Safepoint "Cleanup", Time since last: 2000403015 ns, Reaching safepoint: 79768 ns, At safepoint: 3246 ns, Total: 83014 ns
[2020-05-16T08:18:24.941+0000][15960][safepoint    ] Safepoint "Cleanup", Time since last: 2000479536 ns, Reaching safepoint: 88580 ns, At safepoint: 6493 ns, Total: 95073 ns
[2020-05-16T08:18:25.941+0000][15960][safepoint    ] Safepoint "Cleanup", Time since last: 1000256000 ns, Reaching safepoint: 122898 ns, At safepoint: 2319 ns, Total: 125217 ns
[2020-05-16T08:18:26.941+0000][15960][safepoint    ] Safepoint "Cleanup", Time since last: 1000461913 ns, Reaching safepoint: 125217 ns, At safepoint: 16696 ns, Total: 141913 ns
[2020-05-16T08:18:27.942+0000][15960][safepoint    ] Safepoint "Cleanup", Time since last: 1000270376 ns, Reaching safepoint: 123826 ns, At safepoint: 6493 ns, Total: 130319 ns
[2020-05-16T08:18:28.945+0000][15960][safepoint    ] Safepoint "Cleanup", Time since last: 1000084406 ns, Reaching safepoint: 3079883 ns, At safepoint: 18086 ns, Total: 3097969 ns
[2020-05-16T08:18:29.946+0000][15960][safepoint    ] Safepoint "Cleanup", Time since last: 1000502261 ns, Reaching safepoint: 149333 ns, At safepoint: 2783 ns, Total: 152116 ns
[2020-05-16T08:18:30.946+0000][15960][safepoint    ] Safepoint "Cleanup", Time since last: 1000439652 ns, Reaching safepoint: 124290 ns, At safepoint: 4174 ns, Total: 128464 ns
[2020-05-16T08:18:31.947+0000][15960][safepoint    ] Safepoint "Cleanup", Time since last: 1000275014 ns, Reaching safepoint: 114551 ns, At safepoint: 4174 ns, Total: 118725 ns
[2020-05-16T08:18:32.947+0000][15960][safepoint    ] Safepoint "Cleanup", Time since last: 1000082087 ns, Reaching safepoint: 127999 ns, At safepoint: 3711 ns, Total: 131710 ns
[2020-05-16T08:18:33.948+0000][15960][safepoint    ] Safepoint "Cleanup", Time since last: 1000559767 ns, Reaching safepoint: 121044 ns, At safepoint: 2783 ns, Total: 123827 ns
[2020-05-16T08:18:34.975+0000][15960][safepoint    ] Safepoint "Cleanup", Time since last: 1000646028 ns, Reaching safepoint: 27171234 ns, At safepoint: 229101 ns, Total: 27400335 ns
[2020-05-16T08:18:36.975+0000][15960][safepoint    ] Safepoint "Cleanup", Time since last: 1999583073 ns, Reaching safepoint: 113623 ns, At safepoint: 6493 ns, Total: 120116 ns
[2020-05-16T08:18:38.027+0000][15960][safepoint    ] Safepoint "Cleanup", Time since last: 1002713970 ns, Reaching safepoint: 48484615 ns, At safepoint: 47768 ns, Total: 48532383 ns
[2020-05-16T08:18:40.041+0000][15960][safepoint    ] Safepoint "Cleanup", Time since last: 2000945159 ns, Reaching safepoint: 13210892 ns, At safepoint: 359420 ns, Total: 13570312 ns
[2020-05-16T08:18:42.042+0000][15960][safepoint    ] Safepoint "Cleanup", Time since last: 2000601044 ns, Reaching safepoint: 156753 ns, At safepoint: 5565 ns, Total: 162318 ns
[2020-05-16T08:18:43.043+0000][15960][safepoint    ] Safepoint "Cleanup", Time since last: 1000878377 ns, Reaching safepoint: 220753 ns, At safepoint: 8812 ns, Total: 229565 ns
[2020-05-16T08:18:44.044+0000][15960][safepoint    ] Safepoint "Cleanup", Time since last: 1000487884 ns, Reaching safepoint: 144232 ns, At safepoint: 6029 ns, Total: 150261 ns
[2020-05-16T08:18:45.044+0000][15960][safepoint    ] Safepoint "Cleanup", Time since last: 1000543999 ns, Reaching safepoint: 140986 ns, At safepoint: 8348 ns, Total: 149334 ns
[2020-05-16T08:18:46.048+0000][15960][safepoint    ] Safepoint "Cleanup", Time since last: 1000440579 ns, Reaching safepoint: 3075709 ns, At safepoint: 8811 ns, Total: 3084520 ns
[2020-05-16T08:18:47.131+0000][15960][safepoint    ] Safepoint "Cleanup", Time since last: 1000671073 ns, Reaching safepoint: 82970396 ns, At safepoint: 90898 ns, Total: 83061294 ns
[2020-05-16T08:18:48.132+0000][15960][safepoint    ] Safepoint "Cleanup", Time since last: 1000133565 ns, Reaching safepoint: 115942 ns, At safepoint: 8812 ns, Total: 124754 ns
[2020-05-16T08:18:49.132+0000][15960][safepoint    ] Safepoint "Cleanup", Time since last: 1000107594 ns, Reaching safepoint: 212870 ns, At safepoint: 10666 ns, Total: 223536 ns
[2020-05-16T08:18:50.197+0000][15960][safepoint    ] Safepoint "Cleanup", Time since last: 1000755014 ns, Reaching safepoint: 63971681 ns, At safepoint: 58435 ns, Total: 64030116 ns
[2020-05-16T08:18:51.204+0000][15960][safepoint    ] Safepoint "Cleanup", Time since last: 1000777738 ns, Reaching safepoint: 5198375 ns, At safepoint: 1203014 ns, Total: 6401389 ns
[2020-05-16T08:18:52.204+0000][15960][safepoint    ] Safepoint "Cleanup", Time since last: 1000213333 ns, Reaching safepoint: 477681 ns, At safepoint: 18551 ns, Total: 496232 ns
[2020-05-16T08:18:54.205+0000][15960][safepoint    ] Safepoint "Cleanup", Time since last: 2000201275 ns, Reaching safepoint: 217507 ns, At safepoint: 6029 ns, Total: 223536 ns
[2020-05-16T08:18:55.206+0000][15960][safepoint    ] Safepoint "Cleanup", Time since last: 1000690551 ns, Reaching safepoint: 771709 ns, At safepoint: 28290 ns, Total: 799999 ns
[2020-05-16T08:18:56.207+0000][15960][safepoint    ] Safepoint "Cleanup", Time since last: 1000413681 ns, Reaching safepoint: 145623 ns, At safepoint: 5565 ns, Total: 151188 ns
[2020-05-16T08:18:58.207+0000][15960][safepoint    ] Safepoint "Cleanup", Time since last: 1999956870 ns, Reaching safepoint: 155362 ns, At safepoint: 6957 ns, Total: 162319 ns
[2020-05-16T08:18:59.208+0000][15960][safepoint    ] Safepoint "Cleanup", Time since last: 1000361275 ns, Reaching safepoint: 94609 ns, At safepoint: 4174 ns, Total: 98783 ns
[2020-05-16T08:19:00.208+0000][15960][safepoint    ] Safepoint "Cleanup", Time since last: 1000503651 ns, Reaching safepoint: 108058 ns, At safepoint: 3711 ns, Total: 111769 ns
[2020-05-16T08:19:01.209+0000][15960][safepoint    ] Safepoint "Cleanup", Time since last: 1000127536 ns, Reaching safepoint: 141449 ns, At safepoint: 6493 ns, Total: 147942 ns
[2020-05-16T08:19:03.210+0000][15960][safepoint    ] Safepoint "Cleanup", Time since last: 2000829217 ns, Reaching safepoint: 107594 ns, At safepoint: 5101 ns, Total: 112695 ns
[2020-05-16T08:19:04.210+0000][15960][safepoint    ] Safepoint "Cleanup", Time since last: 1000079305 ns, Reaching safepoint: 115942 ns, At safepoint: 7420 ns, Total: 123362 ns
[2020-05-16T08:19:05.210+0000][15960][safepoint    ] Safepoint "Cleanup", Time since last: 1000118724 ns, Reaching safepoint: 139131 ns, At safepoint: 5101 ns, Total: 144232 ns
[2020-05-16T08:19:06.211+0000][15960][safepoint    ] Safepoint "Cleanup", Time since last: 1000454957 ns, Reaching safepoint: 116405 ns, At safepoint: 4174 ns, Total: 120579 ns
[2020-05-16T08:19:08.212+0000][15960][safepoint    ] Safepoint "Cleanup", Time since last: 2000667826 ns, Reaching safepoint: 117797 ns, At safepoint: 5102 ns, Total: 122899 ns
[2020-05-16T08:19:09.212+0000][15960][safepoint    ] Safepoint "Cleanup", Time since last: 1000093681 ns, Reaching safepoint: 125681 ns, At safepoint: 9275 ns, Total: 134956 ns
[2020-05-16T08:19:10.212+0000][15960][safepoint    ] Safepoint "Cleanup", Time since last: 1000069565 ns, Reaching safepoint: 189218 ns, At safepoint: 8811 ns, Total: 198029 ns
[2020-05-16T08:19:11.212+0000][15960][safepoint    ] Safepoint "Cleanup", Time since last: 1000267594 ns, Reaching safepoint: 130783 ns, At safepoint: 5565 ns, Total: 136348 ns
[2020-05-16T08:19:12.213+0000][15960][safepoint    ] Safepoint "Cleanup", Time since last: 1000522203 ns, Reaching safepoint: 134956 ns, At safepoint: 7884 ns, Total: 142840 ns
[2020-05-16T08:19:13.214+0000][15960][safepoint    ] Safepoint "Cleanup", Time since last: 1000859362 ns, Reaching safepoint: 94609 ns, At safepoint: 2782 ns, Total: 97391 ns
[2020-05-16T08:19:15.214+0000][15960][safepoint    ] Safepoint "Cleanup", Time since last: 2000014377 ns, Reaching safepoint: 151652 ns, At safepoint: 5565 ns, Total: 157217 ns
[2020-05-16T08:19:16.215+0000][15960][safepoint    ] Safepoint "Cleanup", Time since last: 1000659015 ns, Reaching safepoint: 122898 ns, At safepoint: 4638 ns, Total: 127536 ns
[2020-05-16T08:19:17.216+0000][15960][safepoint    ] Safepoint "Cleanup", Time since last: 1000485101 ns, Reaching safepoint: 127072 ns, At safepoint: 2783 ns, Total: 129855 ns
[2020-05-16T08:19:18.217+0000][15960][safepoint    ] Safepoint "Cleanup", Time since last: 1000844985 ns, Reaching safepoint: 104812 ns, At safepoint: 5565 ns, Total: 110377 ns
[2020-05-16T08:19:19.259+0000][15960][safepoint    ] Safepoint "Cleanup", Time since last: 1042238589 ns, Reaching safepoint: 131710 ns, At safepoint: 5102 ns, Total: 136812 ns
[2020-05-16T08:19:20.259+0000][15960][safepoint    ] Safepoint "Cleanup", Time since last: 1000155826 ns, Reaching safepoint: 156289 ns, At safepoint: 6493 ns, Total: 162782 ns
[2020-05-16T08:19:21.260+0000][15960][safepoint    ] Safepoint "Cleanup", Time since last: 1000771710 ns, Reaching safepoint: 115942 ns, At safepoint: 7420 ns, Total: 123362 ns
[2020-05-16T08:19:22.260+0000][15960][safepoint    ] Safepoint "Cleanup", Time since last: 1000258783 ns, Reaching safepoint: 149333 ns, At safepoint: 7884 ns, Total: 157217 ns
[2020-05-16T08:19:23.261+0000][15960][safepoint    ] Safepoint "Cleanup", Time since last: 1000364522 ns, Reaching safepoint: 140521 ns, At safepoint: 5565 ns, Total: 146086 ns
[2020-05-16T08:19:24.261+0000][15960][safepoint    ] Safepoint "Cleanup", Time since last: 1000214725 ns, Reaching safepoint: 122898 ns, At safepoint: 6029 ns, Total: 128927 ns
[2020-05-16T08:19:25.262+0000][15960][safepoint    ] Safepoint "Cleanup", Time since last: 1000728116 ns, Reaching safepoint: 147942 ns, At safepoint: 9739 ns, Total: 157681 ns
[2020-05-16T08:19:27.263+0000][15960][safepoint    ] Safepoint "Cleanup", Time since last: 2000805101 ns, Reaching safepoint: 106667 ns, At safepoint: 6493 ns, Total: 113160 ns
[2020-05-16T08:19:28.263+0000][15960][safepoint    ] Safepoint "Cleanup", Time since last: 1000049159 ns, Reaching safepoint: 91826 ns, At safepoint: 4174 ns, Total: 96000 ns
[2020-05-16T08:19:29.264+0000][15960][safepoint    ] Safepoint "Cleanup", Time since last: 1000937739 ns, Reaching safepoint: 97855 ns, At safepoint: 6492 ns, Total: 104347 ns
[2020-05-16T08:19:30.265+0000][15960][safepoint    ] Safepoint "Cleanup", Time since last: 1000544000 ns, Reaching safepoint: 117797 ns, At safepoint: 3247 ns, Total: 121044 ns
[2020-05-16T08:19:31.266+0000][15960][safepoint    ] Safepoint "Cleanup", Time since last: 1000336695 ns, Reaching safepoint: 99246 ns, At safepoint: 6957 ns, Total: 106203 ns
[2020-05-16T08:19:32.269+0000][15960][safepoint    ] Safepoint "Cleanup", Time since last: 1000387710 ns, Reaching safepoint: 2982491 ns, At safepoint: 17623 ns, Total: 3000114 ns
[2020-05-16T08:19:33.269+0000][15960][safepoint    ] Safepoint "Cleanup", Time since last: 1000223537 ns, Reaching safepoint: 97391 ns, At safepoint: 2782 ns, Total: 100173 ns
[2020-05-16T08:19:34.270+0000][15960][safepoint    ] Safepoint "Cleanup", Time since last: 1000582493 ns, Reaching safepoint: 116406 ns, At safepoint: 6956 ns, Total: 123362 ns
[2020-05-16T08:19:35.270+0000][15960][safepoint    ] Safepoint "Cleanup", Time since last: 1000100174 ns, Reaching safepoint: 135884 ns, At safepoint: 9739 ns, Total: 145623 ns
[2020-05-16T08:19:36.271+0000][15960][safepoint    ] Safepoint "Cleanup", Time since last: 1000597797 ns, Reaching safepoint: 390493 ns, At safepoint: 11594 ns, Total: 402087 ns
[2020-05-16T08:19:37.272+0000][15960][safepoint    ] Safepoint "Cleanup", Time since last: 1000369159 ns, Reaching safepoint: 116406 ns, At safepoint: 7420 ns, Total: 123826 ns
[2020-05-16T08:19:38.273+0000][15960][safepoint    ] Safepoint "Cleanup", Time since last: 1000819478 ns, Reaching safepoint: 246724 ns, At safepoint: 8812 ns, Total: 255536 ns
[2020-05-16T08:19:39.273+0000][15960][safepoint    ] Safepoint "Cleanup", Time since last: 1000606145 ns, Reaching safepoint: 331130 ns, At safepoint: 19478 ns, Total: 350608 ns
[2020-05-16T08:19:41.274+0000][15960][safepoint    ] Safepoint "Cleanup", Time since last: 2000427594 ns, Reaching safepoint: 139131 ns, At safepoint: 6956 ns, Total: 146087 ns
[2020-05-16T08:19:42.928+0000][15960][safepoint    ] Safepoint "Cleanup", Time since last: 1653789842 ns, Reaching safepoint: 94145 ns, At safepoint: 5101 ns, Total: 99246 ns
[2020-05-16T08:19:43.928+0000][15960][safepoint    ] Safepoint "Cleanup", Time since last: 1000172522 ns, Reaching safepoint: 122435 ns, At safepoint: 5565 ns, Total: 128000 ns
[2020-05-16T08:19:44.929+0000][15960][safepoint    ] Safepoint "Cleanup", Time since last: 1000518956 ns, Reaching safepoint: 128464 ns, At safepoint: 7420 ns, Total: 135884 ns
[2020-05-16T08:19:46.929+0000][15960][safepoint    ] Safepoint "Cleanup", Time since last: 2000085333 ns, Reaching safepoint: 121044 ns, At safepoint: 2782 ns, Total: 123826 ns
[2020-05-16T08:19:47.930+0000][15960][safepoint    ] Safepoint "Cleanup", Time since last: 1000761043 ns, Reaching safepoint: 97856 ns, At safepoint: 4637 ns, Total: 102493 ns
[2020-05-16T08:19:48.930+0000][15960][safepoint    ] Safepoint "Cleanup", Time since last: 1000134029 ns, Reaching safepoint: 90435 ns, At safepoint: 3246 ns, Total: 93681 ns
[2020-05-16T08:19:49.931+0000][15960][safepoint    ] Safepoint "Cleanup", Time since last: 1000512000 ns, Reaching safepoint: 105739 ns, At safepoint: 3246 ns, Total: 108985 ns
[2020-05-16T08:19:50.932+0000][15960][safepoint    ] Safepoint "Cleanup", Time since last: 1000830609 ns, Reaching safepoint: 135420 ns, At safepoint: 10667 ns, Total: 146087 ns
[2020-05-16T08:19:51.932+0000][15960][safepoint    ] Safepoint "Cleanup", Time since last: 1000062608 ns, Reaching safepoint: 128464 ns, At safepoint: 9275 ns, Total: 137739 ns
[2020-05-16T08:19:53.933+0000][15960][safepoint    ] Safepoint "Cleanup", Time since last: 2000241623 ns, Reaching safepoint: 187826 ns, At safepoint: 7421 ns, Total: 195247 ns
[2020-05-16T08:19:55.933+0000][15960][safepoint    ] Safepoint "Cleanup", Time since last: 2000100637 ns, Reaching safepoint: 128928 ns, At safepoint: 5565 ns, Total: 134493 ns
[2020-05-16T08:19:57.934+0000][15960][safepoint    ] Safepoint "Cleanup", Time since last: 2000628406 ns, Reaching safepoint: 137739 ns, At safepoint: 6956 ns, Total: 144695 ns
[2020-05-16T08:19:58.934+0000][15960][safepoint    ] Safepoint "Cleanup", Time since last: 1000262029 ns, Reaching safepoint: 124290 ns, At safepoint: 7420 ns, Total: 131710 ns
[2020-05-16T08:19:59.935+0000][15960][safepoint    ] Safepoint "Cleanup", Time since last: 1000787942 ns, Reaching safepoint: 130782 ns, At safepoint: 8348 ns, Total: 139130 ns
[2020-05-16T08:20:00.936+0000][15960][safepoint    ] Safepoint "Cleanup", Time since last: 1000737855 ns, Reaching safepoint: 173913 ns, At safepoint: 7420 ns, Total: 181333 ns
[2020-05-16T08:20:01.936+0000][15960][safepoint    ] Safepoint "Cleanup", Time since last: 1000403942 ns, Reaching safepoint: 126145 ns, At safepoint: 4174 ns, Total: 130319 ns
[2020-05-16T08:20:02.936+0000][15960][safepoint    ] Safepoint "Cleanup", Time since last: 1000220753 ns, Reaching safepoint: 88580 ns, At safepoint: 6029 ns, Total: 94609 ns
[2020-05-16T08:20:03.937+0000][15960][safepoint    ] Safepoint "Cleanup", Time since last: 1000218435 ns, Reaching safepoint: 160927 ns, At safepoint: 5565 ns, Total: 166492 ns
[2020-05-16T08:20:04.938+0000][15960][safepoint    ] Safepoint "Cleanup", Time since last: 1000522667 ns, Reaching safepoint: 118261 ns, At safepoint: 3246 ns, Total: 121507 ns
[2020-05-16T08:20:05.938+0000][15960][safepoint    ] Safepoint "Cleanup", Time since last: 1000248579 ns, Reaching safepoint: 88580 ns, At safepoint: 2783 ns, Total: 91363 ns
[2020-05-16T08:20:06.939+0000][15960][safepoint    ] Safepoint "Cleanup", Time since last: 1000886724 ns, Reaching safepoint: 140985 ns, At safepoint: 7421 ns, Total: 148406 ns
[2020-05-16T08:20:07.947+0000][15960][safepoint    ] Safepoint "Cleanup", Time since last: 1000338550 ns, Reaching safepoint: 7699475 ns, At safepoint: 22725 ns, Total: 7722200 ns
[2020-05-16T08:20:08.948+0000][15960][safepoint    ] Safepoint "Cleanup", Time since last: 1000244869 ns, Reaching safepoint: 149333 ns, At safepoint: 4638 ns, Total: 153971 ns
[2020-05-16T08:20:09.948+0000][15960][safepoint    ] Safepoint "Cleanup", Time since last: 1000167420 ns, Reaching safepoint: 125218 ns, At safepoint: 5565 ns, Total: 130783 ns
[2020-05-16T08:20:10.948+0000][15960][safepoint    ] Safepoint "Cleanup", Time since last: 1000022261 ns, Reaching safepoint: 150260 ns, At safepoint: 70029 ns, Total: 220289 ns
[2020-05-16T08:20:12.949+0000][15960][safepoint    ] Safepoint "Cleanup", Time since last: 2000800464 ns, Reaching safepoint: 109913 ns, At safepoint: 4637 ns, Total: 114550 ns
[2020-05-16T08:20:13.956+0000][15960][safepoint    ] Safepoint "Cleanup", Time since last: 1000094145 ns, Reaching safepoint: 7078026 ns, At safepoint: 48696 ns, Total: 7126722 ns
[2020-05-16T08:20:14.957+0000][15960][safepoint    ] Safepoint "Cleanup", Time since last: 1000236521 ns, Reaching safepoint: 339478 ns, At safepoint: 11595 ns, Total: 351073 ns
[2020-05-16T08:20:15.957+0000][15960][safepoint    ] Safepoint "Cleanup", Time since last: 1000185043 ns, Reaching safepoint: 134029 ns, At safepoint: 5101 ns, Total: 139130 ns
[2020-05-16T08:20:16.957+0000][15960][safepoint    ] Safepoint "Cleanup", Time since last: 1000096928 ns, Reaching safepoint: 873275 ns, At safepoint: 10666 ns, Total: 883941 ns
[2020-05-16T08:20:17.959+0000][15960][safepoint    ] Safepoint "Cleanup", Time since last: 1000389102 ns, Reaching safepoint: 147942 ns, At safepoint: 8348 ns, Total: 156290 ns
[2020-05-16T08:20:18.959+0000][15960][safepoint    ] Safepoint "Cleanup", Time since last: 1000338086 ns, Reaching safepoint: 164638 ns, At safepoint: 5101 ns, Total: 169739 ns
[2020-05-16T08:20:19.982+0000][15960][safepoint    ] Safepoint "Cleanup", Time since last: 1000782841 ns, Reaching safepoint: 22044279 ns, At safepoint: 55189 ns, Total: 22099468 ns
[2020-05-16T08:20:20.983+0000][15960][safepoint    ] Safepoint "Cleanup", Time since last: 1000341333 ns, Reaching safepoint: 125217 ns, At safepoint: 3246 ns, Total: 128463 ns
[2020-05-16T08:20:22.983+0000][15960][safepoint    ] Safepoint "Cleanup", Time since last: 2000262493 ns, Reaching safepoint: 105275 ns, At safepoint: 5566 ns, Total: 110841 ns
[2020-05-16T08:20:24.984+0000][15960][safepoint    ] Safepoint "Cleanup", Time since last: 2000496231 ns, Reaching safepoint: 85797 ns, At safepoint: 3710 ns, Total: 89507 ns
[2020-05-16T08:20:25.984+0000][15960][safepoint    ] Safepoint "Cleanup", Time since last: 1000534725 ns, Reaching safepoint: 148406 ns, At safepoint: 20405 ns, Total: 168811 ns
[2020-05-16T08:20:27.985+0000][15960][safepoint    ] Safepoint "Cleanup", Time since last: 2000286609 ns, Reaching safepoint: 99246 ns, At safepoint: 4638 ns, Total: 103884 ns
[2020-05-16T08:20:28.996+0000][15960][safepoint    ] Safepoint "Cleanup", Time since last: 1000407188 ns, Reaching safepoint: 11074778 ns, At safepoint: 48695 ns, Total: 11123473 ns
[2020-05-16T08:20:30.997+0000][15960][safepoint    ] Safepoint "Cleanup", Time since last: 2000840348 ns, Reaching safepoint: 123362 ns, At safepoint: 5565 ns, Total: 128927 ns
[2020-05-16T08:20:31.998+0000][15960][safepoint    ] Safepoint "Cleanup", Time since last: 1000437333 ns, Reaching safepoint: 109913 ns, At safepoint: 2783 ns, Total: 112696 ns
[2020-05-16T08:20:33.002+0000][15960][safepoint    ] Safepoint "Cleanup", Time since last: 1000731826 ns, Reaching safepoint: 3004288 ns, At safepoint: 14841 ns, Total: 3019129 ns
[2020-05-16T08:20:34.002+0000][15960][safepoint    ] Safepoint "Cleanup", Time since last: 1000153507 ns, Reaching safepoint: 94145 ns, At safepoint: 4637 ns, Total: 98782 ns
[2020-05-16T08:20:35.002+0000][15960][safepoint    ] Safepoint "Cleanup", Time since last: 1000491131 ns, Reaching safepoint: 82550 ns, At safepoint: 4638 ns, Total: 87188 ns
[2020-05-16T08:20:36.004+0000][15960][safepoint    ] Safepoint "Cleanup", Time since last: 1001200695 ns, Reaching safepoint: 349681 ns, At safepoint: 80232 ns, Total: 429913 ns
[2020-05-16T08:20:37.005+0000][15960][safepoint    ] Safepoint "Cleanup", Time since last: 1000774492 ns, Reaching safepoint: 380754 ns, At safepoint: 12522 ns, Total: 393276 ns
[2020-05-16T08:20:38.005+0000][15960][safepoint    ] Safepoint "Cleanup", Time since last: 1000096463 ns, Reaching safepoint: 304232 ns, At safepoint: 15304 ns, Total: 319536 ns
[2020-05-16T08:20:39.007+0000][15960][safepoint    ] Safepoint "Cleanup", Time since last: 1001526261 ns, Reaching safepoint: 432231 ns, At safepoint: 15768 ns, Total: 447999 ns
[2020-05-16T08:20:40.009+0000][15960][safepoint    ] Safepoint "Cleanup", Time since last: 1001315246 ns, Reaching safepoint: 211478 ns, At safepoint: 4174 ns, Total: 215652 ns
[2020-05-16T08:20:42.009+0000][15960][safepoint    ] Safepoint "Cleanup", Time since last: 2000425275 ns, Reaching safepoint: 142377 ns, At safepoint: 5101 ns, Total: 147478 ns
[2020-05-16T08:20:43.010+0000][15960][safepoint    ] Safepoint "Cleanup", Time since last: 1000704000 ns, Reaching safepoint: 103420 ns, At safepoint: 5102 ns, Total: 108522 ns
[2020-05-16T08:20:44.011+0000][15960][safepoint    ] Safepoint "Cleanup", Time since last: 1000073739 ns, Reaching safepoint: 110840 ns, At safepoint: 5566 ns, Total: 116406 ns
[2020-05-16T08:20:45.011+0000][15960][safepoint    ] Safepoint "Cleanup", Time since last: 1000057043 ns, Reaching safepoint: 108058 ns, At safepoint: 3246 ns, Total: 111304 ns
[2020-05-16T08:20:46.012+0000][15960][safepoint    ] Safepoint "Cleanup", Time since last: 1000729044 ns, Reaching safepoint: 96463 ns, At safepoint: 4174 ns, Total: 100637 ns
[2020-05-16T08:20:47.012+0000][15960][safepoint    ] Safepoint "Cleanup", Time since last: 1000225391 ns, Reaching safepoint: 123363 ns, At safepoint: 4174 ns, Total: 127537 ns
[2020-05-16T08:20:49.013+0000][15960][safepoint    ] Safepoint "Cleanup", Time since last: 2000822724 ns, Reaching safepoint: 100637 ns, At safepoint: 4638 ns, Total: 105275 ns
[2020-05-16T08:20:50.014+0000][15960][safepoint    ] Safepoint "Cleanup", Time since last: 1000848232 ns, Reaching safepoint: 89043 ns, At safepoint: 5565 ns, Total: 94608 ns
[2020-05-16T08:20:51.014+0000][15960][safepoint    ] Safepoint "Cleanup", Time since last: 1000380754 ns, Reaching safepoint: 98782 ns, At safepoint: 4174 ns, Total: 102956 ns
[2020-05-16T08:20:52.015+0000][15960][safepoint    ] Safepoint "Cleanup", Time since last: 1000400696 ns, Reaching safepoint: 120579 ns, At safepoint: 5566 ns, Total: 126145 ns
[2020-05-16T08:20:53.015+0000][15960][safepoint    ] Safepoint "Cleanup", Time since last: 1000070956 ns, Reaching safepoint: 89043 ns, At safepoint: 4174 ns, Total: 93217 ns
[2020-05-16T08:20:53.313+0000][15960][gc,start     ] GC(19) Pause Young (Normal) (G1 Evacuation Pause)
[2020-05-16T08:20:53.313+0000][15960][gc,task      ] GC(19) Using 4 workers of 4 for evacuation
[2020-05-16T08:20:53.314+0000][15960][gc,age       ] GC(19) Desired survivor size 35127296 bytes, new threshold 15 (max threshold 15)
[2020-05-16T08:20:53.433+0000][15960][gc,age       ] GC(19) Age table with threshold 15 (max threshold 15)
[2020-05-16T08:20:53.433+0000][15960][gc,age       ] GC(19) - age   1:     565888 bytes,     565888 total
[2020-05-16T08:20:53.433+0000][15960][gc,age       ] GC(19) - age   2:     419184 bytes,     985072 total
[2020-05-16T08:20:53.433+0000][15960][gc,age       ] GC(19) - age   3:     145520 bytes,    1130592 total
[2020-05-16T08:20:53.433+0000][15960][gc,age       ] GC(19) - age   4:     821792 bytes,    1952384 total
[2020-05-16T08:20:53.433+0000][15960][gc,age       ] GC(19) - age   5:     290664 bytes,    2243048 total
[2020-05-16T08:20:53.433+0000][15960][gc,age       ] GC(19) - age   6:     260992 bytes,    2504040 total
[2020-05-16T08:20:53.433+0000][15960][gc,age       ] GC(19) - age   7:      53968 bytes,    2558008 total
[2020-05-16T08:20:53.433+0000][15960][gc,phases    ] GC(19)   Pre Evacuate Collection Set: 0.2ms
[2020-05-16T08:20:53.433+0000][15960][gc,phases    ] GC(19)   Merge Heap Roots: 0.1ms
[2020-05-16T08:20:53.433+0000][15960][gc,phases    ] GC(19)   Evacuate Collection Set: 108.0ms
[2020-05-16T08:20:53.433+0000][15960][gc,phases    ] GC(19)   Post Evacuate Collection Set: 11.1ms
[2020-05-16T08:20:53.433+0000][15960][gc,phases    ] GC(19)   Other: 0.5ms
[2020-05-16T08:20:53.433+0000][15960][gc,heap      ] GC(19) Eden regions: 530->0(511)
[2020-05-16T08:20:53.433+0000][15960][gc,heap      ] GC(19) Survivor regions: 3->3(67)
[2020-05-16T08:20:53.433+0000][15960][gc,heap      ] GC(19) Old regions: 69->69
[2020-05-16T08:20:53.433+0000][15960][gc,heap      ] GC(19) Archive regions: 0->0
[2020-05-16T08:20:53.433+0000][15960][gc,heap      ] GC(19) Humongous regions: 7->7
[2020-05-16T08:20:53.433+0000][15960][gc,metaspace ] GC(19) Metaspace: 96240K(103972K)->96240K(103972K) NonClass: 83483K(88152K)->83483K(88152K) Class: 12757K(15820K)->12757K(15820K)
[2020-05-16T08:20:53.445+0000][15960][gc           ] GC(19) Pause Young (Normal) (G1 Evacuation Pause) 607M->77M(1024M) 131.494ms
[2020-05-16T08:20:53.445+0000][15960][gc,cpu       ] GC(19) User=0.03s Sys=0.02s Real=0.13s
[2020-05-16T08:20:53.445+0000][15960][safepoint    ] Safepoint "G1CollectForAllocation", Time since last: 298893311 ns, Reaching safepoint: 176696 ns, At safepoint: 131698489 ns, Total: 131875185 ns
[2020-05-16T08:20:54.446+0000][15960][safepoint    ] Safepoint "Cleanup", Time since last: 1000160928 ns, Reaching safepoint: 102956 ns, At safepoint: 6493 ns, Total: 109449 ns
[2020-05-16T08:20:55.447+0000][15960][safepoint    ] Safepoint "Cleanup", Time since last: 1000865391 ns, Reaching safepoint: 100174 ns, At safepoint: 3710 ns, Total: 103884 ns
[2020-05-16T08:20:57.447+0000][15960][safepoint    ] Safepoint "Cleanup", Time since last: 2000131710 ns, Reaching safepoint: 103420 ns, At safepoint: 5565 ns, Total: 108985 ns
[2020-05-16T08:20:58.448+0000][15960][safepoint    ] Safepoint "Cleanup", Time since last: 1000888116 ns, Reaching safepoint: 138203 ns, At safepoint: 5101 ns, Total: 143304 ns
[2020-05-16T08:20:59.449+0000][15960][safepoint    ] Safepoint "Cleanup", Time since last: 1000684522 ns, Reaching safepoint: 113623 ns, At safepoint: 5565 ns, Total: 119188 ns
[2020-05-16T08:21:00.450+0000][15960][safepoint    ] Safepoint "Cleanup", Time since last: 1000753623 ns, Reaching safepoint: 89043 ns, At safepoint: 3710 ns, Total: 92753 ns
[2020-05-16T08:21:01.450+0000][15960][safepoint    ] Safepoint "Cleanup", Time since last: 1000024116 ns, Reaching safepoint: 209160 ns, At safepoint: 12521 ns, Total: 221681 ns
[2020-05-16T08:21:02.450+0000][15960][safepoint    ] Safepoint "Cleanup", Time since last: 1000187363 ns, Reaching safepoint: 183188 ns, At safepoint: 73739 ns, Total: 256927 ns
[2020-05-16T08:21:03.451+0000][15960][safepoint    ] Safepoint "Cleanup", Time since last: 1000457739 ns, Reaching safepoint: 92754 ns, At safepoint: 7420 ns, Total: 100174 ns
[2020-05-16T08:21:04.452+0000][15960][safepoint    ] Safepoint "Cleanup", Time since last: 1000937275 ns, Reaching safepoint: 153507 ns, At safepoint: 6029 ns, Total: 159536 ns
[2020-05-16T08:21:05.453+0000][15960][safepoint    ] Safepoint "Cleanup", Time since last: 1000851478 ns, Reaching safepoint: 172058 ns, At safepoint: 5565 ns, Total: 177623 ns
[2020-05-16T08:21:06.454+0000][15960][safepoint    ] Safepoint "Cleanup", Time since last: 1000083942 ns, Reaching safepoint: 201739 ns, At safepoint: 12522 ns, Total: 214261 ns
[2020-05-16T08:21:08.454+0000][15960][safepoint    ] Safepoint "Cleanup", Time since last: 2000108521 ns, Reaching safepoint: 148870 ns, At safepoint: 7884 ns, Total: 156754 ns
[2020-05-16T08:21:09.455+0000][15960][safepoint    ] Safepoint "Cleanup", Time since last: 1000595942 ns, Reaching safepoint: 227246 ns, At safepoint: 7884 ns, Total: 235130 ns
[2020-05-16T08:21:10.455+0000][15960][safepoint    ] Safepoint "Cleanup", Time since last: 1000572753 ns, Reaching safepoint: 144232 ns, At safepoint: 8348 ns, Total: 152580 ns
[2020-05-16T08:21:11.456+0000][15960][safepoint    ] Safepoint "Cleanup", Time since last: 1000776347 ns, Reaching safepoint: 154435 ns, At safepoint: 5565 ns, Total: 160000 ns
[2020-05-16T08:21:12.457+0000][15960][safepoint    ] Safepoint "Cleanup", Time since last: 1000707246 ns, Reaching safepoint: 107595 ns, At safepoint: 6029 ns, Total: 113624 ns
[2020-05-16T08:21:13.458+0000][15960][safepoint    ] Safepoint "Cleanup", Time since last: 1000581101 ns, Reaching safepoint: 139130 ns, At safepoint: 5565 ns, Total: 144695 ns
[2020-05-16T08:21:14.458+0000][15960][safepoint    ] Safepoint "Cleanup", Time since last: 1000193392 ns, Reaching safepoint: 144695 ns, At safepoint: 6493 ns, Total: 151188 ns
[2020-05-16T08:21:16.459+0000][15960][safepoint    ] Safepoint "Cleanup", Time since last: 2000248116 ns, Reaching safepoint: 146087 ns, At safepoint: 6029 ns, Total: 152116 ns
[2020-05-16T08:21:18.459+0000][15960][safepoint    ] Safepoint "Cleanup", Time since last: 1999946666 ns, Reaching safepoint: 160000 ns, At safepoint: 6493 ns, Total: 166493 ns
[2020-05-16T08:21:20.459+0000][15960][safepoint    ] Safepoint "Cleanup", Time since last: 2000502724 ns, Reaching safepoint: 160000 ns, At safepoint: 9276 ns, Total: 169276 ns
[2020-05-16T08:21:22.460+0000][15960][safepoint    ] Safepoint "Cleanup", Time since last: 2000054260 ns, Reaching safepoint: 156754 ns, At safepoint: 6493 ns, Total: 163247 ns
[2020-05-16T08:21:24.461+0000][15960][safepoint    ] Safepoint "Cleanup", Time since last: 2000762434 ns, Reaching safepoint: 140986 ns, At safepoint: 6956 ns, Total: 147942 ns
[2020-05-16T08:21:26.461+0000][15960][safepoint    ] Safepoint "Cleanup", Time since last: 2000097855 ns, Reaching safepoint: 127536 ns, At safepoint: 5566 ns, Total: 133102 ns
[2020-05-16T08:21:27.462+0000][15960][safepoint    ] Safepoint "Cleanup", Time since last: 1000593159 ns, Reaching safepoint: 143768 ns, At safepoint: 9275 ns, Total: 153043 ns
[2020-05-16T08:21:28.462+0000][15960][safepoint    ] Safepoint "Cleanup", Time since last: 1000800927 ns, Reaching safepoint: 134957 ns, At safepoint: 6029 ns, Total: 140986 ns
[2020-05-16T08:21:29.463+0000][15960][safepoint    ] Safepoint "Cleanup", Time since last: 1000023188 ns, Reaching safepoint: 102029 ns, At safepoint: 3246 ns, Total: 105275 ns
[2020-05-16T08:21:30.463+0000][15960][safepoint    ] Safepoint "Cleanup", Time since last: 1000583884 ns, Reaching safepoint: 125218 ns, At safepoint: 6956 ns, Total: 132174 ns
[2020-05-16T08:21:31.464+0000][15960][safepoint    ] Safepoint "Cleanup", Time since last: 1000736464 ns, Reaching safepoint: 140985 ns, At safepoint: 5565 ns, Total: 146550 ns
[2020-05-16T08:21:32.465+0000][15960][safepoint    ] Safepoint "Cleanup", Time since last: 1000717449 ns, Reaching safepoint: 152580 ns, At safepoint: 10203 ns, Total: 162783 ns
[2020-05-16T08:21:33.466+0000][15960][safepoint    ] Safepoint "Cleanup", Time since last: 1000832463 ns, Reaching safepoint: 329275 ns, At safepoint: 12986 ns, Total: 342261 ns
[2020-05-16T08:21:35.467+0000][15960][safepoint    ] Safepoint "Cleanup", Time since last: 2000254145 ns, Reaching safepoint: 126144 ns, At safepoint: 6029 ns, Total: 132173 ns
[2020-05-16T08:21:36.467+0000][15960][safepoint    ] Safepoint "Cleanup", Time since last: 1000228174 ns, Reaching safepoint: 86725 ns, At safepoint: 3246 ns, Total: 89971 ns
[2020-05-16T08:21:37.467+0000][15960][safepoint    ] Safepoint "Cleanup", Time since last: 1000134029 ns, Reaching safepoint: 144232 ns, At safepoint: 6493 ns, Total: 150725 ns
[2020-05-16T08:21:38.468+0000][15960][safepoint    ] Safepoint "Cleanup", Time since last: 1000310724 ns, Reaching safepoint: 279188 ns, At safepoint: 12522 ns, Total: 291710 ns
[2020-05-16T08:21:39.468+0000][15960][safepoint    ] Safepoint "Cleanup", Time since last: 1000424812 ns, Reaching safepoint: 120579 ns, At safepoint: 8812 ns, Total: 129391 ns
[2020-05-16T08:21:41.469+0000][15960][safepoint    ] Safepoint "Cleanup", Time since last: 2000419246 ns, Reaching safepoint: 149797 ns, At safepoint: 6029 ns, Total: 155826 ns
[2020-05-16T08:21:42.469+0000][15960][safepoint    ] Safepoint "Cleanup", Time since last: 1000279652 ns, Reaching safepoint: 88116 ns, At safepoint: 3710 ns, Total: 91826 ns
[2020-05-16T08:21:43.470+0000][15960][safepoint    ] Safepoint "Cleanup", Time since last: 1000810666 ns, Reaching safepoint: 152116 ns, At safepoint: 6957 ns, Total: 159073 ns
[2020-05-16T08:21:44.471+0000][15960][safepoint    ] Safepoint "Cleanup", Time since last: 1000713739 ns, Reaching safepoint: 258782 ns, At safepoint: 6957 ns, Total: 265739 ns
[2020-05-16T08:21:46.471+0000][15960][safepoint    ] Safepoint "Cleanup", Time since last: 1999807536 ns, Reaching safepoint: 192464 ns, At safepoint: 6956 ns, Total: 199420 ns
[2020-05-16T08:21:47.472+0000][15960][safepoint    ] Safepoint "Cleanup", Time since last: 1000795826 ns, Reaching safepoint: 411826 ns, At safepoint: 20406 ns, Total: 432232 ns
[2020-05-16T08:21:49.473+0000][15960][safepoint    ] Safepoint "Cleanup", Time since last: 2000449391 ns, Reaching safepoint: 354782 ns, At safepoint: 13913 ns, Total: 368695 ns
[2020-05-16T08:21:50.474+0000][15960][safepoint    ] Safepoint "Cleanup", Time since last: 1000516638 ns, Reaching safepoint: 93681 ns, At safepoint: 3246 ns, Total: 96927 ns
[2020-05-16T08:21:51.474+0000][15960][safepoint    ] Safepoint "Cleanup", Time since last: 1000140058 ns, Reaching safepoint: 195710 ns, At safepoint: 6493 ns, Total: 202203 ns
[2020-05-16T08:21:52.475+0000][15960][safepoint    ] Safepoint "Cleanup", Time since last: 1000179942 ns, Reaching safepoint: 166956 ns, At safepoint: 6493 ns, Total: 173449 ns
[2020-05-16T08:21:53.475+0000][15960][safepoint    ] Safepoint "Cleanup", Time since last: 1000602434 ns, Reaching safepoint: 310261 ns, At safepoint: 12986 ns, Total: 323247 ns
[2020-05-16T08:21:55.476+0000][15960][safepoint    ] Safepoint "Cleanup", Time since last: 2000795825 ns, Reaching safepoint: 166029 ns, At safepoint: 6957 ns, Total: 172986 ns
[2020-05-16T08:21:56.477+0000][15960][safepoint    ] Safepoint "Cleanup", Time since last: 1000741101 ns, Reaching safepoint: 139594 ns, At safepoint: 6493 ns, Total: 146087 ns
[2020-05-16T08:21:58.477+0000][15960][safepoint    ] Safepoint "Cleanup", Time since last: 1999924869 ns, Reaching safepoint: 148406 ns, At safepoint: 7884 ns, Total: 156290 ns
[2020-05-16T08:21:59.478+0000][15960][safepoint    ] Safepoint "Cleanup", Time since last: 1000807420 ns, Reaching safepoint: 161391 ns, At safepoint: 10667 ns, Total: 172058 ns
[2020-05-16T08:22:00.479+0000][15960][safepoint    ] Safepoint "Cleanup", Time since last: 1000576927 ns, Reaching safepoint: 130783 ns, At safepoint: 6029 ns, Total: 136812 ns
[2020-05-16T08:22:01.479+0000][15960][safepoint    ] Safepoint "Cleanup", Time since last: 1000041739 ns, Reaching safepoint: 96927 ns, At safepoint: 4174 ns, Total: 101101 ns
[2020-05-16T08:22:02.480+0000][15960][safepoint    ] Safepoint "Cleanup", Time since last: 1000112232 ns, Reaching safepoint: 188754 ns, At safepoint: 68173 ns, Total: 256927 ns
[2020-05-16T08:22:03.480+0000][15960][safepoint    ] Safepoint "Cleanup", Time since last: 1000400232 ns, Reaching safepoint: 157681 ns, At safepoint: 6957 ns, Total: 164638 ns
[2020-05-16T08:22:04.481+0000][15960][safepoint    ] Safepoint "Cleanup", Time since last: 1000302376 ns, Reaching safepoint: 120116 ns, At safepoint: 6029 ns, Total: 126145 ns
[2020-05-16T08:22:05.481+0000][15960][safepoint    ] Safepoint "Cleanup", Time since last: 1000107594 ns, Reaching safepoint: 146087 ns, At safepoint: 7421 ns, Total: 153508 ns
[2020-05-16T08:22:06.481+0000][15960][safepoint    ] Safepoint "Cleanup", Time since last: 1000234666 ns, Reaching safepoint: 175304 ns, At safepoint: 10667 ns, Total: 185971 ns
[2020-05-16T08:22:07.482+0000][15960][safepoint    ] Safepoint "Cleanup", Time since last: 1000214725 ns, Reaching safepoint: 96000 ns, At safepoint: 4637 ns, Total: 100637 ns
[2020-05-16T08:22:09.482+0000][15960][safepoint    ] Safepoint "Cleanup", Time since last: 2000001855 ns, Reaching safepoint: 178551 ns, At safepoint: 9275 ns, Total: 187826 ns
[2020-05-16T08:22:10.483+0000][15960][safepoint    ] Safepoint "Cleanup", Time since last: 1000541218 ns, Reaching safepoint: 96927 ns, At safepoint: 3246 ns, Total: 100173 ns
[2020-05-16T08:22:11.483+0000][15960][safepoint    ] Safepoint "Cleanup", Time since last: 1000259247 ns, Reaching safepoint: 156289 ns, At safepoint: 6493 ns, Total: 162782 ns
[2020-05-16T08:22:12.483+0000][15960][safepoint    ] Safepoint "Cleanup", Time since last: 1000150261 ns, Reaching safepoint: 167884 ns, At safepoint: 6956 ns, Total: 174840 ns
[2020-05-16T08:22:13.484+0000][15960][safepoint    ] Safepoint "Cleanup", Time since last: 1000460058 ns, Reaching safepoint: 103884 ns, At safepoint: 3247 ns, Total: 107131 ns
[2020-05-16T08:22:15.484+0000][15960][safepoint    ] Safepoint "Cleanup", Time since last: 2000076058 ns, Reaching safepoint: 147942 ns, At safepoint: 7420 ns, Total: 155362 ns
[2020-05-16T08:22:16.485+0000][15960][safepoint    ] Safepoint "Cleanup", Time since last: 1000317217 ns, Reaching safepoint: 104348 ns, At safepoint: 4174 ns, Total: 108522 ns
[2020-05-16T08:22:17.485+0000][15960][safepoint    ] Safepoint "Cleanup", Time since last: 1000781449 ns, Reaching safepoint: 90898 ns, At safepoint: 4174 ns, Total: 95072 ns
[2020-05-16T08:22:19.486+0000][15960][safepoint    ] Safepoint "Cleanup", Time since last: 2000277333 ns, Reaching safepoint: 150261 ns, At safepoint: 6029 ns, Total: 156290 ns
[2020-05-16T08:22:20.486+0000][15960][safepoint    ] Safepoint "Cleanup", Time since last: 1000374725 ns, Reaching safepoint: 315825 ns, At safepoint: 8348 ns, Total: 324173 ns
[2020-05-16T08:22:21.487+0000][15960][safepoint    ] Safepoint "Cleanup", Time since last: 1000124754 ns, Reaching safepoint: 196637 ns, At safepoint: 13913 ns, Total: 210550 ns
[2020-05-16T08:22:23.487+0000][15960][safepoint    ] Safepoint "Cleanup", Time since last: 2000508290 ns, Reaching safepoint: 140522 ns, At safepoint: 8811 ns, Total: 149333 ns
[2020-05-16T08:22:24.488+0000][15960][safepoint    ] Safepoint "Cleanup", Time since last: 1000065855 ns, Reaching safepoint: 318609 ns, At safepoint: 12522 ns, Total: 331131 ns
[2020-05-16T08:22:25.488+0000][15960][safepoint    ] Safepoint "Cleanup", Time since last: 1000364521 ns, Reaching safepoint: 348290 ns, At safepoint: 18551 ns, Total: 366841 ns
[2020-05-16T08:22:26.689+0000][15960][safepoint    ] Safepoint "Cleanup", Time since last: 1199914110 ns, Reaching safepoint: 446145 ns, At safepoint: 25507 ns, Total: 471652 ns
[2020-05-16T08:22:27.699+0000][15960][safepoint    ] Safepoint "Cleanup", Time since last: 1010025734 ns, Reaching safepoint: 103421 ns, At safepoint: 5565 ns, Total: 108986 ns
[2020-05-16T08:22:28.699+0000][15960][safepoint    ] Safepoint "Cleanup", Time since last: 1000160927 ns, Reaching safepoint: 184116 ns, At safepoint: 6029 ns, Total: 190145 ns
[2020-05-16T08:22:29.700+0000][15960][safepoint    ] Safepoint "Cleanup", Time since last: 1000672927 ns, Reaching safepoint: 85797 ns, At safepoint: 4174 ns, Total: 89971 ns
[2020-05-16T08:22:30.728+0000][15960][safepoint    ] Safepoint "Cleanup", Time since last: 1028013437 ns, Reaching safepoint: 95536 ns, At safepoint: 3246 ns, Total: 98782 ns
[2020-05-16T08:22:31.729+0000][15960][safepoint    ] Safepoint "Cleanup", Time since last: 1000448000 ns, Reaching safepoint: 146551 ns, At safepoint: 28753 ns, Total: 175304 ns
[2020-05-16T08:22:32.730+0000][15960][safepoint    ] Safepoint "Cleanup", Time since last: 1000773101 ns, Reaching safepoint: 99247 ns, At safepoint: 2782 ns, Total: 102029 ns
[2020-05-16T08:22:33.731+0000][15960][safepoint    ] Safepoint "Cleanup", Time since last: 1000585739 ns, Reaching safepoint: 164638 ns, At safepoint: 6029 ns, Total: 170667 ns
[2020-05-16T08:22:34.731+0000][15960][safepoint    ] Safepoint "Cleanup", Time since last: 1000785159 ns, Reaching safepoint: 120116 ns, At safepoint: 3710 ns, Total: 123826 ns
[2020-05-16T08:22:35.732+0000][15960][safepoint    ] Safepoint "Cleanup", Time since last: 1000556985 ns, Reaching safepoint: 126145 ns, At safepoint: 2782 ns, Total: 128927 ns
[2020-05-16T08:22:36.733+0000][15960][safepoint    ] Safepoint "Cleanup", Time since last: 1000298667 ns, Reaching safepoint: 101101 ns, At safepoint: 4174 ns, Total: 105275 ns
[2020-05-16T08:22:37.733+0000][15960][safepoint    ] Safepoint "Cleanup", Time since last: 1000745739 ns, Reaching safepoint: 94145 ns, At safepoint: 3246 ns, Total: 97391 ns
[2020-05-16T08:22:38.734+0000][15960][safepoint    ] Safepoint "Cleanup", Time since last: 1000262029 ns, Reaching safepoint: 89044 ns, At safepoint: 3246 ns, Total: 92290 ns
[2020-05-16T08:22:39.734+0000][15960][safepoint    ] Safepoint "Cleanup", Time since last: 1000042203 ns, Reaching safepoint: 138203 ns, At safepoint: 8811 ns, Total: 147014 ns
[2020-05-16T08:22:41.735+0000][15960][safepoint    ] Safepoint "Cleanup", Time since last: 2000566261 ns, Reaching safepoint: 85333 ns, At safepoint: 5102 ns, Total: 90435 ns
[2020-05-16T08:22:42.735+0000][15960][safepoint    ] Safepoint "Cleanup", Time since last: 1000258782 ns, Reaching safepoint: 76058 ns, At safepoint: 4174 ns, Total: 80232 ns
[2020-05-16T08:22:43.736+0000][15960][safepoint    ] Safepoint "Cleanup", Time since last: 1000904811 ns, Reaching safepoint: 143768 ns, At safepoint: 43131 ns, Total: 186899 ns
[2020-05-16T08:22:44.736+0000][15960][safepoint    ] Safepoint "Cleanup", Time since last: 1000115478 ns, Reaching safepoint: 176695 ns, At safepoint: 7884 ns, Total: 184579 ns
[2020-05-16T08:22:46.737+0000][15960][safepoint    ] Safepoint "Cleanup", Time since last: 2000223073 ns, Reaching safepoint: 174377 ns, At safepoint: 8811 ns, Total: 183188 ns
[2020-05-16T08:22:47.738+0000][15960][safepoint    ] Safepoint "Cleanup", Time since last: 1000760579 ns, Reaching safepoint: 482783 ns, At safepoint: 17623 ns, Total: 500406 ns
[2020-05-16T08:22:48.739+0000][15960][safepoint    ] Safepoint "Cleanup", Time since last: 1001314782 ns, Reaching safepoint: 445217 ns, At safepoint: 62145 ns, Total: 507362 ns
[2020-05-16T08:22:50.740+0000][15960][safepoint    ] Safepoint "Cleanup", Time since last: 2000095536 ns, Reaching safepoint: 514319 ns, At safepoint: 25971 ns, Total: 540290 ns
[2020-05-16T08:22:52.741+0000][15960][safepoint    ] Safepoint "Cleanup", Time since last: 2000052869 ns, Reaching safepoint: 209624 ns, At safepoint: 11130 ns, Total: 220754 ns
[2020-05-16T08:22:54.741+0000][15960][safepoint    ] Safepoint "Cleanup", Time since last: 2000515246 ns, Reaching safepoint: 180870 ns, At safepoint: 8347 ns, Total: 189217 ns
[2020-05-16T08:22:56.742+0000][15960][safepoint    ] Safepoint "Cleanup", Time since last: 2000745739 ns, Reaching safepoint: 157681 ns, At safepoint: 10203 ns, Total: 167884 ns
[2020-05-16T08:22:58.743+0000][15960][safepoint    ] Safepoint "Cleanup", Time since last: 2000752695 ns, Reaching safepoint: 256928 ns, At safepoint: 7884 ns, Total: 264812 ns
[2020-05-16T08:22:59.744+0000][15960][safepoint    ] Safepoint "Cleanup", Time since last: 1000198493 ns, Reaching safepoint: 100173 ns, At safepoint: 3711 ns, Total: 103884 ns
[2020-05-16T08:23:00.744+0000][15960][safepoint    ] Safepoint "Cleanup", Time since last: 1000354318 ns, Reaching safepoint: 157218 ns, At safepoint: 6956 ns, Total: 164174 ns
[2020-05-16T08:23:01.744+0000][15960][safepoint    ] Safepoint "Cleanup", Time since last: 1000114551 ns, Reaching safepoint: 151188 ns, At safepoint: 6493 ns, Total: 157681 ns
[2020-05-16T08:23:03.745+0000][15960][safepoint    ] Safepoint "Cleanup", Time since last: 2000738318 ns, Reaching safepoint: 114551 ns, At safepoint: 4638 ns, Total: 119189 ns
[2020-05-16T08:23:05.746+0000][15960][safepoint    ] Safepoint "Cleanup", Time since last: 2000847304 ns, Reaching safepoint: 172058 ns, At safepoint: 9275 ns, Total: 181333 ns
[2020-05-16T08:23:06.747+0000][15960][safepoint    ] Safepoint "Cleanup", Time since last: 1000549565 ns, Reaching safepoint: 187826 ns, At safepoint: 7420 ns, Total: 195246 ns
[2020-05-16T08:23:07.748+0000][15960][safepoint    ] Safepoint "Cleanup", Time since last: 1000896464 ns, Reaching safepoint: 166956 ns, At safepoint: 7420 ns, Total: 174376 ns
[2020-05-16T08:23:08.749+0000][15960][safepoint    ] Safepoint "Cleanup", Time since last: 1000481391 ns, Reaching safepoint: 143305 ns, At safepoint: 6956 ns, Total: 150261 ns
[2020-05-16T08:23:09.749+0000][15960][safepoint    ] Safepoint "Cleanup", Time since last: 1000238377 ns, Reaching safepoint: 183188 ns, At safepoint: 5102 ns, Total: 188290 ns
[2020-05-16T08:23:10.750+0000][15960][safepoint    ] Safepoint "Cleanup", Time since last: 1000575536 ns, Reaching safepoint: 106202 ns, At safepoint: 4174 ns, Total: 110376 ns
[2020-05-16T08:23:11.750+0000][15960][safepoint    ] Safepoint "Cleanup", Time since last: 1000038493 ns, Reaching safepoint: 149333 ns, At safepoint: 6493 ns, Total: 155826 ns
[2020-05-16T08:23:12.751+0000][15960][safepoint    ] Safepoint "Cleanup", Time since last: 1000445217 ns, Reaching safepoint: 159073 ns, At safepoint: 6492 ns, Total: 165565 ns
[2020-05-16T08:23:14.751+0000][15960][safepoint    ] Safepoint "Cleanup", Time since last: 2000455421 ns, Reaching safepoint: 155826 ns, At safepoint: 7420 ns, Total: 163246 ns
[2020-05-16T08:23:15.752+0000][15960][safepoint    ] Safepoint "Cleanup", Time since last: 1000532405 ns, Reaching safepoint: 157681 ns, At safepoint: 7421 ns, Total: 165102 ns
[2020-05-16T08:23:16.752+0000][15960][safepoint    ] Safepoint "Cleanup", Time since last: 1000185507 ns, Reaching safepoint: 146551 ns, At safepoint: 6029 ns, Total: 152580 ns
[2020-05-16T08:23:17.753+0000][15960][safepoint    ] Safepoint "Cleanup", Time since last: 1000144695 ns, Reaching safepoint: 150261 ns, At safepoint: 6493 ns, Total: 156754 ns
[2020-05-16T08:23:19.753+0000][15960][safepoint    ] Safepoint "Cleanup", Time since last: 2000119652 ns, Reaching safepoint: 235130 ns, At safepoint: 10667 ns, Total: 245797 ns
[2020-05-16T08:23:20.753+0000][15960][safepoint    ] Safepoint "Cleanup", Time since last: 1000149333 ns, Reaching safepoint: 126609 ns, At safepoint: 4637 ns, Total: 131246 ns
[2020-05-16T08:23:21.754+0000][15960][safepoint    ] Safepoint "Cleanup", Time since last: 1000128000 ns, Reaching safepoint: 184116 ns, At safepoint: 11594 ns, Total: 195710 ns
[2020-05-16T08:23:22.755+0000][15960][safepoint    ] Safepoint "Cleanup", Time since last: 1000602899 ns, Reaching safepoint: 745275 ns, At safepoint: 47768 ns, Total: 793043 ns
[2020-05-16T08:23:23.755+0000][15960][safepoint    ] Safepoint "Cleanup", Time since last: 1000247188 ns, Reaching safepoint: 205449 ns, At safepoint: 9739 ns, Total: 215188 ns
[2020-05-16T08:23:24.756+0000][15960][safepoint    ] Safepoint "Cleanup", Time since last: 1000063073 ns, Reaching safepoint: 441507 ns, At safepoint: 47304 ns, Total: 488811 ns
[2020-05-16T08:23:25.757+0000][15960][safepoint    ] Safepoint "Cleanup", Time since last: 1000667826 ns, Reaching safepoint: 116869 ns, At safepoint: 4174 ns, Total: 121043 ns
[2020-05-16T08:23:26.757+0000][15960][safepoint    ] Safepoint "Cleanup", Time since last: 1000323710 ns, Reaching safepoint: 96000 ns, At safepoint: 3247 ns, Total: 99247 ns
[2020-05-16T08:23:27.758+0000][15960][safepoint    ] Safepoint "Cleanup", Time since last: 1000445681 ns, Reaching safepoint: 121971 ns, At safepoint: 4173 ns, Total: 126144 ns
[2020-05-16T08:23:28.758+0000][15960][safepoint    ] Safepoint "Cleanup", Time since last: 1000398841 ns, Reaching safepoint: 94145 ns, At safepoint: 2782 ns, Total: 96927 ns
[2020-05-16T08:23:29.759+0000][15960][safepoint    ] Safepoint "Cleanup", Time since last: 1000015768 ns, Reaching safepoint: 186435 ns, At safepoint: 9276 ns, Total: 195711 ns
[2020-05-16T08:23:30.759+0000][15960][safepoint    ] Safepoint "Cleanup", Time since last: 1000601507 ns, Reaching safepoint: 138666 ns, At safepoint: 17623 ns, Total: 156289 ns
[2020-05-16T08:23:31.760+0000][15960][safepoint    ] Safepoint "Cleanup", Time since last: 1000395131 ns, Reaching safepoint: 159072 ns, At safepoint: 7420 ns, Total: 166492 ns
[2020-05-16T08:23:33.761+0000][15960][safepoint    ] Safepoint "Cleanup", Time since last: 2000805565 ns, Reaching safepoint: 158145 ns, At safepoint: 6956 ns, Total: 165101 ns
[2020-05-16T08:23:34.761+0000][15960][safepoint    ] Safepoint "Cleanup", Time since last: 1000438261 ns, Reaching safepoint: 147478 ns, At safepoint: 6029 ns, Total: 153507 ns
[2020-05-16T08:23:35.762+0000][15960][safepoint    ] Safepoint "Cleanup", Time since last: 1000797217 ns, Reaching safepoint: 147015 ns, At safepoint: 9739 ns, Total: 156754 ns
[2020-05-16T08:23:36.763+0000][15960][safepoint    ] Safepoint "Cleanup", Time since last: 1000580173 ns, Reaching safepoint: 199884 ns, At safepoint: 6493 ns, Total: 206377 ns
[2020-05-16T08:23:37.764+0000][15960][safepoint    ] Safepoint "Cleanup", Time since last: 1000227246 ns, Reaching safepoint: 105740 ns, At safepoint: 4173 ns, Total: 109913 ns
[2020-05-16T08:23:38.764+0000][15960][safepoint    ] Safepoint "Cleanup", Time since last: 1000778203 ns, Reaching safepoint: 180869 ns, At safepoint: 6957 ns, Total: 187826 ns
[2020-05-16T08:23:39.765+0000][15960][safepoint    ] Safepoint "Cleanup", Time since last: 1000822260 ns, Reaching safepoint: 149798 ns, At safepoint: 9275 ns, Total: 159073 ns
[2020-05-16T08:23:40.766+0000][15960][safepoint    ] Safepoint "Cleanup", Time since last: 1000298666 ns, Reaching safepoint: 159073 ns, At safepoint: 6956 ns, Total: 166029 ns
[2020-05-16T08:23:41.767+0000][15960][safepoint    ] Safepoint "Cleanup", Time since last: 1000499942 ns, Reaching safepoint: 126145 ns, At safepoint: 6493 ns, Total: 132638 ns
[2020-05-16T08:23:42.767+0000][15960][safepoint    ] Safepoint "Cleanup", Time since last: 1000680347 ns, Reaching safepoint: 132174 ns, At safepoint: 6493 ns, Total: 138667 ns
[2020-05-16T08:23:43.768+0000][15960][safepoint    ] Safepoint "Cleanup", Time since last: 1000182261 ns, Reaching safepoint: 161391 ns, At safepoint: 6493 ns, Total: 167884 ns
[2020-05-16T08:23:44.768+0000][15960][safepoint    ] Safepoint "Cleanup", Time since last: 1000478144 ns, Reaching safepoint: 147479 ns, At safepoint: 28753 ns, Total: 176232 ns
[2020-05-16T08:23:45.769+0000][15960][safepoint    ] Safepoint "Cleanup", Time since last: 1000514782 ns, Reaching safepoint: 158145 ns, At safepoint: 6029 ns, Total: 164174 ns
[2020-05-16T08:23:46.769+0000][15960][safepoint    ] Safepoint "Cleanup", Time since last: 1000101566 ns, Reaching safepoint: 78376 ns, At safepoint: 2783 ns, Total: 81159 ns
[2020-05-16T08:23:47.770+0000][15960][safepoint    ] Safepoint "Cleanup", Time since last: 1000300058 ns, Reaching safepoint: 379362 ns, At safepoint: 11594 ns, Total: 390956 ns
[2020-05-16T08:23:48.770+0000][15960][safepoint    ] Safepoint "Cleanup", Time since last: 1000012058 ns, Reaching safepoint: 158145 ns, At safepoint: 6029 ns, Total: 164174 ns
[2020-05-16T08:23:50.061+0000][15960][safepoint    ] Safepoint "Cleanup", Time since last: 1290986068 ns, Reaching safepoint: 126608 ns, At safepoint: 8812 ns, Total: 135420 ns
[2020-05-16T08:23:51.062+0000][15960][safepoint    ] Safepoint "Cleanup", Time since last: 1000168348 ns, Reaching safepoint: 138203 ns, At safepoint: 6029 ns, Total: 144232 ns
[2020-05-16T08:23:52.062+0000][15960][safepoint    ] Safepoint "Cleanup", Time since last: 1000806956 ns, Reaching safepoint: 155826 ns, At safepoint: 6956 ns, Total: 162782 ns
[2020-05-16T08:23:53.063+0000][15960][safepoint    ] Safepoint "Cleanup", Time since last: 1000143768 ns, Reaching safepoint: 142841 ns, At safepoint: 4638 ns, Total: 147479 ns
[2020-05-16T08:23:54.063+0000][15960][safepoint    ] Safepoint "Cleanup", Time since last: 1000466086 ns, Reaching safepoint: 115942 ns, At safepoint: 6029 ns, Total: 121971 ns
[2020-05-16T08:23:55.064+0000][15960][safepoint    ] Safepoint "Cleanup", Time since last: 1000211942 ns, Reaching safepoint: 156290 ns, At safepoint: 6493 ns, Total: 162783 ns
[2020-05-16T08:23:56.065+0000][15960][safepoint    ] Safepoint "Cleanup", Time since last: 1000693333 ns, Reaching safepoint: 89507 ns, At safepoint: 3246 ns, Total: 92753 ns
[2020-05-16T08:23:57.065+0000][15960][safepoint    ] Safepoint "Cleanup", Time since last: 1000378435 ns, Reaching safepoint: 128000 ns, At safepoint: 4174 ns, Total: 132174 ns
[2020-05-16T08:23:59.066+0000][15960][safepoint    ] Safepoint "Cleanup", Time since last: 2000706318 ns, Reaching safepoint: 106203 ns, At safepoint: 4638 ns, Total: 110841 ns
[2020-05-16T08:24:00.067+0000][15960][safepoint    ] Safepoint "Cleanup", Time since last: 1000844521 ns, Reaching safepoint: 176696 ns, At safepoint: 11594 ns, Total: 188290 ns
[2020-05-16T08:24:01.067+0000][15960][safepoint    ] Safepoint "Cleanup", Time since last: 1000293101 ns, Reaching safepoint: 112232 ns, At safepoint: 6957 ns, Total: 119189 ns
[2020-05-16T08:24:03.068+0000][15960][safepoint    ] Safepoint "Cleanup", Time since last: 2000086724 ns, Reaching safepoint: 153044 ns, At safepoint: 9275 ns, Total: 162319 ns
[2020-05-16T08:24:04.097+0000][15960][safepoint    ] Safepoint "Cleanup", Time since last: 1029461320 ns, Reaching safepoint: 145159 ns, At safepoint: 6956 ns, Total: 152115 ns
[2020-05-16T08:24:05.097+0000][15960][safepoint    ] Safepoint "Cleanup", Time since last: 1000055653 ns, Reaching safepoint: 170202 ns, At safepoint: 9740 ns, Total: 179942 ns
[2020-05-16T08:24:06.098+0000][15960][safepoint    ] Safepoint "Cleanup", Time since last: 1000095536 ns, Reaching safepoint: 152116 ns, At safepoint: 6956 ns, Total: 159072 ns
[2020-05-16T08:24:08.032+0000][15960][safepoint    ] Safepoint "Cleanup", Time since last: 1934276668 ns, Reaching safepoint: 193855 ns, At safepoint: 9739 ns, Total: 203594 ns
[2020-05-16T08:24:09.032+0000][15960][safepoint    ] Safepoint "Cleanup", Time since last: 1000125218 ns, Reaching safepoint: 104348 ns, At safepoint: 2782 ns, Total: 107130 ns
[2020-05-16T08:24:10.033+0000][15960][safepoint    ] Safepoint "Cleanup", Time since last: 1000396522 ns, Reaching safepoint: 163710 ns, At safepoint: 8811 ns, Total: 172521 ns
[2020-05-16T08:24:12.033+0000][15960][safepoint    ] Safepoint "Cleanup", Time since last: 2000022261 ns, Reaching safepoint: 167884 ns, At safepoint: 7420 ns, Total: 175304 ns
[2020-05-16T08:24:14.033+0000][15960][safepoint    ] Safepoint "Cleanup", Time since last: 2000064464 ns, Reaching safepoint: 148406 ns, At safepoint: 6029 ns, Total: 154435 ns
[2020-05-16T08:24:16.034+0000][15960][safepoint    ] Safepoint "Cleanup", Time since last: 2000097391 ns, Reaching safepoint: 126609 ns, At safepoint: 3246 ns, Total: 129855 ns
[2020-05-16T08:24:17.034+0000][15960][safepoint    ] Safepoint "Cleanup", Time since last: 1000900637 ns, Reaching safepoint: 151653 ns, At safepoint: 6956 ns, Total: 158609 ns
[2020-05-16T08:24:18.035+0000][15960][safepoint    ] Safepoint "Cleanup", Time since last: 1000375652 ns, Reaching safepoint: 168348 ns, At safepoint: 4174 ns, Total: 172522 ns
[2020-05-16T08:24:19.036+0000][15960][safepoint    ] Safepoint "Cleanup", Time since last: 1000164637 ns, Reaching safepoint: 141913 ns, At safepoint: 6029 ns, Total: 147942 ns
[2020-05-16T08:24:20.036+0000][15960][safepoint    ] Safepoint "Cleanup", Time since last: 1000394667 ns, Reaching safepoint: 149333 ns, At safepoint: 9275 ns, Total: 158608 ns
[2020-05-16T08:24:22.036+0000][15960][safepoint    ] Safepoint "Cleanup", Time since last: 1999979131 ns, Reaching safepoint: 199420 ns, At safepoint: 7884 ns, Total: 207304 ns
[2020-05-16T08:24:23.037+0000][15960][safepoint    ] Safepoint "Cleanup", Time since last: 1000299130 ns, Reaching safepoint: 169276 ns, At safepoint: 5565 ns, Total: 174841 ns
[2020-05-16T08:24:24.038+0000][15960][safepoint    ] Safepoint "Cleanup", Time since last: 1000798144 ns, Reaching safepoint: 147015 ns, At safepoint: 7884 ns, Total: 154899 ns
[2020-05-16T08:24:25.038+0000][15960][safepoint    ] Safepoint "Cleanup", Time since last: 1000627942 ns, Reaching safepoint: 154898 ns, At safepoint: 6029 ns, Total: 160927 ns
[2020-05-16T08:24:26.039+0000][15960][safepoint    ] Safepoint "Cleanup", Time since last: 1000014841 ns, Reaching safepoint: 121043 ns, At safepoint: 4638 ns, Total: 125681 ns
[2020-05-16T08:24:27.039+0000][15960][safepoint    ] Safepoint "Cleanup", Time since last: 1000641391 ns, Reaching safepoint: 128927 ns, At safepoint: 5565 ns, Total: 134492 ns
[2020-05-16T08:24:28.040+0000][15960][safepoint    ] Safepoint "Cleanup", Time since last: 1000034319 ns, Reaching safepoint: 124290 ns, At safepoint: 5102 ns, Total: 129392 ns
[2020-05-16T08:24:29.045+0000][15960][safepoint    ] Safepoint "Cleanup", Time since last: 1004953505 ns, Reaching safepoint: 123826 ns, At safepoint: 5101 ns, Total: 128927 ns
[2020-05-16T08:24:30.045+0000][15960][safepoint    ] Safepoint "Cleanup", Time since last: 1000169275 ns, Reaching safepoint: 128000 ns, At safepoint: 4638 ns, Total: 132638 ns
[2020-05-16T08:24:32.045+0000][15960][safepoint    ] Safepoint "Cleanup", Time since last: 2000204522 ns, Reaching safepoint: 106666 ns, At safepoint: 4174 ns, Total: 110840 ns
[2020-05-16T08:24:33.046+0000][15960][safepoint    ] Safepoint "Cleanup", Time since last: 1000205913 ns, Reaching safepoint: 113159 ns, At safepoint: 4174 ns, Total: 117333 ns
[2020-05-16T08:24:34.046+0000][15960][safepoint    ] Safepoint "Cleanup", Time since last: 1000633971 ns, Reaching safepoint: 106203 ns, At safepoint: 4174 ns, Total: 110377 ns
[2020-05-16T08:24:35.047+0000][15960][safepoint    ] Safepoint "Cleanup", Time since last: 1000851941 ns, Reaching safepoint: 107131 ns, At safepoint: 4174 ns, Total: 111305 ns
[2020-05-16T08:24:36.048+0000][15960][safepoint    ] Safepoint "Cleanup", Time since last: 1000342724 ns, Reaching safepoint: 82087 ns, At safepoint: 3246 ns, Total: 85333 ns
[2020-05-16T08:24:38.049+0000][15960][safepoint    ] Safepoint "Cleanup", Time since last: 2000876058 ns, Reaching safepoint: 213333 ns, At safepoint: 26435 ns, Total: 239768 ns
[2020-05-16T08:24:39.050+0000][15960][safepoint    ] Safepoint "Cleanup", Time since last: 1000512000 ns, Reaching safepoint: 117333 ns, At safepoint: 3246 ns, Total: 120579 ns
[2020-05-16T08:24:40.050+0000][15960][safepoint    ] Safepoint "Cleanup", Time since last: 1000600116 ns, Reaching safepoint: 112696 ns, At safepoint: 3710 ns, Total: 116406 ns
[2020-05-16T08:24:42.051+0000][15960][safepoint    ] Safepoint "Cleanup", Time since last: 2000840347 ns, Reaching safepoint: 108058 ns, At safepoint: 6957 ns, Total: 115015 ns
[2020-05-16T08:24:44.051+0000][15960][safepoint    ] Safepoint "Cleanup", Time since last: 1999975420 ns, Reaching safepoint: 131710 ns, At safepoint: 7884 ns, Total: 139594 ns
[2020-05-16T08:24:46.052+0000][15960][safepoint    ] Safepoint "Cleanup", Time since last: 2000285681 ns, Reaching safepoint: 76058 ns, At safepoint: 2783 ns, Total: 78841 ns
[2020-05-16T08:24:47.052+0000][15960][safepoint    ] Safepoint "Cleanup", Time since last: 1000009275 ns, Reaching safepoint: 121507 ns, At safepoint: 5102 ns, Total: 126609 ns
[2020-05-16T08:24:48.053+0000][15960][safepoint    ] Safepoint "Cleanup", Time since last: 1000674318 ns, Reaching safepoint: 107131 ns, At safepoint: 5101 ns, Total: 112232 ns
[2020-05-16T08:24:49.081+0000][15960][safepoint    ] Safepoint "Cleanup", Time since last: 1028503639 ns, Reaching safepoint: 128464 ns, At safepoint: 6029 ns, Total: 134493 ns
[2020-05-16T08:24:51.081+0000][15960][safepoint    ] Safepoint "Cleanup", Time since last: 1999954087 ns, Reaching safepoint: 143768 ns, At safepoint: 7420 ns, Total: 151188 ns
[2020-05-16T08:24:52.082+0000][15960][safepoint    ] Safepoint "Cleanup", Time since last: 1000557449 ns, Reaching safepoint: 140986 ns, At safepoint: 6029 ns, Total: 147015 ns
[2020-05-16T08:24:53.083+0000][15960][safepoint    ] Safepoint "Cleanup", Time since last: 1000413680 ns, Reaching safepoint: 140058 ns, At safepoint: 5566 ns, Total: 145624 ns
[2020-05-16T08:24:54.083+0000][15960][safepoint    ] Safepoint "Cleanup", Time since last: 1000309333 ns, Reaching safepoint: 124290 ns, At safepoint: 3246 ns, Total: 127536 ns
[2020-05-16T08:24:55.084+0000][15960][safepoint    ] Safepoint "Cleanup", Time since last: 1000822724 ns, Reaching safepoint: 86725 ns, At safepoint: 3246 ns, Total: 89971 ns
[2020-05-16T08:24:56.084+0000][15960][safepoint    ] Safepoint "Cleanup", Time since last: 1000044986 ns, Reaching safepoint: 112695 ns, At safepoint: 5102 ns, Total: 117797 ns
[2020-05-16T08:24:57.084+0000][15960][safepoint    ] Safepoint "Cleanup", Time since last: 1000228174 ns, Reaching safepoint: 156289 ns, At safepoint: 5566 ns, Total: 161855 ns
[2020-05-16T08:24:58.085+0000][15960][safepoint    ] Safepoint "Cleanup", Time since last: 1000154434 ns, Reaching safepoint: 99710 ns, At safepoint: 3710 ns, Total: 103420 ns
[2020-05-16T08:24:59.085+0000][15960][safepoint    ] Safepoint "Cleanup", Time since last: 1000517565 ns, Reaching safepoint: 139595 ns, At safepoint: 6029 ns, Total: 145624 ns
[2020-05-16T08:25:01.086+0000][15960][safepoint    ] Safepoint "Cleanup", Time since last: 2000025043 ns, Reaching safepoint: 139130 ns, At safepoint: 6029 ns, Total: 145159 ns
[2020-05-16T08:25:02.086+0000][15960][safepoint    ] Safepoint "Cleanup", Time since last: 1000711420 ns, Reaching safepoint: 131247 ns, At safepoint: 5565 ns, Total: 136812 ns
[2020-05-16T08:25:03.087+0000][15960][safepoint    ] Safepoint "Cleanup", Time since last: 1000533333 ns, Reaching safepoint: 127072 ns, At safepoint: 6029 ns, Total: 133101 ns
[2020-05-16T08:25:04.452+0000][15960][safepoint    ] Safepoint "Cleanup", Time since last: 1362167485 ns, Reaching safepoint: 3117911 ns, At safepoint: 57971 ns, Total: 3175882 ns
[2020-05-16T08:25:05.453+0000][15960][safepoint    ] Safepoint "Cleanup", Time since last: 1000334841 ns, Reaching safepoint: 242550 ns, At safepoint: 54725 ns, Total: 297275 ns
[2020-05-16T08:25:07.453+0000][15960][safepoint    ] Safepoint "Cleanup", Time since last: 1999789913 ns, Reaching safepoint: 174840 ns, At safepoint: 9276 ns, Total: 184116 ns
[2020-05-16T08:25:08.454+0000][15960][safepoint    ] Safepoint "Cleanup", Time since last: 1000718840 ns, Reaching safepoint: 138667 ns, At safepoint: 6492 ns, Total: 145159 ns
[2020-05-16T08:25:09.454+0000][15960][safepoint    ] Safepoint "Cleanup", Time since last: 1000273623 ns, Reaching safepoint: 131711 ns, At safepoint: 31536 ns, Total: 163247 ns
[2020-05-16T08:25:10.455+0000][15960][safepoint    ] Safepoint "Cleanup", Time since last: 1000580173 ns, Reaching safepoint: 113624 ns, At safepoint: 5565 ns, Total: 119189 ns
[2020-05-16T08:25:11.456+0000][15960][safepoint    ] Safepoint "Cleanup", Time since last: 1000408116 ns, Reaching safepoint: 118724 ns, At safepoint: 5565 ns, Total: 124289 ns
[2020-05-16T08:25:12.456+0000][15960][safepoint    ] Safepoint "Cleanup", Time since last: 1000606609 ns, Reaching safepoint: 132637 ns, At safepoint: 5102 ns, Total: 137739 ns
[2020-05-16T08:25:13.457+0000][15960][safepoint    ] Safepoint "Cleanup", Time since last: 1000236058 ns, Reaching safepoint: 134029 ns, At safepoint: 7884 ns, Total: 141913 ns
[2020-05-16T08:25:14.457+0000][15960][safepoint    ] Safepoint "Cleanup", Time since last: 1000408115 ns, Reaching safepoint: 134493 ns, At safepoint: 8812 ns, Total: 143305 ns
[2020-05-16T08:25:15.458+0000][15960][safepoint    ] Safepoint "Cleanup", Time since last: 1000226318 ns, Reaching safepoint: 145624 ns, At safepoint: 5565 ns, Total: 151189 ns
[2020-05-16T08:25:16.458+0000][15960][safepoint    ] Safepoint "Cleanup", Time since last: 1000123826 ns, Reaching safepoint: 128000 ns, At safepoint: 22724 ns, Total: 150724 ns
[2020-05-16T08:25:17.458+0000][15960][safepoint    ] Safepoint "Cleanup", Time since last: 1000008348 ns, Reaching safepoint: 143768 ns, At safepoint: 5565 ns, Total: 149333 ns
[2020-05-16T08:25:19.459+0000][15960][safepoint    ] Safepoint "Cleanup", Time since last: 2000821797 ns, Reaching safepoint: 162783 ns, At safepoint: 5565 ns, Total: 168348 ns
[2020-05-16T08:25:20.459+0000][15960][safepoint    ] Safepoint "Cleanup", Time since last: 1000265739 ns, Reaching safepoint: 134029 ns, At safepoint: 6493 ns, Total: 140522 ns
[2020-05-16T08:25:21.460+0000][15960][safepoint    ] Safepoint "Cleanup", Time since last: 1000153507 ns, Reaching safepoint: 144232 ns, At safepoint: 5565 ns, Total: 149797 ns
[2020-05-16T08:25:23.460+0000][15960][safepoint    ] Safepoint "Cleanup", Time since last: 2000405797 ns, Reaching safepoint: 137275 ns, At safepoint: 7884 ns, Total: 145159 ns
[2020-05-16T08:25:24.461+0000][15960][safepoint    ] Safepoint "Cleanup", Time since last: 1000783304 ns, Reaching safepoint: 138203 ns, At safepoint: 5101 ns, Total: 143304 ns
[2020-05-16T08:25:25.462+0000][15960][safepoint    ] Safepoint "Cleanup", Time since last: 1000696116 ns, Reaching safepoint: 147478 ns, At safepoint: 5102 ns, Total: 152580 ns
[2020-05-16T08:25:26.463+0000][15960][safepoint    ] Safepoint "Cleanup", Time since last: 1000611709 ns, Reaching safepoint: 139131 ns, At safepoint: 5565 ns, Total: 144696 ns
[2020-05-16T08:25:27.464+0000][15960][safepoint    ] Safepoint "Cleanup", Time since last: 1000754550 ns, Reaching safepoint: 142841 ns, At safepoint: 6493 ns, Total: 149334 ns
[2020-05-16T08:25:28.464+0000][15960][safepoint    ] Safepoint "Cleanup", Time since last: 1000304231 ns, Reaching safepoint: 153508 ns, At safepoint: 7884 ns, Total: 161392 ns
[2020-05-16T08:25:30.465+0000][15960][safepoint    ] Safepoint "Cleanup", Time since last: 2000429912 ns, Reaching safepoint: 142377 ns, At safepoint: 6029 ns, Total: 148406 ns
[2020-05-16T08:25:31.465+0000][15960][safepoint    ] Safepoint "Cleanup", Time since last: 1000352464 ns, Reaching safepoint: 138203 ns, At safepoint: 7420 ns, Total: 145623 ns
[2020-05-16T08:25:32.466+0000][15960][safepoint    ] Safepoint "Cleanup", Time since last: 1000796289 ns, Reaching safepoint: 139595 ns, At safepoint: 5101 ns, Total: 144696 ns
[2020-05-16T08:25:33.467+0000][15960][safepoint    ] Safepoint "Cleanup", Time since last: 1000511072 ns, Reaching safepoint: 170667 ns, At safepoint: 5101 ns, Total: 175768 ns
[2020-05-16T08:25:34.467+0000][15960][safepoint    ] Safepoint "Cleanup", Time since last: 1000369160 ns, Reaching safepoint: 114086 ns, At safepoint: 5102 ns, Total: 119188 ns
[2020-05-16T08:25:36.468+0000][15960][safepoint    ] Safepoint "Cleanup", Time since last: 2000321855 ns, Reaching safepoint: 172521 ns, At safepoint: 6029 ns, Total: 178550 ns
[2020-05-16T08:25:38.469+0000][15960][safepoint    ] Safepoint "Cleanup", Time since last: 2000723942 ns, Reaching safepoint: 136812 ns, At safepoint: 7884 ns, Total: 144696 ns
[2020-05-16T08:25:39.470+0000][15960][safepoint    ] Safepoint "Cleanup", Time since last: 1000697507 ns, Reaching safepoint: 131710 ns, At safepoint: 10203 ns, Total: 141913 ns
[2020-05-16T08:25:40.470+0000][15960][safepoint    ] Safepoint "Cleanup", Time since last: 1000589912 ns, Reaching safepoint: 140058 ns, At safepoint: 5565 ns, Total: 145623 ns
[2020-05-16T08:25:41.583+0000][15960][safepoint    ] Safepoint "Cleanup", Time since last: 1113081919 ns, Reaching safepoint: 100638 ns, At safepoint: 3710 ns, Total: 104348 ns
[2020-05-16T08:25:43.584+0000][15960][safepoint    ] Safepoint "Cleanup", Time since last: 2000218898 ns, Reaching safepoint: 370551 ns, At safepoint: 8811 ns, Total: 379362 ns
[2020-05-16T08:25:44.584+0000][15960][safepoint    ] Safepoint "Cleanup", Time since last: 1000130319 ns, Reaching safepoint: 143305 ns, At safepoint: 16695 ns, Total: 160000 ns
[2020-05-16T08:25:45.585+0000][15960][safepoint    ] Safepoint "Cleanup", Time since last: 1000648348 ns, Reaching safepoint: 162318 ns, At safepoint: 7884 ns, Total: 170202 ns
[2020-05-16T08:25:47.141+0000][15960][safepoint    ] Safepoint "Cleanup", Time since last: 1555400091 ns, Reaching safepoint: 130319 ns, At safepoint: 27826 ns, Total: 158145 ns
[2020-05-16T08:25:49.141+0000][15960][safepoint    ] Safepoint "Cleanup", Time since last: 2000084869 ns, Reaching safepoint: 111304 ns, At safepoint: 4638 ns, Total: 115942 ns
[2020-05-16T08:25:50.142+0000][15960][safepoint    ] Safepoint "Cleanup", Time since last: 1000631188 ns, Reaching safepoint: 152580 ns, At safepoint: 6029 ns, Total: 158609 ns
[2020-05-16T08:25:51.142+0000][15960][safepoint    ] Safepoint "Cleanup", Time since last: 1000589913 ns, Reaching safepoint: 148869 ns, At safepoint: 6029 ns, Total: 154898 ns
[2020-05-16T08:25:52.143+0000][15960][safepoint    ] Safepoint "Cleanup", Time since last: 1000490203 ns, Reaching safepoint: 122434 ns, At safepoint: 5102 ns, Total: 127536 ns
[2020-05-16T08:25:53.144+0000][15960][safepoint    ] Safepoint "Cleanup", Time since last: 1000480000 ns, Reaching safepoint: 167420 ns, At safepoint: 6493 ns, Total: 173913 ns
[2020-05-16T08:25:54.144+0000][15960][safepoint    ] Safepoint "Cleanup", Time since last: 1000358956 ns, Reaching safepoint: 130783 ns, At safepoint: 5565 ns, Total: 136348 ns
[2020-05-16T08:25:55.145+0000][15960][safepoint    ] Safepoint "Cleanup", Time since last: 1000457275 ns, Reaching safepoint: 183188 ns, At safepoint: 6493 ns, Total: 189681 ns
[2020-05-16T08:25:56.145+0000][15960][safepoint    ] Safepoint "Cleanup", Time since last: 1000282435 ns, Reaching safepoint: 411826 ns, At safepoint: 14376 ns, Total: 426202 ns
[2020-05-16T08:25:58.146+0000][15960][safepoint    ] Safepoint "Cleanup", Time since last: 2000381218 ns, Reaching safepoint: 116869 ns, At safepoint: 5102 ns, Total: 121971 ns
[2020-05-16T08:25:59.146+0000][15960][safepoint    ] Safepoint "Cleanup", Time since last: 1000120115 ns, Reaching safepoint: 121508 ns, At safepoint: 4637 ns, Total: 126145 ns
[2020-05-16T08:26:00.147+0000][15960][safepoint    ] Safepoint "Cleanup", Time since last: 1000238841 ns, Reaching safepoint: 86261 ns, At safepoint: 3710 ns, Total: 89971 ns
[2020-05-16T08:26:01.148+0000][15960][safepoint    ] Safepoint "Cleanup", Time since last: 1000763825 ns, Reaching safepoint: 121971 ns, At safepoint: 2783 ns, Total: 124754 ns
[2020-05-16T08:26:02.148+0000][15960][safepoint    ] Safepoint "Cleanup", Time since last: 1000213333 ns, Reaching safepoint: 116406 ns, At safepoint: 5101 ns, Total: 121507 ns
[2020-05-16T08:26:03.148+0000][15960][safepoint    ] Safepoint "Cleanup", Time since last: 1000269450 ns, Reaching safepoint: 100173 ns, At safepoint: 4638 ns, Total: 104811 ns
[2020-05-16T08:26:05.149+0000][15960][safepoint    ] Safepoint "Cleanup", Time since last: 2000212406 ns, Reaching safepoint: 110377 ns, At safepoint: 4174 ns, Total: 114551 ns
[2020-05-16T08:26:06.149+0000][15960][safepoint    ] Safepoint "Cleanup", Time since last: 1000216115 ns, Reaching safepoint: 97392 ns, At safepoint: 3710 ns, Total: 101102 ns
[2020-05-16T08:26:07.150+0000][15960][safepoint    ] Safepoint "Cleanup", Time since last: 1000852405 ns, Reaching safepoint: 136348 ns, At safepoint: 7884 ns, Total: 144232 ns
[2020-05-16T08:26:08.151+0000][15960][safepoint    ] Safepoint "Cleanup", Time since last: 1000604290 ns, Reaching safepoint: 140057 ns, At safepoint: 8348 ns, Total: 148405 ns
[2020-05-16T08:26:09.151+0000][15960][safepoint    ] Safepoint "Cleanup", Time since last: 1000347826 ns, Reaching safepoint: 144696 ns, At safepoint: 6029 ns, Total: 150725 ns
[2020-05-16T08:26:10.597+0000][15960][safepoint    ] Safepoint "Cleanup", Time since last: 1445935561 ns, Reaching safepoint: 137739 ns, At safepoint: 6029 ns, Total: 143768 ns
[2020-05-16T08:26:11.598+0000][15960][safepoint    ] Safepoint "Cleanup", Time since last: 1000350145 ns, Reaching safepoint: 96000 ns, At safepoint: 2782 ns, Total: 98782 ns
[2020-05-16T08:26:12.599+0000][15960][safepoint    ] Safepoint "Cleanup", Time since last: 1000806493 ns, Reaching safepoint: 153971 ns, At safepoint: 28753 ns, Total: 182724 ns
[2020-05-16T08:26:13.599+0000][15960][safepoint    ] Safepoint "Cleanup", Time since last: 1000316290 ns, Reaching safepoint: 288000 ns, At safepoint: 60290 ns, Total: 348290 ns
[2020-05-16T08:26:14.600+0000][15960][safepoint    ] Safepoint "Cleanup", Time since last: 1000491594 ns, Reaching safepoint: 134029 ns, At safepoint: 16232 ns, Total: 150261 ns
[2020-05-16T08:26:15.600+0000][15960][safepoint    ] Safepoint "Cleanup", Time since last: 1000268057 ns, Reaching safepoint: 112232 ns, At safepoint: 5102 ns, Total: 117334 ns
[2020-05-16T08:26:16.601+0000][15960][safepoint    ] Safepoint "Cleanup", Time since last: 1000725796 ns, Reaching safepoint: 139131 ns, At safepoint: 5565 ns, Total: 144696 ns
[2020-05-16T08:26:17.602+0000][15960][safepoint    ] Safepoint "Cleanup", Time since last: 1000719304 ns, Reaching safepoint: 138203 ns, At safepoint: 6029 ns, Total: 144232 ns
[2020-05-16T08:26:18.603+0000][15960][safepoint    ] Safepoint "Cleanup", Time since last: 1000456347 ns, Reaching safepoint: 137740 ns, At safepoint: 6492 ns, Total: 144232 ns
[2020-05-16T08:26:20.603+0000][15960][safepoint    ] Safepoint "Cleanup", Time since last: 2000380754 ns, Reaching safepoint: 131710 ns, At safepoint: 5101 ns, Total: 136811 ns
[2020-05-16T08:26:21.603+0000][15960][safepoint    ] Safepoint "Cleanup", Time since last: 1000034319 ns, Reaching safepoint: 141913 ns, At safepoint: 5565 ns, Total: 147478 ns
[2020-05-16T08:26:22.604+0000][15960][safepoint    ] Safepoint "Cleanup", Time since last: 1000686841 ns, Reaching safepoint: 131246 ns, At safepoint: 5101 ns, Total: 136347 ns
[2020-05-16T08:26:23.605+0000][15960][safepoint    ] Safepoint "Cleanup", Time since last: 1000616812 ns, Reaching safepoint: 110840 ns, At safepoint: 4174 ns, Total: 115014 ns
[2020-05-16T08:26:24.606+0000][15960][safepoint    ] Safepoint "Cleanup", Time since last: 1000999420 ns, Reaching safepoint: 143768 ns, At safepoint: 2783 ns, Total: 146551 ns
[2020-05-16T08:26:25.607+0000][15960][safepoint    ] Safepoint "Cleanup", Time since last: 1000672463 ns, Reaching safepoint: 97855 ns, At safepoint: 4174 ns, Total: 102029 ns
[2020-05-16T08:26:26.607+0000][15960][safepoint    ] Safepoint "Cleanup", Time since last: 1000368695 ns, Reaching safepoint: 279189 ns, At safepoint: 6029 ns, Total: 285218 ns
[2020-05-16T08:26:27.608+0000][15960][safepoint    ] Safepoint "Cleanup", Time since last: 1000531941 ns, Reaching safepoint: 413681 ns, At safepoint: 12986 ns, Total: 426667 ns
[2020-05-16T08:26:29.609+0000][15960][safepoint    ] Safepoint "Cleanup", Time since last: 1999879420 ns, Reaching safepoint: 96928 ns, At safepoint: 3246 ns, Total: 100174 ns
[2020-05-16T08:26:30.609+0000][15960][safepoint    ] Safepoint "Cleanup", Time since last: 1000195710 ns, Reaching safepoint: 91362 ns, At safepoint: 3247 ns, Total: 94609 ns
[2020-05-16T08:26:31.609+0000][15960][safepoint    ] Safepoint "Cleanup", Time since last: 1000217507 ns, Reaching safepoint: 148869 ns, At safepoint: 4638 ns, Total: 153507 ns
[2020-05-16T08:26:33.609+0000][15960][safepoint    ] Safepoint "Cleanup", Time since last: 1999983305 ns, Reaching safepoint: 92289 ns, At safepoint: 3247 ns, Total: 95536 ns
[2020-05-16T08:26:34.610+0000][15960][safepoint    ] Safepoint "Cleanup", Time since last: 1000746666 ns, Reaching safepoint: 157681 ns, At safepoint: 4174 ns, Total: 161855 ns
[2020-05-16T08:26:35.611+0000][15960][safepoint    ] Safepoint "Cleanup", Time since last: 1000644637 ns, Reaching safepoint: 97855 ns, At safepoint: 4174 ns, Total: 102029 ns
[2020-05-16T08:26:36.612+0000][15960][safepoint    ] Safepoint "Cleanup", Time since last: 1000523131 ns, Reaching safepoint: 137275 ns, At safepoint: 4174 ns, Total: 141449 ns
[2020-05-16T08:26:37.612+0000][15960][safepoint    ] Safepoint "Cleanup", Time since last: 1000309797 ns, Reaching safepoint: 135420 ns, At safepoint: 6029 ns, Total: 141449 ns
[2020-05-16T08:26:38.613+0000][15960][safepoint    ] Safepoint "Cleanup", Time since last: 1000309797 ns, Reaching safepoint: 153971 ns, At safepoint: 4637 ns, Total: 158608 ns
[2020-05-16T08:26:40.613+0000][15960][safepoint    ] Safepoint "Cleanup", Time since last: 2000377971 ns, Reaching safepoint: 134493 ns, At safepoint: 4638 ns, Total: 139131 ns
[2020-05-16T08:26:41.614+0000][15960][safepoint    ] Safepoint "Cleanup", Time since last: 1000355246 ns, Reaching safepoint: 110840 ns, At safepoint: 6029 ns, Total: 116869 ns
[2020-05-16T08:26:42.614+0000][15960][safepoint    ] Safepoint "Cleanup", Time since last: 1000355710 ns, Reaching safepoint: 108522 ns, At safepoint: 4174 ns, Total: 112696 ns
[2020-05-16T08:26:43.615+0000][15960][safepoint    ] Safepoint "Cleanup", Time since last: 1000710956 ns, Reaching safepoint: 124754 ns, At safepoint: 3710 ns, Total: 128464 ns
[2020-05-16T08:26:44.615+0000][15960][safepoint    ] Safepoint "Cleanup", Time since last: 1000469333 ns, Reaching safepoint: 144696 ns, At safepoint: 9275 ns, Total: 153971 ns
[2020-05-16T08:26:45.616+0000][15960][safepoint    ] Safepoint "Cleanup", Time since last: 1000766608 ns, Reaching safepoint: 96000 ns, At safepoint: 3247 ns, Total: 99247 ns
[2020-05-16T08:26:46.617+0000][15960][safepoint    ] Safepoint "Cleanup", Time since last: 1000774028 ns, Reaching safepoint: 106203 ns, At safepoint: 2783 ns, Total: 108986 ns
[2020-05-16T08:26:47.618+0000][15960][safepoint    ] Safepoint "Cleanup", Time since last: 1000847767 ns, Reaching safepoint: 118261 ns, At safepoint: 5102 ns, Total: 123363 ns
[2020-05-16T08:26:48.619+0000][15960][safepoint    ] Safepoint "Cleanup", Time since last: 1000342724 ns, Reaching safepoint: 88580 ns, At safepoint: 4638 ns, Total: 93218 ns
[2020-05-16T08:26:49.619+0000][15960][safepoint    ] Safepoint "Cleanup", Time since last: 1000375652 ns, Reaching safepoint: 142376 ns, At safepoint: 5102 ns, Total: 147478 ns
[2020-05-16T08:26:50.620+0000][15960][safepoint    ] Safepoint "Cleanup", Time since last: 1000335304 ns, Reaching safepoint: 102956 ns, At safepoint: 2783 ns, Total: 105739 ns
[2020-05-16T08:26:51.620+0000][15960][safepoint    ] Safepoint "Cleanup", Time since last: 1000176232 ns, Reaching safepoint: 111768 ns, At safepoint: 4638 ns, Total: 116406 ns
[2020-05-16T08:26:52.620+0000][15960][safepoint    ] Safepoint "Cleanup", Time since last: 1000453101 ns, Reaching safepoint: 79768 ns, At safepoint: 3246 ns, Total: 83014 ns
[2020-05-16T08:26:53.621+0000][15960][safepoint    ] Safepoint "Cleanup", Time since last: 1000634435 ns, Reaching safepoint: 115478 ns, At safepoint: 4638 ns, Total: 120116 ns
[2020-05-16T08:26:54.622+0000][15960][safepoint    ] Safepoint "Cleanup", Time since last: 1000614956 ns, Reaching safepoint: 79768 ns, At safepoint: 2783 ns, Total: 82551 ns
[2020-05-16T08:26:55.623+0000][15960][safepoint    ] Safepoint "Cleanup", Time since last: 1000582956 ns, Reaching safepoint: 82087 ns, At safepoint: 3246 ns, Total: 85333 ns
[2020-05-16T08:26:56.623+0000][15960][safepoint    ] Safepoint "Cleanup", Time since last: 1000201739 ns, Reaching safepoint: 115942 ns, At safepoint: 4638 ns, Total: 120580 ns
[2020-05-16T08:26:57.626+0000][15960][safepoint    ] Safepoint "Cleanup", Time since last: 1003398027 ns, Reaching safepoint: 128464 ns, At safepoint: 2783 ns, Total: 131247 ns
[2020-05-16T08:26:58.627+0000][15960][safepoint    ] Safepoint "Cleanup", Time since last: 1000498550 ns, Reaching safepoint: 94145 ns, At safepoint: 2782 ns, Total: 96927 ns
[2020-05-16T08:26:59.628+0000][15960][safepoint    ] Safepoint "Cleanup", Time since last: 1000465160 ns, Reaching safepoint: 97391 ns, At safepoint: 2783 ns, Total: 100174 ns
[2020-05-16T08:27:00.628+0000][15960][safepoint    ] Safepoint "Cleanup", Time since last: 1000562550 ns, Reaching safepoint: 128000 ns, At safepoint: 2783 ns, Total: 130783 ns
[2020-05-16T08:27:01.629+0000][15960][safepoint    ] Safepoint "Cleanup", Time since last: 1000875130 ns, Reaching safepoint: 138202 ns, At safepoint: 6029 ns, Total: 144231 ns
[2020-05-16T08:27:02.629+0000][15960][safepoint    ] Safepoint "Cleanup", Time since last: 1000084406 ns, Reaching safepoint: 127073 ns, At safepoint: 5101 ns, Total: 132174 ns
[2020-05-16T08:27:03.630+0000][15960][safepoint    ] Safepoint "Cleanup", Time since last: 1000130783 ns, Reaching safepoint: 130318 ns, At safepoint: 4174 ns, Total: 134492 ns
[2020-05-16T08:27:04.630+0000][15960][safepoint    ] Safepoint "Cleanup", Time since last: 1000366841 ns, Reaching safepoint: 99710 ns, At safepoint: 2782 ns, Total: 102492 ns
[2020-05-16T08:27:05.631+0000][15960][safepoint    ] Safepoint "Cleanup", Time since last: 1000519420 ns, Reaching safepoint: 108986 ns, At safepoint: 3246 ns, Total: 112232 ns
[2020-05-16T08:27:06.717+0000][15960][safepoint    ] Safepoint "Cleanup", Time since last: 1086277989 ns, Reaching safepoint: 100174 ns, At safepoint: 6493 ns, Total: 106667 ns
[2020-05-16T08:27:07.718+0000][15960][safepoint    ] Safepoint "Cleanup", Time since last: 1000650202 ns, Reaching safepoint: 77913 ns, At safepoint: 3247 ns, Total: 81160 ns
[2020-05-16T08:27:08.718+0000][15960][safepoint    ] Safepoint "Cleanup", Time since last: 1000200811 ns, Reaching safepoint: 125218 ns, At safepoint: 4174 ns, Total: 129392 ns
[2020-05-16T08:27:09.719+0000][15960][safepoint    ] Safepoint "Cleanup", Time since last: 1000398840 ns, Reaching safepoint: 92754 ns, At safepoint: 10666 ns, Total: 103420 ns
[2020-05-16T08:27:10.719+0000][15960][safepoint    ] Safepoint "Cleanup", Time since last: 1000209160 ns, Reaching safepoint: 88579 ns, At safepoint: 6029 ns, Total: 94608 ns
[2020-05-16T08:27:11.720+0000][15960][safepoint    ] Safepoint "Cleanup", Time since last: 1000504580 ns, Reaching safepoint: 96463 ns, At safepoint: 3247 ns, Total: 99710 ns
[2020-05-16T08:27:12.721+0000][15960][safepoint    ] Safepoint "Cleanup", Time since last: 1000872347 ns, Reaching safepoint: 99710 ns, At safepoint: 2783 ns, Total: 102493 ns
[2020-05-16T08:27:13.722+0000][15960][safepoint    ] Safepoint "Cleanup", Time since last: 1000876057 ns, Reaching safepoint: 101566 ns, At safepoint: 4174 ns, Total: 105740 ns
[2020-05-16T08:27:14.722+0000][15960][safepoint    ] Safepoint "Cleanup", Time since last: 1000078376 ns, Reaching safepoint: 94609 ns, At safepoint: 14377 ns, Total: 108986 ns
[2020-05-16T08:27:15.722+0000][15960][safepoint    ] Safepoint "Cleanup", Time since last: 1000368695 ns, Reaching safepoint: 84870 ns, At safepoint: 3710 ns, Total: 88580 ns
[2020-05-16T08:27:16.723+0000][15960][safepoint    ] Safepoint "Cleanup", Time since last: 1000802782 ns, Reaching safepoint: 90899 ns, At safepoint: 3246 ns, Total: 94145 ns
[2020-05-16T08:27:17.724+0000][15960][safepoint    ] Safepoint "Cleanup", Time since last: 1000685913 ns, Reaching safepoint: 87652 ns, At safepoint: 2783 ns, Total: 90435 ns
[2020-05-16T08:27:18.724+0000][15960][safepoint    ] Safepoint "Cleanup", Time since last: 1000060289 ns, Reaching safepoint: 126145 ns, At safepoint: 3247 ns, Total: 129392 ns
[2020-05-16T08:27:19.725+0000][15960][safepoint    ] Safepoint "Cleanup", Time since last: 1000406724 ns, Reaching safepoint: 113159 ns, At safepoint: 3247 ns, Total: 116406 ns
[2020-05-16T08:27:20.725+0000][15960][safepoint    ] Safepoint "Cleanup", Time since last: 1000209623 ns, Reaching safepoint: 82551 ns, At safepoint: 17623 ns, Total: 100174 ns
[2020-05-16T08:27:21.725+0000][15960][safepoint    ] Safepoint "Cleanup", Time since last: 1000032927 ns, Reaching safepoint: 88580 ns, At safepoint: 3246 ns, Total: 91826 ns
[2020-05-16T08:27:22.726+0000][15960][safepoint    ] Safepoint "Cleanup", Time since last: 1000549101 ns, Reaching safepoint: 116406 ns, At safepoint: 3710 ns, Total: 120116 ns
[2020-05-16T08:27:23.726+0000][15960][safepoint    ] Safepoint "Cleanup", Time since last: 1000314435 ns, Reaching safepoint: 142377 ns, At safepoint: 6493 ns, Total: 148870 ns
[2020-05-16T08:27:24.727+0000][15960][safepoint    ] Safepoint "Cleanup", Time since last: 1000852405 ns, Reaching safepoint: 121043 ns, At safepoint: 4174 ns, Total: 125217 ns
[2020-05-16T08:27:25.727+0000][15960][safepoint    ] Safepoint "Cleanup", Time since last: 1000046377 ns, Reaching safepoint: 99710 ns, At safepoint: 4638 ns, Total: 104348 ns
[2020-05-16T08:27:26.800+0000][15960][safepoint    ] Safepoint "Cleanup", Time since last: 1002213100 ns, Reaching safepoint: 69894924 ns, At safepoint: 74203 ns, Total: 69969127 ns
[2020-05-16T08:27:27.800+0000][15960][safepoint    ] Safepoint "Cleanup", Time since last: 1000309797 ns, Reaching safepoint: 80232 ns, At safepoint: 8812 ns, Total: 89044 ns
[2020-05-16T08:27:28.800+0000][15960][safepoint    ] Safepoint "Cleanup", Time since last: 1000139130 ns, Reaching safepoint: 224000 ns, At safepoint: 20406 ns, Total: 244406 ns
[2020-05-16T08:27:29.801+0000][15960][safepoint    ] Safepoint "Cleanup", Time since last: 1000218434 ns, Reaching safepoint: 89508 ns, At safepoint: 4637 ns, Total: 94145 ns
[2020-05-16T08:27:30.980+0000][15960][safepoint    ] Safepoint "Cleanup", Time since last: 1178905424 ns, Reaching safepoint: 131247 ns, At safepoint: 6956 ns, Total: 138203 ns
[2020-05-16T08:27:31.980+0000][15960][safepoint    ] Safepoint "Cleanup", Time since last: 1000423420 ns, Reaching safepoint: 80696 ns, At safepoint: 3710 ns, Total: 84406 ns
[2020-05-16T08:27:33.981+0000][15960][safepoint    ] Safepoint "Cleanup", Time since last: 2000871420 ns, Reaching safepoint: 91362 ns, At safepoint: 3710 ns, Total: 95072 ns
[2020-05-16T08:27:34.982+0000][15960][safepoint    ] Safepoint "Cleanup", Time since last: 1000708174 ns, Reaching safepoint: 114551 ns, At safepoint: 3246 ns, Total: 117797 ns
[2020-05-16T08:27:35.983+0000][15960][safepoint    ] Safepoint "Cleanup", Time since last: 1000971594 ns, Reaching safepoint: 91826 ns, At safepoint: 3246 ns, Total: 95072 ns
[2020-05-16T08:27:36.984+0000][15960][safepoint    ] Safepoint "Cleanup", Time since last: 1000467015 ns, Reaching safepoint: 82550 ns, At safepoint: 2783 ns, Total: 85333 ns
[2020-05-16T08:27:37.984+0000][15960][safepoint    ] Safepoint "Cleanup", Time since last: 1000670144 ns, Reaching safepoint: 111305 ns, At safepoint: 4637 ns, Total: 115942 ns
[2020-05-16T08:27:38.990+0000][15960][safepoint    ] Safepoint "Cleanup", Time since last: 1000741565 ns, Reaching safepoint: 5106085 ns, At safepoint: 28754 ns, Total: 5134839 ns
[2020-05-16T08:27:39.675+0000][15960][safepoint    ] Safepoint "BulkRevokeBias", Time since last: 664970822 ns, Reaching safepoint: 18220977 ns, At safepoint: 1967303 ns, Total: 20188280 ns
[2020-05-16T08:27:41.498+0000][15960][safepoint    ] Safepoint "Cleanup", Time since last: 1760236633 ns, Reaching safepoint: 62024783 ns, At safepoint: 201739 ns, Total: 62226522 ns
[2020-05-16T08:27:43.056+0000][15960][safepoint    ] Safepoint "Cleanup", Time since last: 1557696205 ns, Reaching safepoint: 251362 ns, At safepoint: 8812 ns, Total: 260174 ns
[2020-05-16T08:27:44.056+0000][15960][safepoint    ] Safepoint "Cleanup", Time since last: 1000046840 ns, Reaching safepoint: 132174 ns, At safepoint: 4638 ns, Total: 136812 ns
[2020-05-16T08:27:45.056+0000][15960][safepoint    ] Safepoint "Cleanup", Time since last: 1000045449 ns, Reaching safepoint: 77449 ns, At safepoint: 3247 ns, Total: 80696 ns
[2020-05-16T08:27:46.056+0000][15960][safepoint    ] Safepoint "Cleanup", Time since last: 1000163246 ns, Reaching safepoint: 110377 ns, At safepoint: 2782 ns, Total: 113159 ns
[2020-05-16T08:27:47.057+0000][15960][safepoint    ] Safepoint "Cleanup", Time since last: 1000049624 ns, Reaching safepoint: 145623 ns, At safepoint: 8811 ns, Total: 154434 ns
[2020-05-16T08:27:48.057+0000][15960][safepoint    ] Safepoint "Cleanup", Time since last: 1000004638 ns, Reaching safepoint: 111304 ns, At safepoint: 3710 ns, Total: 115014 ns
[2020-05-16T08:27:49.723+0000][15960][safepoint    ] Safepoint "Cleanup", Time since last: 1666001315 ns, Reaching safepoint: 101101 ns, At safepoint: 6029 ns, Total: 107130 ns
[2020-05-16T08:27:50.723+0000][15960][safepoint    ] Safepoint "Cleanup", Time since last: 1000204058 ns, Reaching safepoint: 100638 ns, At safepoint: 2782 ns, Total: 103420 ns
[2020-05-16T08:27:51.724+0000][15960][safepoint    ] Safepoint "Cleanup", Time since last: 1000409044 ns, Reaching safepoint: 149797 ns, At safepoint: 6492 ns, Total: 156289 ns
[2020-05-16T08:27:52.725+0000][15960][safepoint    ] Safepoint "Cleanup", Time since last: 1000827826 ns, Reaching safepoint: 153507 ns, At safepoint: 5565 ns, Total: 159072 ns
[2020-05-16T08:27:54.761+0000][15960][safepoint    ] Safepoint "Cleanup", Time since last: 1991550613 ns, Reaching safepoint: 44442878 ns, At safepoint: 70956 ns, Total: 44513834 ns
[2020-05-16T08:27:55.802+0000][15960][safepoint    ] Safepoint "Cleanup", Time since last: 1000192000 ns, Reaching safepoint: 40510590 ns, At safepoint: 28754 ns, Total: 40539344 ns
[2020-05-16T08:27:57.769+0000][15960][safepoint    ] Safepoint "Cleanup", Time since last: 1779483001 ns, Reaching safepoint: 188151101 ns, At safepoint: 90898 ns, Total: 188241999 ns
[2020-05-16T08:27:58.863+0000][15960][safepoint    ] Safepoint "Cleanup", Time since last: 1000673855 ns, Reaching safepoint: 92893638 ns, At safepoint: 68638 ns, Total: 92962276 ns
[2020-05-16T08:28:00.696+0000][15960][safepoint    ] Safepoint "Cleanup", Time since last: 1673069601 ns, Reaching safepoint: 159603404 ns, At safepoint: 701681 ns, Total: 160305085 ns
[2020-05-16T08:28:01.776+0000][15960][safepoint    ] Safepoint "Cleanup", Time since last: 1000531478 ns, Reaching safepoint: 79190688 ns, At safepoint: 87652 ns, Total: 79278340 ns
[2020-05-16T08:28:02.841+0000][15960][safepoint    ] Safepoint "Cleanup", Time since last: 1064730868 ns, Reaching safepoint: 134957 ns, At safepoint: 9739 ns, Total: 144696 ns
[2020-05-16T08:28:03.842+0000][15960][safepoint    ] Safepoint "Cleanup", Time since last: 1000534261 ns, Reaching safepoint: 169739 ns, At safepoint: 8347 ns, Total: 178086 ns
[2020-05-16T08:28:04.951+0000][15960][safepoint    ] Safepoint "Cleanup", Time since last: 1083606686 ns, Reaching safepoint: 26146771 ns, At safepoint: 25971 ns, Total: 26172742 ns
[2020-05-16T08:28:05.952+0000][15960][safepoint    ] Safepoint "Cleanup", Time since last: 1000115014 ns, Reaching safepoint: 147942 ns, At safepoint: 8348 ns, Total: 156290 ns
[2020-05-16T08:28:06.952+0000][15960][safepoint    ] Safepoint "Cleanup", Time since last: 1000576464 ns, Reaching safepoint: 102956 ns, At safepoint: 3246 ns, Total: 106202 ns
[2020-05-16T08:28:08.953+0000][15960][safepoint    ] Safepoint "Cleanup", Time since last: 2000771246 ns, Reaching safepoint: 178087 ns, At safepoint: 5102 ns, Total: 183189 ns
[2020-05-16T08:28:09.932+0000][15960][safepoint    ] Safepoint "BulkRevokeBias", Time since last: 964960480 ns, Reaching safepoint: 3673042 ns, At safepoint: 10010893 ns, Total: 13683935 ns
[2020-05-16T08:28:11.109+0000][15960][safepoint    ] Safepoint "Cleanup", Time since last: 1177133831 ns, Reaching safepoint: 335768 ns, At safepoint: 52406 ns, Total: 388174 ns
[2020-05-16T08:28:12.061+0000][15960][safepoint    ] Safepoint "BulkRevokeBias", Time since last: 950418110 ns, Reaching safepoint: 153043 ns, At safepoint: 1272580 ns, Total: 1425623 ns
[2020-05-16T08:28:13.110+0000][15960][safepoint    ] Safepoint "Cleanup", Time since last: 1048027803 ns, Reaching safepoint: 186435 ns, At safepoint: 4638 ns, Total: 191073 ns
[2020-05-16T08:28:14.110+0000][15960][safepoint    ] Safepoint "Cleanup", Time since last: 1000132637 ns, Reaching safepoint: 128000 ns, At safepoint: 8348 ns, Total: 136348 ns
[2020-05-16T08:28:15.162+0000][15960][safepoint    ] Safepoint "Cleanup", Time since last: 1052074643 ns, Reaching safepoint: 160927 ns, At safepoint: 30609 ns, Total: 191536 ns
[2020-05-16T08:28:16.173+0000][15960][safepoint    ] Safepoint "Cleanup", Time since last: 1000712347 ns, Reaching safepoint: 10134720 ns, At safepoint: 63073 ns, Total: 10197793 ns
[2020-05-16T08:28:17.939+0000][15960][safepoint    ] Safepoint "Cleanup", Time since last: 1765827818 ns, Reaching safepoint: 176232 ns, At safepoint: 8812 ns, Total: 185044 ns
[2020-05-16T08:28:19.940+0000][15960][safepoint    ] Safepoint "Cleanup", Time since last: 2000524521 ns, Reaching safepoint: 164174 ns, At safepoint: 7420 ns, Total: 171594 ns
[2020-05-16T08:28:20.941+0000][15960][safepoint    ] Safepoint "Cleanup", Time since last: 1000645565 ns, Reaching safepoint: 150725 ns, At safepoint: 8348 ns, Total: 159073 ns
[2020-05-16T08:28:21.942+0000][15960][safepoint    ] Safepoint "Cleanup", Time since last: 1000871883 ns, Reaching safepoint: 141913 ns, At safepoint: 5102 ns, Total: 147015 ns
[2020-05-16T08:28:22.942+0000][15960][safepoint    ] Safepoint "Cleanup", Time since last: 1000020406 ns, Reaching safepoint: 141913 ns, At safepoint: 7884 ns, Total: 149797 ns
[2020-05-16T08:28:24.943+0000][15960][safepoint    ] Safepoint "Cleanup", Time since last: 2000883477 ns, Reaching safepoint: 140522 ns, At safepoint: 5565 ns, Total: 146087 ns
[2020-05-16T08:28:25.943+0000][15960][safepoint    ] Safepoint "Cleanup", Time since last: 1000368232 ns, Reaching safepoint: 136348 ns, At safepoint: 5101 ns, Total: 141449 ns
[2020-05-16T08:28:26.944+0000][15960][safepoint    ] Safepoint "Cleanup", Time since last: 1000340870 ns, Reaching safepoint: 153507 ns, At safepoint: 10666 ns, Total: 164173 ns
[2020-05-16T08:28:28.944+0000][15960][safepoint    ] Safepoint "Cleanup", Time since last: 2000021798 ns, Reaching safepoint: 141913 ns, At safepoint: 5565 ns, Total: 147478 ns
[2020-05-16T08:28:29.945+0000][15960][safepoint    ] Safepoint "Cleanup", Time since last: 1000464231 ns, Reaching safepoint: 135884 ns, At safepoint: 8348 ns, Total: 144232 ns
[2020-05-16T08:28:31.946+0000][15960][safepoint    ] Safepoint "Cleanup", Time since last: 2000927072 ns, Reaching safepoint: 143305 ns, At safepoint: 6029 ns, Total: 149334 ns
[2020-05-16T08:28:33.946+0000][15960][safepoint    ] Safepoint "Cleanup", Time since last: 2000108985 ns, Reaching safepoint: 185043 ns, At safepoint: 9740 ns, Total: 194783 ns
[2020-05-16T08:28:34.946+0000][15960][safepoint    ] Safepoint "Cleanup", Time since last: 1000313043 ns, Reaching safepoint: 236058 ns, At safepoint: 9275 ns, Total: 245333 ns
[2020-05-16T08:28:35.947+0000][15960][safepoint    ] Safepoint "Cleanup", Time since last: 1000598724 ns, Reaching safepoint: 132638 ns, At safepoint: 7884 ns, Total: 140522 ns
[2020-05-16T08:28:37.044+0000][15960][safepoint    ] Safepoint "Cleanup", Time since last: 1096578738 ns, Reaching safepoint: 109449 ns, At safepoint: 6493 ns, Total: 115942 ns
[2020-05-16T08:28:38.044+0000][15960][safepoint    ] Safepoint "Cleanup", Time since last: 1000153507 ns, Reaching safepoint: 91362 ns, At safepoint: 2783 ns, Total: 94145 ns
[2020-05-16T08:28:39.045+0000][15960][safepoint    ] Safepoint "Cleanup", Time since last: 1000632579 ns, Reaching safepoint: 167421 ns, At safepoint: 11130 ns, Total: 178551 ns
[2020-05-16T08:28:40.272+0000][15960][safepoint    ] Safepoint "Cleanup", Time since last: 1000517565 ns, Reaching safepoint: 227182271 ns, At safepoint: 182725 ns, Total: 227364996 ns
[2020-05-16T08:28:42.273+0000][15960][safepoint    ] Safepoint "Cleanup", Time since last: 2000341797 ns, Reaching safepoint: 132638 ns, At safepoint: 7884 ns, Total: 140522 ns
[2020-05-16T08:28:43.274+0000][15960][safepoint    ] Safepoint "Cleanup", Time since last: 1000522202 ns, Reaching safepoint: 121507 ns, At safepoint: 5102 ns, Total: 126609 ns
[2020-05-16T08:28:45.274+0000][15960][safepoint    ] Safepoint "Cleanup", Time since last: 2000185507 ns, Reaching safepoint: 212870 ns, At safepoint: 4173 ns, Total: 217043 ns
[2020-05-16T08:28:45.467+0000][15960][gc,start     ] GC(20) Pause Young (Normal) (G1 Evacuation Pause)
[2020-05-16T08:28:45.467+0000][15960][gc,task      ] GC(20) Using 4 workers of 4 for evacuation
[2020-05-16T08:28:45.467+0000][15960][gc,age       ] GC(20) Desired survivor size 33554432 bytes, new threshold 15 (max threshold 15)
[2020-05-16T08:28:45.714+0000][15960][gc,age       ] GC(20) Age table with threshold 15 (max threshold 15)
[2020-05-16T08:28:45.715+0000][15960][gc,age       ] GC(20) - age   1:     954992 bytes,     954992 total
[2020-05-16T08:28:45.715+0000][15960][gc,age       ] GC(20) - age   2:     238440 bytes,    1193432 total
[2020-05-16T08:28:45.715+0000][15960][gc,age       ] GC(20) - age   3:     285424 bytes,    1478856 total
[2020-05-16T08:28:45.715+0000][15960][gc,age       ] GC(20) - age   4:     145368 bytes,    1624224 total
[2020-05-16T08:28:45.715+0000][15960][gc,age       ] GC(20) - age   5:     590536 bytes,    2214760 total
[2020-05-16T08:28:45.715+0000][15960][gc,age       ] GC(20) - age   6:     275536 bytes,    2490296 total
[2020-05-16T08:28:45.715+0000][15960][gc,age       ] GC(20) - age   7:     207672 bytes,    2697968 total
[2020-05-16T08:28:45.715+0000][15960][gc,age       ] GC(20) - age   8:      53496 bytes,    2751464 total
[2020-05-16T08:28:45.715+0000][15960][gc,mmu       ] GC(20) MMU target violated: 201.0ms (200.0ms/201.0ms)
[2020-05-16T08:28:45.715+0000][15960][gc,phases    ] GC(20)   Pre Evacuate Collection Set: 0.2ms
[2020-05-16T08:28:45.715+0000][15960][gc,phases    ] GC(20)   Merge Heap Roots: 0.2ms
[2020-05-16T08:28:45.715+0000][15960][gc,phases    ] GC(20)   Evacuate Collection Set: 189.2ms
[2020-05-16T08:28:45.715+0000][15960][gc,phases    ] GC(20)   Post Evacuate Collection Set: 40.7ms
[2020-05-16T08:28:45.715+0000][15960][gc,phases    ] GC(20)   Other: 18.2ms
[2020-05-16T08:28:45.715+0000][15960][gc,heap      ] GC(20) Eden regions: 507->0(372)
[2020-05-16T08:28:45.715+0000][15960][gc,heap      ] GC(20) Survivor regions: 3->3(64)
[2020-05-16T08:28:45.715+0000][15960][gc,heap      ] GC(20) Old regions: 69->69
[2020-05-16T08:28:45.715+0000][15960][gc,heap      ] GC(20) Archive regions: 0->0
[2020-05-16T08:28:45.715+0000][15960][gc,heap      ] GC(20) Humongous regions: 7->7
[2020-05-16T08:28:45.715+0000][15960][gc,metaspace ] GC(20) Metaspace: 96678K(104356K)->96678K(104356K) NonClass: 83882K(88408K)->83882K(88408K) Class: 12795K(15948K)->12795K(15948K)
[2020-05-16T08:28:45.715+0000][15960][gc           ] GC(20) Pause Young (Normal) (G1 Evacuation Pause) 584M->78M(1024M) 248.850ms
[2020-05-16T08:28:45.716+0000][15960][gc,cpu       ] GC(20) User=0.02s Sys=0.06s Real=0.25s
[2020-05-16T08:28:45.716+0000][15960][safepoint    ] Safepoint "G1CollectForAllocation", Time since last: 192674694 ns, Reaching safepoint: 104811 ns, At safepoint: 249042435 ns, Total: 249147246 ns
[2020-05-16T08:28:46.717+0000][15960][safepoint    ] Safepoint "Cleanup", Time since last: 1000913159 ns, Reaching safepoint: 192000 ns, At safepoint: 5102 ns, Total: 197102 ns
[2020-05-16T08:28:47.720+0000][15960][safepoint    ] Safepoint "Cleanup", Time since last: 1002696810 ns, Reaching safepoint: 144696 ns, At safepoint: 9739 ns, Total: 154435 ns
[2020-05-16T08:28:48.721+0000][15960][safepoint    ] Safepoint "Cleanup", Time since last: 1000561623 ns, Reaching safepoint: 89507 ns, At safepoint: 4174 ns, Total: 93681 ns
[2020-05-16T08:28:49.721+0000][15960][safepoint    ] Safepoint "Cleanup", Time since last: 1000212406 ns, Reaching safepoint: 110376 ns, At safepoint: 4638 ns, Total: 115014 ns
[2020-05-16T08:28:50.722+0000][15960][safepoint    ] Safepoint "Cleanup", Time since last: 1000345507 ns, Reaching safepoint: 81623 ns, At safepoint: 4174 ns, Total: 85797 ns
[2020-05-16T08:28:51.723+0000][15960][safepoint    ] Safepoint "Cleanup", Time since last: 1000836638 ns, Reaching safepoint: 116405 ns, At safepoint: 5102 ns, Total: 121507 ns
[2020-05-16T08:28:52.723+0000][15960][safepoint    ] Safepoint "Cleanup", Time since last: 1000090898 ns, Reaching safepoint: 262957 ns, At safepoint: 73739 ns, Total: 336696 ns
[2020-05-16T08:28:54.060+0000][15960][safepoint    ] Safepoint "Cleanup", Time since last: 1337392075 ns, Reaching safepoint: 111768 ns, At safepoint: 101102 ns, Total: 212870 ns
[2020-05-16T08:28:55.882+0000][15960][safepoint    ] Safepoint "Cleanup", Time since last: 1821507329 ns, Reaching safepoint: 235594 ns, At safepoint: 7420 ns, Total: 243014 ns
[2020-05-16T08:28:56.883+0000][15960][safepoint    ] Safepoint "Cleanup", Time since last: 1000363594 ns, Reaching safepoint: 108986 ns, At safepoint: 3710 ns, Total: 112696 ns
[2020-05-16T08:28:57.883+0000][15960][safepoint    ] Safepoint "Cleanup", Time since last: 1000257391 ns, Reaching safepoint: 135420 ns, At safepoint: 5565 ns, Total: 140985 ns
[2020-05-16T08:28:58.884+0000][15960][safepoint    ] Safepoint "Cleanup", Time since last: 1000736928 ns, Reaching safepoint: 172985 ns, At safepoint: 9739 ns, Total: 182724 ns
[2020-05-16T08:28:59.885+0000][15960][safepoint    ] Safepoint "Cleanup", Time since last: 1000559768 ns, Reaching safepoint: 151652 ns, At safepoint: 8348 ns, Total: 160000 ns
[2020-05-16T08:29:01.886+0000][15960][safepoint    ] Safepoint "Cleanup", Time since last: 2000717449 ns, Reaching safepoint: 147942 ns, At safepoint: 6029 ns, Total: 153971 ns
[2020-05-16T08:29:02.886+0000][15960][safepoint    ] Safepoint "Cleanup", Time since last: 1000289855 ns, Reaching safepoint: 98319 ns, At safepoint: 6029 ns, Total: 104348 ns
[2020-05-16T08:29:03.886+0000][15960][safepoint    ] Safepoint "Cleanup", Time since last: 1000243014 ns, Reaching safepoint: 173449 ns, At safepoint: 12522 ns, Total: 185971 ns
[2020-05-16T08:29:04.887+0000][15960][safepoint    ] Safepoint "Cleanup", Time since last: 1000742492 ns, Reaching safepoint: 137276 ns, At safepoint: 5101 ns, Total: 142377 ns
[2020-05-16T08:29:05.888+0000][15960][safepoint    ] Safepoint "Cleanup", Time since last: 1000706782 ns, Reaching safepoint: 150725 ns, At safepoint: 7884 ns, Total: 158609 ns
[2020-05-16T08:29:06.889+0000][15960][safepoint    ] Safepoint "Cleanup", Time since last: 1000746666 ns, Reaching safepoint: 147942 ns, At safepoint: 5565 ns, Total: 153507 ns
[2020-05-16T08:29:07.890+0000][15960][safepoint    ] Safepoint "Cleanup", Time since last: 1000568116 ns, Reaching safepoint: 136348 ns, At safepoint: 8348 ns, Total: 144696 ns
[2020-05-16T08:29:08.891+0000][15960][safepoint    ] Safepoint "Cleanup", Time since last: 1000637681 ns, Reaching safepoint: 137739 ns, At safepoint: 22724 ns, Total: 160463 ns
[2020-05-16T08:29:09.891+0000][15960][safepoint    ] Safepoint "Cleanup", Time since last: 1000029681 ns, Reaching safepoint: 157218 ns, At safepoint: 10666 ns, Total: 167884 ns
[2020-05-16T08:29:10.891+0000][15960][safepoint    ] Safepoint "Cleanup", Time since last: 1000008348 ns, Reaching safepoint: 148870 ns, At safepoint: 5565 ns, Total: 154435 ns
[2020-05-16T08:29:11.892+0000][15960][safepoint    ] Safepoint "Cleanup", Time since last: 1000789333 ns, Reaching safepoint: 136348 ns, At safepoint: 6492 ns, Total: 142840 ns
[2020-05-16T08:29:12.893+0000][15960][safepoint    ] Safepoint "Cleanup", Time since last: 1000468406 ns, Reaching safepoint: 133565 ns, At safepoint: 8812 ns, Total: 142377 ns
[2020-05-16T08:29:13.893+0000][15960][safepoint    ] Safepoint "Cleanup", Time since last: 1000538898 ns, Reaching safepoint: 126609 ns, At safepoint: 5101 ns, Total: 131710 ns
[2020-05-16T08:29:14.894+0000][15960][safepoint    ] Safepoint "Cleanup", Time since last: 1000570898 ns, Reaching safepoint: 123363 ns, At safepoint: 6029 ns, Total: 129392 ns
[2020-05-16T08:29:15.895+0000][15960][safepoint    ] Safepoint "Cleanup", Time since last: 1000589912 ns, Reaching safepoint: 125681 ns, At safepoint: 4638 ns, Total: 130319 ns
[2020-05-16T08:29:16.895+0000][15960][safepoint    ] Safepoint "Cleanup", Time since last: 1000642319 ns, Reaching safepoint: 131710 ns, At safepoint: 8348 ns, Total: 140058 ns
[2020-05-16T08:29:17.896+0000][15960][safepoint    ] Safepoint "Cleanup", Time since last: 1000715593 ns, Reaching safepoint: 132174 ns, At safepoint: 6029 ns, Total: 138203 ns
[2020-05-16T08:29:18.897+0000][15960][safepoint    ] Safepoint "Cleanup", Time since last: 1000394203 ns, Reaching safepoint: 155362 ns, At safepoint: 9276 ns, Total: 164638 ns
[2020-05-16T08:29:19.901+0000][15960][safepoint    ] Safepoint "Cleanup", Time since last: 1004132635 ns, Reaching safepoint: 136812 ns, At safepoint: 5101 ns, Total: 141913 ns
[2020-05-16T08:29:20.901+0000][15960][safepoint    ] Safepoint "Cleanup", Time since last: 1000131247 ns, Reaching safepoint: 129391 ns, At safepoint: 5101 ns, Total: 134492 ns
[2020-05-16T08:29:21.910+0000][15960][safepoint    ] Safepoint "Cleanup", Time since last: 1000448000 ns, Reaching safepoint: 8303764 ns, At safepoint: 19479 ns, Total: 8323243 ns
[2020-05-16T08:29:23.910+0000][15960][safepoint    ] Safepoint "Cleanup", Time since last: 1999958724 ns, Reaching safepoint: 160000 ns, At safepoint: 8812 ns, Total: 168812 ns
[2020-05-16T08:29:24.911+0000][15960][safepoint    ] Safepoint "Cleanup", Time since last: 1000306087 ns, Reaching safepoint: 149333 ns, At safepoint: 5565 ns, Total: 154898 ns
[2020-05-16T08:29:25.911+0000][15960][safepoint    ] Safepoint "Cleanup", Time since last: 1000542145 ns, Reaching safepoint: 124290 ns, At safepoint: 20405 ns, Total: 144695 ns
[2020-05-16T08:29:26.912+0000][15960][safepoint    ] Safepoint "Cleanup", Time since last: 1000784696 ns, Reaching safepoint: 326029 ns, At safepoint: 22724 ns, Total: 348753 ns
[2020-05-16T08:29:27.913+0000][15960][safepoint    ] Safepoint "Cleanup", Time since last: 1000568580 ns, Reaching safepoint: 148405 ns, At safepoint: 5566 ns, Total: 153971 ns
[2020-05-16T08:29:28.914+0000][15960][safepoint    ] Safepoint "Cleanup", Time since last: 1000063536 ns, Reaching safepoint: 150724 ns, At safepoint: 7884 ns, Total: 158608 ns
[2020-05-16T08:29:29.914+0000][15960][safepoint    ] Safepoint "Cleanup", Time since last: 1000788406 ns, Reaching safepoint: 134029 ns, At safepoint: 5101 ns, Total: 139130 ns
[2020-05-16T08:29:30.915+0000][15960][safepoint    ] Safepoint "Cleanup", Time since last: 1000664580 ns, Reaching safepoint: 145159 ns, At safepoint: 5101 ns, Total: 150260 ns
[2020-05-16T08:29:32.916+0000][15960][safepoint    ] Safepoint "Cleanup", Time since last: 2000792580 ns, Reaching safepoint: 147478 ns, At safepoint: 7884 ns, Total: 155362 ns
[2020-05-16T08:29:34.917+0000][15960][safepoint    ] Safepoint "Cleanup", Time since last: 2000719304 ns, Reaching safepoint: 132174 ns, At safepoint: 5101 ns, Total: 137275 ns
[2020-05-16T08:29:35.918+0000][15960][safepoint    ] Safepoint "Cleanup", Time since last: 1000830145 ns, Reaching safepoint: 148869 ns, At safepoint: 6029 ns, Total: 154898 ns
[2020-05-16T08:29:37.919+0000][15960][safepoint    ] Safepoint "Cleanup", Time since last: 2000736000 ns, Reaching safepoint: 129391 ns, At safepoint: 5565 ns, Total: 134956 ns
[2020-05-16T08:29:38.920+0000][15960][safepoint    ] Safepoint "Cleanup", Time since last: 1000627015 ns, Reaching safepoint: 121971 ns, At safepoint: 6956 ns, Total: 128927 ns
[2020-05-16T08:29:39.920+0000][15960][safepoint    ] Safepoint "Cleanup", Time since last: 1000501797 ns, Reaching safepoint: 110377 ns, At safepoint: 4174 ns, Total: 114551 ns
[2020-05-16T08:29:40.921+0000][15960][safepoint    ] Safepoint "Cleanup", Time since last: 1000844521 ns, Reaching safepoint: 99246 ns, At safepoint: 4638 ns, Total: 103884 ns
[2020-05-16T08:29:41.922+0000][15960][safepoint    ] Safepoint "Cleanup", Time since last: 1000504116 ns, Reaching safepoint: 111304 ns, At safepoint: 5101 ns, Total: 116405 ns
[2020-05-16T08:29:43.922+0000][15960][safepoint    ] Safepoint "Cleanup", Time since last: 1999914203 ns, Reaching safepoint: 108986 ns, At safepoint: 4638 ns, Total: 113624 ns
[2020-05-16T08:29:44.923+0000][15960][safepoint    ] Safepoint "Cleanup", Time since last: 1000466086 ns, Reaching safepoint: 123826 ns, At safepoint: 6029 ns, Total: 129855 ns
[2020-05-16T08:29:45.923+0000][15960][safepoint    ] Safepoint "Cleanup", Time since last: 1000043594 ns, Reaching safepoint: 126609 ns, At safepoint: 5565 ns, Total: 132174 ns
[2020-05-16T08:29:46.923+0000][15960][safepoint    ] Safepoint "Cleanup", Time since last: 1000045450 ns, Reaching safepoint: 146550 ns, At safepoint: 6493 ns, Total: 153043 ns
[2020-05-16T08:29:48.923+0000][15960][safepoint    ] Safepoint "Cleanup", Time since last: 1999974493 ns, Reaching safepoint: 149333 ns, At safepoint: 6029 ns, Total: 155362 ns
[2020-05-16T08:29:49.923+0000][15960][safepoint    ] Safepoint "Cleanup", Time since last: 1000260174 ns, Reaching safepoint: 129855 ns, At safepoint: 7884 ns, Total: 137739 ns
[2020-05-16T08:29:50.924+0000][15960][safepoint    ] Safepoint "Cleanup", Time since last: 1000072811 ns, Reaching safepoint: 137739 ns, At safepoint: 6029 ns, Total: 143768 ns
[2020-05-16T08:29:51.924+0000][15960][safepoint    ] Safepoint "Cleanup", Time since last: 1000139131 ns, Reaching safepoint: 102956 ns, At safepoint: 6493 ns, Total: 109449 ns
[2020-05-16T08:29:52.925+0000][15960][safepoint    ] Safepoint "Cleanup", Time since last: 1000886724 ns, Reaching safepoint: 150725 ns, At safepoint: 6029 ns, Total: 156754 ns
[2020-05-16T08:29:54.926+0000][15960][safepoint    ] Safepoint "Cleanup", Time since last: 2000857043 ns, Reaching safepoint: 141913 ns, At safepoint: 6493 ns, Total: 148406 ns
[2020-05-16T08:29:55.927+0000][15960][safepoint    ] Safepoint "Cleanup", Time since last: 1000469333 ns, Reaching safepoint: 136811 ns, At safepoint: 6029 ns, Total: 142840 ns
[2020-05-16T08:29:56.927+0000][15960][safepoint    ] Safepoint "Cleanup", Time since last: 1000051478 ns, Reaching safepoint: 177624 ns, At safepoint: 11130 ns, Total: 188754 ns
[2020-05-16T08:29:57.927+0000][15960][safepoint    ] Safepoint "Cleanup", Time since last: 1000395594 ns, Reaching safepoint: 149333 ns, At safepoint: 6029 ns, Total: 155362 ns
[2020-05-16T08:29:58.928+0000][15960][safepoint    ] Safepoint "Cleanup", Time since last: 1000609855 ns, Reaching safepoint: 153507 ns, At safepoint: 5565 ns, Total: 159072 ns
[2020-05-16T08:29:59.929+0000][15960][safepoint    ] Safepoint "Cleanup", Time since last: 1000587594 ns, Reaching safepoint: 134957 ns, At safepoint: 6029 ns, Total: 140986 ns
[2020-05-16T08:30:00.929+0000][15960][safepoint    ] Safepoint "Cleanup", Time since last: 1000462840 ns, Reaching safepoint: 114551 ns, At safepoint: 4174 ns, Total: 118725 ns
[2020-05-16T08:30:01.930+0000][15960][safepoint    ] Safepoint "Cleanup", Time since last: 1000786086 ns, Reaching safepoint: 149334 ns, At safepoint: 6029 ns, Total: 155363 ns
[2020-05-16T08:30:02.931+0000][15960][safepoint    ] Safepoint "Cleanup", Time since last: 1000729970 ns, Reaching safepoint: 140986 ns, At safepoint: 8811 ns, Total: 149797 ns
[2020-05-16T08:30:04.932+0000][15960][safepoint    ] Safepoint "Cleanup", Time since last: 2000130783 ns, Reaching safepoint: 129855 ns, At safepoint: 6493 ns, Total: 136348 ns
[2020-05-16T08:30:05.932+0000][15960][safepoint    ] Safepoint "Cleanup", Time since last: 1000348753 ns, Reaching safepoint: 108058 ns, At safepoint: 4174 ns, Total: 112232 ns
[2020-05-16T08:30:07.932+0000][15960][safepoint    ] Safepoint "Cleanup", Time since last: 2000212869 ns, Reaching safepoint: 133102 ns, At safepoint: 6029 ns, Total: 139131 ns
[2020-05-16T08:30:08.968+0000][15960][safepoint    ] Safepoint "Cleanup", Time since last: 1000377971 ns, Reaching safepoint: 35176331 ns, At safepoint: 72348 ns, Total: 35248679 ns
[2020-05-16T08:30:11.030+0000][15960][safepoint    ] Safepoint "Cleanup", Time since last: 1663835982 ns, Reaching safepoint: 398333033 ns, At safepoint: 87652 ns, Total: 398420685 ns
[2020-05-16T08:30:12.228+0000][15960][safepoint    ] Safepoint "Cleanup", Time since last: 1174738006 ns, Reaching safepoint: 23349322 ns, At safepoint: 28754 ns, Total: 23378076 ns
[2020-05-16T08:30:12.324+0000][15960][safepoint    ] Safepoint "BulkRevokeBias", Time since last: 94522854 ns, Reaching safepoint: 208696 ns, At safepoint: 1220173 ns, Total: 1428869 ns
[2020-05-16T08:30:13.616+0000][15960][safepoint    ] Safepoint "Cleanup", Time since last: 1000998029 ns, Reaching safepoint: 291424792 ns, At safepoint: 121507 ns, Total: 291546299 ns
[2020-05-16T08:30:14.617+0000][15960][safepoint    ] Safepoint "Cleanup", Time since last: 1000235595 ns, Reaching safepoint: 129391 ns, At safepoint: 5101 ns, Total: 134492 ns
[2020-05-16T08:30:15.617+0000][15960][safepoint    ] Safepoint "Cleanup", Time since last: 1000070493 ns, Reaching safepoint: 144232 ns, At safepoint: 26435 ns, Total: 170667 ns
[2020-05-16T08:30:17.780+0000][15960][safepoint    ] Safepoint "Cleanup", Time since last: 2000543072 ns, Reaching safepoint: 162027519 ns, At safepoint: 601507 ns, Total: 162629026 ns
[2020-05-16T08:30:19.754+0000][15960][safepoint    ] Safepoint "Cleanup", Time since last: 1973731722 ns, Reaching safepoint: 98319 ns, At safepoint: 2783 ns, Total: 101102 ns
[2020-05-16T08:30:20.755+0000][15960][safepoint    ] Safepoint "Cleanup", Time since last: 1000111768 ns, Reaching safepoint: 126608 ns, At safepoint: 6493 ns, Total: 133101 ns
[2020-05-16T08:30:21.755+0000][15960][safepoint    ] Safepoint "Cleanup", Time since last: 1000199884 ns, Reaching safepoint: 89971 ns, At safepoint: 2782 ns, Total: 92753 ns
[2020-05-16T08:30:22.756+0000][15960][safepoint    ] Safepoint "Cleanup", Time since last: 1000593160 ns, Reaching safepoint: 112695 ns, At safepoint: 4638 ns, Total: 117333 ns
[2020-05-16T08:30:23.795+0000][15960][safepoint    ] Safepoint "Cleanup", Time since last: 1000448927 ns, Reaching safepoint: 39274649 ns, At safepoint: 105739 ns, Total: 39380388 ns
[2020-05-16T08:30:24.861+0000][15960][safepoint    ] Safepoint "Cleanup", Time since last: 1066098056 ns, Reaching safepoint: 96000 ns, At safepoint: 5565 ns, Total: 101565 ns
[2020-05-16T08:30:25.464+0000][15960][safepoint    ] Safepoint "BulkRevokeBias", Time since last: 601908127 ns, Reaching safepoint: 149797 ns, At safepoint: 1154318 ns, Total: 1304115 ns
[2020-05-16T08:30:26.371+0000][15960][safepoint    ] Safepoint "BulkRevokeBias", Time since last: 905306479 ns, Reaching safepoint: 137739 ns, At safepoint: 1222028 ns, Total: 1359767 ns
[2020-05-16T08:30:27.485+0000][15960][safepoint    ] Safepoint "Cleanup", Time since last: 1113731194 ns, Reaching safepoint: 172058 ns, At safepoint: 8812 ns, Total: 180870 ns
[2020-05-16T08:30:28.557+0000][15960][safepoint    ] Safepoint "Cleanup", Time since last: 1071143851 ns, Reaching safepoint: 157217 ns, At safepoint: 21333 ns, Total: 178550 ns
[2020-05-16T08:30:30.558+0000][15960][safepoint    ] Safepoint "Cleanup", Time since last: 2000576928 ns, Reaching safepoint: 151652 ns, At safepoint: 57043 ns, Total: 208695 ns
[2020-05-16T08:30:32.615+0000][15960][safepoint    ] Safepoint "Cleanup", Time since last: 1999861797 ns, Reaching safepoint: 57528553 ns, At safepoint: 60290 ns, Total: 57588843 ns
[2020-05-16T08:30:33.615+0000][15960][safepoint    ] Safepoint "Cleanup", Time since last: 1000206841 ns, Reaching safepoint: 95072 ns, At safepoint: 10203 ns, Total: 105275 ns
[2020-05-16T08:30:34.616+0000][15960][safepoint    ] Safepoint "Cleanup", Time since last: 1000818550 ns, Reaching safepoint: 146087 ns, At safepoint: 28754 ns, Total: 174841 ns
[2020-05-16T08:30:36.617+0000][15960][safepoint    ] Safepoint "Cleanup", Time since last: 2000390029 ns, Reaching safepoint: 160463 ns, At safepoint: 9276 ns, Total: 169739 ns
[2020-05-16T08:30:37.618+0000][15960][safepoint    ] Safepoint "Cleanup", Time since last: 1000586666 ns, Reaching safepoint: 163246 ns, At safepoint: 9739 ns, Total: 172985 ns
[2020-05-16T08:30:39.618+0000][15960][safepoint    ] Safepoint "Cleanup", Time since last: 2000480000 ns, Reaching safepoint: 131710 ns, At safepoint: 5102 ns, Total: 136812 ns
[2020-05-16T08:30:40.619+0000][15960][safepoint    ] Safepoint "Cleanup", Time since last: 1000289391 ns, Reaching safepoint: 136811 ns, At safepoint: 2783 ns, Total: 139594 ns
[2020-05-16T08:30:41.619+0000][15960][safepoint    ] Safepoint "Cleanup", Time since last: 1000064464 ns, Reaching safepoint: 115942 ns, At safepoint: 4174 ns, Total: 120116 ns
[2020-05-16T08:30:42.619+0000][15960][safepoint    ] Safepoint "Cleanup", Time since last: 1000059362 ns, Reaching safepoint: 110377 ns, At safepoint: 3246 ns, Total: 113623 ns
[2020-05-16T08:30:43.620+0000][15960][safepoint    ] Safepoint "Cleanup", Time since last: 1000656232 ns, Reaching safepoint: 190608 ns, At safepoint: 20406 ns, Total: 211014 ns
[2020-05-16T08:30:44.620+0000][15960][safepoint    ] Safepoint "Cleanup", Time since last: 1000127536 ns, Reaching safepoint: 164174 ns, At safepoint: 8812 ns, Total: 172986 ns
[2020-05-16T08:30:45.621+0000][15960][safepoint    ] Safepoint "Cleanup", Time since last: 1000874202 ns, Reaching safepoint: 185971 ns, At safepoint: 5565 ns, Total: 191536 ns
[2020-05-16T08:30:47.622+0000][15960][safepoint    ] Safepoint "Cleanup", Time since last: 2000154899 ns, Reaching safepoint: 110840 ns, At safepoint: 3710 ns, Total: 114550 ns
[2020-05-16T08:30:49.622+0000][15960][safepoint    ] Safepoint "Cleanup", Time since last: 2000181334 ns, Reaching safepoint: 129391 ns, At safepoint: 7420 ns, Total: 136811 ns
[2020-05-16T08:30:50.622+0000][15960][safepoint    ] Safepoint "Cleanup", Time since last: 1000059363 ns, Reaching safepoint: 275014 ns, At safepoint: 25971 ns, Total: 300985 ns
[2020-05-16T08:30:51.623+0000][15960][safepoint    ] Safepoint "Cleanup", Time since last: 1000693797 ns, Reaching safepoint: 96000 ns, At safepoint: 2782 ns, Total: 98782 ns
[2020-05-16T08:30:52.623+0000][15960][safepoint    ] Safepoint "Cleanup", Time since last: 1000103884 ns, Reaching safepoint: 138203 ns, At safepoint: 6029 ns, Total: 144232 ns
[2020-05-16T08:30:54.624+0000][15960][safepoint    ] Safepoint "Cleanup", Time since last: 2000517101 ns, Reaching safepoint: 140986 ns, At safepoint: 8348 ns, Total: 149334 ns
[2020-05-16T08:30:55.625+0000][15960][safepoint    ] Safepoint "Cleanup", Time since last: 1000838956 ns, Reaching safepoint: 126608 ns, At safepoint: 5566 ns, Total: 132174 ns
[2020-05-16T08:30:56.625+0000][15960][safepoint    ] Safepoint "Cleanup", Time since last: 1000272695 ns, Reaching safepoint: 137275 ns, At safepoint: 5566 ns, Total: 142841 ns
[2020-05-16T08:30:57.626+0000][15960][safepoint    ] Safepoint "Cleanup", Time since last: 1000224927 ns, Reaching safepoint: 151652 ns, At safepoint: 6029 ns, Total: 157681 ns
[2020-05-16T08:30:58.626+0000][15960][safepoint    ] Safepoint "Cleanup", Time since last: 1000495304 ns, Reaching safepoint: 120116 ns, At safepoint: 5565 ns, Total: 125681 ns
[2020-05-16T08:30:59.627+0000][15960][safepoint    ] Safepoint "Cleanup", Time since last: 1000272232 ns, Reaching safepoint: 140058 ns, At safepoint: 9275 ns, Total: 149333 ns
[2020-05-16T08:31:00.627+0000][15960][safepoint    ] Safepoint "Cleanup", Time since last: 1000085334 ns, Reaching safepoint: 162782 ns, At safepoint: 7884 ns, Total: 170666 ns
[2020-05-16T08:31:02.627+0000][15960][safepoint    ] Safepoint "Cleanup", Time since last: 2000301913 ns, Reaching safepoint: 150261 ns, At safepoint: 6029 ns, Total: 156290 ns
[2020-05-16T08:31:03.628+0000][15960][safepoint    ] Safepoint "Cleanup", Time since last: 1000286608 ns, Reaching safepoint: 142377 ns, At safepoint: 6493 ns, Total: 148870 ns
[2020-05-16T08:31:04.629+0000][15960][safepoint    ] Safepoint "Cleanup", Time since last: 1000655768 ns, Reaching safepoint: 114087 ns, At safepoint: 3246 ns, Total: 117333 ns
[2020-05-16T08:31:06.629+0000][15960][safepoint    ] Safepoint "Cleanup", Time since last: 2000074203 ns, Reaching safepoint: 139594 ns, At safepoint: 5565 ns, Total: 145159 ns
[2020-05-16T08:31:08.630+0000][15960][safepoint    ] Safepoint "Cleanup", Time since last: 2000503652 ns, Reaching safepoint: 76522 ns, At safepoint: 3710 ns, Total: 80232 ns
[2020-05-16T08:31:09.630+0000][15960][safepoint    ] Safepoint "Cleanup", Time since last: 1000376580 ns, Reaching safepoint: 166956 ns, At safepoint: 6493 ns, Total: 173449 ns
[2020-05-16T08:31:10.631+0000][15960][safepoint    ] Safepoint "Cleanup", Time since last: 1000772173 ns, Reaching safepoint: 155363 ns, At safepoint: 9739 ns, Total: 165102 ns
[2020-05-16T08:31:12.631+0000][15960][safepoint    ] Safepoint "Cleanup", Time since last: 2000148405 ns, Reaching safepoint: 129855 ns, At safepoint: 5102 ns, Total: 134957 ns
[2020-05-16T08:31:13.632+0000][15960][safepoint    ] Safepoint "Cleanup", Time since last: 1000584811 ns, Reaching safepoint: 152580 ns, At safepoint: 6029 ns, Total: 158609 ns
[2020-05-16T08:31:14.632+0000][15960][safepoint    ] Safepoint "Cleanup", Time since last: 1000106666 ns, Reaching safepoint: 157218 ns, At safepoint: 9275 ns, Total: 166493 ns
[2020-05-16T08:31:15.633+0000][15960][safepoint    ] Safepoint "Cleanup", Time since last: 1000303768 ns, Reaching safepoint: 140058 ns, At safepoint: 6957 ns, Total: 147015 ns
[2020-05-16T08:31:16.633+0000][15960][safepoint    ] Safepoint "Cleanup", Time since last: 1000481854 ns, Reaching safepoint: 174377 ns, At safepoint: 9739 ns, Total: 184116 ns
[2020-05-16T08:31:18.634+0000][15960][safepoint    ] Safepoint "Cleanup", Time since last: 2000384464 ns, Reaching safepoint: 151188 ns, At safepoint: 8348 ns, Total: 159536 ns
[2020-05-16T08:31:20.635+0000][15960][safepoint    ] Safepoint "Cleanup", Time since last: 2000742029 ns, Reaching safepoint: 118724 ns, At safepoint: 5102 ns, Total: 123826 ns
[2020-05-16T08:31:21.635+0000][15960][safepoint    ] Safepoint "Cleanup", Time since last: 1000561623 ns, Reaching safepoint: 159072 ns, At safepoint: 5565 ns, Total: 164637 ns
[2020-05-16T08:31:22.636+0000][15960][safepoint    ] Safepoint "Cleanup", Time since last: 1000434087 ns, Reaching safepoint: 146551 ns, At safepoint: 6956 ns, Total: 153507 ns
[2020-05-16T08:31:24.636+0000][15960][safepoint    ] Safepoint "Cleanup", Time since last: 2000076058 ns, Reaching safepoint: 140985 ns, At safepoint: 6957 ns, Total: 147942 ns
[2020-05-16T08:31:25.637+0000][15960][safepoint    ] Safepoint "Cleanup", Time since last: 1000144232 ns, Reaching safepoint: 198492 ns, At safepoint: 9276 ns, Total: 207768 ns
[2020-05-16T08:31:27.637+0000][15960][safepoint    ] Safepoint "Cleanup", Time since last: 2000318608 ns, Reaching safepoint: 131247 ns, At safepoint: 6956 ns, Total: 138203 ns
[2020-05-16T08:31:28.696+0000][15960][safepoint    ] Safepoint "Cleanup", Time since last: 1000761043 ns, Reaching safepoint: 58390698 ns, At safepoint: 30609 ns, Total: 58421307 ns
[2020-05-16T08:31:29.697+0000][15960][safepoint    ] Safepoint "Cleanup", Time since last: 1000496695 ns, Reaching safepoint: 154435 ns, At safepoint: 7420 ns, Total: 161855 ns
[2020-05-16T08:31:30.697+0000][15960][safepoint    ] Safepoint "Cleanup", Time since last: 1000314435 ns, Reaching safepoint: 117333 ns, At safepoint: 4174 ns, Total: 121507 ns
[2020-05-16T08:31:31.698+0000][15960][safepoint    ] Safepoint "Cleanup", Time since last: 1000102956 ns, Reaching safepoint: 134493 ns, At safepoint: 6493 ns, Total: 140986 ns
[2020-05-16T08:31:32.698+0000][15960][safepoint    ] Safepoint "Cleanup", Time since last: 1000371942 ns, Reaching safepoint: 104347 ns, At safepoint: 5102 ns, Total: 109449 ns
[2020-05-16T08:31:34.727+0000][15960][safepoint    ] Safepoint "Cleanup", Time since last: 2000470724 ns, Reaching safepoint: 28351523 ns, At safepoint: 52870 ns, Total: 28404393 ns
[2020-05-16T08:31:35.728+0000][15960][safepoint    ] Safepoint "Cleanup", Time since last: 1000517565 ns, Reaching safepoint: 133101 ns, At safepoint: 6493 ns, Total: 139594 ns
[2020-05-16T08:31:36.728+0000][15960][safepoint    ] Safepoint "Cleanup", Time since last: 1000222609 ns, Reaching safepoint: 196173 ns, At safepoint: 34783 ns, Total: 230956 ns
[2020-05-16T08:31:38.729+0000][15960][safepoint    ] Safepoint "Cleanup", Time since last: 2000700753 ns, Reaching safepoint: 130319 ns, At safepoint: 3246 ns, Total: 133565 ns
[2020-05-16T08:31:39.729+0000][15960][safepoint    ] Safepoint "Cleanup", Time since last: 1000146087 ns, Reaching safepoint: 108986 ns, At safepoint: 4637 ns, Total: 113623 ns
[2020-05-16T08:31:40.730+0000][15960][safepoint    ] Safepoint "Cleanup", Time since last: 1000433160 ns, Reaching safepoint: 195246 ns, At safepoint: 4174 ns, Total: 199420 ns
[2020-05-16T08:31:41.730+0000][15960][safepoint    ] Safepoint "Cleanup", Time since last: 1000381681 ns, Reaching safepoint: 167420 ns, At safepoint: 8348 ns, Total: 175768 ns
[2020-05-16T08:31:42.731+0000][15960][safepoint    ] Safepoint "Cleanup", Time since last: 1000006029 ns, Reaching safepoint: 160464 ns, At safepoint: 7420 ns, Total: 167884 ns
[2020-05-16T08:31:44.754+0000][15960][safepoint    ] Safepoint "Cleanup", Time since last: 2000077913 ns, Reaching safepoint: 23315004 ns, At safepoint: 30144 ns, Total: 23345148 ns
[2020-05-16T08:31:45.754+0000][15960][safepoint    ] Safepoint "Cleanup", Time since last: 1000083015 ns, Reaching safepoint: 134029 ns, At safepoint: 5565 ns, Total: 139594 ns
[2020-05-16T08:31:46.755+0000][15960][safepoint    ] Safepoint "Cleanup", Time since last: 1000469797 ns, Reaching safepoint: 123362 ns, At safepoint: 5102 ns, Total: 128464 ns
[2020-05-16T08:31:47.755+0000][15960][safepoint    ] Safepoint "Cleanup", Time since last: 1000087652 ns, Reaching safepoint: 281507 ns, At safepoint: 7420 ns, Total: 288927 ns
[2020-05-16T08:31:49.755+0000][15960][safepoint    ] Safepoint "Cleanup", Time since last: 2000125681 ns, Reaching safepoint: 106203 ns, At safepoint: 4638 ns, Total: 110841 ns
[2020-05-16T08:31:50.756+0000][15960][safepoint    ] Safepoint "Cleanup", Time since last: 1000671072 ns, Reaching safepoint: 118725 ns, At safepoint: 6492 ns, Total: 125217 ns
[2020-05-16T08:31:51.756+0000][15960][safepoint    ] Safepoint "Cleanup", Time since last: 1000201276 ns, Reaching safepoint: 155826 ns, At safepoint: 4637 ns, Total: 160463 ns
[2020-05-16T08:31:52.757+0000][15960][safepoint    ] Safepoint "Cleanup", Time since last: 1000007884 ns, Reaching safepoint: 127073 ns, At safepoint: 7884 ns, Total: 134957 ns
[2020-05-16T08:31:54.757+0000][15960][safepoint    ] Safepoint "Cleanup", Time since last: 2000319072 ns, Reaching safepoint: 89507 ns, At safepoint: 2783 ns, Total: 92290 ns
[2020-05-16T08:31:55.758+0000][15960][safepoint    ] Safepoint "Cleanup", Time since last: 1000315362 ns, Reaching safepoint: 142841 ns, At safepoint: 5565 ns, Total: 148406 ns
[2020-05-16T08:31:56.758+0000][15960][safepoint    ] Safepoint "Cleanup", Time since last: 1000513391 ns, Reaching safepoint: 109449 ns, At safepoint: 3246 ns, Total: 112695 ns
[2020-05-16T08:31:57.759+0000][15960][safepoint    ] Safepoint "Cleanup", Time since last: 1000486493 ns, Reaching safepoint: 89043 ns, At safepoint: 3247 ns, Total: 92290 ns
[2020-05-16T08:31:58.760+0000][15960][safepoint    ] Safepoint "Cleanup", Time since last: 1000617275 ns, Reaching safepoint: 100638 ns, At safepoint: 3710 ns, Total: 104348 ns
[2020-05-16T08:31:59.761+0000][15960][safepoint    ] Safepoint "Cleanup", Time since last: 1000834318 ns, Reaching safepoint: 91826 ns, At safepoint: 4638 ns, Total: 96464 ns
[2020-05-16T08:32:00.761+0000][15960][safepoint    ] Safepoint "Cleanup", Time since last: 1000678492 ns, Reaching safepoint: 88580 ns, At safepoint: 4638 ns, Total: 93218 ns
[2020-05-16T08:32:01.762+0000][15960][safepoint    ] Safepoint "Cleanup", Time since last: 1000509217 ns, Reaching safepoint: 94145 ns, At safepoint: 3710 ns, Total: 97855 ns
[2020-05-16T08:32:02.763+0000][15960][safepoint    ] Safepoint "Cleanup", Time since last: 1000742956 ns, Reaching safepoint: 97855 ns, At safepoint: 4638 ns, Total: 102493 ns
[2020-05-16T08:32:03.764+0000][15960][safepoint    ] Safepoint "Cleanup", Time since last: 1000759188 ns, Reaching safepoint: 130319 ns, At safepoint: 3246 ns, Total: 133565 ns
[2020-05-16T08:32:04.764+0000][15960][safepoint    ] Safepoint "Cleanup", Time since last: 1000415072 ns, Reaching safepoint: 115478 ns, At safepoint: 3711 ns, Total: 119189 ns
[2020-05-16T08:32:05.765+0000][15960][safepoint    ] Safepoint "Cleanup", Time since last: 1000361275 ns, Reaching safepoint: 95072 ns, At safepoint: 3247 ns, Total: 98319 ns
[2020-05-16T08:32:06.765+0000][15960][safepoint    ] Safepoint "Cleanup", Time since last: 1000613101 ns, Reaching safepoint: 128927 ns, At safepoint: 6029 ns, Total: 134956 ns
[2020-05-16T08:32:07.766+0000][15960][safepoint    ] Safepoint "Cleanup", Time since last: 1000457739 ns, Reaching safepoint: 163246 ns, At safepoint: 2783 ns, Total: 166029 ns
[2020-05-16T08:32:08.767+0000][15960][safepoint    ] Safepoint "Cleanup", Time since last: 1000814376 ns, Reaching safepoint: 167421 ns, At safepoint: 6029 ns, Total: 173450 ns
[2020-05-16T08:32:10.768+0000][15960][safepoint    ] Safepoint "Cleanup", Time since last: 2000622376 ns, Reaching safepoint: 183188 ns, At safepoint: 9740 ns, Total: 192928 ns
[2020-05-16T08:32:12.769+0000][15960][safepoint    ] Safepoint "Cleanup", Time since last: 2000685912 ns, Reaching safepoint: 144696 ns, At safepoint: 6029 ns, Total: 150725 ns
[2020-05-16T08:32:13.769+0000][15960][safepoint    ] Safepoint "Cleanup", Time since last: 1000407652 ns, Reaching safepoint: 100637 ns, At safepoint: 5566 ns, Total: 106203 ns
[2020-05-16T08:32:14.770+0000][15960][safepoint    ] Safepoint "Cleanup", Time since last: 1000382144 ns, Reaching safepoint: 132638 ns, At safepoint: 3246 ns, Total: 135884 ns
[2020-05-16T08:32:15.770+0000][15960][safepoint    ] Safepoint "Cleanup", Time since last: 1000554203 ns, Reaching safepoint: 104812 ns, At safepoint: 4174 ns, Total: 108986 ns
[2020-05-16T08:32:16.771+0000][15960][safepoint    ] Safepoint "Cleanup", Time since last: 1000537970 ns, Reaching safepoint: 274087 ns, At safepoint: 28290 ns, Total: 302377 ns
[2020-05-16T08:32:17.772+0000][15960][safepoint    ] Safepoint "Cleanup", Time since last: 1000441507 ns, Reaching safepoint: 255072 ns, At safepoint: 4638 ns, Total: 259710 ns
[2020-05-16T08:32:19.772+0000][15960][safepoint    ] Safepoint "Cleanup", Time since last: 1999991652 ns, Reaching safepoint: 154899 ns, At safepoint: 8348 ns, Total: 163247 ns
[2020-05-16T08:32:20.801+0000][15960][safepoint    ] Safepoint "Cleanup", Time since last: 1000620985 ns, Reaching safepoint: 28285204 ns, At safepoint: 61217 ns, Total: 28346421 ns
[2020-05-16T08:32:22.802+0000][15960][safepoint    ] Safepoint "Cleanup", Time since last: 2000493449 ns, Reaching safepoint: 155363 ns, At safepoint: 8347 ns, Total: 163710 ns
[2020-05-16T08:32:24.802+0000][15960][safepoint    ] Safepoint "Cleanup", Time since last: 2000510145 ns, Reaching safepoint: 97391 ns, At safepoint: 2783 ns, Total: 100174 ns
[2020-05-16T08:32:25.803+0000][15960][safepoint    ] Safepoint "Cleanup", Time since last: 1000150725 ns, Reaching safepoint: 161391 ns, At safepoint: 5101 ns, Total: 166492 ns
[2020-05-16T08:32:26.803+0000][15960][safepoint    ] Safepoint "Cleanup", Time since last: 1000681275 ns, Reaching safepoint: 186899 ns, At safepoint: 7884 ns, Total: 194783 ns
[2020-05-16T08:32:27.804+0000][15960][safepoint    ] Safepoint "Cleanup", Time since last: 1000272695 ns, Reaching safepoint: 155363 ns, At safepoint: 9275 ns, Total: 164638 ns
[2020-05-16T08:32:29.804+0000][15960][safepoint    ] Safepoint "Cleanup", Time since last: 1999818667 ns, Reaching safepoint: 135420 ns, At safepoint: 6029 ns, Total: 141449 ns
[2020-05-16T08:32:31.805+0000][15960][safepoint    ] Safepoint "Cleanup", Time since last: 2000771710 ns, Reaching safepoint: 284289 ns, At safepoint: 6957 ns, Total: 291246 ns
[2020-05-16T08:32:32.806+0000][15960][safepoint    ] Safepoint "Cleanup", Time since last: 1000662724 ns, Reaching safepoint: 190609 ns, At safepoint: 6956 ns, Total: 197565 ns
[2020-05-16T08:32:33.806+0000][15960][safepoint    ] Safepoint "Cleanup", Time since last: 1000556522 ns, Reaching safepoint: 430377 ns, At safepoint: 12521 ns, Total: 442898 ns
[2020-05-16T08:32:35.807+0000][15960][safepoint    ] Safepoint "Cleanup", Time since last: 2000010667 ns, Reaching safepoint: 173913 ns, At safepoint: 6956 ns, Total: 180869 ns
[2020-05-16T08:32:36.808+0000][15960][safepoint    ] Safepoint "Cleanup", Time since last: 1000645102 ns, Reaching safepoint: 178550 ns, At safepoint: 8812 ns, Total: 187362 ns
[2020-05-16T08:32:38.808+0000][15960][safepoint    ] Safepoint "Cleanup", Time since last: 2000267594 ns, Reaching safepoint: 187826 ns, At safepoint: 8811 ns, Total: 196637 ns
[2020-05-16T08:32:39.808+0000][15960][safepoint    ] Safepoint "Cleanup", Time since last: 1000091826 ns, Reaching safepoint: 105740 ns, At safepoint: 3710 ns, Total: 109450 ns
[2020-05-16T08:32:40.809+0000][15960][safepoint    ] Safepoint "Cleanup", Time since last: 1000158145 ns, Reaching safepoint: 199884 ns, At safepoint: 13449 ns, Total: 213333 ns
[2020-05-16T08:32:41.809+0000][15960][safepoint    ] Safepoint "Cleanup", Time since last: 1000492058 ns, Reaching safepoint: 151652 ns, At safepoint: 9739 ns, Total: 161391 ns
[2020-05-16T08:32:42.810+0000][15960][safepoint    ] Safepoint "Cleanup", Time since last: 1000034319 ns, Reaching safepoint: 164637 ns, At safepoint: 9276 ns, Total: 173913 ns
[2020-05-16T08:32:43.810+0000][15960][safepoint    ] Safepoint "Cleanup", Time since last: 1000309333 ns, Reaching safepoint: 156753 ns, At safepoint: 8348 ns, Total: 165101 ns
[2020-05-16T08:32:45.810+0000][15960][safepoint    ] Safepoint "Cleanup", Time since last: 2000075594 ns, Reaching safepoint: 173449 ns, At safepoint: 9740 ns, Total: 183189 ns
[2020-05-16T08:32:46.811+0000][15960][safepoint    ] Safepoint "Cleanup", Time since last: 1000215652 ns, Reaching safepoint: 113159 ns, At safepoint: 5102 ns, Total: 118261 ns
[2020-05-16T08:32:47.812+0000][15960][safepoint    ] Safepoint "Cleanup", Time since last: 1000806028 ns, Reaching safepoint: 151188 ns, At safepoint: 6029 ns, Total: 157217 ns
[2020-05-16T08:32:48.812+0000][15960][safepoint    ] Safepoint "Cleanup", Time since last: 1000153508 ns, Reaching safepoint: 157217 ns, At safepoint: 10667 ns, Total: 167884 ns
[2020-05-16T08:32:50.813+0000][15960][safepoint    ] Safepoint "Cleanup", Time since last: 2000403478 ns, Reaching safepoint: 156753 ns, At safepoint: 6493 ns, Total: 163246 ns
[2020-05-16T08:32:51.813+0000][15960][safepoint    ] Safepoint "Cleanup", Time since last: 1000099710 ns, Reaching safepoint: 122899 ns, At safepoint: 6029 ns, Total: 128928 ns
[2020-05-16T08:32:52.813+0000][15960][safepoint    ] Safepoint "Cleanup", Time since last: 1000194318 ns, Reaching safepoint: 169276 ns, At safepoint: 6492 ns, Total: 175768 ns
[2020-05-16T08:32:54.814+0000][15960][safepoint    ] Safepoint "Cleanup", Time since last: 2000240696 ns, Reaching safepoint: 163710 ns, At safepoint: 8812 ns, Total: 172522 ns
[2020-05-16T08:32:55.815+0000][15960][safepoint    ] Safepoint "Cleanup", Time since last: 1000785622 ns, Reaching safepoint: 165565 ns, At safepoint: 8812 ns, Total: 174377 ns
[2020-05-16T08:32:56.815+0000][15960][safepoint    ] Safepoint "Cleanup", Time since last: 1000326956 ns, Reaching safepoint: 149334 ns, At safepoint: 11130 ns, Total: 160464 ns
[2020-05-16T08:32:58.816+0000][15960][safepoint    ] Safepoint "Cleanup", Time since last: 2000550029 ns, Reaching safepoint: 143768 ns, At safepoint: 9275 ns, Total: 153043 ns
[2020-05-16T08:33:00.817+0000][15960][safepoint    ] Safepoint "Cleanup", Time since last: 2000840811 ns, Reaching safepoint: 135884 ns, At safepoint: 9276 ns, Total: 145160 ns
[2020-05-16T08:33:01.818+0000][15960][safepoint    ] Safepoint "Cleanup", Time since last: 1000704463 ns, Reaching safepoint: 133102 ns, At safepoint: 7884 ns, Total: 140986 ns
[2020-05-16T08:33:02.818+0000][15960][safepoint    ] Safepoint "Cleanup", Time since last: 1000416927 ns, Reaching safepoint: 153043 ns, At safepoint: 6957 ns, Total: 160000 ns
[2020-05-16T08:33:03.819+0000][15960][safepoint    ] Safepoint "Cleanup", Time since last: 1000789333 ns, Reaching safepoint: 118261 ns, At safepoint: 5101 ns, Total: 123362 ns
[2020-05-16T08:33:04.820+0000][15960][safepoint    ] Safepoint "Cleanup", Time since last: 1000476754 ns, Reaching safepoint: 133565 ns, At safepoint: 5565 ns, Total: 139130 ns
[2020-05-16T08:33:05.820+0000][15960][safepoint    ] Safepoint "Cleanup", Time since last: 1000652985 ns, Reaching safepoint: 166029 ns, At safepoint: 10203 ns, Total: 176232 ns
[2020-05-16T08:33:06.821+0000][15960][safepoint    ] Safepoint "Cleanup", Time since last: 1000125217 ns, Reaching safepoint: 160464 ns, At safepoint: 8348 ns, Total: 168812 ns
[2020-05-16T08:33:07.822+0000][15960][safepoint    ] Safepoint "Cleanup", Time since last: 1000600116 ns, Reaching safepoint: 236057 ns, At safepoint: 6493 ns, Total: 242550 ns
[2020-05-16T08:33:08.822+0000][15960][safepoint    ] Safepoint "Cleanup", Time since last: 1000371014 ns, Reaching safepoint: 164638 ns, At safepoint: 9275 ns, Total: 173913 ns
[2020-05-16T08:33:09.822+0000][15960][safepoint    ] Safepoint "Cleanup", Time since last: 1000226319 ns, Reaching safepoint: 167884 ns, At safepoint: 9275 ns, Total: 177159 ns
[2020-05-16T08:33:10.823+0000][15960][safepoint    ] Safepoint "Cleanup", Time since last: 1000580174 ns, Reaching safepoint: 128000 ns, At safepoint: 5565 ns, Total: 133565 ns
[2020-05-16T08:33:11.824+0000][15960][safepoint    ] Safepoint "Cleanup", Time since last: 1000700754 ns, Reaching safepoint: 140985 ns, At safepoint: 8348 ns, Total: 149333 ns
[2020-05-16T08:33:12.825+0000][15960][safepoint    ] Safepoint "Cleanup", Time since last: 1000760579 ns, Reaching safepoint: 140986 ns, At safepoint: 6492 ns, Total: 147478 ns
[2020-05-16T08:33:13.826+0000][15960][safepoint    ] Safepoint "Cleanup", Time since last: 1000725797 ns, Reaching safepoint: 160928 ns, At safepoint: 6492 ns, Total: 167420 ns
[2020-05-16T08:33:15.827+0000][15960][safepoint    ] Safepoint "Cleanup", Time since last: 2000823188 ns, Reaching safepoint: 172986 ns, At safepoint: 9275 ns, Total: 182261 ns
[2020-05-16T08:33:16.828+0000][15960][safepoint    ] Safepoint "Cleanup", Time since last: 1000616811 ns, Reaching safepoint: 132638 ns, At safepoint: 8348 ns, Total: 140986 ns
[2020-05-16T08:33:17.829+0000][15960][safepoint    ] Safepoint "Cleanup", Time since last: 1000674318 ns, Reaching safepoint: 190145 ns, At safepoint: 9276 ns, Total: 199421 ns
[2020-05-16T08:33:18.829+0000][15960][safepoint    ] Safepoint "Cleanup", Time since last: 1000467014 ns, Reaching safepoint: 130319 ns, At safepoint: 8348 ns, Total: 138667 ns
[2020-05-16T08:33:19.830+0000][15960][safepoint    ] Safepoint "Cleanup", Time since last: 1000779130 ns, Reaching safepoint: 134492 ns, At safepoint: 8812 ns, Total: 143304 ns
[2020-05-16T08:33:20.831+0000][15960][safepoint    ] Safepoint "Cleanup", Time since last: 1000500869 ns, Reaching safepoint: 132174 ns, At safepoint: 6029 ns, Total: 138203 ns
[2020-05-16T08:33:21.831+0000][15960][safepoint    ] Safepoint "Cleanup", Time since last: 1000379826 ns, Reaching safepoint: 136812 ns, At safepoint: 6956 ns, Total: 143768 ns
[2020-05-16T08:33:23.831+0000][15960][safepoint    ] Safepoint "Cleanup", Time since last: 1999955942 ns, Reaching safepoint: 155362 ns, At safepoint: 6029 ns, Total: 161391 ns
[2020-05-16T08:33:24.832+0000][15960][safepoint    ] Safepoint "Cleanup", Time since last: 1000728580 ns, Reaching safepoint: 151188 ns, At safepoint: 6029 ns, Total: 157217 ns
[2020-05-16T08:33:25.833+0000][15960][safepoint    ] Safepoint "Cleanup", Time since last: 1000690087 ns, Reaching safepoint: 151188 ns, At safepoint: 6029 ns, Total: 157217 ns
[2020-05-16T08:33:26.833+0000][15960][safepoint    ] Safepoint "Cleanup", Time since last: 1000093681 ns, Reaching safepoint: 170667 ns, At safepoint: 5565 ns, Total: 176232 ns
[2020-05-16T08:33:28.834+0000][15960][safepoint    ] Safepoint "Cleanup", Time since last: 2000170666 ns, Reaching safepoint: 143305 ns, At safepoint: 6492 ns, Total: 149797 ns
[2020-05-16T08:33:29.834+0000][15960][safepoint    ] Safepoint "Cleanup", Time since last: 1000374261 ns, Reaching safepoint: 140522 ns, At safepoint: 8348 ns, Total: 148870 ns
[2020-05-16T08:33:30.835+0000][15960][safepoint    ] Safepoint "Cleanup", Time since last: 1000732289 ns, Reaching safepoint: 148870 ns, At safepoint: 6029 ns, Total: 154899 ns
[2020-05-16T08:33:31.860+0000][15960][safepoint    ] Safepoint "Cleanup", Time since last: 1000165101 ns, Reaching safepoint: 25011467 ns, At safepoint: 14377 ns, Total: 25025844 ns
[2020-05-16T08:33:32.861+0000][15960][safepoint    ] Safepoint "Cleanup", Time since last: 1000283362 ns, Reaching safepoint: 102492 ns, At safepoint: 3711 ns, Total: 106203 ns
[2020-05-16T08:33:34.154+0000][15960][safepoint    ] Safepoint "Cleanup", Time since last: 1292913023 ns, Reaching safepoint: 227246 ns, At safepoint: 9740 ns, Total: 236986 ns
[2020-05-16T08:33:35.154+0000][15960][safepoint    ] Safepoint "Cleanup", Time since last: 1000612637 ns, Reaching safepoint: 214261 ns, At safepoint: 17159 ns, Total: 231420 ns
[2020-05-16T08:33:35.484+0000][15960][gc,start     ] GC(21) Pause Young (Normal) (G1 Evacuation Pause)
[2020-05-16T08:33:35.484+0000][15960][gc,task      ] GC(21) Using 4 workers of 4 for evacuation
[2020-05-16T08:33:35.484+0000][15960][gc,age       ] GC(21) Desired survivor size 24641536 bytes, new threshold 15 (max threshold 15)
[2020-05-16T08:33:35.566+0000][15960][gc,age       ] GC(21) Age table with threshold 15 (max threshold 15)
[2020-05-16T08:33:35.566+0000][15960][gc,age       ] GC(21) - age   1:     846352 bytes,     846352 total
[2020-05-16T08:33:35.566+0000][15960][gc,age       ] GC(21) - age   2:     538968 bytes,    1385320 total
[2020-05-16T08:33:35.566+0000][15960][gc,age       ] GC(21) - age   3:     106888 bytes,    1492208 total
[2020-05-16T08:33:35.566+0000][15960][gc,age       ] GC(21) - age   4:     285192 bytes,    1777400 total
[2020-05-16T08:33:35.566+0000][15960][gc,age       ] GC(21) - age   5:     145368 bytes,    1922768 total
[2020-05-16T08:33:35.566+0000][15960][gc,age       ] GC(21) - age   6:     464408 bytes,    2387176 total
[2020-05-16T08:33:35.566+0000][15960][gc,age       ] GC(21) - age   7:     274944 bytes,    2662120 total
[2020-05-16T08:33:35.566+0000][15960][gc,age       ] GC(21) - age   8:     199592 bytes,    2861712 total
[2020-05-16T08:33:35.566+0000][15960][gc,age       ] GC(21) - age   9:      53048 bytes,    2914760 total
[2020-05-16T08:33:35.566+0000][15960][gc,phases    ] GC(21)   Pre Evacuate Collection Set: 0.5ms
[2020-05-16T08:33:35.566+0000][15960][gc,phases    ] GC(21)   Merge Heap Roots: 0.3ms
[2020-05-16T08:33:35.566+0000][15960][gc,phases    ] GC(21)   Evacuate Collection Set: 79.0ms
[2020-05-16T08:33:35.566+0000][15960][gc,phases    ] GC(21)   Post Evacuate Collection Set: 1.3ms
[2020-05-16T08:33:35.566+0000][15960][gc,phases    ] GC(21)   Other: 0.8ms
[2020-05-16T08:33:35.566+0000][15960][gc,heap      ] GC(21) Eden regions: 372->0(610)
[2020-05-16T08:33:35.566+0000][15960][gc,heap      ] GC(21) Survivor regions: 3->4(47)
[2020-05-16T08:33:35.566+0000][15960][gc,heap      ] GC(21) Old regions: 69->69
[2020-05-16T08:33:35.566+0000][15960][gc,heap      ] GC(21) Archive regions: 0->0
[2020-05-16T08:33:35.566+0000][15960][gc,heap      ] GC(21) Humongous regions: 7->7
[2020-05-16T08:33:35.566+0000][15960][gc,metaspace ] GC(21) Metaspace: 96830K(104612K)->96830K(104612K) NonClass: 84034K(88664K)->84034K(88664K) Class: 12795K(15948K)->12795K(15948K)
[2020-05-16T08:33:35.566+0000][15960][gc           ] GC(21) Pause Young (Normal) (G1 Evacuation Pause) 450M->78M(1024M) 82.030ms
[2020-05-16T08:33:35.566+0000][15960][gc,cpu       ] GC(21) User=0.05s Sys=0.05s Real=0.08s
[2020-05-16T08:33:35.566+0000][15960][safepoint    ] Safepoint "G1CollectForAllocation", Time since last: 329781644 ns, Reaching safepoint: 144696 ns, At safepoint: 82253875 ns, Total: 82398571 ns
[2020-05-16T08:33:36.568+0000][15960][safepoint    ] Safepoint "Cleanup", Time since last: 1000879304 ns, Reaching safepoint: 160000 ns, At safepoint: 5565 ns, Total: 165565 ns
[2020-05-16T08:33:37.569+0000][15960][safepoint    ] Safepoint "Cleanup", Time since last: 1000624231 ns, Reaching safepoint: 164638 ns, At safepoint: 11594 ns, Total: 176232 ns
[2020-05-16T08:33:39.569+0000][15960][safepoint    ] Safepoint "Cleanup", Time since last: 2000324174 ns, Reaching safepoint: 156754 ns, At safepoint: 8811 ns, Total: 165565 ns
[2020-05-16T08:33:41.569+0000][15960][safepoint    ] Safepoint "Cleanup", Time since last: 2000024580 ns, Reaching safepoint: 169275 ns, At safepoint: 6957 ns, Total: 176232 ns
[2020-05-16T08:33:42.570+0000][15960][safepoint    ] Safepoint "Cleanup", Time since last: 1000639536 ns, Reaching safepoint: 233739 ns, At safepoint: 6492 ns, Total: 240231 ns
[2020-05-16T08:33:43.571+0000][15960][safepoint    ] Safepoint "Cleanup", Time since last: 1000297739 ns, Reaching safepoint: 153044 ns, At safepoint: 6492 ns, Total: 159536 ns
[2020-05-16T08:33:44.572+0000][15960][safepoint    ] Safepoint "Cleanup", Time since last: 1000724870 ns, Reaching safepoint: 230956 ns, At safepoint: 11594 ns, Total: 242550 ns
[2020-05-16T08:33:45.573+0000][15960][safepoint    ] Safepoint "Cleanup", Time since last: 1000818551 ns, Reaching safepoint: 302840 ns, At safepoint: 27362 ns, Total: 330202 ns
[2020-05-16T08:33:46.573+0000][15960][safepoint    ] Safepoint "Cleanup", Time since last: 1000026899 ns, Reaching safepoint: 571826 ns, At safepoint: 16695 ns, Total: 588521 ns
[2020-05-16T08:33:48.574+0000][15960][safepoint    ] Safepoint "Cleanup", Time since last: 2000756870 ns, Reaching safepoint: 192463 ns, At safepoint: 10203 ns, Total: 202666 ns
[2020-05-16T08:33:49.575+0000][15960][safepoint    ] Safepoint "Cleanup", Time since last: 1000212870 ns, Reaching safepoint: 186434 ns, At safepoint: 6957 ns, Total: 193391 ns
[2020-05-16T08:33:50.575+0000][15960][safepoint    ] Safepoint "Cleanup", Time since last: 1000015304 ns, Reaching safepoint: 133102 ns, At safepoint: 5101 ns, Total: 138203 ns
[2020-05-16T08:33:52.576+0000][15960][safepoint    ] Safepoint "Cleanup", Time since last: 2000704463 ns, Reaching safepoint: 122435 ns, At safepoint: 5565 ns, Total: 128000 ns
[2020-05-16T08:33:53.577+0000][15960][safepoint    ] Safepoint "Cleanup", Time since last: 1000851942 ns, Reaching safepoint: 144232 ns, At safepoint: 7884 ns, Total: 152116 ns
[2020-05-16T08:33:54.578+0000][15960][safepoint    ] Safepoint "Cleanup", Time since last: 1000737855 ns, Reaching safepoint: 141913 ns, At safepoint: 4637 ns, Total: 146550 ns
[2020-05-16T08:33:55.579+0000][15960][safepoint    ] Safepoint "Cleanup", Time since last: 1000887188 ns, Reaching safepoint: 122899 ns, At safepoint: 4638 ns, Total: 127537 ns
[2020-05-16T08:33:57.579+0000][15960][safepoint    ] Safepoint "Cleanup", Time since last: 2000099710 ns, Reaching safepoint: 217043 ns, At safepoint: 7884 ns, Total: 224927 ns
[2020-05-16T08:33:59.580+0000][15960][safepoint    ] Safepoint "Cleanup", Time since last: 2000743420 ns, Reaching safepoint: 153043 ns, At safepoint: 5566 ns, Total: 158609 ns
[2020-05-16T08:34:00.580+0000][15960][safepoint    ] Safepoint "Cleanup", Time since last: 1000359883 ns, Reaching safepoint: 125682 ns, At safepoint: 5101 ns, Total: 130783 ns
[2020-05-16T08:34:01.581+0000][15960][safepoint    ] Safepoint "Cleanup", Time since last: 1000107594 ns, Reaching safepoint: 154435 ns, At safepoint: 7420 ns, Total: 161855 ns
[2020-05-16T08:34:03.582+0000][15960][safepoint    ] Safepoint "Cleanup", Time since last: 2000798609 ns, Reaching safepoint: 128463 ns, At safepoint: 4638 ns, Total: 133101 ns
[2020-05-16T08:34:04.582+0000][15960][safepoint    ] Safepoint "Cleanup", Time since last: 1000433159 ns, Reaching safepoint: 131246 ns, At safepoint: 4638 ns, Total: 135884 ns
[2020-05-16T08:34:06.582+0000][15960][safepoint    ] Safepoint "Cleanup", Time since last: 1999865044 ns, Reaching safepoint: 128927 ns, At safepoint: 4638 ns, Total: 133565 ns
[2020-05-16T08:34:07.583+0000][15960][safepoint    ] Safepoint "Cleanup", Time since last: 1000163710 ns, Reaching safepoint: 102956 ns, At safepoint: 2783 ns, Total: 105739 ns
[2020-05-16T08:34:08.583+0000][15960][safepoint    ] Safepoint "Cleanup", Time since last: 1000513391 ns, Reaching safepoint: 139594 ns, At safepoint: 6029 ns, Total: 145623 ns
[2020-05-16T08:34:09.584+0000][15960][safepoint    ] Safepoint "Cleanup", Time since last: 1000310261 ns, Reaching safepoint: 184580 ns, At safepoint: 4637 ns, Total: 189217 ns
[2020-05-16T08:34:11.584+0000][15960][safepoint    ] Safepoint "Cleanup", Time since last: 2000263884 ns, Reaching safepoint: 184580 ns, At safepoint: 9275 ns, Total: 193855 ns
[2020-05-16T08:34:12.584+0000][15960][safepoint    ] Safepoint "Cleanup", Time since last: 1000167884 ns, Reaching safepoint: 115942 ns, At safepoint: 4638 ns, Total: 120580 ns
[2020-05-16T08:34:13.585+0000][15960][safepoint    ] Safepoint "Cleanup", Time since last: 1000873275 ns, Reaching safepoint: 137275 ns, At safepoint: 5101 ns, Total: 142376 ns
[2020-05-16T08:34:14.586+0000][15960][safepoint    ] Safepoint "Cleanup", Time since last: 1000312116 ns, Reaching safepoint: 137276 ns, At safepoint: 7884 ns, Total: 145160 ns
[2020-05-16T08:34:15.587+0000][15960][safepoint    ] Safepoint "Cleanup", Time since last: 1000563014 ns, Reaching safepoint: 121043 ns, At safepoint: 4174 ns, Total: 125217 ns
[2020-05-16T08:34:16.587+0000][15960][safepoint    ] Safepoint "Cleanup", Time since last: 1000169275 ns, Reaching safepoint: 259710 ns, At safepoint: 8348 ns, Total: 268058 ns
[2020-05-16T08:34:17.588+0000][15960][safepoint    ] Safepoint "Cleanup", Time since last: 1000820869 ns, Reaching safepoint: 258319 ns, At safepoint: 15768 ns, Total: 274087 ns
[2020-05-16T08:34:19.589+0000][15960][safepoint    ] Safepoint "Cleanup", Time since last: 2000829681 ns, Reaching safepoint: 262493 ns, At safepoint: 11594 ns, Total: 274087 ns
[2020-05-16T08:34:21.589+0000][15960][safepoint    ] Safepoint "Cleanup", Time since last: 1999635015 ns, Reaching safepoint: 239304 ns, At safepoint: 6956 ns, Total: 246260 ns
[2020-05-16T08:34:22.589+0000][15960][safepoint    ] Safepoint "Cleanup", Time since last: 1000017160 ns, Reaching safepoint: 121043 ns, At safepoint: 5102 ns, Total: 126145 ns
[2020-05-16T08:34:23.590+0000][15960][safepoint    ] Safepoint "Cleanup", Time since last: 1000273159 ns, Reaching safepoint: 134029 ns, At safepoint: 7420 ns, Total: 141449 ns
[2020-05-16T08:34:24.590+0000][15960][safepoint    ] Safepoint "Cleanup", Time since last: 1000003710 ns, Reaching safepoint: 118725 ns, At safepoint: 6493 ns, Total: 125218 ns
[2020-05-16T08:34:25.590+0000][15960][safepoint    ] Safepoint "Cleanup", Time since last: 1000125681 ns, Reaching safepoint: 128927 ns, At safepoint: 7420 ns, Total: 136347 ns
[2020-05-16T08:34:26.591+0000][15960][safepoint    ] Safepoint "Cleanup", Time since last: 1000692870 ns, Reaching safepoint: 134029 ns, At safepoint: 5101 ns, Total: 139130 ns
[2020-05-16T08:34:28.591+0000][15960][safepoint    ] Safepoint "Cleanup", Time since last: 2000111304 ns, Reaching safepoint: 134029 ns, At safepoint: 4638 ns, Total: 138667 ns
[2020-05-16T08:34:30.592+0000][15960][safepoint    ] Safepoint "Cleanup", Time since last: 2000680811 ns, Reaching safepoint: 136348 ns, At safepoint: 7420 ns, Total: 143768 ns
[2020-05-16T08:34:32.593+0000][15960][safepoint    ] Safepoint "Cleanup", Time since last: 2000492986 ns, Reaching safepoint: 142840 ns, At safepoint: 7420 ns, Total: 150260 ns
[2020-05-16T08:34:33.593+0000][15960][safepoint    ] Safepoint "Cleanup", Time since last: 1000345971 ns, Reaching safepoint: 126609 ns, At safepoint: 4638 ns, Total: 131247 ns
[2020-05-16T08:34:34.594+0000][15960][safepoint    ] Safepoint "Cleanup", Time since last: 1000575535 ns, Reaching safepoint: 125682 ns, At safepoint: 4637 ns, Total: 130319 ns
[2020-05-16T08:34:35.595+0000][15960][safepoint    ] Safepoint "Cleanup", Time since last: 1000747130 ns, Reaching safepoint: 108058 ns, At safepoint: 4638 ns, Total: 112696 ns
[2020-05-16T08:34:36.595+0000][15960][safepoint    ] Safepoint "Cleanup", Time since last: 1000073275 ns, Reaching safepoint: 120116 ns, At safepoint: 4638 ns, Total: 124754 ns
[2020-05-16T08:34:37.595+0000][15960][safepoint    ] Safepoint "Cleanup", Time since last: 1000414608 ns, Reaching safepoint: 133102 ns, At safepoint: 5101 ns, Total: 138203 ns
[2020-05-16T08:34:39.596+0000][15960][safepoint    ] Safepoint "Cleanup", Time since last: 2000116870 ns, Reaching safepoint: 126145 ns, At safepoint: 5101 ns, Total: 131246 ns
[2020-05-16T08:34:40.596+0000][15960][safepoint    ] Safepoint "Cleanup", Time since last: 1000556058 ns, Reaching safepoint: 126145 ns, At safepoint: 5101 ns, Total: 131246 ns
[2020-05-16T08:34:42.596+0000][15960][safepoint    ] Safepoint "Cleanup", Time since last: 2000030145 ns, Reaching safepoint: 142840 ns, At safepoint: 5102 ns, Total: 147942 ns
[2020-05-16T08:34:43.597+0000][15960][safepoint    ] Safepoint "Cleanup", Time since last: 1000125217 ns, Reaching safepoint: 153044 ns, At safepoint: 4637 ns, Total: 157681 ns
[2020-05-16T08:34:45.597+0000][15960][safepoint    ] Safepoint "Cleanup", Time since last: 2000498087 ns, Reaching safepoint: 112232 ns, At safepoint: 4638 ns, Total: 116870 ns
[2020-05-16T08:34:46.598+0000][15960][safepoint    ] Safepoint "Cleanup", Time since last: 1000016231 ns, Reaching safepoint: 121508 ns, At safepoint: 4174 ns, Total: 125682 ns
[2020-05-16T08:34:47.598+0000][15960][safepoint    ] Safepoint "Cleanup", Time since last: 1000686840 ns, Reaching safepoint: 129391 ns, At safepoint: 6957 ns, Total: 136348 ns
[2020-05-16T08:34:48.599+0000][15960][safepoint    ] Safepoint "Cleanup", Time since last: 1000231884 ns, Reaching safepoint: 84869 ns, At safepoint: 2783 ns, Total: 87652 ns
[2020-05-16T08:34:49.600+0000][15960][safepoint    ] Safepoint "Cleanup", Time since last: 1000848695 ns, Reaching safepoint: 128927 ns, At safepoint: 6493 ns, Total: 135420 ns
[2020-05-16T08:34:50.601+0000][15960][safepoint    ] Safepoint "Cleanup", Time since last: 1000808811 ns, Reaching safepoint: 116870 ns, At safepoint: 4638 ns, Total: 121508 ns
[2020-05-16T08:34:51.601+0000][15960][safepoint    ] Safepoint "Cleanup", Time since last: 1000458666 ns, Reaching safepoint: 123826 ns, At safepoint: 3246 ns, Total: 127072 ns
[2020-05-16T08:34:53.602+0000][15960][safepoint    ] Safepoint "Cleanup", Time since last: 2000489276 ns, Reaching safepoint: 155362 ns, At safepoint: 4174 ns, Total: 159536 ns
[2020-05-16T08:34:54.602+0000][15960][safepoint    ] Safepoint "Cleanup", Time since last: 1000413217 ns, Reaching safepoint: 114087 ns, At safepoint: 2782 ns, Total: 116869 ns
[2020-05-16T08:34:55.603+0000][15960][safepoint    ] Safepoint "Cleanup", Time since last: 1000057044 ns, Reaching safepoint: 85333 ns, At safepoint: 3247 ns, Total: 88580 ns
[2020-05-16T08:34:56.604+0000][15960][safepoint    ] Safepoint "Cleanup", Time since last: 1000807419 ns, Reaching safepoint: 132638 ns, At safepoint: 6493 ns, Total: 139131 ns
[2020-05-16T08:34:58.604+0000][15960][safepoint    ] Safepoint "Cleanup", Time since last: 2000847768 ns, Reaching safepoint: 158144 ns, At safepoint: 7421 ns, Total: 165565 ns
[2020-05-16T08:34:59.605+0000][15960][safepoint    ] Safepoint "Cleanup", Time since last: 1000615883 ns, Reaching safepoint: 127537 ns, At safepoint: 4174 ns, Total: 131711 ns
[2020-05-16T08:35:00.631+0000][15960][safepoint    ] Safepoint "Cleanup", Time since last: 1025817959 ns, Reaching safepoint: 125681 ns, At safepoint: 5101 ns, Total: 130782 ns
[2020-05-16T08:35:01.632+0000][15960][safepoint    ] Safepoint "Cleanup", Time since last: 1000518493 ns, Reaching safepoint: 114550 ns, At safepoint: 6493 ns, Total: 121043 ns
[2020-05-16T08:35:03.632+0000][15960][safepoint    ] Safepoint "Cleanup", Time since last: 2000500869 ns, Reaching safepoint: 121044 ns, At safepoint: 4638 ns, Total: 125682 ns
[2020-05-16T08:35:04.633+0000][15960][safepoint    ] Safepoint "Cleanup", Time since last: 1000232347 ns, Reaching safepoint: 106667 ns, At safepoint: 4174 ns, Total: 110841 ns
[2020-05-16T08:35:05.633+0000][15960][safepoint    ] Safepoint "Cleanup", Time since last: 1000009275 ns, Reaching safepoint: 125217 ns, At safepoint: 4638 ns, Total: 129855 ns
[2020-05-16T08:35:06.634+0000][15960][safepoint    ] Safepoint "Cleanup", Time since last: 1000714666 ns, Reaching safepoint: 111769 ns, At safepoint: 4173 ns, Total: 115942 ns
[2020-05-16T08:35:07.635+0000][15960][safepoint    ] Safepoint "Cleanup", Time since last: 1000614957 ns, Reaching safepoint: 111304 ns, At safepoint: 4638 ns, Total: 115942 ns
[2020-05-16T08:35:08.635+0000][15960][safepoint    ] Safepoint "Cleanup", Time since last: 1000313043 ns, Reaching safepoint: 111768 ns, At safepoint: 22725 ns, Total: 134493 ns
[2020-05-16T08:35:09.636+0000][15960][safepoint    ] Safepoint "Cleanup", Time since last: 1000706782 ns, Reaching safepoint: 113159 ns, At safepoint: 8348 ns, Total: 121507 ns
[2020-05-16T08:35:11.636+0000][15960][safepoint    ] Safepoint "Cleanup", Time since last: 2000339942 ns, Reaching safepoint: 107130 ns, At safepoint: 6493 ns, Total: 113623 ns
[2020-05-16T08:35:12.637+0000][15960][safepoint    ] Safepoint "Cleanup", Time since last: 1000381681 ns, Reaching safepoint: 272232 ns, At safepoint: 22261 ns, Total: 294493 ns
[2020-05-16T08:35:13.637+0000][15960][safepoint    ] Safepoint "Cleanup", Time since last: 1000111768 ns, Reaching safepoint: 131710 ns, At safepoint: 8348 ns, Total: 140058 ns
[2020-05-16T08:35:15.638+0000][15960][safepoint    ] Safepoint "Cleanup", Time since last: 2000989217 ns, Reaching safepoint: 119188 ns, At safepoint: 8812 ns, Total: 128000 ns
[2020-05-16T08:35:16.639+0000][15960][safepoint    ] Safepoint "Cleanup", Time since last: 1000652521 ns, Reaching safepoint: 122435 ns, At safepoint: 4637 ns, Total: 127072 ns
[2020-05-16T08:35:18.640+0000][15960][safepoint    ] Safepoint "Cleanup", Time since last: 2000412754 ns, Reaching safepoint: 132637 ns, At safepoint: 6957 ns, Total: 139594 ns
[2020-05-16T08:35:19.640+0000][15960][safepoint    ] Safepoint "Cleanup", Time since last: 1000054261 ns, Reaching safepoint: 117797 ns, At safepoint: 6956 ns, Total: 124753 ns
[2020-05-16T08:35:20.640+0000][15960][safepoint    ] Safepoint "Cleanup", Time since last: 1000334377 ns, Reaching safepoint: 135420 ns, At safepoint: 6493 ns, Total: 141913 ns
[2020-05-16T08:35:21.641+0000][15960][safepoint    ] Safepoint "Cleanup", Time since last: 1000425739 ns, Reaching safepoint: 133101 ns, At safepoint: 4638 ns, Total: 137739 ns
[2020-05-16T08:35:22.641+0000][15960][safepoint    ] Safepoint "Cleanup", Time since last: 1000356174 ns, Reaching safepoint: 112695 ns, At safepoint: 4638 ns, Total: 117333 ns
[2020-05-16T08:35:23.642+0000][15960][safepoint    ] Safepoint "Cleanup", Time since last: 1000472116 ns, Reaching safepoint: 120116 ns, At safepoint: 5101 ns, Total: 125217 ns
[2020-05-16T08:35:24.643+0000][15960][safepoint    ] Safepoint "Cleanup", Time since last: 1000815768 ns, Reaching safepoint: 76058 ns, At safepoint: 2782 ns, Total: 78840 ns
[2020-05-16T08:35:25.644+0000][15960][safepoint    ] Safepoint "Cleanup", Time since last: 1000789797 ns, Reaching safepoint: 124754 ns, At safepoint: 4174 ns, Total: 128928 ns
[2020-05-16T08:35:26.644+0000][15960][safepoint    ] Safepoint "Cleanup", Time since last: 1000218898 ns, Reaching safepoint: 122899 ns, At safepoint: 4173 ns, Total: 127072 ns
[2020-05-16T08:35:28.467+0000][15960][safepoint    ] Safepoint "Cleanup", Time since last: 1822868488 ns, Reaching safepoint: 127073 ns, At safepoint: 6493 ns, Total: 133566 ns
[2020-05-16T08:35:30.467+0000][15960][safepoint    ] Safepoint "Cleanup", Time since last: 2000012521 ns, Reaching safepoint: 114551 ns, At safepoint: 4174 ns, Total: 118725 ns
[2020-05-16T08:35:32.468+0000][15960][safepoint    ] Safepoint "Cleanup", Time since last: 2000630724 ns, Reaching safepoint: 97391 ns, At safepoint: 4638 ns, Total: 102029 ns
[2020-05-16T08:35:34.468+0000][15960][safepoint    ] Safepoint "Cleanup", Time since last: 2000136348 ns, Reaching safepoint: 110377 ns, At safepoint: 4637 ns, Total: 115014 ns
[2020-05-16T08:35:35.468+0000][15960][safepoint    ] Safepoint "Cleanup", Time since last: 1000048232 ns, Reaching safepoint: 107594 ns, At safepoint: 6493 ns, Total: 114087 ns
[2020-05-16T08:35:36.469+0000][15960][safepoint    ] Safepoint "Cleanup", Time since last: 1000739246 ns, Reaching safepoint: 105275 ns, At safepoint: 4638 ns, Total: 109913 ns
[2020-05-16T08:35:37.470+0000][15960][safepoint    ] Safepoint "Cleanup", Time since last: 1000730898 ns, Reaching safepoint: 121044 ns, At safepoint: 4174 ns, Total: 125218 ns
[2020-05-16T08:35:38.470+0000][15960][safepoint    ] Safepoint "Cleanup", Time since last: 1000045449 ns, Reaching safepoint: 127072 ns, At safepoint: 6493 ns, Total: 133565 ns
[2020-05-16T08:35:40.471+0000][15960][safepoint    ] Safepoint "Cleanup", Time since last: 2000318145 ns, Reaching safepoint: 113159 ns, At safepoint: 6493 ns, Total: 119652 ns
[2020-05-16T08:35:42.471+0000][15960][safepoint    ] Safepoint "Cleanup", Time since last: 1999989797 ns, Reaching safepoint: 128464 ns, At safepoint: 6493 ns, Total: 134957 ns
[2020-05-16T08:35:43.471+0000][15960][safepoint    ] Safepoint "Cleanup", Time since last: 1000527304 ns, Reaching safepoint: 111768 ns, At safepoint: 4637 ns, Total: 116405 ns
[2020-05-16T08:35:45.472+0000][15960][safepoint    ] Safepoint "Cleanup", Time since last: 2000032000 ns, Reaching safepoint: 150261 ns, At safepoint: 7421 ns, Total: 157682 ns
[2020-05-16T08:35:47.473+0000][15960][safepoint    ] Safepoint "Cleanup", Time since last: 2000991535 ns, Reaching safepoint: 124290 ns, At safepoint: 4638 ns, Total: 128928 ns
[2020-05-16T08:35:48.474+0000][15960][safepoint    ] Safepoint "Cleanup", Time since last: 1000791652 ns, Reaching safepoint: 113159 ns, At safepoint: 4638 ns, Total: 117797 ns
[2020-05-16T08:35:49.474+0000][15960][safepoint    ] Safepoint "Cleanup", Time since last: 1000472115 ns, Reaching safepoint: 78377 ns, At safepoint: 3246 ns, Total: 81623 ns
[2020-05-16T08:35:50.474+0000][15960][safepoint    ] Safepoint "Cleanup", Time since last: 1000113160 ns, Reaching safepoint: 117797 ns, At safepoint: 4638 ns, Total: 122435 ns
[2020-05-16T08:35:51.475+0000][15960][safepoint    ] Safepoint "Cleanup", Time since last: 1000467014 ns, Reaching safepoint: 128464 ns, At safepoint: 4637 ns, Total: 133101 ns
[2020-05-16T08:35:52.476+0000][15960][safepoint    ] Safepoint "Cleanup", Time since last: 1000851942 ns, Reaching safepoint: 115478 ns, At safepoint: 4174 ns, Total: 119652 ns
[2020-05-16T08:35:53.476+0000][15960][safepoint    ] Safepoint "Cleanup", Time since last: 1000126609 ns, Reaching safepoint: 103884 ns, At safepoint: 4637 ns, Total: 108521 ns
[2020-05-16T08:35:54.477+0000][15960][safepoint    ] Safepoint "Cleanup", Time since last: 1000814841 ns, Reaching safepoint: 104347 ns, At safepoint: 4638 ns, Total: 108985 ns
[2020-05-16T08:35:55.478+0000][15960][safepoint    ] Safepoint "Cleanup", Time since last: 1000518029 ns, Reaching safepoint: 125681 ns, At safepoint: 4174 ns, Total: 129855 ns
[2020-05-16T08:35:57.478+0000][15960][safepoint    ] Safepoint "Cleanup", Time since last: 2000193855 ns, Reaching safepoint: 133565 ns, At safepoint: 4638 ns, Total: 138203 ns
[2020-05-16T08:35:59.479+0000][15960][safepoint    ] Safepoint "Cleanup", Time since last: 2000587593 ns, Reaching safepoint: 125218 ns, At safepoint: 6956 ns, Total: 132174 ns
[2020-05-16T08:36:00.479+0000][15960][safepoint    ] Safepoint "Cleanup", Time since last: 1000304696 ns, Reaching safepoint: 130319 ns, At safepoint: 6956 ns, Total: 137275 ns
[2020-05-16T08:36:02.480+0000][15960][safepoint    ] Safepoint "Cleanup", Time since last: 2000134957 ns, Reaching safepoint: 122434 ns, At safepoint: 4174 ns, Total: 126608 ns
[2020-05-16T08:36:03.480+0000][15960][safepoint    ] Safepoint "Cleanup", Time since last: 1000559768 ns, Reaching safepoint: 102029 ns, At safepoint: 4638 ns, Total: 106667 ns
[2020-05-16T08:36:05.481+0000][15960][safepoint    ] Safepoint "Cleanup", Time since last: 2000875594 ns, Reaching safepoint: 149797 ns, At safepoint: 4173 ns, Total: 153970 ns
[2020-05-16T08:36:06.482+0000][15960][safepoint    ] Safepoint "Cleanup", Time since last: 1000783304 ns, Reaching safepoint: 98319 ns, At safepoint: 4638 ns, Total: 102957 ns
[2020-05-16T08:36:07.483+0000][15960][safepoint    ] Safepoint "Cleanup", Time since last: 1000890434 ns, Reaching safepoint: 123826 ns, At safepoint: 6493 ns, Total: 130319 ns
[2020-05-16T08:36:08.484+0000][15960][safepoint    ] Safepoint "Cleanup", Time since last: 1000517101 ns, Reaching safepoint: 126609 ns, At safepoint: 4174 ns, Total: 130783 ns
[2020-05-16T08:36:09.484+0000][15960][safepoint    ] Safepoint "Cleanup", Time since last: 1000225855 ns, Reaching safepoint: 111768 ns, At safepoint: 4638 ns, Total: 116406 ns
[2020-05-16T08:36:10.485+0000][15960][safepoint    ] Safepoint "Cleanup", Time since last: 1000262492 ns, Reaching safepoint: 115015 ns, At safepoint: 4637 ns, Total: 119652 ns
[2020-05-16T08:36:11.485+0000][15960][safepoint    ] Safepoint "Cleanup", Time since last: 1000394667 ns, Reaching safepoint: 104811 ns, At safepoint: 4638 ns, Total: 109449 ns
[2020-05-16T08:36:12.485+0000][15960][safepoint    ] Safepoint "Cleanup", Time since last: 1000083942 ns, Reaching safepoint: 110841 ns, At safepoint: 6028 ns, Total: 116869 ns
[2020-05-16T08:36:13.486+0000][15960][safepoint    ] Safepoint "Cleanup", Time since last: 1000741565 ns, Reaching safepoint: 133102 ns, At safepoint: 5565 ns, Total: 138667 ns
[2020-05-16T08:36:15.487+0000][15960][safepoint    ] Safepoint "Cleanup", Time since last: 2000354782 ns, Reaching safepoint: 118261 ns, At safepoint: 6957 ns, Total: 125218 ns
[2020-05-16T08:36:16.487+0000][15960][safepoint    ] Safepoint "Cleanup", Time since last: 1000436405 ns, Reaching safepoint: 123826 ns, At safepoint: 4638 ns, Total: 128464 ns
[2020-05-16T08:36:17.488+0000][15960][safepoint    ] Safepoint "Cleanup", Time since last: 1000842203 ns, Reaching safepoint: 114550 ns, At safepoint: 6493 ns, Total: 121043 ns
[2020-05-16T08:36:19.489+0000][15960][safepoint    ] Safepoint "Cleanup", Time since last: 2000384927 ns, Reaching safepoint: 124754 ns, At safepoint: 5101 ns, Total: 129855 ns
[2020-05-16T08:36:21.490+0000][15960][safepoint    ] Safepoint "Cleanup", Time since last: 2000838493 ns, Reaching safepoint: 109913 ns, At safepoint: 4174 ns, Total: 114087 ns
[2020-05-16T08:36:22.490+0000][15960][safepoint    ] Safepoint "Cleanup", Time since last: 1000096463 ns, Reaching safepoint: 94145 ns, At safepoint: 4638 ns, Total: 98783 ns
[2020-05-16T08:36:24.490+0000][15960][safepoint    ] Safepoint "Cleanup", Time since last: 2000035246 ns, Reaching safepoint: 120580 ns, At safepoint: 4638 ns, Total: 125218 ns
[2020-05-16T08:36:25.490+0000][15960][safepoint    ] Safepoint "Cleanup", Time since last: 1000195710 ns, Reaching safepoint: 117797 ns, At safepoint: 4637 ns, Total: 122434 ns
[2020-05-16T08:36:27.491+0000][15960][safepoint    ] Safepoint "Cleanup", Time since last: 2000174841 ns, Reaching safepoint: 118724 ns, At safepoint: 4638 ns, Total: 123362 ns
[2020-05-16T08:36:28.491+0000][15960][safepoint    ] Safepoint "Cleanup", Time since last: 1000657623 ns, Reaching safepoint: 120580 ns, At safepoint: 4174 ns, Total: 124754 ns
[2020-05-16T08:36:29.492+0000][15960][safepoint    ] Safepoint "Cleanup", Time since last: 1000426202 ns, Reaching safepoint: 119652 ns, At safepoint: 4174 ns, Total: 123826 ns
[2020-05-16T08:36:30.492+0000][15960][safepoint    ] Safepoint "Cleanup", Time since last: 1000315362 ns, Reaching safepoint: 118261 ns, At safepoint: 6957 ns, Total: 125218 ns
[2020-05-16T08:36:31.493+0000][15960][safepoint    ] Safepoint "Cleanup", Time since last: 1000083942 ns, Reaching safepoint: 119652 ns, At safepoint: 4638 ns, Total: 124290 ns
[2020-05-16T08:36:33.493+0000][15960][safepoint    ] Safepoint "Cleanup", Time since last: 1999965217 ns, Reaching safepoint: 120116 ns, At safepoint: 4638 ns, Total: 124754 ns
[2020-05-16T08:36:34.493+0000][15960][safepoint    ] Safepoint "Cleanup", Time since last: 1000474898 ns, Reaching safepoint: 117333 ns, At safepoint: 4174 ns, Total: 121507 ns
[2020-05-16T08:36:35.494+0000][15960][safepoint    ] Safepoint "Cleanup", Time since last: 1000761507 ns, Reaching safepoint: 117333 ns, At safepoint: 4174 ns, Total: 121507 ns
[2020-05-16T08:36:36.494+0000][15960][safepoint    ] Safepoint "Cleanup", Time since last: 1000006493 ns, Reaching safepoint: 118725 ns, At safepoint: 4173 ns, Total: 122898 ns
[2020-05-16T08:36:38.494+0000][15960][safepoint    ] Safepoint "Cleanup", Time since last: 2000104812 ns, Reaching safepoint: 109913 ns, At safepoint: 4638 ns, Total: 114551 ns
[2020-05-16T08:36:39.495+0000][15960][safepoint    ] Safepoint "Cleanup", Time since last: 1000340405 ns, Reaching safepoint: 107594 ns, At safepoint: 4174 ns, Total: 111768 ns
[2020-05-16T08:36:40.496+0000][15960][safepoint    ] Safepoint "Cleanup", Time since last: 1000755478 ns, Reaching safepoint: 113623 ns, At safepoint: 4638 ns, Total: 118261 ns
[2020-05-16T08:36:41.496+0000][15960][safepoint    ] Safepoint "Cleanup", Time since last: 1000013913 ns, Reaching safepoint: 108986 ns, At safepoint: 4637 ns, Total: 113623 ns
[2020-05-16T08:36:42.497+0000][15960][safepoint    ] Safepoint "Cleanup", Time since last: 1000758725 ns, Reaching safepoint: 117797 ns, At safepoint: 4637 ns, Total: 122434 ns
[2020-05-16T08:36:43.497+0000][15960][safepoint    ] Safepoint "Cleanup", Time since last: 1000212870 ns, Reaching safepoint: 111304 ns, At safepoint: 4638 ns, Total: 115942 ns
[2020-05-16T08:36:44.498+0000][15960][safepoint    ] Safepoint "Cleanup", Time since last: 1000436869 ns, Reaching safepoint: 96000 ns, At safepoint: 4638 ns, Total: 100638 ns
[2020-05-16T08:36:45.498+0000][15960][safepoint    ] Safepoint "Cleanup", Time since last: 1000030608 ns, Reaching safepoint: 123826 ns, At safepoint: 7421 ns, Total: 131247 ns
[2020-05-16T08:36:46.498+0000][15960][safepoint    ] Safepoint "Cleanup", Time since last: 1000512463 ns, Reaching safepoint: 117334 ns, At safepoint: 4173 ns, Total: 121507 ns
[2020-05-16T08:36:47.499+0000][15960][safepoint    ] Safepoint "Cleanup", Time since last: 1000122435 ns, Reaching safepoint: 94145 ns, At safepoint: 5101 ns, Total: 99246 ns
[2020-05-16T08:36:48.500+0000][15960][safepoint    ] Safepoint "Cleanup", Time since last: 1000703073 ns, Reaching safepoint: 117333 ns, At safepoint: 4174 ns, Total: 121507 ns
[2020-05-16T08:36:49.500+0000][15960][safepoint    ] Safepoint "Cleanup", Time since last: 1000115942 ns, Reaching safepoint: 103884 ns, At safepoint: 6493 ns, Total: 110377 ns
[2020-05-16T08:36:50.500+0000][15960][safepoint    ] Safepoint "Cleanup", Time since last: 1000460521 ns, Reaching safepoint: 119652 ns, At safepoint: 4174 ns, Total: 123826 ns
[2020-05-16T08:36:52.501+0000][15960][safepoint    ] Safepoint "Cleanup", Time since last: 2000082087 ns, Reaching safepoint: 120116 ns, At safepoint: 20869 ns, Total: 140985 ns
[2020-05-16T08:36:53.501+0000][15960][safepoint    ] Safepoint "Cleanup", Time since last: 1000524522 ns, Reaching safepoint: 117797 ns, At safepoint: 20406 ns, Total: 138203 ns
[2020-05-16T08:36:55.501+0000][15960][safepoint    ] Safepoint "Cleanup", Time since last: 2000004174 ns, Reaching safepoint: 118260 ns, At safepoint: 4638 ns, Total: 122898 ns
[2020-05-16T08:36:56.502+0000][15960][safepoint    ] Safepoint "Cleanup", Time since last: 1000820869 ns, Reaching safepoint: 118725 ns, At safepoint: 4174 ns, Total: 122899 ns
[2020-05-16T08:36:57.502+0000][15960][safepoint    ] Safepoint "Cleanup", Time since last: 1000111768 ns, Reaching safepoint: 121043 ns, At safepoint: 4638 ns, Total: 125681 ns
[2020-05-16T08:36:58.503+0000][15960][safepoint    ] Safepoint "Cleanup", Time since last: 1000726724 ns, Reaching safepoint: 117334 ns, At safepoint: 4174 ns, Total: 121508 ns
[2020-05-16T08:37:00.503+0000][15960][safepoint    ] Safepoint "Cleanup", Time since last: 1999884521 ns, Reaching safepoint: 97855 ns, At safepoint: 4638 ns, Total: 102493 ns
[2020-05-16T08:37:01.504+0000][15960][safepoint    ] Safepoint "Cleanup", Time since last: 1000718840 ns, Reaching safepoint: 111768 ns, At safepoint: 6493 ns, Total: 118261 ns
[2020-05-16T08:37:02.505+0000][15960][safepoint    ] Safepoint "Cleanup", Time since last: 1000712811 ns, Reaching safepoint: 109450 ns, At safepoint: 6956 ns, Total: 116406 ns
[2020-05-16T08:37:03.505+0000][15960][safepoint    ] Safepoint "Cleanup", Time since last: 1000183188 ns, Reaching safepoint: 104348 ns, At safepoint: 6029 ns, Total: 110377 ns
[2020-05-16T08:37:04.506+0000][15960][safepoint    ] Safepoint "Cleanup", Time since last: 1000716058 ns, Reaching safepoint: 123362 ns, At safepoint: 4174 ns, Total: 127536 ns
[2020-05-16T08:37:06.506+0000][15960][safepoint    ] Safepoint "Cleanup", Time since last: 2000051014 ns, Reaching safepoint: 137740 ns, At safepoint: 6492 ns, Total: 144232 ns
[2020-05-16T08:37:07.507+0000][15960][safepoint    ] Safepoint "Cleanup", Time since last: 1000555594 ns, Reaching safepoint: 106203 ns, At safepoint: 4638 ns, Total: 110841 ns
[2020-05-16T08:37:08.508+0000][15960][safepoint    ] Safepoint "Cleanup", Time since last: 1000509681 ns, Reaching safepoint: 111304 ns, At safepoint: 4638 ns, Total: 115942 ns
[2020-05-16T08:37:09.508+0000][15960][safepoint    ] Safepoint "Cleanup", Time since last: 1000147014 ns, Reaching safepoint: 94145 ns, At safepoint: 4638 ns, Total: 98783 ns
[2020-05-16T08:37:10.508+0000][15960][safepoint    ] Safepoint "Cleanup", Time since last: 1000058898 ns, Reaching safepoint: 116406 ns, At safepoint: 4174 ns, Total: 120580 ns
[2020-05-16T08:37:11.509+0000][15960][safepoint    ] Safepoint "Cleanup", Time since last: 1000470260 ns, Reaching safepoint: 96928 ns, At safepoint: 5101 ns, Total: 102029 ns
[2020-05-16T08:37:12.509+0000][15960][safepoint    ] Safepoint "Cleanup", Time since last: 1000047768 ns, Reaching safepoint: 113160 ns, At safepoint: 6493 ns, Total: 119653 ns
[2020-05-16T08:37:13.510+0000][15960][safepoint    ] Safepoint "Cleanup", Time since last: 1000716521 ns, Reaching safepoint: 99246 ns, At safepoint: 4638 ns, Total: 103884 ns
[2020-05-16T08:37:14.510+0000][15960][safepoint    ] Safepoint "Cleanup", Time since last: 1000096000 ns, Reaching safepoint: 119652 ns, At safepoint: 6493 ns, Total: 126145 ns
[2020-05-16T08:37:15.511+0000][15960][safepoint    ] Safepoint "Cleanup", Time since last: 1000813449 ns, Reaching safepoint: 129391 ns, At safepoint: 6493 ns, Total: 135884 ns
[2020-05-16T08:37:16.511+0000][15960][safepoint    ] Safepoint "Cleanup", Time since last: 1000527768 ns, Reaching safepoint: 106202 ns, At safepoint: 4638 ns, Total: 110840 ns
[2020-05-16T08:37:17.512+0000][15960][safepoint    ] Safepoint "Cleanup", Time since last: 1000494377 ns, Reaching safepoint: 117333 ns, At safepoint: 13913 ns, Total: 131246 ns
[2020-05-16T08:37:18.512+0000][15960][safepoint    ] Safepoint "Cleanup", Time since last: 1000204522 ns, Reaching safepoint: 108521 ns, At safepoint: 4638 ns, Total: 113159 ns
[2020-05-16T08:37:19.513+0000][15960][safepoint    ] Safepoint "Cleanup", Time since last: 1000115014 ns, Reaching safepoint: 121971 ns, At safepoint: 4174 ns, Total: 126145 ns
[2020-05-16T08:37:20.513+0000][15960][safepoint    ] Safepoint "Cleanup", Time since last: 1000626551 ns, Reaching safepoint: 137739 ns, At safepoint: 85333 ns, Total: 223072 ns
[2020-05-16T08:37:22.514+0000][15960][safepoint    ] Safepoint "Cleanup", Time since last: 2000620058 ns, Reaching safepoint: 96464 ns, At safepoint: 4637 ns, Total: 101101 ns
[2020-05-16T08:37:24.514+0000][15960][safepoint    ] Safepoint "Cleanup", Time since last: 2000021334 ns, Reaching safepoint: 126608 ns, At safepoint: 6493 ns, Total: 133101 ns
[2020-05-16T08:37:25.515+0000][15960][safepoint    ] Safepoint "Cleanup", Time since last: 1000289391 ns, Reaching safepoint: 115942 ns, At safepoint: 4174 ns, Total: 120116 ns
[2020-05-16T08:37:27.516+0000][15960][safepoint    ] Safepoint "Cleanup", Time since last: 2001027246 ns, Reaching safepoint: 125217 ns, At safepoint: 4638 ns, Total: 129855 ns
[2020-05-16T08:37:29.516+0000][15960][safepoint    ] Safepoint "Cleanup", Time since last: 1999833507 ns, Reaching safepoint: 104812 ns, At safepoint: 6493 ns, Total: 111305 ns
[2020-05-16T08:37:30.517+0000][15960][safepoint    ] Safepoint "Cleanup", Time since last: 1000760579 ns, Reaching safepoint: 101101 ns, At safepoint: 6029 ns, Total: 107130 ns
[2020-05-16T08:37:31.517+0000][15960][safepoint    ] Safepoint "Cleanup", Time since last: 1000155363 ns, Reaching safepoint: 110376 ns, At safepoint: 4174 ns, Total: 114550 ns
[2020-05-16T08:37:32.517+0000][15960][safepoint    ] Safepoint "Cleanup", Time since last: 1000021797 ns, Reaching safepoint: 110841 ns, At safepoint: 4637 ns, Total: 115478 ns
[2020-05-16T08:37:34.518+0000][15960][safepoint    ] Safepoint "Cleanup", Time since last: 2000408580 ns, Reaching safepoint: 119652 ns, At safepoint: 4174 ns, Total: 123826 ns
[2020-05-16T08:37:36.518+0000][15960][safepoint    ] Safepoint "Cleanup", Time since last: 2000441507 ns, Reaching safepoint: 121044 ns, At safepoint: 4637 ns, Total: 125681 ns
[2020-05-16T08:37:37.519+0000][15960][safepoint    ] Safepoint "Cleanup", Time since last: 1000795362 ns, Reaching safepoint: 116406 ns, At safepoint: 4638 ns, Total: 121044 ns
[2020-05-16T08:37:38.519+0000][15960][safepoint    ] Safepoint "Cleanup", Time since last: 1000099246 ns, Reaching safepoint: 115478 ns, At safepoint: 4638 ns, Total: 120116 ns
[2020-05-16T08:37:39.520+0000][15960][safepoint    ] Safepoint "Cleanup", Time since last: 1000354782 ns, Reaching safepoint: 121971 ns, At safepoint: 6493 ns, Total: 128464 ns
[2020-05-16T08:37:40.520+0000][15960][safepoint    ] Safepoint "Cleanup", Time since last: 1000012522 ns, Reaching safepoint: 110376 ns, At safepoint: 4638 ns, Total: 115014 ns
[2020-05-16T08:37:41.521+0000][15960][safepoint    ] Safepoint "Cleanup", Time since last: 1000684985 ns, Reaching safepoint: 110377 ns, At safepoint: 4174 ns, Total: 114551 ns
[2020-05-16T08:37:42.521+0000][15960][safepoint    ] Safepoint "Cleanup", Time since last: 1000415072 ns, Reaching safepoint: 112232 ns, At safepoint: 4638 ns, Total: 116870 ns
[2020-05-16T08:37:43.522+0000][15960][safepoint    ] Safepoint "Cleanup", Time since last: 1000519420 ns, Reaching safepoint: 121043 ns, At safepoint: 4174 ns, Total: 125217 ns
[2020-05-16T08:37:44.522+0000][15960][safepoint    ] Safepoint "Cleanup", Time since last: 1000217971 ns, Reaching safepoint: 115942 ns, At safepoint: 4638 ns, Total: 120580 ns
[2020-05-16T08:37:45.523+0000][15960][safepoint    ] Safepoint "Cleanup", Time since last: 1000301913 ns, Reaching safepoint: 111768 ns, At safepoint: 4637 ns, Total: 116405 ns
[2020-05-16T08:37:46.523+0000][15960][safepoint    ] Safepoint "Cleanup", Time since last: 1000554667 ns, Reaching safepoint: 119652 ns, At safepoint: 4174 ns, Total: 123826 ns
[2020-05-16T08:37:47.524+0000][15960][safepoint    ] Safepoint "Cleanup", Time since last: 1000192463 ns, Reaching safepoint: 107131 ns, At safepoint: 4638 ns, Total: 111769 ns
[2020-05-16T08:37:48.524+0000][15960][safepoint    ] Safepoint "Cleanup", Time since last: 1000607535 ns, Reaching safepoint: 109913 ns, At safepoint: 4638 ns, Total: 114551 ns
[2020-05-16T08:37:49.525+0000][15960][safepoint    ] Safepoint "Cleanup", Time since last: 1000030145 ns, Reaching safepoint: 114551 ns, At safepoint: 4174 ns, Total: 118725 ns
[2020-05-16T08:37:51.526+0000][15960][safepoint    ] Safepoint "Cleanup", Time since last: 2000879304 ns, Reaching safepoint: 111304 ns, At safepoint: 4638 ns, Total: 115942 ns
[2020-05-16T08:37:52.526+0000][15960][safepoint    ] Safepoint "Cleanup", Time since last: 1000710956 ns, Reaching safepoint: 116869 ns, At safepoint: 4174 ns, Total: 121043 ns
[2020-05-16T08:37:53.527+0000][15960][safepoint    ] Safepoint "Cleanup", Time since last: 1000757333 ns, Reaching safepoint: 108522 ns, At safepoint: 5101 ns, Total: 113623 ns
[2020-05-16T08:37:55.528+0000][15960][safepoint    ] Safepoint "Cleanup", Time since last: 2000757333 ns, Reaching safepoint: 124754 ns, At safepoint: 6493 ns, Total: 131247 ns
[2020-05-16T08:37:56.529+0000][15960][safepoint    ] Safepoint "Cleanup", Time since last: 1000680347 ns, Reaching safepoint: 108522 ns, At safepoint: 4637 ns, Total: 113159 ns
[2020-05-16T08:37:57.530+0000][15960][safepoint    ] Safepoint "Cleanup", Time since last: 1000573218 ns, Reaching safepoint: 96000 ns, At safepoint: 6492 ns, Total: 102492 ns
[2020-05-16T08:37:58.530+0000][15960][safepoint    ] Safepoint "Cleanup", Time since last: 1000664580 ns, Reaching safepoint: 111768 ns, At safepoint: 4637 ns, Total: 116405 ns
[2020-05-16T08:37:59.531+0000][15960][safepoint    ] Safepoint "Cleanup", Time since last: 1000325102 ns, Reaching safepoint: 106666 ns, At safepoint: 4174 ns, Total: 110840 ns
[2020-05-16T08:38:00.532+0000][15960][safepoint    ] Safepoint "Cleanup", Time since last: 1000571826 ns, Reaching safepoint: 117797 ns, At safepoint: 4174 ns, Total: 121971 ns
[2020-05-16T08:38:01.532+0000][15960][safepoint    ] Safepoint "Cleanup", Time since last: 1000552348 ns, Reaching safepoint: 114550 ns, At safepoint: 4638 ns, Total: 119188 ns
[2020-05-16T08:38:02.533+0000][15960][safepoint    ] Safepoint "Cleanup", Time since last: 1000168348 ns, Reaching safepoint: 106666 ns, At safepoint: 5566 ns, Total: 112232 ns
[2020-05-16T08:38:03.533+0000][15960][safepoint    ] Safepoint "Cleanup", Time since last: 1000262956 ns, Reaching safepoint: 128927 ns, At safepoint: 4174 ns, Total: 133101 ns
[2020-05-16T08:38:04.534+0000][15960][safepoint    ] Safepoint "Cleanup", Time since last: 1000651594 ns, Reaching safepoint: 114087 ns, At safepoint: 4638 ns, Total: 118725 ns
[2020-05-16T08:38:05.534+0000][15960][safepoint    ] Safepoint "Cleanup", Time since last: 1000389101 ns, Reaching safepoint: 600580 ns, At safepoint: 76521 ns, Total: 677101 ns
[2020-05-16T08:38:06.535+0000][15960][safepoint    ] Safepoint "Cleanup", Time since last: 1000533333 ns, Reaching safepoint: 105739 ns, At safepoint: 4174 ns, Total: 109913 ns
[2020-05-16T08:38:07.536+0000][15960][safepoint    ] Safepoint "Cleanup", Time since last: 1000005566 ns, Reaching safepoint: 115941 ns, At safepoint: 2783 ns, Total: 118724 ns
[2020-05-16T08:38:08.536+0000][15960][safepoint    ] Safepoint "Cleanup", Time since last: 1000001391 ns, Reaching safepoint: 108522 ns, At safepoint: 5102 ns, Total: 113624 ns
[2020-05-16T08:38:09.536+0000][15960][safepoint    ] Safepoint "Cleanup", Time since last: 1000114086 ns, Reaching safepoint: 253218 ns, At safepoint: 62145 ns, Total: 315363 ns
[2020-05-16T08:38:10.536+0000][15960][safepoint    ] Safepoint "Cleanup", Time since last: 1000217043 ns, Reaching safepoint: 122898 ns, At safepoint: 18551 ns, Total: 141449 ns
[2020-05-16T08:38:11.537+0000][15960][safepoint    ] Safepoint "Cleanup", Time since last: 1000479072 ns, Reaching safepoint: 96928 ns, At safepoint: 4638 ns, Total: 101566 ns
[2020-05-16T08:38:12.538+0000][15960][safepoint    ] Safepoint "Cleanup", Time since last: 1000515246 ns, Reaching safepoint: 141913 ns, At safepoint: 20406 ns, Total: 162319 ns
[2020-05-16T08:38:13.539+0000][15960][safepoint    ] Safepoint "Cleanup", Time since last: 1000740173 ns, Reaching safepoint: 110841 ns, At safepoint: 4174 ns, Total: 115015 ns
[2020-05-16T08:38:15.539+0000][15960][safepoint    ] Safepoint "Cleanup", Time since last: 1999979594 ns, Reaching safepoint: 128927 ns, At safepoint: 6493 ns, Total: 135420 ns
[2020-05-16T08:38:16.539+0000][15960][safepoint    ] Safepoint "Cleanup", Time since last: 1000516637 ns, Reaching safepoint: 107595 ns, At safepoint: 4173 ns, Total: 111768 ns
[2020-05-16T08:38:17.539+0000][15960][safepoint    ] Safepoint "Cleanup", Time since last: 1000007421 ns, Reaching safepoint: 125217 ns, At safepoint: 6957 ns, Total: 132174 ns
[2020-05-16T08:38:18.540+0000][15960][safepoint    ] Safepoint "Cleanup", Time since last: 1000205913 ns, Reaching safepoint: 101101 ns, At safepoint: 4638 ns, Total: 105739 ns
[2020-05-16T08:38:19.540+0000][15960][safepoint    ] Safepoint "Cleanup", Time since last: 1000086260 ns, Reaching safepoint: 115942 ns, At safepoint: 4638 ns, Total: 120580 ns
[2020-05-16T08:38:20.541+0000][15960][safepoint    ] Safepoint "Cleanup", Time since last: 1000871420 ns, Reaching safepoint: 115942 ns, At safepoint: 6029 ns, Total: 121971 ns
[2020-05-16T08:38:21.541+0000][15960][safepoint    ] Safepoint "Cleanup", Time since last: 1000113159 ns, Reaching safepoint: 98783 ns, At safepoint: 4174 ns, Total: 102957 ns
[2020-05-16T08:38:22.542+0000][15960][safepoint    ] Safepoint "Cleanup", Time since last: 1000909449 ns, Reaching safepoint: 113159 ns, At safepoint: 4638 ns, Total: 117797 ns
[2020-05-16T08:38:24.543+0000][15960][safepoint    ] Safepoint "Cleanup", Time since last: 2000538434 ns, Reaching safepoint: 116870 ns, At safepoint: 4637 ns, Total: 121507 ns
[2020-05-16T08:38:25.543+0000][15960][safepoint    ] Safepoint "Cleanup", Time since last: 1000041740 ns, Reaching safepoint: 120115 ns, At safepoint: 4638 ns, Total: 124753 ns
[2020-05-16T08:38:26.544+0000][15960][safepoint    ] Safepoint "Cleanup", Time since last: 1000720232 ns, Reaching safepoint: 120579 ns, At safepoint: 6029 ns, Total: 126608 ns
[2020-05-16T08:38:28.544+0000][15960][safepoint    ] Safepoint "Cleanup", Time since last: 1999988406 ns, Reaching safepoint: 111768 ns, At safepoint: 4638 ns, Total: 116406 ns
[2020-05-16T08:38:29.544+0000][15960][safepoint    ] Safepoint "Cleanup", Time since last: 1000022724 ns, Reaching safepoint: 105276 ns, At safepoint: 4637 ns, Total: 109913 ns
[2020-05-16T08:38:31.544+0000][15960][safepoint    ] Safepoint "Cleanup", Time since last: 2000020406 ns, Reaching safepoint: 114087 ns, At safepoint: 4638 ns, Total: 118725 ns
[2020-05-16T08:38:33.544+0000][15960][safepoint    ] Safepoint "Cleanup", Time since last: 2000193391 ns, Reaching safepoint: 125681 ns, At safepoint: 21797 ns, Total: 147478 ns
[2020-05-16T08:38:35.545+0000][15960][safepoint    ] Safepoint "Cleanup", Time since last: 2000608000 ns, Reaching safepoint: 110377 ns, At safepoint: 4637 ns, Total: 115014 ns
[2020-05-16T08:38:36.546+0000][15960][safepoint    ] Safepoint "Cleanup", Time since last: 1000498551 ns, Reaching safepoint: 109913 ns, At safepoint: 4174 ns, Total: 114087 ns
[2020-05-16T08:38:37.546+0000][15960][safepoint    ] Safepoint "Cleanup", Time since last: 1000204058 ns, Reaching safepoint: 108521 ns, At safepoint: 4638 ns, Total: 113159 ns
[2020-05-16T08:38:38.570+0000][15960][safepoint    ] Safepoint "Cleanup", Time since last: 1000272696 ns, Reaching safepoint: 23129960 ns, At safepoint: 47768 ns, Total: 23177728 ns
[2020-05-16T08:38:39.570+0000][15960][safepoint    ] Safepoint "Cleanup", Time since last: 1000195246 ns, Reaching safepoint: 133102 ns, At safepoint: 6956 ns, Total: 140058 ns
[2020-05-16T08:38:41.570+0000][15960][safepoint    ] Safepoint "Cleanup", Time since last: 2000017623 ns, Reaching safepoint: 116870 ns, At safepoint: 4637 ns, Total: 121507 ns
[2020-05-16T08:38:42.571+0000][15960][safepoint    ] Safepoint "Cleanup", Time since last: 1000778667 ns, Reaching safepoint: 120579 ns, At safepoint: 4174 ns, Total: 124753 ns
[2020-05-16T08:38:43.572+0000][15960][safepoint    ] Safepoint "Cleanup", Time since last: 1000671073 ns, Reaching safepoint: 123826 ns, At safepoint: 4173 ns, Total: 127999 ns
[2020-05-16T08:38:45.572+0000][15960][safepoint    ] Safepoint "Cleanup", Time since last: 1999917914 ns, Reaching safepoint: 104811 ns, At safepoint: 4638 ns, Total: 109449 ns
[2020-05-16T08:38:46.573+0000][15960][safepoint    ] Safepoint "Cleanup", Time since last: 1000691014 ns, Reaching safepoint: 101101 ns, At safepoint: 4638 ns, Total: 105739 ns
[2020-05-16T08:38:47.573+0000][15960][safepoint    ] Safepoint "Cleanup", Time since last: 1000508753 ns, Reaching safepoint: 134493 ns, At safepoint: 6493 ns, Total: 140986 ns
[2020-05-16T08:38:48.574+0000][15960][safepoint    ] Safepoint "Cleanup", Time since last: 1000460521 ns, Reaching safepoint: 109450 ns, At safepoint: 4174 ns, Total: 113624 ns
[2020-05-16T08:38:49.574+0000][15960][safepoint    ] Safepoint "Cleanup", Time since last: 1000475825 ns, Reaching safepoint: 120116 ns, At safepoint: 4174 ns, Total: 124290 ns
[2020-05-16T08:38:50.575+0000][15960][safepoint    ] Safepoint "Cleanup", Time since last: 1000438725 ns, Reaching safepoint: 115942 ns, At safepoint: 7420 ns, Total: 123362 ns
[2020-05-16T08:38:52.576+0000][15960][safepoint    ] Safepoint "Cleanup", Time since last: 2000698434 ns, Reaching safepoint: 95073 ns, At safepoint: 4637 ns, Total: 99710 ns
[2020-05-16T08:38:53.576+0000][15960][safepoint    ] Safepoint "Cleanup", Time since last: 1000052406 ns, Reaching safepoint: 104812 ns, At safepoint: 4637 ns, Total: 109449 ns
[2020-05-16T08:38:54.577+0000][15960][safepoint    ] Safepoint "Cleanup", Time since last: 1000819478 ns, Reaching safepoint: 118261 ns, At safepoint: 4638 ns, Total: 122899 ns
[2020-05-16T08:38:55.578+0000][15960][safepoint    ] Safepoint "Cleanup", Time since last: 1000845912 ns, Reaching safepoint: 110841 ns, At safepoint: 4638 ns, Total: 115479 ns
[2020-05-16T08:38:56.579+0000][15960][safepoint    ] Safepoint "Cleanup", Time since last: 1000647420 ns, Reaching safepoint: 121043 ns, At safepoint: 6493 ns, Total: 127536 ns
[2020-05-16T08:38:57.579+0000][15960][safepoint    ] Safepoint "Cleanup", Time since last: 1000536116 ns, Reaching safepoint: 118260 ns, At safepoint: 4174 ns, Total: 122434 ns
[2020-05-16T08:38:59.580+0000][15960][safepoint    ] Safepoint "Cleanup", Time since last: 2000597333 ns, Reaching safepoint: 109913 ns, At safepoint: 4638 ns, Total: 114551 ns
[2020-05-16T08:39:00.580+0000][15960][safepoint    ] Safepoint "Cleanup", Time since last: 1000120580 ns, Reaching safepoint: 101101 ns, At safepoint: 4638 ns, Total: 105739 ns
[2020-05-16T08:39:01.581+0000][15960][safepoint    ] Safepoint "Cleanup", Time since last: 1000330666 ns, Reaching safepoint: 110377 ns, At safepoint: 5101 ns, Total: 115478 ns
[2020-05-16T08:39:02.581+0000][15960][safepoint    ] Safepoint "Cleanup", Time since last: 1000591768 ns, Reaching safepoint: 115015 ns, At safepoint: 4637 ns, Total: 119652 ns
[2020-05-16T08:39:03.582+0000][15960][safepoint    ] Safepoint "Cleanup", Time since last: 1000810667 ns, Reaching safepoint: 100637 ns, At safepoint: 6493 ns, Total: 107130 ns
[2020-05-16T08:39:04.583+0000][15960][safepoint    ] Safepoint "Cleanup", Time since last: 1000356638 ns, Reaching safepoint: 113623 ns, At safepoint: 4637 ns, Total: 118260 ns
[2020-05-16T08:39:05.584+0000][15960][safepoint    ] Safepoint "Cleanup", Time since last: 1000776812 ns, Reaching safepoint: 119652 ns, At safepoint: 4174 ns, Total: 123826 ns
[2020-05-16T08:39:07.584+0000][15960][safepoint    ] Safepoint "Cleanup", Time since last: 2000350608 ns, Reaching safepoint: 117333 ns, At safepoint: 6493 ns, Total: 123826 ns
[2020-05-16T08:39:08.585+0000][15960][safepoint    ] Safepoint "Cleanup", Time since last: 1000771246 ns, Reaching safepoint: 95536 ns, At safepoint: 5102 ns, Total: 100638 ns
[2020-05-16T08:39:09.586+0000][15960][safepoint    ] Safepoint "Cleanup", Time since last: 1000740173 ns, Reaching safepoint: 115479 ns, At safepoint: 6492 ns, Total: 121971 ns
[2020-05-16T08:39:10.587+0000][15960][safepoint    ] Safepoint "Cleanup", Time since last: 1000642319 ns, Reaching safepoint: 121043 ns, At safepoint: 4174 ns, Total: 125217 ns
[2020-05-16T08:39:11.588+0000][15960][safepoint    ] Safepoint "Cleanup", Time since last: 1000797217 ns, Reaching safepoint: 105276 ns, At safepoint: 5101 ns, Total: 110377 ns
[2020-05-16T08:39:13.588+0000][15960][safepoint    ] Safepoint "Cleanup", Time since last: 1999970319 ns, Reaching safepoint: 118261 ns, At safepoint: 4637 ns, Total: 122898 ns
[2020-05-16T08:39:15.588+0000][15960][safepoint    ] Safepoint "Cleanup", Time since last: 2000020870 ns, Reaching safepoint: 119652 ns, At safepoint: 4638 ns, Total: 124290 ns
[2020-05-16T08:39:16.588+0000][15960][safepoint    ] Safepoint "Cleanup", Time since last: 1000357565 ns, Reaching safepoint: 125681 ns, At safepoint: 4174 ns, Total: 129855 ns
[2020-05-16T08:39:18.589+0000][15960][safepoint    ] Safepoint "Cleanup", Time since last: 2000466550 ns, Reaching safepoint: 119189 ns, At safepoint: 4174 ns, Total: 123363 ns
[2020-05-16T08:39:19.589+0000][15960][safepoint    ] Safepoint "Cleanup", Time since last: 1000231884 ns, Reaching safepoint: 105275 ns, At safepoint: 4174 ns, Total: 109449 ns
[2020-05-16T08:39:20.590+0000][15960][safepoint    ] Safepoint "Cleanup", Time since last: 1000776811 ns, Reaching safepoint: 126145 ns, At safepoint: 7420 ns, Total: 133565 ns
[2020-05-16T08:39:22.590+0000][15960][safepoint    ] Safepoint "Cleanup", Time since last: 1999960580 ns, Reaching safepoint: 119652 ns, At safepoint: 4174 ns, Total: 123826 ns
[2020-05-16T08:39:23.590+0000][15960][safepoint    ] Safepoint "Cleanup", Time since last: 1000094609 ns, Reaching safepoint: 125681 ns, At safepoint: 6956 ns, Total: 132637 ns
[2020-05-16T08:39:24.591+0000][15960][safepoint    ] Safepoint "Cleanup", Time since last: 1000740638 ns, Reaching safepoint: 119652 ns, At safepoint: 4637 ns, Total: 124289 ns
[2020-05-16T08:39:26.591+0000][15960][safepoint    ] Safepoint "Cleanup", Time since last: 2000050551 ns, Reaching safepoint: 120116 ns, At safepoint: 4174 ns, Total: 124290 ns
[2020-05-16T08:39:27.592+0000][15960][safepoint    ] Safepoint "Cleanup", Time since last: 1000296811 ns, Reaching safepoint: 121044 ns, At safepoint: 4174 ns, Total: 125218 ns
[2020-05-16T08:39:28.592+0000][15960][safepoint    ] Safepoint "Cleanup", Time since last: 1000056116 ns, Reaching safepoint: 157217 ns, At safepoint: 10667 ns, Total: 167884 ns
[2020-05-16T08:39:29.592+0000][15960][safepoint    ] Safepoint "Cleanup", Time since last: 1000049159 ns, Reaching safepoint: 98782 ns, At safepoint: 6029 ns, Total: 104811 ns
[2020-05-16T08:39:30.652+0000][15960][safepoint    ] Safepoint "Cleanup", Time since last: 1059798234 ns, Reaching safepoint: 119652 ns, At safepoint: 4174 ns, Total: 123826 ns
[2020-05-16T08:39:31.653+0000][15960][safepoint    ] Safepoint "Cleanup", Time since last: 1000143768 ns, Reaching safepoint: 112231 ns, At safepoint: 4174 ns, Total: 116405 ns
[2020-05-16T08:39:32.653+0000][15960][safepoint    ] Safepoint "Cleanup", Time since last: 1000155826 ns, Reaching safepoint: 121044 ns, At safepoint: 4638 ns, Total: 125682 ns
[2020-05-16T08:39:33.653+0000][15960][safepoint    ] Safepoint "Cleanup", Time since last: 1000510144 ns, Reaching safepoint: 112232 ns, At safepoint: 4638 ns, Total: 116870 ns
[2020-05-16T08:39:34.654+0000][15960][safepoint    ] Safepoint "Cleanup", Time since last: 1000081623 ns, Reaching safepoint: 254608 ns, At safepoint: 7421 ns, Total: 262029 ns
[2020-05-16T08:39:36.654+0000][15960][safepoint    ] Safepoint "Cleanup", Time since last: 1999978203 ns, Reaching safepoint: 118724 ns, At safepoint: 6493 ns, Total: 125217 ns
[2020-05-16T08:39:37.655+0000][15960][safepoint    ] Safepoint "Cleanup", Time since last: 1000531478 ns, Reaching safepoint: 114551 ns, At safepoint: 4637 ns, Total: 119188 ns
[2020-05-16T08:39:38.655+0000][15960][safepoint    ] Safepoint "Cleanup", Time since last: 1000219826 ns, Reaching safepoint: 113623 ns, At safepoint: 4174 ns, Total: 117797 ns
[2020-05-16T08:39:39.677+0000][15960][safepoint    ] Safepoint "Cleanup", Time since last: 1000438725 ns, Reaching safepoint: 21904685 ns, At safepoint: 18551 ns, Total: 21923236 ns
[2020-05-16T08:39:40.678+0000][15960][safepoint    ] Safepoint "Cleanup", Time since last: 1000433623 ns, Reaching safepoint: 106667 ns, At safepoint: 3246 ns, Total: 109913 ns
[2020-05-16T08:39:41.679+0000][15960][safepoint    ] Safepoint "Cleanup", Time since last: 1000652985 ns, Reaching safepoint: 156290 ns, At safepoint: 2783 ns, Total: 159073 ns
[2020-05-16T08:39:42.679+0000][15960][safepoint    ] Safepoint "Cleanup", Time since last: 1000592231 ns, Reaching safepoint: 82087 ns, At safepoint: 3247 ns, Total: 85334 ns
[2020-05-16T08:39:43.680+0000][15960][safepoint    ] Safepoint "Cleanup", Time since last: 1000319536 ns, Reaching safepoint: 79304 ns, At safepoint: 19478 ns, Total: 98782 ns
[2020-05-16T08:39:44.680+0000][15960][safepoint    ] Safepoint "Cleanup", Time since last: 1000204058 ns, Reaching safepoint: 111304 ns, At safepoint: 2783 ns, Total: 114087 ns
[2020-05-16T08:39:45.680+0000][15960][safepoint    ] Safepoint "Cleanup", Time since last: 1000054261 ns, Reaching safepoint: 95536 ns, At safepoint: 4638 ns, Total: 100174 ns
[2020-05-16T08:39:46.681+0000][15960][safepoint    ] Safepoint "Cleanup", Time since last: 1000656695 ns, Reaching safepoint: 95072 ns, At safepoint: 3711 ns, Total: 98783 ns
[2020-05-16T08:39:47.682+0000][15960][safepoint    ] Safepoint "Cleanup", Time since last: 1000564405 ns, Reaching safepoint: 95536 ns, At safepoint: 2783 ns, Total: 98319 ns
[2020-05-16T08:39:48.682+0000][15960][safepoint    ] Safepoint "Cleanup", Time since last: 1000172985 ns, Reaching safepoint: 275942 ns, At safepoint: 6493 ns, Total: 282435 ns
[2020-05-16T08:39:49.682+0000][15960][safepoint    ] Safepoint "Cleanup", Time since last: 1000238840 ns, Reaching safepoint: 121044 ns, At safepoint: 4174 ns, Total: 125218 ns
[2020-05-16T08:39:50.683+0000][15960][safepoint    ] Safepoint "Cleanup", Time since last: 1000814840 ns, Reaching safepoint: 87652 ns, At safepoint: 3246 ns, Total: 90898 ns
[2020-05-16T08:39:51.684+0000][15960][safepoint    ] Safepoint "Cleanup", Time since last: 1000464696 ns, Reaching safepoint: 90435 ns, At safepoint: 2782 ns, Total: 93217 ns
[2020-05-16T08:39:52.685+0000][15960][safepoint    ] Safepoint "Cleanup", Time since last: 1000877449 ns, Reaching safepoint: 157681 ns, At safepoint: 7884 ns, Total: 165565 ns
[2020-05-16T08:39:53.685+0000][15960][safepoint    ] Safepoint "Cleanup", Time since last: 1000163710 ns, Reaching safepoint: 117334 ns, At safepoint: 4174 ns, Total: 121508 ns
[2020-05-16T08:39:54.685+0000][15960][safepoint    ] Safepoint "Cleanup", Time since last: 1000209159 ns, Reaching safepoint: 117333 ns, At safepoint: 6029 ns, Total: 123362 ns
[2020-05-16T08:39:56.686+0000][15960][safepoint    ] Safepoint "Cleanup", Time since last: 2000651594 ns, Reaching safepoint: 110841 ns, At safepoint: 4637 ns, Total: 115478 ns
[2020-05-16T08:39:58.687+0000][15960][safepoint    ] Safepoint "Cleanup", Time since last: 2000798145 ns, Reaching safepoint: 202203 ns, At safepoint: 4173 ns, Total: 206376 ns
[2020-05-16T08:40:00.687+0000][15960][safepoint    ] Safepoint "Cleanup", Time since last: 1999910030 ns, Reaching safepoint: 171130 ns, At safepoint: 5565 ns, Total: 176695 ns
[2020-05-16T08:40:02.688+0000][15960][safepoint    ] Safepoint "Cleanup", Time since last: 2000942840 ns, Reaching safepoint: 354783 ns, At safepoint: 15304 ns, Total: 370087 ns
[2020-05-16T08:40:03.689+0000][15960][safepoint    ] Safepoint "Cleanup", Time since last: 1000457739 ns, Reaching safepoint: 274087 ns, At safepoint: 6493 ns, Total: 280580 ns
[2020-05-16T08:40:05.690+0000][15960][safepoint    ] Safepoint "Cleanup", Time since last: 2000801390 ns, Reaching safepoint: 116870 ns, At safepoint: 3246 ns, Total: 120116 ns
[2020-05-16T08:40:06.691+0000][15960][safepoint    ] Safepoint "Cleanup", Time since last: 1000258319 ns, Reaching safepoint: 98319 ns, At safepoint: 4174 ns, Total: 102493 ns
[2020-05-16T08:40:07.691+0000][15960][safepoint    ] Safepoint "Cleanup", Time since last: 1000117333 ns, Reaching safepoint: 173913 ns, At safepoint: 9275 ns, Total: 183188 ns
[2020-05-16T08:40:08.691+0000][15960][safepoint    ] Safepoint "Cleanup", Time since last: 1000109913 ns, Reaching safepoint: 130783 ns, At safepoint: 2783 ns, Total: 133566 ns
[2020-05-16T08:40:10.692+0000][15960][safepoint    ] Safepoint "Cleanup", Time since last: 2000250434 ns, Reaching safepoint: 107594 ns, At safepoint: 5102 ns, Total: 112696 ns
[2020-05-16T08:40:11.692+0000][15960][safepoint    ] Safepoint "Cleanup", Time since last: 1000767999 ns, Reaching safepoint: 99247 ns, At safepoint: 3246 ns, Total: 102493 ns
[2020-05-16T08:40:12.693+0000][15960][safepoint    ] Safepoint "Cleanup", Time since last: 1000185971 ns, Reaching safepoint: 139594 ns, At safepoint: 4638 ns, Total: 144232 ns
[2020-05-16T08:40:13.693+0000][15960][safepoint    ] Safepoint "Cleanup", Time since last: 1000318145 ns, Reaching safepoint: 107594 ns, At safepoint: 5565 ns, Total: 113159 ns
[2020-05-16T08:40:14.694+0000][15960][safepoint    ] Safepoint "Cleanup", Time since last: 1000617275 ns, Reaching safepoint: 95536 ns, At safepoint: 3247 ns, Total: 98783 ns
[2020-05-16T08:40:15.694+0000][15960][safepoint    ] Safepoint "Cleanup", Time since last: 1000110376 ns, Reaching safepoint: 99711 ns, At safepoint: 4173 ns, Total: 103884 ns
[2020-05-16T08:40:16.694+0000][15960][safepoint    ] Safepoint "Cleanup", Time since last: 1000064928 ns, Reaching safepoint: 123826 ns, At safepoint: 4638 ns, Total: 128464 ns
[2020-05-16T08:40:17.695+0000][15960][safepoint    ] Safepoint "Cleanup", Time since last: 1000341797 ns, Reaching safepoint: 132637 ns, At safepoint: 5102 ns, Total: 137739 ns
[2020-05-16T08:40:18.713+0000][15960][safepoint    ] Safepoint "Cleanup", Time since last: 1000632579 ns, Reaching safepoint: 17563818 ns, At safepoint: 75594 ns, Total: 17639412 ns
[2020-05-16T08:40:19.713+0000][15960][safepoint    ] Safepoint "Cleanup", Time since last: 1000305159 ns, Reaching safepoint: 297276 ns, At safepoint: 28753 ns, Total: 326029 ns
[2020-05-16T08:40:21.714+0000][15960][safepoint    ] Safepoint "Cleanup", Time since last: 1999950841 ns, Reaching safepoint: 199884 ns, At safepoint: 11130 ns, Total: 211014 ns
[2020-05-16T08:40:22.715+0000][15960][safepoint    ] Safepoint "Cleanup", Time since last: 1000703536 ns, Reaching safepoint: 101565 ns, At safepoint: 2783 ns, Total: 104348 ns
[2020-05-16T08:40:23.715+0000][15960][safepoint    ] Safepoint "Cleanup", Time since last: 1000623304 ns, Reaching safepoint: 130319 ns, At safepoint: 5565 ns, Total: 135884 ns
[2020-05-16T08:40:24.716+0000][15960][safepoint    ] Safepoint "Cleanup", Time since last: 1000723478 ns, Reaching safepoint: 111304 ns, At safepoint: 3710 ns, Total: 115014 ns
[2020-05-16T08:40:26.717+0000][15960][safepoint    ] Safepoint "Cleanup", Time since last: 2000591304 ns, Reaching safepoint: 142377 ns, At safepoint: 2783 ns, Total: 145160 ns
[2020-05-16T08:40:27.718+0000][15960][safepoint    ] Safepoint "Cleanup", Time since last: 1000420174 ns, Reaching safepoint: 105739 ns, At safepoint: 5101 ns, Total: 110840 ns
[2020-05-16T08:40:29.235+0000][15960][safepoint    ] Safepoint "Cleanup", Time since last: 1517732861 ns, Reaching safepoint: 127537 ns, At safepoint: 3246 ns, Total: 130783 ns
[2020-05-16T08:40:30.236+0000][15960][safepoint    ] Safepoint "Cleanup", Time since last: 1000134956 ns, Reaching safepoint: 110377 ns, At safepoint: 4174 ns, Total: 114551 ns
[2020-05-16T08:40:31.237+0000][15960][safepoint    ] Safepoint "Cleanup", Time since last: 1000774956 ns, Reaching safepoint: 106667 ns, At safepoint: 4174 ns, Total: 110841 ns
[2020-05-16T08:40:32.237+0000][15960][safepoint    ] Safepoint "Cleanup", Time since last: 1000646492 ns, Reaching safepoint: 113160 ns, At safepoint: 4174 ns, Total: 117334 ns
[2020-05-16T08:40:33.238+0000][15960][safepoint    ] Safepoint "Cleanup", Time since last: 1000533796 ns, Reaching safepoint: 349218 ns, At safepoint: 29217 ns, Total: 378435 ns
[2020-05-16T08:40:35.238+0000][15960][safepoint    ] Safepoint "Cleanup", Time since last: 1999948985 ns, Reaching safepoint: 169276 ns, At safepoint: 6956 ns, Total: 176232 ns
[2020-05-16T08:40:37.239+0000][15960][safepoint    ] Safepoint "Cleanup", Time since last: 2000726725 ns, Reaching safepoint: 347826 ns, At safepoint: 16695 ns, Total: 364521 ns
[2020-05-16T08:40:38.243+0000][15960][safepoint    ] Safepoint "Cleanup", Time since last: 1000608927 ns, Reaching safepoint: 3042318 ns, At safepoint: 10667 ns, Total: 3052985 ns
[2020-05-16T08:40:39.244+0000][15960][safepoint    ] Safepoint "Cleanup", Time since last: 1000583420 ns, Reaching safepoint: 103884 ns, At safepoint: 4637 ns, Total: 108521 ns
[2020-05-16T08:40:40.245+0000][15960][safepoint    ] Safepoint "Cleanup", Time since last: 1000849159 ns, Reaching safepoint: 105739 ns, At safepoint: 4638 ns, Total: 110377 ns
[2020-05-16T08:40:41.246+0000][15960][safepoint    ] Safepoint "Cleanup", Time since last: 1000743884 ns, Reaching safepoint: 96463 ns, At safepoint: 3247 ns, Total: 99710 ns
[2020-05-16T08:40:43.246+0000][15960][safepoint    ] Safepoint "Cleanup", Time since last: 2000656231 ns, Reaching safepoint: 130319 ns, At safepoint: 5102 ns, Total: 135421 ns
[2020-05-16T08:40:44.247+0000][15960][safepoint    ] Safepoint "Cleanup", Time since last: 1000089507 ns, Reaching safepoint: 173449 ns, At safepoint: 6493 ns, Total: 179942 ns
[2020-05-16T08:40:45.247+0000][15960][safepoint    ] Safepoint "Cleanup", Time since last: 1000097391 ns, Reaching safepoint: 166493 ns, At safepoint: 9739 ns, Total: 176232 ns
[2020-05-16T08:40:46.247+0000][15960][safepoint    ] Safepoint "Cleanup", Time since last: 1000251362 ns, Reaching safepoint: 117333 ns, At safepoint: 4638 ns, Total: 121971 ns
[2020-05-16T08:40:48.248+0000][15960][safepoint    ] Safepoint "Cleanup", Time since last: 2000916405 ns, Reaching safepoint: 121508 ns, At safepoint: 3710 ns, Total: 125218 ns
[2020-05-16T08:40:50.249+0000][15960][safepoint    ] Safepoint "Cleanup", Time since last: 2000679420 ns, Reaching safepoint: 127536 ns, At safepoint: 5101 ns, Total: 132637 ns
[2020-05-16T08:40:51.250+0000][15960][safepoint    ] Safepoint "Cleanup", Time since last: 1000547710 ns, Reaching safepoint: 102493 ns, At safepoint: 3246 ns, Total: 105739 ns
[2020-05-16T08:40:53.251+0000][15960][safepoint    ] Safepoint "Cleanup", Time since last: 2000773565 ns, Reaching safepoint: 159073 ns, At safepoint: 6028 ns, Total: 165101 ns
[2020-05-16T08:40:54.251+0000][15960][safepoint    ] Safepoint "Cleanup", Time since last: 1000013914 ns, Reaching safepoint: 112231 ns, At safepoint: 4174 ns, Total: 116405 ns
[2020-05-16T08:40:55.251+0000][15960][safepoint    ] Safepoint "Cleanup", Time since last: 1000076522 ns, Reaching safepoint: 213797 ns, At safepoint: 4638 ns, Total: 218435 ns
[2020-05-16T08:40:56.412+0000][15960][safepoint    ] Safepoint "Cleanup", Time since last: 1000057507 ns, Reaching safepoint: 160589838 ns, At safepoint: 188290 ns, Total: 160778128 ns
[2020-05-16T08:40:58.413+0000][15960][safepoint    ] Safepoint "Cleanup", Time since last: 2000621913 ns, Reaching safepoint: 170203 ns, At safepoint: 4637 ns, Total: 174840 ns
[2020-05-16T08:40:59.413+0000][15960][safepoint    ] Safepoint "Cleanup", Time since last: 1000036638 ns, Reaching safepoint: 142377 ns, At safepoint: 7884 ns, Total: 150261 ns
[2020-05-16T08:41:00.414+0000][15960][safepoint    ] Safepoint "Cleanup", Time since last: 1000358029 ns, Reaching safepoint: 100174 ns, At safepoint: 6029 ns, Total: 106203 ns
[2020-05-16T08:41:02.414+0000][15960][safepoint    ] Safepoint "Cleanup", Time since last: 2000853796 ns, Reaching safepoint: 152580 ns, At safepoint: 5101 ns, Total: 157681 ns
[2020-05-16T08:41:03.415+0000][15960][safepoint    ] Safepoint "Cleanup", Time since last: 1000524986 ns, Reaching safepoint: 131710 ns, At safepoint: 6029 ns, Total: 137739 ns
[2020-05-16T08:41:04.416+0000][15960][safepoint    ] Safepoint "Cleanup", Time since last: 1000612173 ns, Reaching safepoint: 97392 ns, At safepoint: 5101 ns, Total: 102493 ns
[2020-05-16T08:41:06.417+0000][15960][safepoint    ] Safepoint "Cleanup", Time since last: 2000887652 ns, Reaching safepoint: 159536 ns, At safepoint: 5101 ns, Total: 164637 ns
[2020-05-16T08:41:07.417+0000][15960][safepoint    ] Safepoint "Cleanup", Time since last: 1000324638 ns, Reaching safepoint: 135420 ns, At safepoint: 4638 ns, Total: 140058 ns
[2020-05-16T08:41:08.418+0000][15960][safepoint    ] Safepoint "Cleanup", Time since last: 1000736463 ns, Reaching safepoint: 108058 ns, At safepoint: 3247 ns, Total: 111305 ns
[2020-05-16T08:41:10.418+0000][15960][safepoint    ] Safepoint "Cleanup", Time since last: 1999924869 ns, Reaching safepoint: 136812 ns, At safepoint: 5101 ns, Total: 141913 ns
[2020-05-16T08:41:11.419+0000][15960][safepoint    ] Safepoint "Cleanup", Time since last: 1000453565 ns, Reaching safepoint: 86261 ns, At safepoint: 2783 ns, Total: 89044 ns
[2020-05-16T08:41:12.420+0000][15960][safepoint    ] Safepoint "Cleanup", Time since last: 1000648347 ns, Reaching safepoint: 101565 ns, At safepoint: 4174 ns, Total: 105739 ns
[2020-05-16T08:41:13.420+0000][15960][safepoint    ] Safepoint "Cleanup", Time since last: 1000161391 ns, Reaching safepoint: 121508 ns, At safepoint: 4174 ns, Total: 125682 ns
[2020-05-16T08:41:14.439+0000][15960][safepoint    ] Safepoint "Cleanup", Time since last: 1010301676 ns, Reaching safepoint: 9127880 ns, At safepoint: 19942 ns, Total: 9147822 ns
[2020-05-16T08:41:15.440+0000][15960][safepoint    ] Safepoint "Cleanup", Time since last: 1000710028 ns, Reaching safepoint: 429913 ns, At safepoint: 5102 ns, Total: 435015 ns
[2020-05-16T08:41:16.441+0000][15960][safepoint    ] Safepoint "Cleanup", Time since last: 1000406724 ns, Reaching safepoint: 133565 ns, At safepoint: 6029 ns, Total: 139594 ns
[2020-05-16T08:41:17.441+0000][15960][safepoint    ] Safepoint "Cleanup", Time since last: 1000251363 ns, Reaching safepoint: 380753 ns, At safepoint: 39884 ns, Total: 420637 ns
[2020-05-16T08:41:18.456+0000][15960][safepoint    ] Safepoint "Cleanup", Time since last: 1013697385 ns, Reaching safepoint: 296348 ns, At safepoint: 16232 ns, Total: 312580 ns
[2020-05-16T08:41:19.456+0000][15960][safepoint    ] Safepoint "Cleanup", Time since last: 1000591767 ns, Reaching safepoint: 243479 ns, At safepoint: 6956 ns, Total: 250435 ns
[2020-05-16T08:41:20.457+0000][15960][safepoint    ] Safepoint "Cleanup", Time since last: 1000546782 ns, Reaching safepoint: 140522 ns, At safepoint: 6957 ns, Total: 147479 ns
[2020-05-16T08:41:21.458+0000][15960][safepoint    ] Safepoint "Cleanup", Time since last: 1000669680 ns, Reaching safepoint: 123363 ns, At safepoint: 5565 ns, Total: 128928 ns
[2020-05-16T08:41:22.459+0000][15960][safepoint    ] Safepoint "Cleanup", Time since last: 1000405797 ns, Reaching safepoint: 125217 ns, At safepoint: 5565 ns, Total: 130782 ns
[2020-05-16T08:41:24.459+0000][15960][safepoint    ] Safepoint "Cleanup", Time since last: 2000538435 ns, Reaching safepoint: 85797 ns, At safepoint: 3710 ns, Total: 89507 ns
[2020-05-16T08:41:25.459+0000][15960][safepoint    ] Safepoint "Cleanup", Time since last: 1000115942 ns, Reaching safepoint: 89971 ns, At safepoint: 3710 ns, Total: 93681 ns
[2020-05-16T08:41:26.460+0000][15960][safepoint    ] Safepoint "Cleanup", Time since last: 1000230493 ns, Reaching safepoint: 136348 ns, At safepoint: 4174 ns, Total: 140522 ns
[2020-05-16T08:41:28.460+0000][15960][safepoint    ] Safepoint "Cleanup", Time since last: 1999975884 ns, Reaching safepoint: 118724 ns, At safepoint: 4174 ns, Total: 122898 ns
[2020-05-16T08:41:29.460+0000][15960][safepoint    ] Safepoint "Cleanup", Time since last: 1000437797 ns, Reaching safepoint: 105739 ns, At safepoint: 3246 ns, Total: 108985 ns
[2020-05-16T08:41:30.461+0000][15960][safepoint    ] Safepoint "Cleanup", Time since last: 1000808348 ns, Reaching safepoint: 128464 ns, At safepoint: 4637 ns, Total: 133101 ns
[2020-05-16T08:41:31.462+0000][15960][safepoint    ] Safepoint "Cleanup", Time since last: 1000788406 ns, Reaching safepoint: 110840 ns, At safepoint: 4638 ns, Total: 115478 ns
[2020-05-16T08:41:32.463+0000][15960][safepoint    ] Safepoint "Cleanup", Time since last: 1000283826 ns, Reaching safepoint: 149797 ns, At safepoint: 5101 ns, Total: 154898 ns
[2020-05-16T08:41:33.463+0000][15960][safepoint    ] Safepoint "Cleanup", Time since last: 1000049160 ns, Reaching safepoint: 107130 ns, At safepoint: 4638 ns, Total: 111768 ns
[2020-05-16T08:41:34.464+0000][15960][safepoint    ] Safepoint "Cleanup", Time since last: 1000695188 ns, Reaching safepoint: 134029 ns, At safepoint: 6956 ns, Total: 140985 ns
[2020-05-16T08:41:35.464+0000][15960][safepoint    ] Safepoint "Cleanup", Time since last: 1000013450 ns, Reaching safepoint: 127536 ns, At safepoint: 5565 ns, Total: 133101 ns
[2020-05-16T08:41:36.464+0000][15960][safepoint    ] Safepoint "Cleanup", Time since last: 1000355710 ns, Reaching safepoint: 136811 ns, At safepoint: 4638 ns, Total: 141449 ns
[2020-05-16T08:41:38.465+0000][15960][safepoint    ] Safepoint "Cleanup", Time since last: 2000774029 ns, Reaching safepoint: 115478 ns, At safepoint: 4174 ns, Total: 119652 ns
[2020-05-16T08:41:39.466+0000][15960][safepoint    ] Safepoint "Cleanup", Time since last: 1000521739 ns, Reaching safepoint: 135420 ns, At safepoint: 6957 ns, Total: 142377 ns
[2020-05-16T08:41:41.467+0000][15960][safepoint    ] Safepoint "Cleanup", Time since last: 2000670608 ns, Reaching safepoint: 126609 ns, At safepoint: 7420 ns, Total: 134029 ns
[2020-05-16T08:41:42.468+0000][15960][safepoint    ] Safepoint "Cleanup", Time since last: 1000657159 ns, Reaching safepoint: 130319 ns, At safepoint: 5101 ns, Total: 135420 ns
[2020-05-16T08:41:43.468+0000][15960][safepoint    ] Safepoint "Cleanup", Time since last: 1000141449 ns, Reaching safepoint: 195247 ns, At safepoint: 50087 ns, Total: 245334 ns
[2020-05-16T08:41:45.468+0000][15960][safepoint    ] Safepoint "Cleanup", Time since last: 1999688811 ns, Reaching safepoint: 120580 ns, At safepoint: 2783 ns, Total: 123363 ns
[2020-05-16T08:41:46.469+0000][15960][safepoint    ] Safepoint "Cleanup", Time since last: 1000801854 ns, Reaching safepoint: 155826 ns, At safepoint: 4638 ns, Total: 160464 ns
[2020-05-16T08:41:47.469+0000][15960][safepoint    ] Safepoint "Cleanup", Time since last: 1000550029 ns, Reaching safepoint: 115942 ns, At safepoint: 6956 ns, Total: 122898 ns
[2020-05-16T08:41:48.470+0000][15960][safepoint    ] Safepoint "Cleanup", Time since last: 1000538899 ns, Reaching safepoint: 88115 ns, At safepoint: 3711 ns, Total: 91826 ns
[2020-05-16T08:41:49.470+0000][15960][safepoint    ] Safepoint "Cleanup", Time since last: 1000023188 ns, Reaching safepoint: 99710 ns, At safepoint: 3246 ns, Total: 102956 ns
[2020-05-16T08:41:50.471+0000][15960][safepoint    ] Safepoint "Cleanup", Time since last: 1000759189 ns, Reaching safepoint: 133565 ns, At safepoint: 7420 ns, Total: 140985 ns
[2020-05-16T08:41:51.472+0000][15960][safepoint    ] Safepoint "Cleanup", Time since last: 1000602898 ns, Reaching safepoint: 246261 ns, At safepoint: 9275 ns, Total: 255536 ns
[2020-05-16T08:41:52.908+0000][15960][safepoint    ] Safepoint "Cleanup", Time since last: 1436173247 ns, Reaching safepoint: 128928 ns, At safepoint: 4637 ns, Total: 133565 ns
[2020-05-16T08:41:53.919+0000][15960][safepoint    ] Safepoint "Cleanup", Time since last: 1010544227 ns, Reaching safepoint: 140986 ns, At safepoint: 9275 ns, Total: 150261 ns
[2020-05-16T08:41:54.919+0000][15960][safepoint    ] Safepoint "Cleanup", Time since last: 1000079305 ns, Reaching safepoint: 158608 ns, At safepoint: 6029 ns, Total: 164637 ns
[2020-05-16T08:41:55.920+0000][15960][safepoint    ] Safepoint "Cleanup", Time since last: 1000635826 ns, Reaching safepoint: 104812 ns, At safepoint: 2782 ns, Total: 107594 ns
[2020-05-16T08:41:56.920+0000][15960][safepoint    ] Safepoint "Cleanup", Time since last: 1000232812 ns, Reaching safepoint: 113623 ns, At safepoint: 4637 ns, Total: 118260 ns
[2020-05-16T08:41:57.921+0000][15960][safepoint    ] Safepoint "Cleanup", Time since last: 1000284290 ns, Reaching safepoint: 185044 ns, At safepoint: 4637 ns, Total: 189681 ns
[2020-05-16T08:41:58.921+0000][15960][safepoint    ] Safepoint "Cleanup", Time since last: 1000392812 ns, Reaching safepoint: 117333 ns, At safepoint: 4638 ns, Total: 121971 ns
[2020-05-16T08:41:59.921+0000][15960][safepoint    ] Safepoint "Cleanup", Time since last: 1000072347 ns, Reaching safepoint: 112696 ns, At safepoint: 3710 ns, Total: 116406 ns
[2020-05-16T08:42:00.922+0000][15960][safepoint    ] Safepoint "Cleanup", Time since last: 1000278261 ns, Reaching safepoint: 239304 ns, At safepoint: 6957 ns, Total: 246261 ns
[2020-05-16T08:42:01.923+0000][15960][safepoint    ] Safepoint "Cleanup", Time since last: 1000687304 ns, Reaching safepoint: 306550 ns, At safepoint: 13450 ns, Total: 320000 ns
[2020-05-16T08:42:02.923+0000][15960][safepoint    ] Safepoint "Cleanup", Time since last: 1000399767 ns, Reaching safepoint: 458667 ns, At safepoint: 11130 ns, Total: 469797 ns
[2020-05-16T08:42:04.925+0000][15960][safepoint    ] Safepoint "Cleanup", Time since last: 2000689159 ns, Reaching safepoint: 279189 ns, At safepoint: 9739 ns, Total: 288928 ns
[2020-05-16T08:42:05.925+0000][15960][safepoint    ] Safepoint "Cleanup", Time since last: 1000208232 ns, Reaching safepoint: 136811 ns, At safepoint: 6957 ns, Total: 143768 ns
[2020-05-16T08:42:06.232+0000][15960][gc,start     ] GC(22) Pause Young (Normal) (G1 Evacuation Pause)
[2020-05-16T08:42:06.232+0000][15960][gc,task      ] GC(22) Using 4 workers of 4 for evacuation
[2020-05-16T08:42:06.232+0000][15960][gc,age       ] GC(22) Desired survivor size 40370176 bytes, new threshold 15 (max threshold 15)
[2020-05-16T08:42:06.437+0000][15960][gc,age       ] GC(22) Age table with threshold 15 (max threshold 15)
[2020-05-16T08:42:06.437+0000][15960][gc,age       ] GC(22) - age   1:     257792 bytes,     257792 total
[2020-05-16T08:42:06.437+0000][15960][gc,age       ] GC(22) - age   2:     490792 bytes,     748584 total
[2020-05-16T08:42:06.437+0000][15960][gc,age       ] GC(22) - age   3:     507152 bytes,    1255736 total
[2020-05-16T08:42:06.437+0000][15960][gc,age       ] GC(22) - age   4:      71752 bytes,    1327488 total
[2020-05-16T08:42:06.437+0000][15960][gc,age       ] GC(22) - age   5:     285192 bytes,    1612680 total
[2020-05-16T08:42:06.437+0000][15960][gc,age       ] GC(22) - age   6:     145368 bytes,    1758048 total
[2020-05-16T08:42:06.437+0000][15960][gc,age       ] GC(22) - age   7:     461304 bytes,    2219352 total
[2020-05-16T08:42:06.437+0000][15960][gc,age       ] GC(22) - age   8:     274944 bytes,    2494296 total
[2020-05-16T08:42:06.437+0000][15960][gc,age       ] GC(22) - age   9:     199592 bytes,    2693888 total
[2020-05-16T08:42:06.437+0000][15960][gc,age       ] GC(22) - age  10:      53048 bytes,    2746936 total
[2020-05-16T08:42:06.437+0000][15960][gc,mmu       ] GC(22) MMU target violated: 201.0ms (200.0ms/201.0ms)
[2020-05-16T08:42:06.437+0000][15960][gc,phases    ] GC(22)   Pre Evacuate Collection Set: 0.2ms
[2020-05-16T08:42:06.437+0000][15960][gc,phases    ] GC(22)   Merge Heap Roots: 0.1ms
[2020-05-16T08:42:06.437+0000][15960][gc,phases    ] GC(22)   Evacuate Collection Set: 171.0ms
[2020-05-16T08:42:06.437+0000][15960][gc,phases    ] GC(22)   Post Evacuate Collection Set: 33.9ms
[2020-05-16T08:42:06.437+0000][15960][gc,phases    ] GC(22)   Other: 0.9ms
[2020-05-16T08:42:06.437+0000][15960][gc,heap      ] GC(22) Eden regions: 610->0(607)
[2020-05-16T08:42:06.437+0000][15960][gc,heap      ] GC(22) Survivor regions: 4->3(77)
[2020-05-16T08:42:06.437+0000][15960][gc,heap      ] GC(22) Old regions: 69->69
[2020-05-16T08:42:06.437+0000][15960][gc,heap      ] GC(22) Archive regions: 0->0
[2020-05-16T08:42:06.437+0000][15960][gc,heap      ] GC(22) Humongous regions: 7->7
[2020-05-16T08:42:06.437+0000][15960][gc,metaspace ] GC(22) Metaspace: 97036K(104868K)->97036K(104868K) NonClass: 84239K(88920K)->84239K(88920K) Class: 12796K(15948K)->12796K(15948K)
[2020-05-16T08:42:06.437+0000][15960][gc           ] GC(22) Pause Young (Normal) (G1 Evacuation Pause) 688M->78M(1024M) 206.468ms
[2020-05-16T08:42:06.437+0000][15960][gc,cpu       ] GC(22) User=0.09s Sys=0.03s Real=0.20s
[2020-05-16T08:42:06.439+0000][15960][safepoint    ] Safepoint "G1CollectForAllocation", Time since last: 286285780 ns, Reaching safepoint: 20086252 ns, At safepoint: 208055555 ns, Total: 228141807 ns
[2020-05-16T08:42:08.440+0000][15960][safepoint    ] Safepoint "Cleanup", Time since last: 2000751304 ns, Reaching safepoint: 115942 ns, At safepoint: 7420 ns, Total: 123362 ns
[2020-05-16T08:42:09.441+0000][15960][safepoint    ] Safepoint "Cleanup", Time since last: 1000127537 ns, Reaching safepoint: 100173 ns, At safepoint: 5566 ns, Total: 105739 ns
[2020-05-16T08:42:10.443+0000][15960][safepoint    ] Safepoint "Cleanup", Time since last: 1002429216 ns, Reaching safepoint: 96000 ns, At safepoint: 3246 ns, Total: 99246 ns
[2020-05-16T08:42:11.444+0000][15960][safepoint    ] Safepoint "Cleanup", Time since last: 1000222145 ns, Reaching safepoint: 137275 ns, At safepoint: 8348 ns, Total: 145623 ns
[2020-05-16T08:42:12.444+0000][15960][safepoint    ] Safepoint "Cleanup", Time since last: 1000621913 ns, Reaching safepoint: 99246 ns, At safepoint: 3247 ns, Total: 102493 ns
[2020-05-16T08:42:13.445+0000][15960][safepoint    ] Safepoint "Cleanup", Time since last: 1000556985 ns, Reaching safepoint: 115014 ns, At safepoint: 3247 ns, Total: 118261 ns
[2020-05-16T08:42:15.445+0000][15960][safepoint    ] Safepoint "Cleanup", Time since last: 2000390956 ns, Reaching safepoint: 164638 ns, At safepoint: 6956 ns, Total: 171594 ns
[2020-05-16T08:42:16.446+0000][15960][safepoint    ] Safepoint "Cleanup", Time since last: 1000189681 ns, Reaching safepoint: 89508 ns, At safepoint: 3246 ns, Total: 92754 ns
[2020-05-16T08:42:17.446+0000][15960][safepoint    ] Safepoint "Cleanup", Time since last: 1000352000 ns, Reaching safepoint: 110376 ns, At safepoint: 3247 ns, Total: 113623 ns
[2020-05-16T08:42:18.449+0000][15960][safepoint    ] Safepoint "Cleanup", Time since last: 1003047883 ns, Reaching safepoint: 140521 ns, At safepoint: 8812 ns, Total: 149333 ns
[2020-05-16T08:42:19.450+0000][15960][safepoint    ] Safepoint "Cleanup", Time since last: 1000048695 ns, Reaching safepoint: 152116 ns, At safepoint: 5565 ns, Total: 157681 ns
[2020-05-16T08:42:20.450+0000][15960][safepoint    ] Safepoint "Cleanup", Time since last: 1000260638 ns, Reaching safepoint: 104348 ns, At safepoint: 12522 ns, Total: 116870 ns
[2020-05-16T08:42:22.103+0000][15960][safepoint    ] Safepoint "Cleanup", Time since last: 1001474318 ns, Reaching safepoint: 651314248 ns, At safepoint: 201739 ns, Total: 651515987 ns
[2020-05-16T08:42:23.103+0000][15960][safepoint    ] Safepoint "Cleanup", Time since last: 1000154435 ns, Reaching safepoint: 138667 ns, At safepoint: 6492 ns, Total: 145159 ns
[2020-05-16T08:42:24.104+0000][15960][safepoint    ] Safepoint "Cleanup", Time since last: 1000771710 ns, Reaching safepoint: 131247 ns, At safepoint: 6492 ns, Total: 137739 ns
[2020-05-16T08:42:25.105+0000][15960][safepoint    ] Safepoint "Cleanup", Time since last: 1000449391 ns, Reaching safepoint: 77913 ns, At safepoint: 2783 ns, Total: 80696 ns
[2020-05-16T08:42:26.292+0000][15960][safepoint    ] Safepoint "Cleanup", Time since last: 1186930464 ns, Reaching safepoint: 127072 ns, At safepoint: 6029 ns, Total: 133101 ns
[2020-05-16T08:42:27.293+0000][15960][safepoint    ] Safepoint "Cleanup", Time since last: 1000577855 ns, Reaching safepoint: 131710 ns, At safepoint: 5102 ns, Total: 136812 ns
[2020-05-16T08:42:28.293+0000][15960][safepoint    ] Safepoint "Cleanup", Time since last: 1000012522 ns, Reaching safepoint: 145159 ns, At safepoint: 5565 ns, Total: 150724 ns
[2020-05-16T08:42:29.294+0000][15960][safepoint    ] Safepoint "Cleanup", Time since last: 1000685913 ns, Reaching safepoint: 124290 ns, At safepoint: 2782 ns, Total: 127072 ns
[2020-05-16T08:42:30.294+0000][15960][safepoint    ] Safepoint "Cleanup", Time since last: 1000609391 ns, Reaching safepoint: 96464 ns, At safepoint: 3246 ns, Total: 99710 ns
[2020-05-16T08:42:31.295+0000][15960][safepoint    ] Safepoint "Cleanup", Time since last: 1000187363 ns, Reaching safepoint: 135420 ns, At safepoint: 4637 ns, Total: 140057 ns
[2020-05-16T08:42:32.295+0000][15960][safepoint    ] Safepoint "Cleanup", Time since last: 1000486493 ns, Reaching safepoint: 109449 ns, At safepoint: 3247 ns, Total: 112696 ns
[2020-05-16T08:42:33.296+0000][15960][safepoint    ] Safepoint "Cleanup", Time since last: 1000724405 ns, Reaching safepoint: 91826 ns, At safepoint: 4638 ns, Total: 96464 ns
[2020-05-16T08:42:34.297+0000][15960][safepoint    ] Safepoint "Cleanup", Time since last: 1000581565 ns, Reaching safepoint: 174376 ns, At safepoint: 9276 ns, Total: 183652 ns
[2020-05-16T08:42:36.297+0000][15960][safepoint    ] Safepoint "Cleanup", Time since last: 2000175768 ns, Reaching safepoint: 167884 ns, At safepoint: 6029 ns, Total: 173913 ns
[2020-05-16T08:42:37.298+0000][15960][safepoint    ] Safepoint "Cleanup", Time since last: 1000810202 ns, Reaching safepoint: 101102 ns, At safepoint: 3710 ns, Total: 104812 ns
[2020-05-16T08:42:39.298+0000][15960][safepoint    ] Safepoint "Cleanup", Time since last: 2000207768 ns, Reaching safepoint: 175304 ns, At safepoint: 8348 ns, Total: 183652 ns
[2020-05-16T08:42:40.299+0000][15960][safepoint    ] Safepoint "Cleanup", Time since last: 1000120580 ns, Reaching safepoint: 140985 ns, At safepoint: 6029 ns, Total: 147014 ns
[2020-05-16T08:42:41.299+0000][15960][safepoint    ] Safepoint "Cleanup", Time since last: 1000011594 ns, Reaching safepoint: 134957 ns, At safepoint: 5101 ns, Total: 140058 ns
[2020-05-16T08:42:42.299+0000][15960][safepoint    ] Safepoint "Cleanup", Time since last: 1000490203 ns, Reaching safepoint: 87188 ns, At safepoint: 3247 ns, Total: 90435 ns
[2020-05-16T08:42:43.300+0000][15960][safepoint    ] Safepoint "Cleanup", Time since last: 1000864463 ns, Reaching safepoint: 88116 ns, At safepoint: 2782 ns, Total: 90898 ns
[2020-05-16T08:42:44.301+0000][15960][safepoint    ] Safepoint "Cleanup", Time since last: 1000315826 ns, Reaching safepoint: 105276 ns, At safepoint: 5101 ns, Total: 110377 ns
[2020-05-16T08:42:45.301+0000][15960][safepoint    ] Safepoint "Cleanup", Time since last: 1000374725 ns, Reaching safepoint: 103420 ns, At safepoint: 3246 ns, Total: 106666 ns
[2020-05-16T08:42:46.301+0000][15960][safepoint    ] Safepoint "Cleanup", Time since last: 1000006029 ns, Reaching safepoint: 166029 ns, At safepoint: 9739 ns, Total: 175768 ns
[2020-05-16T08:42:47.302+0000][15960][safepoint    ] Safepoint "Cleanup", Time since last: 1000778203 ns, Reaching safepoint: 174377 ns, At safepoint: 6492 ns, Total: 180869 ns
[2020-05-16T08:42:48.303+0000][15960][safepoint    ] Safepoint "Cleanup", Time since last: 1000363594 ns, Reaching safepoint: 170203 ns, At safepoint: 5565 ns, Total: 175768 ns
[2020-05-16T08:42:50.304+0000][15960][safepoint    ] Safepoint "Cleanup", Time since last: 2001106087 ns, Reaching safepoint: 155362 ns, At safepoint: 6493 ns, Total: 161855 ns
[2020-05-16T08:42:52.304+0000][15960][safepoint    ] Safepoint "Cleanup", Time since last: 1999881739 ns, Reaching safepoint: 169739 ns, At safepoint: 4174 ns, Total: 173913 ns
[2020-05-16T08:42:53.305+0000][15960][safepoint    ] Safepoint "Cleanup", Time since last: 1000838029 ns, Reaching safepoint: 320463 ns, At safepoint: 8812 ns, Total: 329275 ns
[2020-05-16T08:42:54.306+0000][15960][safepoint    ] Safepoint "Cleanup", Time since last: 1000436869 ns, Reaching safepoint: 180870 ns, At safepoint: 12058 ns, Total: 192928 ns
[2020-05-16T08:42:55.307+0000][15960][safepoint    ] Safepoint "Cleanup", Time since last: 1000559304 ns, Reaching safepoint: 511999 ns, At safepoint: 29218 ns, Total: 541217 ns
[2020-05-16T08:42:56.308+0000][15960][safepoint    ] Safepoint "Cleanup", Time since last: 1000371942 ns, Reaching safepoint: 124289 ns, At safepoint: 3711 ns, Total: 128000 ns
[2020-05-16T08:42:57.308+0000][15960][safepoint    ] Safepoint "Cleanup", Time since last: 1000428057 ns, Reaching safepoint: 166957 ns, At safepoint: 6493 ns, Total: 173450 ns
[2020-05-16T08:42:59.309+0000][15960][safepoint    ] Safepoint "Cleanup", Time since last: 2000409043 ns, Reaching safepoint: 112695 ns, At safepoint: 3711 ns, Total: 116406 ns
[2020-05-16T08:43:01.309+0000][15960][safepoint    ] Safepoint "Cleanup", Time since last: 2000151188 ns, Reaching safepoint: 155362 ns, At safepoint: 6493 ns, Total: 161855 ns
[2020-05-16T08:43:03.310+0000][15960][safepoint    ] Safepoint "Cleanup", Time since last: 2001011478 ns, Reaching safepoint: 149797 ns, At safepoint: 5101 ns, Total: 154898 ns
[2020-05-16T08:43:04.311+0000][15960][safepoint    ] Safepoint "Cleanup", Time since last: 1000681275 ns, Reaching safepoint: 148406 ns, At safepoint: 7884 ns, Total: 156290 ns
[2020-05-16T08:43:05.312+0000][15960][safepoint    ] Safepoint "Cleanup", Time since last: 1000446609 ns, Reaching safepoint: 98782 ns, At safepoint: 2783 ns, Total: 101565 ns
[2020-05-16T08:43:07.312+0000][15960][safepoint    ] Safepoint "Cleanup", Time since last: 2000122898 ns, Reaching safepoint: 151189 ns, At safepoint: 8811 ns, Total: 160000 ns
[2020-05-16T08:43:09.313+0000][15960][safepoint    ] Safepoint "Cleanup", Time since last: 2000886724 ns, Reaching safepoint: 106203 ns, At safepoint: 4174 ns, Total: 110377 ns
[2020-05-16T08:43:10.314+0000][15960][safepoint    ] Safepoint "Cleanup", Time since last: 1000618203 ns, Reaching safepoint: 174840 ns, At safepoint: 8348 ns, Total: 183188 ns
[2020-05-16T08:43:11.314+0000][15960][safepoint    ] Safepoint "Cleanup", Time since last: 1000371478 ns, Reaching safepoint: 95073 ns, At safepoint: 3246 ns, Total: 98319 ns
[2020-05-16T08:43:13.315+0000][15960][safepoint    ] Safepoint "Cleanup", Time since last: 2000500869 ns, Reaching safepoint: 137276 ns, At safepoint: 5565 ns, Total: 142841 ns
[2020-05-16T08:43:14.316+0000][15960][safepoint    ] Safepoint "Cleanup", Time since last: 1000660405 ns, Reaching safepoint: 87189 ns, At safepoint: 4174 ns, Total: 91363 ns
[2020-05-16T08:43:15.316+0000][15960][safepoint    ] Safepoint "Cleanup", Time since last: 1000236057 ns, Reaching safepoint: 139595 ns, At safepoint: 8347 ns, Total: 147942 ns
[2020-05-16T08:43:16.316+0000][15960][safepoint    ] Safepoint "Cleanup", Time since last: 1000290783 ns, Reaching safepoint: 129855 ns, At safepoint: 2782 ns, Total: 132637 ns
[2020-05-16T08:43:17.317+0000][15960][safepoint    ] Safepoint "Cleanup", Time since last: 1000719768 ns, Reaching safepoint: 90435 ns, At safepoint: 3246 ns, Total: 93681 ns
[2020-05-16T08:43:18.318+0000][15960][safepoint    ] Safepoint "Cleanup", Time since last: 1000475826 ns, Reaching safepoint: 147015 ns, At safepoint: 6029 ns, Total: 153044 ns
[2020-05-16T08:43:19.318+0000][15960][safepoint    ] Safepoint "Cleanup", Time since last: 1000452637 ns, Reaching safepoint: 80696 ns, At safepoint: 2782 ns, Total: 83478 ns
[2020-05-16T08:43:20.319+0000][15960][safepoint    ] Safepoint "Cleanup", Time since last: 1000377971 ns, Reaching safepoint: 124754 ns, At safepoint: 5101 ns, Total: 129855 ns
[2020-05-16T08:43:21.319+0000][15960][safepoint    ] Safepoint "Cleanup", Time since last: 1000248580 ns, Reaching safepoint: 99710 ns, At safepoint: 4638 ns, Total: 104348 ns
[2020-05-16T08:43:23.319+0000][15960][safepoint    ] Safepoint "Cleanup", Time since last: 1999985623 ns, Reaching safepoint: 117333 ns, At safepoint: 2783 ns, Total: 120116 ns
[2020-05-16T08:43:24.320+0000][15960][safepoint    ] Safepoint "Cleanup", Time since last: 1000234202 ns, Reaching safepoint: 140986 ns, At safepoint: 7884 ns, Total: 148870 ns
[2020-05-16T08:43:25.320+0000][15960][safepoint    ] Safepoint "Cleanup", Time since last: 1000448463 ns, Reaching safepoint: 130783 ns, At safepoint: 5565 ns, Total: 136348 ns
[2020-05-16T08:43:26.321+0000][15960][safepoint    ] Safepoint "Cleanup", Time since last: 1000731826 ns, Reaching safepoint: 143304 ns, At safepoint: 6029 ns, Total: 149333 ns
[2020-05-16T08:43:27.322+0000][15960][safepoint    ] Safepoint "Cleanup", Time since last: 1000786087 ns, Reaching safepoint: 124753 ns, At safepoint: 5102 ns, Total: 129855 ns
[2020-05-16T08:43:28.323+0000][15960][safepoint    ] Safepoint "Cleanup", Time since last: 1000416927 ns, Reaching safepoint: 202667 ns, At safepoint: 9739 ns, Total: 212406 ns
[2020-05-16T08:43:29.323+0000][15960][safepoint    ] Safepoint "Cleanup", Time since last: 1000152580 ns, Reaching safepoint: 278260 ns, At safepoint: 7421 ns, Total: 285681 ns
[2020-05-16T08:43:30.324+0000][15960][safepoint    ] Safepoint "Cleanup", Time since last: 1000254144 ns, Reaching safepoint: 512928 ns, At safepoint: 75594 ns, Total: 588522 ns
[2020-05-16T08:43:31.325+0000][15960][safepoint    ] Safepoint "Cleanup", Time since last: 1000743420 ns, Reaching safepoint: 345971 ns, At safepoint: 12521 ns, Total: 358492 ns
[2020-05-16T08:43:32.326+0000][15960][safepoint    ] Safepoint "Cleanup", Time since last: 1000259710 ns, Reaching safepoint: 179942 ns, At safepoint: 10203 ns, Total: 190145 ns
[2020-05-16T08:43:33.450+0000][15960][safepoint    ] Safepoint "Cleanup", Time since last: 1124390435 ns, Reaching safepoint: 107131 ns, At safepoint: 6029 ns, Total: 113160 ns
[2020-05-16T08:43:34.489+0000][15960][safepoint    ] Safepoint "Cleanup", Time since last: 1001238260 ns, Reaching safepoint: 38108272 ns, At safepoint: 49160 ns, Total: 38157432 ns
[2020-05-16T08:43:35.490+0000][15960][safepoint    ] Safepoint "Cleanup", Time since last: 1000216115 ns, Reaching safepoint: 320464 ns, At safepoint: 24116 ns, Total: 344580 ns
[2020-05-16T08:43:36.491+0000][15960][safepoint    ] Safepoint "Cleanup", Time since last: 1000401159 ns, Reaching safepoint: 130783 ns, At safepoint: 5565 ns, Total: 136348 ns
[2020-05-16T08:43:37.491+0000][15960][safepoint    ] Safepoint "Cleanup", Time since last: 1000160927 ns, Reaching safepoint: 121044 ns, At safepoint: 8811 ns, Total: 129855 ns
[2020-05-16T08:43:38.492+0000][15960][safepoint    ] Safepoint "Cleanup", Time since last: 1000848696 ns, Reaching safepoint: 148405 ns, At safepoint: 6029 ns, Total: 154434 ns
[2020-05-16T08:43:39.493+0000][15960][safepoint    ] Safepoint "Cleanup", Time since last: 1000825043 ns, Reaching safepoint: 78841 ns, At safepoint: 3246 ns, Total: 82087 ns
[2020-05-16T08:43:40.493+0000][15960][safepoint    ] Safepoint "Cleanup", Time since last: 1000418319 ns, Reaching safepoint: 134956 ns, At safepoint: 6029 ns, Total: 140985 ns
[2020-05-16T08:43:41.494+0000][15960][safepoint    ] Safepoint "Cleanup", Time since last: 1000159537 ns, Reaching safepoint: 150260 ns, At safepoint: 6029 ns, Total: 156289 ns
[2020-05-16T08:43:42.494+0000][15960][safepoint    ] Safepoint "Cleanup", Time since last: 1000129392 ns, Reaching safepoint: 147942 ns, At safepoint: 5565 ns, Total: 153507 ns
[2020-05-16T08:43:43.495+0000][15960][safepoint    ] Safepoint "Cleanup", Time since last: 1000418782 ns, Reaching safepoint: 152580 ns, At safepoint: 5565 ns, Total: 158145 ns
[2020-05-16T08:43:44.495+0000][15960][safepoint    ] Safepoint "Cleanup", Time since last: 1000707710 ns, Reaching safepoint: 169275 ns, At safepoint: 11594 ns, Total: 180869 ns
[2020-05-16T08:43:45.496+0000][15960][safepoint    ] Safepoint "Cleanup", Time since last: 1000407652 ns, Reaching safepoint: 99247 ns, At safepoint: 2782 ns, Total: 102029 ns
[2020-05-16T08:43:46.497+0000][15960][safepoint    ] Safepoint "Cleanup", Time since last: 1000672928 ns, Reaching safepoint: 153507 ns, At safepoint: 6029 ns, Total: 159536 ns
[2020-05-16T08:43:47.497+0000][15960][safepoint    ] Safepoint "Cleanup", Time since last: 1000516637 ns, Reaching safepoint: 96464 ns, At safepoint: 3246 ns, Total: 99710 ns
[2020-05-16T08:43:48.498+0000][15960][safepoint    ] Safepoint "Cleanup", Time since last: 1000668754 ns, Reaching safepoint: 161855 ns, At safepoint: 6029 ns, Total: 167884 ns
[2020-05-16T08:43:49.499+0000][15960][safepoint    ] Safepoint "Cleanup", Time since last: 1000329739 ns, Reaching safepoint: 144231 ns, At safepoint: 8348 ns, Total: 152579 ns
[2020-05-16T08:43:51.499+0000][15960][safepoint    ] Safepoint "Cleanup", Time since last: 2000423420 ns, Reaching safepoint: 160464 ns, At safepoint: 9739 ns, Total: 170203 ns
[2020-05-16T08:43:53.500+0000][15960][safepoint    ] Safepoint "Cleanup", Time since last: 2000741101 ns, Reaching safepoint: 152580 ns, At safepoint: 5565 ns, Total: 158145 ns
[2020-05-16T08:43:55.501+0000][15960][safepoint    ] Safepoint "Cleanup", Time since last: 2000632116 ns, Reaching safepoint: 172521 ns, At safepoint: 4638 ns, Total: 177159 ns
[2020-05-16T08:43:56.502+0000][15960][safepoint    ] Safepoint "Cleanup", Time since last: 1000531942 ns, Reaching safepoint: 148406 ns, At safepoint: 5565 ns, Total: 153971 ns
[2020-05-16T08:43:57.502+0000][15960][safepoint    ] Safepoint "Cleanup", Time since last: 1000631652 ns, Reaching safepoint: 108985 ns, At safepoint: 4174 ns, Total: 113159 ns
[2020-05-16T08:43:59.503+0000][15960][safepoint    ] Safepoint "Cleanup", Time since last: 2000584811 ns, Reaching safepoint: 104812 ns, At safepoint: 5565 ns, Total: 110377 ns
[2020-05-16T08:44:00.504+0000][15960][safepoint    ] Safepoint "Cleanup", Time since last: 1000497159 ns, Reaching safepoint: 156290 ns, At safepoint: 6493 ns, Total: 162783 ns
[2020-05-16T08:44:01.504+0000][15960][safepoint    ] Safepoint "Cleanup", Time since last: 1000548173 ns, Reaching safepoint: 147015 ns, At safepoint: 9275 ns, Total: 156290 ns
[2020-05-16T08:44:02.505+0000][15960][safepoint    ] Safepoint "Cleanup", Time since last: 1000368696 ns, Reaching safepoint: 130782 ns, At safepoint: 6029 ns, Total: 136811 ns
[2020-05-16T08:44:03.505+0000][15960][safepoint    ] Safepoint "Cleanup", Time since last: 1000169276 ns, Reaching safepoint: 212405 ns, At safepoint: 6957 ns, Total: 219362 ns
[2020-05-16T08:44:04.506+0000][15960][safepoint    ] Safepoint "Cleanup", Time since last: 1000766144 ns, Reaching safepoint: 403015 ns, At safepoint: 8811 ns, Total: 411826 ns
[2020-05-16T08:44:06.506+0000][15960][safepoint    ] Safepoint "Cleanup", Time since last: 1999791768 ns, Reaching safepoint: 254145 ns, At safepoint: 9276 ns, Total: 263421 ns
[2020-05-16T08:44:07.507+0000][15960][safepoint    ] Safepoint "Cleanup", Time since last: 1000028753 ns, Reaching safepoint: 276870 ns, At safepoint: 11594 ns, Total: 288464 ns
[2020-05-16T08:44:08.507+0000][15960][safepoint    ] Safepoint "Cleanup", Time since last: 1000321855 ns, Reaching safepoint: 134956 ns, At safepoint: 3710 ns, Total: 138666 ns
[2020-05-16T08:44:09.508+0000][15960][safepoint    ] Safepoint "Cleanup", Time since last: 1000603362 ns, Reaching safepoint: 143768 ns, At safepoint: 7421 ns, Total: 151189 ns
[2020-05-16T08:44:11.508+0000][15960][safepoint    ] Safepoint "Cleanup", Time since last: 1999922550 ns, Reaching safepoint: 111769 ns, At safepoint: 4637 ns, Total: 116406 ns
[2020-05-16T08:44:12.509+0000][15960][safepoint    ] Safepoint "Cleanup", Time since last: 1000612638 ns, Reaching safepoint: 158144 ns, At safepoint: 9276 ns, Total: 167420 ns
[2020-05-16T08:44:13.509+0000][15960][safepoint    ] Safepoint "Cleanup", Time since last: 1000129855 ns, Reaching safepoint: 125217 ns, At safepoint: 4174 ns, Total: 129391 ns
[2020-05-16T08:44:14.510+0000][15960][safepoint    ] Safepoint "Cleanup", Time since last: 1000636753 ns, Reaching safepoint: 140986 ns, At safepoint: 6029 ns, Total: 147015 ns
[2020-05-16T08:44:15.511+0000][15960][safepoint    ] Safepoint "Cleanup", Time since last: 1000787014 ns, Reaching safepoint: 116406 ns, At safepoint: 3710 ns, Total: 120116 ns
[2020-05-16T08:44:16.511+0000][15960][safepoint    ] Safepoint "Cleanup", Time since last: 1000265275 ns, Reaching safepoint: 165565 ns, At safepoint: 5565 ns, Total: 171130 ns
[2020-05-16T08:44:17.789+0000][15960][safepoint    ] Safepoint "Cleanup", Time since last: 1277357321 ns, Reaching safepoint: 262029 ns, At safepoint: 11130 ns, Total: 273159 ns
[2020-05-16T08:44:18.790+0000][15960][safepoint    ] Safepoint "Cleanup", Time since last: 1000437334 ns, Reaching safepoint: 267594 ns, At safepoint: 6492 ns, Total: 274086 ns
[2020-05-16T08:44:19.790+0000][15960][safepoint    ] Safepoint "Cleanup", Time since last: 1000055189 ns, Reaching safepoint: 236058 ns, At safepoint: 7884 ns, Total: 243942 ns
[2020-05-16T08:44:20.790+0000][15960][safepoint    ] Safepoint "Cleanup", Time since last: 1000075594 ns, Reaching safepoint: 85333 ns, At safepoint: 3246 ns, Total: 88579 ns
[2020-05-16T08:44:21.791+0000][15960][safepoint    ] Safepoint "Cleanup", Time since last: 1000440116 ns, Reaching safepoint: 130319 ns, At safepoint: 5565 ns, Total: 135884 ns
[2020-05-16T08:44:22.791+0000][15960][safepoint    ] Safepoint "Cleanup", Time since last: 1000186899 ns, Reaching safepoint: 93681 ns, At safepoint: 2782 ns, Total: 96463 ns
[2020-05-16T08:44:23.792+0000][15960][safepoint    ] Safepoint "Cleanup", Time since last: 1000359884 ns, Reaching safepoint: 99247 ns, At safepoint: 4637 ns, Total: 103884 ns
[2020-05-16T08:44:24.792+0000][15960][safepoint    ] Safepoint "Cleanup", Time since last: 1000721159 ns, Reaching safepoint: 145160 ns, At safepoint: 5565 ns, Total: 150725 ns
[2020-05-16T08:44:26.793+0000][15960][safepoint    ] Safepoint "Cleanup", Time since last: 2000692405 ns, Reaching safepoint: 150261 ns, At safepoint: 5565 ns, Total: 155826 ns
[2020-05-16T08:44:28.794+0000][15960][safepoint    ] Safepoint "Cleanup", Time since last: 2000563015 ns, Reaching safepoint: 110840 ns, At safepoint: 5565 ns, Total: 116405 ns
[2020-05-16T08:44:30.794+0000][15960][safepoint    ] Safepoint "Cleanup", Time since last: 2000313971 ns, Reaching safepoint: 84406 ns, At safepoint: 6493 ns, Total: 90899 ns
[2020-05-16T08:44:31.795+0000][15960][safepoint    ] Safepoint "Cleanup", Time since last: 1000464231 ns, Reaching safepoint: 148870 ns, At safepoint: 6493 ns, Total: 155363 ns
[2020-05-16T08:44:33.796+0000][15960][safepoint    ] Safepoint "Cleanup", Time since last: 2000750376 ns, Reaching safepoint: 82087 ns, At safepoint: 2783 ns, Total: 84870 ns
[2020-05-16T08:44:35.796+0000][15960][safepoint    ] Safepoint "Cleanup", Time since last: 2000162782 ns, Reaching safepoint: 147015 ns, At safepoint: 8811 ns, Total: 155826 ns
[2020-05-16T08:44:36.796+0000][15960][safepoint    ] Safepoint "Cleanup", Time since last: 1000271768 ns, Reaching safepoint: 146087 ns, At safepoint: 8812 ns, Total: 154899 ns
[2020-05-16T08:44:37.797+0000][15960][safepoint    ] Safepoint "Cleanup", Time since last: 1000893680 ns, Reaching safepoint: 129855 ns, At safepoint: 8812 ns, Total: 138667 ns
[2020-05-16T08:44:38.798+0000][15960][safepoint    ] Safepoint "Cleanup", Time since last: 1000661333 ns, Reaching safepoint: 83015 ns, At safepoint: 3710 ns, Total: 86725 ns
[2020-05-16T08:44:39.799+0000][15960][safepoint    ] Safepoint "Cleanup", Time since last: 1000569970 ns, Reaching safepoint: 115015 ns, At safepoint: 3246 ns, Total: 118261 ns
[2020-05-16T08:44:40.799+0000][15960][safepoint    ] Safepoint "Cleanup", Time since last: 1000185044 ns, Reaching safepoint: 107594 ns, At safepoint: 3246 ns, Total: 110840 ns
[2020-05-16T08:44:41.800+0000][15960][safepoint    ] Safepoint "Cleanup", Time since last: 1000604754 ns, Reaching safepoint: 162782 ns, At safepoint: 6029 ns, Total: 168811 ns
[2020-05-16T08:44:42.801+0000][15960][safepoint    ] Safepoint "Cleanup", Time since last: 1000606608 ns, Reaching safepoint: 106667 ns, At safepoint: 3710 ns, Total: 110377 ns
[2020-05-16T08:44:43.801+0000][15960][safepoint    ] Safepoint "Cleanup", Time since last: 1000664116 ns, Reaching safepoint: 108985 ns, At safepoint: 3710 ns, Total: 112695 ns
[2020-05-16T08:44:45.802+0000][15960][safepoint    ] Safepoint "Cleanup", Time since last: 2000135884 ns, Reaching safepoint: 105740 ns, At safepoint: 2782 ns, Total: 108522 ns
[2020-05-16T08:44:46.803+0000][15960][safepoint    ] Safepoint "Cleanup", Time since last: 1000734145 ns, Reaching safepoint: 164637 ns, At safepoint: 6957 ns, Total: 171594 ns
[2020-05-16T08:44:47.803+0000][15960][safepoint    ] Safepoint "Cleanup", Time since last: 1000295420 ns, Reaching safepoint: 153507 ns, At safepoint: 4174 ns, Total: 157681 ns
[2020-05-16T08:44:48.817+0000][15960][safepoint    ] Safepoint "Cleanup", Time since last: 1014095762 ns, Reaching safepoint: 140058 ns, At safepoint: 6029 ns, Total: 146087 ns
[2020-05-16T08:44:49.818+0000][15960][safepoint    ] Safepoint "Cleanup", Time since last: 1000621449 ns, Reaching safepoint: 146550 ns, At safepoint: 6957 ns, Total: 153507 ns
[2020-05-16T08:44:51.477+0000][15960][safepoint    ] Safepoint "Cleanup", Time since last: 1658909375 ns, Reaching safepoint: 138667 ns, At safepoint: 3246 ns, Total: 141913 ns
[2020-05-16T08:44:52.478+0000][15960][safepoint    ] Safepoint "Cleanup", Time since last: 1000443362 ns, Reaching safepoint: 104812 ns, At safepoint: 3246 ns, Total: 108058 ns
[2020-05-16T08:44:53.478+0000][15960][safepoint    ] Safepoint "Cleanup", Time since last: 1000097392 ns, Reaching safepoint: 184115 ns, At safepoint: 6029 ns, Total: 190144 ns
[2020-05-16T08:44:55.478+0000][15960][safepoint    ] Safepoint "Cleanup", Time since last: 2000159537 ns, Reaching safepoint: 125217 ns, At safepoint: 6956 ns, Total: 132173 ns
[2020-05-16T08:44:56.479+0000][15960][safepoint    ] Safepoint "Cleanup", Time since last: 1000586667 ns, Reaching safepoint: 103884 ns, At safepoint: 3246 ns, Total: 107130 ns
[2020-05-16T08:44:57.479+0000][15960][safepoint    ] Safepoint "Cleanup", Time since last: 1000271304 ns, Reaching safepoint: 98319 ns, At safepoint: 3247 ns, Total: 101566 ns
[2020-05-16T08:44:58.480+0000][15960][safepoint    ] Safepoint "Cleanup", Time since last: 1000575536 ns, Reaching safepoint: 108521 ns, At safepoint: 4638 ns, Total: 113159 ns
[2020-05-16T08:44:59.481+0000][15960][safepoint    ] Safepoint "Cleanup", Time since last: 1000748058 ns, Reaching safepoint: 136347 ns, At safepoint: 7421 ns, Total: 143768 ns
[2020-05-16T08:45:00.481+0000][15960][safepoint    ] Safepoint "Cleanup", Time since last: 1000405797 ns, Reaching safepoint: 151188 ns, At safepoint: 6493 ns, Total: 157681 ns
[2020-05-16T08:45:01.482+0000][15960][safepoint    ] Safepoint "Cleanup", Time since last: 1000614492 ns, Reaching safepoint: 116406 ns, At safepoint: 6029 ns, Total: 122435 ns
[2020-05-16T08:45:02.483+0000][15960][safepoint    ] Safepoint "Cleanup", Time since last: 1000683130 ns, Reaching safepoint: 135884 ns, At safepoint: 8348 ns, Total: 144232 ns
[2020-05-16T08:45:03.483+0000][15960][safepoint    ] Safepoint "Cleanup", Time since last: 1000335304 ns, Reaching safepoint: 107130 ns, At safepoint: 3247 ns, Total: 110377 ns
[2020-05-16T08:45:04.484+0000][15960][safepoint    ] Safepoint "Cleanup", Time since last: 1000711420 ns, Reaching safepoint: 105275 ns, At safepoint: 5565 ns, Total: 110840 ns
[2020-05-16T08:45:05.485+0000][15960][safepoint    ] Safepoint "Cleanup", Time since last: 1000553275 ns, Reaching safepoint: 125681 ns, At safepoint: 6029 ns, Total: 131710 ns
[2020-05-16T08:45:06.485+0000][15960][safepoint    ] Safepoint "Cleanup", Time since last: 1000317218 ns, Reaching safepoint: 98318 ns, At safepoint: 4174 ns, Total: 102492 ns
[2020-05-16T08:45:07.486+0000][15960][safepoint    ] Safepoint "Cleanup", Time since last: 1000568580 ns, Reaching safepoint: 164174 ns, At safepoint: 6956 ns, Total: 171130 ns
[2020-05-16T08:45:08.487+0000][15960][safepoint    ] Safepoint "Cleanup", Time since last: 1000779130 ns, Reaching safepoint: 88580 ns, At safepoint: 3246 ns, Total: 91826 ns
[2020-05-16T08:45:09.488+0000][15960][safepoint    ] Safepoint "Cleanup", Time since last: 1000446609 ns, Reaching safepoint: 263420 ns, At safepoint: 8811 ns, Total: 272231 ns
[2020-05-16T08:45:11.488+0000][15960][safepoint    ] Safepoint "Cleanup", Time since last: 2000483710 ns, Reaching safepoint: 82551 ns, At safepoint: 4174 ns, Total: 86725 ns
[2020-05-16T08:45:12.489+0000][15960][safepoint    ] Safepoint "Cleanup", Time since last: 1000092754 ns, Reaching safepoint: 162318 ns, At safepoint: 6957 ns, Total: 169275 ns
[2020-05-16T08:45:13.490+0000][15960][safepoint    ] Safepoint "Cleanup", Time since last: 1000787478 ns, Reaching safepoint: 285217 ns, At safepoint: 22725 ns, Total: 307942 ns
[2020-05-16T08:45:15.490+0000][15960][safepoint    ] Safepoint "Cleanup", Time since last: 1999924869 ns, Reaching safepoint: 326029 ns, At safepoint: 29681 ns, Total: 355710 ns
[2020-05-16T08:45:16.490+0000][15960][safepoint    ] Safepoint "Cleanup", Time since last: 1000223536 ns, Reaching safepoint: 286609 ns, At safepoint: 9275 ns, Total: 295884 ns
[2020-05-16T08:45:18.491+0000][15960][safepoint    ] Safepoint "Cleanup", Time since last: 2000610319 ns, Reaching safepoint: 132637 ns, At safepoint: 5566 ns, Total: 138203 ns
[2020-05-16T08:45:20.492+0000][15960][safepoint    ] Safepoint "Cleanup", Time since last: 2000892753 ns, Reaching safepoint: 107594 ns, At safepoint: 6029 ns, Total: 113623 ns
[2020-05-16T08:45:21.493+0000][15960][safepoint    ] Safepoint "Cleanup", Time since last: 1000754087 ns, Reaching safepoint: 102029 ns, At safepoint: 4637 ns, Total: 106666 ns
[2020-05-16T08:45:22.494+0000][15960][safepoint    ] Safepoint "Cleanup", Time since last: 1000693333 ns, Reaching safepoint: 83478 ns, At safepoint: 4174 ns, Total: 87652 ns
[2020-05-16T08:45:23.495+0000][15960][safepoint    ] Safepoint "Cleanup", Time since last: 1000643246 ns, Reaching safepoint: 103421 ns, At safepoint: 4174 ns, Total: 107595 ns
[2020-05-16T08:45:24.496+0000][15960][safepoint    ] Safepoint "Cleanup", Time since last: 1000888115 ns, Reaching safepoint: 165565 ns, At safepoint: 9739 ns, Total: 175304 ns
[2020-05-16T08:45:26.496+0000][15960][safepoint    ] Safepoint "Cleanup", Time since last: 1999984232 ns, Reaching safepoint: 103421 ns, At safepoint: 3246 ns, Total: 106667 ns
[2020-05-16T08:45:28.496+0000][15960][safepoint    ] Safepoint "Cleanup", Time since last: 2000075594 ns, Reaching safepoint: 90899 ns, At safepoint: 3246 ns, Total: 94145 ns
[2020-05-16T08:45:29.496+0000][15960][safepoint    ] Safepoint "Cleanup", Time since last: 1000023652 ns, Reaching safepoint: 116870 ns, At safepoint: 4637 ns, Total: 121507 ns
[2020-05-16T08:45:30.497+0000][15960][safepoint    ] Safepoint "Cleanup", Time since last: 1000374261 ns, Reaching safepoint: 122435 ns, At safepoint: 3246 ns, Total: 125681 ns
[2020-05-16T08:45:31.497+0000][15960][safepoint    ] Safepoint "Cleanup", Time since last: 1000036638 ns, Reaching safepoint: 89971 ns, At safepoint: 3246 ns, Total: 93217 ns
[2020-05-16T08:45:32.497+0000][15960][safepoint    ] Safepoint "Cleanup", Time since last: 1000175768 ns, Reaching safepoint: 135884 ns, At safepoint: 2783 ns, Total: 138667 ns
[2020-05-16T08:45:34.498+0000][15960][safepoint    ] Safepoint "Cleanup", Time since last: 2000442434 ns, Reaching safepoint: 217507 ns, At safepoint: 25508 ns, Total: 243015 ns
[2020-05-16T08:45:35.499+0000][15960][safepoint    ] Safepoint "Cleanup", Time since last: 1000765681 ns, Reaching safepoint: 98782 ns, At safepoint: 3246 ns, Total: 102028 ns
[2020-05-16T08:45:36.499+0000][15960][safepoint    ] Safepoint "Cleanup", Time since last: 1000580174 ns, Reaching safepoint: 134957 ns, At safepoint: 5565 ns, Total: 140522 ns
[2020-05-16T08:45:37.500+0000][15960][safepoint    ] Safepoint "Cleanup", Time since last: 1000272232 ns, Reaching safepoint: 374724 ns, At safepoint: 18551 ns, Total: 393275 ns
[2020-05-16T08:45:39.500+0000][15960][safepoint    ] Safepoint "Cleanup", Time since last: 2000100174 ns, Reaching safepoint: 101101 ns, At safepoint: 4638 ns, Total: 105739 ns
[2020-05-16T08:45:40.501+0000][15960][safepoint    ] Safepoint "Cleanup", Time since last: 1000451710 ns, Reaching safepoint: 124753 ns, At safepoint: 5102 ns, Total: 129855 ns
[2020-05-16T08:45:41.502+0000][15960][safepoint    ] Safepoint "Cleanup", Time since last: 1000702608 ns, Reaching safepoint: 138203 ns, At safepoint: 5565 ns, Total: 143768 ns
[2020-05-16T08:45:42.502+0000][15960][safepoint    ] Safepoint "Cleanup", Time since last: 1000736000 ns, Reaching safepoint: 156289 ns, At safepoint: 6957 ns, Total: 163246 ns
[2020-05-16T08:45:43.503+0000][15960][safepoint    ] Safepoint "Cleanup", Time since last: 1000516174 ns, Reaching safepoint: 179478 ns, At safepoint: 4174 ns, Total: 183652 ns
[2020-05-16T08:45:44.504+0000][15960][safepoint    ] Safepoint "Cleanup", Time since last: 1000243942 ns, Reaching safepoint: 81159 ns, At safepoint: 3246 ns, Total: 84405 ns
[2020-05-16T08:45:45.504+0000][15960][safepoint    ] Safepoint "Cleanup", Time since last: 1000651131 ns, Reaching safepoint: 157681 ns, At safepoint: 6492 ns, Total: 164173 ns
[2020-05-16T08:45:47.505+0000][15960][safepoint    ] Safepoint "Cleanup", Time since last: 2000113624 ns, Reaching safepoint: 161855 ns, At safepoint: 7420 ns, Total: 169275 ns
[2020-05-16T08:45:48.505+0000][15960][safepoint    ] Safepoint "Cleanup", Time since last: 1000640927 ns, Reaching safepoint: 143304 ns, At safepoint: 3247 ns, Total: 146551 ns
[2020-05-16T08:45:49.506+0000][15960][safepoint    ] Safepoint "Cleanup", Time since last: 1000090434 ns, Reaching safepoint: 175305 ns, At safepoint: 5565 ns, Total: 180870 ns
[2020-05-16T08:45:50.506+0000][15960][safepoint    ] Safepoint "Cleanup", Time since last: 1000397913 ns, Reaching safepoint: 222145 ns, At safepoint: 6492 ns, Total: 228637 ns
[2020-05-16T08:45:51.507+0000][15960][safepoint    ] Safepoint "Cleanup", Time since last: 1000224928 ns, Reaching safepoint: 316753 ns, At safepoint: 7421 ns, Total: 324174 ns
[2020-05-16T08:45:52.507+0000][15960][safepoint    ] Safepoint "Cleanup", Time since last: 1000224927 ns, Reaching safepoint: 354782 ns, At safepoint: 25044 ns, Total: 379826 ns
[2020-05-16T08:45:53.508+0000][15960][safepoint    ] Safepoint "Cleanup", Time since last: 1000067710 ns, Reaching safepoint: 275014 ns, At safepoint: 6493 ns, Total: 281507 ns
[2020-05-16T08:45:54.509+0000][15960][safepoint    ] Safepoint "Cleanup", Time since last: 1000609391 ns, Reaching safepoint: 197565 ns, At safepoint: 11594 ns, Total: 209159 ns
[2020-05-16T08:45:56.509+0000][15960][safepoint    ] Safepoint "Cleanup", Time since last: 2000630725 ns, Reaching safepoint: 161391 ns, At safepoint: 7420 ns, Total: 168811 ns
[2020-05-16T08:45:57.510+0000][15960][safepoint    ] Safepoint "Cleanup", Time since last: 1000192928 ns, Reaching safepoint: 157681 ns, At safepoint: 6029 ns, Total: 163710 ns
[2020-05-16T08:45:58.511+0000][15960][safepoint    ] Safepoint "Cleanup", Time since last: 1000633507 ns, Reaching safepoint: 120116 ns, At safepoint: 3246 ns, Total: 123362 ns
[2020-05-16T08:45:59.511+0000][15960][safepoint    ] Safepoint "Cleanup", Time since last: 1000057507 ns, Reaching safepoint: 103421 ns, At safepoint: 4637 ns, Total: 108058 ns
[2020-05-16T08:46:00.512+0000][15960][safepoint    ] Safepoint "Cleanup", Time since last: 1000827362 ns, Reaching safepoint: 99246 ns, At safepoint: 3711 ns, Total: 102957 ns
[2020-05-16T08:46:01.512+0000][15960][safepoint    ] Safepoint "Cleanup", Time since last: 1000020869 ns, Reaching safepoint: 156754 ns, At safepoint: 6492 ns, Total: 163246 ns
[2020-05-16T08:46:02.512+0000][15960][safepoint    ] Safepoint "Cleanup", Time since last: 1000354783 ns, Reaching safepoint: 106667 ns, At safepoint: 2782 ns, Total: 109449 ns
[2020-05-16T08:46:03.513+0000][15960][safepoint    ] Safepoint "Cleanup", Time since last: 1000730898 ns, Reaching safepoint: 157681 ns, At safepoint: 6493 ns, Total: 164174 ns
[2020-05-16T08:46:05.514+0000][15960][safepoint    ] Safepoint "Cleanup", Time since last: 2000780522 ns, Reaching safepoint: 153507 ns, At safepoint: 10666 ns, Total: 164173 ns
[2020-05-16T08:46:06.515+0000][15960][safepoint    ] Safepoint "Cleanup", Time since last: 1000745739 ns, Reaching safepoint: 428986 ns, At safepoint: 101101 ns, Total: 530087 ns
[2020-05-16T08:46:07.516+0000][15960][safepoint    ] Safepoint "Cleanup", Time since last: 1000813449 ns, Reaching safepoint: 148869 ns, At safepoint: 6493 ns, Total: 155362 ns
[2020-05-16T08:46:08.517+0000][15960][safepoint    ] Safepoint "Cleanup", Time since last: 1000262956 ns, Reaching safepoint: 141913 ns, At safepoint: 6493 ns, Total: 148406 ns
[2020-05-16T08:46:09.517+0000][15960][safepoint    ] Safepoint "Cleanup", Time since last: 1000499014 ns, Reaching safepoint: 164638 ns, At safepoint: 11130 ns, Total: 175768 ns
[2020-05-16T08:46:11.518+0000][15960][safepoint    ] Safepoint "Cleanup", Time since last: 2000529623 ns, Reaching safepoint: 150261 ns, At safepoint: 6957 ns, Total: 157218 ns
[2020-05-16T08:46:12.519+0000][15960][safepoint    ] Safepoint "Cleanup", Time since last: 1000549101 ns, Reaching safepoint: 151188 ns, At safepoint: 15305 ns, Total: 166493 ns
[2020-05-16T08:46:13.520+0000][15960][safepoint    ] Safepoint "Cleanup", Time since last: 1000755014 ns, Reaching safepoint: 139594 ns, At safepoint: 6029 ns, Total: 145623 ns
[2020-05-16T08:46:15.520+0000][15960][safepoint    ] Safepoint "Cleanup", Time since last: 2000088580 ns, Reaching safepoint: 95072 ns, At safepoint: 9739 ns, Total: 104811 ns
[2020-05-16T08:46:16.521+0000][15960][safepoint    ] Safepoint "Cleanup", Time since last: 1000765217 ns, Reaching safepoint: 246725 ns, At safepoint: 8811 ns, Total: 255536 ns
[2020-05-16T08:46:18.521+0000][15960][safepoint    ] Safepoint "Cleanup", Time since last: 1999859942 ns, Reaching safepoint: 136812 ns, At safepoint: 8811 ns, Total: 145623 ns
[2020-05-16T08:46:19.521+0000][15960][safepoint    ] Safepoint "Cleanup", Time since last: 1000197566 ns, Reaching safepoint: 224927 ns, At safepoint: 6029 ns, Total: 230956 ns
[2020-05-16T08:46:20.522+0000][15960][safepoint    ] Safepoint "Cleanup", Time since last: 1000040812 ns, Reaching safepoint: 206840 ns, At safepoint: 6493 ns, Total: 213333 ns
[2020-05-16T08:46:21.522+0000][15960][safepoint    ] Safepoint "Cleanup", Time since last: 1000050087 ns, Reaching safepoint: 116869 ns, At safepoint: 6957 ns, Total: 123826 ns
[2020-05-16T08:46:22.522+0000][15960][safepoint    ] Safepoint "Cleanup", Time since last: 1000115478 ns, Reaching safepoint: 169739 ns, At safepoint: 9739 ns, Total: 179478 ns
[2020-05-16T08:46:24.523+0000][15960][safepoint    ] Safepoint "Cleanup", Time since last: 2000444754 ns, Reaching safepoint: 232811 ns, At safepoint: 8812 ns, Total: 241623 ns
[2020-05-16T08:46:26.523+0000][15960][safepoint    ] Safepoint "Cleanup", Time since last: 2000194318 ns, Reaching safepoint: 125218 ns, At safepoint: 5565 ns, Total: 130783 ns
[2020-05-16T08:46:27.524+0000][15960][safepoint    ] Safepoint "Cleanup", Time since last: 1000588985 ns, Reaching safepoint: 122435 ns, At safepoint: 6956 ns, Total: 129391 ns
[2020-05-16T08:46:28.525+0000][15960][safepoint    ] Safepoint "Cleanup", Time since last: 1000490667 ns, Reaching safepoint: 136811 ns, At safepoint: 7421 ns, Total: 144232 ns
[2020-05-16T08:46:29.525+0000][15960][safepoint    ] Safepoint "Cleanup", Time since last: 1000538434 ns, Reaching safepoint: 108986 ns, At safepoint: 3246 ns, Total: 112232 ns
[2020-05-16T08:46:30.526+0000][15960][safepoint    ] Safepoint "Cleanup", Time since last: 1000176232 ns, Reaching safepoint: 112232 ns, At safepoint: 2782 ns, Total: 115014 ns
[2020-05-16T08:46:31.526+0000][15960][safepoint    ] Safepoint "Cleanup", Time since last: 1000155826 ns, Reaching safepoint: 136348 ns, At safepoint: 8812 ns, Total: 145160 ns
[2020-05-16T08:46:32.526+0000][15960][safepoint    ] Safepoint "Cleanup", Time since last: 1000373333 ns, Reaching safepoint: 150261 ns, At safepoint: 10203 ns, Total: 160464 ns
[2020-05-16T08:46:34.526+0000][15960][safepoint    ] Safepoint "Cleanup", Time since last: 1999927188 ns, Reaching safepoint: 139130 ns, At safepoint: 5566 ns, Total: 144696 ns
[2020-05-16T08:46:35.527+0000][15960][safepoint    ] Safepoint "Cleanup", Time since last: 1000849622 ns, Reaching safepoint: 136348 ns, At safepoint: 6029 ns, Total: 142377 ns
[2020-05-16T08:46:36.528+0000][15960][safepoint    ] Safepoint "Cleanup", Time since last: 1000684521 ns, Reaching safepoint: 117798 ns, At safepoint: 5565 ns, Total: 123363 ns
[2020-05-16T08:46:37.529+0000][15960][safepoint    ] Safepoint "Cleanup", Time since last: 1000801854 ns, Reaching safepoint: 142377 ns, At safepoint: 6029 ns, Total: 148406 ns
[2020-05-16T08:46:38.529+0000][15960][safepoint    ] Safepoint "Cleanup", Time since last: 1000130319 ns, Reaching safepoint: 138667 ns, At safepoint: 6956 ns, Total: 145623 ns
[2020-05-16T08:46:39.530+0000][15960][safepoint    ] Safepoint "Cleanup", Time since last: 1000492522 ns, Reaching safepoint: 148405 ns, At safepoint: 6029 ns, Total: 154434 ns
[2020-05-16T08:46:40.531+0000][15960][safepoint    ] Safepoint "Cleanup", Time since last: 1000720232 ns, Reaching safepoint: 129855 ns, At safepoint: 5565 ns, Total: 135420 ns
[2020-05-16T08:46:41.531+0000][15960][safepoint    ] Safepoint "Cleanup", Time since last: 1000428985 ns, Reaching safepoint: 140522 ns, At safepoint: 6029 ns, Total: 146551 ns
[2020-05-16T08:46:43.532+0000][15960][safepoint    ] Safepoint "Cleanup", Time since last: 2000523130 ns, Reaching safepoint: 147942 ns, At safepoint: 5565 ns, Total: 153507 ns
[2020-05-16T08:46:44.533+0000][15960][safepoint    ] Safepoint "Cleanup", Time since last: 1000761044 ns, Reaching safepoint: 137739 ns, At safepoint: 6029 ns, Total: 143768 ns
[2020-05-16T08:46:45.534+0000][15960][safepoint    ] Safepoint "Cleanup", Time since last: 1000787477 ns, Reaching safepoint: 148406 ns, At safepoint: 5565 ns, Total: 153971 ns
[2020-05-16T08:46:46.535+0000][15960][safepoint    ] Safepoint "Cleanup", Time since last: 1000880696 ns, Reaching safepoint: 146087 ns, At safepoint: 7420 ns, Total: 153507 ns
[2020-05-16T08:46:48.535+0000][15960][safepoint    ] Safepoint "Cleanup", Time since last: 1999927652 ns, Reaching safepoint: 126145 ns, At safepoint: 2783 ns, Total: 128928 ns
[2020-05-16T08:46:49.536+0000][15960][safepoint    ] Safepoint "Cleanup", Time since last: 1000356637 ns, Reaching safepoint: 148406 ns, At safepoint: 6029 ns, Total: 154435 ns
[2020-05-16T08:46:50.536+0000][15960][safepoint    ] Safepoint "Cleanup", Time since last: 1000476289 ns, Reaching safepoint: 111305 ns, At safepoint: 4174 ns, Total: 115479 ns
[2020-05-16T08:46:51.537+0000][15960][safepoint    ] Safepoint "Cleanup", Time since last: 1000487883 ns, Reaching safepoint: 130783 ns, At safepoint: 8348 ns, Total: 139131 ns
[2020-05-16T08:46:52.537+0000][15960][safepoint    ] Safepoint "Cleanup", Time since last: 1000434550 ns, Reaching safepoint: 302841 ns, At safepoint: 9739 ns, Total: 312580 ns
[2020-05-16T08:46:53.538+0000][15960][safepoint    ] Safepoint "Cleanup", Time since last: 1000089043 ns, Reaching safepoint: 135884 ns, At safepoint: 5566 ns, Total: 141450 ns
[2020-05-16T08:46:54.538+0000][15960][safepoint    ] Safepoint "Cleanup", Time since last: 1000276405 ns, Reaching safepoint: 128000 ns, At safepoint: 6029 ns, Total: 134029 ns
[2020-05-16T08:46:55.539+0000][15960][safepoint    ] Safepoint "Cleanup", Time since last: 1000169739 ns, Reaching safepoint: 108986 ns, At safepoint: 5101 ns, Total: 114087 ns
[2020-05-16T08:46:56.539+0000][15960][safepoint    ] Safepoint "Cleanup", Time since last: 1000161855 ns, Reaching safepoint: 132638 ns, At safepoint: 5101 ns, Total: 137739 ns
[2020-05-16T08:46:57.540+0000][15960][safepoint    ] Safepoint "Cleanup", Time since last: 1000737391 ns, Reaching safepoint: 237913 ns, At safepoint: 6493 ns, Total: 244406 ns
[2020-05-16T08:46:58.540+0000][15960][safepoint    ] Safepoint "Cleanup", Time since last: 1000232348 ns, Reaching safepoint: 132173 ns, At safepoint: 6029 ns, Total: 138202 ns
[2020-05-16T08:46:59.540+0000][15960][safepoint    ] Safepoint "Cleanup", Time since last: 1000101566 ns, Reaching safepoint: 172985 ns, At safepoint: 5101 ns, Total: 178086 ns
[2020-05-16T08:47:01.541+0000][15960][safepoint    ] Safepoint "Cleanup", Time since last: 2000045913 ns, Reaching safepoint: 160464 ns, At safepoint: 5102 ns, Total: 165566 ns
[2020-05-16T08:47:02.541+0000][15960][safepoint    ] Safepoint "Cleanup", Time since last: 1000647883 ns, Reaching safepoint: 142377 ns, At safepoint: 5565 ns, Total: 147942 ns
[2020-05-16T08:47:03.542+0000][15960][safepoint    ] Safepoint "Cleanup", Time since last: 1000257855 ns, Reaching safepoint: 138203 ns, At safepoint: 4638 ns, Total: 142841 ns
[2020-05-16T08:47:04.543+0000][15960][safepoint    ] Safepoint "Cleanup", Time since last: 1000695188 ns, Reaching safepoint: 136348 ns, At safepoint: 4173 ns, Total: 140521 ns
[2020-05-16T08:47:05.543+0000][15960][safepoint    ] Safepoint "Cleanup", Time since last: 1000136812 ns, Reaching safepoint: 117333 ns, At safepoint: 5102 ns, Total: 122435 ns
[2020-05-16T08:47:06.543+0000][15960][safepoint    ] Safepoint "Cleanup", Time since last: 1000054724 ns, Reaching safepoint: 128928 ns, At safepoint: 6956 ns, Total: 135884 ns
[2020-05-16T08:47:07.544+0000][15960][safepoint    ] Safepoint "Cleanup", Time since last: 1000462377 ns, Reaching safepoint: 94145 ns, At safepoint: 3246 ns, Total: 97391 ns
[2020-05-16T08:47:08.545+0000][15960][safepoint    ] Safepoint "Cleanup", Time since last: 1000690551 ns, Reaching safepoint: 94608 ns, At safepoint: 3710 ns, Total: 98318 ns
[2020-05-16T08:47:09.578+0000][15960][safepoint    ] Safepoint "Cleanup", Time since last: 1033010072 ns, Reaching safepoint: 153971 ns, At safepoint: 25971 ns, Total: 179942 ns
[2020-05-16T08:47:10.578+0000][15960][safepoint    ] Safepoint "Cleanup", Time since last: 1000634434 ns, Reaching safepoint: 150725 ns, At safepoint: 6029 ns, Total: 156754 ns
[2020-05-16T08:47:12.579+0000][15960][safepoint    ] Safepoint "Cleanup", Time since last: 2000178551 ns, Reaching safepoint: 164174 ns, At safepoint: 6956 ns, Total: 171130 ns
[2020-05-16T08:47:14.579+0000][15960][safepoint    ] Safepoint "Cleanup", Time since last: 2000409043 ns, Reaching safepoint: 146551 ns, At safepoint: 6029 ns, Total: 152580 ns
[2020-05-16T08:47:15.580+0000][15960][safepoint    ] Safepoint "Cleanup", Time since last: 1000812985 ns, Reaching safepoint: 126609 ns, At safepoint: 5101 ns, Total: 131710 ns
[2020-05-16T08:47:16.581+0000][15960][safepoint    ] Safepoint "Cleanup", Time since last: 1000307478 ns, Reaching safepoint: 140058 ns, At safepoint: 6029 ns, Total: 146087 ns
[2020-05-16T08:47:17.581+0000][15960][safepoint    ] Safepoint "Cleanup", Time since last: 1000343652 ns, Reaching safepoint: 138667 ns, At safepoint: 5101 ns, Total: 143768 ns
[2020-05-16T08:47:18.582+0000][15960][safepoint    ] Safepoint "Cleanup", Time since last: 1000634435 ns, Reaching safepoint: 126145 ns, At safepoint: 8347 ns, Total: 134492 ns
[2020-05-16T08:47:19.583+0000][15960][safepoint    ] Safepoint "Cleanup", Time since last: 1000544464 ns, Reaching safepoint: 126145 ns, At safepoint: 6029 ns, Total: 132174 ns
[2020-05-16T08:47:21.583+0000][15960][safepoint    ] Safepoint "Cleanup", Time since last: 2000055652 ns, Reaching safepoint: 163246 ns, At safepoint: 5102 ns, Total: 168348 ns
[2020-05-16T08:47:22.583+0000][15960][safepoint    ] Safepoint "Cleanup", Time since last: 1000104347 ns, Reaching safepoint: 112696 ns, At safepoint: 6493 ns, Total: 119189 ns
[2020-05-16T08:47:23.584+0000][15960][safepoint    ] Safepoint "Cleanup", Time since last: 1000521739 ns, Reaching safepoint: 153043 ns, At safepoint: 5102 ns, Total: 158145 ns
[2020-05-16T08:47:24.584+0000][15960][safepoint    ] Safepoint "Cleanup", Time since last: 1000025043 ns, Reaching safepoint: 172985 ns, At safepoint: 9740 ns, Total: 182725 ns
[2020-05-16T08:47:26.585+0000][15960][safepoint    ] Safepoint "Cleanup", Time since last: 2000451710 ns, Reaching safepoint: 154434 ns, At safepoint: 7421 ns, Total: 161855 ns
[2020-05-16T08:47:27.586+0000][15960][safepoint    ] Safepoint "Cleanup", Time since last: 1000769390 ns, Reaching safepoint: 138203 ns, At safepoint: 6029 ns, Total: 144232 ns
[2020-05-16T08:47:29.586+0000][15960][safepoint    ] Safepoint "Cleanup", Time since last: 2000278725 ns, Reaching safepoint: 113623 ns, At safepoint: 4638 ns, Total: 118261 ns
[2020-05-16T08:47:30.586+0000][15960][safepoint    ] Safepoint "Cleanup", Time since last: 1000113623 ns, Reaching safepoint: 118261 ns, At safepoint: 5101 ns, Total: 123362 ns
[2020-05-16T08:47:31.587+0000][15960][safepoint    ] Safepoint "Cleanup", Time since last: 1000610782 ns, Reaching safepoint: 118261 ns, At safepoint: 4638 ns, Total: 122899 ns
[2020-05-16T08:47:32.588+0000][15960][safepoint    ] Safepoint "Cleanup", Time since last: 1000802318 ns, Reaching safepoint: 121971 ns, At safepoint: 6493 ns, Total: 128464 ns
[2020-05-16T08:47:33.588+0000][15960][safepoint    ] Safepoint "Cleanup", Time since last: 1000355246 ns, Reaching safepoint: 121507 ns, At safepoint: 6493 ns, Total: 128000 ns
[2020-05-16T08:47:35.625+0000][15960][safepoint    ] Safepoint "Cleanup", Time since last: 2000512464 ns, Reaching safepoint: 36940041 ns, At safepoint: 51942 ns, Total: 36991983 ns
[2020-05-16T08:47:36.626+0000][15960][safepoint    ] Safepoint "Cleanup", Time since last: 1000239768 ns, Reaching safepoint: 119188 ns, At safepoint: 4638 ns, Total: 123826 ns
[2020-05-16T08:47:37.627+0000][15960][safepoint    ] Safepoint "Cleanup", Time since last: 1000505043 ns, Reaching safepoint: 117333 ns, At safepoint: 4638 ns, Total: 121971 ns
[2020-05-16T08:47:38.627+0000][15960][safepoint    ] Safepoint "Cleanup", Time since last: 1000481855 ns, Reaching safepoint: 110840 ns, At safepoint: 5565 ns, Total: 116405 ns
[2020-05-16T08:47:39.628+0000][15960][safepoint    ] Safepoint "Cleanup", Time since last: 1000888580 ns, Reaching safepoint: 118260 ns, At safepoint: 4174 ns, Total: 122434 ns
[2020-05-16T08:47:40.629+0000][15960][safepoint    ] Safepoint "Cleanup", Time since last: 1000432696 ns, Reaching safepoint: 118724 ns, At safepoint: 4174 ns, Total: 122898 ns
[2020-05-16T08:47:42.313+0000][15960][safepoint    ] Safepoint "Cleanup", Time since last: 1683469596 ns, Reaching safepoint: 119653 ns, At safepoint: 4637 ns, Total: 124290 ns
[2020-05-16T08:47:44.313+0000][15960][safepoint    ] Safepoint "Cleanup", Time since last: 2000377507 ns, Reaching safepoint: 120116 ns, At safepoint: 4638 ns, Total: 124754 ns
[2020-05-16T08:47:45.314+0000][15960][safepoint    ] Safepoint "Cleanup", Time since last: 1000438724 ns, Reaching safepoint: 99247 ns, At safepoint: 5565 ns, Total: 104812 ns
[2020-05-16T08:47:46.314+0000][15960][safepoint    ] Safepoint "Cleanup", Time since last: 1000017159 ns, Reaching safepoint: 127536 ns, At safepoint: 4174 ns, Total: 131710 ns
[2020-05-16T08:47:47.315+0000][15960][safepoint    ] Safepoint "Cleanup", Time since last: 1000875130 ns, Reaching safepoint: 121508 ns, At safepoint: 4173 ns, Total: 125681 ns
[2020-05-16T08:47:48.315+0000][15960][safepoint    ] Safepoint "Cleanup", Time since last: 1000282899 ns, Reaching safepoint: 119652 ns, At safepoint: 4638 ns, Total: 124290 ns
[2020-05-16T08:47:49.316+0000][15960][safepoint    ] Safepoint "Cleanup", Time since last: 1000538898 ns, Reaching safepoint: 102029 ns, At safepoint: 4174 ns, Total: 106203 ns
[2020-05-16T08:47:50.317+0000][15960][safepoint    ] Safepoint "Cleanup", Time since last: 1000561159 ns, Reaching safepoint: 126609 ns, At safepoint: 6492 ns, Total: 133101 ns
[2020-05-16T08:47:51.317+0000][15960][safepoint    ] Safepoint "Cleanup", Time since last: 1000648348 ns, Reaching safepoint: 124753 ns, At safepoint: 5102 ns, Total: 129855 ns
[2020-05-16T08:47:52.318+0000][15960][safepoint    ] Safepoint "Cleanup", Time since last: 1000151188 ns, Reaching safepoint: 135420 ns, At safepoint: 4638 ns, Total: 140058 ns
[2020-05-16T08:47:53.318+0000][15960][safepoint    ] Safepoint "Cleanup", Time since last: 1000129855 ns, Reaching safepoint: 106667 ns, At safepoint: 5565 ns, Total: 112232 ns
[2020-05-16T08:47:54.319+0000][15960][safepoint    ] Safepoint "Cleanup", Time since last: 1000732289 ns, Reaching safepoint: 120116 ns, At safepoint: 4174 ns, Total: 124290 ns
[2020-05-16T08:47:55.319+0000][15960][safepoint    ] Safepoint "Cleanup", Time since last: 1000142841 ns, Reaching safepoint: 119188 ns, At safepoint: 4638 ns, Total: 123826 ns
[2020-05-16T08:47:56.320+0000][15960][safepoint    ] Safepoint "Cleanup", Time since last: 1000474898 ns, Reaching safepoint: 129391 ns, At safepoint: 6029 ns, Total: 135420 ns
[2020-05-16T08:47:58.320+0000][15960][safepoint    ] Safepoint "Cleanup", Time since last: 2000408116 ns, Reaching safepoint: 137275 ns, At safepoint: 6957 ns, Total: 144232 ns
[2020-05-16T08:47:59.321+0000][15960][safepoint    ] Safepoint "Cleanup", Time since last: 1000249043 ns, Reaching safepoint: 121508 ns, At safepoint: 6492 ns, Total: 128000 ns
[2020-05-16T08:48:01.322+0000][15960][safepoint    ] Safepoint "Cleanup", Time since last: 2000836638 ns, Reaching safepoint: 212405 ns, At safepoint: 6029 ns, Total: 218434 ns
[2020-05-16T08:48:02.322+0000][15960][safepoint    ] Safepoint "Cleanup", Time since last: 1000115478 ns, Reaching safepoint: 119189 ns, At safepoint: 4637 ns, Total: 123826 ns
[2020-05-16T08:48:04.323+0000][15960][safepoint    ] Safepoint "Cleanup", Time since last: 2000815304 ns, Reaching safepoint: 230493 ns, At safepoint: 5102 ns, Total: 235595 ns
[2020-05-16T08:48:06.323+0000][15960][safepoint    ] Safepoint "Cleanup", Time since last: 2000492985 ns, Reaching safepoint: 96927 ns, At safepoint: 2783 ns, Total: 99710 ns
[2020-05-16T08:48:07.324+0000][15960][safepoint    ] Safepoint "Cleanup", Time since last: 1000439652 ns, Reaching safepoint: 107594 ns, At safepoint: 4638 ns, Total: 112232 ns
[2020-05-16T08:48:08.325+0000][15960][safepoint    ] Safepoint "Cleanup", Time since last: 1000607536 ns, Reaching safepoint: 124753 ns, At safepoint: 6493 ns, Total: 131246 ns
[2020-05-16T08:48:10.325+0000][15960][safepoint    ] Safepoint "Cleanup", Time since last: 1999870145 ns, Reaching safepoint: 128927 ns, At safepoint: 4174 ns, Total: 133101 ns
[2020-05-16T08:48:11.325+0000][15960][safepoint    ] Safepoint "Cleanup", Time since last: 1000297739 ns, Reaching safepoint: 89508 ns, At safepoint: 6029 ns, Total: 95537 ns
[2020-05-16T08:48:13.326+0000][15960][safepoint    ] Safepoint "Cleanup", Time since last: 2000488347 ns, Reaching safepoint: 124754 ns, At safepoint: 5565 ns, Total: 130319 ns
[2020-05-16T08:48:14.327+0000][15960][safepoint    ] Safepoint "Cleanup", Time since last: 1000775884 ns, Reaching safepoint: 133565 ns, At safepoint: 4637 ns, Total: 138202 ns
[2020-05-16T08:48:16.327+0000][15960][safepoint    ] Safepoint "Cleanup", Time since last: 1999989334 ns, Reaching safepoint: 126608 ns, At safepoint: 3247 ns, Total: 129855 ns
[2020-05-16T08:48:18.327+0000][15960][safepoint    ] Safepoint "Cleanup", Time since last: 2000049159 ns, Reaching safepoint: 122899 ns, At safepoint: 4637 ns, Total: 127536 ns
[2020-05-16T08:48:19.328+0000][15960][safepoint    ] Safepoint "Cleanup", Time since last: 1000429913 ns, Reaching safepoint: 116870 ns, At safepoint: 5101 ns, Total: 121971 ns
[2020-05-16T08:48:20.328+0000][15960][safepoint    ] Safepoint "Cleanup", Time since last: 1000688696 ns, Reaching safepoint: 164173 ns, At safepoint: 6493 ns, Total: 170666 ns
[2020-05-16T08:48:21.329+0000][15960][safepoint    ] Safepoint "Cleanup", Time since last: 1000659942 ns, Reaching safepoint: 99246 ns, At safepoint: 3247 ns, Total: 102493 ns
[2020-05-16T08:48:22.330+0000][15960][safepoint    ] Safepoint "Cleanup", Time since last: 1000568115 ns, Reaching safepoint: 139131 ns, At safepoint: 6492 ns, Total: 145623 ns
[2020-05-16T08:48:23.331+0000][15960][safepoint    ] Safepoint "Cleanup", Time since last: 1000664580 ns, Reaching safepoint: 130782 ns, At safepoint: 5102 ns, Total: 135884 ns
[2020-05-16T08:48:25.332+0000][15960][safepoint    ] Safepoint "Cleanup", Time since last: 2000915941 ns, Reaching safepoint: 130783 ns, At safepoint: 5101 ns, Total: 135884 ns
[2020-05-16T08:48:27.333+0000][15960][safepoint    ] Safepoint "Cleanup", Time since last: 2000677101 ns, Reaching safepoint: 125218 ns, At safepoint: 5565 ns, Total: 130783 ns
[2020-05-16T08:48:28.333+0000][15960][safepoint    ] Safepoint "Cleanup", Time since last: 1000121043 ns, Reaching safepoint: 96928 ns, At safepoint: 2783 ns, Total: 99711 ns
[2020-05-16T08:48:30.333+0000][15960][safepoint    ] Safepoint "Cleanup", Time since last: 2000182724 ns, Reaching safepoint: 140986 ns, At safepoint: 5101 ns, Total: 146087 ns
[2020-05-16T08:48:31.334+0000][15960][safepoint    ] Safepoint "Cleanup", Time since last: 1000571826 ns, Reaching safepoint: 174840 ns, At safepoint: 9276 ns, Total: 184116 ns
[2020-05-16T08:48:32.335+0000][15960][safepoint    ] Safepoint "Cleanup", Time since last: 1000801391 ns, Reaching safepoint: 111304 ns, At safepoint: 5101 ns, Total: 116405 ns
[2020-05-16T08:48:33.335+0000][15960][safepoint    ] Safepoint "Cleanup", Time since last: 1000139131 ns, Reaching safepoint: 102029 ns, At safepoint: 3710 ns, Total: 105739 ns
[2020-05-16T08:48:34.335+0000][15960][safepoint    ] Safepoint "Cleanup", Time since last: 1000370087 ns, Reaching safepoint: 115014 ns, At safepoint: 4174 ns, Total: 119188 ns
[2020-05-16T08:48:35.336+0000][15960][safepoint    ] Safepoint "Cleanup", Time since last: 1000601043 ns, Reaching safepoint: 121507 ns, At safepoint: 4638 ns, Total: 126145 ns
[2020-05-16T08:48:37.337+0000][15960][safepoint    ] Safepoint "Cleanup", Time since last: 2000203594 ns, Reaching safepoint: 129855 ns, At safepoint: 5102 ns, Total: 134957 ns
[2020-05-16T08:48:39.337+0000][15960][safepoint    ] Safepoint "Cleanup", Time since last: 2000332985 ns, Reaching safepoint: 138666 ns, At safepoint: 6029 ns, Total: 144695 ns
[2020-05-16T08:48:41.337+0000][15960][safepoint    ] Safepoint "Cleanup", Time since last: 1999951769 ns, Reaching safepoint: 76058 ns, At safepoint: 3710 ns, Total: 79768 ns
[2020-05-16T08:48:43.338+0000][15960][safepoint    ] Safepoint "Cleanup", Time since last: 2000500405 ns, Reaching safepoint: 161855 ns, At safepoint: 8812 ns, Total: 170667 ns
[2020-05-16T08:48:44.338+0000][15960][safepoint    ] Safepoint "Cleanup", Time since last: 1000408116 ns, Reaching safepoint: 129391 ns, At safepoint: 5101 ns, Total: 134492 ns
[2020-05-16T08:48:45.339+0000][15960][safepoint    ] Safepoint "Cleanup", Time since last: 1000705855 ns, Reaching safepoint: 123362 ns, At safepoint: 5566 ns, Total: 128928 ns
[2020-05-16T08:48:47.340+0000][15960][safepoint    ] Safepoint "Cleanup", Time since last: 2000527767 ns, Reaching safepoint: 111768 ns, At safepoint: 4174 ns, Total: 115942 ns
[2020-05-16T08:48:49.341+0000][15960][safepoint    ] Safepoint "Cleanup", Time since last: 2000937275 ns, Reaching safepoint: 226319 ns, At safepoint: 8812 ns, Total: 235131 ns
[2020-05-16T08:48:51.341+0000][15960][safepoint    ] Safepoint "Cleanup", Time since last: 2000067246 ns, Reaching safepoint: 209159 ns, At safepoint: 9276 ns, Total: 218435 ns
[2020-05-16T08:48:52.342+0000][15960][safepoint    ] Safepoint "Cleanup", Time since last: 1000377507 ns, Reaching safepoint: 133101 ns, At safepoint: 5102 ns, Total: 138203 ns
[2020-05-16T08:48:54.342+0000][15960][safepoint    ] Safepoint "Cleanup", Time since last: 2000263420 ns, Reaching safepoint: 118261 ns, At safepoint: 5565 ns, Total: 123826 ns
[2020-05-16T08:48:55.343+0000][15960][safepoint    ] Safepoint "Cleanup", Time since last: 1000707710 ns, Reaching safepoint: 131246 ns, At safepoint: 4638 ns, Total: 135884 ns
[2020-05-16T08:48:56.344+0000][15960][safepoint    ] Safepoint "Cleanup", Time since last: 1000791651 ns, Reaching safepoint: 115015 ns, At safepoint: 7420 ns, Total: 122435 ns
[2020-05-16T08:48:57.344+0000][15960][safepoint    ] Safepoint "Cleanup", Time since last: 1000504116 ns, Reaching safepoint: 128000 ns, At safepoint: 5101 ns, Total: 133101 ns
[2020-05-16T08:48:59.345+0000][15960][safepoint    ] Safepoint "Cleanup", Time since last: 2000518956 ns, Reaching safepoint: 101566 ns, At safepoint: 3710 ns, Total: 105276 ns
[2020-05-16T08:49:00.345+0000][15960][safepoint    ] Safepoint "Cleanup", Time since last: 1000165101 ns, Reaching safepoint: 115478 ns, At safepoint: 6493 ns, Total: 121971 ns
[2020-05-16T08:49:02.346+0000][15960][safepoint    ] Safepoint "Cleanup", Time since last: 2000965565 ns, Reaching safepoint: 142840 ns, At safepoint: 6029 ns, Total: 148869 ns
[2020-05-16T08:49:03.347+0000][15960][safepoint    ] Safepoint "Cleanup", Time since last: 1000198493 ns, Reaching safepoint: 130783 ns, At safepoint: 7420 ns, Total: 138203 ns
[2020-05-16T08:49:04.347+0000][15960][safepoint    ] Safepoint "Cleanup", Time since last: 1000007420 ns, Reaching safepoint: 146087 ns, At safepoint: 6029 ns, Total: 152116 ns
[2020-05-16T08:49:05.347+0000][15960][safepoint    ] Safepoint "Cleanup", Time since last: 1000034319 ns, Reaching safepoint: 85797 ns, At safepoint: 4174 ns, Total: 89971 ns
[2020-05-16T08:49:06.347+0000][15960][safepoint    ] Safepoint "Cleanup", Time since last: 1000094608 ns, Reaching safepoint: 157218 ns, At safepoint: 6956 ns, Total: 164174 ns
[2020-05-16T08:49:07.348+0000][15960][safepoint    ] Safepoint "Cleanup", Time since last: 1000135421 ns, Reaching safepoint: 117797 ns, At safepoint: 4174 ns, Total: 121971 ns
[2020-05-16T08:49:08.348+0000][15960][safepoint    ] Safepoint "Cleanup", Time since last: 1000311188 ns, Reaching safepoint: 134492 ns, At safepoint: 5102 ns, Total: 139594 ns
[2020-05-16T08:49:09.349+0000][15960][safepoint    ] Safepoint "Cleanup", Time since last: 1000562087 ns, Reaching safepoint: 141449 ns, At safepoint: 5565 ns, Total: 147014 ns
[2020-05-16T08:49:10.349+0000][15960][safepoint    ] Safepoint "Cleanup", Time since last: 1000348753 ns, Reaching safepoint: 147015 ns, At safepoint: 5565 ns, Total: 152580 ns
[2020-05-16T08:49:12.349+0000][15960][safepoint    ] Safepoint "Cleanup", Time since last: 1999951768 ns, Reaching safepoint: 146551 ns, At safepoint: 6029 ns, Total: 152580 ns
[2020-05-16T08:49:13.350+0000][15960][safepoint    ] Safepoint "Cleanup", Time since last: 1000106203 ns, Reaching safepoint: 92290 ns, At safepoint: 4637 ns, Total: 96927 ns
[2020-05-16T08:49:14.350+0000][15960][safepoint    ] Safepoint "Cleanup", Time since last: 1000536116 ns, Reaching safepoint: 110840 ns, At safepoint: 3247 ns, Total: 114087 ns
[2020-05-16T08:49:15.351+0000][15960][safepoint    ] Safepoint "Cleanup", Time since last: 1000572289 ns, Reaching safepoint: 130783 ns, At safepoint: 6029 ns, Total: 136812 ns
[2020-05-16T08:49:16.352+0000][15960][safepoint    ] Safepoint "Cleanup", Time since last: 1000431768 ns, Reaching safepoint: 89507 ns, At safepoint: 2783 ns, Total: 92290 ns
[2020-05-16T08:49:17.352+0000][15960][safepoint    ] Safepoint "Cleanup", Time since last: 1000038956 ns, Reaching safepoint: 138667 ns, At safepoint: 5101 ns, Total: 143768 ns
[2020-05-16T08:49:18.352+0000][15960][safepoint    ] Safepoint "Cleanup", Time since last: 1000157218 ns, Reaching safepoint: 139130 ns, At safepoint: 5565 ns, Total: 144695 ns
[2020-05-16T08:49:20.353+0000][15960][safepoint    ] Safepoint "Cleanup", Time since last: 2000803246 ns, Reaching safepoint: 79768 ns, At safepoint: 2783 ns, Total: 82551 ns
[2020-05-16T08:49:21.353+0000][15960][safepoint    ] Safepoint "Cleanup", Time since last: 1000336695 ns, Reaching safepoint: 130783 ns, At safepoint: 7884 ns, Total: 138667 ns
[2020-05-16T08:49:23.354+0000][15960][safepoint    ] Safepoint "Cleanup", Time since last: 2000206377 ns, Reaching safepoint: 138202 ns, At safepoint: 5102 ns, Total: 143304 ns
[2020-05-16T08:49:24.354+0000][15960][safepoint    ] Safepoint "Cleanup", Time since last: 1000029217 ns, Reaching safepoint: 148406 ns, At safepoint: 5565 ns, Total: 153971 ns
[2020-05-16T08:49:25.355+0000][15960][safepoint    ] Safepoint "Cleanup", Time since last: 1000543536 ns, Reaching safepoint: 109913 ns, At safepoint: 2319 ns, Total: 112232 ns
[2020-05-16T08:49:26.362+0000][15960][safepoint    ] Safepoint "Cleanup", Time since last: 1000221681 ns, Reaching safepoint: 7145736 ns, At safepoint: 30609 ns, Total: 7176345 ns
[2020-05-16T08:49:27.363+0000][15960][safepoint    ] Safepoint "Cleanup", Time since last: 1000606144 ns, Reaching safepoint: 141449 ns, At safepoint: 25508 ns, Total: 166957 ns
[2020-05-16T08:49:28.363+0000][15960][safepoint    ] Safepoint "Cleanup", Time since last: 1000299130 ns, Reaching safepoint: 108058 ns, At safepoint: 24116 ns, Total: 132174 ns
[2020-05-16T08:49:30.364+0000][15960][safepoint    ] Safepoint "Cleanup", Time since last: 2000410898 ns, Reaching safepoint: 125218 ns, At safepoint: 4173 ns, Total: 129391 ns
[2020-05-16T08:49:32.364+0000][15960][safepoint    ] Safepoint "Cleanup", Time since last: 2000698899 ns, Reaching safepoint: 128927 ns, At safepoint: 7420 ns, Total: 136347 ns
[2020-05-16T08:49:33.365+0000][15960][safepoint    ] Safepoint "Cleanup", Time since last: 1000700754 ns, Reaching safepoint: 139594 ns, At safepoint: 5565 ns, Total: 145159 ns
[2020-05-16T08:49:34.366+0000][15960][safepoint    ] Safepoint "Cleanup", Time since last: 1000122435 ns, Reaching safepoint: 164174 ns, At safepoint: 3246 ns, Total: 167420 ns
[2020-05-16T08:49:35.366+0000][15960][safepoint    ] Safepoint "Cleanup", Time since last: 1000660869 ns, Reaching safepoint: 131247 ns, At safepoint: 4637 ns, Total: 135884 ns
[2020-05-16T08:49:36.367+0000][15960][safepoint    ] Safepoint "Cleanup", Time since last: 1000238841 ns, Reaching safepoint: 119652 ns, At safepoint: 2782 ns, Total: 122434 ns
[2020-05-16T08:49:38.368+0000][15960][safepoint    ] Safepoint "Cleanup", Time since last: 2000544464 ns, Reaching safepoint: 160000 ns, At safepoint: 5565 ns, Total: 165565 ns
[2020-05-16T08:49:40.369+0000][15960][safepoint    ] Safepoint "Cleanup", Time since last: 2001048116 ns, Reaching safepoint: 97855 ns, At safepoint: 2782 ns, Total: 100637 ns
[2020-05-16T08:49:41.369+0000][15960][safepoint    ] Safepoint "Cleanup", Time since last: 1000224000 ns, Reaching safepoint: 147478 ns, At safepoint: 5566 ns, Total: 153044 ns
[2020-05-16T08:49:43.369+0000][15960][safepoint    ] Safepoint "Cleanup", Time since last: 2000039420 ns, Reaching safepoint: 125681 ns, At safepoint: 3710 ns, Total: 129391 ns
[2020-05-16T08:49:45.370+0000][15960][safepoint    ] Safepoint "Cleanup", Time since last: 2000422029 ns, Reaching safepoint: 150261 ns, At safepoint: 7884 ns, Total: 158145 ns
[2020-05-16T08:49:46.370+0000][15960][safepoint    ] Safepoint "Cleanup", Time since last: 1000525912 ns, Reaching safepoint: 139131 ns, At safepoint: 5565 ns, Total: 144696 ns
[2020-05-16T08:49:47.371+0000][15960][safepoint    ] Safepoint "Cleanup", Time since last: 1000495768 ns, Reaching safepoint: 189681 ns, At safepoint: 7420 ns, Total: 197101 ns
[2020-05-16T08:49:49.371+0000][15960][safepoint    ] Safepoint "Cleanup", Time since last: 2000129855 ns, Reaching safepoint: 129855 ns, At safepoint: 6957 ns, Total: 136812 ns
[2020-05-16T08:49:50.372+0000][15960][safepoint    ] Safepoint "Cleanup", Time since last: 1000399768 ns, Reaching safepoint: 89971 ns, At safepoint: 3710 ns, Total: 93681 ns
[2020-05-16T08:49:51.373+0000][15960][safepoint    ] Safepoint "Cleanup", Time since last: 1000825507 ns, Reaching safepoint: 140985 ns, At safepoint: 8812 ns, Total: 149797 ns
[2020-05-16T08:49:53.374+0000][15960][safepoint    ] Safepoint "Cleanup", Time since last: 2000779594 ns, Reaching safepoint: 143304 ns, At safepoint: 9275 ns, Total: 152579 ns
[2020-05-16T08:49:54.375+0000][15960][safepoint    ] Safepoint "Cleanup", Time since last: 1000512928 ns, Reaching safepoint: 152115 ns, At safepoint: 8348 ns, Total: 160463 ns
[2020-05-16T08:49:55.375+0000][15960][safepoint    ] Safepoint "Cleanup", Time since last: 1000070029 ns, Reaching safepoint: 80232 ns, At safepoint: 3246 ns, Total: 83478 ns
[2020-05-16T08:49:56.375+0000][15960][safepoint    ] Safepoint "Cleanup", Time since last: 1000157218 ns, Reaching safepoint: 110377 ns, At safepoint: 22724 ns, Total: 133101 ns
[2020-05-16T08:49:57.375+0000][15960][safepoint    ] Safepoint "Cleanup", Time since last: 1000019942 ns, Reaching safepoint: 130783 ns, At safepoint: 5101 ns, Total: 135884 ns
[2020-05-16T08:49:58.376+0000][15960][safepoint    ] Safepoint "Cleanup", Time since last: 1000826898 ns, Reaching safepoint: 140986 ns, At safepoint: 5101 ns, Total: 146087 ns
[2020-05-16T08:49:59.377+0000][15960][safepoint    ] Safepoint "Cleanup", Time since last: 1000549101 ns, Reaching safepoint: 139595 ns, At safepoint: 8347 ns, Total: 147942 ns
[2020-05-16T08:50:00.378+0000][15960][safepoint    ] Safepoint "Cleanup", Time since last: 1000805565 ns, Reaching safepoint: 173449 ns, At safepoint: 5102 ns, Total: 178551 ns
[2020-05-16T08:50:01.379+0000][15960][safepoint    ] Safepoint "Cleanup", Time since last: 1000784231 ns, Reaching safepoint: 139595 ns, At safepoint: 6029 ns, Total: 145624 ns
[2020-05-16T08:50:02.379+0000][15960][safepoint    ] Safepoint "Cleanup", Time since last: 1000306086 ns, Reaching safepoint: 139594 ns, At safepoint: 9276 ns, Total: 148870 ns
[2020-05-16T08:50:03.380+0000][15960][safepoint    ] Safepoint "Cleanup", Time since last: 1000832463 ns, Reaching safepoint: 130319 ns, At safepoint: 7420 ns, Total: 137739 ns
[2020-05-16T08:50:04.381+0000][15960][safepoint    ] Safepoint "Cleanup", Time since last: 1000428986 ns, Reaching safepoint: 185507 ns, At safepoint: 9275 ns, Total: 194782 ns
[2020-05-16T08:50:05.381+0000][15960][safepoint    ] Safepoint "Cleanup", Time since last: 1000627478 ns, Reaching safepoint: 364058 ns, At safepoint: 12058 ns, Total: 376116 ns
[2020-05-16T08:50:07.382+0000][15960][safepoint    ] Safepoint "Cleanup", Time since last: 2000084406 ns, Reaching safepoint: 204057 ns, At safepoint: 7421 ns, Total: 211478 ns
[2020-05-16T08:50:09.382+0000][15960][safepoint    ] Safepoint "Cleanup", Time since last: 1999969855 ns, Reaching safepoint: 75594 ns, At safepoint: 3246 ns, Total: 78840 ns
[2020-05-16T08:50:10.383+0000][15960][safepoint    ] Safepoint "Cleanup", Time since last: 1000550957 ns, Reaching safepoint: 136811 ns, At safepoint: 6493 ns, Total: 143304 ns
[2020-05-16T08:50:11.384+0000][15960][safepoint    ] Safepoint "Cleanup", Time since last: 1000675710 ns, Reaching safepoint: 176695 ns, At safepoint: 4638 ns, Total: 181333 ns
[2020-05-16T08:50:12.391+0000][15960][safepoint    ] Safepoint "Cleanup", Time since last: 1007749098 ns, Reaching safepoint: 178551 ns, At safepoint: 7420 ns, Total: 185971 ns
[2020-05-16T08:50:13.392+0000][15960][safepoint    ] Safepoint "Cleanup", Time since last: 1000529159 ns, Reaching safepoint: 147942 ns, At safepoint: 5565 ns, Total: 153507 ns
[2020-05-16T08:50:14.393+0000][15960][safepoint    ] Safepoint "Cleanup", Time since last: 1000716522 ns, Reaching safepoint: 131246 ns, At safepoint: 5565 ns, Total: 136811 ns
[2020-05-16T08:50:16.393+0000][15960][safepoint    ] Safepoint "Cleanup", Time since last: 2000233739 ns, Reaching safepoint: 152580 ns, At safepoint: 8348 ns, Total: 160928 ns
[2020-05-16T08:50:17.394+0000][15960][safepoint    ] Safepoint "Cleanup", Time since last: 1000227710 ns, Reaching safepoint: 161391 ns, At safepoint: 11130 ns, Total: 172521 ns
[2020-05-16T08:50:18.395+0000][15960][safepoint    ] Safepoint "Cleanup", Time since last: 1000835246 ns, Reaching safepoint: 168812 ns, At safepoint: 6029 ns, Total: 174841 ns
[2020-05-16T08:50:19.395+0000][15960][safepoint    ] Safepoint "Cleanup", Time since last: 1000128463 ns, Reaching safepoint: 140058 ns, At safepoint: 5566 ns, Total: 145624 ns
[2020-05-16T08:50:20.412+0000][15960][safepoint    ] Safepoint "Cleanup", Time since last: 1000033855 ns, Reaching safepoint: 17044398 ns, At safepoint: 45449 ns, Total: 17089847 ns
[2020-05-16T08:50:21.412+0000][15960][safepoint    ] Safepoint "Cleanup", Time since last: 1000062145 ns, Reaching safepoint: 133565 ns, At safepoint: 6029 ns, Total: 139594 ns
[2020-05-16T08:50:22.413+0000][15960][safepoint    ] Safepoint "Cleanup", Time since last: 1000746202 ns, Reaching safepoint: 109913 ns, At safepoint: 6957 ns, Total: 116870 ns
[2020-05-16T08:50:23.413+0000][15960][safepoint    ] Safepoint "Cleanup", Time since last: 1000004174 ns, Reaching safepoint: 165565 ns, At safepoint: 8348 ns, Total: 173913 ns
[2020-05-16T08:50:25.414+0000][15960][safepoint    ] Safepoint "Cleanup", Time since last: 2000091362 ns, Reaching safepoint: 143768 ns, At safepoint: 5102 ns, Total: 148870 ns
[2020-05-16T08:50:27.414+0000][15960][safepoint    ] Safepoint "Cleanup", Time since last: 2000176231 ns, Reaching safepoint: 153044 ns, At safepoint: 8348 ns, Total: 161392 ns
[2020-05-16T08:50:28.414+0000][15960][safepoint    ] Safepoint "Cleanup", Time since last: 1000019942 ns, Reaching safepoint: 129391 ns, At safepoint: 5565 ns, Total: 134956 ns
[2020-05-16T08:50:29.415+0000][15960][safepoint    ] Safepoint "Cleanup", Time since last: 1000765217 ns, Reaching safepoint: 83478 ns, At safepoint: 2783 ns, Total: 86261 ns
[2020-05-16T08:50:30.416+0000][15960][safepoint    ] Safepoint "Cleanup", Time since last: 1000934492 ns, Reaching safepoint: 129855 ns, At safepoint: 6029 ns, Total: 135884 ns
[2020-05-16T08:50:31.450+0000][15960][safepoint    ] Safepoint "Cleanup", Time since last: 1000526377 ns, Reaching safepoint: 33306419 ns, At safepoint: 17623 ns, Total: 33324042 ns
[2020-05-16T08:50:32.451+0000][15960][safepoint    ] Safepoint "Cleanup", Time since last: 1000667362 ns, Reaching safepoint: 141450 ns, At safepoint: 8347 ns, Total: 149797 ns
[2020-05-16T08:50:33.451+0000][15960][safepoint    ] Safepoint "Cleanup", Time since last: 1000213797 ns, Reaching safepoint: 147942 ns, At safepoint: 5566 ns, Total: 153508 ns
[2020-05-16T08:50:34.452+0000][15960][safepoint    ] Safepoint "Cleanup", Time since last: 1000237912 ns, Reaching safepoint: 110841 ns, At safepoint: 6029 ns, Total: 116870 ns
[2020-05-16T08:50:35.452+0000][15960][safepoint    ] Safepoint "Cleanup", Time since last: 1000728116 ns, Reaching safepoint: 103884 ns, At safepoint: 4637 ns, Total: 108521 ns
[2020-05-16T08:50:36.453+0000][15960][safepoint    ] Safepoint "Cleanup", Time since last: 1000681275 ns, Reaching safepoint: 109913 ns, At safepoint: 3710 ns, Total: 113623 ns
[2020-05-16T08:50:37.454+0000][15960][safepoint    ] Safepoint "Cleanup", Time since last: 1000339942 ns, Reaching safepoint: 144232 ns, At safepoint: 3247 ns, Total: 147479 ns
[2020-05-16T08:50:38.454+0000][15960][safepoint    ] Safepoint "Cleanup", Time since last: 1000031536 ns, Reaching safepoint: 115014 ns, At safepoint: 4638 ns, Total: 119652 ns
[2020-05-16T08:50:39.459+0000][15960][safepoint    ] Safepoint "Cleanup", Time since last: 1000091826 ns, Reaching safepoint: 5412171 ns, At safepoint: 16232 ns, Total: 5428403 ns
[2020-05-16T08:50:40.460+0000][15960][safepoint    ] Safepoint "Cleanup", Time since last: 1000505971 ns, Reaching safepoint: 130319 ns, At safepoint: 5565 ns, Total: 135884 ns
[2020-05-16T08:50:42.461+0000][15960][safepoint    ] Safepoint "Cleanup", Time since last: 2000625623 ns, Reaching safepoint: 114087 ns, At safepoint: 6492 ns, Total: 120579 ns
[2020-05-16T08:50:43.461+0000][15960][safepoint    ] Safepoint "Cleanup", Time since last: 1000007421 ns, Reaching safepoint: 101565 ns, At safepoint: 4638 ns, Total: 106203 ns
[2020-05-16T08:50:44.462+0000][15960][safepoint    ] Safepoint "Cleanup", Time since last: 1000604753 ns, Reaching safepoint: 130319 ns, At safepoint: 5101 ns, Total: 135420 ns
[2020-05-16T08:50:46.462+0000][15960][safepoint    ] Safepoint "Cleanup", Time since last: 2000039884 ns, Reaching safepoint: 138203 ns, At safepoint: 5102 ns, Total: 143305 ns
[2020-05-16T08:50:46.950+0000][15960][gc,start     ] GC(23) Pause Young (Normal) (G1 Evacuation Pause)
[2020-05-16T08:50:46.956+0000][15960][gc,task      ] GC(23) Using 4 workers of 4 for evacuation
[2020-05-16T08:50:46.956+0000][15960][gc,age       ] GC(23) Desired survivor size 40370176 bytes, new threshold 15 (max threshold 15)
[2020-05-16T08:50:47.279+0000][15960][gc,age       ] GC(23) Age table with threshold 15 (max threshold 15)
[2020-05-16T08:50:47.279+0000][15960][gc,age       ] GC(23) - age   1:     146904 bytes,     146904 total
[2020-05-16T08:50:47.279+0000][15960][gc,age       ] GC(23) - age   2:     127832 bytes,     274736 total
[2020-05-16T08:50:47.279+0000][15960][gc,age       ] GC(23) - age   3:     490792 bytes,     765528 total
[2020-05-16T08:50:47.279+0000][15960][gc,age       ] GC(23) - age   4:     496736 bytes,    1262264 total
[2020-05-16T08:50:47.280+0000][15960][gc,age       ] GC(23) - age   5:      71752 bytes,    1334016 total
[2020-05-16T08:50:47.280+0000][15960][gc,age       ] GC(23) - age   6:     285192 bytes,    1619208 total
[2020-05-16T08:50:47.280+0000][15960][gc,age       ] GC(23) - age   7:     145368 bytes,    1764576 total
[2020-05-16T08:50:47.280+0000][15960][gc,age       ] GC(23) - age   8:     461304 bytes,    2225880 total
[2020-05-16T08:50:47.280+0000][15960][gc,age       ] GC(23) - age   9:     274944 bytes,    2500824 total
[2020-05-16T08:50:47.280+0000][15960][gc,age       ] GC(23) - age  10:     199592 bytes,    2700416 total
[2020-05-16T08:50:47.280+0000][15960][gc,age       ] GC(23) - age  11:      53048 bytes,    2753464 total
[2020-05-16T08:50:47.280+0000][15960][gc,mmu       ] GC(23) MMU target violated: 201.0ms (200.0ms/201.0ms)
[2020-05-16T08:50:47.280+0000][15960][gc,phases    ] GC(23)   Pre Evacuate Collection Set: 0.5ms
[2020-05-16T08:50:47.280+0000][15960][gc,phases    ] GC(23)   Merge Heap Roots: 77.8ms
[2020-05-16T08:50:47.280+0000][15960][gc,phases    ] GC(23)   Evacuate Collection Set: 185.9ms
[2020-05-16T08:50:47.280+0000][15960][gc,phases    ] GC(23)   Post Evacuate Collection Set: 58.6ms
[2020-05-16T08:50:47.280+0000][15960][gc,phases    ] GC(23)   Other: 6.8ms
[2020-05-16T08:50:47.280+0000][15960][gc,heap      ] GC(23) Eden regions: 607->0(475)
[2020-05-16T08:50:47.280+0000][15960][gc,heap      ] GC(23) Survivor regions: 3->3(77)
[2020-05-16T08:50:47.280+0000][15960][gc,heap      ] GC(23) Old regions: 69->69
[2020-05-16T08:50:47.280+0000][15960][gc,heap      ] GC(23) Archive regions: 0->0
[2020-05-16T08:50:47.280+0000][15960][gc,heap      ] GC(23) Humongous regions: 7->7
[2020-05-16T08:50:47.280+0000][15960][gc,metaspace ] GC(23) Metaspace: 97099K(104868K)->97099K(104868K) NonClass: 84303K(88920K)->84303K(88920K) Class: 12796K(15948K)->12796K(15948K)
[2020-05-16T08:50:47.281+0000][15960][gc           ] GC(23) Pause Young (Normal) (G1 Evacuation Pause) 685M->78M(1024M) 329.973ms
[2020-05-16T08:50:47.281+0000][15960][gc,cpu       ] GC(23) User=0.06s Sys=0.11s Real=0.33s
[2020-05-16T08:50:47.281+0000][15960][safepoint    ] Safepoint "G1CollectForAllocation", Time since last: 487897744 ns, Reaching safepoint: 1219246 ns, At safepoint: 330349296 ns, Total: 331568542 ns
[2020-05-16T08:50:48.149+0000][15960][safepoint    ] Safepoint "BulkRevokeBias", Time since last: 711628192 ns, Reaching safepoint: 99610852 ns, At safepoint: 56447046 ns, Total: 156057898 ns
[2020-05-16T08:50:49.150+0000][15960][safepoint    ] Safepoint "Cleanup", Time since last: 1000441508 ns, Reaching safepoint: 132637 ns, At safepoint: 5102 ns, Total: 137739 ns
[2020-05-16T08:50:50.150+0000][15960][safepoint    ] Safepoint "Cleanup", Time since last: 1000442434 ns, Reaching safepoint: 124290 ns, At safepoint: 7420 ns, Total: 131710 ns
[2020-05-16T08:50:51.151+0000][15960][safepoint    ] Safepoint "Cleanup", Time since last: 1000358029 ns, Reaching safepoint: 129391 ns, At safepoint: 5566 ns, Total: 134957 ns
[2020-05-16T08:50:52.151+0000][15960][safepoint    ] Safepoint "Cleanup", Time since last: 1000197101 ns, Reaching safepoint: 157217 ns, At safepoint: 8812 ns, Total: 166029 ns
[2020-05-16T08:50:54.151+0000][15960][safepoint    ] Safepoint "Cleanup", Time since last: 2000288927 ns, Reaching safepoint: 106667 ns, At safepoint: 2782 ns, Total: 109449 ns
[2020-05-16T08:50:55.152+0000][15960][safepoint    ] Safepoint "Cleanup", Time since last: 1000051942 ns, Reaching safepoint: 146551 ns, At safepoint: 6029 ns, Total: 152580 ns
[2020-05-16T08:50:56.152+0000][15960][safepoint    ] Safepoint "Cleanup", Time since last: 1000117797 ns, Reaching safepoint: 153507 ns, At safepoint: 5566 ns, Total: 159073 ns
[2020-05-16T08:50:58.152+0000][15960][safepoint    ] Safepoint "Cleanup", Time since last: 1999962434 ns, Reaching safepoint: 150725 ns, At safepoint: 9275 ns, Total: 160000 ns
[2020-05-16T08:51:00.153+0000][15960][safepoint    ] Safepoint "Cleanup", Time since last: 2000463768 ns, Reaching safepoint: 96928 ns, At safepoint: 5101 ns, Total: 102029 ns
[2020-05-16T08:51:01.154+0000][15960][safepoint    ] Safepoint "Cleanup", Time since last: 1000911304 ns, Reaching safepoint: 198956 ns, At safepoint: 5102 ns, Total: 204058 ns
[2020-05-16T08:51:02.155+0000][15960][safepoint    ] Safepoint "Cleanup", Time since last: 1000694260 ns, Reaching safepoint: 132174 ns, At safepoint: 8812 ns, Total: 140986 ns
[2020-05-16T08:51:03.200+0000][15960][safepoint    ] Safepoint "Cleanup", Time since last: 1000358956 ns, Reaching safepoint: 45273486 ns, At safepoint: 57508 ns, Total: 45330994 ns
[2020-05-16T08:51:04.200+0000][15960][safepoint    ] Safepoint "Cleanup", Time since last: 1000058898 ns, Reaching safepoint: 155826 ns, At safepoint: 6493 ns, Total: 162319 ns
[2020-05-16T08:51:05.201+0000][15960][safepoint    ] Safepoint "Cleanup", Time since last: 1000668290 ns, Reaching safepoint: 142840 ns, At safepoint: 8812 ns, Total: 151652 ns
[2020-05-16T08:51:06.202+0000][15960][safepoint    ] Safepoint "Cleanup", Time since last: 1000843593 ns, Reaching safepoint: 137276 ns, At safepoint: 6029 ns, Total: 143305 ns
[2020-05-16T08:51:07.203+0000][15960][safepoint    ] Safepoint "Cleanup", Time since last: 1000629797 ns, Reaching safepoint: 109913 ns, At safepoint: 3246 ns, Total: 113159 ns
[2020-05-16T08:51:08.204+0000][15960][safepoint    ] Safepoint "Cleanup", Time since last: 1000572290 ns, Reaching safepoint: 172521 ns, At safepoint: 10203 ns, Total: 182724 ns
[2020-05-16T08:51:09.204+0000][15960][safepoint    ] Safepoint "Cleanup", Time since last: 1000447536 ns, Reaching safepoint: 180406 ns, At safepoint: 5565 ns, Total: 185971 ns
[2020-05-16T08:51:11.204+0000][15960][safepoint    ] Safepoint "Cleanup", Time since last: 1999843710 ns, Reaching safepoint: 163247 ns, At safepoint: 8347 ns, Total: 171594 ns
[2020-05-16T08:51:12.205+0000][15960][safepoint    ] Safepoint "Cleanup", Time since last: 1000145160 ns, Reaching safepoint: 140058 ns, At safepoint: 7884 ns, Total: 147942 ns
[2020-05-16T08:51:14.205+0000][15960][safepoint    ] Safepoint "Cleanup", Time since last: 2000301913 ns, Reaching safepoint: 126144 ns, At safepoint: 5102 ns, Total: 131246 ns
[2020-05-16T08:51:16.205+0000][15960][safepoint    ] Safepoint "Cleanup", Time since last: 2000021333 ns, Reaching safepoint: 143304 ns, At safepoint: 5566 ns, Total: 148870 ns
[2020-05-16T08:51:17.715+0000][15960][safepoint    ] Safepoint "Cleanup", Time since last: 1509982372 ns, Reaching safepoint: 158145 ns, At safepoint: 8811 ns, Total: 166956 ns
[2020-05-16T08:51:18.716+0000][15960][safepoint    ] Safepoint "Cleanup", Time since last: 1000364058 ns, Reaching safepoint: 155362 ns, At safepoint: 8812 ns, Total: 164174 ns
[2020-05-16T08:51:20.716+0000][15960][safepoint    ] Safepoint "Cleanup", Time since last: 2000151652 ns, Reaching safepoint: 119188 ns, At safepoint: 4638 ns, Total: 123826 ns
[2020-05-16T08:51:22.716+0000][15960][safepoint    ] Safepoint "Cleanup", Time since last: 2000068638 ns, Reaching safepoint: 148405 ns, At safepoint: 6029 ns, Total: 154434 ns
[2020-05-16T08:51:23.717+0000][15960][safepoint    ] Safepoint "Cleanup", Time since last: 1000024580 ns, Reaching safepoint: 129391 ns, At safepoint: 4638 ns, Total: 134029 ns
[2020-05-16T08:51:24.717+0000][15960][safepoint    ] Safepoint "Cleanup", Time since last: 1000515710 ns, Reaching safepoint: 120116 ns, At safepoint: 5101 ns, Total: 125217 ns
[2020-05-16T08:51:25.718+0000][15960][safepoint    ] Safepoint "Cleanup", Time since last: 1000364058 ns, Reaching safepoint: 145623 ns, At safepoint: 7884 ns, Total: 153507 ns
[2020-05-16T08:51:26.729+0000][15960][safepoint    ] Safepoint "Cleanup", Time since last: 1010822488 ns, Reaching safepoint: 128000 ns, At safepoint: 7420 ns, Total: 135420 ns
[2020-05-16T08:51:27.729+0000][15960][safepoint    ] Safepoint "Cleanup", Time since last: 1000319073 ns, Reaching safepoint: 132637 ns, At safepoint: 5102 ns, Total: 137739 ns
[2020-05-16T08:51:29.730+0000][15960][safepoint    ] Safepoint "Cleanup", Time since last: 2000336231 ns, Reaching safepoint: 131710 ns, At safepoint: 6029 ns, Total: 137739 ns
[2020-05-16T08:51:30.731+0000][15960][safepoint    ] Safepoint "Cleanup", Time since last: 1000783768 ns, Reaching safepoint: 110841 ns, At safepoint: 7420 ns, Total: 118261 ns
[2020-05-16T08:51:31.731+0000][15960][safepoint    ] Safepoint "Cleanup", Time since last: 1000268985 ns, Reaching safepoint: 119652 ns, At safepoint: 7885 ns, Total: 127537 ns
[2020-05-16T08:51:32.732+0000][15960][safepoint    ] Safepoint "Cleanup", Time since last: 1000496695 ns, Reaching safepoint: 132174 ns, At safepoint: 6493 ns, Total: 138667 ns
[2020-05-16T08:51:33.732+0000][15960][safepoint    ] Safepoint "Cleanup", Time since last: 1000054724 ns, Reaching safepoint: 134957 ns, At safepoint: 7884 ns, Total: 142841 ns
[2020-05-16T08:51:34.732+0000][15960][safepoint    ] Safepoint "Cleanup", Time since last: 1000361275 ns, Reaching safepoint: 138203 ns, At safepoint: 5565 ns, Total: 143768 ns
[2020-05-16T08:51:35.733+0000][15960][safepoint    ] Safepoint "Cleanup", Time since last: 1000473507 ns, Reaching safepoint: 123826 ns, At safepoint: 6029 ns, Total: 129855 ns
[2020-05-16T08:51:36.733+0000][15960][safepoint    ] Safepoint "Cleanup", Time since last: 1000157217 ns, Reaching safepoint: 138203 ns, At safepoint: 7420 ns, Total: 145623 ns
[2020-05-16T08:51:37.734+0000][15960][safepoint    ] Safepoint "Cleanup", Time since last: 1000268986 ns, Reaching safepoint: 132637 ns, At safepoint: 8348 ns, Total: 140985 ns
[2020-05-16T08:51:38.734+0000][15960][safepoint    ] Safepoint "Cleanup", Time since last: 1000094145 ns, Reaching safepoint: 128000 ns, At safepoint: 6029 ns, Total: 134029 ns
[2020-05-16T08:51:40.735+0000][15960][safepoint    ] Safepoint "Cleanup", Time since last: 2000626550 ns, Reaching safepoint: 134957 ns, At safepoint: 5101 ns, Total: 140058 ns
[2020-05-16T08:51:41.735+0000][15960][safepoint    ] Safepoint "Cleanup", Time since last: 1000108986 ns, Reaching safepoint: 121971 ns, At safepoint: 5565 ns, Total: 127536 ns
[2020-05-16T08:51:42.735+0000][15960][safepoint    ] Safepoint "Cleanup", Time since last: 1000028754 ns, Reaching safepoint: 120116 ns, At safepoint: 5101 ns, Total: 125217 ns
[2020-05-16T08:51:43.735+0000][15960][safepoint    ] Safepoint "Cleanup", Time since last: 1000098319 ns, Reaching safepoint: 147942 ns, At safepoint: 6029 ns, Total: 153971 ns
[2020-05-16T08:51:44.736+0000][15960][safepoint    ] Safepoint "Cleanup", Time since last: 1000214260 ns, Reaching safepoint: 155826 ns, At safepoint: 6493 ns, Total: 162319 ns
[2020-05-16T08:51:46.736+0000][15960][safepoint    ] Safepoint "Cleanup", Time since last: 2000135884 ns, Reaching safepoint: 150261 ns, At safepoint: 7420 ns, Total: 157681 ns
[2020-05-16T08:51:47.737+0000][15960][safepoint    ] Safepoint "Cleanup", Time since last: 1000698899 ns, Reaching safepoint: 85333 ns, At safepoint: 3246 ns, Total: 88579 ns
[2020-05-16T08:51:48.738+0000][15960][safepoint    ] Safepoint "Cleanup", Time since last: 1000790261 ns, Reaching safepoint: 218434 ns, At safepoint: 10667 ns, Total: 229101 ns
[2020-05-16T08:51:49.738+0000][15960][safepoint    ] Safepoint "Cleanup", Time since last: 1000599188 ns, Reaching safepoint: 236522 ns, At safepoint: 7884 ns, Total: 244406 ns
[2020-05-16T08:51:50.739+0000][15960][safepoint    ] Safepoint "Cleanup", Time since last: 1000655768 ns, Reaching safepoint: 348753 ns, At safepoint: 9276 ns, Total: 358029 ns
[2020-05-16T08:51:52.368+0000][15960][safepoint    ] Safepoint "Cleanup", Time since last: 1013160341 ns, Reaching safepoint: 614880643 ns, At safepoint: 149797 ns, Total: 615030440 ns
[2020-05-16T08:51:54.369+0000][15960][safepoint    ] Safepoint "Cleanup", Time since last: 2000841738 ns, Reaching safepoint: 137276 ns, At safepoint: 6029 ns, Total: 143305 ns
[2020-05-16T08:51:55.369+0000][15960][safepoint    ] Safepoint "Cleanup", Time since last: 1000185507 ns, Reaching safepoint: 115014 ns, At safepoint: 4638 ns, Total: 119652 ns
[2020-05-16T08:51:56.370+0000][15960][safepoint    ] Safepoint "Cleanup", Time since last: 1000542145 ns, Reaching safepoint: 130318 ns, At safepoint: 5102 ns, Total: 135420 ns
[2020-05-16T08:51:58.370+0000][15960][safepoint    ] Safepoint "Cleanup", Time since last: 1999986087 ns, Reaching safepoint: 121043 ns, At safepoint: 4638 ns, Total: 125681 ns
[2020-05-16T08:51:59.370+0000][15960][safepoint    ] Safepoint "Cleanup", Time since last: 1000407188 ns, Reaching safepoint: 101565 ns, At safepoint: 4174 ns, Total: 105739 ns
[2020-05-16T08:52:00.371+0000][15960][safepoint    ] Safepoint "Cleanup", Time since last: 1000410435 ns, Reaching safepoint: 172985 ns, At safepoint: 8348 ns, Total: 181333 ns
[2020-05-16T08:52:01.371+0000][15960][safepoint    ] Safepoint "Cleanup", Time since last: 1000248580 ns, Reaching safepoint: 152116 ns, At safepoint: 4173 ns, Total: 156289 ns
[2020-05-16T08:52:02.372+0000][15960][safepoint    ] Safepoint "Cleanup", Time since last: 1000107595 ns, Reaching safepoint: 135884 ns, At safepoint: 7884 ns, Total: 143768 ns
[2020-05-16T08:52:03.372+0000][15960][safepoint    ] Safepoint "Cleanup", Time since last: 1000494840 ns, Reaching safepoint: 202667 ns, At safepoint: 29681 ns, Total: 232348 ns
[2020-05-16T08:52:04.373+0000][15960][safepoint    ] Safepoint "Cleanup", Time since last: 1000537043 ns, Reaching safepoint: 140522 ns, At safepoint: 5565 ns, Total: 146087 ns
[2020-05-16T08:52:06.374+0000][15960][safepoint    ] Safepoint "Cleanup", Time since last: 2000672463 ns, Reaching safepoint: 139131 ns, At safepoint: 5565 ns, Total: 144696 ns
[2020-05-16T08:52:08.374+0000][15960][safepoint    ] Safepoint "Cleanup", Time since last: 2000222145 ns, Reaching safepoint: 121507 ns, At safepoint: 6029 ns, Total: 127536 ns
[2020-05-16T08:52:09.382+0000][15960][safepoint    ] Safepoint "Cleanup", Time since last: 1000187362 ns, Reaching safepoint: 7172634 ns, At safepoint: 25508 ns, Total: 7198142 ns
[2020-05-16T08:52:11.382+0000][15960][safepoint    ] Safepoint "Cleanup", Time since last: 2000286144 ns, Reaching safepoint: 123363 ns, At safepoint: 7420 ns, Total: 130783 ns
[2020-05-16T08:52:12.382+0000][15960][safepoint    ] Safepoint "Cleanup", Time since last: 1000273159 ns, Reaching safepoint: 126609 ns, At safepoint: 5101 ns, Total: 131710 ns
[2020-05-16T08:52:13.383+0000][15960][safepoint    ] Safepoint "Cleanup", Time since last: 1000840812 ns, Reaching safepoint: 137739 ns, At safepoint: 6029 ns, Total: 143768 ns
[2020-05-16T08:52:14.384+0000][15960][safepoint    ] Safepoint "Cleanup", Time since last: 1000363594 ns, Reaching safepoint: 138203 ns, At safepoint: 6028 ns, Total: 144231 ns
[2020-05-16T08:52:15.385+0000][15960][safepoint    ] Safepoint "Cleanup", Time since last: 1000785623 ns, Reaching safepoint: 151652 ns, At safepoint: 5566 ns, Total: 157218 ns
[2020-05-16T08:52:17.385+0000][15960][safepoint    ] Safepoint "Cleanup", Time since last: 2000159536 ns, Reaching safepoint: 137275 ns, At safepoint: 6029 ns, Total: 143304 ns
[2020-05-16T08:52:19.386+0000][15960][safepoint    ] Safepoint "Cleanup", Time since last: 2000636290 ns, Reaching safepoint: 126608 ns, At safepoint: 2783 ns, Total: 129391 ns
[2020-05-16T08:52:21.386+0000][15960][safepoint    ] Safepoint "Cleanup", Time since last: 2000283362 ns, Reaching safepoint: 139594 ns, At safepoint: 5102 ns, Total: 144696 ns
[2020-05-16T08:52:23.387+0000][15960][safepoint    ] Safepoint "Cleanup", Time since last: 2000835246 ns, Reaching safepoint: 150260 ns, At safepoint: 8812 ns, Total: 159072 ns
[2020-05-16T08:52:24.388+0000][15960][safepoint    ] Safepoint "Cleanup", Time since last: 1000433623 ns, Reaching safepoint: 135420 ns, At safepoint: 7884 ns, Total: 143304 ns
[2020-05-16T08:52:25.711+0000][15960][safepoint    ] Safepoint "Cleanup", Time since last: 1286031636 ns, Reaching safepoint: 37992330 ns, At safepoint: 18551 ns, Total: 38010881 ns
[2020-05-16T08:52:27.398+0000][15960][safepoint    ] Safepoint "Cleanup", Time since last: 1686177537 ns, Reaching safepoint: 236985 ns, At safepoint: 11130 ns, Total: 248115 ns
[2020-05-16T08:52:29.399+0000][15960][safepoint    ] Safepoint "Cleanup", Time since last: 2000497623 ns, Reaching safepoint: 153971 ns, At safepoint: 6029 ns, Total: 160000 ns
[2020-05-16T08:52:31.399+0000][15960][safepoint    ] Safepoint "Cleanup", Time since last: 1999857623 ns, Reaching safepoint: 147015 ns, At safepoint: 6493 ns, Total: 153508 ns
[2020-05-16T08:52:33.399+0000][15960][safepoint    ] Safepoint "Cleanup", Time since last: 2000068637 ns, Reaching safepoint: 159536 ns, At safepoint: 10203 ns, Total: 169739 ns
[2020-05-16T08:52:35.399+0000][15960][safepoint    ] Safepoint "Cleanup", Time since last: 1999908174 ns, Reaching safepoint: 89044 ns, At safepoint: 3246 ns, Total: 92290 ns
[2020-05-16T08:52:36.400+0000][15960][safepoint    ] Safepoint "Cleanup", Time since last: 1000855188 ns, Reaching safepoint: 171594 ns, At safepoint: 2783 ns, Total: 174377 ns
[2020-05-16T08:52:37.401+0000][15960][safepoint    ] Safepoint "Cleanup", Time since last: 1000372869 ns, Reaching safepoint: 138203 ns, At safepoint: 5565 ns, Total: 143768 ns
[2020-05-16T08:52:38.401+0000][15960][safepoint    ] Safepoint "Cleanup", Time since last: 1000078377 ns, Reaching safepoint: 124754 ns, At safepoint: 5565 ns, Total: 130319 ns
[2020-05-16T08:52:39.401+0000][15960][safepoint    ] Safepoint "Cleanup", Time since last: 1000267130 ns, Reaching safepoint: 118725 ns, At safepoint: 6956 ns, Total: 125681 ns
[2020-05-16T08:52:40.402+0000][15960][safepoint    ] Safepoint "Cleanup", Time since last: 1000246261 ns, Reaching safepoint: 111304 ns, At safepoint: 4638 ns, Total: 115942 ns
[2020-05-16T08:52:41.403+0000][15960][safepoint    ] Safepoint "Cleanup", Time since last: 1000887188 ns, Reaching safepoint: 123826 ns, At safepoint: 6493 ns, Total: 130319 ns
[2020-05-16T08:52:42.403+0000][15960][safepoint    ] Safepoint "Cleanup", Time since last: 1000340405 ns, Reaching safepoint: 132174 ns, At safepoint: 5102 ns, Total: 137276 ns
[2020-05-16T08:52:43.404+0000][15960][safepoint    ] Safepoint "Cleanup", Time since last: 1000665507 ns, Reaching safepoint: 138203 ns, At safepoint: 7884 ns, Total: 146087 ns
[2020-05-16T08:52:44.405+0000][15960][safepoint    ] Safepoint "Cleanup", Time since last: 1000805101 ns, Reaching safepoint: 155826 ns, At safepoint: 8811 ns, Total: 164637 ns
[2020-05-16T08:52:46.406+0000][15960][safepoint    ] Safepoint "Cleanup", Time since last: 2000908985 ns, Reaching safepoint: 133102 ns, At safepoint: 9275 ns, Total: 142377 ns
[2020-05-16T08:52:47.407+0000][15960][safepoint    ] Safepoint "Cleanup", Time since last: 1000490203 ns, Reaching safepoint: 121507 ns, At safepoint: 2783 ns, Total: 124290 ns
[2020-05-16T08:52:48.408+0000][15960][safepoint    ] Safepoint "Cleanup", Time since last: 1000761506 ns, Reaching safepoint: 141450 ns, At safepoint: 5101 ns, Total: 146551 ns
[2020-05-16T08:52:49.408+0000][15960][safepoint    ] Safepoint "Cleanup", Time since last: 1000260174 ns, Reaching safepoint: 142377 ns, At safepoint: 6029 ns, Total: 148406 ns
[2020-05-16T08:52:51.409+0000][15960][safepoint    ] Safepoint "Cleanup", Time since last: 2000590376 ns, Reaching safepoint: 130319 ns, At safepoint: 5101 ns, Total: 135420 ns
[2020-05-16T08:52:52.409+0000][15960][safepoint    ] Safepoint "Cleanup", Time since last: 1000610319 ns, Reaching safepoint: 138203 ns, At safepoint: 6029 ns, Total: 144232 ns
[2020-05-16T08:52:53.410+0000][15960][safepoint    ] Safepoint "Cleanup", Time since last: 1000379826 ns, Reaching safepoint: 77913 ns, At safepoint: 4637 ns, Total: 82550 ns
[2020-05-16T08:52:54.411+0000][15960][safepoint    ] Safepoint "Cleanup", Time since last: 1000420638 ns, Reaching safepoint: 143768 ns, At safepoint: 6029 ns, Total: 149797 ns
[2020-05-16T08:52:55.411+0000][15960][safepoint    ] Safepoint "Cleanup", Time since last: 1000791652 ns, Reaching safepoint: 134492 ns, At safepoint: 5102 ns, Total: 139594 ns
[2020-05-16T08:52:56.412+0000][15960][safepoint    ] Safepoint "Cleanup", Time since last: 1000495304 ns, Reaching safepoint: 147014 ns, At safepoint: 5566 ns, Total: 152580 ns
[2020-05-16T08:52:57.412+0000][15960][safepoint    ] Safepoint "Cleanup", Time since last: 1000250434 ns, Reaching safepoint: 137739 ns, At safepoint: 5566 ns, Total: 143305 ns
[2020-05-16T08:52:59.413+0000][15960][safepoint    ] Safepoint "Cleanup", Time since last: 2000503188 ns, Reaching safepoint: 145623 ns, At safepoint: 6029 ns, Total: 151652 ns
[2020-05-16T08:53:00.414+0000][15960][safepoint    ] Safepoint "Cleanup", Time since last: 1000539362 ns, Reaching safepoint: 124290 ns, At safepoint: 5565 ns, Total: 129855 ns
[2020-05-16T08:53:02.415+0000][15960][safepoint    ] Safepoint "Cleanup", Time since last: 2000605681 ns, Reaching safepoint: 138203 ns, At safepoint: 5565 ns, Total: 143768 ns
[2020-05-16T08:53:03.725+0000][15960][safepoint    ] Safepoint "Cleanup", Time since last: 1277191755 ns, Reaching safepoint: 33300854 ns, At safepoint: 54725 ns, Total: 33355579 ns
[2020-05-16T08:53:05.229+0000][15960][safepoint    ] Safepoint "Cleanup", Time since last: 1503436288 ns, Reaching safepoint: 174841 ns, At safepoint: 7420 ns, Total: 182261 ns
[2020-05-16T08:53:06.867+0000][15960][safepoint    ] Safepoint "Cleanup", Time since last: 1638395994 ns, Reaching safepoint: 138203 ns, At safepoint: 7420 ns, Total: 145623 ns
[2020-05-16T08:53:07.868+0000][15960][safepoint    ] Safepoint "Cleanup", Time since last: 1000719304 ns, Reaching safepoint: 150725 ns, At safepoint: 5101 ns, Total: 155826 ns
[2020-05-16T08:53:08.869+0000][15960][safepoint    ] Safepoint "Cleanup", Time since last: 1000441971 ns, Reaching safepoint: 130319 ns, At safepoint: 5101 ns, Total: 135420 ns
[2020-05-16T08:53:09.869+0000][15960][safepoint    ] Safepoint "Cleanup", Time since last: 1000154435 ns, Reaching safepoint: 151652 ns, At safepoint: 6029 ns, Total: 157681 ns
[2020-05-16T08:53:10.870+0000][15960][safepoint    ] Safepoint "Cleanup", Time since last: 1000685913 ns, Reaching safepoint: 91826 ns, At safepoint: 3246 ns, Total: 95072 ns
[2020-05-16T08:53:11.871+0000][15960][safepoint    ] Safepoint "Cleanup", Time since last: 1000794898 ns, Reaching safepoint: 131247 ns, At safepoint: 5101 ns, Total: 136348 ns
[2020-05-16T08:53:12.871+0000][15960][safepoint    ] Safepoint "Cleanup", Time since last: 1000167420 ns, Reaching safepoint: 147478 ns, At safepoint: 6957 ns, Total: 154435 ns
[2020-05-16T08:53:13.871+0000][15960][safepoint    ] Safepoint "Cleanup", Time since last: 1000212406 ns, Reaching safepoint: 209159 ns, At safepoint: 5565 ns, Total: 214724 ns
[2020-05-16T08:53:14.872+0000][15960][safepoint    ] Safepoint "Cleanup", Time since last: 1000308406 ns, Reaching safepoint: 166492 ns, At safepoint: 5566 ns, Total: 172058 ns
[2020-05-16T08:53:15.872+0000][15960][safepoint    ] Safepoint "Cleanup", Time since last: 1000067246 ns, Reaching safepoint: 126609 ns, At safepoint: 6956 ns, Total: 133565 ns
[2020-05-16T08:53:16.873+0000][15960][safepoint    ] Safepoint "Cleanup", Time since last: 1000177623 ns, Reaching safepoint: 133565 ns, At safepoint: 7421 ns, Total: 140986 ns
[2020-05-16T08:53:17.873+0000][15960][safepoint    ] Safepoint "Cleanup", Time since last: 1000517565 ns, Reaching safepoint: 141913 ns, At safepoint: 8347 ns, Total: 150260 ns
[2020-05-16T08:53:18.874+0000][15960][safepoint    ] Safepoint "Cleanup", Time since last: 1000437797 ns, Reaching safepoint: 150725 ns, At safepoint: 6956 ns, Total: 157681 ns
[2020-05-16T08:53:19.874+0000][15960][safepoint    ] Safepoint "Cleanup", Time since last: 1000160928 ns, Reaching safepoint: 138667 ns, At safepoint: 9275 ns, Total: 147942 ns
[2020-05-16T08:53:20.874+0000][15960][safepoint    ] Safepoint "Cleanup", Time since last: 1000248116 ns, Reaching safepoint: 154898 ns, At safepoint: 7420 ns, Total: 162318 ns
[2020-05-16T08:53:21.875+0000][15960][safepoint    ] Safepoint "Cleanup", Time since last: 1000185971 ns, Reaching safepoint: 143305 ns, At safepoint: 3246 ns, Total: 146551 ns
[2020-05-16T08:53:22.876+0000][15960][safepoint    ] Safepoint "Cleanup", Time since last: 1000671536 ns, Reaching safepoint: 217043 ns, At safepoint: 11131 ns, Total: 228174 ns
[2020-05-16T08:53:23.876+0000][15960][safepoint    ] Safepoint "Cleanup", Time since last: 1000476753 ns, Reaching safepoint: 132174 ns, At safepoint: 5102 ns, Total: 137276 ns
[2020-05-16T08:53:24.877+0000][15960][safepoint    ] Safepoint "Cleanup", Time since last: 1000280115 ns, Reaching safepoint: 244870 ns, At safepoint: 9739 ns, Total: 254609 ns
[2020-05-16T08:53:25.877+0000][15960][safepoint    ] Safepoint "Cleanup", Time since last: 1000352000 ns, Reaching safepoint: 140985 ns, At safepoint: 6029 ns, Total: 147014 ns
[2020-05-16T08:53:26.878+0000][15960][safepoint    ] Safepoint "Cleanup", Time since last: 1000417855 ns, Reaching safepoint: 153507 ns, At safepoint: 9276 ns, Total: 162783 ns
[2020-05-16T08:53:27.879+0000][15960][safepoint    ] Safepoint "Cleanup", Time since last: 1000628405 ns, Reaching safepoint: 138667 ns, At safepoint: 6956 ns, Total: 145623 ns
[2020-05-16T08:53:28.880+0000][15960][safepoint    ] Safepoint "Cleanup", Time since last: 1000834782 ns, Reaching safepoint: 136348 ns, At safepoint: 8348 ns, Total: 144696 ns
[2020-05-16T08:53:29.880+0000][15960][safepoint    ] Safepoint "Cleanup", Time since last: 1000444290 ns, Reaching safepoint: 103884 ns, At safepoint: 3246 ns, Total: 107130 ns
[2020-05-16T08:53:30.881+0000][15960][safepoint    ] Safepoint "Cleanup", Time since last: 1000692869 ns, Reaching safepoint: 150261 ns, At safepoint: 10203 ns, Total: 160464 ns
[2020-05-16T08:53:31.882+0000][15960][safepoint    ] Safepoint "Cleanup", Time since last: 1000688232 ns, Reaching safepoint: 133565 ns, At safepoint: 7884 ns, Total: 141449 ns
[2020-05-16T08:53:32.882+0000][15960][safepoint    ] Safepoint "Cleanup", Time since last: 1000322782 ns, Reaching safepoint: 138667 ns, At safepoint: 5565 ns, Total: 144232 ns
[2020-05-16T08:53:33.920+0000][15960][safepoint    ] Safepoint "Cleanup", Time since last: 1037542012 ns, Reaching safepoint: 119652 ns, At safepoint: 5565 ns, Total: 125217 ns
[2020-05-16T08:53:34.923+0000][15960][safepoint    ] Safepoint "Cleanup", Time since last: 1002533100 ns, Reaching safepoint: 174377 ns, At safepoint: 6029 ns, Total: 180406 ns
[2020-05-16T08:53:35.923+0000][15960][safepoint    ] Safepoint "Cleanup", Time since last: 1000350145 ns, Reaching safepoint: 76521 ns, At safepoint: 4174 ns, Total: 80695 ns
[2020-05-16T08:53:36.924+0000][15960][safepoint    ] Safepoint "Cleanup", Time since last: 1000474435 ns, Reaching safepoint: 82087 ns, At safepoint: 4637 ns, Total: 86724 ns
[2020-05-16T08:53:37.924+0000][15960][safepoint    ] Safepoint "Cleanup", Time since last: 1000511536 ns, Reaching safepoint: 115942 ns, At safepoint: 3711 ns, Total: 119653 ns
[2020-05-16T08:53:38.925+0000][15960][safepoint    ] Safepoint "Cleanup", Time since last: 1000650202 ns, Reaching safepoint: 128928 ns, At safepoint: 5101 ns, Total: 134029 ns
[2020-05-16T08:53:39.926+0000][15960][safepoint    ] Safepoint "Cleanup", Time since last: 1000755478 ns, Reaching safepoint: 125217 ns, At safepoint: 3247 ns, Total: 128464 ns
[2020-05-16T08:53:41.927+0000][15960][safepoint    ] Safepoint "Cleanup", Time since last: 2000480927 ns, Reaching safepoint: 139594 ns, At safepoint: 6029 ns, Total: 145623 ns
[2020-05-16T08:53:42.927+0000][15960][safepoint    ] Safepoint "Cleanup", Time since last: 1000304232 ns, Reaching safepoint: 142377 ns, At safepoint: 6029 ns, Total: 148406 ns
[2020-05-16T08:53:44.979+0000][15960][safepoint    ] Safepoint "Cleanup", Time since last: 2000428057 ns, Reaching safepoint: 51267687 ns, At safepoint: 26435 ns, Total: 51294122 ns
[2020-05-16T08:53:45.979+0000][15960][safepoint    ] Safepoint "Cleanup", Time since last: 1000273159 ns, Reaching safepoint: 150724 ns, At safepoint: 5102 ns, Total: 155826 ns
[2020-05-16T08:53:46.980+0000][15960][safepoint    ] Safepoint "Cleanup", Time since last: 1000633507 ns, Reaching safepoint: 157217 ns, At safepoint: 8348 ns, Total: 165565 ns
[2020-05-16T08:53:47.981+0000][15960][safepoint    ] Safepoint "Cleanup", Time since last: 1000580637 ns, Reaching safepoint: 129855 ns, At safepoint: 7421 ns, Total: 137276 ns
[2020-05-16T08:53:48.981+0000][15960][safepoint    ] Safepoint "Cleanup", Time since last: 1000347826 ns, Reaching safepoint: 101565 ns, At safepoint: 4637 ns, Total: 106202 ns
[2020-05-16T08:53:50.982+0000][15960][safepoint    ] Safepoint "Cleanup", Time since last: 2000263421 ns, Reaching safepoint: 149333 ns, At safepoint: 6029 ns, Total: 155362 ns
[2020-05-16T08:53:52.983+0000][15960][safepoint    ] Safepoint "Cleanup", Time since last: 2000735999 ns, Reaching safepoint: 162319 ns, At safepoint: 5565 ns, Total: 167884 ns
[2020-05-16T08:53:54.983+0000][15960][safepoint    ] Safepoint "Cleanup", Time since last: 1999993971 ns, Reaching safepoint: 128464 ns, At safepoint: 3247 ns, Total: 131711 ns
[2020-05-16T08:53:55.983+0000][15960][safepoint    ] Safepoint "Cleanup", Time since last: 1000051014 ns, Reaching safepoint: 159536 ns, At safepoint: 6493 ns, Total: 166029 ns
[2020-05-16T08:53:56.983+0000][15960][safepoint    ] Safepoint "Cleanup", Time since last: 1000012985 ns, Reaching safepoint: 121508 ns, At safepoint: 5101 ns, Total: 126609 ns
[2020-05-16T08:53:58.983+0000][15960][safepoint    ] Safepoint "Cleanup", Time since last: 2000025044 ns, Reaching safepoint: 133101 ns, At safepoint: 6956 ns, Total: 140057 ns
[2020-05-16T08:54:00.984+0000][15960][safepoint    ] Safepoint "Cleanup", Time since last: 2000243942 ns, Reaching safepoint: 137739 ns, At safepoint: 5566 ns, Total: 143305 ns
[2020-05-16T08:54:01.984+0000][15960][safepoint    ] Safepoint "Cleanup", Time since last: 1000705854 ns, Reaching safepoint: 156290 ns, At safepoint: 6493 ns, Total: 162783 ns
[2020-05-16T08:54:02.985+0000][15960][safepoint    ] Safepoint "Cleanup", Time since last: 1000723014 ns, Reaching safepoint: 99710 ns, At safepoint: 3710 ns, Total: 103420 ns
[2020-05-16T08:54:04.171+0000][15960][safepoint    ] Safepoint "Cleanup", Time since last: 1127374318 ns, Reaching safepoint: 57708959 ns, At safepoint: 66319 ns, Total: 57775278 ns
[2020-05-16T08:54:05.171+0000][15960][safepoint    ] Safepoint "Cleanup", Time since last: 1000106202 ns, Reaching safepoint: 122435 ns, At safepoint: 5102 ns, Total: 127537 ns
[2020-05-16T08:54:06.329+0000][15960][safepoint    ] Safepoint "Cleanup", Time since last: 1158333607 ns, Reaching safepoint: 133566 ns, At safepoint: 6029 ns, Total: 139595 ns
[2020-05-16T08:54:08.330+0000][15960][safepoint    ] Safepoint "Cleanup", Time since last: 2000208231 ns, Reaching safepoint: 132638 ns, At safepoint: 5101 ns, Total: 137739 ns
[2020-05-16T08:54:09.330+0000][15960][safepoint    ] Safepoint "Cleanup", Time since last: 1000250899 ns, Reaching safepoint: 131710 ns, At safepoint: 5565 ns, Total: 137275 ns
[2020-05-16T08:54:10.440+0000][15960][safepoint    ] Safepoint "Cleanup", Time since last: 1000515710 ns, Reaching safepoint: 109997398 ns, At safepoint: 75131 ns, Total: 110072529 ns
[2020-05-16T08:54:11.475+0000][15960][safepoint    ] Safepoint "Cleanup", Time since last: 1000182260 ns, Reaching safepoint: 28793031 ns, At safepoint: 5915823 ns, Total: 34708854 ns
[2020-05-16T08:54:13.475+0000][15960][safepoint    ] Safepoint "Cleanup", Time since last: 1999831188 ns, Reaching safepoint: 155363 ns, At safepoint: 8347 ns, Total: 163710 ns
[2020-05-16T08:54:15.476+0000][15960][safepoint    ] Safepoint "Cleanup", Time since last: 1999962899 ns, Reaching safepoint: 137739 ns, At safepoint: 6029 ns, Total: 143768 ns
[2020-05-16T08:54:16.476+0000][15960][safepoint    ] Safepoint "Cleanup", Time since last: 1000792116 ns, Reaching safepoint: 167884 ns, At safepoint: 6956 ns, Total: 174840 ns
[2020-05-16T08:54:18.478+0000][15960][safepoint    ] Safepoint "Cleanup", Time since last: 2000921507 ns, Reaching safepoint: 190609 ns, At safepoint: 11130 ns, Total: 201739 ns
[2020-05-16T08:54:20.552+0000][15960][safepoint    ] Safepoint "Cleanup", Time since last: 2000928463 ns, Reaching safepoint: 73857357 ns, At safepoint: 113160 ns, Total: 73970517 ns
[2020-05-16T08:54:22.419+0000][15960][safepoint    ] Safepoint "Cleanup", Time since last: 1866835540 ns, Reaching safepoint: 174377 ns, At safepoint: 8347 ns, Total: 182724 ns
[2020-05-16T08:54:23.420+0000][15960][safepoint    ] Safepoint "Cleanup", Time since last: 1000739710 ns, Reaching safepoint: 141913 ns, At safepoint: 6493 ns, Total: 148406 ns
[2020-05-16T08:54:24.421+0000][15960][safepoint    ] Safepoint "Cleanup", Time since last: 1000742956 ns, Reaching safepoint: 131246 ns, At safepoint: 7884 ns, Total: 139130 ns
[2020-05-16T08:54:25.422+0000][15960][safepoint    ] Safepoint "Cleanup", Time since last: 1000876058 ns, Reaching safepoint: 165565 ns, At safepoint: 5102 ns, Total: 170667 ns
[2020-05-16T08:54:26.423+0000][15960][safepoint    ] Safepoint "Cleanup", Time since last: 1000096000 ns, Reaching safepoint: 156289 ns, At safepoint: 6493 ns, Total: 162782 ns
[2020-05-16T08:54:27.423+0000][15960][safepoint    ] Safepoint "Cleanup", Time since last: 1000271304 ns, Reaching safepoint: 134029 ns, At safepoint: 6029 ns, Total: 140058 ns
[2020-05-16T08:54:28.693+0000][15960][safepoint    ] Safepoint "Cleanup", Time since last: 1270490773 ns, Reaching safepoint: 138203 ns, At safepoint: 8348 ns, Total: 146551 ns
[2020-05-16T08:54:29.694+0000][15960][safepoint    ] Safepoint "Cleanup", Time since last: 1000020406 ns, Reaching safepoint: 178550 ns, At safepoint: 13913 ns, Total: 192463 ns
[2020-05-16T08:54:30.695+0000][15960][safepoint    ] Safepoint "Cleanup", Time since last: 1000594551 ns, Reaching safepoint: 119188 ns, At safepoint: 4174 ns, Total: 123362 ns
[2020-05-16T08:54:33.039+0000][15960][safepoint    ] Safepoint "Cleanup", Time since last: 2000037102 ns, Reaching safepoint: 343501290 ns, At safepoint: 653449 ns, Total: 344154739 ns
[2020-05-16T08:54:34.104+0000][15960][safepoint    ] Safepoint "Cleanup", Time since last: 1065828143 ns, Reaching safepoint: 115478 ns, At safepoint: 8812 ns, Total: 124290 ns
[2020-05-16T08:54:35.016+0000][15960][safepoint    ] Safepoint "BulkRevokeBias", Time since last: 910445954 ns, Reaching safepoint: 423420 ns, At safepoint: 818087 ns, Total: 1241507 ns
[2020-05-16T08:54:36.031+0000][15960][safepoint    ] Safepoint "Cleanup", Time since last: 1010601734 ns, Reaching safepoint: 4271303 ns, At safepoint: 51478 ns, Total: 4322781 ns
[2020-05-16T08:54:37.068+0000][15960][safepoint    ] Safepoint "Cleanup", Time since last: 1036189664 ns, Reaching safepoint: 183188 ns, At safepoint: 12522 ns, Total: 195710 ns
[2020-05-16T08:54:38.077+0000][15960][safepoint    ] Safepoint "Cleanup", Time since last: 1009844401 ns, Reaching safepoint: 134493 ns, At safepoint: 9739 ns, Total: 144232 ns
[2020-05-16T08:54:39.078+0000][15960][safepoint    ] Safepoint "Cleanup", Time since last: 1000497159 ns, Reaching safepoint: 127073 ns, At safepoint: 5101 ns, Total: 132174 ns
[2020-05-16T08:54:41.079+0000][15960][safepoint    ] Safepoint "Cleanup", Time since last: 2000201276 ns, Reaching safepoint: 152115 ns, At safepoint: 9276 ns, Total: 161391 ns
[2020-05-16T08:54:42.079+0000][15960][safepoint    ] Safepoint "Cleanup", Time since last: 1000217507 ns, Reaching safepoint: 91362 ns, At safepoint: 3710 ns, Total: 95072 ns
[2020-05-16T08:54:43.111+0000][15960][safepoint    ] Safepoint "Cleanup", Time since last: 1007635011 ns, Reaching safepoint: 24201728 ns, At safepoint: 28754 ns, Total: 24230482 ns
[2020-05-16T08:54:44.149+0000][15960][safepoint    ] Safepoint "Cleanup", Time since last: 1038060040 ns, Reaching safepoint: 101565 ns, At safepoint: 6029 ns, Total: 107594 ns
[2020-05-16T08:54:45.149+0000][15960][safepoint    ] Safepoint "Cleanup", Time since last: 1000027363 ns, Reaching safepoint: 149333 ns, At safepoint: 44985 ns, Total: 194318 ns
[2020-05-16T08:54:47.150+0000][15960][safepoint    ] Safepoint "Cleanup", Time since last: 2000243942 ns, Reaching safepoint: 162319 ns, At safepoint: 10667 ns, Total: 172986 ns
[2020-05-16T08:54:48.150+0000][15960][safepoint    ] Safepoint "Cleanup", Time since last: 1000562086 ns, Reaching safepoint: 92754 ns, At safepoint: 3246 ns, Total: 96000 ns
[2020-05-16T08:54:49.151+0000][15960][safepoint    ] Safepoint "Cleanup", Time since last: 1000697043 ns, Reaching safepoint: 94145 ns, At safepoint: 4174 ns, Total: 98319 ns
[2020-05-16T08:54:50.152+0000][15960][safepoint    ] Safepoint "Cleanup", Time since last: 1000526841 ns, Reaching safepoint: 133101 ns, At safepoint: 5565 ns, Total: 138666 ns
[2020-05-16T08:54:52.152+0000][15960][safepoint    ] Safepoint "Cleanup", Time since last: 2000243015 ns, Reaching safepoint: 117333 ns, At safepoint: 6956 ns, Total: 124289 ns
[2020-05-16T08:54:53.153+0000][15960][safepoint    ] Safepoint "Cleanup", Time since last: 1000594087 ns, Reaching safepoint: 104812 ns, At safepoint: 3246 ns, Total: 108058 ns
[2020-05-16T08:54:54.153+0000][15960][safepoint    ] Safepoint "Cleanup", Time since last: 1000119652 ns, Reaching safepoint: 146551 ns, At safepoint: 5565 ns, Total: 152116 ns
[2020-05-16T08:54:55.154+0000][15960][safepoint    ] Safepoint "Cleanup", Time since last: 1000783304 ns, Reaching safepoint: 165101 ns, At safepoint: 6493 ns, Total: 171594 ns
[2020-05-16T08:54:56.154+0000][15960][safepoint    ] Safepoint "Cleanup", Time since last: 1000357101 ns, Reaching safepoint: 239768 ns, At safepoint: 7884 ns, Total: 247652 ns
[2020-05-16T08:54:57.155+0000][15960][safepoint    ] Safepoint "Cleanup", Time since last: 1000060754 ns, Reaching safepoint: 102493 ns, At safepoint: 3710 ns, Total: 106203 ns
[2020-05-16T08:54:58.156+0000][15960][safepoint    ] Safepoint "Cleanup", Time since last: 1000812057 ns, Reaching safepoint: 168348 ns, At safepoint: 5102 ns, Total: 173450 ns
[2020-05-16T08:54:59.156+0000][15960][safepoint    ] Safepoint "Cleanup", Time since last: 1000026434 ns, Reaching safepoint: 144696 ns, At safepoint: 7884 ns, Total: 152580 ns
[2020-05-16T08:55:00.157+0000][15960][safepoint    ] Safepoint "Cleanup", Time since last: 1000617739 ns, Reaching safepoint: 203594 ns, At safepoint: 12058 ns, Total: 215652 ns
[2020-05-16T08:55:02.157+0000][15960][safepoint    ] Safepoint "Cleanup", Time since last: 1999929507 ns, Reaching safepoint: 161392 ns, At safepoint: 5565 ns, Total: 166957 ns
[2020-05-16T08:55:04.157+0000][15960][safepoint    ] Safepoint "Cleanup", Time since last: 2000285681 ns, Reaching safepoint: 139130 ns, At safepoint: 8812 ns, Total: 147942 ns
[2020-05-16T08:55:05.158+0000][15960][safepoint    ] Safepoint "Cleanup", Time since last: 1000162782 ns, Reaching safepoint: 169276 ns, At safepoint: 9275 ns, Total: 178551 ns
[2020-05-16T08:55:06.159+0000][15960][safepoint    ] Safepoint "Cleanup", Time since last: 1000747130 ns, Reaching safepoint: 145623 ns, At safepoint: 6029 ns, Total: 151652 ns
[2020-05-16T08:55:07.159+0000][15960][safepoint    ] Safepoint "Cleanup", Time since last: 1000741565 ns, Reaching safepoint: 138203 ns, At safepoint: 5565 ns, Total: 143768 ns
[2020-05-16T08:55:08.160+0000][15960][safepoint    ] Safepoint "Cleanup", Time since last: 1000479536 ns, Reaching safepoint: 143768 ns, At safepoint: 7884 ns, Total: 151652 ns
[2020-05-16T08:55:09.160+0000][15960][safepoint    ] Safepoint "Cleanup", Time since last: 1000002319 ns, Reaching safepoint: 130782 ns, At safepoint: 4638 ns, Total: 135420 ns
[2020-05-16T08:55:10.161+0000][15960][safepoint    ] Safepoint "Cleanup", Time since last: 1000737391 ns, Reaching safepoint: 122435 ns, At safepoint: 3710 ns, Total: 126145 ns
[2020-05-16T08:55:12.161+0000][15960][safepoint    ] Safepoint "Cleanup", Time since last: 2000090435 ns, Reaching safepoint: 153043 ns, At safepoint: 5102 ns, Total: 158145 ns
[2020-05-16T08:55:14.162+0000][15960][safepoint    ] Safepoint "Cleanup", Time since last: 2000002782 ns, Reaching safepoint: 131710 ns, At safepoint: 2783 ns, Total: 134493 ns
[2020-05-16T08:55:15.162+0000][15960][safepoint    ] Safepoint "Cleanup", Time since last: 1000598260 ns, Reaching safepoint: 97392 ns, At safepoint: 3246 ns, Total: 100638 ns
[2020-05-16T08:55:16.163+0000][15960][safepoint    ] Safepoint "Cleanup", Time since last: 1000838492 ns, Reaching safepoint: 121508 ns, At safepoint: 5565 ns, Total: 127073 ns
[2020-05-16T08:55:17.163+0000][15960][safepoint    ] Safepoint "Cleanup", Time since last: 1000025971 ns, Reaching safepoint: 106203 ns, At safepoint: 4637 ns, Total: 110840 ns
[2020-05-16T08:55:19.164+0000][15960][safepoint    ] Safepoint "Cleanup", Time since last: 2000178087 ns, Reaching safepoint: 89971 ns, At safepoint: 2783 ns, Total: 92754 ns
[2020-05-16T08:55:20.164+0000][15960][safepoint    ] Safepoint "Cleanup", Time since last: 1000249043 ns, Reaching safepoint: 133102 ns, At safepoint: 8347 ns, Total: 141449 ns
[2020-05-16T08:55:21.786+0000][15960][safepoint    ] Safepoint "Cleanup", Time since last: 1621995306 ns, Reaching safepoint: 159073 ns, At safepoint: 8811 ns, Total: 167884 ns
[2020-05-16T08:55:23.786+0000][15960][safepoint    ] Safepoint "Cleanup", Time since last: 2000008812 ns, Reaching safepoint: 147942 ns, At safepoint: 6029 ns, Total: 153971 ns
[2020-05-16T08:55:24.787+0000][15960][safepoint    ] Safepoint "Cleanup", Time since last: 1000339478 ns, Reaching safepoint: 147014 ns, At safepoint: 5565 ns, Total: 152579 ns
[2020-05-16T08:55:25.788+0000][15960][safepoint    ] Safepoint "Cleanup", Time since last: 1000673391 ns, Reaching safepoint: 179015 ns, At safepoint: 9275 ns, Total: 188290 ns
[2020-05-16T08:55:27.788+0000][15960][safepoint    ] Safepoint "Cleanup", Time since last: 2000355710 ns, Reaching safepoint: 138203 ns, At safepoint: 6029 ns, Total: 144232 ns
[2020-05-16T08:55:28.788+0000][15960][safepoint    ] Safepoint "Cleanup", Time since last: 1000108058 ns, Reaching safepoint: 137275 ns, At safepoint: 6029 ns, Total: 143304 ns
[2020-05-16T08:55:29.789+0000][15960][safepoint    ] Safepoint "Cleanup", Time since last: 1000028290 ns, Reaching safepoint: 94609 ns, At safepoint: 2782 ns, Total: 97391 ns
[2020-05-16T08:55:30.790+0000][15960][safepoint    ] Safepoint "Cleanup", Time since last: 1000900638 ns, Reaching safepoint: 185507 ns, At safepoint: 9739 ns, Total: 195246 ns
[2020-05-16T08:55:31.790+0000][15960][safepoint    ] Safepoint "Cleanup", Time since last: 1000712347 ns, Reaching safepoint: 143768 ns, At safepoint: 6029 ns, Total: 149797 ns
[2020-05-16T08:55:33.791+0000][15960][safepoint    ] Safepoint "Cleanup", Time since last: 2000710029 ns, Reaching safepoint: 139130 ns, At safepoint: 5566 ns, Total: 144696 ns
[2020-05-16T08:55:34.792+0000][15960][safepoint    ] Safepoint "Cleanup", Time since last: 1000398840 ns, Reaching safepoint: 140522 ns, At safepoint: 5565 ns, Total: 146087 ns
[2020-05-16T08:55:35.793+0000][15960][safepoint    ] Safepoint "Cleanup", Time since last: 1000600116 ns, Reaching safepoint: 135884 ns, At safepoint: 6956 ns, Total: 142840 ns
[2020-05-16T08:55:36.793+0000][15960][safepoint    ] Safepoint "Cleanup", Time since last: 1000159072 ns, Reaching safepoint: 137276 ns, At safepoint: 7884 ns, Total: 145160 ns
[2020-05-16T08:55:37.793+0000][15960][safepoint    ] Safepoint "Cleanup", Time since last: 1000339942 ns, Reaching safepoint: 125217 ns, At safepoint: 7884 ns, Total: 133101 ns
[2020-05-16T08:55:38.794+0000][15960][safepoint    ] Safepoint "Cleanup", Time since last: 1000005102 ns, Reaching safepoint: 203130 ns, At safepoint: 6029 ns, Total: 209159 ns
[2020-05-16T08:55:39.794+0000][15960][safepoint    ] Safepoint "Cleanup", Time since last: 1000128464 ns, Reaching safepoint: 215188 ns, At safepoint: 6493 ns, Total: 221681 ns
[2020-05-16T08:55:40.795+0000][15960][safepoint    ] Safepoint "Cleanup", Time since last: 1000522666 ns, Reaching safepoint: 134957 ns, At safepoint: 4637 ns, Total: 139594 ns
[2020-05-16T08:55:41.795+0000][15960][safepoint    ] Safepoint "Cleanup", Time since last: 1000678956 ns, Reaching safepoint: 156754 ns, At safepoint: 5565 ns, Total: 162319 ns
[2020-05-16T08:55:43.796+0000][15960][safepoint    ] Safepoint "Cleanup", Time since last: 1999976812 ns, Reaching safepoint: 140985 ns, At safepoint: 6493 ns, Total: 147478 ns
[2020-05-16T08:55:45.797+0000][15960][safepoint    ] Safepoint "Cleanup", Time since last: 2000974376 ns, Reaching safepoint: 133102 ns, At safepoint: 7884 ns, Total: 140986 ns
[2020-05-16T08:55:46.797+0000][15960][safepoint    ] Safepoint "Cleanup", Time since last: 1000566724 ns, Reaching safepoint: 144232 ns, At safepoint: 6029 ns, Total: 150261 ns
[2020-05-16T08:55:48.798+0000][15960][safepoint    ] Safepoint "Cleanup", Time since last: 2000233739 ns, Reaching safepoint: 137275 ns, At safepoint: 6029 ns, Total: 143304 ns
[2020-05-16T08:55:50.799+0000][15960][safepoint    ] Safepoint "Cleanup", Time since last: 2000573217 ns, Reaching safepoint: 96928 ns, At safepoint: 3246 ns, Total: 100174 ns
[2020-05-16T08:55:51.799+0000][15960][safepoint    ] Safepoint "Cleanup", Time since last: 1000752232 ns, Reaching safepoint: 151652 ns, At safepoint: 9275 ns, Total: 160927 ns
[2020-05-16T08:55:53.800+0000][15960][safepoint    ] Safepoint "Cleanup", Time since last: 2000345971 ns, Reaching safepoint: 147014 ns, At safepoint: 6493 ns, Total: 153507 ns
[2020-05-16T08:55:55.801+0000][15960][safepoint    ] Safepoint "Cleanup", Time since last: 2000732754 ns, Reaching safepoint: 125217 ns, At safepoint: 5101 ns, Total: 130318 ns
[2020-05-16T08:55:56.805+0000][15960][safepoint    ] Safepoint "Cleanup", Time since last: 1003775999 ns, Reaching safepoint: 119188 ns, At safepoint: 5101 ns, Total: 124289 ns
[2020-05-16T08:55:57.805+0000][15960][safepoint    ] Safepoint "Cleanup", Time since last: 1000079768 ns, Reaching safepoint: 165102 ns, At safepoint: 9739 ns, Total: 174841 ns
[2020-05-16T08:55:59.805+0000][15960][safepoint    ] Safepoint "Cleanup", Time since last: 1999965217 ns, Reaching safepoint: 114551 ns, At safepoint: 5101 ns, Total: 119652 ns
[2020-05-16T08:56:00.806+0000][15960][safepoint    ] Safepoint "Cleanup", Time since last: 1000367768 ns, Reaching safepoint: 210087 ns, At safepoint: 5102 ns, Total: 215189 ns
[2020-05-16T08:56:02.806+0000][15960][safepoint    ] Safepoint "Cleanup", Time since last: 2000519884 ns, Reaching safepoint: 100637 ns, At safepoint: 2783 ns, Total: 103420 ns
[2020-05-16T08:56:04.807+0000][15960][safepoint    ] Safepoint "Cleanup", Time since last: 2000694724 ns, Reaching safepoint: 134957 ns, At safepoint: 5565 ns, Total: 140522 ns
[2020-05-16T08:56:05.808+0000][15960][safepoint    ] Safepoint "Cleanup", Time since last: 1000573217 ns, Reaching safepoint: 136348 ns, At safepoint: 5101 ns, Total: 141449 ns
[2020-05-16T08:56:07.809+0000][15960][safepoint    ] Safepoint "Cleanup", Time since last: 2000879768 ns, Reaching safepoint: 150261 ns, At safepoint: 5101 ns, Total: 155362 ns
[2020-05-16T08:56:09.809+0000][15960][safepoint    ] Safepoint "Cleanup", Time since last: 1999983768 ns, Reaching safepoint: 108522 ns, At safepoint: 3710 ns, Total: 112232 ns
[2020-05-16T08:56:10.824+0000][15960][safepoint    ] Safepoint "Cleanup", Time since last: 1000549101 ns, Reaching safepoint: 14995008 ns, At safepoint: 15304 ns, Total: 15010312 ns
[2020-05-16T08:56:11.825+0000][15960][safepoint    ] Safepoint "Cleanup", Time since last: 1000683130 ns, Reaching safepoint: 126609 ns, At safepoint: 5101 ns, Total: 131710 ns
[2020-05-16T08:56:13.826+0000][15960][safepoint    ] Safepoint "Cleanup", Time since last: 2000612174 ns, Reaching safepoint: 85333 ns, At safepoint: 3247 ns, Total: 88580 ns
[2020-05-16T08:56:14.827+0000][15960][safepoint    ] Safepoint "Cleanup", Time since last: 1000729507 ns, Reaching safepoint: 131246 ns, At safepoint: 6029 ns, Total: 137275 ns
[2020-05-16T08:56:15.827+0000][15960][safepoint    ] Safepoint "Cleanup", Time since last: 1000507826 ns, Reaching safepoint: 217043 ns, At safepoint: 12986 ns, Total: 230029 ns
[2020-05-16T08:56:17.828+0000][15960][safepoint    ] Safepoint "Cleanup", Time since last: 1999998144 ns, Reaching safepoint: 132638 ns, At safepoint: 3246 ns, Total: 135884 ns
[2020-05-16T08:56:18.829+0000][15960][safepoint    ] Safepoint "Cleanup", Time since last: 1000747131 ns, Reaching safepoint: 113159 ns, At safepoint: 5101 ns, Total: 118260 ns
[2020-05-16T08:56:20.829+0000][15960][safepoint    ] Safepoint "Cleanup", Time since last: 2000743884 ns, Reaching safepoint: 127072 ns, At safepoint: 5102 ns, Total: 132174 ns
[2020-05-16T08:56:21.830+0000][15960][safepoint    ] Safepoint "Cleanup", Time since last: 1000149333 ns, Reaching safepoint: 135420 ns, At safepoint: 5102 ns, Total: 140522 ns
[2020-05-16T08:56:22.830+0000][15960][safepoint    ] Safepoint "Cleanup", Time since last: 1000506898 ns, Reaching safepoint: 158145 ns, At safepoint: 5101 ns, Total: 163246 ns
[2020-05-16T08:56:24.831+0000][15960][safepoint    ] Safepoint "Cleanup", Time since last: 2000102493 ns, Reaching safepoint: 156290 ns, At safepoint: 9739 ns, Total: 166029 ns
[2020-05-16T08:56:25.831+0000][15960][safepoint    ] Safepoint "Cleanup", Time since last: 1000029217 ns, Reaching safepoint: 208232 ns, At safepoint: 11131 ns, Total: 219363 ns
[2020-05-16T08:56:26.832+0000][15960][safepoint    ] Safepoint "Cleanup", Time since last: 1000682202 ns, Reaching safepoint: 104812 ns, At safepoint: 2782 ns, Total: 107594 ns
[2020-05-16T08:56:27.832+0000][15960][safepoint    ] Safepoint "Cleanup", Time since last: 1000542609 ns, Reaching safepoint: 152116 ns, At safepoint: 6492 ns, Total: 158608 ns
[2020-05-16T08:56:28.833+0000][15960][safepoint    ] Safepoint "Cleanup", Time since last: 1000674319 ns, Reaching safepoint: 122899 ns, At safepoint: 3246 ns, Total: 126145 ns
[2020-05-16T08:56:30.833+0000][15960][safepoint    ] Safepoint "Cleanup", Time since last: 2000074203 ns, Reaching safepoint: 153507 ns, At safepoint: 9739 ns, Total: 163246 ns
[2020-05-16T08:56:31.834+0000][15960][safepoint    ] Safepoint "Cleanup", Time since last: 1000285217 ns, Reaching safepoint: 125218 ns, At safepoint: 5101 ns, Total: 130319 ns
[2020-05-16T08:56:32.834+0000][15960][safepoint    ] Safepoint "Cleanup", Time since last: 1000072812 ns, Reaching safepoint: 161855 ns, At safepoint: 6492 ns, Total: 168347 ns
[2020-05-16T08:56:34.835+0000][15960][safepoint    ] Safepoint "Cleanup", Time since last: 2000502261 ns, Reaching safepoint: 136812 ns, At safepoint: 5101 ns, Total: 141913 ns
[2020-05-16T08:56:35.835+0000][15960][safepoint    ] Safepoint "Cleanup", Time since last: 1000623304 ns, Reaching safepoint: 144232 ns, At safepoint: 6029 ns, Total: 150261 ns
[2020-05-16T08:56:36.836+0000][15960][safepoint    ] Safepoint "Cleanup", Time since last: 1000413681 ns, Reaching safepoint: 143768 ns, At safepoint: 7884 ns, Total: 151652 ns
[2020-05-16T08:56:37.837+0000][15960][safepoint    ] Safepoint "Cleanup", Time since last: 1000408579 ns, Reaching safepoint: 157218 ns, At safepoint: 6029 ns, Total: 163247 ns
[2020-05-16T08:56:38.837+0000][15960][safepoint    ] Safepoint "Cleanup", Time since last: 1000496231 ns, Reaching safepoint: 163710 ns, At safepoint: 22261 ns, Total: 185971 ns
[2020-05-16T08:56:40.837+0000][15960][safepoint    ] Safepoint "Cleanup", Time since last: 1999900290 ns, Reaching safepoint: 166957 ns, At safepoint: 7420 ns, Total: 174377 ns
[2020-05-16T08:56:41.838+0000][15960][safepoint    ] Safepoint "Cleanup", Time since last: 1000409043 ns, Reaching safepoint: 140986 ns, At safepoint: 6029 ns, Total: 147015 ns
[2020-05-16T08:56:42.838+0000][15960][safepoint    ] Safepoint "Cleanup", Time since last: 1000368695 ns, Reaching safepoint: 152116 ns, At safepoint: 7884 ns, Total: 160000 ns
[2020-05-16T08:56:43.839+0000][15960][safepoint    ] Safepoint "Cleanup", Time since last: 1000117333 ns, Reaching safepoint: 253681 ns, At safepoint: 10203 ns, Total: 263884 ns
[2020-05-16T08:56:44.839+0000][15960][safepoint    ] Safepoint "Cleanup", Time since last: 1000283362 ns, Reaching safepoint: 268522 ns, At safepoint: 6029 ns, Total: 274551 ns
[2020-05-16T08:56:45.840+0000][15960][safepoint    ] Safepoint "Cleanup", Time since last: 1000316754 ns, Reaching safepoint: 137739 ns, At safepoint: 6029 ns, Total: 143768 ns
[2020-05-16T08:56:46.840+0000][15960][safepoint    ] Safepoint "Cleanup", Time since last: 1000193391 ns, Reaching safepoint: 158608 ns, At safepoint: 6493 ns, Total: 165101 ns
[2020-05-16T08:56:48.841+0000][15960][safepoint    ] Safepoint "Cleanup", Time since last: 2000932637 ns, Reaching safepoint: 144696 ns, At safepoint: 6029 ns, Total: 150725 ns
[2020-05-16T08:56:49.842+0000][15960][safepoint    ] Safepoint "Cleanup", Time since last: 1000859826 ns, Reaching safepoint: 141913 ns, At safepoint: 6956 ns, Total: 148869 ns
[2020-05-16T08:56:50.843+0000][15960][safepoint    ] Safepoint "Cleanup", Time since last: 1000529623 ns, Reaching safepoint: 82551 ns, At safepoint: 4174 ns, Total: 86725 ns
[2020-05-16T08:56:51.844+0000][15960][safepoint    ] Safepoint "Cleanup", Time since last: 1000602434 ns, Reaching safepoint: 132174 ns, At safepoint: 6029 ns, Total: 138203 ns
[2020-05-16T08:56:52.844+0000][15960][safepoint    ] Safepoint "Cleanup", Time since last: 1000124754 ns, Reaching safepoint: 102492 ns, At safepoint: 3711 ns, Total: 106203 ns
[2020-05-16T08:56:53.857+0000][15960][safepoint    ] Safepoint "Cleanup", Time since last: 1012624226 ns, Reaching safepoint: 148405 ns, At safepoint: 5565 ns, Total: 153970 ns
[2020-05-16T08:56:55.857+0000][15960][safepoint    ] Safepoint "Cleanup", Time since last: 2000172058 ns, Reaching safepoint: 123826 ns, At safepoint: 2783 ns, Total: 126609 ns
[2020-05-16T08:56:56.857+0000][15960][safepoint    ] Safepoint "Cleanup", Time since last: 1000093217 ns, Reaching safepoint: 94609 ns, At safepoint: 3246 ns, Total: 97855 ns
[2020-05-16T08:56:58.857+0000][15960][safepoint    ] Safepoint "Cleanup", Time since last: 2000018087 ns, Reaching safepoint: 81160 ns, At safepoint: 2782 ns, Total: 83942 ns
[2020-05-16T08:56:58.939+0000][15960][gc,start     ] GC(24) Pause Young (Normal) (G1 Evacuation Pause)
[2020-05-16T08:56:58.939+0000][15960][gc,task      ] GC(24) Using 4 workers of 4 for evacuation
[2020-05-16T08:56:58.939+0000][15960][gc,age       ] GC(24) Desired survivor size 31457280 bytes, new threshold 15 (max threshold 15)
[2020-05-16T08:56:59.042+0000][15960][gc,age       ] GC(24) Age table with threshold 15 (max threshold 15)
[2020-05-16T08:56:59.042+0000][15960][gc,age       ] GC(24) - age   1:     759304 bytes,     759304 total
[2020-05-16T08:56:59.042+0000][15960][gc,age       ] GC(24) - age   2:       6984 bytes,     766288 total
[2020-05-16T08:56:59.042+0000][15960][gc,age       ] GC(24) - age   3:      97184 bytes,     863472 total
[2020-05-16T08:56:59.042+0000][15960][gc,age       ] GC(24) - age   4:     254616 bytes,    1118088 total
[2020-05-16T08:56:59.042+0000][15960][gc,age       ] GC(24) - age   5:     368048 bytes,    1486136 total
[2020-05-16T08:56:59.042+0000][15960][gc,age       ] GC(24) - age   6:      71592 bytes,    1557728 total
[2020-05-16T08:56:59.042+0000][15960][gc,age       ] GC(24) - age   7:     165920 bytes,    1723648 total
[2020-05-16T08:56:59.042+0000][15960][gc,age       ] GC(24) - age   8:      26424 bytes,    1750072 total
[2020-05-16T08:56:59.042+0000][15960][gc,age       ] GC(24) - age   9:     438688 bytes,    2188760 total
[2020-05-16T08:56:59.042+0000][15960][gc,age       ] GC(24) - age  10:     274944 bytes,    2463704 total
[2020-05-16T08:56:59.042+0000][15960][gc,age       ] GC(24) - age  11:     199592 bytes,    2663296 total
[2020-05-16T08:56:59.042+0000][15960][gc,age       ] GC(24) - age  12:      53048 bytes,    2716344 total
[2020-05-16T08:56:59.042+0000][15960][gc,phases    ] GC(24)   Pre Evacuate Collection Set: 0.4ms
[2020-05-16T08:56:59.042+0000][15960][gc,phases    ] GC(24)   Merge Heap Roots: 0.2ms
[2020-05-16T08:56:59.042+0000][15960][gc,phases    ] GC(24)   Evacuate Collection Set: 76.6ms
[2020-05-16T08:56:59.042+0000][15960][gc,phases    ] GC(24)   Post Evacuate Collection Set: 25.7ms
[2020-05-16T08:56:59.042+0000][15960][gc,phases    ] GC(24)   Other: 1.2ms
[2020-05-16T08:56:59.042+0000][15960][gc,heap      ] GC(24) Eden regions: 475->0(611)
[2020-05-16T08:56:59.043+0000][15960][gc,heap      ] GC(24) Survivor regions: 3->3(60)
[2020-05-16T08:56:59.043+0000][15960][gc,heap      ] GC(24) Old regions: 69->69
[2020-05-16T08:56:59.043+0000][15960][gc,heap      ] GC(24) Archive regions: 0->0
[2020-05-16T08:56:59.043+0000][15960][gc,heap      ] GC(24) Humongous regions: 7->7
[2020-05-16T08:56:59.043+0000][15960][gc,metaspace ] GC(24) Metaspace: 97265K(104868K)->97265K(104868K) NonClass: 84467K(88920K)->84467K(88920K) Class: 12797K(15948K)->12797K(15948K)
[2020-05-16T08:56:59.043+0000][15960][gc           ] GC(24) Pause Young (Normal) (G1 Evacuation Pause) 553M->78M(1024M) 104.079ms
[2020-05-16T08:56:59.043+0000][15960][gc,cpu       ] GC(24) User=0.08s Sys=0.05s Real=0.10s
[2020-05-16T08:56:59.043+0000][15960][safepoint    ] Safepoint "G1CollectForAllocation", Time since last: 81592542 ns, Reaching safepoint: 183652 ns, At safepoint: 104410850 ns, Total: 104594502 ns
[2020-05-16T08:57:00.044+0000][15960][safepoint    ] Safepoint "Cleanup", Time since last: 1000317218 ns, Reaching safepoint: 131246 ns, At safepoint: 2783 ns, Total: 134029 ns
[2020-05-16T08:57:01.054+0000][15960][safepoint    ] Safepoint "Cleanup", Time since last: 1009702024 ns, Reaching safepoint: 88580 ns, At safepoint: 3246 ns, Total: 91826 ns
[2020-05-16T08:57:03.088+0000][15960][safepoint    ] Safepoint "Cleanup", Time since last: 2000388174 ns, Reaching safepoint: 34246013 ns, At safepoint: 76985 ns, Total: 34322998 ns
[2020-05-16T08:57:04.089+0000][15960][safepoint    ] Safepoint "Cleanup", Time since last: 1000900174 ns, Reaching safepoint: 244869 ns, At safepoint: 48232 ns, Total: 293101 ns
[2020-05-16T08:57:06.090+0000][15960][safepoint    ] Safepoint "Cleanup", Time since last: 1999814493 ns, Reaching safepoint: 165101 ns, At safepoint: 9740 ns, Total: 174841 ns
[2020-05-16T08:57:07.090+0000][15960][safepoint    ] Safepoint "Cleanup", Time since last: 1000369159 ns, Reaching safepoint: 149333 ns, At safepoint: 6029 ns, Total: 155362 ns
[2020-05-16T08:57:08.091+0000][15960][safepoint    ] Safepoint "Cleanup", Time since last: 1000366377 ns, Reaching safepoint: 139594 ns, At safepoint: 6029 ns, Total: 145623 ns
[2020-05-16T08:57:09.091+0000][15960][safepoint    ] Safepoint "Cleanup", Time since last: 1000441507 ns, Reaching safepoint: 143304 ns, At safepoint: 7420 ns, Total: 150724 ns
[2020-05-16T08:57:10.092+0000][15960][safepoint    ] Safepoint "Cleanup", Time since last: 1000418319 ns, Reaching safepoint: 139594 ns, At safepoint: 6493 ns, Total: 146087 ns
[2020-05-16T08:57:11.092+0000][15960][safepoint    ] Safepoint "Cleanup", Time since last: 1000228638 ns, Reaching safepoint: 122434 ns, At safepoint: 3710 ns, Total: 126144 ns
[2020-05-16T08:57:12.093+0000][15960][safepoint    ] Safepoint "Cleanup", Time since last: 1000192928 ns, Reaching safepoint: 156753 ns, At safepoint: 5566 ns, Total: 162319 ns
[2020-05-16T08:57:14.094+0000][15960][safepoint    ] Safepoint "Cleanup", Time since last: 2000820405 ns, Reaching safepoint: 124754 ns, At safepoint: 6956 ns, Total: 131710 ns
[2020-05-16T08:57:15.094+0000][15960][safepoint    ] Safepoint "Cleanup", Time since last: 1000039420 ns, Reaching safepoint: 138203 ns, At safepoint: 8348 ns, Total: 146551 ns
[2020-05-16T08:57:16.094+0000][15960][safepoint    ] Safepoint "Cleanup", Time since last: 1000364522 ns, Reaching safepoint: 162782 ns, At safepoint: 6493 ns, Total: 169275 ns
[2020-05-16T08:57:17.095+0000][15960][safepoint    ] Safepoint "Cleanup", Time since last: 1000246261 ns, Reaching safepoint: 140058 ns, At safepoint: 6029 ns, Total: 146087 ns
[2020-05-16T08:57:19.095+0000][15960][safepoint    ] Safepoint "Cleanup", Time since last: 1999967072 ns, Reaching safepoint: 139130 ns, At safepoint: 6029 ns, Total: 145159 ns
[2020-05-16T08:57:20.096+0000][15960][safepoint    ] Safepoint "Cleanup", Time since last: 1000757333 ns, Reaching safepoint: 82551 ns, At safepoint: 3710 ns, Total: 86261 ns
[2020-05-16T08:57:21.096+0000][15960][safepoint    ] Safepoint "Cleanup", Time since last: 1000021797 ns, Reaching safepoint: 149797 ns, At safepoint: 8812 ns, Total: 158609 ns
[2020-05-16T08:57:23.096+0000][15960][safepoint    ] Safepoint "Cleanup", Time since last: 2000005101 ns, Reaching safepoint: 120116 ns, At safepoint: 5102 ns, Total: 125218 ns
[2020-05-16T08:57:24.096+0000][15960][safepoint    ] Safepoint "Cleanup", Time since last: 1000153971 ns, Reaching safepoint: 120579 ns, At safepoint: 13913 ns, Total: 134492 ns
[2020-05-16T08:57:25.096+0000][15960][safepoint    ] Safepoint "Cleanup", Time since last: 1000094609 ns, Reaching safepoint: 138667 ns, At safepoint: 5565 ns, Total: 144232 ns
[2020-05-16T08:57:26.104+0000][15960][safepoint    ] Safepoint "Cleanup", Time since last: 1007896576 ns, Reaching safepoint: 157681 ns, At safepoint: 6029 ns, Total: 163710 ns
[2020-05-16T08:57:27.105+0000][15960][safepoint    ] Safepoint "Cleanup", Time since last: 1000448000 ns, Reaching safepoint: 259710 ns, At safepoint: 7420 ns, Total: 267130 ns
[2020-05-16T08:57:29.106+0000][15960][safepoint    ] Safepoint "Cleanup", Time since last: 2000660405 ns, Reaching safepoint: 301450 ns, At safepoint: 48231 ns, Total: 349681 ns
[2020-05-16T08:57:31.107+0000][15960][safepoint    ] Safepoint "Cleanup", Time since last: 2000245797 ns, Reaching safepoint: 131247 ns, At safepoint: 5101 ns, Total: 136348 ns
[2020-05-16T08:57:32.107+0000][15960][safepoint    ] Safepoint "Cleanup", Time since last: 1000044986 ns, Reaching safepoint: 188753 ns, At safepoint: 8812 ns, Total: 197565 ns
[2020-05-16T08:57:33.107+0000][15960][safepoint    ] Safepoint "Cleanup", Time since last: 1000167420 ns, Reaching safepoint: 87188 ns, At safepoint: 2783 ns, Total: 89971 ns
[2020-05-16T08:57:34.108+0000][15960][safepoint    ] Safepoint "Cleanup", Time since last: 1000343652 ns, Reaching safepoint: 288464 ns, At safepoint: 6029 ns, Total: 294493 ns
[2020-05-16T08:57:35.108+0000][15960][safepoint    ] Safepoint "Cleanup", Time since last: 1000310724 ns, Reaching safepoint: 142377 ns, At safepoint: 5101 ns, Total: 147478 ns
[2020-05-16T08:57:36.109+0000][15960][safepoint    ] Safepoint "Cleanup", Time since last: 1000281044 ns, Reaching safepoint: 143768 ns, At safepoint: 6492 ns, Total: 150260 ns
[2020-05-16T08:57:38.109+0000][15960][safepoint    ] Safepoint "Cleanup", Time since last: 2000568580 ns, Reaching safepoint: 161855 ns, At safepoint: 8812 ns, Total: 170667 ns
[2020-05-16T08:57:40.110+0000][15960][safepoint    ] Safepoint "Cleanup", Time since last: 2000076057 ns, Reaching safepoint: 129392 ns, At safepoint: 8348 ns, Total: 137740 ns
[2020-05-16T08:57:41.129+0000][15960][safepoint    ] Safepoint "Cleanup", Time since last: 1019417962 ns, Reaching safepoint: 287999 ns, At safepoint: 8812 ns, Total: 296811 ns
[2020-05-16T08:57:43.129+0000][15960][safepoint    ] Safepoint "Cleanup", Time since last: 1999970783 ns, Reaching safepoint: 147014 ns, At safepoint: 6029 ns, Total: 153043 ns
[2020-05-16T08:57:45.130+0000][15960][safepoint    ] Safepoint "Cleanup", Time since last: 2000662261 ns, Reaching safepoint: 171594 ns, At safepoint: 5565 ns, Total: 177159 ns
[2020-05-16T08:57:47.131+0000][15960][safepoint    ] Safepoint "Cleanup", Time since last: 2000412753 ns, Reaching safepoint: 118261 ns, At safepoint: 5565 ns, Total: 123826 ns
[2020-05-16T08:57:48.131+0000][15960][safepoint    ] Safepoint "Cleanup", Time since last: 1000551420 ns, Reaching safepoint: 147015 ns, At safepoint: 8811 ns, Total: 155826 ns
[2020-05-16T08:57:50.133+0000][15960][safepoint    ] Safepoint "Cleanup", Time since last: 2000869565 ns, Reaching safepoint: 117334 ns, At safepoint: 5101 ns, Total: 122435 ns
[2020-05-16T08:57:52.133+0000][15960][safepoint    ] Safepoint "Cleanup", Time since last: 2000416000 ns, Reaching safepoint: 120579 ns, At safepoint: 4638 ns, Total: 125217 ns
[2020-05-16T08:57:53.134+0000][15960][safepoint    ] Safepoint "Cleanup", Time since last: 1000529159 ns, Reaching safepoint: 121971 ns, At safepoint: 4174 ns, Total: 126145 ns
[2020-05-16T08:57:55.134+0000][15960][safepoint    ] Safepoint "Cleanup", Time since last: 2000030145 ns, Reaching safepoint: 120580 ns, At safepoint: 4174 ns, Total: 124754 ns
[2020-05-16T08:57:56.135+0000][15960][safepoint    ] Safepoint "Cleanup", Time since last: 1000697970 ns, Reaching safepoint: 120580 ns, At safepoint: 4638 ns, Total: 125218 ns
[2020-05-16T08:57:58.135+0000][15960][safepoint    ] Safepoint "Cleanup", Time since last: 2000386782 ns, Reaching safepoint: 122435 ns, At safepoint: 6956 ns, Total: 129391 ns
[2020-05-16T08:57:59.136+0000][15960][safepoint    ] Safepoint "Cleanup", Time since last: 1000644638 ns, Reaching safepoint: 140521 ns, At safepoint: 4638 ns, Total: 145159 ns
[2020-05-16T08:58:00.140+0000][15960][safepoint    ] Safepoint "Cleanup", Time since last: 1000569507 ns, Reaching safepoint: 3026549 ns, At safepoint: 19015 ns, Total: 3045564 ns
[2020-05-16T08:58:01.141+0000][15960][safepoint    ] Safepoint "Cleanup", Time since last: 1000809739 ns, Reaching safepoint: 118724 ns, At safepoint: 6029 ns, Total: 124753 ns
[2020-05-16T08:58:02.141+0000][15960][safepoint    ] Safepoint "Cleanup", Time since last: 1000388638 ns, Reaching safepoint: 115478 ns, At safepoint: 6493 ns, Total: 121971 ns
[2020-05-16T08:58:03.141+0000][15960][safepoint    ] Safepoint "Cleanup", Time since last: 1000148405 ns, Reaching safepoint: 110841 ns, At safepoint: 6029 ns, Total: 116870 ns
[2020-05-16T08:58:04.142+0000][15960][safepoint    ] Safepoint "Cleanup", Time since last: 1000232348 ns, Reaching safepoint: 115942 ns, At safepoint: 6029 ns, Total: 121971 ns
[2020-05-16T08:58:06.143+0000][15960][safepoint    ] Safepoint "Cleanup", Time since last: 2000825970 ns, Reaching safepoint: 135420 ns, At safepoint: 6957 ns, Total: 142377 ns
[2020-05-16T08:58:07.144+0000][15960][safepoint    ] Safepoint "Cleanup", Time since last: 1000822724 ns, Reaching safepoint: 112696 ns, At safepoint: 6493 ns, Total: 119189 ns
[2020-05-16T08:58:08.144+0000][15960][safepoint    ] Safepoint "Cleanup", Time since last: 1000399304 ns, Reaching safepoint: 81159 ns, At safepoint: 3246 ns, Total: 84405 ns
[2020-05-16T08:58:09.145+0000][15960][safepoint    ] Safepoint "Cleanup", Time since last: 1000510145 ns, Reaching safepoint: 146087 ns, At safepoint: 2783 ns, Total: 148870 ns
[2020-05-16T08:58:10.145+0000][15960][safepoint    ] Safepoint "Cleanup", Time since last: 1000016232 ns, Reaching safepoint: 112231 ns, At safepoint: 15305 ns, Total: 127536 ns
[2020-05-16T08:58:11.145+0000][15960][safepoint    ] Safepoint "Cleanup", Time since last: 1000067710 ns, Reaching safepoint: 74666 ns, At safepoint: 2783 ns, Total: 77449 ns
[2020-05-16T08:58:12.145+0000][15960][safepoint    ] Safepoint "Cleanup", Time since last: 1000264812 ns, Reaching safepoint: 110840 ns, At safepoint: 5565 ns, Total: 116405 ns
[2020-05-16T08:58:13.146+0000][15960][safepoint    ] Safepoint "Cleanup", Time since last: 1000045913 ns, Reaching safepoint: 128000 ns, At safepoint: 4638 ns, Total: 132638 ns
[2020-05-16T08:58:15.146+0000][15960][safepoint    ] Safepoint "Cleanup", Time since last: 2000076522 ns, Reaching safepoint: 131710 ns, At safepoint: 5101 ns, Total: 136811 ns
[2020-05-16T08:58:17.147+0000][15960][safepoint    ] Safepoint "Cleanup", Time since last: 2000769855 ns, Reaching safepoint: 94145 ns, At safepoint: 4637 ns, Total: 98782 ns
[2020-05-16T08:58:18.147+0000][15960][safepoint    ] Safepoint "Cleanup", Time since last: 1000224464 ns, Reaching safepoint: 137739 ns, At safepoint: 7884 ns, Total: 145623 ns
[2020-05-16T08:58:19.147+0000][15960][safepoint    ] Safepoint "Cleanup", Time since last: 1000246261 ns, Reaching safepoint: 157217 ns, At safepoint: 4638 ns, Total: 161855 ns
[2020-05-16T08:58:21.148+0000][15960][safepoint    ] Safepoint "Cleanup", Time since last: 2000254609 ns, Reaching safepoint: 127072 ns, At safepoint: 7884 ns, Total: 134956 ns
[2020-05-16T08:58:23.148+0000][15960][safepoint    ] Safepoint "Cleanup", Time since last: 2000576463 ns, Reaching safepoint: 102957 ns, At safepoint: 3246 ns, Total: 106203 ns
[2020-05-16T08:58:24.149+0000][15960][safepoint    ] Safepoint "Cleanup", Time since last: 1000892754 ns, Reaching safepoint: 148405 ns, At safepoint: 5565 ns, Total: 153970 ns
[2020-05-16T08:58:26.150+0000][15960][safepoint    ] Safepoint "Cleanup", Time since last: 2000391884 ns, Reaching safepoint: 95537 ns, At safepoint: 3246 ns, Total: 98783 ns
[2020-05-16T08:58:27.151+0000][15960][safepoint    ] Safepoint "Cleanup", Time since last: 1000555130 ns, Reaching safepoint: 106667 ns, At safepoint: 3246 ns, Total: 109913 ns
[2020-05-16T08:58:28.151+0000][15960][safepoint    ] Safepoint "Cleanup", Time since last: 1000275478 ns, Reaching safepoint: 156290 ns, At safepoint: 5565 ns, Total: 161855 ns
[2020-05-16T08:58:29.151+0000][15960][safepoint    ] Safepoint "Cleanup", Time since last: 1000102029 ns, Reaching safepoint: 114551 ns, At safepoint: 2782 ns, Total: 117333 ns
[2020-05-16T08:58:31.124+0000][15960][safepoint    ] Safepoint "Cleanup", Time since last: 1972914564 ns, Reaching safepoint: 198956 ns, At safepoint: 9739 ns, Total: 208695 ns
[2020-05-16T08:58:32.125+0000][15960][safepoint    ] Safepoint "Cleanup", Time since last: 1000691014 ns, Reaching safepoint: 167421 ns, At safepoint: 8347 ns, Total: 175768 ns
[2020-05-16T08:58:33.126+0000][15960][safepoint    ] Safepoint "Cleanup", Time since last: 1000191073 ns, Reaching safepoint: 151188 ns, At safepoint: 6957 ns, Total: 158145 ns
[2020-05-16T08:58:34.126+0000][15960][safepoint    ] Safepoint "Cleanup", Time since last: 1000418782 ns, Reaching safepoint: 179942 ns, At safepoint: 6957 ns, Total: 186899 ns
[2020-05-16T08:58:36.129+0000][15960][safepoint    ] Safepoint "Cleanup", Time since last: 1999862261 ns, Reaching safepoint: 3173563 ns, At safepoint: 31073 ns, Total: 3204636 ns
[2020-05-16T08:58:37.130+0000][15960][safepoint    ] Safepoint "Cleanup", Time since last: 1000329739 ns, Reaching safepoint: 128463 ns, At safepoint: 5566 ns, Total: 134029 ns
[2020-05-16T08:58:38.131+0000][15960][safepoint    ] Safepoint "Cleanup", Time since last: 1000635362 ns, Reaching safepoint: 166492 ns, At safepoint: 9276 ns, Total: 175768 ns
[2020-05-16T08:58:39.131+0000][15960][safepoint    ] Safepoint "Cleanup", Time since last: 1000089507 ns, Reaching safepoint: 161855 ns, At safepoint: 9739 ns, Total: 171594 ns
[2020-05-16T08:58:40.132+0000][15960][safepoint    ] Safepoint "Cleanup", Time since last: 1000640927 ns, Reaching safepoint: 169276 ns, At safepoint: 50086 ns, Total: 219362 ns
[2020-05-16T08:58:41.132+0000][15960][safepoint    ] Safepoint "Cleanup", Time since last: 1000583884 ns, Reaching safepoint: 151189 ns, At safepoint: 6492 ns, Total: 157681 ns
[2020-05-16T08:58:42.133+0000][15960][safepoint    ] Safepoint "Cleanup", Time since last: 1000312580 ns, Reaching safepoint: 138667 ns, At safepoint: 8811 ns, Total: 147478 ns
[2020-05-16T08:58:43.134+0000][15960][safepoint    ] Safepoint "Cleanup", Time since last: 1000875594 ns, Reaching safepoint: 137739 ns, At safepoint: 5101 ns, Total: 142840 ns
[2020-05-16T08:58:44.135+0000][15960][safepoint    ] Safepoint "Cleanup", Time since last: 1000751304 ns, Reaching safepoint: 133102 ns, At safepoint: 5101 ns, Total: 138203 ns
[2020-05-16T08:58:46.135+0000][15960][safepoint    ] Safepoint "Cleanup", Time since last: 2000086725 ns, Reaching safepoint: 173449 ns, At safepoint: 6957 ns, Total: 180406 ns
[2020-05-16T08:58:48.136+0000][15960][safepoint    ] Safepoint "Cleanup", Time since last: 2000569043 ns, Reaching safepoint: 133101 ns, At safepoint: 7420 ns, Total: 140521 ns
[2020-05-16T08:58:49.137+0000][15960][safepoint    ] Safepoint "Cleanup", Time since last: 1000789797 ns, Reaching safepoint: 188754 ns, At safepoint: 8348 ns, Total: 197102 ns
[2020-05-16T08:58:50.137+0000][15960][safepoint    ] Safepoint "Cleanup", Time since last: 1000386782 ns, Reaching safepoint: 171130 ns, At safepoint: 9276 ns, Total: 180406 ns
[2020-05-16T08:58:51.138+0000][15960][safepoint    ] Safepoint "Cleanup", Time since last: 1000539362 ns, Reaching safepoint: 267594 ns, At safepoint: 10203 ns, Total: 277797 ns
[2020-05-16T08:58:53.138+0000][15960][safepoint    ] Safepoint "Cleanup", Time since last: 1999891014 ns, Reaching safepoint: 178087 ns, At safepoint: 10203 ns, Total: 188290 ns
[2020-05-16T08:58:55.139+0000][15960][safepoint    ] Safepoint "Cleanup", Time since last: 2000710492 ns, Reaching safepoint: 168348 ns, At safepoint: 9276 ns, Total: 177624 ns
[2020-05-16T08:58:56.140+0000][15960][safepoint    ] Safepoint "Cleanup", Time since last: 1000470260 ns, Reaching safepoint: 222609 ns, At safepoint: 12522 ns, Total: 235131 ns
[2020-05-16T08:58:58.142+0000][15960][safepoint    ] Safepoint "Cleanup", Time since last: 2001498434 ns, Reaching safepoint: 300057 ns, At safepoint: 10667 ns, Total: 310724 ns
[2020-05-16T08:58:59.142+0000][15960][safepoint    ] Safepoint "Cleanup", Time since last: 1000333449 ns, Reaching safepoint: 179942 ns, At safepoint: 12522 ns, Total: 192464 ns
[2020-05-16T08:59:01.142+0000][15960][safepoint    ] Safepoint "Cleanup", Time since last: 2000188753 ns, Reaching safepoint: 170667 ns, At safepoint: 9275 ns, Total: 179942 ns
[2020-05-16T08:59:02.143+0000][15960][safepoint    ] Safepoint "Cleanup", Time since last: 1000272696 ns, Reaching safepoint: 143304 ns, At safepoint: 8348 ns, Total: 151652 ns
[2020-05-16T08:59:03.144+0000][15960][safepoint    ] Safepoint "Cleanup", Time since last: 1000792116 ns, Reaching safepoint: 163710 ns, At safepoint: 10666 ns, Total: 174376 ns
[2020-05-16T08:59:04.144+0000][15960][safepoint    ] Safepoint "Cleanup", Time since last: 1000272696 ns, Reaching safepoint: 198956 ns, At safepoint: 8812 ns, Total: 207768 ns
[2020-05-16T08:59:06.145+0000][15960][safepoint    ] Safepoint "Cleanup", Time since last: 2000575536 ns, Reaching safepoint: 179014 ns, At safepoint: 8812 ns, Total: 187826 ns
[2020-05-16T08:59:07.146+0000][15960][safepoint    ] Safepoint "Cleanup", Time since last: 1000783304 ns, Reaching safepoint: 140058 ns, At safepoint: 7884 ns, Total: 147942 ns
[2020-05-16T08:59:09.147+0000][15960][safepoint    ] Safepoint "Cleanup", Time since last: 2000399304 ns, Reaching safepoint: 157681 ns, At safepoint: 6029 ns, Total: 163710 ns
[2020-05-16T08:59:10.147+0000][15960][safepoint    ] Safepoint "Cleanup", Time since last: 1000549565 ns, Reaching safepoint: 107594 ns, At safepoint: 3710 ns, Total: 111304 ns
[2020-05-16T08:59:11.148+0000][15960][safepoint    ] Safepoint "Cleanup", Time since last: 1000182261 ns, Reaching safepoint: 167420 ns, At safepoint: 6493 ns, Total: 173913 ns
[2020-05-16T08:59:12.148+0000][15960][safepoint    ] Safepoint "Cleanup", Time since last: 1000013449 ns, Reaching safepoint: 90435 ns, At safepoint: 3710 ns, Total: 94145 ns
[2020-05-16T08:59:13.148+0000][15960][safepoint    ] Safepoint "Cleanup", Time since last: 1000193391 ns, Reaching safepoint: 106667 ns, At safepoint: 5101 ns, Total: 111768 ns
[2020-05-16T08:59:14.148+0000][15960][safepoint    ] Safepoint "Cleanup", Time since last: 1000123827 ns, Reaching safepoint: 144695 ns, At safepoint: 8348 ns, Total: 153043 ns
[2020-05-16T08:59:15.149+0000][15960][safepoint    ] Safepoint "Cleanup", Time since last: 1000257391 ns, Reaching safepoint: 151652 ns, At safepoint: 8812 ns, Total: 160464 ns
[2020-05-16T08:59:16.150+0000][15960][safepoint    ] Safepoint "Cleanup", Time since last: 1000849159 ns, Reaching safepoint: 147942 ns, At safepoint: 5565 ns, Total: 153507 ns
[2020-05-16T08:59:17.150+0000][15960][safepoint    ] Safepoint "Cleanup", Time since last: 1000122435 ns, Reaching safepoint: 129391 ns, At safepoint: 4638 ns, Total: 134029 ns
[2020-05-16T08:59:18.151+0000][15960][safepoint    ] Safepoint "Cleanup", Time since last: 1000365913 ns, Reaching safepoint: 119652 ns, At safepoint: 5565 ns, Total: 125217 ns
[2020-05-16T08:59:19.151+0000][15960][safepoint    ] Safepoint "Cleanup", Time since last: 1000262492 ns, Reaching safepoint: 131247 ns, At safepoint: 6029 ns, Total: 137276 ns
[2020-05-16T08:59:20.152+0000][15960][safepoint    ] Safepoint "Cleanup", Time since last: 1000647420 ns, Reaching safepoint: 158145 ns, At safepoint: 6492 ns, Total: 164637 ns
[2020-05-16T08:59:22.153+0000][15960][safepoint    ] Safepoint "Cleanup", Time since last: 2000760580 ns, Reaching safepoint: 196637 ns, At safepoint: 9276 ns, Total: 205913 ns
[2020-05-16T08:59:23.154+0000][15960][safepoint    ] Safepoint "Cleanup", Time since last: 1000657159 ns, Reaching safepoint: 167884 ns, At safepoint: 6029 ns, Total: 173913 ns
[2020-05-16T08:59:24.159+0000][15960][safepoint    ] Safepoint "Cleanup", Time since last: 1005334722 ns, Reaching safepoint: 147942 ns, At safepoint: 6493 ns, Total: 154435 ns
[2020-05-16T08:59:25.160+0000][15960][safepoint    ] Safepoint "Cleanup", Time since last: 1000768463 ns, Reaching safepoint: 160928 ns, At safepoint: 6492 ns, Total: 167420 ns
[2020-05-16T08:59:27.160+0000][15960][safepoint    ] Safepoint "Cleanup", Time since last: 2000021334 ns, Reaching safepoint: 156289 ns, At safepoint: 6493 ns, Total: 162782 ns
[2020-05-16T08:59:29.161+0000][15960][safepoint    ] Safepoint "Cleanup", Time since last: 2000350145 ns, Reaching safepoint: 168348 ns, At safepoint: 6956 ns, Total: 175304 ns
[2020-05-16T08:59:30.161+0000][15960][safepoint    ] Safepoint "Cleanup", Time since last: 1000348754 ns, Reaching safepoint: 162782 ns, At safepoint: 6957 ns, Total: 169739 ns
[2020-05-16T08:59:31.161+0000][15960][safepoint    ] Safepoint "Cleanup", Time since last: 1000048232 ns, Reaching safepoint: 79768 ns, At safepoint: 2782 ns, Total: 82550 ns
[2020-05-16T08:59:32.162+0000][15960][safepoint    ] Safepoint "Cleanup", Time since last: 1000414145 ns, Reaching safepoint: 157681 ns, At safepoint: 6493 ns, Total: 164174 ns
[2020-05-16T08:59:34.163+0000][15960][safepoint    ] Safepoint "Cleanup", Time since last: 2000666898 ns, Reaching safepoint: 159536 ns, At safepoint: 6493 ns, Total: 166029 ns
[2020-05-16T08:59:35.164+0000][15960][safepoint    ] Safepoint "Cleanup", Time since last: 1000654376 ns, Reaching safepoint: 161392 ns, At safepoint: 7884 ns, Total: 169276 ns
[2020-05-16T08:59:36.164+0000][15960][safepoint    ] Safepoint "Cleanup", Time since last: 1000258782 ns, Reaching safepoint: 136348 ns, At safepoint: 6493 ns, Total: 142841 ns
[2020-05-16T08:59:37.164+0000][15960][safepoint    ] Safepoint "Cleanup", Time since last: 1000339942 ns, Reaching safepoint: 142840 ns, At safepoint: 6493 ns, Total: 149333 ns
[2020-05-16T08:59:38.165+0000][15960][safepoint    ] Safepoint "Cleanup", Time since last: 1000735072 ns, Reaching safepoint: 154898 ns, At safepoint: 6493 ns, Total: 161391 ns
[2020-05-16T08:59:40.000+0000][15960][safepoint    ] Safepoint "Cleanup", Time since last: 1834724715 ns, Reaching safepoint: 211014 ns, At safepoint: 13913 ns, Total: 224927 ns
[2020-05-16T08:59:41.001+0000][15960][safepoint    ] Safepoint "Cleanup", Time since last: 1000376580 ns, Reaching safepoint: 212405 ns, At safepoint: 6957 ns, Total: 219362 ns
[2020-05-16T08:59:43.001+0000][15960][safepoint    ] Safepoint "Cleanup", Time since last: 2000189217 ns, Reaching safepoint: 174841 ns, At safepoint: 6956 ns, Total: 181797 ns
[2020-05-16T08:59:44.150+0000][15960][safepoint    ] Safepoint "Cleanup", Time since last: 1149065670 ns, Reaching safepoint: 156290 ns, At safepoint: 6029 ns, Total: 162319 ns
[2020-05-16T08:59:45.151+0000][15960][safepoint    ] Safepoint "Cleanup", Time since last: 1000504116 ns, Reaching safepoint: 170202 ns, At safepoint: 9276 ns, Total: 179478 ns
[2020-05-16T08:59:46.152+0000][15960][safepoint    ] Safepoint "Cleanup", Time since last: 1000480463 ns, Reaching safepoint: 145160 ns, At safepoint: 6029 ns, Total: 151189 ns
[2020-05-16T08:59:47.152+0000][15960][safepoint    ] Safepoint "Cleanup", Time since last: 1000167884 ns, Reaching safepoint: 143768 ns, At safepoint: 7420 ns, Total: 151188 ns
[2020-05-16T08:59:48.153+0000][15960][safepoint    ] Safepoint "Cleanup", Time since last: 1000228174 ns, Reaching safepoint: 155362 ns, At safepoint: 6029 ns, Total: 161391 ns
[2020-05-16T08:59:49.153+0000][15960][safepoint    ] Safepoint "Cleanup", Time since last: 1000062145 ns, Reaching safepoint: 173913 ns, At safepoint: 6493 ns, Total: 180406 ns
[2020-05-16T08:59:50.153+0000][15960][safepoint    ] Safepoint "Cleanup", Time since last: 1000076985 ns, Reaching safepoint: 146551 ns, At safepoint: 6029 ns, Total: 152580 ns
[2020-05-16T08:59:51.153+0000][15960][safepoint    ] Safepoint "Cleanup", Time since last: 1000271304 ns, Reaching safepoint: 123362 ns, At safepoint: 6029 ns, Total: 129391 ns
[2020-05-16T08:59:52.154+0000][15960][safepoint    ] Safepoint "Cleanup", Time since last: 1000091826 ns, Reaching safepoint: 154435 ns, At safepoint: 5565 ns, Total: 160000 ns
[2020-05-16T08:59:53.154+0000][15960][safepoint    ] Safepoint "Cleanup", Time since last: 1000297275 ns, Reaching safepoint: 150261 ns, At safepoint: 6493 ns, Total: 156754 ns
[2020-05-16T08:59:54.155+0000][15960][safepoint    ] Safepoint "Cleanup", Time since last: 1000447072 ns, Reaching safepoint: 326956 ns, At safepoint: 15305 ns, Total: 342261 ns
[2020-05-16T08:59:56.155+0000][15960][safepoint    ] Safepoint "Cleanup", Time since last: 2000773101 ns, Reaching safepoint: 163710 ns, At safepoint: 6029 ns, Total: 169739 ns
[2020-05-16T08:59:58.157+0000][15960][safepoint    ] Safepoint "Cleanup", Time since last: 2000976695 ns, Reaching safepoint: 230493 ns, At safepoint: 20406 ns, Total: 250899 ns
[2020-05-16T09:00:00.158+0000][15960][safepoint    ] Safepoint "Cleanup", Time since last: 2000789333 ns, Reaching safepoint: 157217 ns, At safepoint: 6493 ns, Total: 163710 ns
[2020-05-16T09:00:01.158+0000][15960][safepoint    ] Safepoint "Cleanup", Time since last: 1000019942 ns, Reaching safepoint: 158608 ns, At safepoint: 6493 ns, Total: 165101 ns
[2020-05-16T09:00:02.159+0000][15960][safepoint    ] Safepoint "Cleanup", Time since last: 1000592232 ns, Reaching safepoint: 175304 ns, At safepoint: 6493 ns, Total: 181797 ns
[2020-05-16T09:00:03.160+0000][15960][safepoint    ] Safepoint "Cleanup", Time since last: 1000604753 ns, Reaching safepoint: 135420 ns, At safepoint: 6029 ns, Total: 141449 ns
[2020-05-16T09:00:04.160+0000][15960][safepoint    ] Safepoint "Cleanup", Time since last: 1000339478 ns, Reaching safepoint: 160000 ns, At safepoint: 6957 ns, Total: 166957 ns
[2020-05-16T09:00:05.161+0000][15960][safepoint    ] Safepoint "Cleanup", Time since last: 1000459594 ns, Reaching safepoint: 161855 ns, At safepoint: 9739 ns, Total: 171594 ns
[2020-05-16T09:00:06.161+0000][15960][safepoint    ] Safepoint "Cleanup", Time since last: 1000286145 ns, Reaching safepoint: 247188 ns, At safepoint: 9739 ns, Total: 256927 ns
[2020-05-16T09:00:07.162+0000][15960][safepoint    ] Safepoint "Cleanup", Time since last: 1000153043 ns, Reaching safepoint: 155827 ns, At safepoint: 6492 ns, Total: 162319 ns
[2020-05-16T09:00:08.162+0000][15960][safepoint    ] Safepoint "Cleanup", Time since last: 1000149334 ns, Reaching safepoint: 162318 ns, At safepoint: 10203 ns, Total: 172521 ns
[2020-05-16T09:00:09.163+0000][15960][safepoint    ] Safepoint "Cleanup", Time since last: 1000502725 ns, Reaching safepoint: 108521 ns, At safepoint: 5102 ns, Total: 113623 ns
[2020-05-16T09:00:10.191+0000][15960][safepoint    ] Safepoint "Cleanup", Time since last: 1000167884 ns, Reaching safepoint: 28187349 ns, At safepoint: 20870 ns, Total: 28208219 ns
[2020-05-16T09:00:11.191+0000][15960][safepoint    ] Safepoint "Cleanup", Time since last: 1000301449 ns, Reaching safepoint: 159072 ns, At safepoint: 6493 ns, Total: 165565 ns
[2020-05-16T09:00:12.192+0000][15960][safepoint    ] Safepoint "Cleanup", Time since last: 1000198029 ns, Reaching safepoint: 151652 ns, At safepoint: 7420 ns, Total: 159072 ns
[2020-05-16T09:00:13.193+0000][15960][safepoint    ] Safepoint "Cleanup", Time since last: 1000781449 ns, Reaching safepoint: 163246 ns, At safepoint: 9739 ns, Total: 172985 ns
[2020-05-16T09:00:14.194+0000][15960][safepoint    ] Safepoint "Cleanup", Time since last: 1000616348 ns, Reaching safepoint: 151652 ns, At safepoint: 6957 ns, Total: 158609 ns
[2020-05-16T09:00:15.194+0000][15960][safepoint    ] Safepoint "Cleanup", Time since last: 1000523130 ns, Reaching safepoint: 159536 ns, At safepoint: 6493 ns, Total: 166029 ns
[2020-05-16T09:00:17.195+0000][15960][safepoint    ] Safepoint "Cleanup", Time since last: 2000098318 ns, Reaching safepoint: 181334 ns, At safepoint: 9275 ns, Total: 190609 ns
[2020-05-16T09:00:18.195+0000][15960][safepoint    ] Safepoint "Cleanup", Time since last: 1000230493 ns, Reaching safepoint: 181797 ns, At safepoint: 13913 ns, Total: 195710 ns
[2020-05-16T09:00:19.195+0000][15960][safepoint    ] Safepoint "Cleanup", Time since last: 1000047304 ns, Reaching safepoint: 217507 ns, At safepoint: 12522 ns, Total: 230029 ns
[2020-05-16T09:00:21.195+0000][15960][safepoint    ] Safepoint "Cleanup", Time since last: 1999987478 ns, Reaching safepoint: 166957 ns, At safepoint: 10203 ns, Total: 177160 ns
[2020-05-16T09:00:22.196+0000][15960][safepoint    ] Safepoint "Cleanup", Time since last: 1000632579 ns, Reaching safepoint: 185043 ns, At safepoint: 12058 ns, Total: 197101 ns
[2020-05-16T09:00:24.197+0000][15960][safepoint    ] Safepoint "Cleanup", Time since last: 2000390029 ns, Reaching safepoint: 147015 ns, At safepoint: 7420 ns, Total: 154435 ns
[2020-05-16T09:00:25.197+0000][15960][safepoint    ] Safepoint "Cleanup", Time since last: 1000053333 ns, Reaching safepoint: 170667 ns, At safepoint: 7420 ns, Total: 178087 ns
[2020-05-16T09:00:26.197+0000][15960][safepoint    ] Safepoint "Cleanup", Time since last: 1000137275 ns, Reaching safepoint: 94609 ns, At safepoint: 3246 ns, Total: 97855 ns
[2020-05-16T09:00:27.198+0000][15960][safepoint    ] Safepoint "Cleanup", Time since last: 1000462377 ns, Reaching safepoint: 126145 ns, At safepoint: 5101 ns, Total: 131246 ns
[2020-05-16T09:00:28.198+0000][15960][safepoint    ] Safepoint "Cleanup", Time since last: 1000196638 ns, Reaching safepoint: 161391 ns, At safepoint: 6493 ns, Total: 167884 ns
[2020-05-16T09:00:29.199+0000][15960][safepoint    ] Safepoint "Cleanup", Time since last: 1000472116 ns, Reaching safepoint: 163710 ns, At safepoint: 6492 ns, Total: 170202 ns
[2020-05-16T09:00:30.199+0000][15960][safepoint    ] Safepoint "Cleanup", Time since last: 1000384928 ns, Reaching safepoint: 185507 ns, At safepoint: 8348 ns, Total: 193855 ns
[2020-05-16T09:00:31.200+0000][15960][safepoint    ] Safepoint "Cleanup", Time since last: 1000730434 ns, Reaching safepoint: 90435 ns, At safepoint: 3246 ns, Total: 93681 ns
[2020-05-16T09:00:32.201+0000][15960][safepoint    ] Safepoint "Cleanup", Time since last: 1000140058 ns, Reaching safepoint: 142377 ns, At safepoint: 6493 ns, Total: 148870 ns
[2020-05-16T09:00:33.201+0000][15960][safepoint    ] Safepoint "Cleanup", Time since last: 1000319072 ns, Reaching safepoint: 125217 ns, At safepoint: 6029 ns, Total: 131246 ns
[2020-05-16T09:00:34.201+0000][15960][safepoint    ] Safepoint "Cleanup", Time since last: 1000299131 ns, Reaching safepoint: 116405 ns, At safepoint: 5102 ns, Total: 121507 ns
[2020-05-16T09:00:35.202+0000][15960][safepoint    ] Safepoint "Cleanup", Time since last: 1000496695 ns, Reaching safepoint: 82551 ns, At safepoint: 3246 ns, Total: 85797 ns
[2020-05-16T09:00:36.203+0000][15960][safepoint    ] Safepoint "Cleanup", Time since last: 1000811594 ns, Reaching safepoint: 137739 ns, At safepoint: 24580 ns, Total: 162319 ns
[2020-05-16T09:00:37.203+0000][15960][safepoint    ] Safepoint "Cleanup", Time since last: 1000359420 ns, Reaching safepoint: 145623 ns, At safepoint: 6029 ns, Total: 151652 ns
[2020-05-16T09:00:38.204+0000][15960][safepoint    ] Safepoint "Cleanup", Time since last: 1000673391 ns, Reaching safepoint: 108058 ns, At safepoint: 3710 ns, Total: 111768 ns
[2020-05-16T09:00:39.205+0000][15960][safepoint    ] Safepoint "Cleanup", Time since last: 1000050551 ns, Reaching safepoint: 285681 ns, At safepoint: 10667 ns, Total: 296348 ns
[2020-05-16T09:00:40.205+0000][15960][safepoint    ] Safepoint "Cleanup", Time since last: 1000301449 ns, Reaching safepoint: 121043 ns, At safepoint: 3247 ns, Total: 124290 ns
[2020-05-16T09:00:41.205+0000][15960][safepoint    ] Safepoint "Cleanup", Time since last: 1000242086 ns, Reaching safepoint: 241623 ns, At safepoint: 5102 ns, Total: 246725 ns
[2020-05-16T09:00:42.206+0000][15960][safepoint    ] Safepoint "Cleanup", Time since last: 1000155362 ns, Reaching safepoint: 230957 ns, At safepoint: 6492 ns, Total: 237449 ns
[2020-05-16T09:00:43.206+0000][15960][safepoint    ] Safepoint "Cleanup", Time since last: 1000335304 ns, Reaching safepoint: 147479 ns, At safepoint: 5565 ns, Total: 153044 ns
[2020-05-16T09:00:44.207+0000][15960][safepoint    ] Safepoint "Cleanup", Time since last: 1000513391 ns, Reaching safepoint: 283826 ns, At safepoint: 7420 ns, Total: 291246 ns
[2020-05-16T09:00:45.396+0000][15960][safepoint    ] Safepoint "Cleanup", Time since last: 1000076522 ns, Reaching safepoint: 189103217 ns, At safepoint: 82086 ns, Total: 189185303 ns
[2020-05-16T09:00:46.397+0000][15960][safepoint    ] Safepoint "Cleanup", Time since last: 1000440116 ns, Reaching safepoint: 169739 ns, At safepoint: 6493 ns, Total: 176232 ns
[2020-05-16T09:00:48.397+0000][15960][safepoint    ] Safepoint "Cleanup", Time since last: 2000168812 ns, Reaching safepoint: 103420 ns, At safepoint: 3710 ns, Total: 107130 ns
[2020-05-16T09:00:49.398+0000][15960][safepoint    ] Safepoint "Cleanup", Time since last: 1000208695 ns, Reaching safepoint: 164638 ns, At safepoint: 8812 ns, Total: 173450 ns
[2020-05-16T09:00:50.399+0000][15960][safepoint    ] Safepoint "Cleanup", Time since last: 1000805101 ns, Reaching safepoint: 173913 ns, At safepoint: 29681 ns, Total: 203594 ns
[2020-05-16T09:00:51.400+0000][15960][safepoint    ] Safepoint "Cleanup", Time since last: 1000634898 ns, Reaching safepoint: 159072 ns, At safepoint: 6493 ns, Total: 165565 ns
[2020-05-16T09:00:52.400+0000][15960][safepoint    ] Safepoint "Cleanup", Time since last: 1000331594 ns, Reaching safepoint: 153044 ns, At safepoint: 6492 ns, Total: 159536 ns
[2020-05-16T09:00:54.401+0000][15960][safepoint    ] Safepoint "Cleanup", Time since last: 2001018435 ns, Reaching safepoint: 147942 ns, At safepoint: 5565 ns, Total: 153507 ns
[2020-05-16T09:00:55.402+0000][15960][safepoint    ] Safepoint "Cleanup", Time since last: 1000357565 ns, Reaching safepoint: 167884 ns, At safepoint: 6956 ns, Total: 174840 ns
[2020-05-16T09:00:56.402+0000][15960][safepoint    ] Safepoint "Cleanup", Time since last: 1000110841 ns, Reaching safepoint: 158145 ns, At safepoint: 9739 ns, Total: 167884 ns
[2020-05-16T09:00:57.402+0000][15960][safepoint    ] Safepoint "Cleanup", Time since last: 1000204522 ns, Reaching safepoint: 157681 ns, At safepoint: 6956 ns, Total: 164637 ns
[2020-05-16T09:00:59.403+0000][15960][safepoint    ] Safepoint "Cleanup", Time since last: 2000064000 ns, Reaching safepoint: 170203 ns, At safepoint: 6493 ns, Total: 176696 ns
[2020-05-16T09:01:01.403+0000][15960][safepoint    ] Safepoint "Cleanup", Time since last: 2000205449 ns, Reaching safepoint: 149333 ns, At safepoint: 6493 ns, Total: 155826 ns
[2020-05-16T09:01:03.404+0000][15960][safepoint    ] Safepoint "Cleanup", Time since last: 2000281507 ns, Reaching safepoint: 172058 ns, At safepoint: 8348 ns, Total: 180406 ns
[2020-05-16T09:01:04.404+0000][15960][safepoint    ] Safepoint "Cleanup", Time since last: 1000664115 ns, Reaching safepoint: 151189 ns, At safepoint: 6956 ns, Total: 158145 ns
[2020-05-16T09:01:05.405+0000][15960][safepoint    ] Safepoint "Cleanup", Time since last: 1000511073 ns, Reaching safepoint: 211014 ns, At safepoint: 10203 ns, Total: 221217 ns
[2020-05-16T09:01:06.405+0000][15960][safepoint    ] Safepoint "Cleanup", Time since last: 1000047304 ns, Reaching safepoint: 175768 ns, At safepoint: 11131 ns, Total: 186899 ns
[2020-05-16T09:01:08.406+0000][15960][safepoint    ] Safepoint "Cleanup", Time since last: 2000292637 ns, Reaching safepoint: 166029 ns, At safepoint: 10203 ns, Total: 176232 ns
[2020-05-16T09:01:09.406+0000][15960][safepoint    ] Safepoint "Cleanup", Time since last: 1000273159 ns, Reaching safepoint: 234667 ns, At safepoint: 9739 ns, Total: 244406 ns
[2020-05-16T09:01:11.407+0000][15960][safepoint    ] Safepoint "Cleanup", Time since last: 2000466550 ns, Reaching safepoint: 192928 ns, At safepoint: 7884 ns, Total: 200812 ns
[2020-05-16T09:01:12.407+0000][15960][safepoint    ] Safepoint "Cleanup", Time since last: 1000023188 ns, Reaching safepoint: 288928 ns, At safepoint: 28753 ns, Total: 317681 ns
[2020-05-16T09:01:13.408+0000][15960][safepoint    ] Safepoint "Cleanup", Time since last: 1000675710 ns, Reaching safepoint: 189217 ns, At safepoint: 8348 ns, Total: 197565 ns
[2020-05-16T09:01:15.409+0000][15960][safepoint    ] Safepoint "Cleanup", Time since last: 2000211478 ns, Reaching safepoint: 275015 ns, At safepoint: 7420 ns, Total: 282435 ns
[2020-05-16T09:01:16.409+0000][15960][safepoint    ] Safepoint "Cleanup", Time since last: 1000419710 ns, Reaching safepoint: 794434 ns, At safepoint: 65856 ns, Total: 860290 ns
[2020-05-16T09:01:17.411+0000][15960][safepoint    ] Safepoint "Cleanup", Time since last: 1000485101 ns, Reaching safepoint: 162782 ns, At safepoint: 6957 ns, Total: 169739 ns
[2020-05-16T09:01:18.411+0000][15960][safepoint    ] Safepoint "Cleanup", Time since last: 1000675710 ns, Reaching safepoint: 162318 ns, At safepoint: 9740 ns, Total: 172058 ns
[2020-05-16T09:01:19.412+0000][15960][safepoint    ] Safepoint "Cleanup", Time since last: 1000309796 ns, Reaching safepoint: 183189 ns, At safepoint: 7420 ns, Total: 190609 ns
[2020-05-16T09:01:20.413+0000][15960][safepoint    ] Safepoint "Cleanup", Time since last: 1000421101 ns, Reaching safepoint: 169739 ns, At safepoint: 7421 ns, Total: 177160 ns
[2020-05-16T09:01:21.413+0000][15960][safepoint    ] Safepoint "Cleanup", Time since last: 1000489275 ns, Reaching safepoint: 153507 ns, At safepoint: 6957 ns, Total: 160464 ns
[2020-05-16T09:01:22.413+0000][15960][safepoint    ] Safepoint "Cleanup", Time since last: 1000067246 ns, Reaching safepoint: 169275 ns, At safepoint: 6957 ns, Total: 176232 ns
[2020-05-16T09:01:24.413+0000][15960][safepoint    ] Safepoint "Cleanup", Time since last: 1999932290 ns, Reaching safepoint: 165565 ns, At safepoint: 7420 ns, Total: 172985 ns
[2020-05-16T09:01:26.414+0000][15960][safepoint    ] Safepoint "Cleanup", Time since last: 2000047768 ns, Reaching safepoint: 170667 ns, At safepoint: 7420 ns, Total: 178087 ns
[2020-05-16T09:01:27.415+0000][15960][safepoint    ] Safepoint "Cleanup", Time since last: 1000799536 ns, Reaching safepoint: 150724 ns, At safepoint: 6957 ns, Total: 157681 ns
[2020-05-16T09:01:28.415+0000][15960][safepoint    ] Safepoint "Cleanup", Time since last: 1000645101 ns, Reaching safepoint: 171130 ns, At safepoint: 11595 ns, Total: 182725 ns
[2020-05-16T09:01:29.416+0000][15960][safepoint    ] Safepoint "Cleanup", Time since last: 1000589912 ns, Reaching safepoint: 148406 ns, At safepoint: 6029 ns, Total: 154435 ns
[2020-05-16T09:01:30.417+0000][15960][safepoint    ] Safepoint "Cleanup", Time since last: 1000408580 ns, Reaching safepoint: 157681 ns, At safepoint: 9739 ns, Total: 167420 ns
[2020-05-16T09:01:31.418+0000][15960][safepoint    ] Safepoint "Cleanup", Time since last: 1000488347 ns, Reaching safepoint: 151189 ns, At safepoint: 6956 ns, Total: 158145 ns
[2020-05-16T09:01:33.418+0000][15960][safepoint    ] Safepoint "Cleanup", Time since last: 2000692406 ns, Reaching safepoint: 167884 ns, At safepoint: 7420 ns, Total: 175304 ns
[2020-05-16T09:01:35.419+0000][15960][safepoint    ] Safepoint "Cleanup", Time since last: 2000785159 ns, Reaching safepoint: 105739 ns, At safepoint: 4174 ns, Total: 109913 ns
[2020-05-16T09:01:37.420+0000][15960][safepoint    ] Safepoint "Cleanup", Time since last: 2000923362 ns, Reaching safepoint: 143768 ns, At safepoint: 6493 ns, Total: 150261 ns
[2020-05-16T09:01:38.421+0000][15960][safepoint    ] Safepoint "Cleanup", Time since last: 1000354318 ns, Reaching safepoint: 144696 ns, At safepoint: 9739 ns, Total: 154435 ns
[2020-05-16T09:01:39.422+0000][15960][safepoint    ] Safepoint "Cleanup", Time since last: 1000633971 ns, Reaching safepoint: 217043 ns, At safepoint: 9739 ns, Total: 226782 ns
[2020-05-16T09:01:40.422+0000][15960][safepoint    ] Safepoint "Cleanup", Time since last: 1000754551 ns, Reaching safepoint: 168347 ns, At safepoint: 11131 ns, Total: 179478 ns
[2020-05-16T09:01:41.423+0000][15960][safepoint    ] Safepoint "Cleanup", Time since last: 1000038029 ns, Reaching safepoint: 278724 ns, At safepoint: 8348 ns, Total: 287072 ns
[2020-05-16T09:01:43.423+0000][15960][safepoint    ] Safepoint "Cleanup", Time since last: 1999809392 ns, Reaching safepoint: 260637 ns, At safepoint: 13449 ns, Total: 274086 ns
[2020-05-16T09:01:44.424+0000][15960][safepoint    ] Safepoint "Cleanup", Time since last: 1000326493 ns, Reaching safepoint: 411826 ns, At safepoint: 11594 ns, Total: 423420 ns
[2020-05-16T09:01:45.679+0000][15960][safepoint    ] Safepoint "Cleanup", Time since last: 1254634085 ns, Reaching safepoint: 175304 ns, At safepoint: 9739 ns, Total: 185043 ns
[2020-05-16T09:01:46.679+0000][15960][safepoint    ] Safepoint "Cleanup", Time since last: 1000597797 ns, Reaching safepoint: 148870 ns, At safepoint: 9275 ns, Total: 158145 ns
[2020-05-16T09:01:48.680+0000][15960][safepoint    ] Safepoint "Cleanup", Time since last: 2000007884 ns, Reaching safepoint: 159536 ns, At safepoint: 6957 ns, Total: 166493 ns
[2020-05-16T09:01:49.680+0000][15960][safepoint    ] Safepoint "Cleanup", Time since last: 1000515710 ns, Reaching safepoint: 104811 ns, At safepoint: 2783 ns, Total: 107594 ns
[2020-05-16T09:01:51.680+0000][15960][safepoint    ] Safepoint "Cleanup", Time since last: 2000100174 ns, Reaching safepoint: 158144 ns, At safepoint: 6493 ns, Total: 164637 ns
[2020-05-16T09:01:52.681+0000][15960][safepoint    ] Safepoint "Cleanup", Time since last: 1000154899 ns, Reaching safepoint: 166492 ns, At safepoint: 6957 ns, Total: 173449 ns
[2020-05-16T09:01:53.682+0000][15960][safepoint    ] Safepoint "Cleanup", Time since last: 1000784231 ns, Reaching safepoint: 140986 ns, At safepoint: 6956 ns, Total: 147942 ns
[2020-05-16T09:01:54.682+0000][15960][safepoint    ] Safepoint "Cleanup", Time since last: 1000209623 ns, Reaching safepoint: 93682 ns, At safepoint: 4174 ns, Total: 97856 ns
[2020-05-16T09:01:56.683+0000][15960][safepoint    ] Safepoint "Cleanup", Time since last: 2000896927 ns, Reaching safepoint: 133101 ns, At safepoint: 5101 ns, Total: 138202 ns
[2020-05-16T09:01:58.684+0000][15960][safepoint    ] Safepoint "Cleanup", Time since last: 2000419710 ns, Reaching safepoint: 166029 ns, At safepoint: 6493 ns, Total: 172522 ns
[2020-05-16T09:01:59.684+0000][15960][safepoint    ] Safepoint "Cleanup", Time since last: 1000720232 ns, Reaching safepoint: 164637 ns, At safepoint: 6029 ns, Total: 170666 ns
[2020-05-16T09:02:00.685+0000][15960][safepoint    ] Safepoint "Cleanup", Time since last: 1000220290 ns, Reaching safepoint: 160464 ns, At safepoint: 9739 ns, Total: 170203 ns
[2020-05-16T09:02:02.685+0000][15960][safepoint    ] Safepoint "Cleanup", Time since last: 1999974956 ns, Reaching safepoint: 164174 ns, At safepoint: 6493 ns, Total: 170667 ns
[2020-05-16T09:02:03.685+0000][15960][safepoint    ] Safepoint "Cleanup", Time since last: 1000265739 ns, Reaching safepoint: 144696 ns, At safepoint: 6956 ns, Total: 151652 ns
[2020-05-16T09:02:05.686+0000][15960][safepoint    ] Safepoint "Cleanup", Time since last: 2000725797 ns, Reaching safepoint: 152116 ns, At safepoint: 6956 ns, Total: 159072 ns
[2020-05-16T09:02:06.687+0000][15960][safepoint    ] Safepoint "Cleanup", Time since last: 1000243478 ns, Reaching safepoint: 152116 ns, At safepoint: 6493 ns, Total: 158609 ns
[2020-05-16T09:02:08.688+0000][15960][safepoint    ] Safepoint "Cleanup", Time since last: 2000755014 ns, Reaching safepoint: 158145 ns, At safepoint: 6029 ns, Total: 164174 ns
[2020-05-16T09:02:10.688+0000][15960][safepoint    ] Safepoint "Cleanup", Time since last: 1999932754 ns, Reaching safepoint: 151188 ns, At safepoint: 9739 ns, Total: 160927 ns
[2020-05-16T09:02:11.689+0000][15960][safepoint    ] Safepoint "Cleanup", Time since last: 1000588058 ns, Reaching safepoint: 228637 ns, At safepoint: 10667 ns, Total: 239304 ns
[2020-05-16T09:02:12.689+0000][15960][safepoint    ] Safepoint "Cleanup", Time since last: 1000659942 ns, Reaching safepoint: 202203 ns, At safepoint: 11130 ns, Total: 213333 ns
[2020-05-16T09:02:13.690+0000][15960][safepoint    ] Safepoint "Cleanup", Time since last: 1000776811 ns, Reaching safepoint: 242551 ns, At safepoint: 9739 ns, Total: 252290 ns
[2020-05-16T09:02:14.691+0000][15960][safepoint    ] Safepoint "Cleanup", Time since last: 1000175768 ns, Reaching safepoint: 158609 ns, At safepoint: 6492 ns, Total: 165101 ns
[2020-05-16T09:02:15.691+0000][15960][safepoint    ] Safepoint "Cleanup", Time since last: 1000041739 ns, Reaching safepoint: 156754 ns, At safepoint: 6956 ns, Total: 163710 ns
[2020-05-16T09:02:17.691+0000][15960][safepoint    ] Safepoint "Cleanup", Time since last: 2000276870 ns, Reaching safepoint: 158145 ns, At safepoint: 6029 ns, Total: 164174 ns
[2020-05-16T09:02:18.692+0000][15960][safepoint    ] Safepoint "Cleanup", Time since last: 1000179942 ns, Reaching safepoint: 153507 ns, At safepoint: 6956 ns, Total: 160463 ns
[2020-05-16T09:02:19.693+0000][15960][safepoint    ] Safepoint "Cleanup", Time since last: 1000534261 ns, Reaching safepoint: 148870 ns, At safepoint: 6956 ns, Total: 155826 ns
[2020-05-16T09:02:21.693+0000][15960][safepoint    ] Safepoint "Cleanup", Time since last: 2000530087 ns, Reaching safepoint: 157217 ns, At safepoint: 9275 ns, Total: 166492 ns
[2020-05-16T09:02:22.694+0000][15960][safepoint    ] Safepoint "Cleanup", Time since last: 1000774957 ns, Reaching safepoint: 151652 ns, At safepoint: 6492 ns, Total: 158144 ns
[2020-05-16T09:02:23.695+0000][15960][safepoint    ] Safepoint "Cleanup", Time since last: 1000544464 ns, Reaching safepoint: 149333 ns, At safepoint: 7421 ns, Total: 156754 ns
[2020-05-16T09:02:24.695+0000][15960][safepoint    ] Safepoint "Cleanup", Time since last: 1000382144 ns, Reaching safepoint: 156290 ns, At safepoint: 7420 ns, Total: 163710 ns
[2020-05-16T09:02:26.696+0000][15960][safepoint    ] Safepoint "Cleanup", Time since last: 2000454493 ns, Reaching safepoint: 155826 ns, At safepoint: 6493 ns, Total: 162319 ns
[2020-05-16T09:02:27.697+0000][15960][safepoint    ] Safepoint "Cleanup", Time since last: 1000591304 ns, Reaching safepoint: 150261 ns, At safepoint: 6492 ns, Total: 156753 ns
[2020-05-16T09:02:28.697+0000][15960][safepoint    ] Safepoint "Cleanup", Time since last: 1000041739 ns, Reaching safepoint: 153971 ns, At safepoint: 6493 ns, Total: 160464 ns
[2020-05-16T09:02:29.697+0000][15960][safepoint    ] Safepoint "Cleanup", Time since last: 1000365449 ns, Reaching safepoint: 96928 ns, At safepoint: 2782 ns, Total: 99710 ns
[2020-05-16T09:02:30.698+0000][15960][safepoint    ] Safepoint "Cleanup", Time since last: 1000594551 ns, Reaching safepoint: 92753 ns, At safepoint: 3247 ns, Total: 96000 ns
[2020-05-16T09:02:31.699+0000][15960][safepoint    ] Safepoint "Cleanup", Time since last: 1000505043 ns, Reaching safepoint: 125217 ns, At safepoint: 4638 ns, Total: 129855 ns
[2020-05-16T09:02:32.699+0000][15960][safepoint    ] Safepoint "Cleanup", Time since last: 1000569971 ns, Reaching safepoint: 148869 ns, At safepoint: 6957 ns, Total: 155826 ns
[2020-05-16T09:02:34.700+0000][15960][safepoint    ] Safepoint "Cleanup", Time since last: 2000153043 ns, Reaching safepoint: 168348 ns, At safepoint: 6956 ns, Total: 175304 ns
[2020-05-16T09:02:35.701+0000][15960][safepoint    ] Safepoint "Cleanup", Time since last: 1000785159 ns, Reaching safepoint: 153044 ns, At safepoint: 9739 ns, Total: 162783 ns
[2020-05-16T09:02:36.701+0000][15960][safepoint    ] Safepoint "Cleanup", Time since last: 1000485101 ns, Reaching safepoint: 146551 ns, At safepoint: 9275 ns, Total: 155826 ns
[2020-05-16T09:02:37.702+0000][15960][safepoint    ] Safepoint "Cleanup", Time since last: 1000107131 ns, Reaching safepoint: 150260 ns, At safepoint: 9276 ns, Total: 159536 ns
[2020-05-16T09:02:38.702+0000][15960][safepoint    ] Safepoint "Cleanup", Time since last: 1000335304 ns, Reaching safepoint: 149333 ns, At safepoint: 12522 ns, Total: 161855 ns
[2020-05-16T09:02:39.702+0000][15960][safepoint    ] Safepoint "Cleanup", Time since last: 1000026435 ns, Reaching safepoint: 126145 ns, At safepoint: 6492 ns, Total: 132637 ns
[2020-05-16T09:02:40.703+0000][15960][safepoint    ] Safepoint "Cleanup", Time since last: 1000878841 ns, Reaching safepoint: 146086 ns, At safepoint: 9740 ns, Total: 155826 ns
[2020-05-16T09:02:41.704+0000][15960][safepoint    ] Safepoint "Cleanup", Time since last: 1000376579 ns, Reaching safepoint: 147942 ns, At safepoint: 6957 ns, Total: 154899 ns
[2020-05-16T09:02:42.705+0000][15960][safepoint    ] Safepoint "Cleanup", Time since last: 1000665970 ns, Reaching safepoint: 349681 ns, At safepoint: 8812 ns, Total: 358493 ns
[2020-05-16T09:02:43.705+0000][15960][safepoint    ] Safepoint "Cleanup", Time since last: 1000159072 ns, Reaching safepoint: 96928 ns, At safepoint: 3710 ns, Total: 100638 ns
[2020-05-16T09:02:44.727+0000][15960][safepoint    ] Safepoint "Cleanup", Time since last: 1006805794 ns, Reaching safepoint: 15112341 ns, At safepoint: 27826 ns, Total: 15140167 ns
[2020-05-16T09:02:46.728+0000][15960][safepoint    ] Safepoint "Cleanup", Time since last: 2000637681 ns, Reaching safepoint: 158608 ns, At safepoint: 6493 ns, Total: 165101 ns
[2020-05-16T09:02:47.728+0000][15960][safepoint    ] Safepoint "Cleanup", Time since last: 1000358029 ns, Reaching safepoint: 156290 ns, At safepoint: 6956 ns, Total: 163246 ns
[2020-05-16T09:02:49.729+0000][15960][safepoint    ] Safepoint "Cleanup", Time since last: 1999931362 ns, Reaching safepoint: 140058 ns, At safepoint: 6957 ns, Total: 147015 ns
[2020-05-16T09:02:50.730+0000][15960][safepoint    ] Safepoint "Cleanup", Time since last: 1000918724 ns, Reaching safepoint: 155826 ns, At safepoint: 6493 ns, Total: 162319 ns
[2020-05-16T09:02:51.730+0000][15960][safepoint    ] Safepoint "Cleanup", Time since last: 1000701681 ns, Reaching safepoint: 157217 ns, At safepoint: 6029 ns, Total: 163246 ns
[2020-05-16T09:02:53.732+0000][15960][safepoint    ] Safepoint "Cleanup", Time since last: 2000925217 ns, Reaching safepoint: 102029 ns, At safepoint: 4174 ns, Total: 106203 ns
[2020-05-16T09:02:54.732+0000][15960][safepoint    ] Safepoint "Cleanup", Time since last: 1000103884 ns, Reaching safepoint: 147014 ns, At safepoint: 5565 ns, Total: 152579 ns
[2020-05-16T09:02:55.732+0000][15960][safepoint    ] Safepoint "Cleanup", Time since last: 1000225392 ns, Reaching safepoint: 200811 ns, At safepoint: 6493 ns, Total: 207304 ns
[2020-05-16T09:02:56.733+0000][15960][safepoint    ] Safepoint "Cleanup", Time since last: 1000677565 ns, Reaching safepoint: 166956 ns, At safepoint: 6493 ns, Total: 173449 ns
[2020-05-16T09:02:57.734+0000][15960][safepoint    ] Safepoint "Cleanup", Time since last: 1000652985 ns, Reaching safepoint: 181797 ns, At safepoint: 6957 ns, Total: 188754 ns
[2020-05-16T09:02:58.735+0000][15960][safepoint    ] Safepoint "Cleanup", Time since last: 1000672463 ns, Reaching safepoint: 164638 ns, At safepoint: 7420 ns, Total: 172058 ns
[2020-05-16T09:02:59.736+0000][15960][safepoint    ] Safepoint "Cleanup", Time since last: 1000781449 ns, Reaching safepoint: 236985 ns, At safepoint: 12058 ns, Total: 249043 ns
[2020-05-16T09:03:01.736+0000][15960][safepoint    ] Safepoint "Cleanup", Time since last: 2000368232 ns, Reaching safepoint: 224927 ns, At safepoint: 9740 ns, Total: 234667 ns
[2020-05-16T09:03:02.737+0000][15960][safepoint    ] Safepoint "Cleanup", Time since last: 1000332057 ns, Reaching safepoint: 147942 ns, At safepoint: 6493 ns, Total: 154435 ns
[2020-05-16T09:03:03.738+0000][15960][safepoint    ] Safepoint "Cleanup", Time since last: 1000549101 ns, Reaching safepoint: 161392 ns, At safepoint: 8811 ns, Total: 170203 ns
[2020-05-16T09:03:04.738+0000][15960][safepoint    ] Safepoint "Cleanup", Time since last: 1000487420 ns, Reaching safepoint: 240232 ns, At safepoint: 9739 ns, Total: 249971 ns
[2020-05-16T09:03:05.739+0000][15960][safepoint    ] Safepoint "Cleanup", Time since last: 1000511536 ns, Reaching safepoint: 102957 ns, At safepoint: 5101 ns, Total: 108058 ns
[2020-05-16T09:03:06.740+0000][15960][safepoint    ] Safepoint "Cleanup", Time since last: 1000555594 ns, Reaching safepoint: 187362 ns, At safepoint: 7420 ns, Total: 194782 ns
[2020-05-16T09:03:08.741+0000][15960][safepoint    ] Safepoint "Cleanup", Time since last: 2000757333 ns, Reaching safepoint: 327884 ns, At safepoint: 18087 ns, Total: 345971 ns
[2020-05-16T09:03:09.742+0000][15960][safepoint    ] Safepoint "Cleanup", Time since last: 1000600580 ns, Reaching safepoint: 144695 ns, At safepoint: 7884 ns, Total: 152579 ns
[2020-05-16T09:03:10.743+0000][15960][safepoint    ] Safepoint "Cleanup", Time since last: 1000793507 ns, Reaching safepoint: 83478 ns, At safepoint: 4174 ns, Total: 87652 ns
[2020-05-16T09:03:12.743+0000][15960][safepoint    ] Safepoint "Cleanup", Time since last: 2000835246 ns, Reaching safepoint: 171131 ns, At safepoint: 7420 ns, Total: 178551 ns
[2020-05-16T09:03:13.744+0000][15960][safepoint    ] Safepoint "Cleanup", Time since last: 1000085333 ns, Reaching safepoint: 160000 ns, At safepoint: 6029 ns, Total: 166029 ns
[2020-05-16T09:03:14.744+0000][15960][safepoint    ] Safepoint "Cleanup", Time since last: 1000136348 ns, Reaching safepoint: 141913 ns, At safepoint: 7420 ns, Total: 149333 ns
[2020-05-16T09:03:15.745+0000][15960][safepoint    ] Safepoint "Cleanup", Time since last: 1000732754 ns, Reaching safepoint: 175304 ns, At safepoint: 12522 ns, Total: 187826 ns
[2020-05-16T09:03:16.745+0000][15960][safepoint    ] Safepoint "Cleanup", Time since last: 1000223072 ns, Reaching safepoint: 81623 ns, At safepoint: 3710 ns, Total: 85333 ns
[2020-05-16T09:03:17.811+0000][15960][safepoint    ] Safepoint "Cleanup", Time since last: 1065751622 ns, Reaching safepoint: 304232 ns, At safepoint: 10666 ns, Total: 314898 ns
[2020-05-16T09:03:18.812+0000][15960][safepoint    ] Safepoint "Cleanup", Time since last: 1000185971 ns, Reaching safepoint: 153507 ns, At safepoint: 6957 ns, Total: 160464 ns
[2020-05-16T09:03:19.812+0000][15960][safepoint    ] Safepoint "Cleanup", Time since last: 1000243478 ns, Reaching safepoint: 160464 ns, At safepoint: 8348 ns, Total: 168812 ns
[2020-05-16T09:03:20.816+0000][15960][safepoint    ] Safepoint "Cleanup", Time since last: 1004313041 ns, Reaching safepoint: 172985 ns, At safepoint: 6493 ns, Total: 179478 ns
[2020-05-16T09:03:22.817+0000][15960][safepoint    ] Safepoint "Cleanup", Time since last: 2000686377 ns, Reaching safepoint: 144232 ns, At safepoint: 6492 ns, Total: 150724 ns
[2020-05-16T09:03:23.818+0000][15960][safepoint    ] Safepoint "Cleanup", Time since last: 1000306551 ns, Reaching safepoint: 173449 ns, At safepoint: 6493 ns, Total: 179942 ns
[2020-05-16T09:03:24.819+0000][15960][safepoint    ] Safepoint "Cleanup", Time since last: 1000634434 ns, Reaching safepoint: 104812 ns, At safepoint: 3246 ns, Total: 108058 ns
[2020-05-16T09:03:26.819+0000][15960][safepoint    ] Safepoint "Cleanup", Time since last: 2000425739 ns, Reaching safepoint: 149797 ns, At safepoint: 6957 ns, Total: 156754 ns
[2020-05-16T09:03:27.820+0000][15960][safepoint    ] Safepoint "Cleanup", Time since last: 1000292637 ns, Reaching safepoint: 92754 ns, At safepoint: 3710 ns, Total: 96464 ns
[2020-05-16T09:03:28.820+0000][15960][safepoint    ] Safepoint "Cleanup", Time since last: 1000764289 ns, Reaching safepoint: 156290 ns, At safepoint: 7421 ns, Total: 163711 ns
[2020-05-16T09:03:29.821+0000][15960][safepoint    ] Safepoint "Cleanup", Time since last: 1000464231 ns, Reaching safepoint: 180406 ns, At safepoint: 10667 ns, Total: 191073 ns
[2020-05-16T09:03:31.822+0000][15960][safepoint    ] Safepoint "Cleanup", Time since last: 2000483246 ns, Reaching safepoint: 215652 ns, At safepoint: 8348 ns, Total: 224000 ns
[2020-05-16T09:03:33.822+0000][15960][safepoint    ] Safepoint "Cleanup", Time since last: 2000479536 ns, Reaching safepoint: 203130 ns, At safepoint: 9739 ns, Total: 212869 ns
[2020-05-16T09:03:35.823+0000][15960][safepoint    ] Safepoint "Cleanup", Time since last: 2000469797 ns, Reaching safepoint: 181797 ns, At safepoint: 31072 ns, Total: 212869 ns
[2020-05-16T09:03:36.824+0000][15960][safepoint    ] Safepoint "Cleanup", Time since last: 1000650203 ns, Reaching safepoint: 240232 ns, At safepoint: 14840 ns, Total: 255072 ns
[2020-05-16T09:03:37.825+0000][15960][safepoint    ] Safepoint "Cleanup", Time since last: 1000422029 ns, Reaching safepoint: 419710 ns, At safepoint: 11131 ns, Total: 430841 ns
[2020-05-16T09:03:39.825+0000][15960][safepoint    ] Safepoint "Cleanup", Time since last: 1999931362 ns, Reaching safepoint: 188290 ns, At safepoint: 4174 ns, Total: 192464 ns
[2020-05-16T09:03:40.826+0000][15960][safepoint    ] Safepoint "Cleanup", Time since last: 1000640927 ns, Reaching safepoint: 292637 ns, At safepoint: 8812 ns, Total: 301449 ns
[2020-05-16T09:03:42.826+0000][15960][safepoint    ] Safepoint "Cleanup", Time since last: 2000157681 ns, Reaching safepoint: 178087 ns, At safepoint: 9739 ns, Total: 187826 ns
[2020-05-16T09:03:44.827+0000][15960][safepoint    ] Safepoint "Cleanup", Time since last: 2000837565 ns, Reaching safepoint: 186435 ns, At safepoint: 12058 ns, Total: 198493 ns
[2020-05-16T09:03:45.828+0000][15960][safepoint    ] Safepoint "Cleanup", Time since last: 1000060753 ns, Reaching safepoint: 138203 ns, At safepoint: 7420 ns, Total: 145623 ns
[2020-05-16T09:03:47.828+0000][15960][safepoint    ] Safepoint "Cleanup", Time since last: 1999947594 ns, Reaching safepoint: 146551 ns, At safepoint: 6493 ns, Total: 153044 ns
[2020-05-16T09:03:48.828+0000][15960][safepoint    ] Safepoint "Cleanup", Time since last: 1000543536 ns, Reaching safepoint: 129855 ns, At safepoint: 7420 ns, Total: 137275 ns
[2020-05-16T09:03:49.829+0000][15960][safepoint    ] Safepoint "Cleanup", Time since last: 1000323246 ns, Reaching safepoint: 153044 ns, At safepoint: 6956 ns, Total: 160000 ns
[2020-05-16T09:03:50.838+0000][15960][safepoint    ] Safepoint "Cleanup", Time since last: 1000298203 ns, Reaching safepoint: 9098663 ns, At safepoint: 25971 ns, Total: 9124634 ns
[2020-05-16T09:03:51.839+0000][15960][safepoint    ] Safepoint "Cleanup", Time since last: 1000077913 ns, Reaching safepoint: 95999 ns, At safepoint: 4174 ns, Total: 100173 ns
[2020-05-16T09:03:52.839+0000][15960][safepoint    ] Safepoint "Cleanup", Time since last: 1000424812 ns, Reaching safepoint: 380289 ns, At safepoint: 19015 ns, Total: 399304 ns
[2020-05-16T09:03:53.839+0000][15960][safepoint    ] Safepoint "Cleanup", Time since last: 1000035710 ns, Reaching safepoint: 140058 ns, At safepoint: 5101 ns, Total: 145159 ns
[2020-05-16T09:03:55.840+0000][15960][safepoint    ] Safepoint "Cleanup", Time since last: 2000723015 ns, Reaching safepoint: 474898 ns, At safepoint: 12985 ns, Total: 487883 ns
[2020-05-16T09:03:56.841+0000][15960][safepoint    ] Safepoint "Cleanup", Time since last: 1000318145 ns, Reaching safepoint: 128928 ns, At safepoint: 4174 ns, Total: 133102 ns
[2020-05-16T09:03:57.842+0000][15960][safepoint    ] Safepoint "Cleanup", Time since last: 1000341797 ns, Reaching safepoint: 157217 ns, At safepoint: 6956 ns, Total: 164173 ns
[2020-05-16T09:03:58.842+0000][15960][safepoint    ] Safepoint "Cleanup", Time since last: 1000323710 ns, Reaching safepoint: 167884 ns, At safepoint: 6957 ns, Total: 174841 ns
[2020-05-16T09:03:59.843+0000][15960][safepoint    ] Safepoint "Cleanup", Time since last: 1000707710 ns, Reaching safepoint: 137275 ns, At safepoint: 6956 ns, Total: 144231 ns
[2020-05-16T09:04:00.843+0000][15960][safepoint    ] Safepoint "Cleanup", Time since last: 1000096000 ns, Reaching safepoint: 101102 ns, At safepoint: 4174 ns, Total: 105276 ns
[2020-05-16T09:04:01.847+0000][15960][safepoint    ] Safepoint "Cleanup", Time since last: 1003494491 ns, Reaching safepoint: 162782 ns, At safepoint: 6957 ns, Total: 169739 ns
[2020-05-16T09:04:02.847+0000][15960][safepoint    ] Safepoint "Cleanup", Time since last: 1000173449 ns, Reaching safepoint: 144232 ns, At safepoint: 6493 ns, Total: 150725 ns
[2020-05-16T09:04:03.848+0000][15960][safepoint    ] Safepoint "Cleanup", Time since last: 1000191536 ns, Reaching safepoint: 252753 ns, At safepoint: 6029 ns, Total: 258782 ns
[2020-05-16T09:04:04.848+0000][15960][safepoint    ] Safepoint "Cleanup", Time since last: 1000567652 ns, Reaching safepoint: 135884 ns, At safepoint: 6957 ns, Total: 142841 ns
[2020-05-16T09:04:05.849+0000][15960][safepoint    ] Safepoint "Cleanup", Time since last: 1000399768 ns, Reaching safepoint: 153971 ns, At safepoint: 6492 ns, Total: 160463 ns
[2020-05-16T09:04:06.850+0000][15960][safepoint    ] Safepoint "Cleanup", Time since last: 1000450319 ns, Reaching safepoint: 162319 ns, At safepoint: 7884 ns, Total: 170203 ns
[2020-05-16T09:04:07.850+0000][15960][safepoint    ] Safepoint "Cleanup", Time since last: 1000112232 ns, Reaching safepoint: 147478 ns, At safepoint: 6493 ns, Total: 153971 ns
[2020-05-16T09:04:09.851+0000][15960][safepoint    ] Safepoint "Cleanup", Time since last: 2000670608 ns, Reaching safepoint: 111768 ns, At safepoint: 17159 ns, Total: 128927 ns
[2020-05-16T09:04:11.851+0000][15960][safepoint    ] Safepoint "Cleanup", Time since last: 2000064000 ns, Reaching safepoint: 152580 ns, At safepoint: 6957 ns, Total: 159537 ns
[2020-05-16T09:04:13.851+0000][15960][safepoint    ] Safepoint "Cleanup", Time since last: 2000313507 ns, Reaching safepoint: 123826 ns, At safepoint: 2782 ns, Total: 126608 ns
[2020-05-16T09:04:14.852+0000][15960][safepoint    ] Safepoint "Cleanup", Time since last: 1000332522 ns, Reaching safepoint: 155826 ns, At safepoint: 9275 ns, Total: 165101 ns
[2020-05-16T09:04:15.860+0000][15960][safepoint    ] Safepoint "Cleanup", Time since last: 1000674319 ns, Reaching safepoint: 7142489 ns, At safepoint: 45913 ns, Total: 7188402 ns
[2020-05-16T09:04:16.860+0000][15960][safepoint    ] Safepoint "Cleanup", Time since last: 1000544464 ns, Reaching safepoint: 92753 ns, At safepoint: 2783 ns, Total: 95536 ns
[2020-05-16T09:04:18.947+0000][15960][safepoint    ] Safepoint "Cleanup", Time since last: 2000209159 ns, Reaching safepoint: 86499207 ns, At safepoint: 72811 ns, Total: 86572018 ns
[2020-05-16T09:04:19.948+0000][15960][safepoint    ] Safepoint "Cleanup", Time since last: 1000582493 ns, Reaching safepoint: 133101 ns, At safepoint: 7420 ns, Total: 140521 ns
[2020-05-16T09:04:20.959+0000][15960][safepoint    ] Safepoint "Cleanup", Time since last: 1000468406 ns, Reaching safepoint: 11000574 ns, At safepoint: 121044 ns, Total: 11121618 ns
[2020-05-16T09:04:21.960+0000][15960][safepoint    ] Safepoint "Cleanup", Time since last: 1000768000 ns, Reaching safepoint: 157217 ns, At safepoint: 6493 ns, Total: 163710 ns
[2020-05-16T09:04:22.961+0000][15960][safepoint    ] Safepoint "Cleanup", Time since last: 1000309797 ns, Reaching safepoint: 145623 ns, At safepoint: 6029 ns, Total: 151652 ns
[2020-05-16T09:04:24.961+0000][15960][safepoint    ] Safepoint "Cleanup", Time since last: 2000340869 ns, Reaching safepoint: 133101 ns, At safepoint: 5102 ns, Total: 138203 ns
[2020-05-16T09:04:25.962+0000][15960][safepoint    ] Safepoint "Cleanup", Time since last: 1000262029 ns, Reaching safepoint: 135420 ns, At safepoint: 6029 ns, Total: 141449 ns
[2020-05-16T09:04:26.962+0000][15960][safepoint    ] Safepoint "Cleanup", Time since last: 1000117797 ns, Reaching safepoint: 101101 ns, At safepoint: 3711 ns, Total: 104812 ns
[2020-05-16T09:04:27.963+0000][15960][safepoint    ] Safepoint "Cleanup", Time since last: 1000783304 ns, Reaching safepoint: 134492 ns, At safepoint: 7421 ns, Total: 141913 ns
[2020-05-16T09:04:28.964+0000][15960][safepoint    ] Safepoint "Cleanup", Time since last: 1000741564 ns, Reaching safepoint: 176696 ns, At safepoint: 6957 ns, Total: 183653 ns
[2020-05-16T09:04:29.965+0000][15960][safepoint    ] Safepoint "Cleanup", Time since last: 1000693333 ns, Reaching safepoint: 140521 ns, At safepoint: 7420 ns, Total: 147941 ns
[2020-05-16T09:04:30.965+0000][15960][safepoint    ] Safepoint "Cleanup", Time since last: 1000639073 ns, Reaching safepoint: 137739 ns, At safepoint: 6956 ns, Total: 144695 ns
[2020-05-16T09:04:31.966+0000][15960][safepoint    ] Safepoint "Cleanup", Time since last: 1000164174 ns, Reaching safepoint: 147015 ns, At safepoint: 6956 ns, Total: 153971 ns
[2020-05-16T09:04:32.966+0000][15960][safepoint    ] Safepoint "Cleanup", Time since last: 1000184580 ns, Reaching safepoint: 108521 ns, At safepoint: 2783 ns, Total: 111304 ns
[2020-05-16T09:04:33.966+0000][15960][safepoint    ] Safepoint "Cleanup", Time since last: 1000203594 ns, Reaching safepoint: 118725 ns, At safepoint: 2782 ns, Total: 121507 ns
[2020-05-16T09:04:35.135+0000][15960][safepoint    ] Safepoint "Cleanup", Time since last: 1159240274 ns, Reaching safepoint: 9891706 ns, At safepoint: 19478 ns, Total: 9911184 ns
[2020-05-16T09:04:37.136+0000][15960][safepoint    ] Safepoint "Cleanup", Time since last: 1999986087 ns, Reaching safepoint: 178551 ns, At safepoint: 10203 ns, Total: 188754 ns
[2020-05-16T09:04:38.136+0000][15960][safepoint    ] Safepoint "Cleanup", Time since last: 1000408579 ns, Reaching safepoint: 85333 ns, At safepoint: 3247 ns, Total: 88580 ns
[2020-05-16T09:04:39.136+0000][15960][safepoint    ] Safepoint "Cleanup", Time since last: 1000162318 ns, Reaching safepoint: 103421 ns, At safepoint: 3246 ns, Total: 106667 ns
[2020-05-16T09:04:41.137+0000][15960][safepoint    ] Safepoint "Cleanup", Time since last: 2000544000 ns, Reaching safepoint: 178087 ns, At safepoint: 11594 ns, Total: 189681 ns
[2020-05-16T09:04:42.138+0000][15960][safepoint    ] Safepoint "Cleanup", Time since last: 1000572753 ns, Reaching safepoint: 140522 ns, At safepoint: 9739 ns, Total: 150261 ns
[2020-05-16T09:04:44.138+0000][15960][safepoint    ] Safepoint "Cleanup", Time since last: 2000451710 ns, Reaching safepoint: 246261 ns, At safepoint: 10203 ns, Total: 256464 ns
[2020-05-16T09:04:45.139+0000][15960][safepoint    ] Safepoint "Cleanup", Time since last: 1000755014 ns, Reaching safepoint: 167420 ns, At safepoint: 9275 ns, Total: 176695 ns
[2020-05-16T09:04:46.512+0000][15960][safepoint    ] Safepoint "Cleanup", Time since last: 1363123310 ns, Reaching safepoint: 9015648 ns, At safepoint: 28290 ns, Total: 9043938 ns
[2020-05-16T09:04:47.512+0000][15960][safepoint    ] Safepoint "Cleanup", Time since last: 1000217971 ns, Reaching safepoint: 165101 ns, At safepoint: 6957 ns, Total: 172058 ns
[2020-05-16T09:04:48.513+0000][15960][safepoint    ] Safepoint "Cleanup", Time since last: 1000576000 ns, Reaching safepoint: 81159 ns, At safepoint: 2783 ns, Total: 83942 ns
[2020-05-16T09:04:49.513+0000][15960][safepoint    ] Safepoint "Cleanup", Time since last: 1000423420 ns, Reaching safepoint: 160000 ns, At safepoint: 7884 ns, Total: 167884 ns
[2020-05-16T09:04:50.514+0000][15960][safepoint    ] Safepoint "Cleanup", Time since last: 1000453101 ns, Reaching safepoint: 125217 ns, At safepoint: 5102 ns, Total: 130319 ns
[2020-05-16T09:04:51.515+0000][15960][safepoint    ] Safepoint "Cleanup", Time since last: 1000498550 ns, Reaching safepoint: 119652 ns, At safepoint: 4638 ns, Total: 124290 ns
[2020-05-16T09:04:52.515+0000][15960][safepoint    ] Safepoint "Cleanup", Time since last: 1000524985 ns, Reaching safepoint: 189681 ns, At safepoint: 11595 ns, Total: 201276 ns
[2020-05-16T09:04:54.516+0000][15960][safepoint    ] Safepoint "Cleanup", Time since last: 2000723014 ns, Reaching safepoint: 113159 ns, At safepoint: 4174 ns, Total: 117333 ns
[2020-05-16T09:04:56.518+0000][15960][safepoint    ] Safepoint "Cleanup", Time since last: 2000980405 ns, Reaching safepoint: 864927 ns, At safepoint: 57508 ns, Total: 922435 ns
[2020-05-16T09:04:57.518+0000][15960][safepoint    ] Safepoint "Cleanup", Time since last: 1000115942 ns, Reaching safepoint: 145623 ns, At safepoint: 6029 ns, Total: 151652 ns
[2020-05-16T09:04:58.519+0000][15960][safepoint    ] Safepoint "Cleanup", Time since last: 1000495768 ns, Reaching safepoint: 166029 ns, At safepoint: 11130 ns, Total: 177159 ns
[2020-05-16T09:04:59.520+0000][15960][safepoint    ] Safepoint "Cleanup", Time since last: 1000428521 ns, Reaching safepoint: 149798 ns, At safepoint: 7884 ns, Total: 157682 ns
[2020-05-16T09:05:00.520+0000][15960][safepoint    ] Safepoint "Cleanup", Time since last: 1000367768 ns, Reaching safepoint: 152579 ns, At safepoint: 10203 ns, Total: 162782 ns
[2020-05-16T09:05:02.521+0000][15960][safepoint    ] Safepoint "Cleanup", Time since last: 2000667362 ns, Reaching safepoint: 147942 ns, At safepoint: 7420 ns, Total: 155362 ns
[2020-05-16T09:05:03.521+0000][15960][safepoint    ] Safepoint "Cleanup", Time since last: 1000156290 ns, Reaching safepoint: 128000 ns, At safepoint: 8348 ns, Total: 136348 ns
[2020-05-16T09:05:04.522+0000][15960][safepoint    ] Safepoint "Cleanup", Time since last: 1000499014 ns, Reaching safepoint: 216116 ns, At safepoint: 9739 ns, Total: 225855 ns
[2020-05-16T09:05:06.523+0000][15960][safepoint    ] Safepoint "Cleanup", Time since last: 2001005913 ns, Reaching safepoint: 304695 ns, At safepoint: 13449 ns, Total: 318144 ns
[2020-05-16T09:05:07.524+0000][15960][safepoint    ] Safepoint "Cleanup", Time since last: 1000608928 ns, Reaching safepoint: 217043 ns, At safepoint: 9739 ns, Total: 226782 ns
[2020-05-16T09:05:08.525+0000][15960][safepoint    ] Safepoint "Cleanup", Time since last: 1000410899 ns, Reaching safepoint: 148869 ns, At safepoint: 6493 ns, Total: 155362 ns
[2020-05-16T09:05:09.526+0000][15960][safepoint    ] Safepoint "Cleanup", Time since last: 1000812057 ns, Reaching safepoint: 163710 ns, At safepoint: 10667 ns, Total: 174377 ns
[2020-05-16T09:05:10.527+0000][15960][safepoint    ] Safepoint "Cleanup", Time since last: 1000911304 ns, Reaching safepoint: 167420 ns, At safepoint: 6957 ns, Total: 174377 ns
[2020-05-16T09:05:11.527+0000][15960][safepoint    ] Safepoint "Cleanup", Time since last: 1000685913 ns, Reaching safepoint: 287536 ns, At safepoint: 6956 ns, Total: 294492 ns
[2020-05-16T09:05:13.528+0000][15960][safepoint    ] Safepoint "Cleanup", Time since last: 2000518029 ns, Reaching safepoint: 156753 ns, At safepoint: 6029 ns, Total: 162782 ns
[2020-05-16T09:05:14.529+0000][15960][safepoint    ] Safepoint "Cleanup", Time since last: 1000293102 ns, Reaching safepoint: 138203 ns, At safepoint: 9275 ns, Total: 147478 ns
[2020-05-16T09:05:15.530+0000][15960][safepoint    ] Safepoint "Cleanup", Time since last: 1000673855 ns, Reaching safepoint: 161391 ns, At safepoint: 6493 ns, Total: 167884 ns
[2020-05-16T09:05:16.531+0000][15960][safepoint    ] Safepoint "Cleanup", Time since last: 1000830608 ns, Reaching safepoint: 119652 ns, At safepoint: 3710 ns, Total: 123362 ns
[2020-05-16T09:05:17.531+0000][15960][safepoint    ] Safepoint "Cleanup", Time since last: 1000163710 ns, Reaching safepoint: 102029 ns, At safepoint: 4174 ns, Total: 106203 ns
[2020-05-16T09:05:18.531+0000][15960][safepoint    ] Safepoint "Cleanup", Time since last: 1000481855 ns, Reaching safepoint: 128464 ns, At safepoint: 5565 ns, Total: 134029 ns
[2020-05-16T09:05:20.532+0000][15960][safepoint    ] Safepoint "Cleanup", Time since last: 2000388174 ns, Reaching safepoint: 166956 ns, At safepoint: 6957 ns, Total: 173913 ns
[2020-05-16T09:05:22.532+0000][15960][safepoint    ] Safepoint "Cleanup", Time since last: 1999888232 ns, Reaching safepoint: 173449 ns, At safepoint: 6492 ns, Total: 179941 ns
[2020-05-16T09:05:24.532+0000][15960][safepoint    ] Safepoint "Cleanup", Time since last: 2000039421 ns, Reaching safepoint: 155826 ns, At safepoint: 6493 ns, Total: 162319 ns
[2020-05-16T09:05:25.533+0000][15960][safepoint    ] Safepoint "Cleanup", Time since last: 1000186898 ns, Reaching safepoint: 142377 ns, At safepoint: 9275 ns, Total: 151652 ns
[2020-05-16T09:05:26.534+0000][15960][safepoint    ] Safepoint "Cleanup", Time since last: 1000708174 ns, Reaching safepoint: 130318 ns, At safepoint: 5566 ns, Total: 135884 ns
[2020-05-16T09:05:27.534+0000][15960][safepoint    ] Safepoint "Cleanup", Time since last: 1000152579 ns, Reaching safepoint: 175305 ns, At safepoint: 7420 ns, Total: 182725 ns
[2020-05-16T09:05:28.535+0000][15960][safepoint    ] Safepoint "Cleanup", Time since last: 1000783768 ns, Reaching safepoint: 153507 ns, At safepoint: 6493 ns, Total: 160000 ns
[2020-05-16T09:05:29.535+0000][15960][safepoint    ] Safepoint "Cleanup", Time since last: 1000595014 ns, Reaching safepoint: 168348 ns, At safepoint: 7420 ns, Total: 175768 ns
[2020-05-16T09:05:31.536+0000][15960][safepoint    ] Safepoint "Cleanup", Time since last: 2000482318 ns, Reaching safepoint: 142841 ns, At safepoint: 8348 ns, Total: 151189 ns
[2020-05-16T09:05:32.537+0000][15960][safepoint    ] Safepoint "Cleanup", Time since last: 1000465159 ns, Reaching safepoint: 135420 ns, At safepoint: 8812 ns, Total: 144232 ns
[2020-05-16T09:05:34.537+0000][15960][safepoint    ] Safepoint "Cleanup", Time since last: 1999971246 ns, Reaching safepoint: 157217 ns, At safepoint: 11131 ns, Total: 168348 ns
[2020-05-16T09:05:35.537+0000][15960][safepoint    ] Safepoint "Cleanup", Time since last: 1000271768 ns, Reaching safepoint: 139594 ns, At safepoint: 9739 ns, Total: 149333 ns
[2020-05-16T09:05:36.538+0000][15960][safepoint    ] Safepoint "Cleanup", Time since last: 1000570435 ns, Reaching safepoint: 98318 ns, At safepoint: 6029 ns, Total: 104347 ns
[2020-05-16T09:05:37.550+0000][15960][safepoint    ] Safepoint "Cleanup", Time since last: 1000425739 ns, Reaching safepoint: 11617386 ns, At safepoint: 30145 ns, Total: 11647531 ns
[2020-05-16T09:05:39.244+0000][15960][gc,start     ] GC(25) Pause Young (Normal) (G1 Evacuation Pause)
[2020-05-16T09:05:39.244+0000][15960][gc,task      ] GC(25) Using 4 workers of 4 for evacuation
[2020-05-16T09:05:39.244+0000][15960][gc,age       ] GC(25) Desired survivor size 40370176 bytes, new threshold 15 (max threshold 15)
[2020-05-16T09:05:39.489+0000][15960][gc,age       ] GC(25) Age table with threshold 15 (max threshold 15)
[2020-05-16T09:05:39.489+0000][15960][gc,age       ] GC(25) - age   1:     268024 bytes,     268024 total
[2020-05-16T09:05:39.489+0000][15960][gc,age       ] GC(25) - age   2:     602336 bytes,     870360 total
[2020-05-16T09:05:39.489+0000][15960][gc,age       ] GC(25) - age   3:       6560 bytes,     876920 total
[2020-05-16T09:05:39.489+0000][15960][gc,age       ] GC(25) - age   4:      60712 bytes,     937632 total
[2020-05-16T09:05:39.489+0000][15960][gc,age       ] GC(25) - age   5:     254280 bytes,    1191912 total
[2020-05-16T09:05:39.489+0000][15960][gc,age       ] GC(25) - age   6:     367880 bytes,    1559792 total
[2020-05-16T09:05:39.489+0000][15960][gc,age       ] GC(25) - age   7:      71592 bytes,    1631384 total
[2020-05-16T09:05:39.489+0000][15960][gc,age       ] GC(25) - age   8:     165752 bytes,    1797136 total
[2020-05-16T09:05:39.489+0000][15960][gc,age       ] GC(25) - age   9:      26256 bytes,    1823392 total
[2020-05-16T09:05:39.489+0000][15960][gc,age       ] GC(25) - age  10:     438520 bytes,    2261912 total
[2020-05-16T09:05:39.489+0000][15960][gc,age       ] GC(25) - age  11:     274944 bytes,    2536856 total
[2020-05-16T09:05:39.489+0000][15960][gc,age       ] GC(25) - age  12:     199592 bytes,    2736448 total
[2020-05-16T09:05:39.489+0000][15960][gc,age       ] GC(25) - age  13:      53048 bytes,    2789496 total
[2020-05-16T09:05:39.489+0000][15960][gc,mmu       ] GC(25) MMU target violated: 201.0ms (200.0ms/201.0ms)
[2020-05-16T09:05:39.489+0000][15960][gc,phases    ] GC(25)   Pre Evacuate Collection Set: 0.3ms
[2020-05-16T09:05:39.489+0000][15960][gc,phases    ] GC(25)   Merge Heap Roots: 0.2ms
[2020-05-16T09:05:39.490+0000][15960][gc,phases    ] GC(25)   Evacuate Collection Set: 216.0ms
[2020-05-16T09:05:39.490+0000][15960][gc,phases    ] GC(25)   Post Evacuate Collection Set: 17.8ms
[2020-05-16T09:05:39.490+0000][15960][gc,phases    ] GC(25)   Other: 12.0ms
[2020-05-16T09:05:39.490+0000][15960][gc,heap      ] GC(25) Eden regions: 611->0(611)
[2020-05-16T09:05:39.490+0000][15960][gc,heap      ] GC(25) Survivor regions: 3->3(77)
[2020-05-16T09:05:39.490+0000][15960][gc,heap      ] GC(25) Old regions: 69->69
[2020-05-16T09:05:39.490+0000][15960][gc,heap      ] GC(25) Archive regions: 0->0
[2020-05-16T09:05:39.490+0000][15960][gc,heap      ] GC(25) Humongous regions: 7->7
[2020-05-16T09:05:39.490+0000][15960][gc,metaspace ] GC(25) Metaspace: 97334K(105124K)->97334K(105124K) NonClass: 84535K(89176K)->84535K(89176K) Class: 12799K(15948K)->12799K(15948K)
[2020-05-16T09:05:39.496+0000][15960][gc           ] GC(25) Pause Young (Normal) (G1 Evacuation Pause) 689M->78M(1024M) 246.783ms
[2020-05-16T09:05:39.496+0000][15960][gc,cpu       ] GC(25) User=0.09s Sys=0.02s Real=0.25s
[2020-05-16T09:05:39.496+0000][15960][safepoint    ] Safepoint "G1CollectForAllocation", Time since last: 1693248142 ns, Reaching safepoint: 296812 ns, At safepoint: 253182027 ns, Total: 253478839 ns
[2020-05-16T09:05:41.497+0000][15960][safepoint    ] Safepoint "Cleanup", Time since last: 2000108522 ns, Reaching safepoint: 169275 ns, At safepoint: 31537 ns, Total: 200812 ns
[2020-05-16T09:05:43.497+0000][15960][safepoint    ] Safepoint "Cleanup", Time since last: 1999971246 ns, Reaching safepoint: 166029 ns, At safepoint: 9275 ns, Total: 175304 ns
[2020-05-16T09:05:45.498+0000][15960][safepoint    ] Safepoint "Cleanup", Time since last: 2000236986 ns, Reaching safepoint: 136347 ns, At safepoint: 6029 ns, Total: 142376 ns
[2020-05-16T09:05:46.498+0000][15960][safepoint    ] Safepoint "Cleanup", Time since last: 1000197566 ns, Reaching safepoint: 184579 ns, At safepoint: 6957 ns, Total: 191536 ns
[2020-05-16T09:05:47.498+0000][15960][safepoint    ] Safepoint "Cleanup", Time since last: 1000117333 ns, Reaching safepoint: 148406 ns, At safepoint: 6492 ns, Total: 154898 ns
[2020-05-16T09:05:48.499+0000][15960][safepoint    ] Safepoint "Cleanup", Time since last: 1000241624 ns, Reaching safepoint: 134956 ns, At safepoint: 6493 ns, Total: 141449 ns
[2020-05-16T09:05:49.499+0000][15960][safepoint    ] Safepoint "Cleanup", Time since last: 1000320463 ns, Reaching safepoint: 153044 ns, At safepoint: 7884 ns, Total: 160928 ns
[2020-05-16T09:05:50.500+0000][15960][safepoint    ] Safepoint "Cleanup", Time since last: 1000798144 ns, Reaching safepoint: 113624 ns, At safepoint: 6029 ns, Total: 119653 ns
[2020-05-16T09:05:51.501+0000][15960][safepoint    ] Safepoint "Cleanup", Time since last: 1000857970 ns, Reaching safepoint: 147478 ns, At safepoint: 5566 ns, Total: 153044 ns
[2020-05-16T09:05:53.501+0000][15960][safepoint    ] Safepoint "Cleanup", Time since last: 2000264347 ns, Reaching safepoint: 101102 ns, At safepoint: 3710 ns, Total: 104812 ns
[2020-05-16T09:05:54.502+0000][15960][safepoint    ] Safepoint "Cleanup", Time since last: 1000534260 ns, Reaching safepoint: 155826 ns, At safepoint: 6493 ns, Total: 162319 ns
[2020-05-16T09:05:55.503+0000][15960][safepoint    ] Safepoint "Cleanup", Time since last: 1000319072 ns, Reaching safepoint: 154899 ns, At safepoint: 6029 ns, Total: 160928 ns
[2020-05-16T09:05:56.503+0000][15960][safepoint    ] Safepoint "Cleanup", Time since last: 1000492985 ns, Reaching safepoint: 140058 ns, At safepoint: 6493 ns, Total: 146551 ns
[2020-05-16T09:05:57.504+0000][15960][safepoint    ] Safepoint "Cleanup", Time since last: 1000514782 ns, Reaching safepoint: 137739 ns, At safepoint: 5566 ns, Total: 143305 ns
[2020-05-16T09:05:58.505+0000][15960][safepoint    ] Safepoint "Cleanup", Time since last: 1000474434 ns, Reaching safepoint: 142841 ns, At safepoint: 9739 ns, Total: 152580 ns
[2020-05-16T09:05:59.505+0000][15960][safepoint    ] Safepoint "Cleanup", Time since last: 1000054724 ns, Reaching safepoint: 203131 ns, At safepoint: 12058 ns, Total: 215189 ns
[2020-05-16T09:06:00.505+0000][15960][safepoint    ] Safepoint "Cleanup", Time since last: 1000309333 ns, Reaching safepoint: 163710 ns, At safepoint: 8812 ns, Total: 172522 ns
[2020-05-16T09:06:01.506+0000][15960][safepoint    ] Safepoint "Cleanup", Time since last: 1000574144 ns, Reaching safepoint: 179942 ns, At safepoint: 7884 ns, Total: 187826 ns
[2020-05-16T09:06:03.506+0000][15960][safepoint    ] Safepoint "Cleanup", Time since last: 1999965218 ns, Reaching safepoint: 157217 ns, At safepoint: 8348 ns, Total: 165565 ns
[2020-05-16T09:06:04.506+0000][15960][safepoint    ] Safepoint "Cleanup", Time since last: 1000160463 ns, Reaching safepoint: 246261 ns, At safepoint: 9276 ns, Total: 255537 ns
[2020-05-16T09:06:06.507+0000][15960][safepoint    ] Safepoint "Cleanup", Time since last: 2000213333 ns, Reaching safepoint: 439652 ns, At safepoint: 11130 ns, Total: 450782 ns
[2020-05-16T09:06:07.508+0000][15960][safepoint    ] Safepoint "Cleanup", Time since last: 1000325565 ns, Reaching safepoint: 249971 ns, At safepoint: 8812 ns, Total: 258783 ns
[2020-05-16T09:06:08.509+0000][15960][safepoint    ] Safepoint "Cleanup", Time since last: 1000691941 ns, Reaching safepoint: 153508 ns, At safepoint: 6029 ns, Total: 159537 ns
[2020-05-16T09:06:09.509+0000][15960][safepoint    ] Safepoint "Cleanup", Time since last: 1000281507 ns, Reaching safepoint: 288463 ns, At safepoint: 20870 ns, Total: 309333 ns
[2020-05-16T09:06:11.510+0000][15960][safepoint    ] Safepoint "Cleanup", Time since last: 2000650202 ns, Reaching safepoint: 159073 ns, At safepoint: 5565 ns, Total: 164638 ns
[2020-05-16T09:06:12.511+0000][15960][safepoint    ] Safepoint "Cleanup", Time since last: 1000267594 ns, Reaching safepoint: 177160 ns, At safepoint: 8811 ns, Total: 185971 ns
[2020-05-16T09:06:13.511+0000][15960][safepoint    ] Safepoint "Cleanup", Time since last: 1000622840 ns, Reaching safepoint: 95537 ns, At safepoint: 3246 ns, Total: 98783 ns
[2020-05-16T09:06:14.512+0000][15960][safepoint    ] Safepoint "Cleanup", Time since last: 1000880231 ns, Reaching safepoint: 160928 ns, At safepoint: 9739 ns, Total: 170667 ns
[2020-05-16T09:06:15.513+0000][15960][safepoint    ] Safepoint "Cleanup", Time since last: 1000243478 ns, Reaching safepoint: 158609 ns, At safepoint: 6493 ns, Total: 165102 ns
[2020-05-16T09:06:17.513+0000][15960][safepoint    ] Safepoint "Cleanup", Time since last: 2000156289 ns, Reaching safepoint: 153971 ns, At safepoint: 6493 ns, Total: 160464 ns
[2020-05-16T09:06:18.514+0000][15960][safepoint    ] Safepoint "Cleanup", Time since last: 1000668290 ns, Reaching safepoint: 154898 ns, At safepoint: 6957 ns, Total: 161855 ns
[2020-05-16T09:06:19.515+0000][15960][safepoint    ] Safepoint "Cleanup", Time since last: 1000556985 ns, Reaching safepoint: 147478 ns, At safepoint: 12985 ns, Total: 160463 ns
[2020-05-16T09:06:20.515+0000][15960][safepoint    ] Safepoint "Cleanup", Time since last: 1000227711 ns, Reaching safepoint: 139130 ns, At safepoint: 6956 ns, Total: 146086 ns
[2020-05-16T09:06:21.515+0000][15960][safepoint    ] Safepoint "Cleanup", Time since last: 1000343652 ns, Reaching safepoint: 191073 ns, At safepoint: 13449 ns, Total: 204522 ns
[2020-05-16T09:06:23.516+0000][15960][safepoint    ] Safepoint "Cleanup", Time since last: 2000410898 ns, Reaching safepoint: 122899 ns, At safepoint: 5565 ns, Total: 128464 ns
[2020-05-16T09:06:24.516+0000][15960][safepoint    ] Safepoint "Cleanup", Time since last: 1000127073 ns, Reaching safepoint: 141449 ns, At safepoint: 6493 ns, Total: 147942 ns
[2020-05-16T09:06:25.517+0000][15960][safepoint    ] Safepoint "Cleanup", Time since last: 1000142376 ns, Reaching safepoint: 139131 ns, At safepoint: 6029 ns, Total: 145160 ns
[2020-05-16T09:06:27.517+0000][15960][safepoint    ] Safepoint "Cleanup", Time since last: 2000200811 ns, Reaching safepoint: 124290 ns, At safepoint: 2783 ns, Total: 127073 ns
[2020-05-16T09:06:28.517+0000][15960][safepoint    ] Safepoint "Cleanup", Time since last: 1000020869 ns, Reaching safepoint: 125681 ns, At safepoint: 5565 ns, Total: 131246 ns
[2020-05-16T09:06:29.518+0000][15960][safepoint    ] Safepoint "Cleanup", Time since last: 1000221681 ns, Reaching safepoint: 161392 ns, At safepoint: 9739 ns, Total: 171131 ns
[2020-05-16T09:06:30.518+0000][15960][safepoint    ] Safepoint "Cleanup", Time since last: 1000148406 ns, Reaching safepoint: 159072 ns, At safepoint: 10203 ns, Total: 169275 ns
[2020-05-16T09:06:31.518+0000][15960][safepoint    ] Safepoint "Cleanup", Time since last: 1000215652 ns, Reaching safepoint: 151652 ns, At safepoint: 6029 ns, Total: 157681 ns
[2020-05-16T09:06:32.519+0000][15960][safepoint    ] Safepoint "Cleanup", Time since last: 1000777275 ns, Reaching safepoint: 143304 ns, At safepoint: 6493 ns, Total: 149797 ns
[2020-05-16T09:06:33.519+0000][15960][safepoint    ] Safepoint "Cleanup", Time since last: 1000148406 ns, Reaching safepoint: 157217 ns, At safepoint: 7420 ns, Total: 164637 ns
[2020-05-16T09:06:34.520+0000][15960][safepoint    ] Safepoint "Cleanup", Time since last: 1000323710 ns, Reaching safepoint: 153971 ns, At safepoint: 7421 ns, Total: 161392 ns
[2020-05-16T09:06:35.521+0000][15960][safepoint    ] Safepoint "Cleanup", Time since last: 1000567651 ns, Reaching safepoint: 152116 ns, At safepoint: 6029 ns, Total: 158145 ns
[2020-05-16T09:06:36.521+0000][15960][safepoint    ] Safepoint "Cleanup", Time since last: 1000021334 ns, Reaching safepoint: 128000 ns, At safepoint: 3246 ns, Total: 131246 ns
[2020-05-16T09:06:37.521+0000][15960][safepoint    ] Safepoint "Cleanup", Time since last: 1000227246 ns, Reaching safepoint: 157681 ns, At safepoint: 6957 ns, Total: 164638 ns
[2020-05-16T09:06:38.522+0000][15960][safepoint    ] Safepoint "Cleanup", Time since last: 1000715594 ns, Reaching safepoint: 125681 ns, At safepoint: 6493 ns, Total: 132174 ns
[2020-05-16T09:06:39.523+0000][15960][safepoint    ] Safepoint "Cleanup", Time since last: 1000307478 ns, Reaching safepoint: 187826 ns, At safepoint: 9739 ns, Total: 197565 ns
[2020-05-16T09:06:40.523+0000][15960][safepoint    ] Safepoint "Cleanup", Time since last: 1000390492 ns, Reaching safepoint: 185044 ns, At safepoint: 5565 ns, Total: 190609 ns
[2020-05-16T09:06:41.524+0000][15960][safepoint    ] Safepoint "Cleanup", Time since last: 1000634434 ns, Reaching safepoint: 206377 ns, At safepoint: 12058 ns, Total: 218435 ns
[2020-05-16T09:06:42.525+0000][15960][safepoint    ] Safepoint "Cleanup", Time since last: 1000543072 ns, Reaching safepoint: 353855 ns, At safepoint: 8348 ns, Total: 362203 ns
[2020-05-16T09:06:43.525+0000][15960][safepoint    ] Safepoint "Cleanup", Time since last: 1000427130 ns, Reaching safepoint: 268522 ns, At safepoint: 7884 ns, Total: 276406 ns
[2020-05-16T09:06:45.526+0000][15960][safepoint    ] Safepoint "Cleanup", Time since last: 2000442435 ns, Reaching safepoint: 113623 ns, At safepoint: 3710 ns, Total: 117333 ns
[2020-05-16T09:06:46.527+0000][15960][safepoint    ] Safepoint "Cleanup", Time since last: 1000762434 ns, Reaching safepoint: 161855 ns, At safepoint: 9739 ns, Total: 171594 ns
[2020-05-16T09:06:47.527+0000][15960][safepoint    ] Safepoint "Cleanup", Time since last: 1000074667 ns, Reaching safepoint: 162319 ns, At safepoint: 6956 ns, Total: 169275 ns
[2020-05-16T09:06:48.528+0000][15960][safepoint    ] Safepoint "Cleanup", Time since last: 1000770783 ns, Reaching safepoint: 153507 ns, At safepoint: 8811 ns, Total: 162318 ns
[2020-05-16T09:06:49.529+0000][15960][safepoint    ] Safepoint "Cleanup", Time since last: 1000804638 ns, Reaching safepoint: 153971 ns, At safepoint: 6956 ns, Total: 160927 ns
[2020-05-16T09:06:50.530+0000][15960][safepoint    ] Safepoint "Cleanup", Time since last: 1000561159 ns, Reaching safepoint: 83478 ns, At safepoint: 4174 ns, Total: 87652 ns
[2020-05-16T09:06:51.531+0000][15960][safepoint    ] Safepoint "Cleanup", Time since last: 1000980406 ns, Reaching safepoint: 163710 ns, At safepoint: 6956 ns, Total: 170666 ns
[2020-05-16T09:06:52.532+0000][15960][safepoint    ] Safepoint "Cleanup", Time since last: 1000561623 ns, Reaching safepoint: 165565 ns, At safepoint: 9276 ns, Total: 174841 ns
[2020-05-16T09:06:53.532+0000][15960][safepoint    ] Safepoint "Cleanup", Time since last: 1000455884 ns, Reaching safepoint: 153971 ns, At safepoint: 6029 ns, Total: 160000 ns
[2020-05-16T09:06:54.533+0000][15960][safepoint    ] Safepoint "Cleanup", Time since last: 1000108985 ns, Reaching safepoint: 166956 ns, At safepoint: 8812 ns, Total: 175768 ns
[2020-05-16T09:06:55.533+0000][15960][safepoint    ] Safepoint "Cleanup", Time since last: 1000302840 ns, Reaching safepoint: 136348 ns, At safepoint: 6029 ns, Total: 142377 ns
[2020-05-16T09:06:56.534+0000][15960][safepoint    ] Safepoint "Cleanup", Time since last: 1000587594 ns, Reaching safepoint: 165102 ns, At safepoint: 6492 ns, Total: 171594 ns
[2020-05-16T09:06:57.534+0000][15960][safepoint    ] Safepoint "Cleanup", Time since last: 1000204522 ns, Reaching safepoint: 154435 ns, At safepoint: 6492 ns, Total: 160927 ns
[2020-05-16T09:06:58.535+0000][15960][safepoint    ] Safepoint "Cleanup", Time since last: 1000168348 ns, Reaching safepoint: 158145 ns, At safepoint: 6493 ns, Total: 164638 ns
[2020-05-16T09:06:59.535+0000][15960][safepoint    ] Safepoint "Cleanup", Time since last: 1000318145 ns, Reaching safepoint: 192463 ns, At safepoint: 11594 ns, Total: 204057 ns
[2020-05-16T09:07:00.536+0000][15960][safepoint    ] Safepoint "Cleanup", Time since last: 1000480464 ns, Reaching safepoint: 136811 ns, At safepoint: 3247 ns, Total: 140058 ns
[2020-05-16T09:07:02.537+0000][15960][safepoint    ] Safepoint "Cleanup", Time since last: 2000944231 ns, Reaching safepoint: 117797 ns, At safepoint: 3710 ns, Total: 121507 ns
[2020-05-16T09:07:03.538+0000][15960][safepoint    ] Safepoint "Cleanup", Time since last: 1000739710 ns, Reaching safepoint: 139594 ns, At safepoint: 5566 ns, Total: 145160 ns
[2020-05-16T09:07:04.538+0000][15960][safepoint    ] Safepoint "Cleanup", Time since last: 1000210550 ns, Reaching safepoint: 169276 ns, At safepoint: 6029 ns, Total: 175305 ns
[2020-05-16T09:07:06.234+0000][15960][safepoint    ] Safepoint "Cleanup", Time since last: 1671992731 ns, Reaching safepoint: 24095062 ns, At safepoint: 74202 ns, Total: 24169264 ns
[2020-05-16T09:07:07.251+0000][15960][safepoint    ] Safepoint "Cleanup", Time since last: 1016362660 ns, Reaching safepoint: 176695 ns, At safepoint: 10667 ns, Total: 187362 ns
[2020-05-16T09:07:08.252+0000][15960][safepoint    ] Safepoint "Cleanup", Time since last: 1000642782 ns, Reaching safepoint: 161391 ns, At safepoint: 7421 ns, Total: 168812 ns
[2020-05-16T09:07:09.252+0000][15960][safepoint    ] Safepoint "Cleanup", Time since last: 1000384463 ns, Reaching safepoint: 161391 ns, At safepoint: 11131 ns, Total: 172522 ns
[2020-05-16T09:07:10.269+0000][15960][safepoint    ] Safepoint "Cleanup", Time since last: 1000479072 ns, Reaching safepoint: 16068630 ns, At safepoint: 25508 ns, Total: 16094138 ns
[2020-05-16T09:07:11.269+0000][15960][safepoint    ] Safepoint "Cleanup", Time since last: 1000187362 ns, Reaching safepoint: 172521 ns, At safepoint: 6493 ns, Total: 179014 ns
[2020-05-16T09:07:12.269+0000][15960][safepoint    ] Safepoint "Cleanup", Time since last: 1000030145 ns, Reaching safepoint: 135884 ns, At safepoint: 6029 ns, Total: 141913 ns
[2020-05-16T09:07:13.270+0000][15960][safepoint    ] Safepoint "Cleanup", Time since last: 1000132638 ns, Reaching safepoint: 157681 ns, At safepoint: 6493 ns, Total: 164174 ns
[2020-05-16T09:07:14.270+0000][15960][safepoint    ] Safepoint "Cleanup", Time since last: 1000767072 ns, Reaching safepoint: 161855 ns, At safepoint: 7884 ns, Total: 169739 ns
[2020-05-16T09:07:15.271+0000][15960][safepoint    ] Safepoint "Cleanup", Time since last: 1000594086 ns, Reaching safepoint: 147942 ns, At safepoint: 6957 ns, Total: 154899 ns
[2020-05-16T09:07:17.272+0000][15960][safepoint    ] Safepoint "Cleanup", Time since last: 2000774492 ns, Reaching safepoint: 159536 ns, At safepoint: 10667 ns, Total: 170203 ns
[2020-05-16T09:07:18.274+0000][15960][safepoint    ] Safepoint "Cleanup", Time since last: 1001238260 ns, Reaching safepoint: 358029 ns, At safepoint: 29681 ns, Total: 387710 ns
[2020-05-16T09:07:19.275+0000][15960][safepoint    ] Safepoint "Cleanup", Time since last: 1000865391 ns, Reaching safepoint: 106203 ns, At safepoint: 2783 ns, Total: 108986 ns
[2020-05-16T09:07:20.276+0000][15960][safepoint    ] Safepoint "Cleanup", Time since last: 1000578782 ns, Reaching safepoint: 127072 ns, At safepoint: 3247 ns, Total: 130319 ns
[2020-05-16T09:07:21.277+0000][15960][safepoint    ] Safepoint "Cleanup", Time since last: 1000956753 ns, Reaching safepoint: 118261 ns, At safepoint: 5101 ns, Total: 123362 ns
[2020-05-16T09:07:22.277+0000][15960][safepoint    ] Safepoint "Cleanup", Time since last: 1000609855 ns, Reaching safepoint: 84870 ns, At safepoint: 2782 ns, Total: 87652 ns
[2020-05-16T09:07:23.278+0000][15960][safepoint    ] Safepoint "Cleanup", Time since last: 1000619130 ns, Reaching safepoint: 119652 ns, At safepoint: 3247 ns, Total: 122899 ns
[2020-05-16T09:07:24.278+0000][15960][safepoint    ] Safepoint "Cleanup", Time since last: 1000052406 ns, Reaching safepoint: 142376 ns, At safepoint: 6029 ns, Total: 148405 ns
[2020-05-16T09:07:25.279+0000][15960][safepoint    ] Safepoint "Cleanup", Time since last: 1000514319 ns, Reaching safepoint: 88116 ns, At safepoint: 3246 ns, Total: 91362 ns
[2020-05-16T09:07:26.280+0000][15960][safepoint    ] Safepoint "Cleanup", Time since last: 1000676638 ns, Reaching safepoint: 153507 ns, At safepoint: 6493 ns, Total: 160000 ns
[2020-05-16T09:07:27.280+0000][15960][safepoint    ] Safepoint "Cleanup", Time since last: 1000440579 ns, Reaching safepoint: 146087 ns, At safepoint: 6493 ns, Total: 152580 ns
[2020-05-16T09:07:28.281+0000][15960][safepoint    ] Safepoint "Cleanup", Time since last: 1000626550 ns, Reaching safepoint: 94145 ns, At safepoint: 3246 ns, Total: 97391 ns
[2020-05-16T09:07:29.281+0000][15960][safepoint    ] Safepoint "Cleanup", Time since last: 1000099247 ns, Reaching safepoint: 349681 ns, At safepoint: 24579 ns, Total: 374260 ns
[2020-05-16T09:07:30.282+0000][15960][safepoint    ] Safepoint "Cleanup", Time since last: 1000231421 ns, Reaching safepoint: 90898 ns, At safepoint: 6957 ns, Total: 97855 ns
[2020-05-16T09:07:31.282+0000][15960][safepoint    ] Safepoint "Cleanup", Time since last: 1000001391 ns, Reaching safepoint: 92290 ns, At safepoint: 2782 ns, Total: 95072 ns
[2020-05-16T09:07:32.283+0000][15960][safepoint    ] Safepoint "Cleanup", Time since last: 1000533797 ns, Reaching safepoint: 146087 ns, At safepoint: 6493 ns, Total: 152580 ns
[2020-05-16T09:07:33.283+0000][15960][safepoint    ] Safepoint "Cleanup", Time since last: 1000303768 ns, Reaching safepoint: 158608 ns, At safepoint: 3247 ns, Total: 161855 ns
[2020-05-16T09:07:35.284+0000][15960][safepoint    ] Safepoint "Cleanup", Time since last: 2000893217 ns, Reaching safepoint: 129855 ns, At safepoint: 6029 ns, Total: 135884 ns
[2020-05-16T09:07:36.285+0000][15960][safepoint    ] Safepoint "Cleanup", Time since last: 1000427130 ns, Reaching safepoint: 149797 ns, At safepoint: 9275 ns, Total: 159072 ns
[2020-05-16T09:07:37.285+0000][15960][safepoint    ] Safepoint "Cleanup", Time since last: 1000188290 ns, Reaching safepoint: 114087 ns, At safepoint: 5102 ns, Total: 119189 ns
[2020-05-16T09:07:39.286+0000][15960][safepoint    ] Safepoint "Cleanup", Time since last: 2000423420 ns, Reaching safepoint: 215652 ns, At safepoint: 5101 ns, Total: 220753 ns
[2020-05-16T09:07:40.286+0000][15960][safepoint    ] Safepoint "Cleanup", Time since last: 1000289391 ns, Reaching safepoint: 790261 ns, At safepoint: 30608 ns, Total: 820869 ns
[2020-05-16T09:07:41.287+0000][15960][safepoint    ] Safepoint "Cleanup", Time since last: 1000404406 ns, Reaching safepoint: 113623 ns, At safepoint: 6493 ns, Total: 120116 ns
[2020-05-16T09:07:42.288+0000][15960][safepoint    ] Safepoint "Cleanup", Time since last: 1000484174 ns, Reaching safepoint: 127536 ns, At safepoint: 6956 ns, Total: 134492 ns
[2020-05-16T09:07:43.288+0000][15960][safepoint    ] Safepoint "Cleanup", Time since last: 1000331131 ns, Reaching safepoint: 289391 ns, At safepoint: 10203 ns, Total: 299594 ns
[2020-05-16T09:07:45.289+0000][15960][safepoint    ] Safepoint "Cleanup", Time since last: 2000124290 ns, Reaching safepoint: 192463 ns, At safepoint: 9276 ns, Total: 201739 ns
[2020-05-16T09:07:47.290+0000][15960][safepoint    ] Safepoint "Cleanup", Time since last: 2000770318 ns, Reaching safepoint: 266203 ns, At safepoint: 10666 ns, Total: 276869 ns
[2020-05-16T09:07:48.290+0000][15960][safepoint    ] Safepoint "Cleanup", Time since last: 1000026435 ns, Reaching safepoint: 245333 ns, At safepoint: 7421 ns, Total: 252754 ns
[2020-05-16T09:07:49.291+0000][15960][safepoint    ] Safepoint "Cleanup", Time since last: 1000251826 ns, Reaching safepoint: 312579 ns, At safepoint: 7884 ns, Total: 320463 ns
[2020-05-16T09:07:50.291+0000][15960][safepoint    ] Safepoint "Cleanup", Time since last: 1000393739 ns, Reaching safepoint: 351073 ns, At safepoint: 6029 ns, Total: 357102 ns
[2020-05-16T09:07:52.291+0000][15960][safepoint    ] Safepoint "Cleanup", Time since last: 1999630377 ns, Reaching safepoint: 145623 ns, At safepoint: 5101 ns, Total: 150724 ns
[2020-05-16T09:07:53.292+0000][15960][safepoint    ] Safepoint "Cleanup", Time since last: 1000411362 ns, Reaching safepoint: 263884 ns, At safepoint: 8348 ns, Total: 272232 ns
[2020-05-16T09:07:54.292+0000][15960][safepoint    ] Safepoint "Cleanup", Time since last: 1000142377 ns, Reaching safepoint: 110840 ns, At safepoint: 2783 ns, Total: 113623 ns
[2020-05-16T09:07:56.293+0000][15960][safepoint    ] Safepoint "Cleanup", Time since last: 2000475826 ns, Reaching safepoint: 135884 ns, At safepoint: 5101 ns, Total: 140985 ns
[2020-05-16T09:07:57.293+0000][15960][safepoint    ] Safepoint "Cleanup", Time since last: 1000514319 ns, Reaching safepoint: 186434 ns, At safepoint: 11595 ns, Total: 198029 ns
[2020-05-16T09:07:58.294+0000][15960][safepoint    ] Safepoint "Cleanup", Time since last: 1000411826 ns, Reaching safepoint: 78840 ns, At safepoint: 3246 ns, Total: 82086 ns
[2020-05-16T09:07:59.295+0000][15960][safepoint    ] Safepoint "Cleanup", Time since last: 1000385392 ns, Reaching safepoint: 135884 ns, At safepoint: 5565 ns, Total: 141449 ns
[2020-05-16T09:08:00.295+0000][15960][safepoint    ] Safepoint "Cleanup", Time since last: 1000127536 ns, Reaching safepoint: 129855 ns, At safepoint: 6029 ns, Total: 135884 ns
[2020-05-16T09:08:01.295+0000][15960][safepoint    ] Safepoint "Cleanup", Time since last: 1000265275 ns, Reaching safepoint: 121044 ns, At safepoint: 6956 ns, Total: 128000 ns
[2020-05-16T09:08:03.296+0000][15960][safepoint    ] Safepoint "Cleanup", Time since last: 2000674319 ns, Reaching safepoint: 147014 ns, At safepoint: 5565 ns, Total: 152579 ns
[2020-05-16T09:08:05.296+0000][15960][safepoint    ] Safepoint "Cleanup", Time since last: 2000370087 ns, Reaching safepoint: 126609 ns, At safepoint: 5101 ns, Total: 131710 ns
[2020-05-16T09:08:06.297+0000][15960][safepoint    ] Safepoint "Cleanup", Time since last: 1000364522 ns, Reaching safepoint: 143768 ns, At safepoint: 6029 ns, Total: 149797 ns
[2020-05-16T09:08:08.297+0000][15960][safepoint    ] Safepoint "Cleanup", Time since last: 1999863188 ns, Reaching safepoint: 120580 ns, At safepoint: 5101 ns, Total: 125681 ns
[2020-05-16T09:08:10.298+0000][15960][safepoint    ] Safepoint "Cleanup", Time since last: 2000483247 ns, Reaching safepoint: 81159 ns, At safepoint: 3246 ns, Total: 84405 ns
[2020-05-16T09:08:11.298+0000][15960][safepoint    ] Safepoint "Cleanup", Time since last: 1000488812 ns, Reaching safepoint: 138202 ns, At safepoint: 4638 ns, Total: 142840 ns
[2020-05-16T09:08:12.299+0000][15960][safepoint    ] Safepoint "Cleanup", Time since last: 1000257391 ns, Reaching safepoint: 77913 ns, At safepoint: 2783 ns, Total: 80696 ns
[2020-05-16T09:08:13.299+0000][15960][safepoint    ] Safepoint "Cleanup", Time since last: 1000781913 ns, Reaching safepoint: 88579 ns, At safepoint: 3247 ns, Total: 91826 ns
[2020-05-16T09:08:14.300+0000][15960][safepoint    ] Safepoint "Cleanup", Time since last: 1000164637 ns, Reaching safepoint: 108986 ns, At safepoint: 5101 ns, Total: 114087 ns
[2020-05-16T09:08:15.300+0000][15960][safepoint    ] Safepoint "Cleanup", Time since last: 1000608464 ns, Reaching safepoint: 118724 ns, At safepoint: 7421 ns, Total: 126145 ns
[2020-05-16T09:08:16.301+0000][15960][safepoint    ] Safepoint "Cleanup", Time since last: 1000214260 ns, Reaching safepoint: 104812 ns, At safepoint: 4638 ns, Total: 109450 ns
[2020-05-16T09:08:17.302+0000][15960][safepoint    ] Safepoint "Cleanup", Time since last: 1000669217 ns, Reaching safepoint: 92753 ns, At safepoint: 3710 ns, Total: 96463 ns
[2020-05-16T09:08:18.302+0000][15960][safepoint    ] Safepoint "Cleanup", Time since last: 1000230029 ns, Reaching safepoint: 95073 ns, At safepoint: 4174 ns, Total: 99247 ns
[2020-05-16T09:08:19.303+0000][15960][safepoint    ] Safepoint "Cleanup", Time since last: 1000479999 ns, Reaching safepoint: 113160 ns, At safepoint: 6956 ns, Total: 120116 ns
[2020-05-16T09:08:20.306+0000][15960][safepoint    ] Safepoint "Cleanup", Time since last: 1003606723 ns, Reaching safepoint: 117333 ns, At safepoint: 4638 ns, Total: 121971 ns
[2020-05-16T09:08:21.307+0000][15960][safepoint    ] Safepoint "Cleanup", Time since last: 1000311652 ns, Reaching safepoint: 118261 ns, At safepoint: 4174 ns, Total: 122435 ns
[2020-05-16T09:08:22.307+0000][15960][safepoint    ] Safepoint "Cleanup", Time since last: 1000670608 ns, Reaching safepoint: 333913 ns, At safepoint: 15768 ns, Total: 349681 ns
[2020-05-16T09:08:23.308+0000][15960][safepoint    ] Safepoint "Cleanup", Time since last: 1000126145 ns, Reaching safepoint: 120116 ns, At safepoint: 4174 ns, Total: 124290 ns
[2020-05-16T09:08:24.308+0000][15960][safepoint    ] Safepoint "Cleanup", Time since last: 1000083478 ns, Reaching safepoint: 110377 ns, At safepoint: 4174 ns, Total: 114551 ns
[2020-05-16T09:08:25.308+0000][15960][safepoint    ] Safepoint "Cleanup", Time since last: 1000032464 ns, Reaching safepoint: 99246 ns, At safepoint: 6493 ns, Total: 105739 ns
[2020-05-16T09:08:26.309+0000][15960][safepoint    ] Safepoint "Cleanup", Time since last: 1000895536 ns, Reaching safepoint: 121507 ns, At safepoint: 4637 ns, Total: 126144 ns
[2020-05-16T09:08:28.310+0000][15960][safepoint    ] Safepoint "Cleanup", Time since last: 2000327421 ns, Reaching safepoint: 127999 ns, At safepoint: 6029 ns, Total: 134028 ns
[2020-05-16T09:08:29.311+0000][15960][safepoint    ] Safepoint "Cleanup", Time since last: 1000742957 ns, Reaching safepoint: 163246 ns, At safepoint: 6029 ns, Total: 169275 ns
[2020-05-16T09:08:31.311+0000][15960][safepoint    ] Safepoint "Cleanup", Time since last: 1999877565 ns, Reaching safepoint: 102957 ns, At safepoint: 2782 ns, Total: 105739 ns
[2020-05-16T09:08:32.311+0000][15960][safepoint    ] Safepoint "Cleanup", Time since last: 1000594087 ns, Reaching safepoint: 117797 ns, At safepoint: 4174 ns, Total: 121971 ns
[2020-05-16T09:08:34.312+0000][15960][safepoint    ] Safepoint "Cleanup", Time since last: 2000722550 ns, Reaching safepoint: 121044 ns, At safepoint: 4637 ns, Total: 125681 ns
[2020-05-16T09:08:35.313+0000][15960][safepoint    ] Safepoint "Cleanup", Time since last: 1000559768 ns, Reaching safepoint: 123363 ns, At safepoint: 4637 ns, Total: 128000 ns
[2020-05-16T09:08:36.313+0000][15960][safepoint    ] Safepoint "Cleanup", Time since last: 1000003710 ns, Reaching safepoint: 126145 ns, At safepoint: 5565 ns, Total: 131710 ns
[2020-05-16T09:08:37.314+0000][15960][safepoint    ] Safepoint "Cleanup", Time since last: 1000700754 ns, Reaching safepoint: 118724 ns, At safepoint: 4638 ns, Total: 123362 ns
[2020-05-16T09:08:38.314+0000][15960][safepoint    ] Safepoint "Cleanup", Time since last: 1000305623 ns, Reaching safepoint: 114551 ns, At safepoint: 6029 ns, Total: 120580 ns
[2020-05-16T09:08:39.315+0000][15960][safepoint    ] Safepoint "Cleanup", Time since last: 1000195246 ns, Reaching safepoint: 115478 ns, At safepoint: 4638 ns, Total: 120116 ns
[2020-05-16T09:08:40.315+0000][15960][safepoint    ] Safepoint "Cleanup", Time since last: 1000529159 ns, Reaching safepoint: 101565 ns, At safepoint: 4174 ns, Total: 105739 ns
[2020-05-16T09:08:41.316+0000][15960][safepoint    ] Safepoint "Cleanup", Time since last: 1000856579 ns, Reaching safepoint: 110841 ns, At safepoint: 6493 ns, Total: 117334 ns
[2020-05-16T09:08:42.317+0000][15960][safepoint    ] Safepoint "Cleanup", Time since last: 1000528695 ns, Reaching safepoint: 119188 ns, At safepoint: 4638 ns, Total: 123826 ns
[2020-05-16T09:08:44.318+0000][15960][safepoint    ] Safepoint "Cleanup", Time since last: 2000598724 ns, Reaching safepoint: 129392 ns, At safepoint: 6492 ns, Total: 135884 ns
[2020-05-16T09:08:45.318+0000][15960][safepoint    ] Safepoint "Cleanup", Time since last: 1000570899 ns, Reaching safepoint: 184579 ns, At safepoint: 5102 ns, Total: 189681 ns
[2020-05-16T09:08:47.319+0000][15960][safepoint    ] Safepoint "Cleanup", Time since last: 2000689623 ns, Reaching safepoint: 121507 ns, At safepoint: 4638 ns, Total: 126145 ns
[2020-05-16T09:08:48.320+0000][15960][safepoint    ] Safepoint "Cleanup", Time since last: 1000199420 ns, Reaching safepoint: 109449 ns, At safepoint: 4174 ns, Total: 113623 ns
[2020-05-16T09:08:49.320+0000][15960][safepoint    ] Safepoint "Cleanup", Time since last: 1000018551 ns, Reaching safepoint: 123826 ns, At safepoint: 4637 ns, Total: 128463 ns
[2020-05-16T09:08:50.320+0000][15960][safepoint    ] Safepoint "Cleanup", Time since last: 1000292174 ns, Reaching safepoint: 118261 ns, At safepoint: 4174 ns, Total: 122435 ns
[2020-05-16T09:08:51.321+0000][15960][safepoint    ] Safepoint "Cleanup", Time since last: 1000797217 ns, Reaching safepoint: 111304 ns, At safepoint: 4638 ns, Total: 115942 ns
[2020-05-16T09:08:52.321+0000][15960][safepoint    ] Safepoint "Cleanup", Time since last: 1000466087 ns, Reaching safepoint: 126608 ns, At safepoint: 5102 ns, Total: 131710 ns
[2020-05-16T09:08:53.322+0000][15960][safepoint    ] Safepoint "Cleanup", Time since last: 1000035246 ns, Reaching safepoint: 118261 ns, At safepoint: 4174 ns, Total: 122435 ns
[2020-05-16T09:08:54.322+0000][15960][safepoint    ] Safepoint "Cleanup", Time since last: 1000300985 ns, Reaching safepoint: 118725 ns, At safepoint: 4174 ns, Total: 122899 ns
[2020-05-16T09:08:56.322+0000][15960][safepoint    ] Safepoint "Cleanup", Time since last: 2000179014 ns, Reaching safepoint: 125217 ns, At safepoint: 6493 ns, Total: 131710 ns
[2020-05-16T09:08:57.323+0000][15960][safepoint    ] Safepoint "Cleanup", Time since last: 1000619594 ns, Reaching safepoint: 119188 ns, At safepoint: 3247 ns, Total: 122435 ns
[2020-05-16T09:08:58.324+0000][15960][safepoint    ] Safepoint "Cleanup", Time since last: 1000766144 ns, Reaching safepoint: 108522 ns, At safepoint: 4638 ns, Total: 113160 ns
[2020-05-16T09:08:59.325+0000][15960][safepoint    ] Safepoint "Cleanup", Time since last: 1000426202 ns, Reaching safepoint: 283363 ns, At safepoint: 10202 ns, Total: 293565 ns
[2020-05-16T09:09:00.325+0000][15960][safepoint    ] Safepoint "Cleanup", Time since last: 1000444290 ns, Reaching safepoint: 146087 ns, At safepoint: 3246 ns, Total: 149333 ns
[2020-05-16T09:09:01.326+0000][15960][safepoint    ] Safepoint "Cleanup", Time since last: 1000096000 ns, Reaching safepoint: 138667 ns, At safepoint: 6029 ns, Total: 144696 ns
[2020-05-16T09:09:02.326+0000][15960][safepoint    ] Safepoint "Cleanup", Time since last: 1000347362 ns, Reaching safepoint: 120580 ns, At safepoint: 4174 ns, Total: 124754 ns
[2020-05-16T09:09:03.327+0000][15960][safepoint    ] Safepoint "Cleanup", Time since last: 1000458202 ns, Reaching safepoint: 132638 ns, At safepoint: 6956 ns, Total: 139594 ns
[2020-05-16T09:09:04.327+0000][15960][safepoint    ] Safepoint "Cleanup", Time since last: 1000606609 ns, Reaching safepoint: 104348 ns, At safepoint: 5565 ns, Total: 109913 ns
[2020-05-16T09:09:05.328+0000][15960][safepoint    ] Safepoint "Cleanup", Time since last: 1000450782 ns, Reaching safepoint: 133102 ns, At safepoint: 9275 ns, Total: 142377 ns
[2020-05-16T09:09:07.329+0000][15960][safepoint    ] Safepoint "Cleanup", Time since last: 2000639072 ns, Reaching safepoint: 118261 ns, At safepoint: 4638 ns, Total: 122899 ns
[2020-05-16T09:09:08.329+0000][15960][safepoint    ] Safepoint "Cleanup", Time since last: 1000242550 ns, Reaching safepoint: 109450 ns, At safepoint: 4637 ns, Total: 114087 ns
[2020-05-16T09:09:10.330+0000][15960][safepoint    ] Safepoint "Cleanup", Time since last: 2000880695 ns, Reaching safepoint: 107131 ns, At safepoint: 6493 ns, Total: 113624 ns
[2020-05-16T09:09:11.330+0000][15960][safepoint    ] Safepoint "Cleanup", Time since last: 1000045913 ns, Reaching safepoint: 118724 ns, At safepoint: 4174 ns, Total: 122898 ns
[2020-05-16T09:09:13.330+0000][15960][safepoint    ] Safepoint "Cleanup", Time since last: 1999959189 ns, Reaching safepoint: 80231 ns, At safepoint: 2783 ns, Total: 83014 ns
[2020-05-16T09:09:14.331+0000][15960][safepoint    ] Safepoint "Cleanup", Time since last: 1000450319 ns, Reaching safepoint: 101565 ns, At safepoint: 6493 ns, Total: 108058 ns
[2020-05-16T09:09:15.331+0000][15960][safepoint    ] Safepoint "Cleanup", Time since last: 1000350144 ns, Reaching safepoint: 112696 ns, At safepoint: 3710 ns, Total: 116406 ns
[2020-05-16T09:09:17.331+0000][15960][safepoint    ] Safepoint "Cleanup", Time since last: 1999800580 ns, Reaching safepoint: 93681 ns, At safepoint: 4174 ns, Total: 97855 ns
[2020-05-16T09:09:18.332+0000][15960][safepoint    ] Safepoint "Cleanup", Time since last: 1000585739 ns, Reaching safepoint: 179014 ns, At safepoint: 7420 ns, Total: 186434 ns
[2020-05-16T09:09:19.332+0000][15960][safepoint    ] Safepoint "Cleanup", Time since last: 1000141913 ns, Reaching safepoint: 121971 ns, At safepoint: 6957 ns, Total: 128928 ns
[2020-05-16T09:09:21.333+0000][15960][safepoint    ] Safepoint "Cleanup", Time since last: 2000316290 ns, Reaching safepoint: 125217 ns, At safepoint: 6493 ns, Total: 131710 ns
[2020-05-16T09:09:22.334+0000][15960][safepoint    ] Safepoint "Cleanup", Time since last: 1000697970 ns, Reaching safepoint: 130319 ns, At safepoint: 5565 ns, Total: 135884 ns
[2020-05-16T09:09:24.334+0000][15960][safepoint    ] Safepoint "Cleanup", Time since last: 1999956406 ns, Reaching safepoint: 96000 ns, At safepoint: 4638 ns, Total: 100638 ns
[2020-05-16T09:09:25.334+0000][15960][safepoint    ] Safepoint "Cleanup", Time since last: 1000617275 ns, Reaching safepoint: 108522 ns, At safepoint: 12521 ns, Total: 121043 ns
[2020-05-16T09:09:26.335+0000][15960][safepoint    ] Safepoint "Cleanup", Time since last: 1000949797 ns, Reaching safepoint: 107594 ns, At safepoint: 5565 ns, Total: 113159 ns
[2020-05-16T09:09:27.336+0000][15960][safepoint    ] Safepoint "Cleanup", Time since last: 1000544928 ns, Reaching safepoint: 128927 ns, At safepoint: 5102 ns, Total: 134029 ns
[2020-05-16T09:09:29.337+0000][15960][safepoint    ] Safepoint "Cleanup", Time since last: 2000816231 ns, Reaching safepoint: 122435 ns, At safepoint: 4174 ns, Total: 126609 ns
[2020-05-16T09:09:30.337+0000][15960][safepoint    ] Safepoint "Cleanup", Time since last: 1000134492 ns, Reaching safepoint: 145623 ns, At safepoint: 4638 ns, Total: 150261 ns
[2020-05-16T09:09:31.614+0000][15960][safepoint    ] Safepoint "Cleanup", Time since last: 1000448000 ns, Reaching safepoint: 276365785 ns, At safepoint: 79304 ns, Total: 276445089 ns
[2020-05-16T09:09:32.615+0000][15960][safepoint    ] Safepoint "Cleanup", Time since last: 1000569043 ns, Reaching safepoint: 118725 ns, At safepoint: 4174 ns, Total: 122899 ns
[2020-05-16T09:09:33.625+0000][15960][safepoint    ] Safepoint "Cleanup", Time since last: 1010454256 ns, Reaching safepoint: 112695 ns, At safepoint: 4174 ns, Total: 116869 ns
[2020-05-16T09:09:35.626+0000][15960][safepoint    ] Safepoint "Cleanup", Time since last: 2000925681 ns, Reaching safepoint: 122435 ns, At safepoint: 6493 ns, Total: 128928 ns
[2020-05-16T09:09:36.627+0000][15960][safepoint    ] Safepoint "Cleanup", Time since last: 1000401159 ns, Reaching safepoint: 110840 ns, At safepoint: 6493 ns, Total: 117333 ns
[2020-05-16T09:09:38.628+0000][15960][safepoint    ] Safepoint "Cleanup", Time since last: 2000387246 ns, Reaching safepoint: 115942 ns, At safepoint: 3247 ns, Total: 119189 ns
[2020-05-16T09:09:40.628+0000][15960][safepoint    ] Safepoint "Cleanup", Time since last: 2000787014 ns, Reaching safepoint: 115478 ns, At safepoint: 6029 ns, Total: 121507 ns
[2020-05-16T09:09:41.629+0000][15960][safepoint    ] Safepoint "Cleanup", Time since last: 1000259246 ns, Reaching safepoint: 114551 ns, At safepoint: 4174 ns, Total: 118725 ns
[2020-05-16T09:09:43.629+0000][15960][safepoint    ] Safepoint "Cleanup", Time since last: 2000066319 ns, Reaching safepoint: 118260 ns, At safepoint: 4638 ns, Total: 122898 ns
[2020-05-16T09:09:44.630+0000][15960][safepoint    ] Safepoint "Cleanup", Time since last: 1000693797 ns, Reaching safepoint: 123362 ns, At safepoint: 6493 ns, Total: 129855 ns
[2020-05-16T09:09:45.638+0000][15960][safepoint    ] Safepoint "Cleanup", Time since last: 1008111300 ns, Reaching safepoint: 121508 ns, At safepoint: 6956 ns, Total: 128464 ns
[2020-05-16T09:09:47.651+0000][15960][safepoint    ] Safepoint "Cleanup", Time since last: 2000068638 ns, Reaching safepoint: 13041153 ns, At safepoint: 23189 ns, Total: 13064342 ns
[2020-05-16T09:09:48.652+0000][15960][safepoint    ] Safepoint "Cleanup", Time since last: 1000873275 ns, Reaching safepoint: 113159 ns, At safepoint: 4174 ns, Total: 117333 ns
[2020-05-16T09:09:49.653+0000][15960][safepoint    ] Safepoint "Cleanup", Time since last: 1000291246 ns, Reaching safepoint: 94609 ns, At safepoint: 4637 ns, Total: 99246 ns
[2020-05-16T09:09:50.653+0000][15960][safepoint    ] Safepoint "Cleanup", Time since last: 1000194783 ns, Reaching safepoint: 112696 ns, At safepoint: 4637 ns, Total: 117333 ns
[2020-05-16T09:09:51.653+0000][15960][safepoint    ] Safepoint "Cleanup", Time since last: 1000179015 ns, Reaching safepoint: 92753 ns, At safepoint: 4638 ns, Total: 97391 ns
[2020-05-16T09:09:52.654+0000][15960][safepoint    ] Safepoint "Cleanup", Time since last: 1000326956 ns, Reaching safepoint: 102493 ns, At safepoint: 3246 ns, Total: 105739 ns
[2020-05-16T09:09:53.654+0000][15960][safepoint    ] Safepoint "Cleanup", Time since last: 1000315363 ns, Reaching safepoint: 108057 ns, At safepoint: 4638 ns, Total: 112695 ns
[2020-05-16T09:09:54.654+0000][15960][safepoint    ] Safepoint "Cleanup", Time since last: 1000081623 ns, Reaching safepoint: 117334 ns, At safepoint: 4637 ns, Total: 121971 ns
[2020-05-16T09:09:55.656+0000][15960][safepoint    ] Safepoint "Cleanup", Time since last: 1001566144 ns, Reaching safepoint: 202203 ns, At safepoint: 5565 ns, Total: 207768 ns
[2020-05-16T09:09:56.657+0000][15960][safepoint    ] Safepoint "Cleanup", Time since last: 1000673391 ns, Reaching safepoint: 196638 ns, At safepoint: 6957 ns, Total: 203595 ns
[2020-05-16T09:09:57.658+0000][15960][safepoint    ] Safepoint "Cleanup", Time since last: 1000816231 ns, Reaching safepoint: 121043 ns, At safepoint: 6957 ns, Total: 128000 ns
[2020-05-16T09:09:58.659+0000][15960][safepoint    ] Safepoint "Cleanup", Time since last: 1000768000 ns, Reaching safepoint: 82550 ns, At safepoint: 3247 ns, Total: 85797 ns
[2020-05-16T09:09:59.659+0000][15960][safepoint    ] Safepoint "Cleanup", Time since last: 1000025971 ns, Reaching safepoint: 102029 ns, At safepoint: 4637 ns, Total: 106666 ns
[2020-05-16T09:10:00.660+0000][15960][safepoint    ] Safepoint "Cleanup", Time since last: 1000570899 ns, Reaching safepoint: 101101 ns, At safepoint: 4638 ns, Total: 105739 ns
[2020-05-16T09:10:01.660+0000][15960][safepoint    ] Safepoint "Cleanup", Time since last: 1000246724 ns, Reaching safepoint: 97855 ns, At safepoint: 6957 ns, Total: 104812 ns
[2020-05-16T09:10:02.661+0000][15960][safepoint    ] Safepoint "Cleanup", Time since last: 1000567652 ns, Reaching safepoint: 135884 ns, At safepoint: 5565 ns, Total: 141449 ns
[2020-05-16T09:10:04.661+0000][15960][safepoint    ] Safepoint "Cleanup", Time since last: 2000064927 ns, Reaching safepoint: 102957 ns, At safepoint: 5101 ns, Total: 108058 ns
[2020-05-16T09:10:05.662+0000][15960][safepoint    ] Safepoint "Cleanup", Time since last: 1000863072 ns, Reaching safepoint: 115942 ns, At safepoint: 6957 ns, Total: 122899 ns
[2020-05-16T09:10:06.662+0000][15960][safepoint    ] Safepoint "Cleanup", Time since last: 1000580637 ns, Reaching safepoint: 115478 ns, At safepoint: 6029 ns, Total: 121507 ns
[2020-05-16T09:10:07.663+0000][15960][safepoint    ] Safepoint "Cleanup", Time since last: 1000819942 ns, Reaching safepoint: 110841 ns, At safepoint: 6492 ns, Total: 117333 ns
[2020-05-16T09:10:08.664+0000][15960][safepoint    ] Safepoint "Cleanup", Time since last: 1000748058 ns, Reaching safepoint: 116406 ns, At safepoint: 6493 ns, Total: 122899 ns
[2020-05-16T09:10:09.665+0000][15960][safepoint    ] Safepoint "Cleanup", Time since last: 1000334840 ns, Reaching safepoint: 120580 ns, At safepoint: 4637 ns, Total: 125217 ns
[2020-05-16T09:10:10.674+0000][15960][safepoint    ] Safepoint "Cleanup", Time since last: 1000538899 ns, Reaching safepoint: 9216923 ns, At safepoint: 27362 ns, Total: 9244285 ns
[2020-05-16T09:10:11.675+0000][15960][safepoint    ] Safepoint "Cleanup", Time since last: 1000021333 ns, Reaching safepoint: 134029 ns, At safepoint: 6957 ns, Total: 140986 ns
[2020-05-16T09:10:12.675+0000][15960][safepoint    ] Safepoint "Cleanup", Time since last: 1000573681 ns, Reaching safepoint: 101565 ns, At safepoint: 4174 ns, Total: 105739 ns
[2020-05-16T09:10:14.675+0000][15960][safepoint    ] Safepoint "Cleanup", Time since last: 2000011594 ns, Reaching safepoint: 125217 ns, At safepoint: 4174 ns, Total: 129391 ns
[2020-05-16T09:10:15.748+0000][15960][safepoint    ] Safepoint "Cleanup", Time since last: 1071997648 ns, Reaching safepoint: 114551 ns, At safepoint: 6492 ns, Total: 121043 ns
[2020-05-16T09:10:16.748+0000][15960][safepoint    ] Safepoint "Cleanup", Time since last: 1000482319 ns, Reaching safepoint: 112696 ns, At safepoint: 4637 ns, Total: 117333 ns
[2020-05-16T09:10:18.749+0000][15960][safepoint    ] Safepoint "Cleanup", Time since last: 2000164174 ns, Reaching safepoint: 97391 ns, At safepoint: 4638 ns, Total: 102029 ns
[2020-05-16T09:10:19.749+0000][15960][safepoint    ] Safepoint "Cleanup", Time since last: 1000336696 ns, Reaching safepoint: 165565 ns, At safepoint: 6956 ns, Total: 172521 ns
[2020-05-16T09:10:20.749+0000][15960][safepoint    ] Safepoint "Cleanup", Time since last: 1000136812 ns, Reaching safepoint: 99246 ns, At safepoint: 2783 ns, Total: 102029 ns
[2020-05-16T09:10:21.750+0000][15960][safepoint    ] Safepoint "Cleanup", Time since last: 1000380753 ns, Reaching safepoint: 99247 ns, At safepoint: 4173 ns, Total: 103420 ns
[2020-05-16T09:10:22.750+0000][15960][safepoint    ] Safepoint "Cleanup", Time since last: 1000087189 ns, Reaching safepoint: 118261 ns, At safepoint: 4637 ns, Total: 122898 ns
[2020-05-16T09:10:23.750+0000][15960][safepoint    ] Safepoint "Cleanup", Time since last: 1000322783 ns, Reaching safepoint: 111304 ns, At safepoint: 6493 ns, Total: 117797 ns
[2020-05-16T09:10:24.751+0000][15960][safepoint    ] Safepoint "Cleanup", Time since last: 1000121971 ns, Reaching safepoint: 147942 ns, At safepoint: 4637 ns, Total: 152579 ns
[2020-05-16T09:10:26.751+0000][15960][safepoint    ] Safepoint "Cleanup", Time since last: 2000310261 ns, Reaching safepoint: 202667 ns, At safepoint: 6492 ns, Total: 209159 ns
[2020-05-16T09:10:27.751+0000][15960][safepoint    ] Safepoint "Cleanup", Time since last: 1000027827 ns, Reaching safepoint: 88579 ns, At safepoint: 4174 ns, Total: 92753 ns
[2020-05-16T09:10:29.751+0000][15960][safepoint    ] Safepoint "Cleanup", Time since last: 1999962899 ns, Reaching safepoint: 102029 ns, At safepoint: 4637 ns, Total: 106666 ns
[2020-05-16T09:10:30.752+0000][15960][safepoint    ] Safepoint "Cleanup", Time since last: 1000715594 ns, Reaching safepoint: 78377 ns, At safepoint: 4174 ns, Total: 82551 ns
[2020-05-16T09:10:31.753+0000][15960][safepoint    ] Safepoint "Cleanup", Time since last: 1000547246 ns, Reaching safepoint: 212869 ns, At safepoint: 8348 ns, Total: 221217 ns
[2020-05-16T09:10:33.753+0000][15960][safepoint    ] Safepoint "Cleanup", Time since last: 1999949913 ns, Reaching safepoint: 87189 ns, At safepoint: 3246 ns, Total: 90435 ns
[2020-05-16T09:10:34.753+0000][15960][safepoint    ] Safepoint "Cleanup", Time since last: 1000377043 ns, Reaching safepoint: 79768 ns, At safepoint: 3247 ns, Total: 83015 ns
[2020-05-16T09:10:35.754+0000][15960][safepoint    ] Safepoint "Cleanup", Time since last: 1000108522 ns, Reaching safepoint: 106666 ns, At safepoint: 3247 ns, Total: 109913 ns
[2020-05-16T09:10:37.754+0000][15960][safepoint    ] Safepoint "Cleanup", Time since last: 2000340869 ns, Reaching safepoint: 100174 ns, At safepoint: 3246 ns, Total: 103420 ns
[2020-05-16T09:10:38.755+0000][15960][safepoint    ] Safepoint "Cleanup", Time since last: 1000810203 ns, Reaching safepoint: 148869 ns, At safepoint: 6493 ns, Total: 155362 ns
[2020-05-16T09:10:39.755+0000][15960][safepoint    ] Safepoint "Cleanup", Time since last: 1000302840 ns, Reaching safepoint: 125682 ns, At safepoint: 4637 ns, Total: 130319 ns
[2020-05-16T09:10:40.756+0000][15960][safepoint    ] Safepoint "Cleanup", Time since last: 1000359884 ns, Reaching safepoint: 176696 ns, At safepoint: 3246 ns, Total: 179942 ns
[2020-05-16T09:10:41.756+0000][15960][safepoint    ] Safepoint "Cleanup", Time since last: 1000027362 ns, Reaching safepoint: 114551 ns, At safepoint: 2783 ns, Total: 117334 ns
[2020-05-16T09:10:42.757+0000][15960][safepoint    ] Safepoint "Cleanup", Time since last: 1000633043 ns, Reaching safepoint: 171130 ns, At safepoint: 4638 ns, Total: 175768 ns
[2020-05-16T09:10:43.757+0000][15960][safepoint    ] Safepoint "Cleanup", Time since last: 1000440579 ns, Reaching safepoint: 276870 ns, At safepoint: 28290 ns, Total: 305160 ns
[2020-05-16T09:10:44.969+0000][15960][safepoint    ] Safepoint "Cleanup", Time since last: 1000473970 ns, Reaching safepoint: 211271323 ns, At safepoint: 79304 ns, Total: 211350627 ns
[2020-05-16T09:10:46.059+0000][15960][safepoint    ] Safepoint "Cleanup", Time since last: 1088891785 ns, Reaching safepoint: 111304 ns, At safepoint: 5565 ns, Total: 116869 ns
[2020-05-16T09:10:48.532+0000][15960][safepoint    ] Safepoint "Cleanup", Time since last: 2000030145 ns, Reaching safepoint: 473090564 ns, At safepoint: 114550 ns, Total: 473205114 ns
[2020-05-16T09:10:49.533+0000][15960][safepoint    ] Safepoint "Cleanup", Time since last: 1000685449 ns, Reaching safepoint: 112696 ns, At safepoint: 14377 ns, Total: 127073 ns
[2020-05-16T09:10:50.534+0000][15960][safepoint    ] Safepoint "Cleanup", Time since last: 1000833854 ns, Reaching safepoint: 110377 ns, At safepoint: 14841 ns, Total: 125218 ns
[2020-05-16T09:10:52.534+0000][15960][safepoint    ] Safepoint "Cleanup", Time since last: 2000343188 ns, Reaching safepoint: 152116 ns, At safepoint: 4637 ns, Total: 156753 ns
[2020-05-16T09:10:53.535+0000][15960][safepoint    ] Safepoint "Cleanup", Time since last: 1000775884 ns, Reaching safepoint: 104348 ns, At safepoint: 4638 ns, Total: 108986 ns
[2020-05-16T09:10:54.536+0000][15960][safepoint    ] Safepoint "Cleanup", Time since last: 1000943303 ns, Reaching safepoint: 126145 ns, At safepoint: 4638 ns, Total: 130783 ns
[2020-05-16T09:10:55.536+0000][15960][safepoint    ] Safepoint "Cleanup", Time since last: 1000021333 ns, Reaching safepoint: 128464 ns, At safepoint: 4638 ns, Total: 133102 ns
[2020-05-16T09:10:56.537+0000][15960][safepoint    ] Safepoint "Cleanup", Time since last: 1000294956 ns, Reaching safepoint: 121507 ns, At safepoint: 4638 ns, Total: 126145 ns
[2020-05-16T09:10:57.537+0000][15960][safepoint    ] Safepoint "Cleanup", Time since last: 1000584811 ns, Reaching safepoint: 121044 ns, At safepoint: 5565 ns, Total: 126609 ns
[2020-05-16T09:10:58.538+0000][15960][safepoint    ] Safepoint "Cleanup", Time since last: 1000752695 ns, Reaching safepoint: 134029 ns, At safepoint: 6493 ns, Total: 140522 ns
[2020-05-16T09:10:59.539+0000][15960][safepoint    ] Safepoint "Cleanup", Time since last: 1000221217 ns, Reaching safepoint: 217044 ns, At safepoint: 7884 ns, Total: 224928 ns
[2020-05-16T09:11:00.539+0000][15960][safepoint    ] Safepoint "Cleanup", Time since last: 1000499941 ns, Reaching safepoint: 171595 ns, At safepoint: 8811 ns, Total: 180406 ns
[2020-05-16T09:11:01.539+0000][15960][safepoint    ] Safepoint "Cleanup", Time since last: 1000060754 ns, Reaching safepoint: 238840 ns, At safepoint: 11131 ns, Total: 249971 ns
[2020-05-16T09:11:02.540+0000][15960][safepoint    ] Safepoint "Cleanup", Time since last: 1000458202 ns, Reaching safepoint: 253681 ns, At safepoint: 12058 ns, Total: 265739 ns
[2020-05-16T09:11:03.541+0000][15960][safepoint    ] Safepoint "Cleanup", Time since last: 1000102957 ns, Reaching safepoint: 106203 ns, At safepoint: 4637 ns, Total: 110840 ns
[2020-05-16T09:11:04.541+0000][15960][safepoint    ] Safepoint "Cleanup", Time since last: 1000253681 ns, Reaching safepoint: 132638 ns, At safepoint: 4174 ns, Total: 136812 ns
[2020-05-16T09:11:05.542+0000][15960][safepoint    ] Safepoint "Cleanup", Time since last: 1000770318 ns, Reaching safepoint: 128000 ns, At safepoint: 4638 ns, Total: 132638 ns
[2020-05-16T09:11:06.542+0000][15960][safepoint    ] Safepoint "Cleanup", Time since last: 1000252290 ns, Reaching safepoint: 123362 ns, At safepoint: 6029 ns, Total: 129391 ns
[2020-05-16T09:11:07.542+0000][15960][safepoint    ] Safepoint "Cleanup", Time since last: 1000094609 ns, Reaching safepoint: 100637 ns, At safepoint: 4638 ns, Total: 105275 ns
[2020-05-16T09:11:08.543+0000][15960][safepoint    ] Safepoint "Cleanup", Time since last: 1000371942 ns, Reaching safepoint: 124753 ns, At safepoint: 4174 ns, Total: 128927 ns
[2020-05-16T09:11:09.544+0000][15960][safepoint    ] Safepoint "Cleanup", Time since last: 1000580638 ns, Reaching safepoint: 134956 ns, At safepoint: 7420 ns, Total: 142376 ns
[2020-05-16T09:11:11.544+0000][15960][safepoint    ] Safepoint "Cleanup", Time since last: 1999978203 ns, Reaching safepoint: 131710 ns, At safepoint: 5566 ns, Total: 137276 ns
[2020-05-16T09:11:12.544+0000][15960][safepoint    ] Safepoint "Cleanup", Time since last: 1000192927 ns, Reaching safepoint: 117797 ns, At safepoint: 4638 ns, Total: 122435 ns
[2020-05-16T09:11:13.545+0000][15960][safepoint    ] Safepoint "Cleanup", Time since last: 1000807420 ns, Reaching safepoint: 130782 ns, At safepoint: 4174 ns, Total: 134956 ns
[2020-05-16T09:11:14.939+0000][15960][safepoint    ] Safepoint "Cleanup", Time since last: 1394364107 ns, Reaching safepoint: 257855 ns, At safepoint: 15304 ns, Total: 273159 ns
[2020-05-16T09:11:15.941+0000][15960][safepoint    ] Safepoint "Cleanup", Time since last: 1001511420 ns, Reaching safepoint: 102956 ns, At safepoint: 4638 ns, Total: 107594 ns
[2020-05-16T09:11:16.942+0000][15960][safepoint    ] Safepoint "Cleanup", Time since last: 1000522203 ns, Reaching safepoint: 107130 ns, At safepoint: 4174 ns, Total: 111304 ns
[2020-05-16T09:11:17.943+0000][15960][safepoint    ] Safepoint "Cleanup", Time since last: 1000681739 ns, Reaching safepoint: 83942 ns, At safepoint: 2783 ns, Total: 86725 ns
[2020-05-16T09:11:18.943+0000][15960][safepoint    ] Safepoint "Cleanup", Time since last: 1000109449 ns, Reaching safepoint: 97391 ns, At safepoint: 4638 ns, Total: 102029 ns
[2020-05-16T09:11:19.944+0000][15960][safepoint    ] Safepoint "Cleanup", Time since last: 1000895072 ns, Reaching safepoint: 81159 ns, At safepoint: 3247 ns, Total: 84406 ns
[2020-05-16T09:11:20.944+0000][15960][safepoint    ] Safepoint "Cleanup", Time since last: 1000029217 ns, Reaching safepoint: 88116 ns, At safepoint: 3246 ns, Total: 91362 ns
[2020-05-16T09:11:21.945+0000][15960][safepoint    ] Safepoint "Cleanup", Time since last: 1000436870 ns, Reaching safepoint: 108057 ns, At safepoint: 3247 ns, Total: 111304 ns
[2020-05-16T09:11:22.945+0000][15960][safepoint    ] Safepoint "Cleanup", Time since last: 1000072348 ns, Reaching safepoint: 185043 ns, At safepoint: 8348 ns, Total: 193391 ns
[2020-05-16T09:11:24.946+0000][15960][safepoint    ] Safepoint "Cleanup", Time since last: 2000761970 ns, Reaching safepoint: 92290 ns, At safepoint: 4174 ns, Total: 96464 ns
[2020-05-16T09:11:25.946+0000][15960][safepoint    ] Safepoint "Cleanup", Time since last: 1000369623 ns, Reaching safepoint: 92290 ns, At safepoint: 2783 ns, Total: 95073 ns
[2020-05-16T09:11:26.946+0000][15960][safepoint    ] Safepoint "Cleanup", Time since last: 1000123362 ns, Reaching safepoint: 105275 ns, At safepoint: 3247 ns, Total: 108522 ns
[2020-05-16T09:11:27.947+0000][15960][safepoint    ] Safepoint "Cleanup", Time since last: 1000572289 ns, Reaching safepoint: 115478 ns, At safepoint: 2783 ns, Total: 118261 ns
[2020-05-16T09:11:28.948+0000][15960][safepoint    ] Safepoint "Cleanup", Time since last: 1000891362 ns, Reaching safepoint: 116406 ns, At safepoint: 2782 ns, Total: 119188 ns
[2020-05-16T09:11:29.959+0000][15960][safepoint    ] Safepoint "Cleanup", Time since last: 1011242198 ns, Reaching safepoint: 101565 ns, At safepoint: 2783 ns, Total: 104348 ns
[2020-05-16T09:11:31.960+0000][15960][safepoint    ] Safepoint "Cleanup", Time since last: 2000636289 ns, Reaching safepoint: 137739 ns, At safepoint: 7421 ns, Total: 145160 ns
[2020-05-16T09:11:33.961+0000][15960][safepoint    ] Safepoint "Cleanup", Time since last: 2000242086 ns, Reaching safepoint: 104812 ns, At safepoint: 4638 ns, Total: 109450 ns
[2020-05-16T09:11:34.961+0000][15960][safepoint    ] Safepoint "Cleanup", Time since last: 1000024116 ns, Reaching safepoint: 117797 ns, At safepoint: 5101 ns, Total: 122898 ns
[2020-05-16T09:11:35.961+0000][15960][safepoint    ] Safepoint "Cleanup", Time since last: 1000688695 ns, Reaching safepoint: 121508 ns, At safepoint: 4637 ns, Total: 126145 ns
[2020-05-16T09:11:36.962+0000][15960][safepoint    ] Safepoint "Cleanup", Time since last: 1000415073 ns, Reaching safepoint: 99710 ns, At safepoint: 4637 ns, Total: 104347 ns
[2020-05-16T09:11:37.963+0000][15960][safepoint    ] Safepoint "Cleanup", Time since last: 1000513391 ns, Reaching safepoint: 107595 ns, At safepoint: 4637 ns, Total: 112232 ns
[2020-05-16T09:11:38.963+0000][15960][safepoint    ] Safepoint "Cleanup", Time since last: 1000640928 ns, Reaching safepoint: 131246 ns, At safepoint: 5565 ns, Total: 136811 ns
[2020-05-16T09:11:40.964+0000][15960][safepoint    ] Safepoint "Cleanup", Time since last: 2000454493 ns, Reaching safepoint: 107130 ns, At safepoint: 5565 ns, Total: 112695 ns
[2020-05-16T09:11:41.965+0000][15960][safepoint    ] Safepoint "Cleanup", Time since last: 1000664580 ns, Reaching safepoint: 89043 ns, At safepoint: 2783 ns, Total: 91826 ns
[2020-05-16T09:11:42.965+0000][15960][safepoint    ] Safepoint "Cleanup", Time since last: 1000485565 ns, Reaching safepoint: 87188 ns, At safepoint: 2783 ns, Total: 89971 ns
[2020-05-16T09:11:43.966+0000][15960][safepoint    ] Safepoint "Cleanup", Time since last: 1000866318 ns, Reaching safepoint: 119652 ns, At safepoint: 8348 ns, Total: 128000 ns
[2020-05-16T09:11:44.967+0000][15960][safepoint    ] Safepoint "Cleanup", Time since last: 1000256464 ns, Reaching safepoint: 103420 ns, At safepoint: 6029 ns, Total: 109449 ns
[2020-05-16T09:11:45.967+0000][15960][safepoint    ] Safepoint "Cleanup", Time since last: 1000677101 ns, Reaching safepoint: 140058 ns, At safepoint: 8811 ns, Total: 148869 ns
[2020-05-16T09:11:46.968+0000][15960][safepoint    ] Safepoint "Cleanup", Time since last: 1000669681 ns, Reaching safepoint: 116870 ns, At safepoint: 4174 ns, Total: 121044 ns
[2020-05-16T09:11:47.969+0000][15960][safepoint    ] Safepoint "Cleanup", Time since last: 1000731362 ns, Reaching safepoint: 227710 ns, At safepoint: 7884 ns, Total: 235594 ns
[2020-05-16T09:11:48.970+0000][15960][safepoint    ] Safepoint "Cleanup", Time since last: 1000670144 ns, Reaching safepoint: 150725 ns, At safepoint: 6493 ns, Total: 157218 ns
[2020-05-16T09:11:50.970+0000][15960][safepoint    ] Safepoint "Cleanup", Time since last: 2000123826 ns, Reaching safepoint: 83942 ns, At safepoint: 3710 ns, Total: 87652 ns
[2020-05-16T09:11:51.971+0000][15960][safepoint    ] Safepoint "Cleanup", Time since last: 1000550492 ns, Reaching safepoint: 103421 ns, At safepoint: 5565 ns, Total: 108986 ns
[2020-05-16T09:11:52.972+0000][15960][safepoint    ] Safepoint "Cleanup", Time since last: 1000760579 ns, Reaching safepoint: 98319 ns, At safepoint: 6493 ns, Total: 104812 ns
[2020-05-16T09:11:54.972+0000][15960][safepoint    ] Safepoint "Cleanup", Time since last: 2000502260 ns, Reaching safepoint: 147942 ns, At safepoint: 8812 ns, Total: 156754 ns
[2020-05-16T09:11:55.973+0000][15960][safepoint    ] Safepoint "Cleanup", Time since last: 1000174840 ns, Reaching safepoint: 108058 ns, At safepoint: 6029 ns, Total: 114087 ns
[2020-05-16T09:11:56.973+0000][15960][safepoint    ] Safepoint "Cleanup", Time since last: 1000126609 ns, Reaching safepoint: 115014 ns, At safepoint: 4174 ns, Total: 119188 ns
[2020-05-16T09:11:57.973+0000][15960][safepoint    ] Safepoint "Cleanup", Time since last: 1000165102 ns, Reaching safepoint: 121507 ns, At safepoint: 6029 ns, Total: 127536 ns
[2020-05-16T09:11:59.973+0000][15960][safepoint    ] Safepoint "Cleanup", Time since last: 1999977739 ns, Reaching safepoint: 118725 ns, At safepoint: 4174 ns, Total: 122899 ns
[2020-05-16T09:12:00.974+0000][15960][safepoint    ] Safepoint "Cleanup", Time since last: 1000753622 ns, Reaching safepoint: 109450 ns, At safepoint: 4174 ns, Total: 113624 ns
[2020-05-16T09:12:01.975+0000][15960][safepoint    ] Safepoint "Cleanup", Time since last: 1000588057 ns, Reaching safepoint: 108986 ns, At safepoint: 2782 ns, Total: 111768 ns
[2020-05-16T09:12:02.976+0000][15960][safepoint    ] Safepoint "Cleanup", Time since last: 1000441044 ns, Reaching safepoint: 121043 ns, At safepoint: 4174 ns, Total: 125217 ns
[2020-05-16T09:12:04.151+0000][15960][safepoint    ] Safepoint "Cleanup", Time since last: 1000829681 ns, Reaching safepoint: 175006527 ns, At safepoint: 106667 ns, Total: 175113194 ns
[2020-05-16T09:12:05.152+0000][15960][safepoint    ] Safepoint "Cleanup", Time since last: 1000462840 ns, Reaching safepoint: 143304 ns, At safepoint: 2783 ns, Total: 146087 ns
[2020-05-16T09:12:06.153+0000][15960][safepoint    ] Safepoint "Cleanup", Time since last: 1000364058 ns, Reaching safepoint: 118724 ns, At safepoint: 3247 ns, Total: 121971 ns
[2020-05-16T09:12:07.153+0000][15960][safepoint    ] Safepoint "Cleanup", Time since last: 1000211942 ns, Reaching safepoint: 112695 ns, At safepoint: 44986 ns, Total: 157681 ns
[2020-05-16T09:12:08.154+0000][15960][safepoint    ] Safepoint "Cleanup", Time since last: 1000526840 ns, Reaching safepoint: 95536 ns, At safepoint: 3711 ns, Total: 99247 ns
[2020-05-16T09:12:09.154+0000][15960][safepoint    ] Safepoint "Cleanup", Time since last: 1000670144 ns, Reaching safepoint: 87188 ns, At safepoint: 20406 ns, Total: 107594 ns
[2020-05-16T09:12:10.155+0000][15960][safepoint    ] Safepoint "Cleanup", Time since last: 1000225391 ns, Reaching safepoint: 123363 ns, At safepoint: 2782 ns, Total: 126145 ns
[2020-05-16T09:12:11.155+0000][15960][safepoint    ] Safepoint "Cleanup", Time since last: 1000052406 ns, Reaching safepoint: 91362 ns, At safepoint: 3711 ns, Total: 95073 ns
[2020-05-16T09:12:12.155+0000][15960][safepoint    ] Safepoint "Cleanup", Time since last: 1000253217 ns, Reaching safepoint: 221217 ns, At safepoint: 6029 ns, Total: 227246 ns
[2020-05-16T09:12:14.156+0000][15960][safepoint    ] Safepoint "Cleanup", Time since last: 2000804174 ns, Reaching safepoint: 128463 ns, At safepoint: 7421 ns, Total: 135884 ns
[2020-05-16T09:12:15.157+0000][15960][safepoint    ] Safepoint "Cleanup", Time since last: 1000201275 ns, Reaching safepoint: 335768 ns, At safepoint: 6029 ns, Total: 341797 ns
[2020-05-16T09:12:17.157+0000][15960][safepoint    ] Safepoint "Cleanup", Time since last: 2000455420 ns, Reaching safepoint: 157681 ns, At safepoint: 5565 ns, Total: 163246 ns
[2020-05-16T09:12:18.158+0000][15960][safepoint    ] Safepoint "Cleanup", Time since last: 1000801855 ns, Reaching safepoint: 143768 ns, At safepoint: 6956 ns, Total: 150724 ns
[2020-05-16T09:12:19.159+0000][15960][safepoint    ] Safepoint "Cleanup", Time since last: 1000062609 ns, Reaching safepoint: 151652 ns, At safepoint: 6493 ns, Total: 158145 ns
[2020-05-16T09:12:20.159+0000][15960][safepoint    ] Safepoint "Cleanup", Time since last: 1000167420 ns, Reaching safepoint: 130783 ns, At safepoint: 5565 ns, Total: 136348 ns
[2020-05-16T09:12:21.159+0000][15960][safepoint    ] Safepoint "Cleanup", Time since last: 1000003710 ns, Reaching safepoint: 130783 ns, At safepoint: 6956 ns, Total: 137739 ns
[2020-05-16T09:12:22.160+0000][15960][safepoint    ] Safepoint "Cleanup", Time since last: 1000540754 ns, Reaching safepoint: 135420 ns, At safepoint: 6493 ns, Total: 141913 ns
[2020-05-16T09:12:23.160+0000][15960][safepoint    ] Safepoint "Cleanup", Time since last: 1000496695 ns, Reaching safepoint: 130783 ns, At safepoint: 5565 ns, Total: 136348 ns
[2020-05-16T09:12:24.161+0000][15960][safepoint    ] Safepoint "Cleanup", Time since last: 1000907130 ns, Reaching safepoint: 171130 ns, At safepoint: 10667 ns, Total: 181797 ns
[2020-05-16T09:12:25.162+0000][15960][safepoint    ] Safepoint "Cleanup", Time since last: 1000406724 ns, Reaching safepoint: 106667 ns, At safepoint: 5101 ns, Total: 111768 ns
[2020-05-16T09:12:26.162+0000][15960][safepoint    ] Safepoint "Cleanup", Time since last: 1000374261 ns, Reaching safepoint: 148406 ns, At safepoint: 4174 ns, Total: 152580 ns
[2020-05-16T09:12:27.163+0000][15960][safepoint    ] Safepoint "Cleanup", Time since last: 1000790724 ns, Reaching safepoint: 133565 ns, At safepoint: 6029 ns, Total: 139594 ns
[2020-05-16T09:12:28.164+0000][15960][safepoint    ] Safepoint "Cleanup", Time since last: 1000860753 ns, Reaching safepoint: 139594 ns, At safepoint: 3711 ns, Total: 143305 ns
[2020-05-16T09:12:29.165+0000][15960][safepoint    ] Safepoint "Cleanup", Time since last: 1000293101 ns, Reaching safepoint: 114087 ns, At safepoint: 6029 ns, Total: 120116 ns
[2020-05-16T09:12:30.166+0000][15960][safepoint    ] Safepoint "Cleanup", Time since last: 1000607999 ns, Reaching safepoint: 116406 ns, At safepoint: 6029 ns, Total: 122435 ns
[2020-05-16T09:12:31.166+0000][15960][safepoint    ] Safepoint "Cleanup", Time since last: 1000121971 ns, Reaching safepoint: 221681 ns, At safepoint: 7884 ns, Total: 229565 ns
[2020-05-16T09:12:32.166+0000][15960][safepoint    ] Safepoint "Cleanup", Time since last: 1000205449 ns, Reaching safepoint: 126609 ns, At safepoint: 4638 ns, Total: 131247 ns
[2020-05-16T09:12:33.167+0000][15960][safepoint    ] Safepoint "Cleanup", Time since last: 1000390956 ns, Reaching safepoint: 152116 ns, At safepoint: 7884 ns, Total: 160000 ns
[2020-05-16T09:12:35.167+0000][15960][safepoint    ] Safepoint "Cleanup", Time since last: 1999955942 ns, Reaching safepoint: 102957 ns, At safepoint: 4173 ns, Total: 107130 ns
[2020-05-16T09:12:36.167+0000][15960][safepoint    ] Safepoint "Cleanup", Time since last: 1000243942 ns, Reaching safepoint: 122435 ns, At safepoint: 4174 ns, Total: 126609 ns
[2020-05-16T09:12:37.167+0000][15960][safepoint    ] Safepoint "Cleanup", Time since last: 1000144232 ns, Reaching safepoint: 118724 ns, At safepoint: 3247 ns, Total: 121971 ns
[2020-05-16T09:12:38.168+0000][15960][safepoint    ] Safepoint "Cleanup", Time since last: 1000800927 ns, Reaching safepoint: 121507 ns, At safepoint: 21333 ns, Total: 142840 ns
[2020-05-16T09:12:39.169+0000][15960][safepoint    ] Safepoint "Cleanup", Time since last: 1000432696 ns, Reaching safepoint: 121971 ns, At safepoint: 4638 ns, Total: 126609 ns
[2020-05-16T09:12:40.170+0000][15960][safepoint    ] Safepoint "Cleanup", Time since last: 1000799535 ns, Reaching safepoint: 120580 ns, At safepoint: 3710 ns, Total: 124290 ns
[2020-05-16T09:12:41.170+0000][15960][safepoint    ] Safepoint "Cleanup", Time since last: 1000083015 ns, Reaching safepoint: 97391 ns, At safepoint: 4638 ns, Total: 102029 ns
[2020-05-16T09:12:42.170+0000][15960][safepoint    ] Safepoint "Cleanup", Time since last: 1000003710 ns, Reaching safepoint: 122434 ns, At safepoint: 4174 ns, Total: 126608 ns
[2020-05-16T09:12:43.171+0000][15960][safepoint    ] Safepoint "Cleanup", Time since last: 1000471652 ns, Reaching safepoint: 121971 ns, At safepoint: 4174 ns, Total: 126145 ns
[2020-05-16T09:12:44.172+0000][15960][safepoint    ] Safepoint "Cleanup", Time since last: 1000733217 ns, Reaching safepoint: 172986 ns, At safepoint: 6492 ns, Total: 179478 ns
[2020-05-16T09:12:45.172+0000][15960][safepoint    ] Safepoint "Cleanup", Time since last: 1000361276 ns, Reaching safepoint: 153507 ns, At safepoint: 6493 ns, Total: 160000 ns
[2020-05-16T09:12:46.172+0000][15960][safepoint    ] Safepoint "Cleanup", Time since last: 1000051478 ns, Reaching safepoint: 153043 ns, At safepoint: 6493 ns, Total: 159536 ns
[2020-05-16T09:12:47.173+0000][15960][safepoint    ] Safepoint "Cleanup", Time since last: 1000899710 ns, Reaching safepoint: 309333 ns, At safepoint: 13913 ns, Total: 323246 ns
[2020-05-16T09:12:48.215+0000][15960][safepoint    ] Safepoint "Cleanup", Time since last: 1000134029 ns, Reaching safepoint: 41039749 ns, At safepoint: 61681 ns, Total: 41101430 ns
[2020-05-16T09:12:49.216+0000][15960][safepoint    ] Safepoint "Cleanup", Time since last: 1000666898 ns, Reaching safepoint: 263884 ns, At safepoint: 45449 ns, Total: 309333 ns
[2020-05-16T09:12:51.216+0000][15960][safepoint    ] Safepoint "Cleanup", Time since last: 1999908638 ns, Reaching safepoint: 133102 ns, At safepoint: 40811 ns, Total: 173913 ns
[2020-05-16T09:12:53.217+0000][15960][safepoint    ] Safepoint "Cleanup", Time since last: 2000711420 ns, Reaching safepoint: 147942 ns, At safepoint: 76522 ns, Total: 224464 ns
[2020-05-16T09:12:55.218+0000][15960][safepoint    ] Safepoint "Cleanup", Time since last: 2000479536 ns, Reaching safepoint: 121971 ns, At safepoint: 7420 ns, Total: 129391 ns
[2020-05-16T09:12:56.218+0000][15960][safepoint    ] Safepoint "Cleanup", Time since last: 1000264348 ns, Reaching safepoint: 119188 ns, At safepoint: 4174 ns, Total: 123362 ns
[2020-05-16T09:12:57.218+0000][15960][safepoint    ] Safepoint "Cleanup", Time since last: 1000038493 ns, Reaching safepoint: 116869 ns, At safepoint: 4174 ns, Total: 121043 ns
[2020-05-16T09:12:59.219+0000][15960][safepoint    ] Safepoint "Cleanup", Time since last: 2000313971 ns, Reaching safepoint: 92754 ns, At safepoint: 4173 ns, Total: 96927 ns
[2020-05-16T09:13:00.219+0000][15960][safepoint    ] Safepoint "Cleanup", Time since last: 1000220290 ns, Reaching safepoint: 93218 ns, At safepoint: 4173 ns, Total: 97391 ns
[2020-05-16T09:13:01.219+0000][15960][safepoint    ] Safepoint "Cleanup", Time since last: 1000288928 ns, Reaching safepoint: 108058 ns, At safepoint: 3246 ns, Total: 111304 ns
[2020-05-16T09:13:03.219+0000][15960][safepoint    ] Safepoint "Cleanup", Time since last: 2000019478 ns, Reaching safepoint: 147942 ns, At safepoint: 6029 ns, Total: 153971 ns
[2020-05-16T09:13:04.220+0000][15960][safepoint    ] Safepoint "Cleanup", Time since last: 1000256464 ns, Reaching safepoint: 145159 ns, At safepoint: 6029 ns, Total: 151188 ns
[2020-05-16T09:13:06.221+0000][15960][safepoint    ] Safepoint "Cleanup", Time since last: 2000766609 ns, Reaching safepoint: 138203 ns, At safepoint: 5565 ns, Total: 143768 ns
[2020-05-16T09:13:07.221+0000][15960][safepoint    ] Safepoint "Cleanup", Time since last: 1000624231 ns, Reaching safepoint: 129855 ns, At safepoint: 6029 ns, Total: 135884 ns
[2020-05-16T09:13:08.222+0000][15960][safepoint    ] Safepoint "Cleanup", Time since last: 1000120580 ns, Reaching safepoint: 217971 ns, At safepoint: 9275 ns, Total: 227246 ns
[2020-05-16T09:13:10.222+0000][15960][safepoint    ] Safepoint "Cleanup", Time since last: 2000013450 ns, Reaching safepoint: 275478 ns, At safepoint: 9739 ns, Total: 285217 ns
[2020-05-16T09:13:11.223+0000][15960][safepoint    ] Safepoint "Cleanup", Time since last: 1000618666 ns, Reaching safepoint: 140986 ns, At safepoint: 8347 ns, Total: 149333 ns
[2020-05-16T09:13:12.223+0000][15960][safepoint    ] Safepoint "Cleanup", Time since last: 1000427594 ns, Reaching safepoint: 185508 ns, At safepoint: 9275 ns, Total: 194783 ns
[2020-05-16T09:13:13.224+0000][15960][safepoint    ] Safepoint "Cleanup", Time since last: 1000779594 ns, Reaching safepoint: 249971 ns, At safepoint: 21797 ns, Total: 271768 ns
[2020-05-16T09:13:14.225+0000][15960][safepoint    ] Safepoint "Cleanup", Time since last: 1000533333 ns, Reaching safepoint: 174840 ns, At safepoint: 9276 ns, Total: 184116 ns
[2020-05-16T09:13:15.226+0000][15960][safepoint    ] Safepoint "Cleanup", Time since last: 1000518028 ns, Reaching safepoint: 146551 ns, At safepoint: 5565 ns, Total: 152116 ns
[2020-05-16T09:13:16.227+0000][15960][safepoint    ] Safepoint "Cleanup", Time since last: 1000834319 ns, Reaching safepoint: 157681 ns, At safepoint: 9739 ns, Total: 167420 ns
[2020-05-16T09:13:18.227+0000][15960][safepoint    ] Safepoint "Cleanup", Time since last: 1999981449 ns, Reaching safepoint: 142841 ns, At safepoint: 6029 ns, Total: 148870 ns
[2020-05-16T09:13:19.228+0000][15960][safepoint    ] Safepoint "Cleanup", Time since last: 1000362666 ns, Reaching safepoint: 102029 ns, At safepoint: 4174 ns, Total: 106203 ns
[2020-05-16T09:13:20.228+0000][15960][safepoint    ] Safepoint "Cleanup", Time since last: 1000208232 ns, Reaching safepoint: 142377 ns, At safepoint: 5101 ns, Total: 147478 ns
[2020-05-16T09:13:21.228+0000][15960][safepoint    ] Safepoint "Cleanup", Time since last: 1000122899 ns, Reaching safepoint: 93681 ns, At safepoint: 3710 ns, Total: 97391 ns
[2020-05-16T09:13:22.229+0000][15960][safepoint    ] Safepoint "Cleanup", Time since last: 1000383072 ns, Reaching safepoint: 124754 ns, At safepoint: 6493 ns, Total: 131247 ns
[2020-05-16T09:13:23.229+0000][15960][safepoint    ] Safepoint "Cleanup", Time since last: 1000323246 ns, Reaching safepoint: 180869 ns, At safepoint: 6493 ns, Total: 187362 ns
[2020-05-16T09:13:24.230+0000][15960][safepoint    ] Safepoint "Cleanup", Time since last: 1000725797 ns, Reaching safepoint: 137739 ns, At safepoint: 6493 ns, Total: 144232 ns
[2020-05-16T09:13:25.230+0000][15960][safepoint    ] Safepoint "Cleanup", Time since last: 1000257391 ns, Reaching safepoint: 136811 ns, At safepoint: 5565 ns, Total: 142376 ns
[2020-05-16T09:13:26.231+0000][15960][safepoint    ] Safepoint "Cleanup", Time since last: 1000027827 ns, Reaching safepoint: 138202 ns, At safepoint: 7421 ns, Total: 145623 ns
[2020-05-16T09:13:27.232+0000][15960][safepoint    ] Safepoint "Cleanup", Time since last: 1000781912 ns, Reaching safepoint: 153508 ns, At safepoint: 9275 ns, Total: 162783 ns
[2020-05-16T09:13:28.232+0000][15960][safepoint    ] Safepoint "Cleanup", Time since last: 1000414608 ns, Reaching safepoint: 147479 ns, At safepoint: 6029 ns, Total: 153508 ns
[2020-05-16T09:13:30.232+0000][15960][safepoint    ] Safepoint "Cleanup", Time since last: 1999895188 ns, Reaching safepoint: 104812 ns, At safepoint: 3246 ns, Total: 108058 ns
[2020-05-16T09:13:32.233+0000][15960][safepoint    ] Safepoint "Cleanup", Time since last: 2000891826 ns, Reaching safepoint: 156289 ns, At safepoint: 6493 ns, Total: 162782 ns
[2020-05-16T09:13:33.233+0000][15960][safepoint    ] Safepoint "Cleanup", Time since last: 1000069102 ns, Reaching safepoint: 146086 ns, At safepoint: 6029 ns, Total: 152115 ns
[2020-05-16T09:13:34.234+0000][15960][safepoint    ] Safepoint "Cleanup", Time since last: 1000880696 ns, Reaching safepoint: 143304 ns, At safepoint: 6493 ns, Total: 149797 ns
[2020-05-16T09:13:36.235+0000][15960][safepoint    ] Safepoint "Cleanup", Time since last: 2000796289 ns, Reaching safepoint: 156754 ns, At safepoint: 6492 ns, Total: 163246 ns
[2020-05-16T09:13:37.236+0000][15960][safepoint    ] Safepoint "Cleanup", Time since last: 1000165102 ns, Reaching safepoint: 163710 ns, At safepoint: 6493 ns, Total: 170203 ns
[2020-05-16T09:13:39.236+0000][15960][safepoint    ] Safepoint "Cleanup", Time since last: 2000667362 ns, Reaching safepoint: 168811 ns, At safepoint: 6029 ns, Total: 174840 ns
[2020-05-16T09:13:40.237+0000][15960][safepoint    ] Safepoint "Cleanup", Time since last: 1000082087 ns, Reaching safepoint: 151652 ns, At safepoint: 6029 ns, Total: 157681 ns
[2020-05-16T09:13:42.237+0000][15960][safepoint    ] Safepoint "Cleanup", Time since last: 2000006493 ns, Reaching safepoint: 184580 ns, At safepoint: 8811 ns, Total: 193391 ns
[2020-05-16T09:13:44.238+0000][15960][safepoint    ] Safepoint "Cleanup", Time since last: 2000431768 ns, Reaching safepoint: 147942 ns, At safepoint: 6493 ns, Total: 154435 ns
[2020-05-16T09:13:45.238+0000][15960][safepoint    ] Safepoint "Cleanup", Time since last: 1000452637 ns, Reaching safepoint: 272232 ns, At safepoint: 11130 ns, Total: 283362 ns
[2020-05-16T09:13:47.239+0000][15960][safepoint    ] Safepoint "Cleanup", Time since last: 2000222609 ns, Reaching safepoint: 195246 ns, At safepoint: 6957 ns, Total: 202203 ns
[2020-05-16T09:13:48.239+0000][15960][safepoint    ] Safepoint "Cleanup", Time since last: 1000086724 ns, Reaching safepoint: 143768 ns, At safepoint: 7885 ns, Total: 151653 ns
[2020-05-16T09:13:49.240+0000][15960][safepoint    ] Safepoint "Cleanup", Time since last: 1000447072 ns, Reaching safepoint: 289391 ns, At safepoint: 89507 ns, Total: 378898 ns
[2020-05-16T09:13:50.240+0000][15960][safepoint    ] Safepoint "Cleanup", Time since last: 1000378435 ns, Reaching safepoint: 140521 ns, At safepoint: 7421 ns, Total: 147942 ns
[2020-05-16T09:13:52.241+0000][15960][safepoint    ] Safepoint "Cleanup", Time since last: 2000354782 ns, Reaching safepoint: 163710 ns, At safepoint: 3247 ns, Total: 166957 ns
[2020-05-16T09:13:53.241+0000][15960][safepoint    ] Safepoint "Cleanup", Time since last: 1000261565 ns, Reaching safepoint: 180869 ns, At safepoint: 8812 ns, Total: 189681 ns
[2020-05-16T09:13:54.242+0000][15960][safepoint    ] Safepoint "Cleanup", Time since last: 1000207768 ns, Reaching safepoint: 359420 ns, At safepoint: 9739 ns, Total: 369159 ns
[2020-05-16T09:13:55.242+0000][15960][safepoint    ] Safepoint "Cleanup", Time since last: 1000265275 ns, Reaching safepoint: 94609 ns, At safepoint: 4174 ns, Total: 98783 ns
[2020-05-16T09:13:56.243+0000][15960][safepoint    ] Safepoint "Cleanup", Time since last: 1000803246 ns, Reaching safepoint: 211942 ns, At safepoint: 13449 ns, Total: 225391 ns
[2020-05-16T09:13:57.244+0000][15960][safepoint    ] Safepoint "Cleanup", Time since last: 1000583420 ns, Reaching safepoint: 106203 ns, At safepoint: 4174 ns, Total: 110377 ns
[2020-05-16T09:13:58.245+0000][15960][safepoint    ] Safepoint "Cleanup", Time since last: 1000734144 ns, Reaching safepoint: 98319 ns, At safepoint: 3247 ns, Total: 101566 ns
[2020-05-16T09:13:59.246+0000][15960][safepoint    ] Safepoint "Cleanup", Time since last: 1000835246 ns, Reaching safepoint: 121971 ns, At safepoint: 5565 ns, Total: 127536 ns
[2020-05-16T09:14:00.246+0000][15960][safepoint    ] Safepoint "Cleanup", Time since last: 1000191536 ns, Reaching safepoint: 143304 ns, At safepoint: 6493 ns, Total: 149797 ns
[2020-05-16T09:14:01.247+0000][15960][safepoint    ] Safepoint "Cleanup", Time since last: 1000823188 ns, Reaching safepoint: 108522 ns, At safepoint: 5101 ns, Total: 113623 ns
[2020-05-16T09:14:02.248+0000][15960][safepoint    ] Safepoint "Cleanup", Time since last: 1000822261 ns, Reaching safepoint: 115014 ns, At safepoint: 5101 ns, Total: 120115 ns
[2020-05-16T09:14:03.248+0000][15960][safepoint    ] Safepoint "Cleanup", Time since last: 1000299595 ns, Reaching safepoint: 189217 ns, At safepoint: 7884 ns, Total: 197101 ns
[2020-05-16T09:14:05.249+0000][15960][safepoint    ] Safepoint "Cleanup", Time since last: 2000585739 ns, Reaching safepoint: 115014 ns, At safepoint: 5565 ns, Total: 120579 ns
[2020-05-16T09:14:06.250+0000][15960][safepoint    ] Safepoint "Cleanup", Time since last: 1000160928 ns, Reaching safepoint: 129855 ns, At safepoint: 7420 ns, Total: 137275 ns
[2020-05-16T09:14:07.250+0000][15960][safepoint    ] Safepoint "Cleanup", Time since last: 1000684522 ns, Reaching safepoint: 108058 ns, At safepoint: 4637 ns, Total: 112695 ns
[2020-05-16T09:14:09.251+0000][15960][safepoint    ] Safepoint "Cleanup", Time since last: 2000206377 ns, Reaching safepoint: 93217 ns, At safepoint: 4638 ns, Total: 97855 ns
[2020-05-16T09:14:11.251+0000][15960][safepoint    ] Safepoint "Cleanup", Time since last: 2000033855 ns, Reaching safepoint: 120580 ns, At safepoint: 2782 ns, Total: 123362 ns
[2020-05-16T09:14:12.251+0000][15960][safepoint    ] Safepoint "Cleanup", Time since last: 1000543536 ns, Reaching safepoint: 134029 ns, At safepoint: 6493 ns, Total: 140522 ns
[2020-05-16T09:14:13.252+0000][15960][safepoint    ] Safepoint "Cleanup", Time since last: 1000377043 ns, Reaching safepoint: 97855 ns, At safepoint: 5102 ns, Total: 102957 ns
[2020-05-16T09:14:14.253+0000][15960][safepoint    ] Safepoint "Cleanup", Time since last: 1000626086 ns, Reaching safepoint: 84406 ns, At safepoint: 2783 ns, Total: 87189 ns
[2020-05-16T09:14:15.253+0000][15960][safepoint    ] Safepoint "Cleanup", Time since last: 1000081623 ns, Reaching safepoint: 95536 ns, At safepoint: 4174 ns, Total: 99710 ns
[2020-05-16T09:14:16.253+0000][15960][safepoint    ] Safepoint "Cleanup", Time since last: 1000226782 ns, Reaching safepoint: 130319 ns, At safepoint: 7884 ns, Total: 138203 ns
[2020-05-16T09:14:18.253+0000][15960][safepoint    ] Safepoint "Cleanup", Time since last: 2000074203 ns, Reaching safepoint: 100174 ns, At safepoint: 3246 ns, Total: 103420 ns
[2020-05-16T09:14:20.254+0000][15960][safepoint    ] Safepoint "Cleanup", Time since last: 2000468870 ns, Reaching safepoint: 109913 ns, At safepoint: 6029 ns, Total: 115942 ns
[2020-05-16T09:14:21.255+0000][15960][safepoint    ] Safepoint "Cleanup", Time since last: 1000467014 ns, Reaching safepoint: 89043 ns, At safepoint: 2783 ns, Total: 91826 ns
[2020-05-16T09:14:22.255+0000][15960][safepoint    ] Safepoint "Cleanup", Time since last: 1000012058 ns, Reaching safepoint: 96464 ns, At safepoint: 3246 ns, Total: 99710 ns
[2020-05-16T09:14:23.255+0000][15960][safepoint    ] Safepoint "Cleanup", Time since last: 1000730898 ns, Reaching safepoint: 146551 ns, At safepoint: 6493 ns, Total: 153044 ns
[2020-05-16T09:14:25.256+0000][15960][safepoint    ] Safepoint "Cleanup", Time since last: 2000135420 ns, Reaching safepoint: 256927 ns, At safepoint: 23653 ns, Total: 280580 ns
[2020-05-16T09:14:27.256+0000][15960][safepoint    ] Safepoint "Cleanup", Time since last: 2000210086 ns, Reaching safepoint: 101566 ns, At safepoint: 5101 ns, Total: 106667 ns
[2020-05-16T09:14:28.257+0000][15960][safepoint    ] Safepoint "Cleanup", Time since last: 1000678492 ns, Reaching safepoint: 244406 ns, At safepoint: 6029 ns, Total: 250435 ns
[2020-05-16T09:14:29.257+0000][15960][safepoint    ] Safepoint "Cleanup", Time since last: 1000220754 ns, Reaching safepoint: 326956 ns, At safepoint: 7884 ns, Total: 334840 ns
[2020-05-16T09:14:30.268+0000][15960][gc,start     ] GC(26) Pause Young (Normal) (G1 Evacuation Pause)
[2020-05-16T09:14:30.268+0000][15960][gc,task      ] GC(26) Using 4 workers of 4 for evacuation
[2020-05-16T09:14:30.268+0000][15960][gc,age       ] GC(26) Desired survivor size 40370176 bytes, new threshold 15 (max threshold 15)
[2020-05-16T09:14:30.499+0000][15960][gc,age       ] GC(26) Age table with threshold 15 (max threshold 15)
[2020-05-16T09:14:30.499+0000][15960][gc,age       ] GC(26) - age   1:     140584 bytes,     140584 total
[2020-05-16T09:14:30.499+0000][15960][gc,age       ] GC(26) - age   2:      39856 bytes,     180440 total
[2020-05-16T09:14:30.499+0000][15960][gc,age       ] GC(26) - age   3:     602168 bytes,     782608 total
[2020-05-16T09:14:30.499+0000][15960][gc,age       ] GC(26) - age   4:       6560 bytes,     789168 total
[2020-05-16T09:14:30.499+0000][15960][gc,age       ] GC(26) - age   5:      60712 bytes,     849880 total
[2020-05-16T09:14:30.499+0000][15960][gc,age       ] GC(26) - age   6:     254280 bytes,    1104160 total
[2020-05-16T09:14:30.499+0000][15960][gc,age       ] GC(26) - age   7:     367880 bytes,    1472040 total
[2020-05-16T09:14:30.499+0000][15960][gc,age       ] GC(26) - age   8:      71592 bytes,    1543632 total
[2020-05-16T09:14:30.499+0000][15960][gc,age       ] GC(26) - age   9:     165752 bytes,    1709384 total
[2020-05-16T09:14:30.499+0000][15960][gc,age       ] GC(26) - age  10:      26256 bytes,    1735640 total
[2020-05-16T09:14:30.499+0000][15960][gc,age       ] GC(26) - age  11:     438520 bytes,    2174160 total
[2020-05-16T09:14:30.499+0000][15960][gc,age       ] GC(26) - age  12:     274944 bytes,    2449104 total
[2020-05-16T09:14:30.499+0000][15960][gc,age       ] GC(26) - age  13:     199592 bytes,    2648696 total
[2020-05-16T09:14:30.499+0000][15960][gc,age       ] GC(26) - age  14:      53048 bytes,    2701744 total
[2020-05-16T09:14:30.499+0000][15960][gc,mmu       ] GC(26) MMU target violated: 201.0ms (200.0ms/201.0ms)
[2020-05-16T09:14:30.499+0000][15960][gc,phases    ] GC(26)   Pre Evacuate Collection Set: 15.1ms
[2020-05-16T09:14:30.499+0000][15960][gc,phases    ] GC(26)   Merge Heap Roots: 0.4ms
[2020-05-16T09:14:30.499+0000][15960][gc,phases    ] GC(26)   Evacuate Collection Set: 183.6ms
[2020-05-16T09:14:30.499+0000][15960][gc,phases    ] GC(26)   Post Evacuate Collection Set: 18.3ms
[2020-05-16T09:14:30.499+0000][15960][gc,phases    ] GC(26)   Other: 20.2ms
[2020-05-16T09:14:30.499+0000][15960][gc,heap      ] GC(26) Eden regions: 611->0(611)
[2020-05-16T09:14:30.499+0000][15960][gc,heap      ] GC(26) Survivor regions: 3->3(77)
[2020-05-16T09:14:30.499+0000][15960][gc,heap      ] GC(26) Old regions: 69->69
[2020-05-16T09:14:30.499+0000][15960][gc,heap      ] GC(26) Archive regions: 0->0
[2020-05-16T09:14:30.499+0000][15960][gc,heap      ] GC(26) Humongous regions: 7->7
[2020-05-16T09:14:30.499+0000][15960][gc,metaspace ] GC(26) Metaspace: 97394K(105124K)->97394K(105124K) NonClass: 84595K(89176K)->84595K(89176K) Class: 12799K(15948K)->12799K(15948K)
[2020-05-16T09:14:30.499+0000][15960][gc           ] GC(26) Pause Young (Normal) (G1 Evacuation Pause) 689M->78M(1024M) 231.731ms
[2020-05-16T09:14:30.499+0000][15960][gc,cpu       ] GC(26) User=0.05s Sys=0.08s Real=0.23s
[2020-05-16T09:14:30.500+0000][15960][safepoint    ] Safepoint "G1CollectForAllocation", Time since last: 1004112230 ns, Reaching safepoint: 108058 ns, At safepoint: 238123484 ns, Total: 238231542 ns
[2020-05-16T09:14:31.500+0000][15960][safepoint    ] Safepoint "Cleanup", Time since last: 1000204985 ns, Reaching safepoint: 127073 ns, At safepoint: 4173 ns, Total: 131246 ns
[2020-05-16T09:14:32.501+0000][15960][safepoint    ] Safepoint "Cleanup", Time since last: 1000762899 ns, Reaching safepoint: 160463 ns, At safepoint: 19479 ns, Total: 179942 ns
[2020-05-16T09:14:33.502+0000][15960][safepoint    ] Safepoint "Cleanup", Time since last: 1000870028 ns, Reaching safepoint: 122899 ns, At safepoint: 4174 ns, Total: 127073 ns
[2020-05-16T09:14:34.503+0000][15960][safepoint    ] Safepoint "Cleanup", Time since last: 1000102029 ns, Reaching safepoint: 165101 ns, At safepoint: 9275 ns, Total: 174376 ns
[2020-05-16T09:14:35.503+0000][15960][safepoint    ] Safepoint "Cleanup", Time since last: 1000269913 ns, Reaching safepoint: 133102 ns, At safepoint: 15304 ns, Total: 148406 ns
[2020-05-16T09:14:36.504+0000][15960][safepoint    ] Safepoint "Cleanup", Time since last: 1000499942 ns, Reaching safepoint: 107594 ns, At safepoint: 3710 ns, Total: 111304 ns
[2020-05-16T09:14:37.504+0000][15960][safepoint    ] Safepoint "Cleanup", Time since last: 1000390956 ns, Reaching safepoint: 91826 ns, At safepoint: 2783 ns, Total: 94609 ns
[2020-05-16T09:14:38.505+0000][15960][safepoint    ] Safepoint "Cleanup", Time since last: 1000899710 ns, Reaching safepoint: 182724 ns, At safepoint: 5102 ns, Total: 187826 ns
[2020-05-16T09:14:39.506+0000][15960][safepoint    ] Safepoint "Cleanup", Time since last: 1000328347 ns, Reaching safepoint: 187826 ns, At safepoint: 11131 ns, Total: 198957 ns
[2020-05-16T09:14:41.507+0000][15960][safepoint    ] Safepoint "Cleanup", Time since last: 2000713275 ns, Reaching safepoint: 227246 ns, At safepoint: 9275 ns, Total: 236521 ns
[2020-05-16T09:14:42.507+0000][15960][safepoint    ] Safepoint "Cleanup", Time since last: 1000350145 ns, Reaching safepoint: 327884 ns, At safepoint: 7420 ns, Total: 335304 ns
[2020-05-16T09:14:44.507+0000][15960][safepoint    ] Safepoint "Cleanup", Time since last: 2000008812 ns, Reaching safepoint: 123362 ns, At safepoint: 4638 ns, Total: 128000 ns
[2020-05-16T09:14:45.508+0000][15960][safepoint    ] Safepoint "Cleanup", Time since last: 1000389101 ns, Reaching safepoint: 119189 ns, At safepoint: 4637 ns, Total: 123826 ns
[2020-05-16T09:14:46.509+0000][15960][safepoint    ] Safepoint "Cleanup", Time since last: 1000907594 ns, Reaching safepoint: 118725 ns, At safepoint: 4174 ns, Total: 122899 ns
[2020-05-16T09:14:47.510+0000][15960][safepoint    ] Safepoint "Cleanup", Time since last: 1000536115 ns, Reaching safepoint: 118725 ns, At safepoint: 4638 ns, Total: 123363 ns
[2020-05-16T09:14:48.510+0000][15960][safepoint    ] Safepoint "Cleanup", Time since last: 1000589449 ns, Reaching safepoint: 118724 ns, At safepoint: 4638 ns, Total: 123362 ns
[2020-05-16T09:14:49.511+0000][15960][safepoint    ] Safepoint "Cleanup", Time since last: 1000032927 ns, Reaching safepoint: 106667 ns, At safepoint: 4638 ns, Total: 111305 ns
[2020-05-16T09:14:50.511+0000][15960][safepoint    ] Safepoint "Cleanup", Time since last: 1000094144 ns, Reaching safepoint: 103884 ns, At safepoint: 5102 ns, Total: 108986 ns
[2020-05-16T09:14:52.463+0000][15960][safepoint    ] Safepoint "Cleanup", Time since last: 1952566747 ns, Reaching safepoint: 138666 ns, At safepoint: 7420 ns, Total: 146086 ns
[2020-05-16T09:14:53.464+0000][15960][safepoint    ] Safepoint "Cleanup", Time since last: 1000676638 ns, Reaching safepoint: 134956 ns, At safepoint: 4174 ns, Total: 139130 ns
[2020-05-16T09:14:54.465+0000][15960][safepoint    ] Safepoint "Cleanup", Time since last: 1000650667 ns, Reaching safepoint: 71884 ns, At safepoint: 2782 ns, Total: 74666 ns
[2020-05-16T09:14:55.465+0000][15960][safepoint    ] Safepoint "Cleanup", Time since last: 1000147478 ns, Reaching safepoint: 90899 ns, At safepoint: 2782 ns, Total: 93681 ns
[2020-05-16T09:14:56.466+0000][15960][safepoint    ] Safepoint "Cleanup", Time since last: 1000460522 ns, Reaching safepoint: 194783 ns, At safepoint: 4173 ns, Total: 198956 ns
[2020-05-16T09:14:57.466+0000][15960][safepoint    ] Safepoint "Cleanup", Time since last: 1000265739 ns, Reaching safepoint: 94609 ns, At safepoint: 4638 ns, Total: 99247 ns
[2020-05-16T09:14:58.467+0000][15960][safepoint    ] Safepoint "Cleanup", Time since last: 1000201275 ns, Reaching safepoint: 118725 ns, At safepoint: 4637 ns, Total: 123362 ns
[2020-05-16T09:15:00.467+0000][15960][safepoint    ] Safepoint "Cleanup", Time since last: 2000471652 ns, Reaching safepoint: 152580 ns, At safepoint: 4174 ns, Total: 156754 ns
[2020-05-16T09:15:01.468+0000][15960][safepoint    ] Safepoint "Cleanup", Time since last: 1000766608 ns, Reaching safepoint: 138667 ns, At safepoint: 7884 ns, Total: 146551 ns
[2020-05-16T09:15:02.469+0000][15960][safepoint    ] Safepoint "Cleanup", Time since last: 1000328347 ns, Reaching safepoint: 90899 ns, At safepoint: 3246 ns, Total: 94145 ns
[2020-05-16T09:15:03.469+0000][15960][safepoint    ] Safepoint "Cleanup", Time since last: 1000049160 ns, Reaching safepoint: 112232 ns, At safepoint: 6492 ns, Total: 118724 ns
[2020-05-16T09:15:04.470+0000][15960][safepoint    ] Safepoint "Cleanup", Time since last: 1000769391 ns, Reaching safepoint: 105739 ns, At safepoint: 4638 ns, Total: 110377 ns
[2020-05-16T09:15:05.470+0000][15960][safepoint    ] Safepoint "Cleanup", Time since last: 1000677565 ns, Reaching safepoint: 117333 ns, At safepoint: 4638 ns, Total: 121971 ns
[2020-05-16T09:15:07.471+0000][15960][safepoint    ] Safepoint "Cleanup", Time since last: 1999990725 ns, Reaching safepoint: 117797 ns, At safepoint: 4637 ns, Total: 122434 ns
[2020-05-16T09:15:08.471+0000][15960][safepoint    ] Safepoint "Cleanup", Time since last: 1000023652 ns, Reaching safepoint: 110841 ns, At safepoint: 4638 ns, Total: 115479 ns
[2020-05-16T09:15:09.471+0000][15960][safepoint    ] Safepoint "Cleanup", Time since last: 1000422492 ns, Reaching safepoint: 118261 ns, At safepoint: 4638 ns, Total: 122899 ns
[2020-05-16T09:15:10.472+0000][15960][safepoint    ] Safepoint "Cleanup", Time since last: 1000446608 ns, Reaching safepoint: 243478 ns, At safepoint: 5566 ns, Total: 249044 ns
[2020-05-16T09:15:11.472+0000][15960][safepoint    ] Safepoint "Cleanup", Time since last: 1000145623 ns, Reaching safepoint: 117333 ns, At safepoint: 4638 ns, Total: 121971 ns
[2020-05-16T09:15:12.473+0000][15960][safepoint    ] Safepoint "Cleanup", Time since last: 1000703536 ns, Reaching safepoint: 114086 ns, At safepoint: 6493 ns, Total: 120579 ns
[2020-05-16T09:15:13.473+0000][15960][safepoint    ] Safepoint "Cleanup", Time since last: 1000057507 ns, Reaching safepoint: 94145 ns, At safepoint: 4174 ns, Total: 98319 ns
[2020-05-16T09:15:14.474+0000][15960][safepoint    ] Safepoint "Cleanup", Time since last: 1000553739 ns, Reaching safepoint: 113159 ns, At safepoint: 4174 ns, Total: 117333 ns
[2020-05-16T09:15:15.475+0000][15960][safepoint    ] Safepoint "Cleanup", Time since last: 1000797217 ns, Reaching safepoint: 110377 ns, At safepoint: 4174 ns, Total: 114551 ns
[2020-05-16T09:15:16.476+0000][15960][safepoint    ] Safepoint "Cleanup", Time since last: 1000703072 ns, Reaching safepoint: 108058 ns, At safepoint: 5565 ns, Total: 113623 ns
[2020-05-16T09:15:17.476+0000][15960][safepoint    ] Safepoint "Cleanup", Time since last: 1000446145 ns, Reaching safepoint: 118725 ns, At safepoint: 4637 ns, Total: 123362 ns
[2020-05-16T09:15:18.477+0000][15960][safepoint    ] Safepoint "Cleanup", Time since last: 1000488348 ns, Reaching safepoint: 86725 ns, At safepoint: 2782 ns, Total: 89507 ns
[2020-05-16T09:15:19.477+0000][15960][safepoint    ] Safepoint "Cleanup", Time since last: 1000312580 ns, Reaching safepoint: 120116 ns, At safepoint: 7420 ns, Total: 127536 ns
[2020-05-16T09:15:20.477+0000][15960][safepoint    ] Safepoint "Cleanup", Time since last: 1000027826 ns, Reaching safepoint: 144232 ns, At safepoint: 3246 ns, Total: 147478 ns
[2020-05-16T09:15:21.478+0000][15960][safepoint    ] Safepoint "Cleanup", Time since last: 1000828290 ns, Reaching safepoint: 130318 ns, At safepoint: 7884 ns, Total: 138202 ns
[2020-05-16T09:15:23.478+0000][15960][safepoint    ] Safepoint "Cleanup", Time since last: 2000016696 ns, Reaching safepoint: 134493 ns, At safepoint: 5101 ns, Total: 139594 ns
[2020-05-16T09:15:24.479+0000][15960][safepoint    ] Safepoint "Cleanup", Time since last: 1000566725 ns, Reaching safepoint: 207768 ns, At safepoint: 6029 ns, Total: 213797 ns
[2020-05-16T09:15:25.480+0000][15960][safepoint    ] Safepoint "Cleanup", Time since last: 1000290782 ns, Reaching safepoint: 105739 ns, At safepoint: 4638 ns, Total: 110377 ns
[2020-05-16T09:15:26.481+0000][15960][safepoint    ] Safepoint "Cleanup", Time since last: 1000938666 ns, Reaching safepoint: 130319 ns, At safepoint: 3710 ns, Total: 134029 ns
[2020-05-16T09:15:28.481+0000][15960][safepoint    ] Safepoint "Cleanup", Time since last: 2000076985 ns, Reaching safepoint: 131711 ns, At safepoint: 5101 ns, Total: 136812 ns
[2020-05-16T09:15:30.482+0000][15960][safepoint    ] Safepoint "Cleanup", Time since last: 2000710029 ns, Reaching safepoint: 95536 ns, At safepoint: 3246 ns, Total: 98782 ns
[2020-05-16T09:15:31.482+0000][15960][safepoint    ] Safepoint "Cleanup", Time since last: 1000102029 ns, Reaching safepoint: 196174 ns, At safepoint: 7884 ns, Total: 204058 ns
[2020-05-16T09:15:33.483+0000][15960][safepoint    ] Safepoint "Cleanup", Time since last: 2000706782 ns, Reaching safepoint: 108058 ns, At safepoint: 6493 ns, Total: 114551 ns
[2020-05-16T09:15:34.484+0000][15960][safepoint    ] Safepoint "Cleanup", Time since last: 1000670145 ns, Reaching safepoint: 84869 ns, At safepoint: 4638 ns, Total: 89507 ns
[2020-05-16T09:15:35.484+0000][15960][safepoint    ] Safepoint "Cleanup", Time since last: 1000144232 ns, Reaching safepoint: 143304 ns, At safepoint: 7420 ns, Total: 150724 ns
[2020-05-16T09:15:37.485+0000][15960][safepoint    ] Safepoint "Cleanup", Time since last: 2000492058 ns, Reaching safepoint: 148869 ns, At safepoint: 49624 ns, Total: 198493 ns
[2020-05-16T09:15:38.485+0000][15960][safepoint    ] Safepoint "Cleanup", Time since last: 1000514318 ns, Reaching safepoint: 145623 ns, At safepoint: 6493 ns, Total: 152116 ns
[2020-05-16T09:15:39.486+0000][15960][safepoint    ] Safepoint "Cleanup", Time since last: 1000213797 ns, Reaching safepoint: 121507 ns, At safepoint: 5102 ns, Total: 126609 ns
[2020-05-16T09:15:40.486+0000][15960][safepoint    ] Safepoint "Cleanup", Time since last: 1000600579 ns, Reaching safepoint: 111304 ns, At safepoint: 5566 ns, Total: 116870 ns
[2020-05-16T09:15:41.487+0000][15960][safepoint    ] Safepoint "Cleanup", Time since last: 1000452173 ns, Reaching safepoint: 146087 ns, At safepoint: 4638 ns, Total: 150725 ns
[2020-05-16T09:15:42.487+0000][15960][safepoint    ] Safepoint "Cleanup", Time since last: 1000166493 ns, Reaching safepoint: 147478 ns, At safepoint: 7420 ns, Total: 154898 ns
[2020-05-16T09:15:43.488+0000][15960][safepoint    ] Safepoint "Cleanup", Time since last: 1000372406 ns, Reaching safepoint: 131710 ns, At safepoint: 4637 ns, Total: 136347 ns
[2020-05-16T09:15:44.488+0000][15960][safepoint    ] Safepoint "Cleanup", Time since last: 1000322319 ns, Reaching safepoint: 124290 ns, At safepoint: 4638 ns, Total: 128928 ns
[2020-05-16T09:15:45.489+0000][15960][safepoint    ] Safepoint "Cleanup", Time since last: 1000467941 ns, Reaching safepoint: 105740 ns, At safepoint: 6029 ns, Total: 111769 ns
[2020-05-16T09:15:46.489+0000][15960][safepoint    ] Safepoint "Cleanup", Time since last: 1000244869 ns, Reaching safepoint: 134493 ns, At safepoint: 3246 ns, Total: 137739 ns
[2020-05-16T09:15:48.490+0000][15960][safepoint    ] Safepoint "Cleanup", Time since last: 2000421101 ns, Reaching safepoint: 304232 ns, At safepoint: 21333 ns, Total: 325565 ns
[2020-05-16T09:15:49.490+0000][15960][safepoint    ] Safepoint "Cleanup", Time since last: 1000221681 ns, Reaching safepoint: 115942 ns, At safepoint: 4638 ns, Total: 120580 ns
[2020-05-16T09:15:50.491+0000][15960][safepoint    ] Safepoint "Cleanup", Time since last: 1000655768 ns, Reaching safepoint: 110377 ns, At safepoint: 4637 ns, Total: 115014 ns
[2020-05-16T09:15:51.492+0000][15960][safepoint    ] Safepoint "Cleanup", Time since last: 1000707710 ns, Reaching safepoint: 139130 ns, At safepoint: 5102 ns, Total: 144232 ns
[2020-05-16T09:15:52.493+0000][15960][safepoint    ] Safepoint "Cleanup", Time since last: 1000834782 ns, Reaching safepoint: 157217 ns, At safepoint: 4638 ns, Total: 161855 ns
[2020-05-16T09:15:53.494+0000][15960][safepoint    ] Safepoint "Cleanup", Time since last: 1000591768 ns, Reaching safepoint: 147014 ns, At safepoint: 6493 ns, Total: 153507 ns
[2020-05-16T09:15:54.494+0000][15960][safepoint    ] Safepoint "Cleanup", Time since last: 1000178087 ns, Reaching safepoint: 126609 ns, At safepoint: 4637 ns, Total: 131246 ns
[2020-05-16T09:15:56.495+0000][15960][safepoint    ] Safepoint "Cleanup", Time since last: 2000428058 ns, Reaching safepoint: 119652 ns, At safepoint: 5102 ns, Total: 124754 ns
[2020-05-16T09:15:57.495+0000][15960][safepoint    ] Safepoint "Cleanup", Time since last: 1000458202 ns, Reaching safepoint: 93681 ns, At safepoint: 3247 ns, Total: 96928 ns
[2020-05-16T09:15:58.496+0000][15960][safepoint    ] Safepoint "Cleanup", Time since last: 1000351072 ns, Reaching safepoint: 141913 ns, At safepoint: 7420 ns, Total: 149333 ns
[2020-05-16T09:15:59.496+0000][15960][safepoint    ] Safepoint "Cleanup", Time since last: 1000466551 ns, Reaching safepoint: 137739 ns, At safepoint: 4174 ns, Total: 141913 ns
[2020-05-16T09:16:01.496+0000][15960][safepoint    ] Safepoint "Cleanup", Time since last: 2000019478 ns, Reaching safepoint: 129391 ns, At safepoint: 5566 ns, Total: 134957 ns
[2020-05-16T09:16:03.497+0000][15960][safepoint    ] Safepoint "Cleanup", Time since last: 2000309333 ns, Reaching safepoint: 111768 ns, At safepoint: 4638 ns, Total: 116406 ns
[2020-05-16T09:16:04.497+0000][15960][safepoint    ] Safepoint "Cleanup", Time since last: 1000534724 ns, Reaching safepoint: 104811 ns, At safepoint: 3247 ns, Total: 108058 ns
[2020-05-16T09:16:05.498+0000][15960][safepoint    ] Safepoint "Cleanup", Time since last: 1000880695 ns, Reaching safepoint: 139594 ns, At safepoint: 2783 ns, Total: 142377 ns
[2020-05-16T09:16:07.500+0000][15960][safepoint    ] Safepoint "Cleanup", Time since last: 2001006840 ns, Reaching safepoint: 116869 ns, At safepoint: 4638 ns, Total: 121507 ns
[2020-05-16T09:16:08.500+0000][15960][safepoint    ] Safepoint "Cleanup", Time since last: 1000017623 ns, Reaching safepoint: 119652 ns, At safepoint: 6493 ns, Total: 126145 ns
[2020-05-16T09:16:09.500+0000][15960][safepoint    ] Safepoint "Cleanup", Time since last: 1000433623 ns, Reaching safepoint: 115015 ns, At safepoint: 6492 ns, Total: 121507 ns
[2020-05-16T09:16:10.501+0000][15960][safepoint    ] Safepoint "Cleanup", Time since last: 1000257855 ns, Reaching safepoint: 137276 ns, At safepoint: 6956 ns, Total: 144232 ns
[2020-05-16T09:16:12.501+0000][15960][safepoint    ] Safepoint "Cleanup", Time since last: 2000085333 ns, Reaching safepoint: 121971 ns, At safepoint: 4638 ns, Total: 126609 ns
[2020-05-16T09:16:13.501+0000][15960][safepoint    ] Safepoint "Cleanup", Time since last: 1000477217 ns, Reaching safepoint: 111305 ns, At safepoint: 5565 ns, Total: 116870 ns
[2020-05-16T09:16:15.502+0000][15960][safepoint    ] Safepoint "Cleanup", Time since last: 2000825507 ns, Reaching safepoint: 102029 ns, At safepoint: 5101 ns, Total: 107130 ns
[2020-05-16T09:16:16.503+0000][15960][safepoint    ] Safepoint "Cleanup", Time since last: 1000792116 ns, Reaching safepoint: 99710 ns, At safepoint: 6029 ns, Total: 105739 ns
[2020-05-16T09:16:17.508+0000][15960][safepoint    ] Safepoint "Cleanup", Time since last: 1000098318 ns, Reaching safepoint: 5068520 ns, At safepoint: 48695 ns, Total: 5117215 ns
[2020-05-16T09:16:18.509+0000][15960][safepoint    ] Safepoint "Cleanup", Time since last: 1000620986 ns, Reaching safepoint: 121043 ns, At safepoint: 4174 ns, Total: 125217 ns
[2020-05-16T09:16:19.510+0000][15960][safepoint    ] Safepoint "Cleanup", Time since last: 1000274551 ns, Reaching safepoint: 103420 ns, At safepoint: 4174 ns, Total: 107594 ns
[2020-05-16T09:16:20.510+0000][15960][safepoint    ] Safepoint "Cleanup", Time since last: 1000638608 ns, Reaching safepoint: 92754 ns, At safepoint: 4637 ns, Total: 97391 ns
[2020-05-16T09:16:22.511+0000][15960][safepoint    ] Safepoint "Cleanup", Time since last: 2000549102 ns, Reaching safepoint: 94145 ns, At safepoint: 4173 ns, Total: 98318 ns
[2020-05-16T09:16:23.511+0000][15960][safepoint    ] Safepoint "Cleanup", Time since last: 1000303305 ns, Reaching safepoint: 112695 ns, At safepoint: 4638 ns, Total: 117333 ns
[2020-05-16T09:16:24.512+0000][15960][safepoint    ] Safepoint "Cleanup", Time since last: 1000851478 ns, Reaching safepoint: 115942 ns, At safepoint: 4174 ns, Total: 120116 ns
[2020-05-16T09:16:25.513+0000][15960][safepoint    ] Safepoint "Cleanup", Time since last: 1000821333 ns, Reaching safepoint: 117333 ns, At safepoint: 4174 ns, Total: 121507 ns
[2020-05-16T09:16:26.514+0000][15960][safepoint    ] Safepoint "Cleanup", Time since last: 1000854260 ns, Reaching safepoint: 118725 ns, At safepoint: 4174 ns, Total: 122899 ns
[2020-05-16T09:16:28.515+0000][15960][safepoint    ] Safepoint "Cleanup", Time since last: 2000727188 ns, Reaching safepoint: 124290 ns, At safepoint: 6492 ns, Total: 130782 ns
[2020-05-16T09:16:29.516+0000][15960][safepoint    ] Safepoint "Cleanup", Time since last: 1000701217 ns, Reaching safepoint: 117334 ns, At safepoint: 6029 ns, Total: 123363 ns
[2020-05-16T09:16:30.517+0000][15960][safepoint    ] Safepoint "Cleanup", Time since last: 1000559768 ns, Reaching safepoint: 125681 ns, At safepoint: 5101 ns, Total: 130782 ns
[2020-05-16T09:16:31.518+0000][15960][safepoint    ] Safepoint "Cleanup", Time since last: 1000724869 ns, Reaching safepoint: 100638 ns, At safepoint: 4174 ns, Total: 104812 ns
[2020-05-16T09:16:32.518+0000][15960][safepoint    ] Safepoint "Cleanup", Time since last: 1000588985 ns, Reaching safepoint: 117797 ns, At safepoint: 4638 ns, Total: 122435 ns
[2020-05-16T09:16:33.519+0000][15960][safepoint    ] Safepoint "Cleanup", Time since last: 1000688231 ns, Reaching safepoint: 100174 ns, At safepoint: 4638 ns, Total: 104812 ns
[2020-05-16T09:16:34.519+0000][15960][safepoint    ] Safepoint "Cleanup", Time since last: 1000010667 ns, Reaching safepoint: 118260 ns, At safepoint: 4174 ns, Total: 122434 ns
[2020-05-16T09:16:35.520+0000][15960][safepoint    ] Safepoint "Cleanup", Time since last: 1000329739 ns, Reaching safepoint: 116870 ns, At safepoint: 4174 ns, Total: 121044 ns
[2020-05-16T09:16:36.520+0000][15960][safepoint    ] Safepoint "Cleanup", Time since last: 1000326029 ns, Reaching safepoint: 98318 ns, At safepoint: 4638 ns, Total: 102956 ns
[2020-05-16T09:16:37.521+0000][15960][safepoint    ] Safepoint "Cleanup", Time since last: 1000595014 ns, Reaching safepoint: 94609 ns, At safepoint: 5101 ns, Total: 99710 ns
[2020-05-16T09:16:38.521+0000][15960][safepoint    ] Safepoint "Cleanup", Time since last: 1000195247 ns, Reaching safepoint: 172521 ns, At safepoint: 2783 ns, Total: 175304 ns
[2020-05-16T09:16:39.522+0000][15960][safepoint    ] Safepoint "Cleanup", Time since last: 1000296348 ns, Reaching safepoint: 107130 ns, At safepoint: 4638 ns, Total: 111768 ns
[2020-05-16T09:16:40.522+0000][15960][safepoint    ] Safepoint "Cleanup", Time since last: 1000409971 ns, Reaching safepoint: 117797 ns, At safepoint: 6029 ns, Total: 123826 ns
[2020-05-16T09:16:42.522+0000][15960][safepoint    ] Safepoint "Cleanup", Time since last: 1999977739 ns, Reaching safepoint: 116869 ns, At safepoint: 4174 ns, Total: 121043 ns
[2020-05-16T09:16:43.523+0000][15960][safepoint    ] Safepoint "Cleanup", Time since last: 1000534725 ns, Reaching safepoint: 118724 ns, At safepoint: 6957 ns, Total: 125681 ns
[2020-05-16T09:16:44.524+0000][15960][safepoint    ] Safepoint "Cleanup", Time since last: 1000844057 ns, Reaching safepoint: 115478 ns, At safepoint: 4638 ns, Total: 120116 ns
[2020-05-16T09:16:45.524+0000][15960][safepoint    ] Safepoint "Cleanup", Time since last: 1000291246 ns, Reaching safepoint: 261565 ns, At safepoint: 12058 ns, Total: 273623 ns
[2020-05-16T09:16:47.525+0000][15960][safepoint    ] Safepoint "Cleanup", Time since last: 2000700290 ns, Reaching safepoint: 189217 ns, At safepoint: 6029 ns, Total: 195246 ns
[2020-05-16T09:16:48.525+0000][15960][safepoint    ] Safepoint "Cleanup", Time since last: 1000018551 ns, Reaching safepoint: 108985 ns, At safepoint: 4638 ns, Total: 113623 ns
[2020-05-16T09:16:49.526+0000][15960][safepoint    ] Safepoint "Cleanup", Time since last: 1000399304 ns, Reaching safepoint: 116870 ns, At safepoint: 6492 ns, Total: 123362 ns
[2020-05-16T09:16:51.527+0000][15960][safepoint    ] Safepoint "Cleanup", Time since last: 2000801391 ns, Reaching safepoint: 128000 ns, At safepoint: 6957 ns, Total: 134957 ns
[2020-05-16T09:16:52.527+0000][15960][safepoint    ] Safepoint "Cleanup", Time since last: 1000144695 ns, Reaching safepoint: 78377 ns, At safepoint: 4174 ns, Total: 82551 ns
[2020-05-16T09:16:53.527+0000][15960][safepoint    ] Safepoint "Cleanup", Time since last: 1000303768 ns, Reaching safepoint: 120116 ns, At safepoint: 4638 ns, Total: 124754 ns
[2020-05-16T09:16:54.528+0000][15960][safepoint    ] Safepoint "Cleanup", Time since last: 1000555594 ns, Reaching safepoint: 120116 ns, At safepoint: 4173 ns, Total: 124289 ns
[2020-05-16T09:16:55.529+0000][15960][safepoint    ] Safepoint "Cleanup", Time since last: 1000761044 ns, Reaching safepoint: 121507 ns, At safepoint: 4174 ns, Total: 125681 ns
[2020-05-16T09:16:56.530+0000][15960][safepoint    ] Safepoint "Cleanup", Time since last: 1000656695 ns, Reaching safepoint: 118725 ns, At safepoint: 4173 ns, Total: 122898 ns
[2020-05-16T09:16:57.530+0000][15960][safepoint    ] Safepoint "Cleanup", Time since last: 1000110377 ns, Reaching safepoint: 127536 ns, At safepoint: 6493 ns, Total: 134029 ns
[2020-05-16T09:16:58.531+0000][15960][safepoint    ] Safepoint "Cleanup", Time since last: 1000755014 ns, Reaching safepoint: 138667 ns, At safepoint: 4174 ns, Total: 142841 ns
[2020-05-16T09:17:00.531+0000][15960][safepoint    ] Safepoint "Cleanup", Time since last: 2000345507 ns, Reaching safepoint: 145623 ns, At safepoint: 10667 ns, Total: 156290 ns
[2020-05-16T09:17:01.533+0000][15960][safepoint    ] Safepoint "Cleanup", Time since last: 1000966028 ns, Reaching safepoint: 148870 ns, At safepoint: 5565 ns, Total: 154435 ns
[2020-05-16T09:17:02.533+0000][15960][safepoint    ] Safepoint "Cleanup", Time since last: 1000568579 ns, Reaching safepoint: 120116 ns, At safepoint: 4174 ns, Total: 124290 ns
[2020-05-16T09:17:03.534+0000][15960][safepoint    ] Safepoint "Cleanup", Time since last: 1000929855 ns, Reaching safepoint: 102029 ns, At safepoint: 4637 ns, Total: 106666 ns
[2020-05-16T09:17:05.535+0000][15960][safepoint    ] Safepoint "Cleanup", Time since last: 2000548638 ns, Reaching safepoint: 115478 ns, At safepoint: 4174 ns, Total: 119652 ns
[2020-05-16T09:17:06.535+0000][15960][safepoint    ] Safepoint "Cleanup", Time since last: 1000311188 ns, Reaching safepoint: 102029 ns, At safepoint: 4638 ns, Total: 106667 ns
[2020-05-16T09:17:08.536+0000][15960][safepoint    ] Safepoint "Cleanup", Time since last: 2000660869 ns, Reaching safepoint: 116870 ns, At safepoint: 4174 ns, Total: 121044 ns
[2020-05-16T09:17:10.536+0000][15960][safepoint    ] Safepoint "Cleanup", Time since last: 1999920695 ns, Reaching safepoint: 124290 ns, At safepoint: 6957 ns, Total: 131247 ns
[2020-05-16T09:17:11.537+0000][15960][safepoint    ] Safepoint "Cleanup", Time since last: 1000331130 ns, Reaching safepoint: 121043 ns, At safepoint: 4174 ns, Total: 125217 ns
[2020-05-16T09:17:12.538+0000][15960][safepoint    ] Safepoint "Cleanup", Time since last: 1000822724 ns, Reaching safepoint: 96000 ns, At safepoint: 3247 ns, Total: 99247 ns
[2020-05-16T09:17:13.538+0000][15960][safepoint    ] Safepoint "Cleanup", Time since last: 1000492985 ns, Reaching safepoint: 121971 ns, At safepoint: 4174 ns, Total: 126145 ns
[2020-05-16T09:17:15.538+0000][15960][safepoint    ] Safepoint "Cleanup", Time since last: 2000115942 ns, Reaching safepoint: 109449 ns, At safepoint: 4174 ns, Total: 113623 ns
[2020-05-16T09:17:16.539+0000][15960][safepoint    ] Safepoint "Cleanup", Time since last: 1000698434 ns, Reaching safepoint: 115015 ns, At safepoint: 4174 ns, Total: 119189 ns
[2020-05-16T09:17:17.544+0000][15960][safepoint    ] Safepoint "Cleanup", Time since last: 1004820403 ns, Reaching safepoint: 93218 ns, At safepoint: 6029 ns, Total: 99247 ns
[2020-05-16T09:17:19.545+0000][15960][safepoint    ] Safepoint "Cleanup", Time since last: 2000162318 ns, Reaching safepoint: 114551 ns, At safepoint: 6493 ns, Total: 121044 ns
[2020-05-16T09:17:20.545+0000][15960][safepoint    ] Safepoint "Cleanup", Time since last: 1000188753 ns, Reaching safepoint: 128928 ns, At safepoint: 5565 ns, Total: 134493 ns
[2020-05-16T09:17:22.545+0000][15960][safepoint    ] Safepoint "Cleanup", Time since last: 2000432232 ns, Reaching safepoint: 110840 ns, At safepoint: 6957 ns, Total: 117797 ns
[2020-05-16T09:17:24.546+0000][15960][safepoint    ] Safepoint "Cleanup", Time since last: 2000013913 ns, Reaching safepoint: 138667 ns, At safepoint: 6028 ns, Total: 144695 ns
[2020-05-16T09:17:25.546+0000][15960][safepoint    ] Safepoint "Cleanup", Time since last: 1000847304 ns, Reaching safepoint: 134957 ns, At safepoint: 5101 ns, Total: 140058 ns
[2020-05-16T09:17:26.547+0000][15960][safepoint    ] Safepoint "Cleanup", Time since last: 1000422029 ns, Reaching safepoint: 140058 ns, At safepoint: 6029 ns, Total: 146087 ns
[2020-05-16T09:17:27.548+0000][15960][safepoint    ] Safepoint "Cleanup", Time since last: 1000376116 ns, Reaching safepoint: 144695 ns, At safepoint: 5566 ns, Total: 150261 ns
[2020-05-16T09:17:28.549+0000][15960][safepoint    ] Safepoint "Cleanup", Time since last: 1000876521 ns, Reaching safepoint: 145159 ns, At safepoint: 6029 ns, Total: 151188 ns
[2020-05-16T09:17:29.549+0000][15960][safepoint    ] Safepoint "Cleanup", Time since last: 1000230493 ns, Reaching safepoint: 143304 ns, At safepoint: 6029 ns, Total: 149333 ns
[2020-05-16T09:17:31.550+0000][15960][safepoint    ] Safepoint "Cleanup", Time since last: 2000987362 ns, Reaching safepoint: 178551 ns, At safepoint: 6492 ns, Total: 185043 ns
[2020-05-16T09:17:33.551+0000][15960][safepoint    ] Safepoint "Cleanup", Time since last: 2000590841 ns, Reaching safepoint: 103420 ns, At safepoint: 4638 ns, Total: 108058 ns
[2020-05-16T09:17:34.551+0000][15960][safepoint    ] Safepoint "Cleanup", Time since last: 1000218898 ns, Reaching safepoint: 94609 ns, At safepoint: 3246 ns, Total: 97855 ns
[2020-05-16T09:17:35.551+0000][15960][safepoint    ] Safepoint "Cleanup", Time since last: 1000012522 ns, Reaching safepoint: 140522 ns, At safepoint: 5565 ns, Total: 146087 ns
[2020-05-16T09:17:36.552+0000][15960][safepoint    ] Safepoint "Cleanup", Time since last: 1000595014 ns, Reaching safepoint: 99246 ns, At safepoint: 4174 ns, Total: 103420 ns
[2020-05-16T09:17:37.552+0000][15960][safepoint    ] Safepoint "Cleanup", Time since last: 1000204058 ns, Reaching safepoint: 112232 ns, At safepoint: 7420 ns, Total: 119652 ns
[2020-05-16T09:17:38.553+0000][15960][safepoint    ] Safepoint "Cleanup", Time since last: 1000448928 ns, Reaching safepoint: 134956 ns, At safepoint: 5101 ns, Total: 140057 ns
[2020-05-16T09:17:39.554+0000][15960][safepoint    ] Safepoint "Cleanup", Time since last: 1000544928 ns, Reaching safepoint: 112695 ns, At safepoint: 3247 ns, Total: 115942 ns
[2020-05-16T09:17:40.554+0000][15960][safepoint    ] Safepoint "Cleanup", Time since last: 1000404869 ns, Reaching safepoint: 94609 ns, At safepoint: 2782 ns, Total: 97391 ns
[2020-05-16T09:17:42.555+0000][15960][safepoint    ] Safepoint "Cleanup", Time since last: 2000285681 ns, Reaching safepoint: 115479 ns, At safepoint: 4637 ns, Total: 120116 ns
[2020-05-16T09:17:44.555+0000][15960][safepoint    ] Safepoint "Cleanup", Time since last: 2000421102 ns, Reaching safepoint: 193854 ns, At safepoint: 4638 ns, Total: 198492 ns
[2020-05-16T09:17:45.556+0000][15960][safepoint    ] Safepoint "Cleanup", Time since last: 1000348290 ns, Reaching safepoint: 108522 ns, At safepoint: 5101 ns, Total: 113623 ns
[2020-05-16T09:17:46.556+0000][15960][safepoint    ] Safepoint "Cleanup", Time since last: 1000112232 ns, Reaching safepoint: 94608 ns, At safepoint: 6029 ns, Total: 100637 ns
[2020-05-16T09:17:47.556+0000][15960][safepoint    ] Safepoint "Cleanup", Time since last: 1000139131 ns, Reaching safepoint: 332985 ns, At safepoint: 36174 ns, Total: 369159 ns
[2020-05-16T09:17:49.556+0000][15960][safepoint    ] Safepoint "Cleanup", Time since last: 1999820058 ns, Reaching safepoint: 144696 ns, At safepoint: 9275 ns, Total: 153971 ns
[2020-05-16T09:17:50.557+0000][15960][safepoint    ] Safepoint "Cleanup", Time since last: 1000804637 ns, Reaching safepoint: 132174 ns, At safepoint: 6957 ns, Total: 139131 ns
[2020-05-16T09:17:51.853+0000][15960][safepoint    ] Safepoint "Cleanup", Time since last: 1000277333 ns, Reaching safepoint: 295190124 ns, At safepoint: 94145 ns, Total: 295284269 ns
[2020-05-16T09:17:52.854+0000][15960][safepoint    ] Safepoint "Cleanup", Time since last: 1000572753 ns, Reaching safepoint: 112232 ns, At safepoint: 10203 ns, Total: 122435 ns
[2020-05-16T09:17:55.054+0000][15960][safepoint    ] Safepoint "Cleanup", Time since last: 2000566260 ns, Reaching safepoint: 200461357 ns, At safepoint: 115942 ns, Total: 200577299 ns
[2020-05-16T09:17:56.055+0000][15960][safepoint    ] Safepoint "Cleanup", Time since last: 1000377043 ns, Reaching safepoint: 89044 ns, At safepoint: 10202 ns, Total: 99246 ns
[2020-05-16T09:17:57.056+0000][15960][safepoint    ] Safepoint "Cleanup", Time since last: 1000601044 ns, Reaching safepoint: 143304 ns, At safepoint: 7884 ns, Total: 151188 ns
[2020-05-16T09:17:59.057+0000][15960][safepoint    ] Safepoint "Cleanup", Time since last: 2000725797 ns, Reaching safepoint: 834782 ns, At safepoint: 37565 ns, Total: 872347 ns
[2020-05-16T09:18:00.058+0000][15960][safepoint    ] Safepoint "Cleanup", Time since last: 1000571826 ns, Reaching safepoint: 114087 ns, At safepoint: 2782 ns, Total: 116869 ns
[2020-05-16T09:18:02.059+0000][15960][safepoint    ] Safepoint "Cleanup", Time since last: 2000879304 ns, Reaching safepoint: 166493 ns, At safepoint: 9739 ns, Total: 176232 ns
[2020-05-16T09:18:03.060+0000][15960][safepoint    ] Safepoint "Cleanup", Time since last: 1000306087 ns, Reaching safepoint: 149333 ns, At safepoint: 27363 ns, Total: 176696 ns
[2020-05-16T09:18:04.060+0000][15960][safepoint    ] Safepoint "Cleanup", Time since last: 1000248579 ns, Reaching safepoint: 96464 ns, At safepoint: 2783 ns, Total: 99247 ns
[2020-05-16T09:18:05.061+0000][15960][safepoint    ] Safepoint "Cleanup", Time since last: 1000478144 ns, Reaching safepoint: 141449 ns, At safepoint: 5566 ns, Total: 147015 ns
[2020-05-16T09:18:06.061+0000][15960][safepoint    ] Safepoint "Cleanup", Time since last: 1000209623 ns, Reaching safepoint: 150261 ns, At safepoint: 4173 ns, Total: 154434 ns
[2020-05-16T09:18:07.062+0000][15960][safepoint    ] Safepoint "Cleanup", Time since last: 1000532870 ns, Reaching safepoint: 137275 ns, At safepoint: 5102 ns, Total: 142377 ns
[2020-05-16T09:18:08.062+0000][15960][safepoint    ] Safepoint "Cleanup", Time since last: 1000153043 ns, Reaching safepoint: 152116 ns, At safepoint: 6493 ns, Total: 158609 ns
[2020-05-16T09:18:09.063+0000][15960][safepoint    ] Safepoint "Cleanup", Time since last: 1000390956 ns, Reaching safepoint: 129391 ns, At safepoint: 5565 ns, Total: 134956 ns
[2020-05-16T09:18:10.063+0000][15960][safepoint    ] Safepoint "Cleanup", Time since last: 1000016696 ns, Reaching safepoint: 146551 ns, At safepoint: 8347 ns, Total: 154898 ns
[2020-05-16T09:18:11.063+0000][15960][safepoint    ] Safepoint "Cleanup", Time since last: 1000417392 ns, Reaching safepoint: 164637 ns, At safepoint: 6029 ns, Total: 170666 ns
[2020-05-16T09:18:12.064+0000][15960][safepoint    ] Safepoint "Cleanup", Time since last: 1000206841 ns, Reaching safepoint: 148405 ns, At safepoint: 6029 ns, Total: 154434 ns
[2020-05-16T09:18:13.938+0000][15960][safepoint    ] Safepoint "Cleanup", Time since last: 1874664870 ns, Reaching safepoint: 215188 ns, At safepoint: 9740 ns, Total: 224928 ns
[2020-05-16T09:18:15.939+0000][15960][safepoint    ] Safepoint "Cleanup", Time since last: 2000559304 ns, Reaching safepoint: 186434 ns, At safepoint: 4174 ns, Total: 190608 ns
[2020-05-16T09:18:16.940+0000][15960][safepoint    ] Safepoint "Cleanup", Time since last: 1000663188 ns, Reaching safepoint: 323710 ns, At safepoint: 9276 ns, Total: 332986 ns
[2020-05-16T09:18:17.941+0000][15960][safepoint    ] Safepoint "Cleanup", Time since last: 1000274550 ns, Reaching safepoint: 240696 ns, At safepoint: 11594 ns, Total: 252290 ns
[2020-05-16T09:18:18.941+0000][15960][safepoint    ] Safepoint "Cleanup", Time since last: 1000223536 ns, Reaching safepoint: 211015 ns, At safepoint: 9275 ns, Total: 220290 ns
[2020-05-16T09:18:19.942+0000][15960][safepoint    ] Safepoint "Cleanup", Time since last: 1000344116 ns, Reaching safepoint: 191072 ns, At safepoint: 8812 ns, Total: 199884 ns
[2020-05-16T09:18:20.942+0000][15960][safepoint    ] Safepoint "Cleanup", Time since last: 1000206840 ns, Reaching safepoint: 158609 ns, At safepoint: 7420 ns, Total: 166029 ns
[2020-05-16T09:18:21.943+0000][15960][safepoint    ] Safepoint "Cleanup", Time since last: 1000378898 ns, Reaching safepoint: 162319 ns, At safepoint: 4174 ns, Total: 166493 ns
[2020-05-16T09:18:22.943+0000][15960][safepoint    ] Safepoint "Cleanup", Time since last: 1000576000 ns, Reaching safepoint: 172985 ns, At safepoint: 7421 ns, Total: 180406 ns
[2020-05-16T09:18:23.944+0000][15960][safepoint    ] Safepoint "Cleanup", Time since last: 1000461912 ns, Reaching safepoint: 132174 ns, At safepoint: 6493 ns, Total: 138667 ns
[2020-05-16T09:18:24.944+0000][15960][safepoint    ] Safepoint "Cleanup", Time since last: 1000012985 ns, Reaching safepoint: 143305 ns, At safepoint: 7884 ns, Total: 151189 ns
[2020-05-16T09:18:25.945+0000][15960][safepoint    ] Safepoint "Cleanup", Time since last: 1000087652 ns, Reaching safepoint: 185971 ns, At safepoint: 12058 ns, Total: 198029 ns
[2020-05-16T09:18:26.945+0000][15960][safepoint    ] Safepoint "Cleanup", Time since last: 1000744811 ns, Reaching safepoint: 114551 ns, At safepoint: 3246 ns, Total: 117797 ns
[2020-05-16T09:18:27.946+0000][15960][safepoint    ] Safepoint "Cleanup", Time since last: 1000456811 ns, Reaching safepoint: 182261 ns, At safepoint: 11131 ns, Total: 193392 ns
[2020-05-16T09:18:28.947+0000][15960][safepoint    ] Safepoint "Cleanup", Time since last: 1000556057 ns, Reaching safepoint: 156754 ns, At safepoint: 2783 ns, Total: 159537 ns
[2020-05-16T09:18:29.947+0000][15960][safepoint    ] Safepoint "Cleanup", Time since last: 1000005565 ns, Reaching safepoint: 142377 ns, At safepoint: 6029 ns, Total: 148406 ns
[2020-05-16T09:18:31.947+0000][15960][safepoint    ] Safepoint "Cleanup", Time since last: 1999901681 ns, Reaching safepoint: 161855 ns, At safepoint: 25507 ns, Total: 187362 ns
[2020-05-16T09:18:32.948+0000][15960][safepoint    ] Safepoint "Cleanup", Time since last: 1000707246 ns, Reaching safepoint: 146087 ns, At safepoint: 6029 ns, Total: 152116 ns
[2020-05-16T09:18:34.948+0000][15960][safepoint    ] Safepoint "Cleanup", Time since last: 2000431768 ns, Reaching safepoint: 138203 ns, At safepoint: 5101 ns, Total: 143304 ns
[2020-05-16T09:18:35.949+0000][15960][safepoint    ] Safepoint "Cleanup", Time since last: 1000225855 ns, Reaching safepoint: 136812 ns, At safepoint: 5101 ns, Total: 141913 ns
[2020-05-16T09:18:37.949+0000][15960][safepoint    ] Safepoint "Cleanup", Time since last: 2000159536 ns, Reaching safepoint: 144232 ns, At safepoint: 2783 ns, Total: 147015 ns
[2020-05-16T09:18:39.950+0000][15960][safepoint    ] Safepoint "Cleanup", Time since last: 2000800463 ns, Reaching safepoint: 82551 ns, At safepoint: 3246 ns, Total: 85797 ns
[2020-05-16T09:18:40.951+0000][15960][safepoint    ] Safepoint "Cleanup", Time since last: 1001021681 ns, Reaching safepoint: 152579 ns, At safepoint: 2783 ns, Total: 155362 ns
[2020-05-16T09:18:41.952+0000][15960][safepoint    ] Safepoint "Cleanup", Time since last: 1000508290 ns, Reaching safepoint: 128927 ns, At safepoint: 4174 ns, Total: 133101 ns
[2020-05-16T09:18:43.953+0000][15960][safepoint    ] Safepoint "Cleanup", Time since last: 2000892289 ns, Reaching safepoint: 247652 ns, At safepoint: 10203 ns, Total: 257855 ns
[2020-05-16T09:18:44.954+0000][15960][safepoint    ] Safepoint "Cleanup", Time since last: 1000633971 ns, Reaching safepoint: 119652 ns, At safepoint: 4174 ns, Total: 123826 ns
[2020-05-16T09:18:46.750+0000][15960][safepoint    ] Safepoint "Cleanup", Time since last: 1796501892 ns, Reaching safepoint: 101565 ns, At safepoint: 4637 ns, Total: 106202 ns
[2020-05-16T09:18:47.751+0000][15960][safepoint    ] Safepoint "Cleanup", Time since last: 1000780986 ns, Reaching safepoint: 110376 ns, At safepoint: 5566 ns, Total: 115942 ns
[2020-05-16T09:18:48.752+0000][15960][safepoint    ] Safepoint "Cleanup", Time since last: 1000311188 ns, Reaching safepoint: 93217 ns, At safepoint: 2783 ns, Total: 96000 ns
[2020-05-16T09:18:49.752+0000][15960][safepoint    ] Safepoint "Cleanup", Time since last: 1000653913 ns, Reaching safepoint: 92753 ns, At safepoint: 3710 ns, Total: 96463 ns
[2020-05-16T09:18:50.753+0000][15960][safepoint    ] Safepoint "Cleanup", Time since last: 1000846377 ns, Reaching safepoint: 83014 ns, At safepoint: 2783 ns, Total: 85797 ns
[2020-05-16T09:18:51.754+0000][15960][safepoint    ] Safepoint "Cleanup", Time since last: 1000510144 ns, Reaching safepoint: 98783 ns, At safepoint: 4174 ns, Total: 102957 ns
[2020-05-16T09:18:52.754+0000][15960][safepoint    ] Safepoint "Cleanup", Time since last: 1000149333 ns, Reaching safepoint: 137739 ns, At safepoint: 9739 ns, Total: 147478 ns
[2020-05-16T09:18:53.754+0000][15960][safepoint    ] Safepoint "Cleanup", Time since last: 1000075595 ns, Reaching safepoint: 139594 ns, At safepoint: 6492 ns, Total: 146086 ns
[2020-05-16T09:18:54.755+0000][15960][safepoint    ] Safepoint "Cleanup", Time since last: 1000575536 ns, Reaching safepoint: 159537 ns, At safepoint: 6029 ns, Total: 165566 ns
[2020-05-16T09:18:55.814+0000][15960][safepoint    ] Safepoint "Cleanup", Time since last: 1000156289 ns, Reaching safepoint: 58823393 ns, At safepoint: 85797 ns, Total: 58909190 ns
[2020-05-16T09:18:56.815+0000][15960][safepoint    ] Safepoint "Cleanup", Time since last: 1000145624 ns, Reaching safepoint: 162318 ns, At safepoint: 6029 ns, Total: 168347 ns
[2020-05-16T09:18:57.815+0000][15960][safepoint    ] Safepoint "Cleanup", Time since last: 1000736927 ns, Reaching safepoint: 136348 ns, At safepoint: 8348 ns, Total: 144696 ns
[2020-05-16T09:18:59.816+0000][15960][safepoint    ] Safepoint "Cleanup", Time since last: 2000557913 ns, Reaching safepoint: 377507 ns, At safepoint: 8348 ns, Total: 385855 ns
[2020-05-16T09:19:00.817+0000][15960][safepoint    ] Safepoint "Cleanup", Time since last: 1000213797 ns, Reaching safepoint: 82550 ns, At safepoint: 4638 ns, Total: 87188 ns
[2020-05-16T09:19:01.817+0000][15960][safepoint    ] Safepoint "Cleanup", Time since last: 1000560695 ns, Reaching safepoint: 120116 ns, At safepoint: 4174 ns, Total: 124290 ns
[2020-05-16T09:19:02.818+0000][15960][safepoint    ] Safepoint "Cleanup", Time since last: 1000345507 ns, Reaching safepoint: 90899 ns, At safepoint: 2782 ns, Total: 93681 ns
[2020-05-16T09:19:03.818+0000][15960][safepoint    ] Safepoint "Cleanup", Time since last: 1000051942 ns, Reaching safepoint: 120580 ns, At safepoint: 4174 ns, Total: 124754 ns
[2020-05-16T09:19:04.818+0000][15960][safepoint    ] Safepoint "Cleanup", Time since last: 1000020870 ns, Reaching safepoint: 108058 ns, At safepoint: 4173 ns, Total: 112231 ns
[2020-05-16T09:19:05.819+0000][15960][safepoint    ] Safepoint "Cleanup", Time since last: 1000455884 ns, Reaching safepoint: 118725 ns, At safepoint: 4174 ns, Total: 122899 ns
[2020-05-16T09:19:06.819+0000][15960][safepoint    ] Safepoint "Cleanup", Time since last: 1000025043 ns, Reaching safepoint: 118261 ns, At safepoint: 4174 ns, Total: 122435 ns
[2020-05-16T09:19:08.819+0000][15960][safepoint    ] Safepoint "Cleanup", Time since last: 2000393275 ns, Reaching safepoint: 134957 ns, At safepoint: 4637 ns, Total: 139594 ns
[2020-05-16T09:19:09.820+0000][15960][safepoint    ] Safepoint "Cleanup", Time since last: 1000237913 ns, Reaching safepoint: 104348 ns, At safepoint: 4174 ns, Total: 108522 ns
[2020-05-16T09:19:10.820+0000][15960][safepoint    ] Safepoint "Cleanup", Time since last: 1000070956 ns, Reaching safepoint: 118261 ns, At safepoint: 4174 ns, Total: 122435 ns
[2020-05-16T09:19:11.821+0000][15960][safepoint    ] Safepoint "Cleanup", Time since last: 1000868637 ns, Reaching safepoint: 142377 ns, At safepoint: 4638 ns, Total: 147015 ns
[2020-05-16T09:19:12.822+0000][15960][safepoint    ] Safepoint "Cleanup", Time since last: 1000546318 ns, Reaching safepoint: 105739 ns, At safepoint: 4638 ns, Total: 110377 ns
[2020-05-16T09:19:13.822+0000][15960][safepoint    ] Safepoint "Cleanup", Time since last: 1000557449 ns, Reaching safepoint: 197102 ns, At safepoint: 5565 ns, Total: 202667 ns
[2020-05-16T09:19:14.823+0000][15960][safepoint    ] Safepoint "Cleanup", Time since last: 1000434550 ns, Reaching safepoint: 152116 ns, At safepoint: 6493 ns, Total: 158609 ns
[2020-05-16T09:19:15.823+0000][15960][safepoint    ] Safepoint "Cleanup", Time since last: 1000058898 ns, Reaching safepoint: 144232 ns, At safepoint: 2783 ns, Total: 147015 ns
[2020-05-16T09:19:16.823+0000][15960][safepoint    ] Safepoint "Cleanup", Time since last: 1000175768 ns, Reaching safepoint: 121507 ns, At safepoint: 7420 ns, Total: 128927 ns
[2020-05-16T09:19:17.824+0000][15960][safepoint    ] Safepoint "Cleanup", Time since last: 1000255073 ns, Reaching safepoint: 190145 ns, At safepoint: 5565 ns, Total: 195710 ns
[2020-05-16T09:19:18.824+0000][15960][safepoint    ] Safepoint "Cleanup", Time since last: 1000055652 ns, Reaching safepoint: 114551 ns, At safepoint: 4637 ns, Total: 119188 ns
[2020-05-16T09:19:19.825+0000][15960][safepoint    ] Safepoint "Cleanup", Time since last: 1000543072 ns, Reaching safepoint: 162783 ns, At safepoint: 7884 ns, Total: 170667 ns
[2020-05-16T09:19:20.825+0000][15960][safepoint    ] Safepoint "Cleanup", Time since last: 1000046377 ns, Reaching safepoint: 116406 ns, At safepoint: 6492 ns, Total: 122898 ns
[2020-05-16T09:19:21.826+0000][15960][safepoint    ] Safepoint "Cleanup", Time since last: 1000798609 ns, Reaching safepoint: 119188 ns, At safepoint: 4638 ns, Total: 123826 ns
[2020-05-16T09:19:23.827+0000][15960][safepoint    ] Safepoint "Cleanup", Time since last: 2000597797 ns, Reaching safepoint: 126608 ns, At safepoint: 6493 ns, Total: 133101 ns
[2020-05-16T09:19:25.302+0000][15960][safepoint    ] Safepoint "Cleanup", Time since last: 1475024012 ns, Reaching safepoint: 140985 ns, At safepoint: 4638 ns, Total: 145623 ns
[2020-05-16T09:19:26.302+0000][15960][safepoint    ] Safepoint "Cleanup", Time since last: 1000137739 ns, Reaching safepoint: 110840 ns, At safepoint: 4174 ns, Total: 115014 ns
[2020-05-16T09:19:28.303+0000][15960][safepoint    ] Safepoint "Cleanup", Time since last: 2000483246 ns, Reaching safepoint: 128928 ns, At safepoint: 4637 ns, Total: 133565 ns
[2020-05-16T09:19:29.304+0000][15960][safepoint    ] Safepoint "Cleanup", Time since last: 1000812058 ns, Reaching safepoint: 219826 ns, At safepoint: 5565 ns, Total: 225391 ns
[2020-05-16T09:19:31.304+0000][15960][safepoint    ] Safepoint "Cleanup", Time since last: 2000245333 ns, Reaching safepoint: 127073 ns, At safepoint: 5565 ns, Total: 132638 ns
[2020-05-16T09:19:32.304+0000][15960][safepoint    ] Safepoint "Cleanup", Time since last: 1000174841 ns, Reaching safepoint: 203130 ns, At safepoint: 11130 ns, Total: 214260 ns
[2020-05-16T09:19:33.305+0000][15960][safepoint    ] Safepoint "Cleanup", Time since last: 1000635826 ns, Reaching safepoint: 155826 ns, At safepoint: 6493 ns, Total: 162319 ns
[2020-05-16T09:19:35.306+0000][15960][safepoint    ] Safepoint "Cleanup", Time since last: 2000508290 ns, Reaching safepoint: 244405 ns, At safepoint: 12058 ns, Total: 256463 ns
[2020-05-16T09:19:37.306+0000][15960][safepoint    ] Safepoint "Cleanup", Time since last: 1999863652 ns, Reaching safepoint: 143305 ns, At safepoint: 8348 ns, Total: 151653 ns
[2020-05-16T09:19:38.307+0000][15960][safepoint    ] Safepoint "Cleanup", Time since last: 1000795361 ns, Reaching safepoint: 129855 ns, At safepoint: 5102 ns, Total: 134957 ns
[2020-05-16T09:19:39.307+0000][15960][safepoint    ] Safepoint "Cleanup", Time since last: 1000115014 ns, Reaching safepoint: 140058 ns, At safepoint: 6029 ns, Total: 146087 ns
[2020-05-16T09:19:40.308+0000][15960][safepoint    ] Safepoint "Cleanup", Time since last: 1000631188 ns, Reaching safepoint: 137276 ns, At safepoint: 5565 ns, Total: 142841 ns
[2020-05-16T09:19:41.309+0000][15960][safepoint    ] Safepoint "Cleanup", Time since last: 1000416927 ns, Reaching safepoint: 140986 ns, At safepoint: 7420 ns, Total: 148406 ns
[2020-05-16T09:19:42.310+0000][15960][safepoint    ] Safepoint "Cleanup", Time since last: 1000822260 ns, Reaching safepoint: 135421 ns, At safepoint: 5565 ns, Total: 140986 ns
[2020-05-16T09:19:43.310+0000][15960][safepoint    ] Safepoint "Cleanup", Time since last: 1000609391 ns, Reaching safepoint: 108985 ns, At safepoint: 2319 ns, Total: 111304 ns
[2020-05-16T09:19:44.311+0000][15960][safepoint    ] Safepoint "Cleanup", Time since last: 1000426203 ns, Reaching safepoint: 122435 ns, At safepoint: 4637 ns, Total: 127072 ns
[2020-05-16T09:19:46.311+0000][15960][safepoint    ] Safepoint "Cleanup", Time since last: 2000476290 ns, Reaching safepoint: 141913 ns, At safepoint: 6029 ns, Total: 147942 ns
[2020-05-16T09:19:48.332+0000][15960][safepoint    ] Safepoint "Cleanup", Time since last: 2000246261 ns, Reaching safepoint: 20117787 ns, At safepoint: 16232 ns, Total: 20134019 ns
[2020-05-16T09:19:49.333+0000][15960][safepoint    ] Safepoint "Cleanup", Time since last: 1000531015 ns, Reaching safepoint: 139130 ns, At safepoint: 5565 ns, Total: 144695 ns
[2020-05-16T09:19:50.333+0000][15960][safepoint    ] Safepoint "Cleanup", Time since last: 1000025044 ns, Reaching safepoint: 94144 ns, At safepoint: 3247 ns, Total: 97391 ns
[2020-05-16T09:19:51.333+0000][15960][safepoint    ] Safepoint "Cleanup", Time since last: 1000305623 ns, Reaching safepoint: 112695 ns, At safepoint: 5102 ns, Total: 117797 ns
[2020-05-16T09:19:52.333+0000][15960][safepoint    ] Safepoint "Cleanup", Time since last: 1000276406 ns, Reaching safepoint: 75594 ns, At safepoint: 2782 ns, Total: 78376 ns
[2020-05-16T09:19:53.334+0000][15960][safepoint    ] Safepoint "Cleanup", Time since last: 1000058435 ns, Reaching safepoint: 147478 ns, At safepoint: 5102 ns, Total: 152580 ns
[2020-05-16T09:19:54.334+0000][15960][safepoint    ] Safepoint "Cleanup", Time since last: 1000597333 ns, Reaching safepoint: 88116 ns, At safepoint: 2782 ns, Total: 90898 ns
[2020-05-16T09:19:56.335+0000][15960][safepoint    ] Safepoint "Cleanup", Time since last: 2000145160 ns, Reaching safepoint: 114550 ns, At safepoint: 19479 ns, Total: 134029 ns
[2020-05-16T09:19:57.335+0000][15960][safepoint    ] Safepoint "Cleanup", Time since last: 1000567188 ns, Reaching safepoint: 108985 ns, At safepoint: 4638 ns, Total: 113623 ns
[2020-05-16T09:19:58.345+0000][15960][safepoint    ] Safepoint "Cleanup", Time since last: 1000525913 ns, Reaching safepoint: 8994778 ns, At safepoint: 44058 ns, Total: 9038836 ns
[2020-05-16T09:19:59.349+0000][15960][safepoint    ] Safepoint "Cleanup", Time since last: 1004039419 ns, Reaching safepoint: 136347 ns, At safepoint: 7421 ns, Total: 143768 ns
[2020-05-16T09:20:00.350+0000][15960][safepoint    ] Safepoint "Cleanup", Time since last: 1000636289 ns, Reaching safepoint: 102029 ns, At safepoint: 2783 ns, Total: 104812 ns
[2020-05-16T09:20:01.350+0000][15960][safepoint    ] Safepoint "Cleanup", Time since last: 1000018550 ns, Reaching safepoint: 145160 ns, At safepoint: 6029 ns, Total: 151189 ns
[2020-05-16T09:20:02.350+0000][15960][safepoint    ] Safepoint "Cleanup", Time since last: 1000015304 ns, Reaching safepoint: 137275 ns, At safepoint: 6029 ns, Total: 143304 ns
[2020-05-16T09:20:03.350+0000][15960][safepoint    ] Safepoint "Cleanup", Time since last: 1000010667 ns, Reaching safepoint: 107594 ns, At safepoint: 3710 ns, Total: 111304 ns
[2020-05-16T09:20:04.351+0000][15960][safepoint    ] Safepoint "Cleanup", Time since last: 1000447073 ns, Reaching safepoint: 147478 ns, At safepoint: 24579 ns, Total: 172057 ns
[2020-05-16T09:20:05.352+0000][15960][safepoint    ] Safepoint "Cleanup", Time since last: 1000591305 ns, Reaching safepoint: 132637 ns, At safepoint: 5565 ns, Total: 138202 ns
[2020-05-16T09:20:06.352+0000][15960][safepoint    ] Safepoint "Cleanup", Time since last: 1000679420 ns, Reaching safepoint: 146087 ns, At safepoint: 7421 ns, Total: 153508 ns
[2020-05-16T09:20:07.353+0000][15960][safepoint    ] Safepoint "Cleanup", Time since last: 1000502260 ns, Reaching safepoint: 135884 ns, At safepoint: 6029 ns, Total: 141913 ns
[2020-05-16T09:20:08.354+0000][15960][safepoint    ] Safepoint "Cleanup", Time since last: 1000787942 ns, Reaching safepoint: 103420 ns, At safepoint: 3710 ns, Total: 107130 ns
[2020-05-16T09:20:09.354+0000][15960][safepoint    ] Safepoint "Cleanup", Time since last: 1000013449 ns, Reaching safepoint: 114087 ns, At safepoint: 3247 ns, Total: 117334 ns
[2020-05-16T09:20:10.355+0000][15960][safepoint    ] Safepoint "Cleanup", Time since last: 1000781449 ns, Reaching safepoint: 137275 ns, At safepoint: 6029 ns, Total: 143304 ns
[2020-05-16T09:20:11.356+0000][15960][safepoint    ] Safepoint "Cleanup", Time since last: 1000552811 ns, Reaching safepoint: 172058 ns, At safepoint: 9739 ns, Total: 181797 ns
[2020-05-16T09:20:12.356+0000][15960][safepoint    ] Safepoint "Cleanup", Time since last: 1000302377 ns, Reaching safepoint: 118725 ns, At safepoint: 6028 ns, Total: 124753 ns
[2020-05-16T09:20:13.357+0000][15960][safepoint    ] Safepoint "Cleanup", Time since last: 1000634899 ns, Reaching safepoint: 126608 ns, At safepoint: 7421 ns, Total: 134029 ns
[2020-05-16T09:20:14.365+0000][15960][safepoint    ] Safepoint "Cleanup", Time since last: 1007953619 ns, Reaching safepoint: 146551 ns, At safepoint: 5101 ns, Total: 151652 ns
[2020-05-16T09:20:15.366+0000][15960][safepoint    ] Safepoint "Cleanup", Time since last: 1000637681 ns, Reaching safepoint: 140986 ns, At safepoint: 4637 ns, Total: 145623 ns
[2020-05-16T09:20:16.367+0000][15960][safepoint    ] Safepoint "Cleanup", Time since last: 1000598725 ns, Reaching safepoint: 123826 ns, At safepoint: 2782 ns, Total: 126608 ns
[2020-05-16T09:20:17.367+0000][15960][safepoint    ] Safepoint "Cleanup", Time since last: 1000551420 ns, Reaching safepoint: 115478 ns, At safepoint: 4638 ns, Total: 120116 ns
[2020-05-16T09:20:18.367+0000][15960][safepoint    ] Safepoint "Cleanup", Time since last: 1000052406 ns, Reaching safepoint: 133565 ns, At safepoint: 6493 ns, Total: 140058 ns
[2020-05-16T09:20:19.368+0000][15960][safepoint    ] Safepoint "Cleanup", Time since last: 1000453565 ns, Reaching safepoint: 123826 ns, At safepoint: 5101 ns, Total: 128927 ns
[2020-05-16T09:20:21.369+0000][15960][safepoint    ] Safepoint "Cleanup", Time since last: 2001003130 ns, Reaching safepoint: 139594 ns, At safepoint: 5566 ns, Total: 145160 ns
[2020-05-16T09:20:22.370+0000][15960][safepoint    ] Safepoint "Cleanup", Time since last: 1000326028 ns, Reaching safepoint: 143769 ns, At safepoint: 6029 ns, Total: 149798 ns
[2020-05-16T09:20:24.370+0000][15960][safepoint    ] Safepoint "Cleanup", Time since last: 1999874318 ns, Reaching safepoint: 165566 ns, At safepoint: 7884 ns, Total: 173450 ns
[2020-05-16T09:20:26.370+0000][15960][safepoint    ] Safepoint "Cleanup", Time since last: 2000075594 ns, Reaching safepoint: 157217 ns, At safepoint: 3246 ns, Total: 160463 ns
[2020-05-16T09:20:27.371+0000][15960][safepoint    ] Safepoint "Cleanup", Time since last: 1000732290 ns, Reaching safepoint: 140522 ns, At safepoint: 6956 ns, Total: 147478 ns
[2020-05-16T09:20:29.372+0000][15960][safepoint    ] Safepoint "Cleanup", Time since last: 2000661333 ns, Reaching safepoint: 140058 ns, At safepoint: 6029 ns, Total: 146087 ns
[2020-05-16T09:20:30.372+0000][15960][safepoint    ] Safepoint "Cleanup", Time since last: 1000081623 ns, Reaching safepoint: 144696 ns, At safepoint: 5565 ns, Total: 150261 ns
[2020-05-16T09:20:31.372+0000][15960][safepoint    ] Safepoint "Cleanup", Time since last: 1000639536 ns, Reaching safepoint: 153043 ns, At safepoint: 8812 ns, Total: 161855 ns
[2020-05-16T09:20:33.373+0000][15960][safepoint    ] Safepoint "Cleanup", Time since last: 2000126609 ns, Reaching safepoint: 164637 ns, At safepoint: 9276 ns, Total: 173913 ns
[2020-05-16T09:20:35.374+0000][15960][safepoint    ] Safepoint "Cleanup", Time since last: 2000692405 ns, Reaching safepoint: 143304 ns, At safepoint: 5566 ns, Total: 148870 ns
[2020-05-16T09:20:36.374+0000][15960][safepoint    ] Safepoint "Cleanup", Time since last: 1000274550 ns, Reaching safepoint: 135884 ns, At safepoint: 6029 ns, Total: 141913 ns
[2020-05-16T09:20:38.374+0000][15960][safepoint    ] Safepoint "Cleanup", Time since last: 1999888232 ns, Reaching safepoint: 159536 ns, At safepoint: 6957 ns, Total: 166493 ns
[2020-05-16T09:20:39.375+0000][15960][safepoint    ] Safepoint "Cleanup", Time since last: 1000452173 ns, Reaching safepoint: 136812 ns, At safepoint: 7884 ns, Total: 144696 ns
[2020-05-16T09:20:40.375+0000][15960][safepoint    ] Safepoint "Cleanup", Time since last: 1000047768 ns, Reaching safepoint: 154899 ns, At safepoint: 7420 ns, Total: 162319 ns
[2020-05-16T09:20:41.375+0000][15960][safepoint    ] Safepoint "Cleanup", Time since last: 1000164174 ns, Reaching safepoint: 147942 ns, At safepoint: 4637 ns, Total: 152579 ns
[2020-05-16T09:20:42.376+0000][15960][safepoint    ] Safepoint "Cleanup", Time since last: 1000533797 ns, Reaching safepoint: 91826 ns, At safepoint: 2783 ns, Total: 94609 ns
[2020-05-16T09:20:43.377+0000][15960][safepoint    ] Safepoint "Cleanup", Time since last: 1000429449 ns, Reaching safepoint: 120580 ns, At safepoint: 5565 ns, Total: 126145 ns
[2020-05-16T09:20:44.377+0000][15960][safepoint    ] Safepoint "Cleanup", Time since last: 1000005565 ns, Reaching safepoint: 101565 ns, At safepoint: 4174 ns, Total: 105739 ns
[2020-05-16T09:20:45.377+0000][15960][safepoint    ] Safepoint "Cleanup", Time since last: 1000020870 ns, Reaching safepoint: 96463 ns, At safepoint: 3711 ns, Total: 100174 ns
[2020-05-16T09:20:46.377+0000][15960][safepoint    ] Safepoint "Cleanup", Time since last: 1000386782 ns, Reaching safepoint: 116869 ns, At safepoint: 5566 ns, Total: 122435 ns
[2020-05-16T09:20:47.378+0000][15960][safepoint    ] Safepoint "Cleanup", Time since last: 1000310260 ns, Reaching safepoint: 140522 ns, At safepoint: 6029 ns, Total: 146551 ns
[2020-05-16T09:20:49.378+0000][15960][safepoint    ] Safepoint "Cleanup", Time since last: 2000656695 ns, Reaching safepoint: 153971 ns, At safepoint: 6957 ns, Total: 160928 ns
[2020-05-16T09:20:50.379+0000][15960][safepoint    ] Safepoint "Cleanup", Time since last: 1000791652 ns, Reaching safepoint: 154898 ns, At safepoint: 6957 ns, Total: 161855 ns
[2020-05-16T09:20:51.380+0000][15960][safepoint    ] Safepoint "Cleanup", Time since last: 1000445217 ns, Reaching safepoint: 106203 ns, At safepoint: 4174 ns, Total: 110377 ns
[2020-05-16T09:20:52.380+0000][15960][safepoint    ] Safepoint "Cleanup", Time since last: 1000088579 ns, Reaching safepoint: 114087 ns, At safepoint: 5102 ns, Total: 119189 ns
[2020-05-16T09:20:54.260+0000][15960][safepoint    ] Safepoint "Cleanup", Time since last: 1879578954 ns, Reaching safepoint: 100174 ns, At safepoint: 4174 ns, Total: 104348 ns
[2020-05-16T09:20:56.261+0000][15960][safepoint    ] Safepoint "Cleanup", Time since last: 2000604289 ns, Reaching safepoint: 127073 ns, At safepoint: 6029 ns, Total: 133102 ns
[2020-05-16T09:20:57.261+0000][15960][safepoint    ] Safepoint "Cleanup", Time since last: 1000140985 ns, Reaching safepoint: 144232 ns, At safepoint: 6029 ns, Total: 150261 ns
[2020-05-16T09:20:58.262+0000][15960][safepoint    ] Safepoint "Cleanup", Time since last: 1000659478 ns, Reaching safepoint: 140985 ns, At safepoint: 6029 ns, Total: 147014 ns
[2020-05-16T09:21:00.262+0000][15960][safepoint    ] Safepoint "Cleanup", Time since last: 2000237913 ns, Reaching safepoint: 135421 ns, At safepoint: 6492 ns, Total: 141913 ns
[2020-05-16T09:21:01.263+0000][15960][safepoint    ] Safepoint "Cleanup", Time since last: 1000267131 ns, Reaching safepoint: 84405 ns, At safepoint: 5102 ns, Total: 89507 ns
[2020-05-16T09:21:02.263+0000][15960][safepoint    ] Safepoint "Cleanup", Time since last: 1000748057 ns, Reaching safepoint: 144696 ns, At safepoint: 8812 ns, Total: 153508 ns
[2020-05-16T09:21:04.264+0000][15960][safepoint    ] Safepoint "Cleanup", Time since last: 2000230492 ns, Reaching safepoint: 346435 ns, At safepoint: 22725 ns, Total: 369160 ns
[2020-05-16T09:21:06.264+0000][15960][safepoint    ] Safepoint "Cleanup", Time since last: 1999875246 ns, Reaching safepoint: 137275 ns, At safepoint: 5565 ns, Total: 142840 ns
[2020-05-16T09:21:07.265+0000][15960][safepoint    ] Safepoint "Cleanup", Time since last: 1000704928 ns, Reaching safepoint: 129855 ns, At safepoint: 5565 ns, Total: 135420 ns
[2020-05-16T09:21:08.265+0000][15960][safepoint    ] Safepoint "Cleanup", Time since last: 1000278724 ns, Reaching safepoint: 143768 ns, At safepoint: 4174 ns, Total: 147942 ns
[2020-05-16T09:21:09.266+0000][15960][safepoint    ] Safepoint "Cleanup", Time since last: 1000738783 ns, Reaching safepoint: 142376 ns, At safepoint: 8348 ns, Total: 150724 ns
[2020-05-16T09:21:10.266+0000][15960][safepoint    ] Safepoint "Cleanup", Time since last: 1000145623 ns, Reaching safepoint: 127537 ns, At safepoint: 7420 ns, Total: 134957 ns
[2020-05-16T09:21:11.267+0000][15960][safepoint    ] Safepoint "Cleanup", Time since last: 1000624231 ns, Reaching safepoint: 137739 ns, At safepoint: 6957 ns, Total: 144696 ns
[2020-05-16T09:21:12.267+0000][15960][safepoint    ] Safepoint "Cleanup", Time since last: 1000056580 ns, Reaching safepoint: 139594 ns, At safepoint: 6029 ns, Total: 145623 ns
[2020-05-16T09:21:13.268+0000][15960][safepoint    ] Safepoint "Cleanup", Time since last: 1000588985 ns, Reaching safepoint: 94609 ns, At safepoint: 2782 ns, Total: 97391 ns
[2020-05-16T09:21:14.268+0000][15960][safepoint    ] Safepoint "Cleanup", Time since last: 1000117334 ns, Reaching safepoint: 137275 ns, At safepoint: 5565 ns, Total: 142840 ns
[2020-05-16T09:21:15.269+0000][15960][safepoint    ] Safepoint "Cleanup", Time since last: 1000511072 ns, Reaching safepoint: 170203 ns, At safepoint: 4174 ns, Total: 174377 ns
[2020-05-16T09:21:16.270+0000][15960][safepoint    ] Safepoint "Cleanup", Time since last: 1000654840 ns, Reaching safepoint: 78377 ns, At safepoint: 2783 ns, Total: 81160 ns
[2020-05-16T09:21:17.270+0000][15960][safepoint    ] Safepoint "Cleanup", Time since last: 1000538898 ns, Reaching safepoint: 143768 ns, At safepoint: 6029 ns, Total: 149797 ns
[2020-05-16T09:21:18.271+0000][15960][safepoint    ] Safepoint "Cleanup", Time since last: 1000312580 ns, Reaching safepoint: 327883 ns, At safepoint: 11595 ns, Total: 339478 ns
[2020-05-16T09:21:20.272+0000][15960][safepoint    ] Safepoint "Cleanup", Time since last: 2000349681 ns, Reaching safepoint: 155826 ns, At safepoint: 6956 ns, Total: 162782 ns
[2020-05-16T09:21:21.272+0000][15960][safepoint    ] Safepoint "Cleanup", Time since last: 1000159073 ns, Reaching safepoint: 123362 ns, At safepoint: 4638 ns, Total: 128000 ns
[2020-05-16T09:21:22.272+0000][15960][safepoint    ] Safepoint "Cleanup", Time since last: 1000087652 ns, Reaching safepoint: 136811 ns, At safepoint: 5565 ns, Total: 142376 ns
[2020-05-16T09:21:23.273+0000][15960][safepoint    ] Safepoint "Cleanup", Time since last: 1000655304 ns, Reaching safepoint: 121044 ns, At safepoint: 6029 ns, Total: 127073 ns
[2020-05-16T09:21:24.274+0000][15960][safepoint    ] Safepoint "Cleanup", Time since last: 1000638145 ns, Reaching safepoint: 625159 ns, At safepoint: 89507 ns, Total: 714666 ns
[2020-05-16T09:21:25.275+0000][15960][safepoint    ] Safepoint "Cleanup", Time since last: 1000730898 ns, Reaching safepoint: 99710 ns, At safepoint: 5102 ns, Total: 104812 ns
[2020-05-16T09:21:26.276+0000][15960][safepoint    ] Safepoint "Cleanup", Time since last: 1000492985 ns, Reaching safepoint: 313043 ns, At safepoint: 14377 ns, Total: 327420 ns
[2020-05-16T09:21:28.284+0000][15960][safepoint    ] Safepoint "Cleanup", Time since last: 2000412753 ns, Reaching safepoint: 7056693 ns, At safepoint: 25971 ns, Total: 7082664 ns
[2020-05-16T09:21:29.391+0000][15960][safepoint    ] Safepoint "Cleanup", Time since last: 1107493515 ns, Reaching safepoint: 85797 ns, At safepoint: 4638 ns, Total: 90435 ns
[2020-05-16T09:21:30.392+0000][15960][safepoint    ] Safepoint "Cleanup", Time since last: 1000638608 ns, Reaching safepoint: 250435 ns, At safepoint: 9275 ns, Total: 259710 ns
[2020-05-16T09:21:31.393+0000][15960][safepoint    ] Safepoint "Cleanup", Time since last: 1000651131 ns, Reaching safepoint: 146086 ns, At safepoint: 8348 ns, Total: 154434 ns
[2020-05-16T09:21:32.393+0000][15960][safepoint    ] Safepoint "Cleanup", Time since last: 1000468406 ns, Reaching safepoint: 131710 ns, At safepoint: 5101 ns, Total: 136811 ns
[2020-05-16T09:21:34.394+0000][15960][safepoint    ] Safepoint "Cleanup", Time since last: 2000879304 ns, Reaching safepoint: 236522 ns, At safepoint: 7884 ns, Total: 244406 ns
[2020-05-16T09:21:36.395+0000][15960][safepoint    ] Safepoint "Cleanup", Time since last: 2000305159 ns, Reaching safepoint: 133565 ns, At safepoint: 6957 ns, Total: 140522 ns
[2020-05-16T09:21:37.396+0000][15960][safepoint    ] Safepoint "Cleanup", Time since last: 1000668753 ns, Reaching safepoint: 99710 ns, At safepoint: 4174 ns, Total: 103884 ns
[2020-05-16T09:21:38.396+0000][15960][safepoint    ] Safepoint "Cleanup", Time since last: 1000165102 ns, Reaching safepoint: 146086 ns, At safepoint: 6029 ns, Total: 152115 ns
[2020-05-16T09:21:39.397+0000][15960][safepoint    ] Safepoint "Cleanup", Time since last: 1000484638 ns, Reaching safepoint: 103884 ns, At safepoint: 5565 ns, Total: 109449 ns
[2020-05-16T09:21:40.397+0000][15960][safepoint    ] Safepoint "Cleanup", Time since last: 1000463304 ns, Reaching safepoint: 130783 ns, At safepoint: 7884 ns, Total: 138667 ns
[2020-05-16T09:21:41.398+0000][15960][safepoint    ] Safepoint "Cleanup", Time since last: 1000753159 ns, Reaching safepoint: 95072 ns, At safepoint: 2783 ns, Total: 97855 ns
[2020-05-16T09:21:43.399+0000][15960][safepoint    ] Safepoint "Cleanup", Time since last: 2000308406 ns, Reaching safepoint: 128463 ns, At safepoint: 6957 ns, Total: 135420 ns
[2020-05-16T09:21:44.414+0000][15960][safepoint    ] Safepoint "Cleanup", Time since last: 1000303768 ns, Reaching safepoint: 15309442 ns, At safepoint: 19478 ns, Total: 15328920 ns
[2020-05-16T09:21:46.414+0000][15960][safepoint    ] Safepoint "Cleanup", Time since last: 2000201276 ns, Reaching safepoint: 147014 ns, At safepoint: 8812 ns, Total: 155826 ns
[2020-05-16T09:21:47.415+0000][15960][safepoint    ] Safepoint "Cleanup", Time since last: 1000022260 ns, Reaching safepoint: 150261 ns, At safepoint: 8348 ns, Total: 158609 ns
[2020-05-16T09:21:48.415+0000][15960][safepoint    ] Safepoint "Cleanup", Time since last: 1000370087 ns, Reaching safepoint: 95072 ns, At safepoint: 5102 ns, Total: 100174 ns
[2020-05-16T09:21:49.416+0000][15960][safepoint    ] Safepoint "Cleanup", Time since last: 1000811594 ns, Reaching safepoint: 133101 ns, At safepoint: 5101 ns, Total: 138202 ns
[2020-05-16T09:21:50.416+0000][15960][safepoint    ] Safepoint "Cleanup", Time since last: 1000095073 ns, Reaching safepoint: 102492 ns, At safepoint: 4638 ns, Total: 107130 ns
[2020-05-16T09:21:51.417+0000][15960][safepoint    ] Safepoint "Cleanup", Time since last: 1000519884 ns, Reaching safepoint: 96464 ns, At safepoint: 4637 ns, Total: 101101 ns
[2020-05-16T09:21:52.418+0000][15960][safepoint    ] Safepoint "Cleanup", Time since last: 1000739246 ns, Reaching safepoint: 169276 ns, At safepoint: 3246 ns, Total: 172522 ns
[2020-05-16T09:21:53.419+0000][15960][safepoint    ] Safepoint "Cleanup", Time since last: 1000791652 ns, Reaching safepoint: 120580 ns, At safepoint: 5101 ns, Total: 125681 ns
[2020-05-16T09:21:54.420+0000][15960][safepoint    ] Safepoint "Cleanup", Time since last: 1000886260 ns, Reaching safepoint: 84870 ns, At safepoint: 2783 ns, Total: 87653 ns
[2020-05-16T09:21:55.420+0000][15960][safepoint    ] Safepoint "Cleanup", Time since last: 1000576927 ns, Reaching safepoint: 149797 ns, At safepoint: 10667 ns, Total: 160464 ns
[2020-05-16T09:21:56.421+0000][15960][safepoint    ] Safepoint "Cleanup", Time since last: 1000665506 ns, Reaching safepoint: 119653 ns, At safepoint: 8347 ns, Total: 128000 ns
[2020-05-16T09:21:57.422+0000][15960][safepoint    ] Safepoint "Cleanup", Time since last: 1000194783 ns, Reaching safepoint: 138667 ns, At safepoint: 5565 ns, Total: 144232 ns
[2020-05-16T09:21:58.422+0000][15960][safepoint    ] Safepoint "Cleanup", Time since last: 1000645101 ns, Reaching safepoint: 148406 ns, At safepoint: 9275 ns, Total: 157681 ns
[2020-05-16T09:21:59.423+0000][15960][safepoint    ] Safepoint "Cleanup", Time since last: 1000851478 ns, Reaching safepoint: 144695 ns, At safepoint: 5566 ns, Total: 150261 ns
[2020-05-16T09:22:00.424+0000][15960][safepoint    ] Safepoint "Cleanup", Time since last: 1000414144 ns, Reaching safepoint: 134493 ns, At safepoint: 6493 ns, Total: 140986 ns
[2020-05-16T09:22:01.424+0000][15960][safepoint    ] Safepoint "Cleanup", Time since last: 1000185043 ns, Reaching safepoint: 147015 ns, At safepoint: 2782 ns, Total: 149797 ns
[2020-05-16T09:22:02.425+0000][15960][safepoint    ] Safepoint "Cleanup", Time since last: 1000885797 ns, Reaching safepoint: 137739 ns, At safepoint: 5101 ns, Total: 142840 ns
[2020-05-16T09:22:04.426+0000][15960][safepoint    ] Safepoint "Cleanup", Time since last: 2000561623 ns, Reaching safepoint: 127537 ns, At safepoint: 5565 ns, Total: 133102 ns
[2020-05-16T09:22:06.427+0000][15960][safepoint    ] Safepoint "Cleanup", Time since last: 2000861681 ns, Reaching safepoint: 122898 ns, At safepoint: 5101 ns, Total: 127999 ns
[2020-05-16T09:22:07.427+0000][15960][safepoint    ] Safepoint "Cleanup", Time since last: 1000013450 ns, Reaching safepoint: 136347 ns, At safepoint: 5566 ns, Total: 141913 ns
[2020-05-16T09:22:08.428+0000][15960][safepoint    ] Safepoint "Cleanup", Time since last: 1000779130 ns, Reaching safepoint: 126608 ns, At safepoint: 6029 ns, Total: 132637 ns
[2020-05-16T09:22:09.429+0000][15960][safepoint    ] Safepoint "Cleanup", Time since last: 1000595478 ns, Reaching safepoint: 140058 ns, At safepoint: 5102 ns, Total: 145160 ns
[2020-05-16T09:22:10.429+0000][15960][safepoint    ] Safepoint "Cleanup", Time since last: 1000486492 ns, Reaching safepoint: 125218 ns, At safepoint: 5565 ns, Total: 130783 ns
[2020-05-16T09:22:11.430+0000][15960][safepoint    ] Safepoint "Cleanup", Time since last: 1000854260 ns, Reaching safepoint: 294493 ns, At safepoint: 6956 ns, Total: 301449 ns
[2020-05-16T09:22:13.431+0000][15960][safepoint    ] Safepoint "Cleanup", Time since last: 1999952696 ns, Reaching safepoint: 98319 ns, At safepoint: 3246 ns, Total: 101565 ns
[2020-05-16T09:22:14.431+0000][15960][safepoint    ] Safepoint "Cleanup", Time since last: 1000325102 ns, Reaching safepoint: 87652 ns, At safepoint: 4174 ns, Total: 91826 ns
[2020-05-16T09:22:15.432+0000][15960][safepoint    ] Safepoint "Cleanup", Time since last: 1000895072 ns, Reaching safepoint: 98318 ns, At safepoint: 5102 ns, Total: 103420 ns
[2020-05-16T09:22:16.433+0000][15960][safepoint    ] Safepoint "Cleanup", Time since last: 1000560695 ns, Reaching safepoint: 120580 ns, At safepoint: 5565 ns, Total: 126145 ns
[2020-05-16T09:22:17.433+0000][15960][safepoint    ] Safepoint "Cleanup", Time since last: 1000137739 ns, Reaching safepoint: 159536 ns, At safepoint: 6493 ns, Total: 166029 ns
[2020-05-16T09:22:19.434+0000][15960][safepoint    ] Safepoint "Cleanup", Time since last: 2000468869 ns, Reaching safepoint: 198957 ns, At safepoint: 10203 ns, Total: 209160 ns
[2020-05-16T09:22:20.434+0000][15960][safepoint    ] Safepoint "Cleanup", Time since last: 1000042203 ns, Reaching safepoint: 225391 ns, At safepoint: 10203 ns, Total: 235594 ns
[2020-05-16T09:22:21.435+0000][15960][safepoint    ] Safepoint "Cleanup", Time since last: 1000678492 ns, Reaching safepoint: 153044 ns, At safepoint: 9275 ns, Total: 162319 ns
[2020-05-16T09:22:22.436+0000][15960][safepoint    ] Safepoint "Cleanup", Time since last: 1001128811 ns, Reaching safepoint: 134957 ns, At safepoint: 6028 ns, Total: 140985 ns
[2020-05-16T09:22:24.437+0000][15960][safepoint    ] Safepoint "Cleanup", Time since last: 2000285682 ns, Reaching safepoint: 95536 ns, At safepoint: 3246 ns, Total: 98782 ns
[2020-05-16T09:22:25.437+0000][15960][safepoint    ] Safepoint "Cleanup", Time since last: 1000881159 ns, Reaching safepoint: 142841 ns, At safepoint: 6029 ns, Total: 148870 ns
[2020-05-16T09:22:26.438+0000][15960][safepoint    ] Safepoint "Cleanup", Time since last: 1000622376 ns, Reaching safepoint: 90435 ns, At safepoint: 4174 ns, Total: 94609 ns
[2020-05-16T09:22:28.439+0000][15960][safepoint    ] Safepoint "Cleanup", Time since last: 2000464231 ns, Reaching safepoint: 182725 ns, At safepoint: 5565 ns, Total: 188290 ns
[2020-05-16T09:22:30.440+0000][15960][safepoint    ] Safepoint "Cleanup", Time since last: 2000946087 ns, Reaching safepoint: 130319 ns, At safepoint: 5101 ns, Total: 135420 ns
[2020-05-16T09:22:31.753+0000][15960][safepoint    ] Safepoint "Cleanup", Time since last: 1312439971 ns, Reaching safepoint: 133565 ns, At safepoint: 5565 ns, Total: 139130 ns
[2020-05-16T09:22:32.753+0000][15960][safepoint    ] Safepoint "Cleanup", Time since last: 1000131247 ns, Reaching safepoint: 145623 ns, At safepoint: 5565 ns, Total: 151188 ns
[2020-05-16T09:22:33.753+0000][15960][safepoint    ] Safepoint "Cleanup", Time since last: 1000006957 ns, Reaching safepoint: 143304 ns, At safepoint: 6029 ns, Total: 149333 ns
[2020-05-16T09:22:34.753+0000][15960][safepoint    ] Safepoint "Cleanup", Time since last: 1000245333 ns, Reaching safepoint: 146087 ns, At safepoint: 6029 ns, Total: 152116 ns
[2020-05-16T09:22:35.754+0000][15960][safepoint    ] Safepoint "Cleanup", Time since last: 1000095536 ns, Reaching safepoint: 182725 ns, At safepoint: 13913 ns, Total: 196638 ns
[2020-05-16T09:22:36.754+0000][15960][safepoint    ] Safepoint "Cleanup", Time since last: 1000416463 ns, Reaching safepoint: 92754 ns, At safepoint: 2782 ns, Total: 95536 ns
[2020-05-16T09:22:37.755+0000][15960][safepoint    ] Safepoint "Cleanup", Time since last: 1000214725 ns, Reaching safepoint: 184580 ns, At safepoint: 7420 ns, Total: 192000 ns
[2020-05-16T09:22:39.755+0000][15960][safepoint    ] Safepoint "Cleanup", Time since last: 2000243478 ns, Reaching safepoint: 129391 ns, At safepoint: 5102 ns, Total: 134493 ns
[2020-05-16T09:22:40.756+0000][15960][safepoint    ] Safepoint "Cleanup", Time since last: 1000521275 ns, Reaching safepoint: 175768 ns, At safepoint: 15768 ns, Total: 191536 ns
[2020-05-16T09:22:41.756+0000][15960][safepoint    ] Safepoint "Cleanup", Time since last: 1000337623 ns, Reaching safepoint: 127536 ns, At safepoint: 5565 ns, Total: 133101 ns
[2020-05-16T09:22:42.756+0000][15960][safepoint    ] Safepoint "Cleanup", Time since last: 1000183189 ns, Reaching safepoint: 130782 ns, At safepoint: 5565 ns, Total: 136347 ns
[2020-05-16T09:22:43.757+0000][15960][safepoint    ] Safepoint "Cleanup", Time since last: 1000037566 ns, Reaching safepoint: 121507 ns, At safepoint: 6029 ns, Total: 127536 ns
[2020-05-16T09:22:44.758+0000][15960][safepoint    ] Safepoint "Cleanup", Time since last: 1000885797 ns, Reaching safepoint: 140521 ns, At safepoint: 5565 ns, Total: 146086 ns
[2020-05-16T09:22:45.758+0000][15960][safepoint    ] Safepoint "Cleanup", Time since last: 1000245797 ns, Reaching safepoint: 140058 ns, At safepoint: 5102 ns, Total: 145160 ns
[2020-05-16T09:22:46.759+0000][15960][safepoint    ] Safepoint "Cleanup", Time since last: 1000632579 ns, Reaching safepoint: 120580 ns, At safepoint: 6493 ns, Total: 127073 ns
[2020-05-16T09:22:48.760+0000][15960][safepoint    ] Safepoint "Cleanup", Time since last: 2000913159 ns, Reaching safepoint: 121043 ns, At safepoint: 5101 ns, Total: 126144 ns
[2020-05-16T09:22:50.760+0000][15960][safepoint    ] Safepoint "Cleanup", Time since last: 2000089044 ns, Reaching safepoint: 145159 ns, At safepoint: 5565 ns, Total: 150724 ns
[2020-05-16T09:22:51.761+0000][15960][safepoint    ] Safepoint "Cleanup", Time since last: 1000573218 ns, Reaching safepoint: 168347 ns, At safepoint: 6029 ns, Total: 174376 ns
[2020-05-16T09:22:52.762+0000][15960][safepoint    ] Safepoint "Cleanup", Time since last: 1000719304 ns, Reaching safepoint: 136348 ns, At safepoint: 7884 ns, Total: 144232 ns
[2020-05-16T09:22:53.763+0000][15960][safepoint    ] Safepoint "Cleanup", Time since last: 1000797681 ns, Reaching safepoint: 138667 ns, At safepoint: 6029 ns, Total: 144696 ns
[2020-05-16T09:22:54.764+0000][15960][safepoint    ] Safepoint "Cleanup", Time since last: 1000859825 ns, Reaching safepoint: 136812 ns, At safepoint: 5565 ns, Total: 142377 ns
[2020-05-16T09:22:55.764+0000][15960][safepoint    ] Safepoint "Cleanup", Time since last: 1000079768 ns, Reaching safepoint: 129391 ns, At safepoint: 6029 ns, Total: 135420 ns
[2020-05-16T09:22:56.765+0000][15960][safepoint    ] Safepoint "Cleanup", Time since last: 1000726725 ns, Reaching safepoint: 138666 ns, At safepoint: 6029 ns, Total: 144695 ns
[2020-05-16T09:22:57.765+0000][15960][safepoint    ] Safepoint "Cleanup", Time since last: 1000302841 ns, Reaching safepoint: 138202 ns, At safepoint: 5102 ns, Total: 143304 ns
[2020-05-16T09:22:58.766+0000][15960][safepoint    ] Safepoint "Cleanup", Time since last: 1000862144 ns, Reaching safepoint: 133102 ns, At safepoint: 5565 ns, Total: 138667 ns
[2020-05-16T09:22:59.767+0000][15960][safepoint    ] Safepoint "Cleanup", Time since last: 1000922898 ns, Reaching safepoint: 133102 ns, At safepoint: 5565 ns, Total: 138667 ns
[2020-05-16T09:23:00.768+0000][15960][safepoint    ] Safepoint "Cleanup", Time since last: 1000376579 ns, Reaching safepoint: 149334 ns, At safepoint: 5565 ns, Total: 154899 ns
[2020-05-16T09:23:01.768+0000][15960][safepoint    ] Safepoint "Cleanup", Time since last: 1000263420 ns, Reaching safepoint: 131710 ns, At safepoint: 5101 ns, Total: 136811 ns
[2020-05-16T09:23:02.768+0000][15960][safepoint    ] Safepoint "Cleanup", Time since last: 1000150261 ns, Reaching safepoint: 157681 ns, At safepoint: 7421 ns, Total: 165102 ns
[2020-05-16T09:23:03.769+0000][15960][safepoint    ] Safepoint "Cleanup", Time since last: 1000669217 ns, Reaching safepoint: 145159 ns, At safepoint: 6029 ns, Total: 151188 ns
[2020-05-16T09:23:05.770+0000][15960][safepoint    ] Safepoint "Cleanup", Time since last: 2000728116 ns, Reaching safepoint: 141913 ns, At safepoint: 7884 ns, Total: 149797 ns
[2020-05-16T09:23:07.771+0000][15960][safepoint    ] Safepoint "Cleanup", Time since last: 2000830144 ns, Reaching safepoint: 147478 ns, At safepoint: 6029 ns, Total: 153507 ns
[2020-05-16T09:23:09.772+0000][15960][safepoint    ] Safepoint "Cleanup", Time since last: 2000613565 ns, Reaching safepoint: 163247 ns, At safepoint: 5565 ns, Total: 168812 ns
[2020-05-16T09:23:10.772+0000][15960][safepoint    ] Safepoint "Cleanup", Time since last: 1000052406 ns, Reaching safepoint: 230956 ns, At safepoint: 10203 ns, Total: 241159 ns
[2020-05-16T09:23:12.772+0000][15960][safepoint    ] Safepoint "Cleanup", Time since last: 1999929507 ns, Reaching safepoint: 164174 ns, At safepoint: 2783 ns, Total: 166957 ns
[2020-05-16T09:23:13.773+0000][15960][safepoint    ] Safepoint "Cleanup", Time since last: 1000372405 ns, Reaching safepoint: 124290 ns, At safepoint: 5565 ns, Total: 129855 ns
[2020-05-16T09:23:14.773+0000][15960][safepoint    ] Safepoint "Cleanup", Time since last: 1000317681 ns, Reaching safepoint: 188290 ns, At safepoint: 8348 ns, Total: 196638 ns
[2020-05-16T09:23:15.774+0000][15960][safepoint    ] Safepoint "Cleanup", Time since last: 1000682202 ns, Reaching safepoint: 131711 ns, At safepoint: 14376 ns, Total: 146087 ns
[2020-05-16T09:23:16.775+0000][15960][safepoint    ] Safepoint "Cleanup", Time since last: 1000603826 ns, Reaching safepoint: 141913 ns, At safepoint: 5102 ns, Total: 147015 ns
[2020-05-16T09:23:17.621+0000][15960][gc,start     ] GC(27) Pause Young (Normal) (G1 Evacuation Pause)
[2020-05-16T09:23:17.621+0000][15960][gc,task      ] GC(27) Using 4 workers of 4 for evacuation
[2020-05-16T09:23:17.621+0000][15960][gc,age       ] GC(27) Desired survivor size 40370176 bytes, new threshold 15 (max threshold 15)
[2020-05-16T09:23:17.911+0000][15960][gc,age       ] GC(27) Age table with threshold 15 (max threshold 15)
[2020-05-16T09:23:17.911+0000][15960][gc,age       ] GC(27) - age   1:     144152 bytes,     144152 total
[2020-05-16T09:23:17.911+0000][15960][gc,age       ] GC(27) - age   2:       4896 bytes,     149048 total
[2020-05-16T09:23:17.911+0000][15960][gc,age       ] GC(27) - age   3:      39184 bytes,     188232 total
[2020-05-16T09:23:17.911+0000][15960][gc,age       ] GC(27) - age   4:     602040 bytes,     790272 total
[2020-05-16T09:23:17.911+0000][15960][gc,age       ] GC(27) - age   5:       6560 bytes,     796832 total
[2020-05-16T09:23:17.911+0000][15960][gc,age       ] GC(27) - age   6:      60712 bytes,     857544 total
[2020-05-16T09:23:17.911+0000][15960][gc,age       ] GC(27) - age   7:     254280 bytes,    1111824 total
[2020-05-16T09:23:17.911+0000][15960][gc,age       ] GC(27) - age   8:     367880 bytes,    1479704 total
[2020-05-16T09:23:17.911+0000][15960][gc,age       ] GC(27) - age   9:      71592 bytes,    1551296 total
[2020-05-16T09:23:17.911+0000][15960][gc,age       ] GC(27) - age  10:     165752 bytes,    1717048 total
[2020-05-16T09:23:17.911+0000][15960][gc,age       ] GC(27) - age  11:      26256 bytes,    1743304 total
[2020-05-16T09:23:17.911+0000][15960][gc,age       ] GC(27) - age  12:     438456 bytes,    2181760 total
[2020-05-16T09:23:17.911+0000][15960][gc,age       ] GC(27) - age  13:     274944 bytes,    2456704 total
[2020-05-16T09:23:17.911+0000][15960][gc,age       ] GC(27) - age  14:     199592 bytes,    2656296 total
[2020-05-16T09:23:17.911+0000][15960][gc,age       ] GC(27) - age  15:      53048 bytes,    2709344 total
[2020-05-16T09:23:17.911+0000][15960][gc,mmu       ] GC(27) MMU target violated: 201.0ms (200.0ms/201.0ms)
[2020-05-16T09:23:17.911+0000][15960][gc,phases    ] GC(27)   Pre Evacuate Collection Set: 1.2ms
[2020-05-16T09:23:17.911+0000][15960][gc,phases    ] GC(27)   Merge Heap Roots: 5.1ms
[2020-05-16T09:23:17.911+0000][15960][gc,phases    ] GC(27)   Evacuate Collection Set: 247.1ms
[2020-05-16T09:23:17.911+0000][15960][gc,phases    ] GC(27)   Post Evacuate Collection Set: 20.0ms
[2020-05-16T09:23:17.911+0000][15960][gc,phases    ] GC(27)   Other: 17.3ms
[2020-05-16T09:23:17.911+0000][15960][gc,heap      ] GC(27) Eden regions: 611->0(611)
[2020-05-16T09:23:17.911+0000][15960][gc,heap      ] GC(27) Survivor regions: 3->3(77)
[2020-05-16T09:23:17.911+0000][15960][gc,heap      ] GC(27) Old regions: 69->69
[2020-05-16T09:23:17.911+0000][15960][gc,heap      ] GC(27) Archive regions: 0->0
[2020-05-16T09:23:17.911+0000][15960][gc,heap      ] GC(27) Humongous regions: 7->7
[2020-05-16T09:23:17.912+0000][15960][gc,metaspace ] GC(27) Metaspace: 97397K(105124K)->97397K(105124K) NonClass: 84597K(89176K)->84597K(89176K) Class: 12799K(15948K)->12799K(15948K)
[2020-05-16T09:23:17.912+0000][15960][gc           ] GC(27) Pause Young (Normal) (G1 Evacuation Pause) 689M->78M(1024M) 290.871ms
[2020-05-16T09:23:17.912+0000][15960][gc,cpu       ] GC(27) User=0.09s Sys=0.05s Real=0.29s
[2020-05-16T09:23:17.912+0000][15960][safepoint    ] Safepoint "G1CollectForAllocation", Time since last: 808913248 ns, Reaching safepoint: 37205779 ns, At safepoint: 291190590 ns, Total: 328396369 ns
[2020-05-16T09:23:19.304+0000][15960][safepoint    ] Safepoint "Cleanup", Time since last: 1391452572 ns, Reaching safepoint: 158609 ns, At safepoint: 8348 ns, Total: 166957 ns
[2020-05-16T09:23:20.304+0000][15960][safepoint    ] Safepoint "Cleanup", Time since last: 1000028289 ns, Reaching safepoint: 129392 ns, At safepoint: 4637 ns, Total: 134029 ns
[2020-05-16T09:23:21.304+0000][15960][safepoint    ] Safepoint "Cleanup", Time since last: 1000153508 ns, Reaching safepoint: 136347 ns, At safepoint: 6029 ns, Total: 142376 ns
[2020-05-16T09:23:23.305+0000][15960][safepoint    ] Safepoint "Cleanup", Time since last: 2000870493 ns, Reaching safepoint: 155826 ns, At safepoint: 9739 ns, Total: 165565 ns
[2020-05-16T09:23:25.306+0000][15960][safepoint    ] Safepoint "Cleanup", Time since last: 2000665970 ns, Reaching safepoint: 140522 ns, At safepoint: 9739 ns, Total: 150261 ns
[2020-05-16T09:23:26.307+0000][15960][safepoint    ] Safepoint "Cleanup", Time since last: 1000545855 ns, Reaching safepoint: 149333 ns, At safepoint: 6029 ns, Total: 155362 ns
[2020-05-16T09:23:28.307+0000][15960][safepoint    ] Safepoint "Cleanup", Time since last: 2000253681 ns, Reaching safepoint: 138667 ns, At safepoint: 5565 ns, Total: 144232 ns
[2020-05-16T09:23:29.308+0000][15960][safepoint    ] Safepoint "Cleanup", Time since last: 1000222609 ns, Reaching safepoint: 135884 ns, At safepoint: 5565 ns, Total: 141449 ns
[2020-05-16T09:23:31.308+0000][15960][safepoint    ] Safepoint "Cleanup", Time since last: 2000345507 ns, Reaching safepoint: 136348 ns, At safepoint: 6029 ns, Total: 142377 ns
[2020-05-16T09:23:32.309+0000][15960][safepoint    ] Safepoint "Cleanup", Time since last: 1000383072 ns, Reaching safepoint: 134957 ns, At safepoint: 5101 ns, Total: 140058 ns
[2020-05-16T09:23:34.309+0000][15960][safepoint    ] Safepoint "Cleanup", Time since last: 2000390493 ns, Reaching safepoint: 137739 ns, At safepoint: 5565 ns, Total: 143304 ns
[2020-05-16T09:23:35.310+0000][15960][safepoint    ] Safepoint "Cleanup", Time since last: 1000763826 ns, Reaching safepoint: 80231 ns, At safepoint: 3711 ns, Total: 83942 ns
[2020-05-16T09:23:36.311+0000][15960][safepoint    ] Safepoint "Cleanup", Time since last: 1000705854 ns, Reaching safepoint: 112696 ns, At safepoint: 4638 ns, Total: 117334 ns
[2020-05-16T09:23:38.311+0000][15960][safepoint    ] Safepoint "Cleanup", Time since last: 2000472115 ns, Reaching safepoint: 144696 ns, At safepoint: 6029 ns, Total: 150725 ns
[2020-05-16T09:23:40.313+0000][15960][safepoint    ] Safepoint "Cleanup", Time since last: 2000838956 ns, Reaching safepoint: 165565 ns, At safepoint: 6493 ns, Total: 172058 ns
[2020-05-16T09:23:41.313+0000][15960][safepoint    ] Safepoint "Cleanup", Time since last: 1000545855 ns, Reaching safepoint: 153971 ns, At safepoint: 6029 ns, Total: 160000 ns
[2020-05-16T09:23:42.314+0000][15960][safepoint    ] Safepoint "Cleanup", Time since last: 1000329739 ns, Reaching safepoint: 130782 ns, At safepoint: 5102 ns, Total: 135884 ns
[2020-05-16T09:23:43.315+0000][15960][safepoint    ] Safepoint "Cleanup", Time since last: 1000896927 ns, Reaching safepoint: 135884 ns, At safepoint: 6029 ns, Total: 141913 ns
[2020-05-16T09:23:45.316+0000][15960][safepoint    ] Safepoint "Cleanup", Time since last: 2000705854 ns, Reaching safepoint: 138203 ns, At safepoint: 5566 ns, Total: 143769 ns
[2020-05-16T09:23:46.316+0000][15960][safepoint    ] Safepoint "Cleanup", Time since last: 1000521738 ns, Reaching safepoint: 140522 ns, At safepoint: 4638 ns, Total: 145160 ns
[2020-05-16T09:23:47.317+0000][15960][safepoint    ] Safepoint "Cleanup", Time since last: 1000480927 ns, Reaching safepoint: 147015 ns, At safepoint: 6029 ns, Total: 153044 ns
[2020-05-16T09:23:48.317+0000][15960][safepoint    ] Safepoint "Cleanup", Time since last: 1000057507 ns, Reaching safepoint: 99246 ns, At safepoint: 3246 ns, Total: 102492 ns
[2020-05-16T09:23:49.392+0000][15960][safepoint    ] Safepoint "Cleanup", Time since last: 1075282980 ns, Reaching safepoint: 147014 ns, At safepoint: 5566 ns, Total: 152580 ns
[2020-05-16T09:23:50.393+0000][15960][safepoint    ] Safepoint "Cleanup", Time since last: 1000340405 ns, Reaching safepoint: 139131 ns, At safepoint: 5565 ns, Total: 144696 ns
[2020-05-16T09:23:52.393+0000][15960][safepoint    ] Safepoint "Cleanup", Time since last: 2000098319 ns, Reaching safepoint: 155362 ns, At safepoint: 5565 ns, Total: 160927 ns
[2020-05-16T09:23:54.393+0000][15960][safepoint    ] Safepoint "Cleanup", Time since last: 1999988870 ns, Reaching safepoint: 133565 ns, At safepoint: 8348 ns, Total: 141913 ns
[2020-05-16T09:23:56.394+0000][15960][safepoint    ] Safepoint "Cleanup", Time since last: 2000802782 ns, Reaching safepoint: 117333 ns, At safepoint: 5102 ns, Total: 122435 ns
[2020-05-16T09:23:58.395+0000][15960][safepoint    ] Safepoint "Cleanup", Time since last: 2000969275 ns, Reaching safepoint: 338086 ns, At safepoint: 8812 ns, Total: 346898 ns
[2020-05-16T09:24:00.396+0000][15960][safepoint    ] Safepoint "Cleanup", Time since last: 2000665971 ns, Reaching safepoint: 92289 ns, At safepoint: 17160 ns, Total: 109449 ns
[2020-05-16T09:24:01.397+0000][15960][safepoint    ] Safepoint "Cleanup", Time since last: 1000696579 ns, Reaching safepoint: 146087 ns, At safepoint: 5565 ns, Total: 151652 ns
[2020-05-16T09:24:03.398+0000][15960][safepoint    ] Safepoint "Cleanup", Time since last: 2000698435 ns, Reaching safepoint: 146550 ns, At safepoint: 6029 ns, Total: 152579 ns
[2020-05-16T09:24:04.399+0000][15960][safepoint    ] Safepoint "Cleanup", Time since last: 1000497623 ns, Reaching safepoint: 159537 ns, At safepoint: 6029 ns, Total: 165566 ns
[2020-05-16T09:24:06.399+0000][15960][safepoint    ] Safepoint "Cleanup", Time since last: 2000225391 ns, Reaching safepoint: 147478 ns, At safepoint: 5565 ns, Total: 153043 ns
[2020-05-16T09:24:08.400+0000][15960][safepoint    ] Safepoint "Cleanup", Time since last: 2000558377 ns, Reaching safepoint: 154434 ns, At safepoint: 9276 ns, Total: 163710 ns
[2020-05-16T09:24:09.400+0000][15960][safepoint    ] Safepoint "Cleanup", Time since last: 1000207768 ns, Reaching safepoint: 132637 ns, At safepoint: 6029 ns, Total: 138666 ns
[2020-05-16T09:24:11.400+0000][15960][safepoint    ] Safepoint "Cleanup", Time since last: 1999984232 ns, Reaching safepoint: 143768 ns, At safepoint: 7884 ns, Total: 151652 ns
[2020-05-16T09:24:12.401+0000][15960][safepoint    ] Safepoint "Cleanup", Time since last: 1000805565 ns, Reaching safepoint: 186899 ns, At safepoint: 2782 ns, Total: 189681 ns
[2020-05-16T09:24:14.402+0000][15960][safepoint    ] Safepoint "Cleanup", Time since last: 2000925681 ns, Reaching safepoint: 128928 ns, At safepoint: 6029 ns, Total: 134957 ns
[2020-05-16T09:24:15.403+0000][15960][safepoint    ] Safepoint "Cleanup", Time since last: 1000544463 ns, Reaching safepoint: 126609 ns, At safepoint: 7420 ns, Total: 134029 ns
[2020-05-16T09:24:17.403+0000][15960][safepoint    ] Safepoint "Cleanup", Time since last: 2000042667 ns, Reaching safepoint: 133101 ns, At safepoint: 5565 ns, Total: 138666 ns
[2020-05-16T09:24:18.403+0000][15960][safepoint    ] Safepoint "Cleanup", Time since last: 1000080232 ns, Reaching safepoint: 86261 ns, At safepoint: 2782 ns, Total: 89043 ns
[2020-05-16T09:24:19.404+0000][15960][safepoint    ] Safepoint "Cleanup", Time since last: 1000365913 ns, Reaching safepoint: 98319 ns, At safepoint: 2783 ns, Total: 101102 ns
[2020-05-16T09:24:20.404+0000][15960][safepoint    ] Safepoint "Cleanup", Time since last: 1000437333 ns, Reaching safepoint: 118261 ns, At safepoint: 6492 ns, Total: 124753 ns
[2020-05-16T09:24:21.405+0000][15960][safepoint    ] Safepoint "Cleanup", Time since last: 1000805565 ns, Reaching safepoint: 128464 ns, At safepoint: 6029 ns, Total: 134493 ns
[2020-05-16T09:24:23.405+0000][15960][safepoint    ] Safepoint "Cleanup", Time since last: 1999966145 ns, Reaching safepoint: 129855 ns, At safepoint: 5565 ns, Total: 135420 ns
[2020-05-16T09:24:25.407+0000][15960][safepoint    ] Safepoint "Cleanup", Time since last: 2000908521 ns, Reaching safepoint: 121044 ns, At safepoint: 5101 ns, Total: 126145 ns
[2020-05-16T09:24:26.407+0000][15960][safepoint    ] Safepoint "Cleanup", Time since last: 1000601971 ns, Reaching safepoint: 242087 ns, At safepoint: 7884 ns, Total: 249971 ns
[2020-05-16T09:24:27.408+0000][15960][safepoint    ] Safepoint "Cleanup", Time since last: 1000122435 ns, Reaching safepoint: 141913 ns, At safepoint: 5565 ns, Total: 147478 ns
[2020-05-16T09:24:29.409+0000][15960][safepoint    ] Safepoint "Cleanup", Time since last: 2000914086 ns, Reaching safepoint: 164638 ns, At safepoint: 4638 ns, Total: 169276 ns
[2020-05-16T09:24:31.409+0000][15960][safepoint    ] Safepoint "Cleanup", Time since last: 2000115014 ns, Reaching safepoint: 141449 ns, At safepoint: 8348 ns, Total: 149797 ns
[2020-05-16T09:24:32.409+0000][15960][safepoint    ] Safepoint "Cleanup", Time since last: 1000374725 ns, Reaching safepoint: 124289 ns, At safepoint: 6029 ns, Total: 130318 ns
[2020-05-16T09:24:33.410+0000][15960][safepoint    ] Safepoint "Cleanup", Time since last: 1000669218 ns, Reaching safepoint: 119188 ns, At safepoint: 6029 ns, Total: 125217 ns
[2020-05-16T09:24:34.411+0000][15960][safepoint    ] Safepoint "Cleanup", Time since last: 1000608000 ns, Reaching safepoint: 243941 ns, At safepoint: 9740 ns, Total: 253681 ns
[2020-05-16T09:24:36.412+0000][15960][safepoint    ] Safepoint "Cleanup", Time since last: 2000380289 ns, Reaching safepoint: 142841 ns, At safepoint: 5565 ns, Total: 148406 ns
[2020-05-16T09:24:37.412+0000][15960][safepoint    ] Safepoint "Cleanup", Time since last: 1000380753 ns, Reaching safepoint: 113624 ns, At safepoint: 5101 ns, Total: 118725 ns
[2020-05-16T09:24:38.413+0000][15960][safepoint    ] Safepoint "Cleanup", Time since last: 1000391884 ns, Reaching safepoint: 143768 ns, At safepoint: 6029 ns, Total: 149797 ns
[2020-05-16T09:24:40.413+0000][15960][safepoint    ] Safepoint "Cleanup", Time since last: 2000423884 ns, Reaching safepoint: 135420 ns, At safepoint: 6029 ns, Total: 141449 ns
[2020-05-16T09:24:41.413+0000][15960][safepoint    ] Safepoint "Cleanup", Time since last: 1000051478 ns, Reaching safepoint: 124754 ns, At safepoint: 5565 ns, Total: 130319 ns
[2020-05-16T09:24:42.414+0000][15960][safepoint    ] Safepoint "Cleanup", Time since last: 1000401159 ns, Reaching safepoint: 123363 ns, At safepoint: 5565 ns, Total: 128928 ns
[2020-05-16T09:24:43.415+0000][15960][safepoint    ] Safepoint "Cleanup", Time since last: 1000368231 ns, Reaching safepoint: 129392 ns, At safepoint: 5101 ns, Total: 134493 ns
[2020-05-16T09:24:44.415+0000][15960][safepoint    ] Safepoint "Cleanup", Time since last: 1000703536 ns, Reaching safepoint: 130783 ns, At safepoint: 6492 ns, Total: 137275 ns
[2020-05-16T09:24:45.416+0000][15960][safepoint    ] Safepoint "Cleanup", Time since last: 1000210087 ns, Reaching safepoint: 149333 ns, At safepoint: 7421 ns, Total: 156754 ns
[2020-05-16T09:24:46.416+0000][15960][safepoint    ] Safepoint "Cleanup", Time since last: 1000136811 ns, Reaching safepoint: 126145 ns, At safepoint: 6493 ns, Total: 132638 ns
[2020-05-16T09:24:47.417+0000][15960][safepoint    ] Safepoint "Cleanup", Time since last: 1000633507 ns, Reaching safepoint: 160464 ns, At safepoint: 9739 ns, Total: 170203 ns
[2020-05-16T09:24:49.418+0000][15960][safepoint    ] Safepoint "Cleanup", Time since last: 2000663188 ns, Reaching safepoint: 273623 ns, At safepoint: 13449 ns, Total: 287072 ns
[2020-05-16T09:24:50.418+0000][15960][safepoint    ] Safepoint "Cleanup", Time since last: 1000227246 ns, Reaching safepoint: 129855 ns, At safepoint: 5566 ns, Total: 135421 ns
[2020-05-16T09:24:51.419+0000][15960][safepoint    ] Safepoint "Cleanup", Time since last: 1000868637 ns, Reaching safepoint: 135884 ns, At safepoint: 6029 ns, Total: 141913 ns
[2020-05-16T09:24:53.077+0000][15960][safepoint    ] Safepoint "Cleanup", Time since last: 1657339985 ns, Reaching safepoint: 119652 ns, At safepoint: 5565 ns, Total: 125217 ns
[2020-05-16T09:24:55.077+0000][15960][safepoint    ] Safepoint "Cleanup", Time since last: 2000216580 ns, Reaching safepoint: 127536 ns, At safepoint: 5565 ns, Total: 133101 ns
[2020-05-16T09:24:56.078+0000][15960][safepoint    ] Safepoint "Cleanup", Time since last: 1000780522 ns, Reaching safepoint: 134492 ns, At safepoint: 7421 ns, Total: 141913 ns
[2020-05-16T09:24:57.079+0000][15960][safepoint    ] Safepoint "Cleanup", Time since last: 1000648811 ns, Reaching safepoint: 152116 ns, At safepoint: 9739 ns, Total: 161855 ns
[2020-05-16T09:24:59.079+0000][15960][safepoint    ] Safepoint "Cleanup", Time since last: 2000323710 ns, Reaching safepoint: 144232 ns, At safepoint: 6029 ns, Total: 150261 ns
[2020-05-16T09:25:00.079+0000][15960][safepoint    ] Safepoint "Cleanup", Time since last: 1000220289 ns, Reaching safepoint: 117334 ns, At safepoint: 5101 ns, Total: 122435 ns
[2020-05-16T09:25:01.080+0000][15960][safepoint    ] Safepoint "Cleanup", Time since last: 1000095536 ns, Reaching safepoint: 146087 ns, At safepoint: 6957 ns, Total: 153044 ns
[2020-05-16T09:25:02.081+0000][15960][safepoint    ] Safepoint "Cleanup", Time since last: 1000796289 ns, Reaching safepoint: 144232 ns, At safepoint: 6029 ns, Total: 150261 ns
[2020-05-16T09:25:04.081+0000][15960][safepoint    ] Safepoint "Cleanup", Time since last: 2000240232 ns, Reaching safepoint: 139130 ns, At safepoint: 5565 ns, Total: 144695 ns
[2020-05-16T09:25:06.082+0000][15960][safepoint    ] Safepoint "Cleanup", Time since last: 2000943304 ns, Reaching safepoint: 140986 ns, At safepoint: 5565 ns, Total: 146551 ns
[2020-05-16T09:25:08.082+0000][15960][safepoint    ] Safepoint "Cleanup", Time since last: 2000126609 ns, Reaching safepoint: 136811 ns, At safepoint: 6029 ns, Total: 142840 ns
[2020-05-16T09:25:09.083+0000][15960][safepoint    ] Safepoint "Cleanup", Time since last: 1000070957 ns, Reaching safepoint: 132637 ns, At safepoint: 7884 ns, Total: 140521 ns
[2020-05-16T09:25:10.083+0000][15960][safepoint    ] Safepoint "Cleanup", Time since last: 1000134493 ns, Reaching safepoint: 141449 ns, At safepoint: 19942 ns, Total: 161391 ns
[2020-05-16T09:25:11.083+0000][15960][safepoint    ] Safepoint "Cleanup", Time since last: 1000385855 ns, Reaching safepoint: 137275 ns, At safepoint: 8348 ns, Total: 145623 ns
[2020-05-16T09:25:13.084+0000][15960][safepoint    ] Safepoint "Cleanup", Time since last: 2000492985 ns, Reaching safepoint: 128464 ns, At safepoint: 5565 ns, Total: 134029 ns
[2020-05-16T09:25:14.084+0000][15960][safepoint    ] Safepoint "Cleanup", Time since last: 1000307479 ns, Reaching safepoint: 127999 ns, At safepoint: 5566 ns, Total: 133565 ns
[2020-05-16T09:25:15.085+0000][15960][safepoint    ] Safepoint "Cleanup", Time since last: 1000230492 ns, Reaching safepoint: 142377 ns, At safepoint: 5101 ns, Total: 147478 ns
[2020-05-16T09:25:16.086+0000][15960][safepoint    ] Safepoint "Cleanup", Time since last: 1000653449 ns, Reaching safepoint: 133102 ns, At safepoint: 5565 ns, Total: 138667 ns
[2020-05-16T09:25:17.087+0000][15960][safepoint    ] Safepoint "Cleanup", Time since last: 1000791652 ns, Reaching safepoint: 89971 ns, At safepoint: 4174 ns, Total: 94145 ns
[2020-05-16T09:25:18.087+0000][15960][safepoint    ] Safepoint "Cleanup", Time since last: 1000725797 ns, Reaching safepoint: 137739 ns, At safepoint: 5101 ns, Total: 142840 ns
[2020-05-16T09:25:19.088+0000][15960][safepoint    ] Safepoint "Cleanup", Time since last: 1000288464 ns, Reaching safepoint: 120579 ns, At safepoint: 4638 ns, Total: 125217 ns
[2020-05-16T09:25:21.088+0000][15960][safepoint    ] Safepoint "Cleanup", Time since last: 2000141449 ns, Reaching safepoint: 127536 ns, At safepoint: 5566 ns, Total: 133102 ns
[2020-05-16T09:25:22.089+0000][15960][safepoint    ] Safepoint "Cleanup", Time since last: 1000592231 ns, Reaching safepoint: 86725 ns, At safepoint: 5565 ns, Total: 92290 ns
[2020-05-16T09:25:23.089+0000][15960][safepoint    ] Safepoint "Cleanup", Time since last: 1000454029 ns, Reaching safepoint: 139130 ns, At safepoint: 7420 ns, Total: 146550 ns
[2020-05-16T09:25:24.090+0000][15960][safepoint    ] Safepoint "Cleanup", Time since last: 1000781913 ns, Reaching safepoint: 184116 ns, At safepoint: 9739 ns, Total: 193855 ns
[2020-05-16T09:25:26.090+0000][15960][safepoint    ] Safepoint "Cleanup", Time since last: 1999998609 ns, Reaching safepoint: 297275 ns, At safepoint: 10203 ns, Total: 307478 ns
[2020-05-16T09:25:27.091+0000][15960][safepoint    ] Safepoint "Cleanup", Time since last: 1000122898 ns, Reaching safepoint: 145624 ns, At safepoint: 5565 ns, Total: 151189 ns
[2020-05-16T09:25:29.091+0000][15960][safepoint    ] Safepoint "Cleanup", Time since last: 2000169275 ns, Reaching safepoint: 169739 ns, At safepoint: 6029 ns, Total: 175768 ns
[2020-05-16T09:25:30.092+0000][15960][safepoint    ] Safepoint "Cleanup", Time since last: 1000298667 ns, Reaching safepoint: 139130 ns, At safepoint: 5565 ns, Total: 144695 ns
[2020-05-16T09:25:31.092+0000][15960][safepoint    ] Safepoint "Cleanup", Time since last: 1000570898 ns, Reaching safepoint: 111769 ns, At safepoint: 5101 ns, Total: 116870 ns
[2020-05-16T09:25:32.093+0000][15960][safepoint    ] Safepoint "Cleanup", Time since last: 1000574608 ns, Reaching safepoint: 132174 ns, At safepoint: 5102 ns, Total: 137276 ns
[2020-05-16T09:25:33.094+0000][15960][safepoint    ] Safepoint "Cleanup", Time since last: 1000316289 ns, Reaching safepoint: 96464 ns, At safepoint: 3247 ns, Total: 99711 ns
[2020-05-16T09:25:34.094+0000][15960][safepoint    ] Safepoint "Cleanup", Time since last: 1000645101 ns, Reaching safepoint: 109449 ns, At safepoint: 5565 ns, Total: 115014 ns
[2020-05-16T09:25:35.095+0000][15960][safepoint    ] Safepoint "Cleanup", Time since last: 1000642782 ns, Reaching safepoint: 126145 ns, At safepoint: 5566 ns, Total: 131711 ns
[2020-05-16T09:25:36.096+0000][15960][safepoint    ] Safepoint "Cleanup", Time since last: 1000658550 ns, Reaching safepoint: 126609 ns, At safepoint: 5101 ns, Total: 131710 ns
[2020-05-16T09:25:37.190+0000][15960][safepoint    ] Safepoint "Cleanup", Time since last: 1000192464 ns, Reaching safepoint: 93588826 ns, At safepoint: 26898 ns, Total: 93615724 ns
[2020-05-16T09:25:38.267+0000][15960][safepoint    ] Safepoint "Cleanup", Time since last: 1077047153 ns, Reaching safepoint: 149797 ns, At safepoint: 8812 ns, Total: 158609 ns
[2020-05-16T09:25:40.267+0000][15960][safepoint    ] Safepoint "Cleanup", Time since last: 2000326956 ns, Reaching safepoint: 141449 ns, At safepoint: 8812 ns, Total: 150261 ns
[2020-05-16T09:25:42.268+0000][15960][safepoint    ] Safepoint "Cleanup", Time since last: 2000630260 ns, Reaching safepoint: 90435 ns, At safepoint: 4174 ns, Total: 94609 ns
[2020-05-16T09:25:43.268+0000][15960][safepoint    ] Safepoint "Cleanup", Time since last: 1000041275 ns, Reaching safepoint: 120580 ns, At safepoint: 4174 ns, Total: 124754 ns
[2020-05-16T09:25:44.269+0000][15960][safepoint    ] Safepoint "Cleanup", Time since last: 1000454493 ns, Reaching safepoint: 164173 ns, At safepoint: 6493 ns, Total: 170666 ns
[2020-05-16T09:25:45.270+0000][15960][safepoint    ] Safepoint "Cleanup", Time since last: 1000479536 ns, Reaching safepoint: 171130 ns, At safepoint: 56116 ns, Total: 227246 ns
[2020-05-16T09:25:46.270+0000][15960][safepoint    ] Safepoint "Cleanup", Time since last: 1000197566 ns, Reaching safepoint: 153043 ns, At safepoint: 6493 ns, Total: 159536 ns
[2020-05-16T09:25:47.270+0000][15960][safepoint    ] Safepoint "Cleanup", Time since last: 1000177159 ns, Reaching safepoint: 120116 ns, At safepoint: 4638 ns, Total: 124754 ns
[2020-05-16T09:25:49.270+0000][15960][safepoint    ] Safepoint "Cleanup", Time since last: 2000040811 ns, Reaching safepoint: 148406 ns, At safepoint: 8811 ns, Total: 157217 ns
[2020-05-16T09:25:50.271+0000][15960][safepoint    ] Safepoint "Cleanup", Time since last: 1000331131 ns, Reaching safepoint: 133101 ns, At safepoint: 6029 ns, Total: 139130 ns
[2020-05-16T09:25:51.271+0000][15960][safepoint    ] Safepoint "Cleanup", Time since last: 1000329275 ns, Reaching safepoint: 136348 ns, At safepoint: 6493 ns, Total: 142841 ns
[2020-05-16T09:25:52.299+0000][15960][safepoint    ] Safepoint "Cleanup", Time since last: 1027407291 ns, Reaching safepoint: 132638 ns, At safepoint: 7420 ns, Total: 140058 ns
[2020-05-16T09:25:53.299+0000][15960][safepoint    ] Safepoint "Cleanup", Time since last: 1000148406 ns, Reaching safepoint: 150261 ns, At safepoint: 7884 ns, Total: 158145 ns
[2020-05-16T09:25:54.300+0000][15960][safepoint    ] Safepoint "Cleanup", Time since last: 1000735072 ns, Reaching safepoint: 122435 ns, At safepoint: 7420 ns, Total: 129855 ns
[2020-05-16T09:25:55.495+0000][15960][safepoint    ] Safepoint "Cleanup", Time since last: 1004200346 ns, Reaching safepoint: 190361883 ns, At safepoint: 117797 ns, Total: 190479680 ns
[2020-05-16T09:25:56.584+0000][15960][safepoint    ] Safepoint "Cleanup", Time since last: 1028604276 ns, Reaching safepoint: 61003566 ns, At safepoint: 60290 ns, Total: 61063856 ns
[2020-05-16T09:25:58.585+0000][15960][safepoint    ] Safepoint "Cleanup", Time since last: 2000508290 ns, Reaching safepoint: 367768 ns, At safepoint: 39420 ns, Total: 407188 ns
[2020-05-16T09:25:59.586+0000][15960][safepoint    ] Safepoint "Cleanup", Time since last: 1000070493 ns, Reaching safepoint: 122434 ns, At safepoint: 5566 ns, Total: 128000 ns
[2020-05-16T09:26:01.586+0000][15960][safepoint    ] Safepoint "Cleanup", Time since last: 1999898434 ns, Reaching safepoint: 109913 ns, At safepoint: 5102 ns, Total: 115015 ns
[2020-05-16T09:26:02.586+0000][15960][safepoint    ] Safepoint "Cleanup", Time since last: 1000547710 ns, Reaching safepoint: 113159 ns, At safepoint: 4638 ns, Total: 117797 ns
[2020-05-16T09:26:03.587+0000][15960][safepoint    ] Safepoint "Cleanup", Time since last: 1000673391 ns, Reaching safepoint: 136811 ns, At safepoint: 5566 ns, Total: 142377 ns
[2020-05-16T09:26:05.588+0000][15960][safepoint    ] Safepoint "Cleanup", Time since last: 2000535651 ns, Reaching safepoint: 147479 ns, At safepoint: 7884 ns, Total: 155363 ns
[2020-05-16T09:26:06.588+0000][15960][safepoint    ] Safepoint "Cleanup", Time since last: 1000287072 ns, Reaching safepoint: 140985 ns, At safepoint: 6029 ns, Total: 147014 ns
[2020-05-16T09:26:08.589+0000][15960][safepoint    ] Safepoint "Cleanup", Time since last: 2000325102 ns, Reaching safepoint: 173913 ns, At safepoint: 7420 ns, Total: 181333 ns
[2020-05-16T09:26:09.590+0000][15960][safepoint    ] Safepoint "Cleanup", Time since last: 1000743420 ns, Reaching safepoint: 125217 ns, At safepoint: 6029 ns, Total: 131246 ns
[2020-05-16T09:26:11.590+0000][15960][safepoint    ] Safepoint "Cleanup", Time since last: 2000625623 ns, Reaching safepoint: 141913 ns, At safepoint: 6493 ns, Total: 148406 ns
[2020-05-16T09:26:12.591+0000][15960][safepoint    ] Safepoint "Cleanup", Time since last: 1000391420 ns, Reaching safepoint: 134029 ns, At safepoint: 6029 ns, Total: 140058 ns
[2020-05-16T09:26:14.592+0000][15960][safepoint    ] Safepoint "Cleanup", Time since last: 2000842666 ns, Reaching safepoint: 134957 ns, At safepoint: 7884 ns, Total: 142841 ns
[2020-05-16T09:26:15.592+0000][15960][safepoint    ] Safepoint "Cleanup", Time since last: 1000019014 ns, Reaching safepoint: 116406 ns, At safepoint: 4638 ns, Total: 121044 ns
[2020-05-16T09:26:17.593+0000][15960][safepoint    ] Safepoint "Cleanup", Time since last: 2000378898 ns, Reaching safepoint: 116870 ns, At safepoint: 2782 ns, Total: 119652 ns
[2020-05-16T09:26:18.593+0000][15960][safepoint    ] Safepoint "Cleanup", Time since last: 1000177159 ns, Reaching safepoint: 131711 ns, At safepoint: 7884 ns, Total: 139595 ns
[2020-05-16T09:26:19.593+0000][15960][safepoint    ] Safepoint "Cleanup", Time since last: 1000362666 ns, Reaching safepoint: 140522 ns, At safepoint: 9275 ns, Total: 149797 ns
[2020-05-16T09:26:20.594+0000][15960][safepoint    ] Safepoint "Cleanup", Time since last: 1000070029 ns, Reaching safepoint: 78377 ns, At safepoint: 3710 ns, Total: 82087 ns
[2020-05-16T09:26:21.595+0000][15960][safepoint    ] Safepoint "Cleanup", Time since last: 1000892753 ns, Reaching safepoint: 120116 ns, At safepoint: 7884 ns, Total: 128000 ns
[2020-05-16T09:26:22.595+0000][15960][safepoint    ] Safepoint "Cleanup", Time since last: 1000446609 ns, Reaching safepoint: 122434 ns, At safepoint: 4174 ns, Total: 126608 ns
[2020-05-16T09:26:23.596+0000][15960][safepoint    ] Safepoint "Cleanup", Time since last: 1000771246 ns, Reaching safepoint: 73739 ns, At safepoint: 2783 ns, Total: 76522 ns
[2020-05-16T09:26:24.804+0000][15960][safepoint    ] Safepoint "Cleanup", Time since last: 1208012889 ns, Reaching safepoint: 82551 ns, At safepoint: 2782 ns, Total: 85333 ns
[2020-05-16T09:26:25.804+0000][15960][safepoint    ] Safepoint "Cleanup", Time since last: 1000028290 ns, Reaching safepoint: 138203 ns, At safepoint: 5565 ns, Total: 143768 ns
[2020-05-16T09:26:26.805+0000][15960][safepoint    ] Safepoint "Cleanup", Time since last: 1000187826 ns, Reaching safepoint: 118725 ns, At safepoint: 6029 ns, Total: 124754 ns
[2020-05-16T09:26:28.805+0000][15960][safepoint    ] Safepoint "Cleanup", Time since last: 2000353855 ns, Reaching safepoint: 131710 ns, At safepoint: 5565 ns, Total: 137275 ns
[2020-05-16T09:26:30.805+0000][15960][safepoint    ] Safepoint "Cleanup", Time since last: 1999947594 ns, Reaching safepoint: 137276 ns, At safepoint: 5565 ns, Total: 142841 ns
[2020-05-16T09:26:32.806+0000][15960][safepoint    ] Safepoint "Cleanup", Time since last: 2000531014 ns, Reaching safepoint: 134956 ns, At safepoint: 6029 ns, Total: 140985 ns
[2020-05-16T09:26:33.806+0000][15960][safepoint    ] Safepoint "Cleanup", Time since last: 1000149797 ns, Reaching safepoint: 153971 ns, At safepoint: 6493 ns, Total: 160464 ns
[2020-05-16T09:26:35.806+0000][15960][safepoint    ] Safepoint "Cleanup", Time since last: 1999954551 ns, Reaching safepoint: 132174 ns, At safepoint: 8811 ns, Total: 140985 ns
[2020-05-16T09:26:36.807+0000][15960][safepoint    ] Safepoint "Cleanup", Time since last: 1000506435 ns, Reaching safepoint: 137275 ns, At safepoint: 5565 ns, Total: 142840 ns
[2020-05-16T09:26:37.808+0000][15960][safepoint    ] Safepoint "Cleanup", Time since last: 1000842203 ns, Reaching safepoint: 119652 ns, At safepoint: 40812 ns, Total: 160464 ns
[2020-05-16T09:26:38.813+0000][15960][safepoint    ] Safepoint "Cleanup", Time since last: 1005131128 ns, Reaching safepoint: 108058 ns, At safepoint: 4173 ns, Total: 112231 ns
[2020-05-16T09:26:40.813+0000][15960][safepoint    ] Safepoint "Cleanup", Time since last: 2000044058 ns, Reaching safepoint: 132638 ns, At safepoint: 5565 ns, Total: 138203 ns
[2020-05-16T09:26:41.814+0000][15960][safepoint    ] Safepoint "Cleanup", Time since last: 1000860290 ns, Reaching safepoint: 134029 ns, At safepoint: 6492 ns, Total: 140521 ns
[2020-05-16T09:26:42.815+0000][15960][safepoint    ] Safepoint "Cleanup", Time since last: 1000539362 ns, Reaching safepoint: 138203 ns, At safepoint: 5566 ns, Total: 143769 ns
[2020-05-16T09:26:43.815+0000][15960][safepoint    ] Safepoint "Cleanup", Time since last: 1000293565 ns, Reaching safepoint: 123362 ns, At safepoint: 5565 ns, Total: 128927 ns
[2020-05-16T09:26:44.816+0000][15960][safepoint    ] Safepoint "Cleanup", Time since last: 1000449391 ns, Reaching safepoint: 148406 ns, At safepoint: 6029 ns, Total: 154435 ns
[2020-05-16T09:26:45.817+0000][15960][safepoint    ] Safepoint "Cleanup", Time since last: 1000801855 ns, Reaching safepoint: 137739 ns, At safepoint: 6492 ns, Total: 144231 ns
[2020-05-16T09:26:47.817+0000][15960][safepoint    ] Safepoint "Cleanup", Time since last: 1999959189 ns, Reaching safepoint: 134493 ns, At safepoint: 6028 ns, Total: 140521 ns
[2020-05-16T09:26:49.817+0000][15960][safepoint    ] Safepoint "Cleanup", Time since last: 2000019479 ns, Reaching safepoint: 137275 ns, At safepoint: 5101 ns, Total: 142376 ns
[2020-05-16T09:26:51.817+0000][15960][safepoint    ] Safepoint "Cleanup", Time since last: 2000173450 ns, Reaching safepoint: 85333 ns, At safepoint: 4638 ns, Total: 89971 ns
[2020-05-16T09:26:52.818+0000][15960][safepoint    ] Safepoint "Cleanup", Time since last: 1000634898 ns, Reaching safepoint: 108522 ns, At safepoint: 3710 ns, Total: 112232 ns
[2020-05-16T09:26:53.819+0000][15960][safepoint    ] Safepoint "Cleanup", Time since last: 1000864927 ns, Reaching safepoint: 99710 ns, At safepoint: 6493 ns, Total: 106203 ns
[2020-05-16T09:26:54.819+0000][15960][safepoint    ] Safepoint "Cleanup", Time since last: 1000177623 ns, Reaching safepoint: 134493 ns, At safepoint: 8347 ns, Total: 142840 ns
[2020-05-16T09:26:56.820+0000][15960][safepoint    ] Safepoint "Cleanup", Time since last: 2000068174 ns, Reaching safepoint: 133565 ns, At safepoint: 6029 ns, Total: 139594 ns
[2020-05-16T09:26:57.820+0000][15960][safepoint    ] Safepoint "Cleanup", Time since last: 1000598725 ns, Reaching safepoint: 128000 ns, At safepoint: 6492 ns, Total: 134492 ns
[2020-05-16T09:26:58.821+0000][15960][safepoint    ] Safepoint "Cleanup", Time since last: 1000518029 ns, Reaching safepoint: 134957 ns, At safepoint: 6492 ns, Total: 141449 ns
[2020-05-16T09:26:59.822+0000][15960][safepoint    ] Safepoint "Cleanup", Time since last: 1000844058 ns, Reaching safepoint: 125217 ns, At safepoint: 5102 ns, Total: 130319 ns
[2020-05-16T09:27:00.826+0000][15960][safepoint    ] Safepoint "Cleanup", Time since last: 1003540868 ns, Reaching safepoint: 132174 ns, At safepoint: 7884 ns, Total: 140058 ns
[2020-05-16T09:27:02.826+0000][15960][safepoint    ] Safepoint "Cleanup", Time since last: 2000412289 ns, Reaching safepoint: 145160 ns, At safepoint: 6029 ns, Total: 151189 ns
[2020-05-16T09:27:03.827+0000][15960][safepoint    ] Safepoint "Cleanup", Time since last: 1000473507 ns, Reaching safepoint: 146086 ns, At safepoint: 6493 ns, Total: 152579 ns
[2020-05-16T09:27:04.828+0000][15960][safepoint    ] Safepoint "Cleanup", Time since last: 1000719304 ns, Reaching safepoint: 146087 ns, At safepoint: 6029 ns, Total: 152116 ns
[2020-05-16T09:27:06.829+0000][15960][safepoint    ] Safepoint "Cleanup", Time since last: 2000918261 ns, Reaching safepoint: 134956 ns, At safepoint: 8348 ns, Total: 143304 ns
[2020-05-16T09:27:08.830+0000][15960][safepoint    ] Safepoint "Cleanup", Time since last: 2000895072 ns, Reaching safepoint: 128927 ns, At safepoint: 5566 ns, Total: 134493 ns
[2020-05-16T09:27:09.830+0000][15960][safepoint    ] Safepoint "Cleanup", Time since last: 1000513391 ns, Reaching safepoint: 135884 ns, At safepoint: 5101 ns, Total: 140985 ns
[2020-05-16T09:27:10.832+0000][15960][safepoint    ] Safepoint "Cleanup", Time since last: 1000936347 ns, Reaching safepoint: 125218 ns, At safepoint: 6029 ns, Total: 131247 ns
[2020-05-16T09:27:11.833+0000][15960][safepoint    ] Safepoint "Cleanup", Time since last: 1000755478 ns, Reaching safepoint: 117797 ns, At safepoint: 5101 ns, Total: 122898 ns
[2020-05-16T09:27:12.833+0000][15960][safepoint    ] Safepoint "Cleanup", Time since last: 1000754551 ns, Reaching safepoint: 120115 ns, At safepoint: 7421 ns, Total: 127536 ns
[2020-05-16T09:27:13.834+0000][15960][safepoint    ] Safepoint "Cleanup", Time since last: 1000354318 ns, Reaching safepoint: 140986 ns, At safepoint: 8348 ns, Total: 149334 ns
[2020-05-16T09:27:15.834+0000][15960][safepoint    ] Safepoint "Cleanup", Time since last: 2000009275 ns, Reaching safepoint: 144696 ns, At safepoint: 5565 ns, Total: 150261 ns
[2020-05-16T09:27:16.835+0000][15960][safepoint    ] Safepoint "Cleanup", Time since last: 1000781449 ns, Reaching safepoint: 143304 ns, At safepoint: 6029 ns, Total: 149333 ns
[2020-05-16T09:27:17.835+0000][15960][safepoint    ] Safepoint "Cleanup", Time since last: 1000255072 ns, Reaching safepoint: 128000 ns, At safepoint: 5102 ns, Total: 133102 ns
[2020-05-16T09:27:18.836+0000][15960][safepoint    ] Safepoint "Cleanup", Time since last: 1000601970 ns, Reaching safepoint: 146087 ns, At safepoint: 6493 ns, Total: 152580 ns
[2020-05-16T09:27:19.979+0000][15960][safepoint    ] Safepoint "Cleanup", Time since last: 1142846543 ns, Reaching safepoint: 136811 ns, At safepoint: 5565 ns, Total: 142376 ns
[2020-05-16T09:27:20.980+0000][15960][safepoint    ] Safepoint "Cleanup", Time since last: 1000615420 ns, Reaching safepoint: 124754 ns, At safepoint: 5565 ns, Total: 130319 ns
[2020-05-16T09:27:21.981+0000][15960][safepoint    ] Safepoint "Cleanup", Time since last: 1000701681 ns, Reaching safepoint: 134493 ns, At safepoint: 5565 ns, Total: 140058 ns
[2020-05-16T09:27:22.982+0000][15960][safepoint    ] Safepoint "Cleanup", Time since last: 1000852869 ns, Reaching safepoint: 128464 ns, At safepoint: 6029 ns, Total: 134493 ns
[2020-05-16T09:27:23.982+0000][15960][safepoint    ] Safepoint "Cleanup", Time since last: 1000358029 ns, Reaching safepoint: 134492 ns, At safepoint: 6493 ns, Total: 140985 ns
[2020-05-16T09:27:25.027+0000][15960][safepoint    ] Safepoint "Cleanup", Time since last: 1000476290 ns, Reaching safepoint: 44249023 ns, At safepoint: 66318 ns, Total: 44315341 ns
[2020-05-16T09:27:27.028+0000][15960][safepoint    ] Safepoint "Cleanup", Time since last: 2000592696 ns, Reaching safepoint: 78840 ns, At safepoint: 3710 ns, Total: 82550 ns
[2020-05-16T09:27:28.028+0000][15960][safepoint    ] Safepoint "Cleanup", Time since last: 1000673855 ns, Reaching safepoint: 168348 ns, At safepoint: 6493 ns, Total: 174841 ns
[2020-05-16T09:27:29.029+0000][15960][safepoint    ] Safepoint "Cleanup", Time since last: 1000744811 ns, Reaching safepoint: 139130 ns, At safepoint: 6029 ns, Total: 145159 ns
[2020-05-16T09:27:31.030+0000][15960][safepoint    ] Safepoint "Cleanup", Time since last: 2000034319 ns, Reaching safepoint: 136812 ns, At safepoint: 5565 ns, Total: 142377 ns
[2020-05-16T09:27:32.030+0000][15960][safepoint    ] Safepoint "Cleanup", Time since last: 1000484637 ns, Reaching safepoint: 129855 ns, At safepoint: 5102 ns, Total: 134957 ns
[2020-05-16T09:27:33.030+0000][15960][safepoint    ] Safepoint "Cleanup", Time since last: 1000096000 ns, Reaching safepoint: 134492 ns, At safepoint: 6029 ns, Total: 140521 ns
[2020-05-16T09:27:34.031+0000][15960][safepoint    ] Safepoint "Cleanup", Time since last: 1000289855 ns, Reaching safepoint: 139594 ns, At safepoint: 6493 ns, Total: 146087 ns
[2020-05-16T09:27:35.031+0000][15960][safepoint    ] Safepoint "Cleanup", Time since last: 1000368232 ns, Reaching safepoint: 135884 ns, At safepoint: 6029 ns, Total: 141913 ns
[2020-05-16T09:27:37.032+0000][15960][safepoint    ] Safepoint "Cleanup", Time since last: 2000724869 ns, Reaching safepoint: 118261 ns, At safepoint: 5101 ns, Total: 123362 ns
[2020-05-16T09:27:38.033+0000][15960][safepoint    ] Safepoint "Cleanup", Time since last: 1000714203 ns, Reaching safepoint: 109449 ns, At safepoint: 6957 ns, Total: 116406 ns
[2020-05-16T09:27:40.033+0000][15960][safepoint    ] Safepoint "Cleanup", Time since last: 2000341797 ns, Reaching safepoint: 138666 ns, At safepoint: 5565 ns, Total: 144231 ns
[2020-05-16T09:27:41.034+0000][15960][safepoint    ] Safepoint "Cleanup", Time since last: 1000142377 ns, Reaching safepoint: 96000 ns, At safepoint: 3247 ns, Total: 99247 ns
[2020-05-16T09:27:42.034+0000][15960][safepoint    ] Safepoint "Cleanup", Time since last: 1000370550 ns, Reaching safepoint: 125681 ns, At safepoint: 4638 ns, Total: 130319 ns
[2020-05-16T09:27:44.035+0000][15960][safepoint    ] Safepoint "Cleanup", Time since last: 2000294029 ns, Reaching safepoint: 128463 ns, At safepoint: 6493 ns, Total: 134956 ns
[2020-05-16T09:27:45.035+0000][15960][safepoint    ] Safepoint "Cleanup", Time since last: 1000615420 ns, Reaching safepoint: 127536 ns, At safepoint: 5102 ns, Total: 132638 ns
[2020-05-16T09:27:46.036+0000][15960][safepoint    ] Safepoint "Cleanup", Time since last: 1000448000 ns, Reaching safepoint: 117333 ns, At safepoint: 5565 ns, Total: 122898 ns
[2020-05-16T09:27:47.036+0000][15960][safepoint    ] Safepoint "Cleanup", Time since last: 1000304696 ns, Reaching safepoint: 147942 ns, At safepoint: 5101 ns, Total: 153043 ns
[2020-05-16T09:27:48.037+0000][15960][safepoint    ] Safepoint "Cleanup", Time since last: 1000706782 ns, Reaching safepoint: 130783 ns, At safepoint: 5101 ns, Total: 135884 ns
[2020-05-16T09:27:49.038+0000][15960][safepoint    ] Safepoint "Cleanup", Time since last: 1000316754 ns, Reaching safepoint: 147942 ns, At safepoint: 8811 ns, Total: 156753 ns
[2020-05-16T09:27:50.039+0000][15960][safepoint    ] Safepoint "Cleanup", Time since last: 1000861681 ns, Reaching safepoint: 136348 ns, At safepoint: 5101 ns, Total: 141449 ns
[2020-05-16T09:27:51.040+0000][15960][safepoint    ] Safepoint "Cleanup", Time since last: 1000895072 ns, Reaching safepoint: 137739 ns, At safepoint: 5102 ns, Total: 142841 ns
[2020-05-16T09:27:52.040+0000][15960][safepoint    ] Safepoint "Cleanup", Time since last: 1000328811 ns, Reaching safepoint: 130319 ns, At safepoint: 5565 ns, Total: 135884 ns
[2020-05-16T09:27:53.041+0000][15960][safepoint    ] Safepoint "Cleanup", Time since last: 1000484174 ns, Reaching safepoint: 119188 ns, At safepoint: 5102 ns, Total: 124290 ns
[2020-05-16T09:27:55.041+0000][15960][safepoint    ] Safepoint "Cleanup", Time since last: 2000018087 ns, Reaching safepoint: 135420 ns, At safepoint: 7420 ns, Total: 142840 ns
[2020-05-16T09:27:57.042+0000][15960][safepoint    ] Safepoint "Cleanup", Time since last: 2000364058 ns, Reaching safepoint: 126145 ns, At safepoint: 2783 ns, Total: 128928 ns
[2020-05-16T09:27:58.042+0000][15960][safepoint    ] Safepoint "Cleanup", Time since last: 1000535188 ns, Reaching safepoint: 146550 ns, At safepoint: 5566 ns, Total: 152116 ns
[2020-05-16T09:27:59.043+0000][15960][safepoint    ] Safepoint "Cleanup", Time since last: 1000310260 ns, Reaching safepoint: 145623 ns, At safepoint: 5566 ns, Total: 151189 ns
[2020-05-16T09:28:01.043+0000][15960][safepoint    ] Safepoint "Cleanup", Time since last: 2000075594 ns, Reaching safepoint: 138203 ns, At safepoint: 5565 ns, Total: 143768 ns
[2020-05-16T09:28:02.043+0000][15960][safepoint    ] Safepoint "Cleanup", Time since last: 1000093217 ns, Reaching safepoint: 131710 ns, At safepoint: 5102 ns, Total: 136812 ns
[2020-05-16T09:28:03.044+0000][15960][safepoint    ] Safepoint "Cleanup", Time since last: 1000520347 ns, Reaching safepoint: 121507 ns, At safepoint: 5102 ns, Total: 126609 ns
[2020-05-16T09:28:04.044+0000][15960][safepoint    ] Safepoint "Cleanup", Time since last: 1000136348 ns, Reaching safepoint: 147942 ns, At safepoint: 6492 ns, Total: 154434 ns
[2020-05-16T09:28:05.045+0000][15960][safepoint    ] Safepoint "Cleanup", Time since last: 1000328812 ns, Reaching safepoint: 135884 ns, At safepoint: 6029 ns, Total: 141913 ns
[2020-05-16T09:28:06.045+0000][15960][safepoint    ] Safepoint "Cleanup", Time since last: 1000302840 ns, Reaching safepoint: 127073 ns, At safepoint: 6956 ns, Total: 134029 ns
[2020-05-16T09:28:07.732+0000][15960][safepoint    ] Safepoint "Cleanup", Time since last: 1686758638 ns, Reaching safepoint: 148406 ns, At safepoint: 5565 ns, Total: 153971 ns
[2020-05-16T09:28:09.733+0000][15960][safepoint    ] Safepoint "Cleanup", Time since last: 2000512000 ns, Reaching safepoint: 119188 ns, At safepoint: 5565 ns, Total: 124753 ns
[2020-05-16T09:28:11.733+0000][15960][safepoint    ] Safepoint "Cleanup", Time since last: 2000566725 ns, Reaching safepoint: 128464 ns, At safepoint: 4173 ns, Total: 132637 ns
[2020-05-16T09:28:12.734+0000][15960][safepoint    ] Safepoint "Cleanup", Time since last: 1000134957 ns, Reaching safepoint: 124754 ns, At safepoint: 5101 ns, Total: 129855 ns
[2020-05-16T09:28:14.020+0000][15960][safepoint    ] Safepoint "Cleanup", Time since last: 1286632215 ns, Reaching safepoint: 149333 ns, At safepoint: 10203 ns, Total: 159536 ns
[2020-05-16T09:28:15.021+0000][15960][safepoint    ] Safepoint "Cleanup", Time since last: 1000194319 ns, Reaching safepoint: 128000 ns, At safepoint: 6029 ns, Total: 134029 ns
[2020-05-16T09:28:16.021+0000][15960][safepoint    ] Safepoint "Cleanup", Time since last: 1000079768 ns, Reaching safepoint: 124753 ns, At safepoint: 4638 ns, Total: 129391 ns
[2020-05-16T09:28:17.022+0000][15960][safepoint    ] Safepoint "Cleanup", Time since last: 1000532869 ns, Reaching safepoint: 129855 ns, At safepoint: 8812 ns, Total: 138667 ns
[2020-05-16T09:28:18.022+0000][15960][safepoint    ] Safepoint "Cleanup", Time since last: 1000024580 ns, Reaching safepoint: 144231 ns, At safepoint: 5566 ns, Total: 149797 ns
[2020-05-16T09:28:20.022+0000][15960][safepoint    ] Safepoint "Cleanup", Time since last: 2000272695 ns, Reaching safepoint: 123826 ns, At safepoint: 5102 ns, Total: 128928 ns
[2020-05-16T09:28:21.023+0000][15960][safepoint    ] Safepoint "Cleanup", Time since last: 1000490202 ns, Reaching safepoint: 118261 ns, At safepoint: 6493 ns, Total: 124754 ns
[2020-05-16T09:28:22.023+0000][15960][safepoint    ] Safepoint "Cleanup", Time since last: 1000014377 ns, Reaching safepoint: 159072 ns, At safepoint: 6029 ns, Total: 165101 ns
[2020-05-16T09:28:23.023+0000][15960][safepoint    ] Safepoint "Cleanup", Time since last: 1000044522 ns, Reaching safepoint: 110377 ns, At safepoint: 6029 ns, Total: 116406 ns
[2020-05-16T09:28:24.023+0000][15960][safepoint    ] Safepoint "Cleanup", Time since last: 1000025507 ns, Reaching safepoint: 96927 ns, At safepoint: 4638 ns, Total: 101565 ns
[2020-05-16T09:28:25.024+0000][15960][safepoint    ] Safepoint "Cleanup", Time since last: 1000337623 ns, Reaching safepoint: 121971 ns, At safepoint: 6956 ns, Total: 128927 ns
[2020-05-16T09:28:27.024+0000][15960][safepoint    ] Safepoint "Cleanup", Time since last: 2000115479 ns, Reaching safepoint: 138666 ns, At safepoint: 5565 ns, Total: 144231 ns
[2020-05-16T09:28:28.024+0000][15960][safepoint    ] Safepoint "Cleanup", Time since last: 1000143769 ns, Reaching safepoint: 133565 ns, At safepoint: 7884 ns, Total: 141449 ns
[2020-05-16T09:28:29.025+0000][15960][safepoint    ] Safepoint "Cleanup", Time since last: 1000427130 ns, Reaching safepoint: 137275 ns, At safepoint: 5565 ns, Total: 142840 ns
[2020-05-16T09:28:31.025+0000][15960][safepoint    ] Safepoint "Cleanup", Time since last: 2000275479 ns, Reaching safepoint: 123362 ns, At safepoint: 6029 ns, Total: 129391 ns
[2020-05-16T09:28:32.026+0000][15960][safepoint    ] Safepoint "Cleanup", Time since last: 1000702144 ns, Reaching safepoint: 143305 ns, At safepoint: 6029 ns, Total: 149334 ns
[2020-05-16T09:28:33.027+0000][15960][safepoint    ] Safepoint "Cleanup", Time since last: 1000600579 ns, Reaching safepoint: 153971 ns, At safepoint: 6029 ns, Total: 160000 ns
[2020-05-16T09:28:35.028+0000][15960][safepoint    ] Safepoint "Cleanup", Time since last: 2000872348 ns, Reaching safepoint: 148869 ns, At safepoint: 7884 ns, Total: 156753 ns
[2020-05-16T09:28:37.029+0000][15960][safepoint    ] Safepoint "Cleanup", Time since last: 2000895072 ns, Reaching safepoint: 159072 ns, At safepoint: 7885 ns, Total: 166957 ns
[2020-05-16T09:28:38.029+0000][15960][safepoint    ] Safepoint "Cleanup", Time since last: 1000418318 ns, Reaching safepoint: 146551 ns, At safepoint: 8348 ns, Total: 154899 ns
[2020-05-16T09:28:40.030+0000][15960][safepoint    ] Safepoint "Cleanup", Time since last: 2000382608 ns, Reaching safepoint: 124754 ns, At safepoint: 6493 ns, Total: 131247 ns
[2020-05-16T09:28:42.030+0000][15960][safepoint    ] Safepoint "Cleanup", Time since last: 2000412289 ns, Reaching safepoint: 143768 ns, At safepoint: 6493 ns, Total: 150261 ns
[2020-05-16T09:28:44.031+0000][15960][safepoint    ] Safepoint "Cleanup", Time since last: 2000119652 ns, Reaching safepoint: 130783 ns, At safepoint: 6029 ns, Total: 136812 ns
[2020-05-16T09:28:45.031+0000][15960][safepoint    ] Safepoint "Cleanup", Time since last: 1000082087 ns, Reaching safepoint: 131710 ns, At safepoint: 6029 ns, Total: 137739 ns
[2020-05-16T09:28:46.327+0000][15960][safepoint    ] Safepoint "Cleanup", Time since last: 1296338877 ns, Reaching safepoint: 134029 ns, At safepoint: 5565 ns, Total: 139594 ns
[2020-05-16T09:28:48.327+0000][15960][safepoint    ] Safepoint "Cleanup", Time since last: 1999875246 ns, Reaching safepoint: 153044 ns, At safepoint: 5101 ns, Total: 158145 ns
[2020-05-16T09:28:49.328+0000][15960][safepoint    ] Safepoint "Cleanup", Time since last: 1000562087 ns, Reaching safepoint: 122435 ns, At safepoint: 4173 ns, Total: 126608 ns
[2020-05-16T09:28:50.329+0000][15960][safepoint    ] Safepoint "Cleanup", Time since last: 1000687768 ns, Reaching safepoint: 81160 ns, At safepoint: 4637 ns, Total: 85797 ns
[2020-05-16T09:28:51.330+0000][15960][safepoint    ] Safepoint "Cleanup", Time since last: 1000467015 ns, Reaching safepoint: 115942 ns, At safepoint: 6956 ns, Total: 122898 ns
[2020-05-16T09:28:52.330+0000][15960][safepoint    ] Safepoint "Cleanup", Time since last: 1000108522 ns, Reaching safepoint: 154898 ns, At safepoint: 5102 ns, Total: 160000 ns
[2020-05-16T09:28:54.330+0000][15960][safepoint    ] Safepoint "Cleanup", Time since last: 2000321855 ns, Reaching safepoint: 164637 ns, At safepoint: 5565 ns, Total: 170202 ns
[2020-05-16T09:28:55.331+0000][15960][safepoint    ] Safepoint "Cleanup", Time since last: 1000279652 ns, Reaching safepoint: 140986 ns, At safepoint: 6029 ns, Total: 147015 ns
[2020-05-16T09:28:56.331+0000][15960][safepoint    ] Safepoint "Cleanup", Time since last: 1000120580 ns, Reaching safepoint: 250898 ns, At safepoint: 11130 ns, Total: 262028 ns
[2020-05-16T09:28:57.332+0000][15960][safepoint    ] Safepoint "Cleanup", Time since last: 1000349218 ns, Reaching safepoint: 154898 ns, At safepoint: 3246 ns, Total: 158144 ns
[2020-05-16T09:28:58.403+0000][15960][safepoint    ] Safepoint "Cleanup", Time since last: 1071352547 ns, Reaching safepoint: 129855 ns, At safepoint: 6493 ns, Total: 136348 ns
[2020-05-16T09:28:59.403+0000][15960][safepoint    ] Safepoint "Cleanup", Time since last: 1000166493 ns, Reaching safepoint: 179014 ns, At safepoint: 6493 ns, Total: 185507 ns
[2020-05-16T09:29:01.475+0000][15960][safepoint    ] Safepoint "Cleanup", Time since last: 2000341333 ns, Reaching safepoint: 70034982 ns, At safepoint: 1470144 ns, Total: 71505126 ns
[2020-05-16T09:29:02.476+0000][15960][safepoint    ] Safepoint "Cleanup", Time since last: 1000609855 ns, Reaching safepoint: 946086 ns, At safepoint: 12058 ns, Total: 958144 ns
[2020-05-16T09:29:03.478+0000][15960][safepoint    ] Safepoint "Cleanup", Time since last: 1000960000 ns, Reaching safepoint: 76058 ns, At safepoint: 2783 ns, Total: 78841 ns
[2020-05-16T09:29:04.478+0000][15960][safepoint    ] Safepoint "Cleanup", Time since last: 1000409507 ns, Reaching safepoint: 118260 ns, At safepoint: 3247 ns, Total: 121507 ns
[2020-05-16T09:29:05.479+0000][15960][safepoint    ] Safepoint "Cleanup", Time since last: 1000298203 ns, Reaching safepoint: 113159 ns, At safepoint: 3246 ns, Total: 116405 ns
[2020-05-16T09:29:06.479+0000][15960][safepoint    ] Safepoint "Cleanup", Time since last: 1000428522 ns, Reaching safepoint: 219362 ns, At safepoint: 6493 ns, Total: 225855 ns
[2020-05-16T09:29:07.480+0000][15960][safepoint    ] Safepoint "Cleanup", Time since last: 1000447536 ns, Reaching safepoint: 108521 ns, At safepoint: 12986 ns, Total: 121507 ns
[2020-05-16T09:29:08.480+0000][15960][safepoint    ] Safepoint "Cleanup", Time since last: 1000315826 ns, Reaching safepoint: 134956 ns, At safepoint: 6029 ns, Total: 140985 ns
[2020-05-16T09:29:10.481+0000][15960][safepoint    ] Safepoint "Cleanup", Time since last: 2000790725 ns, Reaching safepoint: 144695 ns, At safepoint: 11594 ns, Total: 156289 ns
[2020-05-16T09:29:11.482+0000][15960][safepoint    ] Safepoint "Cleanup", Time since last: 1000093218 ns, Reaching safepoint: 121043 ns, At safepoint: 6493 ns, Total: 127536 ns
[2020-05-16T09:29:12.483+0000][15960][safepoint    ] Safepoint "Cleanup", Time since last: 1000775884 ns, Reaching safepoint: 96000 ns, At safepoint: 4174 ns, Total: 100174 ns
[2020-05-16T09:29:13.484+0000][15960][safepoint    ] Safepoint "Cleanup", Time since last: 1000839883 ns, Reaching safepoint: 113160 ns, At safepoint: 5565 ns, Total: 118725 ns
[2020-05-16T09:29:14.484+0000][15960][safepoint    ] Safepoint "Cleanup", Time since last: 1000205913 ns, Reaching safepoint: 102029 ns, At safepoint: 4174 ns, Total: 106203 ns
[2020-05-16T09:29:16.485+0000][15960][safepoint    ] Safepoint "Cleanup", Time since last: 2000718376 ns, Reaching safepoint: 157681 ns, At safepoint: 8348 ns, Total: 166029 ns
[2020-05-16T09:29:17.485+0000][15960][safepoint    ] Safepoint "Cleanup", Time since last: 1000336232 ns, Reaching safepoint: 85797 ns, At safepoint: 4637 ns, Total: 90434 ns
[2020-05-16T09:29:18.486+0000][15960][safepoint    ] Safepoint "Cleanup", Time since last: 1000486029 ns, Reaching safepoint: 94609 ns, At safepoint: 5565 ns, Total: 100174 ns
[2020-05-16T09:29:19.486+0000][15960][safepoint    ] Safepoint "Cleanup", Time since last: 1000445217 ns, Reaching safepoint: 133565 ns, At safepoint: 6493 ns, Total: 140058 ns
[2020-05-16T09:29:20.487+0000][15960][safepoint    ] Safepoint "Cleanup", Time since last: 1000628869 ns, Reaching safepoint: 144232 ns, At safepoint: 6493 ns, Total: 150725 ns
[2020-05-16T09:29:21.487+0000][15960][safepoint    ] Safepoint "Cleanup", Time since last: 1000215652 ns, Reaching safepoint: 130783 ns, At safepoint: 5101 ns, Total: 135884 ns
[2020-05-16T09:29:22.488+0000][15960][safepoint    ] Safepoint "Cleanup", Time since last: 1000243014 ns, Reaching safepoint: 134957 ns, At safepoint: 5565 ns, Total: 140522 ns
[2020-05-16T09:29:23.488+0000][15960][safepoint    ] Safepoint "Cleanup", Time since last: 1000192928 ns, Reaching safepoint: 108521 ns, At safepoint: 3247 ns, Total: 111768 ns
[2020-05-16T09:29:24.489+0000][15960][safepoint    ] Safepoint "Cleanup", Time since last: 1000566260 ns, Reaching safepoint: 103420 ns, At safepoint: 4638 ns, Total: 108058 ns
[2020-05-16T09:29:25.489+0000][15960][safepoint    ] Safepoint "Cleanup", Time since last: 1000040812 ns, Reaching safepoint: 146550 ns, At safepoint: 6493 ns, Total: 153043 ns
[2020-05-16T09:29:26.489+0000][15960][safepoint    ] Safepoint "Cleanup", Time since last: 1000131246 ns, Reaching safepoint: 138667 ns, At safepoint: 5565 ns, Total: 144232 ns
[2020-05-16T09:29:27.490+0000][15960][safepoint    ] Safepoint "Cleanup", Time since last: 1000389102 ns, Reaching safepoint: 79768 ns, At safepoint: 3246 ns, Total: 83014 ns
[2020-05-16T09:29:28.491+0000][15960][safepoint    ] Safepoint "Cleanup", Time since last: 1000876521 ns, Reaching safepoint: 112696 ns, At safepoint: 4638 ns, Total: 117334 ns
[2020-05-16T09:29:29.491+0000][15960][safepoint    ] Safepoint "Cleanup", Time since last: 1000262492 ns, Reaching safepoint: 146087 ns, At safepoint: 6029 ns, Total: 152116 ns
[2020-05-16T09:29:30.492+0000][15960][safepoint    ] Safepoint "Cleanup", Time since last: 1000332058 ns, Reaching safepoint: 147942 ns, At safepoint: 6029 ns, Total: 153971 ns
[2020-05-16T09:29:31.492+0000][15960][safepoint    ] Safepoint "Cleanup", Time since last: 1000118261 ns, Reaching safepoint: 152116 ns, At safepoint: 6492 ns, Total: 158608 ns
[2020-05-16T09:29:32.493+0000][15960][safepoint    ] Safepoint "Cleanup", Time since last: 1000869101 ns, Reaching safepoint: 136348 ns, At safepoint: 6029 ns, Total: 142377 ns
[2020-05-16T09:29:34.493+0000][15960][safepoint    ] Safepoint "Cleanup", Time since last: 1999946667 ns, Reaching safepoint: 146087 ns, At safepoint: 6029 ns, Total: 152116 ns
[2020-05-16T09:29:36.494+0000][15960][safepoint    ] Safepoint "Cleanup", Time since last: 2000294028 ns, Reaching safepoint: 76522 ns, At safepoint: 2783 ns, Total: 79305 ns
[2020-05-16T09:29:37.494+0000][15960][safepoint    ] Safepoint "Cleanup", Time since last: 1000255072 ns, Reaching safepoint: 127073 ns, At safepoint: 5101 ns, Total: 132174 ns
[2020-05-16T09:29:38.494+0000][15960][safepoint    ] Safepoint "Cleanup", Time since last: 1000490203 ns, Reaching safepoint: 129855 ns, At safepoint: 6956 ns, Total: 136811 ns
[2020-05-16T09:29:39.495+0000][15960][safepoint    ] Safepoint "Cleanup", Time since last: 1000015768 ns, Reaching safepoint: 129392 ns, At safepoint: 8347 ns, Total: 137739 ns
[2020-05-16T09:29:40.495+0000][15960][safepoint    ] Safepoint "Cleanup", Time since last: 1000779130 ns, Reaching safepoint: 135884 ns, At safepoint: 6029 ns, Total: 141913 ns
[2020-05-16T09:29:41.496+0000][15960][safepoint    ] Safepoint "Cleanup", Time since last: 1000617739 ns, Reaching safepoint: 99710 ns, At safepoint: 3247 ns, Total: 102957 ns
[2020-05-16T09:29:42.497+0000][15960][safepoint    ] Safepoint "Cleanup", Time since last: 1000485565 ns, Reaching safepoint: 118724 ns, At safepoint: 5566 ns, Total: 124290 ns
[2020-05-16T09:29:43.498+0000][15960][safepoint    ] Safepoint "Cleanup", Time since last: 1000753622 ns, Reaching safepoint: 153508 ns, At safepoint: 5101 ns, Total: 158609 ns
[2020-05-16T09:29:44.498+0000][15960][safepoint    ] Safepoint "Cleanup", Time since last: 1000387246 ns, Reaching safepoint: 192464 ns, At safepoint: 5565 ns, Total: 198029 ns
[2020-05-16T09:29:45.499+0000][15960][safepoint    ] Safepoint "Cleanup", Time since last: 1000569507 ns, Reaching safepoint: 107130 ns, At safepoint: 3247 ns, Total: 110377 ns
[2020-05-16T09:29:46.500+0000][15960][safepoint    ] Safepoint "Cleanup", Time since last: 1000526840 ns, Reaching safepoint: 104812 ns, At safepoint: 2782 ns, Total: 107594 ns
[2020-05-16T09:29:47.519+0000][15960][safepoint    ] Safepoint "Cleanup", Time since last: 1000692870 ns, Reaching safepoint: 19767179 ns, At safepoint: 20869 ns, Total: 19788048 ns
[2020-05-16T09:29:48.521+0000][15960][safepoint    ] Safepoint "Cleanup", Time since last: 1000357565 ns, Reaching safepoint: 112232 ns, At safepoint: 3247 ns, Total: 115479 ns
[2020-05-16T09:29:49.522+0000][15960][safepoint    ] Safepoint "Cleanup", Time since last: 1000855651 ns, Reaching safepoint: 122899 ns, At safepoint: 4174 ns, Total: 127073 ns
[2020-05-16T09:29:51.522+0000][15960][safepoint    ] Safepoint "Cleanup", Time since last: 2000596405 ns, Reaching safepoint: 77913 ns, At safepoint: 2783 ns, Total: 80696 ns
[2020-05-16T09:29:53.137+0000][15960][safepoint    ] Safepoint "Cleanup", Time since last: 1614737338 ns, Reaching safepoint: 89043 ns, At safepoint: 6029 ns, Total: 95072 ns
[2020-05-16T09:29:54.137+0000][15960][safepoint    ] Safepoint "Cleanup", Time since last: 1000221218 ns, Reaching safepoint: 119188 ns, At safepoint: 3246 ns, Total: 122434 ns
[2020-05-16T09:29:55.138+0000][15960][safepoint    ] Safepoint "Cleanup", Time since last: 1000198957 ns, Reaching safepoint: 100638 ns, At safepoint: 5565 ns, Total: 106203 ns
[2020-05-16T09:29:56.139+0000][15960][safepoint    ] Safepoint "Cleanup", Time since last: 1000787478 ns, Reaching safepoint: 78376 ns, At safepoint: 3711 ns, Total: 82087 ns
[2020-05-16T09:29:57.139+0000][15960][safepoint    ] Safepoint "Cleanup", Time since last: 1000775883 ns, Reaching safepoint: 120116 ns, At safepoint: 4174 ns, Total: 124290 ns
[2020-05-16T09:29:59.140+0000][15960][safepoint    ] Safepoint "Cleanup", Time since last: 2000611246 ns, Reaching safepoint: 119188 ns, At safepoint: 12986 ns, Total: 132174 ns
[2020-05-16T09:30:00.141+0000][15960][safepoint    ] Safepoint "Cleanup", Time since last: 1000691478 ns, Reaching safepoint: 260637 ns, At safepoint: 9276 ns, Total: 269913 ns
[2020-05-16T09:30:01.141+0000][15960][safepoint    ] Safepoint "Cleanup", Time since last: 1000030145 ns, Reaching safepoint: 327884 ns, At safepoint: 10666 ns, Total: 338550 ns
[2020-05-16T09:30:02.171+0000][15960][safepoint    ] Safepoint "Cleanup", Time since last: 1000400232 ns, Reaching safepoint: 29122769 ns, At safepoint: 16232 ns, Total: 29139001 ns
[2020-05-16T09:30:03.171+0000][15960][safepoint    ] Safepoint "Cleanup", Time since last: 1000164638 ns, Reaching safepoint: 112231 ns, At safepoint: 16696 ns, Total: 128927 ns
[2020-05-16T09:30:04.172+0000][15960][safepoint    ] Safepoint "Cleanup", Time since last: 1000716985 ns, Reaching safepoint: 82087 ns, At safepoint: 3710 ns, Total: 85797 ns
[2020-05-16T09:30:05.173+0000][15960][safepoint    ] Safepoint "Cleanup", Time since last: 1000482319 ns, Reaching safepoint: 168348 ns, At safepoint: 5565 ns, Total: 173913 ns
[2020-05-16T09:30:06.173+0000][15960][safepoint    ] Safepoint "Cleanup", Time since last: 1000216116 ns, Reaching safepoint: 162319 ns, At safepoint: 4173 ns, Total: 166492 ns
[2020-05-16T09:30:07.174+0000][15960][safepoint    ] Safepoint "Cleanup", Time since last: 1000449855 ns, Reaching safepoint: 242551 ns, At safepoint: 7420 ns, Total: 249971 ns
[2020-05-16T09:30:08.175+0000][15960][safepoint    ] Safepoint "Cleanup", Time since last: 1000588985 ns, Reaching safepoint: 386783 ns, At safepoint: 17623 ns, Total: 404406 ns
[2020-05-16T09:30:10.176+0000][15960][safepoint    ] Safepoint "Cleanup", Time since last: 2000723942 ns, Reaching safepoint: 205913 ns, At safepoint: 12058 ns, Total: 217971 ns
[2020-05-16T09:30:11.176+0000][15960][safepoint    ] Safepoint "Cleanup", Time since last: 1000345507 ns, Reaching safepoint: 139594 ns, At safepoint: 3246 ns, Total: 142840 ns
[2020-05-16T09:30:12.177+0000][15960][safepoint    ] Safepoint "Cleanup", Time since last: 1000405797 ns, Reaching safepoint: 138203 ns, At safepoint: 5101 ns, Total: 143304 ns
[2020-05-16T09:30:13.178+0000][15960][safepoint    ] Safepoint "Cleanup", Time since last: 1000845449 ns, Reaching safepoint: 127536 ns, At safepoint: 5566 ns, Total: 133102 ns
[2020-05-16T09:30:14.178+0000][15960][safepoint    ] Safepoint "Cleanup", Time since last: 1000010203 ns, Reaching safepoint: 110376 ns, At safepoint: 4638 ns, Total: 115014 ns
[2020-05-16T09:30:15.178+0000][15960][safepoint    ] Safepoint "Cleanup", Time since last: 1000117333 ns, Reaching safepoint: 120580 ns, At safepoint: 6029 ns, Total: 126609 ns
[2020-05-16T09:30:16.179+0000][15960][safepoint    ] Safepoint "Cleanup", Time since last: 1000513855 ns, Reaching safepoint: 87652 ns, At safepoint: 4638 ns, Total: 92290 ns
[2020-05-16T09:30:17.179+0000][15960][safepoint    ] Safepoint "Cleanup", Time since last: 1000320927 ns, Reaching safepoint: 86725 ns, At safepoint: 2782 ns, Total: 89507 ns
[2020-05-16T09:30:18.605+0000][15960][safepoint    ] Safepoint "Cleanup", Time since last: 1425243629 ns, Reaching safepoint: 116870 ns, At safepoint: 4173 ns, Total: 121043 ns
[2020-05-16T09:30:19.606+0000][15960][safepoint    ] Safepoint "Cleanup", Time since last: 1000789333 ns, Reaching safepoint: 147015 ns, At safepoint: 9275 ns, Total: 156290 ns
[2020-05-16T09:30:21.606+0000][15960][safepoint    ] Safepoint "Cleanup", Time since last: 2000216580 ns, Reaching safepoint: 189681 ns, At safepoint: 8811 ns, Total: 198492 ns
[2020-05-16T09:30:22.607+0000][15960][safepoint    ] Safepoint "Cleanup", Time since last: 1000656696 ns, Reaching safepoint: 182261 ns, At safepoint: 6029 ns, Total: 188290 ns
[2020-05-16T09:30:23.608+0000][15960][safepoint    ] Safepoint "Cleanup", Time since last: 1000552347 ns, Reaching safepoint: 143304 ns, At safepoint: 7421 ns, Total: 150725 ns
[2020-05-16T09:30:25.608+0000][15960][safepoint    ] Safepoint "Cleanup", Time since last: 2000361275 ns, Reaching safepoint: 87188 ns, At safepoint: 4638 ns, Total: 91826 ns
[2020-05-16T09:30:26.609+0000][15960][safepoint    ] Safepoint "Cleanup", Time since last: 1000773565 ns, Reaching safepoint: 169739 ns, At safepoint: 19014 ns, Total: 188753 ns
[2020-05-16T09:30:27.609+0000][15960][safepoint    ] Safepoint "Cleanup", Time since last: 1000301450 ns, Reaching safepoint: 294492 ns, At safepoint: 19015 ns, Total: 313507 ns
[2020-05-16T09:30:28.610+0000][15960][safepoint    ] Safepoint "Cleanup", Time since last: 1000401159 ns, Reaching safepoint: 288927 ns, At safepoint: 14377 ns, Total: 303304 ns
[2020-05-16T09:30:29.611+0000][15960][safepoint    ] Safepoint "Cleanup", Time since last: 1000520811 ns, Reaching safepoint: 101566 ns, At safepoint: 2782 ns, Total: 104348 ns
[2020-05-16T09:30:30.611+0000][15960][safepoint    ] Safepoint "Cleanup", Time since last: 1000407652 ns, Reaching safepoint: 96464 ns, At safepoint: 2783 ns, Total: 99247 ns
[2020-05-16T09:30:32.612+0000][15960][safepoint    ] Safepoint "Cleanup", Time since last: 2000269912 ns, Reaching safepoint: 141913 ns, At safepoint: 6493 ns, Total: 148406 ns
[2020-05-16T09:30:33.613+0000][15960][safepoint    ] Safepoint "Cleanup", Time since last: 1000671536 ns, Reaching safepoint: 108986 ns, At safepoint: 4173 ns, Total: 113159 ns
[2020-05-16T09:30:34.613+0000][15960][safepoint    ] Safepoint "Cleanup", Time since last: 1000036638 ns, Reaching safepoint: 104348 ns, At safepoint: 2782 ns, Total: 107130 ns
[2020-05-16T09:30:36.613+0000][15960][safepoint    ] Safepoint "Cleanup", Time since last: 2000296348 ns, Reaching safepoint: 142841 ns, At safepoint: 6029 ns, Total: 148870 ns
[2020-05-16T09:30:37.613+0000][15960][safepoint    ] Safepoint "Cleanup", Time since last: 1000058898 ns, Reaching safepoint: 97855 ns, At safepoint: 3710 ns, Total: 101565 ns
[2020-05-16T09:30:38.614+0000][15960][safepoint    ] Safepoint "Cleanup", Time since last: 1000582957 ns, Reaching safepoint: 122898 ns, At safepoint: 6029 ns, Total: 128927 ns
[2020-05-16T09:30:39.615+0000][15960][safepoint    ] Safepoint "Cleanup", Time since last: 1000257391 ns, Reaching safepoint: 97392 ns, At safepoint: 4173 ns, Total: 101565 ns
[2020-05-16T09:30:40.615+0000][15960][safepoint    ] Safepoint "Cleanup", Time since last: 1000199421 ns, Reaching safepoint: 193391 ns, At safepoint: 32927 ns, Total: 226318 ns
[2020-05-16T09:30:42.615+0000][15960][safepoint    ] Safepoint "Cleanup", Time since last: 2000371015 ns, Reaching safepoint: 317681 ns, At safepoint: 5101 ns, Total: 322782 ns
[2020-05-16T09:30:43.616+0000][15960][safepoint    ] Safepoint "Cleanup", Time since last: 1000449391 ns, Reaching safepoint: 167884 ns, At safepoint: 7421 ns, Total: 175305 ns
[2020-05-16T09:30:45.616+0000][15960][safepoint    ] Safepoint "Cleanup", Time since last: 1999880811 ns, Reaching safepoint: 159536 ns, At safepoint: 10203 ns, Total: 169739 ns
[2020-05-16T09:30:46.617+0000][15960][safepoint    ] Safepoint "Cleanup", Time since last: 1000166493 ns, Reaching safepoint: 150724 ns, At safepoint: 3711 ns, Total: 154435 ns
[2020-05-16T09:30:47.617+0000][15960][safepoint    ] Safepoint "Cleanup", Time since last: 1000428521 ns, Reaching safepoint: 115015 ns, At safepoint: 4174 ns, Total: 119189 ns
[2020-05-16T09:30:48.618+0000][15960][safepoint    ] Safepoint "Cleanup", Time since last: 1000297275 ns, Reaching safepoint: 119188 ns, At safepoint: 13913 ns, Total: 133101 ns
[2020-05-16T09:30:49.618+0000][15960][safepoint    ] Safepoint "Cleanup", Time since last: 1000271768 ns, Reaching safepoint: 185971 ns, At safepoint: 10203 ns, Total: 196174 ns
[2020-05-16T09:30:51.618+0000][15960][safepoint    ] Safepoint "Cleanup", Time since last: 1999948058 ns, Reaching safepoint: 150261 ns, At safepoint: 9275 ns, Total: 159536 ns
[2020-05-16T09:30:52.619+0000][15960][safepoint    ] Safepoint "Cleanup", Time since last: 1000699826 ns, Reaching safepoint: 150724 ns, At safepoint: 9740 ns, Total: 160464 ns
[2020-05-16T09:30:53.619+0000][15960][safepoint    ] Safepoint "Cleanup", Time since last: 1000061681 ns, Reaching safepoint: 156289 ns, At safepoint: 6957 ns, Total: 163246 ns
[2020-05-16T09:30:54.619+0000][15960][safepoint    ] Safepoint "Cleanup", Time since last: 1000093681 ns, Reaching safepoint: 147015 ns, At safepoint: 6492 ns, Total: 153507 ns
[2020-05-16T09:30:55.620+0000][15960][safepoint    ] Safepoint "Cleanup", Time since last: 1000073739 ns, Reaching safepoint: 98783 ns, At safepoint: 3246 ns, Total: 102029 ns
[2020-05-16T09:30:56.621+0000][15960][safepoint    ] Safepoint "Cleanup", Time since last: 1000849159 ns, Reaching safepoint: 138667 ns, At safepoint: 5565 ns, Total: 144232 ns
[2020-05-16T09:30:57.621+0000][15960][safepoint    ] Safepoint "Cleanup", Time since last: 1000330667 ns, Reaching safepoint: 120116 ns, At safepoint: 6029 ns, Total: 126145 ns
[2020-05-16T09:30:59.621+0000][15960][safepoint    ] Safepoint "Cleanup", Time since last: 2000087652 ns, Reaching safepoint: 111304 ns, At safepoint: 4638 ns, Total: 115942 ns
[2020-05-16T09:31:00.622+0000][15960][safepoint    ] Safepoint "Cleanup", Time since last: 1000423883 ns, Reaching safepoint: 117798 ns, At safepoint: 5101 ns, Total: 122899 ns
[2020-05-16T09:31:01.622+0000][15960][safepoint    ] Safepoint "Cleanup", Time since last: 1000330203 ns, Reaching safepoint: 78840 ns, At safepoint: 2783 ns, Total: 81623 ns
[2020-05-16T09:31:02.623+0000][15960][safepoint    ] Safepoint "Cleanup", Time since last: 1000854260 ns, Reaching safepoint: 125681 ns, At safepoint: 5566 ns, Total: 131247 ns
[2020-05-16T09:31:03.624+0000][15960][safepoint    ] Safepoint "Cleanup", Time since last: 1000860289 ns, Reaching safepoint: 203594 ns, At safepoint: 7884 ns, Total: 211478 ns
[2020-05-16T09:31:04.624+0000][15960][safepoint    ] Safepoint "Cleanup", Time since last: 1000024116 ns, Reaching safepoint: 159073 ns, At safepoint: 6029 ns, Total: 165102 ns
[2020-05-16T09:31:05.625+0000][15960][safepoint    ] Safepoint "Cleanup", Time since last: 1000135420 ns, Reaching safepoint: 161855 ns, At safepoint: 8348 ns, Total: 170203 ns
[2020-05-16T09:31:06.625+0000][15960][safepoint    ] Safepoint "Cleanup", Time since last: 1000527768 ns, Reaching safepoint: 123826 ns, At safepoint: 4637 ns, Total: 128463 ns
[2020-05-16T09:31:07.626+0000][15960][safepoint    ] Safepoint "Cleanup", Time since last: 1000008348 ns, Reaching safepoint: 96464 ns, At safepoint: 4174 ns, Total: 100638 ns
[2020-05-16T09:31:08.626+0000][15960][safepoint    ] Safepoint "Cleanup", Time since last: 1000485101 ns, Reaching safepoint: 146087 ns, At safepoint: 2782 ns, Total: 148869 ns
[2020-05-16T09:31:09.626+0000][15960][safepoint    ] Safepoint "Cleanup", Time since last: 1000037566 ns, Reaching safepoint: 122898 ns, At safepoint: 4638 ns, Total: 127536 ns
[2020-05-16T09:31:10.627+0000][15960][safepoint    ] Safepoint "Cleanup", Time since last: 1000568115 ns, Reaching safepoint: 139131 ns, At safepoint: 3710 ns, Total: 142841 ns
[2020-05-16T09:31:11.627+0000][15960][safepoint    ] Safepoint "Cleanup", Time since last: 1000291246 ns, Reaching safepoint: 83015 ns, At safepoint: 8347 ns, Total: 91362 ns
[2020-05-16T09:31:13.628+0000][15960][safepoint    ] Safepoint "Cleanup", Time since last: 2000750841 ns, Reaching safepoint: 102492 ns, At safepoint: 3247 ns, Total: 105739 ns
[2020-05-16T09:31:14.629+0000][15960][safepoint    ] Safepoint "Cleanup", Time since last: 1000720231 ns, Reaching safepoint: 80696 ns, At safepoint: 2783 ns, Total: 83479 ns
[2020-05-16T09:31:15.629+0000][15960][safepoint    ] Safepoint "Cleanup", Time since last: 1000100173 ns, Reaching safepoint: 108058 ns, At safepoint: 4638 ns, Total: 112696 ns
[2020-05-16T09:31:16.630+0000][15960][safepoint    ] Safepoint "Cleanup", Time since last: 1000238377 ns, Reaching safepoint: 123362 ns, At safepoint: 4174 ns, Total: 127536 ns
[2020-05-16T09:31:17.630+0000][15960][safepoint    ] Safepoint "Cleanup", Time since last: 1000521275 ns, Reaching safepoint: 110841 ns, At safepoint: 6029 ns, Total: 116870 ns
[2020-05-16T09:31:18.631+0000][15960][safepoint    ] Safepoint "Cleanup", Time since last: 1000814376 ns, Reaching safepoint: 115014 ns, At safepoint: 6493 ns, Total: 121507 ns
[2020-05-16T09:31:19.632+0000][15960][safepoint    ] Safepoint "Cleanup", Time since last: 1000138667 ns, Reaching safepoint: 104348 ns, At safepoint: 2782 ns, Total: 107130 ns
[2020-05-16T09:31:20.632+0000][15960][safepoint    ] Safepoint "Cleanup", Time since last: 1000753623 ns, Reaching safepoint: 121043 ns, At safepoint: 4174 ns, Total: 125217 ns
[2020-05-16T09:31:21.633+0000][15960][safepoint    ] Safepoint "Cleanup", Time since last: 1000700290 ns, Reaching safepoint: 121971 ns, At safepoint: 6493 ns, Total: 128464 ns
[2020-05-16T09:31:22.633+0000][15960][safepoint    ] Safepoint "Cleanup", Time since last: 1000037101 ns, Reaching safepoint: 108522 ns, At safepoint: 4637 ns, Total: 113159 ns
[2020-05-16T09:31:24.634+0000][15960][safepoint    ] Safepoint "Cleanup", Time since last: 2000361739 ns, Reaching safepoint: 113623 ns, At safepoint: 6029 ns, Total: 119652 ns
[2020-05-16T09:31:25.635+0000][15960][safepoint    ] Safepoint "Cleanup", Time since last: 1000611247 ns, Reaching safepoint: 99710 ns, At safepoint: 4637 ns, Total: 104347 ns
[2020-05-16T09:31:26.635+0000][15960][safepoint    ] Safepoint "Cleanup", Time since last: 1000330667 ns, Reaching safepoint: 118261 ns, At safepoint: 4637 ns, Total: 122898 ns
[2020-05-16T09:31:27.635+0000][15960][safepoint    ] Safepoint "Cleanup", Time since last: 1000112696 ns, Reaching safepoint: 134956 ns, At safepoint: 4638 ns, Total: 139594 ns
[2020-05-16T09:31:28.643+0000][15960][safepoint    ] Safepoint "Cleanup", Time since last: 1000056116 ns, Reaching safepoint: 7109562 ns, At safepoint: 22725 ns, Total: 7132287 ns
[2020-05-16T09:31:30.356+0000][15960][safepoint    ] Safepoint "Cleanup", Time since last: 1689892781 ns, Reaching safepoint: 24249960 ns, At safepoint: 22724 ns, Total: 24272684 ns
[2020-05-16T09:31:31.357+0000][15960][safepoint    ] Safepoint "Cleanup", Time since last: 1000505044 ns, Reaching safepoint: 140985 ns, At safepoint: 7884 ns, Total: 148869 ns
[2020-05-16T09:31:32.358+0000][15960][safepoint    ] Safepoint "Cleanup", Time since last: 1000352000 ns, Reaching safepoint: 95072 ns, At safepoint: 2783 ns, Total: 97855 ns
[2020-05-16T09:31:33.358+0000][15960][safepoint    ] Safepoint "Cleanup", Time since last: 1000023652 ns, Reaching safepoint: 173913 ns, At safepoint: 4174 ns, Total: 178087 ns
[2020-05-16T09:31:34.358+0000][15960][safepoint    ] Safepoint "Cleanup", Time since last: 1000184116 ns, Reaching safepoint: 416463 ns, At safepoint: 14377 ns, Total: 430840 ns
[2020-05-16T09:31:35.359+0000][15960][safepoint    ] Safepoint "Cleanup", Time since last: 1000397449 ns, Reaching safepoint: 254145 ns, At safepoint: 10203 ns, Total: 264348 ns
[2020-05-16T09:31:37.359+0000][15960][safepoint    ] Safepoint "Cleanup", Time since last: 2000022725 ns, Reaching safepoint: 253217 ns, At safepoint: 2783 ns, Total: 256000 ns
[2020-05-16T09:31:38.360+0000][15960][safepoint    ] Safepoint "Cleanup", Time since last: 1000457739 ns, Reaching safepoint: 118260 ns, At safepoint: 5102 ns, Total: 123362 ns
[2020-05-16T09:31:39.361+0000][15960][safepoint    ] Safepoint "Cleanup", Time since last: 1000659942 ns, Reaching safepoint: 76985 ns, At safepoint: 3246 ns, Total: 80231 ns
[2020-05-16T09:31:40.361+0000][15960][safepoint    ] Safepoint "Cleanup", Time since last: 1000580174 ns, Reaching safepoint: 249971 ns, At safepoint: 12522 ns, Total: 262493 ns
[2020-05-16T09:31:42.362+0000][15960][safepoint    ] Safepoint "Cleanup", Time since last: 2000033855 ns, Reaching safepoint: 86724 ns, At safepoint: 2783 ns, Total: 89507 ns
[2020-05-16T09:31:43.362+0000][15960][safepoint    ] Safepoint "Cleanup", Time since last: 1000118724 ns, Reaching safepoint: 153971 ns, At safepoint: 6493 ns, Total: 160464 ns
[2020-05-16T09:31:44.362+0000][15960][safepoint    ] Safepoint "Cleanup", Time since last: 1000120580 ns, Reaching safepoint: 108058 ns, At safepoint: 2782 ns, Total: 110840 ns
[2020-05-16T09:31:45.363+0000][15960][safepoint    ] Safepoint "Cleanup", Time since last: 1000244406 ns, Reaching safepoint: 332522 ns, At safepoint: 23188 ns, Total: 355710 ns
[2020-05-16T09:31:46.388+0000][15960][safepoint    ] Safepoint "Cleanup", Time since last: 1025007293 ns, Reaching safepoint: 160463 ns, At safepoint: 24580 ns, Total: 185043 ns
[2020-05-16T09:31:47.390+0000][15960][safepoint    ] Safepoint "Cleanup", Time since last: 1001397797 ns, Reaching safepoint: 116405 ns, At safepoint: 5102 ns, Total: 121507 ns
[2020-05-16T09:31:48.390+0000][15960][safepoint    ] Safepoint "Cleanup", Time since last: 1000717449 ns, Reaching safepoint: 300058 ns, At safepoint: 21333 ns, Total: 321391 ns
[2020-05-16T09:31:49.454+0000][15960][safepoint    ] Safepoint "Cleanup", Time since last: 1000147478 ns, Reaching safepoint: 63692492 ns, At safepoint: 64928 ns, Total: 63757420 ns
[2020-05-16T09:31:50.455+0000][15960][safepoint    ] Safepoint "Cleanup", Time since last: 1000604289 ns, Reaching safepoint: 78377 ns, At safepoint: 3247 ns, Total: 81624 ns
[2020-05-16T09:31:51.456+0000][15960][safepoint    ] Safepoint "Cleanup", Time since last: 1000513854 ns, Reaching safepoint: 99710 ns, At safepoint: 3247 ns, Total: 102957 ns
[2020-05-16T09:31:52.459+0000][15960][safepoint    ] Safepoint "Cleanup", Time since last: 1002282202 ns, Reaching safepoint: 532869 ns, At safepoint: 34319 ns, Total: 567188 ns
[2020-05-16T09:31:54.459+0000][15960][safepoint    ] Safepoint "Cleanup", Time since last: 2000155826 ns, Reaching safepoint: 151188 ns, At safepoint: 4174 ns, Total: 155362 ns
[2020-05-16T09:31:55.643+0000][15960][safepoint    ] Safepoint "Cleanup", Time since last: 1000341797 ns, Reaching safepoint: 183458234 ns, At safepoint: 97855 ns, Total: 183556089 ns
[2020-05-16T09:31:57.643+0000][15960][safepoint    ] Safepoint "Cleanup", Time since last: 1999581217 ns, Reaching safepoint: 119652 ns, At safepoint: 7885 ns, Total: 127537 ns
[2020-05-16T09:31:58.643+0000][15960][safepoint    ] Safepoint "Cleanup", Time since last: 1000579709 ns, Reaching safepoint: 103884 ns, At safepoint: 3711 ns, Total: 107595 ns
[2020-05-16T09:31:59.644+0000][15960][safepoint    ] Safepoint "Cleanup", Time since last: 1000527304 ns, Reaching safepoint: 125681 ns, At safepoint: 7420 ns, Total: 133101 ns
[2020-05-16T09:32:00.644+0000][15960][safepoint    ] Safepoint "Cleanup", Time since last: 1000425739 ns, Reaching safepoint: 353391 ns, At safepoint: 14377 ns, Total: 367768 ns
[2020-05-16T09:32:02.645+0000][15960][safepoint    ] Safepoint "Cleanup", Time since last: 1999952232 ns, Reaching safepoint: 115942 ns, At safepoint: 3710 ns, Total: 119652 ns
[2020-05-16T09:32:03.645+0000][15960][safepoint    ] Safepoint "Cleanup", Time since last: 1000115014 ns, Reaching safepoint: 122435 ns, At safepoint: 7420 ns, Total: 129855 ns
[2020-05-16T09:32:04.646+0000][15960][safepoint    ] Safepoint "Cleanup", Time since last: 1000278725 ns, Reaching safepoint: 119652 ns, At safepoint: 4638 ns, Total: 124290 ns
[2020-05-16T09:32:05.106+0000][15960][gc,start     ] GC(28) Pause Young (Normal) (G1 Evacuation Pause)
[2020-05-16T09:32:05.106+0000][15960][gc,task      ] GC(28) Using 4 workers of 4 for evacuation
[2020-05-16T09:32:05.106+0000][15960][gc,age       ] GC(28) Desired survivor size 40370176 bytes, new threshold 15 (max threshold 15)
[2020-05-16T09:32:05.434+0000][15960][gc,age       ] GC(28) Age table with threshold 15 (max threshold 15)
[2020-05-16T09:32:05.434+0000][15960][gc,age       ] GC(28) - age   1:     248312 bytes,     248312 total
[2020-05-16T09:32:05.434+0000][15960][gc,age       ] GC(28) - age   2:       7056 bytes,     255368 total
[2020-05-16T09:32:05.434+0000][15960][gc,age       ] GC(28) - age   3:       4896 bytes,     260264 total
[2020-05-16T09:32:05.434+0000][15960][gc,age       ] GC(28) - age   4:      39184 bytes,     299448 total
[2020-05-16T09:32:05.434+0000][15960][gc,age       ] GC(28) - age   5:     602040 bytes,     901488 total
[2020-05-16T09:32:05.434+0000][15960][gc,age       ] GC(28) - age   6:       6560 bytes,     908048 total
[2020-05-16T09:32:05.434+0000][15960][gc,age       ] GC(28) - age   7:      60712 bytes,     968760 total
[2020-05-16T09:32:05.434+0000][15960][gc,age       ] GC(28) - age   8:     254280 bytes,    1223040 total
[2020-05-16T09:32:05.434+0000][15960][gc,age       ] GC(28) - age   9:     367880 bytes,    1590920 total
[2020-05-16T09:32:05.434+0000][15960][gc,age       ] GC(28) - age  10:      71592 bytes,    1662512 total
[2020-05-16T09:32:05.434+0000][15960][gc,age       ] GC(28) - age  11:     165752 bytes,    1828264 total
[2020-05-16T09:32:05.434+0000][15960][gc,age       ] GC(28) - age  12:      26256 bytes,    1854520 total
[2020-05-16T09:32:05.434+0000][15960][gc,age       ] GC(28) - age  13:     438456 bytes,    2292976 total
[2020-05-16T09:32:05.434+0000][15960][gc,age       ] GC(28) - age  14:     274944 bytes,    2567920 total
[2020-05-16T09:32:05.434+0000][15960][gc,age       ] GC(28) - age  15:     199592 bytes,    2767512 total
[2020-05-16T09:32:05.434+0000][15960][gc,mmu       ] GC(28) MMU target violated: 201.0ms (200.0ms/201.0ms)
[2020-05-16T09:32:05.434+0000][15960][gc,phases    ] GC(28)   Pre Evacuate Collection Set: 1.3ms
[2020-05-16T09:32:05.434+0000][15960][gc,phases    ] GC(28)   Merge Heap Roots: 0.5ms
[2020-05-16T09:32:05.434+0000][15960][gc,phases    ] GC(28)   Evacuate Collection Set: 310.1ms
[2020-05-16T09:32:05.434+0000][15960][gc,phases    ] GC(28)   Post Evacuate Collection Set: 14.3ms
[2020-05-16T09:32:05.434+0000][15960][gc,phases    ] GC(28)   Other: 1.7ms
[2020-05-16T09:32:05.434+0000][15960][gc,heap      ] GC(28) Eden regions: 611->0(611)
[2020-05-16T09:32:05.434+0000][15960][gc,heap      ] GC(28) Survivor regions: 3->3(77)
[2020-05-16T09:32:05.434+0000][15960][gc,heap      ] GC(28) Old regions: 69->69
[2020-05-16T09:32:05.434+0000][15960][gc,heap      ] GC(28) Archive regions: 0->0
[2020-05-16T09:32:05.434+0000][15960][gc,heap      ] GC(28) Humongous regions: 7->7
[2020-05-16T09:32:05.434+0000][15960][gc,metaspace ] GC(28) Metaspace: 97416K(105124K)->97416K(105124K) NonClass: 84616K(89176K)->84616K(89176K) Class: 12799K(15948K)->12799K(15948K)
[2020-05-16T09:32:05.434+0000][15960][gc           ] GC(28) Pause Young (Normal) (G1 Evacuation Pause) 689M->78M(1024M) 327.915ms
[2020-05-16T09:32:05.434+0000][15960][gc,cpu       ] GC(28) User=0.11s Sys=0.06s Real=0.33s
[2020-05-16T09:32:05.434+0000][15960][safepoint    ] Safepoint "G1CollectForAllocation", Time since last: 338220365 ns, Reaching safepoint: 122362841 ns, At safepoint: 328295268 ns, Total: 450658109 ns
[2020-05-16T09:32:06.435+0000][15960][safepoint    ] Safepoint "Cleanup", Time since last: 1000250435 ns, Reaching safepoint: 122899 ns, At safepoint: 5565 ns, Total: 128464 ns
[2020-05-16T09:32:07.436+0000][15960][safepoint    ] Safepoint "Cleanup", Time since last: 1000749449 ns, Reaching safepoint: 87652 ns, At safepoint: 10203 ns, Total: 97855 ns
[2020-05-16T09:32:08.436+0000][15960][safepoint    ] Safepoint "Cleanup", Time since last: 1000211014 ns, Reaching safepoint: 124754 ns, At safepoint: 5565 ns, Total: 130319 ns
[2020-05-16T09:32:09.437+0000][15960][safepoint    ] Safepoint "Cleanup", Time since last: 1000617739 ns, Reaching safepoint: 152579 ns, At safepoint: 7884 ns, Total: 160463 ns
[2020-05-16T09:32:10.437+0000][15960][safepoint    ] Safepoint "Cleanup", Time since last: 1000269913 ns, Reaching safepoint: 89044 ns, At safepoint: 3246 ns, Total: 92290 ns
[2020-05-16T09:32:11.438+0000][15960][safepoint    ] Safepoint "Cleanup", Time since last: 1000788406 ns, Reaching safepoint: 131710 ns, At safepoint: 6956 ns, Total: 138666 ns
[2020-05-16T09:32:12.439+0000][15960][safepoint    ] Safepoint "Cleanup", Time since last: 1000733217 ns, Reaching safepoint: 121971 ns, At safepoint: 5565 ns, Total: 127536 ns
[2020-05-16T09:32:13.439+0000][15960][safepoint    ] Safepoint "Cleanup", Time since last: 1000130783 ns, Reaching safepoint: 98319 ns, At safepoint: 2782 ns, Total: 101101 ns
[2020-05-16T09:32:14.439+0000][15960][safepoint    ] Safepoint "Cleanup", Time since last: 1000231884 ns, Reaching safepoint: 210551 ns, At safepoint: 6957 ns, Total: 217508 ns
[2020-05-16T09:32:15.469+0000][15960][safepoint    ] Safepoint "Cleanup", Time since last: 1000143304 ns, Reaching safepoint: 28945610 ns, At safepoint: 74202 ns, Total: 29019812 ns
[2020-05-16T09:32:16.469+0000][15960][safepoint    ] Safepoint "Cleanup", Time since last: 1000300986 ns, Reaching safepoint: 175768 ns, At safepoint: 6493 ns, Total: 182261 ns
[2020-05-16T09:32:17.470+0000][15960][safepoint    ] Safepoint "Cleanup", Time since last: 1000416927 ns, Reaching safepoint: 152116 ns, At safepoint: 6029 ns, Total: 158145 ns
[2020-05-16T09:32:18.471+0000][15960][safepoint    ] Safepoint "Cleanup", Time since last: 1000831999 ns, Reaching safepoint: 172522 ns, At safepoint: 6957 ns, Total: 179479 ns
[2020-05-16T09:32:19.471+0000][15960][safepoint    ] Safepoint "Cleanup", Time since last: 1000275941 ns, Reaching safepoint: 98783 ns, At safepoint: 4638 ns, Total: 103421 ns
[2020-05-16T09:32:21.001+0000][15960][safepoint    ] Safepoint "Cleanup", Time since last: 1000674318 ns, Reaching safepoint: 529061320 ns, At safepoint: 369623 ns, Total: 529430943 ns
[2020-05-16T09:32:22.002+0000][15960][safepoint    ] Safepoint "Cleanup", Time since last: 1000401159 ns, Reaching safepoint: 115942 ns, At safepoint: 24580 ns, Total: 140522 ns
[2020-05-16T09:32:23.199+0000][15960][safepoint    ] Safepoint "Cleanup", Time since last: 1000786550 ns, Reaching safepoint: 197226112 ns, At safepoint: 142377 ns, Total: 197368489 ns
[2020-05-16T09:32:25.200+0000][15960][safepoint    ] Safepoint "Cleanup", Time since last: 1999800116 ns, Reaching safepoint: 142840 ns, At safepoint: 28754 ns, Total: 171594 ns
[2020-05-16T09:32:27.201+0000][15960][safepoint    ] Safepoint "Cleanup", Time since last: 2000649275 ns, Reaching safepoint: 145159 ns, At safepoint: 6029 ns, Total: 151188 ns
[2020-05-16T09:32:28.202+0000][15960][safepoint    ] Safepoint "Cleanup", Time since last: 1000713275 ns, Reaching safepoint: 132174 ns, At safepoint: 5565 ns, Total: 137739 ns
[2020-05-16T09:32:29.202+0000][15960][safepoint    ] Safepoint "Cleanup", Time since last: 1000724406 ns, Reaching safepoint: 95072 ns, At safepoint: 3246 ns, Total: 98318 ns
[2020-05-16T09:32:30.203+0000][15960][safepoint    ] Safepoint "Cleanup", Time since last: 1000392348 ns, Reaching safepoint: 109449 ns, At safepoint: 2783 ns, Total: 112232 ns
[2020-05-16T09:32:32.203+0000][15960][safepoint    ] Safepoint "Cleanup", Time since last: 2000367768 ns, Reaching safepoint: 99246 ns, At safepoint: 2783 ns, Total: 102029 ns
[2020-05-16T09:32:33.204+0000][15960][safepoint    ] Safepoint "Cleanup", Time since last: 1000507362 ns, Reaching safepoint: 98319 ns, At safepoint: 2782 ns, Total: 101101 ns
[2020-05-16T09:32:34.205+0000][15960][safepoint    ] Safepoint "Cleanup", Time since last: 1000582493 ns, Reaching safepoint: 81623 ns, At safepoint: 2319 ns, Total: 83942 ns
[2020-05-16T09:32:35.205+0000][15960][safepoint    ] Safepoint "Cleanup", Time since last: 1000268058 ns, Reaching safepoint: 100174 ns, At safepoint: 3246 ns, Total: 103420 ns
[2020-05-16T09:32:36.206+0000][15960][safepoint    ] Safepoint "Cleanup", Time since last: 1000462840 ns, Reaching safepoint: 136348 ns, At safepoint: 6029 ns, Total: 142377 ns
[2020-05-16T09:32:37.339+0000][15960][safepoint    ] Safepoint "Cleanup", Time since last: 1000566724 ns, Reaching safepoint: 133066142 ns, At safepoint: 386782 ns, Total: 133452924 ns
[2020-05-16T09:32:38.340+0000][15960][safepoint    ] Safepoint "Cleanup", Time since last: 1000383072 ns, Reaching safepoint: 262029 ns, At safepoint: 209623 ns, Total: 471652 ns
[2020-05-16T09:32:40.341+0000][15960][safepoint    ] Safepoint "Cleanup", Time since last: 2000744811 ns, Reaching safepoint: 95073 ns, At safepoint: 2783 ns, Total: 97856 ns
[2020-05-16T09:32:42.144+0000][15960][safepoint    ] Safepoint "Cleanup", Time since last: 1802508613 ns, Reaching safepoint: 139594 ns, At safepoint: 10203 ns, Total: 149797 ns
[2020-05-16T09:32:43.145+0000][15960][safepoint    ] Safepoint "Cleanup", Time since last: 1000476753 ns, Reaching safepoint: 99710 ns, At safepoint: 6029 ns, Total: 105739 ns
[2020-05-16T09:32:44.146+0000][15960][safepoint    ] Safepoint "Cleanup", Time since last: 1000817623 ns, Reaching safepoint: 86261 ns, At safepoint: 2783 ns, Total: 89044 ns
[2020-05-16T09:32:45.146+0000][15960][safepoint    ] Safepoint "Cleanup", Time since last: 1000436405 ns, Reaching safepoint: 235594 ns, At safepoint: 8348 ns, Total: 243942 ns
[2020-05-16T09:32:46.147+0000][15960][safepoint    ] Safepoint "Cleanup", Time since last: 1000428058 ns, Reaching safepoint: 142377 ns, At safepoint: 4637 ns, Total: 147014 ns
[2020-05-16T09:32:48.227+0000][15960][safepoint    ] Safepoint "Cleanup", Time since last: 2000954435 ns, Reaching safepoint: 79624774 ns, At safepoint: 99710 ns, Total: 79724484 ns
[2020-05-16T09:32:49.229+0000][15960][safepoint    ] Safepoint "Cleanup", Time since last: 1001102840 ns, Reaching safepoint: 108986 ns, At safepoint: 3246 ns, Total: 112232 ns
[2020-05-16T09:32:50.229+0000][15960][safepoint    ] Safepoint "Cleanup", Time since last: 1000699826 ns, Reaching safepoint: 136348 ns, At safepoint: 5101 ns, Total: 141449 ns
[2020-05-16T09:32:52.230+0000][15960][safepoint    ] Safepoint "Cleanup", Time since last: 2000679884 ns, Reaching safepoint: 151652 ns, At safepoint: 7884 ns, Total: 159536 ns
[2020-05-16T09:32:54.231+0000][15960][safepoint    ] Safepoint "Cleanup", Time since last: 2000321855 ns, Reaching safepoint: 129391 ns, At safepoint: 3247 ns, Total: 132638 ns
[2020-05-16T09:32:55.231+0000][15960][safepoint    ] Safepoint "Cleanup", Time since last: 1000259246 ns, Reaching safepoint: 104348 ns, At safepoint: 4637 ns, Total: 108985 ns
[2020-05-16T09:32:56.232+0000][15960][safepoint    ] Safepoint "Cleanup", Time since last: 1000441971 ns, Reaching safepoint: 109913 ns, At safepoint: 5102 ns, Total: 115015 ns
[2020-05-16T09:32:57.232+0000][15960][safepoint    ] Safepoint "Cleanup", Time since last: 1000479999 ns, Reaching safepoint: 151653 ns, At safepoint: 6492 ns, Total: 158145 ns
[2020-05-16T09:32:59.233+0000][15960][safepoint    ] Safepoint "Cleanup", Time since last: 2000815304 ns, Reaching safepoint: 158609 ns, At safepoint: 8812 ns, Total: 167421 ns
[2020-05-16T09:33:00.234+0000][15960][safepoint    ] Safepoint "Cleanup", Time since last: 1000760115 ns, Reaching safepoint: 147942 ns, At safepoint: 6029 ns, Total: 153971 ns
[2020-05-16T09:33:02.234+0000][15960][safepoint    ] Safepoint "Cleanup", Time since last: 2000040348 ns, Reaching safepoint: 149797 ns, At safepoint: 8811 ns, Total: 158608 ns
[2020-05-16T09:33:03.235+0000][15960][safepoint    ] Safepoint "Cleanup", Time since last: 1000896000 ns, Reaching safepoint: 138203 ns, At safepoint: 5565 ns, Total: 143768 ns
[2020-05-16T09:33:04.236+0000][15960][safepoint    ] Safepoint "Cleanup", Time since last: 1000128928 ns, Reaching safepoint: 162318 ns, At safepoint: 6029 ns, Total: 168347 ns
[2020-05-16T09:33:05.237+0000][15960][safepoint    ] Safepoint "Cleanup", Time since last: 1000891826 ns, Reaching safepoint: 140522 ns, At safepoint: 5565 ns, Total: 146087 ns
[2020-05-16T09:33:07.237+0000][15960][safepoint    ] Safepoint "Cleanup", Time since last: 2000051942 ns, Reaching safepoint: 90898 ns, At safepoint: 3247 ns, Total: 94145 ns
[2020-05-16T09:33:08.238+0000][15960][safepoint    ] Safepoint "Cleanup", Time since last: 1000637217 ns, Reaching safepoint: 154435 ns, At safepoint: 9739 ns, Total: 164174 ns
[2020-05-16T09:33:09.238+0000][15960][safepoint    ] Safepoint "Cleanup", Time since last: 1000488811 ns, Reaching safepoint: 143768 ns, At safepoint: 8348 ns, Total: 152116 ns
[2020-05-16T09:33:10.239+0000][15960][safepoint    ] Safepoint "Cleanup", Time since last: 1000235130 ns, Reaching safepoint: 166493 ns, At safepoint: 9739 ns, Total: 176232 ns
[2020-05-16T09:33:11.240+0000][15960][safepoint    ] Safepoint "Cleanup", Time since last: 1000910840 ns, Reaching safepoint: 149797 ns, At safepoint: 7421 ns, Total: 157218 ns
[2020-05-16T09:33:13.240+0000][15960][safepoint    ] Safepoint "Cleanup", Time since last: 2000098782 ns, Reaching safepoint: 215188 ns, At safepoint: 12058 ns, Total: 227246 ns
[2020-05-16T09:33:14.241+0000][15960][safepoint    ] Safepoint "Cleanup", Time since last: 1000617275 ns, Reaching safepoint: 157218 ns, At safepoint: 8348 ns, Total: 165566 ns
[2020-05-16T09:33:15.242+0000][15960][safepoint    ] Safepoint "Cleanup", Time since last: 1000407188 ns, Reaching safepoint: 165565 ns, At safepoint: 9275 ns, Total: 174840 ns
[2020-05-16T09:33:16.242+0000][15960][safepoint    ] Safepoint "Cleanup", Time since last: 1000198493 ns, Reaching safepoint: 132638 ns, At safepoint: 5565 ns, Total: 138203 ns
[2020-05-16T09:33:17.244+0000][15960][safepoint    ] Safepoint "Cleanup", Time since last: 1001766492 ns, Reaching safepoint: 129391 ns, At safepoint: 5565 ns, Total: 134956 ns
[2020-05-16T09:33:18.244+0000][15960][safepoint    ] Safepoint "Cleanup", Time since last: 1000389565 ns, Reaching safepoint: 119189 ns, At safepoint: 5565 ns, Total: 124754 ns
[2020-05-16T09:33:19.245+0000][15960][safepoint    ] Safepoint "Cleanup", Time since last: 1000825970 ns, Reaching safepoint: 337160 ns, At safepoint: 19014 ns, Total: 356174 ns
[2020-05-16T09:33:20.246+0000][15960][safepoint    ] Safepoint "Cleanup", Time since last: 1000355246 ns, Reaching safepoint: 150261 ns, At safepoint: 6029 ns, Total: 156290 ns
[2020-05-16T09:33:21.247+0000][15960][safepoint    ] Safepoint "Cleanup", Time since last: 1000696580 ns, Reaching safepoint: 125681 ns, At safepoint: 3710 ns, Total: 129391 ns
[2020-05-16T09:33:22.247+0000][15960][safepoint    ] Safepoint "Cleanup", Time since last: 1000166492 ns, Reaching safepoint: 126145 ns, At safepoint: 6493 ns, Total: 132638 ns
[2020-05-16T09:33:23.262+0000][15960][safepoint    ] Safepoint "Cleanup", Time since last: 1014898544 ns, Reaching safepoint: 172522 ns, At safepoint: 7884 ns, Total: 180406 ns
[2020-05-16T09:33:24.272+0000][15960][safepoint    ] Safepoint "Cleanup", Time since last: 1001158028 ns, Reaching safepoint: 8286141 ns, At safepoint: 65391 ns, Total: 8351532 ns
[2020-05-16T09:33:25.272+0000][15960][safepoint    ] Safepoint "Cleanup", Time since last: 1000588986 ns, Reaching safepoint: 104811 ns, At safepoint: 3710 ns, Total: 108521 ns
[2020-05-16T09:33:26.273+0000][15960][safepoint    ] Safepoint "Cleanup", Time since last: 1000094609 ns, Reaching safepoint: 200812 ns, At safepoint: 9739 ns, Total: 210551 ns
[2020-05-16T09:33:28.273+0000][15960][safepoint    ] Safepoint "Cleanup", Time since last: 2000587594 ns, Reaching safepoint: 208231 ns, At safepoint: 5102 ns, Total: 213333 ns
[2020-05-16T09:33:29.274+0000][15960][safepoint    ] Safepoint "Cleanup", Time since last: 1000603362 ns, Reaching safepoint: 174377 ns, At safepoint: 9739 ns, Total: 184116 ns
[2020-05-16T09:33:30.275+0000][15960][safepoint    ] Safepoint "Cleanup", Time since last: 1000598260 ns, Reaching safepoint: 239305 ns, At safepoint: 9275 ns, Total: 248580 ns
[2020-05-16T09:33:31.275+0000][15960][safepoint    ] Safepoint "Cleanup", Time since last: 1000049623 ns, Reaching safepoint: 134957 ns, At safepoint: 6029 ns, Total: 140986 ns
[2020-05-16T09:33:33.276+0000][15960][safepoint    ] Safepoint "Cleanup", Time since last: 2000447072 ns, Reaching safepoint: 153971 ns, At safepoint: 5565 ns, Total: 159536 ns
[2020-05-16T09:33:34.277+0000][15960][safepoint    ] Safepoint "Cleanup", Time since last: 1000583884 ns, Reaching safepoint: 144695 ns, At safepoint: 5102 ns, Total: 149797 ns
[2020-05-16T09:33:35.277+0000][15960][safepoint    ] Safepoint "Cleanup", Time since last: 1000502724 ns, Reaching safepoint: 123362 ns, At safepoint: 5566 ns, Total: 128928 ns
[2020-05-16T09:33:36.278+0000][15960][safepoint    ] Safepoint "Cleanup", Time since last: 1000021797 ns, Reaching safepoint: 146087 ns, At safepoint: 6029 ns, Total: 152116 ns
[2020-05-16T09:33:37.278+0000][15960][safepoint    ] Safepoint "Cleanup", Time since last: 1000373333 ns, Reaching safepoint: 111768 ns, At safepoint: 5565 ns, Total: 117333 ns
[2020-05-16T09:33:38.278+0000][15960][safepoint    ] Safepoint "Cleanup", Time since last: 1000336696 ns, Reaching safepoint: 111304 ns, At safepoint: 5101 ns, Total: 116405 ns
[2020-05-16T09:33:39.279+0000][15960][safepoint    ] Safepoint "Cleanup", Time since last: 1000539362 ns, Reaching safepoint: 151189 ns, At safepoint: 7420 ns, Total: 158609 ns
[2020-05-16T09:33:40.280+0000][15960][safepoint    ] Safepoint "Cleanup", Time since last: 1000834782 ns, Reaching safepoint: 147478 ns, At safepoint: 5566 ns, Total: 153044 ns
[2020-05-16T09:33:41.281+0000][15960][safepoint    ] Safepoint "Cleanup", Time since last: 1000268985 ns, Reaching safepoint: 149333 ns, At safepoint: 6029 ns, Total: 155362 ns
[2020-05-16T09:33:42.282+0000][15960][safepoint    ] Safepoint "Cleanup", Time since last: 1000816695 ns, Reaching safepoint: 125682 ns, At safepoint: 3246 ns, Total: 128928 ns
[2020-05-16T09:33:44.282+0000][15960][safepoint    ] Safepoint "Cleanup", Time since last: 2000025971 ns, Reaching safepoint: 161855 ns, At safepoint: 5565 ns, Total: 167420 ns
[2020-05-16T09:33:45.282+0000][15960][safepoint    ] Safepoint "Cleanup", Time since last: 1000406725 ns, Reaching safepoint: 138202 ns, At safepoint: 5566 ns, Total: 143768 ns
[2020-05-16T09:33:46.283+0000][15960][safepoint    ] Safepoint "Cleanup", Time since last: 1000430376 ns, Reaching safepoint: 130783 ns, At safepoint: 6029 ns, Total: 136812 ns
[2020-05-16T09:33:48.283+0000][15960][safepoint    ] Safepoint "Cleanup", Time since last: 2000014377 ns, Reaching safepoint: 145623 ns, At safepoint: 6029 ns, Total: 151652 ns
[2020-05-16T09:33:49.284+0000][15960][safepoint    ] Safepoint "Cleanup", Time since last: 1000789333 ns, Reaching safepoint: 137275 ns, At safepoint: 6493 ns, Total: 143768 ns
[2020-05-16T09:33:50.384+0000][15960][safepoint    ] Safepoint "Cleanup", Time since last: 1099981866 ns, Reaching safepoint: 102957 ns, At safepoint: 54725 ns, Total: 157682 ns
[2020-05-16T09:33:51.384+0000][15960][safepoint    ] Safepoint "Cleanup", Time since last: 1000157681 ns, Reaching safepoint: 167420 ns, At safepoint: 8348 ns, Total: 175768 ns
[2020-05-16T09:33:52.385+0000][15960][safepoint    ] Safepoint "Cleanup", Time since last: 1000722550 ns, Reaching safepoint: 150725 ns, At safepoint: 8811 ns, Total: 159536 ns
[2020-05-16T09:33:53.385+0000][15960][safepoint    ] Safepoint "Cleanup", Time since last: 1000095536 ns, Reaching safepoint: 166029 ns, At safepoint: 6029 ns, Total: 172058 ns
[2020-05-16T09:33:54.386+0000][15960][safepoint    ] Safepoint "Cleanup", Time since last: 1000254145 ns, Reaching safepoint: 160464 ns, At safepoint: 6029 ns, Total: 166493 ns
[2020-05-16T09:33:55.387+0000][15960][safepoint    ] Safepoint "Cleanup", Time since last: 1000576927 ns, Reaching safepoint: 162319 ns, At safepoint: 6493 ns, Total: 168812 ns
[2020-05-16T09:33:57.387+0000][15960][safepoint    ] Safepoint "Cleanup", Time since last: 2000625622 ns, Reaching safepoint: 168812 ns, At safepoint: 9275 ns, Total: 178087 ns
[2020-05-16T09:33:58.388+0000][15960][safepoint    ] Safepoint "Cleanup", Time since last: 1000684522 ns, Reaching safepoint: 177623 ns, At safepoint: 6029 ns, Total: 183652 ns
[2020-05-16T09:33:59.389+0000][15960][safepoint    ] Safepoint "Cleanup", Time since last: 1000190608 ns, Reaching safepoint: 114087 ns, At safepoint: 4174 ns, Total: 118261 ns
[2020-05-16T09:34:00.389+0000][15960][safepoint    ] Safepoint "Cleanup", Time since last: 1000570435 ns, Reaching safepoint: 177623 ns, At safepoint: 8348 ns, Total: 185971 ns
[2020-05-16T09:34:01.390+0000][15960][safepoint    ] Safepoint "Cleanup", Time since last: 1000350144 ns, Reaching safepoint: 154435 ns, At safepoint: 8348 ns, Total: 162783 ns
[2020-05-16T09:34:02.390+0000][15960][safepoint    ] Safepoint "Cleanup", Time since last: 1000151188 ns, Reaching safepoint: 112232 ns, At safepoint: 4638 ns, Total: 116870 ns
[2020-05-16T09:34:03.391+0000][15960][safepoint    ] Safepoint "Cleanup", Time since last: 1000192463 ns, Reaching safepoint: 169276 ns, At safepoint: 7884 ns, Total: 177160 ns
[2020-05-16T09:34:04.392+0000][15960][safepoint    ] Safepoint "Cleanup", Time since last: 1000828753 ns, Reaching safepoint: 109449 ns, At safepoint: 3710 ns, Total: 113159 ns
[2020-05-16T09:34:05.392+0000][15960][safepoint    ] Safepoint "Cleanup", Time since last: 1000172522 ns, Reaching safepoint: 120580 ns, At safepoint: 4174 ns, Total: 124754 ns
[2020-05-16T09:34:06.392+0000][15960][safepoint    ] Safepoint "Cleanup", Time since last: 1000267130 ns, Reaching safepoint: 192464 ns, At safepoint: 6492 ns, Total: 198956 ns
[2020-05-16T09:34:07.393+0000][15960][safepoint    ] Safepoint "Cleanup", Time since last: 1000043595 ns, Reaching safepoint: 92289 ns, At safepoint: 3711 ns, Total: 96000 ns
[2020-05-16T09:34:08.393+0000][15960][safepoint    ] Safepoint "Cleanup", Time since last: 1000426202 ns, Reaching safepoint: 86261 ns, At safepoint: 3246 ns, Total: 89507 ns
[2020-05-16T09:34:09.882+0000][15960][safepoint    ] Safepoint "Cleanup", Time since last: 1489191658 ns, Reaching safepoint: 160000 ns, At safepoint: 5565 ns, Total: 165565 ns
[2020-05-16T09:34:10.883+0000][15960][safepoint    ] Safepoint "Cleanup", Time since last: 1000441043 ns, Reaching safepoint: 144232 ns, At safepoint: 6493 ns, Total: 150725 ns
[2020-05-16T09:34:11.884+0000][15960][safepoint    ] Safepoint "Cleanup", Time since last: 1000758260 ns, Reaching safepoint: 563478 ns, At safepoint: 4174 ns, Total: 567652 ns
[2020-05-16T09:34:13.884+0000][15960][safepoint    ] Safepoint "Cleanup", Time since last: 2000140058 ns, Reaching safepoint: 142377 ns, At safepoint: 6492 ns, Total: 148869 ns
[2020-05-16T09:34:14.885+0000][15960][safepoint    ] Safepoint "Cleanup", Time since last: 1000346435 ns, Reaching safepoint: 159072 ns, At safepoint: 6493 ns, Total: 165565 ns
[2020-05-16T09:34:15.886+0000][15960][safepoint    ] Safepoint "Cleanup", Time since last: 1000347826 ns, Reaching safepoint: 147015 ns, At safepoint: 6492 ns, Total: 153507 ns
[2020-05-16T09:34:16.886+0000][15960][safepoint    ] Safepoint "Cleanup", Time since last: 1000753623 ns, Reaching safepoint: 136348 ns, At safepoint: 6029 ns, Total: 142377 ns
[2020-05-16T09:34:17.887+0000][15960][safepoint    ] Safepoint "Cleanup", Time since last: 1000442898 ns, Reaching safepoint: 129391 ns, At safepoint: 6493 ns, Total: 135884 ns
[2020-05-16T09:34:18.888+0000][15960][safepoint    ] Safepoint "Cleanup", Time since last: 1000791652 ns, Reaching safepoint: 161855 ns, At safepoint: 10203 ns, Total: 172058 ns
[2020-05-16T09:34:19.888+0000][15960][safepoint    ] Safepoint "Cleanup", Time since last: 1000053333 ns, Reaching safepoint: 104348 ns, At safepoint: 6493 ns, Total: 110841 ns
[2020-05-16T09:34:20.889+0000][15960][safepoint    ] Safepoint "Cleanup", Time since last: 1000476753 ns, Reaching safepoint: 159073 ns, At safepoint: 9275 ns, Total: 168348 ns
[2020-05-16T09:34:21.890+0000][15960][safepoint    ] Safepoint "Cleanup", Time since last: 1000628405 ns, Reaching safepoint: 532870 ns, At safepoint: 11130 ns, Total: 544000 ns
[2020-05-16T09:34:22.890+0000][15960][safepoint    ] Safepoint "Cleanup", Time since last: 1000224464 ns, Reaching safepoint: 162319 ns, At safepoint: 7884 ns, Total: 170203 ns
[2020-05-16T09:34:23.891+0000][15960][safepoint    ] Safepoint "Cleanup", Time since last: 1000132637 ns, Reaching safepoint: 246725 ns, At safepoint: 8348 ns, Total: 255073 ns
[2020-05-16T09:34:25.892+0000][15960][safepoint    ] Safepoint "Cleanup", Time since last: 2000809738 ns, Reaching safepoint: 184580 ns, At safepoint: 10203 ns, Total: 194783 ns
[2020-05-16T09:34:26.893+0000][15960][safepoint    ] Safepoint "Cleanup", Time since last: 1000787478 ns, Reaching safepoint: 120116 ns, At safepoint: 5101 ns, Total: 125217 ns
[2020-05-16T09:34:27.893+0000][15960][safepoint    ] Safepoint "Cleanup", Time since last: 1000716522 ns, Reaching safepoint: 90898 ns, At safepoint: 2783 ns, Total: 93681 ns
[2020-05-16T09:34:29.894+0000][15960][safepoint    ] Safepoint "Cleanup", Time since last: 2000421101 ns, Reaching safepoint: 129855 ns, At safepoint: 2783 ns, Total: 132638 ns
[2020-05-16T09:34:30.895+0000][15960][safepoint    ] Safepoint "Cleanup", Time since last: 1000828289 ns, Reaching safepoint: 143304 ns, At safepoint: 6493 ns, Total: 149797 ns
[2020-05-16T09:34:31.896+0000][15960][safepoint    ] Safepoint "Cleanup", Time since last: 1000892753 ns, Reaching safepoint: 248116 ns, At safepoint: 8812 ns, Total: 256928 ns
[2020-05-16T09:34:33.135+0000][15960][safepoint    ] Safepoint "Cleanup", Time since last: 1000024579 ns, Reaching safepoint: 238936933 ns, At safepoint: 85333 ns, Total: 239022266 ns
[2020-05-16T09:34:34.136+0000][15960][safepoint    ] Safepoint "Cleanup", Time since last: 1000301913 ns, Reaching safepoint: 96464 ns, At safepoint: 4638 ns, Total: 101102 ns
[2020-05-16T09:34:35.136+0000][15960][safepoint    ] Safepoint "Cleanup", Time since last: 1000489275 ns, Reaching safepoint: 261101 ns, At safepoint: 32928 ns, Total: 294029 ns
[2020-05-16T09:34:36.137+0000][15960][safepoint    ] Safepoint "Cleanup", Time since last: 1000629796 ns, Reaching safepoint: 182261 ns, At safepoint: 6493 ns, Total: 188754 ns
[2020-05-16T09:34:37.138+0000][15960][safepoint    ] Safepoint "Cleanup", Time since last: 1000836637 ns, Reaching safepoint: 172986 ns, At safepoint: 5101 ns, Total: 178087 ns
[2020-05-16T09:34:38.139+0000][15960][safepoint    ] Safepoint "Cleanup", Time since last: 1000354783 ns, Reaching safepoint: 112231 ns, At safepoint: 4638 ns, Total: 116869 ns
[2020-05-16T09:34:39.139+0000][15960][safepoint    ] Safepoint "Cleanup", Time since last: 1000507826 ns, Reaching safepoint: 84869 ns, At safepoint: 3711 ns, Total: 88580 ns
[2020-05-16T09:34:40.154+0000][15960][safepoint    ] Safepoint "Cleanup", Time since last: 1000446608 ns, Reaching safepoint: 13951994 ns, At safepoint: 83478 ns, Total: 14035472 ns
[2020-05-16T09:34:42.155+0000][15960][safepoint    ] Safepoint "Cleanup", Time since last: 2000780985 ns, Reaching safepoint: 96464 ns, At safepoint: 4174 ns, Total: 100638 ns
[2020-05-16T09:34:43.156+0000][15960][safepoint    ] Safepoint "Cleanup", Time since last: 1000936347 ns, Reaching safepoint: 82087 ns, At safepoint: 12058 ns, Total: 94145 ns
[2020-05-16T09:34:44.157+0000][15960][safepoint    ] Safepoint "Cleanup", Time since last: 1000726260 ns, Reaching safepoint: 157681 ns, At safepoint: 6957 ns, Total: 164638 ns
[2020-05-16T09:34:45.176+0000][15960][safepoint    ] Safepoint "Cleanup", Time since last: 1000394203 ns, Reaching safepoint: 19469904 ns, At safepoint: 119188 ns, Total: 19589092 ns
[2020-05-16T09:34:47.177+0000][15960][safepoint    ] Safepoint "Cleanup", Time since last: 2000117333 ns, Reaching safepoint: 89971 ns, At safepoint: 2783 ns, Total: 92754 ns
[2020-05-16T09:34:48.177+0000][15960][safepoint    ] Safepoint "Cleanup", Time since last: 1000510145 ns, Reaching safepoint: 292173 ns, At safepoint: 11595 ns, Total: 303768 ns
[2020-05-16T09:34:49.178+0000][15960][safepoint    ] Safepoint "Cleanup", Time since last: 1000411362 ns, Reaching safepoint: 130782 ns, At safepoint: 6029 ns, Total: 136811 ns
[2020-05-16T09:34:50.178+0000][15960][safepoint    ] Safepoint "Cleanup", Time since last: 1000186899 ns, Reaching safepoint: 143768 ns, At safepoint: 7420 ns, Total: 151188 ns
[2020-05-16T09:34:51.179+0000][15960][safepoint    ] Safepoint "Cleanup", Time since last: 1000100174 ns, Reaching safepoint: 130319 ns, At safepoint: 2319 ns, Total: 132638 ns
[2020-05-16T09:34:52.179+0000][15960][safepoint    ] Safepoint "Cleanup", Time since last: 1000191536 ns, Reaching safepoint: 134029 ns, At safepoint: 6029 ns, Total: 140058 ns
[2020-05-16T09:34:53.179+0000][15960][safepoint    ] Safepoint "Cleanup", Time since last: 1000223072 ns, Reaching safepoint: 139594 ns, At safepoint: 6029 ns, Total: 145623 ns
[2020-05-16T09:34:54.180+0000][15960][safepoint    ] Safepoint "Cleanup", Time since last: 1000540753 ns, Reaching safepoint: 128928 ns, At safepoint: 5565 ns, Total: 134493 ns
[2020-05-16T09:34:55.181+0000][15960][safepoint    ] Safepoint "Cleanup", Time since last: 1000601507 ns, Reaching safepoint: 132174 ns, At safepoint: 5565 ns, Total: 137739 ns
[2020-05-16T09:34:56.182+0000][15960][safepoint    ] Safepoint "Cleanup", Time since last: 1000860290 ns, Reaching safepoint: 131710 ns, At safepoint: 5101 ns, Total: 136811 ns
[2020-05-16T09:34:57.182+0000][15960][safepoint    ] Safepoint "Cleanup", Time since last: 1000509217 ns, Reaching safepoint: 104348 ns, At safepoint: 3246 ns, Total: 107594 ns
[2020-05-16T09:34:59.183+0000][15960][safepoint    ] Safepoint "Cleanup", Time since last: 2000857507 ns, Reaching safepoint: 132638 ns, At safepoint: 5565 ns, Total: 138203 ns
[2020-05-16T09:35:00.184+0000][15960][safepoint    ] Safepoint "Cleanup", Time since last: 1000729507 ns, Reaching safepoint: 80232 ns, At safepoint: 4174 ns, Total: 84406 ns
[2020-05-16T09:35:01.185+0000][15960][safepoint    ] Safepoint "Cleanup", Time since last: 1000628869 ns, Reaching safepoint: 147942 ns, At safepoint: 6029 ns, Total: 153971 ns
[2020-05-16T09:35:02.186+0000][15960][safepoint    ] Safepoint "Cleanup", Time since last: 1000533797 ns, Reaching safepoint: 159536 ns, At safepoint: 6493 ns, Total: 166029 ns
[2020-05-16T09:35:04.186+0000][15960][safepoint    ] Safepoint "Cleanup", Time since last: 2000147942 ns, Reaching safepoint: 102492 ns, At safepoint: 5566 ns, Total: 108058 ns
[2020-05-16T09:35:05.616+0000][15960][safepoint    ] Safepoint "Cleanup", Time since last: 1000747594 ns, Reaching safepoint: 429215337 ns, At safepoint: 69565 ns, Total: 429284902 ns
[2020-05-16T09:35:06.827+0000][15960][safepoint    ] Safepoint "Cleanup", Time since last: 1000375188 ns, Reaching safepoint: 210636424 ns, At safepoint: 87189 ns, Total: 210723613 ns
[2020-05-16T09:35:08.828+0000][15960][safepoint    ] Safepoint "Cleanup", Time since last: 2000343188 ns, Reaching safepoint: 98782 ns, At safepoint: 11595 ns, Total: 110377 ns
[2020-05-16T09:35:09.828+0000][15960][safepoint    ] Safepoint "Cleanup", Time since last: 1000023188 ns, Reaching safepoint: 161391 ns, At safepoint: 5102 ns, Total: 166493 ns
[2020-05-16T09:35:11.828+0000][15960][safepoint    ] Safepoint "Cleanup", Time since last: 2000506898 ns, Reaching safepoint: 211014 ns, At safepoint: 5102 ns, Total: 216116 ns
[2020-05-16T09:35:12.829+0000][15960][safepoint    ] Safepoint "Cleanup", Time since last: 1000079768 ns, Reaching safepoint: 97855 ns, At safepoint: 2783 ns, Total: 100638 ns
[2020-05-16T09:35:13.829+0000][15960][safepoint    ] Safepoint "Cleanup", Time since last: 1000409043 ns, Reaching safepoint: 89507 ns, At safepoint: 4174 ns, Total: 93681 ns
[2020-05-16T09:35:14.830+0000][15960][safepoint    ] Safepoint "Cleanup", Time since last: 1000797681 ns, Reaching safepoint: 132174 ns, At safepoint: 6492 ns, Total: 138666 ns
[2020-05-16T09:35:16.850+0000][15960][safepoint    ] Safepoint "Cleanup", Time since last: 2000183652 ns, Reaching safepoint: 20114078 ns, At safepoint: 45449 ns, Total: 20159527 ns
[2020-05-16T09:35:18.294+0000][15960][safepoint    ] Safepoint "Cleanup", Time since last: 1000608928 ns, Reaching safepoint: 443275852 ns, At safepoint: 204058 ns, Total: 443479910 ns
[2020-05-16T09:35:20.391+0000][15960][safepoint    ] Safepoint "Cleanup", Time since last: 2000515710 ns, Reaching safepoint: 96068129 ns, At safepoint: 445681 ns, Total: 96513810 ns
[2020-05-16T09:35:21.392+0000][15960][safepoint    ] Safepoint "Cleanup", Time since last: 1000803710 ns, Reaching safepoint: 133101 ns, At safepoint: 5102 ns, Total: 138203 ns
[2020-05-16T09:35:23.393+0000][15960][safepoint    ] Safepoint "Cleanup", Time since last: 2000538898 ns, Reaching safepoint: 74203 ns, At safepoint: 3710 ns, Total: 77913 ns
[2020-05-16T09:35:24.393+0000][15960][safepoint    ] Safepoint "Cleanup", Time since last: 1000268985 ns, Reaching safepoint: 122899 ns, At safepoint: 18087 ns, Total: 140986 ns
[2020-05-16T09:35:25.394+0000][15960][safepoint    ] Safepoint "Cleanup", Time since last: 1000215652 ns, Reaching safepoint: 153043 ns, At safepoint: 6029 ns, Total: 159072 ns
[2020-05-16T09:35:27.394+0000][15960][safepoint    ] Safepoint "Cleanup", Time since last: 2000001855 ns, Reaching safepoint: 145623 ns, At safepoint: 5566 ns, Total: 151189 ns
[2020-05-16T09:35:28.395+0000][15960][safepoint    ] Safepoint "Cleanup", Time since last: 1000474434 ns, Reaching safepoint: 120580 ns, At safepoint: 4638 ns, Total: 125218 ns
[2020-05-16T09:35:29.478+0000][15960][safepoint    ] Safepoint "Cleanup", Time since last: 1000351072 ns, Reaching safepoint: 82712541 ns, At safepoint: 319536 ns, Total: 83032077 ns
[2020-05-16T09:35:31.479+0000][15960][safepoint    ] Safepoint "Cleanup", Time since last: 2000677565 ns, Reaching safepoint: 157217 ns, At safepoint: 61218 ns, Total: 218435 ns
[2020-05-16T09:35:32.480+0000][15960][safepoint    ] Safepoint "Cleanup", Time since last: 1000505507 ns, Reaching safepoint: 274550 ns, At safepoint: 11595 ns, Total: 286145 ns
[2020-05-16T09:35:33.480+0000][15960][safepoint    ] Safepoint "Cleanup", Time since last: 1000479999 ns, Reaching safepoint: 84870 ns, At safepoint: 5101 ns, Total: 89971 ns
[2020-05-16T09:35:34.481+0000][15960][safepoint    ] Safepoint "Cleanup", Time since last: 1000503189 ns, Reaching safepoint: 122434 ns, At safepoint: 21797 ns, Total: 144231 ns
[2020-05-16T09:35:35.482+0000][15960][safepoint    ] Safepoint "Cleanup", Time since last: 1000656232 ns, Reaching safepoint: 117797 ns, At safepoint: 6493 ns, Total: 124290 ns
[2020-05-16T09:35:36.482+0000][15960][safepoint    ] Safepoint "Cleanup", Time since last: 1000396521 ns, Reaching safepoint: 102029 ns, At safepoint: 4638 ns, Total: 106667 ns
[2020-05-16T09:35:37.483+0000][15960][safepoint    ] Safepoint "Cleanup", Time since last: 1000809275 ns, Reaching safepoint: 115942 ns, At safepoint: 7884 ns, Total: 123826 ns
[2020-05-16T09:35:38.484+0000][15960][safepoint    ] Safepoint "Cleanup", Time since last: 1000870956 ns, Reaching safepoint: 106203 ns, At safepoint: 5101 ns, Total: 111304 ns
[2020-05-16T09:35:39.484+0000][15960][safepoint    ] Safepoint "Cleanup", Time since last: 1000119189 ns, Reaching safepoint: 120116 ns, At safepoint: 6029 ns, Total: 126145 ns
[2020-05-16T09:35:40.485+0000][15960][safepoint    ] Safepoint "Cleanup", Time since last: 1000873738 ns, Reaching safepoint: 119652 ns, At safepoint: 4638 ns, Total: 124290 ns
[2020-05-16T09:35:41.486+0000][15960][safepoint    ] Safepoint "Cleanup", Time since last: 1000370551 ns, Reaching safepoint: 143768 ns, At safepoint: 4637 ns, Total: 148405 ns
[2020-05-16T09:35:42.487+0000][15960][safepoint    ] Safepoint "Cleanup", Time since last: 1000830145 ns, Reaching safepoint: 83014 ns, At safepoint: 4174 ns, Total: 87188 ns
[2020-05-16T09:35:43.488+0000][15960][safepoint    ] Safepoint "Cleanup", Time since last: 1000671072 ns, Reaching safepoint: 131711 ns, At safepoint: 3246 ns, Total: 134957 ns
[2020-05-16T09:35:45.100+0000][15960][safepoint    ] Safepoint "Cleanup", Time since last: 1000448927 ns, Reaching safepoint: 611997398 ns, At safepoint: 121507 ns, Total: 612118905 ns
[2020-05-16T09:35:46.101+0000][15960][safepoint    ] Safepoint "Cleanup", Time since last: 1000231420 ns, Reaching safepoint: 97391 ns, At safepoint: 4174 ns, Total: 101565 ns
[2020-05-16T09:35:47.101+0000][15960][safepoint    ] Safepoint "Cleanup", Time since last: 1000394203 ns, Reaching safepoint: 146551 ns, At safepoint: 25507 ns, Total: 172058 ns
[2020-05-16T09:35:48.102+0000][15960][safepoint    ] Safepoint "Cleanup", Time since last: 1000470260 ns, Reaching safepoint: 78377 ns, At safepoint: 3247 ns, Total: 81624 ns
[2020-05-16T09:35:49.103+0000][15960][safepoint    ] Safepoint "Cleanup", Time since last: 1000924289 ns, Reaching safepoint: 191536 ns, At safepoint: 45449 ns, Total: 236985 ns
[2020-05-16T09:35:50.103+0000][15960][safepoint    ] Safepoint "Cleanup", Time since last: 1000549565 ns, Reaching safepoint: 128000 ns, At safepoint: 6493 ns, Total: 134493 ns
[2020-05-16T09:35:51.104+0000][15960][safepoint    ] Safepoint "Cleanup", Time since last: 1000638145 ns, Reaching safepoint: 74203 ns, At safepoint: 7884 ns, Total: 82087 ns
[2020-05-16T09:35:52.105+0000][15960][safepoint    ] Safepoint "Cleanup", Time since last: 1000314434 ns, Reaching safepoint: 229102 ns, At safepoint: 6029 ns, Total: 235131 ns
[2020-05-16T09:35:53.167+0000][15960][safepoint    ] Safepoint "Cleanup", Time since last: 1000105275 ns, Reaching safepoint: 61869420 ns, At safepoint: 78377 ns, Total: 61947797 ns
[2020-05-16T09:35:54.168+0000][15960][safepoint    ] Safepoint "Cleanup", Time since last: 1000781913 ns, Reaching safepoint: 134956 ns, At safepoint: 5102 ns, Total: 140058 ns
[2020-05-16T09:35:55.168+0000][15960][safepoint    ] Safepoint "Cleanup", Time since last: 1000531014 ns, Reaching safepoint: 209623 ns, At safepoint: 8348 ns, Total: 217971 ns
[2020-05-16T09:35:56.169+0000][15960][safepoint    ] Safepoint "Cleanup", Time since last: 1000472116 ns, Reaching safepoint: 117797 ns, At safepoint: 5565 ns, Total: 123362 ns
[2020-05-16T09:35:57.499+0000][15960][safepoint    ] Safepoint "Cleanup", Time since last: 1330097006 ns, Reaching safepoint: 122435 ns, At safepoint: 3710 ns, Total: 126145 ns
[2020-05-16T09:35:58.500+0000][15960][safepoint    ] Safepoint "Cleanup", Time since last: 1000606145 ns, Reaching safepoint: 126608 ns, At safepoint: 2783 ns, Total: 129391 ns
[2020-05-16T09:36:00.501+0000][15960][safepoint    ] Safepoint "Cleanup", Time since last: 2000655768 ns, Reaching safepoint: 126145 ns, At safepoint: 4637 ns, Total: 130782 ns
[2020-05-16T09:36:01.501+0000][15960][safepoint    ] Safepoint "Cleanup", Time since last: 1000175768 ns, Reaching safepoint: 90435 ns, At safepoint: 2783 ns, Total: 93218 ns
[2020-05-16T09:36:02.501+0000][15960][safepoint    ] Safepoint "Cleanup", Time since last: 1000189681 ns, Reaching safepoint: 95072 ns, At safepoint: 4174 ns, Total: 99246 ns
[2020-05-16T09:36:03.522+0000][15960][safepoint    ] Safepoint "Cleanup", Time since last: 1000603826 ns, Reaching safepoint: 20080223 ns, At safepoint: 13449 ns, Total: 20093672 ns
[2020-05-16T09:36:04.523+0000][15960][safepoint    ] Safepoint "Cleanup", Time since last: 1000978550 ns, Reaching safepoint: 147942 ns, At safepoint: 5101 ns, Total: 153043 ns
[2020-05-16T09:36:05.523+0000][15960][safepoint    ] Safepoint "Cleanup", Time since last: 1000051015 ns, Reaching safepoint: 130319 ns, At safepoint: 6956 ns, Total: 137275 ns
[2020-05-16T09:36:06.524+0000][15960][safepoint    ] Safepoint "Cleanup", Time since last: 1000106203 ns, Reaching safepoint: 162319 ns, At safepoint: 9275 ns, Total: 171594 ns
[2020-05-16T09:36:07.525+0000][15960][safepoint    ] Safepoint "Cleanup", Time since last: 1000824116 ns, Reaching safepoint: 122898 ns, At safepoint: 5566 ns, Total: 128464 ns
[2020-05-16T09:36:08.525+0000][15960][safepoint    ] Safepoint "Cleanup", Time since last: 1000630260 ns, Reaching safepoint: 119188 ns, At safepoint: 5102 ns, Total: 124290 ns
[2020-05-16T09:36:09.526+0000][15960][safepoint    ] Safepoint "Cleanup", Time since last: 1000555130 ns, Reaching safepoint: 128000 ns, At safepoint: 5101 ns, Total: 133101 ns
[2020-05-16T09:36:11.526+0000][15960][safepoint    ] Safepoint "Cleanup", Time since last: 2000160464 ns, Reaching safepoint: 134029 ns, At safepoint: 4638 ns, Total: 138667 ns
[2020-05-16T09:36:12.527+0000][15960][safepoint    ] Safepoint "Cleanup", Time since last: 1000375652 ns, Reaching safepoint: 148869 ns, At safepoint: 5102 ns, Total: 153971 ns
[2020-05-16T09:36:13.527+0000][15960][safepoint    ] Safepoint "Cleanup", Time since last: 1000134492 ns, Reaching safepoint: 153044 ns, At safepoint: 7420 ns, Total: 160464 ns
[2020-05-16T09:36:14.528+0000][15960][safepoint    ] Safepoint "Cleanup", Time since last: 1000465159 ns, Reaching safepoint: 125218 ns, At safepoint: 5101 ns, Total: 130319 ns
[2020-05-16T09:36:15.528+0000][15960][safepoint    ] Safepoint "Cleanup", Time since last: 1000472116 ns, Reaching safepoint: 96927 ns, At safepoint: 5102 ns, Total: 102029 ns
[2020-05-16T09:36:16.914+0000][15960][safepoint    ] Safepoint "Cleanup", Time since last: 1385487589 ns, Reaching safepoint: 167884 ns, At safepoint: 6029 ns, Total: 173913 ns
[2020-05-16T09:36:17.915+0000][15960][safepoint    ] Safepoint "Cleanup", Time since last: 1000771710 ns, Reaching safepoint: 100174 ns, At safepoint: 3710 ns, Total: 103884 ns
[2020-05-16T09:36:18.920+0000][15960][safepoint    ] Safepoint "Cleanup", Time since last: 1000703536 ns, Reaching safepoint: 4101563 ns, At safepoint: 13913 ns, Total: 4115476 ns
[2020-05-16T09:36:19.920+0000][15960][safepoint    ] Safepoint "Cleanup", Time since last: 1000315826 ns, Reaching safepoint: 131246 ns, At safepoint: 4638 ns, Total: 135884 ns
[2020-05-16T09:36:20.921+0000][15960][safepoint    ] Safepoint "Cleanup", Time since last: 1000680811 ns, Reaching safepoint: 143768 ns, At safepoint: 5102 ns, Total: 148870 ns
[2020-05-16T09:36:21.921+0000][15960][safepoint    ] Safepoint "Cleanup", Time since last: 1000322782 ns, Reaching safepoint: 134029 ns, At safepoint: 5565 ns, Total: 139594 ns
[2020-05-16T09:36:22.922+0000][15960][safepoint    ] Safepoint "Cleanup", Time since last: 1000583420 ns, Reaching safepoint: 125218 ns, At safepoint: 5101 ns, Total: 130319 ns
[2020-05-16T09:36:24.923+0000][15960][safepoint    ] Safepoint "Cleanup", Time since last: 2000845449 ns, Reaching safepoint: 187826 ns, At safepoint: 7884 ns, Total: 195710 ns
[2020-05-16T09:36:25.924+0000][15960][safepoint    ] Safepoint "Cleanup", Time since last: 1000614956 ns, Reaching safepoint: 236058 ns, At safepoint: 8348 ns, Total: 244406 ns
[2020-05-16T09:36:26.925+0000][15960][safepoint    ] Safepoint "Cleanup", Time since last: 1000460058 ns, Reaching safepoint: 90435 ns, At safepoint: 3246 ns, Total: 93681 ns
[2020-05-16T09:36:27.926+0000][15960][safepoint    ] Safepoint "Cleanup", Time since last: 1000906666 ns, Reaching safepoint: 116870 ns, At safepoint: 4637 ns, Total: 121507 ns
[2020-05-16T09:36:28.926+0000][15960][safepoint    ] Safepoint "Cleanup", Time since last: 1000585275 ns, Reaching safepoint: 120580 ns, At safepoint: 5102 ns, Total: 125682 ns
[2020-05-16T09:36:29.927+0000][15960][safepoint    ] Safepoint "Cleanup", Time since last: 1000305159 ns, Reaching safepoint: 142840 ns, At safepoint: 5102 ns, Total: 147942 ns
[2020-05-16T09:36:31.169+0000][15960][safepoint    ] Safepoint "Cleanup", Time since last: 1000656695 ns, Reaching safepoint: 242342380 ns, At safepoint: 88116 ns, Total: 242430496 ns
[2020-05-16T09:36:32.170+0000][15960][safepoint    ] Safepoint "Cleanup", Time since last: 1000364986 ns, Reaching safepoint: 99246 ns, At safepoint: 3246 ns, Total: 102492 ns
[2020-05-16T09:36:33.171+0000][15960][safepoint    ] Safepoint "Cleanup", Time since last: 1000249044 ns, Reaching safepoint: 94608 ns, At safepoint: 3711 ns, Total: 98319 ns
[2020-05-16T09:36:34.171+0000][15960][safepoint    ] Safepoint "Cleanup", Time since last: 1000099246 ns, Reaching safepoint: 152580 ns, At safepoint: 5565 ns, Total: 158145 ns
[2020-05-16T09:36:35.171+0000][15960][safepoint    ] Safepoint "Cleanup", Time since last: 1000351536 ns, Reaching safepoint: 108058 ns, At safepoint: 3246 ns, Total: 111304 ns
[2020-05-16T09:36:36.172+0000][15960][safepoint    ] Safepoint "Cleanup", Time since last: 1000778666 ns, Reaching safepoint: 111769 ns, At safepoint: 6956 ns, Total: 118725 ns
[2020-05-16T09:36:37.173+0000][15960][safepoint    ] Safepoint "Cleanup", Time since last: 1000774029 ns, Reaching safepoint: 204985 ns, At safepoint: 8812 ns, Total: 213797 ns
[2020-05-16T09:36:38.174+0000][15960][safepoint    ] Safepoint "Cleanup", Time since last: 1000244405 ns, Reaching safepoint: 157218 ns, At safepoint: 10666 ns, Total: 167884 ns
[2020-05-16T09:36:40.174+0000][15960][safepoint    ] Safepoint "Cleanup", Time since last: 2000444290 ns, Reaching safepoint: 148406 ns, At safepoint: 5101 ns, Total: 153507 ns
[2020-05-16T09:36:41.175+0000][15960][safepoint    ] Safepoint "Cleanup", Time since last: 1000550956 ns, Reaching safepoint: 121508 ns, At safepoint: 4637 ns, Total: 126145 ns
[2020-05-16T09:36:42.175+0000][15960][safepoint    ] Safepoint "Cleanup", Time since last: 1000285681 ns, Reaching safepoint: 87652 ns, At safepoint: 3247 ns, Total: 90899 ns
[2020-05-16T09:36:43.176+0000][15960][safepoint    ] Safepoint "Cleanup", Time since last: 1000317217 ns, Reaching safepoint: 99246 ns, At safepoint: 3711 ns, Total: 102957 ns
[2020-05-16T09:36:44.177+0000][15960][safepoint    ] Safepoint "Cleanup", Time since last: 1000829680 ns, Reaching safepoint: 92290 ns, At safepoint: 3246 ns, Total: 95536 ns
[2020-05-16T09:36:45.177+0000][15960][safepoint    ] Safepoint "Cleanup", Time since last: 1000320928 ns, Reaching safepoint: 83014 ns, At safepoint: 4174 ns, Total: 87188 ns
[2020-05-16T09:36:46.178+0000][15960][safepoint    ] Safepoint "Cleanup", Time since last: 1000882087 ns, Reaching safepoint: 134956 ns, At safepoint: 8348 ns, Total: 143304 ns
[2020-05-16T09:36:47.413+0000][15960][safepoint    ] Safepoint "Cleanup", Time since last: 1234499138 ns, Reaching safepoint: 133565 ns, At safepoint: 25043 ns, Total: 158608 ns
[2020-05-16T09:36:48.444+0000][15960][safepoint    ] Safepoint "Cleanup", Time since last: 1031212044 ns, Reaching safepoint: 154435 ns, At safepoint: 5101 ns, Total: 159536 ns
[2020-05-16T09:36:49.445+0000][15960][safepoint    ] Safepoint "Cleanup", Time since last: 1000779594 ns, Reaching safepoint: 93681 ns, At safepoint: 3246 ns, Total: 96927 ns
[2020-05-16T09:36:50.542+0000][15960][safepoint    ] Safepoint "Cleanup", Time since last: 1000087189 ns, Reaching safepoint: 96805056 ns, At safepoint: 494377 ns, Total: 97299433 ns
[2020-05-16T09:36:51.543+0000][15960][safepoint    ] Safepoint "Cleanup", Time since last: 1000518956 ns, Reaching safepoint: 94609 ns, At safepoint: 4637 ns, Total: 99246 ns
[2020-05-16T09:36:52.543+0000][15960][safepoint    ] Safepoint "Cleanup", Time since last: 1000248580 ns, Reaching safepoint: 96464 ns, At safepoint: 3710 ns, Total: 100174 ns
[2020-05-16T09:36:53.544+0000][15960][safepoint    ] Safepoint "Cleanup", Time since last: 1000505043 ns, Reaching safepoint: 85333 ns, At safepoint: 6029 ns, Total: 91362 ns
[2020-05-16T09:36:54.552+0000][15960][safepoint    ] Safepoint "Cleanup", Time since last: 1000643246 ns, Reaching safepoint: 7046026 ns, At safepoint: 124290 ns, Total: 7170316 ns
[2020-05-16T09:36:55.553+0000][15960][safepoint    ] Safepoint "Cleanup", Time since last: 1000620058 ns, Reaching safepoint: 164637 ns, At safepoint: 8812 ns, Total: 173449 ns
[2020-05-16T09:36:57.554+0000][15960][safepoint    ] Safepoint "Cleanup", Time since last: 2000855188 ns, Reaching safepoint: 100174 ns, At safepoint: 4637 ns, Total: 104811 ns
[2020-05-16T09:36:58.605+0000][15960][safepoint    ] Safepoint "Cleanup", Time since last: 1051391513 ns, Reaching safepoint: 149333 ns, At safepoint: 6029 ns, Total: 155362 ns
[2020-05-16T09:36:59.668+0000][15960][safepoint    ] Safepoint "Cleanup", Time since last: 1000450319 ns, Reaching safepoint: 62303043 ns, At safepoint: 25044 ns, Total: 62328087 ns
[2020-05-16T09:37:01.669+0000][15960][safepoint    ] Safepoint "Cleanup", Time since last: 2000678492 ns, Reaching safepoint: 143768 ns, At safepoint: 5565 ns, Total: 149333 ns
[2020-05-16T09:37:03.118+0000][15960][safepoint    ] Safepoint "Cleanup", Time since last: 1000314899 ns, Reaching safepoint: 449510748 ns, At safepoint: 199884 ns, Total: 449710632 ns
[2020-05-16T09:37:04.119+0000][15960][safepoint    ] Safepoint "Cleanup", Time since last: 1000520347 ns, Reaching safepoint: 179479 ns, At safepoint: 8347 ns, Total: 187826 ns
[2020-05-16T09:37:06.120+0000][15960][safepoint    ] Safepoint "Cleanup", Time since last: 2000057508 ns, Reaching safepoint: 148869 ns, At safepoint: 5565 ns, Total: 154434 ns
[2020-05-16T09:37:07.120+0000][15960][safepoint    ] Safepoint "Cleanup", Time since last: 1000247189 ns, Reaching safepoint: 179942 ns, At safepoint: 10203 ns, Total: 190145 ns
[2020-05-16T09:37:09.121+0000][15960][safepoint    ] Safepoint "Cleanup", Time since last: 2000339014 ns, Reaching safepoint: 140985 ns, At safepoint: 6029 ns, Total: 147014 ns
[2020-05-16T09:37:10.122+0000][15960][safepoint    ] Safepoint "Cleanup", Time since last: 1000768927 ns, Reaching safepoint: 137740 ns, At safepoint: 5565 ns, Total: 143305 ns
[2020-05-16T09:37:11.122+0000][15960][safepoint    ] Safepoint "Cleanup", Time since last: 1000553275 ns, Reaching safepoint: 125681 ns, At safepoint: 4638 ns, Total: 130319 ns
[2020-05-16T09:37:12.122+0000][15960][safepoint    ] Safepoint "Cleanup", Time since last: 1000088579 ns, Reaching safepoint: 113623 ns, At safepoint: 3247 ns, Total: 116870 ns
[2020-05-16T09:37:13.123+0000][15960][safepoint    ] Safepoint "Cleanup", Time since last: 1000568579 ns, Reaching safepoint: 108058 ns, At safepoint: 5102 ns, Total: 113160 ns
[2020-05-16T09:37:14.123+0000][15960][safepoint    ] Safepoint "Cleanup", Time since last: 1000061217 ns, Reaching safepoint: 120116 ns, At safepoint: 6956 ns, Total: 127072 ns
[2020-05-16T09:37:15.135+0000][15960][safepoint    ] Safepoint "Cleanup", Time since last: 1000735536 ns, Reaching safepoint: 11150372 ns, At safepoint: 19014 ns, Total: 11169386 ns
[2020-05-16T09:37:16.136+0000][15960][safepoint    ] Safepoint "Cleanup", Time since last: 1000556058 ns, Reaching safepoint: 111304 ns, At safepoint: 4174 ns, Total: 115478 ns
[2020-05-16T09:37:17.137+0000][15960][safepoint    ] Safepoint "Cleanup", Time since last: 1000741101 ns, Reaching safepoint: 174377 ns, At safepoint: 6957 ns, Total: 181334 ns
[2020-05-16T09:37:18.147+0000][15960][safepoint    ] Safepoint "Cleanup", Time since last: 1009711300 ns, Reaching safepoint: 171130 ns, At safepoint: 8348 ns, Total: 179478 ns
[2020-05-16T09:37:19.147+0000][15960][safepoint    ] Safepoint "Cleanup", Time since last: 1000509217 ns, Reaching safepoint: 127536 ns, At safepoint: 6957 ns, Total: 134493 ns
[2020-05-16T09:37:20.148+0000][15960][safepoint    ] Safepoint "Cleanup", Time since last: 1000371478 ns, Reaching safepoint: 163710 ns, At safepoint: 11130 ns, Total: 174840 ns
[2020-05-16T09:37:21.149+0000][15960][safepoint    ] Safepoint "Cleanup", Time since last: 1000620985 ns, Reaching safepoint: 153971 ns, At safepoint: 6493 ns, Total: 160464 ns
[2020-05-16T09:37:22.149+0000][15960][safepoint    ] Safepoint "Cleanup", Time since last: 1000012986 ns, Reaching safepoint: 142376 ns, At safepoint: 5565 ns, Total: 147941 ns
[2020-05-16T09:37:23.149+0000][15960][safepoint    ] Safepoint "Cleanup", Time since last: 1000156290 ns, Reaching safepoint: 133102 ns, At safepoint: 18087 ns, Total: 151189 ns
[2020-05-16T09:37:24.150+0000][15960][safepoint    ] Safepoint "Cleanup", Time since last: 1000833854 ns, Reaching safepoint: 178087 ns, At safepoint: 24580 ns, Total: 202667 ns
[2020-05-16T09:37:25.151+0000][15960][safepoint    ] Safepoint "Cleanup", Time since last: 1000310724 ns, Reaching safepoint: 148870 ns, At safepoint: 9275 ns, Total: 158145 ns
[2020-05-16T09:37:27.151+0000][15960][safepoint    ] Safepoint "Cleanup", Time since last: 2000384464 ns, Reaching safepoint: 96000 ns, At safepoint: 2782 ns, Total: 98782 ns
[2020-05-16T09:37:28.151+0000][15960][safepoint    ] Safepoint "Cleanup", Time since last: 1000010667 ns, Reaching safepoint: 120116 ns, At safepoint: 5101 ns, Total: 125217 ns
[2020-05-16T09:37:29.152+0000][15960][safepoint    ] Safepoint "Cleanup", Time since last: 1000208232 ns, Reaching safepoint: 147478 ns, At safepoint: 3710 ns, Total: 151188 ns
[2020-05-16T09:37:30.171+0000][15960][safepoint    ] Safepoint "Cleanup", Time since last: 1000254609 ns, Reaching safepoint: 18963006 ns, At safepoint: 63072 ns, Total: 19026078 ns
[2020-05-16T09:37:31.172+0000][15960][safepoint    ] Safepoint "Cleanup", Time since last: 1000883942 ns, Reaching safepoint: 82087 ns, At safepoint: 5101 ns, Total: 87188 ns
[2020-05-16T09:37:32.173+0000][15960][safepoint    ] Safepoint "Cleanup", Time since last: 1000618203 ns, Reaching safepoint: 128464 ns, At safepoint: 17159 ns, Total: 145623 ns
[2020-05-16T09:37:33.173+0000][15960][safepoint    ] Safepoint "Cleanup", Time since last: 1000389101 ns, Reaching safepoint: 131247 ns, At safepoint: 5565 ns, Total: 136812 ns
[2020-05-16T09:37:34.174+0000][15960][safepoint    ] Safepoint "Cleanup", Time since last: 1000374724 ns, Reaching safepoint: 108986 ns, At safepoint: 3246 ns, Total: 112232 ns
[2020-05-16T09:37:35.174+0000][15960][safepoint    ] Safepoint "Cleanup", Time since last: 1000665971 ns, Reaching safepoint: 205913 ns, At safepoint: 6492 ns, Total: 212405 ns
[2020-05-16T09:37:36.175+0000][15960][safepoint    ] Safepoint "Cleanup", Time since last: 1000167884 ns, Reaching safepoint: 139131 ns, At safepoint: 6493 ns, Total: 145624 ns
[2020-05-16T09:37:37.175+0000][15960][safepoint    ] Safepoint "Cleanup", Time since last: 1000509680 ns, Reaching safepoint: 221681 ns, At safepoint: 6957 ns, Total: 228638 ns
[2020-05-16T09:37:39.176+0000][15960][safepoint    ] Safepoint "Cleanup", Time since last: 1999989333 ns, Reaching safepoint: 230493 ns, At safepoint: 2783 ns, Total: 233276 ns
[2020-05-16T09:37:41.176+0000][15960][safepoint    ] Safepoint "Cleanup", Time since last: 1999881275 ns, Reaching safepoint: 184580 ns, At safepoint: 6956 ns, Total: 191536 ns
[2020-05-16T09:37:42.177+0000][15960][safepoint    ] Safepoint "Cleanup", Time since last: 1000551884 ns, Reaching safepoint: 139130 ns, At safepoint: 5566 ns, Total: 144696 ns
[2020-05-16T09:37:44.177+0000][15960][safepoint    ] Safepoint "Cleanup", Time since last: 2000140521 ns, Reaching safepoint: 310261 ns, At safepoint: 6493 ns, Total: 316754 ns
[2020-05-16T09:37:45.178+0000][15960][safepoint    ] Safepoint "Cleanup", Time since last: 1000618666 ns, Reaching safepoint: 151188 ns, At safepoint: 6029 ns, Total: 157217 ns
[2020-05-16T09:37:46.179+0000][15960][safepoint    ] Safepoint "Cleanup", Time since last: 1000694725 ns, Reaching safepoint: 155826 ns, At safepoint: 3246 ns, Total: 159072 ns
[2020-05-16T09:37:47.304+0000][15960][safepoint    ] Safepoint "Cleanup", Time since last: 1000945159 ns, Reaching safepoint: 124031015 ns, At safepoint: 29681 ns, Total: 124060696 ns
[2020-05-16T09:37:48.304+0000][15960][safepoint    ] Safepoint "Cleanup", Time since last: 1000582956 ns, Reaching safepoint: 138203 ns, At safepoint: 3710 ns, Total: 141913 ns
[2020-05-16T09:37:50.305+0000][15960][safepoint    ] Safepoint "Cleanup", Time since last: 2000178551 ns, Reaching safepoint: 107130 ns, At safepoint: 11595 ns, Total: 118725 ns
[2020-05-16T09:37:51.367+0000][15960][safepoint    ] Safepoint "Cleanup", Time since last: 1000358956 ns, Reaching safepoint: 61915797 ns, At safepoint: 67710 ns, Total: 61983507 ns
[2020-05-16T09:37:52.431+0000][15960][safepoint    ] Safepoint "Cleanup", Time since last: 1064402058 ns, Reaching safepoint: 151188 ns, At safepoint: 4638 ns, Total: 155826 ns
[2020-05-16T09:37:53.433+0000][15960][safepoint    ] Safepoint "Cleanup", Time since last: 1000794898 ns, Reaching safepoint: 155826 ns, At safepoint: 7884 ns, Total: 163710 ns
[2020-05-16T09:37:55.446+0000][15960][safepoint    ] Safepoint "Cleanup", Time since last: 1999983768 ns, Reaching safepoint: 13246139 ns, At safepoint: 63536 ns, Total: 13309675 ns
[2020-05-16T09:37:57.446+0000][15960][safepoint    ] Safepoint "Cleanup", Time since last: 2000261101 ns, Reaching safepoint: 112696 ns, At safepoint: 4638 ns, Total: 117334 ns
[2020-05-16T09:37:59.458+0000][15960][safepoint    ] Safepoint "Cleanup", Time since last: 2000397449 ns, Reaching safepoint: 10989444 ns, At safepoint: 21797 ns, Total: 11011241 ns
[2020-05-16T09:38:00.458+0000][15960][safepoint    ] Safepoint "Cleanup", Time since last: 1000210087 ns, Reaching safepoint: 259246 ns, At safepoint: 34783 ns, Total: 294029 ns
[2020-05-16T09:38:01.458+0000][15960][safepoint    ] Safepoint "Cleanup", Time since last: 1000131246 ns, Reaching safepoint: 146551 ns, At safepoint: 8811 ns, Total: 155362 ns
[2020-05-16T09:38:03.461+0000][15960][safepoint    ] Safepoint "Cleanup", Time since last: 2000704000 ns, Reaching safepoint: 1990028 ns, At safepoint: 101101 ns, Total: 2091129 ns
[2020-05-16T09:38:04.462+0000][15960][safepoint    ] Safepoint "Cleanup", Time since last: 1000457739 ns, Reaching safepoint: 106667 ns, At safepoint: 2782 ns, Total: 109449 ns
[2020-05-16T09:38:05.581+0000][15960][safepoint    ] Safepoint "Cleanup", Time since last: 1000543073 ns, Reaching safepoint: 119066379 ns, At safepoint: 21334 ns, Total: 119087713 ns
[2020-05-16T09:38:06.582+0000][15960][safepoint    ] Safepoint "Cleanup", Time since last: 1000687304 ns, Reaching safepoint: 133101 ns, At safepoint: 6957 ns, Total: 140058 ns
[2020-05-16T09:38:07.583+0000][15960][safepoint    ] Safepoint "Cleanup", Time since last: 1000458202 ns, Reaching safepoint: 145160 ns, At safepoint: 6029 ns, Total: 151189 ns
[2020-05-16T09:38:08.583+0000][15960][safepoint    ] Safepoint "Cleanup", Time since last: 1000273159 ns, Reaching safepoint: 145623 ns, At safepoint: 6493 ns, Total: 152116 ns
[2020-05-16T09:38:09.584+0000][15960][safepoint    ] Safepoint "Cleanup", Time since last: 1000788869 ns, Reaching safepoint: 94609 ns, At safepoint: 2782 ns, Total: 97391 ns
[2020-05-16T09:38:11.770+0000][15960][safepoint    ] Safepoint "Cleanup", Time since last: 2000399304 ns, Reaching safepoint: 185836900 ns, At safepoint: 55188 ns, Total: 185892088 ns
[2020-05-16T09:38:12.798+0000][15960][safepoint    ] Safepoint "Cleanup", Time since last: 1000583884 ns, Reaching safepoint: 27602538 ns, At safepoint: 105739 ns, Total: 27708277 ns
[2020-05-16T09:38:13.799+0000][15960][safepoint    ] Safepoint "Cleanup", Time since last: 1000131710 ns, Reaching safepoint: 85797 ns, At safepoint: 2783 ns, Total: 88580 ns
[2020-05-16T09:38:14.800+0000][15960][safepoint    ] Safepoint "Cleanup", Time since last: 1000534260 ns, Reaching safepoint: 129391 ns, At safepoint: 6029 ns, Total: 135420 ns
[2020-05-16T09:38:15.800+0000][15960][safepoint    ] Safepoint "Cleanup", Time since last: 1000549565 ns, Reaching safepoint: 114551 ns, At safepoint: 48232 ns, Total: 162783 ns
[2020-05-16T09:38:16.801+0000][15960][safepoint    ] Safepoint "Cleanup", Time since last: 1000063072 ns, Reaching safepoint: 106203 ns, At safepoint: 3247 ns, Total: 109450 ns
[2020-05-16T09:38:17.810+0000][15960][safepoint    ] Safepoint "Cleanup", Time since last: 1000141449 ns, Reaching safepoint: 9263764 ns, At safepoint: 85797 ns, Total: 9349561 ns
[2020-05-16T09:38:18.811+0000][15960][safepoint    ] Safepoint "Cleanup", Time since last: 1000597796 ns, Reaching safepoint: 255073 ns, At safepoint: 11594 ns, Total: 266667 ns
[2020-05-16T09:38:19.811+0000][15960][safepoint    ] Safepoint "Cleanup", Time since last: 1000179014 ns, Reaching safepoint: 404870 ns, At safepoint: 25043 ns, Total: 429913 ns
[2020-05-16T09:38:21.812+0000][15960][safepoint    ] Safepoint "Cleanup", Time since last: 1999982377 ns, Reaching safepoint: 99710 ns, At safepoint: 3247 ns, Total: 102957 ns
[2020-05-16T09:38:22.812+0000][15960][safepoint    ] Safepoint "Cleanup", Time since last: 1000563014 ns, Reaching safepoint: 97391 ns, At safepoint: 3246 ns, Total: 100637 ns
[2020-05-16T09:38:23.813+0000][15960][safepoint    ] Safepoint "Cleanup", Time since last: 1000244406 ns, Reaching safepoint: 88116 ns, At safepoint: 3710 ns, Total: 91826 ns
[2020-05-16T09:38:24.813+0000][15960][safepoint    ] Safepoint "Cleanup", Time since last: 1000218899 ns, Reaching safepoint: 94608 ns, At safepoint: 3710 ns, Total: 98318 ns
[2020-05-16T09:38:25.813+0000][15960][safepoint    ] Safepoint "Cleanup", Time since last: 1000258319 ns, Reaching safepoint: 131246 ns, At safepoint: 4638 ns, Total: 135884 ns
[2020-05-16T09:38:26.814+0000][15960][safepoint    ] Safepoint "Cleanup", Time since last: 1000320000 ns, Reaching safepoint: 128000 ns, At safepoint: 2783 ns, Total: 130783 ns
[2020-05-16T09:38:27.814+0000][15960][safepoint    ] Safepoint "Cleanup", Time since last: 1000080695 ns, Reaching safepoint: 146087 ns, At safepoint: 6029 ns, Total: 152116 ns
[2020-05-16T09:38:28.814+0000][15960][safepoint    ] Safepoint "Cleanup", Time since last: 1000277333 ns, Reaching safepoint: 84870 ns, At safepoint: 3710 ns, Total: 88580 ns
[2020-05-16T09:38:29.814+0000][15960][safepoint    ] Safepoint "Cleanup", Time since last: 1000018087 ns, Reaching safepoint: 76522 ns, At safepoint: 4173 ns, Total: 80695 ns
[2020-05-16T09:38:30.815+0000][15960][safepoint    ] Safepoint "Cleanup", Time since last: 1000889971 ns, Reaching safepoint: 133101 ns, At safepoint: 6029 ns, Total: 139130 ns
[2020-05-16T09:38:32.816+0000][15960][safepoint    ] Safepoint "Cleanup", Time since last: 2000144232 ns, Reaching safepoint: 142841 ns, At safepoint: 8348 ns, Total: 151189 ns
[2020-05-16T09:38:33.816+0000][15960][safepoint    ] Safepoint "Cleanup", Time since last: 1000254608 ns, Reaching safepoint: 130319 ns, At safepoint: 6956 ns, Total: 137275 ns
[2020-05-16T09:38:34.816+0000][15960][safepoint    ] Safepoint "Cleanup", Time since last: 1000116406 ns, Reaching safepoint: 90435 ns, At safepoint: 2783 ns, Total: 93218 ns
[2020-05-16T09:38:35.817+0000][15960][safepoint    ] Safepoint "Cleanup", Time since last: 1000850086 ns, Reaching safepoint: 83942 ns, At safepoint: 2783 ns, Total: 86725 ns
[2020-05-16T09:38:37.824+0000][15960][safepoint    ] Safepoint "Cleanup", Time since last: 2000093217 ns, Reaching safepoint: 7086837 ns, At safepoint: 20870 ns, Total: 7107707 ns
[2020-05-16T09:38:38.825+0000][15960][safepoint    ] Safepoint "Cleanup", Time since last: 1000592231 ns, Reaching safepoint: 366377 ns, At safepoint: 10667 ns, Total: 377044 ns
[2020-05-16T09:38:39.826+0000][15960][safepoint    ] Safepoint "Cleanup", Time since last: 1000488347 ns, Reaching safepoint: 97855 ns, At safepoint: 3711 ns, Total: 101566 ns
[2020-05-16T09:38:41.827+0000][15960][safepoint    ] Safepoint "Cleanup", Time since last: 2000502724 ns, Reaching safepoint: 324174 ns, At safepoint: 16232 ns, Total: 340406 ns
[2020-05-16T09:38:42.827+0000][15960][safepoint    ] Safepoint "Cleanup", Time since last: 1000211942 ns, Reaching safepoint: 123826 ns, At safepoint: 5101 ns, Total: 128927 ns
[2020-05-16T09:38:43.828+0000][15960][safepoint    ] Safepoint "Cleanup", Time since last: 1000673391 ns, Reaching safepoint: 73275 ns, At safepoint: 2783 ns, Total: 76058 ns
[2020-05-16T09:38:44.829+0000][15960][safepoint    ] Safepoint "Cleanup", Time since last: 1000931710 ns, Reaching safepoint: 124753 ns, At safepoint: 5102 ns, Total: 129855 ns
[2020-05-16T09:38:45.829+0000][15960][safepoint    ] Safepoint "Cleanup", Time since last: 1000328347 ns, Reaching safepoint: 162319 ns, At safepoint: 7884 ns, Total: 170203 ns
[2020-05-16T09:38:47.211+0000][15960][safepoint    ] Safepoint "Cleanup", Time since last: 1381204229 ns, Reaching safepoint: 141913 ns, At safepoint: 4638 ns, Total: 146551 ns
[2020-05-16T09:38:48.212+0000][15960][safepoint    ] Safepoint "Cleanup", Time since last: 1000805101 ns, Reaching safepoint: 125217 ns, At safepoint: 6029 ns, Total: 131246 ns
[2020-05-16T09:38:49.212+0000][15960][safepoint    ] Safepoint "Cleanup", Time since last: 1000139594 ns, Reaching safepoint: 130319 ns, At safepoint: 3710 ns, Total: 134029 ns
[2020-05-16T09:38:50.212+0000][15960][safepoint    ] Safepoint "Cleanup", Time since last: 1000018087 ns, Reaching safepoint: 146087 ns, At safepoint: 4174 ns, Total: 150261 ns
[2020-05-16T09:38:51.227+0000][15960][safepoint    ] Safepoint "Cleanup", Time since last: 1000533797 ns, Reaching safepoint: 14812747 ns, At safepoint: 50087 ns, Total: 14862834 ns
[2020-05-16T09:38:52.228+0000][15960][safepoint    ] Safepoint "Cleanup", Time since last: 1000471188 ns, Reaching safepoint: 107130 ns, At safepoint: 6493 ns, Total: 113623 ns
[2020-05-16T09:38:53.229+0000][15960][safepoint    ] Safepoint "Cleanup", Time since last: 1000471652 ns, Reaching safepoint: 128927 ns, At safepoint: 3710 ns, Total: 132637 ns
[2020-05-16T09:38:54.229+0000][15960][safepoint    ] Safepoint "Cleanup", Time since last: 1000161392 ns, Reaching safepoint: 93217 ns, At safepoint: 3246 ns, Total: 96463 ns
[2020-05-16T09:38:55.230+0000][15960][safepoint    ] Safepoint "Cleanup", Time since last: 1000877449 ns, Reaching safepoint: 95536 ns, At safepoint: 5102 ns, Total: 100638 ns
[2020-05-16T09:38:56.230+0000][15960][safepoint    ] Safepoint "Cleanup", Time since last: 1000200811 ns, Reaching safepoint: 79305 ns, At safepoint: 3246 ns, Total: 82551 ns
[2020-05-16T09:38:57.231+0000][15960][safepoint    ] Safepoint "Cleanup", Time since last: 1000601043 ns, Reaching safepoint: 177160 ns, At safepoint: 4174 ns, Total: 181334 ns
[2020-05-16T09:38:58.232+0000][15960][safepoint    ] Safepoint "Cleanup", Time since last: 1000748985 ns, Reaching safepoint: 118261 ns, At safepoint: 5565 ns, Total: 123826 ns
[2020-05-16T09:38:59.249+0000][15960][safepoint    ] Safepoint "Cleanup", Time since last: 1000166492 ns, Reaching safepoint: 17035123 ns, At safepoint: 25043 ns, Total: 17060166 ns
[2020-05-16T09:39:00.250+0000][15960][safepoint    ] Safepoint "Cleanup", Time since last: 1000676638 ns, Reaching safepoint: 122898 ns, At safepoint: 6029 ns, Total: 128927 ns
[2020-05-16T09:39:02.251+0000][15960][safepoint    ] Safepoint "Cleanup", Time since last: 2000481855 ns, Reaching safepoint: 108058 ns, At safepoint: 4174 ns, Total: 112232 ns
[2020-05-16T09:39:03.251+0000][15960][safepoint    ] Safepoint "Cleanup", Time since last: 1000589449 ns, Reaching safepoint: 104348 ns, At safepoint: 5101 ns, Total: 109449 ns
[2020-05-16T09:39:04.251+0000][15960][safepoint    ] Safepoint "Cleanup", Time since last: 1000006493 ns, Reaching safepoint: 96927 ns, At safepoint: 4638 ns, Total: 101565 ns
[2020-05-16T09:39:05.252+0000][15960][safepoint    ] Safepoint "Cleanup", Time since last: 1000774492 ns, Reaching safepoint: 102029 ns, At safepoint: 4638 ns, Total: 106667 ns
[2020-05-16T09:39:06.585+0000][15960][safepoint    ] Safepoint "Cleanup", Time since last: 1332667208 ns, Reaching safepoint: 159073 ns, At safepoint: 8347 ns, Total: 167420 ns
[2020-05-16T09:39:07.586+0000][15960][safepoint    ] Safepoint "Cleanup", Time since last: 1000729507 ns, Reaching safepoint: 87189 ns, At safepoint: 2782 ns, Total: 89971 ns
[2020-05-16T09:39:08.587+0000][15960][safepoint    ] Safepoint "Cleanup", Time since last: 1000719304 ns, Reaching safepoint: 80232 ns, At safepoint: 3246 ns, Total: 83478 ns
[2020-05-16T09:39:09.616+0000][15960][safepoint    ] Safepoint "Cleanup", Time since last: 1000032464 ns, Reaching safepoint: 29059697 ns, At safepoint: 20869 ns, Total: 29080566 ns
[2020-05-16T09:39:10.616+0000][15960][safepoint    ] Safepoint "Cleanup", Time since last: 1000510609 ns, Reaching safepoint: 119188 ns, At safepoint: 4174 ns, Total: 123362 ns
[2020-05-16T09:39:11.617+0000][15960][safepoint    ] Safepoint "Cleanup", Time since last: 1000505043 ns, Reaching safepoint: 112232 ns, At safepoint: 6493 ns, Total: 118725 ns
[2020-05-16T09:39:12.618+0000][15960][safepoint    ] Safepoint "Cleanup", Time since last: 1000543536 ns, Reaching safepoint: 125217 ns, At safepoint: 6493 ns, Total: 131710 ns
[2020-05-16T09:39:14.618+0000][15960][safepoint    ] Safepoint "Cleanup", Time since last: 1999906319 ns, Reaching safepoint: 118725 ns, At safepoint: 4637 ns, Total: 123362 ns
[2020-05-16T09:39:16.619+0000][15960][safepoint    ] Safepoint "Cleanup", Time since last: 2000765681 ns, Reaching safepoint: 122435 ns, At safepoint: 4174 ns, Total: 126609 ns
[2020-05-16T09:39:17.619+0000][15960][safepoint    ] Safepoint "Cleanup", Time since last: 1000059362 ns, Reaching safepoint: 105739 ns, At safepoint: 4638 ns, Total: 110377 ns
[2020-05-16T09:39:18.619+0000][15960][safepoint    ] Safepoint "Cleanup", Time since last: 1000494376 ns, Reaching safepoint: 118261 ns, At safepoint: 4174 ns, Total: 122435 ns
[2020-05-16T09:39:19.620+0000][15960][safepoint    ] Safepoint "Cleanup", Time since last: 1000728579 ns, Reaching safepoint: 98319 ns, At safepoint: 4638 ns, Total: 102957 ns
[2020-05-16T09:39:20.650+0000][15960][safepoint    ] Safepoint "Cleanup", Time since last: 1000205449 ns, Reaching safepoint: 28988740 ns, At safepoint: 7884 ns, Total: 28996624 ns
[2020-05-16T09:39:21.650+0000][15960][safepoint    ] Safepoint "Cleanup", Time since last: 1000629333 ns, Reaching safepoint: 122435 ns, At safepoint: 4638 ns, Total: 127073 ns
[2020-05-16T09:39:22.651+0000][15960][safepoint    ] Safepoint "Cleanup", Time since last: 1000639999 ns, Reaching safepoint: 99711 ns, At safepoint: 4637 ns, Total: 104348 ns
[2020-05-16T09:39:23.651+0000][15960][safepoint    ] Safepoint "Cleanup", Time since last: 1000153044 ns, Reaching safepoint: 81159 ns, At safepoint: 2319 ns, Total: 83478 ns
[2020-05-16T09:39:24.652+0000][15960][safepoint    ] Safepoint "Cleanup", Time since last: 1000620985 ns, Reaching safepoint: 108986 ns, At safepoint: 4173 ns, Total: 113159 ns
[2020-05-16T09:39:25.653+0000][15960][safepoint    ] Safepoint "Cleanup", Time since last: 1000652522 ns, Reaching safepoint: 120580 ns, At safepoint: 4173 ns, Total: 124753 ns
[2020-05-16T09:39:26.654+0000][15960][safepoint    ] Safepoint "Cleanup", Time since last: 1000697971 ns, Reaching safepoint: 120116 ns, At safepoint: 4174 ns, Total: 124290 ns
[2020-05-16T09:39:27.655+0000][15960][safepoint    ] Safepoint "Cleanup", Time since last: 1000838492 ns, Reaching safepoint: 88580 ns, At safepoint: 3246 ns, Total: 91826 ns
[2020-05-16T09:39:28.655+0000][15960][safepoint    ] Safepoint "Cleanup", Time since last: 1000038957 ns, Reaching safepoint: 110840 ns, At safepoint: 4174 ns, Total: 115014 ns
[2020-05-16T09:39:30.655+0000][15960][safepoint    ] Safepoint "Cleanup", Time since last: 2000641855 ns, Reaching safepoint: 118725 ns, At safepoint: 4637 ns, Total: 123362 ns
[2020-05-16T09:39:31.656+0000][15960][safepoint    ] Safepoint "Cleanup", Time since last: 1000255073 ns, Reaching safepoint: 103420 ns, At safepoint: 4638 ns, Total: 108058 ns
[2020-05-16T09:39:32.656+0000][15960][safepoint    ] Safepoint "Cleanup", Time since last: 1000303304 ns, Reaching safepoint: 128463 ns, At safepoint: 6493 ns, Total: 134956 ns
[2020-05-16T09:39:33.656+0000][15960][safepoint    ] Safepoint "Cleanup", Time since last: 1000088116 ns, Reaching safepoint: 185507 ns, At safepoint: 7884 ns, Total: 193391 ns
[2020-05-16T09:39:34.657+0000][15960][safepoint    ] Safepoint "Cleanup", Time since last: 1000119652 ns, Reaching safepoint: 110841 ns, At safepoint: 4174 ns, Total: 115015 ns
[2020-05-16T09:39:36.657+0000][15960][safepoint    ] Safepoint "Cleanup", Time since last: 2000435942 ns, Reaching safepoint: 140985 ns, At safepoint: 8348 ns, Total: 149333 ns
[2020-05-16T09:39:37.658+0000][15960][safepoint    ] Safepoint "Cleanup", Time since last: 1000605681 ns, Reaching safepoint: 113623 ns, At safepoint: 6029 ns, Total: 119652 ns
[2020-05-16T09:39:39.659+0000][15960][safepoint    ] Safepoint "Cleanup", Time since last: 2000670145 ns, Reaching safepoint: 120579 ns, At safepoint: 4174 ns, Total: 124753 ns
[2020-05-16T09:39:40.660+0000][15960][safepoint    ] Safepoint "Cleanup", Time since last: 1000516174 ns, Reaching safepoint: 113623 ns, At safepoint: 4174 ns, Total: 117797 ns
[2020-05-16T09:39:41.660+0000][15960][safepoint    ] Safepoint "Cleanup", Time since last: 1000543536 ns, Reaching safepoint: 94145 ns, At safepoint: 4174 ns, Total: 98319 ns
[2020-05-16T09:39:42.661+0000][15960][safepoint    ] Safepoint "Cleanup", Time since last: 1000811130 ns, Reaching safepoint: 191536 ns, At safepoint: 7884 ns, Total: 199420 ns
[2020-05-16T09:39:43.662+0000][15960][safepoint    ] Safepoint "Cleanup", Time since last: 1000633507 ns, Reaching safepoint: 108058 ns, At safepoint: 4174 ns, Total: 112232 ns
[2020-05-16T09:39:45.670+0000][15960][safepoint    ] Safepoint "Cleanup", Time since last: 2000665970 ns, Reaching safepoint: 7057620 ns, At safepoint: 16232 ns, Total: 7073852 ns
[2020-05-16T09:39:46.670+0000][15960][safepoint    ] Safepoint "Cleanup", Time since last: 1000255073 ns, Reaching safepoint: 80231 ns, At safepoint: 2783 ns, Total: 83014 ns
[2020-05-16T09:39:47.671+0000][15960][safepoint    ] Safepoint "Cleanup", Time since last: 1000805565 ns, Reaching safepoint: 116406 ns, At safepoint: 5101 ns, Total: 121507 ns
[2020-05-16T09:39:48.672+0000][15960][safepoint    ] Safepoint "Cleanup", Time since last: 1000571362 ns, Reaching safepoint: 91826 ns, At safepoint: 3247 ns, Total: 95073 ns
[2020-05-16T09:39:49.672+0000][15960][safepoint    ] Safepoint "Cleanup", Time since last: 1000156753 ns, Reaching safepoint: 98783 ns, At safepoint: 2782 ns, Total: 101565 ns
[2020-05-16T09:39:50.672+0000][15960][safepoint    ] Safepoint "Cleanup", Time since last: 1000384928 ns, Reaching safepoint: 100637 ns, At safepoint: 4174 ns, Total: 104811 ns
[2020-05-16T09:39:52.673+0000][15960][safepoint    ] Safepoint "Cleanup", Time since last: 2000412290 ns, Reaching safepoint: 93217 ns, At safepoint: 3247 ns, Total: 96464 ns
[2020-05-16T09:39:53.673+0000][15960][safepoint    ] Safepoint "Cleanup", Time since last: 1000107130 ns, Reaching safepoint: 371014 ns, At safepoint: 9739 ns, Total: 380753 ns
[2020-05-16T09:39:54.674+0000][15960][safepoint    ] Safepoint "Cleanup", Time since last: 1000640464 ns, Reaching safepoint: 548637 ns, At safepoint: 15768 ns, Total: 564405 ns
[2020-05-16T09:39:56.675+0000][15960][safepoint    ] Safepoint "Cleanup", Time since last: 1999916522 ns, Reaching safepoint: 226319 ns, At safepoint: 6493 ns, Total: 232812 ns
[2020-05-16T09:39:57.675+0000][15960][safepoint    ] Safepoint "Cleanup", Time since last: 1000606144 ns, Reaching safepoint: 102493 ns, At safepoint: 4174 ns, Total: 106667 ns
[2020-05-16T09:39:58.676+0000][15960][safepoint    ] Safepoint "Cleanup", Time since last: 1000356637 ns, Reaching safepoint: 134957 ns, At safepoint: 2782 ns, Total: 137739 ns
[2020-05-16T09:39:59.677+0000][15960][safepoint    ] Safepoint "Cleanup", Time since last: 1000700754 ns, Reaching safepoint: 134492 ns, At safepoint: 6493 ns, Total: 140985 ns
[2020-05-16T09:40:00.677+0000][15960][safepoint    ] Safepoint "Cleanup", Time since last: 1000341333 ns, Reaching safepoint: 135421 ns, At safepoint: 9275 ns, Total: 144696 ns
[2020-05-16T09:40:02.678+0000][15960][safepoint    ] Safepoint "Cleanup", Time since last: 2000443362 ns, Reaching safepoint: 193855 ns, At safepoint: 6493 ns, Total: 200348 ns
[2020-05-16T09:40:03.678+0000][15960][safepoint    ] Safepoint "Cleanup", Time since last: 1000347362 ns, Reaching safepoint: 137275 ns, At safepoint: 8348 ns, Total: 145623 ns
[2020-05-16T09:40:04.679+0000][15960][safepoint    ] Safepoint "Cleanup", Time since last: 1000775420 ns, Reaching safepoint: 147478 ns, At safepoint: 6029 ns, Total: 153507 ns
[2020-05-16T09:40:05.680+0000][15960][safepoint    ] Safepoint "Cleanup", Time since last: 1000211942 ns, Reaching safepoint: 150261 ns, At safepoint: 6956 ns, Total: 157217 ns
[2020-05-16T09:40:06.680+0000][15960][safepoint    ] Safepoint "Cleanup", Time since last: 1000140058 ns, Reaching safepoint: 144696 ns, At safepoint: 6493 ns, Total: 151189 ns
[2020-05-16T09:40:07.680+0000][15960][safepoint    ] Safepoint "Cleanup", Time since last: 1000173449 ns, Reaching safepoint: 164174 ns, At safepoint: 6492 ns, Total: 170666 ns
[2020-05-16T09:40:08.681+0000][15960][safepoint    ] Safepoint "Cleanup", Time since last: 1000724406 ns, Reaching safepoint: 189681 ns, At safepoint: 6957 ns, Total: 196638 ns
[2020-05-16T09:40:09.682+0000][15960][safepoint    ] Safepoint "Cleanup", Time since last: 1000686376 ns, Reaching safepoint: 154899 ns, At safepoint: 9275 ns, Total: 164174 ns
[2020-05-16T09:40:10.682+0000][15960][safepoint    ] Safepoint "Cleanup", Time since last: 1000175768 ns, Reaching safepoint: 144695 ns, At safepoint: 5566 ns, Total: 150261 ns
[2020-05-16T09:40:11.694+0000][15960][safepoint    ] Safepoint "Cleanup", Time since last: 1000427594 ns, Reaching safepoint: 11135995 ns, At safepoint: 64927 ns, Total: 11200922 ns
[2020-05-16T09:40:12.694+0000][15960][safepoint    ] Safepoint "Cleanup", Time since last: 1000224000 ns, Reaching safepoint: 175304 ns, At safepoint: 8812 ns, Total: 184116 ns
[2020-05-16T09:40:13.695+0000][15960][safepoint    ] Safepoint "Cleanup", Time since last: 1000068174 ns, Reaching safepoint: 124289 ns, At safepoint: 6029 ns, Total: 130318 ns
[2020-05-16T09:40:14.695+0000][15960][safepoint    ] Safepoint "Cleanup", Time since last: 1000587594 ns, Reaching safepoint: 158609 ns, At safepoint: 6493 ns, Total: 165102 ns
[2020-05-16T09:40:15.696+0000][15960][safepoint    ] Safepoint "Cleanup", Time since last: 1000703072 ns, Reaching safepoint: 208232 ns, At safepoint: 8811 ns, Total: 217043 ns
[2020-05-16T09:40:16.697+0000][15960][safepoint    ] Safepoint "Cleanup", Time since last: 1000604754 ns, Reaching safepoint: 141913 ns, At safepoint: 6029 ns, Total: 147942 ns
[2020-05-16T09:40:17.698+0000][15960][safepoint    ] Safepoint "Cleanup", Time since last: 1000365912 ns, Reaching safepoint: 132174 ns, At safepoint: 6493 ns, Total: 138667 ns
[2020-05-16T09:40:19.698+0000][15960][safepoint    ] Safepoint "Cleanup", Time since last: 2000522203 ns, Reaching safepoint: 141913 ns, At safepoint: 6956 ns, Total: 148869 ns
[2020-05-16T09:40:20.699+0000][15960][safepoint    ] Safepoint "Cleanup", Time since last: 1000182261 ns, Reaching safepoint: 154898 ns, At safepoint: 9276 ns, Total: 164174 ns
[2020-05-16T09:40:22.699+0000][15960][safepoint    ] Safepoint "Cleanup", Time since last: 2000522202 ns, Reaching safepoint: 102957 ns, At safepoint: 3246 ns, Total: 106203 ns
[2020-05-16T09:40:23.769+0000][15960][safepoint    ] Safepoint "Cleanup", Time since last: 1000005566 ns, Reaching safepoint: 70396257 ns, At safepoint: 54724 ns, Total: 70450981 ns
[2020-05-16T09:40:25.770+0000][15960][safepoint    ] Safepoint "Cleanup", Time since last: 2000047768 ns, Reaching safepoint: 119189 ns, At safepoint: 5565 ns, Total: 124754 ns
[2020-05-16T09:40:26.771+0000][15960][safepoint    ] Safepoint "Cleanup", Time since last: 1000508290 ns, Reaching safepoint: 132637 ns, At safepoint: 6029 ns, Total: 138666 ns
[2020-05-16T09:40:27.771+0000][15960][safepoint    ] Safepoint "Cleanup", Time since last: 1000416464 ns, Reaching safepoint: 176232 ns, At safepoint: 10203 ns, Total: 186435 ns
[2020-05-16T09:40:28.772+0000][15960][safepoint    ] Safepoint "Cleanup", Time since last: 1000612637 ns, Reaching safepoint: 148406 ns, At safepoint: 12058 ns, Total: 160464 ns
[2020-05-16T09:40:29.772+0000][15960][safepoint    ] Safepoint "Cleanup", Time since last: 1000339014 ns, Reaching safepoint: 157217 ns, At safepoint: 6493 ns, Total: 163710 ns
[2020-05-16T09:40:30.773+0000][15960][safepoint    ] Safepoint "Cleanup", Time since last: 1000686377 ns, Reaching safepoint: 295883 ns, At safepoint: 9276 ns, Total: 305159 ns
[2020-05-16T09:40:31.773+0000][15960][safepoint    ] Safepoint "Cleanup", Time since last: 1000010666 ns, Reaching safepoint: 145624 ns, At safepoint: 7884 ns, Total: 153508 ns
[2020-05-16T09:40:32.774+0000][15960][safepoint    ] Safepoint "Cleanup", Time since last: 1000569970 ns, Reaching safepoint: 166493 ns, At safepoint: 8812 ns, Total: 175305 ns
[2020-05-16T09:40:33.774+0000][15960][safepoint    ] Safepoint "Cleanup", Time since last: 1000051478 ns, Reaching safepoint: 177159 ns, At safepoint: 9276 ns, Total: 186435 ns
[2020-05-16T09:40:34.775+0000][15960][safepoint    ] Safepoint "Cleanup", Time since last: 1000814376 ns, Reaching safepoint: 164174 ns, At safepoint: 6029 ns, Total: 170203 ns
[2020-05-16T09:40:35.776+0000][15960][safepoint    ] Safepoint "Cleanup", Time since last: 1000591304 ns, Reaching safepoint: 176695 ns, At safepoint: 6029 ns, Total: 182724 ns
[2020-05-16T09:40:36.777+0000][15960][safepoint    ] Safepoint "Cleanup", Time since last: 1000521739 ns, Reaching safepoint: 148406 ns, At safepoint: 6957 ns, Total: 155363 ns
[2020-05-16T09:40:37.777+0000][15960][safepoint    ] Safepoint "Cleanup", Time since last: 1000088579 ns, Reaching safepoint: 151189 ns, At safepoint: 6029 ns, Total: 157218 ns
[2020-05-16T09:40:38.778+0000][15960][safepoint    ] Safepoint "Cleanup", Time since last: 1000541680 ns, Reaching safepoint: 176232 ns, At safepoint: 8812 ns, Total: 185044 ns
[2020-05-16T09:40:39.783+0000][15960][safepoint    ] Safepoint "Cleanup", Time since last: 1000727652 ns, Reaching safepoint: 4039882 ns, At safepoint: 24580 ns, Total: 4064462 ns
[2020-05-16T09:40:40.784+0000][15960][safepoint    ] Safepoint "Cleanup", Time since last: 1000808347 ns, Reaching safepoint: 268058 ns, At safepoint: 13913 ns, Total: 281971 ns
[2020-05-16T09:40:42.785+0000][15960][safepoint    ] Safepoint "Cleanup", Time since last: 2000766145 ns, Reaching safepoint: 128927 ns, At safepoint: 5565 ns, Total: 134492 ns
[2020-05-16T09:40:44.786+0000][15960][safepoint    ] Safepoint "Cleanup", Time since last: 2000734609 ns, Reaching safepoint: 147942 ns, At safepoint: 6956 ns, Total: 154898 ns
[2020-05-16T09:40:45.786+0000][15960][safepoint    ] Safepoint "Cleanup", Time since last: 1000294029 ns, Reaching safepoint: 98782 ns, At safepoint: 3711 ns, Total: 102493 ns
[2020-05-16T09:40:46.787+0000][15960][safepoint    ] Safepoint "Cleanup", Time since last: 1000513391 ns, Reaching safepoint: 103884 ns, At safepoint: 4637 ns, Total: 108521 ns
[2020-05-16T09:40:47.787+0000][15960][safepoint    ] Safepoint "Cleanup", Time since last: 1000364522 ns, Reaching safepoint: 152116 ns, At safepoint: 3246 ns, Total: 155362 ns
[2020-05-16T09:40:48.788+0000][15960][safepoint    ] Safepoint "Cleanup", Time since last: 1000767072 ns, Reaching safepoint: 125681 ns, At safepoint: 3247 ns, Total: 128928 ns
[2020-05-16T09:40:49.793+0000][15960][safepoint    ] Safepoint "Cleanup", Time since last: 1005028171 ns, Reaching safepoint: 117334 ns, At safepoint: 5565 ns, Total: 122899 ns
[2020-05-16T09:40:50.794+0000][15960][safepoint    ] Safepoint "Cleanup", Time since last: 1000225855 ns, Reaching safepoint: 123826 ns, At safepoint: 7420 ns, Total: 131246 ns
[2020-05-16T09:40:51.794+0000][15960][safepoint    ] Safepoint "Cleanup", Time since last: 1000543072 ns, Reaching safepoint: 129855 ns, At safepoint: 5102 ns, Total: 134957 ns
[2020-05-16T09:40:52.795+0000][15960][safepoint    ] Safepoint "Cleanup", Time since last: 1000786550 ns, Reaching safepoint: 100638 ns, At safepoint: 3246 ns, Total: 103884 ns
[2020-05-16T09:40:53.796+0000][15960][safepoint    ] Safepoint "Cleanup", Time since last: 1000444754 ns, Reaching safepoint: 129391 ns, At safepoint: 5101 ns, Total: 134492 ns
[2020-05-16T09:40:55.796+0000][15960][safepoint    ] Safepoint "Cleanup", Time since last: 2000044522 ns, Reaching safepoint: 116869 ns, At safepoint: 6957 ns, Total: 123826 ns
[2020-05-16T09:40:56.796+0000][15960][safepoint    ] Safepoint "Cleanup", Time since last: 1000396985 ns, Reaching safepoint: 140986 ns, At safepoint: 4637 ns, Total: 145623 ns
[2020-05-16T09:40:57.797+0000][15960][safepoint    ] Safepoint "Cleanup", Time since last: 1000038493 ns, Reaching safepoint: 115015 ns, At safepoint: 7420 ns, Total: 122435 ns
[2020-05-16T09:40:58.797+0000][15960][safepoint    ] Safepoint "Cleanup", Time since last: 1000090898 ns, Reaching safepoint: 116406 ns, At safepoint: 4638 ns, Total: 121044 ns
[2020-05-16T09:41:00.797+0000][15960][safepoint    ] Safepoint "Cleanup", Time since last: 2000069565 ns, Reaching safepoint: 115942 ns, At safepoint: 25043 ns, Total: 140985 ns
[2020-05-16T09:41:02.798+0000][15960][safepoint    ] Safepoint "Cleanup", Time since last: 2000726725 ns, Reaching safepoint: 399768 ns, At safepoint: 22261 ns, Total: 422029 ns
[2020-05-16T09:41:02.913+0000][15960][gc,start     ] GC(29) Pause Young (Normal) (G1 Evacuation Pause)
[2020-05-16T09:41:02.934+0000][15960][gc,task      ] GC(29) Using 4 workers of 4 for evacuation
[2020-05-16T09:41:02.964+0000][15960][gc,age       ] GC(29) Desired survivor size 40370176 bytes, new threshold 15 (max threshold 15)
[2020-05-16T09:41:03.829+0000][15960][gc,age       ] GC(29) Age table with threshold 15 (max threshold 15)
[2020-05-16T09:41:03.830+0000][15960][gc,age       ] GC(29) - age   1:     143176 bytes,     143176 total
[2020-05-16T09:41:03.830+0000][15960][gc,age       ] GC(29) - age   2:       7544 bytes,     150720 total
[2020-05-16T09:41:03.830+0000][15960][gc,age       ] GC(29) - age   3:       6808 bytes,     157528 total
[2020-05-16T09:41:03.830+0000][15960][gc,age       ] GC(29) - age   4:       4896 bytes,     162424 total
[2020-05-16T09:41:03.830+0000][15960][gc,age       ] GC(29) - age   5:      39184 bytes,     201608 total
[2020-05-16T09:41:03.830+0000][15960][gc,age       ] GC(29) - age   6:     602040 bytes,     803648 total
[2020-05-16T09:41:03.830+0000][15960][gc,age       ] GC(29) - age   7:       6560 bytes,     810208 total
[2020-05-16T09:41:03.830+0000][15960][gc,age       ] GC(29) - age   8:      60712 bytes,     870920 total
[2020-05-16T09:41:03.830+0000][15960][gc,age       ] GC(29) - age   9:     254280 bytes,    1125200 total
[2020-05-16T09:41:03.830+0000][15960][gc,age       ] GC(29) - age  10:     367880 bytes,    1493080 total
[2020-05-16T09:41:03.830+0000][15960][gc,age       ] GC(29) - age  11:      71592 bytes,    1564672 total
[2020-05-16T09:41:03.830+0000][15960][gc,age       ] GC(29) - age  12:     165752 bytes,    1730424 total
[2020-05-16T09:41:03.830+0000][15960][gc,age       ] GC(29) - age  13:      26256 bytes,    1756680 total
[2020-05-16T09:41:03.830+0000][15960][gc,age       ] GC(29) - age  14:     438456 bytes,    2195136 total
[2020-05-16T09:41:03.830+0000][15960][gc,age       ] GC(29) - age  15:     274944 bytes,    2470080 total
[2020-05-16T09:41:03.830+0000][15960][gc,mmu       ] GC(29) MMU target violated: 201.0ms (200.0ms/201.0ms)
[2020-05-16T09:41:03.831+0000][15960][gc,phases    ] GC(29)   Pre Evacuate Collection Set: 71.3ms
[2020-05-16T09:41:03.831+0000][15960][gc,phases    ] GC(29)   Merge Heap Roots: 6.0ms
[2020-05-16T09:41:03.831+0000][15960][gc,phases    ] GC(29)   Evacuate Collection Set: 755.8ms
[2020-05-16T09:41:03.831+0000][15960][gc,phases    ] GC(29)   Post Evacuate Collection Set: 6.2ms
[2020-05-16T09:41:03.831+0000][15960][gc,phases    ] GC(29)   Other: 142.7ms
[2020-05-16T09:41:03.831+0000][15960][gc,heap      ] GC(29) Eden regions: 611->0(48)
[2020-05-16T09:41:03.831+0000][15960][gc,heap      ] GC(29) Survivor regions: 3->3(77)
[2020-05-16T09:41:03.831+0000][15960][gc,heap      ] GC(29) Old regions: 69->69
[2020-05-16T09:41:03.831+0000][15960][gc,heap      ] GC(29) Archive regions: 0->0
[2020-05-16T09:41:03.831+0000][15960][gc,heap      ] GC(29) Humongous regions: 7->7
[2020-05-16T09:41:03.850+0000][15960][gc,metaspace ] GC(29) Metaspace: 97430K(105124K)->97430K(105124K) NonClass: 84630K(89176K)->84630K(89176K) Class: 12799K(15948K)->12799K(15948K)
[2020-05-16T09:41:03.870+0000][15960][gc           ] GC(29) Pause Young (Normal) (G1 Evacuation Pause) 689M->78M(1024M) 955.916ms
[2020-05-16T09:41:03.870+0000][15960][gc,cpu       ] GC(29) User=0.06s Sys=0.08s Real=0.97s
[2020-05-16T09:41:03.870+0000][15960][safepoint    ] Safepoint "G1CollectForAllocation", Time since last: 50344788 ns, Reaching safepoint: 121507 ns, At safepoint: 1021453903 ns, Total: 1021575410 ns
[2020-05-16T09:41:04.871+0000][15960][safepoint    ] Safepoint "Cleanup", Time since last: 1000614029 ns, Reaching safepoint: 135420 ns, At safepoint: 8348 ns, Total: 143768 ns
[2020-05-16T09:41:06.872+0000][15960][safepoint    ] Safepoint "Cleanup", Time since last: 2000953507 ns, Reaching safepoint: 121507 ns, At safepoint: 4174 ns, Total: 125681 ns
[2020-05-16T09:41:07.873+0000][15960][safepoint    ] Safepoint "Cleanup", Time since last: 1000516637 ns, Reaching safepoint: 107131 ns, At safepoint: 4637 ns, Total: 111768 ns
[2020-05-16T09:41:08.873+0000][15960][safepoint    ] Safepoint "Cleanup", Time since last: 1000272696 ns, Reaching safepoint: 126145 ns, At safepoint: 4637 ns, Total: 130782 ns
[2020-05-16T09:41:09.874+0000][15960][safepoint    ] Safepoint "Cleanup", Time since last: 1000604290 ns, Reaching safepoint: 143768 ns, At safepoint: 5101 ns, Total: 148869 ns
[2020-05-16T09:41:10.874+0000][15960][safepoint    ] Safepoint "Cleanup", Time since last: 1000601044 ns, Reaching safepoint: 252753 ns, At safepoint: 9275 ns, Total: 262028 ns
[2020-05-16T09:41:11.881+0000][15960][safepoint    ] Safepoint "Cleanup", Time since last: 1006425968 ns, Reaching safepoint: 120116 ns, At safepoint: 5102 ns, Total: 125218 ns
[2020-05-16T09:41:12.882+0000][15960][safepoint    ] Safepoint "Cleanup", Time since last: 1000491594 ns, Reaching safepoint: 119188 ns, At safepoint: 5102 ns, Total: 124290 ns
[2020-05-16T09:41:13.882+0000][15960][safepoint    ] Safepoint "Cleanup", Time since last: 1000615883 ns, Reaching safepoint: 112696 ns, At safepoint: 8348 ns, Total: 121044 ns
[2020-05-16T09:41:14.883+0000][15960][safepoint    ] Safepoint "Cleanup", Time since last: 1000586666 ns, Reaching safepoint: 126145 ns, At safepoint: 4638 ns, Total: 130783 ns
[2020-05-16T09:41:15.884+0000][15960][safepoint    ] Safepoint "Cleanup", Time since last: 1000599652 ns, Reaching safepoint: 108058 ns, At safepoint: 4637 ns, Total: 112695 ns
[2020-05-16T09:41:16.884+0000][15960][safepoint    ] Safepoint "Cleanup", Time since last: 1000350609 ns, Reaching safepoint: 128927 ns, At safepoint: 8812 ns, Total: 137739 ns
[2020-05-16T09:41:17.885+0000][15960][safepoint    ] Safepoint "Cleanup", Time since last: 1000856115 ns, Reaching safepoint: 167421 ns, At safepoint: 5101 ns, Total: 172522 ns
[2020-05-16T09:41:18.886+0000][15960][safepoint    ] Safepoint "Cleanup", Time since last: 1000449855 ns, Reaching safepoint: 132638 ns, At safepoint: 4637 ns, Total: 137275 ns
[2020-05-16T09:41:20.887+0000][15960][safepoint    ] Safepoint "Cleanup", Time since last: 2001018898 ns, Reaching safepoint: 160000 ns, At safepoint: 5102 ns, Total: 165102 ns
[2020-05-16T09:41:21.888+0000][15960][safepoint    ] Safepoint "Cleanup", Time since last: 1000394202 ns, Reaching safepoint: 130319 ns, At safepoint: 6957 ns, Total: 137276 ns
[2020-05-16T09:41:22.888+0000][15960][safepoint    ] Safepoint "Cleanup", Time since last: 1000377507 ns, Reaching safepoint: 131246 ns, At safepoint: 5101 ns, Total: 136347 ns
[2020-05-16T09:41:23.889+0000][15960][safepoint    ] Safepoint "Cleanup", Time since last: 1000531942 ns, Reaching safepoint: 128928 ns, At safepoint: 4637 ns, Total: 133565 ns
[2020-05-16T09:41:24.890+0000][15960][safepoint    ] Safepoint "Cleanup", Time since last: 1000708174 ns, Reaching safepoint: 228174 ns, At safepoint: 8811 ns, Total: 236985 ns
[2020-05-16T09:41:25.890+0000][15960][safepoint    ] Safepoint "Cleanup", Time since last: 1000839884 ns, Reaching safepoint: 271768 ns, At safepoint: 12058 ns, Total: 283826 ns
[2020-05-16T09:41:26.891+0000][15960][safepoint    ] Safepoint "Cleanup", Time since last: 1000401159 ns, Reaching safepoint: 242087 ns, At safepoint: 7420 ns, Total: 249507 ns
[2020-05-16T09:41:27.892+0000][15960][safepoint    ] Safepoint "Cleanup", Time since last: 1000469797 ns, Reaching safepoint: 121507 ns, At safepoint: 5102 ns, Total: 126609 ns
[2020-05-16T09:41:28.892+0000][15960][safepoint    ] Safepoint "Cleanup", Time since last: 1000127536 ns, Reaching safepoint: 116870 ns, At safepoint: 6956 ns, Total: 123826 ns
[2020-05-16T09:41:29.893+0000][15960][safepoint    ] Safepoint "Cleanup", Time since last: 1000271768 ns, Reaching safepoint: 115478 ns, At safepoint: 6957 ns, Total: 122435 ns
[2020-05-16T09:41:30.893+0000][15960][safepoint    ] Safepoint "Cleanup", Time since last: 1000025043 ns, Reaching safepoint: 130319 ns, At safepoint: 6957 ns, Total: 137276 ns
[2020-05-16T09:41:31.894+0000][15960][safepoint    ] Safepoint "Cleanup", Time since last: 1000652985 ns, Reaching safepoint: 113159 ns, At safepoint: 4638 ns, Total: 117797 ns
[2020-05-16T09:41:33.894+0000][15960][safepoint    ] Safepoint "Cleanup", Time since last: 2000640463 ns, Reaching safepoint: 130783 ns, At safepoint: 5101 ns, Total: 135884 ns
[2020-05-16T09:41:34.895+0000][15960][safepoint    ] Safepoint "Cleanup", Time since last: 1000606609 ns, Reaching safepoint: 134492 ns, At safepoint: 5566 ns, Total: 140058 ns
[2020-05-16T09:41:35.896+0000][15960][safepoint    ] Safepoint "Cleanup", Time since last: 1000854260 ns, Reaching safepoint: 163246 ns, At safepoint: 5102 ns, Total: 168348 ns
[2020-05-16T09:41:36.897+0000][15960][safepoint    ] Safepoint "Cleanup", Time since last: 1000247652 ns, Reaching safepoint: 149797 ns, At safepoint: 5101 ns, Total: 154898 ns
[2020-05-16T09:41:37.897+0000][15960][safepoint    ] Safepoint "Cleanup", Time since last: 1000330667 ns, Reaching safepoint: 106667 ns, At safepoint: 5101 ns, Total: 111768 ns
[2020-05-16T09:41:38.898+0000][15960][safepoint    ] Safepoint "Cleanup", Time since last: 1000748521 ns, Reaching safepoint: 150725 ns, At safepoint: 5565 ns, Total: 156290 ns
[2020-05-16T09:41:39.899+0000][15960][safepoint    ] Safepoint "Cleanup", Time since last: 1000301913 ns, Reaching safepoint: 120580 ns, At safepoint: 5101 ns, Total: 125681 ns
[2020-05-16T09:41:40.899+0000][15960][safepoint    ] Safepoint "Cleanup", Time since last: 1000006957 ns, Reaching safepoint: 138203 ns, At safepoint: 4637 ns, Total: 142840 ns
[2020-05-16T09:41:42.899+0000][15960][safepoint    ] Safepoint "Cleanup", Time since last: 2000039420 ns, Reaching safepoint: 100174 ns, At safepoint: 3710 ns, Total: 103884 ns
[2020-05-16T09:41:43.900+0000][15960][safepoint    ] Safepoint "Cleanup", Time since last: 1000585739 ns, Reaching safepoint: 138667 ns, At safepoint: 6493 ns, Total: 145160 ns
[2020-05-16T09:41:44.277+0000][15960][gc,start     ] GC(30) Pause Young (Normal) (G1 Evacuation Pause)
[2020-05-16T09:41:44.277+0000][15960][gc,task      ] GC(30) Using 4 workers of 4 for evacuation
[2020-05-16T09:41:44.277+0000][15960][gc,age       ] GC(30) Desired survivor size 3670016 bytes, new threshold 15 (max threshold 15)
[2020-05-16T09:41:44.327+0000][15960][gc,age       ] GC(30) Age table with threshold 15 (max threshold 15)
[2020-05-16T09:41:44.328+0000][15960][gc,age       ] GC(30) - age   1:      67400 bytes,      67400 total
[2020-05-16T09:41:44.328+0000][15960][gc,age       ] GC(30) - age   2:      23328 bytes,      90728 total
[2020-05-16T09:41:44.328+0000][15960][gc,age       ] GC(30) - age   3:       7424 bytes,      98152 total
[2020-05-16T09:41:44.328+0000][15960][gc,age       ] GC(30) - age   4:       6808 bytes,     104960 total
[2020-05-16T09:41:44.328+0000][15960][gc,age       ] GC(30) - age   5:       4896 bytes,     109856 total
[2020-05-16T09:41:44.328+0000][15960][gc,age       ] GC(30) - age   6:      39184 bytes,     149040 total
[2020-05-16T09:41:44.328+0000][15960][gc,age       ] GC(30) - age   7:     602040 bytes,     751080 total
[2020-05-16T09:41:44.328+0000][15960][gc,age       ] GC(30) - age   8:       6560 bytes,     757640 total
[2020-05-16T09:41:44.328+0000][15960][gc,age       ] GC(30) - age   9:      60712 bytes,     818352 total
[2020-05-16T09:41:44.328+0000][15960][gc,age       ] GC(30) - age  10:     254280 bytes,    1072632 total
[2020-05-16T09:41:44.328+0000][15960][gc,age       ] GC(30) - age  11:     367880 bytes,    1440512 total
[2020-05-16T09:41:44.328+0000][15960][gc,age       ] GC(30) - age  12:      71592 bytes,    1512104 total
[2020-05-16T09:41:44.328+0000][15960][gc,age       ] GC(30) - age  13:     165752 bytes,    1677856 total
[2020-05-16T09:41:44.328+0000][15960][gc,age       ] GC(30) - age  14:      26256 bytes,    1704112 total
[2020-05-16T09:41:44.328+0000][15960][gc,age       ] GC(30) - age  15:     438456 bytes,    2142568 total
[2020-05-16T09:41:44.328+0000][15960][gc,phases    ] GC(30)   Pre Evacuate Collection Set: 0.1ms
[2020-05-16T09:41:44.328+0000][15960][gc,phases    ] GC(30)   Merge Heap Roots: 0.1ms
[2020-05-16T09:41:44.328+0000][15960][gc,phases    ] GC(30)   Evacuate Collection Set: 48.6ms
[2020-05-16T09:41:44.328+0000][15960][gc,phases    ] GC(30)   Post Evacuate Collection Set: 1.6ms
[2020-05-16T09:41:44.328+0000][15960][gc,phases    ] GC(30)   Other: 1.1ms
[2020-05-16T09:41:44.328+0000][15960][gc,heap      ] GC(30) Eden regions: 48->0(306)
[2020-05-16T09:41:44.328+0000][15960][gc,heap      ] GC(30) Survivor regions: 3->3(7)
[2020-05-16T09:41:44.328+0000][15960][gc,heap      ] GC(30) Old regions: 69->69
[2020-05-16T09:41:44.328+0000][15960][gc,heap      ] GC(30) Archive regions: 0->0
[2020-05-16T09:41:44.328+0000][15960][gc,heap      ] GC(30) Humongous regions: 7->7
[2020-05-16T09:41:44.328+0000][15960][gc,metaspace ] GC(30) Metaspace: 97430K(105124K)->97430K(105124K) NonClass: 84631K(89176K)->84631K(89176K) Class: 12799K(15948K)->12799K(15948K)
[2020-05-16T09:41:44.329+0000][15960][gc           ] GC(30) Pause Young (Normal) (G1 Evacuation Pause) 126M->78M(1024M) 51.569ms
[2020-05-16T09:41:44.329+0000][15960][gc,cpu       ] GC(30) User=0.00s Sys=0.02s Real=0.05s
[2020-05-16T09:41:44.329+0000][15960][safepoint    ] Safepoint "G1CollectForAllocation", Time since last: 377961100 ns, Reaching safepoint: 102492 ns, At safepoint: 51780614 ns, Total: 51883106 ns
[2020-05-16T09:41:45.330+0000][15960][safepoint    ] Safepoint "Cleanup", Time since last: 1000149333 ns, Reaching safepoint: 91363 ns, At safepoint: 2782 ns, Total: 94145 ns
[2020-05-16T09:41:46.330+0000][15960][safepoint    ] Safepoint "Cleanup", Time since last: 1000552348 ns, Reaching safepoint: 130319 ns, At safepoint: 3710 ns, Total: 134029 ns
[2020-05-16T09:41:47.331+0000][15960][safepoint    ] Safepoint "Cleanup", Time since last: 1000636753 ns, Reaching safepoint: 246725 ns, At safepoint: 73275 ns, Total: 320000 ns
[2020-05-16T09:41:49.331+0000][15960][safepoint    ] Safepoint "Cleanup", Time since last: 1999787594 ns, Reaching safepoint: 111768 ns, At safepoint: 3247 ns, Total: 115015 ns
[2020-05-16T09:41:50.332+0000][15960][safepoint    ] Safepoint "Cleanup", Time since last: 1000298202 ns, Reaching safepoint: 204522 ns, At safepoint: 6493 ns, Total: 211015 ns
[2020-05-16T09:41:51.549+0000][15960][safepoint    ] Safepoint "Cleanup", Time since last: 1216881059 ns, Reaching safepoint: 101565 ns, At safepoint: 4174 ns, Total: 105739 ns
[2020-05-16T09:41:52.549+0000][15960][safepoint    ] Safepoint "Cleanup", Time since last: 1000185507 ns, Reaching safepoint: 106667 ns, At safepoint: 2782 ns, Total: 109449 ns
[2020-05-16T09:41:53.550+0000][15960][safepoint    ] Safepoint "Cleanup", Time since last: 1000629333 ns, Reaching safepoint: 130783 ns, At safepoint: 4637 ns, Total: 135420 ns
[2020-05-16T09:41:54.550+0000][15960][safepoint    ] Safepoint "Cleanup", Time since last: 1000453102 ns, Reaching safepoint: 155826 ns, At safepoint: 6956 ns, Total: 162782 ns
[2020-05-16T09:41:56.551+0000][15960][safepoint    ] Safepoint "Cleanup", Time since last: 2000147478 ns, Reaching safepoint: 106203 ns, At safepoint: 5102 ns, Total: 111305 ns
[2020-05-16T09:41:57.551+0000][15960][safepoint    ] Safepoint "Cleanup", Time since last: 1000588521 ns, Reaching safepoint: 172522 ns, At safepoint: 7884 ns, Total: 180406 ns
[2020-05-16T09:41:58.552+0000][15960][safepoint    ] Safepoint "Cleanup", Time since last: 1000327884 ns, Reaching safepoint: 139594 ns, At safepoint: 6029 ns, Total: 145623 ns
[2020-05-16T09:41:59.553+0000][15960][safepoint    ] Safepoint "Cleanup", Time since last: 1000652058 ns, Reaching safepoint: 120115 ns, At safepoint: 4638 ns, Total: 124753 ns
[2020-05-16T09:42:00.553+0000][15960][safepoint    ] Safepoint "Cleanup", Time since last: 1000695188 ns, Reaching safepoint: 97391 ns, At safepoint: 4638 ns, Total: 102029 ns
[2020-05-16T09:42:01.554+0000][15960][safepoint    ] Safepoint "Cleanup", Time since last: 1000581101 ns, Reaching safepoint: 446145 ns, At safepoint: 15768 ns, Total: 461913 ns
[2020-05-16T09:42:03.555+0000][15960][safepoint    ] Safepoint "Cleanup", Time since last: 2000574609 ns, Reaching safepoint: 95536 ns, At safepoint: 3246 ns, Total: 98782 ns
[2020-05-16T09:42:04.555+0000][15960][safepoint    ] Safepoint "Cleanup", Time since last: 1000211015 ns, Reaching safepoint: 110840 ns, At safepoint: 5565 ns, Total: 116405 ns
[2020-05-16T09:42:05.556+0000][15960][safepoint    ] Safepoint "Cleanup", Time since last: 1000693797 ns, Reaching safepoint: 139594 ns, At safepoint: 5565 ns, Total: 145159 ns
[2020-05-16T09:42:06.557+0000][15960][safepoint    ] Safepoint "Cleanup", Time since last: 1000288464 ns, Reaching safepoint: 214261 ns, At safepoint: 4174 ns, Total: 218435 ns
[2020-05-16T09:42:07.557+0000][15960][safepoint    ] Safepoint "Cleanup", Time since last: 1000378434 ns, Reaching safepoint: 125218 ns, At safepoint: 4174 ns, Total: 129392 ns
[2020-05-16T09:42:08.558+0000][15960][safepoint    ] Safepoint "Cleanup", Time since last: 1000936347 ns, Reaching safepoint: 226319 ns, At safepoint: 6029 ns, Total: 232348 ns
[2020-05-16T09:42:09.559+0000][15960][safepoint    ] Safepoint "Cleanup", Time since last: 1000762434 ns, Reaching safepoint: 435942 ns, At safepoint: 7420 ns, Total: 443362 ns
[2020-05-16T09:42:10.560+0000][15960][safepoint    ] Safepoint "Cleanup", Time since last: 1000044058 ns, Reaching safepoint: 197565 ns, At safepoint: 8812 ns, Total: 206377 ns
[2020-05-16T09:42:11.560+0000][15960][safepoint    ] Safepoint "Cleanup", Time since last: 1000304232 ns, Reaching safepoint: 120579 ns, At safepoint: 6029 ns, Total: 126608 ns
[2020-05-16T09:42:12.561+0000][15960][safepoint    ] Safepoint "Cleanup", Time since last: 1000480464 ns, Reaching safepoint: 135884 ns, At safepoint: 7884 ns, Total: 143768 ns
[2020-05-16T09:42:14.562+0000][15960][safepoint    ] Safepoint "Cleanup", Time since last: 2000654840 ns, Reaching safepoint: 134957 ns, At safepoint: 5101 ns, Total: 140058 ns
[2020-05-16T09:42:16.562+0000][15960][safepoint    ] Safepoint "Cleanup", Time since last: 2000186899 ns, Reaching safepoint: 156289 ns, At safepoint: 2783 ns, Total: 159072 ns
[2020-05-16T09:42:17.563+0000][15960][safepoint    ] Safepoint "Cleanup", Time since last: 1000261101 ns, Reaching safepoint: 119189 ns, At safepoint: 4637 ns, Total: 123826 ns
[2020-05-16T09:42:18.563+0000][15960][safepoint    ] Safepoint "Cleanup", Time since last: 1000747130 ns, Reaching safepoint: 129392 ns, At safepoint: 5565 ns, Total: 134957 ns
[2020-05-16T09:42:19.564+0000][15960][safepoint    ] Safepoint "Cleanup", Time since last: 1000422956 ns, Reaching safepoint: 135420 ns, At safepoint: 7421 ns, Total: 142841 ns
[2020-05-16T09:42:21.327+0000][15960][safepoint    ] Safepoint "Cleanup", Time since last: 1763248805 ns, Reaching safepoint: 134493 ns, At safepoint: 6029 ns, Total: 140522 ns
[2020-05-16T09:42:23.328+0000][15960][safepoint    ] Safepoint "Cleanup", Time since last: 2000211478 ns, Reaching safepoint: 109913 ns, At safepoint: 6493 ns, Total: 116406 ns
[2020-05-16T09:42:24.328+0000][15960][safepoint    ] Safepoint "Cleanup", Time since last: 1000037101 ns, Reaching safepoint: 121507 ns, At safepoint: 4638 ns, Total: 126145 ns
[2020-05-16T09:42:25.328+0000][15960][safepoint    ] Safepoint "Cleanup", Time since last: 1000270377 ns, Reaching safepoint: 112232 ns, At safepoint: 4637 ns, Total: 116869 ns
[2020-05-16T09:42:26.328+0000][15960][safepoint    ] Safepoint "Cleanup", Time since last: 1000142841 ns, Reaching safepoint: 120116 ns, At safepoint: 13449 ns, Total: 133565 ns
[2020-05-16T09:42:27.329+0000][15960][safepoint    ] Safepoint "Cleanup", Time since last: 1000582492 ns, Reaching safepoint: 124290 ns, At safepoint: 6493 ns, Total: 130783 ns
[2020-05-16T09:42:28.330+0000][15960][safepoint    ] Safepoint "Cleanup", Time since last: 1000287072 ns, Reaching safepoint: 113623 ns, At safepoint: 6493 ns, Total: 120116 ns
[2020-05-16T09:42:29.330+0000][15960][safepoint    ] Safepoint "Cleanup", Time since last: 1000649275 ns, Reaching safepoint: 105275 ns, At safepoint: 5102 ns, Total: 110377 ns
[2020-05-16T09:42:30.331+0000][15960][safepoint    ] Safepoint "Cleanup", Time since last: 1000376579 ns, Reaching safepoint: 111769 ns, At safepoint: 5101 ns, Total: 116870 ns
[2020-05-16T09:42:31.332+0000][15960][safepoint    ] Safepoint "Cleanup", Time since last: 1000876521 ns, Reaching safepoint: 97392 ns, At safepoint: 2782 ns, Total: 100174 ns
[2020-05-16T09:42:32.333+0000][15960][safepoint    ] Safepoint "Cleanup", Time since last: 1000770782 ns, Reaching safepoint: 101566 ns, At safepoint: 4637 ns, Total: 106203 ns
[2020-05-16T09:42:33.333+0000][15960][safepoint    ] Safepoint "Cleanup", Time since last: 1000695652 ns, Reaching safepoint: 128928 ns, At safepoint: 5101 ns, Total: 134029 ns
[2020-05-16T09:42:34.334+0000][15960][safepoint    ] Safepoint "Cleanup", Time since last: 1000479072 ns, Reaching safepoint: 132638 ns, At safepoint: 2783 ns, Total: 135421 ns
[2020-05-16T09:42:36.335+0000][15960][safepoint    ] Safepoint "Cleanup", Time since last: 2000325101 ns, Reaching safepoint: 130319 ns, At safepoint: 6492 ns, Total: 136811 ns
[2020-05-16T09:42:37.336+0000][15960][safepoint    ] Safepoint "Cleanup", Time since last: 1000736464 ns, Reaching safepoint: 154898 ns, At safepoint: 5565 ns, Total: 160463 ns
[2020-05-16T09:42:39.336+0000][15960][safepoint    ] Safepoint "Cleanup", Time since last: 2000014377 ns, Reaching safepoint: 155363 ns, At safepoint: 6956 ns, Total: 162319 ns
[2020-05-16T09:42:40.336+0000][15960][safepoint    ] Safepoint "Cleanup", Time since last: 1000639536 ns, Reaching safepoint: 142840 ns, At safepoint: 8812 ns, Total: 151652 ns
[2020-05-16T09:42:41.337+0000][15960][safepoint    ] Safepoint "Cleanup", Time since last: 1000249507 ns, Reaching safepoint: 129391 ns, At safepoint: 5566 ns, Total: 134957 ns
[2020-05-16T09:42:42.338+0000][15960][safepoint    ] Safepoint "Cleanup", Time since last: 1000722086 ns, Reaching safepoint: 155826 ns, At safepoint: 6957 ns, Total: 162783 ns
[2020-05-16T09:42:43.338+0000][15960][safepoint    ] Safepoint "Cleanup", Time since last: 1000198492 ns, Reaching safepoint: 131247 ns, At safepoint: 6029 ns, Total: 137276 ns
[2020-05-16T09:42:44.338+0000][15960][safepoint    ] Safepoint "Cleanup", Time since last: 1000083014 ns, Reaching safepoint: 133102 ns, At safepoint: 6492 ns, Total: 139594 ns
[2020-05-16T09:42:45.339+0000][15960][safepoint    ] Safepoint "Cleanup", Time since last: 1000167421 ns, Reaching safepoint: 106202 ns, At safepoint: 4638 ns, Total: 110840 ns
[2020-05-16T09:42:46.339+0000][15960][safepoint    ] Safepoint "Cleanup", Time since last: 1000710493 ns, Reaching safepoint: 119652 ns, At safepoint: 6492 ns, Total: 126144 ns
[2020-05-16T09:42:47.340+0000][15960][safepoint    ] Safepoint "Cleanup", Time since last: 1000147942 ns, Reaching safepoint: 114551 ns, At safepoint: 6957 ns, Total: 121508 ns
[2020-05-16T09:42:48.340+0000][15960][safepoint    ] Safepoint "Cleanup", Time since last: 1000450782 ns, Reaching safepoint: 226319 ns, At safepoint: 7884 ns, Total: 234203 ns
[2020-05-16T09:42:50.595+0000][15960][safepoint    ] Safepoint "Cleanup", Time since last: 2000801391 ns, Reaching safepoint: 253574375 ns, At safepoint: 579246 ns, Total: 254153621 ns
[2020-05-16T09:42:52.595+0000][15960][safepoint    ] Safepoint "Cleanup", Time since last: 1999608116 ns, Reaching safepoint: 127072 ns, At safepoint: 4638 ns, Total: 131710 ns
[2020-05-16T09:42:53.596+0000][15960][safepoint    ] Safepoint "Cleanup", Time since last: 1000620058 ns, Reaching safepoint: 128927 ns, At safepoint: 4638 ns, Total: 133565 ns
[2020-05-16T09:42:54.637+0000][15960][safepoint    ] Safepoint "Cleanup", Time since last: 1000110377 ns, Reaching safepoint: 40999865 ns, At safepoint: 66319 ns, Total: 41066184 ns
[2020-05-16T09:42:55.638+0000][15960][safepoint    ] Safepoint "Cleanup", Time since last: 1000657159 ns, Reaching safepoint: 147014 ns, At safepoint: 5565 ns, Total: 152579 ns
[2020-05-16T09:42:57.639+0000][15960][safepoint    ] Safepoint "Cleanup", Time since last: 2000816232 ns, Reaching safepoint: 153971 ns, At safepoint: 6493 ns, Total: 160464 ns
[2020-05-16T09:42:58.639+0000][15960][safepoint    ] Safepoint "Cleanup", Time since last: 1000180405 ns, Reaching safepoint: 184116 ns, At safepoint: 12986 ns, Total: 197102 ns
[2020-05-16T09:42:59.639+0000][15960][safepoint    ] Safepoint "Cleanup", Time since last: 1000119188 ns, Reaching safepoint: 157217 ns, At safepoint: 11594 ns, Total: 168811 ns
[2020-05-16T09:43:00.640+0000][15960][safepoint    ] Safepoint "Cleanup", Time since last: 1000119189 ns, Reaching safepoint: 191536 ns, At safepoint: 10203 ns, Total: 201739 ns
[2020-05-16T09:43:01.640+0000][15960][safepoint    ] Safepoint "Cleanup", Time since last: 1000057971 ns, Reaching safepoint: 302840 ns, At safepoint: 6493 ns, Total: 309333 ns
[2020-05-16T09:43:02.640+0000][15960][safepoint    ] Safepoint "Cleanup", Time since last: 1000215188 ns, Reaching safepoint: 146087 ns, At safepoint: 6493 ns, Total: 152580 ns
[2020-05-16T09:43:03.641+0000][15960][safepoint    ] Safepoint "Cleanup", Time since last: 1000405333 ns, Reaching safepoint: 205449 ns, At safepoint: 5102 ns, Total: 210551 ns
[2020-05-16T09:43:04.641+0000][15960][safepoint    ] Safepoint "Cleanup", Time since last: 1000173449 ns, Reaching safepoint: 215652 ns, At safepoint: 8348 ns, Total: 224000 ns
[2020-05-16T09:43:06.642+0000][15960][safepoint    ] Safepoint "Cleanup", Time since last: 2000856115 ns, Reaching safepoint: 588522 ns, At safepoint: 53333 ns, Total: 641855 ns
[2020-05-16T09:43:07.644+0000][15960][safepoint    ] Safepoint "Cleanup", Time since last: 1000821797 ns, Reaching safepoint: 178551 ns, At safepoint: 8811 ns, Total: 187362 ns
[2020-05-16T09:43:08.645+0000][15960][safepoint    ] Safepoint "Cleanup", Time since last: 1000370087 ns, Reaching safepoint: 145159 ns, At safepoint: 6029 ns, Total: 151188 ns
[2020-05-16T09:43:09.645+0000][15960][safepoint    ] Safepoint "Cleanup", Time since last: 1000359420 ns, Reaching safepoint: 153508 ns, At safepoint: 6029 ns, Total: 159537 ns
[2020-05-16T09:43:11.645+0000][15960][safepoint    ] Safepoint "Cleanup", Time since last: 2000188753 ns, Reaching safepoint: 160464 ns, At safepoint: 7884 ns, Total: 168348 ns
[2020-05-16T09:43:12.646+0000][15960][safepoint    ] Safepoint "Cleanup", Time since last: 1000656231 ns, Reaching safepoint: 171595 ns, At safepoint: 7884 ns, Total: 179479 ns
[2020-05-16T09:43:14.646+0000][15960][safepoint    ] Safepoint "Cleanup", Time since last: 2000020869 ns, Reaching safepoint: 176232 ns, At safepoint: 6493 ns, Total: 182725 ns
[2020-05-16T09:43:15.647+0000][15960][safepoint    ] Safepoint "Cleanup", Time since last: 1000381681 ns, Reaching safepoint: 166029 ns, At safepoint: 6956 ns, Total: 172985 ns
[2020-05-16T09:43:17.539+0000][15960][safepoint    ] Safepoint "Cleanup", Time since last: 1891457906 ns, Reaching safepoint: 170666 ns, At safepoint: 10667 ns, Total: 181333 ns
[2020-05-16T09:43:18.539+0000][15960][safepoint    ] Safepoint "Cleanup", Time since last: 1000642318 ns, Reaching safepoint: 181334 ns, At safepoint: 9275 ns, Total: 190609 ns
[2020-05-16T09:43:19.540+0000][15960][safepoint    ] Safepoint "Cleanup", Time since last: 1000504579 ns, Reaching safepoint: 129392 ns, At safepoint: 8811 ns, Total: 138203 ns
[2020-05-16T09:43:20.555+0000][15960][safepoint    ] Safepoint "Cleanup", Time since last: 1001000348 ns, Reaching safepoint: 13563356 ns, At safepoint: 57971 ns, Total: 13621327 ns
[2020-05-16T09:43:21.555+0000][15960][safepoint    ] Safepoint "Cleanup", Time since last: 1000428521 ns, Reaching safepoint: 168812 ns, At safepoint: 6492 ns, Total: 175304 ns
[2020-05-16T09:43:22.556+0000][15960][safepoint    ] Safepoint "Cleanup", Time since last: 1000791652 ns, Reaching safepoint: 140522 ns, At safepoint: 8811 ns, Total: 149333 ns
[2020-05-16T09:43:23.557+0000][15960][safepoint    ] Safepoint "Cleanup", Time since last: 1000044058 ns, Reaching safepoint: 201739 ns, At safepoint: 11131 ns, Total: 212870 ns
[2020-05-16T09:43:25.557+0000][15960][safepoint    ] Safepoint "Cleanup", Time since last: 2000141449 ns, Reaching safepoint: 202203 ns, At safepoint: 10203 ns, Total: 212406 ns
[2020-05-16T09:43:27.557+0000][15960][safepoint    ] Safepoint "Cleanup", Time since last: 1999951768 ns, Reaching safepoint: 120580 ns, At safepoint: 2782 ns, Total: 123362 ns
[2020-05-16T09:43:28.558+0000][15960][safepoint    ] Safepoint "Cleanup", Time since last: 1000497159 ns, Reaching safepoint: 259247 ns, At safepoint: 7420 ns, Total: 266667 ns
[2020-05-16T09:43:30.558+0000][15960][safepoint    ] Safepoint "Cleanup", Time since last: 2000560695 ns, Reaching safepoint: 301913 ns, At safepoint: 19942 ns, Total: 321855 ns
[2020-05-16T09:43:31.559+0000][15960][safepoint    ] Safepoint "Cleanup", Time since last: 1000059363 ns, Reaching safepoint: 240231 ns, At safepoint: 12986 ns, Total: 253217 ns
[2020-05-16T09:43:32.559+0000][15960][safepoint    ] Safepoint "Cleanup", Time since last: 1000323246 ns, Reaching safepoint: 159536 ns, At safepoint: 9276 ns, Total: 168812 ns
[2020-05-16T09:43:34.560+0000][15960][safepoint    ] Safepoint "Cleanup", Time since last: 2000246724 ns, Reaching safepoint: 151652 ns, At safepoint: 9276 ns, Total: 160928 ns
[2020-05-16T09:43:35.561+0000][15960][safepoint    ] Safepoint "Cleanup", Time since last: 1000583883 ns, Reaching safepoint: 143305 ns, At safepoint: 9275 ns, Total: 152580 ns
[2020-05-16T09:43:37.561+0000][15960][safepoint    ] Safepoint "Cleanup", Time since last: 2000676174 ns, Reaching safepoint: 139594 ns, At safepoint: 8348 ns, Total: 147942 ns
[2020-05-16T09:43:38.562+0000][15960][safepoint    ] Safepoint "Cleanup", Time since last: 1000182260 ns, Reaching safepoint: 137739 ns, At safepoint: 6957 ns, Total: 144696 ns
[2020-05-16T09:43:40.562+0000][15960][safepoint    ] Safepoint "Cleanup", Time since last: 2000098782 ns, Reaching safepoint: 98319 ns, At safepoint: 3710 ns, Total: 102029 ns
[2020-05-16T09:43:41.562+0000][15960][safepoint    ] Safepoint "Cleanup", Time since last: 1000404870 ns, Reaching safepoint: 134956 ns, At safepoint: 6493 ns, Total: 141449 ns
[2020-05-16T09:43:42.563+0000][15960][safepoint    ] Safepoint "Cleanup", Time since last: 1000713739 ns, Reaching safepoint: 158145 ns, At safepoint: 6029 ns, Total: 164174 ns
[2020-05-16T09:43:43.564+0000][15960][safepoint    ] Safepoint "Cleanup", Time since last: 1000687304 ns, Reaching safepoint: 149333 ns, At safepoint: 6493 ns, Total: 155826 ns
[2020-05-16T09:43:45.565+0000][15960][safepoint    ] Safepoint "Cleanup", Time since last: 2000317217 ns, Reaching safepoint: 107130 ns, At safepoint: 4638 ns, Total: 111768 ns
[2020-05-16T09:43:46.565+0000][15960][safepoint    ] Safepoint "Cleanup", Time since last: 1000244406 ns, Reaching safepoint: 128000 ns, At safepoint: 6956 ns, Total: 134956 ns
[2020-05-16T09:43:47.565+0000][15960][safepoint    ] Safepoint "Cleanup", Time since last: 1000224000 ns, Reaching safepoint: 155826 ns, At safepoint: 6493 ns, Total: 162319 ns
[2020-05-16T09:43:48.566+0000][15960][safepoint    ] Safepoint "Cleanup", Time since last: 1000102956 ns, Reaching safepoint: 155826 ns, At safepoint: 6493 ns, Total: 162319 ns
[2020-05-16T09:43:50.566+0000][15960][safepoint    ] Safepoint "Cleanup", Time since last: 1999883594 ns, Reaching safepoint: 159073 ns, At safepoint: 28753 ns, Total: 187826 ns
[2020-05-16T09:43:51.567+0000][15960][safepoint    ] Safepoint "Cleanup", Time since last: 1000657623 ns, Reaching safepoint: 156754 ns, At safepoint: 6029 ns, Total: 162783 ns
[2020-05-16T09:43:52.567+0000][15960][safepoint    ] Safepoint "Cleanup", Time since last: 1000081623 ns, Reaching safepoint: 144695 ns, At safepoint: 3711 ns, Total: 148406 ns
[2020-05-16T09:43:53.567+0000][15960][safepoint    ] Safepoint "Cleanup", Time since last: 1000560231 ns, Reaching safepoint: 121507 ns, At safepoint: 2783 ns, Total: 124290 ns
[2020-05-16T09:43:54.583+0000][15960][safepoint    ] Safepoint "Cleanup", Time since last: 1000168812 ns, Reaching safepoint: 15290891 ns, At safepoint: 78377 ns, Total: 15369268 ns
[2020-05-16T09:43:55.583+0000][15960][safepoint    ] Safepoint "Cleanup", Time since last: 1000275014 ns, Reaching safepoint: 130783 ns, At safepoint: 8347 ns, Total: 139130 ns
[2020-05-16T09:43:56.584+0000][15960][safepoint    ] Safepoint "Cleanup", Time since last: 1000214725 ns, Reaching safepoint: 147942 ns, At safepoint: 10203 ns, Total: 158145 ns
[2020-05-16T09:43:57.585+0000][15960][safepoint    ] Safepoint "Cleanup", Time since last: 1000644173 ns, Reaching safepoint: 137276 ns, At safepoint: 6029 ns, Total: 143305 ns
[2020-05-16T09:43:58.585+0000][15960][safepoint    ] Safepoint "Cleanup", Time since last: 1000050087 ns, Reaching safepoint: 166492 ns, At safepoint: 6493 ns, Total: 172985 ns
[2020-05-16T09:43:59.585+0000][15960][safepoint    ] Safepoint "Cleanup", Time since last: 1000157681 ns, Reaching safepoint: 137276 ns, At safepoint: 5565 ns, Total: 142841 ns
[2020-05-16T09:44:01.585+0000][15960][safepoint    ] Safepoint "Cleanup", Time since last: 1999993507 ns, Reaching safepoint: 130783 ns, At safepoint: 5565 ns, Total: 136348 ns
[2020-05-16T09:44:03.586+0000][15960][safepoint    ] Safepoint "Cleanup", Time since last: 2000793507 ns, Reaching safepoint: 122898 ns, At safepoint: 5102 ns, Total: 128000 ns
[2020-05-16T09:44:04.586+0000][15960][safepoint    ] Safepoint "Cleanup", Time since last: 1000100173 ns, Reaching safepoint: 125218 ns, At safepoint: 5565 ns, Total: 130783 ns
[2020-05-16T09:44:06.587+0000][15960][safepoint    ] Safepoint "Cleanup", Time since last: 2000464695 ns, Reaching safepoint: 156754 ns, At safepoint: 6493 ns, Total: 163247 ns
[2020-05-16T09:44:08.587+0000][15960][safepoint    ] Safepoint "Cleanup", Time since last: 1999953159 ns, Reaching safepoint: 208232 ns, At safepoint: 6493 ns, Total: 214725 ns
[2020-05-16T09:44:09.588+0000][15960][safepoint    ] Safepoint "Cleanup", Time since last: 1000288463 ns, Reaching safepoint: 153044 ns, At safepoint: 6492 ns, Total: 159536 ns
[2020-05-16T09:44:10.588+0000][15960][safepoint    ] Safepoint "Cleanup", Time since last: 1000187363 ns, Reaching safepoint: 141449 ns, At safepoint: 4638 ns, Total: 146087 ns
[2020-05-16T09:44:11.588+0000][15960][safepoint    ] Safepoint "Cleanup", Time since last: 1000222608 ns, Reaching safepoint: 157218 ns, At safepoint: 6492 ns, Total: 163710 ns
[2020-05-16T09:44:13.589+0000][15960][safepoint    ] Safepoint "Cleanup", Time since last: 2000252754 ns, Reaching safepoint: 137275 ns, At safepoint: 7884 ns, Total: 145159 ns
[2020-05-16T09:44:15.592+0000][15960][safepoint    ] Safepoint "Cleanup", Time since last: 2000420174 ns, Reaching safepoint: 2924520 ns, At safepoint: 307942 ns, Total: 3232462 ns
[2020-05-16T09:44:16.593+0000][15960][safepoint    ] Safepoint "Cleanup", Time since last: 1000499478 ns, Reaching safepoint: 150261 ns, At safepoint: 7420 ns, Total: 157681 ns
[2020-05-16T09:44:17.593+0000][15960][safepoint    ] Safepoint "Cleanup", Time since last: 1000246261 ns, Reaching safepoint: 157681 ns, At safepoint: 8812 ns, Total: 166493 ns
[2020-05-16T09:44:19.594+0000][15960][safepoint    ] Safepoint "Cleanup", Time since last: 2000382144 ns, Reaching safepoint: 163710 ns, At safepoint: 8348 ns, Total: 172058 ns
[2020-05-16T09:44:20.594+0000][15960][safepoint    ] Safepoint "Cleanup", Time since last: 1000113160 ns, Reaching safepoint: 278724 ns, At safepoint: 11131 ns, Total: 289855 ns
[2020-05-16T09:44:22.595+0000][15960][safepoint    ] Safepoint "Cleanup", Time since last: 2000923361 ns, Reaching safepoint: 160928 ns, At safepoint: 6493 ns, Total: 167421 ns
[2020-05-16T09:44:23.596+0000][15960][safepoint    ] Safepoint "Cleanup", Time since last: 1000492057 ns, Reaching safepoint: 82087 ns, At safepoint: 2783 ns, Total: 84870 ns
[2020-05-16T09:44:24.596+0000][15960][safepoint    ] Safepoint "Cleanup", Time since last: 1000038493 ns, Reaching safepoint: 167420 ns, At safepoint: 13913 ns, Total: 181333 ns
[2020-05-16T09:44:25.597+0000][15960][safepoint    ] Safepoint "Cleanup", Time since last: 1000086261 ns, Reaching safepoint: 157217 ns, At safepoint: 7420 ns, Total: 164637 ns
[2020-05-16T09:44:26.597+0000][15960][safepoint    ] Safepoint "Cleanup", Time since last: 1000526377 ns, Reaching safepoint: 135884 ns, At safepoint: 6029 ns, Total: 141913 ns
[2020-05-16T09:44:27.597+0000][15960][safepoint    ] Safepoint "Cleanup", Time since last: 1000011130 ns, Reaching safepoint: 167421 ns, At safepoint: 6956 ns, Total: 174377 ns
[2020-05-16T09:44:29.598+0000][15960][safepoint    ] Safepoint "Cleanup", Time since last: 2000264348 ns, Reaching safepoint: 143768 ns, At safepoint: 9275 ns, Total: 153043 ns
[2020-05-16T09:44:31.598+0000][15960][safepoint    ] Safepoint "Cleanup", Time since last: 2000243478 ns, Reaching safepoint: 170203 ns, At safepoint: 6957 ns, Total: 177160 ns
[2020-05-16T09:44:32.598+0000][15960][safepoint    ] Safepoint "Cleanup", Time since last: 1000029681 ns, Reaching safepoint: 76058 ns, At safepoint: 2319 ns, Total: 78377 ns
[2020-05-16T09:44:33.599+0000][15960][safepoint    ] Safepoint "Cleanup", Time since last: 1000390492 ns, Reaching safepoint: 134493 ns, At safepoint: 6493 ns, Total: 140986 ns
[2020-05-16T09:44:34.599+0000][15960][safepoint    ] Safepoint "Cleanup", Time since last: 1000337623 ns, Reaching safepoint: 158608 ns, At safepoint: 5565 ns, Total: 164173 ns
[2020-05-16T09:44:36.600+0000][15960][safepoint    ] Safepoint "Cleanup", Time since last: 2000750841 ns, Reaching safepoint: 168811 ns, At safepoint: 7884 ns, Total: 176695 ns
[2020-05-16T09:44:37.601+0000][15960][safepoint    ] Safepoint "Cleanup", Time since last: 1000328348 ns, Reaching safepoint: 158609 ns, At safepoint: 6956 ns, Total: 165565 ns
[2020-05-16T09:44:38.601+0000][15960][safepoint    ] Safepoint "Cleanup", Time since last: 1000332522 ns, Reaching safepoint: 154434 ns, At safepoint: 6493 ns, Total: 160927 ns
[2020-05-16T09:44:39.602+0000][15960][safepoint    ] Safepoint "Cleanup", Time since last: 1000792580 ns, Reaching safepoint: 143304 ns, At safepoint: 6493 ns, Total: 149797 ns
[2020-05-16T09:44:40.603+0000][15960][safepoint    ] Safepoint "Cleanup", Time since last: 1000217507 ns, Reaching safepoint: 135420 ns, At safepoint: 6029 ns, Total: 141449 ns
[2020-05-16T09:44:42.603+0000][15960][safepoint    ] Safepoint "Cleanup", Time since last: 2000627478 ns, Reaching safepoint: 162319 ns, At safepoint: 6492 ns, Total: 168811 ns
[2020-05-16T09:44:43.604+0000][15960][safepoint    ] Safepoint "Cleanup", Time since last: 1000460522 ns, Reaching safepoint: 164638 ns, At safepoint: 6492 ns, Total: 171130 ns
[2020-05-16T09:44:44.604+0000][15960][safepoint    ] Safepoint "Cleanup", Time since last: 1000313507 ns, Reaching safepoint: 168348 ns, At safepoint: 5565 ns, Total: 173913 ns
[2020-05-16T09:44:45.605+0000][15960][safepoint    ] Safepoint "Cleanup", Time since last: 1000472116 ns, Reaching safepoint: 160000 ns, At safepoint: 8812 ns, Total: 168812 ns
[2020-05-16T09:44:46.606+0000][15960][safepoint    ] Safepoint "Cleanup", Time since last: 1000422492 ns, Reaching safepoint: 157217 ns, At safepoint: 6957 ns, Total: 164174 ns
[2020-05-16T09:44:47.606+0000][15960][safepoint    ] Safepoint "Cleanup", Time since last: 1000543536 ns, Reaching safepoint: 265275 ns, At safepoint: 9276 ns, Total: 274551 ns
[2020-05-16T09:44:48.607+0000][15960][safepoint    ] Safepoint "Cleanup", Time since last: 1000048695 ns, Reaching safepoint: 274551 ns, At safepoint: 11130 ns, Total: 285681 ns
[2020-05-16T09:44:50.607+0000][15960][safepoint    ] Safepoint "Cleanup", Time since last: 2000140986 ns, Reaching safepoint: 139594 ns, At safepoint: 7884 ns, Total: 147478 ns
[2020-05-16T09:44:52.608+0000][15960][safepoint    ] Safepoint "Cleanup", Time since last: 2000369159 ns, Reaching safepoint: 182725 ns, At safepoint: 8347 ns, Total: 191072 ns
[2020-05-16T09:44:53.608+0000][15960][safepoint    ] Safepoint "Cleanup", Time since last: 1000371942 ns, Reaching safepoint: 200348 ns, At safepoint: 7884 ns, Total: 208232 ns
[2020-05-16T09:44:54.609+0000][15960][safepoint    ] Safepoint "Cleanup", Time since last: 1000686840 ns, Reaching safepoint: 158145 ns, At safepoint: 6029 ns, Total: 164174 ns
[2020-05-16T09:44:55.610+0000][15960][safepoint    ] Safepoint "Cleanup", Time since last: 1000695188 ns, Reaching safepoint: 96464 ns, At safepoint: 2783 ns, Total: 99247 ns
[2020-05-16T09:44:56.610+0000][15960][safepoint    ] Safepoint "Cleanup", Time since last: 1000254608 ns, Reaching safepoint: 154899 ns, At safepoint: 2782 ns, Total: 157681 ns
[2020-05-16T09:44:57.611+0000][15960][safepoint    ] Safepoint "Cleanup", Time since last: 1000400232 ns, Reaching safepoint: 219826 ns, At safepoint: 6493 ns, Total: 226319 ns
[2020-05-16T09:44:58.611+0000][15960][safepoint    ] Safepoint "Cleanup", Time since last: 1000301449 ns, Reaching safepoint: 191536 ns, At safepoint: 5565 ns, Total: 197101 ns
[2020-05-16T09:44:59.612+0000][15960][safepoint    ] Safepoint "Cleanup", Time since last: 1000006957 ns, Reaching safepoint: 106203 ns, At safepoint: 2782 ns, Total: 108985 ns
[2020-05-16T09:45:00.612+0000][15960][safepoint    ] Safepoint "Cleanup", Time since last: 1000584348 ns, Reaching safepoint: 146087 ns, At safepoint: 6029 ns, Total: 152116 ns
[2020-05-16T09:45:01.613+0000][15960][safepoint    ] Safepoint "Cleanup", Time since last: 1000135884 ns, Reaching safepoint: 145159 ns, At safepoint: 6493 ns, Total: 151652 ns
[2020-05-16T09:45:02.614+0000][15960][safepoint    ] Safepoint "Cleanup", Time since last: 1000831536 ns, Reaching safepoint: 146550 ns, At safepoint: 6493 ns, Total: 153043 ns
[2020-05-16T09:45:03.615+0000][15960][safepoint    ] Safepoint "Cleanup", Time since last: 1000807884 ns, Reaching safepoint: 134029 ns, At safepoint: 8347 ns, Total: 142376 ns
[2020-05-16T09:45:04.615+0000][15960][safepoint    ] Safepoint "Cleanup", Time since last: 1000683594 ns, Reaching safepoint: 175305 ns, At safepoint: 6956 ns, Total: 182261 ns
[2020-05-16T09:45:05.616+0000][15960][safepoint    ] Safepoint "Cleanup", Time since last: 1000426667 ns, Reaching safepoint: 144231 ns, At safepoint: 6029 ns, Total: 150260 ns
[2020-05-16T09:45:06.616+0000][15960][safepoint    ] Safepoint "Cleanup", Time since last: 1000277334 ns, Reaching safepoint: 123826 ns, At safepoint: 6029 ns, Total: 129855 ns
[2020-05-16T09:45:07.617+0000][15960][safepoint    ] Safepoint "Cleanup", Time since last: 1000147941 ns, Reaching safepoint: 144696 ns, At safepoint: 6029 ns, Total: 150725 ns
[2020-05-16T09:45:08.618+0000][15960][safepoint    ] Safepoint "Cleanup", Time since last: 1000693333 ns, Reaching safepoint: 146551 ns, At safepoint: 6029 ns, Total: 152580 ns
[2020-05-16T09:45:10.618+0000][15960][safepoint    ] Safepoint "Cleanup", Time since last: 2000643710 ns, Reaching safepoint: 171594 ns, At safepoint: 7884 ns, Total: 179478 ns
[2020-05-16T09:45:11.619+0000][15960][safepoint    ] Safepoint "Cleanup", Time since last: 1000564405 ns, Reaching safepoint: 143768 ns, At safepoint: 8348 ns, Total: 152116 ns
[2020-05-16T09:45:13.620+0000][15960][safepoint    ] Safepoint "Cleanup", Time since last: 2000496696 ns, Reaching safepoint: 133101 ns, At safepoint: 6493 ns, Total: 139594 ns
[2020-05-16T09:45:14.621+0000][15960][safepoint    ] Safepoint "Cleanup", Time since last: 1000769391 ns, Reaching safepoint: 142376 ns, At safepoint: 8348 ns, Total: 150724 ns
[2020-05-16T09:45:15.621+0000][15960][safepoint    ] Safepoint "Cleanup", Time since last: 1000223536 ns, Reaching safepoint: 134029 ns, At safepoint: 5565 ns, Total: 139594 ns
[2020-05-16T09:45:16.622+0000][15960][safepoint    ] Safepoint "Cleanup", Time since last: 1000579247 ns, Reaching safepoint: 106666 ns, At safepoint: 3710 ns, Total: 110376 ns
[2020-05-16T09:45:17.622+0000][15960][safepoint    ] Safepoint "Cleanup", Time since last: 1000290783 ns, Reaching safepoint: 149333 ns, At safepoint: 8812 ns, Total: 158145 ns
[2020-05-16T09:45:18.623+0000][15960][safepoint    ] Safepoint "Cleanup", Time since last: 1000477681 ns, Reaching safepoint: 843593 ns, At safepoint: 32928 ns, Total: 876521 ns
[2020-05-16T09:45:19.624+0000][15960][safepoint    ] Safepoint "Cleanup", Time since last: 1000425275 ns, Reaching safepoint: 147015 ns, At safepoint: 6492 ns, Total: 153507 ns
[2020-05-16T09:45:21.644+0000][15960][safepoint    ] Safepoint "Cleanup", Time since last: 2000257855 ns, Reaching safepoint: 19174484 ns, At safepoint: 67246 ns, Total: 19241730 ns
[2020-05-16T09:45:22.644+0000][15960][safepoint    ] Safepoint "Cleanup", Time since last: 1000288464 ns, Reaching safepoint: 92754 ns, At safepoint: 5101 ns, Total: 97855 ns
[2020-05-16T09:45:24.659+0000][15960][safepoint    ] Safepoint "Cleanup", Time since last: 2000094609 ns, Reaching safepoint: 15713848 ns, At safepoint: 114550 ns, Total: 15828398 ns
[2020-05-16T09:45:25.679+0000][15960][safepoint    ] Safepoint "Cleanup", Time since last: 1018771470 ns, Reaching safepoint: 84406 ns, At safepoint: 3710 ns, Total: 88116 ns
[2020-05-16T09:45:26.679+0000][15960][safepoint    ] Safepoint "Cleanup", Time since last: 1000120116 ns, Reaching safepoint: 184579 ns, At safepoint: 10667 ns, Total: 195246 ns
[2020-05-16T09:45:28.680+0000][15960][safepoint    ] Safepoint "Cleanup", Time since last: 2000902028 ns, Reaching safepoint: 139595 ns, At safepoint: 7420 ns, Total: 147015 ns
[2020-05-16T09:45:29.681+0000][15960][safepoint    ] Safepoint "Cleanup", Time since last: 1000378898 ns, Reaching safepoint: 134957 ns, At safepoint: 8348 ns, Total: 143305 ns
[2020-05-16T09:45:30.739+0000][15960][safepoint    ] Safepoint "Cleanup", Time since last: 1000786550 ns, Reaching safepoint: 57966814 ns, At safepoint: 36173 ns, Total: 58002987 ns
[2020-05-16T09:45:31.740+0000][15960][safepoint    ] Safepoint "Cleanup", Time since last: 1000669218 ns, Reaching safepoint: 211941 ns, At safepoint: 8348 ns, Total: 220289 ns
[2020-05-16T09:45:32.741+0000][15960][safepoint    ] Safepoint "Cleanup", Time since last: 1000086725 ns, Reaching safepoint: 151652 ns, At safepoint: 9275 ns, Total: 160927 ns
[2020-05-16T09:45:33.742+0000][15960][safepoint    ] Safepoint "Cleanup", Time since last: 1000858435 ns, Reaching safepoint: 308869 ns, At safepoint: 14377 ns, Total: 323246 ns
[2020-05-16T09:45:35.743+0000][15960][safepoint    ] Safepoint "Cleanup", Time since last: 2000807884 ns, Reaching safepoint: 153043 ns, At safepoint: 6493 ns, Total: 159536 ns
[2020-05-16T09:45:36.743+0000][15960][safepoint    ] Safepoint "Cleanup", Time since last: 1000160000 ns, Reaching safepoint: 143304 ns, At safepoint: 7884 ns, Total: 151188 ns
[2020-05-16T09:45:37.744+0000][15960][safepoint    ] Safepoint "Cleanup", Time since last: 1000668290 ns, Reaching safepoint: 162318 ns, At safepoint: 6493 ns, Total: 168811 ns
[2020-05-16T09:45:39.744+0000][15960][safepoint    ] Safepoint "Cleanup", Time since last: 2000060290 ns, Reaching safepoint: 133565 ns, At safepoint: 7884 ns, Total: 141449 ns
[2020-05-16T09:45:40.745+0000][15960][safepoint    ] Safepoint "Cleanup", Time since last: 1000818551 ns, Reaching safepoint: 132637 ns, At safepoint: 7884 ns, Total: 140521 ns
[2020-05-16T09:45:41.746+0000][15960][safepoint    ] Safepoint "Cleanup", Time since last: 1000511536 ns, Reaching safepoint: 100638 ns, At safepoint: 3710 ns, Total: 104348 ns
[2020-05-16T09:45:42.746+0000][15960][safepoint    ] Safepoint "Cleanup", Time since last: 1000132638 ns, Reaching safepoint: 157217 ns, At safepoint: 6956 ns, Total: 164173 ns
[2020-05-16T09:45:44.746+0000][15960][safepoint    ] Safepoint "Cleanup", Time since last: 2000253218 ns, Reaching safepoint: 145159 ns, At safepoint: 6493 ns, Total: 151652 ns
[2020-05-16T09:45:45.747+0000][15960][safepoint    ] Safepoint "Cleanup", Time since last: 1000458202 ns, Reaching safepoint: 158609 ns, At safepoint: 5565 ns, Total: 164174 ns
[2020-05-16T09:45:46.748+0000][15960][safepoint    ] Safepoint "Cleanup", Time since last: 1000673855 ns, Reaching safepoint: 262493 ns, At safepoint: 8811 ns, Total: 271304 ns
[2020-05-16T09:45:47.749+0000][15960][safepoint    ] Safepoint "Cleanup", Time since last: 1000532870 ns, Reaching safepoint: 116869 ns, At safepoint: 4174 ns, Total: 121043 ns
[2020-05-16T09:45:48.754+0000][15960][safepoint    ] Safepoint "Cleanup", Time since last: 1000130319 ns, Reaching safepoint: 5061099 ns, At safepoint: 27362 ns, Total: 5088461 ns
[2020-05-16T09:45:49.755+0000][15960][safepoint    ] Safepoint "Cleanup", Time since last: 1000796753 ns, Reaching safepoint: 161392 ns, At safepoint: 6492 ns, Total: 167884 ns
[2020-05-16T09:45:50.755+0000][15960][safepoint    ] Safepoint "Cleanup", Time since last: 1000282899 ns, Reaching safepoint: 156290 ns, At safepoint: 6029 ns, Total: 162319 ns
[2020-05-16T09:45:51.756+0000][15960][safepoint    ] Safepoint "Cleanup", Time since last: 1000400695 ns, Reaching safepoint: 176232 ns, At safepoint: 6493 ns, Total: 182725 ns
[2020-05-16T09:45:52.756+0000][15960][safepoint    ] Safepoint "Cleanup", Time since last: 1000472115 ns, Reaching safepoint: 75131 ns, At safepoint: 3246 ns, Total: 78377 ns
[2020-05-16T09:45:53.757+0000][15960][safepoint    ] Safepoint "Cleanup", Time since last: 1000450783 ns, Reaching safepoint: 96000 ns, At safepoint: 4173 ns, Total: 100173 ns
[2020-05-16T09:45:54.758+0000][15960][safepoint    ] Safepoint "Cleanup", Time since last: 1000684522 ns, Reaching safepoint: 159536 ns, At safepoint: 8812 ns, Total: 168348 ns
[2020-05-16T09:45:55.759+0000][15960][safepoint    ] Safepoint "Cleanup", Time since last: 1000689622 ns, Reaching safepoint: 190145 ns, At safepoint: 13450 ns, Total: 203595 ns
[2020-05-16T09:45:56.759+0000][15960][safepoint    ] Safepoint "Cleanup", Time since last: 1000624695 ns, Reaching safepoint: 123826 ns, At safepoint: 3710 ns, Total: 127536 ns
[2020-05-16T09:45:57.760+0000][15960][safepoint    ] Safepoint "Cleanup", Time since last: 1000531014 ns, Reaching safepoint: 96928 ns, At safepoint: 3246 ns, Total: 100174 ns
[2020-05-16T09:45:58.760+0000][15960][safepoint    ] Safepoint "Cleanup", Time since last: 1000036174 ns, Reaching safepoint: 153971 ns, At safepoint: 3710 ns, Total: 157681 ns
[2020-05-16T09:46:00.761+0000][15960][safepoint    ] Safepoint "Cleanup", Time since last: 2000587130 ns, Reaching safepoint: 162319 ns, At safepoint: 5102 ns, Total: 167421 ns
[2020-05-16T09:46:01.761+0000][15960][safepoint    ] Safepoint "Cleanup", Time since last: 1000342724 ns, Reaching safepoint: 121971 ns, At safepoint: 6957 ns, Total: 128928 ns
[2020-05-16T09:46:03.762+0000][15960][safepoint    ] Safepoint "Cleanup", Time since last: 2000243941 ns, Reaching safepoint: 154899 ns, At safepoint: 6493 ns, Total: 161392 ns
[2020-05-16T09:46:04.763+0000][15960][safepoint    ] Safepoint "Cleanup", Time since last: 1000800463 ns, Reaching safepoint: 153971 ns, At safepoint: 6493 ns, Total: 160464 ns
[2020-05-16T09:46:05.764+0000][15960][safepoint    ] Safepoint "Cleanup", Time since last: 1000716985 ns, Reaching safepoint: 153971 ns, At safepoint: 6029 ns, Total: 160000 ns
[2020-05-16T09:46:06.670+0000][15960][gc,start     ] GC(31) Pause Young (Normal) (G1 Evacuation Pause)
[2020-05-16T09:46:06.670+0000][15960][gc,task      ] GC(31) Using 4 workers of 4 for evacuation
[2020-05-16T09:46:06.670+0000][15960][gc,age       ] GC(31) Desired survivor size 20447232 bytes, new threshold 15 (max threshold 15)
[2020-05-16T09:46:06.745+0000][15960][gc,age       ] GC(31) Age table with threshold 15 (max threshold 15)
[2020-05-16T09:46:06.745+0000][15960][gc,age       ] GC(31) - age   1:     150280 bytes,     150280 total
[2020-05-16T09:46:06.745+0000][15960][gc,age       ] GC(31) - age   2:         64 bytes,     150344 total
[2020-05-16T09:46:06.745+0000][15960][gc,age       ] GC(31) - age   3:       6664 bytes,     157008 total
[2020-05-16T09:46:06.745+0000][15960][gc,age       ] GC(31) - age   4:       7424 bytes,     164432 total
[2020-05-16T09:46:06.745+0000][15960][gc,age       ] GC(31) - age   5:       6808 bytes,     171240 total
[2020-05-16T09:46:06.745+0000][15960][gc,age       ] GC(31) - age   6:       4896 bytes,     176136 total
[2020-05-16T09:46:06.745+0000][15960][gc,age       ] GC(31) - age   7:      39184 bytes,     215320 total
[2020-05-16T09:46:06.745+0000][15960][gc,age       ] GC(31) - age   8:     602040 bytes,     817360 total
[2020-05-16T09:46:06.745+0000][15960][gc,age       ] GC(31) - age   9:       6560 bytes,     823920 total
[2020-05-16T09:46:06.745+0000][15960][gc,age       ] GC(31) - age  10:      60712 bytes,     884632 total
[2020-05-16T09:46:06.745+0000][15960][gc,age       ] GC(31) - age  11:     254280 bytes,    1138912 total
[2020-05-16T09:46:06.745+0000][15960][gc,age       ] GC(31) - age  12:     367880 bytes,    1506792 total
[2020-05-16T09:46:06.745+0000][15960][gc,age       ] GC(31) - age  13:      71592 bytes,    1578384 total
[2020-05-16T09:46:06.745+0000][15960][gc,age       ] GC(31) - age  14:     165752 bytes,    1744136 total
[2020-05-16T09:46:06.745+0000][15960][gc,age       ] GC(31) - age  15:      26256 bytes,    1770392 total
[2020-05-16T09:46:06.746+0000][15960][gc,phases    ] GC(31)   Pre Evacuate Collection Set: 0.6ms
[2020-05-16T09:46:06.746+0000][15960][gc,phases    ] GC(31)   Merge Heap Roots: 0.5ms
[2020-05-16T09:46:06.746+0000][15960][gc,phases    ] GC(31)   Evacuate Collection Set: 36.5ms
[2020-05-16T09:46:06.746+0000][15960][gc,phases    ] GC(31)   Post Evacuate Collection Set: 31.0ms
[2020-05-16T09:46:06.746+0000][15960][gc,phases    ] GC(31)   Other: 7.6ms
[2020-05-16T09:46:06.746+0000][15960][gc,heap      ] GC(31) Eden regions: 306->0(612)
[2020-05-16T09:46:06.746+0000][15960][gc,heap      ] GC(31) Survivor regions: 3->2(39)
[2020-05-16T09:46:06.746+0000][15960][gc,heap      ] GC(31) Old regions: 69->70
[2020-05-16T09:46:06.746+0000][15960][gc,heap      ] GC(31) Archive regions: 0->0
[2020-05-16T09:46:06.746+0000][15960][gc,heap      ] GC(31) Humongous regions: 7->7
[2020-05-16T09:46:06.746+0000][15960][gc,metaspace ] GC(31) Metaspace: 97465K(105124K)->97465K(105124K) NonClass: 84665K(89176K)->84665K(89176K) Class: 12800K(15948K)->12800K(15948K)
[2020-05-16T09:46:06.746+0000][15960][gc           ] GC(31) Pause Young (Normal) (G1 Evacuation Pause) 384M->78M(1024M) 76.233ms
[2020-05-16T09:46:06.746+0000][15960][gc,cpu       ] GC(31) User=0.00s Sys=0.02s Real=0.08s
[2020-05-16T09:46:06.746+0000][15960][safepoint    ] Safepoint "G1CollectForAllocation", Time since last: 887284922 ns, Reaching safepoint: 18774716 ns, At safepoint: 76544428 ns, Total: 95319144 ns
[2020-05-16T09:46:08.746+0000][15960][safepoint    ] Safepoint "Cleanup", Time since last: 1999961043 ns, Reaching safepoint: 164638 ns, At safepoint: 6493 ns, Total: 171131 ns
[2020-05-16T09:46:09.747+0000][15960][safepoint    ] Safepoint "Cleanup", Time since last: 1000005101 ns, Reaching safepoint: 131710 ns, At safepoint: 6493 ns, Total: 138203 ns
[2020-05-16T09:46:10.747+0000][15960][safepoint    ] Safepoint "Cleanup", Time since last: 1000077913 ns, Reaching safepoint: 140985 ns, At safepoint: 6957 ns, Total: 147942 ns
[2020-05-16T09:46:12.747+0000][15960][safepoint    ] Safepoint "Cleanup", Time since last: 2000371014 ns, Reaching safepoint: 179942 ns, At safepoint: 6957 ns, Total: 186899 ns
[2020-05-16T09:46:13.748+0000][15960][safepoint    ] Safepoint "Cleanup", Time since last: 1000283362 ns, Reaching safepoint: 144232 ns, At safepoint: 5565 ns, Total: 149797 ns
[2020-05-16T09:46:14.749+0000][15960][safepoint    ] Safepoint "Cleanup", Time since last: 1000540290 ns, Reaching safepoint: 124753 ns, At safepoint: 3710 ns, Total: 128463 ns
[2020-05-16T09:46:16.640+0000][15960][safepoint    ] Safepoint "Cleanup", Time since last: 1891357268 ns, Reaching safepoint: 198029 ns, At safepoint: 6957 ns, Total: 204986 ns
[2020-05-16T09:46:17.641+0000][15960][safepoint    ] Safepoint "Cleanup", Time since last: 1000673854 ns, Reaching safepoint: 189218 ns, At safepoint: 9275 ns, Total: 198493 ns
[2020-05-16T09:46:18.663+0000][15960][safepoint    ] Safepoint "Cleanup", Time since last: 1000694260 ns, Reaching safepoint: 21056918 ns, At safepoint: 23652 ns, Total: 21080570 ns
[2020-05-16T09:46:19.663+0000][15960][safepoint    ] Safepoint "Cleanup", Time since last: 1000184580 ns, Reaching safepoint: 172985 ns, At safepoint: 6493 ns, Total: 179478 ns
[2020-05-16T09:46:21.663+0000][15960][safepoint    ] Safepoint "Cleanup", Time since last: 1999959652 ns, Reaching safepoint: 159073 ns, At safepoint: 5565 ns, Total: 164638 ns
[2020-05-16T09:46:22.664+0000][15960][safepoint    ] Safepoint "Cleanup", Time since last: 1000233739 ns, Reaching safepoint: 150725 ns, At safepoint: 9275 ns, Total: 160000 ns
[2020-05-16T09:46:23.664+0000][15960][safepoint    ] Safepoint "Cleanup", Time since last: 1000120116 ns, Reaching safepoint: 137739 ns, At safepoint: 6029 ns, Total: 143768 ns
[2020-05-16T09:46:24.665+0000][15960][safepoint    ] Safepoint "Cleanup", Time since last: 1000563478 ns, Reaching safepoint: 140522 ns, At safepoint: 6956 ns, Total: 147478 ns
[2020-05-16T09:46:25.665+0000][15960][safepoint    ] Safepoint "Cleanup", Time since last: 1000287072 ns, Reaching safepoint: 114551 ns, At safepoint: 3710 ns, Total: 118261 ns
[2020-05-16T09:46:26.666+0000][15960][safepoint    ] Safepoint "Cleanup", Time since last: 1000550956 ns, Reaching safepoint: 165566 ns, At safepoint: 6492 ns, Total: 172058 ns
[2020-05-16T09:46:27.667+0000][15960][safepoint    ] Safepoint "Cleanup", Time since last: 1000783304 ns, Reaching safepoint: 177160 ns, At safepoint: 6956 ns, Total: 184116 ns
[2020-05-16T09:46:28.667+0000][15960][safepoint    ] Safepoint "Cleanup", Time since last: 1000278261 ns, Reaching safepoint: 151188 ns, At safepoint: 6493 ns, Total: 157681 ns
[2020-05-16T09:46:29.668+0000][15960][safepoint    ] Safepoint "Cleanup", Time since last: 1000595478 ns, Reaching safepoint: 150725 ns, At safepoint: 9275 ns, Total: 160000 ns
[2020-05-16T09:46:30.702+0000][15960][safepoint    ] Safepoint "Cleanup", Time since last: 1000449391 ns, Reaching safepoint: 33871289 ns, At safepoint: 64000 ns, Total: 33935289 ns
[2020-05-16T09:46:31.703+0000][15960][safepoint    ] Safepoint "Cleanup", Time since last: 1000201275 ns, Reaching safepoint: 137739 ns, At safepoint: 6493 ns, Total: 144232 ns
[2020-05-16T09:46:32.703+0000][15960][safepoint    ] Safepoint "Cleanup", Time since last: 1000464695 ns, Reaching safepoint: 129391 ns, At safepoint: 4174 ns, Total: 133565 ns
[2020-05-16T09:46:33.704+0000][15960][safepoint    ] Safepoint "Cleanup", Time since last: 1000439652 ns, Reaching safepoint: 117797 ns, At safepoint: 5566 ns, Total: 123363 ns
[2020-05-16T09:46:34.704+0000][15960][safepoint    ] Safepoint "Cleanup", Time since last: 1000330202 ns, Reaching safepoint: 145623 ns, At safepoint: 5102 ns, Total: 150725 ns
[2020-05-16T09:46:35.705+0000][15960][safepoint    ] Safepoint "Cleanup", Time since last: 1000751304 ns, Reaching safepoint: 145623 ns, At safepoint: 6493 ns, Total: 152116 ns
[2020-05-16T09:46:36.705+0000][15960][safepoint    ] Safepoint "Cleanup", Time since last: 1000233739 ns, Reaching safepoint: 146087 ns, At safepoint: 9275 ns, Total: 155362 ns
[2020-05-16T09:46:37.706+0000][15960][safepoint    ] Safepoint "Cleanup", Time since last: 1000759188 ns, Reaching safepoint: 148406 ns, At safepoint: 6493 ns, Total: 154899 ns
[2020-05-16T09:46:38.707+0000][15960][safepoint    ] Safepoint "Cleanup", Time since last: 1000463304 ns, Reaching safepoint: 163246 ns, At safepoint: 8812 ns, Total: 172058 ns
[2020-05-16T09:46:39.708+0000][15960][safepoint    ] Safepoint "Cleanup", Time since last: 1000768463 ns, Reaching safepoint: 259246 ns, At safepoint: 12522 ns, Total: 271768 ns
[2020-05-16T09:46:40.708+0000][15960][safepoint    ] Safepoint "Cleanup", Time since last: 1000188754 ns, Reaching safepoint: 301449 ns, At safepoint: 17623 ns, Total: 319072 ns
[2020-05-16T09:46:42.709+0000][15960][safepoint    ] Safepoint "Cleanup", Time since last: 2000303304 ns, Reaching safepoint: 140522 ns, At safepoint: 4637 ns, Total: 145159 ns
[2020-05-16T09:46:43.710+0000][15960][safepoint    ] Safepoint "Cleanup", Time since last: 1000355710 ns, Reaching safepoint: 158609 ns, At safepoint: 6029 ns, Total: 164638 ns
[2020-05-16T09:46:44.710+0000][15960][safepoint    ] Safepoint "Cleanup", Time since last: 1000063072 ns, Reaching safepoint: 142377 ns, At safepoint: 8348 ns, Total: 150725 ns
[2020-05-16T09:46:45.711+0000][15960][safepoint    ] Safepoint "Cleanup", Time since last: 1000742956 ns, Reaching safepoint: 146551 ns, At safepoint: 8811 ns, Total: 155362 ns
[2020-05-16T09:46:46.711+0000][15960][safepoint    ] Safepoint "Cleanup", Time since last: 1000453565 ns, Reaching safepoint: 141450 ns, At safepoint: 9275 ns, Total: 150725 ns
[2020-05-16T09:46:47.712+0000][15960][safepoint    ] Safepoint "Cleanup", Time since last: 1000377507 ns, Reaching safepoint: 147942 ns, At safepoint: 6957 ns, Total: 154899 ns
[2020-05-16T09:46:48.713+0000][15960][safepoint    ] Safepoint "Cleanup", Time since last: 1000832463 ns, Reaching safepoint: 144695 ns, At safepoint: 5566 ns, Total: 150261 ns
[2020-05-16T09:46:49.713+0000][15960][safepoint    ] Safepoint "Cleanup", Time since last: 1000098319 ns, Reaching safepoint: 174376 ns, At safepoint: 6493 ns, Total: 180869 ns
[2020-05-16T09:46:50.720+0000][15960][safepoint    ] Safepoint "Cleanup", Time since last: 1006803011 ns, Reaching safepoint: 157681 ns, At safepoint: 7421 ns, Total: 165102 ns
[2020-05-16T09:46:51.721+0000][15960][safepoint    ] Safepoint "Cleanup", Time since last: 1000757333 ns, Reaching safepoint: 227710 ns, At safepoint: 12521 ns, Total: 240231 ns
[2020-05-16T09:46:53.722+0000][15960][safepoint    ] Safepoint "Cleanup", Time since last: 2000508754 ns, Reaching safepoint: 173449 ns, At safepoint: 9275 ns, Total: 182724 ns
[2020-05-16T09:46:54.722+0000][15960][safepoint    ] Safepoint "Cleanup", Time since last: 1000275015 ns, Reaching safepoint: 83478 ns, At safepoint: 4174 ns, Total: 87652 ns
[2020-05-16T09:46:55.723+0000][15960][safepoint    ] Safepoint "Cleanup", Time since last: 1000823652 ns, Reaching safepoint: 83014 ns, At safepoint: 3710 ns, Total: 86724 ns
[2020-05-16T09:46:56.723+0000][15960][safepoint    ] Safepoint "Cleanup", Time since last: 1000083015 ns, Reaching safepoint: 78377 ns, At safepoint: 2782 ns, Total: 81159 ns
[2020-05-16T09:46:57.724+0000][15960][safepoint    ] Safepoint "Cleanup", Time since last: 1000702145 ns, Reaching safepoint: 161855 ns, At safepoint: 9739 ns, Total: 171594 ns
[2020-05-16T09:46:58.725+0000][15960][safepoint    ] Safepoint "Cleanup", Time since last: 1000510145 ns, Reaching safepoint: 221681 ns, At safepoint: 9275 ns, Total: 230956 ns
[2020-05-16T09:46:59.725+0000][15960][safepoint    ] Safepoint "Cleanup", Time since last: 1000341333 ns, Reaching safepoint: 247188 ns, At safepoint: 14377 ns, Total: 261565 ns
[2020-05-16T09:47:01.726+0000][15960][safepoint    ] Safepoint "Cleanup", Time since last: 2000234667 ns, Reaching safepoint: 306550 ns, At safepoint: 13450 ns, Total: 320000 ns
[2020-05-16T09:47:03.727+0000][15960][safepoint    ] Safepoint "Cleanup", Time since last: 2000504115 ns, Reaching safepoint: 139131 ns, At safepoint: 6956 ns, Total: 146087 ns
[2020-05-16T09:47:04.727+0000][15960][safepoint    ] Safepoint "Cleanup", Time since last: 1000662725 ns, Reaching safepoint: 174840 ns, At safepoint: 7884 ns, Total: 182724 ns
[2020-05-16T09:47:06.728+0000][15960][safepoint    ] Safepoint "Cleanup", Time since last: 2000749449 ns, Reaching safepoint: 93681 ns, At safepoint: 4174 ns, Total: 97855 ns
[2020-05-16T09:47:07.729+0000][15960][safepoint    ] Safepoint "Cleanup", Time since last: 1000137739 ns, Reaching safepoint: 147015 ns, At safepoint: 6492 ns, Total: 153507 ns
[2020-05-16T09:47:08.729+0000][15960][safepoint    ] Safepoint "Cleanup", Time since last: 1000235594 ns, Reaching safepoint: 117797 ns, At safepoint: 13450 ns, Total: 131247 ns
[2020-05-16T09:47:09.729+0000][15960][safepoint    ] Safepoint "Cleanup", Time since last: 1000046840 ns, Reaching safepoint: 121971 ns, At safepoint: 6493 ns, Total: 128464 ns
[2020-05-16T09:47:10.730+0000][15960][safepoint    ] Safepoint "Cleanup", Time since last: 1000285217 ns, Reaching safepoint: 131710 ns, At safepoint: 7884 ns, Total: 139594 ns
[2020-05-16T09:47:11.731+0000][15960][safepoint    ] Safepoint "Cleanup", Time since last: 1000851942 ns, Reaching safepoint: 92290 ns, At safepoint: 2782 ns, Total: 95072 ns
[2020-05-16T09:47:12.731+0000][15960][safepoint    ] Safepoint "Cleanup", Time since last: 1000184580 ns, Reaching safepoint: 181333 ns, At safepoint: 6493 ns, Total: 187826 ns
[2020-05-16T09:47:14.731+0000][15960][safepoint    ] Safepoint "Cleanup", Time since last: 1999945739 ns, Reaching safepoint: 160928 ns, At safepoint: 9739 ns, Total: 170667 ns
[2020-05-16T09:47:15.731+0000][15960][safepoint    ] Safepoint "Cleanup", Time since last: 1000077449 ns, Reaching safepoint: 141449 ns, At safepoint: 6957 ns, Total: 148406 ns
[2020-05-16T09:47:16.732+0000][15960][safepoint    ] Safepoint "Cleanup", Time since last: 1000322782 ns, Reaching safepoint: 143305 ns, At safepoint: 6956 ns, Total: 150261 ns
[2020-05-16T09:47:17.732+0000][15960][safepoint    ] Safepoint "Cleanup", Time since last: 1000421101 ns, Reaching safepoint: 126609 ns, At safepoint: 6029 ns, Total: 132638 ns
[2020-05-16T09:47:18.733+0000][15960][safepoint    ] Safepoint "Cleanup", Time since last: 1000357101 ns, Reaching safepoint: 140058 ns, At safepoint: 6493 ns, Total: 146551 ns
[2020-05-16T09:47:19.733+0000][15960][safepoint    ] Safepoint "Cleanup", Time since last: 1000281971 ns, Reaching safepoint: 162318 ns, At safepoint: 8812 ns, Total: 171130 ns
[2020-05-16T09:47:21.733+0000][15960][safepoint    ] Safepoint "Cleanup", Time since last: 2000035246 ns, Reaching safepoint: 155363 ns, At safepoint: 6492 ns, Total: 161855 ns
[2020-05-16T09:47:23.389+0000][15960][safepoint    ] Safepoint "Cleanup", Time since last: 1655189494 ns, Reaching safepoint: 156289 ns, At safepoint: 10203 ns, Total: 166492 ns
[2020-05-16T09:47:24.389+0000][15960][safepoint    ] Safepoint "Cleanup", Time since last: 1000518493 ns, Reaching safepoint: 144232 ns, At safepoint: 6492 ns, Total: 150724 ns
[2020-05-16T09:47:25.390+0000][15960][safepoint    ] Safepoint "Cleanup", Time since last: 1000559768 ns, Reaching safepoint: 180870 ns, At safepoint: 12058 ns, Total: 192928 ns
[2020-05-16T09:47:26.391+0000][15960][safepoint    ] Safepoint "Cleanup", Time since last: 1001079188 ns, Reaching safepoint: 209623 ns, At safepoint: 10666 ns, Total: 220289 ns
[2020-05-16T09:47:27.393+0000][15960][safepoint    ] Safepoint "Cleanup", Time since last: 1001185855 ns, Reaching safepoint: 142377 ns, At safepoint: 8811 ns, Total: 151188 ns
[2020-05-16T09:47:28.393+0000][15960][safepoint    ] Safepoint "Cleanup", Time since last: 1000119189 ns, Reaching safepoint: 133101 ns, At safepoint: 5565 ns, Total: 138666 ns
[2020-05-16T09:47:29.394+0000][15960][safepoint    ] Safepoint "Cleanup", Time since last: 1000444290 ns, Reaching safepoint: 141449 ns, At safepoint: 9275 ns, Total: 150724 ns
[2020-05-16T09:47:30.394+0000][15960][safepoint    ] Safepoint "Cleanup", Time since last: 1000332986 ns, Reaching safepoint: 133101 ns, At safepoint: 7884 ns, Total: 140985 ns
[2020-05-16T09:47:31.395+0000][15960][safepoint    ] Safepoint "Cleanup", Time since last: 1000804174 ns, Reaching safepoint: 129391 ns, At safepoint: 6029 ns, Total: 135420 ns
[2020-05-16T09:47:32.396+0000][15960][safepoint    ] Safepoint "Cleanup", Time since last: 1000364058 ns, Reaching safepoint: 143304 ns, At safepoint: 5565 ns, Total: 148869 ns
[2020-05-16T09:47:33.396+0000][15960][safepoint    ] Safepoint "Cleanup", Time since last: 1000488348 ns, Reaching safepoint: 116406 ns, At safepoint: 4637 ns, Total: 121043 ns
[2020-05-16T09:47:34.396+0000][15960][safepoint    ] Safepoint "Cleanup", Time since last: 1000170203 ns, Reaching safepoint: 155362 ns, At safepoint: 6029 ns, Total: 161391 ns
[2020-05-16T09:47:35.397+0000][15960][safepoint    ] Safepoint "Cleanup", Time since last: 1000761971 ns, Reaching safepoint: 155362 ns, At safepoint: 6957 ns, Total: 162319 ns
[2020-05-16T09:47:37.398+0000][15960][safepoint    ] Safepoint "Cleanup", Time since last: 2000829681 ns, Reaching safepoint: 138202 ns, At safepoint: 8348 ns, Total: 146550 ns
[2020-05-16T09:47:38.399+0000][15960][safepoint    ] Safepoint "Cleanup", Time since last: 1000830609 ns, Reaching safepoint: 123826 ns, At safepoint: 7420 ns, Total: 131246 ns
[2020-05-16T09:47:40.400+0000][15960][safepoint    ] Safepoint "Cleanup", Time since last: 2000315362 ns, Reaching safepoint: 146087 ns, At safepoint: 7420 ns, Total: 153507 ns
[2020-05-16T09:47:42.400+0000][15960][safepoint    ] Safepoint "Cleanup", Time since last: 2000277797 ns, Reaching safepoint: 154435 ns, At safepoint: 6493 ns, Total: 160928 ns
[2020-05-16T09:47:43.401+0000][15960][safepoint    ] Safepoint "Cleanup", Time since last: 1000578782 ns, Reaching safepoint: 142377 ns, At safepoint: 6492 ns, Total: 148869 ns
[2020-05-16T09:47:44.402+0000][15960][safepoint    ] Safepoint "Cleanup", Time since last: 1000557449 ns, Reaching safepoint: 154899 ns, At safepoint: 6493 ns, Total: 161392 ns
[2020-05-16T09:47:46.402+0000][15960][safepoint    ] Safepoint "Cleanup", Time since last: 2000191536 ns, Reaching safepoint: 103884 ns, At safepoint: 3710 ns, Total: 107594 ns
[2020-05-16T09:47:47.402+0000][15960][safepoint    ] Safepoint "Cleanup", Time since last: 1000298203 ns, Reaching safepoint: 135884 ns, At safepoint: 6029 ns, Total: 141913 ns
[2020-05-16T09:47:48.403+0000][15960][safepoint    ] Safepoint "Cleanup", Time since last: 1000614028 ns, Reaching safepoint: 154899 ns, At safepoint: 6493 ns, Total: 161392 ns
[2020-05-16T09:47:49.404+0000][15960][safepoint    ] Safepoint "Cleanup", Time since last: 1000493912 ns, Reaching safepoint: 154435 ns, At safepoint: 6493 ns, Total: 160928 ns
[2020-05-16T09:47:50.405+0000][15960][safepoint    ] Safepoint "Cleanup", Time since last: 1000663652 ns, Reaching safepoint: 144232 ns, At safepoint: 56579 ns, Total: 200811 ns
[2020-05-16T09:47:52.405+0000][15960][safepoint    ] Safepoint "Cleanup", Time since last: 2000091363 ns, Reaching safepoint: 147478 ns, At safepoint: 6956 ns, Total: 154434 ns
[2020-05-16T09:47:53.406+0000][15960][safepoint    ] Safepoint "Cleanup", Time since last: 1000661797 ns, Reaching safepoint: 149797 ns, At safepoint: 6957 ns, Total: 156754 ns
[2020-05-16T09:47:54.406+0000][15960][safepoint    ] Safepoint "Cleanup", Time since last: 1000004174 ns, Reaching safepoint: 145623 ns, At safepoint: 8348 ns, Total: 153971 ns
[2020-05-16T09:47:55.407+0000][15960][safepoint    ] Safepoint "Cleanup", Time since last: 1000831072 ns, Reaching safepoint: 274086 ns, At safepoint: 8348 ns, Total: 282434 ns
[2020-05-16T09:47:57.408+0000][15960][safepoint    ] Safepoint "Cleanup", Time since last: 2000828290 ns, Reaching safepoint: 222608 ns, At safepoint: 9276 ns, Total: 231884 ns
[2020-05-16T09:47:59.409+0000][15960][safepoint    ] Safepoint "Cleanup", Time since last: 2000487420 ns, Reaching safepoint: 165101 ns, At safepoint: 8812 ns, Total: 173913 ns
[2020-05-16T09:48:00.409+0000][15960][safepoint    ] Safepoint "Cleanup", Time since last: 1000056116 ns, Reaching safepoint: 234202 ns, At safepoint: 9740 ns, Total: 243942 ns
[2020-05-16T09:48:01.410+0000][15960][safepoint    ] Safepoint "Cleanup", Time since last: 1000522202 ns, Reaching safepoint: 469333 ns, At safepoint: 15305 ns, Total: 484638 ns
[2020-05-16T09:48:03.411+0000][15960][safepoint    ] Safepoint "Cleanup", Time since last: 2000607999 ns, Reaching safepoint: 179479 ns, At safepoint: 10666 ns, Total: 190145 ns
[2020-05-16T09:48:04.411+0000][15960][safepoint    ] Safepoint "Cleanup", Time since last: 1000192000 ns, Reaching safepoint: 146087 ns, At safepoint: 6029 ns, Total: 152116 ns
[2020-05-16T09:48:05.412+0000][15960][safepoint    ] Safepoint "Cleanup", Time since last: 1000861217 ns, Reaching safepoint: 154435 ns, At safepoint: 6956 ns, Total: 161391 ns
[2020-05-16T09:48:06.412+0000][15960][safepoint    ] Safepoint "Cleanup", Time since last: 1000030145 ns, Reaching safepoint: 162319 ns, At safepoint: 6493 ns, Total: 168812 ns
[2020-05-16T09:48:07.413+0000][15960][safepoint    ] Safepoint "Cleanup", Time since last: 1000262956 ns, Reaching safepoint: 153971 ns, At safepoint: 6493 ns, Total: 160464 ns
[2020-05-16T09:48:09.414+0000][15960][safepoint    ] Safepoint "Cleanup", Time since last: 2000818550 ns, Reaching safepoint: 142841 ns, At safepoint: 6029 ns, Total: 148870 ns
[2020-05-16T09:48:10.415+0000][15960][safepoint    ] Safepoint "Cleanup", Time since last: 1000602898 ns, Reaching safepoint: 74666 ns, At safepoint: 3247 ns, Total: 77913 ns
[2020-05-16T09:48:11.415+0000][15960][safepoint    ] Safepoint "Cleanup", Time since last: 1000712811 ns, Reaching safepoint: 119652 ns, At safepoint: 5102 ns, Total: 124754 ns
[2020-05-16T09:48:12.416+0000][15960][safepoint    ] Safepoint "Cleanup", Time since last: 1000656695 ns, Reaching safepoint: 124754 ns, At safepoint: 4637 ns, Total: 129391 ns
[2020-05-16T09:48:13.417+0000][15960][safepoint    ] Safepoint "Cleanup", Time since last: 1000306087 ns, Reaching safepoint: 151188 ns, At safepoint: 6029 ns, Total: 157217 ns
[2020-05-16T09:48:14.417+0000][15960][safepoint    ] Safepoint "Cleanup", Time since last: 1000121508 ns, Reaching safepoint: 154898 ns, At safepoint: 6957 ns, Total: 161855 ns
[2020-05-16T09:48:16.417+0000][15960][safepoint    ] Safepoint "Cleanup", Time since last: 2000354782 ns, Reaching safepoint: 146551 ns, At safepoint: 9275 ns, Total: 155826 ns
[2020-05-16T09:48:17.531+0000][15960][safepoint    ] Safepoint "Cleanup", Time since last: 1113335600 ns, Reaching safepoint: 132637 ns, At safepoint: 6957 ns, Total: 139594 ns
[2020-05-16T09:48:18.532+0000][15960][safepoint    ] Safepoint "Cleanup", Time since last: 1000859362 ns, Reaching safepoint: 143304 ns, At safepoint: 6957 ns, Total: 150261 ns
[2020-05-16T09:48:20.532+0000][15960][safepoint    ] Safepoint "Cleanup", Time since last: 2000436405 ns, Reaching safepoint: 144696 ns, At safepoint: 5565 ns, Total: 150261 ns
[2020-05-16T09:48:21.533+0000][15960][safepoint    ] Safepoint "Cleanup", Time since last: 1000769391 ns, Reaching safepoint: 168348 ns, At safepoint: 10203 ns, Total: 178551 ns
[2020-05-16T09:48:22.534+0000][15960][safepoint    ] Safepoint "Cleanup", Time since last: 1000555593 ns, Reaching safepoint: 155363 ns, At safepoint: 6029 ns, Total: 161392 ns
[2020-05-16T09:48:23.535+0000][15960][safepoint    ] Safepoint "Cleanup", Time since last: 1000350608 ns, Reaching safepoint: 148406 ns, At safepoint: 5565 ns, Total: 153971 ns
[2020-05-16T09:48:24.535+0000][15960][safepoint    ] Safepoint "Cleanup", Time since last: 1000045449 ns, Reaching safepoint: 158145 ns, At safepoint: 6957 ns, Total: 165102 ns
[2020-05-16T09:48:25.535+0000][15960][safepoint    ] Safepoint "Cleanup", Time since last: 1000074203 ns, Reaching safepoint: 183188 ns, At safepoint: 6493 ns, Total: 189681 ns
[2020-05-16T09:48:26.536+0000][15960][safepoint    ] Safepoint "Cleanup", Time since last: 1000737854 ns, Reaching safepoint: 153044 ns, At safepoint: 6493 ns, Total: 159537 ns
[2020-05-16T09:48:27.537+0000][15960][safepoint    ] Safepoint "Cleanup", Time since last: 1000581565 ns, Reaching safepoint: 115942 ns, At safepoint: 4173 ns, Total: 120115 ns
[2020-05-16T09:48:28.538+0000][15960][safepoint    ] Safepoint "Cleanup", Time since last: 1000855188 ns, Reaching safepoint: 157682 ns, At safepoint: 6492 ns, Total: 164174 ns
[2020-05-16T09:48:29.538+0000][15960][safepoint    ] Safepoint "Cleanup", Time since last: 1000296812 ns, Reaching safepoint: 175768 ns, At safepoint: 9275 ns, Total: 185043 ns
[2020-05-16T09:48:30.539+0000][15960][safepoint    ] Safepoint "Cleanup", Time since last: 1000208696 ns, Reaching safepoint: 129855 ns, At safepoint: 6029 ns, Total: 135884 ns
[2020-05-16T09:48:31.539+0000][15960][safepoint    ] Safepoint "Cleanup", Time since last: 1000710956 ns, Reaching safepoint: 229565 ns, At safepoint: 14377 ns, Total: 243942 ns
[2020-05-16T09:48:33.540+0000][15960][safepoint    ] Safepoint "Cleanup", Time since last: 2000460985 ns, Reaching safepoint: 275478 ns, At safepoint: 9739 ns, Total: 285217 ns
[2020-05-16T09:48:34.541+0000][15960][safepoint    ] Safepoint "Cleanup", Time since last: 1000434551 ns, Reaching safepoint: 154435 ns, At safepoint: 6029 ns, Total: 160464 ns
[2020-05-16T09:48:35.541+0000][15960][safepoint    ] Safepoint "Cleanup", Time since last: 1000111304 ns, Reaching safepoint: 178087 ns, At safepoint: 9275 ns, Total: 187362 ns
[2020-05-16T09:48:36.542+0000][15960][safepoint    ] Safepoint "Cleanup", Time since last: 1000473971 ns, Reaching safepoint: 192000 ns, At safepoint: 8811 ns, Total: 200811 ns
[2020-05-16T09:48:37.542+0000][15960][safepoint    ] Safepoint "Cleanup", Time since last: 1000437334 ns, Reaching safepoint: 262492 ns, At safepoint: 14841 ns, Total: 277333 ns
[2020-05-16T09:48:38.543+0000][15960][safepoint    ] Safepoint "Cleanup", Time since last: 1000054261 ns, Reaching safepoint: 364985 ns, At safepoint: 37101 ns, Total: 402086 ns
[2020-05-16T09:48:39.543+0000][15960][safepoint    ] Safepoint "Cleanup", Time since last: 1000050551 ns, Reaching safepoint: 455420 ns, At safepoint: 13913 ns, Total: 469333 ns
[2020-05-16T09:48:40.544+0000][15960][safepoint    ] Safepoint "Cleanup", Time since last: 1000159073 ns, Reaching safepoint: 287536 ns, At safepoint: 11594 ns, Total: 299130 ns
[2020-05-16T09:48:41.545+0000][15960][safepoint    ] Safepoint "Cleanup", Time since last: 1000667362 ns, Reaching safepoint: 130782 ns, At safepoint: 7421 ns, Total: 138203 ns
[2020-05-16T09:48:42.545+0000][15960][safepoint    ] Safepoint "Cleanup", Time since last: 1000479999 ns, Reaching safepoint: 153971 ns, At safepoint: 6029 ns, Total: 160000 ns
[2020-05-16T09:48:44.546+0000][15960][safepoint    ] Safepoint "Cleanup", Time since last: 2000284290 ns, Reaching safepoint: 161391 ns, At safepoint: 6493 ns, Total: 167884 ns
[2020-05-16T09:48:45.546+0000][15960][safepoint    ] Safepoint "Cleanup", Time since last: 1000042667 ns, Reaching safepoint: 166956 ns, At safepoint: 9276 ns, Total: 176232 ns
[2020-05-16T09:48:47.547+0000][15960][safepoint    ] Safepoint "Cleanup", Time since last: 2000820405 ns, Reaching safepoint: 141449 ns, At safepoint: 6029 ns, Total: 147478 ns
[2020-05-16T09:48:49.547+0000][15960][safepoint    ] Safepoint "Cleanup", Time since last: 1999961044 ns, Reaching safepoint: 180869 ns, At safepoint: 8348 ns, Total: 189217 ns
[2020-05-16T09:48:51.548+0000][15960][safepoint    ] Safepoint "Cleanup", Time since last: 2000554203 ns, Reaching safepoint: 120579 ns, At safepoint: 5565 ns, Total: 126144 ns
[2020-05-16T09:48:52.548+0000][15960][safepoint    ] Safepoint "Cleanup", Time since last: 1000065392 ns, Reaching safepoint: 123362 ns, At safepoint: 7420 ns, Total: 130782 ns
[2020-05-16T09:48:53.548+0000][15960][safepoint    ] Safepoint "Cleanup", Time since last: 1000069102 ns, Reaching safepoint: 153971 ns, At safepoint: 6956 ns, Total: 160927 ns
[2020-05-16T09:48:54.549+0000][15960][safepoint    ] Safepoint "Cleanup", Time since last: 1000584348 ns, Reaching safepoint: 196174 ns, At safepoint: 12521 ns, Total: 208695 ns
[2020-05-16T09:48:55.653+0000][15960][safepoint    ] Safepoint "Cleanup", Time since last: 1103976300 ns, Reaching safepoint: 153043 ns, At safepoint: 6493 ns, Total: 159536 ns
[2020-05-16T09:48:56.654+0000][15960][safepoint    ] Safepoint "Cleanup", Time since last: 1000347362 ns, Reaching safepoint: 158145 ns, At safepoint: 6493 ns, Total: 164638 ns
[2020-05-16T09:48:57.654+0000][15960][safepoint    ] Safepoint "Cleanup", Time since last: 1000423884 ns, Reaching safepoint: 152116 ns, At safepoint: 6956 ns, Total: 159072 ns
[2020-05-16T09:48:58.655+0000][15960][safepoint    ] Safepoint "Cleanup", Time since last: 1000238841 ns, Reaching safepoint: 145623 ns, At safepoint: 6492 ns, Total: 152115 ns
[2020-05-16T09:48:59.655+0000][15960][safepoint    ] Safepoint "Cleanup", Time since last: 1000583420 ns, Reaching safepoint: 156754 ns, At safepoint: 11594 ns, Total: 168348 ns
[2020-05-16T09:49:00.656+0000][15960][safepoint    ] Safepoint "Cleanup", Time since last: 1000703536 ns, Reaching safepoint: 163246 ns, At safepoint: 6493 ns, Total: 169739 ns
[2020-05-16T09:49:01.657+0000][15960][safepoint    ] Safepoint "Cleanup", Time since last: 1000423884 ns, Reaching safepoint: 233739 ns, At safepoint: 7884 ns, Total: 241623 ns
[2020-05-16T09:49:03.657+0000][15960][safepoint    ] Safepoint "Cleanup", Time since last: 2000001855 ns, Reaching safepoint: 160000 ns, At safepoint: 9275 ns, Total: 169275 ns
[2020-05-16T09:49:04.658+0000][15960][safepoint    ] Safepoint "Cleanup", Time since last: 1000768464 ns, Reaching safepoint: 237449 ns, At safepoint: 9739 ns, Total: 247188 ns
[2020-05-16T09:49:06.659+0000][15960][safepoint    ] Safepoint "Cleanup", Time since last: 2000841739 ns, Reaching safepoint: 357101 ns, At safepoint: 13449 ns, Total: 370550 ns
[2020-05-16T09:49:08.660+0000][15960][safepoint    ] Safepoint "Cleanup", Time since last: 2000120580 ns, Reaching safepoint: 137739 ns, At safepoint: 6493 ns, Total: 144232 ns
[2020-05-16T09:49:09.660+0000][15960][safepoint    ] Safepoint "Cleanup", Time since last: 1000079768 ns, Reaching safepoint: 142840 ns, At safepoint: 8348 ns, Total: 151188 ns
[2020-05-16T09:49:10.661+0000][15960][safepoint    ] Safepoint "Cleanup", Time since last: 1000673855 ns, Reaching safepoint: 143768 ns, At safepoint: 6493 ns, Total: 150261 ns
[2020-05-16T09:49:11.662+0000][15960][safepoint    ] Safepoint "Cleanup", Time since last: 1000906666 ns, Reaching safepoint: 157217 ns, At safepoint: 9276 ns, Total: 166493 ns
[2020-05-16T09:49:12.662+0000][15960][safepoint    ] Safepoint "Cleanup", Time since last: 1000216116 ns, Reaching safepoint: 124289 ns, At safepoint: 7421 ns, Total: 131710 ns
[2020-05-16T09:49:13.663+0000][15960][safepoint    ] Safepoint "Cleanup", Time since last: 1000579710 ns, Reaching safepoint: 130782 ns, At safepoint: 8348 ns, Total: 139130 ns
[2020-05-16T09:49:15.663+0000][15960][safepoint    ] Safepoint "Cleanup", Time since last: 2000187826 ns, Reaching safepoint: 146551 ns, At safepoint: 6029 ns, Total: 152580 ns
[2020-05-16T09:49:17.363+0000][15960][safepoint    ] Safepoint "Cleanup", Time since last: 1700053008 ns, Reaching safepoint: 139131 ns, At safepoint: 6029 ns, Total: 145160 ns
[2020-05-16T09:49:18.364+0000][15960][safepoint    ] Safepoint "Cleanup", Time since last: 1000160927 ns, Reaching safepoint: 125217 ns, At safepoint: 6029 ns, Total: 131246 ns
[2020-05-16T09:49:19.364+0000][15960][safepoint    ] Safepoint "Cleanup", Time since last: 1000360348 ns, Reaching safepoint: 124290 ns, At safepoint: 5101 ns, Total: 129391 ns
[2020-05-16T09:49:20.365+0000][15960][safepoint    ] Safepoint "Cleanup", Time since last: 1000820869 ns, Reaching safepoint: 136348 ns, At safepoint: 7884 ns, Total: 144232 ns
[2020-05-16T09:49:21.366+0000][15960][safepoint    ] Safepoint "Cleanup", Time since last: 1000570899 ns, Reaching safepoint: 157217 ns, At safepoint: 6493 ns, Total: 163710 ns
[2020-05-16T09:49:23.367+0000][15960][safepoint    ] Safepoint "Cleanup", Time since last: 2000898782 ns, Reaching safepoint: 143304 ns, At safepoint: 6493 ns, Total: 149797 ns
[2020-05-16T09:49:25.368+0000][15960][safepoint    ] Safepoint "Cleanup", Time since last: 2000411362 ns, Reaching safepoint: 140522 ns, At safepoint: 7420 ns, Total: 147942 ns
[2020-05-16T09:49:26.368+0000][15960][safepoint    ] Safepoint "Cleanup", Time since last: 1000542145 ns, Reaching safepoint: 163710 ns, At safepoint: 6492 ns, Total: 170202 ns
[2020-05-16T09:49:28.368+0000][15960][safepoint    ] Safepoint "Cleanup", Time since last: 1999870609 ns, Reaching safepoint: 160000 ns, At safepoint: 7420 ns, Total: 167420 ns
[2020-05-16T09:49:29.369+0000][15960][safepoint    ] Safepoint "Cleanup", Time since last: 1000277334 ns, Reaching safepoint: 147014 ns, At safepoint: 6029 ns, Total: 153043 ns
[2020-05-16T09:49:30.369+0000][15960][safepoint    ] Safepoint "Cleanup", Time since last: 1000206377 ns, Reaching safepoint: 156290 ns, At safepoint: 6028 ns, Total: 162318 ns
[2020-05-16T09:49:31.369+0000][15960][safepoint    ] Safepoint "Cleanup", Time since last: 1000089971 ns, Reaching safepoint: 157218 ns, At safepoint: 6029 ns, Total: 163247 ns
[2020-05-16T09:49:33.369+0000][15960][safepoint    ] Safepoint "Cleanup", Time since last: 1999917449 ns, Reaching safepoint: 171130 ns, At safepoint: 6957 ns, Total: 178087 ns
[2020-05-16T09:49:34.370+0000][15960][safepoint    ] Safepoint "Cleanup", Time since last: 1000478145 ns, Reaching safepoint: 128000 ns, At safepoint: 21797 ns, Total: 149797 ns
[2020-05-16T09:49:35.371+0000][15960][safepoint    ] Safepoint "Cleanup", Time since last: 1000691478 ns, Reaching safepoint: 147014 ns, At safepoint: 8812 ns, Total: 155826 ns
[2020-05-16T09:49:36.371+0000][15960][safepoint    ] Safepoint "Cleanup", Time since last: 1000353855 ns, Reaching safepoint: 150724 ns, At safepoint: 6493 ns, Total: 157217 ns
[2020-05-16T09:49:38.372+0000][15960][safepoint    ] Safepoint "Cleanup", Time since last: 2000267594 ns, Reaching safepoint: 148869 ns, At safepoint: 6029 ns, Total: 154898 ns
[2020-05-16T09:49:39.372+0000][15960][safepoint    ] Safepoint "Cleanup", Time since last: 1000089508 ns, Reaching safepoint: 153043 ns, At safepoint: 7420 ns, Total: 160463 ns
[2020-05-16T09:49:41.372+0000][15960][safepoint    ] Safepoint "Cleanup", Time since last: 2000181334 ns, Reaching safepoint: 147014 ns, At safepoint: 5565 ns, Total: 152579 ns
[2020-05-16T09:49:42.373+0000][15960][safepoint    ] Safepoint "Cleanup", Time since last: 1000290783 ns, Reaching safepoint: 146550 ns, At safepoint: 6957 ns, Total: 153507 ns
[2020-05-16T09:49:43.373+0000][15960][safepoint    ] Safepoint "Cleanup", Time since last: 1000308869 ns, Reaching safepoint: 315826 ns, At safepoint: 10203 ns, Total: 326029 ns
[2020-05-16T09:49:44.374+0000][15960][safepoint    ] Safepoint "Cleanup", Time since last: 1000329275 ns, Reaching safepoint: 149797 ns, At safepoint: 6493 ns, Total: 156290 ns
[2020-05-16T09:49:46.374+0000][15960][safepoint    ] Safepoint "Cleanup", Time since last: 2000076058 ns, Reaching safepoint: 162783 ns, At safepoint: 10202 ns, Total: 172985 ns
[2020-05-16T09:49:47.375+0000][15960][safepoint    ] Safepoint "Cleanup", Time since last: 1000365450 ns, Reaching safepoint: 171594 ns, At safepoint: 5101 ns, Total: 176695 ns
[2020-05-16T09:49:48.376+0000][15960][safepoint    ] Safepoint "Cleanup", Time since last: 1000706782 ns, Reaching safepoint: 191537 ns, At safepoint: 10202 ns, Total: 201739 ns
[2020-05-16T09:49:49.376+0000][15960][safepoint    ] Safepoint "Cleanup", Time since last: 1000391421 ns, Reaching safepoint: 284753 ns, At safepoint: 23188 ns, Total: 307941 ns
[2020-05-16T09:49:51.377+0000][15960][safepoint    ] Safepoint "Cleanup", Time since last: 2000322319 ns, Reaching safepoint: 205913 ns, At safepoint: 6493 ns, Total: 212406 ns
[2020-05-16T09:49:52.377+0000][15960][safepoint    ] Safepoint "Cleanup", Time since last: 1000377507 ns, Reaching safepoint: 236985 ns, At safepoint: 8812 ns, Total: 245797 ns
[2020-05-16T09:49:53.378+0000][15960][safepoint    ] Safepoint "Cleanup", Time since last: 1000048696 ns, Reaching safepoint: 131246 ns, At safepoint: 6029 ns, Total: 137275 ns
[2020-05-16T09:49:54.378+0000][15960][safepoint    ] Safepoint "Cleanup", Time since last: 1000207768 ns, Reaching safepoint: 144695 ns, At safepoint: 6029 ns, Total: 150724 ns
[2020-05-16T09:49:55.378+0000][15960][safepoint    ] Safepoint "Cleanup", Time since last: 1000167884 ns, Reaching safepoint: 115942 ns, At safepoint: 2783 ns, Total: 118725 ns
[2020-05-16T09:49:56.379+0000][15960][safepoint    ] Safepoint "Cleanup", Time since last: 1000288000 ns, Reaching safepoint: 108058 ns, At safepoint: 5565 ns, Total: 113623 ns
[2020-05-16T09:49:57.380+0000][15960][safepoint    ] Safepoint "Cleanup", Time since last: 1000678492 ns, Reaching safepoint: 202667 ns, At safepoint: 11130 ns, Total: 213797 ns
[2020-05-16T09:49:58.380+0000][15960][safepoint    ] Safepoint "Cleanup", Time since last: 1000204058 ns, Reaching safepoint: 160000 ns, At safepoint: 6493 ns, Total: 166493 ns
[2020-05-16T09:49:59.381+0000][15960][safepoint    ] Safepoint "Cleanup", Time since last: 1000578319 ns, Reaching safepoint: 136811 ns, At safepoint: 6493 ns, Total: 143304 ns
[2020-05-16T09:50:00.382+0000][15960][safepoint    ] Safepoint "Cleanup", Time since last: 1000777739 ns, Reaching safepoint: 155362 ns, At safepoint: 6956 ns, Total: 162318 ns
[2020-05-16T09:50:01.382+0000][15960][safepoint    ] Safepoint "Cleanup", Time since last: 1000226319 ns, Reaching safepoint: 140986 ns, At safepoint: 7884 ns, Total: 148870 ns
[2020-05-16T09:50:02.401+0000][15960][safepoint    ] Safepoint "Cleanup", Time since last: 1018818310 ns, Reaching safepoint: 139130 ns, At safepoint: 6957 ns, Total: 146087 ns
[2020-05-16T09:50:03.402+0000][15960][safepoint    ] Safepoint "Cleanup", Time since last: 1000371478 ns, Reaching safepoint: 158608 ns, At safepoint: 6493 ns, Total: 165101 ns
[2020-05-16T09:50:04.402+0000][15960][safepoint    ] Safepoint "Cleanup", Time since last: 1000036174 ns, Reaching safepoint: 145623 ns, At safepoint: 6957 ns, Total: 152580 ns
[2020-05-16T09:50:05.420+0000][15960][safepoint    ] Safepoint "Cleanup", Time since last: 1017731238 ns, Reaching safepoint: 224463 ns, At safepoint: 10667 ns, Total: 235130 ns
[2020-05-16T09:50:06.420+0000][15960][safepoint    ] Safepoint "Cleanup", Time since last: 1000390029 ns, Reaching safepoint: 161391 ns, At safepoint: 7420 ns, Total: 168811 ns
[2020-05-16T09:50:07.421+0000][15960][safepoint    ] Safepoint "Cleanup", Time since last: 1000712348 ns, Reaching safepoint: 106203 ns, At safepoint: 3710 ns, Total: 109913 ns
[2020-05-16T09:50:08.422+0000][15960][safepoint    ] Safepoint "Cleanup", Time since last: 1000495768 ns, Reaching safepoint: 144232 ns, At safepoint: 6029 ns, Total: 150261 ns
[2020-05-16T09:50:09.422+0000][15960][safepoint    ] Safepoint "Cleanup", Time since last: 1000517565 ns, Reaching safepoint: 172521 ns, At safepoint: 6493 ns, Total: 179014 ns
[2020-05-16T09:50:10.423+0000][15960][safepoint    ] Safepoint "Cleanup", Time since last: 1000416000 ns, Reaching safepoint: 145623 ns, At safepoint: 6029 ns, Total: 151652 ns
[2020-05-16T09:50:11.424+0000][15960][safepoint    ] Safepoint "Cleanup", Time since last: 1000484637 ns, Reaching safepoint: 276870 ns, At safepoint: 12522 ns, Total: 289392 ns
[2020-05-16T09:50:13.424+0000][15960][safepoint    ] Safepoint "Cleanup", Time since last: 2000839883 ns, Reaching safepoint: 175768 ns, At safepoint: 8348 ns, Total: 184116 ns
[2020-05-16T09:50:15.425+0000][15960][safepoint    ] Safepoint "Cleanup", Time since last: 1999958261 ns, Reaching safepoint: 258319 ns, At safepoint: 6029 ns, Total: 264348 ns
[2020-05-16T09:50:17.417+0000][15960][safepoint    ] Safepoint "Cleanup", Time since last: 1991812641 ns, Reaching safepoint: 155826 ns, At safepoint: 6493 ns, Total: 162319 ns
[2020-05-16T09:50:19.417+0000][15960][safepoint    ] Safepoint "Cleanup", Time since last: 1999939246 ns, Reaching safepoint: 154899 ns, At safepoint: 7420 ns, Total: 162319 ns
[2020-05-16T09:50:20.418+0000][15960][safepoint    ] Safepoint "Cleanup", Time since last: 1000335768 ns, Reaching safepoint: 113623 ns, At safepoint: 44058 ns, Total: 157681 ns
[2020-05-16T09:50:21.418+0000][15960][safepoint    ] Safepoint "Cleanup", Time since last: 1000522667 ns, Reaching safepoint: 166956 ns, At safepoint: 10667 ns, Total: 177623 ns
[2020-05-16T09:50:22.419+0000][15960][safepoint    ] Safepoint "Cleanup", Time since last: 1000197565 ns, Reaching safepoint: 165101 ns, At safepoint: 6493 ns, Total: 171594 ns
[2020-05-16T09:50:23.419+0000][15960][safepoint    ] Safepoint "Cleanup", Time since last: 1000180869 ns, Reaching safepoint: 154899 ns, At safepoint: 6956 ns, Total: 161855 ns
[2020-05-16T09:50:25.420+0000][15960][safepoint    ] Safepoint "Cleanup", Time since last: 2000756406 ns, Reaching safepoint: 140985 ns, At safepoint: 6029 ns, Total: 147014 ns
[2020-05-16T09:50:26.420+0000][15960][safepoint    ] Safepoint "Cleanup", Time since last: 1000270377 ns, Reaching safepoint: 159072 ns, At safepoint: 6957 ns, Total: 166029 ns
[2020-05-16T09:50:27.421+0000][15960][safepoint    ] Safepoint "Cleanup", Time since last: 1000344579 ns, Reaching safepoint: 131247 ns, At safepoint: 6029 ns, Total: 137276 ns
[2020-05-16T09:50:28.421+0000][15960][safepoint    ] Safepoint "Cleanup", Time since last: 1000102492 ns, Reaching safepoint: 147015 ns, At safepoint: 6493 ns, Total: 153508 ns
[2020-05-16T09:50:30.422+0000][15960][safepoint    ] Safepoint "Cleanup", Time since last: 2000577854 ns, Reaching safepoint: 156290 ns, At safepoint: 5565 ns, Total: 161855 ns
[2020-05-16T09:50:32.422+0000][15960][safepoint    ] Safepoint "Cleanup", Time since last: 2000032464 ns, Reaching safepoint: 129855 ns, At safepoint: 5565 ns, Total: 135420 ns
[2020-05-16T09:50:33.422+0000][15960][safepoint    ] Safepoint "Cleanup", Time since last: 1000150261 ns, Reaching safepoint: 110377 ns, At safepoint: 4638 ns, Total: 115015 ns
[2020-05-16T09:50:34.423+0000][15960][safepoint    ] Safepoint "Cleanup", Time since last: 1000871419 ns, Reaching safepoint: 128000 ns, At safepoint: 2783 ns, Total: 130783 ns
[2020-05-16T09:50:35.424+0000][15960][safepoint    ] Safepoint "Cleanup", Time since last: 1000695188 ns, Reaching safepoint: 122435 ns, At safepoint: 5565 ns, Total: 128000 ns
[2020-05-16T09:50:36.425+0000][15960][safepoint    ] Safepoint "Cleanup", Time since last: 1000419710 ns, Reaching safepoint: 175304 ns, At safepoint: 9276 ns, Total: 184580 ns
[2020-05-16T09:50:37.425+0000][15960][safepoint    ] Safepoint "Cleanup", Time since last: 1000012985 ns, Reaching safepoint: 263420 ns, At safepoint: 9276 ns, Total: 272696 ns
[2020-05-16T09:50:39.425+0000][15960][safepoint    ] Safepoint "Cleanup", Time since last: 2000153043 ns, Reaching safepoint: 205449 ns, At safepoint: 11594 ns, Total: 217043 ns
[2020-05-16T09:50:40.426+0000][15960][safepoint    ] Safepoint "Cleanup", Time since last: 1000684986 ns, Reaching safepoint: 280115 ns, At safepoint: 5566 ns, Total: 285681 ns
[2020-05-16T09:50:41.427+0000][15960][safepoint    ] Safepoint "Cleanup", Time since last: 1000080231 ns, Reaching safepoint: 524522 ns, At safepoint: 14841 ns, Total: 539363 ns
[2020-05-16T09:50:42.427+0000][15960][safepoint    ] Safepoint "Cleanup", Time since last: 1000095999 ns, Reaching safepoint: 181334 ns, At safepoint: 10203 ns, Total: 191537 ns
[2020-05-16T09:50:43.427+0000][15960][safepoint    ] Safepoint "Cleanup", Time since last: 1000036637 ns, Reaching safepoint: 303305 ns, At safepoint: 9739 ns, Total: 313044 ns
[2020-05-16T09:50:44.428+0000][15960][safepoint    ] Safepoint "Cleanup", Time since last: 1000583420 ns, Reaching safepoint: 136347 ns, At safepoint: 7884 ns, Total: 144231 ns
[2020-05-16T09:50:46.429+0000][15960][safepoint    ] Safepoint "Cleanup", Time since last: 2000532870 ns, Reaching safepoint: 154435 ns, At safepoint: 8811 ns, Total: 163246 ns
[2020-05-16T09:50:47.430+0000][15960][safepoint    ] Safepoint "Cleanup", Time since last: 1000754550 ns, Reaching safepoint: 166029 ns, At safepoint: 7884 ns, Total: 173913 ns
[2020-05-16T09:50:48.431+0000][15960][safepoint    ] Safepoint "Cleanup", Time since last: 1000469797 ns, Reaching safepoint: 135884 ns, At safepoint: 5566 ns, Total: 141450 ns
[2020-05-16T09:50:50.132+0000][15960][safepoint    ] Safepoint "Cleanup", Time since last: 1700828428 ns, Reaching safepoint: 124754 ns, At safepoint: 6029 ns, Total: 130783 ns
[2020-05-16T09:50:51.132+0000][15960][safepoint    ] Safepoint "Cleanup", Time since last: 1000840811 ns, Reaching safepoint: 147942 ns, At safepoint: 5565 ns, Total: 153507 ns
[2020-05-16T09:50:53.133+0000][15960][safepoint    ] Safepoint "Cleanup", Time since last: 1999902609 ns, Reaching safepoint: 132637 ns, At safepoint: 7421 ns, Total: 140058 ns
[2020-05-16T09:50:54.133+0000][15960][safepoint    ] Safepoint "Cleanup", Time since last: 1000700753 ns, Reaching safepoint: 133101 ns, At safepoint: 23653 ns, Total: 156754 ns
[2020-05-16T09:50:55.134+0000][15960][safepoint    ] Safepoint "Cleanup", Time since last: 1000226318 ns, Reaching safepoint: 114087 ns, At safepoint: 3710 ns, Total: 117797 ns
[2020-05-16T09:50:56.135+0000][15960][safepoint    ] Safepoint "Cleanup", Time since last: 1000792116 ns, Reaching safepoint: 123826 ns, At safepoint: 21797 ns, Total: 145623 ns
[2020-05-16T09:50:58.135+0000][15960][safepoint    ] Safepoint "Cleanup", Time since last: 2000410898 ns, Reaching safepoint: 101102 ns, At safepoint: 4174 ns, Total: 105276 ns
[2020-05-16T09:50:59.136+0000][15960][safepoint    ] Safepoint "Cleanup", Time since last: 1000158145 ns, Reaching safepoint: 147478 ns, At safepoint: 5565 ns, Total: 153043 ns
[2020-05-16T09:51:00.136+0000][15960][safepoint    ] Safepoint "Cleanup", Time since last: 1000060754 ns, Reaching safepoint: 121971 ns, At safepoint: 2782 ns, Total: 124753 ns
[2020-05-16T09:51:01.136+0000][15960][safepoint    ] Safepoint "Cleanup", Time since last: 1000584811 ns, Reaching safepoint: 136812 ns, At safepoint: 5565 ns, Total: 142377 ns
[2020-05-16T09:51:02.137+0000][15960][safepoint    ] Safepoint "Cleanup", Time since last: 1000631652 ns, Reaching safepoint: 158145 ns, At safepoint: 7420 ns, Total: 165565 ns
[2020-05-16T09:51:03.138+0000][15960][safepoint    ] Safepoint "Cleanup", Time since last: 1000377971 ns, Reaching safepoint: 157217 ns, At safepoint: 6493 ns, Total: 163710 ns
[2020-05-16T09:51:04.138+0000][15960][safepoint    ] Safepoint "Cleanup", Time since last: 1000499014 ns, Reaching safepoint: 157218 ns, At safepoint: 6029 ns, Total: 163247 ns
[2020-05-16T09:51:05.139+0000][15960][safepoint    ] Safepoint "Cleanup", Time since last: 1000032927 ns, Reaching safepoint: 145160 ns, At safepoint: 9275 ns, Total: 154435 ns
[2020-05-16T09:51:06.139+0000][15960][safepoint    ] Safepoint "Cleanup", Time since last: 1000504116 ns, Reaching safepoint: 176695 ns, At safepoint: 11594 ns, Total: 188289 ns
[2020-05-16T09:51:07.140+0000][15960][safepoint    ] Safepoint "Cleanup", Time since last: 1000612638 ns, Reaching safepoint: 217507 ns, At safepoint: 13913 ns, Total: 231420 ns
[2020-05-16T09:51:08.141+0000][15960][safepoint    ] Safepoint "Cleanup", Time since last: 1000512000 ns, Reaching safepoint: 151652 ns, At safepoint: 9275 ns, Total: 160927 ns
[2020-05-16T09:51:09.141+0000][15960][safepoint    ] Safepoint "Cleanup", Time since last: 1000576927 ns, Reaching safepoint: 239768 ns, At safepoint: 6957 ns, Total: 246725 ns
[2020-05-16T09:51:11.142+0000][15960][safepoint    ] Safepoint "Cleanup", Time since last: 2000702608 ns, Reaching safepoint: 285681 ns, At safepoint: 13913 ns, Total: 299594 ns
[2020-05-16T09:51:12.143+0000][15960][safepoint    ] Safepoint "Cleanup", Time since last: 1000499015 ns, Reaching safepoint: 151188 ns, At safepoint: 6029 ns, Total: 157217 ns
[2020-05-16T09:51:13.144+0000][15960][safepoint    ] Safepoint "Cleanup", Time since last: 1000127536 ns, Reaching safepoint: 152580 ns, At safepoint: 8348 ns, Total: 160928 ns
[2020-05-16T09:51:14.144+0000][15960][safepoint    ] Safepoint "Cleanup", Time since last: 1000006956 ns, Reaching safepoint: 160000 ns, At safepoint: 7420 ns, Total: 167420 ns
[2020-05-16T09:51:15.144+0000][15960][safepoint    ] Safepoint "Cleanup", Time since last: 1000023189 ns, Reaching safepoint: 167420 ns, At safepoint: 10203 ns, Total: 177623 ns
[2020-05-16T09:51:16.144+0000][15960][safepoint    ] Safepoint "Cleanup", Time since last: 1000213333 ns, Reaching safepoint: 134957 ns, At safepoint: 6492 ns, Total: 141449 ns
[2020-05-16T09:51:17.145+0000][15960][safepoint    ] Safepoint "Cleanup", Time since last: 1000423884 ns, Reaching safepoint: 161391 ns, At safepoint: 9276 ns, Total: 170667 ns
[2020-05-16T09:51:18.145+0000][15960][safepoint    ] Safepoint "Cleanup", Time since last: 1000021797 ns, Reaching safepoint: 143768 ns, At safepoint: 9275 ns, Total: 153043 ns
[2020-05-16T09:51:19.146+0000][15960][safepoint    ] Safepoint "Cleanup", Time since last: 1000883942 ns, Reaching safepoint: 155826 ns, At safepoint: 6493 ns, Total: 162319 ns
[2020-05-16T09:51:20.147+0000][15960][safepoint    ] Safepoint "Cleanup", Time since last: 1000351072 ns, Reaching safepoint: 149333 ns, At safepoint: 6029 ns, Total: 155362 ns
[2020-05-16T09:51:22.147+0000][15960][safepoint    ] Safepoint "Cleanup", Time since last: 2000440116 ns, Reaching safepoint: 142377 ns, At safepoint: 6956 ns, Total: 149333 ns
[2020-05-16T09:51:23.148+0000][15960][safepoint    ] Safepoint "Cleanup", Time since last: 1000344116 ns, Reaching safepoint: 147014 ns, At safepoint: 6493 ns, Total: 153507 ns
[2020-05-16T09:51:24.148+0000][15960][safepoint    ] Safepoint "Cleanup", Time since last: 1000247188 ns, Reaching safepoint: 146551 ns, At safepoint: 5565 ns, Total: 152116 ns
[2020-05-16T09:51:25.713+0000][15960][safepoint    ] Safepoint "Cleanup", Time since last: 1564414347 ns, Reaching safepoint: 140986 ns, At safepoint: 22261 ns, Total: 163247 ns
[2020-05-16T09:51:26.714+0000][15960][safepoint    ] Safepoint "Cleanup", Time since last: 1000656231 ns, Reaching safepoint: 145159 ns, At safepoint: 5566 ns, Total: 150725 ns
[2020-05-16T09:51:27.714+0000][15960][safepoint    ] Safepoint "Cleanup", Time since last: 1000569507 ns, Reaching safepoint: 154434 ns, At safepoint: 6957 ns, Total: 161391 ns
[2020-05-16T09:51:29.715+0000][15960][safepoint    ] Safepoint "Cleanup", Time since last: 2000364521 ns, Reaching safepoint: 144232 ns, At safepoint: 6493 ns, Total: 150725 ns
[2020-05-16T09:51:30.715+0000][15960][safepoint    ] Safepoint "Cleanup", Time since last: 1000214261 ns, Reaching safepoint: 172058 ns, At safepoint: 6029 ns, Total: 178087 ns
[2020-05-16T09:51:31.716+0000][15960][safepoint    ] Safepoint "Cleanup", Time since last: 1000701681 ns, Reaching safepoint: 152579 ns, At safepoint: 6029 ns, Total: 158608 ns
[2020-05-16T09:51:33.717+0000][15960][safepoint    ] Safepoint "Cleanup", Time since last: 2000900174 ns, Reaching safepoint: 156289 ns, At safepoint: 6957 ns, Total: 163246 ns
[2020-05-16T09:51:34.718+0000][15960][safepoint    ] Safepoint "Cleanup", Time since last: 1000659942 ns, Reaching safepoint: 136811 ns, At safepoint: 6029 ns, Total: 142840 ns
[2020-05-16T09:51:35.719+0000][15960][safepoint    ] Safepoint "Cleanup", Time since last: 1000596869 ns, Reaching safepoint: 144696 ns, At safepoint: 5565 ns, Total: 150261 ns
[2020-05-16T09:51:37.719+0000][15960][safepoint    ] Safepoint "Cleanup", Time since last: 2000693797 ns, Reaching safepoint: 139594 ns, At safepoint: 8812 ns, Total: 148406 ns
[2020-05-16T09:51:38.720+0000][15960][safepoint    ] Safepoint "Cleanup", Time since last: 1000843130 ns, Reaching safepoint: 148406 ns, At safepoint: 6492 ns, Total: 154898 ns
[2020-05-16T09:51:39.721+0000][15960][safepoint    ] Safepoint "Cleanup", Time since last: 1000064464 ns, Reaching safepoint: 153507 ns, At safepoint: 8348 ns, Total: 161855 ns
[2020-05-16T09:51:40.721+0000][15960][safepoint    ] Safepoint "Cleanup", Time since last: 1000200348 ns, Reaching safepoint: 157217 ns, At safepoint: 12522 ns, Total: 169739 ns
[2020-05-16T09:51:42.722+0000][15960][safepoint    ] Safepoint "Cleanup", Time since last: 2000713739 ns, Reaching safepoint: 138202 ns, At safepoint: 6957 ns, Total: 145159 ns
[2020-05-16T09:51:43.723+0000][15960][safepoint    ] Safepoint "Cleanup", Time since last: 1000508290 ns, Reaching safepoint: 145623 ns, At safepoint: 6956 ns, Total: 152579 ns
[2020-05-16T09:51:44.724+0000][15960][safepoint    ] Safepoint "Cleanup", Time since last: 1000833855 ns, Reaching safepoint: 185971 ns, At safepoint: 8811 ns, Total: 194782 ns
[2020-05-16T09:51:45.725+0000][15960][safepoint    ] Safepoint "Cleanup", Time since last: 1000824580 ns, Reaching safepoint: 457739 ns, At safepoint: 116869 ns, Total: 574608 ns
[2020-05-16T09:51:47.725+0000][15960][safepoint    ] Safepoint "Cleanup", Time since last: 2000088116 ns, Reaching safepoint: 128000 ns, At safepoint: 6029 ns, Total: 134029 ns
[2020-05-16T09:51:48.726+0000][15960][safepoint    ] Safepoint "Cleanup", Time since last: 1000247188 ns, Reaching safepoint: 390957 ns, At safepoint: 437797 ns, Total: 828754 ns
[2020-05-16T09:51:49.727+0000][15960][safepoint    ] Safepoint "Cleanup", Time since last: 1000940521 ns, Reaching safepoint: 155826 ns, At safepoint: 6029 ns, Total: 161855 ns
[2020-05-16T09:51:50.728+0000][15960][safepoint    ] Safepoint "Cleanup", Time since last: 1000325101 ns, Reaching safepoint: 179015 ns, At safepoint: 11130 ns, Total: 190145 ns
[2020-05-16T09:51:51.728+0000][15960][safepoint    ] Safepoint "Cleanup", Time since last: 1000321391 ns, Reaching safepoint: 258319 ns, At safepoint: 53797 ns, Total: 312116 ns
[2020-05-16T09:51:53.729+0000][15960][safepoint    ] Safepoint "Cleanup", Time since last: 2000707710 ns, Reaching safepoint: 137275 ns, At safepoint: 2783 ns, Total: 140058 ns
[2020-05-16T09:51:54.811+0000][15960][safepoint    ] Safepoint "Cleanup", Time since last: 1000604753 ns, Reaching safepoint: 81202049 ns, At safepoint: 124290 ns, Total: 81326339 ns
[2020-05-16T09:51:55.812+0000][15960][safepoint    ] Safepoint "Cleanup", Time since last: 1000360812 ns, Reaching safepoint: 159536 ns, At safepoint: 9739 ns, Total: 169275 ns
[2020-05-16T09:51:56.813+0000][15960][safepoint    ] Safepoint "Cleanup", Time since last: 1000672927 ns, Reaching safepoint: 117333 ns, At safepoint: 5102 ns, Total: 122435 ns
[2020-05-16T09:51:57.814+0000][15960][safepoint    ] Safepoint "Cleanup", Time since last: 1000735536 ns, Reaching safepoint: 141913 ns, At safepoint: 2782 ns, Total: 144695 ns
[2020-05-16T09:51:58.814+0000][15960][safepoint    ] Safepoint "Cleanup", Time since last: 1000279652 ns, Reaching safepoint: 133102 ns, At safepoint: 5565 ns, Total: 138667 ns
[2020-05-16T09:52:00.815+0000][15960][safepoint    ] Safepoint "Cleanup", Time since last: 2000685913 ns, Reaching safepoint: 137739 ns, At safepoint: 6492 ns, Total: 144231 ns
[2020-05-16T09:52:01.816+0000][15960][safepoint    ] Safepoint "Cleanup", Time since last: 1000722551 ns, Reaching safepoint: 108985 ns, At safepoint: 3710 ns, Total: 112695 ns
[2020-05-16T09:52:02.817+0000][15960][safepoint    ] Safepoint "Cleanup", Time since last: 1000776348 ns, Reaching safepoint: 154898 ns, At safepoint: 6493 ns, Total: 161391 ns
[2020-05-16T09:52:03.817+0000][15960][safepoint    ] Safepoint "Cleanup", Time since last: 1000780985 ns, Reaching safepoint: 155826 ns, At safepoint: 6029 ns, Total: 161855 ns
[2020-05-16T09:52:04.818+0000][15960][safepoint    ] Safepoint "Cleanup", Time since last: 1000439188 ns, Reaching safepoint: 157218 ns, At safepoint: 6493 ns, Total: 163711 ns
[2020-05-16T09:52:06.819+0000][15960][safepoint    ] Safepoint "Cleanup", Time since last: 2000773101 ns, Reaching safepoint: 176695 ns, At safepoint: 9739 ns, Total: 186434 ns
[2020-05-16T09:52:08.820+0000][15960][safepoint    ] Safepoint "Cleanup", Time since last: 2000265739 ns, Reaching safepoint: 166957 ns, At safepoint: 11130 ns, Total: 178087 ns
[2020-05-16T09:52:10.821+0000][15960][safepoint    ] Safepoint "Cleanup", Time since last: 2000937275 ns, Reaching safepoint: 153971 ns, At safepoint: 6493 ns, Total: 160464 ns
[2020-05-16T09:52:11.821+0000][15960][safepoint    ] Safepoint "Cleanup", Time since last: 1000270377 ns, Reaching safepoint: 153507 ns, At safepoint: 6492 ns, Total: 159999 ns
[2020-05-16T09:52:12.822+0000][15960][safepoint    ] Safepoint "Cleanup", Time since last: 1000802319 ns, Reaching safepoint: 164174 ns, At safepoint: 5565 ns, Total: 169739 ns
[2020-05-16T09:52:13.823+0000][15960][safepoint    ] Safepoint "Cleanup", Time since last: 1000372869 ns, Reaching safepoint: 133566 ns, At safepoint: 6492 ns, Total: 140058 ns
[2020-05-16T09:52:14.823+0000][15960][safepoint    ] Safepoint "Cleanup", Time since last: 1000763826 ns, Reaching safepoint: 295884 ns, At safepoint: 11594 ns, Total: 307478 ns
[2020-05-16T09:52:16.824+0000][15960][safepoint    ] Safepoint "Cleanup", Time since last: 2000274551 ns, Reaching safepoint: 148869 ns, At safepoint: 8812 ns, Total: 157681 ns
[2020-05-16T09:52:18.825+0000][15960][safepoint    ] Safepoint "Cleanup", Time since last: 2000618666 ns, Reaching safepoint: 154899 ns, At safepoint: 8811 ns, Total: 163710 ns
[2020-05-16T09:52:19.825+0000][15960][safepoint    ] Safepoint "Cleanup", Time since last: 1000212406 ns, Reaching safepoint: 115478 ns, At safepoint: 5102 ns, Total: 120580 ns
[2020-05-16T09:52:20.826+0000][15960][safepoint    ] Safepoint "Cleanup", Time since last: 1000470724 ns, Reaching safepoint: 236058 ns, At safepoint: 12522 ns, Total: 248580 ns
[2020-05-16T09:52:21.826+0000][15960][safepoint    ] Safepoint "Cleanup", Time since last: 1000322782 ns, Reaching safepoint: 361739 ns, At safepoint: 81159 ns, Total: 442898 ns
[2020-05-16T09:52:23.827+0000][15960][safepoint    ] Safepoint "Cleanup", Time since last: 2000483710 ns, Reaching safepoint: 150725 ns, At safepoint: 8811 ns, Total: 159536 ns
[2020-05-16T09:52:24.828+0000][15960][safepoint    ] Safepoint "Cleanup", Time since last: 1000049160 ns, Reaching safepoint: 144695 ns, At safepoint: 8348 ns, Total: 153043 ns
[2020-05-16T09:52:26.829+0000][15960][safepoint    ] Safepoint "Cleanup", Time since last: 2000825043 ns, Reaching safepoint: 141913 ns, At safepoint: 8812 ns, Total: 150725 ns
[2020-05-16T09:52:27.829+0000][15960][safepoint    ] Safepoint "Cleanup", Time since last: 1000766145 ns, Reaching safepoint: 83478 ns, At safepoint: 3246 ns, Total: 86724 ns
[2020-05-16T09:52:29.830+0000][15960][safepoint    ] Safepoint "Cleanup", Time since last: 2000748522 ns, Reaching safepoint: 136811 ns, At safepoint: 7420 ns, Total: 144231 ns
[2020-05-16T09:52:30.831+0000][15960][safepoint    ] Safepoint "Cleanup", Time since last: 1000842203 ns, Reaching safepoint: 138203 ns, At safepoint: 6492 ns, Total: 144695 ns
[2020-05-16T09:52:31.832+0000][15960][safepoint    ] Safepoint "Cleanup", Time since last: 1000550957 ns, Reaching safepoint: 137739 ns, At safepoint: 5565 ns, Total: 143304 ns
[2020-05-16T09:52:32.833+0000][15960][safepoint    ] Safepoint "Cleanup", Time since last: 1000761971 ns, Reaching safepoint: 75594 ns, At safepoint: 2782 ns, Total: 78376 ns
[2020-05-16T09:52:33.834+0000][15960][safepoint    ] Safepoint "Cleanup", Time since last: 1000671073 ns, Reaching safepoint: 121971 ns, At safepoint: 5565 ns, Total: 127536 ns
[2020-05-16T09:52:34.835+0000][15960][safepoint    ] Safepoint "Cleanup", Time since last: 1000858898 ns, Reaching safepoint: 136811 ns, At safepoint: 21798 ns, Total: 158609 ns
[2020-05-16T09:52:35.835+0000][15960][safepoint    ] Safepoint "Cleanup", Time since last: 1000076057 ns, Reaching safepoint: 103421 ns, At safepoint: 2782 ns, Total: 106203 ns
[2020-05-16T09:52:36.836+0000][15960][safepoint    ] Safepoint "Cleanup", Time since last: 1000910377 ns, Reaching safepoint: 127072 ns, At safepoint: 6029 ns, Total: 133101 ns
[2020-05-16T09:52:38.836+0000][15960][safepoint    ] Safepoint "Cleanup", Time since last: 2000056116 ns, Reaching safepoint: 181797 ns, At safepoint: 6957 ns, Total: 188754 ns
[2020-05-16T09:52:39.837+0000][15960][safepoint    ] Safepoint "Cleanup", Time since last: 1000765217 ns, Reaching safepoint: 157681 ns, At safepoint: 6492 ns, Total: 164173 ns
[2020-05-16T09:52:41.837+0000][15960][safepoint    ] Safepoint "Cleanup", Time since last: 2000085334 ns, Reaching safepoint: 101565 ns, At safepoint: 2782 ns, Total: 104347 ns
[2020-05-16T09:52:42.838+0000][15960][safepoint    ] Safepoint "Cleanup", Time since last: 1000701218 ns, Reaching safepoint: 148869 ns, At safepoint: 5101 ns, Total: 153970 ns
[2020-05-16T09:52:43.838+0000][15960][safepoint    ] Safepoint "Cleanup", Time since last: 1000179015 ns, Reaching safepoint: 137739 ns, At safepoint: 6493 ns, Total: 144232 ns
[2020-05-16T09:52:45.839+0000][15960][safepoint    ] Safepoint "Cleanup", Time since last: 2000499478 ns, Reaching safepoint: 189217 ns, At safepoint: 12522 ns, Total: 201739 ns
[2020-05-16T09:52:47.353+0000][15960][safepoint    ] Safepoint "Cleanup", Time since last: 1513571472 ns, Reaching safepoint: 117797 ns, At safepoint: 4637 ns, Total: 122434 ns
[2020-05-16T09:52:48.353+0000][15960][safepoint    ] Safepoint "Cleanup", Time since last: 1000557449 ns, Reaching safepoint: 186435 ns, At safepoint: 9276 ns, Total: 195711 ns
[2020-05-16T09:52:50.354+0000][15960][safepoint    ] Safepoint "Cleanup", Time since last: 2000178550 ns, Reaching safepoint: 105275 ns, At safepoint: 5102 ns, Total: 110377 ns
[2020-05-16T09:52:52.354+0000][15960][safepoint    ] Safepoint "Cleanup", Time since last: 2000044522 ns, Reaching safepoint: 98782 ns, At safepoint: 3247 ns, Total: 102029 ns
[2020-05-16T09:52:53.354+0000][15960][safepoint    ] Safepoint "Cleanup", Time since last: 1000043594 ns, Reaching safepoint: 97855 ns, At safepoint: 5101 ns, Total: 102956 ns
[2020-05-16T09:52:54.355+0000][15960][safepoint    ] Safepoint "Cleanup", Time since last: 1000448000 ns, Reaching safepoint: 134956 ns, At safepoint: 6493 ns, Total: 141449 ns
[2020-05-16T09:52:55.355+0000][15960][safepoint    ] Safepoint "Cleanup", Time since last: 1000330203 ns, Reaching safepoint: 181333 ns, At safepoint: 8812 ns, Total: 190145 ns
[2020-05-16T09:52:56.356+0000][15960][safepoint    ] Safepoint "Cleanup", Time since last: 1000527304 ns, Reaching safepoint: 114087 ns, At safepoint: 7420 ns, Total: 121507 ns
[2020-05-16T09:52:58.357+0000][15960][safepoint    ] Safepoint "Cleanup", Time since last: 2000645565 ns, Reaching safepoint: 168348 ns, At safepoint: 6029 ns, Total: 174377 ns
[2020-05-16T09:53:00.357+0000][15960][safepoint    ] Safepoint "Cleanup", Time since last: 2000115478 ns, Reaching safepoint: 183652 ns, At safepoint: 9739 ns, Total: 193391 ns
[2020-05-16T09:53:01.358+0000][15960][safepoint    ] Safepoint "Cleanup", Time since last: 1000524985 ns, Reaching safepoint: 221682 ns, At safepoint: 12057 ns, Total: 233739 ns
[2020-05-16T09:53:02.358+0000][15960][safepoint    ] Safepoint "Cleanup", Time since last: 1000136812 ns, Reaching safepoint: 98783 ns, At safepoint: 2782 ns, Total: 101565 ns
[2020-05-16T09:53:03.358+0000][15960][safepoint    ] Safepoint "Cleanup", Time since last: 1000091362 ns, Reaching safepoint: 84870 ns, At safepoint: 4174 ns, Total: 89044 ns
[2020-05-16T09:53:04.359+0000][15960][safepoint    ] Safepoint "Cleanup", Time since last: 1000260174 ns, Reaching safepoint: 130782 ns, At safepoint: 7884 ns, Total: 138666 ns
[2020-05-16T09:53:05.359+0000][15960][safepoint    ] Safepoint "Cleanup", Time since last: 1000775884 ns, Reaching safepoint: 128464 ns, At safepoint: 8348 ns, Total: 136812 ns
[2020-05-16T09:53:06.360+0000][15960][safepoint    ] Safepoint "Cleanup", Time since last: 1000685448 ns, Reaching safepoint: 213797 ns, At safepoint: 8812 ns, Total: 222609 ns
[2020-05-16T09:53:08.361+0000][15960][safepoint    ] Safepoint "Cleanup", Time since last: 2000248116 ns, Reaching safepoint: 150724 ns, At safepoint: 7421 ns, Total: 158145 ns
[2020-05-16T09:53:09.361+0000][15960][safepoint    ] Safepoint "Cleanup", Time since last: 1000172521 ns, Reaching safepoint: 143768 ns, At safepoint: 6493 ns, Total: 150261 ns
[2020-05-16T09:53:11.362+0000][15960][safepoint    ] Safepoint "Cleanup", Time since last: 2000394203 ns, Reaching safepoint: 147014 ns, At safepoint: 6029 ns, Total: 153043 ns
[2020-05-16T09:53:12.362+0000][15960][safepoint    ] Safepoint "Cleanup", Time since last: 1000672464 ns, Reaching safepoint: 130782 ns, At safepoint: 7884 ns, Total: 138666 ns
[2020-05-16T09:53:13.363+0000][15960][safepoint    ] Safepoint "Cleanup", Time since last: 1000249508 ns, Reaching safepoint: 130782 ns, At safepoint: 6029 ns, Total: 136811 ns
[2020-05-16T09:53:14.363+0000][15960][safepoint    ] Safepoint "Cleanup", Time since last: 1000315826 ns, Reaching safepoint: 153971 ns, At safepoint: 6493 ns, Total: 160464 ns
[2020-05-16T09:53:15.550+0000][15960][safepoint    ] Safepoint "Cleanup", Time since last: 1186307160 ns, Reaching safepoint: 143768 ns, At safepoint: 24579 ns, Total: 168347 ns
[2020-05-16T09:53:16.551+0000][15960][safepoint    ] Safepoint "Cleanup", Time since last: 1001334261 ns, Reaching safepoint: 125217 ns, At safepoint: 5565 ns, Total: 130782 ns
[2020-05-16T09:53:17.552+0000][15960][safepoint    ] Safepoint "Cleanup", Time since last: 1000662725 ns, Reaching safepoint: 122434 ns, At safepoint: 8812 ns, Total: 131246 ns
[2020-05-16T09:53:19.552+0000][15960][safepoint    ] Safepoint "Cleanup", Time since last: 2000063536 ns, Reaching safepoint: 145623 ns, At safepoint: 5565 ns, Total: 151188 ns
[2020-05-16T09:53:20.553+0000][15960][safepoint    ] Safepoint "Cleanup", Time since last: 1000358493 ns, Reaching safepoint: 112696 ns, At safepoint: 4637 ns, Total: 117333 ns
[2020-05-16T09:53:21.553+0000][15960][safepoint    ] Safepoint "Cleanup", Time since last: 1000089044 ns, Reaching safepoint: 122434 ns, At safepoint: 6029 ns, Total: 128463 ns
[2020-05-16T09:53:23.553+0000][15960][safepoint    ] Safepoint "Cleanup", Time since last: 2000125681 ns, Reaching safepoint: 169740 ns, At safepoint: 6492 ns, Total: 176232 ns
[2020-05-16T09:53:24.554+0000][15960][safepoint    ] Safepoint "Cleanup", Time since last: 1000302377 ns, Reaching safepoint: 107594 ns, At safepoint: 4638 ns, Total: 112232 ns
[2020-05-16T09:53:25.554+0000][15960][safepoint    ] Safepoint "Cleanup", Time since last: 1000338550 ns, Reaching safepoint: 122899 ns, At safepoint: 4638 ns, Total: 127537 ns
[2020-05-16T09:53:26.925+0000][15960][safepoint    ] Safepoint "Cleanup", Time since last: 1371056059 ns, Reaching safepoint: 136812 ns, At safepoint: 6029 ns, Total: 142841 ns
[2020-05-16T09:53:27.926+0000][15960][safepoint    ] Safepoint "Cleanup", Time since last: 1000731826 ns, Reaching safepoint: 323246 ns, At safepoint: 28753 ns, Total: 351999 ns
[2020-05-16T09:53:28.927+0000][15960][safepoint    ] Safepoint "Cleanup", Time since last: 1000344116 ns, Reaching safepoint: 300058 ns, At safepoint: 38493 ns, Total: 338551 ns
[2020-05-16T09:53:29.927+0000][15960][safepoint    ] Safepoint "Cleanup", Time since last: 1000440116 ns, Reaching safepoint: 115942 ns, At safepoint: 4637 ns, Total: 120579 ns
[2020-05-16T09:53:31.928+0000][15960][safepoint    ] Safepoint "Cleanup", Time since last: 1999796406 ns, Reaching safepoint: 270841 ns, At safepoint: 9739 ns, Total: 280580 ns
[2020-05-16T09:53:32.928+0000][15960][safepoint    ] Safepoint "Cleanup", Time since last: 1000301449 ns, Reaching safepoint: 157681 ns, At safepoint: 6493 ns, Total: 164174 ns
[2020-05-16T09:53:33.929+0000][15960][safepoint    ] Safepoint "Cleanup", Time since last: 1000669680 ns, Reaching safepoint: 155363 ns, At safepoint: 6492 ns, Total: 161855 ns
[2020-05-16T09:53:35.929+0000][15960][safepoint    ] Safepoint "Cleanup", Time since last: 2000340406 ns, Reaching safepoint: 160928 ns, At safepoint: 6492 ns, Total: 167420 ns
[2020-05-16T09:53:37.930+0000][15960][safepoint    ] Safepoint "Cleanup", Time since last: 2000040812 ns, Reaching safepoint: 140058 ns, At safepoint: 6493 ns, Total: 146551 ns
[2020-05-16T09:53:39.018+0000][15960][safepoint    ] Safepoint "Cleanup", Time since last: 1088437756 ns, Reaching safepoint: 152579 ns, At safepoint: 8348 ns, Total: 160927 ns
[2020-05-16T09:53:40.019+0000][15960][safepoint    ] Safepoint "Cleanup", Time since last: 1000113159 ns, Reaching safepoint: 141450 ns, At safepoint: 6492 ns, Total: 147942 ns
[2020-05-16T09:53:41.025+0000][15960][safepoint    ] Safepoint "Cleanup", Time since last: 1006577157 ns, Reaching safepoint: 184116 ns, At safepoint: 10666 ns, Total: 194782 ns
[2020-05-16T09:53:42.026+0000][15960][safepoint    ] Safepoint "Cleanup", Time since last: 1000678957 ns, Reaching safepoint: 189681 ns, At safepoint: 12521 ns, Total: 202202 ns
[2020-05-16T09:53:43.027+0000][15960][safepoint    ] Safepoint "Cleanup", Time since last: 1000314899 ns, Reaching safepoint: 499942 ns, At safepoint: 17623 ns, Total: 517565 ns
[2020-05-16T09:53:45.027+0000][15960][safepoint    ] Safepoint "Cleanup", Time since last: 2000106666 ns, Reaching safepoint: 166957 ns, At safepoint: 6956 ns, Total: 173913 ns
[2020-05-16T09:53:46.028+0000][15960][safepoint    ] Safepoint "Cleanup", Time since last: 1000780985 ns, Reaching safepoint: 131711 ns, At safepoint: 5565 ns, Total: 137276 ns
[2020-05-16T09:53:47.029+0000][15960][safepoint    ] Safepoint "Cleanup", Time since last: 1000197101 ns, Reaching safepoint: 157681 ns, At safepoint: 6029 ns, Total: 163710 ns
[2020-05-16T09:53:49.029+0000][15960][safepoint    ] Safepoint "Cleanup", Time since last: 2000011131 ns, Reaching safepoint: 161855 ns, At safepoint: 9739 ns, Total: 171594 ns
[2020-05-16T09:53:50.030+0000][15960][safepoint    ] Safepoint "Cleanup", Time since last: 1000647420 ns, Reaching safepoint: 186434 ns, At safepoint: 10203 ns, Total: 196637 ns
[2020-05-16T09:53:51.030+0000][15960][safepoint    ] Safepoint "Cleanup", Time since last: 1000494841 ns, Reaching safepoint: 134956 ns, At safepoint: 5565 ns, Total: 140521 ns
[2020-05-16T09:53:52.031+0000][15960][safepoint    ] Safepoint "Cleanup", Time since last: 1000448928 ns, Reaching safepoint: 101565 ns, At safepoint: 4638 ns, Total: 106203 ns
[2020-05-16T09:53:54.032+0000][15960][safepoint    ] Safepoint "Cleanup", Time since last: 2000626086 ns, Reaching safepoint: 183652 ns, At safepoint: 7421 ns, Total: 191073 ns
[2020-05-16T09:53:56.032+0000][15960][safepoint    ] Safepoint "Cleanup", Time since last: 2000156753 ns, Reaching safepoint: 147942 ns, At safepoint: 6029 ns, Total: 153971 ns
[2020-05-16T09:53:58.032+0000][15960][safepoint    ] Safepoint "Cleanup", Time since last: 2000226783 ns, Reaching safepoint: 147942 ns, At safepoint: 6492 ns, Total: 154434 ns
[2020-05-16T09:53:59.033+0000][15960][safepoint    ] Safepoint "Cleanup", Time since last: 1000809739 ns, Reaching safepoint: 147014 ns, At safepoint: 6493 ns, Total: 153507 ns
[2020-05-16T09:54:00.034+0000][15960][safepoint    ] Safepoint "Cleanup", Time since last: 1000069565 ns, Reaching safepoint: 123826 ns, At safepoint: 3247 ns, Total: 127073 ns
[2020-05-16T09:54:01.034+0000][15960][safepoint    ] Safepoint "Cleanup", Time since last: 1000521739 ns, Reaching safepoint: 131710 ns, At safepoint: 5565 ns, Total: 137275 ns
[2020-05-16T09:54:02.035+0000][15960][safepoint    ] Safepoint "Cleanup", Time since last: 1000576000 ns, Reaching safepoint: 157217 ns, At safepoint: 6493 ns, Total: 163710 ns
[2020-05-16T09:54:03.036+0000][15960][safepoint    ] Safepoint "Cleanup", Time since last: 1000505507 ns, Reaching safepoint: 163710 ns, At safepoint: 6956 ns, Total: 170666 ns
[2020-05-16T09:54:04.036+0000][15960][safepoint    ] Safepoint "Cleanup", Time since last: 1000350609 ns, Reaching safepoint: 168348 ns, At safepoint: 6029 ns, Total: 174377 ns
[2020-05-16T09:54:05.036+0000][15960][safepoint    ] Safepoint "Cleanup", Time since last: 1000051014 ns, Reaching safepoint: 147015 ns, At safepoint: 6492 ns, Total: 153507 ns
[2020-05-16T09:54:07.037+0000][15960][safepoint    ] Safepoint "Cleanup", Time since last: 2000313507 ns, Reaching safepoint: 166029 ns, At safepoint: 8348 ns, Total: 174377 ns
[2020-05-16T09:54:08.037+0000][15960][safepoint    ] Safepoint "Cleanup", Time since last: 1000531014 ns, Reaching safepoint: 161392 ns, At safepoint: 6492 ns, Total: 167884 ns
[2020-05-16T09:54:09.038+0000][15960][safepoint    ] Safepoint "Cleanup", Time since last: 1000499015 ns, Reaching safepoint: 186434 ns, At safepoint: 6029 ns, Total: 192463 ns
[2020-05-16T09:54:11.039+0000][15960][safepoint    ] Safepoint "Cleanup", Time since last: 2000837565 ns, Reaching safepoint: 135884 ns, At safepoint: 5565 ns, Total: 141449 ns
[2020-05-16T09:54:12.040+0000][15960][safepoint    ] Safepoint "Cleanup", Time since last: 1000688696 ns, Reaching safepoint: 127536 ns, At safepoint: 6029 ns, Total: 133565 ns
[2020-05-16T09:54:13.041+0000][15960][safepoint    ] Safepoint "Cleanup", Time since last: 1000350608 ns, Reaching safepoint: 256464 ns, At safepoint: 10203 ns, Total: 266667 ns
[2020-05-16T09:54:15.041+0000][15960][safepoint    ] Safepoint "Cleanup", Time since last: 2000614029 ns, Reaching safepoint: 156753 ns, At safepoint: 8348 ns, Total: 165101 ns
[2020-05-16T09:54:16.042+0000][15960][safepoint    ] Safepoint "Cleanup", Time since last: 1000180406 ns, Reaching safepoint: 239304 ns, At safepoint: 5565 ns, Total: 244869 ns
[2020-05-16T09:54:18.042+0000][15960][safepoint    ] Safepoint "Cleanup", Time since last: 2000499942 ns, Reaching safepoint: 178087 ns, At safepoint: 9275 ns, Total: 187362 ns
[2020-05-16T09:54:19.043+0000][15960][safepoint    ] Safepoint "Cleanup", Time since last: 1000763826 ns, Reaching safepoint: 510608 ns, At safepoint: 24580 ns, Total: 535188 ns
[2020-05-16T09:54:20.045+0000][15960][safepoint    ] Safepoint "Cleanup", Time since last: 1001094956 ns, Reaching safepoint: 157681 ns, At safepoint: 6029 ns, Total: 163710 ns
[2020-05-16T09:54:21.045+0000][15960][safepoint    ] Safepoint "Cleanup", Time since last: 1000251362 ns, Reaching safepoint: 158609 ns, At safepoint: 6029 ns, Total: 164638 ns
[2020-05-16T09:54:22.046+0000][15960][safepoint    ] Safepoint "Cleanup", Time since last: 1000055188 ns, Reaching safepoint: 148870 ns, At safepoint: 9275 ns, Total: 158145 ns
[2020-05-16T09:54:23.047+0000][15960][safepoint    ] Safepoint "Cleanup", Time since last: 1000633971 ns, Reaching safepoint: 111768 ns, At safepoint: 3710 ns, Total: 115478 ns
[2020-05-16T09:54:25.047+0000][15960][safepoint    ] Safepoint "Cleanup", Time since last: 2000595478 ns, Reaching safepoint: 169275 ns, At safepoint: 6493 ns, Total: 175768 ns
[2020-05-16T09:54:26.048+0000][15960][safepoint    ] Safepoint "Cleanup", Time since last: 1000798145 ns, Reaching safepoint: 166492 ns, At safepoint: 6493 ns, Total: 172985 ns
[2020-05-16T09:54:27.049+0000][15960][safepoint    ] Safepoint "Cleanup", Time since last: 1000235130 ns, Reaching safepoint: 325102 ns, At safepoint: 64927 ns, Total: 390029 ns
[2020-05-16T09:54:28.049+0000][15960][safepoint    ] Safepoint "Cleanup", Time since last: 1000031073 ns, Reaching safepoint: 143768 ns, At safepoint: 6029 ns, Total: 149797 ns
[2020-05-16T09:54:30.050+0000][15960][safepoint    ] Safepoint "Cleanup", Time since last: 2000830608 ns, Reaching safepoint: 76058 ns, At safepoint: 2783 ns, Total: 78841 ns
[2020-05-16T09:54:31.051+0000][15960][safepoint    ] Safepoint "Cleanup", Time since last: 1000608463 ns, Reaching safepoint: 102957 ns, At safepoint: 4637 ns, Total: 107594 ns
[2020-05-16T09:54:32.056+0000][15960][safepoint    ] Safepoint "Cleanup", Time since last: 1005423302 ns, Reaching safepoint: 94145 ns, At safepoint: 2783 ns, Total: 96928 ns
[2020-05-16T09:54:33.057+0000][15960][safepoint    ] Safepoint "Cleanup", Time since last: 1000646956 ns, Reaching safepoint: 111304 ns, At safepoint: 6029 ns, Total: 117333 ns
[2020-05-16T09:54:34.058+0000][15960][safepoint    ] Safepoint "Cleanup", Time since last: 1000527768 ns, Reaching safepoint: 162782 ns, At safepoint: 9740 ns, Total: 172522 ns
[2020-05-16T09:54:35.058+0000][15960][safepoint    ] Safepoint "Cleanup", Time since last: 1000400231 ns, Reaching safepoint: 169739 ns, At safepoint: 5102 ns, Total: 174841 ns
[2020-05-16T09:54:36.059+0000][15960][safepoint    ] Safepoint "Cleanup", Time since last: 1000228174 ns, Reaching safepoint: 237912 ns, At safepoint: 29682 ns, Total: 267594 ns
[2020-05-16T09:54:37.059+0000][15960][safepoint    ] Safepoint "Cleanup", Time since last: 1000706318 ns, Reaching safepoint: 432232 ns, At safepoint: 43130 ns, Total: 475362 ns
[2020-05-16T09:54:38.060+0000][15960][safepoint    ] Safepoint "Cleanup", Time since last: 1000277797 ns, Reaching safepoint: 272696 ns, At safepoint: 8348 ns, Total: 281044 ns
[2020-05-16T09:54:39.061+0000][15960][safepoint    ] Safepoint "Cleanup", Time since last: 1000053333 ns, Reaching safepoint: 116406 ns, At safepoint: 3710 ns, Total: 120116 ns
[2020-05-16T09:54:40.062+0000][15960][safepoint    ] Safepoint "Cleanup", Time since last: 1000761970 ns, Reaching safepoint: 128928 ns, At safepoint: 3246 ns, Total: 132174 ns
[2020-05-16T09:54:41.062+0000][15960][safepoint    ] Safepoint "Cleanup", Time since last: 1000651594 ns, Reaching safepoint: 151652 ns, At safepoint: 6493 ns, Total: 158145 ns
[2020-05-16T09:54:42.062+0000][15960][safepoint    ] Safepoint "Cleanup", Time since last: 1000044058 ns, Reaching safepoint: 93681 ns, At safepoint: 2783 ns, Total: 96464 ns
[2020-05-16T09:54:43.063+0000][15960][safepoint    ] Safepoint "Cleanup", Time since last: 1000558376 ns, Reaching safepoint: 179015 ns, At safepoint: 4637 ns, Total: 183652 ns
[2020-05-16T09:54:44.063+0000][15960][safepoint    ] Safepoint "Cleanup", Time since last: 1000171594 ns, Reaching safepoint: 312580 ns, At safepoint: 10203 ns, Total: 322783 ns
[2020-05-16T09:54:45.064+0000][15960][safepoint    ] Safepoint "Cleanup", Time since last: 1000027362 ns, Reaching safepoint: 283826 ns, At safepoint: 9739 ns, Total: 293565 ns
[2020-05-16T09:54:46.065+0000][15960][safepoint    ] Safepoint "Cleanup", Time since last: 1000509217 ns, Reaching safepoint: 116406 ns, At safepoint: 7884 ns, Total: 124290 ns
[2020-05-16T09:54:47.065+0000][15960][safepoint    ] Safepoint "Cleanup", Time since last: 1000231884 ns, Reaching safepoint: 111768 ns, At safepoint: 6957 ns, Total: 118725 ns
[2020-05-16T09:54:49.066+0000][15960][safepoint    ] Safepoint "Cleanup", Time since last: 2000352000 ns, Reaching safepoint: 156753 ns, At safepoint: 2783 ns, Total: 159536 ns
[2020-05-16T09:54:50.066+0000][15960][safepoint    ] Safepoint "Cleanup", Time since last: 1000695188 ns, Reaching safepoint: 176232 ns, At safepoint: 3710 ns, Total: 179942 ns
[2020-05-16T09:54:51.067+0000][15960][safepoint    ] Safepoint "Cleanup", Time since last: 1000348753 ns, Reaching safepoint: 185044 ns, At safepoint: 4174 ns, Total: 189218 ns
[2020-05-16T09:54:52.067+0000][15960][safepoint    ] Safepoint "Cleanup", Time since last: 1000349217 ns, Reaching safepoint: 102956 ns, At safepoint: 4174 ns, Total: 107130 ns
[2020-05-16T09:54:53.068+0000][15960][safepoint    ] Safepoint "Cleanup", Time since last: 1000839420 ns, Reaching safepoint: 213333 ns, At safepoint: 7421 ns, Total: 220754 ns
[2020-05-16T09:54:54.078+0000][15960][safepoint    ] Safepoint "Cleanup", Time since last: 1000134029 ns, Reaching safepoint: 9017966 ns, At safepoint: 9276 ns, Total: 9027242 ns
[2020-05-16T09:54:54.241+0000][15960][gc,start     ] GC(32) Pause Young (Normal) (G1 Evacuation Pause)
[2020-05-16T09:54:54.241+0000][15960][gc,task      ] GC(32) Using 4 workers of 4 for evacuation
[2020-05-16T09:54:54.242+0000][15960][gc,age       ] GC(32) Desired survivor size 40370176 bytes, new threshold 15 (max threshold 15)
[2020-05-16T09:54:55.233+0000][15960][gc,age       ] GC(32) Age table with threshold 15 (max threshold 15)
[2020-05-16T09:54:55.233+0000][15960][gc,age       ] GC(32) - age   1:     137744 bytes,     137744 total
[2020-05-16T09:54:55.233+0000][15960][gc,age       ] GC(32) - age   2:       2112 bytes,     139856 total
[2020-05-16T09:54:55.233+0000][15960][gc,age       ] GC(32) - age   3:         64 bytes,     139920 total
[2020-05-16T09:54:55.233+0000][15960][gc,age       ] GC(32) - age   4:       6240 bytes,     146160 total
[2020-05-16T09:54:55.233+0000][15960][gc,age       ] GC(32) - age   5:       7424 bytes,     153584 total
[2020-05-16T09:54:55.233+0000][15960][gc,age       ] GC(32) - age   6:       6808 bytes,     160392 total
[2020-05-16T09:54:55.233+0000][15960][gc,age       ] GC(32) - age   7:       4896 bytes,     165288 total
[2020-05-16T09:54:55.233+0000][15960][gc,age       ] GC(32) - age   8:      39184 bytes,     204472 total
[2020-05-16T09:54:55.233+0000][15960][gc,age       ] GC(32) - age   9:     601944 bytes,     806416 total
[2020-05-16T09:54:55.233+0000][15960][gc,age       ] GC(32) - age  10:       6560 bytes,     812976 total
[2020-05-16T09:54:55.233+0000][15960][gc,age       ] GC(32) - age  11:      60624 bytes,     873600 total
[2020-05-16T09:54:55.233+0000][15960][gc,age       ] GC(32) - age  12:     254280 bytes,    1127880 total
[2020-05-16T09:54:55.233+0000][15960][gc,age       ] GC(32) - age  13:     367880 bytes,    1495760 total
[2020-05-16T09:54:55.233+0000][15960][gc,age       ] GC(32) - age  14:      71592 bytes,    1567352 total
[2020-05-16T09:54:55.233+0000][15960][gc,age       ] GC(32) - age  15:     165752 bytes,    1733104 total
[2020-05-16T09:54:55.233+0000][15960][gc,mmu       ] GC(32) MMU target violated: 201.0ms (200.0ms/201.0ms)
[2020-05-16T09:54:55.233+0000][15960][gc,phases    ] GC(32)   Pre Evacuate Collection Set: 0.2ms
[2020-05-16T09:54:55.233+0000][15960][gc,phases    ] GC(32)   Merge Heap Roots: 0.1ms
[2020-05-16T09:54:55.233+0000][15960][gc,phases    ] GC(32)   Evacuate Collection Set: 751.9ms
[2020-05-16T09:54:55.233+0000][15960][gc,phases    ] GC(32)   Post Evacuate Collection Set: 51.5ms
[2020-05-16T09:54:55.233+0000][15960][gc,phases    ] GC(32)   Other: 188.8ms
[2020-05-16T09:54:55.233+0000][15960][gc,heap      ] GC(32) Eden regions: 612->0(612)
[2020-05-16T09:54:55.233+0000][15960][gc,heap      ] GC(32) Survivor regions: 2->2(77)
[2020-05-16T09:54:55.233+0000][15960][gc,heap      ] GC(32) Old regions: 70->70
[2020-05-16T09:54:55.233+0000][15960][gc,heap      ] GC(32) Archive regions: 0->0
[2020-05-16T09:54:55.233+0000][15960][gc,heap      ] GC(32) Humongous regions: 7->7
[2020-05-16T09:54:55.233+0000][15960][gc,metaspace ] GC(32) Metaspace: 97478K(105124K)->97478K(105124K) NonClass: 84677K(89176K)->84677K(89176K) Class: 12801K(15948K)->12801K(15948K)
[2020-05-16T09:54:55.233+0000][15960][gc           ] GC(32) Pause Young (Normal) (G1 Evacuation Pause) 690M->78M(1024M) 992.696ms
[2020-05-16T09:54:55.234+0000][15960][gc,cpu       ] GC(32) User=0.41s Sys=0.00s Real=0.99s
[2020-05-16T09:54:55.234+0000][15960][safepoint    ] Safepoint "G1CollectForAllocation", Time since last: 163713315 ns, Reaching safepoint: 82087 ns, At safepoint: 992883482 ns, Total: 992965569 ns
[2020-05-16T09:54:56.235+0000][15960][safepoint    ] Safepoint "Cleanup", Time since last: 1000874666 ns, Reaching safepoint: 78377 ns, At safepoint: 10666 ns, Total: 89043 ns
[2020-05-16T09:54:57.236+0000][15960][safepoint    ] Safepoint "Cleanup", Time since last: 1000924290 ns, Reaching safepoint: 99710 ns, At safepoint: 33391 ns, Total: 133101 ns
[2020-05-16T09:54:59.237+0000][15960][safepoint    ] Safepoint "Cleanup", Time since last: 2000648348 ns, Reaching safepoint: 113159 ns, At safepoint: 19942 ns, Total: 133101 ns
[2020-05-16T09:55:00.238+0000][15960][safepoint    ] Safepoint "Cleanup", Time since last: 1000527304 ns, Reaching safepoint: 116406 ns, At safepoint: 3710 ns, Total: 120116 ns
[2020-05-16T09:55:02.239+0000][15960][safepoint    ] Safepoint "Cleanup", Time since last: 2000882550 ns, Reaching safepoint: 98319 ns, At safepoint: 5102 ns, Total: 103421 ns
[2020-05-16T09:55:03.240+0000][15960][safepoint    ] Safepoint "Cleanup", Time since last: 1000946550 ns, Reaching safepoint: 118724 ns, At safepoint: 4174 ns, Total: 122898 ns
[2020-05-16T09:55:04.241+0000][15960][safepoint    ] Safepoint "Cleanup", Time since last: 1000761043 ns, Reaching safepoint: 156290 ns, At safepoint: 4638 ns, Total: 160928 ns
[2020-05-16T09:55:05.241+0000][15960][safepoint    ] Safepoint "Cleanup", Time since last: 1000261101 ns, Reaching safepoint: 158609 ns, At safepoint: 6956 ns, Total: 165565 ns
[2020-05-16T09:55:07.242+0000][15960][safepoint    ] Safepoint "Cleanup", Time since last: 2000744812 ns, Reaching safepoint: 121971 ns, At safepoint: 4637 ns, Total: 126608 ns
[2020-05-16T09:55:08.242+0000][15960][safepoint    ] Safepoint "Cleanup", Time since last: 1000331594 ns, Reaching safepoint: 230493 ns, At safepoint: 9739 ns, Total: 240232 ns
[2020-05-16T09:55:10.243+0000][15960][safepoint    ] Safepoint "Cleanup", Time since last: 1999975420 ns, Reaching safepoint: 542145 ns, At safepoint: 12986 ns, Total: 555131 ns
[2020-05-16T09:55:11.243+0000][15960][safepoint    ] Safepoint "Cleanup", Time since last: 1000059362 ns, Reaching safepoint: 77449 ns, At safepoint: 3246 ns, Total: 80695 ns
[2020-05-16T09:55:12.244+0000][15960][safepoint    ] Safepoint "Cleanup", Time since last: 1000245797 ns, Reaching safepoint: 106667 ns, At safepoint: 4638 ns, Total: 111305 ns
[2020-05-16T09:55:13.244+0000][15960][safepoint    ] Safepoint "Cleanup", Time since last: 1000549101 ns, Reaching safepoint: 96000 ns, At safepoint: 4638 ns, Total: 100638 ns
[2020-05-16T09:55:14.244+0000][15960][safepoint    ] Safepoint "Cleanup", Time since last: 1000060753 ns, Reaching safepoint: 112696 ns, At safepoint: 4637 ns, Total: 117333 ns
[2020-05-16T09:55:15.245+0000][15960][safepoint    ] Safepoint "Cleanup", Time since last: 1000208232 ns, Reaching safepoint: 121971 ns, At safepoint: 4638 ns, Total: 126609 ns
[2020-05-16T09:55:16.245+0000][15960][safepoint    ] Safepoint "Cleanup", Time since last: 1000236522 ns, Reaching safepoint: 141913 ns, At safepoint: 5101 ns, Total: 147014 ns
[2020-05-16T09:55:18.246+0000][15960][safepoint    ] Safepoint "Cleanup", Time since last: 2000911768 ns, Reaching safepoint: 144231 ns, At safepoint: 4638 ns, Total: 148869 ns
[2020-05-16T09:55:20.670+0000][15960][safepoint    ] Safepoint "Cleanup", Time since last: 2000772637 ns, Reaching safepoint: 422860326 ns, At safepoint: 203594 ns, Total: 423063920 ns
[2020-05-16T09:55:21.698+0000][15960][safepoint    ] Safepoint "Cleanup", Time since last: 1000696116 ns, Reaching safepoint: 27030248 ns, At safepoint: 93218 ns, Total: 27123466 ns
[2020-05-16T09:55:22.961+0000][15960][safepoint    ] Safepoint "Cleanup", Time since last: 1262564979 ns, Reaching safepoint: 129855 ns, At safepoint: 6957 ns, Total: 136812 ns
[2020-05-16T09:55:23.961+0000][15960][safepoint    ] Safepoint "Cleanup", Time since last: 1000342724 ns, Reaching safepoint: 102493 ns, At safepoint: 3246 ns, Total: 105739 ns
[2020-05-16T09:55:24.962+0000][15960][safepoint    ] Safepoint "Cleanup", Time since last: 1000512464 ns, Reaching safepoint: 94608 ns, At safepoint: 4174 ns, Total: 98782 ns
[2020-05-16T09:55:25.962+0000][15960][safepoint    ] Safepoint "Cleanup", Time since last: 1000430841 ns, Reaching safepoint: 109913 ns, At safepoint: 4174 ns, Total: 114087 ns
[2020-05-16T09:55:26.963+0000][15960][safepoint    ] Safepoint "Cleanup", Time since last: 1000263420 ns, Reaching safepoint: 83478 ns, At safepoint: 3246 ns, Total: 86724 ns
[2020-05-16T09:55:27.963+0000][15960][safepoint    ] Safepoint "Cleanup", Time since last: 1000454957 ns, Reaching safepoint: 137739 ns, At safepoint: 4637 ns, Total: 142376 ns
[2020-05-16T09:55:28.964+0000][15960][safepoint    ] Safepoint "Cleanup", Time since last: 1000346435 ns, Reaching safepoint: 112232 ns, At safepoint: 4174 ns, Total: 116406 ns
[2020-05-16T09:55:29.964+0000][15960][safepoint    ] Safepoint "Cleanup", Time since last: 1000317217 ns, Reaching safepoint: 133101 ns, At safepoint: 2783 ns, Total: 135884 ns
[2020-05-16T09:55:30.965+0000][15960][safepoint    ] Safepoint "Cleanup", Time since last: 1000693797 ns, Reaching safepoint: 100174 ns, At safepoint: 3710 ns, Total: 103884 ns
[2020-05-16T09:55:31.966+0000][15960][safepoint    ] Safepoint "Cleanup", Time since last: 1000810666 ns, Reaching safepoint: 84870 ns, At safepoint: 4637 ns, Total: 89507 ns
[2020-05-16T09:55:32.966+0000][15960][safepoint    ] Safepoint "Cleanup", Time since last: 1000275478 ns, Reaching safepoint: 126145 ns, At safepoint: 2783 ns, Total: 128928 ns
[2020-05-16T09:55:34.967+0000][15960][safepoint    ] Safepoint "Cleanup", Time since last: 2000515710 ns, Reaching safepoint: 179478 ns, At safepoint: 4174 ns, Total: 183652 ns
[2020-05-16T09:55:36.968+0000][15960][safepoint    ] Safepoint "Cleanup", Time since last: 2000620521 ns, Reaching safepoint: 133566 ns, At safepoint: 4637 ns, Total: 138203 ns
[2020-05-16T09:55:37.969+0000][15960][safepoint    ] Safepoint "Cleanup", Time since last: 1000829217 ns, Reaching safepoint: 117334 ns, At safepoint: 3246 ns, Total: 120580 ns
[2020-05-16T09:55:38.969+0000][15960][safepoint    ] Safepoint "Cleanup", Time since last: 1000226319 ns, Reaching safepoint: 115942 ns, At safepoint: 4174 ns, Total: 120116 ns
[2020-05-16T09:55:39.970+0000][15960][safepoint    ] Safepoint "Cleanup", Time since last: 1000852869 ns, Reaching safepoint: 86261 ns, At safepoint: 3246 ns, Total: 89507 ns
[2020-05-16T09:55:40.970+0000][15960][safepoint    ] Safepoint "Cleanup", Time since last: 1000107130 ns, Reaching safepoint: 100638 ns, At safepoint: 5101 ns, Total: 105739 ns
[2020-05-16T09:55:42.970+0000][15960][safepoint    ] Safepoint "Cleanup", Time since last: 2000177160 ns, Reaching safepoint: 376579 ns, At safepoint: 46377 ns, Total: 422956 ns
[2020-05-16T09:55:44.971+0000][15960][safepoint    ] Safepoint "Cleanup", Time since last: 2000484637 ns, Reaching safepoint: 173450 ns, At safepoint: 6956 ns, Total: 180406 ns
[2020-05-16T09:55:46.972+0000][15960][safepoint    ] Safepoint "Cleanup", Time since last: 2000444290 ns, Reaching safepoint: 108522 ns, At safepoint: 6029 ns, Total: 114551 ns
[2020-05-16T09:55:47.972+0000][15960][safepoint    ] Safepoint "Cleanup", Time since last: 1000454956 ns, Reaching safepoint: 129855 ns, At safepoint: 4638 ns, Total: 134493 ns
[2020-05-16T09:55:48.973+0000][15960][safepoint    ] Safepoint "Cleanup", Time since last: 1000566260 ns, Reaching safepoint: 532406 ns, At safepoint: 26434 ns, Total: 558840 ns
[2020-05-16T09:55:49.976+0000][15960][safepoint    ] Safepoint "Cleanup", Time since last: 1002700521 ns, Reaching safepoint: 98783 ns, At safepoint: 4637 ns, Total: 103420 ns
[2020-05-16T09:55:51.976+0000][15960][safepoint    ] Safepoint "Cleanup", Time since last: 1999969855 ns, Reaching safepoint: 129855 ns, At safepoint: 2783 ns, Total: 132638 ns
[2020-05-16T09:55:52.977+0000][15960][safepoint    ] Safepoint "Cleanup", Time since last: 1000616347 ns, Reaching safepoint: 108058 ns, At safepoint: 4638 ns, Total: 112696 ns
[2020-05-16T09:55:53.977+0000][15960][safepoint    ] Safepoint "Cleanup", Time since last: 1000085797 ns, Reaching safepoint: 344580 ns, At safepoint: 39884 ns, Total: 384464 ns
[2020-05-16T09:55:55.978+0000][15960][safepoint    ] Safepoint "Cleanup", Time since last: 2000130318 ns, Reaching safepoint: 108058 ns, At safepoint: 4174 ns, Total: 112232 ns
[2020-05-16T09:55:56.979+0000][15960][safepoint    ] Safepoint "Cleanup", Time since last: 1000943304 ns, Reaching safepoint: 155826 ns, At safepoint: 6493 ns, Total: 162319 ns
[2020-05-16T09:55:57.980+0000][15960][safepoint    ] Safepoint "Cleanup", Time since last: 1000438261 ns, Reaching safepoint: 110840 ns, At safepoint: 4174 ns, Total: 115014 ns
[2020-05-16T09:55:58.980+0000][15960][safepoint    ] Safepoint "Cleanup", Time since last: 1000739246 ns, Reaching safepoint: 137275 ns, At safepoint: 5566 ns, Total: 142841 ns
[2020-05-16T09:56:00.981+0000][15960][safepoint    ] Safepoint "Cleanup", Time since last: 2000237913 ns, Reaching safepoint: 104347 ns, At safepoint: 4174 ns, Total: 108521 ns
[2020-05-16T09:56:01.981+0000][15960][safepoint    ] Safepoint "Cleanup", Time since last: 1000033392 ns, Reaching safepoint: 99710 ns, At safepoint: 4174 ns, Total: 103884 ns
[2020-05-16T09:56:02.981+0000][15960][safepoint    ] Safepoint "Cleanup", Time since last: 1000036173 ns, Reaching safepoint: 103421 ns, At safepoint: 2782 ns, Total: 106203 ns
[2020-05-16T09:56:03.982+0000][15960][safepoint    ] Safepoint "Cleanup", Time since last: 1000580638 ns, Reaching safepoint: 379826 ns, At safepoint: 8811 ns, Total: 388637 ns
[2020-05-16T09:56:05.983+0000][15960][safepoint    ] Safepoint "Cleanup", Time since last: 2000566725 ns, Reaching safepoint: 73739 ns, At safepoint: 3246 ns, Total: 76985 ns
[2020-05-16T09:56:06.983+0000][15960][safepoint    ] Safepoint "Cleanup", Time since last: 1000372406 ns, Reaching safepoint: 98782 ns, At safepoint: 4638 ns, Total: 103420 ns
[2020-05-16T09:56:07.984+0000][15960][safepoint    ] Safepoint "Cleanup", Time since last: 1000409507 ns, Reaching safepoint: 152116 ns, At safepoint: 4638 ns, Total: 156754 ns
[2020-05-16T09:56:08.984+0000][15960][safepoint    ] Safepoint "Cleanup", Time since last: 1000492521 ns, Reaching safepoint: 103420 ns, At safepoint: 4638 ns, Total: 108058 ns
[2020-05-16T09:56:10.985+0000][15960][safepoint    ] Safepoint "Cleanup", Time since last: 2000675710 ns, Reaching safepoint: 102493 ns, At safepoint: 6492 ns, Total: 108985 ns
[2020-05-16T09:56:11.986+0000][15960][safepoint    ] Safepoint "Cleanup", Time since last: 1000579710 ns, Reaching safepoint: 104812 ns, At safepoint: 3246 ns, Total: 108058 ns
[2020-05-16T09:56:13.986+0000][15960][safepoint    ] Safepoint "Cleanup", Time since last: 2000488348 ns, Reaching safepoint: 96000 ns, At safepoint: 3710 ns, Total: 99710 ns
[2020-05-16T09:56:14.987+0000][15960][safepoint    ] Safepoint "Cleanup", Time since last: 1000794434 ns, Reaching safepoint: 104812 ns, At safepoint: 3246 ns, Total: 108058 ns
[2020-05-16T09:56:15.988+0000][15960][safepoint    ] Safepoint "Cleanup", Time since last: 1000265275 ns, Reaching safepoint: 98319 ns, At safepoint: 3246 ns, Total: 101565 ns
[2020-05-16T09:56:17.641+0000][15960][safepoint    ] Safepoint "Cleanup", Time since last: 1653259292 ns, Reaching safepoint: 211014 ns, At safepoint: 5102 ns, Total: 216116 ns
[2020-05-16T09:56:18.642+0000][15960][safepoint    ] Safepoint "Cleanup", Time since last: 1000404405 ns, Reaching safepoint: 196174 ns, At safepoint: 11594 ns, Total: 207768 ns
[2020-05-16T09:56:19.643+0000][15960][safepoint    ] Safepoint "Cleanup", Time since last: 1001534144 ns, Reaching safepoint: 133566 ns, At safepoint: 4637 ns, Total: 138203 ns
[2020-05-16T09:56:20.672+0000][15960][safepoint    ] Safepoint "Cleanup", Time since last: 1000216116 ns, Reaching safepoint: 28262480 ns, At safepoint: 47768 ns, Total: 28310248 ns
[2020-05-16T09:56:21.672+0000][15960][safepoint    ] Safepoint "Cleanup", Time since last: 1000173913 ns, Reaching safepoint: 106203 ns, At safepoint: 3246 ns, Total: 109449 ns
[2020-05-16T09:56:22.673+0000][15960][safepoint    ] Safepoint "Cleanup", Time since last: 1000764290 ns, Reaching safepoint: 82086 ns, At safepoint: 3247 ns, Total: 85333 ns
[2020-05-16T09:56:23.674+0000][15960][safepoint    ] Safepoint "Cleanup", Time since last: 1000359420 ns, Reaching safepoint: 109913 ns, At safepoint: 5565 ns, Total: 115478 ns
[2020-05-16T09:56:24.674+0000][15960][safepoint    ] Safepoint "Cleanup", Time since last: 1000043131 ns, Reaching safepoint: 254144 ns, At safepoint: 3247 ns, Total: 257391 ns
[2020-05-16T09:56:25.674+0000][15960][safepoint    ] Safepoint "Cleanup", Time since last: 1000340869 ns, Reaching safepoint: 254609 ns, At safepoint: 29217 ns, Total: 283826 ns
[2020-05-16T09:56:26.675+0000][15960][safepoint    ] Safepoint "Cleanup", Time since last: 1000872811 ns, Reaching safepoint: 290783 ns, At safepoint: 6493 ns, Total: 297276 ns
[2020-05-16T09:56:31.677+0000][15960][safepoint    ] Safepoint "Cleanup", Time since last: 5001073158 ns, Reaching safepoint: 141913 ns, At safepoint: 5102 ns, Total: 147015 ns
[2020-05-16T09:56:32.678+0000][15960][safepoint    ] Safepoint "Cleanup", Time since last: 1000836637 ns, Reaching safepoint: 132638 ns, At safepoint: 4637 ns, Total: 137275 ns
[2020-05-16T09:56:33.679+0000][15960][safepoint    ] Safepoint "Cleanup", Time since last: 1000780522 ns, Reaching safepoint: 164637 ns, At safepoint: 6493 ns, Total: 171130 ns
[2020-05-16T09:56:34.680+0000][15960][safepoint    ] Safepoint "Cleanup", Time since last: 1000758261 ns, Reaching safepoint: 143768 ns, At safepoint: 5101 ns, Total: 148869 ns
[2020-05-16T09:56:36.680+0000][15960][safepoint    ] Safepoint "Cleanup", Time since last: 2000032464 ns, Reaching safepoint: 294956 ns, At safepoint: 6493 ns, Total: 301449 ns
[2020-05-16T09:56:38.681+0000][15960][safepoint    ] Safepoint "Cleanup", Time since last: 2000742029 ns, Reaching safepoint: 142376 ns, At safepoint: 38957 ns, Total: 181333 ns
[2020-05-16T09:56:39.682+0000][15960][safepoint    ] Safepoint "Cleanup", Time since last: 1000741101 ns, Reaching safepoint: 102493 ns, At safepoint: 3246 ns, Total: 105739 ns
[2020-05-16T09:56:40.682+0000][15960][safepoint    ] Safepoint "Cleanup", Time since last: 1000482783 ns, Reaching safepoint: 94144 ns, At safepoint: 4174 ns, Total: 98318 ns
[2020-05-16T09:56:41.683+0000][15960][safepoint    ] Safepoint "Cleanup", Time since last: 1000519420 ns, Reaching safepoint: 108522 ns, At safepoint: 5102 ns, Total: 113624 ns
[2020-05-16T09:56:42.683+0000][15960][safepoint    ] Safepoint "Cleanup", Time since last: 1000188753 ns, Reaching safepoint: 95536 ns, At safepoint: 3247 ns, Total: 98783 ns
[2020-05-16T09:56:43.684+0000][15960][safepoint    ] Safepoint "Cleanup", Time since last: 1000378434 ns, Reaching safepoint: 147942 ns, At safepoint: 6957 ns, Total: 154899 ns
[2020-05-16T09:56:45.684+0000][15960][safepoint    ] Safepoint "Cleanup", Time since last: 2000110376 ns, Reaching safepoint: 162319 ns, At safepoint: 6957 ns, Total: 169276 ns
[2020-05-16T09:56:46.685+0000][15960][safepoint    ] Safepoint "Cleanup", Time since last: 1000804637 ns, Reaching safepoint: 106667 ns, At safepoint: 2782 ns, Total: 109449 ns
[2020-05-16T09:56:48.686+0000][15960][safepoint    ] Safepoint "Cleanup", Time since last: 2000349681 ns, Reaching safepoint: 90899 ns, At safepoint: 5565 ns, Total: 96464 ns
[2020-05-16T09:56:49.686+0000][15960][safepoint    ] Safepoint "Cleanup", Time since last: 1000806029 ns, Reaching safepoint: 139594 ns, At safepoint: 6029 ns, Total: 145623 ns
[2020-05-16T09:56:50.687+0000][15960][safepoint    ] Safepoint "Cleanup", Time since last: 1000191072 ns, Reaching safepoint: 153971 ns, At safepoint: 6957 ns, Total: 160928 ns
[2020-05-16T09:56:52.687+0000][15960][safepoint    ] Safepoint "Cleanup", Time since last: 2000302376 ns, Reaching safepoint: 147015 ns, At safepoint: 9739 ns, Total: 156754 ns
[2020-05-16T09:56:53.688+0000][15960][safepoint    ] Safepoint "Cleanup", Time since last: 1000608463 ns, Reaching safepoint: 98783 ns, At safepoint: 2782 ns, Total: 101565 ns
[2020-05-16T09:56:54.688+0000][15960][safepoint    ] Safepoint "Cleanup", Time since last: 1000286609 ns, Reaching safepoint: 140058 ns, At safepoint: 8812 ns, Total: 148870 ns
[2020-05-16T09:56:55.689+0000][15960][safepoint    ] Safepoint "Cleanup", Time since last: 1000390956 ns, Reaching safepoint: 125217 ns, At safepoint: 7420 ns, Total: 132637 ns
[2020-05-16T09:56:56.690+0000][15960][safepoint    ] Safepoint "Cleanup", Time since last: 1000735073 ns, Reaching safepoint: 147478 ns, At safepoint: 6493 ns, Total: 153971 ns
[2020-05-16T09:56:57.690+0000][15960][safepoint    ] Safepoint "Cleanup", Time since last: 1000073275 ns, Reaching safepoint: 86261 ns, At safepoint: 4174 ns, Total: 90435 ns
[2020-05-16T09:56:58.690+0000][15960][safepoint    ] Safepoint "Cleanup", Time since last: 1000185043 ns, Reaching safepoint: 109913 ns, At safepoint: 7420 ns, Total: 117333 ns
[2020-05-16T09:56:59.690+0000][15960][safepoint    ] Safepoint "Cleanup", Time since last: 1000030145 ns, Reaching safepoint: 143304 ns, At safepoint: 3247 ns, Total: 146551 ns
[2020-05-16T09:57:00.691+0000][15960][safepoint    ] Safepoint "Cleanup", Time since last: 1000707710 ns, Reaching safepoint: 147478 ns, At safepoint: 8811 ns, Total: 156289 ns
[2020-05-16T09:57:01.692+0000][15960][safepoint    ] Safepoint "Cleanup", Time since last: 1000101102 ns, Reaching safepoint: 120580 ns, At safepoint: 3710 ns, Total: 124290 ns
[2020-05-16T09:57:02.692+0000][15960][safepoint    ] Safepoint "Cleanup", Time since last: 1000628869 ns, Reaching safepoint: 276869 ns, At safepoint: 4174 ns, Total: 281043 ns
[2020-05-16T09:57:03.696+0000][15960][safepoint    ] Safepoint "Cleanup", Time since last: 1000267131 ns, Reaching safepoint: 3097042 ns, At safepoint: 14840 ns, Total: 3111882 ns
[2020-05-16T09:57:04.697+0000][15960][safepoint    ] Safepoint "Cleanup", Time since last: 1000663188 ns, Reaching safepoint: 120116 ns, At safepoint: 5102 ns, Total: 125218 ns
[2020-05-16T09:57:06.697+0000][15960][safepoint    ] Safepoint "Cleanup", Time since last: 2000672927 ns, Reaching safepoint: 163246 ns, At safepoint: 11131 ns, Total: 174377 ns
[2020-05-16T09:57:08.698+0000][15960][safepoint    ] Safepoint "Cleanup", Time since last: 1999961043 ns, Reaching safepoint: 94609 ns, At safepoint: 2782 ns, Total: 97391 ns
[2020-05-16T09:57:09.698+0000][15960][safepoint    ] Safepoint "Cleanup", Time since last: 1000387247 ns, Reaching safepoint: 141449 ns, At safepoint: 5101 ns, Total: 146550 ns
[2020-05-16T09:57:10.698+0000][15960][safepoint    ] Safepoint "Cleanup", Time since last: 1000103420 ns, Reaching safepoint: 210551 ns, At safepoint: 4174 ns, Total: 214725 ns
[2020-05-16T09:57:11.699+0000][15960][safepoint    ] Safepoint "Cleanup", Time since last: 1000159072 ns, Reaching safepoint: 156290 ns, At safepoint: 5102 ns, Total: 161392 ns
[2020-05-16T09:57:12.699+0000][15960][safepoint    ] Safepoint "Cleanup", Time since last: 1000453565 ns, Reaching safepoint: 90434 ns, At safepoint: 4638 ns, Total: 95072 ns
[2020-05-16T09:57:14.700+0000][15960][safepoint    ] Safepoint "Cleanup", Time since last: 2000908985 ns, Reaching safepoint: 122435 ns, At safepoint: 4638 ns, Total: 127073 ns
[2020-05-16T09:57:15.701+0000][15960][safepoint    ] Safepoint "Cleanup", Time since last: 1000220753 ns, Reaching safepoint: 121971 ns, At safepoint: 5101 ns, Total: 127072 ns
[2020-05-16T09:57:16.701+0000][15960][safepoint    ] Safepoint "Cleanup", Time since last: 1000284290 ns, Reaching safepoint: 110841 ns, At safepoint: 6029 ns, Total: 116870 ns
[2020-05-16T09:57:17.701+0000][15960][safepoint    ] Safepoint "Cleanup", Time since last: 1000180405 ns, Reaching safepoint: 102957 ns, At safepoint: 3246 ns, Total: 106203 ns
[2020-05-16T09:57:18.702+0000][15960][safepoint    ] Safepoint "Cleanup", Time since last: 1000736927 ns, Reaching safepoint: 165102 ns, At safepoint: 6493 ns, Total: 171595 ns
[2020-05-16T09:57:19.703+0000][15960][safepoint    ] Safepoint "Cleanup", Time since last: 1000453101 ns, Reaching safepoint: 94608 ns, At safepoint: 4638 ns, Total: 99246 ns
[2020-05-16T09:57:20.716+0000][15960][safepoint    ] Safepoint "Cleanup", Time since last: 1013249849 ns, Reaching safepoint: 117333 ns, At safepoint: 3247 ns, Total: 120580 ns
[2020-05-16T09:57:22.717+0000][15960][safepoint    ] Safepoint "Cleanup", Time since last: 2000468405 ns, Reaching safepoint: 107594 ns, At safepoint: 5566 ns, Total: 113160 ns
[2020-05-16T09:57:23.717+0000][15960][safepoint    ] Safepoint "Cleanup", Time since last: 1000539362 ns, Reaching safepoint: 103884 ns, At safepoint: 3246 ns, Total: 107130 ns
[2020-05-16T09:57:25.718+0000][15960][safepoint    ] Safepoint "Cleanup", Time since last: 2000461449 ns, Reaching safepoint: 105275 ns, At safepoint: 3247 ns, Total: 108522 ns
[2020-05-16T09:57:26.719+0000][15960][safepoint    ] Safepoint "Cleanup", Time since last: 1000665507 ns, Reaching safepoint: 158608 ns, At safepoint: 3711 ns, Total: 162319 ns
[2020-05-16T09:57:27.720+0000][15960][safepoint    ] Safepoint "Cleanup", Time since last: 1000746202 ns, Reaching safepoint: 104348 ns, At safepoint: 3246 ns, Total: 107594 ns
[2020-05-16T09:57:28.721+0000][15960][safepoint    ] Safepoint "Cleanup", Time since last: 1000800927 ns, Reaching safepoint: 93682 ns, At safepoint: 3246 ns, Total: 96928 ns
[2020-05-16T09:57:29.768+0000][15960][safepoint    ] Safepoint "Cleanup", Time since last: 1000756869 ns, Reaching safepoint: 46349428 ns, At safepoint: 57507 ns, Total: 46406935 ns
[2020-05-16T09:57:31.425+0000][15960][safepoint    ] Safepoint "Cleanup", Time since last: 1657394246 ns, Reaching safepoint: 269449 ns, At safepoint: 12522 ns, Total: 281971 ns
[2020-05-16T09:57:32.426+0000][15960][safepoint    ] Safepoint "Cleanup", Time since last: 1000380753 ns, Reaching safepoint: 252290 ns, At safepoint: 4638 ns, Total: 256928 ns
[2020-05-16T09:57:33.426+0000][15960][safepoint    ] Safepoint "Cleanup", Time since last: 1000413681 ns, Reaching safepoint: 391884 ns, At safepoint: 16231 ns, Total: 408115 ns
[2020-05-16T09:57:34.427+0000][15960][safepoint    ] Safepoint "Cleanup", Time since last: 1000131711 ns, Reaching safepoint: 298202 ns, At safepoint: 7421 ns, Total: 305623 ns
[2020-05-16T09:57:35.428+0000][15960][safepoint    ] Safepoint "Cleanup", Time since last: 1000151188 ns, Reaching safepoint: 122435 ns, At safepoint: 4637 ns, Total: 127072 ns
[2020-05-16T09:57:36.428+0000][15960][safepoint    ] Safepoint "Cleanup", Time since last: 1000245797 ns, Reaching safepoint: 133565 ns, At safepoint: 5102 ns, Total: 138667 ns
[2020-05-16T09:57:37.428+0000][15960][safepoint    ] Safepoint "Cleanup", Time since last: 1000141913 ns, Reaching safepoint: 136811 ns, At safepoint: 7421 ns, Total: 144232 ns
[2020-05-16T09:57:38.429+0000][15960][safepoint    ] Safepoint "Cleanup", Time since last: 1000550028 ns, Reaching safepoint: 232348 ns, At safepoint: 9276 ns, Total: 241624 ns
[2020-05-16T09:57:40.430+0000][15960][safepoint    ] Safepoint "Cleanup", Time since last: 2000581101 ns, Reaching safepoint: 89043 ns, At safepoint: 2783 ns, Total: 91826 ns
[2020-05-16T09:57:41.430+0000][15960][safepoint    ] Safepoint "Cleanup", Time since last: 1000258782 ns, Reaching safepoint: 105739 ns, At safepoint: 3247 ns, Total: 108986 ns
[2020-05-16T09:57:42.431+0000][15960][safepoint    ] Safepoint "Cleanup", Time since last: 1000342724 ns, Reaching safepoint: 108058 ns, At safepoint: 3246 ns, Total: 111304 ns
[2020-05-16T09:57:43.431+0000][15960][safepoint    ] Safepoint "Cleanup", Time since last: 1000065856 ns, Reaching safepoint: 109449 ns, At safepoint: 5101 ns, Total: 114550 ns
[2020-05-16T09:57:44.431+0000][15960][safepoint    ] Safepoint "Cleanup", Time since last: 1000679884 ns, Reaching safepoint: 96927 ns, At safepoint: 3247 ns, Total: 100174 ns
[2020-05-16T09:57:45.432+0000][15960][safepoint    ] Safepoint "Cleanup", Time since last: 1000223072 ns, Reaching safepoint: 102493 ns, At safepoint: 5101 ns, Total: 107594 ns
[2020-05-16T09:57:46.432+0000][15960][safepoint    ] Safepoint "Cleanup", Time since last: 1000544464 ns, Reaching safepoint: 108522 ns, At safepoint: 3246 ns, Total: 111768 ns
[2020-05-16T09:57:47.433+0000][15960][safepoint    ] Safepoint "Cleanup", Time since last: 1000860753 ns, Reaching safepoint: 122435 ns, At safepoint: 3246 ns, Total: 125681 ns
[2020-05-16T09:57:49.434+0000][15960][safepoint    ] Safepoint "Cleanup", Time since last: 2000142377 ns, Reaching safepoint: 179942 ns, At safepoint: 6029 ns, Total: 185971 ns
[2020-05-16T09:57:50.434+0000][15960][safepoint    ] Safepoint "Cleanup", Time since last: 1000289855 ns, Reaching safepoint: 105739 ns, At safepoint: 3246 ns, Total: 108985 ns
[2020-05-16T09:57:51.435+0000][15960][safepoint    ] Safepoint "Cleanup", Time since last: 1000732290 ns, Reaching safepoint: 82550 ns, At safepoint: 3711 ns, Total: 86261 ns
[2020-05-16T09:57:52.436+0000][15960][safepoint    ] Safepoint "Cleanup", Time since last: 1000987825 ns, Reaching safepoint: 105276 ns, At safepoint: 2782 ns, Total: 108058 ns
[2020-05-16T09:57:53.437+0000][15960][safepoint    ] Safepoint "Cleanup", Time since last: 1000839884 ns, Reaching safepoint: 137739 ns, At safepoint: 3246 ns, Total: 140985 ns
[2020-05-16T09:57:54.438+0000][15960][safepoint    ] Safepoint "Cleanup", Time since last: 1000646493 ns, Reaching safepoint: 101565 ns, At safepoint: 4638 ns, Total: 106203 ns
[2020-05-16T09:57:55.438+0000][15960][safepoint    ] Safepoint "Cleanup", Time since last: 1000470724 ns, Reaching safepoint: 99246 ns, At safepoint: 4638 ns, Total: 103884 ns
[2020-05-16T09:57:57.438+0000][15960][safepoint    ] Safepoint "Cleanup", Time since last: 1999974029 ns, Reaching safepoint: 107130 ns, At safepoint: 5102 ns, Total: 112232 ns
[2020-05-16T09:57:58.439+0000][15960][safepoint    ] Safepoint "Cleanup", Time since last: 1000084406 ns, Reaching safepoint: 128000 ns, At safepoint: 3246 ns, Total: 131246 ns
[2020-05-16T09:57:59.439+0000][15960][safepoint    ] Safepoint "Cleanup", Time since last: 1000633043 ns, Reaching safepoint: 102957 ns, At safepoint: 4637 ns, Total: 107594 ns
[2020-05-16T09:58:01.440+0000][15960][safepoint    ] Safepoint "Cleanup", Time since last: 2000532406 ns, Reaching safepoint: 94145 ns, At safepoint: 4174 ns, Total: 98319 ns
[2020-05-16T09:58:03.440+0000][15960][safepoint    ] Safepoint "Cleanup", Time since last: 2000076058 ns, Reaching safepoint: 104347 ns, At safepoint: 3247 ns, Total: 107594 ns
[2020-05-16T09:58:04.440+0000][15960][safepoint    ] Safepoint "Cleanup", Time since last: 1000026434 ns, Reaching safepoint: 105276 ns, At safepoint: 5101 ns, Total: 110377 ns
[2020-05-16T09:58:05.441+0000][15960][safepoint    ] Safepoint "Cleanup", Time since last: 1000260638 ns, Reaching safepoint: 224463 ns, At safepoint: 4174 ns, Total: 228637 ns
[2020-05-16T09:58:07.441+0000][15960][safepoint    ] Safepoint "Cleanup", Time since last: 2000400232 ns, Reaching safepoint: 348754 ns, At safepoint: 17623 ns, Total: 366377 ns
[2020-05-16T09:58:08.442+0000][15960][safepoint    ] Safepoint "Cleanup", Time since last: 1000275478 ns, Reaching safepoint: 312579 ns, At safepoint: 5102 ns, Total: 317681 ns
[2020-05-16T09:58:09.443+0000][15960][safepoint    ] Safepoint "Cleanup", Time since last: 1000299130 ns, Reaching safepoint: 379362 ns, At safepoint: 9276 ns, Total: 388638 ns
[2020-05-16T09:58:10.444+0000][15960][safepoint    ] Safepoint "Cleanup", Time since last: 1000533796 ns, Reaching safepoint: 278261 ns, At safepoint: 10667 ns, Total: 288928 ns
[2020-05-16T09:58:11.444+0000][15960][safepoint    ] Safepoint "Cleanup", Time since last: 1000487884 ns, Reaching safepoint: 141913 ns, At safepoint: 6492 ns, Total: 148405 ns
[2020-05-16T09:58:12.445+0000][15960][safepoint    ] Safepoint "Cleanup", Time since last: 1000735536 ns, Reaching safepoint: 243942 ns, At safepoint: 6493 ns, Total: 250435 ns
[2020-05-16T09:58:13.446+0000][15960][safepoint    ] Safepoint "Cleanup", Time since last: 1000234667 ns, Reaching safepoint: 171594 ns, At safepoint: 5101 ns, Total: 176695 ns
[2020-05-16T09:58:14.839+0000][15960][safepoint    ] Safepoint "Cleanup", Time since last: 1394144745 ns, Reaching safepoint: 97391 ns, At safepoint: 5565 ns, Total: 102956 ns
[2020-05-16T09:58:15.840+0000][15960][safepoint    ] Safepoint "Cleanup", Time since last: 1000258783 ns, Reaching safepoint: 155826 ns, At safepoint: 5101 ns, Total: 160927 ns
[2020-05-16T09:58:17.843+0000][15960][safepoint    ] Safepoint "Cleanup", Time since last: 1999991652 ns, Reaching safepoint: 2178318 ns, At safepoint: 50551 ns, Total: 2228869 ns
[2020-05-16T09:58:18.843+0000][15960][safepoint    ] Safepoint "Cleanup", Time since last: 1000551884 ns, Reaching safepoint: 325101 ns, At safepoint: 10203 ns, Total: 335304 ns
[2020-05-16T09:58:19.844+0000][15960][safepoint    ] Safepoint "Cleanup", Time since last: 1000295884 ns, Reaching safepoint: 134029 ns, At safepoint: 5565 ns, Total: 139594 ns
[2020-05-16T09:58:21.845+0000][15960][safepoint    ] Safepoint "Cleanup", Time since last: 2000756406 ns, Reaching safepoint: 186898 ns, At safepoint: 5565 ns, Total: 192463 ns
[2020-05-16T09:58:22.846+0000][15960][safepoint    ] Safepoint "Cleanup", Time since last: 1000534261 ns, Reaching safepoint: 115014 ns, At safepoint: 3247 ns, Total: 118261 ns
[2020-05-16T09:58:23.847+0000][15960][safepoint    ] Safepoint "Cleanup", Time since last: 1000881159 ns, Reaching safepoint: 111304 ns, At safepoint: 3246 ns, Total: 114550 ns
[2020-05-16T09:58:24.847+0000][15960][safepoint    ] Safepoint "Cleanup", Time since last: 1000749449 ns, Reaching safepoint: 114087 ns, At safepoint: 5102 ns, Total: 119189 ns
[2020-05-16T09:58:26.848+0000][15960][safepoint    ] Safepoint "Cleanup", Time since last: 2000832463 ns, Reaching safepoint: 98783 ns, At safepoint: 4637 ns, Total: 103420 ns
[2020-05-16T09:58:28.849+0000][15960][safepoint    ] Safepoint "Cleanup", Time since last: 2000429449 ns, Reaching safepoint: 113623 ns, At safepoint: 5102 ns, Total: 118725 ns
[2020-05-16T09:58:30.849+0000][15960][safepoint    ] Safepoint "Cleanup", Time since last: 2000449391 ns, Reaching safepoint: 131246 ns, At safepoint: 6029 ns, Total: 137275 ns
[2020-05-16T09:58:31.850+0000][15960][safepoint    ] Safepoint "Cleanup", Time since last: 1000634899 ns, Reaching safepoint: 102492 ns, At safepoint: 3247 ns, Total: 105739 ns
[2020-05-16T09:58:33.851+0000][15960][safepoint    ] Safepoint "Cleanup", Time since last: 2000397912 ns, Reaching safepoint: 104348 ns, At safepoint: 5102 ns, Total: 109450 ns
[2020-05-16T09:58:34.851+0000][15960][safepoint    ] Safepoint "Cleanup", Time since last: 1000561623 ns, Reaching safepoint: 102029 ns, At safepoint: 2782 ns, Total: 104811 ns
[2020-05-16T09:58:35.852+0000][15960][safepoint    ] Safepoint "Cleanup", Time since last: 1000820406 ns, Reaching safepoint: 85333 ns, At safepoint: 3246 ns, Total: 88579 ns
[2020-05-16T09:58:36.853+0000][15960][safepoint    ] Safepoint "Cleanup", Time since last: 1000825043 ns, Reaching safepoint: 147479 ns, At safepoint: 8347 ns, Total: 155826 ns
[2020-05-16T09:58:37.854+0000][15960][safepoint    ] Safepoint "Cleanup", Time since last: 1000365913 ns, Reaching safepoint: 106203 ns, At safepoint: 3246 ns, Total: 109449 ns
[2020-05-16T09:58:39.153+0000][15960][safepoint    ] Safepoint "Cleanup", Time since last: 1000774029 ns, Reaching safepoint: 298426296 ns, At safepoint: 135421 ns, Total: 298561717 ns
[2020-05-16T09:58:40.528+0000][15960][safepoint    ] Safepoint "Cleanup", Time since last: 1374328406 ns, Reaching safepoint: 96464 ns, At safepoint: 5101 ns, Total: 101565 ns
[2020-05-16T09:58:41.528+0000][15960][safepoint    ] Safepoint "Cleanup", Time since last: 1000435014 ns, Reaching safepoint: 283362 ns, At safepoint: 7421 ns, Total: 290783 ns
[2020-05-16T09:58:43.528+0000][15960][safepoint    ] Safepoint "Cleanup", Time since last: 2000088579 ns, Reaching safepoint: 156290 ns, At safepoint: 6957 ns, Total: 163247 ns
[2020-05-16T09:58:44.529+0000][15960][safepoint    ] Safepoint "Cleanup", Time since last: 1000216579 ns, Reaching safepoint: 180406 ns, At safepoint: 3246 ns, Total: 183652 ns
[2020-05-16T09:58:45.530+0000][15960][safepoint    ] Safepoint "Cleanup", Time since last: 1000459594 ns, Reaching safepoint: 153044 ns, At safepoint: 16695 ns, Total: 169739 ns
[2020-05-16T09:58:46.530+0000][15960][safepoint    ] Safepoint "Cleanup", Time since last: 1000337160 ns, Reaching safepoint: 107130 ns, At safepoint: 3246 ns, Total: 110376 ns
[2020-05-16T09:58:47.531+0000][15960][safepoint    ] Safepoint "Cleanup", Time since last: 1000547247 ns, Reaching safepoint: 118260 ns, At safepoint: 3711 ns, Total: 121971 ns
[2020-05-16T09:58:48.531+0000][15960][safepoint    ] Safepoint "Cleanup", Time since last: 1000678028 ns, Reaching safepoint: 95073 ns, At safepoint: 5101 ns, Total: 100174 ns
[2020-05-16T09:58:50.532+0000][15960][safepoint    ] Safepoint "Cleanup", Time since last: 2000832463 ns, Reaching safepoint: 121044 ns, At safepoint: 3246 ns, Total: 124290 ns
[2020-05-16T09:58:51.533+0000][15960][safepoint    ] Safepoint "Cleanup", Time since last: 1000294493 ns, Reaching safepoint: 106203 ns, At safepoint: 5101 ns, Total: 111304 ns
[2020-05-16T09:58:52.534+0000][15960][safepoint    ] Safepoint "Cleanup", Time since last: 1000701217 ns, Reaching safepoint: 104812 ns, At safepoint: 2782 ns, Total: 107594 ns
[2020-05-16T09:58:53.534+0000][15960][safepoint    ] Safepoint "Cleanup", Time since last: 1000386319 ns, Reaching safepoint: 111768 ns, At safepoint: 5102 ns, Total: 116870 ns
[2020-05-16T09:58:55.534+0000][15960][safepoint    ] Safepoint "Cleanup", Time since last: 2000150724 ns, Reaching safepoint: 95536 ns, At safepoint: 3710 ns, Total: 99246 ns
[2020-05-16T09:58:56.535+0000][15960][safepoint    ] Safepoint "Cleanup", Time since last: 1000244870 ns, Reaching safepoint: 100174 ns, At safepoint: 3246 ns, Total: 103420 ns
[2020-05-16T09:58:57.535+0000][15960][safepoint    ] Safepoint "Cleanup", Time since last: 1000136348 ns, Reaching safepoint: 93217 ns, At safepoint: 3710 ns, Total: 96927 ns
[2020-05-16T09:58:58.535+0000][15960][safepoint    ] Safepoint "Cleanup", Time since last: 1000140058 ns, Reaching safepoint: 83015 ns, At safepoint: 3246 ns, Total: 86261 ns
[2020-05-16T09:58:59.536+0000][15960][safepoint    ] Safepoint "Cleanup", Time since last: 1000279188 ns, Reaching safepoint: 102957 ns, At safepoint: 2783 ns, Total: 105740 ns
[2020-05-16T09:59:00.536+0000][15960][safepoint    ] Safepoint "Cleanup", Time since last: 1000126144 ns, Reaching safepoint: 101102 ns, At safepoint: 3246 ns, Total: 104348 ns
[2020-05-16T09:59:01.536+0000][15960][safepoint    ] Safepoint "Cleanup", Time since last: 1000449855 ns, Reaching safepoint: 94145 ns, At safepoint: 4174 ns, Total: 98319 ns
[2020-05-16T09:59:02.537+0000][15960][safepoint    ] Safepoint "Cleanup", Time since last: 1000788869 ns, Reaching safepoint: 85797 ns, At safepoint: 3246 ns, Total: 89043 ns
[2020-05-16T09:59:04.537+0000][15960][safepoint    ] Safepoint "Cleanup", Time since last: 2000019015 ns, Reaching safepoint: 107594 ns, At safepoint: 3246 ns, Total: 110840 ns
[2020-05-16T09:59:05.538+0000][15960][safepoint    ] Safepoint "Cleanup", Time since last: 1000650203 ns, Reaching safepoint: 107130 ns, At safepoint: 3247 ns, Total: 110377 ns
[2020-05-16T09:59:06.539+0000][15960][safepoint    ] Safepoint "Cleanup", Time since last: 1000691942 ns, Reaching safepoint: 108057 ns, At safepoint: 3247 ns, Total: 111304 ns
[2020-05-16T09:59:07.540+0000][15960][safepoint    ] Safepoint "Cleanup", Time since last: 1000663188 ns, Reaching safepoint: 106203 ns, At safepoint: 3246 ns, Total: 109449 ns
[2020-05-16T09:59:09.540+0000][15960][safepoint    ] Safepoint "Cleanup", Time since last: 2000408580 ns, Reaching safepoint: 99710 ns, At safepoint: 3246 ns, Total: 102956 ns
[2020-05-16T09:59:11.541+0000][15960][safepoint    ] Safepoint "Cleanup", Time since last: 2000180870 ns, Reaching safepoint: 198029 ns, At safepoint: 5565 ns, Total: 203594 ns
[2020-05-16T09:59:12.541+0000][15960][safepoint    ] Safepoint "Cleanup", Time since last: 1000632115 ns, Reaching safepoint: 264812 ns, At safepoint: 23188 ns, Total: 288000 ns
[2020-05-16T09:59:13.542+0000][15960][safepoint    ] Safepoint "Cleanup", Time since last: 1000858435 ns, Reaching safepoint: 293101 ns, At safepoint: 15304 ns, Total: 308405 ns
[2020-05-16T09:59:14.544+0000][15960][safepoint    ] Safepoint "Cleanup", Time since last: 1000725797 ns, Reaching safepoint: 375188 ns, At safepoint: 9276 ns, Total: 384464 ns
[2020-05-16T09:59:16.544+0000][15960][safepoint    ] Safepoint "Cleanup", Time since last: 2000349681 ns, Reaching safepoint: 164637 ns, At safepoint: 6957 ns, Total: 171594 ns
[2020-05-16T09:59:17.545+0000][15960][safepoint    ] Safepoint "Cleanup", Time since last: 1000401159 ns, Reaching safepoint: 198956 ns, At safepoint: 5102 ns, Total: 204058 ns
[2020-05-16T09:59:18.546+0000][15960][safepoint    ] Safepoint "Cleanup", Time since last: 1000513855 ns, Reaching safepoint: 664579 ns, At safepoint: 51015 ns, Total: 715594 ns
[2020-05-16T09:59:19.664+0000][15960][safepoint    ] Safepoint "Cleanup", Time since last: 1117509974 ns, Reaching safepoint: 131246 ns, At safepoint: 5566 ns, Total: 136812 ns
[2020-05-16T09:59:20.664+0000][15960][safepoint    ] Safepoint "Cleanup", Time since last: 1000020405 ns, Reaching safepoint: 96000 ns, At safepoint: 3247 ns, Total: 99247 ns
[2020-05-16T09:59:21.665+0000][15960][safepoint    ] Safepoint "Cleanup", Time since last: 1000613565 ns, Reaching safepoint: 131710 ns, At safepoint: 3246 ns, Total: 134956 ns
[2020-05-16T09:59:22.665+0000][15960][safepoint    ] Safepoint "Cleanup", Time since last: 1000374725 ns, Reaching safepoint: 89507 ns, At safepoint: 3710 ns, Total: 93217 ns
[2020-05-16T09:59:23.666+0000][15960][safepoint    ] Safepoint "Cleanup", Time since last: 1000335304 ns, Reaching safepoint: 121971 ns, At safepoint: 3246 ns, Total: 125217 ns
[2020-05-16T09:59:24.666+0000][15960][safepoint    ] Safepoint "Cleanup", Time since last: 1000008348 ns, Reaching safepoint: 105739 ns, At safepoint: 3247 ns, Total: 108986 ns
[2020-05-16T09:59:25.666+0000][15960][safepoint    ] Safepoint "Cleanup", Time since last: 1000198956 ns, Reaching safepoint: 105739 ns, At safepoint: 3247 ns, Total: 108986 ns
[2020-05-16T09:59:26.666+0000][15960][safepoint    ] Safepoint "Cleanup", Time since last: 1000206840 ns, Reaching safepoint: 89044 ns, At safepoint: 3710 ns, Total: 92754 ns
[2020-05-16T09:59:27.667+0000][15960][safepoint    ] Safepoint "Cleanup", Time since last: 1000712811 ns, Reaching safepoint: 131710 ns, At safepoint: 4638 ns, Total: 136348 ns
[2020-05-16T09:59:28.668+0000][15960][safepoint    ] Safepoint "Cleanup", Time since last: 1000200811 ns, Reaching safepoint: 104812 ns, At safepoint: 2782 ns, Total: 107594 ns
[2020-05-16T09:59:29.668+0000][15960][safepoint    ] Safepoint "Cleanup", Time since last: 1000692406 ns, Reaching safepoint: 85797 ns, At safepoint: 2783 ns, Total: 88580 ns
[2020-05-16T09:59:30.669+0000][15960][safepoint    ] Safepoint "Cleanup", Time since last: 1000536579 ns, Reaching safepoint: 103420 ns, At safepoint: 3247 ns, Total: 106667 ns
[2020-05-16T09:59:31.669+0000][15960][safepoint    ] Safepoint "Cleanup", Time since last: 1000045449 ns, Reaching safepoint: 112232 ns, At safepoint: 4637 ns, Total: 116869 ns
[2020-05-16T09:59:32.669+0000][15960][safepoint    ] Safepoint "Cleanup", Time since last: 1000117334 ns, Reaching safepoint: 108985 ns, At safepoint: 5102 ns, Total: 114087 ns
[2020-05-16T09:59:34.670+0000][15960][safepoint    ] Safepoint "Cleanup", Time since last: 2000799535 ns, Reaching safepoint: 118725 ns, At safepoint: 5101 ns, Total: 123826 ns
[2020-05-16T09:59:35.670+0000][15960][safepoint    ] Safepoint "Cleanup", Time since last: 1000041740 ns, Reaching safepoint: 97391 ns, At safepoint: 3246 ns, Total: 100637 ns
[2020-05-16T09:59:36.671+0000][15960][safepoint    ] Safepoint "Cleanup", Time since last: 1000621449 ns, Reaching safepoint: 106203 ns, At safepoint: 3246 ns, Total: 109449 ns
[2020-05-16T09:59:37.860+0000][15960][safepoint    ] Safepoint "Cleanup", Time since last: 1000304232 ns, Reaching safepoint: 188016145 ns, At safepoint: 1077796 ns, Total: 189093941 ns
[2020-05-16T09:59:39.923+0000][15960][safepoint    ] Safepoint "Cleanup", Time since last: 2000883942 ns, Reaching safepoint: 61842058 ns, At safepoint: 53797 ns, Total: 61895855 ns
[2020-05-16T09:59:40.996+0000][15960][safepoint    ] Safepoint "Cleanup", Time since last: 1000795826 ns, Reaching safepoint: 72319503 ns, At safepoint: 52869 ns, Total: 72372372 ns
[2020-05-16T09:59:41.997+0000][15960][safepoint    ] Safepoint "Cleanup", Time since last: 1000461913 ns, Reaching safepoint: 115478 ns, At safepoint: 3247 ns, Total: 118725 ns
[2020-05-16T09:59:43.998+0000][15960][safepoint    ] Safepoint "Cleanup", Time since last: 2000782376 ns, Reaching safepoint: 149797 ns, At safepoint: 3247 ns, Total: 153044 ns
[2020-05-16T09:59:44.999+0000][15960][safepoint    ] Safepoint "Cleanup", Time since last: 1000703999 ns, Reaching safepoint: 127536 ns, At safepoint: 5102 ns, Total: 132638 ns
[2020-05-16T09:59:45.999+0000][15960][safepoint    ] Safepoint "Cleanup", Time since last: 1000536116 ns, Reaching safepoint: 109449 ns, At safepoint: 3246 ns, Total: 112695 ns
[2020-05-16T09:59:47.000+0000][15960][safepoint    ] Safepoint "Cleanup", Time since last: 1000537043 ns, Reaching safepoint: 103884 ns, At safepoint: 3247 ns, Total: 107131 ns
[2020-05-16T09:59:48.000+0000][15960][safepoint    ] Safepoint "Cleanup", Time since last: 1000210550 ns, Reaching safepoint: 166957 ns, At safepoint: 6029 ns, Total: 172986 ns
[2020-05-16T09:59:49.001+0000][15960][safepoint    ] Safepoint "Cleanup", Time since last: 1000540289 ns, Reaching safepoint: 109450 ns, At safepoint: 2782 ns, Total: 112232 ns
[2020-05-16T09:59:50.002+0000][15960][safepoint    ] Safepoint "Cleanup", Time since last: 1000751768 ns, Reaching safepoint: 103420 ns, At safepoint: 3247 ns, Total: 106667 ns
[2020-05-16T09:59:51.003+0000][15960][safepoint    ] Safepoint "Cleanup", Time since last: 1000696579 ns, Reaching safepoint: 97855 ns, At safepoint: 3246 ns, Total: 101101 ns
[2020-05-16T09:59:52.004+0000][15960][safepoint    ] Safepoint "Cleanup", Time since last: 1000813449 ns, Reaching safepoint: 127537 ns, At safepoint: 3246 ns, Total: 130783 ns
[2020-05-16T09:59:53.004+0000][15960][safepoint    ] Safepoint "Cleanup", Time since last: 1000531014 ns, Reaching safepoint: 93681 ns, At safepoint: 3247 ns, Total: 96928 ns
[2020-05-16T09:59:54.005+0000][15960][safepoint    ] Safepoint "Cleanup", Time since last: 1000770318 ns, Reaching safepoint: 109913 ns, At safepoint: 3246 ns, Total: 113159 ns
[2020-05-16T09:59:56.006+0000][15960][safepoint    ] Safepoint "Cleanup", Time since last: 2000907131 ns, Reaching safepoint: 139594 ns, At safepoint: 2782 ns, Total: 142376 ns
[2020-05-16T09:59:57.007+0000][15960][safepoint    ] Safepoint "Cleanup", Time since last: 1000487884 ns, Reaching safepoint: 100174 ns, At safepoint: 3246 ns, Total: 103420 ns
[2020-05-16T09:59:58.008+0000][15960][safepoint    ] Safepoint "Cleanup", Time since last: 1000790261 ns, Reaching safepoint: 189217 ns, At safepoint: 9739 ns, Total: 198956 ns
[2020-05-16T10:00:00.009+0000][15960][safepoint    ] Safepoint "Cleanup", Time since last: 2000538435 ns, Reaching safepoint: 393275 ns, At safepoint: 25507 ns, Total: 418782 ns
[2020-05-16T10:00:01.009+0000][15960][safepoint    ] Safepoint "Cleanup", Time since last: 1000447072 ns, Reaching safepoint: 427594 ns, At safepoint: 4638 ns, Total: 432232 ns
[2020-05-16T10:00:02.011+0000][15960][safepoint    ] Safepoint "Cleanup", Time since last: 1000780522 ns, Reaching safepoint: 138202 ns, At safepoint: 7884 ns, Total: 146086 ns
[2020-05-16T10:00:03.012+0000][15960][safepoint    ] Safepoint "Cleanup", Time since last: 1000888116 ns, Reaching safepoint: 179942 ns, At safepoint: 5565 ns, Total: 185507 ns
[2020-05-16T10:00:04.021+0000][15960][safepoint    ] Safepoint "Cleanup", Time since last: 1008907126 ns, Reaching safepoint: 101566 ns, At safepoint: 5101 ns, Total: 106667 ns
[2020-05-16T10:00:05.021+0000][15960][safepoint    ] Safepoint "Cleanup", Time since last: 1000308406 ns, Reaching safepoint: 97391 ns, At safepoint: 3246 ns, Total: 100637 ns
[2020-05-16T10:00:06.022+0000][15960][safepoint    ] Safepoint "Cleanup", Time since last: 1000243942 ns, Reaching safepoint: 132174 ns, At safepoint: 8348 ns, Total: 140522 ns
[2020-05-16T10:00:07.022+0000][15960][safepoint    ] Safepoint "Cleanup", Time since last: 1000788869 ns, Reaching safepoint: 96000 ns, At safepoint: 3710 ns, Total: 99710 ns
[2020-05-16T10:00:08.023+0000][15960][safepoint    ] Safepoint "Cleanup", Time since last: 1000147015 ns, Reaching safepoint: 105275 ns, At safepoint: 3246 ns, Total: 108521 ns
[2020-05-16T10:00:09.023+0000][15960][safepoint    ] Safepoint "Cleanup", Time since last: 1000655304 ns, Reaching safepoint: 107131 ns, At safepoint: 3246 ns, Total: 110377 ns
[2020-05-16T10:00:10.024+0000][15960][safepoint    ] Safepoint "Cleanup", Time since last: 1000313043 ns, Reaching safepoint: 142841 ns, At safepoint: 12058 ns, Total: 154899 ns
[2020-05-16T10:00:11.024+0000][15960][safepoint    ] Safepoint "Cleanup", Time since last: 1000070956 ns, Reaching safepoint: 184116 ns, At safepoint: 5102 ns, Total: 189218 ns
[2020-05-16T10:00:12.025+0000][15960][safepoint    ] Safepoint "Cleanup", Time since last: 1000816231 ns, Reaching safepoint: 262029 ns, At safepoint: 12522 ns, Total: 274551 ns
[2020-05-16T10:00:13.026+0000][15960][safepoint    ] Safepoint "Cleanup", Time since last: 1000702144 ns, Reaching safepoint: 451710 ns, At safepoint: 9276 ns, Total: 460986 ns
[2020-05-16T10:00:14.027+0000][15960][safepoint    ] Safepoint "Cleanup", Time since last: 1000374260 ns, Reaching safepoint: 114551 ns, At safepoint: 5102 ns, Total: 119653 ns
[2020-05-16T10:00:15.027+0000][15960][safepoint    ] Safepoint "Cleanup", Time since last: 1000354318 ns, Reaching safepoint: 109449 ns, At safepoint: 4174 ns, Total: 113623 ns
[2020-05-16T10:00:16.028+0000][15960][safepoint    ] Safepoint "Cleanup", Time since last: 1000648812 ns, Reaching safepoint: 473043 ns, At safepoint: 12058 ns, Total: 485101 ns
[2020-05-16T10:00:18.029+0000][15960][safepoint    ] Safepoint "Cleanup", Time since last: 2000585739 ns, Reaching safepoint: 136811 ns, At safepoint: 3247 ns, Total: 140058 ns
[2020-05-16T10:00:20.030+0000][15960][safepoint    ] Safepoint "Cleanup", Time since last: 2000334840 ns, Reaching safepoint: 187826 ns, At safepoint: 5565 ns, Total: 193391 ns
[2020-05-16T10:00:21.030+0000][15960][safepoint    ] Safepoint "Cleanup", Time since last: 1000052870 ns, Reaching safepoint: 101101 ns, At safepoint: 3247 ns, Total: 104348 ns
[2020-05-16T10:00:22.030+0000][15960][safepoint    ] Safepoint "Cleanup", Time since last: 1000435478 ns, Reaching safepoint: 136347 ns, At safepoint: 3247 ns, Total: 139594 ns
[2020-05-16T10:00:23.031+0000][15960][safepoint    ] Safepoint "Cleanup", Time since last: 1000140985 ns, Reaching safepoint: 106667 ns, At safepoint: 3246 ns, Total: 109913 ns
[2020-05-16T10:00:24.032+0000][15960][safepoint    ] Safepoint "Cleanup", Time since last: 1000761971 ns, Reaching safepoint: 134493 ns, At safepoint: 6492 ns, Total: 140985 ns
[2020-05-16T10:00:26.032+0000][15960][safepoint    ] Safepoint "Cleanup", Time since last: 2000509217 ns, Reaching safepoint: 122435 ns, At safepoint: 3247 ns, Total: 125682 ns
[2020-05-16T10:00:28.033+0000][15960][safepoint    ] Safepoint "Cleanup", Time since last: 2000395130 ns, Reaching safepoint: 105275 ns, At safepoint: 2783 ns, Total: 108058 ns
[2020-05-16T10:00:29.033+0000][15960][safepoint    ] Safepoint "Cleanup", Time since last: 1000396985 ns, Reaching safepoint: 83015 ns, At safepoint: 3246 ns, Total: 86261 ns
[2020-05-16T10:00:30.034+0000][15960][safepoint    ] Safepoint "Cleanup", Time since last: 1000207768 ns, Reaching safepoint: 92754 ns, At safepoint: 3246 ns, Total: 96000 ns
[2020-05-16T10:00:31.034+0000][15960][safepoint    ] Safepoint "Cleanup", Time since last: 1000488347 ns, Reaching safepoint: 102957 ns, At safepoint: 3246 ns, Total: 106203 ns
[2020-05-16T10:00:32.035+0000][15960][safepoint    ] Safepoint "Cleanup", Time since last: 1000899246 ns, Reaching safepoint: 94145 ns, At safepoint: 5102 ns, Total: 99247 ns
[2020-05-16T10:00:33.036+0000][15960][safepoint    ] Safepoint "Cleanup", Time since last: 1000868637 ns, Reaching safepoint: 108985 ns, At safepoint: 5102 ns, Total: 114087 ns
[2020-05-16T10:00:34.037+0000][15960][safepoint    ] Safepoint "Cleanup", Time since last: 1000691942 ns, Reaching safepoint: 84405 ns, At safepoint: 3710 ns, Total: 88115 ns
[2020-05-16T10:00:35.244+0000][15960][safepoint    ] Safepoint "Cleanup", Time since last: 1206481064 ns, Reaching safepoint: 185043 ns, At safepoint: 7885 ns, Total: 192928 ns
[2020-05-16T10:00:36.244+0000][15960][safepoint    ] Safepoint "Cleanup", Time since last: 1000195710 ns, Reaching safepoint: 123826 ns, At safepoint: 7420 ns, Total: 131246 ns
[2020-05-16T10:00:37.244+0000][15960][safepoint    ] Safepoint "Cleanup", Time since last: 1000136811 ns, Reaching safepoint: 202667 ns, At safepoint: 9275 ns, Total: 211942 ns
[2020-05-16T10:00:39.245+0000][15960][safepoint    ] Safepoint "Cleanup", Time since last: 2000834783 ns, Reaching safepoint: 133101 ns, At safepoint: 3710 ns, Total: 136811 ns
[2020-05-16T10:00:40.246+0000][15960][safepoint    ] Safepoint "Cleanup", Time since last: 1000582493 ns, Reaching safepoint: 113159 ns, At safepoint: 4174 ns, Total: 117333 ns
[2020-05-16T10:00:41.247+0000][15960][safepoint    ] Safepoint "Cleanup", Time since last: 1000595478 ns, Reaching safepoint: 128927 ns, At safepoint: 19942 ns, Total: 148869 ns
[2020-05-16T10:00:43.247+0000][15960][safepoint    ] Safepoint "Cleanup", Time since last: 2000065855 ns, Reaching safepoint: 109450 ns, At safepoint: 3246 ns, Total: 112696 ns
[2020-05-16T10:00:44.257+0000][15960][safepoint    ] Safepoint "Cleanup", Time since last: 1010250662 ns, Reaching safepoint: 148869 ns, At safepoint: 7421 ns, Total: 156290 ns
[2020-05-16T10:00:45.258+0000][15960][safepoint    ] Safepoint "Cleanup", Time since last: 1000901564 ns, Reaching safepoint: 276870 ns, At safepoint: 13913 ns, Total: 290783 ns
[2020-05-16T10:00:47.259+0000][15960][safepoint    ] Safepoint "Cleanup", Time since last: 1999944348 ns, Reaching safepoint: 331594 ns, At safepoint: 11130 ns, Total: 342724 ns
[2020-05-16T10:00:48.259+0000][15960][safepoint    ] Safepoint "Cleanup", Time since last: 1000291247 ns, Reaching safepoint: 281507 ns, At safepoint: 12058 ns, Total: 293565 ns
[2020-05-16T10:00:50.259+0000][15960][safepoint    ] Safepoint "Cleanup", Time since last: 1999828869 ns, Reaching safepoint: 228638 ns, At safepoint: 15768 ns, Total: 244406 ns
[2020-05-16T10:00:51.268+0000][15960][safepoint    ] Safepoint "Cleanup", Time since last: 1008390953 ns, Reaching safepoint: 105275 ns, At safepoint: 4174 ns, Total: 109449 ns
[2020-05-16T10:00:53.298+0000][15960][safepoint    ] Safepoint "Cleanup", Time since last: 2000588521 ns, Reaching safepoint: 29207175 ns, At safepoint: 23189 ns, Total: 29230364 ns
[2020-05-16T10:00:55.298+0000][15960][safepoint    ] Safepoint "Cleanup", Time since last: 2000292637 ns, Reaching safepoint: 141913 ns, At safepoint: 4638 ns, Total: 146551 ns
[2020-05-16T10:00:56.298+0000][15960][safepoint    ] Safepoint "Cleanup", Time since last: 1000152116 ns, Reaching safepoint: 116869 ns, At safepoint: 4638 ns, Total: 121507 ns
[2020-05-16T10:00:57.299+0000][15960][safepoint    ] Safepoint "Cleanup", Time since last: 1000839420 ns, Reaching safepoint: 120579 ns, At safepoint: 6029 ns, Total: 126608 ns
[2020-05-16T10:00:58.300+0000][15960][safepoint    ] Safepoint "Cleanup", Time since last: 1000759652 ns, Reaching safepoint: 121971 ns, At safepoint: 5565 ns, Total: 127536 ns
[2020-05-16T10:00:59.301+0000][15960][safepoint    ] Safepoint "Cleanup", Time since last: 1000535188 ns, Reaching safepoint: 107595 ns, At safepoint: 6492 ns, Total: 114087 ns
[2020-05-16T10:01:00.302+0000][15960][safepoint    ] Safepoint "Cleanup", Time since last: 1000766609 ns, Reaching safepoint: 121971 ns, At safepoint: 4637 ns, Total: 126608 ns
[2020-05-16T10:01:01.303+0000][15960][safepoint    ] Safepoint "Cleanup", Time since last: 1000704464 ns, Reaching safepoint: 115942 ns, At safepoint: 4637 ns, Total: 120579 ns
[2020-05-16T10:01:02.303+0000][15960][safepoint    ] Safepoint "Cleanup", Time since last: 1000441044 ns, Reaching safepoint: 120116 ns, At safepoint: 4174 ns, Total: 124290 ns
[2020-05-16T10:01:03.304+0000][15960][safepoint    ] Safepoint "Cleanup", Time since last: 1000437333 ns, Reaching safepoint: 113623 ns, At safepoint: 4174 ns, Total: 117797 ns
[2020-05-16T10:01:04.419+0000][15960][safepoint    ] Safepoint "Cleanup", Time since last: 1000479999 ns, Reaching safepoint: 114396701 ns, At safepoint: 62145 ns, Total: 114458846 ns
[2020-05-16T10:01:05.419+0000][15960][safepoint    ] Safepoint "Cleanup", Time since last: 1000030609 ns, Reaching safepoint: 145623 ns, At safepoint: 6029 ns, Total: 151652 ns
[2020-05-16T10:01:07.420+0000][15960][safepoint    ] Safepoint "Cleanup", Time since last: 2000564869 ns, Reaching safepoint: 109449 ns, At safepoint: 4174 ns, Total: 113623 ns
[2020-05-16T10:01:08.420+0000][15960][safepoint    ] Safepoint "Cleanup", Time since last: 1000434087 ns, Reaching safepoint: 120580 ns, At safepoint: 6956 ns, Total: 127536 ns
[2020-05-16T10:01:09.420+0000][15960][safepoint    ] Safepoint "Cleanup", Time since last: 1000056116 ns, Reaching safepoint: 102956 ns, At safepoint: 4638 ns, Total: 107594 ns
[2020-05-16T10:01:10.421+0000][15960][safepoint    ] Safepoint "Cleanup", Time since last: 1000535188 ns, Reaching safepoint: 102493 ns, At safepoint: 4638 ns, Total: 107131 ns
[2020-05-16T10:01:11.422+0000][15960][safepoint    ] Safepoint "Cleanup", Time since last: 1000666434 ns, Reaching safepoint: 109449 ns, At safepoint: 4174 ns, Total: 113623 ns
[2020-05-16T10:01:12.422+0000][15960][safepoint    ] Safepoint "Cleanup", Time since last: 1000513391 ns, Reaching safepoint: 121044 ns, At safepoint: 4174 ns, Total: 125218 ns
[2020-05-16T10:01:14.423+0000][15960][safepoint    ] Safepoint "Cleanup", Time since last: 2000783767 ns, Reaching safepoint: 97392 ns, At safepoint: 4174 ns, Total: 101566 ns
[2020-05-16T10:01:15.424+0000][15960][safepoint    ] Safepoint "Cleanup", Time since last: 1000563478 ns, Reaching safepoint: 112231 ns, At safepoint: 4638 ns, Total: 116869 ns
[2020-05-16T10:01:16.425+0000][15960][safepoint    ] Safepoint "Cleanup", Time since last: 1000700753 ns, Reaching safepoint: 109450 ns, At safepoint: 6029 ns, Total: 115479 ns
[2020-05-16T10:01:18.036+0000][15960][safepoint    ] Safepoint "Cleanup", Time since last: 1611039716 ns, Reaching safepoint: 108522 ns, At safepoint: 56580 ns, Total: 165102 ns
[2020-05-16T10:01:19.037+0000][15960][safepoint    ] Safepoint "Cleanup", Time since last: 1000555594 ns, Reaching safepoint: 132637 ns, At safepoint: 6493 ns, Total: 139130 ns
[2020-05-16T10:01:20.037+0000][15960][safepoint    ] Safepoint "Cleanup", Time since last: 1000604753 ns, Reaching safepoint: 103421 ns, At safepoint: 4637 ns, Total: 108058 ns
[2020-05-16T10:01:21.038+0000][15960][safepoint    ] Safepoint "Cleanup", Time since last: 1000245333 ns, Reaching safepoint: 101566 ns, At safepoint: 6492 ns, Total: 108058 ns
[2020-05-16T10:01:22.038+0000][15960][safepoint    ] Safepoint "Cleanup", Time since last: 1000554667 ns, Reaching safepoint: 116869 ns, At safepoint: 4174 ns, Total: 121043 ns
[2020-05-16T10:01:23.039+0000][15960][safepoint    ] Safepoint "Cleanup", Time since last: 1000401623 ns, Reaching safepoint: 120116 ns, At safepoint: 7420 ns, Total: 127536 ns
[2020-05-16T10:01:24.040+0000][15960][safepoint    ] Safepoint "Cleanup", Time since last: 1000853797 ns, Reaching safepoint: 103420 ns, At safepoint: 4174 ns, Total: 107594 ns
[2020-05-16T10:01:25.040+0000][15960][safepoint    ] Safepoint "Cleanup", Time since last: 1000311188 ns, Reaching safepoint: 120116 ns, At safepoint: 4638 ns, Total: 124754 ns
[2020-05-16T10:01:26.079+0000][15960][safepoint    ] Safepoint "Cleanup", Time since last: 1000477217 ns, Reaching safepoint: 38185258 ns, At safepoint: 59826 ns, Total: 38245084 ns
[2020-05-16T10:01:27.080+0000][15960][safepoint    ] Safepoint "Cleanup", Time since last: 1000288464 ns, Reaching safepoint: 105275 ns, At safepoint: 6029 ns, Total: 111304 ns
[2020-05-16T10:01:28.164+0000][15960][safepoint    ] Safepoint "Cleanup", Time since last: 1000971594 ns, Reaching safepoint: 83188367 ns, At safepoint: 68174 ns, Total: 83256541 ns
[2020-05-16T10:01:29.164+0000][15960][safepoint    ] Safepoint "Cleanup", Time since last: 1000202203 ns, Reaching safepoint: 112695 ns, At safepoint: 6493 ns, Total: 119188 ns
[2020-05-16T10:01:30.826+0000][15960][safepoint    ] Safepoint "Cleanup", Time since last: 1000445681 ns, Reaching safepoint: 662536968 ns, At safepoint: 193391 ns, Total: 662730359 ns
[2020-05-16T10:01:31.920+0000][15960][safepoint    ] Safepoint "Cleanup", Time since last: 1000992927 ns, Reaching safepoint: 91658161 ns, At safepoint: 82087 ns, Total: 91740248 ns
[2020-05-16T10:01:32.920+0000][15960][safepoint    ] Safepoint "Cleanup", Time since last: 1000345507 ns, Reaching safepoint: 120116 ns, At safepoint: 4637 ns, Total: 124753 ns
[2020-05-16T10:01:33.921+0000][15960][safepoint    ] Safepoint "Cleanup", Time since last: 1000371942 ns, Reaching safepoint: 109449 ns, At safepoint: 4174 ns, Total: 113623 ns
[2020-05-16T10:01:34.921+0000][15960][safepoint    ] Safepoint "Cleanup", Time since last: 1000503188 ns, Reaching safepoint: 122435 ns, At safepoint: 4638 ns, Total: 127073 ns
[2020-05-16T10:01:36.922+0000][15960][safepoint    ] Safepoint "Cleanup", Time since last: 2000300985 ns, Reaching safepoint: 144232 ns, At safepoint: 3246 ns, Total: 147478 ns
[2020-05-16T10:01:38.923+0000][15960][safepoint    ] Safepoint "Cleanup", Time since last: 2000947478 ns, Reaching safepoint: 156754 ns, At safepoint: 6029 ns, Total: 162783 ns
[2020-05-16T10:01:39.924+0000][15960][safepoint    ] Safepoint "Cleanup", Time since last: 1000517101 ns, Reaching safepoint: 116406 ns, At safepoint: 6029 ns, Total: 122435 ns
[2020-05-16T10:01:40.924+0000][15960][safepoint    ] Safepoint "Cleanup", Time since last: 1000106202 ns, Reaching safepoint: 163711 ns, At safepoint: 6492 ns, Total: 170203 ns
[2020-05-16T10:01:42.266+0000][15960][safepoint    ] Safepoint "Cleanup", Time since last: 1342448537 ns, Reaching safepoint: 118725 ns, At safepoint: 4637 ns, Total: 123362 ns
[2020-05-16T10:01:43.267+0000][15960][safepoint    ] Safepoint "Cleanup", Time since last: 1000792580 ns, Reaching safepoint: 157681 ns, At safepoint: 5101 ns, Total: 162782 ns
[2020-05-16T10:01:44.268+0000][15960][safepoint    ] Safepoint "Cleanup", Time since last: 1000534261 ns, Reaching safepoint: 123362 ns, At safepoint: 6957 ns, Total: 130319 ns
[2020-05-16T10:01:45.269+0000][15960][safepoint    ] Safepoint "Cleanup", Time since last: 1000812057 ns, Reaching safepoint: 127536 ns, At safepoint: 6493 ns, Total: 134029 ns
[2020-05-16T10:01:46.270+0000][15960][safepoint    ] Safepoint "Cleanup", Time since last: 1000367768 ns, Reaching safepoint: 140058 ns, At safepoint: 6493 ns, Total: 146551 ns
[2020-05-16T10:01:47.278+0000][15960][safepoint    ] Safepoint "Cleanup", Time since last: 1000756869 ns, Reaching safepoint: 7164287 ns, At safepoint: 13913 ns, Total: 7178200 ns
[2020-05-16T10:01:49.278+0000][15960][safepoint    ] Safepoint "Cleanup", Time since last: 2000487883 ns, Reaching safepoint: 118725 ns, At safepoint: 4638 ns, Total: 123363 ns
[2020-05-16T10:01:50.279+0000][15960][safepoint    ] Safepoint "Cleanup", Time since last: 1000652985 ns, Reaching safepoint: 112695 ns, At safepoint: 4174 ns, Total: 116869 ns
[2020-05-16T10:01:51.282+0000][15960][safepoint    ] Safepoint "Cleanup", Time since last: 1003296926 ns, Reaching safepoint: 102029 ns, At safepoint: 5102 ns, Total: 107131 ns
[2020-05-16T10:01:52.283+0000][15960][safepoint    ] Safepoint "Cleanup", Time since last: 1000504579 ns, Reaching safepoint: 160000 ns, At safepoint: 6493 ns, Total: 166493 ns
[2020-05-16T10:01:54.283+0000][15960][safepoint    ] Safepoint "Cleanup", Time since last: 2000134956 ns, Reaching safepoint: 177623 ns, At safepoint: 7421 ns, Total: 185044 ns
[2020-05-16T10:01:55.461+0000][15960][safepoint    ] Safepoint "Cleanup", Time since last: 1000405333 ns, Reaching safepoint: 177062411 ns, At safepoint: 80231 ns, Total: 177142642 ns
[2020-05-16T10:01:56.462+0000][15960][safepoint    ] Safepoint "Cleanup", Time since last: 1000910841 ns, Reaching safepoint: 111304 ns, At safepoint: 19942 ns, Total: 131246 ns
[2020-05-16T10:01:57.462+0000][15960][safepoint    ] Safepoint "Cleanup", Time since last: 1000172522 ns, Reaching safepoint: 172057 ns, At safepoint: 6029 ns, Total: 178086 ns
[2020-05-16T10:01:59.463+0000][15960][safepoint    ] Safepoint "Cleanup", Time since last: 2000473971 ns, Reaching safepoint: 153971 ns, At safepoint: 7884 ns, Total: 161855 ns
[2020-05-16T10:02:00.463+0000][15960][safepoint    ] Safepoint "Cleanup", Time since last: 1000089044 ns, Reaching safepoint: 131246 ns, At safepoint: 4638 ns, Total: 135884 ns
[2020-05-16T10:02:01.464+0000][15960][safepoint    ] Safepoint "Cleanup", Time since last: 1000568115 ns, Reaching safepoint: 119189 ns, At safepoint: 4637 ns, Total: 123826 ns
[2020-05-16T10:02:03.172+0000][15960][safepoint    ] Safepoint "Cleanup", Time since last: 1708084078 ns, Reaching safepoint: 106666 ns, At safepoint: 22261 ns, Total: 128927 ns
[2020-05-16T10:02:04.173+0000][15960][safepoint    ] Safepoint "Cleanup", Time since last: 1001224811 ns, Reaching safepoint: 120580 ns, At safepoint: 4174 ns, Total: 124754 ns
[2020-05-16T10:02:05.174+0000][15960][safepoint    ] Safepoint "Cleanup", Time since last: 1000654376 ns, Reaching safepoint: 334841 ns, At safepoint: 6956 ns, Total: 341797 ns
[2020-05-16T10:02:06.175+0000][15960][safepoint    ] Safepoint "Cleanup", Time since last: 1000644174 ns, Reaching safepoint: 183188 ns, At safepoint: 6493 ns, Total: 189681 ns
[2020-05-16T10:02:07.176+0000][15960][safepoint    ] Safepoint "Cleanup", Time since last: 1000406261 ns, Reaching safepoint: 112695 ns, At safepoint: 4638 ns, Total: 117333 ns
[2020-05-16T10:02:08.185+0000][15960][safepoint    ] Safepoint "Cleanup", Time since last: 1000447536 ns, Reaching safepoint: 9080112 ns, At safepoint: 19014 ns, Total: 9099126 ns
[2020-05-16T10:02:09.186+0000][15960][safepoint    ] Safepoint "Cleanup", Time since last: 1000125681 ns, Reaching safepoint: 181333 ns, At safepoint: 4174 ns, Total: 185507 ns
[2020-05-16T10:02:10.186+0000][15960][safepoint    ] Safepoint "Cleanup", Time since last: 1000292638 ns, Reaching safepoint: 127536 ns, At safepoint: 4174 ns, Total: 131710 ns
[2020-05-16T10:02:12.186+0000][15960][safepoint    ] Safepoint "Cleanup", Time since last: 2000252290 ns, Reaching safepoint: 98782 ns, At safepoint: 6029 ns, Total: 104811 ns
[2020-05-16T10:02:13.187+0000][15960][safepoint    ] Safepoint "Cleanup", Time since last: 1000530551 ns, Reaching safepoint: 120579 ns, At safepoint: 6493 ns, Total: 127072 ns
[2020-05-16T10:02:15.188+0000][15960][safepoint    ] Safepoint "Cleanup", Time since last: 2000441507 ns, Reaching safepoint: 131247 ns, At safepoint: 6956 ns, Total: 138203 ns
[2020-05-16T10:02:16.188+0000][15960][safepoint    ] Safepoint "Cleanup", Time since last: 1000132638 ns, Reaching safepoint: 131246 ns, At safepoint: 4638 ns, Total: 135884 ns
[2020-05-16T10:02:18.188+0000][15960][safepoint    ] Safepoint "Cleanup", Time since last: 1999899362 ns, Reaching safepoint: 114551 ns, At safepoint: 5101 ns, Total: 119652 ns
[2020-05-16T10:02:20.188+0000][15960][safepoint    ] Safepoint "Cleanup", Time since last: 2000220754 ns, Reaching safepoint: 106203 ns, At safepoint: 6492 ns, Total: 112695 ns
[2020-05-16T10:02:21.189+0000][15960][safepoint    ] Safepoint "Cleanup", Time since last: 1000482783 ns, Reaching safepoint: 185507 ns, At safepoint: 7420 ns, Total: 192927 ns
[2020-05-16T10:02:22.190+0000][15960][safepoint    ] Safepoint "Cleanup", Time since last: 1000686377 ns, Reaching safepoint: 186898 ns, At safepoint: 7884 ns, Total: 194782 ns
[2020-05-16T10:02:24.320+0000][15960][safepoint    ] Safepoint "Cleanup", Time since last: 2000780985 ns, Reaching safepoint: 129730259 ns, At safepoint: 75594 ns, Total: 129805853 ns
[2020-05-16T10:02:26.320+0000][15960][safepoint    ] Safepoint "Cleanup", Time since last: 1999899826 ns, Reaching safepoint: 117334 ns, At safepoint: 4637 ns, Total: 121971 ns
[2020-05-16T10:02:27.321+0000][15960][safepoint    ] Safepoint "Cleanup", Time since last: 1000198957 ns, Reaching safepoint: 184579 ns, At safepoint: 6029 ns, Total: 190608 ns
[2020-05-16T10:02:28.321+0000][15960][safepoint    ] Safepoint "Cleanup", Time since last: 1000541681 ns, Reaching safepoint: 144232 ns, At safepoint: 7420 ns, Total: 151652 ns
[2020-05-16T10:02:29.355+0000][15960][safepoint    ] Safepoint "Cleanup", Time since last: 1000656696 ns, Reaching safepoint: 33188158 ns, At safepoint: 19015 ns, Total: 33207173 ns
[2020-05-16T10:02:30.356+0000][15960][safepoint    ] Safepoint "Cleanup", Time since last: 1000560695 ns, Reaching safepoint: 124290 ns, At safepoint: 7420 ns, Total: 131710 ns
[2020-05-16T10:02:31.357+0000][15960][safepoint    ] Safepoint "Cleanup", Time since last: 1000668290 ns, Reaching safepoint: 106666 ns, At safepoint: 6029 ns, Total: 112695 ns
[2020-05-16T10:02:32.357+0000][15960][safepoint    ] Safepoint "Cleanup", Time since last: 1000125681 ns, Reaching safepoint: 165565 ns, At safepoint: 7421 ns, Total: 172986 ns
[2020-05-16T10:02:33.358+0000][15960][safepoint    ] Safepoint "Cleanup", Time since last: 1000480927 ns, Reaching safepoint: 129855 ns, At safepoint: 6493 ns, Total: 136348 ns
[2020-05-16T10:02:34.358+0000][15960][safepoint    ] Safepoint "Cleanup", Time since last: 1000167884 ns, Reaching safepoint: 121043 ns, At safepoint: 6493 ns, Total: 127536 ns
[2020-05-16T10:02:35.392+0000][15960][safepoint    ] Safepoint "Cleanup", Time since last: 1000855652 ns, Reaching safepoint: 33123695 ns, At safepoint: 55652 ns, Total: 33179347 ns
[2020-05-16T10:02:36.393+0000][15960][safepoint    ] Safepoint "Cleanup", Time since last: 1000681739 ns, Reaching safepoint: 120115 ns, At safepoint: 4638 ns, Total: 124753 ns
[2020-05-16T10:02:38.394+0000][15960][safepoint    ] Safepoint "Cleanup", Time since last: 2000965101 ns, Reaching safepoint: 121971 ns, At safepoint: 4638 ns, Total: 126609 ns
[2020-05-16T10:02:39.395+0000][15960][safepoint    ] Safepoint "Cleanup", Time since last: 1000463304 ns, Reaching safepoint: 108985 ns, At safepoint: 6493 ns, Total: 115478 ns
[2020-05-16T10:02:40.395+0000][15960][safepoint    ] Safepoint "Cleanup", Time since last: 1000093217 ns, Reaching safepoint: 92290 ns, At safepoint: 2783 ns, Total: 95073 ns
[2020-05-16T10:02:41.396+0000][15960][safepoint    ] Safepoint "Cleanup", Time since last: 1000844057 ns, Reaching safepoint: 135884 ns, At safepoint: 7421 ns, Total: 143305 ns
[2020-05-16T10:02:43.396+0000][15960][safepoint    ] Safepoint "Cleanup", Time since last: 2000123362 ns, Reaching safepoint: 122898 ns, At safepoint: 6957 ns, Total: 129855 ns
[2020-05-16T10:02:45.397+0000][15960][safepoint    ] Safepoint "Cleanup", Time since last: 2000812058 ns, Reaching safepoint: 143768 ns, At safepoint: 5565 ns, Total: 149333 ns
[2020-05-16T10:02:46.397+0000][15960][safepoint    ] Safepoint "Cleanup", Time since last: 1000243014 ns, Reaching safepoint: 186435 ns, At safepoint: 8348 ns, Total: 194783 ns
[2020-05-16T10:02:47.973+0000][15960][safepoint    ] Safepoint "Cleanup", Time since last: 1575422342 ns, Reaching safepoint: 142840 ns, At safepoint: 5565 ns, Total: 148405 ns
[2020-05-16T10:02:49.974+0000][15960][safepoint    ] Safepoint "Cleanup", Time since last: 2000586667 ns, Reaching safepoint: 121507 ns, At safepoint: 4638 ns, Total: 126145 ns
[2020-05-16T10:02:50.974+0000][15960][safepoint    ] Safepoint "Cleanup", Time since last: 1000113623 ns, Reaching safepoint: 121507 ns, At safepoint: 4174 ns, Total: 125681 ns
[2020-05-16T10:02:51.975+0000][15960][safepoint    ] Safepoint "Cleanup", Time since last: 1000784231 ns, Reaching safepoint: 108986 ns, At safepoint: 4637 ns, Total: 113623 ns
[2020-05-16T10:02:52.975+0000][15960][safepoint    ] Safepoint "Cleanup", Time since last: 1000416464 ns, Reaching safepoint: 359884 ns, At safepoint: 11594 ns, Total: 371478 ns
[2020-05-16T10:02:53.976+0000][15960][safepoint    ] Safepoint "Cleanup", Time since last: 1000325101 ns, Reaching safepoint: 457276 ns, At safepoint: 14376 ns, Total: 471652 ns
[2020-05-16T10:02:56.164+0000][15960][safepoint    ] Safepoint "Cleanup", Time since last: 1999970319 ns, Reaching safepoint: 187512029 ns, At safepoint: 196638 ns, Total: 187708667 ns
[2020-05-16T10:02:58.165+0000][15960][safepoint    ] Safepoint "Cleanup", Time since last: 2000366376 ns, Reaching safepoint: 114087 ns, At safepoint: 4638 ns, Total: 118725 ns
[2020-05-16T10:02:59.165+0000][15960][safepoint    ] Safepoint "Cleanup", Time since last: 1000508753 ns, Reaching safepoint: 105739 ns, At safepoint: 4174 ns, Total: 109913 ns
[2020-05-16T10:03:01.231+0000][15960][safepoint    ] Safepoint "Cleanup", Time since last: 2000188290 ns, Reaching safepoint: 65948259 ns, At safepoint: 91826 ns, Total: 66040085 ns
[2020-05-16T10:03:02.232+0000][15960][safepoint    ] Safepoint "Cleanup", Time since last: 1000131711 ns, Reaching safepoint: 77913 ns, At safepoint: 2318 ns, Total: 80231 ns
[2020-05-16T10:03:03.232+0000][15960][safepoint    ] Safepoint "Cleanup", Time since last: 1000246725 ns, Reaching safepoint: 142840 ns, At safepoint: 8812 ns, Total: 151652 ns
[2020-05-16T10:03:04.232+0000][15960][safepoint    ] Safepoint "Cleanup", Time since last: 1000240696 ns, Reaching safepoint: 94608 ns, At safepoint: 3247 ns, Total: 97855 ns
[2020-05-16T10:03:05.233+0000][15960][safepoint    ] Safepoint "Cleanup", Time since last: 1000787477 ns, Reaching safepoint: 108058 ns, At safepoint: 4638 ns, Total: 112696 ns
[2020-05-16T10:03:06.233+0000][15960][safepoint    ] Safepoint "Cleanup", Time since last: 1000117797 ns, Reaching safepoint: 122899 ns, At safepoint: 4174 ns, Total: 127073 ns
[2020-05-16T10:03:07.234+0000][15960][safepoint    ] Safepoint "Cleanup", Time since last: 1000677564 ns, Reaching safepoint: 223073 ns, At safepoint: 23188 ns, Total: 246261 ns
[2020-05-16T10:03:08.235+0000][15960][safepoint    ] Safepoint "Cleanup", Time since last: 1000354319 ns, Reaching safepoint: 102956 ns, At safepoint: 3247 ns, Total: 106203 ns
[2020-05-16T10:03:09.236+0000][15960][safepoint    ] Safepoint "Cleanup", Time since last: 1000734608 ns, Reaching safepoint: 112696 ns, At safepoint: 2782 ns, Total: 115478 ns
[2020-05-16T10:03:10.236+0000][15960][safepoint    ] Safepoint "Cleanup", Time since last: 1000310725 ns, Reaching safepoint: 117797 ns, At safepoint: 4174 ns, Total: 121971 ns
[2020-05-16T10:03:11.774+0000][15960][safepoint    ] Safepoint "Cleanup", Time since last: 1000713739 ns, Reaching safepoint: 536050765 ns, At safepoint: 2018782 ns, Total: 538069547 ns
[2020-05-16T10:03:12.850+0000][15960][safepoint    ] Safepoint "Cleanup", Time since last: 1000422956 ns, Reaching safepoint: 74969937 ns, At safepoint: 21333 ns, Total: 74991270 ns
[2020-05-16T10:03:13.851+0000][15960][safepoint    ] Safepoint "Cleanup", Time since last: 1000638145 ns, Reaching safepoint: 97391 ns, At safepoint: 3246 ns, Total: 100637 ns
[2020-05-16T10:03:16.716+0000][15960][safepoint    ] Safepoint "Cleanup", Time since last: 1000902956 ns, Reaching safepoint: 1863978266 ns, At safepoint: 112232 ns, Total: 1864090498 ns
[2020-05-16T10:03:17.716+0000][15960][safepoint    ] Safepoint "Cleanup", Time since last: 1000077449 ns, Reaching safepoint: 149797 ns, At safepoint: 51015 ns, Total: 200812 ns
[2020-05-16T10:03:19.914+0000][15960][safepoint    ] Safepoint "Cleanup", Time since last: 1000568116 ns, Reaching safepoint: 1197030401 ns, At safepoint: 96000 ns, Total: 1197126401 ns
[2020-05-16T10:03:21.142+0000][15960][safepoint    ] Safepoint "Cleanup", Time since last: 1227725344 ns, Reaching safepoint: 326028 ns, At safepoint: 45450 ns, Total: 371478 ns
[2020-05-16T10:03:22.166+0000][15960][safepoint    ] Safepoint "Cleanup", Time since last: 1023871061 ns, Reaching safepoint: 97855 ns, At safepoint: 4174 ns, Total: 102029 ns
[2020-05-16T10:03:23.167+0000][15960][safepoint    ] Safepoint "Cleanup", Time since last: 1000697043 ns, Reaching safepoint: 116870 ns, At safepoint: 6492 ns, Total: 123362 ns
[2020-05-16T10:03:24.168+0000][15960][safepoint    ] Safepoint "Cleanup", Time since last: 1000540754 ns, Reaching safepoint: 97391 ns, At safepoint: 4638 ns, Total: 102029 ns
[2020-05-16T10:03:25.169+0000][15960][safepoint    ] Safepoint "Cleanup", Time since last: 1000788405 ns, Reaching safepoint: 97855 ns, At safepoint: 4638 ns, Total: 102493 ns
[2020-05-16T10:03:26.169+0000][15960][safepoint    ] Safepoint "Cleanup", Time since last: 1000733217 ns, Reaching safepoint: 129855 ns, At safepoint: 5565 ns, Total: 135420 ns
[2020-05-16T10:03:27.170+0000][15960][safepoint    ] Safepoint "Cleanup", Time since last: 1000436870 ns, Reaching safepoint: 125217 ns, At safepoint: 6493 ns, Total: 131710 ns
[2020-05-16T10:03:28.170+0000][15960][safepoint    ] Safepoint "Cleanup", Time since last: 1000095536 ns, Reaching safepoint: 126145 ns, At safepoint: 4637 ns, Total: 130782 ns
[2020-05-16T10:03:29.171+0000][15960][safepoint    ] Safepoint "Cleanup", Time since last: 1000633971 ns, Reaching safepoint: 145159 ns, At safepoint: 6029 ns, Total: 151188 ns
[2020-05-16T10:03:30.171+0000][15960][safepoint    ] Safepoint "Cleanup", Time since last: 1000139595 ns, Reaching safepoint: 122898 ns, At safepoint: 5565 ns, Total: 128463 ns
[2020-05-16T10:03:31.172+0000][15960][safepoint    ] Safepoint "Cleanup", Time since last: 1000381681 ns, Reaching safepoint: 116870 ns, At safepoint: 4637 ns, Total: 121507 ns
[2020-05-16T10:03:32.172+0000][15960][safepoint    ] Safepoint "Cleanup", Time since last: 1000514783 ns, Reaching safepoint: 96927 ns, At safepoint: 4638 ns, Total: 101565 ns
[2020-05-16T10:03:33.173+0000][15960][safepoint    ] Safepoint "Cleanup", Time since last: 1000683594 ns, Reaching safepoint: 122435 ns, At safepoint: 4637 ns, Total: 127072 ns
[2020-05-16T10:03:34.174+0000][15960][safepoint    ] Safepoint "Cleanup", Time since last: 1000840348 ns, Reaching safepoint: 139594 ns, At safepoint: 4637 ns, Total: 144231 ns
[2020-05-16T10:03:35.175+0000][15960][safepoint    ] Safepoint "Cleanup", Time since last: 1000776348 ns, Reaching safepoint: 117333 ns, At safepoint: 6493 ns, Total: 123826 ns
[2020-05-16T10:03:36.960+0000][15960][safepoint    ] Safepoint "Cleanup", Time since last: 1784518129 ns, Reaching safepoint: 123826 ns, At safepoint: 5101 ns, Total: 128927 ns
[2020-05-16T10:03:37.960+0000][15960][safepoint    ] Safepoint "Cleanup", Time since last: 1000084406 ns, Reaching safepoint: 185044 ns, At safepoint: 8811 ns, Total: 193855 ns
[2020-05-16T10:03:38.961+0000][15960][safepoint    ] Safepoint "Cleanup", Time since last: 1000725333 ns, Reaching safepoint: 129855 ns, At safepoint: 6029 ns, Total: 135884 ns
[2020-05-16T10:03:39.962+0000][15960][safepoint    ] Safepoint "Cleanup", Time since last: 1000880232 ns, Reaching safepoint: 147942 ns, At safepoint: 6956 ns, Total: 154898 ns
[2020-05-16T10:03:40.962+0000][15960][safepoint    ] Safepoint "Cleanup", Time since last: 1000034783 ns, Reaching safepoint: 131710 ns, At safepoint: 6029 ns, Total: 137739 ns
[2020-05-16T10:03:42.963+0000][15960][safepoint    ] Safepoint "Cleanup", Time since last: 2000401623 ns, Reaching safepoint: 83942 ns, At safepoint: 2782 ns, Total: 86724 ns
[2020-05-16T10:03:43.963+0000][15960][safepoint    ] Safepoint "Cleanup", Time since last: 1000324174 ns, Reaching safepoint: 85333 ns, At safepoint: 3247 ns, Total: 88580 ns
[2020-05-16T10:03:44.964+0000][15960][safepoint    ] Safepoint "Cleanup", Time since last: 1000663188 ns, Reaching safepoint: 96000 ns, At safepoint: 3246 ns, Total: 99246 ns
[2020-05-16T10:03:45.964+0000][15960][safepoint    ] Safepoint "Cleanup", Time since last: 1000578783 ns, Reaching safepoint: 98782 ns, At safepoint: 6029 ns, Total: 104811 ns
[2020-05-16T10:03:47.965+0000][15960][safepoint    ] Safepoint "Cleanup", Time since last: 2000719304 ns, Reaching safepoint: 118725 ns, At safepoint: 5101 ns, Total: 123826 ns
[2020-05-16T10:03:48.965+0000][15960][safepoint    ] Safepoint "Cleanup", Time since last: 1000105275 ns, Reaching safepoint: 281508 ns, At safepoint: 9739 ns, Total: 291247 ns
[2020-05-16T10:03:49.966+0000][15960][safepoint    ] Safepoint "Cleanup", Time since last: 1000171130 ns, Reaching safepoint: 81623 ns, At safepoint: 3710 ns, Total: 85333 ns
[2020-05-16T10:03:51.004+0000][15960][safepoint    ] Safepoint "Cleanup", Time since last: 1000800000 ns, Reaching safepoint: 37701084 ns, At safepoint: 66783 ns, Total: 37767867 ns
[2020-05-16T10:03:52.062+0000][15960][safepoint    ] Safepoint "Cleanup", Time since last: 1000228637 ns, Reaching safepoint: 57426060 ns, At safepoint: 17624 ns, Total: 57443684 ns
[2020-05-16T10:03:53.062+0000][15960][safepoint    ] Safepoint "Cleanup", Time since last: 1000068173 ns, Reaching safepoint: 139595 ns, At safepoint: 3710 ns, Total: 143305 ns
[2020-05-16T10:03:54.063+0000][15960][safepoint    ] Safepoint "Cleanup", Time since last: 1000258782 ns, Reaching safepoint: 118261 ns, At safepoint: 6029 ns, Total: 124290 ns
[2020-05-16T10:03:55.063+0000][15960][safepoint    ] Safepoint "Cleanup", Time since last: 1000390956 ns, Reaching safepoint: 95073 ns, At safepoint: 3710 ns, Total: 98783 ns
[2020-05-16T10:03:55.947+0000][15960][gc,start     ] GC(33) Pause Young (Normal) (G1 Evacuation Pause)
[2020-05-16T10:03:55.947+0000][15960][gc,task      ] GC(33) Using 4 workers of 4 for evacuation
[2020-05-16T10:03:55.947+0000][15960][gc,age       ] GC(33) Desired survivor size 40370176 bytes, new threshold 15 (max threshold 15)
[2020-05-16T10:03:56.565+0000][15960][gc,age       ] GC(33) Age table with threshold 15 (max threshold 15)
[2020-05-16T10:03:56.565+0000][15960][gc,age       ] GC(33) - age   1:     138312 bytes,     138312 total
[2020-05-16T10:03:56.565+0000][15960][gc,age       ] GC(33) - age   2:       2024 bytes,     140336 total
[2020-05-16T10:03:56.565+0000][15960][gc,age       ] GC(33) - age   3:       2112 bytes,     142448 total
[2020-05-16T10:03:56.565+0000][15960][gc,age       ] GC(33) - age   4:         64 bytes,     142512 total
[2020-05-16T10:03:56.565+0000][15960][gc,age       ] GC(33) - age   5:       6240 bytes,     148752 total
[2020-05-16T10:03:56.565+0000][15960][gc,age       ] GC(33) - age   6:       7424 bytes,     156176 total
[2020-05-16T10:03:56.565+0000][15960][gc,age       ] GC(33) - age   7:       6808 bytes,     162984 total
[2020-05-16T10:03:56.565+0000][15960][gc,age       ] GC(33) - age   8:       4896 bytes,     167880 total
[2020-05-16T10:03:56.565+0000][15960][gc,age       ] GC(33) - age   9:      39184 bytes,     207064 total
[2020-05-16T10:03:56.565+0000][15960][gc,age       ] GC(33) - age  10:     601944 bytes,     809008 total
[2020-05-16T10:03:56.565+0000][15960][gc,age       ] GC(33) - age  11:       6560 bytes,     815568 total
[2020-05-16T10:03:56.565+0000][15960][gc,age       ] GC(33) - age  12:      60624 bytes,     876192 total
[2020-05-16T10:03:56.565+0000][15960][gc,age       ] GC(33) - age  13:     254280 bytes,    1130472 total
[2020-05-16T10:03:56.565+0000][15960][gc,age       ] GC(33) - age  14:     367880 bytes,    1498352 total
[2020-05-16T10:03:56.565+0000][15960][gc,age       ] GC(33) - age  15:      71592 bytes,    1569944 total
[2020-05-16T10:03:56.565+0000][15960][gc,mmu       ] GC(33) MMU target violated: 201.0ms (200.0ms/201.0ms)
[2020-05-16T10:03:56.565+0000][15960][gc,phases    ] GC(33)   Pre Evacuate Collection Set: 9.5ms
[2020-05-16T10:03:56.565+0000][15960][gc,phases    ] GC(33)   Merge Heap Roots: 0.1ms
[2020-05-16T10:03:56.565+0000][15960][gc,phases    ] GC(33)   Evacuate Collection Set: 443.2ms
[2020-05-16T10:03:56.565+0000][15960][gc,phases    ] GC(33)   Post Evacuate Collection Set: 141.0ms
[2020-05-16T10:03:56.565+0000][15960][gc,phases    ] GC(33)   Other: 24.2ms
[2020-05-16T10:03:56.565+0000][15960][gc,heap      ] GC(33) Eden regions: 612->0(49)
[2020-05-16T10:03:56.565+0000][15960][gc,heap      ] GC(33) Survivor regions: 2->2(77)
[2020-05-16T10:03:56.565+0000][15960][gc,heap      ] GC(33) Old regions: 70->70
[2020-05-16T10:03:56.565+0000][15960][gc,heap      ] GC(33) Archive regions: 0->0
[2020-05-16T10:03:56.565+0000][15960][gc,heap      ] GC(33) Humongous regions: 7->7
[2020-05-16T10:03:56.565+0000][15960][gc,metaspace ] GC(33) Metaspace: 97481K(105124K)->97481K(105124K) NonClass: 84679K(89176K)->84679K(89176K) Class: 12801K(15948K)->12801K(15948K)
[2020-05-16T10:03:56.565+0000][15960][gc           ] GC(33) Pause Young (Normal) (G1 Evacuation Pause) 690M->78M(1024M) 618.333ms
[2020-05-16T10:03:56.565+0000][15960][gc,cpu       ] GC(33) User=0.02s Sys=0.03s Real=0.62s
[2020-05-16T10:03:56.566+0000][15960][safepoint    ] Safepoint "G1CollectForAllocation", Time since last: 883652692 ns, Reaching safepoint: 108985 ns, At safepoint: 618675191 ns, Total: 618784176 ns
[2020-05-16T10:03:57.566+0000][15960][safepoint    ] Safepoint "Cleanup", Time since last: 1000148406 ns, Reaching safepoint: 126145 ns, At safepoint: 6029 ns, Total: 132174 ns
[2020-05-16T10:03:58.566+0000][15960][safepoint    ] Safepoint "Cleanup", Time since last: 1000013913 ns, Reaching safepoint: 111304 ns, At safepoint: 21797 ns, Total: 133101 ns
[2020-05-16T10:03:59.567+0000][15960][safepoint    ] Safepoint "Cleanup", Time since last: 1000862609 ns, Reaching safepoint: 127072 ns, At safepoint: 7884 ns, Total: 134956 ns
[2020-05-16T10:04:00.568+0000][15960][safepoint    ] Safepoint "Cleanup", Time since last: 1000675710 ns, Reaching safepoint: 135420 ns, At safepoint: 5565 ns, Total: 140985 ns
[2020-05-16T10:04:01.568+0000][15960][safepoint    ] Safepoint "Cleanup", Time since last: 1000008348 ns, Reaching safepoint: 178087 ns, At safepoint: 7884 ns, Total: 185971 ns
[2020-05-16T10:04:02.568+0000][15960][safepoint    ] Safepoint "Cleanup", Time since last: 1000228638 ns, Reaching safepoint: 82550 ns, At safepoint: 4174 ns, Total: 86724 ns
[2020-05-16T10:04:03.569+0000][15960][safepoint    ] Safepoint "Cleanup", Time since last: 1000750841 ns, Reaching safepoint: 213333 ns, At safepoint: 8811 ns, Total: 222144 ns
[2020-05-16T10:04:04.654+0000][15960][safepoint    ] Safepoint "Cleanup", Time since last: 1000269450 ns, Reaching safepoint: 84983612 ns, At safepoint: 111768 ns, Total: 85095380 ns
[2020-05-16T10:04:06.685+0000][15960][safepoint    ] Safepoint "Cleanup", Time since last: 2000193855 ns, Reaching safepoint: 30218653 ns, At safepoint: 49623 ns, Total: 30268276 ns
[2020-05-16T10:04:07.686+0000][15960][safepoint    ] Safepoint "Cleanup", Time since last: 1000546783 ns, Reaching safepoint: 118724 ns, At safepoint: 7420 ns, Total: 126144 ns
[2020-05-16T10:04:08.686+0000][15960][safepoint    ] Safepoint "Cleanup", Time since last: 1000158145 ns, Reaching safepoint: 123826 ns, At safepoint: 14377 ns, Total: 138203 ns
[2020-05-16T10:04:09.686+0000][15960][safepoint    ] Safepoint "Cleanup", Time since last: 1000019942 ns, Reaching safepoint: 137275 ns, At safepoint: 6493 ns, Total: 143768 ns
[2020-05-16T10:04:10.687+0000][15960][safepoint    ] Safepoint "Cleanup", Time since last: 1000772174 ns, Reaching safepoint: 105739 ns, At safepoint: 4637 ns, Total: 110376 ns
[2020-05-16T10:04:11.688+0000][15960][safepoint    ] Safepoint "Cleanup", Time since last: 1000586203 ns, Reaching safepoint: 153507 ns, At safepoint: 7884 ns, Total: 161391 ns
[2020-05-16T10:04:12.688+0000][15960][safepoint    ] Safepoint "Cleanup", Time since last: 1000162783 ns, Reaching safepoint: 105739 ns, At safepoint: 4174 ns, Total: 109913 ns
[2020-05-16T10:04:13.689+0000][15960][safepoint    ] Safepoint "Cleanup", Time since last: 1000510145 ns, Reaching safepoint: 191072 ns, At safepoint: 7420 ns, Total: 198492 ns
[2020-05-16T10:04:15.689+0000][15960][safepoint    ] Safepoint "Cleanup", Time since last: 2000217971 ns, Reaching safepoint: 108522 ns, At safepoint: 2782 ns, Total: 111304 ns
[2020-05-16T10:04:16.690+0000][15960][safepoint    ] Safepoint "Cleanup", Time since last: 1000926145 ns, Reaching safepoint: 127072 ns, At safepoint: 6957 ns, Total: 134029 ns
[2020-05-16T10:04:17.691+0000][15960][safepoint    ] Safepoint "Cleanup", Time since last: 1000074203 ns, Reaching safepoint: 121507 ns, At safepoint: 6956 ns, Total: 128463 ns
[2020-05-16T10:04:18.691+0000][15960][safepoint    ] Safepoint "Cleanup", Time since last: 1000789333 ns, Reaching safepoint: 114087 ns, At safepoint: 4174 ns, Total: 118261 ns
[2020-05-16T10:04:19.692+0000][15960][safepoint    ] Safepoint "Cleanup", Time since last: 1000605681 ns, Reaching safepoint: 113623 ns, At safepoint: 4174 ns, Total: 117797 ns
[2020-05-16T10:04:20.692+0000][15960][safepoint    ] Safepoint "Cleanup", Time since last: 1000156754 ns, Reaching safepoint: 118724 ns, At safepoint: 4638 ns, Total: 123362 ns
[2020-05-16T10:04:21.693+0000][15960][safepoint    ] Safepoint "Cleanup", Time since last: 1000464695 ns, Reaching safepoint: 121044 ns, At safepoint: 4637 ns, Total: 125681 ns
[2020-05-16T10:04:22.694+0000][15960][safepoint    ] Safepoint "Cleanup", Time since last: 1000762899 ns, Reaching safepoint: 111768 ns, At safepoint: 6956 ns, Total: 118724 ns
[2020-05-16T10:04:23.694+0000][15960][safepoint    ] Safepoint "Cleanup", Time since last: 1000304232 ns, Reaching safepoint: 114087 ns, At safepoint: 4638 ns, Total: 118725 ns
[2020-05-16T10:04:24.695+0000][15960][safepoint    ] Safepoint "Cleanup", Time since last: 1000411825 ns, Reaching safepoint: 125218 ns, At safepoint: 4637 ns, Total: 129855 ns
[2020-05-16T10:04:25.695+0000][15960][safepoint    ] Safepoint "Cleanup", Time since last: 1000306551 ns, Reaching safepoint: 118725 ns, At safepoint: 4637 ns, Total: 123362 ns
[2020-05-16T10:04:26.696+0000][15960][safepoint    ] Safepoint "Cleanup", Time since last: 1000681275 ns, Reaching safepoint: 129392 ns, At safepoint: 4174 ns, Total: 133566 ns
[2020-05-16T10:04:27.697+0000][15960][safepoint    ] Safepoint "Cleanup", Time since last: 1000416463 ns, Reaching safepoint: 113159 ns, At safepoint: 6029 ns, Total: 119188 ns
[2020-05-16T10:04:28.698+0000][15960][safepoint    ] Safepoint "Cleanup", Time since last: 1000760580 ns, Reaching safepoint: 118724 ns, At safepoint: 6957 ns, Total: 125681 ns
[2020-05-16T10:04:30.698+0000][15960][safepoint    ] Safepoint "Cleanup", Time since last: 2000764289 ns, Reaching safepoint: 116870 ns, At safepoint: 4638 ns, Total: 121508 ns
[2020-05-16T10:04:31.699+0000][15960][safepoint    ] Safepoint "Cleanup", Time since last: 1000640463 ns, Reaching safepoint: 116870 ns, At safepoint: 6029 ns, Total: 122899 ns
[2020-05-16T10:04:33.700+0000][15960][safepoint    ] Safepoint "Cleanup", Time since last: 2000320463 ns, Reaching safepoint: 109913 ns, At safepoint: 4174 ns, Total: 114087 ns
[2020-05-16T10:04:34.701+0000][15960][safepoint    ] Safepoint "Cleanup", Time since last: 1000849159 ns, Reaching safepoint: 97391 ns, At safepoint: 4638 ns, Total: 102029 ns
[2020-05-16T10:04:35.701+0000][15960][safepoint    ] Safepoint "Cleanup", Time since last: 1000421565 ns, Reaching safepoint: 125217 ns, At safepoint: 6957 ns, Total: 132174 ns
[2020-05-16T10:04:36.375+0000][15960][gc,start     ] GC(34) Pause Young (Normal) (G1 Evacuation Pause)
[2020-05-16T10:04:36.375+0000][15960][gc,task      ] GC(34) Using 4 workers of 4 for evacuation
[2020-05-16T10:04:36.375+0000][15960][gc,age       ] GC(34) Desired survivor size 3670016 bytes, new threshold 15 (max threshold 15)
[2020-05-16T10:04:36.551+0000][15960][gc,age       ] GC(34) Age table with threshold 15 (max threshold 15)
[2020-05-16T10:04:36.551+0000][15960][gc,age       ] GC(34) - age   1:      76240 bytes,      76240 total
[2020-05-16T10:04:36.551+0000][15960][gc,age       ] GC(34) - age   2:      11080 bytes,      87320 total
[2020-05-16T10:04:36.551+0000][15960][gc,age       ] GC(34) - age   3:       2024 bytes,      89344 total
[2020-05-16T10:04:36.551+0000][15960][gc,age       ] GC(34) - age   4:       2112 bytes,      91456 total
[2020-05-16T10:04:36.551+0000][15960][gc,age       ] GC(34) - age   5:         64 bytes,      91520 total
[2020-05-16T10:04:36.551+0000][15960][gc,age       ] GC(34) - age   6:       6240 bytes,      97760 total
[2020-05-16T10:04:36.551+0000][15960][gc,age       ] GC(34) - age   7:       7424 bytes,     105184 total
[2020-05-16T10:04:36.551+0000][15960][gc,age       ] GC(34) - age   8:       6808 bytes,     111992 total
[2020-05-16T10:04:36.551+0000][15960][gc,age       ] GC(34) - age   9:       4896 bytes,     116888 total
[2020-05-16T10:04:36.551+0000][15960][gc,age       ] GC(34) - age  10:      39184 bytes,     156072 total
[2020-05-16T10:04:36.551+0000][15960][gc,age       ] GC(34) - age  11:     601944 bytes,     758016 total
[2020-05-16T10:04:36.551+0000][15960][gc,age       ] GC(34) - age  12:       6560 bytes,     764576 total
[2020-05-16T10:04:36.551+0000][15960][gc,age       ] GC(34) - age  13:      60624 bytes,     825200 total
[2020-05-16T10:04:36.552+0000][15960][gc,age       ] GC(34) - age  14:     254280 bytes,    1079480 total
[2020-05-16T10:04:36.552+0000][15960][gc,age       ] GC(34) - age  15:     367784 bytes,    1447264 total
[2020-05-16T10:04:36.552+0000][15960][gc,phases    ] GC(34)   Pre Evacuate Collection Set: 0.1ms
[2020-05-16T10:04:36.552+0000][15960][gc,phases    ] GC(34)   Merge Heap Roots: 0.1ms
[2020-05-16T10:04:36.552+0000][15960][gc,phases    ] GC(34)   Evacuate Collection Set: 166.8ms
[2020-05-16T10:04:36.552+0000][15960][gc,phases    ] GC(34)   Post Evacuate Collection Set: 8.4ms
[2020-05-16T10:04:36.552+0000][15960][gc,phases    ] GC(34)   Other: 0.6ms
[2020-05-16T10:04:36.552+0000][15960][gc,heap      ] GC(34) Eden regions: 49->0(612)
[2020-05-16T10:04:36.552+0000][15960][gc,heap      ] GC(34) Survivor regions: 2->2(7)
[2020-05-16T10:04:36.552+0000][15960][gc,heap      ] GC(34) Old regions: 70->70
[2020-05-16T10:04:36.552+0000][15960][gc,heap      ] GC(34) Archive regions: 0->0
[2020-05-16T10:04:36.552+0000][15960][gc,heap      ] GC(34) Humongous regions: 7->7
[2020-05-16T10:04:36.552+0000][15960][gc,metaspace ] GC(34) Metaspace: 97482K(105124K)->97482K(105124K) NonClass: 84680K(89176K)->84680K(89176K) Class: 12801K(15948K)->12801K(15948K)
[2020-05-16T10:04:36.552+0000][15960][gc           ] GC(34) Pause Young (Normal) (G1 Evacuation Pause) 127M->78M(1024M) 176.340ms
[2020-05-16T10:04:36.552+0000][15960][gc,cpu       ] GC(34) User=0.05s Sys=0.02s Real=0.18s
[2020-05-16T10:04:36.552+0000][15960][safepoint    ] Safepoint "G1CollectForAllocation", Time since last: 662995634 ns, Reaching safepoint: 11221792 ns, At safepoint: 176507745 ns, Total: 187729537 ns
[2020-05-16T10:04:37.552+0000][15960][safepoint    ] Safepoint "Cleanup", Time since last: 1000510144 ns, Reaching safepoint: 115478 ns, At safepoint: 6029 ns, Total: 121507 ns
[2020-05-16T10:04:38.553+0000][15960][safepoint    ] Safepoint "Cleanup", Time since last: 1000549565 ns, Reaching safepoint: 90899 ns, At safepoint: 14841 ns, Total: 105740 ns
[2020-05-16T10:04:39.554+0000][15960][safepoint    ] Safepoint "Cleanup", Time since last: 1000790260 ns, Reaching safepoint: 121507 ns, At safepoint: 4638 ns, Total: 126145 ns
[2020-05-16T10:04:41.555+0000][15960][safepoint    ] Safepoint "Cleanup", Time since last: 2000650202 ns, Reaching safepoint: 89971 ns, At safepoint: 4638 ns, Total: 94609 ns
[2020-05-16T10:04:42.592+0000][15960][safepoint    ] Safepoint "Cleanup", Time since last: 1000473507 ns, Reaching safepoint: 37019345 ns, At safepoint: 42203 ns, Total: 37061548 ns
[2020-05-16T10:04:43.593+0000][15960][safepoint    ] Safepoint "Cleanup", Time since last: 1000119189 ns, Reaching safepoint: 108521 ns, At safepoint: 2783 ns, Total: 111304 ns
[2020-05-16T10:04:44.937+0000][15960][safepoint    ] Safepoint "Cleanup", Time since last: 1343882043 ns, Reaching safepoint: 113160 ns, At safepoint: 4174 ns, Total: 117334 ns
[2020-05-16T10:04:46.937+0000][15960][safepoint    ] Safepoint "Cleanup", Time since last: 2000445217 ns, Reaching safepoint: 99246 ns, At safepoint: 3246 ns, Total: 102492 ns
[2020-05-16T10:04:47.938+0000][15960][safepoint    ] Safepoint "Cleanup", Time since last: 1000869565 ns, Reaching safepoint: 135884 ns, At safepoint: 3710 ns, Total: 139594 ns
[2020-05-16T10:04:48.938+0000][15960][safepoint    ] Safepoint "Cleanup", Time since last: 1000278725 ns, Reaching safepoint: 144232 ns, At safepoint: 7420 ns, Total: 151652 ns
[2020-05-16T10:04:49.939+0000][15960][safepoint    ] Safepoint "Cleanup", Time since last: 1000273623 ns, Reaching safepoint: 146087 ns, At safepoint: 5565 ns, Total: 151652 ns
[2020-05-16T10:04:50.940+0000][15960][safepoint    ] Safepoint "Cleanup", Time since last: 1000473971 ns, Reaching safepoint: 80696 ns, At safepoint: 3246 ns, Total: 83942 ns
[2020-05-16T10:04:51.940+0000][15960][safepoint    ] Safepoint "Cleanup", Time since last: 1000295420 ns, Reaching safepoint: 79768 ns, At safepoint: 3710 ns, Total: 83478 ns
[2020-05-16T10:04:52.941+0000][15960][safepoint    ] Safepoint "Cleanup", Time since last: 1000780058 ns, Reaching safepoint: 142840 ns, At safepoint: 5566 ns, Total: 148406 ns
[2020-05-16T10:04:53.941+0000][15960][safepoint    ] Safepoint "Cleanup", Time since last: 1000312579 ns, Reaching safepoint: 103420 ns, At safepoint: 4174 ns, Total: 107594 ns
[2020-05-16T10:04:55.942+0000][15960][safepoint    ] Safepoint "Cleanup", Time since last: 2000765681 ns, Reaching safepoint: 147942 ns, At safepoint: 51942 ns, Total: 199884 ns
[2020-05-16T10:04:56.943+0000][15960][safepoint    ] Safepoint "Cleanup", Time since last: 1000319072 ns, Reaching safepoint: 119189 ns, At safepoint: 4174 ns, Total: 123363 ns
[2020-05-16T10:04:57.943+0000][15960][safepoint    ] Safepoint "Cleanup", Time since last: 1000654840 ns, Reaching safepoint: 117797 ns, At safepoint: 4638 ns, Total: 122435 ns
[2020-05-16T10:04:58.944+0000][15960][safepoint    ] Safepoint "Cleanup", Time since last: 1000026434 ns, Reaching safepoint: 95537 ns, At safepoint: 4637 ns, Total: 100174 ns
[2020-05-16T10:04:59.944+0000][15960][safepoint    ] Safepoint "Cleanup", Time since last: 1000705391 ns, Reaching safepoint: 138203 ns, At safepoint: 6493 ns, Total: 144696 ns
[2020-05-16T10:05:00.945+0000][15960][safepoint    ] Safepoint "Cleanup", Time since last: 1000685449 ns, Reaching safepoint: 121043 ns, At safepoint: 4174 ns, Total: 125217 ns
[2020-05-16T10:05:01.945+0000][15960][safepoint    ] Safepoint "Cleanup", Time since last: 1000023652 ns, Reaching safepoint: 187826 ns, At safepoint: 3711 ns, Total: 191537 ns
[2020-05-16T10:05:02.946+0000][15960][safepoint    ] Safepoint "Cleanup", Time since last: 1000191072 ns, Reaching safepoint: 104348 ns, At safepoint: 4637 ns, Total: 108985 ns
[2020-05-16T10:05:03.947+0000][15960][safepoint    ] Safepoint "Cleanup", Time since last: 1000864927 ns, Reaching safepoint: 96464 ns, At safepoint: 4638 ns, Total: 101102 ns
[2020-05-16T10:05:04.948+0000][15960][safepoint    ] Safepoint "Cleanup", Time since last: 1000825507 ns, Reaching safepoint: 92290 ns, At safepoint: 3246 ns, Total: 95536 ns
[2020-05-16T10:05:05.972+0000][15960][safepoint    ] Safepoint "Cleanup", Time since last: 1000506434 ns, Reaching safepoint: 24234656 ns, At safepoint: 13913 ns, Total: 24248569 ns
[2020-05-16T10:05:06.995+0000][15960][safepoint    ] Safepoint "Cleanup", Time since last: 1000615420 ns, Reaching safepoint: 22146772 ns, At safepoint: 18551 ns, Total: 22165323 ns
[2020-05-16T10:05:07.996+0000][15960][safepoint    ] Safepoint "Cleanup", Time since last: 1000461913 ns, Reaching safepoint: 130319 ns, At safepoint: 7420 ns, Total: 137739 ns
[2020-05-16T10:05:09.996+0000][15960][safepoint    ] Safepoint "Cleanup", Time since last: 2000028754 ns, Reaching safepoint: 103884 ns, At safepoint: 2782 ns, Total: 106666 ns
[2020-05-16T10:05:10.997+0000][15960][safepoint    ] Safepoint "Cleanup", Time since last: 1000939594 ns, Reaching safepoint: 128464 ns, At safepoint: 2782 ns, Total: 131246 ns
[2020-05-16T10:05:12.110+0000][15960][safepoint    ] Safepoint "Cleanup", Time since last: 1000638145 ns, Reaching safepoint: 112218383 ns, At safepoint: 62608 ns, Total: 112280991 ns
[2020-05-16T10:05:13.111+0000][15960][safepoint    ] Safepoint "Cleanup", Time since last: 1000832927 ns, Reaching safepoint: 115942 ns, At safepoint: 6493 ns, Total: 122435 ns
[2020-05-16T10:05:14.111+0000][15960][safepoint    ] Safepoint "Cleanup", Time since last: 1000445681 ns, Reaching safepoint: 127072 ns, At safepoint: 4174 ns, Total: 131246 ns
[2020-05-16T10:05:15.112+0000][15960][safepoint    ] Safepoint "Cleanup", Time since last: 1000188754 ns, Reaching safepoint: 114087 ns, At safepoint: 6029 ns, Total: 120116 ns
[2020-05-16T10:05:16.112+0000][15960][safepoint    ] Safepoint "Cleanup", Time since last: 1000210087 ns, Reaching safepoint: 108058 ns, At safepoint: 4637 ns, Total: 112695 ns
[2020-05-16T10:05:17.113+0000][15960][safepoint    ] Safepoint "Cleanup", Time since last: 1000352928 ns, Reaching safepoint: 127072 ns, At safepoint: 6493 ns, Total: 133565 ns
[2020-05-16T10:05:18.113+0000][15960][safepoint    ] Safepoint "Cleanup", Time since last: 1000886260 ns, Reaching safepoint: 122435 ns, At safepoint: 4638 ns, Total: 127073 ns
[2020-05-16T10:05:20.114+0000][15960][safepoint    ] Safepoint "Cleanup", Time since last: 2000079768 ns, Reaching safepoint: 126608 ns, At safepoint: 4174 ns, Total: 130782 ns
[2020-05-16T10:05:21.114+0000][15960][safepoint    ] Safepoint "Cleanup", Time since last: 1000403478 ns, Reaching safepoint: 114551 ns, At safepoint: 6957 ns, Total: 121508 ns
[2020-05-16T10:05:22.115+0000][15960][safepoint    ] Safepoint "Cleanup", Time since last: 1000204521 ns, Reaching safepoint: 151189 ns, At safepoint: 6956 ns, Total: 158145 ns
[2020-05-16T10:05:24.116+0000][15960][safepoint    ] Safepoint "Cleanup", Time since last: 2000753623 ns, Reaching safepoint: 144695 ns, At safepoint: 4174 ns, Total: 148869 ns
[2020-05-16T10:05:25.116+0000][15960][safepoint    ] Safepoint "Cleanup", Time since last: 1000485102 ns, Reaching safepoint: 110376 ns, At safepoint: 5102 ns, Total: 115478 ns
[2020-05-16T10:05:27.117+0000][15960][safepoint    ] Safepoint "Cleanup", Time since last: 2000524985 ns, Reaching safepoint: 124290 ns, At safepoint: 6029 ns, Total: 130319 ns
[2020-05-16T10:05:29.188+0000][15960][safepoint    ] Safepoint "Cleanup", Time since last: 2000290319 ns, Reaching safepoint: 71157300 ns, At safepoint: 76985 ns, Total: 71234285 ns
[2020-05-16T10:05:30.380+0000][15960][safepoint    ] Safepoint "Cleanup", Time since last: 1000668290 ns, Reaching safepoint: 190751911 ns, At safepoint: 332986 ns, Total: 191084897 ns
[2020-05-16T10:05:32.380+0000][15960][safepoint    ] Safepoint "Cleanup", Time since last: 1999869681 ns, Reaching safepoint: 119652 ns, At safepoint: 4174 ns, Total: 123826 ns
[2020-05-16T10:05:33.381+0000][15960][safepoint    ] Safepoint "Cleanup", Time since last: 1000655768 ns, Reaching safepoint: 216116 ns, At safepoint: 8348 ns, Total: 224464 ns
[2020-05-16T10:05:35.381+0000][15960][safepoint    ] Safepoint "Cleanup", Time since last: 2000105275 ns, Reaching safepoint: 183188 ns, At safepoint: 6957 ns, Total: 190145 ns
[2020-05-16T10:05:36.382+0000][15960][safepoint    ] Safepoint "Cleanup", Time since last: 1000371478 ns, Reaching safepoint: 123362 ns, At safepoint: 4174 ns, Total: 127536 ns
[2020-05-16T10:05:37.382+0000][15960][safepoint    ] Safepoint "Cleanup", Time since last: 1000527304 ns, Reaching safepoint: 113159 ns, At safepoint: 4638 ns, Total: 117797 ns
[2020-05-16T10:05:38.383+0000][15960][safepoint    ] Safepoint "Cleanup", Time since last: 1000103884 ns, Reaching safepoint: 107130 ns, At safepoint: 6029 ns, Total: 113159 ns
[2020-05-16T10:05:39.383+0000][15960][safepoint    ] Safepoint "Cleanup", Time since last: 1000118261 ns, Reaching safepoint: 94145 ns, At safepoint: 4638 ns, Total: 98783 ns
[2020-05-16T10:05:40.383+0000][15960][safepoint    ] Safepoint "Cleanup", Time since last: 1000089971 ns, Reaching safepoint: 98782 ns, At safepoint: 6029 ns, Total: 104811 ns
[2020-05-16T10:05:41.383+0000][15960][safepoint    ] Safepoint "Cleanup", Time since last: 1000227710 ns, Reaching safepoint: 106203 ns, At safepoint: 4638 ns, Total: 110841 ns
[2020-05-16T10:05:42.384+0000][15960][safepoint    ] Safepoint "Cleanup", Time since last: 1000459130 ns, Reaching safepoint: 96464 ns, At safepoint: 4638 ns, Total: 101102 ns
[2020-05-16T10:05:43.385+0000][15960][safepoint    ] Safepoint "Cleanup", Time since last: 1000923361 ns, Reaching safepoint: 119653 ns, At safepoint: 4173 ns, Total: 123826 ns
[2020-05-16T10:05:44.385+0000][15960][safepoint    ] Safepoint "Cleanup", Time since last: 1000252754 ns, Reaching safepoint: 113159 ns, At safepoint: 6493 ns, Total: 119652 ns
[2020-05-16T10:05:45.386+0000][15960][safepoint    ] Safepoint "Cleanup", Time since last: 1000077913 ns, Reaching safepoint: 116406 ns, At safepoint: 4174 ns, Total: 120580 ns
[2020-05-16T10:05:46.386+0000][15960][safepoint    ] Safepoint "Cleanup", Time since last: 1000137739 ns, Reaching safepoint: 114087 ns, At safepoint: 6029 ns, Total: 120116 ns
[2020-05-16T10:05:47.386+0000][15960][safepoint    ] Safepoint "Cleanup", Time since last: 1000249971 ns, Reaching safepoint: 150260 ns, At safepoint: 6493 ns, Total: 156753 ns
[2020-05-16T10:05:49.350+0000][15960][safepoint    ] Safepoint "Cleanup", Time since last: 1963813582 ns, Reaching safepoint: 130319 ns, At safepoint: 6493 ns, Total: 136812 ns
[2020-05-16T10:05:50.351+0000][15960][safepoint    ] Safepoint "Cleanup", Time since last: 1000759652 ns, Reaching safepoint: 140057 ns, At safepoint: 5102 ns, Total: 145159 ns
[2020-05-16T10:05:51.355+0000][15960][safepoint    ] Safepoint "Cleanup", Time since last: 1000374261 ns, Reaching safepoint: 3718491 ns, At safepoint: 7884 ns, Total: 3726375 ns
[2020-05-16T10:05:53.355+0000][15960][safepoint    ] Safepoint "Cleanup", Time since last: 1999911884 ns, Reaching safepoint: 98319 ns, At safepoint: 4637 ns, Total: 102956 ns
[2020-05-16T10:05:54.355+0000][15960][safepoint    ] Safepoint "Cleanup", Time since last: 1000109913 ns, Reaching safepoint: 94609 ns, At safepoint: 4638 ns, Total: 99247 ns
[2020-05-16T10:05:55.356+0000][15960][safepoint    ] Safepoint "Cleanup", Time since last: 1000463304 ns, Reaching safepoint: 118724 ns, At safepoint: 4638 ns, Total: 123362 ns
[2020-05-16T10:05:56.357+0000][15960][safepoint    ] Safepoint "Cleanup", Time since last: 1000888579 ns, Reaching safepoint: 123362 ns, At safepoint: 4174 ns, Total: 127536 ns
[2020-05-16T10:05:57.357+0000][15960][safepoint    ] Safepoint "Cleanup", Time since last: 1000356638 ns, Reaching safepoint: 135884 ns, At safepoint: 4638 ns, Total: 140522 ns
[2020-05-16T10:05:58.358+0000][15960][safepoint    ] Safepoint "Cleanup", Time since last: 1000784695 ns, Reaching safepoint: 127072 ns, At safepoint: 6493 ns, Total: 133565 ns
[2020-05-16T10:05:59.359+0000][15960][safepoint    ] Safepoint "Cleanup", Time since last: 1000452174 ns, Reaching safepoint: 164637 ns, At safepoint: 2783 ns, Total: 167420 ns
[2020-05-16T10:06:01.359+0000][15960][safepoint    ] Safepoint "Cleanup", Time since last: 1999982841 ns, Reaching safepoint: 118260 ns, At safepoint: 4174 ns, Total: 122434 ns
[2020-05-16T10:06:02.360+0000][15960][safepoint    ] Safepoint "Cleanup", Time since last: 1000633507 ns, Reaching safepoint: 109913 ns, At safepoint: 4638 ns, Total: 114551 ns
[2020-05-16T10:06:03.361+0000][15960][safepoint    ] Safepoint "Cleanup", Time since last: 1000895999 ns, Reaching safepoint: 126145 ns, At safepoint: 8348 ns, Total: 134493 ns
[2020-05-16T10:06:04.362+0000][15960][safepoint    ] Safepoint "Cleanup", Time since last: 1000490203 ns, Reaching safepoint: 108058 ns, At safepoint: 4637 ns, Total: 112695 ns
[2020-05-16T10:06:05.362+0000][15960][safepoint    ] Safepoint "Cleanup", Time since last: 1000371942 ns, Reaching safepoint: 108058 ns, At safepoint: 4638 ns, Total: 112696 ns
[2020-05-16T10:06:06.977+0000][15960][safepoint    ] Safepoint "Cleanup", Time since last: 1614422440 ns, Reaching safepoint: 108985 ns, At safepoint: 13913 ns, Total: 122898 ns
[2020-05-16T10:06:08.977+0000][15960][safepoint    ] Safepoint "Cleanup", Time since last: 2000748058 ns, Reaching safepoint: 132174 ns, At safepoint: 5565 ns, Total: 137739 ns
[2020-05-16T10:06:09.978+0000][15960][safepoint    ] Safepoint "Cleanup", Time since last: 1000142840 ns, Reaching safepoint: 122899 ns, At safepoint: 4174 ns, Total: 127073 ns
[2020-05-16T10:06:10.978+0000][15960][safepoint    ] Safepoint "Cleanup", Time since last: 1000600115 ns, Reaching safepoint: 117797 ns, At safepoint: 4174 ns, Total: 121971 ns
[2020-05-16T10:06:11.979+0000][15960][safepoint    ] Safepoint "Cleanup", Time since last: 1000547710 ns, Reaching safepoint: 124290 ns, At safepoint: 4638 ns, Total: 128928 ns
[2020-05-16T10:06:12.980+0000][15960][safepoint    ] Safepoint "Cleanup", Time since last: 1000728579 ns, Reaching safepoint: 102957 ns, At safepoint: 4173 ns, Total: 107130 ns
[2020-05-16T10:06:13.981+0000][15960][safepoint    ] Safepoint "Cleanup", Time since last: 1000574145 ns, Reaching safepoint: 130783 ns, At safepoint: 4637 ns, Total: 135420 ns
[2020-05-16T10:06:14.981+0000][15960][safepoint    ] Safepoint "Cleanup", Time since last: 1000575073 ns, Reaching safepoint: 137275 ns, At safepoint: 5101 ns, Total: 142376 ns
[2020-05-16T10:06:15.982+0000][15960][safepoint    ] Safepoint "Cleanup", Time since last: 1000780522 ns, Reaching safepoint: 134029 ns, At safepoint: 8347 ns, Total: 142376 ns
[2020-05-16T10:06:16.983+0000][15960][safepoint    ] Safepoint "Cleanup", Time since last: 1000672000 ns, Reaching safepoint: 102029 ns, At safepoint: 4174 ns, Total: 106203 ns
[2020-05-16T10:06:17.983+0000][15960][safepoint    ] Safepoint "Cleanup", Time since last: 1000216116 ns, Reaching safepoint: 134492 ns, At safepoint: 4638 ns, Total: 139130 ns
[2020-05-16T10:06:19.984+0000][15960][safepoint    ] Safepoint "Cleanup", Time since last: 2000204058 ns, Reaching safepoint: 105739 ns, At safepoint: 6029 ns, Total: 111768 ns
[2020-05-16T10:06:20.984+0000][15960][safepoint    ] Safepoint "Cleanup", Time since last: 1000285681 ns, Reaching safepoint: 111768 ns, At safepoint: 4638 ns, Total: 116406 ns
[2020-05-16T10:06:21.985+0000][15960][safepoint    ] Safepoint "Cleanup", Time since last: 1000872347 ns, Reaching safepoint: 117797 ns, At safepoint: 4174 ns, Total: 121971 ns
[2020-05-16T10:06:22.986+0000][15960][safepoint    ] Safepoint "Cleanup", Time since last: 1000405797 ns, Reaching safepoint: 105739 ns, At safepoint: 4638 ns, Total: 110377 ns
[2020-05-16T10:06:23.986+0000][15960][safepoint    ] Safepoint "Cleanup", Time since last: 1000287072 ns, Reaching safepoint: 107594 ns, At safepoint: 6493 ns, Total: 114087 ns
[2020-05-16T10:06:24.987+0000][15960][safepoint    ] Safepoint "Cleanup", Time since last: 1000444754 ns, Reaching safepoint: 75594 ns, At safepoint: 3246 ns, Total: 78840 ns
[2020-05-16T10:06:25.987+0000][15960][safepoint    ] Safepoint "Cleanup", Time since last: 1000093681 ns, Reaching safepoint: 108522 ns, At safepoint: 4638 ns, Total: 113160 ns
[2020-05-16T10:06:26.988+0000][15960][safepoint    ] Safepoint "Cleanup", Time since last: 1000855188 ns, Reaching safepoint: 123826 ns, At safepoint: 4637 ns, Total: 128463 ns
[2020-05-16T10:06:28.988+0000][15960][safepoint    ] Safepoint "Cleanup", Time since last: 2000652522 ns, Reaching safepoint: 102492 ns, At safepoint: 3247 ns, Total: 105739 ns
[2020-05-16T10:06:29.989+0000][15960][safepoint    ] Safepoint "Cleanup", Time since last: 1000092290 ns, Reaching safepoint: 118260 ns, At safepoint: 6493 ns, Total: 124753 ns
[2020-05-16T10:06:30.989+0000][15960][safepoint    ] Safepoint "Cleanup", Time since last: 1000473507 ns, Reaching safepoint: 114551 ns, At safepoint: 4174 ns, Total: 118725 ns
[2020-05-16T10:06:31.990+0000][15960][safepoint    ] Safepoint "Cleanup", Time since last: 1000868637 ns, Reaching safepoint: 122435 ns, At safepoint: 4637 ns, Total: 127072 ns
[2020-05-16T10:06:32.991+0000][15960][safepoint    ] Safepoint "Cleanup", Time since last: 1000514783 ns, Reaching safepoint: 121507 ns, At safepoint: 4174 ns, Total: 125681 ns
[2020-05-16T10:06:33.991+0000][15960][safepoint    ] Safepoint "Cleanup", Time since last: 1000372406 ns, Reaching safepoint: 170666 ns, At safepoint: 8348 ns, Total: 179014 ns
[2020-05-16T10:06:34.992+0000][15960][safepoint    ] Safepoint "Cleanup", Time since last: 1000368695 ns, Reaching safepoint: 111305 ns, At safepoint: 4174 ns, Total: 115479 ns
[2020-05-16T10:06:35.993+0000][15960][safepoint    ] Safepoint "Cleanup", Time since last: 1000767999 ns, Reaching safepoint: 103884 ns, At safepoint: 4638 ns, Total: 108522 ns
[2020-05-16T10:06:36.993+0000][15960][safepoint    ] Safepoint "Cleanup", Time since last: 1000554203 ns, Reaching safepoint: 211942 ns, At safepoint: 8811 ns, Total: 220753 ns
[2020-05-16T10:06:37.994+0000][15960][safepoint    ] Safepoint "Cleanup", Time since last: 1000666898 ns, Reaching safepoint: 124290 ns, At safepoint: 4174 ns, Total: 128464 ns
[2020-05-16T10:06:39.995+0000][15960][safepoint    ] Safepoint "Cleanup", Time since last: 2000349217 ns, Reaching safepoint: 121971 ns, At safepoint: 4638 ns, Total: 126609 ns
[2020-05-16T10:06:40.996+0000][15960][safepoint    ] Safepoint "Cleanup", Time since last: 1000520811 ns, Reaching safepoint: 123363 ns, At safepoint: 4637 ns, Total: 128000 ns
[2020-05-16T10:06:42.020+0000][15960][safepoint    ] Safepoint "Cleanup", Time since last: 1000784696 ns, Reaching safepoint: 23962887 ns, At safepoint: 10667 ns, Total: 23973554 ns
[2020-05-16T10:06:43.021+0000][15960][safepoint    ] Safepoint "Cleanup", Time since last: 1000418318 ns, Reaching safepoint: 124290 ns, At safepoint: 4174 ns, Total: 128464 ns
[2020-05-16T10:06:44.029+0000][15960][safepoint    ] Safepoint "Cleanup", Time since last: 1007555707 ns, Reaching safepoint: 209623 ns, At safepoint: 6956 ns, Total: 216579 ns
[2020-05-16T10:06:46.029+0000][15960][safepoint    ] Safepoint "Cleanup", Time since last: 2000137276 ns, Reaching safepoint: 98782 ns, At safepoint: 5565 ns, Total: 104347 ns
[2020-05-16T10:06:47.030+0000][15960][safepoint    ] Safepoint "Cleanup", Time since last: 1000604290 ns, Reaching safepoint: 101101 ns, At safepoint: 4174 ns, Total: 105275 ns
[2020-05-16T10:06:48.030+0000][15960][safepoint    ] Safepoint "Cleanup", Time since last: 1000378899 ns, Reaching safepoint: 102492 ns, At safepoint: 4638 ns, Total: 107130 ns
[2020-05-16T10:06:49.042+0000][15960][safepoint    ] Safepoint "Cleanup", Time since last: 1012256922 ns, Reaching safepoint: 138203 ns, At safepoint: 6492 ns, Total: 144695 ns
[2020-05-16T10:06:51.043+0000][15960][safepoint    ] Safepoint "Cleanup", Time since last: 2000859362 ns, Reaching safepoint: 116406 ns, At safepoint: 4174 ns, Total: 120580 ns
[2020-05-16T10:06:52.044+0000][15960][safepoint    ] Safepoint "Cleanup", Time since last: 1000009739 ns, Reaching safepoint: 98319 ns, At safepoint: 6493 ns, Total: 104812 ns
[2020-05-16T10:06:53.044+0000][15960][safepoint    ] Safepoint "Cleanup", Time since last: 1000401159 ns, Reaching safepoint: 108522 ns, At safepoint: 6029 ns, Total: 114551 ns
[2020-05-16T10:06:54.045+0000][15960][safepoint    ] Safepoint "Cleanup", Time since last: 1000364985 ns, Reaching safepoint: 100638 ns, At safepoint: 3710 ns, Total: 104348 ns
[2020-05-16T10:06:55.045+0000][15960][safepoint    ] Safepoint "Cleanup", Time since last: 1000389101 ns, Reaching safepoint: 104348 ns, At safepoint: 4637 ns, Total: 108985 ns
[2020-05-16T10:06:56.046+0000][15960][safepoint    ] Safepoint "Cleanup", Time since last: 1000796754 ns, Reaching safepoint: 99710 ns, At safepoint: 4637 ns, Total: 104347 ns
[2020-05-16T10:06:57.047+0000][15960][safepoint    ] Safepoint "Cleanup", Time since last: 1000551421 ns, Reaching safepoint: 150724 ns, At safepoint: 6957 ns, Total: 157681 ns
[2020-05-16T10:06:58.048+0000][15960][safepoint    ] Safepoint "Cleanup", Time since last: 1000818086 ns, Reaching safepoint: 96928 ns, At safepoint: 3246 ns, Total: 100174 ns
[2020-05-16T10:06:59.088+0000][15960][safepoint    ] Safepoint "Cleanup", Time since last: 1000679884 ns, Reaching safepoint: 39287634 ns, At safepoint: 9275 ns, Total: 39296909 ns
[2020-05-16T10:07:00.088+0000][15960][safepoint    ] Safepoint "Cleanup", Time since last: 1000760116 ns, Reaching safepoint: 126608 ns, At safepoint: 6493 ns, Total: 133101 ns
[2020-05-16T10:07:01.089+0000][15960][safepoint    ] Safepoint "Cleanup", Time since last: 1000823652 ns, Reaching safepoint: 120580 ns, At safepoint: 4173 ns, Total: 124753 ns
[2020-05-16T10:07:02.090+0000][15960][safepoint    ] Safepoint "Cleanup", Time since last: 1000710957 ns, Reaching safepoint: 114550 ns, At safepoint: 4174 ns, Total: 118724 ns
[2020-05-16T10:07:04.091+0000][15960][safepoint    ] Safepoint "Cleanup", Time since last: 2000269449 ns, Reaching safepoint: 124290 ns, At safepoint: 4174 ns, Total: 128464 ns
[2020-05-16T10:07:05.091+0000][15960][safepoint    ] Safepoint "Cleanup", Time since last: 1000424348 ns, Reaching safepoint: 102956 ns, At safepoint: 5565 ns, Total: 108521 ns
[2020-05-16T10:07:06.092+0000][15960][safepoint    ] Safepoint "Cleanup", Time since last: 1000329739 ns, Reaching safepoint: 106203 ns, At safepoint: 6493 ns, Total: 112696 ns
[2020-05-16T10:07:07.092+0000][15960][safepoint    ] Safepoint "Cleanup", Time since last: 1000291710 ns, Reaching safepoint: 111768 ns, At safepoint: 6029 ns, Total: 117797 ns
[2020-05-16T10:07:09.093+0000][15960][safepoint    ] Safepoint "Cleanup", Time since last: 2000390956 ns, Reaching safepoint: 118261 ns, At safepoint: 6493 ns, Total: 124754 ns
[2020-05-16T10:07:10.093+0000][15960][safepoint    ] Safepoint "Cleanup", Time since last: 1000235594 ns, Reaching safepoint: 107594 ns, At safepoint: 4174 ns, Total: 111768 ns
[2020-05-16T10:07:12.094+0000][15960][safepoint    ] Safepoint "Cleanup", Time since last: 2000814376 ns, Reaching safepoint: 111305 ns, At safepoint: 4174 ns, Total: 115479 ns
[2020-05-16T10:07:13.094+0000][15960][safepoint    ] Safepoint "Cleanup", Time since last: 1000313043 ns, Reaching safepoint: 88116 ns, At safepoint: 2783 ns, Total: 90899 ns
[2020-05-16T10:07:14.095+0000][15960][safepoint    ] Safepoint "Cleanup", Time since last: 1000899246 ns, Reaching safepoint: 126608 ns, At safepoint: 4638 ns, Total: 131246 ns
[2020-05-16T10:07:15.095+0000][15960][safepoint    ] Safepoint "Cleanup", Time since last: 1000103884 ns, Reaching safepoint: 152116 ns, At safepoint: 4174 ns, Total: 156290 ns
[2020-05-16T10:07:16.096+0000][15960][safepoint    ] Safepoint "Cleanup", Time since last: 1000465159 ns, Reaching safepoint: 131246 ns, At safepoint: 4174 ns, Total: 135420 ns
[2020-05-16T10:07:18.096+0000][15960][safepoint    ] Safepoint "Cleanup", Time since last: 2000096464 ns, Reaching safepoint: 125217 ns, At safepoint: 7420 ns, Total: 132637 ns
[2020-05-16T10:07:19.097+0000][15960][safepoint    ] Safepoint "Cleanup", Time since last: 1000647420 ns, Reaching safepoint: 92290 ns, At safepoint: 3247 ns, Total: 95537 ns
[2020-05-16T10:07:20.098+0000][15960][safepoint    ] Safepoint "Cleanup", Time since last: 1000333449 ns, Reaching safepoint: 109449 ns, At safepoint: 4638 ns, Total: 114087 ns
[2020-05-16T10:07:21.098+0000][15960][safepoint    ] Safepoint "Cleanup", Time since last: 1000686376 ns, Reaching safepoint: 112696 ns, At safepoint: 4637 ns, Total: 117333 ns
[2020-05-16T10:07:23.098+0000][15960][safepoint    ] Safepoint "Cleanup", Time since last: 1999981913 ns, Reaching safepoint: 102957 ns, At safepoint: 6493 ns, Total: 109450 ns
[2020-05-16T10:07:24.486+0000][15960][safepoint    ] Safepoint "Cleanup", Time since last: 1387003182 ns, Reaching safepoint: 111305 ns, At safepoint: 2782 ns, Total: 114087 ns
[2020-05-16T10:07:26.486+0000][15960][safepoint    ] Safepoint "Cleanup", Time since last: 2000097855 ns, Reaching safepoint: 91363 ns, At safepoint: 2782 ns, Total: 94145 ns
[2020-05-16T10:07:27.487+0000][15960][safepoint    ] Safepoint "Cleanup", Time since last: 1000708638 ns, Reaching safepoint: 102492 ns, At safepoint: 4638 ns, Total: 107130 ns
[2020-05-16T10:07:28.487+0000][15960][safepoint    ] Safepoint "Cleanup", Time since last: 1000123362 ns, Reaching safepoint: 115015 ns, At safepoint: 4174 ns, Total: 119189 ns
[2020-05-16T10:07:30.487+0000][15960][safepoint    ] Safepoint "Cleanup", Time since last: 1999903536 ns, Reaching safepoint: 85333 ns, At safepoint: 2783 ns, Total: 88116 ns
[2020-05-16T10:07:32.487+0000][15960][safepoint    ] Safepoint "Cleanup", Time since last: 2000225855 ns, Reaching safepoint: 96927 ns, At safepoint: 2783 ns, Total: 99710 ns
[2020-05-16T10:07:33.488+0000][15960][safepoint    ] Safepoint "Cleanup", Time since last: 1000768000 ns, Reaching safepoint: 101101 ns, At safepoint: 6029 ns, Total: 107130 ns
[2020-05-16T10:07:34.488+0000][15960][safepoint    ] Safepoint "Cleanup", Time since last: 1000182724 ns, Reaching safepoint: 121044 ns, At safepoint: 4174 ns, Total: 125218 ns
[2020-05-16T10:07:35.488+0000][15960][safepoint    ] Safepoint "Cleanup", Time since last: 1000023188 ns, Reaching safepoint: 134957 ns, At safepoint: 4174 ns, Total: 139131 ns
[2020-05-16T10:07:37.013+0000][15960][safepoint    ] Safepoint "Cleanup", Time since last: 1000749448 ns, Reaching safepoint: 524598946 ns, At safepoint: 213797 ns, Total: 524812743 ns
[2020-05-16T10:07:38.347+0000][15960][safepoint    ] Safepoint "Cleanup", Time since last: 1332876831 ns, Reaching safepoint: 198492 ns, At safepoint: 6029 ns, Total: 204521 ns
[2020-05-16T10:07:39.348+0000][15960][safepoint    ] Safepoint "Cleanup", Time since last: 1000723478 ns, Reaching safepoint: 84870 ns, At safepoint: 2782 ns, Total: 87652 ns
[2020-05-16T10:07:40.349+0000][15960][safepoint    ] Safepoint "Cleanup", Time since last: 1000526841 ns, Reaching safepoint: 143304 ns, At safepoint: 8348 ns, Total: 151652 ns
[2020-05-16T10:07:41.349+0000][15960][safepoint    ] Safepoint "Cleanup", Time since last: 1000467014 ns, Reaching safepoint: 89044 ns, At safepoint: 2782 ns, Total: 91826 ns
[2020-05-16T10:07:42.350+0000][15960][safepoint    ] Safepoint "Cleanup", Time since last: 1000869565 ns, Reaching safepoint: 107594 ns, At safepoint: 3710 ns, Total: 111304 ns
[2020-05-16T10:07:43.351+0000][15960][safepoint    ] Safepoint "Cleanup", Time since last: 1000418319 ns, Reaching safepoint: 121043 ns, At safepoint: 17160 ns, Total: 138203 ns
[2020-05-16T10:07:45.352+0000][15960][safepoint    ] Safepoint "Cleanup", Time since last: 2000799999 ns, Reaching safepoint: 140058 ns, At safepoint: 6493 ns, Total: 146551 ns
[2020-05-16T10:07:46.352+0000][15960][safepoint    ] Safepoint "Cleanup", Time since last: 1000249043 ns, Reaching safepoint: 121971 ns, At safepoint: 7421 ns, Total: 129392 ns
[2020-05-16T10:07:47.352+0000][15960][safepoint    ] Safepoint "Cleanup", Time since last: 1000193391 ns, Reaching safepoint: 137275 ns, At safepoint: 3247 ns, Total: 140522 ns
[2020-05-16T10:07:48.353+0000][15960][safepoint    ] Safepoint "Cleanup", Time since last: 1000536579 ns, Reaching safepoint: 112232 ns, At safepoint: 6493 ns, Total: 118725 ns
[2020-05-16T10:07:49.354+0000][15960][safepoint    ] Safepoint "Cleanup", Time since last: 1000833854 ns, Reaching safepoint: 96928 ns, At safepoint: 3710 ns, Total: 100638 ns
[2020-05-16T10:07:50.355+0000][15960][safepoint    ] Safepoint "Cleanup", Time since last: 1000703072 ns, Reaching safepoint: 80696 ns, At safepoint: 3246 ns, Total: 83942 ns
[2020-05-16T10:07:51.708+0000][15960][safepoint    ] Safepoint "Cleanup", Time since last: 1000825043 ns, Reaching safepoint: 352544300 ns, At safepoint: 249044 ns, Total: 352793344 ns
[2020-05-16T10:07:53.709+0000][15960][safepoint    ] Safepoint "Cleanup", Time since last: 2001188637 ns, Reaching safepoint: 434087 ns, At safepoint: 16695 ns, Total: 450782 ns
[2020-05-16T10:07:54.711+0000][15960][safepoint    ] Safepoint "Cleanup", Time since last: 1001217391 ns, Reaching safepoint: 217971 ns, At safepoint: 3710 ns, Total: 221681 ns
[2020-05-16T10:07:55.712+0000][15960][safepoint    ] Safepoint "Cleanup", Time since last: 1000594087 ns, Reaching safepoint: 102956 ns, At safepoint: 3710 ns, Total: 106666 ns
[2020-05-16T10:07:56.713+0000][15960][safepoint    ] Safepoint "Cleanup", Time since last: 1000896928 ns, Reaching safepoint: 127536 ns, At safepoint: 5565 ns, Total: 133101 ns
[2020-05-16T10:07:57.814+0000][15960][safepoint    ] Safepoint "Cleanup", Time since last: 1000189681 ns, Reaching safepoint: 100792997 ns, At safepoint: 71884 ns, Total: 100864881 ns
[2020-05-16T10:07:58.815+0000][15960][safepoint    ] Safepoint "Cleanup", Time since last: 1000637217 ns, Reaching safepoint: 124753 ns, At safepoint: 8348 ns, Total: 133101 ns
[2020-05-16T10:07:59.816+0000][15960][safepoint    ] Safepoint "Cleanup", Time since last: 1000805101 ns, Reaching safepoint: 108522 ns, At safepoint: 2783 ns, Total: 111305 ns
[2020-05-16T10:08:00.816+0000][15960][safepoint    ] Safepoint "Cleanup", Time since last: 1000169739 ns, Reaching safepoint: 100174 ns, At safepoint: 4637 ns, Total: 104811 ns
[2020-05-16T10:08:01.817+0000][15960][safepoint    ] Safepoint "Cleanup", Time since last: 1000333449 ns, Reaching safepoint: 135421 ns, At safepoint: 7420 ns, Total: 142841 ns
[2020-05-16T10:08:02.817+0000][15960][safepoint    ] Safepoint "Cleanup", Time since last: 1000090898 ns, Reaching safepoint: 102493 ns, At safepoint: 4174 ns, Total: 106667 ns
[2020-05-16T10:08:03.817+0000][15960][safepoint    ] Safepoint "Cleanup", Time since last: 1000154435 ns, Reaching safepoint: 95536 ns, At safepoint: 5101 ns, Total: 100637 ns
[2020-05-16T10:08:05.817+0000][15960][safepoint    ] Safepoint "Cleanup", Time since last: 1999972638 ns, Reaching safepoint: 122435 ns, At safepoint: 5565 ns, Total: 128000 ns
[2020-05-16T10:08:06.818+0000][15960][safepoint    ] Safepoint "Cleanup", Time since last: 1000224464 ns, Reaching safepoint: 121507 ns, At safepoint: 5101 ns, Total: 126608 ns
[2020-05-16T10:08:07.818+0000][15960][safepoint    ] Safepoint "Cleanup", Time since last: 1000198957 ns, Reaching safepoint: 134029 ns, At safepoint: 7884 ns, Total: 141913 ns
[2020-05-16T10:08:08.818+0000][15960][safepoint    ] Safepoint "Cleanup", Time since last: 1000524985 ns, Reaching safepoint: 129855 ns, At safepoint: 6956 ns, Total: 136811 ns
[2020-05-16T10:08:09.819+0000][15960][safepoint    ] Safepoint "Cleanup", Time since last: 1000459131 ns, Reaching safepoint: 140521 ns, At safepoint: 5566 ns, Total: 146087 ns
[2020-05-16T10:08:11.819+0000][15960][safepoint    ] Safepoint "Cleanup", Time since last: 1999993043 ns, Reaching safepoint: 140058 ns, At safepoint: 6956 ns, Total: 147014 ns
[2020-05-16T10:08:13.820+0000][15960][safepoint    ] Safepoint "Cleanup", Time since last: 2000815304 ns, Reaching safepoint: 83942 ns, At safepoint: 2783 ns, Total: 86725 ns
[2020-05-16T10:08:14.821+0000][15960][safepoint    ] Safepoint "Cleanup", Time since last: 1000929855 ns, Reaching safepoint: 135420 ns, At safepoint: 8812 ns, Total: 144232 ns
[2020-05-16T10:08:16.271+0000][15960][safepoint    ] Safepoint "Cleanup", Time since last: 1000139594 ns, Reaching safepoint: 450231443 ns, At safepoint: 236522 ns, Total: 450467965 ns
[2020-05-16T10:08:17.307+0000][15960][safepoint    ] Safepoint "Cleanup", Time since last: 1035044157 ns, Reaching safepoint: 144232 ns, At safepoint: 6029 ns, Total: 150261 ns
[2020-05-16T10:08:18.307+0000][15960][safepoint    ] Safepoint "Cleanup", Time since last: 1000146551 ns, Reaching safepoint: 120579 ns, At safepoint: 5102 ns, Total: 125681 ns
[2020-05-16T10:08:19.308+0000][15960][safepoint    ] Safepoint "Cleanup", Time since last: 1000352000 ns, Reaching safepoint: 310724 ns, At safepoint: 9739 ns, Total: 320463 ns
[2020-05-16T10:08:20.309+0000][15960][safepoint    ] Safepoint "Cleanup", Time since last: 1000583420 ns, Reaching safepoint: 102957 ns, At safepoint: 3710 ns, Total: 106667 ns
[2020-05-16T10:08:21.341+0000][15960][safepoint    ] Safepoint "Cleanup", Time since last: 1000826434 ns, Reaching safepoint: 30884624 ns, At safepoint: 104347 ns, Total: 30988971 ns
[2020-05-16T10:08:22.341+0000][15960][safepoint    ] Safepoint "Cleanup", Time since last: 1000153508 ns, Reaching safepoint: 183652 ns, At safepoint: 10203 ns, Total: 193855 ns
[2020-05-16T10:08:23.342+0000][15960][safepoint    ] Safepoint "Cleanup", Time since last: 1000554202 ns, Reaching safepoint: 139594 ns, At safepoint: 7884 ns, Total: 147478 ns
[2020-05-16T10:08:24.342+0000][15960][safepoint    ] Safepoint "Cleanup", Time since last: 1000712348 ns, Reaching safepoint: 742029 ns, At safepoint: 40811 ns, Total: 782840 ns
[2020-05-16T10:08:25.391+0000][15960][safepoint    ] Safepoint "Cleanup", Time since last: 1000515710 ns, Reaching safepoint: 47090065 ns, At safepoint: 50551 ns, Total: 47140616 ns
[2020-05-16T10:08:26.462+0000][15960][safepoint    ] Safepoint "Cleanup", Time since last: 1000016696 ns, Reaching safepoint: 70751503 ns, At safepoint: 379826 ns, Total: 71131329 ns
[2020-05-16T10:08:27.462+0000][15960][safepoint    ] Safepoint "Cleanup", Time since last: 1000146551 ns, Reaching safepoint: 139130 ns, At safepoint: 7884 ns, Total: 147014 ns
[2020-05-16T10:08:28.463+0000][15960][safepoint    ] Safepoint "Cleanup", Time since last: 1000477217 ns, Reaching safepoint: 153971 ns, At safepoint: 8812 ns, Total: 162783 ns
[2020-05-16T10:08:29.463+0000][15960][safepoint    ] Safepoint "Cleanup", Time since last: 1000352463 ns, Reaching safepoint: 150261 ns, At safepoint: 7884 ns, Total: 158145 ns
[2020-05-16T10:08:31.464+0000][15960][safepoint    ] Safepoint "Cleanup", Time since last: 2000494840 ns, Reaching safepoint: 80232 ns, At safepoint: 2783 ns, Total: 83015 ns
[2020-05-16T10:08:32.464+0000][15960][safepoint    ] Safepoint "Cleanup", Time since last: 1000206840 ns, Reaching safepoint: 200812 ns, At safepoint: 12522 ns, Total: 213334 ns
[2020-05-16T10:08:33.465+0000][15960][safepoint    ] Safepoint "Cleanup", Time since last: 1000360347 ns, Reaching safepoint: 120580 ns, At safepoint: 4174 ns, Total: 124754 ns
[2020-05-16T10:08:34.465+0000][15960][safepoint    ] Safepoint "Cleanup", Time since last: 1000047304 ns, Reaching safepoint: 136348 ns, At safepoint: 5101 ns, Total: 141449 ns
[2020-05-16T10:08:35.465+0000][15960][safepoint    ] Safepoint "Cleanup", Time since last: 1000407189 ns, Reaching safepoint: 131710 ns, At safepoint: 6029 ns, Total: 137739 ns
[2020-05-16T10:08:36.466+0000][15960][safepoint    ] Safepoint "Cleanup", Time since last: 1000416927 ns, Reaching safepoint: 136348 ns, At safepoint: 5565 ns, Total: 141913 ns
[2020-05-16T10:08:38.467+0000][15960][safepoint    ] Safepoint "Cleanup", Time since last: 2000797681 ns, Reaching safepoint: 143768 ns, At safepoint: 5565 ns, Total: 149333 ns
[2020-05-16T10:08:39.468+0000][15960][safepoint    ] Safepoint "Cleanup", Time since last: 1000671536 ns, Reaching safepoint: 128464 ns, At safepoint: 5101 ns, Total: 133565 ns
[2020-05-16T10:08:40.469+0000][15960][safepoint    ] Safepoint "Cleanup", Time since last: 1000696580 ns, Reaching safepoint: 118724 ns, At safepoint: 5565 ns, Total: 124289 ns
[2020-05-16T10:08:41.469+0000][15960][safepoint    ] Safepoint "Cleanup", Time since last: 1000032000 ns, Reaching safepoint: 122899 ns, At safepoint: 5565 ns, Total: 128464 ns
[2020-05-16T10:08:42.470+0000][15960][safepoint    ] Safepoint "Cleanup", Time since last: 1000820405 ns, Reaching safepoint: 130319 ns, At safepoint: 5102 ns, Total: 135421 ns
[2020-05-16T10:08:43.470+0000][15960][safepoint    ] Safepoint "Cleanup", Time since last: 1000002782 ns, Reaching safepoint: 138667 ns, At safepoint: 5101 ns, Total: 143768 ns
[2020-05-16T10:08:44.470+0000][15960][safepoint    ] Safepoint "Cleanup", Time since last: 1000032928 ns, Reaching safepoint: 121971 ns, At safepoint: 5565 ns, Total: 127536 ns
[2020-05-16T10:08:45.471+0000][15960][safepoint    ] Safepoint "Cleanup", Time since last: 1000725333 ns, Reaching safepoint: 138203 ns, At safepoint: 8348 ns, Total: 146551 ns
[2020-05-16T10:08:46.472+0000][15960][safepoint    ] Safepoint "Cleanup", Time since last: 1000741565 ns, Reaching safepoint: 115942 ns, At safepoint: 2782 ns, Total: 118724 ns
[2020-05-16T10:08:47.473+0000][15960][safepoint    ] Safepoint "Cleanup", Time since last: 1000805565 ns, Reaching safepoint: 132174 ns, At safepoint: 5101 ns, Total: 137275 ns
[2020-05-16T10:08:48.474+0000][15960][safepoint    ] Safepoint "Cleanup", Time since last: 1000824580 ns, Reaching safepoint: 98318 ns, At safepoint: 4638 ns, Total: 102956 ns
[2020-05-16T10:08:49.475+0000][15960][safepoint    ] Safepoint "Cleanup", Time since last: 1000952579 ns, Reaching safepoint: 131710 ns, At safepoint: 3711 ns, Total: 135421 ns
[2020-05-16T10:08:50.476+0000][15960][safepoint    ] Safepoint "Cleanup", Time since last: 1000635362 ns, Reaching safepoint: 251362 ns, At safepoint: 18551 ns, Total: 269913 ns
[2020-05-16T10:08:52.476+0000][15960][safepoint    ] Safepoint "Cleanup", Time since last: 2000644173 ns, Reaching safepoint: 108986 ns, At safepoint: 5101 ns, Total: 114087 ns
[2020-05-16T10:08:53.477+0000][15960][safepoint    ] Safepoint "Cleanup", Time since last: 1000365913 ns, Reaching safepoint: 188290 ns, At safepoint: 4174 ns, Total: 192464 ns
[2020-05-16T10:08:54.477+0000][15960][safepoint    ] Safepoint "Cleanup", Time since last: 1000300521 ns, Reaching safepoint: 435942 ns, At safepoint: 21333 ns, Total: 457275 ns
[2020-05-16T10:08:56.479+0000][15960][safepoint    ] Safepoint "Cleanup", Time since last: 2000746203 ns, Reaching safepoint: 178087 ns, At safepoint: 7420 ns, Total: 185507 ns
[2020-05-16T10:08:57.479+0000][15960][safepoint    ] Safepoint "Cleanup", Time since last: 1000538898 ns, Reaching safepoint: 114087 ns, At safepoint: 4638 ns, Total: 118725 ns
[2020-05-16T10:08:58.480+0000][15960][safepoint    ] Safepoint "Cleanup", Time since last: 1000187362 ns, Reaching safepoint: 92754 ns, At safepoint: 3246 ns, Total: 96000 ns
[2020-05-16T10:08:59.481+0000][15960][safepoint    ] Safepoint "Cleanup", Time since last: 1000896463 ns, Reaching safepoint: 156754 ns, At safepoint: 8812 ns, Total: 165566 ns
[2020-05-16T10:09:01.481+0000][15960][safepoint    ] Safepoint "Cleanup", Time since last: 2000657622 ns, Reaching safepoint: 120580 ns, At safepoint: 6029 ns, Total: 126609 ns
[2020-05-16T10:09:02.482+0000][15960][safepoint    ] Safepoint "Cleanup", Time since last: 1000849623 ns, Reaching safepoint: 114087 ns, At safepoint: 4638 ns, Total: 118725 ns
[2020-05-16T10:09:04.483+0000][15960][safepoint    ] Safepoint "Cleanup", Time since last: 2000742028 ns, Reaching safepoint: 111304 ns, At safepoint: 4638 ns, Total: 115942 ns
[2020-05-16T10:09:06.484+0000][15960][safepoint    ] Safepoint "Cleanup", Time since last: 2000875594 ns, Reaching safepoint: 121507 ns, At safepoint: 4174 ns, Total: 125681 ns
[2020-05-16T10:09:07.485+0000][15960][safepoint    ] Safepoint "Cleanup", Time since last: 1000492058 ns, Reaching safepoint: 122898 ns, At safepoint: 4174 ns, Total: 127072 ns
[2020-05-16T10:09:08.486+0000][15960][safepoint    ] Safepoint "Cleanup", Time since last: 1000807884 ns, Reaching safepoint: 99710 ns, At safepoint: 4638 ns, Total: 104348 ns
[2020-05-16T10:09:09.486+0000][15960][safepoint    ] Safepoint "Cleanup", Time since last: 1000034318 ns, Reaching safepoint: 121044 ns, At safepoint: 4638 ns, Total: 125682 ns
[2020-05-16T10:09:11.486+0000][15960][safepoint    ] Safepoint "Cleanup", Time since last: 2000438260 ns, Reaching safepoint: 121507 ns, At safepoint: 4174 ns, Total: 125681 ns
[2020-05-16T10:09:13.487+0000][15960][safepoint    ] Safepoint "Cleanup", Time since last: 1999951768 ns, Reaching safepoint: 115942 ns, At safepoint: 4638 ns, Total: 120580 ns
[2020-05-16T10:09:14.487+0000][15960][safepoint    ] Safepoint "Cleanup", Time since last: 1000521739 ns, Reaching safepoint: 126609 ns, At safepoint: 6956 ns, Total: 133565 ns
[2020-05-16T10:09:15.488+0000][15960][safepoint    ] Safepoint "Cleanup", Time since last: 1000674319 ns, Reaching safepoint: 120116 ns, At safepoint: 4173 ns, Total: 124289 ns
[2020-05-16T10:09:16.488+0000][15960][safepoint    ] Safepoint "Cleanup", Time since last: 1000168348 ns, Reaching safepoint: 111305 ns, At safepoint: 4173 ns, Total: 115478 ns
[2020-05-16T10:09:17.561+0000][15960][safepoint    ] Safepoint "Cleanup", Time since last: 1001309681 ns, Reaching safepoint: 71225938 ns, At safepoint: 18087 ns, Total: 71244025 ns
[2020-05-16T10:09:18.615+0000][15960][safepoint    ] Safepoint "Cleanup", Time since last: 1053805424 ns, Reaching safepoint: 123363 ns, At safepoint: 4173 ns, Total: 127536 ns
[2020-05-16T10:09:19.615+0000][15960][safepoint    ] Safepoint "Cleanup", Time since last: 1000102957 ns, Reaching safepoint: 118261 ns, At safepoint: 51942 ns, Total: 170203 ns
[2020-05-16T10:09:20.616+0000][15960][safepoint    ] Safepoint "Cleanup", Time since last: 1000472579 ns, Reaching safepoint: 121044 ns, At safepoint: 6492 ns, Total: 127536 ns
[2020-05-16T10:09:21.616+0000][15960][safepoint    ] Safepoint "Cleanup", Time since last: 1000322783 ns, Reaching safepoint: 98319 ns, At safepoint: 4637 ns, Total: 102956 ns
[2020-05-16T10:09:22.617+0000][15960][safepoint    ] Safepoint "Cleanup", Time since last: 1000431304 ns, Reaching safepoint: 111769 ns, At safepoint: 4173 ns, Total: 115942 ns
[2020-05-16T10:09:24.617+0000][15960][safepoint    ] Safepoint "Cleanup", Time since last: 2000621913 ns, Reaching safepoint: 147942 ns, At safepoint: 4638 ns, Total: 152580 ns
[2020-05-16T10:09:25.618+0000][15960][safepoint    ] Safepoint "Cleanup", Time since last: 1000231884 ns, Reaching safepoint: 124753 ns, At safepoint: 4174 ns, Total: 128927 ns
[2020-05-16T10:09:26.618+0000][15960][safepoint    ] Safepoint "Cleanup", Time since last: 1000341797 ns, Reaching safepoint: 123362 ns, At safepoint: 4174 ns, Total: 127536 ns
[2020-05-16T10:09:27.619+0000][15960][safepoint    ] Safepoint "Cleanup", Time since last: 1000088580 ns, Reaching safepoint: 128464 ns, At safepoint: 4174 ns, Total: 132638 ns
[2020-05-16T10:09:28.619+0000][15960][safepoint    ] Safepoint "Cleanup", Time since last: 1000043130 ns, Reaching safepoint: 133101 ns, At safepoint: 4174 ns, Total: 137275 ns
[2020-05-16T10:09:29.619+0000][15960][safepoint    ] Safepoint "Cleanup", Time since last: 1000154899 ns, Reaching safepoint: 117333 ns, At safepoint: 5565 ns, Total: 122898 ns
[2020-05-16T10:09:31.619+0000][15960][safepoint    ] Safepoint "Cleanup", Time since last: 2000135421 ns, Reaching safepoint: 130782 ns, At safepoint: 6493 ns, Total: 137275 ns
[2020-05-16T10:09:33.620+0000][15960][safepoint    ] Safepoint "Cleanup", Time since last: 2000322319 ns, Reaching safepoint: 116869 ns, At safepoint: 4174 ns, Total: 121043 ns
[2020-05-16T10:09:34.620+0000][15960][safepoint    ] Safepoint "Cleanup", Time since last: 1000210551 ns, Reaching safepoint: 113159 ns, At safepoint: 4174 ns, Total: 117333 ns
[2020-05-16T10:09:35.620+0000][15960][safepoint    ] Safepoint "Cleanup", Time since last: 1000302840 ns, Reaching safepoint: 107594 ns, At safepoint: 4174 ns, Total: 111768 ns
[2020-05-16T10:09:36.621+0000][15960][safepoint    ] Safepoint "Cleanup", Time since last: 1000766609 ns, Reaching safepoint: 140985 ns, At safepoint: 6493 ns, Total: 147478 ns
[2020-05-16T10:09:37.622+0000][15960][safepoint    ] Safepoint "Cleanup", Time since last: 1000727652 ns, Reaching safepoint: 140058 ns, At safepoint: 6492 ns, Total: 146550 ns
[2020-05-16T10:09:38.623+0000][15960][safepoint    ] Safepoint "Cleanup", Time since last: 1000805101 ns, Reaching safepoint: 103884 ns, At safepoint: 4174 ns, Total: 108058 ns
[2020-05-16T10:09:39.624+0000][15960][safepoint    ] Safepoint "Cleanup", Time since last: 1000390957 ns, Reaching safepoint: 123362 ns, At safepoint: 4174 ns, Total: 127536 ns
[2020-05-16T10:09:40.624+0000][15960][safepoint    ] Safepoint "Cleanup", Time since last: 1000134029 ns, Reaching safepoint: 112695 ns, At safepoint: 4174 ns, Total: 116869 ns
[2020-05-16T10:09:41.624+0000][15960][safepoint    ] Safepoint "Cleanup", Time since last: 1000322319 ns, Reaching safepoint: 153971 ns, At safepoint: 6493 ns, Total: 160464 ns
[2020-05-16T10:09:43.625+0000][15960][safepoint    ] Safepoint "Cleanup", Time since last: 2000671999 ns, Reaching safepoint: 179942 ns, At safepoint: 4638 ns, Total: 184580 ns
[2020-05-16T10:09:44.626+0000][15960][safepoint    ] Safepoint "Cleanup", Time since last: 1000213797 ns, Reaching safepoint: 136812 ns, At safepoint: 8811 ns, Total: 145623 ns
[2020-05-16T10:09:45.720+0000][15960][safepoint    ] Safepoint "Cleanup", Time since last: 1094579898 ns, Reaching safepoint: 116870 ns, At safepoint: 7884 ns, Total: 124754 ns
[2020-05-16T10:09:46.721+0000][15960][safepoint    ] Safepoint "Cleanup", Time since last: 1000812521 ns, Reaching safepoint: 144232 ns, At safepoint: 6029 ns, Total: 150261 ns
[2020-05-16T10:09:47.721+0000][15960][safepoint    ] Safepoint "Cleanup", Time since last: 1000057507 ns, Reaching safepoint: 102493 ns, At safepoint: 6493 ns, Total: 108986 ns
[2020-05-16T10:09:48.722+0000][15960][safepoint    ] Safepoint "Cleanup", Time since last: 1000558840 ns, Reaching safepoint: 127072 ns, At safepoint: 20870 ns, Total: 147942 ns
[2020-05-16T10:09:49.722+0000][15960][safepoint    ] Safepoint "Cleanup", Time since last: 1000187826 ns, Reaching safepoint: 106203 ns, At safepoint: 4638 ns, Total: 110841 ns
[2020-05-16T10:09:50.723+0000][15960][safepoint    ] Safepoint "Cleanup", Time since last: 1000647883 ns, Reaching safepoint: 134029 ns, At safepoint: 4638 ns, Total: 138667 ns
[2020-05-16T10:09:51.724+0000][15960][safepoint    ] Safepoint "Cleanup", Time since last: 1000454492 ns, Reaching safepoint: 116406 ns, At safepoint: 6029 ns, Total: 122435 ns
[2020-05-16T10:09:52.724+0000][15960][safepoint    ] Safepoint "Cleanup", Time since last: 1000171594 ns, Reaching safepoint: 114551 ns, At safepoint: 4174 ns, Total: 118725 ns
[2020-05-16T10:09:53.725+0000][15960][safepoint    ] Safepoint "Cleanup", Time since last: 1000642318 ns, Reaching safepoint: 105740 ns, At safepoint: 4637 ns, Total: 110377 ns
[2020-05-16T10:09:55.726+0000][15960][safepoint    ] Safepoint "Cleanup", Time since last: 2000851014 ns, Reaching safepoint: 145160 ns, At safepoint: 19014 ns, Total: 164174 ns
[2020-05-16T10:09:56.726+0000][15960][safepoint    ] Safepoint "Cleanup", Time since last: 1000396985 ns, Reaching safepoint: 114551 ns, At safepoint: 4174 ns, Total: 118725 ns
[2020-05-16T10:09:57.727+0000][15960][safepoint    ] Safepoint "Cleanup", Time since last: 1000744811 ns, Reaching safepoint: 126609 ns, At safepoint: 6029 ns, Total: 132638 ns
[2020-05-16T10:09:58.728+0000][15960][safepoint    ] Safepoint "Cleanup", Time since last: 1000799072 ns, Reaching safepoint: 121043 ns, At safepoint: 4638 ns, Total: 125681 ns
[2020-05-16T10:09:59.738+0000][15960][safepoint    ] Safepoint "Cleanup", Time since last: 1000357101 ns, Reaching safepoint: 9273503 ns, At safepoint: 314899 ns, Total: 9588402 ns
[2020-05-16T10:10:00.739+0000][15960][safepoint    ] Safepoint "Cleanup", Time since last: 1000796289 ns, Reaching safepoint: 142841 ns, At safepoint: 5101 ns, Total: 147942 ns
[2020-05-16T10:10:01.739+0000][15960][safepoint    ] Safepoint "Cleanup", Time since last: 1000309797 ns, Reaching safepoint: 133565 ns, At safepoint: 7884 ns, Total: 141449 ns
[2020-05-16T10:10:02.740+0000][15960][safepoint    ] Safepoint "Cleanup", Time since last: 1000874203 ns, Reaching safepoint: 121971 ns, At safepoint: 4637 ns, Total: 126608 ns
[2020-05-16T10:10:04.741+0000][15960][safepoint    ] Safepoint "Cleanup", Time since last: 2000243015 ns, Reaching safepoint: 118724 ns, At safepoint: 5566 ns, Total: 124290 ns
[2020-05-16T10:10:05.742+0000][15960][safepoint    ] Safepoint "Cleanup", Time since last: 1000629333 ns, Reaching safepoint: 132174 ns, At safepoint: 6956 ns, Total: 139130 ns
[2020-05-16T10:10:06.742+0000][15960][safepoint    ] Safepoint "Cleanup", Time since last: 1000029217 ns, Reaching safepoint: 107595 ns, At safepoint: 6029 ns, Total: 113624 ns
[2020-05-16T10:10:07.743+0000][15960][safepoint    ] Safepoint "Cleanup", Time since last: 1000900173 ns, Reaching safepoint: 104348 ns, At safepoint: 4638 ns, Total: 108986 ns
[2020-05-16T10:10:08.743+0000][15960][safepoint    ] Safepoint "Cleanup", Time since last: 1000292637 ns, Reaching safepoint: 144696 ns, At safepoint: 7420 ns, Total: 152116 ns
[2020-05-16T10:10:09.744+0000][15960][safepoint    ] Safepoint "Cleanup", Time since last: 1000714666 ns, Reaching safepoint: 132638 ns, At safepoint: 4638 ns, Total: 137276 ns
[2020-05-16T10:10:10.745+0000][15960][safepoint    ] Safepoint "Cleanup", Time since last: 1000857506 ns, Reaching safepoint: 124290 ns, At safepoint: 4174 ns, Total: 128464 ns
[2020-05-16T10:10:12.745+0000][15960][safepoint    ] Safepoint "Cleanup", Time since last: 2000203594 ns, Reaching safepoint: 132638 ns, At safepoint: 4174 ns, Total: 136812 ns
[2020-05-16T10:10:13.746+0000][15960][safepoint    ] Safepoint "Cleanup", Time since last: 1000023188 ns, Reaching safepoint: 124754 ns, At safepoint: 4637 ns, Total: 129391 ns
[2020-05-16T10:10:14.746+0000][15960][safepoint    ] Safepoint "Cleanup", Time since last: 1000465623 ns, Reaching safepoint: 104348 ns, At safepoint: 19015 ns, Total: 123363 ns
[2020-05-16T10:10:15.746+0000][15960][safepoint    ] Safepoint "Cleanup", Time since last: 1000068174 ns, Reaching safepoint: 126608 ns, At safepoint: 4638 ns, Total: 131246 ns
[2020-05-16T10:10:16.747+0000][15960][safepoint    ] Safepoint "Cleanup", Time since last: 1000723942 ns, Reaching safepoint: 121507 ns, At safepoint: 4174 ns, Total: 125681 ns
[2020-05-16T10:10:18.405+0000][15960][safepoint    ] Safepoint "Cleanup", Time since last: 1657912738 ns, Reaching safepoint: 104348 ns, At safepoint: 4637 ns, Total: 108985 ns
[2020-05-16T10:10:19.405+0000][15960][safepoint    ] Safepoint "Cleanup", Time since last: 1000137740 ns, Reaching safepoint: 110840 ns, At safepoint: 4174 ns, Total: 115014 ns
[2020-05-16T10:10:20.406+0000][15960][safepoint    ] Safepoint "Cleanup", Time since last: 1000704463 ns, Reaching safepoint: 121971 ns, At safepoint: 4174 ns, Total: 126145 ns
[2020-05-16T10:10:21.407+0000][15960][safepoint    ] Safepoint "Cleanup", Time since last: 1000435478 ns, Reaching safepoint: 117797 ns, At safepoint: 6029 ns, Total: 123826 ns
[2020-05-16T10:10:22.408+0000][15960][safepoint    ] Safepoint "Cleanup", Time since last: 1000573217 ns, Reaching safepoint: 83479 ns, At safepoint: 3246 ns, Total: 86725 ns
[2020-05-16T10:10:23.408+0000][15960][safepoint    ] Safepoint "Cleanup", Time since last: 1000567652 ns, Reaching safepoint: 128464 ns, At safepoint: 6492 ns, Total: 134956 ns
[2020-05-16T10:10:25.409+0000][15960][safepoint    ] Safepoint "Cleanup", Time since last: 2000421565 ns, Reaching safepoint: 124290 ns, At safepoint: 4638 ns, Total: 128928 ns
[2020-05-16T10:10:26.410+0000][15960][safepoint    ] Safepoint "Cleanup", Time since last: 1000712347 ns, Reaching safepoint: 101566 ns, At safepoint: 2782 ns, Total: 104348 ns
[2020-05-16T10:10:27.410+0000][15960][safepoint    ] Safepoint "Cleanup", Time since last: 1000773101 ns, Reaching safepoint: 185971 ns, At safepoint: 5565 ns, Total: 191536 ns
[2020-05-16T10:10:29.411+0000][15960][safepoint    ] Safepoint "Cleanup", Time since last: 1999991189 ns, Reaching safepoint: 124753 ns, At safepoint: 6493 ns, Total: 131246 ns
[2020-05-16T10:10:30.424+0000][15960][safepoint    ] Safepoint "Cleanup", Time since last: 1000268522 ns, Reaching safepoint: 13059240 ns, At safepoint: 20870 ns, Total: 13080110 ns
[2020-05-16T10:10:31.425+0000][15960][safepoint    ] Safepoint "Cleanup", Time since last: 1000355246 ns, Reaching safepoint: 136348 ns, At safepoint: 4174 ns, Total: 140522 ns
[2020-05-16T10:10:32.425+0000][15960][safepoint    ] Safepoint "Cleanup", Time since last: 1000025507 ns, Reaching safepoint: 161391 ns, At safepoint: 5565 ns, Total: 166956 ns
[2020-05-16T10:10:33.425+0000][15960][safepoint    ] Safepoint "Cleanup", Time since last: 1000652522 ns, Reaching safepoint: 108058 ns, At safepoint: 4637 ns, Total: 112695 ns
[2020-05-16T10:10:34.426+0000][15960][safepoint    ] Safepoint "Cleanup", Time since last: 1000059363 ns, Reaching safepoint: 122434 ns, At safepoint: 4174 ns, Total: 126608 ns
[2020-05-16T10:10:35.427+0000][15960][safepoint    ] Safepoint "Cleanup", Time since last: 1000732753 ns, Reaching safepoint: 257392 ns, At safepoint: 6492 ns, Total: 263884 ns
[2020-05-16T10:10:37.427+0000][15960][safepoint    ] Safepoint "Cleanup", Time since last: 2000122435 ns, Reaching safepoint: 181797 ns, At safepoint: 4638 ns, Total: 186435 ns
[2020-05-16T10:10:38.428+0000][15960][safepoint    ] Safepoint "Cleanup", Time since last: 1000818086 ns, Reaching safepoint: 212406 ns, At safepoint: 10203 ns, Total: 222609 ns
[2020-05-16T10:10:39.428+0000][15960][safepoint    ] Safepoint "Cleanup", Time since last: 1000093217 ns, Reaching safepoint: 151652 ns, At safepoint: 5566 ns, Total: 157218 ns
[2020-05-16T10:10:40.429+0000][15960][safepoint    ] Safepoint "Cleanup", Time since last: 1000187362 ns, Reaching safepoint: 138203 ns, At safepoint: 5565 ns, Total: 143768 ns
[2020-05-16T10:10:41.429+0000][15960][safepoint    ] Safepoint "Cleanup", Time since last: 1000671536 ns, Reaching safepoint: 160927 ns, At safepoint: 8348 ns, Total: 169275 ns
[2020-05-16T10:10:42.430+0000][15960][safepoint    ] Safepoint "Cleanup", Time since last: 1000422493 ns, Reaching safepoint: 142376 ns, At safepoint: 6493 ns, Total: 148869 ns
[2020-05-16T10:10:43.430+0000][15960][safepoint    ] Safepoint "Cleanup", Time since last: 1000137276 ns, Reaching safepoint: 120579 ns, At safepoint: 4638 ns, Total: 125217 ns
[2020-05-16T10:10:44.431+0000][15960][safepoint    ] Safepoint "Cleanup", Time since last: 1000193855 ns, Reaching safepoint: 132637 ns, At safepoint: 6493 ns, Total: 139130 ns
[2020-05-16T10:10:46.431+0000][15960][safepoint    ] Safepoint "Cleanup", Time since last: 2000731362 ns, Reaching safepoint: 118261 ns, At safepoint: 6493 ns, Total: 124754 ns
[2020-05-16T10:10:47.433+0000][15960][safepoint    ] Safepoint "Cleanup", Time since last: 1000899709 ns, Reaching safepoint: 118261 ns, At safepoint: 4638 ns, Total: 122899 ns
[2020-05-16T10:10:48.433+0000][15960][safepoint    ] Safepoint "Cleanup", Time since last: 1000718376 ns, Reaching safepoint: 117334 ns, At safepoint: 6492 ns, Total: 123826 ns
[2020-05-16T10:10:49.434+0000][15960][safepoint    ] Safepoint "Cleanup", Time since last: 1000734145 ns, Reaching safepoint: 114087 ns, At safepoint: 4638 ns, Total: 118725 ns
[2020-05-16T10:10:50.435+0000][15960][safepoint    ] Safepoint "Cleanup", Time since last: 1000466086 ns, Reaching safepoint: 120116 ns, At safepoint: 6029 ns, Total: 126145 ns
[2020-05-16T10:10:51.436+0000][15960][safepoint    ] Safepoint "Cleanup", Time since last: 1000777275 ns, Reaching safepoint: 124290 ns, At safepoint: 4638 ns, Total: 128928 ns
[2020-05-16T10:10:53.436+0000][15960][safepoint    ] Safepoint "Cleanup", Time since last: 2000396985 ns, Reaching safepoint: 123362 ns, At safepoint: 4638 ns, Total: 128000 ns
[2020-05-16T10:10:54.437+0000][15960][safepoint    ] Safepoint "Cleanup", Time since last: 1000364985 ns, Reaching safepoint: 102957 ns, At safepoint: 4638 ns, Total: 107595 ns
[2020-05-16T10:10:55.437+0000][15960][safepoint    ] Safepoint "Cleanup", Time since last: 1000184579 ns, Reaching safepoint: 116870 ns, At safepoint: 4637 ns, Total: 121507 ns
[2020-05-16T10:10:56.438+0000][15960][safepoint    ] Safepoint "Cleanup", Time since last: 1000492522 ns, Reaching safepoint: 110840 ns, At safepoint: 4174 ns, Total: 115014 ns
[2020-05-16T10:10:57.438+0000][15960][safepoint    ] Safepoint "Cleanup", Time since last: 1000257391 ns, Reaching safepoint: 109450 ns, At safepoint: 4174 ns, Total: 113624 ns
[2020-05-16T10:10:58.439+0000][15960][safepoint    ] Safepoint "Cleanup", Time since last: 1000864463 ns, Reaching safepoint: 147942 ns, At safepoint: 6029 ns, Total: 153971 ns
[2020-05-16T10:11:00.439+0000][15960][safepoint    ] Safepoint "Cleanup", Time since last: 2000115478 ns, Reaching safepoint: 121971 ns, At safepoint: 4638 ns, Total: 126609 ns
[2020-05-16T10:11:01.440+0000][15960][safepoint    ] Safepoint "Cleanup", Time since last: 1000316753 ns, Reaching safepoint: 100174 ns, At safepoint: 6493 ns, Total: 106667 ns
[2020-05-16T10:11:02.440+0000][15960][safepoint    ] Safepoint "Cleanup", Time since last: 1000078840 ns, Reaching safepoint: 100174 ns, At safepoint: 5102 ns, Total: 105276 ns
[2020-05-16T10:11:03.440+0000][15960][safepoint    ] Safepoint "Cleanup", Time since last: 1000457739 ns, Reaching safepoint: 95536 ns, At safepoint: 4637 ns, Total: 100173 ns
[2020-05-16T10:11:04.441+0000][15960][safepoint    ] Safepoint "Cleanup", Time since last: 1000281508 ns, Reaching safepoint: 143304 ns, At safepoint: 6493 ns, Total: 149797 ns
[2020-05-16T10:11:05.441+0000][15960][safepoint    ] Safepoint "Cleanup", Time since last: 1000098782 ns, Reaching safepoint: 210551 ns, At safepoint: 6956 ns, Total: 217507 ns
[2020-05-16T10:11:06.442+0000][15960][safepoint    ] Safepoint "Cleanup", Time since last: 1000314899 ns, Reaching safepoint: 312116 ns, At safepoint: 8347 ns, Total: 320463 ns
[2020-05-16T10:11:08.443+0000][15960][safepoint    ] Safepoint "Cleanup", Time since last: 2000802783 ns, Reaching safepoint: 117797 ns, At safepoint: 4637 ns, Total: 122434 ns
[2020-05-16T10:11:10.400+0000][15960][safepoint    ] Safepoint "Cleanup", Time since last: 1957231788 ns, Reaching safepoint: 125218 ns, At safepoint: 6956 ns, Total: 132174 ns
[2020-05-16T10:11:11.401+0000][15960][safepoint    ] Safepoint "Cleanup", Time since last: 1000675710 ns, Reaching safepoint: 144696 ns, At safepoint: 8811 ns, Total: 153507 ns
[2020-05-16T10:11:12.402+0000][15960][safepoint    ] Safepoint "Cleanup", Time since last: 1000580638 ns, Reaching safepoint: 126144 ns, At safepoint: 6493 ns, Total: 132637 ns
[2020-05-16T10:11:13.402+0000][15960][safepoint    ] Safepoint "Cleanup", Time since last: 1000108058 ns, Reaching safepoint: 120580 ns, At safepoint: 4174 ns, Total: 124754 ns
[2020-05-16T10:11:14.402+0000][15960][safepoint    ] Safepoint "Cleanup", Time since last: 1000428057 ns, Reaching safepoint: 104348 ns, At safepoint: 4638 ns, Total: 108986 ns
[2020-05-16T10:11:15.403+0000][15960][safepoint    ] Safepoint "Cleanup", Time since last: 1000700289 ns, Reaching safepoint: 136812 ns, At safepoint: 5565 ns, Total: 142377 ns
[2020-05-16T10:11:16.404+0000][15960][safepoint    ] Safepoint "Cleanup", Time since last: 1000427594 ns, Reaching safepoint: 111768 ns, At safepoint: 5102 ns, Total: 116870 ns
[2020-05-16T10:11:17.506+0000][15960][safepoint    ] Safepoint "Cleanup", Time since last: 1000058434 ns, Reaching safepoint: 102217228 ns, At safepoint: 26899 ns, Total: 102244127 ns
[2020-05-16T10:11:18.507+0000][15960][safepoint    ] Safepoint "Cleanup", Time since last: 1000286145 ns, Reaching safepoint: 121507 ns, At safepoint: 4638 ns, Total: 126145 ns
[2020-05-16T10:11:19.507+0000][15960][safepoint    ] Safepoint "Cleanup", Time since last: 1000280115 ns, Reaching safepoint: 122899 ns, At safepoint: 19478 ns, Total: 142377 ns
[2020-05-16T10:11:20.508+0000][15960][safepoint    ] Safepoint "Cleanup", Time since last: 1000631188 ns, Reaching safepoint: 206841 ns, At safepoint: 6956 ns, Total: 213797 ns
[2020-05-16T10:11:21.508+0000][15960][safepoint    ] Safepoint "Cleanup", Time since last: 1000155362 ns, Reaching safepoint: 160928 ns, At safepoint: 7884 ns, Total: 168812 ns
[2020-05-16T10:11:22.509+0000][15960][safepoint    ] Safepoint "Cleanup", Time since last: 1000399768 ns, Reaching safepoint: 100174 ns, At safepoint: 4174 ns, Total: 104348 ns
[2020-05-16T10:11:24.510+0000][15960][safepoint    ] Safepoint "Cleanup", Time since last: 2000986898 ns, Reaching safepoint: 111768 ns, At safepoint: 4174 ns, Total: 115942 ns
[2020-05-16T10:11:25.510+0000][15960][safepoint    ] Safepoint "Cleanup", Time since last: 1000383536 ns, Reaching safepoint: 112232 ns, At safepoint: 4637 ns, Total: 116869 ns
[2020-05-16T10:11:26.511+0000][15960][safepoint    ] Safepoint "Cleanup", Time since last: 1000234203 ns, Reaching safepoint: 127536 ns, At safepoint: 4638 ns, Total: 132174 ns
[2020-05-16T10:11:27.521+0000][15960][safepoint    ] Safepoint "Cleanup", Time since last: 1010017850 ns, Reaching safepoint: 111305 ns, At safepoint: 5565 ns, Total: 116870 ns
[2020-05-16T10:11:28.664+0000][15960][safepoint    ] Safepoint "Cleanup", Time since last: 1009148286 ns, Reaching safepoint: 134035879 ns, At safepoint: 45450 ns, Total: 134081329 ns
[2020-05-16T10:11:29.664+0000][15960][safepoint    ] Safepoint "Cleanup", Time since last: 1000030145 ns, Reaching safepoint: 106666 ns, At safepoint: 4174 ns, Total: 110840 ns
[2020-05-16T10:11:30.665+0000][15960][safepoint    ] Safepoint "Cleanup", Time since last: 1000690087 ns, Reaching safepoint: 126608 ns, At safepoint: 6493 ns, Total: 133101 ns
[2020-05-16T10:11:31.665+0000][15960][safepoint    ] Safepoint "Cleanup", Time since last: 1000191073 ns, Reaching safepoint: 120115 ns, At safepoint: 6493 ns, Total: 126608 ns
[2020-05-16T10:11:32.666+0000][15960][safepoint    ] Safepoint "Cleanup", Time since last: 1000365913 ns, Reaching safepoint: 116870 ns, At safepoint: 2782 ns, Total: 119652 ns
[2020-05-16T10:11:33.666+0000][15960][safepoint    ] Safepoint "Cleanup", Time since last: 1000311188 ns, Reaching safepoint: 99710 ns, At safepoint: 4638 ns, Total: 104348 ns
[2020-05-16T10:11:34.666+0000][15960][safepoint    ] Safepoint "Cleanup", Time since last: 1000179478 ns, Reaching safepoint: 122435 ns, At safepoint: 4174 ns, Total: 126609 ns
[2020-05-16T10:11:35.667+0000][15960][safepoint    ] Safepoint "Cleanup", Time since last: 1000505971 ns, Reaching safepoint: 122898 ns, At safepoint: 6493 ns, Total: 129391 ns
[2020-05-16T10:11:36.667+0000][15960][safepoint    ] Safepoint "Cleanup", Time since last: 1000166493 ns, Reaching safepoint: 122898 ns, At safepoint: 4638 ns, Total: 127536 ns
[2020-05-16T10:11:37.668+0000][15960][safepoint    ] Safepoint "Cleanup", Time since last: 1000534260 ns, Reaching safepoint: 122899 ns, At safepoint: 4174 ns, Total: 127073 ns
[2020-05-16T10:11:39.669+0000][15960][safepoint    ] Safepoint "Cleanup", Time since last: 2000645565 ns, Reaching safepoint: 102956 ns, At safepoint: 4174 ns, Total: 107130 ns
[2020-05-16T10:11:40.670+0000][15960][safepoint    ] Safepoint "Cleanup", Time since last: 1000748985 ns, Reaching safepoint: 108986 ns, At safepoint: 4174 ns, Total: 113160 ns
[2020-05-16T10:11:41.670+0000][15960][safepoint    ] Safepoint "Cleanup", Time since last: 1000076521 ns, Reaching safepoint: 115942 ns, At safepoint: 4174 ns, Total: 120116 ns
[2020-05-16T10:11:42.670+0000][15960][safepoint    ] Safepoint "Cleanup", Time since last: 1000051942 ns, Reaching safepoint: 108986 ns, At safepoint: 4174 ns, Total: 113160 ns
[2020-05-16T10:11:43.671+0000][15960][safepoint    ] Safepoint "Cleanup", Time since last: 1000543999 ns, Reaching safepoint: 119189 ns, At safepoint: 4174 ns, Total: 123363 ns
[2020-05-16T10:11:44.671+0000][15960][safepoint    ] Safepoint "Cleanup", Time since last: 1000382608 ns, Reaching safepoint: 114551 ns, At safepoint: 6493 ns, Total: 121044 ns
[2020-05-16T10:11:45.672+0000][15960][safepoint    ] Safepoint "Cleanup", Time since last: 1000615883 ns, Reaching safepoint: 100174 ns, At safepoint: 4638 ns, Total: 104812 ns
[2020-05-16T10:11:47.542+0000][15960][safepoint    ] Safepoint "Cleanup", Time since last: 1870339770 ns, Reaching safepoint: 116870 ns, At safepoint: 56116 ns, Total: 172986 ns
[2020-05-16T10:11:48.656+0000][15960][safepoint    ] Safepoint "Cleanup", Time since last: 1113525744 ns, Reaching safepoint: 113159 ns, At safepoint: 4638 ns, Total: 117797 ns
[2020-05-16T10:11:49.657+0000][15960][safepoint    ] Safepoint "Cleanup", Time since last: 1000401159 ns, Reaching safepoint: 108986 ns, At safepoint: 4638 ns, Total: 113624 ns
[2020-05-16T10:11:51.657+0000][15960][safepoint    ] Safepoint "Cleanup", Time since last: 2000300521 ns, Reaching safepoint: 124754 ns, At safepoint: 6956 ns, Total: 131710 ns
[2020-05-16T10:11:52.657+0000][15960][safepoint    ] Safepoint "Cleanup", Time since last: 1000251362 ns, Reaching safepoint: 106667 ns, At safepoint: 6493 ns, Total: 113160 ns
[2020-05-16T10:11:53.658+0000][15960][safepoint    ] Safepoint "Cleanup", Time since last: 1000650202 ns, Reaching safepoint: 140058 ns, At safepoint: 6493 ns, Total: 146551 ns
[2020-05-16T10:11:55.659+0000][15960][safepoint    ] Safepoint "Cleanup", Time since last: 2000787478 ns, Reaching safepoint: 96464 ns, At safepoint: 4637 ns, Total: 101101 ns
[2020-05-16T10:11:56.659+0000][15960][safepoint    ] Safepoint "Cleanup", Time since last: 1000009276 ns, Reaching safepoint: 122898 ns, At safepoint: 4174 ns, Total: 127072 ns
[2020-05-16T10:11:57.660+0000][15960][safepoint    ] Safepoint "Cleanup", Time since last: 1000409043 ns, Reaching safepoint: 131710 ns, At safepoint: 6493 ns, Total: 138203 ns
[2020-05-16T10:11:58.660+0000][15960][safepoint    ] Safepoint "Cleanup", Time since last: 1000336232 ns, Reaching safepoint: 111304 ns, At safepoint: 4638 ns, Total: 115942 ns
[2020-05-16T10:11:59.661+0000][15960][safepoint    ] Safepoint "Cleanup", Time since last: 1000723942 ns, Reaching safepoint: 131710 ns, At safepoint: 6956 ns, Total: 138666 ns
[2020-05-16T10:12:00.662+0000][15960][safepoint    ] Safepoint "Cleanup", Time since last: 1000409971 ns, Reaching safepoint: 127536 ns, At safepoint: 6957 ns, Total: 134493 ns
[2020-05-16T10:12:01.662+0000][15960][safepoint    ] Safepoint "Cleanup", Time since last: 1000631652 ns, Reaching safepoint: 100173 ns, At safepoint: 4638 ns, Total: 104811 ns
[2020-05-16T10:12:02.663+0000][15960][safepoint    ] Safepoint "Cleanup", Time since last: 1000616348 ns, Reaching safepoint: 110376 ns, At safepoint: 4174 ns, Total: 114550 ns
[2020-05-16T10:12:03.663+0000][15960][safepoint    ] Safepoint "Cleanup", Time since last: 1000120116 ns, Reaching safepoint: 100174 ns, At safepoint: 4638 ns, Total: 104812 ns
[2020-05-16T10:12:04.664+0000][15960][safepoint    ] Safepoint "Cleanup", Time since last: 1000604753 ns, Reaching safepoint: 110841 ns, At safepoint: 4637 ns, Total: 115478 ns
[2020-05-16T10:12:05.665+0000][15960][safepoint    ] Safepoint "Cleanup", Time since last: 1000862145 ns, Reaching safepoint: 122898 ns, At safepoint: 4638 ns, Total: 127536 ns
[2020-05-16T10:12:07.666+0000][15960][safepoint    ] Safepoint "Cleanup", Time since last: 2000618203 ns, Reaching safepoint: 129391 ns, At safepoint: 7420 ns, Total: 136811 ns
[2020-05-16T10:12:09.666+0000][15960][safepoint    ] Safepoint "Cleanup", Time since last: 2000224928 ns, Reaching safepoint: 102956 ns, At safepoint: 4638 ns, Total: 107594 ns
[2020-05-16T10:12:11.666+0000][15960][safepoint    ] Safepoint "Cleanup", Time since last: 2000172985 ns, Reaching safepoint: 113623 ns, At safepoint: 4638 ns, Total: 118261 ns
[2020-05-16T10:12:12.667+0000][15960][safepoint    ] Safepoint "Cleanup", Time since last: 1000377043 ns, Reaching safepoint: 118261 ns, At safepoint: 4638 ns, Total: 122899 ns
[2020-05-16T10:12:13.667+0000][15960][safepoint    ] Safepoint "Cleanup", Time since last: 1000236058 ns, Reaching safepoint: 118724 ns, At safepoint: 4174 ns, Total: 122898 ns
[2020-05-16T10:12:14.668+0000][15960][safepoint    ] Safepoint "Cleanup", Time since last: 1000280116 ns, Reaching safepoint: 114551 ns, At safepoint: 4637 ns, Total: 119188 ns
[2020-05-16T10:12:15.668+0000][15960][safepoint    ] Safepoint "Cleanup", Time since last: 1000381681 ns, Reaching safepoint: 116406 ns, At safepoint: 4638 ns, Total: 121044 ns
[2020-05-16T10:12:16.669+0000][15960][safepoint    ] Safepoint "Cleanup", Time since last: 1000346898 ns, Reaching safepoint: 98319 ns, At safepoint: 4638 ns, Total: 102957 ns
[2020-05-16T10:12:17.669+0000][15960][safepoint    ] Safepoint "Cleanup", Time since last: 1000837101 ns, Reaching safepoint: 137739 ns, At safepoint: 7420 ns, Total: 145159 ns
[2020-05-16T10:12:18.670+0000][15960][safepoint    ] Safepoint "Cleanup", Time since last: 1000561623 ns, Reaching safepoint: 98783 ns, At safepoint: 6028 ns, Total: 104811 ns
[2020-05-16T10:12:19.673+0000][15960][safepoint    ] Safepoint "Cleanup", Time since last: 1002778434 ns, Reaching safepoint: 107130 ns, At safepoint: 4174 ns, Total: 111304 ns
[2020-05-16T10:12:20.674+0000][15960][safepoint    ] Safepoint "Cleanup", Time since last: 1000256000 ns, Reaching safepoint: 104812 ns, At safepoint: 4174 ns, Total: 108986 ns
[2020-05-16T10:12:21.674+0000][15960][safepoint    ] Safepoint "Cleanup", Time since last: 1000097855 ns, Reaching safepoint: 83942 ns, At safepoint: 3246 ns, Total: 87188 ns
[2020-05-16T10:12:22.674+0000][15960][safepoint    ] Safepoint "Cleanup", Time since last: 1000433159 ns, Reaching safepoint: 111305 ns, At safepoint: 4173 ns, Total: 115478 ns
[2020-05-16T10:12:23.674+0000][15960][safepoint    ] Safepoint "Cleanup", Time since last: 1000062145 ns, Reaching safepoint: 188754 ns, At safepoint: 10203 ns, Total: 198957 ns
[2020-05-16T10:12:24.675+0000][15960][safepoint    ] Safepoint "Cleanup", Time since last: 1000769391 ns, Reaching safepoint: 121971 ns, At safepoint: 5101 ns, Total: 127072 ns
[2020-05-16T10:12:25.676+0000][15960][safepoint    ] Safepoint "Cleanup", Time since last: 1000556058 ns, Reaching safepoint: 107594 ns, At safepoint: 6029 ns, Total: 113623 ns
[2020-05-16T10:12:27.676+0000][15960][safepoint    ] Safepoint "Cleanup", Time since last: 2000224927 ns, Reaching safepoint: 129392 ns, At safepoint: 5101 ns, Total: 134493 ns
[2020-05-16T10:12:28.677+0000][15960][safepoint    ] Safepoint "Cleanup", Time since last: 1000605681 ns, Reaching safepoint: 141913 ns, At safepoint: 5565 ns, Total: 147478 ns
[2020-05-16T10:12:29.678+0000][15960][safepoint    ] Safepoint "Cleanup", Time since last: 1000767536 ns, Reaching safepoint: 117333 ns, At safepoint: 4638 ns, Total: 121971 ns
[2020-05-16T10:12:30.678+0000][15960][safepoint    ] Safepoint "Cleanup", Time since last: 1000344580 ns, Reaching safepoint: 132637 ns, At safepoint: 7884 ns, Total: 140521 ns
[2020-05-16T10:12:31.679+0000][15960][safepoint    ] Safepoint "Cleanup", Time since last: 1000532406 ns, Reaching safepoint: 125681 ns, At safepoint: 5565 ns, Total: 131246 ns
[2020-05-16T10:12:32.680+0000][15960][safepoint    ] Safepoint "Cleanup", Time since last: 1000268522 ns, Reaching safepoint: 117797 ns, At safepoint: 5565 ns, Total: 123362 ns
[2020-05-16T10:12:33.680+0000][15960][safepoint    ] Safepoint "Cleanup", Time since last: 1000576463 ns, Reaching safepoint: 140522 ns, At safepoint: 5565 ns, Total: 146087 ns
[2020-05-16T10:12:34.681+0000][15960][safepoint    ] Safepoint "Cleanup", Time since last: 1000337160 ns, Reaching safepoint: 130318 ns, At safepoint: 6957 ns, Total: 137275 ns
[2020-05-16T10:12:36.681+0000][15960][safepoint    ] Safepoint "Cleanup", Time since last: 2000211942 ns, Reaching safepoint: 183188 ns, At safepoint: 6957 ns, Total: 190145 ns
[2020-05-16T10:12:37.682+0000][15960][safepoint    ] Safepoint "Cleanup", Time since last: 1000469333 ns, Reaching safepoint: 110377 ns, At safepoint: 5101 ns, Total: 115478 ns
[2020-05-16T10:12:38.705+0000][15960][safepoint    ] Safepoint "Cleanup", Time since last: 1000749913 ns, Reaching safepoint: 22066540 ns, At safepoint: 38957 ns, Total: 22105497 ns
[2020-05-16T10:12:39.705+0000][15960][safepoint    ] Safepoint "Cleanup", Time since last: 1000590376 ns, Reaching safepoint: 115942 ns, At safepoint: 5565 ns, Total: 121507 ns
[2020-05-16T10:12:40.706+0000][15960][safepoint    ] Safepoint "Cleanup", Time since last: 1000399768 ns, Reaching safepoint: 89508 ns, At safepoint: 3710 ns, Total: 93218 ns
[2020-05-16T10:12:41.707+0000][15960][safepoint    ] Safepoint "Cleanup", Time since last: 1000698434 ns, Reaching safepoint: 98319 ns, At safepoint: 4174 ns, Total: 102493 ns
[2020-05-16T10:12:42.708+0000][15960][safepoint    ] Safepoint "Cleanup", Time since last: 1000812985 ns, Reaching safepoint: 118261 ns, At safepoint: 6956 ns, Total: 125217 ns
[2020-05-16T10:12:43.708+0000][15960][safepoint    ] Safepoint "Cleanup", Time since last: 1000636290 ns, Reaching safepoint: 115478 ns, At safepoint: 5565 ns, Total: 121043 ns
[2020-05-16T10:12:44.709+0000][15960][safepoint    ] Safepoint "Cleanup", Time since last: 1000090899 ns, Reaching safepoint: 139130 ns, At safepoint: 8348 ns, Total: 147478 ns
[2020-05-16T10:12:45.709+0000][15960][safepoint    ] Safepoint "Cleanup", Time since last: 1000320464 ns, Reaching safepoint: 130318 ns, At safepoint: 7884 ns, Total: 138202 ns
[2020-05-16T10:12:46.709+0000][15960][safepoint    ] Safepoint "Cleanup", Time since last: 1000020870 ns, Reaching safepoint: 119652 ns, At safepoint: 4638 ns, Total: 124290 ns
[2020-05-16T10:12:47.710+0000][15960][safepoint    ] Safepoint "Cleanup", Time since last: 1000435014 ns, Reaching safepoint: 135420 ns, At safepoint: 5566 ns, Total: 140986 ns
[2020-05-16T10:12:48.710+0000][15960][safepoint    ] Safepoint "Cleanup", Time since last: 1000552811 ns, Reaching safepoint: 162319 ns, At safepoint: 6956 ns, Total: 169275 ns
[2020-05-16T10:12:49.711+0000][15960][safepoint    ] Safepoint "Cleanup", Time since last: 1000166493 ns, Reaching safepoint: 159536 ns, At safepoint: 9739 ns, Total: 169275 ns
[2020-05-16T10:12:50.711+0000][15960][safepoint    ] Safepoint "Cleanup", Time since last: 1000009739 ns, Reaching safepoint: 152116 ns, At safepoint: 8812 ns, Total: 160928 ns
[2020-05-16T10:12:51.712+0000][15960][safepoint    ] Safepoint "Cleanup", Time since last: 1000620985 ns, Reaching safepoint: 110377 ns, At safepoint: 5101 ns, Total: 115478 ns
[2020-05-16T10:12:52.770+0000][15960][safepoint    ] Safepoint "Cleanup", Time since last: 1058423625 ns, Reaching safepoint: 132174 ns, At safepoint: 4638 ns, Total: 136812 ns
[2020-05-16T10:12:53.771+0000][15960][safepoint    ] Safepoint "Cleanup", Time since last: 1000283362 ns, Reaching safepoint: 128927 ns, At safepoint: 7884 ns, Total: 136811 ns
[2020-05-16T10:12:54.771+0000][15960][safepoint    ] Safepoint "Cleanup", Time since last: 1000501797 ns, Reaching safepoint: 150261 ns, At safepoint: 6029 ns, Total: 156290 ns
[2020-05-16T10:12:55.772+0000][15960][safepoint    ] Safepoint "Cleanup", Time since last: 1000105739 ns, Reaching safepoint: 125681 ns, At safepoint: 5102 ns, Total: 130783 ns
[2020-05-16T10:12:56.772+0000][15960][safepoint    ] Safepoint "Cleanup", Time since last: 1000121043 ns, Reaching safepoint: 134029 ns, At safepoint: 7420 ns, Total: 141449 ns
[2020-05-16T10:12:58.772+0000][15960][safepoint    ] Safepoint "Cleanup", Time since last: 1999979595 ns, Reaching safepoint: 161391 ns, At safepoint: 7884 ns, Total: 169275 ns
[2020-05-16T10:12:59.772+0000][15960][safepoint    ] Safepoint "Cleanup", Time since last: 1000384000 ns, Reaching safepoint: 125681 ns, At safepoint: 5565 ns, Total: 131246 ns
[2020-05-16T10:13:00.773+0000][15960][safepoint    ] Safepoint "Cleanup", Time since last: 1000395594 ns, Reaching safepoint: 146087 ns, At safepoint: 7420 ns, Total: 153507 ns
[2020-05-16T10:13:01.774+0000][15960][safepoint    ] Safepoint "Cleanup", Time since last: 1000608927 ns, Reaching safepoint: 121044 ns, At safepoint: 6029 ns, Total: 127073 ns
[2020-05-16T10:13:02.775+0000][15960][safepoint    ] Safepoint "Cleanup", Time since last: 1000862144 ns, Reaching safepoint: 99711 ns, At safepoint: 5565 ns, Total: 105276 ns
[2020-05-16T10:13:03.775+0000][15960][safepoint    ] Safepoint "Cleanup", Time since last: 1000077449 ns, Reaching safepoint: 127536 ns, At safepoint: 5565 ns, Total: 133101 ns
[2020-05-16T10:13:04.775+0000][15960][safepoint    ] Safepoint "Cleanup", Time since last: 1000297739 ns, Reaching safepoint: 140058 ns, At safepoint: 5565 ns, Total: 145623 ns
[2020-05-16T10:13:05.776+0000][15960][safepoint    ] Safepoint "Cleanup", Time since last: 1000640464 ns, Reaching safepoint: 135420 ns, At safepoint: 4638 ns, Total: 140058 ns
[2020-05-16T10:13:06.777+0000][15960][safepoint    ] Safepoint "Cleanup", Time since last: 1000640000 ns, Reaching safepoint: 142840 ns, At safepoint: 6493 ns, Total: 149333 ns
[2020-05-16T10:13:07.777+0000][15960][safepoint    ] Safepoint "Cleanup", Time since last: 1000343188 ns, Reaching safepoint: 121507 ns, At safepoint: 5102 ns, Total: 126609 ns
[2020-05-16T10:13:08.778+0000][15960][safepoint    ] Safepoint "Cleanup", Time since last: 1000906666 ns, Reaching safepoint: 154435 ns, At safepoint: 5565 ns, Total: 160000 ns
[2020-05-16T10:13:09.779+0000][15960][safepoint    ] Safepoint "Cleanup", Time since last: 1000739710 ns, Reaching safepoint: 114550 ns, At safepoint: 5102 ns, Total: 119652 ns
[2020-05-16T10:13:10.780+0000][15960][safepoint    ] Safepoint "Cleanup", Time since last: 1000428058 ns, Reaching safepoint: 139130 ns, At safepoint: 5101 ns, Total: 144231 ns
[2020-05-16T10:13:12.641+0000][15960][safepoint    ] Safepoint "Cleanup", Time since last: 1861364934 ns, Reaching safepoint: 162319 ns, At safepoint: 11594 ns, Total: 173913 ns
[2020-05-16T10:13:13.642+0000][15960][safepoint    ] Safepoint "Cleanup", Time since last: 1000345971 ns, Reaching safepoint: 102029 ns, At safepoint: 4638 ns, Total: 106667 ns
[2020-05-16T10:13:14.642+0000][15960][safepoint    ] Safepoint "Cleanup", Time since last: 1000253681 ns, Reaching safepoint: 111768 ns, At safepoint: 6029 ns, Total: 117797 ns
[2020-05-16T10:13:15.643+0000][15960][safepoint    ] Safepoint "Cleanup", Time since last: 1000079768 ns, Reaching safepoint: 102956 ns, At safepoint: 5102 ns, Total: 108058 ns
[2020-05-16T10:13:16.643+0000][15960][safepoint    ] Safepoint "Cleanup", Time since last: 1000408116 ns, Reaching safepoint: 128463 ns, At safepoint: 6957 ns, Total: 135420 ns
[2020-05-16T10:13:17.643+0000][15960][safepoint    ] Safepoint "Cleanup", Time since last: 1000274550 ns, Reaching safepoint: 128000 ns, At safepoint: 6029 ns, Total: 134029 ns
[2020-05-16T10:13:18.644+0000][15960][safepoint    ] Safepoint "Cleanup", Time since last: 1000091363 ns, Reaching safepoint: 119652 ns, At safepoint: 4637 ns, Total: 124289 ns
[2020-05-16T10:13:19.645+0000][15960][safepoint    ] Safepoint "Cleanup", Time since last: 1000795362 ns, Reaching safepoint: 116406 ns, At safepoint: 15768 ns, Total: 132174 ns
[2020-05-16T10:13:20.645+0000][15960][safepoint    ] Safepoint "Cleanup", Time since last: 1000070029 ns, Reaching safepoint: 122435 ns, At safepoint: 5565 ns, Total: 128000 ns
[2020-05-16T10:13:21.646+0000][15960][safepoint    ] Safepoint "Cleanup", Time since last: 1000662724 ns, Reaching safepoint: 84406 ns, At safepoint: 3246 ns, Total: 87652 ns
[2020-05-16T10:13:22.646+0000][15960][safepoint    ] Safepoint "Cleanup", Time since last: 1000140986 ns, Reaching safepoint: 105275 ns, At safepoint: 4638 ns, Total: 109913 ns
[2020-05-16T10:13:23.647+0000][15960][safepoint    ] Safepoint "Cleanup", Time since last: 1000653913 ns, Reaching safepoint: 128000 ns, At safepoint: 5565 ns, Total: 133565 ns
[2020-05-16T10:13:24.647+0000][15960][safepoint    ] Safepoint "Cleanup", Time since last: 1000495768 ns, Reaching safepoint: 113623 ns, At safepoint: 4638 ns, Total: 118261 ns
[2020-05-16T10:13:25.882+0000][15960][gc,start     ] GC(35) Pause Young (Normal) (G1 Evacuation Pause)
[2020-05-16T10:13:25.882+0000][15960][gc,task      ] GC(35) Using 4 workers of 4 for evacuation
[2020-05-16T10:13:25.882+0000][15960][gc,age       ] GC(35) Desired survivor size 40370176 bytes, new threshold 15 (max threshold 15)
[2020-05-16T10:13:26.013+0000][15960][gc,age       ] GC(35) Age table with threshold 15 (max threshold 15)
[2020-05-16T10:13:26.013+0000][15960][gc,age       ] GC(35) - age   1:     138264 bytes,     138264 total
[2020-05-16T10:13:26.013+0000][15960][gc,age       ] GC(35) - age   2:        616 bytes,     138880 total
[2020-05-16T10:13:26.013+0000][15960][gc,age       ] GC(35) - age   3:       2216 bytes,     141096 total
[2020-05-16T10:13:26.013+0000][15960][gc,age       ] GC(35) - age   4:       1472 bytes,     142568 total
[2020-05-16T10:13:26.013+0000][15960][gc,age       ] GC(35) - age   5:       2112 bytes,     144680 total
[2020-05-16T10:13:26.013+0000][15960][gc,age       ] GC(35) - age   6:         64 bytes,     144744 total
[2020-05-16T10:13:26.013+0000][15960][gc,age       ] GC(35) - age   7:       6240 bytes,     150984 total
[2020-05-16T10:13:26.013+0000][15960][gc,age       ] GC(35) - age   8:       7424 bytes,     158408 total
[2020-05-16T10:13:26.013+0000][15960][gc,age       ] GC(35) - age   9:       6808 bytes,     165216 total
[2020-05-16T10:13:26.013+0000][15960][gc,age       ] GC(35) - age  10:       4896 bytes,     170112 total
[2020-05-16T10:13:26.013+0000][15960][gc,age       ] GC(35) - age  11:      39184 bytes,     209296 total
[2020-05-16T10:13:26.013+0000][15960][gc,age       ] GC(35) - age  12:     601944 bytes,     811240 total
[2020-05-16T10:13:26.013+0000][15960][gc,age       ] GC(35) - age  13:       6560 bytes,     817800 total
[2020-05-16T10:13:26.013+0000][15960][gc,age       ] GC(35) - age  14:      60624 bytes,     878424 total
[2020-05-16T10:13:26.013+0000][15960][gc,age       ] GC(35) - age  15:     254280 bytes,    1132704 total
[2020-05-16T10:13:26.013+0000][15960][gc,phases    ] GC(35)   Pre Evacuate Collection Set: 1.3ms
[2020-05-16T10:13:26.013+0000][15960][gc,phases    ] GC(35)   Merge Heap Roots: 0.3ms
[2020-05-16T10:13:26.013+0000][15960][gc,phases    ] GC(35)   Evacuate Collection Set: 125.6ms
[2020-05-16T10:13:26.013+0000][15960][gc,phases    ] GC(35)   Post Evacuate Collection Set: 2.8ms
[2020-05-16T10:13:26.013+0000][15960][gc,phases    ] GC(35)   Other: 1.2ms
[2020-05-16T10:13:26.013+0000][15960][gc,heap      ] GC(35) Eden regions: 612->0(612)
[2020-05-16T10:13:26.013+0000][15960][gc,heap      ] GC(35) Survivor regions: 2->2(77)
[2020-05-16T10:13:26.013+0000][15960][gc,heap      ] GC(35) Old regions: 70->70
[2020-05-16T10:13:26.013+0000][15960][gc,heap      ] GC(35) Archive regions: 0->0
[2020-05-16T10:13:26.013+0000][15960][gc,heap      ] GC(35) Humongous regions: 7->7
[2020-05-16T10:13:26.013+0000][15960][gc,metaspace ] GC(35) Metaspace: 97492K(105124K)->97492K(105124K) NonClass: 84690K(89176K)->84690K(89176K) Class: 12801K(15948K)->12801K(15948K)
[2020-05-16T10:13:26.049+0000][15960][gc           ] GC(35) Pause Young (Normal) (G1 Evacuation Pause) 690M->78M(1024M) 148.889ms
[2020-05-16T10:13:26.049+0000][15960][gc,cpu       ] GC(35) User=0.05s Sys=0.06s Real=0.17s
[2020-05-16T10:13:26.049+0000][15960][safepoint    ] Safepoint "G1CollectForAllocation", Time since last: 1234801514 ns, Reaching safepoint: 118261 ns, At safepoint: 167532444 ns, Total: 167650705 ns
[2020-05-16T10:13:28.050+0000][15960][safepoint    ] Safepoint "Cleanup", Time since last: 2000134492 ns, Reaching safepoint: 150725 ns, At safepoint: 8812 ns, Total: 159537 ns
[2020-05-16T10:13:29.051+0000][15960][safepoint    ] Safepoint "Cleanup", Time since last: 1000582956 ns, Reaching safepoint: 191072 ns, At safepoint: 9275 ns, Total: 200347 ns
[2020-05-16T10:13:30.051+0000][15960][safepoint    ] Safepoint "Cleanup", Time since last: 1000172058 ns, Reaching safepoint: 130783 ns, At safepoint: 7884 ns, Total: 138667 ns
[2020-05-16T10:13:32.052+0000][15960][safepoint    ] Safepoint "Cleanup", Time since last: 2000845449 ns, Reaching safepoint: 145623 ns, At safepoint: 6029 ns, Total: 151652 ns
[2020-05-16T10:13:34.053+0000][15960][safepoint    ] Safepoint "Cleanup", Time since last: 2000638608 ns, Reaching safepoint: 133566 ns, At safepoint: 8347 ns, Total: 141913 ns
[2020-05-16T10:13:35.053+0000][15960][safepoint    ] Safepoint "Cleanup", Time since last: 1000277334 ns, Reaching safepoint: 110840 ns, At safepoint: 5102 ns, Total: 115942 ns
[2020-05-16T10:13:36.054+0000][15960][safepoint    ] Safepoint "Cleanup", Time since last: 1000467941 ns, Reaching safepoint: 123826 ns, At safepoint: 7421 ns, Total: 131247 ns
[2020-05-16T10:13:37.055+0000][15960][safepoint    ] Safepoint "Cleanup", Time since last: 1000653912 ns, Reaching safepoint: 120580 ns, At safepoint: 5565 ns, Total: 126145 ns
[2020-05-16T10:13:39.056+0000][15960][safepoint    ] Safepoint "Cleanup", Time since last: 2000822725 ns, Reaching safepoint: 134956 ns, At safepoint: 7420 ns, Total: 142376 ns
[2020-05-16T10:13:41.056+0000][15960][safepoint    ] Safepoint "Cleanup", Time since last: 2000726725 ns, Reaching safepoint: 147478 ns, At safepoint: 7420 ns, Total: 154898 ns
[2020-05-16T10:13:42.057+0000][15960][safepoint    ] Safepoint "Cleanup", Time since last: 1000754550 ns, Reaching safepoint: 123363 ns, At safepoint: 5565 ns, Total: 128928 ns
[2020-05-16T10:13:44.058+0000][15960][safepoint    ] Safepoint "Cleanup", Time since last: 2000731826 ns, Reaching safepoint: 143768 ns, At safepoint: 6492 ns, Total: 150260 ns
[2020-05-16T10:13:45.059+0000][15960][safepoint    ] Safepoint "Cleanup", Time since last: 1000353392 ns, Reaching safepoint: 156289 ns, At safepoint: 6957 ns, Total: 163246 ns
[2020-05-16T10:13:47.060+0000][15960][safepoint    ] Safepoint "Cleanup", Time since last: 2000703536 ns, Reaching safepoint: 128000 ns, At safepoint: 6493 ns, Total: 134493 ns
[2020-05-16T10:13:48.060+0000][15960][safepoint    ] Safepoint "Cleanup", Time since last: 1000530550 ns, Reaching safepoint: 128000 ns, At safepoint: 6029 ns, Total: 134029 ns
[2020-05-16T10:13:49.061+0000][15960][safepoint    ] Safepoint "Cleanup", Time since last: 1000445681 ns, Reaching safepoint: 131246 ns, At safepoint: 7884 ns, Total: 139130 ns
[2020-05-16T10:13:50.061+0000][15960][safepoint    ] Safepoint "Cleanup", Time since last: 1000125681 ns, Reaching safepoint: 147015 ns, At safepoint: 8348 ns, Total: 155363 ns
[2020-05-16T10:13:51.062+0000][15960][safepoint    ] Safepoint "Cleanup", Time since last: 1000436405 ns, Reaching safepoint: 143304 ns, At safepoint: 5566 ns, Total: 148870 ns
[2020-05-16T10:13:52.062+0000][15960][safepoint    ] Safepoint "Cleanup", Time since last: 1000262492 ns, Reaching safepoint: 140058 ns, At safepoint: 6493 ns, Total: 146551 ns
[2020-05-16T10:13:54.063+0000][15960][safepoint    ] Safepoint "Cleanup", Time since last: 2000758260 ns, Reaching safepoint: 114551 ns, At safepoint: 5565 ns, Total: 120116 ns
[2020-05-16T10:13:55.063+0000][15960][safepoint    ] Safepoint "Cleanup", Time since last: 1000211942 ns, Reaching safepoint: 131710 ns, At safepoint: 4174 ns, Total: 135884 ns
[2020-05-16T10:13:56.064+0000][15960][safepoint    ] Safepoint "Cleanup", Time since last: 1000226319 ns, Reaching safepoint: 139130 ns, At safepoint: 9740 ns, Total: 148870 ns
[2020-05-16T10:13:57.064+0000][15960][safepoint    ] Safepoint "Cleanup", Time since last: 1000694724 ns, Reaching safepoint: 147014 ns, At safepoint: 6029 ns, Total: 153043 ns
[2020-05-16T10:13:59.065+0000][15960][safepoint    ] Safepoint "Cleanup", Time since last: 1999952696 ns, Reaching safepoint: 125217 ns, At safepoint: 5102 ns, Total: 130319 ns
[2020-05-16T10:14:01.065+0000][15960][safepoint    ] Safepoint "Cleanup", Time since last: 2000083014 ns, Reaching safepoint: 157217 ns, At safepoint: 8812 ns, Total: 166029 ns
[2020-05-16T10:14:03.065+0000][15960][safepoint    ] Safepoint "Cleanup", Time since last: 2000436869 ns, Reaching safepoint: 139595 ns, At safepoint: 5565 ns, Total: 145160 ns
[2020-05-16T10:14:04.066+0000][15960][safepoint    ] Safepoint "Cleanup", Time since last: 1000060753 ns, Reaching safepoint: 156754 ns, At safepoint: 9275 ns, Total: 166029 ns
[2020-05-16T10:14:05.066+0000][15960][safepoint    ] Safepoint "Cleanup", Time since last: 1000473507 ns, Reaching safepoint: 75131 ns, At safepoint: 3246 ns, Total: 78377 ns
[2020-05-16T10:14:06.067+0000][15960][safepoint    ] Safepoint "Cleanup", Time since last: 1000362667 ns, Reaching safepoint: 150724 ns, At safepoint: 9739 ns, Total: 160463 ns
[2020-05-16T10:14:07.067+0000][15960][safepoint    ] Safepoint "Cleanup", Time since last: 1000179478 ns, Reaching safepoint: 131711 ns, At safepoint: 6029 ns, Total: 137740 ns
[2020-05-16T10:14:08.068+0000][15960][safepoint    ] Safepoint "Cleanup", Time since last: 1000672927 ns, Reaching safepoint: 136811 ns, At safepoint: 6029 ns, Total: 142840 ns
[2020-05-16T10:14:10.068+0000][15960][safepoint    ] Safepoint "Cleanup", Time since last: 2000207768 ns, Reaching safepoint: 147015 ns, At safepoint: 5565 ns, Total: 152580 ns
[2020-05-16T10:14:11.069+0000][15960][safepoint    ] Safepoint "Cleanup", Time since last: 1000319072 ns, Reaching safepoint: 127073 ns, At safepoint: 7420 ns, Total: 134493 ns
[2020-05-16T10:14:12.069+0000][15960][safepoint    ] Safepoint "Cleanup", Time since last: 1000467478 ns, Reaching safepoint: 146087 ns, At safepoint: 5101 ns, Total: 151188 ns
[2020-05-16T10:14:13.070+0000][15960][safepoint    ] Safepoint "Cleanup", Time since last: 1000527768 ns, Reaching safepoint: 116870 ns, At safepoint: 6029 ns, Total: 122899 ns
[2020-05-16T10:14:14.070+0000][15960][safepoint    ] Safepoint "Cleanup", Time since last: 1000287072 ns, Reaching safepoint: 137275 ns, At safepoint: 6029 ns, Total: 143304 ns
[2020-05-16T10:14:15.071+0000][15960][safepoint    ] Safepoint "Cleanup", Time since last: 1000756869 ns, Reaching safepoint: 137276 ns, At safepoint: 5565 ns, Total: 142841 ns
[2020-05-16T10:14:16.072+0000][15960][safepoint    ] Safepoint "Cleanup", Time since last: 1000707710 ns, Reaching safepoint: 128000 ns, At safepoint: 5565 ns, Total: 133565 ns
[2020-05-16T10:14:17.073+0000][15960][safepoint    ] Safepoint "Cleanup", Time since last: 1000626087 ns, Reaching safepoint: 131246 ns, At safepoint: 6029 ns, Total: 137275 ns
[2020-05-16T10:14:18.526+0000][15960][safepoint    ] Safepoint "Cleanup", Time since last: 1453467152 ns, Reaching safepoint: 144232 ns, At safepoint: 9275 ns, Total: 153507 ns
[2020-05-16T10:14:19.527+0000][15960][safepoint    ] Safepoint "Cleanup", Time since last: 1000209623 ns, Reaching safepoint: 133102 ns, At safepoint: 7420 ns, Total: 140522 ns
[2020-05-16T10:14:20.527+0000][15960][safepoint    ] Safepoint "Cleanup", Time since last: 1000089507 ns, Reaching safepoint: 139130 ns, At safepoint: 5566 ns, Total: 144696 ns
[2020-05-16T10:14:21.528+0000][15960][safepoint    ] Safepoint "Cleanup", Time since last: 1000370550 ns, Reaching safepoint: 127073 ns, At safepoint: 7884 ns, Total: 134957 ns
[2020-05-16T10:14:22.528+0000][15960][safepoint    ] Safepoint "Cleanup", Time since last: 1000276405 ns, Reaching safepoint: 145160 ns, At safepoint: 6492 ns, Total: 151652 ns
[2020-05-16T10:14:24.529+0000][15960][safepoint    ] Safepoint "Cleanup", Time since last: 2000653913 ns, Reaching safepoint: 145160 ns, At safepoint: 8347 ns, Total: 153507 ns
[2020-05-16T10:14:26.529+0000][15960][safepoint    ] Safepoint "Cleanup", Time since last: 2000134957 ns, Reaching safepoint: 128000 ns, At safepoint: 5101 ns, Total: 133101 ns
[2020-05-16T10:14:27.530+0000][15960][safepoint    ] Safepoint "Cleanup", Time since last: 1000483710 ns, Reaching safepoint: 160000 ns, At safepoint: 8812 ns, Total: 168812 ns
[2020-05-16T10:14:29.531+0000][15960][safepoint    ] Safepoint "Cleanup", Time since last: 2000850086 ns, Reaching safepoint: 115015 ns, At safepoint: 5565 ns, Total: 120580 ns
[2020-05-16T10:14:30.532+0000][15960][safepoint    ] Safepoint "Cleanup", Time since last: 1000892289 ns, Reaching safepoint: 152580 ns, At safepoint: 9275 ns, Total: 161855 ns
[2020-05-16T10:14:31.532+0000][15960][safepoint    ] Safepoint "Cleanup", Time since last: 1000515246 ns, Reaching safepoint: 124290 ns, At safepoint: 5565 ns, Total: 129855 ns
[2020-05-16T10:14:32.533+0000][15960][safepoint    ] Safepoint "Cleanup", Time since last: 1000345508 ns, Reaching safepoint: 140985 ns, At safepoint: 6493 ns, Total: 147478 ns
[2020-05-16T10:14:34.533+0000][15960][safepoint    ] Safepoint "Cleanup", Time since last: 2000133101 ns, Reaching safepoint: 128928 ns, At safepoint: 5565 ns, Total: 134493 ns
[2020-05-16T10:14:35.534+0000][15960][safepoint    ] Safepoint "Cleanup", Time since last: 1000306087 ns, Reaching safepoint: 131710 ns, At safepoint: 6029 ns, Total: 137739 ns
[2020-05-16T10:14:36.534+0000][15960][safepoint    ] Safepoint "Cleanup", Time since last: 1000700753 ns, Reaching safepoint: 129391 ns, At safepoint: 6029 ns, Total: 135420 ns
[2020-05-16T10:14:37.535+0000][15960][safepoint    ] Safepoint "Cleanup", Time since last: 1000806493 ns, Reaching safepoint: 111768 ns, At safepoint: 6492 ns, Total: 118260 ns
[2020-05-16T10:14:38.536+0000][15960][safepoint    ] Safepoint "Cleanup", Time since last: 1000110841 ns, Reaching safepoint: 147478 ns, At safepoint: 7420 ns, Total: 154898 ns
[2020-05-16T10:14:40.537+0000][15960][safepoint    ] Safepoint "Cleanup", Time since last: 2000762435 ns, Reaching safepoint: 104811 ns, At safepoint: 3247 ns, Total: 108058 ns
[2020-05-16T10:14:42.537+0000][15960][safepoint    ] Safepoint "Cleanup", Time since last: 1999963362 ns, Reaching safepoint: 98319 ns, At safepoint: 3246 ns, Total: 101565 ns
[2020-05-16T10:14:44.537+0000][15960][safepoint    ] Safepoint "Cleanup", Time since last: 2000207768 ns, Reaching safepoint: 135884 ns, At safepoint: 5102 ns, Total: 140986 ns
[2020-05-16T10:14:45.538+0000][15960][safepoint    ] Safepoint "Cleanup", Time since last: 1000510608 ns, Reaching safepoint: 143768 ns, At safepoint: 5565 ns, Total: 149333 ns
[2020-05-16T10:14:46.538+0000][15960][safepoint    ] Safepoint "Cleanup", Time since last: 1000776812 ns, Reaching safepoint: 151188 ns, At safepoint: 4638 ns, Total: 155826 ns
[2020-05-16T10:14:47.551+0000][15960][safepoint    ] Safepoint "Cleanup", Time since last: 1000238840 ns, Reaching safepoint: 11980980 ns, At safepoint: 20406 ns, Total: 12001386 ns
[2020-05-16T10:14:48.551+0000][15960][safepoint    ] Safepoint "Cleanup", Time since last: 1000162782 ns, Reaching safepoint: 223537 ns, At safepoint: 7420 ns, Total: 230957 ns
[2020-05-16T10:14:49.552+0000][15960][safepoint    ] Safepoint "Cleanup", Time since last: 1000636289 ns, Reaching safepoint: 138203 ns, At safepoint: 5102 ns, Total: 143305 ns
[2020-05-16T10:14:50.553+0000][15960][safepoint    ] Safepoint "Cleanup", Time since last: 1000593623 ns, Reaching safepoint: 116405 ns, At safepoint: 5102 ns, Total: 121507 ns
[2020-05-16T10:14:51.553+0000][15960][safepoint    ] Safepoint "Cleanup", Time since last: 1000636289 ns, Reaching safepoint: 141450 ns, At safepoint: 5101 ns, Total: 146551 ns
[2020-05-16T10:14:52.554+0000][15960][safepoint    ] Safepoint "Cleanup", Time since last: 1000601043 ns, Reaching safepoint: 160000 ns, At safepoint: 4638 ns, Total: 164638 ns
[2020-05-16T10:14:54.555+0000][15960][safepoint    ] Safepoint "Cleanup", Time since last: 2000465159 ns, Reaching safepoint: 140058 ns, At safepoint: 6956 ns, Total: 147014 ns
[2020-05-16T10:14:55.555+0000][15960][safepoint    ] Safepoint "Cleanup", Time since last: 1000460058 ns, Reaching safepoint: 134029 ns, At safepoint: 8812 ns, Total: 142841 ns
[2020-05-16T10:14:56.626+0000][15960][safepoint    ] Safepoint "Cleanup", Time since last: 1000146550 ns, Reaching safepoint: 70086924 ns, At safepoint: 25044 ns, Total: 70111968 ns
[2020-05-16T10:14:57.627+0000][15960][safepoint    ] Safepoint "Cleanup", Time since last: 1000688695 ns, Reaching safepoint: 159536 ns, At safepoint: 5566 ns, Total: 165102 ns
[2020-05-16T10:14:58.709+0000][15960][safepoint    ] Safepoint "Cleanup", Time since last: 1000738318 ns, Reaching safepoint: 82160658 ns, At safepoint: 187826 ns, Total: 82348484 ns
[2020-05-16T10:14:59.710+0000][15960][safepoint    ] Safepoint "Cleanup", Time since last: 1000176231 ns, Reaching safepoint: 188754 ns, At safepoint: 6493 ns, Total: 195247 ns
[2020-05-16T10:15:00.718+0000][15960][safepoint    ] Safepoint "Cleanup", Time since last: 1000763825 ns, Reaching safepoint: 7110026 ns, At safepoint: 28290 ns, Total: 7138316 ns
[2020-05-16T10:15:01.718+0000][15960][safepoint    ] Safepoint "Cleanup", Time since last: 1000288927 ns, Reaching safepoint: 131710 ns, At safepoint: 7421 ns, Total: 139131 ns
[2020-05-16T10:15:02.719+0000][15960][safepoint    ] Safepoint "Cleanup", Time since last: 1000753159 ns, Reaching safepoint: 138666 ns, At safepoint: 5102 ns, Total: 143768 ns
[2020-05-16T10:15:03.720+0000][15960][safepoint    ] Safepoint "Cleanup", Time since last: 1000453565 ns, Reaching safepoint: 102956 ns, At safepoint: 3711 ns, Total: 106667 ns
[2020-05-16T10:15:04.721+0000][15960][safepoint    ] Safepoint "Cleanup", Time since last: 1000683593 ns, Reaching safepoint: 169739 ns, At safepoint: 10203 ns, Total: 179942 ns
[2020-05-16T10:15:05.721+0000][15960][safepoint    ] Safepoint "Cleanup", Time since last: 1000060754 ns, Reaching safepoint: 145159 ns, At safepoint: 7884 ns, Total: 153043 ns
[2020-05-16T10:15:06.722+0000][15960][safepoint    ] Safepoint "Cleanup", Time since last: 1000662261 ns, Reaching safepoint: 126145 ns, At safepoint: 6029 ns, Total: 132174 ns
[2020-05-16T10:15:07.723+0000][15960][safepoint    ] Safepoint "Cleanup", Time since last: 1000719304 ns, Reaching safepoint: 125681 ns, At safepoint: 7420 ns, Total: 133101 ns
[2020-05-16T10:15:08.723+0000][15960][safepoint    ] Safepoint "Cleanup", Time since last: 1000161391 ns, Reaching safepoint: 127073 ns, At safepoint: 5565 ns, Total: 132638 ns
[2020-05-16T10:15:09.724+0000][15960][safepoint    ] Safepoint "Cleanup", Time since last: 1000565797 ns, Reaching safepoint: 117797 ns, At safepoint: 5565 ns, Total: 123362 ns
[2020-05-16T10:15:11.724+0000][15960][safepoint    ] Safepoint "Cleanup", Time since last: 2000457739 ns, Reaching safepoint: 153971 ns, At safepoint: 7420 ns, Total: 161391 ns
[2020-05-16T10:15:12.725+0000][15960][safepoint    ] Safepoint "Cleanup", Time since last: 1000450319 ns, Reaching safepoint: 172522 ns, At safepoint: 11594 ns, Total: 184116 ns
[2020-05-16T10:15:13.725+0000][15960][safepoint    ] Safepoint "Cleanup", Time since last: 1000593159 ns, Reaching safepoint: 161391 ns, At safepoint: 9739 ns, Total: 171130 ns
[2020-05-16T10:15:14.726+0000][15960][safepoint    ] Safepoint "Cleanup", Time since last: 1000534261 ns, Reaching safepoint: 137739 ns, At safepoint: 8348 ns, Total: 146087 ns
[2020-05-16T10:15:15.727+0000][15960][safepoint    ] Safepoint "Cleanup", Time since last: 1000580173 ns, Reaching safepoint: 134957 ns, At safepoint: 5565 ns, Total: 140522 ns
[2020-05-16T10:15:16.727+0000][15960][safepoint    ] Safepoint "Cleanup", Time since last: 1000422029 ns, Reaching safepoint: 139594 ns, At safepoint: 5565 ns, Total: 145159 ns
[2020-05-16T10:15:18.728+0000][15960][safepoint    ] Safepoint "Cleanup", Time since last: 2000826435 ns, Reaching safepoint: 137275 ns, At safepoint: 5101 ns, Total: 142376 ns
[2020-05-16T10:15:20.729+0000][15960][safepoint    ] Safepoint "Cleanup", Time since last: 2000546783 ns, Reaching safepoint: 130318 ns, At safepoint: 6029 ns, Total: 136347 ns
[2020-05-16T10:15:21.730+0000][15960][safepoint    ] Safepoint "Cleanup", Time since last: 1000390493 ns, Reaching safepoint: 153043 ns, At safepoint: 9276 ns, Total: 162319 ns
[2020-05-16T10:15:22.730+0000][15960][safepoint    ] Safepoint "Cleanup", Time since last: 1000174377 ns, Reaching safepoint: 125681 ns, At safepoint: 6029 ns, Total: 131710 ns
[2020-05-16T10:15:23.731+0000][15960][safepoint    ] Safepoint "Cleanup", Time since last: 1000421101 ns, Reaching safepoint: 176695 ns, At safepoint: 6029 ns, Total: 182724 ns
[2020-05-16T10:15:24.731+0000][15960][safepoint    ] Safepoint "Cleanup", Time since last: 1000043131 ns, Reaching safepoint: 159072 ns, At safepoint: 10667 ns, Total: 169739 ns
[2020-05-16T10:15:25.731+0000][15960][safepoint    ] Safepoint "Cleanup", Time since last: 1000364985 ns, Reaching safepoint: 142841 ns, At safepoint: 8811 ns, Total: 151652 ns
[2020-05-16T10:15:27.732+0000][15960][safepoint    ] Safepoint "Cleanup", Time since last: 2000179942 ns, Reaching safepoint: 126609 ns, At safepoint: 6029 ns, Total: 132638 ns
[2020-05-16T10:15:28.753+0000][15960][safepoint    ] Safepoint "Cleanup", Time since last: 1000205913 ns, Reaching safepoint: 21435816 ns, At safepoint: 55652 ns, Total: 21491468 ns
[2020-05-16T10:15:29.754+0000][15960][safepoint    ] Safepoint "Cleanup", Time since last: 1000337623 ns, Reaching safepoint: 146551 ns, At safepoint: 6029 ns, Total: 152580 ns
[2020-05-16T10:15:31.754+0000][15960][safepoint    ] Safepoint "Cleanup", Time since last: 2000382145 ns, Reaching safepoint: 137739 ns, At safepoint: 5565 ns, Total: 143304 ns
[2020-05-16T10:15:32.755+0000][15960][safepoint    ] Safepoint "Cleanup", Time since last: 1000695188 ns, Reaching safepoint: 136348 ns, At safepoint: 7884 ns, Total: 144232 ns
[2020-05-16T10:15:33.756+0000][15960][safepoint    ] Safepoint "Cleanup", Time since last: 1000520347 ns, Reaching safepoint: 123826 ns, At safepoint: 7884 ns, Total: 131710 ns
[2020-05-16T10:15:35.756+0000][15960][safepoint    ] Safepoint "Cleanup", Time since last: 2000076058 ns, Reaching safepoint: 124290 ns, At safepoint: 4174 ns, Total: 128464 ns
[2020-05-16T10:15:36.757+0000][15960][safepoint    ] Safepoint "Cleanup", Time since last: 1000729971 ns, Reaching safepoint: 303768 ns, At safepoint: 6956 ns, Total: 310724 ns
[2020-05-16T10:15:37.758+0000][15960][safepoint    ] Safepoint "Cleanup", Time since last: 1000566725 ns, Reaching safepoint: 129391 ns, At safepoint: 5565 ns, Total: 134956 ns
[2020-05-16T10:15:38.758+0000][15960][safepoint    ] Safepoint "Cleanup", Time since last: 1000124290 ns, Reaching safepoint: 119652 ns, At safepoint: 8348 ns, Total: 128000 ns
[2020-05-16T10:15:39.759+0000][15960][safepoint    ] Safepoint "Cleanup", Time since last: 1000866782 ns, Reaching safepoint: 153971 ns, At safepoint: 6956 ns, Total: 160927 ns
[2020-05-16T10:15:40.759+0000][15960][safepoint    ] Safepoint "Cleanup", Time since last: 1000220754 ns, Reaching safepoint: 147478 ns, At safepoint: 5565 ns, Total: 153043 ns
[2020-05-16T10:15:41.760+0000][15960][safepoint    ] Safepoint "Cleanup", Time since last: 1000569971 ns, Reaching safepoint: 131246 ns, At safepoint: 6493 ns, Total: 137739 ns
[2020-05-16T10:15:42.760+0000][15960][safepoint    ] Safepoint "Cleanup", Time since last: 1000086261 ns, Reaching safepoint: 145159 ns, At safepoint: 5566 ns, Total: 150725 ns
[2020-05-16T10:15:43.761+0000][15960][safepoint    ] Safepoint "Cleanup", Time since last: 1000475362 ns, Reaching safepoint: 134956 ns, At safepoint: 7884 ns, Total: 142840 ns
[2020-05-16T10:15:44.761+0000][15960][safepoint    ] Safepoint "Cleanup", Time since last: 1000269913 ns, Reaching safepoint: 144232 ns, At safepoint: 7884 ns, Total: 152116 ns
[2020-05-16T10:15:46.762+0000][15960][safepoint    ] Safepoint "Cleanup", Time since last: 1999942493 ns, Reaching safepoint: 133565 ns, At safepoint: 7884 ns, Total: 141449 ns
[2020-05-16T10:15:47.762+0000][15960][safepoint    ] Safepoint "Cleanup", Time since last: 1000735072 ns, Reaching safepoint: 123826 ns, At safepoint: 4638 ns, Total: 128464 ns
[2020-05-16T10:15:48.763+0000][15960][safepoint    ] Safepoint "Cleanup", Time since last: 1000123826 ns, Reaching safepoint: 121507 ns, At safepoint: 6029 ns, Total: 127536 ns
[2020-05-16T10:15:49.763+0000][15960][safepoint    ] Safepoint "Cleanup", Time since last: 1000396522 ns, Reaching safepoint: 136811 ns, At safepoint: 6029 ns, Total: 142840 ns
[2020-05-16T10:15:50.764+0000][15960][safepoint    ] Safepoint "Cleanup", Time since last: 1000237449 ns, Reaching safepoint: 138203 ns, At safepoint: 7884 ns, Total: 146087 ns
[2020-05-16T10:15:51.764+0000][15960][safepoint    ] Safepoint "Cleanup", Time since last: 1000601043 ns, Reaching safepoint: 146087 ns, At safepoint: 6493 ns, Total: 152580 ns
[2020-05-16T10:15:52.765+0000][15960][safepoint    ] Safepoint "Cleanup", Time since last: 1000397449 ns, Reaching safepoint: 127536 ns, At safepoint: 5102 ns, Total: 132638 ns
[2020-05-16T10:15:53.766+0000][15960][safepoint    ] Safepoint "Cleanup", Time since last: 1000790260 ns, Reaching safepoint: 134957 ns, At safepoint: 6492 ns, Total: 141449 ns
[2020-05-16T10:15:54.766+0000][15960][safepoint    ] Safepoint "Cleanup", Time since last: 1000546783 ns, Reaching safepoint: 147942 ns, At safepoint: 7884 ns, Total: 155826 ns
[2020-05-16T10:15:55.767+0000][15960][safepoint    ] Safepoint "Cleanup", Time since last: 1000237913 ns, Reaching safepoint: 136811 ns, At safepoint: 8348 ns, Total: 145159 ns
[2020-05-16T10:15:57.356+0000][15960][safepoint    ] Safepoint "Cleanup", Time since last: 1588781176 ns, Reaching safepoint: 132174 ns, At safepoint: 6493 ns, Total: 138667 ns
[2020-05-16T10:15:58.356+0000][15960][safepoint    ] Safepoint "Cleanup", Time since last: 1000534724 ns, Reaching safepoint: 122435 ns, At safepoint: 5101 ns, Total: 127536 ns
[2020-05-16T10:15:59.357+0000][15960][safepoint    ] Safepoint "Cleanup", Time since last: 1000146551 ns, Reaching safepoint: 111768 ns, At safepoint: 5102 ns, Total: 116870 ns
[2020-05-16T10:16:01.357+0000][15960][safepoint    ] Safepoint "Cleanup", Time since last: 1999929043 ns, Reaching safepoint: 108522 ns, At safepoint: 5101 ns, Total: 113623 ns
[2020-05-16T10:16:02.357+0000][15960][safepoint    ] Safepoint "Cleanup", Time since last: 1000417391 ns, Reaching safepoint: 110841 ns, At safepoint: 3246 ns, Total: 114087 ns
[2020-05-16T10:16:03.368+0000][15960][safepoint    ] Safepoint "Cleanup", Time since last: 1010552111 ns, Reaching safepoint: 92754 ns, At safepoint: 4174 ns, Total: 96928 ns
[2020-05-16T10:16:04.369+0000][15960][safepoint    ] Safepoint "Cleanup", Time since last: 1000794434 ns, Reaching safepoint: 139594 ns, At safepoint: 6029 ns, Total: 145623 ns
[2020-05-16T10:16:05.370+0000][15960][safepoint    ] Safepoint "Cleanup", Time since last: 1000624232 ns, Reaching safepoint: 112232 ns, At safepoint: 5101 ns, Total: 117333 ns
[2020-05-16T10:16:06.370+0000][15960][safepoint    ] Safepoint "Cleanup", Time since last: 1000345971 ns, Reaching safepoint: 120116 ns, At safepoint: 5101 ns, Total: 125217 ns
[2020-05-16T10:16:07.374+0000][15960][safepoint    ] Safepoint "Cleanup", Time since last: 1003521854 ns, Reaching safepoint: 117333 ns, At safepoint: 6029 ns, Total: 123362 ns
[2020-05-16T10:16:08.374+0000][15960][safepoint    ] Safepoint "Cleanup", Time since last: 1000560232 ns, Reaching safepoint: 111304 ns, At safepoint: 3710 ns, Total: 115014 ns
[2020-05-16T10:16:09.375+0000][15960][safepoint    ] Safepoint "Cleanup", Time since last: 1000440580 ns, Reaching safepoint: 126145 ns, At safepoint: 7420 ns, Total: 133565 ns
[2020-05-16T10:16:11.376+0000][15960][safepoint    ] Safepoint "Cleanup", Time since last: 2000571826 ns, Reaching safepoint: 123362 ns, At safepoint: 2783 ns, Total: 126145 ns
[2020-05-16T10:16:12.376+0000][15960][safepoint    ] Safepoint "Cleanup", Time since last: 1000627014 ns, Reaching safepoint: 147478 ns, At safepoint: 7420 ns, Total: 154898 ns
[2020-05-16T10:16:13.377+0000][15960][safepoint    ] Safepoint "Cleanup", Time since last: 1000347826 ns, Reaching safepoint: 148406 ns, At safepoint: 4638 ns, Total: 153044 ns
[2020-05-16T10:16:14.377+0000][15960][safepoint    ] Safepoint "Cleanup", Time since last: 1000339014 ns, Reaching safepoint: 115478 ns, At safepoint: 5565 ns, Total: 121043 ns
[2020-05-16T10:16:16.378+0000][15960][safepoint    ] Safepoint "Cleanup", Time since last: 2000567652 ns, Reaching safepoint: 134493 ns, At safepoint: 5565 ns, Total: 140058 ns
[2020-05-16T10:16:17.378+0000][15960][safepoint    ] Safepoint "Cleanup", Time since last: 1000095536 ns, Reaching safepoint: 131247 ns, At safepoint: 5565 ns, Total: 136812 ns
[2020-05-16T10:16:18.379+0000][15960][safepoint    ] Safepoint "Cleanup", Time since last: 1000020406 ns, Reaching safepoint: 121507 ns, At safepoint: 7884 ns, Total: 129391 ns
[2020-05-16T10:16:19.379+0000][15960][safepoint    ] Safepoint "Cleanup", Time since last: 1000079304 ns, Reaching safepoint: 131247 ns, At safepoint: 5101 ns, Total: 136348 ns
[2020-05-16T10:16:20.379+0000][15960][safepoint    ] Safepoint "Cleanup", Time since last: 1000339942 ns, Reaching safepoint: 124753 ns, At safepoint: 6029 ns, Total: 130782 ns
[2020-05-16T10:16:22.380+0000][15960][safepoint    ] Safepoint "Cleanup", Time since last: 2000653913 ns, Reaching safepoint: 135420 ns, At safepoint: 5102 ns, Total: 140522 ns
[2020-05-16T10:16:23.380+0000][15960][safepoint    ] Safepoint "Cleanup", Time since last: 1000102492 ns, Reaching safepoint: 143305 ns, At safepoint: 5101 ns, Total: 148406 ns
[2020-05-16T10:16:25.381+0000][15960][safepoint    ] Safepoint "Cleanup", Time since last: 2000349681 ns, Reaching safepoint: 141449 ns, At safepoint: 7884 ns, Total: 149333 ns
[2020-05-16T10:16:26.403+0000][15960][safepoint    ] Safepoint "Cleanup", Time since last: 1000137276 ns, Reaching safepoint: 22294250 ns, At safepoint: 138203 ns, Total: 22432453 ns
[2020-05-16T10:16:27.404+0000][15960][safepoint    ] Safepoint "Cleanup", Time since last: 1000702145 ns, Reaching safepoint: 149333 ns, At safepoint: 8812 ns, Total: 158145 ns
[2020-05-16T10:16:28.405+0000][15960][safepoint    ] Safepoint "Cleanup", Time since last: 1000508289 ns, Reaching safepoint: 147015 ns, At safepoint: 6029 ns, Total: 153044 ns
[2020-05-16T10:16:30.406+0000][15960][safepoint    ] Safepoint "Cleanup", Time since last: 2000578782 ns, Reaching safepoint: 131246 ns, At safepoint: 8348 ns, Total: 139594 ns
[2020-05-16T10:16:31.406+0000][15960][safepoint    ] Safepoint "Cleanup", Time since last: 1000772174 ns, Reaching safepoint: 110376 ns, At safepoint: 5102 ns, Total: 115478 ns
[2020-05-16T10:16:32.407+0000][15960][safepoint    ] Safepoint "Cleanup", Time since last: 1000453101 ns, Reaching safepoint: 121507 ns, At safepoint: 5102 ns, Total: 126609 ns
[2020-05-16T10:16:33.408+0000][15960][safepoint    ] Safepoint "Cleanup", Time since last: 1000685912 ns, Reaching safepoint: 147942 ns, At safepoint: 6029 ns, Total: 153971 ns
[2020-05-16T10:16:35.408+0000][15960][safepoint    ] Safepoint "Cleanup", Time since last: 2000309797 ns, Reaching safepoint: 167421 ns, At safepoint: 8347 ns, Total: 175768 ns
[2020-05-16T10:16:36.409+0000][15960][safepoint    ] Safepoint "Cleanup", Time since last: 1000538435 ns, Reaching safepoint: 157217 ns, At safepoint: 5565 ns, Total: 162782 ns
[2020-05-16T10:16:37.410+0000][15960][safepoint    ] Safepoint "Cleanup", Time since last: 1000543536 ns, Reaching safepoint: 147479 ns, At safepoint: 6029 ns, Total: 153508 ns
[2020-05-16T10:16:38.410+0000][15960][safepoint    ] Safepoint "Cleanup", Time since last: 1000468405 ns, Reaching safepoint: 187362 ns, At safepoint: 6029 ns, Total: 193391 ns
[2020-05-16T10:16:40.411+0000][15960][safepoint    ] Safepoint "Cleanup", Time since last: 2000506435 ns, Reaching safepoint: 128000 ns, At safepoint: 5101 ns, Total: 133101 ns
[2020-05-16T10:16:41.412+0000][15960][safepoint    ] Safepoint "Cleanup", Time since last: 1000838956 ns, Reaching safepoint: 133102 ns, At safepoint: 5101 ns, Total: 138203 ns
[2020-05-16T10:16:42.412+0000][15960][safepoint    ] Safepoint "Cleanup", Time since last: 1000224928 ns, Reaching safepoint: 123826 ns, At safepoint: 5565 ns, Total: 129391 ns
[2020-05-16T10:16:43.422+0000][15960][safepoint    ] Safepoint "Cleanup", Time since last: 1009245213 ns, Reaching safepoint: 150261 ns, At safepoint: 5565 ns, Total: 155826 ns
[2020-05-16T10:16:44.422+0000][15960][safepoint    ] Safepoint "Cleanup", Time since last: 1000485101 ns, Reaching safepoint: 153044 ns, At safepoint: 7420 ns, Total: 160464 ns
[2020-05-16T10:16:45.423+0000][15960][safepoint    ] Safepoint "Cleanup", Time since last: 1000667362 ns, Reaching safepoint: 118261 ns, At safepoint: 4638 ns, Total: 122899 ns
[2020-05-16T10:16:47.424+0000][15960][safepoint    ] Safepoint "Cleanup", Time since last: 2000834782 ns, Reaching safepoint: 128463 ns, At safepoint: 5566 ns, Total: 134029 ns
[2020-05-16T10:16:48.425+0000][15960][safepoint    ] Safepoint "Cleanup", Time since last: 1000758260 ns, Reaching safepoint: 243015 ns, At safepoint: 5565 ns, Total: 248580 ns
[2020-05-16T10:16:49.426+0000][15960][safepoint    ] Safepoint "Cleanup", Time since last: 1001075014 ns, Reaching safepoint: 144232 ns, At safepoint: 7420 ns, Total: 151652 ns
[2020-05-16T10:16:50.427+0000][15960][safepoint    ] Safepoint "Cleanup", Time since last: 1000134029 ns, Reaching safepoint: 135420 ns, At safepoint: 5101 ns, Total: 140521 ns
[2020-05-16T10:16:51.427+0000][15960][safepoint    ] Safepoint "Cleanup", Time since last: 1000263421 ns, Reaching safepoint: 149333 ns, At safepoint: 6029 ns, Total: 155362 ns
[2020-05-16T10:16:53.428+0000][15960][safepoint    ] Safepoint "Cleanup", Time since last: 2000870956 ns, Reaching safepoint: 120580 ns, At safepoint: 6492 ns, Total: 127072 ns
[2020-05-16T10:16:54.428+0000][15960][safepoint    ] Safepoint "Cleanup", Time since last: 1000226319 ns, Reaching safepoint: 120580 ns, At safepoint: 5565 ns, Total: 126145 ns
[2020-05-16T10:16:56.215+0000][15960][safepoint    ] Safepoint "Cleanup", Time since last: 1786473838 ns, Reaching safepoint: 272232 ns, At safepoint: 214261 ns, Total: 486493 ns
[2020-05-16T10:16:57.227+0000][15960][safepoint    ] Safepoint "Cleanup", Time since last: 1011700864 ns, Reaching safepoint: 124290 ns, At safepoint: 5101 ns, Total: 129391 ns
[2020-05-16T10:16:58.228+0000][15960][safepoint    ] Safepoint "Cleanup", Time since last: 1000414609 ns, Reaching safepoint: 98318 ns, At safepoint: 3247 ns, Total: 101565 ns
[2020-05-16T10:16:59.228+0000][15960][safepoint    ] Safepoint "Cleanup", Time since last: 1000064000 ns, Reaching safepoint: 138203 ns, At safepoint: 5101 ns, Total: 143304 ns
[2020-05-16T10:17:01.229+0000][15960][safepoint    ] Safepoint "Cleanup", Time since last: 2000571362 ns, Reaching safepoint: 132174 ns, At safepoint: 8812 ns, Total: 140986 ns
[2020-05-16T10:17:02.229+0000][15960][safepoint    ] Safepoint "Cleanup", Time since last: 1000687304 ns, Reaching safepoint: 149333 ns, At safepoint: 8811 ns, Total: 158144 ns
[2020-05-16T10:17:03.230+0000][15960][safepoint    ] Safepoint "Cleanup", Time since last: 1000142841 ns, Reaching safepoint: 153507 ns, At safepoint: 6029 ns, Total: 159536 ns
[2020-05-16T10:17:05.230+0000][15960][safepoint    ] Safepoint "Cleanup", Time since last: 2000101565 ns, Reaching safepoint: 156754 ns, At safepoint: 10666 ns, Total: 167420 ns
[2020-05-16T10:17:07.230+0000][15960][safepoint    ] Safepoint "Cleanup", Time since last: 2000151653 ns, Reaching safepoint: 144695 ns, At safepoint: 6029 ns, Total: 150724 ns
[2020-05-16T10:17:08.231+0000][15960][safepoint    ] Safepoint "Cleanup", Time since last: 1000562087 ns, Reaching safepoint: 142840 ns, At safepoint: 8812 ns, Total: 151652 ns
[2020-05-16T10:17:09.232+0000][15960][safepoint    ] Safepoint "Cleanup", Time since last: 1000739710 ns, Reaching safepoint: 124753 ns, At safepoint: 6029 ns, Total: 130782 ns
[2020-05-16T10:17:10.232+0000][15960][safepoint    ] Safepoint "Cleanup", Time since last: 1000169276 ns, Reaching safepoint: 138666 ns, At safepoint: 6029 ns, Total: 144695 ns
[2020-05-16T10:17:11.233+0000][15960][safepoint    ] Safepoint "Cleanup", Time since last: 1000457275 ns, Reaching safepoint: 139131 ns, At safepoint: 6956 ns, Total: 146087 ns
[2020-05-16T10:17:12.233+0000][15960][safepoint    ] Safepoint "Cleanup", Time since last: 1000060290 ns, Reaching safepoint: 140522 ns, At safepoint: 6029 ns, Total: 146551 ns
[2020-05-16T10:17:13.234+0000][15960][safepoint    ] Safepoint "Cleanup", Time since last: 1000800927 ns, Reaching safepoint: 144232 ns, At safepoint: 6029 ns, Total: 150261 ns
[2020-05-16T10:17:14.235+0000][15960][safepoint    ] Safepoint "Cleanup", Time since last: 1000674318 ns, Reaching safepoint: 147015 ns, At safepoint: 6029 ns, Total: 153044 ns
[2020-05-16T10:17:15.236+0000][15960][safepoint    ] Safepoint "Cleanup", Time since last: 1000758260 ns, Reaching safepoint: 126145 ns, At safepoint: 6493 ns, Total: 132638 ns
[2020-05-16T10:17:16.237+0000][15960][safepoint    ] Safepoint "Cleanup", Time since last: 1000910840 ns, Reaching safepoint: 139130 ns, At safepoint: 6029 ns, Total: 145159 ns
[2020-05-16T10:17:17.237+0000][15960][safepoint    ] Safepoint "Cleanup", Time since last: 1000198493 ns, Reaching safepoint: 146551 ns, At safepoint: 6029 ns, Total: 152580 ns
[2020-05-16T10:17:18.238+0000][15960][safepoint    ] Safepoint "Cleanup", Time since last: 1000486492 ns, Reaching safepoint: 158609 ns, At safepoint: 5565 ns, Total: 164174 ns
[2020-05-16T10:17:19.239+0000][15960][safepoint    ] Safepoint "Cleanup", Time since last: 1000660405 ns, Reaching safepoint: 121044 ns, At safepoint: 5565 ns, Total: 126609 ns
[2020-05-16T10:17:20.239+0000][15960][safepoint    ] Safepoint "Cleanup", Time since last: 1000638608 ns, Reaching safepoint: 102493 ns, At safepoint: 2783 ns, Total: 105276 ns
[2020-05-16T10:17:21.239+0000][15960][safepoint    ] Safepoint "Cleanup", Time since last: 1000010666 ns, Reaching safepoint: 127073 ns, At safepoint: 2782 ns, Total: 129855 ns
[2020-05-16T10:17:22.240+0000][15960][safepoint    ] Safepoint "Cleanup", Time since last: 1000354319 ns, Reaching safepoint: 105275 ns, At safepoint: 3247 ns, Total: 108522 ns
[2020-05-16T10:17:23.240+0000][15960][safepoint    ] Safepoint "Cleanup", Time since last: 1000154434 ns, Reaching safepoint: 156290 ns, At safepoint: 3247 ns, Total: 159537 ns
[2020-05-16T10:17:25.241+0000][15960][safepoint    ] Safepoint "Cleanup", Time since last: 2000739246 ns, Reaching safepoint: 133565 ns, At safepoint: 7420 ns, Total: 140985 ns
[2020-05-16T10:17:26.249+0000][15960][safepoint    ] Safepoint "Cleanup", Time since last: 1000341797 ns, Reaching safepoint: 7131359 ns, At safepoint: 14377 ns, Total: 7145736 ns
[2020-05-16T10:17:27.346+0000][15960][safepoint    ] Safepoint "Cleanup", Time since last: 1097592998 ns, Reaching safepoint: 115015 ns, At safepoint: 6029 ns, Total: 121044 ns
[2020-05-16T10:17:28.347+0000][15960][safepoint    ] Safepoint "Cleanup", Time since last: 1000786086 ns, Reaching safepoint: 177623 ns, At safepoint: 7884 ns, Total: 185507 ns
[2020-05-16T10:17:29.350+0000][15960][safepoint    ] Safepoint "Cleanup", Time since last: 1002498318 ns, Reaching safepoint: 133101 ns, At safepoint: 6493 ns, Total: 139594 ns
[2020-05-16T10:17:30.350+0000][15960][safepoint    ] Safepoint "Cleanup", Time since last: 1000178551 ns, Reaching safepoint: 117333 ns, At safepoint: 4638 ns, Total: 121971 ns
[2020-05-16T10:17:31.351+0000][15960][safepoint    ] Safepoint "Cleanup", Time since last: 1000403014 ns, Reaching safepoint: 139130 ns, At safepoint: 10203 ns, Total: 149333 ns
[2020-05-16T10:17:32.351+0000][15960][safepoint    ] Safepoint "Cleanup", Time since last: 1000185971 ns, Reaching safepoint: 132174 ns, At safepoint: 4174 ns, Total: 136348 ns
[2020-05-16T10:17:33.352+0000][15960][safepoint    ] Safepoint "Cleanup", Time since last: 1000568579 ns, Reaching safepoint: 132174 ns, At safepoint: 5565 ns, Total: 137739 ns
[2020-05-16T10:17:34.353+0000][15960][safepoint    ] Safepoint "Cleanup", Time since last: 1000690551 ns, Reaching safepoint: 109449 ns, At safepoint: 5102 ns, Total: 114551 ns
[2020-05-16T10:17:35.353+0000][15960][safepoint    ] Safepoint "Cleanup", Time since last: 1000346434 ns, Reaching safepoint: 113160 ns, At safepoint: 5101 ns, Total: 118261 ns
[2020-05-16T10:17:36.353+0000][15960][safepoint    ] Safepoint "Cleanup", Time since last: 1000020406 ns, Reaching safepoint: 138203 ns, At safepoint: 5101 ns, Total: 143304 ns
[2020-05-16T10:17:37.354+0000][15960][safepoint    ] Safepoint "Cleanup", Time since last: 1000708174 ns, Reaching safepoint: 153507 ns, At safepoint: 5101 ns, Total: 158608 ns
[2020-05-16T10:17:39.355+0000][15960][safepoint    ] Safepoint "Cleanup", Time since last: 2000699826 ns, Reaching safepoint: 127072 ns, At safepoint: 5566 ns, Total: 132638 ns
[2020-05-16T10:17:40.355+0000][15960][safepoint    ] Safepoint "Cleanup", Time since last: 1000379362 ns, Reaching safepoint: 118261 ns, At safepoint: 5565 ns, Total: 123826 ns
[2020-05-16T10:17:42.356+0000][15960][safepoint    ] Safepoint "Cleanup", Time since last: 2000700753 ns, Reaching safepoint: 169275 ns, At safepoint: 10203 ns, Total: 179478 ns
[2020-05-16T10:17:44.357+0000][15960][safepoint    ] Safepoint "Cleanup", Time since last: 2000365449 ns, Reaching safepoint: 124754 ns, At safepoint: 5101 ns, Total: 129855 ns
[2020-05-16T10:17:45.358+0000][15960][safepoint    ] Safepoint "Cleanup", Time since last: 1000883014 ns, Reaching safepoint: 130319 ns, At safepoint: 5565 ns, Total: 135884 ns
[2020-05-16T10:17:46.358+0000][15960][safepoint    ] Safepoint "Cleanup", Time since last: 1000412290 ns, Reaching safepoint: 106667 ns, At safepoint: 5101 ns, Total: 111768 ns
[2020-05-16T10:17:47.359+0000][15960][safepoint    ] Safepoint "Cleanup", Time since last: 1000106203 ns, Reaching safepoint: 121507 ns, At safepoint: 17160 ns, Total: 138667 ns
[2020-05-16T10:17:48.360+0000][15960][safepoint    ] Safepoint "Cleanup", Time since last: 1000779593 ns, Reaching safepoint: 368696 ns, At safepoint: 13449 ns, Total: 382145 ns
[2020-05-16T10:17:50.361+0000][15960][safepoint    ] Safepoint "Cleanup", Time since last: 2000742029 ns, Reaching safepoint: 137739 ns, At safepoint: 7420 ns, Total: 145159 ns
[2020-05-16T10:17:51.361+0000][15960][safepoint    ] Safepoint "Cleanup", Time since last: 1000381681 ns, Reaching safepoint: 166957 ns, At safepoint: 5101 ns, Total: 172058 ns
[2020-05-16T10:17:52.362+0000][15960][safepoint    ] Safepoint "Cleanup", Time since last: 1000739246 ns, Reaching safepoint: 129855 ns, At safepoint: 6029 ns, Total: 135884 ns
[2020-05-16T10:17:54.363+0000][15960][safepoint    ] Safepoint "Cleanup", Time since last: 2000440580 ns, Reaching safepoint: 135420 ns, At safepoint: 8811 ns, Total: 144231 ns
[2020-05-16T10:17:55.363+0000][15960][safepoint    ] Safepoint "Cleanup", Time since last: 1000226319 ns, Reaching safepoint: 140986 ns, At safepoint: 5101 ns, Total: 146087 ns
[2020-05-16T10:17:56.363+0000][15960][safepoint    ] Safepoint "Cleanup", Time since last: 1000066783 ns, Reaching safepoint: 140521 ns, At safepoint: 5102 ns, Total: 145623 ns
[2020-05-16T10:17:59.469+0000][15960][safepoint    ] Safepoint "Cleanup", Time since last: 1000459130 ns, Reaching safepoint: 2104374212 ns, At safepoint: 482783 ns, Total: 2104856995 ns
[2020-05-16T10:18:00.489+0000][15960][safepoint    ] Safepoint "Cleanup", Time since last: 1000029681 ns, Reaching safepoint: 20506425 ns, At safepoint: 200812 ns, Total: 20707237 ns
[2020-05-16T10:18:01.491+0000][15960][safepoint    ] Safepoint "Cleanup", Time since last: 1001161275 ns, Reaching safepoint: 149797 ns, At safepoint: 8811 ns, Total: 158608 ns
[2020-05-16T10:18:02.514+0000][15960][safepoint    ] Safepoint "Cleanup", Time since last: 1000416928 ns, Reaching safepoint: 23090540 ns, At safepoint: 67710 ns, Total: 23158250 ns
[2020-05-16T10:18:03.538+0000][15960][safepoint    ] Safepoint "Cleanup", Time since last: 1000294492 ns, Reaching safepoint: 22969961 ns, At safepoint: 359420 ns, Total: 23329381 ns
[2020-05-16T10:18:04.538+0000][15960][safepoint    ] Safepoint "Cleanup", Time since last: 1000209159 ns, Reaching safepoint: 116406 ns, At safepoint: 13913 ns, Total: 130319 ns
[2020-05-16T10:18:05.539+0000][15960][safepoint    ] Safepoint "Cleanup", Time since last: 1000612174 ns, Reaching safepoint: 99710 ns, At safepoint: 46840 ns, Total: 146550 ns
[2020-05-16T10:18:06.540+0000][15960][safepoint    ] Safepoint "Cleanup", Time since last: 1000542145 ns, Reaching safepoint: 250435 ns, At safepoint: 23652 ns, Total: 274087 ns
[2020-05-16T10:18:07.540+0000][15960][safepoint    ] Safepoint "Cleanup", Time since last: 1000548637 ns, Reaching safepoint: 211015 ns, At safepoint: 8811 ns, Total: 219826 ns
[2020-05-16T10:18:08.672+0000][15960][safepoint    ] Safepoint "Cleanup", Time since last: 1000343188 ns, Reaching safepoint: 131327476 ns, At safepoint: 76058 ns, Total: 131403534 ns
[2020-05-16T10:18:09.897+0000][15960][safepoint    ] Safepoint "Cleanup", Time since last: 1000604289 ns, Reaching safepoint: 224535084 ns, At safepoint: 80232 ns, Total: 224615316 ns
[2020-05-16T10:18:10.898+0000][15960][safepoint    ] Safepoint "Cleanup", Time since last: 1000382145 ns, Reaching safepoint: 116406 ns, At safepoint: 42203 ns, Total: 158609 ns
[2020-05-16T10:18:11.899+0000][15960][safepoint    ] Safepoint "Cleanup", Time since last: 1000665970 ns, Reaching safepoint: 95537 ns, At safepoint: 21333 ns, Total: 116870 ns
[2020-05-16T10:18:12.899+0000][15960][safepoint    ] Safepoint "Cleanup", Time since last: 1000098782 ns, Reaching safepoint: 140986 ns, At safepoint: 25043 ns, Total: 166029 ns
[2020-05-16T10:18:13.899+0000][15960][safepoint    ] Safepoint "Cleanup", Time since last: 1000183652 ns, Reaching safepoint: 153971 ns, At safepoint: 7884 ns, Total: 161855 ns
[2020-05-16T10:18:14.900+0000][15960][safepoint    ] Safepoint "Cleanup", Time since last: 1000615420 ns, Reaching safepoint: 164638 ns, At safepoint: 21797 ns, Total: 186435 ns
[2020-05-16T10:18:15.901+0000][15960][safepoint    ] Safepoint "Cleanup", Time since last: 1000597333 ns, Reaching safepoint: 178087 ns, At safepoint: 6957 ns, Total: 185044 ns
[2020-05-16T10:18:17.901+0000][15960][safepoint    ] Safepoint "Cleanup", Time since last: 2000317681 ns, Reaching safepoint: 153507 ns, At safepoint: 63536 ns, Total: 217043 ns
[2020-05-16T10:18:18.909+0000][15960][safepoint    ] Safepoint "Cleanup", Time since last: 1006969040 ns, Reaching safepoint: 108058 ns, At safepoint: 4174 ns, Total: 112232 ns
[2020-05-16T10:18:20.909+0000][15960][safepoint    ] Safepoint "Cleanup", Time since last: 1999956870 ns, Reaching safepoint: 202666 ns, At safepoint: 4638 ns, Total: 207304 ns
[2020-05-16T10:18:22.909+0000][15960][safepoint    ] Safepoint "Cleanup", Time since last: 2000359884 ns, Reaching safepoint: 77449 ns, At safepoint: 14841 ns, Total: 92290 ns
[2020-05-16T10:18:23.910+0000][15960][safepoint    ] Safepoint "Cleanup", Time since last: 1000348753 ns, Reaching safepoint: 283826 ns, At safepoint: 14377 ns, Total: 298203 ns
[2020-05-16T10:18:24.910+0000][15960][safepoint    ] Safepoint "Cleanup", Time since last: 1000388174 ns, Reaching safepoint: 335304 ns, At safepoint: 52869 ns, Total: 388173 ns
[2020-05-16T10:18:26.911+0000][15960][safepoint    ] Safepoint "Cleanup", Time since last: 1999988406 ns, Reaching safepoint: 147478 ns, At safepoint: 7421 ns, Total: 154899 ns
[2020-05-16T10:18:27.912+0000][15960][safepoint    ] Safepoint "Cleanup", Time since last: 1000806028 ns, Reaching safepoint: 134493 ns, At safepoint: 5101 ns, Total: 139594 ns
[2020-05-16T10:18:28.913+0000][15960][safepoint    ] Safepoint "Cleanup", Time since last: 1000746203 ns, Reaching safepoint: 108058 ns, At safepoint: 4174 ns, Total: 112232 ns
[2020-05-16T10:18:29.913+0000][15960][safepoint    ] Safepoint "Cleanup", Time since last: 1000220289 ns, Reaching safepoint: 99711 ns, At safepoint: 2782 ns, Total: 102493 ns
[2020-05-16T10:18:30.913+0000][15960][safepoint    ] Safepoint "Cleanup", Time since last: 1000017160 ns, Reaching safepoint: 131710 ns, At safepoint: 5101 ns, Total: 136811 ns
[2020-05-16T10:18:31.914+0000][15960][safepoint    ] Safepoint "Cleanup", Time since last: 1000429449 ns, Reaching safepoint: 129855 ns, At safepoint: 5102 ns, Total: 134957 ns
[2020-05-16T10:18:32.914+0000][15960][safepoint    ] Safepoint "Cleanup", Time since last: 1000522202 ns, Reaching safepoint: 128928 ns, At safepoint: 2782 ns, Total: 131710 ns
[2020-05-16T10:18:34.915+0000][15960][safepoint    ] Safepoint "Cleanup", Time since last: 2000325565 ns, Reaching safepoint: 95073 ns, At safepoint: 2782 ns, Total: 97855 ns
[2020-05-16T10:18:35.916+0000][15960][safepoint    ] Safepoint "Cleanup", Time since last: 1000759189 ns, Reaching safepoint: 113623 ns, At safepoint: 2782 ns, Total: 116405 ns
[2020-05-16T10:18:36.916+0000][15960][safepoint    ] Safepoint "Cleanup", Time since last: 1000608464 ns, Reaching safepoint: 162319 ns, At safepoint: 5565 ns, Total: 167884 ns
[2020-05-16T10:18:37.917+0000][15960][safepoint    ] Safepoint "Cleanup", Time since last: 1000197101 ns, Reaching safepoint: 156754 ns, At safepoint: 5101 ns, Total: 161855 ns
[2020-05-16T10:18:38.918+0000][15960][safepoint    ] Safepoint "Cleanup", Time since last: 1000798145 ns, Reaching safepoint: 172058 ns, At safepoint: 5565 ns, Total: 177623 ns
[2020-05-16T10:18:40.690+0000][15960][safepoint    ] Safepoint "Cleanup", Time since last: 1771931004 ns, Reaching safepoint: 151652 ns, At safepoint: 3710 ns, Total: 155362 ns
[2020-05-16T10:18:41.690+0000][15960][safepoint    ] Safepoint "Cleanup", Time since last: 1000050551 ns, Reaching safepoint: 135884 ns, At safepoint: 4638 ns, Total: 140522 ns
[2020-05-16T10:18:42.712+0000][15960][safepoint    ] Safepoint "Cleanup", Time since last: 1000747130 ns, Reaching safepoint: 21004512 ns, At safepoint: 57507 ns, Total: 21062019 ns
[2020-05-16T10:18:43.776+0000][15960][safepoint    ] Safepoint "Cleanup", Time since last: 1000100174 ns, Reaching safepoint: 64099680 ns, At safepoint: 42203 ns, Total: 64141883 ns
[2020-05-16T10:18:44.777+0000][15960][safepoint    ] Safepoint "Cleanup", Time since last: 1000531014 ns, Reaching safepoint: 128000 ns, At safepoint: 2783 ns, Total: 130783 ns
[2020-05-16T10:18:45.777+0000][15960][safepoint    ] Safepoint "Cleanup", Time since last: 1000538435 ns, Reaching safepoint: 161855 ns, At safepoint: 8811 ns, Total: 170666 ns
[2020-05-16T10:18:46.778+0000][15960][safepoint    ] Safepoint "Cleanup", Time since last: 1000554203 ns, Reaching safepoint: 120579 ns, At safepoint: 5102 ns, Total: 125681 ns
[2020-05-16T10:18:47.779+0000][15960][safepoint    ] Safepoint "Cleanup", Time since last: 1000502260 ns, Reaching safepoint: 189682 ns, At safepoint: 6492 ns, Total: 196174 ns
[2020-05-16T10:18:48.811+0000][15960][safepoint    ] Safepoint "Cleanup", Time since last: 1000126609 ns, Reaching safepoint: 32479057 ns, At safepoint: 54261 ns, Total: 32533318 ns
[2020-05-16T10:18:49.845+0000][15960][safepoint    ] Safepoint "Cleanup", Time since last: 1000277797 ns, Reaching safepoint: 33076854 ns, At safepoint: 76986 ns, Total: 33153840 ns
[2020-05-16T10:18:51.203+0000][15960][safepoint    ] Safepoint "Cleanup", Time since last: 1340102799 ns, Reaching safepoint: 18353151 ns, At safepoint: 64000 ns, Total: 18417151 ns
[2020-05-16T10:18:53.399+0000][15960][safepoint    ] Safepoint "Cleanup", Time since last: 2000328347 ns, Reaching safepoint: 195915040 ns, At safepoint: 84406 ns, Total: 195999446 ns
[2020-05-16T10:18:55.514+0000][15960][safepoint    ] Safepoint "Cleanup", Time since last: 2000614492 ns, Reaching safepoint: 113857338 ns, At safepoint: 92754 ns, Total: 113950092 ns
[2020-05-16T10:18:56.547+0000][15960][safepoint    ] Safepoint "Cleanup", Time since last: 1000375652 ns, Reaching safepoint: 32004623 ns, At safepoint: 76522 ns, Total: 32081145 ns
[2020-05-16T10:18:58.047+0000][15960][safepoint    ] Safepoint "Cleanup", Time since last: 1000052869 ns, Reaching safepoint: 500370319 ns, At safepoint: 121507 ns, Total: 500491826 ns
[2020-05-16T10:18:59.167+0000][15960][safepoint    ] Safepoint "Cleanup", Time since last: 1000358029 ns, Reaching safepoint: 119608524 ns, At safepoint: 101101 ns, Total: 119709625 ns
[2020-05-16T10:19:00.168+0000][15960][safepoint    ] Safepoint "Cleanup", Time since last: 1000185971 ns, Reaching safepoint: 799073 ns, At safepoint: 51478 ns, Total: 850551 ns
[2020-05-16T10:19:01.217+0000][15960][safepoint    ] Safepoint "Cleanup", Time since last: 1000786086 ns, Reaching safepoint: 48230471 ns, At safepoint: 173913 ns, Total: 48404384 ns
[2020-05-16T10:19:02.625+0000][15960][safepoint    ] Safepoint "Cleanup", Time since last: 1333866512 ns, Reaching safepoint: 74110110 ns, At safepoint: 74667 ns, Total: 74184777 ns
[2020-05-16T10:19:03.656+0000][15960][safepoint    ] Safepoint "Cleanup", Time since last: 1001437216 ns, Reaching safepoint: 29045784 ns, At safepoint: 74203 ns, Total: 29119987 ns
[2020-05-16T10:19:04.759+0000][15960][safepoint    ] Safepoint "Cleanup", Time since last: 1000140985 ns, Reaching safepoint: 103798213 ns, At safepoint: 85333 ns, Total: 103883546 ns
[2020-05-16T10:19:05.768+0000][15960][safepoint    ] Safepoint "Cleanup", Time since last: 1000893681 ns, Reaching safepoint: 7048345 ns, At safepoint: 76058 ns, Total: 7124403 ns
[2020-05-16T10:19:06.769+0000][15960][safepoint    ] Safepoint "Cleanup", Time since last: 1000199420 ns, Reaching safepoint: 282434 ns, At safepoint: 9740 ns, Total: 292174 ns
[2020-05-16T10:19:07.791+0000][15960][safepoint    ] Safepoint "Cleanup", Time since last: 1000009739 ns, Reaching safepoint: 22523352 ns, At safepoint: 104347 ns, Total: 22627699 ns
[2020-05-16T10:19:08.901+0000][15960][safepoint    ] Safepoint "Cleanup", Time since last: 1000209160 ns, Reaching safepoint: 109474732 ns, At safepoint: 119652 ns, Total: 109594384 ns
[2020-05-16T10:19:09.902+0000][15960][safepoint    ] Safepoint "Cleanup", Time since last: 1000281971 ns, Reaching safepoint: 163710 ns, At safepoint: 22260 ns, Total: 185970 ns
[2020-05-16T10:19:10.902+0000][15960][safepoint    ] Safepoint "Cleanup", Time since last: 1000097392 ns, Reaching safepoint: 127072 ns, At safepoint: 5102 ns, Total: 132174 ns
[2020-05-16T10:19:11.903+0000][15960][safepoint    ] Safepoint "Cleanup", Time since last: 1000738318 ns, Reaching safepoint: 123826 ns, At safepoint: 5102 ns, Total: 128928 ns
[2020-05-16T10:19:12.903+0000][15960][safepoint    ] Safepoint "Cleanup", Time since last: 1000486492 ns, Reaching safepoint: 156754 ns, At safepoint: 9275 ns, Total: 166029 ns
[2020-05-16T10:19:13.904+0000][15960][safepoint    ] Safepoint "Cleanup", Time since last: 1000083942 ns, Reaching safepoint: 136348 ns, At safepoint: 7884 ns, Total: 144232 ns
[2020-05-16T10:19:14.904+0000][15960][safepoint    ] Safepoint "Cleanup", Time since last: 1000159072 ns, Reaching safepoint: 137739 ns, At safepoint: 5102 ns, Total: 142841 ns
[2020-05-16T10:19:15.905+0000][15960][safepoint    ] Safepoint "Cleanup", Time since last: 1000769854 ns, Reaching safepoint: 140522 ns, At safepoint: 5565 ns, Total: 146087 ns
[2020-05-16T10:19:16.905+0000][15960][safepoint    ] Safepoint "Cleanup", Time since last: 1000490667 ns, Reaching safepoint: 142376 ns, At safepoint: 5102 ns, Total: 147478 ns
[2020-05-16T10:19:17.906+0000][15960][safepoint    ] Safepoint "Cleanup", Time since last: 1000600116 ns, Reaching safepoint: 137739 ns, At safepoint: 2782 ns, Total: 140521 ns
[2020-05-16T10:19:18.907+0000][15960][safepoint    ] Safepoint "Cleanup", Time since last: 1000310261 ns, Reaching safepoint: 163246 ns, At safepoint: 8348 ns, Total: 171594 ns
[2020-05-16T10:19:19.907+0000][15960][safepoint    ] Safepoint "Cleanup", Time since last: 1000402551 ns, Reaching safepoint: 146087 ns, At safepoint: 3710 ns, Total: 149797 ns
[2020-05-16T10:19:20.908+0000][15960][safepoint    ] Safepoint "Cleanup", Time since last: 1000498086 ns, Reaching safepoint: 109450 ns, At safepoint: 6029 ns, Total: 115479 ns
[2020-05-16T10:19:21.908+0000][15960][safepoint    ] Safepoint "Cleanup", Time since last: 1000005565 ns, Reaching safepoint: 147014 ns, At safepoint: 6029 ns, Total: 153043 ns
[2020-05-16T10:19:22.909+0000][15960][safepoint    ] Safepoint "Cleanup", Time since last: 1000696580 ns, Reaching safepoint: 160463 ns, At safepoint: 7884 ns, Total: 168347 ns
[2020-05-16T10:19:23.911+0000][15960][safepoint    ] Safepoint "Cleanup", Time since last: 1001871768 ns, Reaching safepoint: 256927 ns, At safepoint: 17623 ns, Total: 274550 ns
[2020-05-16T10:19:24.912+0000][15960][safepoint    ] Safepoint "Cleanup", Time since last: 1000633971 ns, Reaching safepoint: 104348 ns, At safepoint: 4637 ns, Total: 108985 ns
[2020-05-16T10:19:25.912+0000][15960][safepoint    ] Safepoint "Cleanup", Time since last: 1000076986 ns, Reaching safepoint: 188290 ns, At safepoint: 7420 ns, Total: 195710 ns
[2020-05-16T10:19:26.913+0000][15960][safepoint    ] Safepoint "Cleanup", Time since last: 1000759188 ns, Reaching safepoint: 146551 ns, At safepoint: 6956 ns, Total: 153507 ns
[2020-05-16T10:19:27.913+0000][15960][safepoint    ] Safepoint "Cleanup", Time since last: 1000078841 ns, Reaching safepoint: 99246 ns, At safepoint: 2783 ns, Total: 102029 ns
[2020-05-16T10:19:28.914+0000][15960][safepoint    ] Safepoint "Cleanup", Time since last: 1000461912 ns, Reaching safepoint: 135421 ns, At safepoint: 3246 ns, Total: 138667 ns
[2020-05-16T10:19:29.915+0000][15960][safepoint    ] Safepoint "Cleanup", Time since last: 1000781913 ns, Reaching safepoint: 205913 ns, At safepoint: 11130 ns, Total: 217043 ns
[2020-05-16T10:19:31.916+0000][15960][safepoint    ] Safepoint "Cleanup", Time since last: 2000738782 ns, Reaching safepoint: 154899 ns, At safepoint: 19942 ns, Total: 174841 ns
[2020-05-16T10:19:33.917+0000][15960][safepoint    ] Safepoint "Cleanup", Time since last: 2000777739 ns, Reaching safepoint: 105275 ns, At safepoint: 6029 ns, Total: 111304 ns
[2020-05-16T10:19:34.917+0000][15960][safepoint    ] Safepoint "Cleanup", Time since last: 1000778203 ns, Reaching safepoint: 137275 ns, At safepoint: 5565 ns, Total: 142840 ns
[2020-05-16T10:19:36.918+0000][15960][safepoint    ] Safepoint "Cleanup", Time since last: 2000736927 ns, Reaching safepoint: 89507 ns, At safepoint: 4638 ns, Total: 94145 ns
[2020-05-16T10:19:37.918+0000][15960][safepoint    ] Safepoint "Cleanup", Time since last: 1000028754 ns, Reaching safepoint: 130318 ns, At safepoint: 6493 ns, Total: 136811 ns
[2020-05-16T10:19:39.919+0000][15960][safepoint    ] Safepoint "Cleanup", Time since last: 2000251826 ns, Reaching safepoint: 124290 ns, At safepoint: 7884 ns, Total: 132174 ns
[2020-05-16T10:19:40.919+0000][15960][safepoint    ] Safepoint "Cleanup", Time since last: 1000315826 ns, Reaching safepoint: 135884 ns, At safepoint: 7884 ns, Total: 143768 ns
[2020-05-16T10:19:42.920+0000][15960][safepoint    ] Safepoint "Cleanup", Time since last: 2000310261 ns, Reaching safepoint: 128000 ns, At safepoint: 8348 ns, Total: 136348 ns
[2020-05-16T10:19:43.920+0000][15960][safepoint    ] Safepoint "Cleanup", Time since last: 1000570434 ns, Reaching safepoint: 227710 ns, At safepoint: 11131 ns, Total: 238841 ns
[2020-05-16T10:19:44.921+0000][15960][safepoint    ] Safepoint "Cleanup", Time since last: 1000461912 ns, Reaching safepoint: 146087 ns, At safepoint: 7884 ns, Total: 153971 ns
[2020-05-16T10:19:45.921+0000][15960][safepoint    ] Safepoint "Cleanup", Time since last: 1000066783 ns, Reaching safepoint: 136348 ns, At safepoint: 7420 ns, Total: 143768 ns
[2020-05-16T10:19:46.922+0000][15960][safepoint    ] Safepoint "Cleanup", Time since last: 1000224927 ns, Reaching safepoint: 142841 ns, At safepoint: 5565 ns, Total: 148406 ns
[2020-05-16T10:19:47.922+0000][15960][safepoint    ] Safepoint "Cleanup", Time since last: 1000168348 ns, Reaching safepoint: 170203 ns, At safepoint: 6492 ns, Total: 176695 ns
[2020-05-16T10:19:48.923+0000][15960][safepoint    ] Safepoint "Cleanup", Time since last: 1000657160 ns, Reaching safepoint: 179941 ns, At safepoint: 7421 ns, Total: 187362 ns
[2020-05-16T10:19:49.924+0000][15960][safepoint    ] Safepoint "Cleanup", Time since last: 1000542144 ns, Reaching safepoint: 116870 ns, At safepoint: 6956 ns, Total: 123826 ns
[2020-05-16T10:19:51.290+0000][15960][safepoint    ] Safepoint "Cleanup", Time since last: 1365842845 ns, Reaching safepoint: 155363 ns, At safepoint: 52869 ns, Total: 208232 ns
[2020-05-16T10:19:52.291+0000][15960][safepoint    ] Safepoint "Cleanup", Time since last: 1001567536 ns, Reaching safepoint: 197565 ns, At safepoint: 7420 ns, Total: 204985 ns
[2020-05-16T10:19:53.292+0000][15960][safepoint    ] Safepoint "Cleanup", Time since last: 1000523130 ns, Reaching safepoint: 288000 ns, At safepoint: 6029 ns, Total: 294029 ns
[2020-05-16T10:19:55.292+0000][15960][safepoint    ] Safepoint "Cleanup", Time since last: 1999822841 ns, Reaching safepoint: 134492 ns, At safepoint: 8348 ns, Total: 142840 ns
[2020-05-16T10:19:56.293+0000][15960][safepoint    ] Safepoint "Cleanup", Time since last: 1000224928 ns, Reaching safepoint: 113623 ns, At safepoint: 4637 ns, Total: 118260 ns
[2020-05-16T10:19:57.293+0000][15960][safepoint    ] Safepoint "Cleanup", Time since last: 1000008348 ns, Reaching safepoint: 111768 ns, At safepoint: 4638 ns, Total: 116406 ns
[2020-05-16T10:19:58.293+0000][15960][safepoint    ] Safepoint "Cleanup", Time since last: 1000095072 ns, Reaching safepoint: 145624 ns, At safepoint: 6492 ns, Total: 152116 ns
[2020-05-16T10:19:59.293+0000][15960][safepoint    ] Safepoint "Cleanup", Time since last: 1000075131 ns, Reaching safepoint: 112232 ns, At safepoint: 5101 ns, Total: 117333 ns
[2020-05-16T10:20:00.313+0000][15960][safepoint    ] Safepoint "Cleanup", Time since last: 1000299594 ns, Reaching safepoint: 19144803 ns, At safepoint: 640463 ns, Total: 19785266 ns
[2020-05-16T10:20:01.313+0000][15960][safepoint    ] Safepoint "Cleanup", Time since last: 1000076986 ns, Reaching safepoint: 94145 ns, At safepoint: 3246 ns, Total: 97391 ns
[2020-05-16T10:20:02.314+0000][15960][safepoint    ] Safepoint "Cleanup", Time since last: 1000474898 ns, Reaching safepoint: 127073 ns, At safepoint: 4637 ns, Total: 131710 ns
[2020-05-16T10:20:03.315+0000][15960][safepoint    ] Safepoint "Cleanup", Time since last: 1000473507 ns, Reaching safepoint: 143305 ns, At safepoint: 2782 ns, Total: 146087 ns
[2020-05-16T10:20:05.316+0000][15960][safepoint    ] Safepoint "Cleanup", Time since last: 2000878377 ns, Reaching safepoint: 127072 ns, At safepoint: 6957 ns, Total: 134029 ns
[2020-05-16T10:20:07.316+0000][15960][safepoint    ] Safepoint "Cleanup", Time since last: 2000530550 ns, Reaching safepoint: 147015 ns, At safepoint: 4637 ns, Total: 151652 ns
[2020-05-16T10:20:08.317+0000][15960][safepoint    ] Safepoint "Cleanup", Time since last: 1000640000 ns, Reaching safepoint: 166956 ns, At safepoint: 6957 ns, Total: 173913 ns
[2020-05-16T10:20:09.318+0000][15960][safepoint    ] Safepoint "Cleanup", Time since last: 1000331594 ns, Reaching safepoint: 128464 ns, At safepoint: 7420 ns, Total: 135884 ns
[2020-05-16T10:20:10.318+0000][15960][safepoint    ] Safepoint "Cleanup", Time since last: 1000277333 ns, Reaching safepoint: 144696 ns, At safepoint: 6492 ns, Total: 151188 ns
[2020-05-16T10:20:11.318+0000][15960][safepoint    ] Safepoint "Cleanup", Time since last: 1000028754 ns, Reaching safepoint: 139594 ns, At safepoint: 4638 ns, Total: 144232 ns
[2020-05-16T10:20:12.319+0000][15960][safepoint    ] Safepoint "Cleanup", Time since last: 1000249971 ns, Reaching safepoint: 117333 ns, At safepoint: 5102 ns, Total: 122435 ns
[2020-05-16T10:20:13.319+0000][15960][safepoint    ] Safepoint "Cleanup", Time since last: 1000541680 ns, Reaching safepoint: 128464 ns, At safepoint: 4638 ns, Total: 133102 ns
[2020-05-16T10:20:14.320+0000][15960][safepoint    ] Safepoint "Cleanup", Time since last: 1000570898 ns, Reaching safepoint: 118725 ns, At safepoint: 4637 ns, Total: 123362 ns
[2020-05-16T10:20:15.321+0000][15960][safepoint    ] Safepoint "Cleanup", Time since last: 1000650203 ns, Reaching safepoint: 112696 ns, At safepoint: 6492 ns, Total: 119188 ns
[2020-05-16T10:20:16.321+0000][15960][safepoint    ] Safepoint "Cleanup", Time since last: 1000564406 ns, Reaching safepoint: 106666 ns, At safepoint: 4174 ns, Total: 110840 ns
[2020-05-16T10:20:18.322+0000][15960][safepoint    ] Safepoint "Cleanup", Time since last: 2000592232 ns, Reaching safepoint: 106667 ns, At safepoint: 2782 ns, Total: 109449 ns
[2020-05-16T10:20:19.323+0000][15960][safepoint    ] Safepoint "Cleanup", Time since last: 1000742029 ns, Reaching safepoint: 94608 ns, At safepoint: 3247 ns, Total: 97855 ns
[2020-05-16T10:20:20.324+0000][15960][safepoint    ] Safepoint "Cleanup", Time since last: 1000645101 ns, Reaching safepoint: 90435 ns, At safepoint: 3710 ns, Total: 94145 ns
[2020-05-16T10:20:22.324+0000][15960][safepoint    ] Safepoint "Cleanup", Time since last: 2000242551 ns, Reaching safepoint: 103884 ns, At safepoint: 4637 ns, Total: 108521 ns
[2020-05-16T10:20:23.324+0000][15960][safepoint    ] Safepoint "Cleanup", Time since last: 1000020406 ns, Reaching safepoint: 99710 ns, At safepoint: 4638 ns, Total: 104348 ns
[2020-05-16T10:20:24.325+0000][15960][safepoint    ] Safepoint "Cleanup", Time since last: 1000716521 ns, Reaching safepoint: 204986 ns, At safepoint: 8347 ns, Total: 213333 ns
[2020-05-16T10:20:26.326+0000][15960][safepoint    ] Safepoint "Cleanup", Time since last: 2000479536 ns, Reaching safepoint: 140986 ns, At safepoint: 7420 ns, Total: 148406 ns
[2020-05-16T10:20:27.326+0000][15960][safepoint    ] Safepoint "Cleanup", Time since last: 1000489739 ns, Reaching safepoint: 158609 ns, At safepoint: 6956 ns, Total: 165565 ns
[2020-05-16T10:20:28.330+0000][15960][safepoint    ] Safepoint "Cleanup", Time since last: 1003446723 ns, Reaching safepoint: 150725 ns, At safepoint: 6493 ns, Total: 157218 ns
[2020-05-16T10:20:29.331+0000][15960][safepoint    ] Safepoint "Cleanup", Time since last: 1000754550 ns, Reaching safepoint: 122898 ns, At safepoint: 6957 ns, Total: 129855 ns
[2020-05-16T10:20:30.332+0000][15960][safepoint    ] Safepoint "Cleanup", Time since last: 1000889971 ns, Reaching safepoint: 109913 ns, At safepoint: 19014 ns, Total: 128927 ns
[2020-05-16T10:20:31.332+0000][15960][safepoint    ] Safepoint "Cleanup", Time since last: 1000029217 ns, Reaching safepoint: 140986 ns, At safepoint: 4638 ns, Total: 145624 ns
[2020-05-16T10:20:32.332+0000][15960][safepoint    ] Safepoint "Cleanup", Time since last: 1000199420 ns, Reaching safepoint: 119652 ns, At safepoint: 6493 ns, Total: 126145 ns
[2020-05-16T10:20:33.333+0000][15960][safepoint    ] Safepoint "Cleanup", Time since last: 1000883014 ns, Reaching safepoint: 99710 ns, At safepoint: 2782 ns, Total: 102492 ns
[2020-05-16T10:20:34.334+0000][15960][safepoint    ] Safepoint "Cleanup", Time since last: 1000603362 ns, Reaching safepoint: 134957 ns, At safepoint: 7420 ns, Total: 142377 ns
[2020-05-16T10:20:36.335+0000][15960][safepoint    ] Safepoint "Cleanup", Time since last: 2000765681 ns, Reaching safepoint: 109449 ns, At safepoint: 3710 ns, Total: 113159 ns
[2020-05-16T10:20:37.336+0000][15960][safepoint    ] Safepoint "Cleanup", Time since last: 1000842667 ns, Reaching safepoint: 114550 ns, At safepoint: 6493 ns, Total: 121043 ns
[2020-05-16T10:20:38.336+0000][15960][safepoint    ] Safepoint "Cleanup", Time since last: 1000075594 ns, Reaching safepoint: 133102 ns, At safepoint: 7884 ns, Total: 140986 ns
[2020-05-16T10:20:39.336+0000][15960][safepoint    ] Safepoint "Cleanup", Time since last: 1000083014 ns, Reaching safepoint: 128928 ns, At safepoint: 6956 ns, Total: 135884 ns
[2020-05-16T10:20:40.337+0000][15960][safepoint    ] Safepoint "Cleanup", Time since last: 1000589913 ns, Reaching safepoint: 160000 ns, At safepoint: 7884 ns, Total: 167884 ns
[2020-05-16T10:20:41.338+0000][15960][safepoint    ] Safepoint "Cleanup", Time since last: 1000783768 ns, Reaching safepoint: 124289 ns, At safepoint: 7421 ns, Total: 131710 ns
[2020-05-16T10:20:42.355+0000][15960][safepoint    ] Safepoint "Cleanup", Time since last: 1000223072 ns, Reaching safepoint: 17313847 ns, At safepoint: 58435 ns, Total: 17372282 ns
[2020-05-16T10:20:43.356+0000][15960][safepoint    ] Safepoint "Cleanup", Time since last: 1000200811 ns, Reaching safepoint: 153044 ns, At safepoint: 22261 ns, Total: 175305 ns
[2020-05-16T10:20:44.356+0000][15960][safepoint    ] Safepoint "Cleanup", Time since last: 1000292173 ns, Reaching safepoint: 133566 ns, At safepoint: 7420 ns, Total: 140986 ns
[2020-05-16T10:20:45.357+0000][15960][safepoint    ] Safepoint "Cleanup", Time since last: 1000555130 ns, Reaching safepoint: 115942 ns, At safepoint: 4174 ns, Total: 120116 ns
[2020-05-16T10:20:46.358+0000][15960][safepoint    ] Safepoint "Cleanup", Time since last: 1000787478 ns, Reaching safepoint: 116869 ns, At safepoint: 48696 ns, Total: 165565 ns
[2020-05-16T10:20:47.359+0000][15960][safepoint    ] Safepoint "Cleanup", Time since last: 1000352927 ns, Reaching safepoint: 151652 ns, At safepoint: 6493 ns, Total: 158145 ns
[2020-05-16T10:20:48.359+0000][15960][safepoint    ] Safepoint "Cleanup", Time since last: 1000115015 ns, Reaching safepoint: 149333 ns, At safepoint: 6029 ns, Total: 155362 ns
[2020-05-16T10:20:49.360+0000][15960][safepoint    ] Safepoint "Cleanup", Time since last: 1000503188 ns, Reaching safepoint: 114087 ns, At safepoint: 4638 ns, Total: 118725 ns
[2020-05-16T10:20:50.360+0000][15960][safepoint    ] Safepoint "Cleanup", Time since last: 1000422956 ns, Reaching safepoint: 107130 ns, At safepoint: 4638 ns, Total: 111768 ns
[2020-05-16T10:20:52.360+0000][15960][safepoint    ] Safepoint "Cleanup", Time since last: 2000221217 ns, Reaching safepoint: 167884 ns, At safepoint: 10667 ns, Total: 178551 ns
[2020-05-16T10:20:53.361+0000][15960][safepoint    ] Safepoint "Cleanup", Time since last: 1000598260 ns, Reaching safepoint: 134029 ns, At safepoint: 6493 ns, Total: 140522 ns
[2020-05-16T10:20:54.361+0000][15960][safepoint    ] Safepoint "Cleanup", Time since last: 1000179015 ns, Reaching safepoint: 121507 ns, At safepoint: 6956 ns, Total: 128463 ns
[2020-05-16T10:20:55.362+0000][15960][safepoint    ] Safepoint "Cleanup", Time since last: 1000561159 ns, Reaching safepoint: 299595 ns, At safepoint: 6956 ns, Total: 306551 ns
[2020-05-16T10:20:56.363+0000][15960][safepoint    ] Safepoint "Cleanup", Time since last: 1000605217 ns, Reaching safepoint: 164174 ns, At safepoint: 7884 ns, Total: 172058 ns
[2020-05-16T10:20:57.364+0000][15960][safepoint    ] Safepoint "Cleanup", Time since last: 1000639072 ns, Reaching safepoint: 128928 ns, At safepoint: 4637 ns, Total: 133565 ns
[2020-05-16T10:20:58.365+0000][15960][safepoint    ] Safepoint "Cleanup", Time since last: 1000934029 ns, Reaching safepoint: 127072 ns, At safepoint: 4638 ns, Total: 131710 ns
[2020-05-16T10:20:59.366+0000][15960][safepoint    ] Safepoint "Cleanup", Time since last: 1000588058 ns, Reaching safepoint: 111304 ns, At safepoint: 5101 ns, Total: 116405 ns
[2020-05-16T10:21:01.313+0000][15960][safepoint    ] Safepoint "Cleanup", Time since last: 1947460662 ns, Reaching safepoint: 160464 ns, At safepoint: 7420 ns, Total: 167884 ns
[2020-05-16T10:21:02.314+0000][15960][safepoint    ] Safepoint "Cleanup", Time since last: 1000471189 ns, Reaching safepoint: 124289 ns, At safepoint: 21334 ns, Total: 145623 ns
[2020-05-16T10:21:03.315+0000][15960][safepoint    ] Safepoint "Cleanup", Time since last: 1000654376 ns, Reaching safepoint: 120116 ns, At safepoint: 3247 ns, Total: 123363 ns
[2020-05-16T10:21:04.315+0000][15960][safepoint    ] Safepoint "Cleanup", Time since last: 1000424811 ns, Reaching safepoint: 80696 ns, At safepoint: 2782 ns, Total: 83478 ns
[2020-05-16T10:21:05.315+0000][15960][safepoint    ] Safepoint "Cleanup", Time since last: 1000103420 ns, Reaching safepoint: 109913 ns, At safepoint: 4638 ns, Total: 114551 ns
[2020-05-16T10:21:06.316+0000][15960][safepoint    ] Safepoint "Cleanup", Time since last: 1000517565 ns, Reaching safepoint: 131710 ns, At safepoint: 7420 ns, Total: 139130 ns
[2020-05-16T10:21:07.317+0000][15960][safepoint    ] Safepoint "Cleanup", Time since last: 1000338087 ns, Reaching safepoint: 117797 ns, At safepoint: 4174 ns, Total: 121971 ns
[2020-05-16T10:21:08.317+0000][15960][safepoint    ] Safepoint "Cleanup", Time since last: 1000651594 ns, Reaching safepoint: 112696 ns, At safepoint: 4637 ns, Total: 117333 ns
[2020-05-16T10:21:09.318+0000][15960][safepoint    ] Safepoint "Cleanup", Time since last: 1000614493 ns, Reaching safepoint: 128000 ns, At safepoint: 4637 ns, Total: 132637 ns
[2020-05-16T10:21:10.319+0000][15960][safepoint    ] Safepoint "Cleanup", Time since last: 1000459131 ns, Reaching safepoint: 102029 ns, At safepoint: 4637 ns, Total: 106666 ns
[2020-05-16T10:21:11.319+0000][15960][safepoint    ] Safepoint "Cleanup", Time since last: 1000175305 ns, Reaching safepoint: 124753 ns, At safepoint: 4174 ns, Total: 128927 ns
[2020-05-16T10:21:12.320+0000][15960][safepoint    ] Safepoint "Cleanup", Time since last: 1000824116 ns, Reaching safepoint: 109449 ns, At safepoint: 6956 ns, Total: 116405 ns
[2020-05-16T10:21:14.320+0000][15960][safepoint    ] Safepoint "Cleanup", Time since last: 2000389102 ns, Reaching safepoint: 151652 ns, At safepoint: 9739 ns, Total: 161391 ns
[2020-05-16T10:21:15.321+0000][15960][safepoint    ] Safepoint "Cleanup", Time since last: 1000431768 ns, Reaching safepoint: 115942 ns, At safepoint: 6029 ns, Total: 121971 ns
[2020-05-16T10:21:16.322+0000][15960][safepoint    ] Safepoint "Cleanup", Time since last: 1000616811 ns, Reaching safepoint: 97391 ns, At safepoint: 4638 ns, Total: 102029 ns
[2020-05-16T10:21:17.322+0000][15960][safepoint    ] Safepoint "Cleanup", Time since last: 1000485101 ns, Reaching safepoint: 107131 ns, At safepoint: 4637 ns, Total: 111768 ns
[2020-05-16T10:21:19.294+0000][15960][safepoint    ] Safepoint "Cleanup", Time since last: 1971502390 ns, Reaching safepoint: 157681 ns, At safepoint: 6029 ns, Total: 163710 ns
[2020-05-16T10:21:20.294+0000][15960][safepoint    ] Safepoint "Cleanup", Time since last: 1000318145 ns, Reaching safepoint: 105739 ns, At safepoint: 4638 ns, Total: 110377 ns
[2020-05-16T10:21:21.295+0000][15960][safepoint    ] Safepoint "Cleanup", Time since last: 1000015304 ns, Reaching safepoint: 161855 ns, At safepoint: 10203 ns, Total: 172058 ns
[2020-05-16T10:21:22.295+0000][15960][safepoint    ] Safepoint "Cleanup", Time since last: 1000085797 ns, Reaching safepoint: 124290 ns, At safepoint: 6029 ns, Total: 130319 ns
[2020-05-16T10:21:23.295+0000][15960][safepoint    ] Safepoint "Cleanup", Time since last: 1000417391 ns, Reaching safepoint: 131246 ns, At safepoint: 8812 ns, Total: 140058 ns
[2020-05-16T10:21:24.296+0000][15960][safepoint    ] Safepoint "Cleanup", Time since last: 1000732289 ns, Reaching safepoint: 140986 ns, At safepoint: 7420 ns, Total: 148406 ns
[2020-05-16T10:21:25.297+0000][15960][safepoint    ] Safepoint "Cleanup", Time since last: 1000777739 ns, Reaching safepoint: 199884 ns, At safepoint: 6029 ns, Total: 205913 ns
[2020-05-16T10:21:26.297+0000][15960][safepoint    ] Safepoint "Cleanup", Time since last: 1000075594 ns, Reaching safepoint: 120580 ns, At safepoint: 6492 ns, Total: 127072 ns
[2020-05-16T10:21:27.298+0000][15960][safepoint    ] Safepoint "Cleanup", Time since last: 1000486957 ns, Reaching safepoint: 178087 ns, At safepoint: 4637 ns, Total: 182724 ns
[2020-05-16T10:21:28.299+0000][15960][safepoint    ] Safepoint "Cleanup", Time since last: 1000698435 ns, Reaching safepoint: 140521 ns, At safepoint: 6957 ns, Total: 147478 ns
[2020-05-16T10:21:29.300+0000][15960][safepoint    ] Safepoint "Cleanup", Time since last: 1000725797 ns, Reaching safepoint: 112232 ns, At safepoint: 5101 ns, Total: 117333 ns
[2020-05-16T10:21:30.300+0000][15960][safepoint    ] Safepoint "Cleanup", Time since last: 1000230956 ns, Reaching safepoint: 141450 ns, At safepoint: 8347 ns, Total: 149797 ns
[2020-05-16T10:21:31.301+0000][15960][safepoint    ] Safepoint "Cleanup", Time since last: 1000519884 ns, Reaching safepoint: 122435 ns, At safepoint: 6493 ns, Total: 128928 ns
[2020-05-16T10:21:32.301+0000][15960][safepoint    ] Safepoint "Cleanup", Time since last: 1000476753 ns, Reaching safepoint: 110841 ns, At safepoint: 4637 ns, Total: 115478 ns
[2020-05-16T10:21:33.302+0000][15960][safepoint    ] Safepoint "Cleanup", Time since last: 1000046377 ns, Reaching safepoint: 111768 ns, At safepoint: 4638 ns, Total: 116406 ns
[2020-05-16T10:21:34.302+0000][15960][safepoint    ] Safepoint "Cleanup", Time since last: 1000226782 ns, Reaching safepoint: 119653 ns, At safepoint: 5565 ns, Total: 125218 ns
[2020-05-16T10:21:36.303+0000][15960][safepoint    ] Safepoint "Cleanup", Time since last: 2000603826 ns, Reaching safepoint: 123826 ns, At safepoint: 4637 ns, Total: 128463 ns
[2020-05-16T10:21:37.303+0000][15960][safepoint    ] Safepoint "Cleanup", Time since last: 1000540290 ns, Reaching safepoint: 102029 ns, At safepoint: 4637 ns, Total: 106666 ns
[2020-05-16T10:21:38.304+0000][15960][safepoint    ] Safepoint "Cleanup", Time since last: 1000528232 ns, Reaching safepoint: 118261 ns, At safepoint: 4638 ns, Total: 122899 ns
[2020-05-16T10:21:39.304+0000][15960][safepoint    ] Safepoint "Cleanup", Time since last: 1000318144 ns, Reaching safepoint: 98319 ns, At safepoint: 2783 ns, Total: 101102 ns
[2020-05-16T10:21:41.305+0000][15960][safepoint    ] Safepoint "Cleanup", Time since last: 2000774956 ns, Reaching safepoint: 122898 ns, At safepoint: 4174 ns, Total: 127072 ns
[2020-05-16T10:21:43.305+0000][15960][safepoint    ] Safepoint "Cleanup", Time since last: 2000105276 ns, Reaching safepoint: 150260 ns, At safepoint: 4638 ns, Total: 154898 ns
[2020-05-16T10:21:44.306+0000][15960][safepoint    ] Safepoint "Cleanup", Time since last: 1000834782 ns, Reaching safepoint: 98783 ns, At safepoint: 4638 ns, Total: 103421 ns
[2020-05-16T10:21:46.307+0000][15960][safepoint    ] Safepoint "Cleanup", Time since last: 2000519883 ns, Reaching safepoint: 110841 ns, At safepoint: 6493 ns, Total: 117334 ns
[2020-05-16T10:21:47.308+0000][15960][safepoint    ] Safepoint "Cleanup", Time since last: 1000495768 ns, Reaching safepoint: 119652 ns, At safepoint: 4637 ns, Total: 124289 ns
[2020-05-16T10:21:48.688+0000][15960][safepoint    ] Safepoint "Cleanup", Time since last: 1379687245 ns, Reaching safepoint: 95536 ns, At safepoint: 4637 ns, Total: 100173 ns
[2020-05-16T10:21:49.688+0000][15960][safepoint    ] Safepoint "Cleanup", Time since last: 1000353392 ns, Reaching safepoint: 140058 ns, At safepoint: 4637 ns, Total: 144695 ns
[2020-05-16T10:21:50.689+0000][15960][safepoint    ] Safepoint "Cleanup", Time since last: 1000784232 ns, Reaching safepoint: 103884 ns, At safepoint: 4174 ns, Total: 108058 ns
[2020-05-16T10:21:51.689+0000][15960][safepoint    ] Safepoint "Cleanup", Time since last: 1000292637 ns, Reaching safepoint: 122435 ns, At safepoint: 4174 ns, Total: 126609 ns
[2020-05-16T10:21:52.690+0000][15960][safepoint    ] Safepoint "Cleanup", Time since last: 1000846376 ns, Reaching safepoint: 105276 ns, At safepoint: 4173 ns, Total: 109449 ns
[2020-05-16T10:21:54.691+0000][15960][safepoint    ] Safepoint "Cleanup", Time since last: 2000942841 ns, Reaching safepoint: 138666 ns, At safepoint: 4638 ns, Total: 143304 ns
[2020-05-16T10:21:55.692+0000][15960][safepoint    ] Safepoint "Cleanup", Time since last: 1000433159 ns, Reaching safepoint: 182725 ns, At safepoint: 6029 ns, Total: 188754 ns
[2020-05-16T10:21:57.692+0000][15960][safepoint    ] Safepoint "Cleanup", Time since last: 2000247188 ns, Reaching safepoint: 150261 ns, At safepoint: 8811 ns, Total: 159072 ns
[2020-05-16T10:21:58.693+0000][15960][safepoint    ] Safepoint "Cleanup", Time since last: 1000025044 ns, Reaching safepoint: 198956 ns, At safepoint: 7884 ns, Total: 206840 ns
[2020-05-16T10:21:59.693+0000][15960][safepoint    ] Safepoint "Cleanup", Time since last: 1000055189 ns, Reaching safepoint: 191536 ns, At safepoint: 6956 ns, Total: 198492 ns
[2020-05-16T10:22:01.693+0000][15960][safepoint    ] Safepoint "Cleanup", Time since last: 1999870145 ns, Reaching safepoint: 108522 ns, At safepoint: 5101 ns, Total: 113623 ns
[2020-05-16T10:22:02.694+0000][15960][safepoint    ] Safepoint "Cleanup", Time since last: 1000853333 ns, Reaching safepoint: 144696 ns, At safepoint: 5101 ns, Total: 149797 ns
[2020-05-16T10:22:03.694+0000][15960][safepoint    ] Safepoint "Cleanup", Time since last: 1000369160 ns, Reaching safepoint: 103884 ns, At safepoint: 4174 ns, Total: 108058 ns
[2020-05-16T10:22:04.695+0000][15960][safepoint    ] Safepoint "Cleanup", Time since last: 1000498550 ns, Reaching safepoint: 108522 ns, At safepoint: 6493 ns, Total: 115015 ns
[2020-05-16T10:22:05.696+0000][15960][safepoint    ] Safepoint "Cleanup", Time since last: 1000645101 ns, Reaching safepoint: 230492 ns, At safepoint: 8812 ns, Total: 239304 ns
[2020-05-16T10:22:07.696+0000][15960][safepoint    ] Safepoint "Cleanup", Time since last: 2000464232 ns, Reaching safepoint: 165101 ns, At safepoint: 6029 ns, Total: 171130 ns
[2020-05-16T10:22:08.697+0000][15960][safepoint    ] Safepoint "Cleanup", Time since last: 1000339478 ns, Reaching safepoint: 206841 ns, At safepoint: 7420 ns, Total: 214261 ns
[2020-05-16T10:22:09.698+0000][15960][safepoint    ] Safepoint "Cleanup", Time since last: 1000563942 ns, Reaching safepoint: 122898 ns, At safepoint: 4638 ns, Total: 127536 ns
[2020-05-16T10:22:10.698+0000][15960][safepoint    ] Safepoint "Cleanup", Time since last: 1000057507 ns, Reaching safepoint: 123826 ns, At safepoint: 4638 ns, Total: 128464 ns
[2020-05-16T10:22:11.698+0000][15960][safepoint    ] Safepoint "Cleanup", Time since last: 1000341333 ns, Reaching safepoint: 109449 ns, At safepoint: 5565 ns, Total: 115014 ns
[2020-05-16T10:22:12.699+0000][15960][safepoint    ] Safepoint "Cleanup", Time since last: 1000277333 ns, Reaching safepoint: 112696 ns, At safepoint: 4638 ns, Total: 117334 ns
[2020-05-16T10:22:13.699+0000][15960][safepoint    ] Safepoint "Cleanup", Time since last: 1000366376 ns, Reaching safepoint: 112696 ns, At safepoint: 4638 ns, Total: 117334 ns
[2020-05-16T10:22:14.700+0000][15960][safepoint    ] Safepoint "Cleanup", Time since last: 1000229565 ns, Reaching safepoint: 104811 ns, At safepoint: 4638 ns, Total: 109449 ns
[2020-05-16T10:22:15.700+0000][15960][safepoint    ] Safepoint "Cleanup", Time since last: 1000444290 ns, Reaching safepoint: 101101 ns, At safepoint: 4638 ns, Total: 105739 ns
[2020-05-16T10:22:16.701+0000][15960][safepoint    ] Safepoint "Cleanup", Time since last: 1000480463 ns, Reaching safepoint: 159536 ns, At safepoint: 8348 ns, Total: 167884 ns
[2020-05-16T10:22:18.274+0000][15960][gc,start     ] GC(36) Pause Young (Normal) (G1 Evacuation Pause)
[2020-05-16T10:22:18.274+0000][15960][gc,task      ] GC(36) Using 4 workers of 4 for evacuation
[2020-05-16T10:22:18.274+0000][15960][gc,age       ] GC(36) Desired survivor size 40370176 bytes, new threshold 15 (max threshold 15)
[2020-05-16T10:22:18.338+0000][15960][gc,age       ] GC(36) Age table with threshold 15 (max threshold 15)
[2020-05-16T10:22:18.339+0000][15960][gc,age       ] GC(36) - age   1:     299512 bytes,     299512 total
[2020-05-16T10:22:18.339+0000][15960][gc,age       ] GC(36) - age   2:       1824 bytes,     301336 total
[2020-05-16T10:22:18.339+0000][15960][gc,age       ] GC(36) - age   3:        616 bytes,     301952 total
[2020-05-16T10:22:18.339+0000][15960][gc,age       ] GC(36) - age   4:       2216 bytes,     304168 total
[2020-05-16T10:22:18.339+0000][15960][gc,age       ] GC(36) - age   5:       1376 bytes,     305544 total
[2020-05-16T10:22:18.339+0000][15960][gc,age       ] GC(36) - age   6:       2112 bytes,     307656 total
[2020-05-16T10:22:18.339+0000][15960][gc,age       ] GC(36) - age   7:         64 bytes,     307720 total
[2020-05-16T10:22:18.339+0000][15960][gc,age       ] GC(36) - age   8:       6240 bytes,     313960 total
[2020-05-16T10:22:18.339+0000][15960][gc,age       ] GC(36) - age   9:       7424 bytes,     321384 total
[2020-05-16T10:22:18.339+0000][15960][gc,age       ] GC(36) - age  10:       6808 bytes,     328192 total
[2020-05-16T10:22:18.339+0000][15960][gc,age       ] GC(36) - age  11:       4896 bytes,     333088 total
[2020-05-16T10:22:18.339+0000][15960][gc,age       ] GC(36) - age  12:      39096 bytes,     372184 total
[2020-05-16T10:22:18.339+0000][15960][gc,age       ] GC(36) - age  13:     601224 bytes,     973408 total
[2020-05-16T10:22:18.339+0000][15960][gc,age       ] GC(36) - age  14:       6560 bytes,     979968 total
[2020-05-16T10:22:18.339+0000][15960][gc,age       ] GC(36) - age  15:      60624 bytes,    1040592 total
[2020-05-16T10:22:18.339+0000][15960][gc,phases    ] GC(36)   Pre Evacuate Collection Set: 0.3ms
[2020-05-16T10:22:18.339+0000][15960][gc,phases    ] GC(36)   Merge Heap Roots: 0.3ms
[2020-05-16T10:22:18.339+0000][15960][gc,phases    ] GC(36)   Evacuate Collection Set: 61.8ms
[2020-05-16T10:22:18.339+0000][15960][gc,phases    ] GC(36)   Post Evacuate Collection Set: 1.7ms
[2020-05-16T10:22:18.339+0000][15960][gc,phases    ] GC(36)   Other: 1.0ms
[2020-05-16T10:22:18.339+0000][15960][gc,heap      ] GC(36) Eden regions: 612->0(612)
[2020-05-16T10:22:18.339+0000][15960][gc,heap      ] GC(36) Survivor regions: 2->2(77)
[2020-05-16T10:22:18.339+0000][15960][gc,heap      ] GC(36) Old regions: 70->71
[2020-05-16T10:22:18.339+0000][15960][gc,heap      ] GC(36) Archive regions: 0->0
[2020-05-16T10:22:18.339+0000][15960][gc,heap      ] GC(36) Humongous regions: 7->7
[2020-05-16T10:22:18.339+0000][15960][gc,metaspace ] GC(36) Metaspace: 97600K(105380K)->97600K(105380K) NonClass: 84796K(89432K)->84796K(89432K) Class: 12803K(15948K)->12803K(15948K)
[2020-05-16T10:22:18.348+0000][15960][gc           ] GC(36) Pause Young (Normal) (G1 Evacuation Pause) 690M->78M(1024M) 65.373ms
[2020-05-16T10:22:18.349+0000][15960][gc,cpu       ] GC(36) User=0.03s Sys=0.00s Real=0.08s
[2020-05-16T10:22:18.349+0000][15960][safepoint    ] Safepoint "G1CollectForAllocation", Time since last: 1573347445 ns, Reaching safepoint: 316289 ns, At safepoint: 74671734 ns, Total: 74988023 ns
[2020-05-16T10:22:19.349+0000][15960][safepoint    ] Safepoint "Cleanup", Time since last: 1000133565 ns, Reaching safepoint: 115478 ns, At safepoint: 5102 ns, Total: 120580 ns
[2020-05-16T10:22:20.350+0000][15960][safepoint    ] Safepoint "Cleanup", Time since last: 1000243941 ns, Reaching safepoint: 149797 ns, At safepoint: 3711 ns, Total: 153508 ns
[2020-05-16T10:22:21.350+0000][15960][safepoint    ] Safepoint "Cleanup", Time since last: 1000588985 ns, Reaching safepoint: 89043 ns, At safepoint: 3247 ns, Total: 92290 ns
[2020-05-16T10:22:22.351+0000][15960][safepoint    ] Safepoint "Cleanup", Time since last: 1000329275 ns, Reaching safepoint: 104348 ns, At safepoint: 2782 ns, Total: 107130 ns
[2020-05-16T10:22:23.351+0000][15960][safepoint    ] Safepoint "Cleanup", Time since last: 1000173449 ns, Reaching safepoint: 118725 ns, At safepoint: 6957 ns, Total: 125682 ns
[2020-05-16T10:22:24.354+0000][15960][safepoint    ] Safepoint "Cleanup", Time since last: 1002973216 ns, Reaching safepoint: 102029 ns, At safepoint: 4637 ns, Total: 106666 ns
[2020-05-16T10:22:25.354+0000][15960][safepoint    ] Safepoint "Cleanup", Time since last: 1000120580 ns, Reaching safepoint: 113159 ns, At safepoint: 5565 ns, Total: 118724 ns
[2020-05-16T10:22:26.355+0000][15960][safepoint    ] Safepoint "Cleanup", Time since last: 1000774029 ns, Reaching safepoint: 115014 ns, At safepoint: 4638 ns, Total: 119652 ns
[2020-05-16T10:22:27.356+0000][15960][safepoint    ] Safepoint "Cleanup", Time since last: 1000224000 ns, Reaching safepoint: 128928 ns, At safepoint: 4637 ns, Total: 133565 ns
[2020-05-16T10:22:28.356+0000][15960][safepoint    ] Safepoint "Cleanup", Time since last: 1000587594 ns, Reaching safepoint: 80696 ns, At safepoint: 4637 ns, Total: 85333 ns
[2020-05-16T10:22:29.357+0000][15960][safepoint    ] Safepoint "Cleanup", Time since last: 1000857971 ns, Reaching safepoint: 112232 ns, At safepoint: 4638 ns, Total: 116870 ns
[2020-05-16T10:22:30.358+0000][15960][safepoint    ] Safepoint "Cleanup", Time since last: 1000645101 ns, Reaching safepoint: 117797 ns, At safepoint: 4637 ns, Total: 122434 ns
[2020-05-16T10:22:31.359+0000][15960][safepoint    ] Safepoint "Cleanup", Time since last: 1000780058 ns, Reaching safepoint: 187826 ns, At safepoint: 7884 ns, Total: 195710 ns
[2020-05-16T10:22:32.360+0000][15960][safepoint    ] Safepoint "Cleanup", Time since last: 1000658551 ns, Reaching safepoint: 113159 ns, At safepoint: 4638 ns, Total: 117797 ns
[2020-05-16T10:22:33.360+0000][15960][safepoint    ] Safepoint "Cleanup", Time since last: 1000441043 ns, Reaching safepoint: 128927 ns, At safepoint: 6957 ns, Total: 135884 ns
[2020-05-16T10:22:34.361+0000][15960][safepoint    ] Safepoint "Cleanup", Time since last: 1000422492 ns, Reaching safepoint: 109450 ns, At safepoint: 4174 ns, Total: 113624 ns
[2020-05-16T10:22:35.362+0000][15960][safepoint    ] Safepoint "Cleanup", Time since last: 1000830144 ns, Reaching safepoint: 143304 ns, At safepoint: 6029 ns, Total: 149333 ns
[2020-05-16T10:22:36.363+0000][15960][safepoint    ] Safepoint "Cleanup", Time since last: 1000834783 ns, Reaching safepoint: 221217 ns, At safepoint: 8348 ns, Total: 229565 ns
[2020-05-16T10:22:37.364+0000][15960][safepoint    ] Safepoint "Cleanup", Time since last: 1000328347 ns, Reaching safepoint: 131710 ns, At safepoint: 6957 ns, Total: 138667 ns
[2020-05-16T10:22:38.364+0000][15960][safepoint    ] Safepoint "Cleanup", Time since last: 1000747130 ns, Reaching safepoint: 122435 ns, At safepoint: 4637 ns, Total: 127072 ns
[2020-05-16T10:22:39.365+0000][15960][safepoint    ] Safepoint "Cleanup", Time since last: 1000807420 ns, Reaching safepoint: 130783 ns, At safepoint: 4638 ns, Total: 135421 ns
[2020-05-16T10:22:40.366+0000][15960][safepoint    ] Safepoint "Cleanup", Time since last: 1000504579 ns, Reaching safepoint: 103884 ns, At safepoint: 4638 ns, Total: 108522 ns
[2020-05-16T10:22:41.367+0000][15960][safepoint    ] Safepoint "Cleanup", Time since last: 1000902956 ns, Reaching safepoint: 121971 ns, At safepoint: 4637 ns, Total: 126608 ns
[2020-05-16T10:22:43.367+0000][15960][safepoint    ] Safepoint "Cleanup", Time since last: 2000448000 ns, Reaching safepoint: 130783 ns, At safepoint: 6956 ns, Total: 137739 ns
[2020-05-16T10:22:45.368+0000][15960][safepoint    ] Safepoint "Cleanup", Time since last: 2000310261 ns, Reaching safepoint: 147478 ns, At safepoint: 4638 ns, Total: 152116 ns
[2020-05-16T10:22:46.368+0000][15960][safepoint    ] Safepoint "Cleanup", Time since last: 1000005101 ns, Reaching safepoint: 127073 ns, At safepoint: 4637 ns, Total: 131710 ns
[2020-05-16T10:22:47.368+0000][15960][safepoint    ] Safepoint "Cleanup", Time since last: 1000063073 ns, Reaching safepoint: 119652 ns, At safepoint: 4174 ns, Total: 123826 ns
[2020-05-16T10:22:48.369+0000][15960][safepoint    ] Safepoint "Cleanup", Time since last: 1000667826 ns, Reaching safepoint: 108985 ns, At safepoint: 21797 ns, Total: 130782 ns
[2020-05-16T10:22:49.370+0000][15960][safepoint    ] Safepoint "Cleanup", Time since last: 1000428058 ns, Reaching safepoint: 171130 ns, At safepoint: 4638 ns, Total: 175768 ns
[2020-05-16T10:22:50.370+0000][15960][safepoint    ] Safepoint "Cleanup", Time since last: 1000320927 ns, Reaching safepoint: 130319 ns, At safepoint: 5102 ns, Total: 135421 ns
[2020-05-16T10:22:51.371+0000][15960][safepoint    ] Safepoint "Cleanup", Time since last: 1000386782 ns, Reaching safepoint: 136348 ns, At safepoint: 6956 ns, Total: 143304 ns
[2020-05-16T10:22:52.372+0000][15960][safepoint    ] Safepoint "Cleanup", Time since last: 1000813449 ns, Reaching safepoint: 102493 ns, At safepoint: 6029 ns, Total: 108522 ns
[2020-05-16T10:22:53.372+0000][15960][safepoint    ] Safepoint "Cleanup", Time since last: 1000678029 ns, Reaching safepoint: 99710 ns, At safepoint: 4637 ns, Total: 104347 ns
[2020-05-16T10:22:54.373+0000][15960][safepoint    ] Safepoint "Cleanup", Time since last: 1000222609 ns, Reaching safepoint: 104812 ns, At safepoint: 4173 ns, Total: 108985 ns
[2020-05-16T10:22:55.373+0000][15960][safepoint    ] Safepoint "Cleanup", Time since last: 1000426667 ns, Reaching safepoint: 111304 ns, At safepoint: 4638 ns, Total: 115942 ns
[2020-05-16T10:22:56.374+0000][15960][safepoint    ] Safepoint "Cleanup", Time since last: 1000835246 ns, Reaching safepoint: 101565 ns, At safepoint: 4174 ns, Total: 105739 ns
[2020-05-16T10:22:58.375+0000][15960][safepoint    ] Safepoint "Cleanup", Time since last: 2000864463 ns, Reaching safepoint: 166029 ns, At safepoint: 7884 ns, Total: 173913 ns
[2020-05-16T10:22:59.376+0000][15960][safepoint    ] Safepoint "Cleanup", Time since last: 1000419710 ns, Reaching safepoint: 120580 ns, At safepoint: 4638 ns, Total: 125218 ns
[2020-05-16T10:23:00.376+0000][15960][safepoint    ] Safepoint "Cleanup", Time since last: 1000329739 ns, Reaching safepoint: 118724 ns, At safepoint: 4638 ns, Total: 123362 ns
[2020-05-16T10:23:01.377+0000][15960][safepoint    ] Safepoint "Cleanup", Time since last: 1000539362 ns, Reaching safepoint: 113623 ns, At safepoint: 4638 ns, Total: 118261 ns
[2020-05-16T10:23:02.378+0000][15960][safepoint    ] Safepoint "Cleanup", Time since last: 1000650202 ns, Reaching safepoint: 201739 ns, At safepoint: 49160 ns, Total: 250899 ns
[2020-05-16T10:23:04.289+0000][15960][safepoint    ] Safepoint "Cleanup", Time since last: 1910989027 ns, Reaching safepoint: 138666 ns, At safepoint: 7884 ns, Total: 146550 ns
[2020-05-16T10:23:05.289+0000][15960][safepoint    ] Safepoint "Cleanup", Time since last: 1000313044 ns, Reaching safepoint: 120115 ns, At safepoint: 4638 ns, Total: 124753 ns
[2020-05-16T10:23:06.290+0000][15960][safepoint    ] Safepoint "Cleanup", Time since last: 1000107594 ns, Reaching safepoint: 162319 ns, At safepoint: 6957 ns, Total: 169276 ns
[2020-05-16T10:23:07.291+0000][15960][safepoint    ] Safepoint "Cleanup", Time since last: 1000720695 ns, Reaching safepoint: 166029 ns, At safepoint: 6493 ns, Total: 172522 ns
[2020-05-16T10:23:08.291+0000][15960][safepoint    ] Safepoint "Cleanup", Time since last: 1000191999 ns, Reaching safepoint: 128464 ns, At safepoint: 6493 ns, Total: 134957 ns
[2020-05-16T10:23:09.292+0000][15960][safepoint    ] Safepoint "Cleanup", Time since last: 1000831536 ns, Reaching safepoint: 187826 ns, At safepoint: 12058 ns, Total: 199884 ns
[2020-05-16T10:23:10.292+0000][15960][safepoint    ] Safepoint "Cleanup", Time since last: 1000323246 ns, Reaching safepoint: 141913 ns, At safepoint: 5565 ns, Total: 147478 ns
[2020-05-16T10:23:11.293+0000][15960][safepoint    ] Safepoint "Cleanup", Time since last: 1000133565 ns, Reaching safepoint: 109913 ns, At safepoint: 6029 ns, Total: 115942 ns
[2020-05-16T10:23:13.294+0000][15960][safepoint    ] Safepoint "Cleanup", Time since last: 2000799536 ns, Reaching safepoint: 118261 ns, At safepoint: 4638 ns, Total: 122899 ns
[2020-05-16T10:23:14.294+0000][15960][safepoint    ] Safepoint "Cleanup", Time since last: 1000713275 ns, Reaching safepoint: 116405 ns, At safepoint: 48696 ns, Total: 165101 ns
[2020-05-16T10:23:16.296+0000][15960][safepoint    ] Safepoint "Cleanup", Time since last: 2000993391 ns, Reaching safepoint: 257391 ns, At safepoint: 6957 ns, Total: 264348 ns
[2020-05-16T10:23:17.296+0000][15960][safepoint    ] Safepoint "Cleanup", Time since last: 1000662260 ns, Reaching safepoint: 108986 ns, At safepoint: 3246 ns, Total: 112232 ns
[2020-05-16T10:23:18.297+0000][15960][safepoint    ] Safepoint "Cleanup", Time since last: 1000710029 ns, Reaching safepoint: 197101 ns, At safepoint: 9275 ns, Total: 206376 ns
[2020-05-16T10:23:19.298+0000][15960][safepoint    ] Safepoint "Cleanup", Time since last: 1000452638 ns, Reaching safepoint: 135420 ns, At safepoint: 7884 ns, Total: 143304 ns
[2020-05-16T10:23:20.299+0000][15960][safepoint    ] Safepoint "Cleanup", Time since last: 1000504116 ns, Reaching safepoint: 126145 ns, At safepoint: 4637 ns, Total: 130782 ns
[2020-05-16T10:23:21.299+0000][15960][safepoint    ] Safepoint "Cleanup", Time since last: 1000650203 ns, Reaching safepoint: 115014 ns, At safepoint: 4638 ns, Total: 119652 ns
[2020-05-16T10:23:22.300+0000][15960][safepoint    ] Safepoint "Cleanup", Time since last: 1000628869 ns, Reaching safepoint: 126609 ns, At safepoint: 4638 ns, Total: 131247 ns
[2020-05-16T10:23:24.301+0000][15960][safepoint    ] Safepoint "Cleanup", Time since last: 2000935883 ns, Reaching safepoint: 133102 ns, At safepoint: 5101 ns, Total: 138203 ns
[2020-05-16T10:23:25.302+0000][15960][safepoint    ] Safepoint "Cleanup", Time since last: 1000654377 ns, Reaching safepoint: 103884 ns, At safepoint: 6492 ns, Total: 110376 ns
[2020-05-16T10:23:27.308+0000][15960][safepoint    ] Safepoint "Cleanup", Time since last: 2000374725 ns, Reaching safepoint: 5401505 ns, At safepoint: 82550 ns, Total: 5484055 ns
[2020-05-16T10:23:28.308+0000][15960][safepoint    ] Safepoint "Cleanup", Time since last: 1000280580 ns, Reaching safepoint: 157217 ns, At safepoint: 4638 ns, Total: 161855 ns
[2020-05-16T10:23:29.309+0000][15960][safepoint    ] Safepoint "Cleanup", Time since last: 1000135884 ns, Reaching safepoint: 134493 ns, At safepoint: 6029 ns, Total: 140522 ns
[2020-05-16T10:23:30.310+0000][15960][safepoint    ] Safepoint "Cleanup", Time since last: 1000840811 ns, Reaching safepoint: 82087 ns, At safepoint: 3246 ns, Total: 85333 ns
[2020-05-16T10:23:31.310+0000][15960][safepoint    ] Safepoint "Cleanup", Time since last: 1000390029 ns, Reaching safepoint: 107130 ns, At safepoint: 5102 ns, Total: 112232 ns
[2020-05-16T10:23:32.310+0000][15960][safepoint    ] Safepoint "Cleanup", Time since last: 1000256927 ns, Reaching safepoint: 114551 ns, At safepoint: 6492 ns, Total: 121043 ns
[2020-05-16T10:23:33.311+0000][15960][safepoint    ] Safepoint "Cleanup", Time since last: 1000517565 ns, Reaching safepoint: 111769 ns, At safepoint: 5565 ns, Total: 117334 ns
[2020-05-16T10:23:34.312+0000][15960][safepoint    ] Safepoint "Cleanup", Time since last: 1000670144 ns, Reaching safepoint: 146087 ns, At safepoint: 6957 ns, Total: 153044 ns
[2020-05-16T10:23:36.312+0000][15960][safepoint    ] Safepoint "Cleanup", Time since last: 2000385855 ns, Reaching safepoint: 145623 ns, At safepoint: 6956 ns, Total: 152579 ns
[2020-05-16T10:23:37.313+0000][15960][safepoint    ] Safepoint "Cleanup", Time since last: 1000453565 ns, Reaching safepoint: 116870 ns, At safepoint: 6493 ns, Total: 123363 ns
[2020-05-16T10:23:38.314+0000][15960][safepoint    ] Safepoint "Cleanup", Time since last: 1000609854 ns, Reaching safepoint: 178087 ns, At safepoint: 6029 ns, Total: 184116 ns
[2020-05-16T10:23:39.314+0000][15960][safepoint    ] Safepoint "Cleanup", Time since last: 1000014841 ns, Reaching safepoint: 219826 ns, At safepoint: 6956 ns, Total: 226782 ns
[2020-05-16T10:23:40.314+0000][15960][safepoint    ] Safepoint "Cleanup", Time since last: 1000232812 ns, Reaching safepoint: 104811 ns, At safepoint: 6029 ns, Total: 110840 ns
[2020-05-16T10:23:41.315+0000][15960][safepoint    ] Safepoint "Cleanup", Time since last: 1000716522 ns, Reaching safepoint: 112695 ns, At safepoint: 5566 ns, Total: 118261 ns
[2020-05-16T10:23:42.316+0000][15960][safepoint    ] Safepoint "Cleanup", Time since last: 1000757333 ns, Reaching safepoint: 123826 ns, At safepoint: 4637 ns, Total: 128463 ns
[2020-05-16T10:23:43.316+0000][15960][safepoint    ] Safepoint "Cleanup", Time since last: 1000075131 ns, Reaching safepoint: 126608 ns, At safepoint: 6493 ns, Total: 133101 ns
[2020-05-16T10:23:44.317+0000][15960][safepoint    ] Safepoint "Cleanup", Time since last: 1000613101 ns, Reaching safepoint: 123362 ns, At safepoint: 4638 ns, Total: 128000 ns
[2020-05-16T10:23:45.318+0000][15960][safepoint    ] Safepoint "Cleanup", Time since last: 1000640927 ns, Reaching safepoint: 125218 ns, At safepoint: 8347 ns, Total: 133565 ns
[2020-05-16T10:23:46.318+0000][15960][safepoint    ] Safepoint "Cleanup", Time since last: 1000444290 ns, Reaching safepoint: 108522 ns, At safepoint: 4638 ns, Total: 113160 ns
[2020-05-16T10:23:48.319+0000][15960][safepoint    ] Safepoint "Cleanup", Time since last: 2000313970 ns, Reaching safepoint: 125681 ns, At safepoint: 4638 ns, Total: 130319 ns
[2020-05-16T10:23:49.319+0000][15960][safepoint    ] Safepoint "Cleanup", Time since last: 1000405797 ns, Reaching safepoint: 109913 ns, At safepoint: 5102 ns, Total: 115015 ns
[2020-05-16T10:23:51.320+0000][15960][safepoint    ] Safepoint "Cleanup", Time since last: 2000692869 ns, Reaching safepoint: 100637 ns, At safepoint: 5102 ns, Total: 105739 ns
[2020-05-16T10:23:52.320+0000][15960][safepoint    ] Safepoint "Cleanup", Time since last: 1000133101 ns, Reaching safepoint: 113160 ns, At safepoint: 6029 ns, Total: 119189 ns
[2020-05-16T10:23:53.321+0000][15960][safepoint    ] Safepoint "Cleanup", Time since last: 1000615883 ns, Reaching safepoint: 111305 ns, At safepoint: 5101 ns, Total: 116406 ns
[2020-05-16T10:23:54.321+0000][15960][safepoint    ] Safepoint "Cleanup", Time since last: 1000171130 ns, Reaching safepoint: 151189 ns, At safepoint: 7420 ns, Total: 158609 ns
[2020-05-16T10:23:55.322+0000][15960][safepoint    ] Safepoint "Cleanup", Time since last: 1000088116 ns, Reaching safepoint: 100174 ns, At safepoint: 6029 ns, Total: 106203 ns
[2020-05-16T10:23:56.322+0000][15960][safepoint    ] Safepoint "Cleanup", Time since last: 1000254608 ns, Reaching safepoint: 120116 ns, At safepoint: 4638 ns, Total: 124754 ns
[2020-05-16T10:23:57.322+0000][15960][safepoint    ] Safepoint "Cleanup", Time since last: 1000221217 ns, Reaching safepoint: 121507 ns, At safepoint: 4174 ns, Total: 125681 ns
[2020-05-16T10:23:58.323+0000][15960][safepoint    ] Safepoint "Cleanup", Time since last: 1000354319 ns, Reaching safepoint: 122899 ns, At safepoint: 4173 ns, Total: 127072 ns
[2020-05-16T10:24:00.324+0000][15960][safepoint    ] Safepoint "Cleanup", Time since last: 2000550493 ns, Reaching safepoint: 865391 ns, At safepoint: 19478 ns, Total: 884869 ns
[2020-05-16T10:24:01.325+0000][15960][safepoint    ] Safepoint "Cleanup", Time since last: 1000487884 ns, Reaching safepoint: 279652 ns, At safepoint: 6956 ns, Total: 286608 ns
[2020-05-16T10:24:03.325+0000][15960][safepoint    ] Safepoint "Cleanup", Time since last: 1999896116 ns, Reaching safepoint: 224464 ns, At safepoint: 8812 ns, Total: 233276 ns
[2020-05-16T10:24:04.326+0000][15960][safepoint    ] Safepoint "Cleanup", Time since last: 1000551884 ns, Reaching safepoint: 146550 ns, At safepoint: 6957 ns, Total: 153507 ns
[2020-05-16T10:24:05.326+0000][15960][safepoint    ] Safepoint "Cleanup", Time since last: 1000348753 ns, Reaching safepoint: 102029 ns, At safepoint: 4638 ns, Total: 106667 ns
[2020-05-16T10:24:06.327+0000][15960][safepoint    ] Safepoint "Cleanup", Time since last: 1000379826 ns, Reaching safepoint: 109449 ns, At safepoint: 5101 ns, Total: 114550 ns
[2020-05-16T10:24:07.327+0000][15960][safepoint    ] Safepoint "Cleanup", Time since last: 1000137276 ns, Reaching safepoint: 108521 ns, At safepoint: 4638 ns, Total: 113159 ns
[2020-05-16T10:24:08.328+0000][15960][safepoint    ] Safepoint "Cleanup", Time since last: 1000480927 ns, Reaching safepoint: 122435 ns, At safepoint: 5565 ns, Total: 128000 ns
[2020-05-16T10:24:10.328+0000][15960][safepoint    ] Safepoint "Cleanup", Time since last: 2000601043 ns, Reaching safepoint: 133566 ns, At safepoint: 10666 ns, Total: 144232 ns
[2020-05-16T10:24:11.329+0000][15960][safepoint    ] Safepoint "Cleanup", Time since last: 1000482783 ns, Reaching safepoint: 169739 ns, At safepoint: 9275 ns, Total: 179014 ns
[2020-05-16T10:24:12.338+0000][15960][safepoint    ] Safepoint "Cleanup", Time since last: 1000020406 ns, Reaching safepoint: 9068054 ns, At safepoint: 13913 ns, Total: 9081967 ns
[2020-05-16T10:24:13.339+0000][15960][safepoint    ] Safepoint "Cleanup", Time since last: 1000907593 ns, Reaching safepoint: 100638 ns, At safepoint: 3246 ns, Total: 103884 ns
[2020-05-16T10:24:14.340+0000][15960][safepoint    ] Safepoint "Cleanup", Time since last: 1000227711 ns, Reaching safepoint: 106202 ns, At safepoint: 5102 ns, Total: 111304 ns
[2020-05-16T10:24:15.340+0000][15960][safepoint    ] Safepoint "Cleanup", Time since last: 1000434550 ns, Reaching safepoint: 142841 ns, At safepoint: 6956 ns, Total: 149797 ns
[2020-05-16T10:24:16.341+0000][15960][safepoint    ] Safepoint "Cleanup", Time since last: 1000230957 ns, Reaching safepoint: 145159 ns, At safepoint: 8348 ns, Total: 153507 ns
[2020-05-16T10:24:18.341+0000][15960][safepoint    ] Safepoint "Cleanup", Time since last: 2000235594 ns, Reaching safepoint: 114087 ns, At safepoint: 6029 ns, Total: 120116 ns
[2020-05-16T10:24:19.342+0000][15960][safepoint    ] Safepoint "Cleanup", Time since last: 1000830144 ns, Reaching safepoint: 217508 ns, At safepoint: 7884 ns, Total: 225392 ns
[2020-05-16T10:24:20.343+0000][15960][safepoint    ] Safepoint "Cleanup", Time since last: 1000652057 ns, Reaching safepoint: 105739 ns, At safepoint: 4638 ns, Total: 110377 ns
[2020-05-16T10:24:22.343+0000][15960][safepoint    ] Safepoint "Cleanup", Time since last: 2000019942 ns, Reaching safepoint: 122435 ns, At safepoint: 6956 ns, Total: 129391 ns
[2020-05-16T10:24:23.343+0000][15960][safepoint    ] Safepoint "Cleanup", Time since last: 1000483247 ns, Reaching safepoint: 99246 ns, At safepoint: 4638 ns, Total: 103884 ns
[2020-05-16T10:24:24.347+0000][15960][safepoint    ] Safepoint "Cleanup", Time since last: 1000786086 ns, Reaching safepoint: 3110955 ns, At safepoint: 15768 ns, Total: 3126723 ns
[2020-05-16T10:24:25.348+0000][15960][safepoint    ] Safepoint "Cleanup", Time since last: 1000665043 ns, Reaching safepoint: 161392 ns, At safepoint: 4174 ns, Total: 165566 ns
[2020-05-16T10:24:26.348+0000][15960][safepoint    ] Safepoint "Cleanup", Time since last: 1000056579 ns, Reaching safepoint: 103884 ns, At safepoint: 6029 ns, Total: 109913 ns
[2020-05-16T10:24:27.349+0000][15960][safepoint    ] Safepoint "Cleanup", Time since last: 1000135884 ns, Reaching safepoint: 142841 ns, At safepoint: 6029 ns, Total: 148870 ns
[2020-05-16T10:24:28.349+0000][15960][safepoint    ] Safepoint "Cleanup", Time since last: 1000389565 ns, Reaching safepoint: 118724 ns, At safepoint: 5102 ns, Total: 123826 ns
[2020-05-16T10:24:29.350+0000][15960][safepoint    ] Safepoint "Cleanup", Time since last: 1000580174 ns, Reaching safepoint: 136811 ns, At safepoint: 4174 ns, Total: 140985 ns
[2020-05-16T10:24:30.350+0000][15960][safepoint    ] Safepoint "Cleanup", Time since last: 1000278724 ns, Reaching safepoint: 96464 ns, At safepoint: 3247 ns, Total: 99711 ns
[2020-05-16T10:24:31.351+0000][15960][safepoint    ] Safepoint "Cleanup", Time since last: 1000557449 ns, Reaching safepoint: 102492 ns, At safepoint: 3247 ns, Total: 105739 ns
[2020-05-16T10:24:33.352+0000][15960][safepoint    ] Safepoint "Cleanup", Time since last: 2000870956 ns, Reaching safepoint: 149333 ns, At safepoint: 6957 ns, Total: 156290 ns
[2020-05-16T10:24:34.353+0000][15960][safepoint    ] Safepoint "Cleanup", Time since last: 1000829217 ns, Reaching safepoint: 131710 ns, At safepoint: 4637 ns, Total: 136347 ns
[2020-05-16T10:24:35.354+0000][15960][safepoint    ] Safepoint "Cleanup", Time since last: 1000614029 ns, Reaching safepoint: 131246 ns, At safepoint: 6493 ns, Total: 137739 ns
[2020-05-16T10:24:36.355+0000][15960][safepoint    ] Safepoint "Cleanup", Time since last: 1000776811 ns, Reaching safepoint: 129855 ns, At safepoint: 6493 ns, Total: 136348 ns
[2020-05-16T10:24:37.355+0000][15960][safepoint    ] Safepoint "Cleanup", Time since last: 1000378435 ns, Reaching safepoint: 115014 ns, At safepoint: 6493 ns, Total: 121507 ns
[2020-05-16T10:24:39.355+0000][15960][safepoint    ] Safepoint "Cleanup", Time since last: 2000026435 ns, Reaching safepoint: 114550 ns, At safepoint: 6493 ns, Total: 121043 ns
[2020-05-16T10:24:40.355+0000][15960][safepoint    ] Safepoint "Cleanup", Time since last: 1000112232 ns, Reaching safepoint: 104811 ns, At safepoint: 5102 ns, Total: 109913 ns
[2020-05-16T10:24:41.356+0000][15960][safepoint    ] Safepoint "Cleanup", Time since last: 1000416000 ns, Reaching safepoint: 130782 ns, At safepoint: 6957 ns, Total: 137739 ns
[2020-05-16T10:24:42.357+0000][15960][safepoint    ] Safepoint "Cleanup", Time since last: 1000518492 ns, Reaching safepoint: 111305 ns, At safepoint: 5565 ns, Total: 116870 ns
[2020-05-16T10:24:43.357+0000][15960][safepoint    ] Safepoint "Cleanup", Time since last: 1000469797 ns, Reaching safepoint: 148869 ns, At safepoint: 6029 ns, Total: 154898 ns
[2020-05-16T10:24:44.358+0000][15960][safepoint    ] Safepoint "Cleanup", Time since last: 1000419246 ns, Reaching safepoint: 131710 ns, At safepoint: 6957 ns, Total: 138667 ns
[2020-05-16T10:24:46.358+0000][15960][safepoint    ] Safepoint "Cleanup", Time since last: 1999916058 ns, Reaching safepoint: 116406 ns, At safepoint: 4637 ns, Total: 121043 ns
[2020-05-16T10:24:47.358+0000][15960][safepoint    ] Safepoint "Cleanup", Time since last: 1000540754 ns, Reaching safepoint: 218898 ns, At safepoint: 8348 ns, Total: 227246 ns
[2020-05-16T10:24:48.359+0000][15960][safepoint    ] Safepoint "Cleanup", Time since last: 1000553739 ns, Reaching safepoint: 114551 ns, At safepoint: 10202 ns, Total: 124753 ns
[2020-05-16T10:24:49.360+0000][15960][safepoint    ] Safepoint "Cleanup", Time since last: 1000107595 ns, Reaching safepoint: 100637 ns, At safepoint: 4638 ns, Total: 105275 ns
[2020-05-16T10:24:50.360+0000][15960][safepoint    ] Safepoint "Cleanup", Time since last: 1000562550 ns, Reaching safepoint: 116406 ns, At safepoint: 4638 ns, Total: 121044 ns
[2020-05-16T10:24:51.361+0000][15960][safepoint    ] Safepoint "Cleanup", Time since last: 1000325101 ns, Reaching safepoint: 149333 ns, At safepoint: 6493 ns, Total: 155826 ns
[2020-05-16T10:24:52.361+0000][15960][safepoint    ] Safepoint "Cleanup", Time since last: 1000637681 ns, Reaching safepoint: 116870 ns, At safepoint: 7884 ns, Total: 124754 ns
[2020-05-16T10:24:54.333+0000][15960][safepoint    ] Safepoint "Cleanup", Time since last: 1952753181 ns, Reaching safepoint: 18992687 ns, At safepoint: 28290 ns, Total: 19020977 ns
[2020-05-16T10:24:55.347+0000][15960][safepoint    ] Safepoint "Cleanup", Time since last: 1013603240 ns, Reaching safepoint: 218898 ns, At safepoint: 20406 ns, Total: 239304 ns
[2020-05-16T10:24:57.348+0000][15960][safepoint    ] Safepoint "Cleanup", Time since last: 2000564869 ns, Reaching safepoint: 134957 ns, At safepoint: 8347 ns, Total: 143304 ns
[2020-05-16T10:24:58.348+0000][15960][safepoint    ] Safepoint "Cleanup", Time since last: 1000599652 ns, Reaching safepoint: 133102 ns, At safepoint: 6956 ns, Total: 140058 ns
[2020-05-16T10:24:59.349+0000][15960][safepoint    ] Safepoint "Cleanup", Time since last: 1000263420 ns, Reaching safepoint: 115942 ns, At safepoint: 4638 ns, Total: 120580 ns
[2020-05-16T10:25:00.349+0000][15960][safepoint    ] Safepoint "Cleanup", Time since last: 1000228174 ns, Reaching safepoint: 115014 ns, At safepoint: 4638 ns, Total: 119652 ns
[2020-05-16T10:25:01.350+0000][15960][safepoint    ] Safepoint "Cleanup", Time since last: 1000757333 ns, Reaching safepoint: 125217 ns, At safepoint: 4638 ns, Total: 129855 ns
[2020-05-16T10:25:03.350+0000][15960][safepoint    ] Safepoint "Cleanup", Time since last: 2000240232 ns, Reaching safepoint: 115942 ns, At safepoint: 5565 ns, Total: 121507 ns
[2020-05-16T10:25:05.351+0000][15960][safepoint    ] Safepoint "Cleanup", Time since last: 2000256927 ns, Reaching safepoint: 145160 ns, At safepoint: 6956 ns, Total: 152116 ns
[2020-05-16T10:25:06.351+0000][15960][safepoint    ] Safepoint "Cleanup", Time since last: 1000364522 ns, Reaching safepoint: 120579 ns, At safepoint: 4638 ns, Total: 125217 ns
[2020-05-16T10:25:07.352+0000][15960][safepoint    ] Safepoint "Cleanup", Time since last: 1000730435 ns, Reaching safepoint: 106202 ns, At safepoint: 6493 ns, Total: 112695 ns
[2020-05-16T10:25:09.353+0000][15960][safepoint    ] Safepoint "Cleanup", Time since last: 2000566725 ns, Reaching safepoint: 105739 ns, At safepoint: 4174 ns, Total: 109913 ns
[2020-05-16T10:25:11.353+0000][15960][safepoint    ] Safepoint "Cleanup", Time since last: 2000122434 ns, Reaching safepoint: 169739 ns, At safepoint: 4638 ns, Total: 174377 ns
[2020-05-16T10:25:12.353+0000][15960][safepoint    ] Safepoint "Cleanup", Time since last: 1000089507 ns, Reaching safepoint: 86261 ns, At safepoint: 3246 ns, Total: 89507 ns
[2020-05-16T10:25:13.354+0000][15960][safepoint    ] Safepoint "Cleanup", Time since last: 1000143305 ns, Reaching safepoint: 128463 ns, At safepoint: 4638 ns, Total: 133101 ns
[2020-05-16T10:25:14.354+0000][15960][safepoint    ] Safepoint "Cleanup", Time since last: 1000142841 ns, Reaching safepoint: 128927 ns, At safepoint: 5102 ns, Total: 134029 ns
[2020-05-16T10:25:15.354+0000][15960][safepoint    ] Safepoint "Cleanup", Time since last: 1000237449 ns, Reaching safepoint: 130782 ns, At safepoint: 5565 ns, Total: 136347 ns
[2020-05-16T10:25:16.355+0000][15960][safepoint    ] Safepoint "Cleanup", Time since last: 1000085798 ns, Reaching safepoint: 89043 ns, At safepoint: 3246 ns, Total: 92289 ns
[2020-05-16T10:25:17.355+0000][15960][safepoint    ] Safepoint "Cleanup", Time since last: 1000417855 ns, Reaching safepoint: 116406 ns, At safepoint: 4638 ns, Total: 121044 ns
[2020-05-16T10:25:19.356+0000][15960][safepoint    ] Safepoint "Cleanup", Time since last: 2000934492 ns, Reaching safepoint: 117797 ns, At safepoint: 6493 ns, Total: 124290 ns
[2020-05-16T10:25:20.357+0000][15960][safepoint    ] Safepoint "Cleanup", Time since last: 1000556521 ns, Reaching safepoint: 121044 ns, At safepoint: 6956 ns, Total: 128000 ns
[2020-05-16T10:25:21.357+0000][15960][safepoint    ] Safepoint "Cleanup", Time since last: 1000304696 ns, Reaching safepoint: 122898 ns, At safepoint: 4174 ns, Total: 127072 ns
[2020-05-16T10:25:22.358+0000][15960][safepoint    ] Safepoint "Cleanup", Time since last: 1000302841 ns, Reaching safepoint: 121507 ns, At safepoint: 4637 ns, Total: 126144 ns
[2020-05-16T10:25:23.358+0000][15960][safepoint    ] Safepoint "Cleanup", Time since last: 1000588058 ns, Reaching safepoint: 175304 ns, At safepoint: 6493 ns, Total: 181797 ns
[2020-05-16T10:25:24.359+0000][15960][safepoint    ] Safepoint "Cleanup", Time since last: 1000196638 ns, Reaching safepoint: 153971 ns, At safepoint: 6492 ns, Total: 160463 ns
[2020-05-16T10:25:25.359+0000][15960][safepoint    ] Safepoint "Cleanup", Time since last: 1000578319 ns, Reaching safepoint: 118261 ns, At safepoint: 4637 ns, Total: 122898 ns
[2020-05-16T10:25:26.360+0000][15960][safepoint    ] Safepoint "Cleanup", Time since last: 1000650667 ns, Reaching safepoint: 118724 ns, At safepoint: 6957 ns, Total: 125681 ns
[2020-05-16T10:25:27.361+0000][15960][safepoint    ] Safepoint "Cleanup", Time since last: 1000238377 ns, Reaching safepoint: 120579 ns, At safepoint: 6493 ns, Total: 127072 ns
[2020-05-16T10:25:29.361+0000][15960][safepoint    ] Safepoint "Cleanup", Time since last: 2000020406 ns, Reaching safepoint: 154898 ns, At safepoint: 6957 ns, Total: 161855 ns
[2020-05-16T10:25:30.361+0000][15960][safepoint    ] Safepoint "Cleanup", Time since last: 1000320463 ns, Reaching safepoint: 111769 ns, At safepoint: 6492 ns, Total: 118261 ns
[2020-05-16T10:25:31.362+0000][15960][safepoint    ] Safepoint "Cleanup", Time since last: 1000410899 ns, Reaching safepoint: 90898 ns, At safepoint: 4174 ns, Total: 95072 ns
[2020-05-16T10:25:32.363+0000][15960][safepoint    ] Safepoint "Cleanup", Time since last: 1000815304 ns, Reaching safepoint: 183188 ns, At safepoint: 4174 ns, Total: 187362 ns
[2020-05-16T10:25:33.363+0000][15960][safepoint    ] Safepoint "Cleanup", Time since last: 1000275478 ns, Reaching safepoint: 197102 ns, At safepoint: 6956 ns, Total: 204058 ns
[2020-05-16T10:25:34.364+0000][15960][safepoint    ] Safepoint "Cleanup", Time since last: 1000275942 ns, Reaching safepoint: 121971 ns, At safepoint: 4638 ns, Total: 126609 ns
[2020-05-16T10:25:35.364+0000][15960][safepoint    ] Safepoint "Cleanup", Time since last: 1000031072 ns, Reaching safepoint: 113160 ns, At safepoint: 4637 ns, Total: 117797 ns
[2020-05-16T10:25:36.364+0000][15960][safepoint    ] Safepoint "Cleanup", Time since last: 1000546319 ns, Reaching safepoint: 105275 ns, At safepoint: 6029 ns, Total: 111304 ns
[2020-05-16T10:25:37.365+0000][15960][safepoint    ] Safepoint "Cleanup", Time since last: 1000098783 ns, Reaching safepoint: 121971 ns, At safepoint: 4637 ns, Total: 126608 ns
[2020-05-16T10:25:39.365+0000][15960][safepoint    ] Safepoint "Cleanup", Time since last: 2000156754 ns, Reaching safepoint: 108985 ns, At safepoint: 4174 ns, Total: 113159 ns
[2020-05-16T10:25:40.365+0000][15960][safepoint    ] Safepoint "Cleanup", Time since last: 1000256464 ns, Reaching safepoint: 112696 ns, At safepoint: 4173 ns, Total: 116869 ns
[2020-05-16T10:25:42.366+0000][15960][safepoint    ] Safepoint "Cleanup", Time since last: 2000883478 ns, Reaching safepoint: 109913 ns, At safepoint: 4174 ns, Total: 114087 ns
[2020-05-16T10:25:43.367+0000][15960][safepoint    ] Safepoint "Cleanup", Time since last: 1000296812 ns, Reaching safepoint: 110376 ns, At safepoint: 4638 ns, Total: 115014 ns
[2020-05-16T10:25:44.367+0000][15960][safepoint    ] Safepoint "Cleanup", Time since last: 1000107130 ns, Reaching safepoint: 118725 ns, At safepoint: 4174 ns, Total: 122899 ns
[2020-05-16T10:25:46.368+0000][15960][safepoint    ] Safepoint "Cleanup", Time since last: 2000682666 ns, Reaching safepoint: 109913 ns, At safepoint: 4638 ns, Total: 114551 ns
[2020-05-16T10:25:47.369+0000][15960][safepoint    ] Safepoint "Cleanup", Time since last: 1000675246 ns, Reaching safepoint: 102493 ns, At safepoint: 4637 ns, Total: 107130 ns
[2020-05-16T10:25:48.369+0000][15960][safepoint    ] Safepoint "Cleanup", Time since last: 1000636754 ns, Reaching safepoint: 142840 ns, At safepoint: 3247 ns, Total: 146087 ns
[2020-05-16T10:25:50.370+0000][15960][safepoint    ] Safepoint "Cleanup", Time since last: 2000396985 ns, Reaching safepoint: 108522 ns, At safepoint: 6029 ns, Total: 114551 ns
[2020-05-16T10:25:51.371+0000][15960][safepoint    ] Safepoint "Cleanup", Time since last: 1000678028 ns, Reaching safepoint: 121044 ns, At safepoint: 4174 ns, Total: 125218 ns
[2020-05-16T10:25:52.371+0000][15960][safepoint    ] Safepoint "Cleanup", Time since last: 1000719767 ns, Reaching safepoint: 103884 ns, At safepoint: 4638 ns, Total: 108522 ns
[2020-05-16T10:25:53.372+0000][15960][safepoint    ] Safepoint "Cleanup", Time since last: 1000126609 ns, Reaching safepoint: 121507 ns, At safepoint: 4174 ns, Total: 125681 ns
[2020-05-16T10:25:54.372+0000][15960][safepoint    ] Safepoint "Cleanup", Time since last: 1000371942 ns, Reaching safepoint: 111768 ns, At safepoint: 4637 ns, Total: 116405 ns
[2020-05-16T10:25:55.373+0000][15960][safepoint    ] Safepoint "Cleanup", Time since last: 1000763826 ns, Reaching safepoint: 112232 ns, At safepoint: 4638 ns, Total: 116870 ns
[2020-05-16T10:25:56.373+0000][15960][safepoint    ] Safepoint "Cleanup", Time since last: 1000267130 ns, Reaching safepoint: 109449 ns, At safepoint: 6029 ns, Total: 115478 ns
[2020-05-16T10:25:57.374+0000][15960][safepoint    ] Safepoint "Cleanup", Time since last: 1000470725 ns, Reaching safepoint: 96463 ns, At safepoint: 4638 ns, Total: 101101 ns
[2020-05-16T10:25:59.375+0000][15960][safepoint    ] Safepoint "Cleanup", Time since last: 2000723014 ns, Reaching safepoint: 116870 ns, At safepoint: 4637 ns, Total: 121507 ns
[2020-05-16T10:26:00.375+0000][15960][safepoint    ] Safepoint "Cleanup", Time since last: 1000344116 ns, Reaching safepoint: 116870 ns, At safepoint: 4174 ns, Total: 121044 ns
[2020-05-16T10:26:01.376+0000][15960][safepoint    ] Safepoint "Cleanup", Time since last: 1000739709 ns, Reaching safepoint: 133102 ns, At safepoint: 2319 ns, Total: 135421 ns
[2020-05-16T10:26:02.376+0000][15960][safepoint    ] Safepoint "Cleanup", Time since last: 1000043130 ns, Reaching safepoint: 112232 ns, At safepoint: 12985 ns, Total: 125217 ns
[2020-05-16T10:26:04.377+0000][15960][safepoint    ] Safepoint "Cleanup", Time since last: 2000178087 ns, Reaching safepoint: 99247 ns, At safepoint: 4637 ns, Total: 103884 ns
[2020-05-16T10:26:05.377+0000][15960][safepoint    ] Safepoint "Cleanup", Time since last: 1000473507 ns, Reaching safepoint: 363131 ns, At safepoint: 3246 ns, Total: 366377 ns
[2020-05-16T10:26:06.378+0000][15960][safepoint    ] Safepoint "Cleanup", Time since last: 1000275478 ns, Reaching safepoint: 278261 ns, At safepoint: 6029 ns, Total: 284290 ns
[2020-05-16T10:26:07.378+0000][15960][safepoint    ] Safepoint "Cleanup", Time since last: 1000215188 ns, Reaching safepoint: 138667 ns, At safepoint: 4174 ns, Total: 142841 ns
[2020-05-16T10:26:09.379+0000][15960][safepoint    ] Safepoint "Cleanup", Time since last: 2000304695 ns, Reaching safepoint: 141449 ns, At safepoint: 23189 ns, Total: 164638 ns
[2020-05-16T10:26:10.545+0000][15960][safepoint    ] Safepoint "Cleanup", Time since last: 1165778937 ns, Reaching safepoint: 131710 ns, At safepoint: 4174 ns, Total: 135884 ns
[2020-05-16T10:26:11.546+0000][15960][safepoint    ] Safepoint "Cleanup", Time since last: 1000838029 ns, Reaching safepoint: 165565 ns, At safepoint: 5102 ns, Total: 170667 ns
[2020-05-16T10:26:12.547+0000][15960][safepoint    ] Safepoint "Cleanup", Time since last: 1000675246 ns, Reaching safepoint: 135420 ns, At safepoint: 3710 ns, Total: 139130 ns
[2020-05-16T10:26:14.547+0000][15960][safepoint    ] Safepoint "Cleanup", Time since last: 2000686376 ns, Reaching safepoint: 116406 ns, At safepoint: 2319 ns, Total: 118725 ns
[2020-05-16T10:26:15.548+0000][15960][safepoint    ] Safepoint "Cleanup", Time since last: 1000448464 ns, Reaching safepoint: 87188 ns, At safepoint: 3710 ns, Total: 90898 ns
[2020-05-16T10:26:16.548+0000][15960][safepoint    ] Safepoint "Cleanup", Time since last: 1000078377 ns, Reaching safepoint: 85797 ns, At safepoint: 3710 ns, Total: 89507 ns
[2020-05-16T10:26:17.549+0000][15960][safepoint    ] Safepoint "Cleanup", Time since last: 1000538435 ns, Reaching safepoint: 96000 ns, At safepoint: 4637 ns, Total: 100637 ns
[2020-05-16T10:26:19.550+0000][15960][safepoint    ] Safepoint "Cleanup", Time since last: 2000644638 ns, Reaching safepoint: 133101 ns, At safepoint: 5565 ns, Total: 138666 ns
[2020-05-16T10:26:20.550+0000][15960][safepoint    ] Safepoint "Cleanup", Time since last: 1000599188 ns, Reaching safepoint: 118725 ns, At safepoint: 6029 ns, Total: 124754 ns
[2020-05-16T10:26:21.551+0000][15960][safepoint    ] Safepoint "Cleanup", Time since last: 1000280116 ns, Reaching safepoint: 106203 ns, At safepoint: 4174 ns, Total: 110377 ns
[2020-05-16T10:26:23.551+0000][15960][safepoint    ] Safepoint "Cleanup", Time since last: 2000607072 ns, Reaching safepoint: 130782 ns, At safepoint: 4174 ns, Total: 134956 ns
[2020-05-16T10:26:24.552+0000][15960][safepoint    ] Safepoint "Cleanup", Time since last: 1000345507 ns, Reaching safepoint: 131247 ns, At safepoint: 4637 ns, Total: 135884 ns
[2020-05-16T10:26:25.552+0000][15960][safepoint    ] Safepoint "Cleanup", Time since last: 1000355710 ns, Reaching safepoint: 145160 ns, At safepoint: 6492 ns, Total: 151652 ns
[2020-05-16T10:26:26.553+0000][15960][safepoint    ] Safepoint "Cleanup", Time since last: 1000530087 ns, Reaching safepoint: 123362 ns, At safepoint: 4638 ns, Total: 128000 ns
[2020-05-16T10:26:27.553+0000][15960][safepoint    ] Safepoint "Cleanup", Time since last: 1000192464 ns, Reaching safepoint: 97391 ns, At safepoint: 2783 ns, Total: 100174 ns
[2020-05-16T10:26:28.554+0000][15960][safepoint    ] Safepoint "Cleanup", Time since last: 1000108057 ns, Reaching safepoint: 92754 ns, At safepoint: 2783 ns, Total: 95537 ns
[2020-05-16T10:26:29.554+0000][15960][safepoint    ] Safepoint "Cleanup", Time since last: 1000569043 ns, Reaching safepoint: 102029 ns, At safepoint: 3246 ns, Total: 105275 ns
[2020-05-16T10:26:30.555+0000][15960][safepoint    ] Safepoint "Cleanup", Time since last: 1000386783 ns, Reaching safepoint: 175304 ns, At safepoint: 53797 ns, Total: 229101 ns
[2020-05-16T10:26:32.556+0000][15960][safepoint    ] Safepoint "Cleanup", Time since last: 2000828753 ns, Reaching safepoint: 116406 ns, At safepoint: 4638 ns, Total: 121044 ns
[2020-05-16T10:26:34.557+0000][15960][safepoint    ] Safepoint "Cleanup", Time since last: 2000747130 ns, Reaching safepoint: 163710 ns, At safepoint: 3710 ns, Total: 167420 ns
[2020-05-16T10:26:35.557+0000][15960][safepoint    ] Safepoint "Cleanup", Time since last: 1000032927 ns, Reaching safepoint: 167884 ns, At safepoint: 6957 ns, Total: 174841 ns
[2020-05-16T10:26:36.558+0000][15960][safepoint    ] Safepoint "Cleanup", Time since last: 1000809739 ns, Reaching safepoint: 225855 ns, At safepoint: 7884 ns, Total: 233739 ns
[2020-05-16T10:26:38.558+0000][15960][safepoint    ] Safepoint "Cleanup", Time since last: 1999984695 ns, Reaching safepoint: 209160 ns, At safepoint: 7420 ns, Total: 216580 ns
[2020-05-16T10:26:39.559+0000][15960][safepoint    ] Safepoint "Cleanup", Time since last: 1000336695 ns, Reaching safepoint: 193855 ns, At safepoint: 5102 ns, Total: 198957 ns
[2020-05-16T10:26:40.559+0000][15960][safepoint    ] Safepoint "Cleanup", Time since last: 1000541681 ns, Reaching safepoint: 221217 ns, At safepoint: 13913 ns, Total: 235130 ns
[2020-05-16T10:26:41.560+0000][15960][safepoint    ] Safepoint "Cleanup", Time since last: 1000131246 ns, Reaching safepoint: 169739 ns, At safepoint: 9276 ns, Total: 179015 ns
[2020-05-16T10:26:42.560+0000][15960][safepoint    ] Safepoint "Cleanup", Time since last: 1000328811 ns, Reaching safepoint: 158609 ns, At safepoint: 6029 ns, Total: 164638 ns
[2020-05-16T10:26:44.561+0000][15960][safepoint    ] Safepoint "Cleanup", Time since last: 2000402550 ns, Reaching safepoint: 384000 ns, At safepoint: 3247 ns, Total: 387247 ns
[2020-05-16T10:26:45.562+0000][15960][safepoint    ] Safepoint "Cleanup", Time since last: 1000458666 ns, Reaching safepoint: 122899 ns, At safepoint: 6029 ns, Total: 128928 ns
[2020-05-16T10:26:46.562+0000][15960][safepoint    ] Safepoint "Cleanup", Time since last: 1000342724 ns, Reaching safepoint: 161855 ns, At safepoint: 7420 ns, Total: 169275 ns
[2020-05-16T10:26:47.563+0000][15960][safepoint    ] Safepoint "Cleanup", Time since last: 1000767536 ns, Reaching safepoint: 131710 ns, At safepoint: 6493 ns, Total: 138203 ns
[2020-05-16T10:26:48.564+0000][15960][safepoint    ] Safepoint "Cleanup", Time since last: 1000755478 ns, Reaching safepoint: 121043 ns, At safepoint: 6493 ns, Total: 127536 ns
[2020-05-16T10:26:49.565+0000][15960][safepoint    ] Safepoint "Cleanup", Time since last: 1000699826 ns, Reaching safepoint: 129391 ns, At safepoint: 5102 ns, Total: 134493 ns
[2020-05-16T10:26:50.566+0000][15960][safepoint    ] Safepoint "Cleanup", Time since last: 1000588057 ns, Reaching safepoint: 123363 ns, At safepoint: 6492 ns, Total: 129855 ns
[2020-05-16T10:26:51.566+0000][15960][safepoint    ] Safepoint "Cleanup", Time since last: 1000029218 ns, Reaching safepoint: 116869 ns, At safepoint: 6493 ns, Total: 123362 ns
[2020-05-16T10:26:52.566+0000][15960][safepoint    ] Safepoint "Cleanup", Time since last: 1000496232 ns, Reaching safepoint: 124289 ns, At safepoint: 6029 ns, Total: 130318 ns
[2020-05-16T10:26:54.567+0000][15960][safepoint    ] Safepoint "Cleanup", Time since last: 2000261102 ns, Reaching safepoint: 87188 ns, At safepoint: 2783 ns, Total: 89971 ns
[2020-05-16T10:26:55.567+0000][15960][safepoint    ] Safepoint "Cleanup", Time since last: 1000687767 ns, Reaching safepoint: 167421 ns, At safepoint: 62608 ns, Total: 230029 ns
[2020-05-16T10:26:56.568+0000][15960][safepoint    ] Safepoint "Cleanup", Time since last: 1000363131 ns, Reaching safepoint: 126144 ns, At safepoint: 4174 ns, Total: 130318 ns
[2020-05-16T10:26:57.569+0000][15960][safepoint    ] Safepoint "Cleanup", Time since last: 1000681275 ns, Reaching safepoint: 102029 ns, At safepoint: 4638 ns, Total: 106667 ns
[2020-05-16T10:26:58.570+0000][15960][safepoint    ] Safepoint "Cleanup", Time since last: 1000769391 ns, Reaching safepoint: 154435 ns, At safepoint: 5101 ns, Total: 159536 ns
[2020-05-16T10:26:59.571+0000][15960][safepoint    ] Safepoint "Cleanup", Time since last: 1000739710 ns, Reaching safepoint: 107594 ns, At safepoint: 6029 ns, Total: 113623 ns
[2020-05-16T10:27:00.571+0000][15960][safepoint    ] Safepoint "Cleanup", Time since last: 1000102029 ns, Reaching safepoint: 110841 ns, At safepoint: 4637 ns, Total: 115478 ns
[2020-05-16T10:27:01.571+0000][15960][safepoint    ] Safepoint "Cleanup", Time since last: 1000382609 ns, Reaching safepoint: 113159 ns, At safepoint: 6029 ns, Total: 119188 ns
[2020-05-16T10:27:02.572+0000][15960][safepoint    ] Safepoint "Cleanup", Time since last: 1000588522 ns, Reaching safepoint: 149333 ns, At safepoint: 6956 ns, Total: 156289 ns
[2020-05-16T10:27:03.573+0000][15960][safepoint    ] Safepoint "Cleanup", Time since last: 1000720696 ns, Reaching safepoint: 115478 ns, At safepoint: 4638 ns, Total: 120116 ns
[2020-05-16T10:27:04.574+0000][15960][safepoint    ] Safepoint "Cleanup", Time since last: 1000555593 ns, Reaching safepoint: 77913 ns, At safepoint: 3247 ns, Total: 81160 ns
[2020-05-16T10:27:05.574+0000][15960][safepoint    ] Safepoint "Cleanup", Time since last: 1000774492 ns, Reaching safepoint: 152580 ns, At safepoint: 6493 ns, Total: 159073 ns
[2020-05-16T10:27:06.575+0000][15960][safepoint    ] Safepoint "Cleanup", Time since last: 1000067246 ns, Reaching safepoint: 124290 ns, At safepoint: 5565 ns, Total: 129855 ns
[2020-05-16T10:27:07.575+0000][15960][safepoint    ] Safepoint "Cleanup", Time since last: 1000015768 ns, Reaching safepoint: 119188 ns, At safepoint: 5566 ns, Total: 124754 ns
[2020-05-16T10:27:08.575+0000][15960][safepoint    ] Safepoint "Cleanup", Time since last: 1000279652 ns, Reaching safepoint: 150261 ns, At safepoint: 4173 ns, Total: 154434 ns
[2020-05-16T10:27:09.576+0000][15960][safepoint    ] Safepoint "Cleanup", Time since last: 1000910377 ns, Reaching safepoint: 292637 ns, At safepoint: 5102 ns, Total: 297739 ns
[2020-05-16T10:27:10.577+0000][15960][safepoint    ] Safepoint "Cleanup", Time since last: 1000406724 ns, Reaching safepoint: 110377 ns, At safepoint: 4174 ns, Total: 114551 ns
[2020-05-16T10:27:11.594+0000][15960][safepoint    ] Safepoint "Cleanup", Time since last: 1016860282 ns, Reaching safepoint: 78841 ns, At safepoint: 2782 ns, Total: 81623 ns
[2020-05-16T10:27:12.595+0000][15960][safepoint    ] Safepoint "Cleanup", Time since last: 1000548174 ns, Reaching safepoint: 81623 ns, At safepoint: 2783 ns, Total: 84406 ns
[2020-05-16T10:27:13.595+0000][15960][safepoint    ] Safepoint "Cleanup", Time since last: 1000409970 ns, Reaching safepoint: 376116 ns, At safepoint: 21333 ns, Total: 397449 ns
[2020-05-16T10:27:14.596+0000][15960][safepoint    ] Safepoint "Cleanup", Time since last: 1000117334 ns, Reaching safepoint: 212405 ns, At safepoint: 9276 ns, Total: 221681 ns
[2020-05-16T10:27:15.597+0000][15960][safepoint    ] Safepoint "Cleanup", Time since last: 1000742028 ns, Reaching safepoint: 142377 ns, At safepoint: 5102 ns, Total: 147479 ns
[2020-05-16T10:27:16.597+0000][15960][safepoint    ] Safepoint "Cleanup", Time since last: 1000441507 ns, Reaching safepoint: 115014 ns, At safepoint: 6493 ns, Total: 121507 ns
[2020-05-16T10:27:17.598+0000][15960][safepoint    ] Safepoint "Cleanup", Time since last: 1000711884 ns, Reaching safepoint: 121507 ns, At safepoint: 4174 ns, Total: 125681 ns
[2020-05-16T10:27:18.599+0000][15960][safepoint    ] Safepoint "Cleanup", Time since last: 1000691014 ns, Reaching safepoint: 99246 ns, At safepoint: 4174 ns, Total: 103420 ns
[2020-05-16T10:27:19.599+0000][15960][safepoint    ] Safepoint "Cleanup", Time since last: 1000170203 ns, Reaching safepoint: 96000 ns, At safepoint: 4638 ns, Total: 100638 ns
[2020-05-16T10:27:20.599+0000][15960][safepoint    ] Safepoint "Cleanup", Time since last: 1000220753 ns, Reaching safepoint: 102957 ns, At safepoint: 4637 ns, Total: 107594 ns
[2020-05-16T10:27:21.600+0000][15960][safepoint    ] Safepoint "Cleanup", Time since last: 1000025044 ns, Reaching safepoint: 118261 ns, At safepoint: 3710 ns, Total: 121971 ns
[2020-05-16T10:27:22.600+0000][15960][safepoint    ] Safepoint "Cleanup", Time since last: 1000423884 ns, Reaching safepoint: 128463 ns, At safepoint: 6957 ns, Total: 135420 ns
[2020-05-16T10:27:23.600+0000][15960][safepoint    ] Safepoint "Cleanup", Time since last: 1000105275 ns, Reaching safepoint: 89971 ns, At safepoint: 4174 ns, Total: 94145 ns
[2020-05-16T10:27:25.601+0000][15960][safepoint    ] Safepoint "Cleanup", Time since last: 2000611246 ns, Reaching safepoint: 110841 ns, At safepoint: 6029 ns, Total: 116870 ns
[2020-05-16T10:27:26.602+0000][15960][safepoint    ] Safepoint "Cleanup", Time since last: 1000699825 ns, Reaching safepoint: 101565 ns, At safepoint: 6957 ns, Total: 108522 ns
[2020-05-16T10:27:27.602+0000][15960][safepoint    ] Safepoint "Cleanup", Time since last: 1000541681 ns, Reaching safepoint: 109913 ns, At safepoint: 4638 ns, Total: 114551 ns
[2020-05-16T10:27:28.603+0000][15960][safepoint    ] Safepoint "Cleanup", Time since last: 1000120115 ns, Reaching safepoint: 120580 ns, At safepoint: 7420 ns, Total: 128000 ns
[2020-05-16T10:27:29.603+0000][15960][safepoint    ] Safepoint "Cleanup", Time since last: 1000302841 ns, Reaching safepoint: 100637 ns, At safepoint: 4174 ns, Total: 104811 ns
[2020-05-16T10:27:30.604+0000][15960][safepoint    ] Safepoint "Cleanup", Time since last: 1000667362 ns, Reaching safepoint: 103421 ns, At safepoint: 4174 ns, Total: 107595 ns
[2020-05-16T10:27:31.605+0000][15960][safepoint    ] Safepoint "Cleanup", Time since last: 1000769854 ns, Reaching safepoint: 97392 ns, At safepoint: 4173 ns, Total: 101565 ns
[2020-05-16T10:27:32.606+0000][15960][safepoint    ] Safepoint "Cleanup", Time since last: 1000710029 ns, Reaching safepoint: 121507 ns, At safepoint: 4174 ns, Total: 125681 ns
[2020-05-16T10:27:33.606+0000][15960][safepoint    ] Safepoint "Cleanup", Time since last: 1000362667 ns, Reaching safepoint: 111304 ns, At safepoint: 4174 ns, Total: 115478 ns
[2020-05-16T10:27:34.606+0000][15960][safepoint    ] Safepoint "Cleanup", Time since last: 1000075130 ns, Reaching safepoint: 105739 ns, At safepoint: 4638 ns, Total: 110377 ns
[2020-05-16T10:27:35.607+0000][15960][safepoint    ] Safepoint "Cleanup", Time since last: 1000584348 ns, Reaching safepoint: 112231 ns, At safepoint: 4638 ns, Total: 116869 ns
[2020-05-16T10:27:36.608+0000][15960][safepoint    ] Safepoint "Cleanup", Time since last: 1000816695 ns, Reaching safepoint: 115015 ns, At safepoint: 6493 ns, Total: 121508 ns
[2020-05-16T10:27:37.608+0000][15960][safepoint    ] Safepoint "Cleanup", Time since last: 1000206840 ns, Reaching safepoint: 106203 ns, At safepoint: 4174 ns, Total: 110377 ns
[2020-05-16T10:27:38.609+0000][15960][safepoint    ] Safepoint "Cleanup", Time since last: 1000695652 ns, Reaching safepoint: 113159 ns, At safepoint: 4174 ns, Total: 117333 ns
[2020-05-16T10:27:40.610+0000][15960][safepoint    ] Safepoint "Cleanup", Time since last: 2000585739 ns, Reaching safepoint: 107130 ns, At safepoint: 8348 ns, Total: 115478 ns
[2020-05-16T10:27:41.610+0000][15960][safepoint    ] Safepoint "Cleanup", Time since last: 1000394203 ns, Reaching safepoint: 111304 ns, At safepoint: 5565 ns, Total: 116869 ns
[2020-05-16T10:27:43.611+0000][15960][safepoint    ] Safepoint "Cleanup", Time since last: 2000624232 ns, Reaching safepoint: 112695 ns, At safepoint: 5566 ns, Total: 118261 ns
[2020-05-16T10:27:44.611+0000][15960][safepoint    ] Safepoint "Cleanup", Time since last: 1000224927 ns, Reaching safepoint: 126609 ns, At safepoint: 4637 ns, Total: 131246 ns
[2020-05-16T10:27:45.612+0000][15960][safepoint    ] Safepoint "Cleanup", Time since last: 1000697971 ns, Reaching safepoint: 147942 ns, At safepoint: 9275 ns, Total: 157217 ns
[2020-05-16T10:27:46.613+0000][15960][safepoint    ] Safepoint "Cleanup", Time since last: 1000133566 ns, Reaching safepoint: 100637 ns, At safepoint: 4174 ns, Total: 104811 ns
[2020-05-16T10:27:47.613+0000][15960][safepoint    ] Safepoint "Cleanup", Time since last: 1000868637 ns, Reaching safepoint: 99710 ns, At safepoint: 4174 ns, Total: 103884 ns
[2020-05-16T10:27:48.614+0000][15960][safepoint    ] Safepoint "Cleanup", Time since last: 1000576928 ns, Reaching safepoint: 113159 ns, At safepoint: 5565 ns, Total: 118724 ns
[2020-05-16T10:27:49.614+0000][15960][safepoint    ] Safepoint "Cleanup", Time since last: 1000070029 ns, Reaching safepoint: 96464 ns, At safepoint: 4174 ns, Total: 100638 ns
[2020-05-16T10:27:50.615+0000][15960][safepoint    ] Safepoint "Cleanup", Time since last: 1000202203 ns, Reaching safepoint: 147014 ns, At safepoint: 9275 ns, Total: 156289 ns
[2020-05-16T10:27:51.616+0000][15960][safepoint    ] Safepoint "Cleanup", Time since last: 1000731362 ns, Reaching safepoint: 159073 ns, At safepoint: 9275 ns, Total: 168348 ns
[2020-05-16T10:27:52.616+0000][15960][safepoint    ] Safepoint "Cleanup", Time since last: 1000493913 ns, Reaching safepoint: 104348 ns, At safepoint: 5565 ns, Total: 109913 ns
[2020-05-16T10:27:53.617+0000][15960][safepoint    ] Safepoint "Cleanup", Time since last: 1000418319 ns, Reaching safepoint: 170202 ns, At safepoint: 5566 ns, Total: 175768 ns
[2020-05-16T10:27:54.617+0000][15960][safepoint    ] Safepoint "Cleanup", Time since last: 1000454028 ns, Reaching safepoint: 105740 ns, At safepoint: 6028 ns, Total: 111768 ns
[2020-05-16T10:27:55.618+0000][15960][safepoint    ] Safepoint "Cleanup", Time since last: 1000543073 ns, Reaching safepoint: 121043 ns, At safepoint: 7884 ns, Total: 128927 ns
[2020-05-16T10:27:56.619+0000][15960][safepoint    ] Safepoint "Cleanup", Time since last: 1000586203 ns, Reaching safepoint: 103884 ns, At safepoint: 4174 ns, Total: 108058 ns
[2020-05-16T10:27:57.619+0000][15960][safepoint    ] Safepoint "Cleanup", Time since last: 1000646956 ns, Reaching safepoint: 99246 ns, At safepoint: 4638 ns, Total: 103884 ns
[2020-05-16T10:27:58.620+0000][15960][safepoint    ] Safepoint "Cleanup", Time since last: 1000204985 ns, Reaching safepoint: 141913 ns, At safepoint: 5566 ns, Total: 147479 ns
[2020-05-16T10:28:00.620+0000][15960][safepoint    ] Safepoint "Cleanup", Time since last: 2000479536 ns, Reaching safepoint: 122434 ns, At safepoint: 6493 ns, Total: 128927 ns
[2020-05-16T10:28:01.621+0000][15960][safepoint    ] Safepoint "Cleanup", Time since last: 1000741101 ns, Reaching safepoint: 102957 ns, At safepoint: 4637 ns, Total: 107594 ns
[2020-05-16T10:28:02.622+0000][15960][safepoint    ] Safepoint "Cleanup", Time since last: 1000496696 ns, Reaching safepoint: 98782 ns, At safepoint: 4174 ns, Total: 102956 ns
[2020-05-16T10:28:03.623+0000][15960][safepoint    ] Safepoint "Cleanup", Time since last: 1000857043 ns, Reaching safepoint: 112696 ns, At safepoint: 4638 ns, Total: 117334 ns
[2020-05-16T10:28:04.623+0000][15960][safepoint    ] Safepoint "Cleanup", Time since last: 1000102492 ns, Reaching safepoint: 109449 ns, At safepoint: 4638 ns, Total: 114087 ns
[2020-05-16T10:28:05.624+0000][15960][safepoint    ] Safepoint "Cleanup", Time since last: 1000788869 ns, Reaching safepoint: 95073 ns, At safepoint: 4637 ns, Total: 99710 ns
[2020-05-16T10:28:07.374+0000][15960][safepoint    ] Safepoint "Cleanup", Time since last: 1750348174 ns, Reaching safepoint: 111305 ns, At safepoint: 6492 ns, Total: 117797 ns
[2020-05-16T10:28:08.375+0000][15960][safepoint    ] Safepoint "Cleanup", Time since last: 1000123363 ns, Reaching safepoint: 121043 ns, At safepoint: 4638 ns, Total: 125681 ns
[2020-05-16T10:28:09.375+0000][15960][safepoint    ] Safepoint "Cleanup", Time since last: 1000237449 ns, Reaching safepoint: 120579 ns, At safepoint: 4174 ns, Total: 124753 ns
[2020-05-16T10:28:11.376+0000][15960][safepoint    ] Safepoint "Cleanup", Time since last: 2000973913 ns, Reaching safepoint: 119652 ns, At safepoint: 4174 ns, Total: 123826 ns
[2020-05-16T10:28:12.376+0000][15960][safepoint    ] Safepoint "Cleanup", Time since last: 1000166029 ns, Reaching safepoint: 103420 ns, At safepoint: 4638 ns, Total: 108058 ns
[2020-05-16T10:28:14.377+0000][15960][safepoint    ] Safepoint "Cleanup", Time since last: 2000142377 ns, Reaching safepoint: 104811 ns, At safepoint: 4174 ns, Total: 108985 ns
[2020-05-16T10:28:16.377+0000][15960][safepoint    ] Safepoint "Cleanup", Time since last: 2000738319 ns, Reaching safepoint: 141449 ns, At safepoint: 4174 ns, Total: 145623 ns
[2020-05-16T10:28:17.378+0000][15960][safepoint    ] Safepoint "Cleanup", Time since last: 1000543072 ns, Reaching safepoint: 110840 ns, At safepoint: 6029 ns, Total: 116869 ns
[2020-05-16T10:28:18.379+0000][15960][safepoint    ] Safepoint "Cleanup", Time since last: 1000782377 ns, Reaching safepoint: 106666 ns, At safepoint: 4638 ns, Total: 111304 ns
[2020-05-16T10:28:19.393+0000][15960][safepoint    ] Safepoint "Cleanup", Time since last: 1013653327 ns, Reaching safepoint: 114551 ns, At safepoint: 5565 ns, Total: 120116 ns
[2020-05-16T10:28:20.393+0000][15960][safepoint    ] Safepoint "Cleanup", Time since last: 1000390956 ns, Reaching safepoint: 117797 ns, At safepoint: 4174 ns, Total: 121971 ns
[2020-05-16T10:28:21.394+0000][15960][safepoint    ] Safepoint "Cleanup", Time since last: 1000458203 ns, Reaching safepoint: 118725 ns, At safepoint: 4637 ns, Total: 123362 ns
[2020-05-16T10:28:22.394+0000][15960][safepoint    ] Safepoint "Cleanup", Time since last: 1000326029 ns, Reaching safepoint: 117333 ns, At safepoint: 4174 ns, Total: 121507 ns
[2020-05-16T10:28:23.395+0000][15960][safepoint    ] Safepoint "Cleanup", Time since last: 1000281044 ns, Reaching safepoint: 108985 ns, At safepoint: 4638 ns, Total: 113623 ns
[2020-05-16T10:28:24.395+0000][15960][safepoint    ] Safepoint "Cleanup", Time since last: 1000095536 ns, Reaching safepoint: 116406 ns, At safepoint: 4637 ns, Total: 121043 ns
[2020-05-16T10:28:25.396+0000][15960][safepoint    ] Safepoint "Cleanup", Time since last: 1000437797 ns, Reaching safepoint: 111768 ns, At safepoint: 14377 ns, Total: 126145 ns
[2020-05-16T10:28:26.399+0000][15960][safepoint    ] Safepoint "Cleanup", Time since last: 1003572404 ns, Reaching safepoint: 116870 ns, At safepoint: 6029 ns, Total: 122899 ns
[2020-05-16T10:28:27.400+0000][15960][safepoint    ] Safepoint "Cleanup", Time since last: 1000566260 ns, Reaching safepoint: 102029 ns, At safepoint: 6029 ns, Total: 108058 ns
[2020-05-16T10:28:28.411+0000][15960][safepoint    ] Safepoint "Cleanup", Time since last: 1011182372 ns, Reaching safepoint: 116869 ns, At safepoint: 6493 ns, Total: 123362 ns
[2020-05-16T10:28:30.412+0000][15960][safepoint    ] Safepoint "Cleanup", Time since last: 2000555594 ns, Reaching safepoint: 125217 ns, At safepoint: 6029 ns, Total: 131246 ns
[2020-05-16T10:28:31.413+0000][15960][safepoint    ] Safepoint "Cleanup", Time since last: 1000781913 ns, Reaching safepoint: 139130 ns, At safepoint: 6493 ns, Total: 145623 ns
[2020-05-16T10:28:32.413+0000][15960][safepoint    ] Safepoint "Cleanup", Time since last: 1000402551 ns, Reaching safepoint: 115014 ns, At safepoint: 6957 ns, Total: 121971 ns
[2020-05-16T10:28:33.414+0000][15960][safepoint    ] Safepoint "Cleanup", Time since last: 1000109449 ns, Reaching safepoint: 76058 ns, At safepoint: 2782 ns, Total: 78840 ns
[2020-05-16T10:28:34.414+0000][15960][safepoint    ] Safepoint "Cleanup", Time since last: 1000307942 ns, Reaching safepoint: 113624 ns, At safepoint: 6029 ns, Total: 119653 ns
[2020-05-16T10:28:35.414+0000][15960][safepoint    ] Safepoint "Cleanup", Time since last: 1000367304 ns, Reaching safepoint: 105275 ns, At safepoint: 6029 ns, Total: 111304 ns
[2020-05-16T10:28:36.415+0000][15960][safepoint    ] Safepoint "Cleanup", Time since last: 1000805565 ns, Reaching safepoint: 110377 ns, At safepoint: 5565 ns, Total: 115942 ns
[2020-05-16T10:28:38.416+0000][15960][safepoint    ] Safepoint "Cleanup", Time since last: 2000751768 ns, Reaching safepoint: 102029 ns, At safepoint: 6492 ns, Total: 108521 ns
[2020-05-16T10:28:39.417+0000][15960][safepoint    ] Safepoint "Cleanup", Time since last: 1000446145 ns, Reaching safepoint: 110377 ns, At safepoint: 6492 ns, Total: 116869 ns
[2020-05-16T10:28:40.417+0000][15960][safepoint    ] Safepoint "Cleanup", Time since last: 1000194319 ns, Reaching safepoint: 115478 ns, At safepoint: 6957 ns, Total: 122435 ns
[2020-05-16T10:28:42.417+0000][15960][safepoint    ] Safepoint "Cleanup", Time since last: 2000108985 ns, Reaching safepoint: 102957 ns, At safepoint: 6493 ns, Total: 109450 ns
[2020-05-16T10:28:43.418+0000][15960][safepoint    ] Safepoint "Cleanup", Time since last: 1000497159 ns, Reaching safepoint: 114087 ns, At safepoint: 6029 ns, Total: 120116 ns
[2020-05-16T10:28:44.419+0000][15960][safepoint    ] Safepoint "Cleanup", Time since last: 1000586202 ns, Reaching safepoint: 111305 ns, At safepoint: 6492 ns, Total: 117797 ns
[2020-05-16T10:28:45.420+0000][15960][safepoint    ] Safepoint "Cleanup", Time since last: 1000696116 ns, Reaching safepoint: 102029 ns, At safepoint: 6029 ns, Total: 108058 ns
[2020-05-16T10:28:46.420+0000][15960][safepoint    ] Safepoint "Cleanup", Time since last: 1000025507 ns, Reaching safepoint: 115015 ns, At safepoint: 6029 ns, Total: 121044 ns
[2020-05-16T10:28:47.420+0000][15960][safepoint    ] Safepoint "Cleanup", Time since last: 1000485101 ns, Reaching safepoint: 103420 ns, At safepoint: 5565 ns, Total: 108985 ns
[2020-05-16T10:28:48.421+0000][15960][safepoint    ] Safepoint "Cleanup", Time since last: 1000197102 ns, Reaching safepoint: 111304 ns, At safepoint: 6029 ns, Total: 117333 ns
[2020-05-16T10:28:49.421+0000][15960][safepoint    ] Safepoint "Cleanup", Time since last: 1000227710 ns, Reaching safepoint: 104811 ns, At safepoint: 6029 ns, Total: 110840 ns
[2020-05-16T10:28:50.421+0000][15960][safepoint    ] Safepoint "Cleanup", Time since last: 1000065392 ns, Reaching safepoint: 108058 ns, At safepoint: 6492 ns, Total: 114550 ns
[2020-05-16T10:28:51.422+0000][15960][safepoint    ] Safepoint "Cleanup", Time since last: 1000528696 ns, Reaching safepoint: 103884 ns, At safepoint: 6493 ns, Total: 110377 ns
[2020-05-16T10:28:52.423+0000][15960][safepoint    ] Safepoint "Cleanup", Time since last: 1000883941 ns, Reaching safepoint: 106667 ns, At safepoint: 6029 ns, Total: 112696 ns
[2020-05-16T10:28:53.423+0000][15960][safepoint    ] Safepoint "Cleanup", Time since last: 1000413217 ns, Reaching safepoint: 108058 ns, At safepoint: 5565 ns, Total: 113623 ns
[2020-05-16T10:28:54.423+0000][15960][safepoint    ] Safepoint "Cleanup", Time since last: 1000069102 ns, Reaching safepoint: 108057 ns, At safepoint: 6493 ns, Total: 114550 ns
[2020-05-16T10:28:55.424+0000][15960][safepoint    ] Safepoint "Cleanup", Time since last: 1000383536 ns, Reaching safepoint: 125681 ns, At safepoint: 8348 ns, Total: 134029 ns
[2020-05-16T10:28:56.424+0000][15960][safepoint    ] Safepoint "Cleanup", Time since last: 1000313507 ns, Reaching safepoint: 104812 ns, At safepoint: 6029 ns, Total: 110841 ns
[2020-05-16T10:28:57.425+0000][15960][safepoint    ] Safepoint "Cleanup", Time since last: 1000683594 ns, Reaching safepoint: 102492 ns, At safepoint: 6029 ns, Total: 108521 ns
[2020-05-16T10:28:58.426+0000][15960][safepoint    ] Safepoint "Cleanup", Time since last: 1000625160 ns, Reaching safepoint: 97855 ns, At safepoint: 4637 ns, Total: 102492 ns
[2020-05-16T10:28:59.427+0000][15960][safepoint    ] Safepoint "Cleanup", Time since last: 1000887652 ns, Reaching safepoint: 108522 ns, At safepoint: 6492 ns, Total: 115014 ns
[2020-05-16T10:29:00.427+0000][15960][safepoint    ] Safepoint "Cleanup", Time since last: 1000503652 ns, Reaching safepoint: 114087 ns, At safepoint: 3710 ns, Total: 117797 ns
[2020-05-16T10:29:01.428+0000][15960][safepoint    ] Safepoint "Cleanup", Time since last: 1000370551 ns, Reaching safepoint: 106203 ns, At safepoint: 6956 ns, Total: 113159 ns
[2020-05-16T10:29:02.429+0000][15960][safepoint    ] Safepoint "Cleanup", Time since last: 1000840812 ns, Reaching safepoint: 127999 ns, At safepoint: 7421 ns, Total: 135420 ns
[2020-05-16T10:29:03.429+0000][15960][safepoint    ] Safepoint "Cleanup", Time since last: 1000012522 ns, Reaching safepoint: 118260 ns, At safepoint: 6957 ns, Total: 125217 ns
[2020-05-16T10:29:04.429+0000][15960][safepoint    ] Safepoint "Cleanup", Time since last: 1000290782 ns, Reaching safepoint: 116406 ns, At safepoint: 6493 ns, Total: 122899 ns
[2020-05-16T10:29:05.430+0000][15960][safepoint    ] Safepoint "Cleanup", Time since last: 1000408579 ns, Reaching safepoint: 143305 ns, At safepoint: 6492 ns, Total: 149797 ns
[2020-05-16T10:29:06.430+0000][15960][safepoint    ] Safepoint "Cleanup", Time since last: 1000299594 ns, Reaching safepoint: 147015 ns, At safepoint: 5565 ns, Total: 152580 ns
[2020-05-16T10:29:07.431+0000][15960][safepoint    ] Safepoint "Cleanup", Time since last: 1000362203 ns, Reaching safepoint: 174840 ns, At safepoint: 6957 ns, Total: 181797 ns
[2020-05-16T10:29:08.432+0000][15960][safepoint    ] Safepoint "Cleanup", Time since last: 1000461449 ns, Reaching safepoint: 124753 ns, At safepoint: 6493 ns, Total: 131246 ns
[2020-05-16T10:29:09.432+0000][15960][safepoint    ] Safepoint "Cleanup", Time since last: 1000314435 ns, Reaching safepoint: 105739 ns, At safepoint: 4638 ns, Total: 110377 ns
[2020-05-16T10:29:10.432+0000][15960][safepoint    ] Safepoint "Cleanup", Time since last: 1000096927 ns, Reaching safepoint: 97855 ns, At safepoint: 4174 ns, Total: 102029 ns
[2020-05-16T10:29:11.433+0000][15960][safepoint    ] Safepoint "Cleanup", Time since last: 1000550029 ns, Reaching safepoint: 186434 ns, At safepoint: 5566 ns, Total: 192000 ns
[2020-05-16T10:29:12.434+0000][15960][safepoint    ] Safepoint "Cleanup", Time since last: 1000397449 ns, Reaching safepoint: 79768 ns, At safepoint: 4174 ns, Total: 83942 ns
[2020-05-16T10:29:13.434+0000][15960][safepoint    ] Safepoint "Cleanup", Time since last: 1000140058 ns, Reaching safepoint: 116869 ns, At safepoint: 8348 ns, Total: 125217 ns
[2020-05-16T10:29:14.434+0000][15960][safepoint    ] Safepoint "Cleanup", Time since last: 1000308406 ns, Reaching safepoint: 155362 ns, At safepoint: 6493 ns, Total: 161855 ns
[2020-05-16T10:29:15.435+0000][15960][safepoint    ] Safepoint "Cleanup", Time since last: 1000233739 ns, Reaching safepoint: 113159 ns, At safepoint: 5565 ns, Total: 118724 ns
[2020-05-16T10:29:16.435+0000][15960][safepoint    ] Safepoint "Cleanup", Time since last: 1000352464 ns, Reaching safepoint: 153043 ns, At safepoint: 7421 ns, Total: 160464 ns
[2020-05-16T10:29:17.436+0000][15960][safepoint    ] Safepoint "Cleanup", Time since last: 1000337623 ns, Reaching safepoint: 162318 ns, At safepoint: 6957 ns, Total: 169275 ns
[2020-05-16T10:29:18.689+0000][15960][safepoint    ] Safepoint "Cleanup", Time since last: 1253444056 ns, Reaching safepoint: 143768 ns, At safepoint: 5565 ns, Total: 149333 ns
[2020-05-16T10:29:19.690+0000][15960][safepoint    ] Safepoint "Cleanup", Time since last: 1000548638 ns, Reaching safepoint: 102956 ns, At safepoint: 5566 ns, Total: 108522 ns
[2020-05-16T10:29:20.690+0000][15960][safepoint    ] Safepoint "Cleanup", Time since last: 1000309333 ns, Reaching safepoint: 127072 ns, At safepoint: 7420 ns, Total: 134492 ns
[2020-05-16T10:29:21.691+0000][15960][safepoint    ] Safepoint "Cleanup", Time since last: 1000547710 ns, Reaching safepoint: 154435 ns, At safepoint: 6493 ns, Total: 160928 ns
[2020-05-16T10:29:22.691+0000][15960][safepoint    ] Safepoint "Cleanup", Time since last: 1000352927 ns, Reaching safepoint: 122435 ns, At safepoint: 4174 ns, Total: 126609 ns
[2020-05-16T10:29:23.692+0000][15960][safepoint    ] Safepoint "Cleanup", Time since last: 1000570434 ns, Reaching safepoint: 154899 ns, At safepoint: 7420 ns, Total: 162319 ns
[2020-05-16T10:29:24.693+0000][15960][safepoint    ] Safepoint "Cleanup", Time since last: 1000578319 ns, Reaching safepoint: 222608 ns, At safepoint: 6957 ns, Total: 229565 ns
[2020-05-16T10:29:25.693+0000][15960][safepoint    ] Safepoint "Cleanup", Time since last: 1000049159 ns, Reaching safepoint: 280116 ns, At safepoint: 15304 ns, Total: 295420 ns
[2020-05-16T10:29:26.694+0000][15960][safepoint    ] Safepoint "Cleanup", Time since last: 1000065392 ns, Reaching safepoint: 126608 ns, At safepoint: 6493 ns, Total: 133101 ns
[2020-05-16T10:29:27.694+0000][15960][safepoint    ] Safepoint "Cleanup", Time since last: 1000289855 ns, Reaching safepoint: 121507 ns, At safepoint: 4174 ns, Total: 125681 ns
[2020-05-16T10:29:28.694+0000][15960][safepoint    ] Safepoint "Cleanup", Time since last: 1000123826 ns, Reaching safepoint: 325565 ns, At safepoint: 12058 ns, Total: 337623 ns
[2020-05-16T10:29:30.695+0000][15960][safepoint    ] Safepoint "Cleanup", Time since last: 2000178551 ns, Reaching safepoint: 100174 ns, At safepoint: 4174 ns, Total: 104348 ns
[2020-05-16T10:29:31.695+0000][15960][safepoint    ] Safepoint "Cleanup", Time since last: 1000527304 ns, Reaching safepoint: 114550 ns, At safepoint: 4638 ns, Total: 119188 ns
[2020-05-16T10:29:32.696+0000][15960][safepoint    ] Safepoint "Cleanup", Time since last: 1000816232 ns, Reaching safepoint: 129391 ns, At safepoint: 8811 ns, Total: 138202 ns
[2020-05-16T10:29:33.697+0000][15960][safepoint    ] Safepoint "Cleanup", Time since last: 1000836638 ns, Reaching safepoint: 102956 ns, At safepoint: 4174 ns, Total: 107130 ns
[2020-05-16T10:29:34.698+0000][15960][safepoint    ] Safepoint "Cleanup", Time since last: 1000434087 ns, Reaching safepoint: 112232 ns, At safepoint: 6029 ns, Total: 118261 ns
[2020-05-16T10:29:35.698+0000][15960][safepoint    ] Safepoint "Cleanup", Time since last: 1000472579 ns, Reaching safepoint: 120580 ns, At safepoint: 4174 ns, Total: 124754 ns
[2020-05-16T10:29:37.699+0000][15960][safepoint    ] Safepoint "Cleanup", Time since last: 2000198492 ns, Reaching safepoint: 160464 ns, At safepoint: 6029 ns, Total: 166493 ns
[2020-05-16T10:29:39.700+0000][15960][safepoint    ] Safepoint "Cleanup", Time since last: 2000809739 ns, Reaching safepoint: 116405 ns, At safepoint: 4174 ns, Total: 120579 ns
[2020-05-16T10:29:40.700+0000][15960][safepoint    ] Safepoint "Cleanup", Time since last: 1000195247 ns, Reaching safepoint: 98782 ns, At safepoint: 4174 ns, Total: 102956 ns
[2020-05-16T10:29:42.700+0000][15960][safepoint    ] Safepoint "Cleanup", Time since last: 2000161391 ns, Reaching safepoint: 166493 ns, At safepoint: 7884 ns, Total: 174377 ns
[2020-05-16T10:29:43.701+0000][15960][safepoint    ] Safepoint "Cleanup", Time since last: 1000575536 ns, Reaching safepoint: 147015 ns, At safepoint: 7884 ns, Total: 154899 ns
[2020-05-16T10:29:44.702+0000][15960][safepoint    ] Safepoint "Cleanup", Time since last: 1000393275 ns, Reaching safepoint: 111768 ns, At safepoint: 4174 ns, Total: 115942 ns
[2020-05-16T10:29:45.703+0000][15960][safepoint    ] Safepoint "Cleanup", Time since last: 1000820405 ns, Reaching safepoint: 146551 ns, At safepoint: 6493 ns, Total: 153044 ns
[2020-05-16T10:29:46.703+0000][15960][safepoint    ] Safepoint "Cleanup", Time since last: 1000080695 ns, Reaching safepoint: 98319 ns, At safepoint: 5101 ns, Total: 103420 ns
[2020-05-16T10:29:47.703+0000][15960][safepoint    ] Safepoint "Cleanup", Time since last: 1000505044 ns, Reaching safepoint: 157217 ns, At safepoint: 4638 ns, Total: 161855 ns
[2020-05-16T10:29:48.704+0000][15960][safepoint    ] Safepoint "Cleanup", Time since last: 1000032000 ns, Reaching safepoint: 106202 ns, At safepoint: 4174 ns, Total: 110376 ns
[2020-05-16T10:29:49.704+0000][15960][safepoint    ] Safepoint "Cleanup", Time since last: 1000035247 ns, Reaching safepoint: 120579 ns, At safepoint: 4638 ns, Total: 125217 ns
[2020-05-16T10:29:50.704+0000][15960][safepoint    ] Safepoint "Cleanup", Time since last: 1000144696 ns, Reaching safepoint: 124753 ns, At safepoint: 4174 ns, Total: 128927 ns
[2020-05-16T10:29:51.705+0000][15960][safepoint    ] Safepoint "Cleanup", Time since last: 1000472580 ns, Reaching safepoint: 99710 ns, At safepoint: 4637 ns, Total: 104347 ns
[2020-05-16T10:29:52.705+0000][15960][safepoint    ] Safepoint "Cleanup", Time since last: 1000743884 ns, Reaching safepoint: 105739 ns, At safepoint: 4638 ns, Total: 110377 ns
[2020-05-16T10:29:53.706+0000][15960][safepoint    ] Safepoint "Cleanup", Time since last: 1000237913 ns, Reaching safepoint: 100637 ns, At safepoint: 4638 ns, Total: 105275 ns
[2020-05-16T10:29:54.706+0000][15960][safepoint    ] Safepoint "Cleanup", Time since last: 1000335768 ns, Reaching safepoint: 109449 ns, At safepoint: 6029 ns, Total: 115478 ns
[2020-05-16T10:29:55.707+0000][15960][safepoint    ] Safepoint "Cleanup", Time since last: 1000186435 ns, Reaching safepoint: 95072 ns, At safepoint: 4638 ns, Total: 99710 ns
[2020-05-16T10:29:56.707+0000][15960][safepoint    ] Safepoint "Cleanup", Time since last: 1000623304 ns, Reaching safepoint: 111304 ns, At safepoint: 4638 ns, Total: 115942 ns
[2020-05-16T10:29:58.708+0000][15960][safepoint    ] Safepoint "Cleanup", Time since last: 2000484174 ns, Reaching safepoint: 107130 ns, At safepoint: 4638 ns, Total: 111768 ns
[2020-05-16T10:29:59.708+0000][15960][safepoint    ] Safepoint "Cleanup", Time since last: 1000273159 ns, Reaching safepoint: 114551 ns, At safepoint: 5565 ns, Total: 120116 ns
[2020-05-16T10:30:00.709+0000][15960][safepoint    ] Safepoint "Cleanup", Time since last: 1000739246 ns, Reaching safepoint: 119188 ns, At safepoint: 4638 ns, Total: 123826 ns
[2020-05-16T10:30:02.710+0000][15960][safepoint    ] Safepoint "Cleanup", Time since last: 2000349217 ns, Reaching safepoint: 126145 ns, At safepoint: 4638 ns, Total: 130783 ns
[2020-05-16T10:30:03.710+0000][15960][safepoint    ] Safepoint "Cleanup", Time since last: 1000609855 ns, Reaching safepoint: 184116 ns, At safepoint: 5101 ns, Total: 189217 ns
[2020-05-16T10:30:05.711+0000][15960][safepoint    ] Safepoint "Cleanup", Time since last: 2000131246 ns, Reaching safepoint: 160464 ns, At safepoint: 6029 ns, Total: 166493 ns
[2020-05-16T10:30:06.711+0000][15960][safepoint    ] Safepoint "Cleanup", Time since last: 1000512000 ns, Reaching safepoint: 114087 ns, At safepoint: 4174 ns, Total: 118261 ns
[2020-05-16T10:30:07.712+0000][15960][safepoint    ] Safepoint "Cleanup", Time since last: 1000823188 ns, Reaching safepoint: 121043 ns, At safepoint: 6029 ns, Total: 127072 ns
[2020-05-16T10:30:09.712+0000][15960][safepoint    ] Safepoint "Cleanup", Time since last: 2000074203 ns, Reaching safepoint: 116406 ns, At safepoint: 3246 ns, Total: 119652 ns
[2020-05-16T10:30:10.713+0000][15960][safepoint    ] Safepoint "Cleanup", Time since last: 1000620058 ns, Reaching safepoint: 113159 ns, At safepoint: 2783 ns, Total: 115942 ns
[2020-05-16T10:30:11.714+0000][15960][safepoint    ] Safepoint "Cleanup", Time since last: 1000224000 ns, Reaching safepoint: 112231 ns, At safepoint: 4174 ns, Total: 116405 ns
[2020-05-16T10:30:12.714+0000][15960][safepoint    ] Safepoint "Cleanup", Time since last: 1000402087 ns, Reaching safepoint: 105275 ns, At safepoint: 4174 ns, Total: 109449 ns
[2020-05-16T10:30:13.714+0000][15960][safepoint    ] Safepoint "Cleanup", Time since last: 1000336232 ns, Reaching safepoint: 122898 ns, At safepoint: 4174 ns, Total: 127072 ns
[2020-05-16T10:30:14.715+0000][15960][safepoint    ] Safepoint "Cleanup", Time since last: 1000294493 ns, Reaching safepoint: 121971 ns, At safepoint: 4174 ns, Total: 126145 ns
[2020-05-16T10:30:16.716+0000][15960][safepoint    ] Safepoint "Cleanup", Time since last: 2000698434 ns, Reaching safepoint: 145160 ns, At safepoint: 5565 ns, Total: 150725 ns
[2020-05-16T10:30:17.717+0000][15960][safepoint    ] Safepoint "Cleanup", Time since last: 1000687304 ns, Reaching safepoint: 121971 ns, At safepoint: 4174 ns, Total: 126145 ns
[2020-05-16T10:30:18.717+0000][15960][safepoint    ] Safepoint "Cleanup", Time since last: 1000709101 ns, Reaching safepoint: 96000 ns, At safepoint: 5101 ns, Total: 101101 ns
[2020-05-16T10:30:20.718+0000][15960][safepoint    ] Safepoint "Cleanup", Time since last: 2000108058 ns, Reaching safepoint: 119652 ns, At safepoint: 4174 ns, Total: 123826 ns
[2020-05-16T10:30:21.718+0000][15960][safepoint    ] Safepoint "Cleanup", Time since last: 1000505507 ns, Reaching safepoint: 111768 ns, At safepoint: 4174 ns, Total: 115942 ns
[2020-05-16T10:30:22.719+0000][15960][safepoint    ] Safepoint "Cleanup", Time since last: 1000665971 ns, Reaching safepoint: 122435 ns, At safepoint: 4174 ns, Total: 126609 ns
[2020-05-16T10:30:24.444+0000][15960][safepoint    ] Safepoint "Cleanup", Time since last: 1725063547 ns, Reaching safepoint: 90435 ns, At safepoint: 6029 ns, Total: 96464 ns
[2020-05-16T10:30:25.445+0000][15960][safepoint    ] Safepoint "Cleanup", Time since last: 1000629333 ns, Reaching safepoint: 118725 ns, At safepoint: 4637 ns, Total: 123362 ns
[2020-05-16T10:30:26.446+0000][15960][safepoint    ] Safepoint "Cleanup", Time since last: 1000584812 ns, Reaching safepoint: 137275 ns, At safepoint: 7420 ns, Total: 144695 ns
[2020-05-16T10:30:27.446+0000][15960][safepoint    ] Safepoint "Cleanup", Time since last: 1000264812 ns, Reaching safepoint: 123826 ns, At safepoint: 4174 ns, Total: 128000 ns
[2020-05-16T10:30:28.447+0000][15960][safepoint    ] Safepoint "Cleanup", Time since last: 1000407188 ns, Reaching safepoint: 146551 ns, At safepoint: 7884 ns, Total: 154435 ns
[2020-05-16T10:30:29.447+0000][15960][safepoint    ] Safepoint "Cleanup", Time since last: 1000030145 ns, Reaching safepoint: 164173 ns, At safepoint: 7884 ns, Total: 172057 ns
[2020-05-16T10:30:30.447+0000][15960][safepoint    ] Safepoint "Cleanup", Time since last: 1000187363 ns, Reaching safepoint: 164174 ns, At safepoint: 10202 ns, Total: 174376 ns
[2020-05-16T10:30:31.447+0000][15960][safepoint    ] Safepoint "Cleanup", Time since last: 1000261566 ns, Reaching safepoint: 253681 ns, At safepoint: 4637 ns, Total: 258318 ns
[2020-05-16T10:30:33.448+0000][15960][safepoint    ] Safepoint "Cleanup", Time since last: 2000095536 ns, Reaching safepoint: 91363 ns, At safepoint: 3246 ns, Total: 94609 ns
[2020-05-16T10:30:34.449+0000][15960][safepoint    ] Safepoint "Cleanup", Time since last: 1000620985 ns, Reaching safepoint: 97855 ns, At safepoint: 3247 ns, Total: 101102 ns
[2020-05-16T10:30:35.450+0000][15960][safepoint    ] Safepoint "Cleanup", Time since last: 1000839883 ns, Reaching safepoint: 105739 ns, At safepoint: 2783 ns, Total: 108522 ns
[2020-05-16T10:30:36.450+0000][15960][safepoint    ] Safepoint "Cleanup", Time since last: 1000263420 ns, Reaching safepoint: 131710 ns, At safepoint: 5566 ns, Total: 137276 ns
[2020-05-16T10:30:37.450+0000][15960][safepoint    ] Safepoint "Cleanup", Time since last: 1000028753 ns, Reaching safepoint: 144696 ns, At safepoint: 4637 ns, Total: 149333 ns
[2020-05-16T10:30:38.450+0000][15960][safepoint    ] Safepoint "Cleanup", Time since last: 1000060290 ns, Reaching safepoint: 113623 ns, At safepoint: 6493 ns, Total: 120116 ns
[2020-05-16T10:30:40.451+0000][15960][safepoint    ] Safepoint "Cleanup", Time since last: 2000366841 ns, Reaching safepoint: 172057 ns, At safepoint: 6029 ns, Total: 178086 ns
[2020-05-16T10:30:41.452+0000][15960][safepoint    ] Safepoint "Cleanup", Time since last: 1000581102 ns, Reaching safepoint: 89507 ns, At safepoint: 2782 ns, Total: 92289 ns
[2020-05-16T10:30:42.452+0000][15960][safepoint    ] Safepoint "Cleanup", Time since last: 1000623304 ns, Reaching safepoint: 79769 ns, At safepoint: 3246 ns, Total: 83015 ns
[2020-05-16T10:30:43.453+0000][15960][safepoint    ] Safepoint "Cleanup", Time since last: 1000446145 ns, Reaching safepoint: 85797 ns, At safepoint: 2782 ns, Total: 88579 ns
[2020-05-16T10:30:44.454+0000][15960][safepoint    ] Safepoint "Cleanup", Time since last: 1000748058 ns, Reaching safepoint: 138667 ns, At safepoint: 5565 ns, Total: 144232 ns
[2020-05-16T10:30:45.454+0000][15960][safepoint    ] Safepoint "Cleanup", Time since last: 1000300985 ns, Reaching safepoint: 145623 ns, At safepoint: 2783 ns, Total: 148406 ns
[2020-05-16T10:30:46.454+0000][15960][safepoint    ] Safepoint "Cleanup", Time since last: 1000026435 ns, Reaching safepoint: 105739 ns, At safepoint: 4174 ns, Total: 109913 ns
[2020-05-16T10:30:47.455+0000][15960][safepoint    ] Safepoint "Cleanup", Time since last: 1000575999 ns, Reaching safepoint: 97855 ns, At safepoint: 3711 ns, Total: 101566 ns
[2020-05-16T10:30:48.456+0000][15960][safepoint    ] Safepoint "Cleanup", Time since last: 1000852405 ns, Reaching safepoint: 149333 ns, At safepoint: 3247 ns, Total: 152580 ns
[2020-05-16T10:30:49.457+0000][15960][safepoint    ] Safepoint "Cleanup", Time since last: 1000627478 ns, Reaching safepoint: 115014 ns, At safepoint: 4174 ns, Total: 119188 ns
[2020-05-16T10:30:51.457+0000][15960][safepoint    ] Safepoint "Cleanup", Time since last: 2000067710 ns, Reaching safepoint: 96464 ns, At safepoint: 3246 ns, Total: 99710 ns
[2020-05-16T10:30:52.458+0000][15960][safepoint    ] Safepoint "Cleanup", Time since last: 1000648811 ns, Reaching safepoint: 102029 ns, At safepoint: 4638 ns, Total: 106667 ns
[2020-05-16T10:30:53.624+0000][15960][safepoint    ] Safepoint "Cleanup", Time since last: 1000690550 ns, Reaching safepoint: 166088271 ns, At safepoint: 60290 ns, Total: 166148561 ns
[2020-05-16T10:30:55.625+0000][15960][safepoint    ] Safepoint "Cleanup", Time since last: 2000300522 ns, Reaching safepoint: 97855 ns, At safepoint: 19942 ns, Total: 117797 ns
[2020-05-16T10:30:56.625+0000][15960][safepoint    ] Safepoint "Cleanup", Time since last: 1000448927 ns, Reaching safepoint: 216116 ns, At safepoint: 7884 ns, Total: 224000 ns
[2020-05-16T10:30:57.626+0000][15960][safepoint    ] Safepoint "Cleanup", Time since last: 1000130319 ns, Reaching safepoint: 123826 ns, At safepoint: 6492 ns, Total: 130318 ns
[2020-05-16T10:30:58.626+0000][15960][safepoint    ] Safepoint "Cleanup", Time since last: 1000059363 ns, Reaching safepoint: 151188 ns, At safepoint: 23652 ns, Total: 174840 ns
[2020-05-16T10:30:59.627+0000][15960][safepoint    ] Safepoint "Cleanup", Time since last: 1000600116 ns, Reaching safepoint: 129391 ns, At safepoint: 6029 ns, Total: 135420 ns
[2020-05-16T10:31:00.627+0000][15960][safepoint    ] Safepoint "Cleanup", Time since last: 1000235594 ns, Reaching safepoint: 100174 ns, At safepoint: 5102 ns, Total: 105276 ns
[2020-05-16T10:31:01.628+0000][15960][safepoint    ] Safepoint "Cleanup", Time since last: 1000742028 ns, Reaching safepoint: 101565 ns, At safepoint: 4174 ns, Total: 105739 ns
[2020-05-16T10:31:02.629+0000][15960][safepoint    ] Safepoint "Cleanup", Time since last: 1000445217 ns, Reaching safepoint: 130783 ns, At safepoint: 7884 ns, Total: 138667 ns
[2020-05-16T10:31:04.629+0000][15960][safepoint    ] Safepoint "Cleanup", Time since last: 2000799072 ns, Reaching safepoint: 109913 ns, At safepoint: 6493 ns, Total: 116406 ns
[2020-05-16T10:31:04.667+0000][15960][gc,start     ] GC(37) Pause Young (Normal) (G1 Evacuation Pause)
[2020-05-16T10:31:04.667+0000][15960][gc,task      ] GC(37) Using 4 workers of 4 for evacuation
[2020-05-16T10:31:04.667+0000][15960][gc,age       ] GC(37) Desired survivor size 40370176 bytes, new threshold 15 (max threshold 15)
[2020-05-16T10:31:04.748+0000][15960][gc,age       ] GC(37) Age table with threshold 15 (max threshold 15)
[2020-05-16T10:31:04.748+0000][15960][gc,age       ] GC(37) - age   1:     114992 bytes,     114992 total
[2020-05-16T10:31:04.749+0000][15960][gc,age       ] GC(37) - age   2:     107632 bytes,     222624 total
[2020-05-16T10:31:04.749+0000][15960][gc,age       ] GC(37) - age   3:       1824 bytes,     224448 total
[2020-05-16T10:31:04.749+0000][15960][gc,age       ] GC(37) - age   4:        616 bytes,     225064 total
[2020-05-16T10:31:04.749+0000][15960][gc,age       ] GC(37) - age   5:       2216 bytes,     227280 total
[2020-05-16T10:31:04.749+0000][15960][gc,age       ] GC(37) - age   6:       1376 bytes,     228656 total
[2020-05-16T10:31:04.749+0000][15960][gc,age       ] GC(37) - age   7:       2112 bytes,     230768 total
[2020-05-16T10:31:04.749+0000][15960][gc,age       ] GC(37) - age   8:         64 bytes,     230832 total
[2020-05-16T10:31:04.749+0000][15960][gc,age       ] GC(37) - age   9:       6240 bytes,     237072 total
[2020-05-16T10:31:04.749+0000][15960][gc,age       ] GC(37) - age  10:       7424 bytes,     244496 total
[2020-05-16T10:31:04.749+0000][15960][gc,age       ] GC(37) - age  11:       6808 bytes,     251304 total
[2020-05-16T10:31:04.749+0000][15960][gc,age       ] GC(37) - age  12:       4896 bytes,     256200 total
[2020-05-16T10:31:04.749+0000][15960][gc,age       ] GC(37) - age  13:      39096 bytes,     295296 total
[2020-05-16T10:31:04.749+0000][15960][gc,age       ] GC(37) - age  14:     601224 bytes,     896520 total
[2020-05-16T10:31:04.749+0000][15960][gc,age       ] GC(37) - age  15:       6560 bytes,     903080 total
[2020-05-16T10:31:04.749+0000][15960][gc,phases    ] GC(37)   Pre Evacuate Collection Set: 0.4ms
[2020-05-16T10:31:04.749+0000][15960][gc,phases    ] GC(37)   Merge Heap Roots: 0.2ms
[2020-05-16T10:31:04.749+0000][15960][gc,phases    ] GC(37)   Evacuate Collection Set: 68.1ms
[2020-05-16T10:31:04.749+0000][15960][gc,phases    ] GC(37)   Post Evacuate Collection Set: 12.4ms
[2020-05-16T10:31:04.749+0000][15960][gc,phases    ] GC(37)   Other: 1.5ms
[2020-05-16T10:31:04.749+0000][15960][gc,heap      ] GC(37) Eden regions: 612->0(613)
[2020-05-16T10:31:04.749+0000][15960][gc,heap      ] GC(37) Survivor regions: 2->1(77)
[2020-05-16T10:31:04.749+0000][15960][gc,heap      ] GC(37) Old regions: 71->71
[2020-05-16T10:31:04.749+0000][15960][gc,heap      ] GC(37) Archive regions: 0->0
[2020-05-16T10:31:04.749+0000][15960][gc,heap      ] GC(37) Humongous regions: 7->7
[2020-05-16T10:31:04.749+0000][15960][gc,metaspace ] GC(37) Metaspace: 97600K(105380K)->97600K(105380K) NonClass: 84796K(89432K)->84796K(89432K) Class: 12803K(15948K)->12803K(15948K)
[2020-05-16T10:31:04.749+0000][15960][gc           ] GC(37) Pause Young (Normal) (G1 Evacuation Pause) 690M->78M(1024M) 82.864ms
[2020-05-16T10:31:04.750+0000][15960][gc,cpu       ] GC(37) User=0.08s Sys=0.03s Real=0.08s
[2020-05-16T10:31:04.750+0000][15960][safepoint    ] Safepoint "G1CollectForAllocation", Time since last: 18271064 ns, Reaching safepoint: 19136919 ns, At safepoint: 83266280 ns, Total: 102403199 ns
[2020-05-16T10:31:05.751+0000][15960][safepoint    ] Safepoint "Cleanup", Time since last: 1000848231 ns, Reaching safepoint: 173449 ns, At safepoint: 8348 ns, Total: 181797 ns
[2020-05-16T10:31:06.771+0000][15960][safepoint    ] Safepoint "Cleanup", Time since last: 1000410435 ns, Reaching safepoint: 18951875 ns, At safepoint: 39420 ns, Total: 18991295 ns
[2020-05-16T10:31:07.772+0000][15960][safepoint    ] Safepoint "Cleanup", Time since last: 1000897855 ns, Reaching safepoint: 70957 ns, At safepoint: 3246 ns, Total: 74203 ns
[2020-05-16T10:31:08.772+0000][15960][safepoint    ] Safepoint "Cleanup", Time since last: 1000095072 ns, Reaching safepoint: 142841 ns, At safepoint: 15304 ns, Total: 158145 ns
[2020-05-16T10:31:10.773+0000][15960][safepoint    ] Safepoint "Cleanup", Time since last: 2000725333 ns, Reaching safepoint: 110841 ns, At safepoint: 5101 ns, Total: 115942 ns
[2020-05-16T10:31:11.773+0000][15960][safepoint    ] Safepoint "Cleanup", Time since last: 1000339942 ns, Reaching safepoint: 128928 ns, At safepoint: 7420 ns, Total: 136348 ns
[2020-05-16T10:31:12.773+0000][15960][safepoint    ] Safepoint "Cleanup", Time since last: 1000179942 ns, Reaching safepoint: 160000 ns, At safepoint: 4174 ns, Total: 164174 ns
[2020-05-16T10:31:13.774+0000][15960][safepoint    ] Safepoint "Cleanup", Time since last: 1000384463 ns, Reaching safepoint: 96928 ns, At safepoint: 4174 ns, Total: 101102 ns
[2020-05-16T10:31:14.774+0000][15960][safepoint    ] Safepoint "Cleanup", Time since last: 1000091826 ns, Reaching safepoint: 109449 ns, At safepoint: 6956 ns, Total: 116405 ns
[2020-05-16T10:31:15.786+0000][15960][safepoint    ] Safepoint "Cleanup", Time since last: 1000832928 ns, Reaching safepoint: 11005212 ns, At safepoint: 77913 ns, Total: 11083125 ns
[2020-05-16T10:31:17.200+0000][15960][safepoint    ] Safepoint "Cleanup", Time since last: 1414307518 ns, Reaching safepoint: 117333 ns, At safepoint: 4638 ns, Total: 121971 ns
[2020-05-16T10:31:18.201+0000][15960][safepoint    ] Safepoint "Cleanup", Time since last: 1000081159 ns, Reaching safepoint: 90899 ns, At safepoint: 2782 ns, Total: 93681 ns
[2020-05-16T10:31:19.202+0000][15960][safepoint    ] Safepoint "Cleanup", Time since last: 1000814377 ns, Reaching safepoint: 86724 ns, At safepoint: 2783 ns, Total: 89507 ns
[2020-05-16T10:31:20.202+0000][15960][safepoint    ] Safepoint "Cleanup", Time since last: 1000150261 ns, Reaching safepoint: 104811 ns, At safepoint: 4638 ns, Total: 109449 ns
[2020-05-16T10:31:22.202+0000][15960][safepoint    ] Safepoint "Cleanup", Time since last: 2000005101 ns, Reaching safepoint: 122435 ns, At safepoint: 6029 ns, Total: 128464 ns
[2020-05-16T10:31:23.202+0000][15960][safepoint    ] Safepoint "Cleanup", Time since last: 1000254609 ns, Reaching safepoint: 108985 ns, At safepoint: 5102 ns, Total: 114087 ns
[2020-05-16T10:31:24.203+0000][15960][safepoint    ] Safepoint "Cleanup", Time since last: 1000681738 ns, Reaching safepoint: 96464 ns, At safepoint: 3246 ns, Total: 99710 ns
[2020-05-16T10:31:25.210+0000][15960][safepoint    ] Safepoint "Cleanup", Time since last: 1006345273 ns, Reaching safepoint: 206377 ns, At safepoint: 10203 ns, Total: 216580 ns
[2020-05-16T10:31:26.210+0000][15960][safepoint    ] Safepoint "Cleanup", Time since last: 1000122434 ns, Reaching safepoint: 140522 ns, At safepoint: 7884 ns, Total: 148406 ns
[2020-05-16T10:31:27.211+0000][15960][safepoint    ] Safepoint "Cleanup", Time since last: 1000748058 ns, Reaching safepoint: 104347 ns, At safepoint: 4638 ns, Total: 108985 ns
[2020-05-16T10:31:28.242+0000][15960][safepoint    ] Safepoint "Cleanup", Time since last: 1006120809 ns, Reaching safepoint: 25110249 ns, At safepoint: 123826 ns, Total: 25234075 ns
[2020-05-16T10:31:29.243+0000][15960][safepoint    ] Safepoint "Cleanup", Time since last: 1000392811 ns, Reaching safepoint: 176232 ns, At safepoint: 6493 ns, Total: 182725 ns
[2020-05-16T10:31:30.243+0000][15960][safepoint    ] Safepoint "Cleanup", Time since last: 1000626087 ns, Reaching safepoint: 160463 ns, At safepoint: 5566 ns, Total: 166029 ns
[2020-05-16T10:31:32.244+0000][15960][safepoint    ] Safepoint "Cleanup", Time since last: 2000254608 ns, Reaching safepoint: 101102 ns, At safepoint: 4174 ns, Total: 105276 ns
[2020-05-16T10:31:33.245+0000][15960][safepoint    ] Safepoint "Cleanup", Time since last: 1000661796 ns, Reaching safepoint: 105276 ns, At safepoint: 4637 ns, Total: 109913 ns
[2020-05-16T10:31:34.245+0000][15960][safepoint    ] Safepoint "Cleanup", Time since last: 1000469333 ns, Reaching safepoint: 167884 ns, At safepoint: 9276 ns, Total: 177160 ns
[2020-05-16T10:31:36.246+0000][15960][safepoint    ] Safepoint "Cleanup", Time since last: 2000121507 ns, Reaching safepoint: 134956 ns, At safepoint: 7421 ns, Total: 142377 ns
[2020-05-16T10:31:37.246+0000][15960][safepoint    ] Safepoint "Cleanup", Time since last: 1000022261 ns, Reaching safepoint: 200811 ns, At safepoint: 9275 ns, Total: 210086 ns
[2020-05-16T10:31:39.247+0000][15960][safepoint    ] Safepoint "Cleanup", Time since last: 2000858435 ns, Reaching safepoint: 280116 ns, At safepoint: 6492 ns, Total: 286608 ns
[2020-05-16T10:31:40.247+0000][15960][safepoint    ] Safepoint "Cleanup", Time since last: 1000134493 ns, Reaching safepoint: 114087 ns, At safepoint: 6493 ns, Total: 120580 ns
[2020-05-16T10:31:41.248+0000][15960][safepoint    ] Safepoint "Cleanup", Time since last: 1000226782 ns, Reaching safepoint: 197565 ns, At safepoint: 7884 ns, Total: 205449 ns
[2020-05-16T10:31:42.248+0000][15960][safepoint    ] Safepoint "Cleanup", Time since last: 1000280580 ns, Reaching safepoint: 186435 ns, At safepoint: 7884 ns, Total: 194319 ns
[2020-05-16T10:31:44.249+0000][15960][safepoint    ] Safepoint "Cleanup", Time since last: 2000465159 ns, Reaching safepoint: 120580 ns, At safepoint: 4173 ns, Total: 124753 ns
[2020-05-16T10:31:45.249+0000][15960][safepoint    ] Safepoint "Cleanup", Time since last: 1000629797 ns, Reaching safepoint: 128928 ns, At safepoint: 4637 ns, Total: 133565 ns
[2020-05-16T10:31:46.250+0000][15960][safepoint    ] Safepoint "Cleanup", Time since last: 1000702145 ns, Reaching safepoint: 161855 ns, At safepoint: 7884 ns, Total: 169739 ns
[2020-05-16T10:31:47.251+0000][15960][safepoint    ] Safepoint "Cleanup", Time since last: 1000654377 ns, Reaching safepoint: 131246 ns, At safepoint: 7420 ns, Total: 138666 ns
[2020-05-16T10:31:48.252+0000][15960][safepoint    ] Safepoint "Cleanup", Time since last: 1000458667 ns, Reaching safepoint: 124289 ns, At safepoint: 6957 ns, Total: 131246 ns
[2020-05-16T10:31:49.253+0000][15960][safepoint    ] Safepoint "Cleanup", Time since last: 1000668753 ns, Reaching safepoint: 88116 ns, At safepoint: 2783 ns, Total: 90899 ns
[2020-05-16T10:31:50.253+0000][15960][safepoint    ] Safepoint "Cleanup", Time since last: 1000634434 ns, Reaching safepoint: 128000 ns, At safepoint: 4174 ns, Total: 132174 ns
[2020-05-16T10:31:51.254+0000][15960][safepoint    ] Safepoint "Cleanup", Time since last: 1000365449 ns, Reaching safepoint: 110377 ns, At safepoint: 4638 ns, Total: 115015 ns
[2020-05-16T10:31:52.254+0000][15960][safepoint    ] Safepoint "Cleanup", Time since last: 1000488811 ns, Reaching safepoint: 132638 ns, At safepoint: 4637 ns, Total: 137275 ns
[2020-05-16T10:31:53.255+0000][15960][safepoint    ] Safepoint "Cleanup", Time since last: 1000371478 ns, Reaching safepoint: 123363 ns, At safepoint: 4174 ns, Total: 127537 ns
[2020-05-16T10:31:54.255+0000][15960][safepoint    ] Safepoint "Cleanup", Time since last: 1000207304 ns, Reaching safepoint: 133101 ns, At safepoint: 4638 ns, Total: 137739 ns
[2020-05-16T10:31:56.256+0000][15960][safepoint    ] Safepoint "Cleanup", Time since last: 2000698434 ns, Reaching safepoint: 85334 ns, At safepoint: 3246 ns, Total: 88580 ns
[2020-05-16T10:31:57.257+0000][15960][safepoint    ] Safepoint "Cleanup", Time since last: 1000487884 ns, Reaching safepoint: 96927 ns, At safepoint: 3247 ns, Total: 100174 ns
[2020-05-16T10:31:58.257+0000][15960][safepoint    ] Safepoint "Cleanup", Time since last: 1000009739 ns, Reaching safepoint: 100174 ns, At safepoint: 3710 ns, Total: 103884 ns
[2020-05-16T10:31:59.257+0000][15960][safepoint    ] Safepoint "Cleanup", Time since last: 1000103420 ns, Reaching safepoint: 126145 ns, At safepoint: 5101 ns, Total: 131246 ns
[2020-05-16T10:32:01.258+0000][15960][safepoint    ] Safepoint "Cleanup", Time since last: 2000535652 ns, Reaching safepoint: 147015 ns, At safepoint: 5101 ns, Total: 152116 ns
[2020-05-16T10:32:02.259+0000][15960][safepoint    ] Safepoint "Cleanup", Time since last: 1000777739 ns, Reaching safepoint: 153971 ns, At safepoint: 5565 ns, Total: 159536 ns
[2020-05-16T10:32:03.259+0000][15960][safepoint    ] Safepoint "Cleanup", Time since last: 1000408580 ns, Reaching safepoint: 135884 ns, At safepoint: 6029 ns, Total: 141913 ns
[2020-05-16T10:32:05.260+0000][15960][safepoint    ] Safepoint "Cleanup", Time since last: 2001075941 ns, Reaching safepoint: 132638 ns, At safepoint: 4174 ns, Total: 136812 ns
[2020-05-16T10:32:06.261+0000][15960][safepoint    ] Safepoint "Cleanup", Time since last: 1000525449 ns, Reaching safepoint: 149797 ns, At safepoint: 5565 ns, Total: 155362 ns
[2020-05-16T10:32:07.262+0000][15960][safepoint    ] Safepoint "Cleanup", Time since last: 1000637217 ns, Reaching safepoint: 124290 ns, At safepoint: 7420 ns, Total: 131710 ns
[2020-05-16T10:32:08.262+0000][15960][safepoint    ] Safepoint "Cleanup", Time since last: 1000321391 ns, Reaching safepoint: 134029 ns, At safepoint: 5565 ns, Total: 139594 ns
[2020-05-16T10:32:09.263+0000][15960][safepoint    ] Safepoint "Cleanup", Time since last: 1000496696 ns, Reaching safepoint: 126145 ns, At safepoint: 5101 ns, Total: 131246 ns
[2020-05-16T10:32:10.263+0000][15960][safepoint    ] Safepoint "Cleanup", Time since last: 1000396522 ns, Reaching safepoint: 148869 ns, At safepoint: 5565 ns, Total: 154434 ns
[2020-05-16T10:32:11.264+0000][15960][safepoint    ] Safepoint "Cleanup", Time since last: 1000359421 ns, Reaching safepoint: 112695 ns, At safepoint: 4638 ns, Total: 117333 ns
[2020-05-16T10:32:12.264+0000][15960][safepoint    ] Safepoint "Cleanup", Time since last: 1000399304 ns, Reaching safepoint: 164638 ns, At safepoint: 5565 ns, Total: 170203 ns
[2020-05-16T10:32:13.265+0000][15960][safepoint    ] Safepoint "Cleanup", Time since last: 1000579710 ns, Reaching safepoint: 217971 ns, At safepoint: 6029 ns, Total: 224000 ns
[2020-05-16T10:32:14.266+0000][15960][safepoint    ] Safepoint "Cleanup", Time since last: 1000292637 ns, Reaching safepoint: 97855 ns, At safepoint: 2783 ns, Total: 100638 ns
[2020-05-16T10:32:15.266+0000][15960][safepoint    ] Safepoint "Cleanup", Time since last: 1000710956 ns, Reaching safepoint: 120116 ns, At safepoint: 4638 ns, Total: 124754 ns
[2020-05-16T10:32:16.267+0000][15960][safepoint    ] Safepoint "Cleanup", Time since last: 1000174376 ns, Reaching safepoint: 128464 ns, At safepoint: 6957 ns, Total: 135421 ns
[2020-05-16T10:32:18.267+0000][15960][safepoint    ] Safepoint "Cleanup", Time since last: 2000153507 ns, Reaching safepoint: 84405 ns, At safepoint: 3247 ns, Total: 87652 ns
[2020-05-16T10:32:19.269+0000][15960][safepoint    ] Safepoint "Cleanup", Time since last: 1000666898 ns, Reaching safepoint: 968347 ns, At safepoint: 15769 ns, Total: 984116 ns
[2020-05-16T10:32:20.269+0000][15960][safepoint    ] Safepoint "Cleanup", Time since last: 1000346434 ns, Reaching safepoint: 129391 ns, At safepoint: 5102 ns, Total: 134493 ns
[2020-05-16T10:32:21.270+0000][15960][safepoint    ] Safepoint "Cleanup", Time since last: 1000546318 ns, Reaching safepoint: 96000 ns, At safepoint: 3711 ns, Total: 99711 ns
[2020-05-16T10:32:23.270+0000][15960][safepoint    ] Safepoint "Cleanup", Time since last: 2000034318 ns, Reaching safepoint: 285681 ns, At safepoint: 8812 ns, Total: 294493 ns
[2020-05-16T10:32:24.271+0000][15960][safepoint    ] Safepoint "Cleanup", Time since last: 1000510145 ns, Reaching safepoint: 128927 ns, At safepoint: 5565 ns, Total: 134492 ns
[2020-05-16T10:32:25.271+0000][15960][safepoint    ] Safepoint "Cleanup", Time since last: 1000026435 ns, Reaching safepoint: 152580 ns, At safepoint: 12522 ns, Total: 165102 ns
[2020-05-16T10:32:26.271+0000][15960][safepoint    ] Safepoint "Cleanup", Time since last: 1000062608 ns, Reaching safepoint: 125681 ns, At safepoint: 5566 ns, Total: 131247 ns
[2020-05-16T10:32:27.272+0000][15960][safepoint    ] Safepoint "Cleanup", Time since last: 1000711883 ns, Reaching safepoint: 121507 ns, At safepoint: 7421 ns, Total: 128928 ns
[2020-05-16T10:32:28.273+0000][15960][safepoint    ] Safepoint "Cleanup", Time since last: 1000425739 ns, Reaching safepoint: 124753 ns, At safepoint: 5102 ns, Total: 129855 ns
[2020-05-16T10:32:29.273+0000][15960][safepoint    ] Safepoint "Cleanup", Time since last: 1000795825 ns, Reaching safepoint: 124290 ns, At safepoint: 5565 ns, Total: 129855 ns
[2020-05-16T10:32:30.274+0000][15960][safepoint    ] Safepoint "Cleanup", Time since last: 1000550957 ns, Reaching safepoint: 123362 ns, At safepoint: 7884 ns, Total: 131246 ns
[2020-05-16T10:32:31.274+0000][15960][safepoint    ] Safepoint "Cleanup", Time since last: 1000145623 ns, Reaching safepoint: 118261 ns, At safepoint: 4638 ns, Total: 122899 ns
[2020-05-16T10:32:32.275+0000][15960][safepoint    ] Safepoint "Cleanup", Time since last: 1000628405 ns, Reaching safepoint: 132638 ns, At safepoint: 8811 ns, Total: 141449 ns
[2020-05-16T10:32:33.276+0000][15960][safepoint    ] Safepoint "Cleanup", Time since last: 1000495304 ns, Reaching safepoint: 131247 ns, At safepoint: 7420 ns, Total: 138667 ns
[2020-05-16T10:32:34.276+0000][15960][safepoint    ] Safepoint "Cleanup", Time since last: 1000032000 ns, Reaching safepoint: 147014 ns, At safepoint: 9276 ns, Total: 156290 ns
[2020-05-16T10:32:35.276+0000][15960][safepoint    ] Safepoint "Cleanup", Time since last: 1000122435 ns, Reaching safepoint: 149333 ns, At safepoint: 9739 ns, Total: 159072 ns
[2020-05-16T10:32:36.277+0000][15960][safepoint    ] Safepoint "Cleanup", Time since last: 1000712811 ns, Reaching safepoint: 176696 ns, At safepoint: 5101 ns, Total: 181797 ns
[2020-05-16T10:32:37.278+0000][15960][safepoint    ] Safepoint "Cleanup", Time since last: 1000266667 ns, Reaching safepoint: 172058 ns, At safepoint: 8347 ns, Total: 180405 ns
[2020-05-16T10:32:38.278+0000][15960][safepoint    ] Safepoint "Cleanup", Time since last: 1000607073 ns, Reaching safepoint: 343652 ns, At safepoint: 16232 ns, Total: 359884 ns
[2020-05-16T10:32:39.279+0000][15960][safepoint    ] Safepoint "Cleanup", Time since last: 1000636753 ns, Reaching safepoint: 207304 ns, At safepoint: 12986 ns, Total: 220290 ns
[2020-05-16T10:32:41.280+0000][15960][safepoint    ] Safepoint "Cleanup", Time since last: 2000665507 ns, Reaching safepoint: 146086 ns, At safepoint: 7884 ns, Total: 153970 ns
[2020-05-16T10:32:43.281+0000][15960][safepoint    ] Safepoint "Cleanup", Time since last: 2000573681 ns, Reaching safepoint: 183652 ns, At safepoint: 7421 ns, Total: 191073 ns
[2020-05-16T10:32:44.282+0000][15960][safepoint    ] Safepoint "Cleanup", Time since last: 1000441043 ns, Reaching safepoint: 126609 ns, At safepoint: 4174 ns, Total: 130783 ns
[2020-05-16T10:32:45.283+0000][15960][safepoint    ] Safepoint "Cleanup", Time since last: 1000920579 ns, Reaching safepoint: 119652 ns, At safepoint: 5565 ns, Total: 125217 ns
[2020-05-16T10:32:46.283+0000][15960][safepoint    ] Safepoint "Cleanup", Time since last: 1000115015 ns, Reaching safepoint: 86260 ns, At safepoint: 3711 ns, Total: 89971 ns
[2020-05-16T10:32:47.283+0000][15960][safepoint    ] Safepoint "Cleanup", Time since last: 1000053333 ns, Reaching safepoint: 89507 ns, At safepoint: 3246 ns, Total: 92753 ns
[2020-05-16T10:32:48.284+0000][15960][safepoint    ] Safepoint "Cleanup", Time since last: 1000505044 ns, Reaching safepoint: 124290 ns, At safepoint: 5565 ns, Total: 129855 ns
[2020-05-16T10:32:49.284+0000][15960][safepoint    ] Safepoint "Cleanup", Time since last: 1000180869 ns, Reaching safepoint: 139594 ns, At safepoint: 7884 ns, Total: 147478 ns
[2020-05-16T10:32:50.284+0000][15960][safepoint    ] Safepoint "Cleanup", Time since last: 1000288000 ns, Reaching safepoint: 142841 ns, At safepoint: 6956 ns, Total: 149797 ns
[2020-05-16T10:32:52.285+0000][15960][safepoint    ] Safepoint "Cleanup", Time since last: 2000528696 ns, Reaching safepoint: 149333 ns, At safepoint: 6493 ns, Total: 155826 ns
[2020-05-16T10:32:53.286+0000][15960][safepoint    ] Safepoint "Cleanup", Time since last: 1000345971 ns, Reaching safepoint: 151188 ns, At safepoint: 6029 ns, Total: 157217 ns
[2020-05-16T10:32:55.286+0000][15960][safepoint    ] Safepoint "Cleanup", Time since last: 2000697971 ns, Reaching safepoint: 136347 ns, At safepoint: 5566 ns, Total: 141913 ns
[2020-05-16T10:32:56.287+0000][15960][safepoint    ] Safepoint "Cleanup", Time since last: 1000064463 ns, Reaching safepoint: 139594 ns, At safepoint: 7421 ns, Total: 147015 ns
[2020-05-16T10:32:57.288+0000][15960][safepoint    ] Safepoint "Cleanup", Time since last: 1000773565 ns, Reaching safepoint: 140985 ns, At safepoint: 5565 ns, Total: 146550 ns
[2020-05-16T10:32:58.288+0000][15960][safepoint    ] Safepoint "Cleanup", Time since last: 1000254145 ns, Reaching safepoint: 166493 ns, At safepoint: 9275 ns, Total: 175768 ns
[2020-05-16T10:32:59.289+0000][15960][safepoint    ] Safepoint "Cleanup", Time since last: 1000822724 ns, Reaching safepoint: 141450 ns, At safepoint: 6029 ns, Total: 147479 ns
[2020-05-16T10:33:00.289+0000][15960][safepoint    ] Safepoint "Cleanup", Time since last: 1000373333 ns, Reaching safepoint: 159536 ns, At safepoint: 9739 ns, Total: 169275 ns
[2020-05-16T10:33:01.290+0000][15960][safepoint    ] Safepoint "Cleanup", Time since last: 1000560695 ns, Reaching safepoint: 130319 ns, At safepoint: 8348 ns, Total: 138667 ns
[2020-05-16T10:33:03.291+0000][15960][safepoint    ] Safepoint "Cleanup", Time since last: 2000455420 ns, Reaching safepoint: 148406 ns, At safepoint: 8811 ns, Total: 157217 ns
[2020-05-16T10:33:04.291+0000][15960][safepoint    ] Safepoint "Cleanup", Time since last: 1000252754 ns, Reaching safepoint: 137739 ns, At safepoint: 2783 ns, Total: 140522 ns
[2020-05-16T10:33:05.292+0000][15960][safepoint    ] Safepoint "Cleanup", Time since last: 1000806028 ns, Reaching safepoint: 182261 ns, At safepoint: 9739 ns, Total: 192000 ns
[2020-05-16T10:33:07.293+0000][15960][safepoint    ] Safepoint "Cleanup", Time since last: 2000462377 ns, Reaching safepoint: 130318 ns, At safepoint: 5102 ns, Total: 135420 ns
[2020-05-16T10:33:09.294+0000][15960][safepoint    ] Safepoint "Cleanup", Time since last: 2000620985 ns, Reaching safepoint: 244870 ns, At safepoint: 6029 ns, Total: 250899 ns
[2020-05-16T10:33:11.294+0000][15960][safepoint    ] Safepoint "Cleanup", Time since last: 2000590376 ns, Reaching safepoint: 121971 ns, At safepoint: 5102 ns, Total: 127073 ns
[2020-05-16T10:33:12.295+0000][15960][safepoint    ] Safepoint "Cleanup", Time since last: 1000432695 ns, Reaching safepoint: 134956 ns, At safepoint: 7884 ns, Total: 142840 ns
[2020-05-16T10:33:13.295+0000][15960][safepoint    ] Safepoint "Cleanup", Time since last: 1000371015 ns, Reaching safepoint: 140058 ns, At safepoint: 7884 ns, Total: 147942 ns
[2020-05-16T10:33:15.296+0000][15960][safepoint    ] Safepoint "Cleanup", Time since last: 2000487884 ns, Reaching safepoint: 132173 ns, At safepoint: 6493 ns, Total: 138666 ns
[2020-05-16T10:33:16.297+0000][15960][safepoint    ] Safepoint "Cleanup", Time since last: 1000739710 ns, Reaching safepoint: 181333 ns, At safepoint: 5102 ns, Total: 186435 ns
[2020-05-16T10:33:17.298+0000][15960][safepoint    ] Safepoint "Cleanup", Time since last: 1000529623 ns, Reaching safepoint: 155362 ns, At safepoint: 5565 ns, Total: 160927 ns
[2020-05-16T10:33:18.298+0000][15960][safepoint    ] Safepoint "Cleanup", Time since last: 1000051478 ns, Reaching safepoint: 118725 ns, At safepoint: 5101 ns, Total: 123826 ns
[2020-05-16T10:33:19.298+0000][15960][safepoint    ] Safepoint "Cleanup", Time since last: 1000326957 ns, Reaching safepoint: 146550 ns, At safepoint: 6029 ns, Total: 152579 ns
[2020-05-16T10:33:20.299+0000][15960][safepoint    ] Safepoint "Cleanup", Time since last: 1000795826 ns, Reaching safepoint: 116870 ns, At safepoint: 6492 ns, Total: 123362 ns
[2020-05-16T10:33:21.299+0000][15960][safepoint    ] Safepoint "Cleanup", Time since last: 1000014377 ns, Reaching safepoint: 120116 ns, At safepoint: 6957 ns, Total: 127073 ns
[2020-05-16T10:33:22.300+0000][15960][safepoint    ] Safepoint "Cleanup", Time since last: 1000657159 ns, Reaching safepoint: 155826 ns, At safepoint: 7884 ns, Total: 163710 ns
[2020-05-16T10:33:23.301+0000][15960][safepoint    ] Safepoint "Cleanup", Time since last: 1000738782 ns, Reaching safepoint: 149333 ns, At safepoint: 9276 ns, Total: 158609 ns
[2020-05-16T10:33:24.302+0000][15960][safepoint    ] Safepoint "Cleanup", Time since last: 1000638144 ns, Reaching safepoint: 135420 ns, At safepoint: 5566 ns, Total: 140986 ns
[2020-05-16T10:33:25.302+0000][15960][safepoint    ] Safepoint "Cleanup", Time since last: 1000063536 ns, Reaching safepoint: 118261 ns, At safepoint: 5565 ns, Total: 123826 ns
[2020-05-16T10:33:26.302+0000][15960][safepoint    ] Safepoint "Cleanup", Time since last: 1000091826 ns, Reaching safepoint: 132174 ns, At safepoint: 5565 ns, Total: 137739 ns
[2020-05-16T10:33:27.303+0000][15960][safepoint    ] Safepoint "Cleanup", Time since last: 1000116870 ns, Reaching safepoint: 130782 ns, At safepoint: 6493 ns, Total: 137275 ns
[2020-05-16T10:33:28.303+0000][15960][safepoint    ] Safepoint "Cleanup", Time since last: 1000753159 ns, Reaching safepoint: 171130 ns, At safepoint: 5102 ns, Total: 176232 ns
[2020-05-16T10:33:29.304+0000][15960][safepoint    ] Safepoint "Cleanup", Time since last: 1000265739 ns, Reaching safepoint: 115478 ns, At safepoint: 5101 ns, Total: 120579 ns
[2020-05-16T10:33:30.304+0000][15960][safepoint    ] Safepoint "Cleanup", Time since last: 1000286609 ns, Reaching safepoint: 115014 ns, At safepoint: 6029 ns, Total: 121043 ns
[2020-05-16T10:33:31.305+0000][15960][safepoint    ] Safepoint "Cleanup", Time since last: 1000866319 ns, Reaching safepoint: 122898 ns, At safepoint: 6493 ns, Total: 129391 ns
[2020-05-16T10:33:32.306+0000][15960][safepoint    ] Safepoint "Cleanup", Time since last: 1000255536 ns, Reaching safepoint: 109913 ns, At safepoint: 2783 ns, Total: 112696 ns
[2020-05-16T10:33:33.306+0000][15960][safepoint    ] Safepoint "Cleanup", Time since last: 1000379362 ns, Reaching safepoint: 126145 ns, At safepoint: 6956 ns, Total: 133101 ns
[2020-05-16T10:33:34.307+0000][15960][safepoint    ] Safepoint "Cleanup", Time since last: 1000279189 ns, Reaching safepoint: 148405 ns, At safepoint: 5566 ns, Total: 153971 ns
[2020-05-16T10:33:35.307+0000][15960][safepoint    ] Safepoint "Cleanup", Time since last: 1000637217 ns, Reaching safepoint: 141449 ns, At safepoint: 5565 ns, Total: 147014 ns
[2020-05-16T10:33:36.308+0000][15960][safepoint    ] Safepoint "Cleanup", Time since last: 1000302377 ns, Reaching safepoint: 128463 ns, At safepoint: 5566 ns, Total: 134029 ns
[2020-05-16T10:33:37.309+0000][15960][safepoint    ] Safepoint "Cleanup", Time since last: 1000504579 ns, Reaching safepoint: 166029 ns, At safepoint: 9275 ns, Total: 175304 ns
[2020-05-16T10:33:39.309+0000][15960][safepoint    ] Safepoint "Cleanup", Time since last: 2000055189 ns, Reaching safepoint: 182724 ns, At safepoint: 8812 ns, Total: 191536 ns
[2020-05-16T10:33:40.310+0000][15960][safepoint    ] Safepoint "Cleanup", Time since last: 1000664579 ns, Reaching safepoint: 118261 ns, At safepoint: 5102 ns, Total: 123363 ns
[2020-05-16T10:33:41.311+0000][15960][safepoint    ] Safepoint "Cleanup", Time since last: 1000836637 ns, Reaching safepoint: 138203 ns, At safepoint: 7420 ns, Total: 145623 ns
[2020-05-16T10:33:42.311+0000][15960][safepoint    ] Safepoint "Cleanup", Time since last: 1000317217 ns, Reaching safepoint: 126609 ns, At safepoint: 3710 ns, Total: 130319 ns
[2020-05-16T10:33:43.312+0000][15960][safepoint    ] Safepoint "Cleanup", Time since last: 1000612174 ns, Reaching safepoint: 124753 ns, At safepoint: 6029 ns, Total: 130782 ns
[2020-05-16T10:33:45.312+0000][15960][safepoint    ] Safepoint "Cleanup", Time since last: 2000256464 ns, Reaching safepoint: 137275 ns, At safepoint: 7420 ns, Total: 144695 ns
[2020-05-16T10:33:47.313+0000][15960][safepoint    ] Safepoint "Cleanup", Time since last: 2000350145 ns, Reaching safepoint: 130783 ns, At safepoint: 12985 ns, Total: 143768 ns
[2020-05-16T10:33:48.313+0000][15960][safepoint    ] Safepoint "Cleanup", Time since last: 1000574145 ns, Reaching safepoint: 116406 ns, At safepoint: 5565 ns, Total: 121971 ns
[2020-05-16T10:33:49.314+0000][15960][safepoint    ] Safepoint "Cleanup", Time since last: 1000572289 ns, Reaching safepoint: 140986 ns, At safepoint: 6029 ns, Total: 147015 ns
[2020-05-16T10:33:51.315+0000][15960][safepoint    ] Safepoint "Cleanup", Time since last: 2000799536 ns, Reaching safepoint: 155826 ns, At safepoint: 5565 ns, Total: 161391 ns
[2020-05-16T10:33:52.316+0000][15960][safepoint    ] Safepoint "Cleanup", Time since last: 1000583420 ns, Reaching safepoint: 139594 ns, At safepoint: 5565 ns, Total: 145159 ns
[2020-05-16T10:33:53.316+0000][15960][safepoint    ] Safepoint "Cleanup", Time since last: 1000388638 ns, Reaching safepoint: 130319 ns, At safepoint: 5101 ns, Total: 135420 ns
[2020-05-16T10:33:55.317+0000][15960][safepoint    ] Safepoint "Cleanup", Time since last: 2000118725 ns, Reaching safepoint: 160463 ns, At safepoint: 5102 ns, Total: 165565 ns
[2020-05-16T10:33:56.318+0000][15960][safepoint    ] Safepoint "Cleanup", Time since last: 1000831536 ns, Reaching safepoint: 139130 ns, At safepoint: 5101 ns, Total: 144231 ns
[2020-05-16T10:33:57.318+0000][15960][safepoint    ] Safepoint "Cleanup", Time since last: 1000467942 ns, Reaching safepoint: 142377 ns, At safepoint: 5565 ns, Total: 147942 ns
[2020-05-16T10:33:58.319+0000][15960][safepoint    ] Safepoint "Cleanup", Time since last: 1000785159 ns, Reaching safepoint: 165102 ns, At safepoint: 9739 ns, Total: 174841 ns
[2020-05-16T10:33:59.320+0000][15960][safepoint    ] Safepoint "Cleanup", Time since last: 1000391884 ns, Reaching safepoint: 112695 ns, At safepoint: 5565 ns, Total: 118260 ns
[2020-05-16T10:34:00.321+0000][15960][safepoint    ] Safepoint "Cleanup", Time since last: 1001019362 ns, Reaching safepoint: 109450 ns, At safepoint: 5101 ns, Total: 114551 ns
[2020-05-16T10:34:01.322+0000][15960][safepoint    ] Safepoint "Cleanup", Time since last: 1000862608 ns, Reaching safepoint: 140058 ns, At safepoint: 6493 ns, Total: 146551 ns
[2020-05-16T10:34:02.323+0000][15960][safepoint    ] Safepoint "Cleanup", Time since last: 1000640463 ns, Reaching safepoint: 140986 ns, At safepoint: 6493 ns, Total: 147479 ns
[2020-05-16T10:34:03.323+0000][15960][safepoint    ] Safepoint "Cleanup", Time since last: 1000041275 ns, Reaching safepoint: 136811 ns, At safepoint: 7421 ns, Total: 144232 ns
[2020-05-16T10:34:04.324+0000][15960][safepoint    ] Safepoint "Cleanup", Time since last: 1000694260 ns, Reaching safepoint: 139594 ns, At safepoint: 5566 ns, Total: 145160 ns
[2020-05-16T10:34:05.324+0000][15960][safepoint    ] Safepoint "Cleanup", Time since last: 1000224000 ns, Reaching safepoint: 126608 ns, At safepoint: 6029 ns, Total: 132637 ns
[2020-05-16T10:34:06.324+0000][15960][safepoint    ] Safepoint "Cleanup", Time since last: 1000377507 ns, Reaching safepoint: 140522 ns, At safepoint: 7884 ns, Total: 148406 ns
[2020-05-16T10:34:07.325+0000][15960][safepoint    ] Safepoint "Cleanup", Time since last: 1000655768 ns, Reaching safepoint: 132637 ns, At safepoint: 6957 ns, Total: 139594 ns
[2020-05-16T10:34:09.326+0000][15960][safepoint    ] Safepoint "Cleanup", Time since last: 2000275478 ns, Reaching safepoint: 142377 ns, At safepoint: 9275 ns, Total: 151652 ns
[2020-05-16T10:34:10.326+0000][15960][safepoint    ] Safepoint "Cleanup", Time since last: 1000507362 ns, Reaching safepoint: 143768 ns, At safepoint: 6029 ns, Total: 149797 ns
[2020-05-16T10:34:11.327+0000][15960][safepoint    ] Safepoint "Cleanup", Time since last: 1000512000 ns, Reaching safepoint: 139594 ns, At safepoint: 25971 ns, Total: 165565 ns
[2020-05-16T10:34:12.328+0000][15960][safepoint    ] Safepoint "Cleanup", Time since last: 1000744811 ns, Reaching safepoint: 76522 ns, At safepoint: 4174 ns, Total: 80696 ns
[2020-05-16T10:34:13.328+0000][15960][safepoint    ] Safepoint "Cleanup", Time since last: 1000143768 ns, Reaching safepoint: 108522 ns, At safepoint: 5565 ns, Total: 114087 ns
[2020-05-16T10:34:14.346+0000][15960][safepoint    ] Safepoint "Cleanup", Time since last: 1000704000 ns, Reaching safepoint: 17192803 ns, At safepoint: 55189 ns, Total: 17247992 ns
[2020-05-16T10:34:15.347+0000][15960][safepoint    ] Safepoint "Cleanup", Time since last: 1000376579 ns, Reaching safepoint: 227246 ns, At safepoint: 8348 ns, Total: 235594 ns
[2020-05-16T10:34:16.347+0000][15960][safepoint    ] Safepoint "Cleanup", Time since last: 1000017623 ns, Reaching safepoint: 167421 ns, At safepoint: 9275 ns, Total: 176696 ns
[2020-05-16T10:34:17.347+0000][15960][safepoint    ] Safepoint "Cleanup", Time since last: 1000313043 ns, Reaching safepoint: 140986 ns, At safepoint: 8811 ns, Total: 149797 ns
[2020-05-16T10:34:18.348+0000][15960][safepoint    ] Safepoint "Cleanup", Time since last: 1000346899 ns, Reaching safepoint: 138203 ns, At safepoint: 6029 ns, Total: 144232 ns
[2020-05-16T10:34:19.482+0000][15960][safepoint    ] Safepoint "Cleanup", Time since last: 1133596228 ns, Reaching safepoint: 199420 ns, At safepoint: 6956 ns, Total: 206376 ns
[2020-05-16T10:34:21.482+0000][15960][safepoint    ] Safepoint "Cleanup", Time since last: 1999979131 ns, Reaching safepoint: 138203 ns, At safepoint: 7884 ns, Total: 146087 ns
[2020-05-16T10:34:23.482+0000][15960][safepoint    ] Safepoint "Cleanup", Time since last: 2000088579 ns, Reaching safepoint: 125681 ns, At safepoint: 5566 ns, Total: 131247 ns
[2020-05-16T10:34:24.482+0000][15960][safepoint    ] Safepoint "Cleanup", Time since last: 1000218898 ns, Reaching safepoint: 135420 ns, At safepoint: 6493 ns, Total: 141913 ns
[2020-05-16T10:34:25.483+0000][15960][safepoint    ] Safepoint "Cleanup", Time since last: 1000328811 ns, Reaching safepoint: 186899 ns, At safepoint: 6029 ns, Total: 192928 ns
[2020-05-16T10:34:26.483+0000][15960][safepoint    ] Safepoint "Cleanup", Time since last: 1000048695 ns, Reaching safepoint: 139131 ns, At safepoint: 5101 ns, Total: 144232 ns
[2020-05-16T10:34:28.484+0000][15960][safepoint    ] Safepoint "Cleanup", Time since last: 2000406725 ns, Reaching safepoint: 153971 ns, At safepoint: 5565 ns, Total: 159536 ns
[2020-05-16T10:34:29.484+0000][15960][safepoint    ] Safepoint "Cleanup", Time since last: 1000702608 ns, Reaching safepoint: 147015 ns, At safepoint: 6029 ns, Total: 153044 ns
[2020-05-16T10:34:30.485+0000][15960][safepoint    ] Safepoint "Cleanup", Time since last: 1000399304 ns, Reaching safepoint: 152579 ns, At safepoint: 9276 ns, Total: 161855 ns
[2020-05-16T10:34:31.486+0000][15960][safepoint    ] Safepoint "Cleanup", Time since last: 1000682666 ns, Reaching safepoint: 134957 ns, At safepoint: 5101 ns, Total: 140058 ns
[2020-05-16T10:34:32.486+0000][15960][safepoint    ] Safepoint "Cleanup", Time since last: 1000283362 ns, Reaching safepoint: 192928 ns, At safepoint: 6492 ns, Total: 199420 ns
[2020-05-16T10:34:34.487+0000][15960][safepoint    ] Safepoint "Cleanup", Time since last: 2000697507 ns, Reaching safepoint: 114087 ns, At safepoint: 4638 ns, Total: 118725 ns
[2020-05-16T10:34:35.488+0000][15960][safepoint    ] Safepoint "Cleanup", Time since last: 1000748521 ns, Reaching safepoint: 131710 ns, At safepoint: 5566 ns, Total: 137276 ns
[2020-05-16T10:34:36.489+0000][15960][safepoint    ] Safepoint "Cleanup", Time since last: 1000364985 ns, Reaching safepoint: 116406 ns, At safepoint: 2782 ns, Total: 119188 ns
[2020-05-16T10:34:37.489+0000][15960][safepoint    ] Safepoint "Cleanup", Time since last: 1000640464 ns, Reaching safepoint: 122435 ns, At safepoint: 5565 ns, Total: 128000 ns
[2020-05-16T10:34:38.490+0000][15960][safepoint    ] Safepoint "Cleanup", Time since last: 1000350608 ns, Reaching safepoint: 137739 ns, At safepoint: 7421 ns, Total: 145160 ns
[2020-05-16T10:34:39.491+0000][15960][safepoint    ] Safepoint "Cleanup", Time since last: 1000777275 ns, Reaching safepoint: 150724 ns, At safepoint: 11131 ns, Total: 161855 ns
[2020-05-16T10:34:40.492+0000][15960][safepoint    ] Safepoint "Cleanup", Time since last: 1000822724 ns, Reaching safepoint: 124753 ns, At safepoint: 6029 ns, Total: 130782 ns
[2020-05-16T10:34:41.493+0000][15960][safepoint    ] Safepoint "Cleanup", Time since last: 1000685449 ns, Reaching safepoint: 198029 ns, At safepoint: 9276 ns, Total: 207305 ns
[2020-05-16T10:34:42.493+0000][15960][safepoint    ] Safepoint "Cleanup", Time since last: 1000228637 ns, Reaching safepoint: 161855 ns, At safepoint: 12522 ns, Total: 174377 ns
[2020-05-16T10:34:43.494+0000][15960][safepoint    ] Safepoint "Cleanup", Time since last: 1000428985 ns, Reaching safepoint: 166029 ns, At safepoint: 6029 ns, Total: 172058 ns
[2020-05-16T10:34:45.494+0000][15960][safepoint    ] Safepoint "Cleanup", Time since last: 2000614029 ns, Reaching safepoint: 144695 ns, At safepoint: 7885 ns, Total: 152580 ns
[2020-05-16T10:34:46.495+0000][15960][safepoint    ] Safepoint "Cleanup", Time since last: 1000616347 ns, Reaching safepoint: 139130 ns, At safepoint: 5566 ns, Total: 144696 ns
[2020-05-16T10:34:47.495+0000][15960][safepoint    ] Safepoint "Cleanup", Time since last: 1000245797 ns, Reaching safepoint: 138666 ns, At safepoint: 6493 ns, Total: 145159 ns
[2020-05-16T10:34:48.496+0000][15960][safepoint    ] Safepoint "Cleanup", Time since last: 1000483710 ns, Reaching safepoint: 131710 ns, At safepoint: 6493 ns, Total: 138203 ns
[2020-05-16T10:34:49.497+0000][15960][safepoint    ] Safepoint "Cleanup", Time since last: 1000799072 ns, Reaching safepoint: 131246 ns, At safepoint: 8348 ns, Total: 139594 ns
[2020-05-16T10:34:50.498+0000][15960][safepoint    ] Safepoint "Cleanup", Time since last: 1000886724 ns, Reaching safepoint: 146087 ns, At safepoint: 6029 ns, Total: 152116 ns
[2020-05-16T10:34:51.499+0000][15960][safepoint    ] Safepoint "Cleanup", Time since last: 1000732753 ns, Reaching safepoint: 250899 ns, At safepoint: 12985 ns, Total: 263884 ns
[2020-05-16T10:34:52.500+0000][15960][safepoint    ] Safepoint "Cleanup", Time since last: 1000585739 ns, Reaching safepoint: 99710 ns, At safepoint: 4638 ns, Total: 104348 ns
[2020-05-16T10:34:53.500+0000][15960][safepoint    ] Safepoint "Cleanup", Time since last: 1000003246 ns, Reaching safepoint: 132638 ns, At safepoint: 4638 ns, Total: 137276 ns
[2020-05-16T10:34:54.501+0000][15960][safepoint    ] Safepoint "Cleanup", Time since last: 1000631188 ns, Reaching safepoint: 145623 ns, At safepoint: 6956 ns, Total: 152579 ns
[2020-05-16T10:34:55.501+0000][15960][safepoint    ] Safepoint "Cleanup", Time since last: 1000438261 ns, Reaching safepoint: 124754 ns, At safepoint: 6029 ns, Total: 130783 ns
[2020-05-16T10:34:56.502+0000][15960][safepoint    ] Safepoint "Cleanup", Time since last: 1000534260 ns, Reaching safepoint: 120116 ns, At safepoint: 6029 ns, Total: 126145 ns
[2020-05-16T10:34:57.503+0000][15960][safepoint    ] Safepoint "Cleanup", Time since last: 1000577855 ns, Reaching safepoint: 122435 ns, At safepoint: 5565 ns, Total: 128000 ns
[2020-05-16T10:34:58.503+0000][15960][safepoint    ] Safepoint "Cleanup", Time since last: 1000625159 ns, Reaching safepoint: 119652 ns, At safepoint: 5102 ns, Total: 124754 ns
[2020-05-16T10:34:59.504+0000][15960][safepoint    ] Safepoint "Cleanup", Time since last: 1000812057 ns, Reaching safepoint: 121507 ns, At safepoint: 4174 ns, Total: 125681 ns
[2020-05-16T10:35:00.505+0000][15960][safepoint    ] Safepoint "Cleanup", Time since last: 1000416928 ns, Reaching safepoint: 123826 ns, At safepoint: 2782 ns, Total: 126608 ns
[2020-05-16T10:35:02.506+0000][15960][safepoint    ] Safepoint "Cleanup", Time since last: 2000806493 ns, Reaching safepoint: 114550 ns, At safepoint: 6957 ns, Total: 121507 ns
[2020-05-16T10:35:04.506+0000][15960][safepoint    ] Safepoint "Cleanup", Time since last: 2000085797 ns, Reaching safepoint: 152579 ns, At safepoint: 8812 ns, Total: 161391 ns
[2020-05-16T10:35:05.506+0000][15960][safepoint    ] Safepoint "Cleanup", Time since last: 1000255536 ns, Reaching safepoint: 133102 ns, At safepoint: 6029 ns, Total: 139131 ns
[2020-05-16T10:35:06.507+0000][15960][safepoint    ] Safepoint "Cleanup", Time since last: 1000857506 ns, Reaching safepoint: 144232 ns, At safepoint: 5565 ns, Total: 149797 ns
[2020-05-16T10:35:07.508+0000][15960][safepoint    ] Safepoint "Cleanup", Time since last: 1000250435 ns, Reaching safepoint: 129391 ns, At safepoint: 8348 ns, Total: 137739 ns
[2020-05-16T10:35:08.508+0000][15960][safepoint    ] Safepoint "Cleanup", Time since last: 1000405333 ns, Reaching safepoint: 142841 ns, At safepoint: 8811 ns, Total: 151652 ns
[2020-05-16T10:35:09.509+0000][15960][safepoint    ] Safepoint "Cleanup", Time since last: 1000580174 ns, Reaching safepoint: 177159 ns, At safepoint: 7884 ns, Total: 185043 ns
[2020-05-16T10:35:10.510+0000][15960][safepoint    ] Safepoint "Cleanup", Time since last: 1000707710 ns, Reaching safepoint: 160464 ns, At safepoint: 10667 ns, Total: 171131 ns
[2020-05-16T10:35:11.510+0000][15960][safepoint    ] Safepoint "Cleanup", Time since last: 1000061217 ns, Reaching safepoint: 140985 ns, At safepoint: 7884 ns, Total: 148869 ns
[2020-05-16T10:35:13.461+0000][15960][safepoint    ] Safepoint "Cleanup", Time since last: 1950930574 ns, Reaching safepoint: 122898 ns, At safepoint: 7421 ns, Total: 130319 ns
[2020-05-16T10:35:14.462+0000][15960][safepoint    ] Safepoint "Cleanup", Time since last: 1000437333 ns, Reaching safepoint: 144232 ns, At safepoint: 5565 ns, Total: 149797 ns
[2020-05-16T10:35:15.498+0000][15960][safepoint    ] Safepoint "Cleanup", Time since last: 1000599652 ns, Reaching safepoint: 35198592 ns, At safepoint: 143768 ns, Total: 35342360 ns
[2020-05-16T10:35:16.499+0000][15960][safepoint    ] Safepoint "Cleanup", Time since last: 1000664580 ns, Reaching safepoint: 115478 ns, At safepoint: 30608 ns, Total: 146086 ns
[2020-05-16T10:35:17.499+0000][15960][safepoint    ] Safepoint "Cleanup", Time since last: 1000392348 ns, Reaching safepoint: 159073 ns, At safepoint: 20869 ns, Total: 179942 ns
[2020-05-16T10:35:18.499+0000][15960][safepoint    ] Safepoint "Cleanup", Time since last: 1000002783 ns, Reaching safepoint: 126145 ns, At safepoint: 18087 ns, Total: 144232 ns
[2020-05-16T10:35:19.500+0000][15960][safepoint    ] Safepoint "Cleanup", Time since last: 1000691477 ns, Reaching safepoint: 159537 ns, At safepoint: 44521 ns, Total: 204058 ns
[2020-05-16T10:35:20.500+0000][15960][safepoint    ] Safepoint "Cleanup", Time since last: 1000106203 ns, Reaching safepoint: 134029 ns, At safepoint: 7420 ns, Total: 141449 ns
[2020-05-16T10:35:21.501+0000][15960][safepoint    ] Safepoint "Cleanup", Time since last: 1000557449 ns, Reaching safepoint: 147479 ns, At safepoint: 8347 ns, Total: 155826 ns
[2020-05-16T10:35:23.502+0000][15960][safepoint    ] Safepoint "Cleanup", Time since last: 2000160464 ns, Reaching safepoint: 124754 ns, At safepoint: 6029 ns, Total: 130783 ns
[2020-05-16T10:35:24.528+0000][15960][safepoint    ] Safepoint "Cleanup", Time since last: 1000620057 ns, Reaching safepoint: 26332278 ns, At safepoint: 57043 ns, Total: 26389321 ns
[2020-05-16T10:35:26.529+0000][15960][safepoint    ] Safepoint "Cleanup", Time since last: 2000113624 ns, Reaching safepoint: 130782 ns, At safepoint: 8812 ns, Total: 139594 ns
[2020-05-16T10:35:27.530+0000][15960][safepoint    ] Safepoint "Cleanup", Time since last: 1000726724 ns, Reaching safepoint: 130319 ns, At safepoint: 7884 ns, Total: 138203 ns
[2020-05-16T10:35:28.530+0000][15960][safepoint    ] Safepoint "Cleanup", Time since last: 1000581565 ns, Reaching safepoint: 174377 ns, At safepoint: 11130 ns, Total: 185507 ns
[2020-05-16T10:35:29.531+0000][15960][safepoint    ] Safepoint "Cleanup", Time since last: 1000029217 ns, Reaching safepoint: 191536 ns, At safepoint: 6957 ns, Total: 198493 ns
[2020-05-16T10:35:30.531+0000][15960][safepoint    ] Safepoint "Cleanup", Time since last: 1000242551 ns, Reaching safepoint: 142840 ns, At safepoint: 6029 ns, Total: 148869 ns
[2020-05-16T10:35:31.532+0000][15960][safepoint    ] Safepoint "Cleanup", Time since last: 1000457739 ns, Reaching safepoint: 120116 ns, At safepoint: 5101 ns, Total: 125217 ns
[2020-05-16T10:35:32.532+0000][15960][safepoint    ] Safepoint "Cleanup", Time since last: 1000243479 ns, Reaching safepoint: 119188 ns, At safepoint: 4638 ns, Total: 123826 ns
[2020-05-16T10:35:33.533+0000][15960][safepoint    ] Safepoint "Cleanup", Time since last: 1000461912 ns, Reaching safepoint: 145623 ns, At safepoint: 4638 ns, Total: 150261 ns
[2020-05-16T10:35:34.533+0000][15960][safepoint    ] Safepoint "Cleanup", Time since last: 1000693797 ns, Reaching safepoint: 114551 ns, At safepoint: 4174 ns, Total: 118725 ns
[2020-05-16T10:35:35.639+0000][15960][safepoint    ] Safepoint "Cleanup", Time since last: 1105364356 ns, Reaching safepoint: 129392 ns, At safepoint: 6029 ns, Total: 135421 ns
[2020-05-16T10:35:36.639+0000][15960][safepoint    ] Safepoint "Cleanup", Time since last: 1000297739 ns, Reaching safepoint: 104811 ns, At safepoint: 4638 ns, Total: 109449 ns
[2020-05-16T10:35:37.640+0000][15960][safepoint    ] Safepoint "Cleanup", Time since last: 1000065855 ns, Reaching safepoint: 100174 ns, At safepoint: 4174 ns, Total: 104348 ns
[2020-05-16T10:35:38.640+0000][15960][safepoint    ] Safepoint "Cleanup", Time since last: 1000062608 ns, Reaching safepoint: 121971 ns, At safepoint: 4638 ns, Total: 126609 ns
[2020-05-16T10:35:40.640+0000][15960][safepoint    ] Safepoint "Cleanup", Time since last: 2000118725 ns, Reaching safepoint: 121507 ns, At safepoint: 4637 ns, Total: 126144 ns
[2020-05-16T10:35:41.641+0000][15960][safepoint    ] Safepoint "Cleanup", Time since last: 1000773102 ns, Reaching safepoint: 102956 ns, At safepoint: 5565 ns, Total: 108521 ns
[2020-05-16T10:35:42.641+0000][15960][safepoint    ] Safepoint "Cleanup", Time since last: 1000458667 ns, Reaching safepoint: 113159 ns, At safepoint: 4638 ns, Total: 117797 ns
[2020-05-16T10:35:43.642+0000][15960][safepoint    ] Safepoint "Cleanup", Time since last: 1000713739 ns, Reaching safepoint: 204985 ns, At safepoint: 5565 ns, Total: 210550 ns
[2020-05-16T10:35:45.643+0000][15960][safepoint    ] Safepoint "Cleanup", Time since last: 2000277333 ns, Reaching safepoint: 135421 ns, At safepoint: 6029 ns, Total: 141450 ns
[2020-05-16T10:35:46.644+0000][15960][safepoint    ] Safepoint "Cleanup", Time since last: 1000793043 ns, Reaching safepoint: 167420 ns, At safepoint: 7884 ns, Total: 175304 ns
[2020-05-16T10:35:47.644+0000][15960][safepoint    ] Safepoint "Cleanup", Time since last: 1000477217 ns, Reaching safepoint: 86725 ns, At safepoint: 2782 ns, Total: 89507 ns
[2020-05-16T10:35:48.645+0000][15960][safepoint    ] Safepoint "Cleanup", Time since last: 1000251826 ns, Reaching safepoint: 117334 ns, At safepoint: 4174 ns, Total: 121508 ns
[2020-05-16T10:35:49.645+0000][15960][safepoint    ] Safepoint "Cleanup", Time since last: 1000548173 ns, Reaching safepoint: 123362 ns, At safepoint: 6493 ns, Total: 129855 ns
[2020-05-16T10:35:50.646+0000][15960][safepoint    ] Safepoint "Cleanup", Time since last: 1000194783 ns, Reaching safepoint: 122898 ns, At safepoint: 4174 ns, Total: 127072 ns
[2020-05-16T10:35:51.646+0000][15960][safepoint    ] Safepoint "Cleanup", Time since last: 1000254609 ns, Reaching safepoint: 126608 ns, At safepoint: 7421 ns, Total: 134029 ns
[2020-05-16T10:35:52.647+0000][15960][safepoint    ] Safepoint "Cleanup", Time since last: 1000671536 ns, Reaching safepoint: 122434 ns, At safepoint: 4174 ns, Total: 126608 ns
[2020-05-16T10:35:53.647+0000][15960][safepoint    ] Safepoint "Cleanup", Time since last: 1000291710 ns, Reaching safepoint: 121044 ns, At safepoint: 4173 ns, Total: 125217 ns
[2020-05-16T10:35:54.648+0000][15960][safepoint    ] Safepoint "Cleanup", Time since last: 1000591768 ns, Reaching safepoint: 121971 ns, At safepoint: 4638 ns, Total: 126609 ns
[2020-05-16T10:35:55.648+0000][15960][safepoint    ] Safepoint "Cleanup", Time since last: 1000220290 ns, Reaching safepoint: 132637 ns, At safepoint: 4174 ns, Total: 136811 ns
[2020-05-16T10:35:56.649+0000][15960][safepoint    ] Safepoint "Cleanup", Time since last: 1000585275 ns, Reaching safepoint: 142377 ns, At safepoint: 9739 ns, Total: 152116 ns
[2020-05-16T10:35:57.650+0000][15960][safepoint    ] Safepoint "Cleanup", Time since last: 1000525913 ns, Reaching safepoint: 100174 ns, At safepoint: 4174 ns, Total: 104348 ns
[2020-05-16T10:35:58.651+0000][15960][safepoint    ] Safepoint "Cleanup", Time since last: 1000709565 ns, Reaching safepoint: 113159 ns, At safepoint: 4638 ns, Total: 117797 ns
[2020-05-16T10:35:59.651+0000][15960][safepoint    ] Safepoint "Cleanup", Time since last: 1000200347 ns, Reaching safepoint: 100638 ns, At safepoint: 6493 ns, Total: 107131 ns
[2020-05-16T10:36:00.651+0000][15960][safepoint    ] Safepoint "Cleanup", Time since last: 1000096000 ns, Reaching safepoint: 120579 ns, At safepoint: 4638 ns, Total: 125217 ns
[2020-05-16T10:36:01.652+0000][15960][safepoint    ] Safepoint "Cleanup", Time since last: 1000480000 ns, Reaching safepoint: 139130 ns, At safepoint: 5566 ns, Total: 144696 ns
[2020-05-16T10:36:03.652+0000][15960][safepoint    ] Safepoint "Cleanup", Time since last: 1999982840 ns, Reaching safepoint: 110377 ns, At safepoint: 4174 ns, Total: 114551 ns
[2020-05-16T10:36:04.652+0000][15960][safepoint    ] Safepoint "Cleanup", Time since last: 1000476753 ns, Reaching safepoint: 108058 ns, At safepoint: 3246 ns, Total: 111304 ns
[2020-05-16T10:36:05.653+0000][15960][safepoint    ] Safepoint "Cleanup", Time since last: 1000590377 ns, Reaching safepoint: 114551 ns, At safepoint: 4174 ns, Total: 118725 ns
[2020-05-16T10:36:06.653+0000][15960][safepoint    ] Safepoint "Cleanup", Time since last: 1000135420 ns, Reaching safepoint: 120579 ns, At safepoint: 4638 ns, Total: 125217 ns
[2020-05-16T10:36:08.654+0000][15960][safepoint    ] Safepoint "Cleanup", Time since last: 2000596869 ns, Reaching safepoint: 115942 ns, At safepoint: 4174 ns, Total: 120116 ns
[2020-05-16T10:36:10.654+0000][15960][safepoint    ] Safepoint "Cleanup", Time since last: 2000048696 ns, Reaching safepoint: 121971 ns, At safepoint: 6029 ns, Total: 128000 ns
[2020-05-16T10:36:11.655+0000][15960][safepoint    ] Safepoint "Cleanup", Time since last: 1000649739 ns, Reaching safepoint: 103884 ns, At safepoint: 6492 ns, Total: 110376 ns
[2020-05-16T10:36:12.656+0000][15960][safepoint    ] Safepoint "Cleanup", Time since last: 1000930783 ns, Reaching safepoint: 109913 ns, At safepoint: 4637 ns, Total: 114550 ns
[2020-05-16T10:36:13.657+0000][15960][safepoint    ] Safepoint "Cleanup", Time since last: 1000458203 ns, Reaching safepoint: 123362 ns, At safepoint: 4638 ns, Total: 128000 ns
[2020-05-16T10:36:15.657+0000][15960][safepoint    ] Safepoint "Cleanup", Time since last: 2000196638 ns, Reaching safepoint: 100637 ns, At safepoint: 4638 ns, Total: 105275 ns
[2020-05-16T10:36:16.658+0000][15960][safepoint    ] Safepoint "Cleanup", Time since last: 1000526840 ns, Reaching safepoint: 100174 ns, At safepoint: 5565 ns, Total: 105739 ns
[2020-05-16T10:36:17.658+0000][15960][safepoint    ] Safepoint "Cleanup", Time since last: 1000477681 ns, Reaching safepoint: 121044 ns, At safepoint: 6029 ns, Total: 127073 ns
[2020-05-16T10:36:18.659+0000][15960][safepoint    ] Safepoint "Cleanup", Time since last: 1000345507 ns, Reaching safepoint: 125681 ns, At safepoint: 6493 ns, Total: 132174 ns
[2020-05-16T10:36:19.659+0000][15960][safepoint    ] Safepoint "Cleanup", Time since last: 1000453565 ns, Reaching safepoint: 101565 ns, At safepoint: 4174 ns, Total: 105739 ns
[2020-05-16T10:36:20.660+0000][15960][safepoint    ] Safepoint "Cleanup", Time since last: 1000405333 ns, Reaching safepoint: 136811 ns, At safepoint: 4174 ns, Total: 140985 ns
[2020-05-16T10:36:21.660+0000][15960][safepoint    ] Safepoint "Cleanup", Time since last: 1000582029 ns, Reaching safepoint: 137275 ns, At safepoint: 6493 ns, Total: 143768 ns
[2020-05-16T10:36:22.661+0000][15960][safepoint    ] Safepoint "Cleanup", Time since last: 1000321391 ns, Reaching safepoint: 104348 ns, At safepoint: 5101 ns, Total: 109449 ns
[2020-05-16T10:36:23.661+0000][15960][safepoint    ] Safepoint "Cleanup", Time since last: 1000002783 ns, Reaching safepoint: 108522 ns, At safepoint: 4637 ns, Total: 113159 ns
[2020-05-16T10:36:25.661+0000][15960][safepoint    ] Safepoint "Cleanup", Time since last: 2000138667 ns, Reaching safepoint: 122435 ns, At safepoint: 4174 ns, Total: 126609 ns
[2020-05-16T10:36:27.662+0000][15960][safepoint    ] Safepoint "Cleanup", Time since last: 2000170202 ns, Reaching safepoint: 125218 ns, At safepoint: 4637 ns, Total: 129855 ns
[2020-05-16T10:36:28.662+0000][15960][safepoint    ] Safepoint "Cleanup", Time since last: 1000280116 ns, Reaching safepoint: 102493 ns, At safepoint: 6493 ns, Total: 108986 ns
[2020-05-16T10:36:29.663+0000][15960][safepoint    ] Safepoint "Cleanup", Time since last: 1000445681 ns, Reaching safepoint: 102492 ns, At safepoint: 5102 ns, Total: 107594 ns
[2020-05-16T10:36:30.663+0000][15960][safepoint    ] Safepoint "Cleanup", Time since last: 1000119188 ns, Reaching safepoint: 99710 ns, At safepoint: 4638 ns, Total: 104348 ns
[2020-05-16T10:36:31.664+0000][15960][safepoint    ] Safepoint "Cleanup", Time since last: 1000866318 ns, Reaching safepoint: 97855 ns, At safepoint: 6493 ns, Total: 104348 ns
[2020-05-16T10:36:32.664+0000][15960][safepoint    ] Safepoint "Cleanup", Time since last: 1000417391 ns, Reaching safepoint: 122899 ns, At safepoint: 4174 ns, Total: 127073 ns
[2020-05-16T10:36:34.664+0000][15960][safepoint    ] Safepoint "Cleanup", Time since last: 1999987478 ns, Reaching safepoint: 108985 ns, At safepoint: 16696 ns, Total: 125681 ns
[2020-05-16T10:36:35.665+0000][15960][safepoint    ] Safepoint "Cleanup", Time since last: 1000847768 ns, Reaching safepoint: 113623 ns, At safepoint: 8348 ns, Total: 121971 ns
[2020-05-16T10:36:36.666+0000][15960][safepoint    ] Safepoint "Cleanup", Time since last: 1000778202 ns, Reaching safepoint: 109449 ns, At safepoint: 5102 ns, Total: 114551 ns
[2020-05-16T10:36:37.666+0000][15960][safepoint    ] Safepoint "Cleanup", Time since last: 1000118725 ns, Reaching safepoint: 98318 ns, At safepoint: 4638 ns, Total: 102956 ns
[2020-05-16T10:36:38.667+0000][15960][safepoint    ] Safepoint "Cleanup", Time since last: 1000754550 ns, Reaching safepoint: 121971 ns, At safepoint: 6957 ns, Total: 128928 ns
[2020-05-16T10:36:39.668+0000][15960][safepoint    ] Safepoint "Cleanup", Time since last: 1000667362 ns, Reaching safepoint: 105275 ns, At safepoint: 4638 ns, Total: 109913 ns
[2020-05-16T10:36:41.668+0000][15960][safepoint    ] Safepoint "Cleanup", Time since last: 1999952696 ns, Reaching safepoint: 139130 ns, At safepoint: 6956 ns, Total: 146086 ns
[2020-05-16T10:36:42.668+0000][15960][safepoint    ] Safepoint "Cleanup", Time since last: 1000032000 ns, Reaching safepoint: 111768 ns, At safepoint: 4638 ns, Total: 116406 ns
[2020-05-16T10:36:43.669+0000][15960][safepoint    ] Safepoint "Cleanup", Time since last: 1000515246 ns, Reaching safepoint: 116406 ns, At safepoint: 6493 ns, Total: 122899 ns
[2020-05-16T10:36:44.669+0000][15960][safepoint    ] Safepoint "Cleanup", Time since last: 1000110377 ns, Reaching safepoint: 118724 ns, At safepoint: 4638 ns, Total: 123362 ns
[2020-05-16T10:36:45.670+0000][15960][safepoint    ] Safepoint "Cleanup", Time since last: 1000485101 ns, Reaching safepoint: 110841 ns, At safepoint: 4173 ns, Total: 115014 ns
[2020-05-16T10:36:46.670+0000][15960][safepoint    ] Safepoint "Cleanup", Time since last: 1000584812 ns, Reaching safepoint: 130782 ns, At safepoint: 4638 ns, Total: 135420 ns
[2020-05-16T10:36:47.671+0000][15960][safepoint    ] Safepoint "Cleanup", Time since last: 1000813449 ns, Reaching safepoint: 107594 ns, At safepoint: 5565 ns, Total: 113159 ns
[2020-05-16T10:36:48.672+0000][15960][safepoint    ] Safepoint "Cleanup", Time since last: 1000786551 ns, Reaching safepoint: 118724 ns, At safepoint: 4638 ns, Total: 123362 ns
[2020-05-16T10:36:49.673+0000][15960][safepoint    ] Safepoint "Cleanup", Time since last: 1000394203 ns, Reaching safepoint: 111768 ns, At safepoint: 5565 ns, Total: 117333 ns
[2020-05-16T10:36:50.673+0000][15960][safepoint    ] Safepoint "Cleanup", Time since last: 1000029217 ns, Reaching safepoint: 102957 ns, At safepoint: 4637 ns, Total: 107594 ns
[2020-05-16T10:36:51.674+0000][15960][safepoint    ] Safepoint "Cleanup", Time since last: 1000510609 ns, Reaching safepoint: 97391 ns, At safepoint: 4638 ns, Total: 102029 ns
[2020-05-16T10:36:52.675+0000][15960][safepoint    ] Safepoint "Cleanup", Time since last: 1000862144 ns, Reaching safepoint: 108986 ns, At safepoint: 6029 ns, Total: 115015 ns
[2020-05-16T10:36:53.675+0000][15960][safepoint    ] Safepoint "Cleanup", Time since last: 1000096927 ns, Reaching safepoint: 128928 ns, At safepoint: 7884 ns, Total: 136812 ns
[2020-05-16T10:36:54.676+0000][15960][safepoint    ] Safepoint "Cleanup", Time since last: 1000886724 ns, Reaching safepoint: 145623 ns, At safepoint: 5565 ns, Total: 151188 ns
[2020-05-16T10:36:56.676+0000][15960][safepoint    ] Safepoint "Cleanup", Time since last: 2000198957 ns, Reaching safepoint: 123362 ns, At safepoint: 6029 ns, Total: 129391 ns
[2020-05-16T10:36:57.677+0000][15960][safepoint    ] Safepoint "Cleanup", Time since last: 1000201739 ns, Reaching safepoint: 148406 ns, At safepoint: 6493 ns, Total: 154899 ns
[2020-05-16T10:36:58.677+0000][15960][safepoint    ] Safepoint "Cleanup", Time since last: 1000220289 ns, Reaching safepoint: 232812 ns, At safepoint: 5565 ns, Total: 238377 ns
[2020-05-16T10:36:59.678+0000][15960][safepoint    ] Safepoint "Cleanup", Time since last: 1000749449 ns, Reaching safepoint: 305623 ns, At safepoint: 7420 ns, Total: 313043 ns
[2020-05-16T10:37:01.547+0000][15960][safepoint    ] Safepoint "Cleanup", Time since last: 1869159481 ns, Reaching safepoint: 123362 ns, At safepoint: 4174 ns, Total: 127536 ns
[2020-05-16T10:37:02.548+0000][15960][safepoint    ] Safepoint "Cleanup", Time since last: 1000742029 ns, Reaching safepoint: 110841 ns, At safepoint: 6029 ns, Total: 116870 ns
[2020-05-16T10:37:03.549+0000][15960][safepoint    ] Safepoint "Cleanup", Time since last: 1000851941 ns, Reaching safepoint: 166493 ns, At safepoint: 6493 ns, Total: 172986 ns
[2020-05-16T10:37:04.550+0000][15960][safepoint    ] Safepoint "Cleanup", Time since last: 1001037448 ns, Reaching safepoint: 111768 ns, At safepoint: 6029 ns, Total: 117797 ns
[2020-05-16T10:37:05.551+0000][15960][safepoint    ] Safepoint "Cleanup", Time since last: 1000357566 ns, Reaching safepoint: 116405 ns, At safepoint: 6029 ns, Total: 122434 ns
[2020-05-16T10:37:06.552+0000][15960][safepoint    ] Safepoint "Cleanup", Time since last: 1000571362 ns, Reaching safepoint: 98319 ns, At safepoint: 4638 ns, Total: 102957 ns
[2020-05-16T10:37:07.552+0000][15960][safepoint    ] Safepoint "Cleanup", Time since last: 1000216116 ns, Reaching safepoint: 118260 ns, At safepoint: 4638 ns, Total: 122898 ns
[2020-05-16T10:37:08.553+0000][15960][safepoint    ] Safepoint "Cleanup", Time since last: 1000598724 ns, Reaching safepoint: 112232 ns, At safepoint: 4638 ns, Total: 116870 ns
[2020-05-16T10:37:09.553+0000][15960][safepoint    ] Safepoint "Cleanup", Time since last: 1000280116 ns, Reaching safepoint: 126608 ns, At safepoint: 6957 ns, Total: 133565 ns
[2020-05-16T10:37:10.554+0000][15960][safepoint    ] Safepoint "Cleanup", Time since last: 1000862144 ns, Reaching safepoint: 119653 ns, At safepoint: 4173 ns, Total: 123826 ns
[2020-05-16T10:37:11.554+0000][15960][safepoint    ] Safepoint "Cleanup", Time since last: 1000218899 ns, Reaching safepoint: 111304 ns, At safepoint: 4638 ns, Total: 115942 ns
[2020-05-16T10:37:12.555+0000][15960][safepoint    ] Safepoint "Cleanup", Time since last: 1000665507 ns, Reaching safepoint: 109449 ns, At safepoint: 5102 ns, Total: 114551 ns
[2020-05-16T10:37:13.555+0000][15960][safepoint    ] Safepoint "Cleanup", Time since last: 1000030608 ns, Reaching safepoint: 103884 ns, At safepoint: 4638 ns, Total: 108522 ns
[2020-05-16T10:37:14.556+0000][15960][safepoint    ] Safepoint "Cleanup", Time since last: 1000585275 ns, Reaching safepoint: 106203 ns, At safepoint: 3710 ns, Total: 109913 ns
[2020-05-16T10:37:15.556+0000][15960][safepoint    ] Safepoint "Cleanup", Time since last: 1000185043 ns, Reaching safepoint: 106667 ns, At safepoint: 4638 ns, Total: 111305 ns
[2020-05-16T10:37:16.557+0000][15960][safepoint    ] Safepoint "Cleanup", Time since last: 1000268985 ns, Reaching safepoint: 83015 ns, At safepoint: 3246 ns, Total: 86261 ns
[2020-05-16T10:37:17.558+0000][15960][safepoint    ] Safepoint "Cleanup", Time since last: 1000863999 ns, Reaching safepoint: 116406 ns, At safepoint: 2783 ns, Total: 119189 ns
[2020-05-16T10:37:18.558+0000][15960][safepoint    ] Safepoint "Cleanup", Time since last: 1000740173 ns, Reaching safepoint: 122435 ns, At safepoint: 4638 ns, Total: 127073 ns
[2020-05-16T10:37:19.559+0000][15960][safepoint    ] Safepoint "Cleanup", Time since last: 1000070956 ns, Reaching safepoint: 101102 ns, At safepoint: 4174 ns, Total: 105276 ns
[2020-05-16T10:37:20.559+0000][15960][safepoint    ] Safepoint "Cleanup", Time since last: 1000486956 ns, Reaching safepoint: 159536 ns, At safepoint: 6957 ns, Total: 166493 ns
[2020-05-16T10:37:21.560+0000][15960][safepoint    ] Safepoint "Cleanup", Time since last: 1000591767 ns, Reaching safepoint: 261566 ns, At safepoint: 15304 ns, Total: 276870 ns
[2020-05-16T10:37:22.561+0000][15960][safepoint    ] Safepoint "Cleanup", Time since last: 1000422029 ns, Reaching safepoint: 247188 ns, At safepoint: 6956 ns, Total: 254144 ns
[2020-05-16T10:37:23.561+0000][15960][safepoint    ] Safepoint "Cleanup", Time since last: 1000283363 ns, Reaching safepoint: 210550 ns, At safepoint: 6957 ns, Total: 217507 ns
[2020-05-16T10:37:24.562+0000][15960][safepoint    ] Safepoint "Cleanup", Time since last: 1000533797 ns, Reaching safepoint: 103884 ns, At safepoint: 4174 ns, Total: 108058 ns
[2020-05-16T10:37:25.563+0000][15960][safepoint    ] Safepoint "Cleanup", Time since last: 1000902492 ns, Reaching safepoint: 136348 ns, At safepoint: 6956 ns, Total: 143304 ns
[2020-05-16T10:37:26.563+0000][15960][safepoint    ] Safepoint "Cleanup", Time since last: 1000055652 ns, Reaching safepoint: 120116 ns, At safepoint: 4638 ns, Total: 124754 ns
[2020-05-16T10:37:27.564+0000][15960][safepoint    ] Safepoint "Cleanup", Time since last: 1000886260 ns, Reaching safepoint: 129855 ns, At safepoint: 4174 ns, Total: 134029 ns
[2020-05-16T10:37:29.565+0000][15960][safepoint    ] Safepoint "Cleanup", Time since last: 2000439652 ns, Reaching safepoint: 126145 ns, At safepoint: 4638 ns, Total: 130783 ns
[2020-05-16T10:37:30.565+0000][15960][safepoint    ] Safepoint "Cleanup", Time since last: 1000094145 ns, Reaching safepoint: 128463 ns, At safepoint: 6493 ns, Total: 134956 ns
[2020-05-16T10:37:31.578+0000][15960][safepoint    ] Safepoint "Cleanup", Time since last: 1013248458 ns, Reaching safepoint: 276869 ns, At safepoint: 14841 ns, Total: 291710 ns
[2020-05-16T10:37:32.579+0000][15960][safepoint    ] Safepoint "Cleanup", Time since last: 1000592695 ns, Reaching safepoint: 154435 ns, At safepoint: 6493 ns, Total: 160928 ns
[2020-05-16T10:37:34.580+0000][15960][safepoint    ] Safepoint "Cleanup", Time since last: 2000393275 ns, Reaching safepoint: 158145 ns, At safepoint: 8811 ns, Total: 166956 ns
[2020-05-16T10:37:35.580+0000][15960][safepoint    ] Safepoint "Cleanup", Time since last: 1000294957 ns, Reaching safepoint: 143304 ns, At safepoint: 7884 ns, Total: 151188 ns
[2020-05-16T10:37:36.581+0000][15960][safepoint    ] Safepoint "Cleanup", Time since last: 1000007884 ns, Reaching safepoint: 120116 ns, At safepoint: 4174 ns, Total: 124290 ns
[2020-05-16T10:37:37.581+0000][15960][safepoint    ] Safepoint "Cleanup", Time since last: 1000061681 ns, Reaching safepoint: 107130 ns, At safepoint: 4174 ns, Total: 111304 ns
[2020-05-16T10:37:39.581+0000][15960][safepoint    ] Safepoint "Cleanup", Time since last: 2000188754 ns, Reaching safepoint: 121043 ns, At safepoint: 4174 ns, Total: 125217 ns
[2020-05-16T10:37:40.582+0000][15960][safepoint    ] Safepoint "Cleanup", Time since last: 1000407188 ns, Reaching safepoint: 103421 ns, At safepoint: 6492 ns, Total: 109913 ns
[2020-05-16T10:37:41.582+0000][15960][safepoint    ] Safepoint "Cleanup", Time since last: 1000427131 ns, Reaching safepoint: 121043 ns, At safepoint: 4638 ns, Total: 125681 ns
[2020-05-16T10:37:43.506+0000][15960][safepoint    ] Safepoint "Cleanup", Time since last: 1923664731 ns, Reaching safepoint: 114087 ns, At safepoint: 4637 ns, Total: 118724 ns
[2020-05-16T10:37:44.506+0000][15960][safepoint    ] Safepoint "Cleanup", Time since last: 1000354783 ns, Reaching safepoint: 119188 ns, At safepoint: 4174 ns, Total: 123362 ns
[2020-05-16T10:37:45.540+0000][15960][safepoint    ] Safepoint "Cleanup", Time since last: 1000723478 ns, Reaching safepoint: 33441839 ns, At safepoint: 45450 ns, Total: 33487289 ns
[2020-05-16T10:37:46.541+0000][15960][safepoint    ] Safepoint "Cleanup", Time since last: 1000335768 ns, Reaching safepoint: 120579 ns, At safepoint: 4638 ns, Total: 125217 ns
[2020-05-16T10:37:47.541+0000][15960][safepoint    ] Safepoint "Cleanup", Time since last: 1000167420 ns, Reaching safepoint: 110377 ns, At safepoint: 5565 ns, Total: 115942 ns
[2020-05-16T10:37:48.542+0000][15960][safepoint    ] Safepoint "Cleanup", Time since last: 1000222145 ns, Reaching safepoint: 121971 ns, At safepoint: 4174 ns, Total: 126145 ns
[2020-05-16T10:37:49.542+0000][15960][safepoint    ] Safepoint "Cleanup", Time since last: 1000379826 ns, Reaching safepoint: 122898 ns, At safepoint: 4174 ns, Total: 127072 ns
[2020-05-16T10:37:50.543+0000][15960][safepoint    ] Safepoint "Cleanup", Time since last: 1000601043 ns, Reaching safepoint: 118261 ns, At safepoint: 4174 ns, Total: 122435 ns
[2020-05-16T10:37:51.543+0000][15960][safepoint    ] Safepoint "Cleanup", Time since last: 1000053797 ns, Reaching safepoint: 124754 ns, At safepoint: 6956 ns, Total: 131710 ns
[2020-05-16T10:37:52.543+0000][15960][safepoint    ] Safepoint "Cleanup", Time since last: 1000242087 ns, Reaching safepoint: 124290 ns, At safepoint: 6956 ns, Total: 131246 ns
[2020-05-16T10:37:54.544+0000][15960][safepoint    ] Safepoint "Cleanup", Time since last: 2000153971 ns, Reaching safepoint: 126145 ns, At safepoint: 6493 ns, Total: 132638 ns
[2020-05-16T10:37:56.544+0000][15960][safepoint    ] Safepoint "Cleanup", Time since last: 2000480927 ns, Reaching safepoint: 131710 ns, At safepoint: 6029 ns, Total: 137739 ns
[2020-05-16T10:37:57.545+0000][15960][safepoint    ] Safepoint "Cleanup", Time since last: 1000217044 ns, Reaching safepoint: 117797 ns, At safepoint: 6029 ns, Total: 123826 ns
[2020-05-16T10:37:58.545+0000][15960][safepoint    ] Safepoint "Cleanup", Time since last: 1000050087 ns, Reaching safepoint: 108058 ns, At safepoint: 6029 ns, Total: 114087 ns
[2020-05-16T10:38:00.605+0000][15960][safepoint    ] Safepoint "Cleanup", Time since last: 2000637681 ns, Reaching safepoint: 59029769 ns, At safepoint: 19942 ns, Total: 59049711 ns
[2020-05-16T10:38:01.925+0000][15960][safepoint    ] Safepoint "Cleanup", Time since last: 1320732141 ns, Reaching safepoint: 140986 ns, At safepoint: 6493 ns, Total: 147479 ns
[2020-05-16T10:38:02.926+0000][15960][safepoint    ] Safepoint "Cleanup", Time since last: 1000503188 ns, Reaching safepoint: 110376 ns, At safepoint: 6029 ns, Total: 116405 ns
[2020-05-16T10:38:03.926+0000][15960][safepoint    ] Safepoint "Cleanup", Time since last: 1000046841 ns, Reaching safepoint: 122899 ns, At safepoint: 4173 ns, Total: 127072 ns
[2020-05-16T10:38:04.927+0000][15960][safepoint    ] Safepoint "Cleanup", Time since last: 1000328348 ns, Reaching safepoint: 112232 ns, At safepoint: 4638 ns, Total: 116870 ns
[2020-05-16T10:38:05.927+0000][15960][safepoint    ] Safepoint "Cleanup", Time since last: 1000274086 ns, Reaching safepoint: 115015 ns, At safepoint: 6029 ns, Total: 121044 ns
[2020-05-16T10:38:06.927+0000][15960][safepoint    ] Safepoint "Cleanup", Time since last: 1000182724 ns, Reaching safepoint: 103421 ns, At safepoint: 4637 ns, Total: 108058 ns
[2020-05-16T10:38:07.928+0000][15960][safepoint    ] Safepoint "Cleanup", Time since last: 1000413681 ns, Reaching safepoint: 109450 ns, At safepoint: 4637 ns, Total: 114087 ns
[2020-05-16T10:38:08.928+0000][15960][safepoint    ] Safepoint "Cleanup", Time since last: 1000266203 ns, Reaching safepoint: 114551 ns, At safepoint: 4637 ns, Total: 119188 ns
[2020-05-16T10:38:09.929+0000][15960][safepoint    ] Safepoint "Cleanup", Time since last: 1000349681 ns, Reaching safepoint: 121971 ns, At safepoint: 4174 ns, Total: 126145 ns
[2020-05-16T10:38:10.929+0000][15960][safepoint    ] Safepoint "Cleanup", Time since last: 1000143768 ns, Reaching safepoint: 121507 ns, At safepoint: 4638 ns, Total: 126145 ns
[2020-05-16T10:38:11.930+0000][15960][safepoint    ] Safepoint "Cleanup", Time since last: 1000787014 ns, Reaching safepoint: 119652 ns, At safepoint: 4174 ns, Total: 123826 ns
[2020-05-16T10:38:13.930+0000][15960][safepoint    ] Safepoint "Cleanup", Time since last: 2000350609 ns, Reaching safepoint: 112232 ns, At safepoint: 4174 ns, Total: 116406 ns
[2020-05-16T10:38:14.931+0000][15960][safepoint    ] Safepoint "Cleanup", Time since last: 1000533796 ns, Reaching safepoint: 103421 ns, At safepoint: 4637 ns, Total: 108058 ns
[2020-05-16T10:38:15.932+0000][15960][safepoint    ] Safepoint "Cleanup", Time since last: 1000836638 ns, Reaching safepoint: 104347 ns, At safepoint: 4638 ns, Total: 108985 ns
[2020-05-16T10:38:16.932+0000][15960][safepoint    ] Safepoint "Cleanup", Time since last: 1000048696 ns, Reaching safepoint: 105275 ns, At safepoint: 5565 ns, Total: 110840 ns
[2020-05-16T10:38:17.933+0000][15960][safepoint    ] Safepoint "Cleanup", Time since last: 1000610783 ns, Reaching safepoint: 119652 ns, At safepoint: 4174 ns, Total: 123826 ns
[2020-05-16T10:38:18.933+0000][15960][safepoint    ] Safepoint "Cleanup", Time since last: 1000012058 ns, Reaching safepoint: 110840 ns, At safepoint: 4638 ns, Total: 115478 ns
[2020-05-16T10:38:19.934+0000][15960][safepoint    ] Safepoint "Cleanup", Time since last: 1000718840 ns, Reaching safepoint: 120116 ns, At safepoint: 6029 ns, Total: 126145 ns
[2020-05-16T10:38:20.934+0000][15960][safepoint    ] Safepoint "Cleanup", Time since last: 1000101101 ns, Reaching safepoint: 127073 ns, At safepoint: 6492 ns, Total: 133565 ns
[2020-05-16T10:38:22.935+0000][15960][safepoint    ] Safepoint "Cleanup", Time since last: 2000778667 ns, Reaching safepoint: 123362 ns, At safepoint: 4174 ns, Total: 127536 ns
[2020-05-16T10:38:23.935+0000][15960][safepoint    ] Safepoint "Cleanup", Time since last: 1000286145 ns, Reaching safepoint: 110840 ns, At safepoint: 4638 ns, Total: 115478 ns
[2020-05-16T10:38:24.936+0000][15960][safepoint    ] Safepoint "Cleanup", Time since last: 1000602898 ns, Reaching safepoint: 116870 ns, At safepoint: 4637 ns, Total: 121507 ns
[2020-05-16T10:38:25.936+0000][15960][safepoint    ] Safepoint "Cleanup", Time since last: 1000144696 ns, Reaching safepoint: 107594 ns, At safepoint: 4174 ns, Total: 111768 ns
[2020-05-16T10:38:26.937+0000][15960][safepoint    ] Safepoint "Cleanup", Time since last: 1000446145 ns, Reaching safepoint: 97391 ns, At safepoint: 4174 ns, Total: 101565 ns
[2020-05-16T10:38:27.938+0000][15960][safepoint    ] Safepoint "Cleanup", Time since last: 1000801855 ns, Reaching safepoint: 123826 ns, At safepoint: 6492 ns, Total: 130318 ns
[2020-05-16T10:38:28.939+0000][15960][safepoint    ] Safepoint "Cleanup", Time since last: 1000634899 ns, Reaching safepoint: 98318 ns, At safepoint: 4174 ns, Total: 102492 ns
[2020-05-16T10:38:29.939+0000][15960][safepoint    ] Safepoint "Cleanup", Time since last: 1000339015 ns, Reaching safepoint: 104347 ns, At safepoint: 4638 ns, Total: 108985 ns
[2020-05-16T10:38:30.939+0000][15960][safepoint    ] Safepoint "Cleanup", Time since last: 1000127536 ns, Reaching safepoint: 111305 ns, At safepoint: 4637 ns, Total: 115942 ns
[2020-05-16T10:38:31.940+0000][15960][safepoint    ] Safepoint "Cleanup", Time since last: 1000247189 ns, Reaching safepoint: 102029 ns, At safepoint: 6029 ns, Total: 108058 ns
[2020-05-16T10:38:32.940+0000][15960][safepoint    ] Safepoint "Cleanup", Time since last: 1000200811 ns, Reaching safepoint: 98319 ns, At safepoint: 4638 ns, Total: 102957 ns
[2020-05-16T10:38:34.940+0000][15960][safepoint    ] Safepoint "Cleanup", Time since last: 2000229101 ns, Reaching safepoint: 134029 ns, At safepoint: 7884 ns, Total: 141913 ns
[2020-05-16T10:38:35.941+0000][15960][safepoint    ] Safepoint "Cleanup", Time since last: 1000846840 ns, Reaching safepoint: 103420 ns, At safepoint: 4174 ns, Total: 107594 ns
[2020-05-16T10:38:36.942+0000][15960][safepoint    ] Safepoint "Cleanup", Time since last: 1000300522 ns, Reaching safepoint: 111304 ns, At safepoint: 5565 ns, Total: 116869 ns
[2020-05-16T10:38:37.942+0000][15960][safepoint    ] Safepoint "Cleanup", Time since last: 1000580638 ns, Reaching safepoint: 206376 ns, At safepoint: 6957 ns, Total: 213333 ns
[2020-05-16T10:38:38.943+0000][15960][safepoint    ] Safepoint "Cleanup", Time since last: 1000445217 ns, Reaching safepoint: 102493 ns, At safepoint: 6029 ns, Total: 108522 ns
[2020-05-16T10:38:39.943+0000][15960][safepoint    ] Safepoint "Cleanup", Time since last: 1000131710 ns, Reaching safepoint: 121971 ns, At safepoint: 4174 ns, Total: 126145 ns
[2020-05-16T10:38:41.943+0000][15960][safepoint    ] Safepoint "Cleanup", Time since last: 2000150261 ns, Reaching safepoint: 110840 ns, At safepoint: 4174 ns, Total: 115014 ns
[2020-05-16T10:38:43.944+0000][15960][safepoint    ] Safepoint "Cleanup", Time since last: 2000306087 ns, Reaching safepoint: 106666 ns, At safepoint: 4174 ns, Total: 110840 ns
[2020-05-16T10:38:44.945+0000][15960][safepoint    ] Safepoint "Cleanup", Time since last: 1000636754 ns, Reaching safepoint: 98782 ns, At safepoint: 2783 ns, Total: 101565 ns
[2020-05-16T10:38:45.945+0000][15960][safepoint    ] Safepoint "Cleanup", Time since last: 1000466550 ns, Reaching safepoint: 116406 ns, At safepoint: 4174 ns, Total: 120580 ns
[2020-05-16T10:38:46.946+0000][15960][safepoint    ] Safepoint "Cleanup", Time since last: 1000539362 ns, Reaching safepoint: 340406 ns, At safepoint: 7420 ns, Total: 347826 ns
[2020-05-16T10:38:47.946+0000][15960][safepoint    ] Safepoint "Cleanup", Time since last: 1000118725 ns, Reaching safepoint: 115014 ns, At safepoint: 6493 ns, Total: 121507 ns
[2020-05-16T10:38:49.946+0000][15960][safepoint    ] Safepoint "Cleanup", Time since last: 1999949449 ns, Reaching safepoint: 117797 ns, At safepoint: 4174 ns, Total: 121971 ns
[2020-05-16T10:38:50.947+0000][15960][safepoint    ] Safepoint "Cleanup", Time since last: 1000628406 ns, Reaching safepoint: 120579 ns, At safepoint: 6493 ns, Total: 127072 ns
[2020-05-16T10:38:52.948+0000][15960][safepoint    ] Safepoint "Cleanup", Time since last: 2000236058 ns, Reaching safepoint: 111768 ns, At safepoint: 4174 ns, Total: 115942 ns
[2020-05-16T10:38:53.948+0000][15960][safepoint    ] Safepoint "Cleanup", Time since last: 1000695652 ns, Reaching safepoint: 113623 ns, At safepoint: 6029 ns, Total: 119652 ns
[2020-05-16T10:38:54.949+0000][15960][safepoint    ] Safepoint "Cleanup", Time since last: 1000414608 ns, Reaching safepoint: 99247 ns, At safepoint: 5565 ns, Total: 104812 ns
[2020-05-16T10:38:55.949+0000][15960][safepoint    ] Safepoint "Cleanup", Time since last: 1000449855 ns, Reaching safepoint: 100174 ns, At safepoint: 4637 ns, Total: 104811 ns
[2020-05-16T10:38:56.950+0000][15960][safepoint    ] Safepoint "Cleanup", Time since last: 1000549565 ns, Reaching safepoint: 119189 ns, At safepoint: 4173 ns, Total: 123362 ns
[2020-05-16T10:38:57.951+0000][15960][safepoint    ] Safepoint "Cleanup", Time since last: 1000275015 ns, Reaching safepoint: 112232 ns, At safepoint: 4174 ns, Total: 116406 ns
[2020-05-16T10:38:58.951+0000][15960][safepoint    ] Safepoint "Cleanup", Time since last: 1000378898 ns, Reaching safepoint: 119652 ns, At safepoint: 4638 ns, Total: 124290 ns
[2020-05-16T10:38:59.952+0000][15960][safepoint    ] Safepoint "Cleanup", Time since last: 1000519884 ns, Reaching safepoint: 94608 ns, At safepoint: 4174 ns, Total: 98782 ns
[2020-05-16T10:39:00.952+0000][15960][safepoint    ] Safepoint "Cleanup", Time since last: 1000434551 ns, Reaching safepoint: 106666 ns, At safepoint: 4174 ns, Total: 110840 ns
[2020-05-16T10:39:01.952+0000][15960][safepoint    ] Safepoint "Cleanup", Time since last: 1000010667 ns, Reaching safepoint: 103884 ns, At safepoint: 4637 ns, Total: 108521 ns
[2020-05-16T10:39:02.953+0000][15960][safepoint    ] Safepoint "Cleanup", Time since last: 1000496232 ns, Reaching safepoint: 129391 ns, At safepoint: 4638 ns, Total: 134029 ns
[2020-05-16T10:39:03.953+0000][15960][safepoint    ] Safepoint "Cleanup", Time since last: 1000399768 ns, Reaching safepoint: 98319 ns, At safepoint: 4637 ns, Total: 102956 ns
[2020-05-16T10:39:04.954+0000][15960][safepoint    ] Safepoint "Cleanup", Time since last: 1000900174 ns, Reaching safepoint: 122435 ns, At safepoint: 20869 ns, Total: 143304 ns
[2020-05-16T10:39:05.955+0000][15960][safepoint    ] Safepoint "Cleanup", Time since last: 1000197102 ns, Reaching safepoint: 80695 ns, At safepoint: 3247 ns, Total: 83942 ns
[2020-05-16T10:39:06.955+0000][15960][safepoint    ] Safepoint "Cleanup", Time since last: 1000327883 ns, Reaching safepoint: 119189 ns, At safepoint: 4174 ns, Total: 123363 ns
[2020-05-16T10:39:07.956+0000][15960][safepoint    ] Safepoint "Cleanup", Time since last: 1000712347 ns, Reaching safepoint: 125681 ns, At safepoint: 7421 ns, Total: 133102 ns
[2020-05-16T10:39:08.956+0000][15960][safepoint    ] Safepoint "Cleanup", Time since last: 1000327884 ns, Reaching safepoint: 108985 ns, At safepoint: 4638 ns, Total: 113623 ns
[2020-05-16T10:39:09.957+0000][15960][safepoint    ] Safepoint "Cleanup", Time since last: 1000799536 ns, Reaching safepoint: 205449 ns, At safepoint: 49159 ns, Total: 254608 ns
[2020-05-16T10:39:10.958+0000][15960][safepoint    ] Safepoint "Cleanup", Time since last: 1000195246 ns, Reaching safepoint: 123826 ns, At safepoint: 4638 ns, Total: 128464 ns
[2020-05-16T10:39:11.959+0000][15960][safepoint    ] Safepoint "Cleanup", Time since last: 1000600116 ns, Reaching safepoint: 99710 ns, At safepoint: 4638 ns, Total: 104348 ns
[2020-05-16T10:39:12.959+0000][15960][safepoint    ] Safepoint "Cleanup", Time since last: 1000776811 ns, Reaching safepoint: 133565 ns, At safepoint: 6956 ns, Total: 140521 ns
[2020-05-16T10:39:13.969+0000][15960][safepoint    ] Safepoint "Cleanup", Time since last: 1009769735 ns, Reaching safepoint: 121971 ns, At safepoint: 7420 ns, Total: 129391 ns
[2020-05-16T10:39:14.970+0000][15960][safepoint    ] Safepoint "Cleanup", Time since last: 1000314899 ns, Reaching safepoint: 160463 ns, At safepoint: 57971 ns, Total: 218434 ns
[2020-05-16T10:39:15.970+0000][15960][safepoint    ] Safepoint "Cleanup", Time since last: 1000130783 ns, Reaching safepoint: 126609 ns, At safepoint: 7420 ns, Total: 134029 ns
[2020-05-16T10:39:16.970+0000][15960][safepoint    ] Safepoint "Cleanup", Time since last: 1000056580 ns, Reaching safepoint: 116869 ns, At safepoint: 5565 ns, Total: 122434 ns
[2020-05-16T10:39:17.971+0000][15960][safepoint    ] Safepoint "Cleanup", Time since last: 1000574145 ns, Reaching safepoint: 131246 ns, At safepoint: 6493 ns, Total: 137739 ns
[2020-05-16T10:39:18.972+0000][15960][safepoint    ] Safepoint "Cleanup", Time since last: 1000464232 ns, Reaching safepoint: 120579 ns, At safepoint: 6029 ns, Total: 126608 ns
[2020-05-16T10:39:19.972+0000][15960][safepoint    ] Safepoint "Cleanup", Time since last: 1000018087 ns, Reaching safepoint: 107594 ns, At safepoint: 6029 ns, Total: 113623 ns
[2020-05-16T10:39:20.972+0000][15960][safepoint    ] Safepoint "Cleanup", Time since last: 1000307942 ns, Reaching safepoint: 114087 ns, At safepoint: 6029 ns, Total: 120116 ns
[2020-05-16T10:39:21.973+0000][15960][safepoint    ] Safepoint "Cleanup", Time since last: 1000587130 ns, Reaching safepoint: 113623 ns, At safepoint: 6493 ns, Total: 120116 ns
[2020-05-16T10:39:22.973+0000][15960][safepoint    ] Safepoint "Cleanup", Time since last: 1000294493 ns, Reaching safepoint: 116406 ns, At safepoint: 4173 ns, Total: 120579 ns
[2020-05-16T10:39:23.974+0000][15960][safepoint    ] Safepoint "Cleanup", Time since last: 1000538899 ns, Reaching safepoint: 121971 ns, At safepoint: 6029 ns, Total: 128000 ns
[2020-05-16T10:39:24.975+0000][15960][safepoint    ] Safepoint "Cleanup", Time since last: 1000665507 ns, Reaching safepoint: 120116 ns, At safepoint: 6492 ns, Total: 126608 ns
[2020-05-16T10:39:25.975+0000][15960][safepoint    ] Safepoint "Cleanup", Time since last: 1000187363 ns, Reaching safepoint: 136811 ns, At safepoint: 9739 ns, Total: 146550 ns
[2020-05-16T10:39:26.976+0000][15960][safepoint    ] Safepoint "Cleanup", Time since last: 1000386319 ns, Reaching safepoint: 166956 ns, At safepoint: 7421 ns, Total: 174377 ns
[2020-05-16T10:39:27.977+0000][15960][safepoint    ] Safepoint "Cleanup", Time since last: 1000729970 ns, Reaching safepoint: 132174 ns, At safepoint: 4174 ns, Total: 136348 ns
[2020-05-16T10:39:28.977+0000][15960][safepoint    ] Safepoint "Cleanup", Time since last: 1000446145 ns, Reaching safepoint: 139594 ns, At safepoint: 4174 ns, Total: 143768 ns
[2020-05-16T10:39:29.978+0000][15960][safepoint    ] Safepoint "Cleanup", Time since last: 1000383536 ns, Reaching safepoint: 130319 ns, At safepoint: 6492 ns, Total: 136811 ns
[2020-05-16T10:39:30.978+0000][15960][safepoint    ] Safepoint "Cleanup", Time since last: 1000611710 ns, Reaching safepoint: 118725 ns, At safepoint: 4637 ns, Total: 123362 ns
[2020-05-16T10:39:32.979+0000][15960][safepoint    ] Safepoint "Cleanup", Time since last: 2000001856 ns, Reaching safepoint: 121971 ns, At safepoint: 4637 ns, Total: 126608 ns
[2020-05-16T10:39:33.979+0000][15960][safepoint    ] Safepoint "Cleanup", Time since last: 1000071884 ns, Reaching safepoint: 117333 ns, At safepoint: 4638 ns, Total: 121971 ns
[2020-05-16T10:39:34.979+0000][15960][safepoint    ] Safepoint "Cleanup", Time since last: 1000624232 ns, Reaching safepoint: 101101 ns, At safepoint: 4174 ns, Total: 105275 ns
[2020-05-16T10:39:35.980+0000][15960][safepoint    ] Safepoint "Cleanup", Time since last: 1000493913 ns, Reaching safepoint: 127072 ns, At safepoint: 6493 ns, Total: 133565 ns
[2020-05-16T10:39:36.981+0000][15960][safepoint    ] Safepoint "Cleanup", Time since last: 1000738319 ns, Reaching safepoint: 125681 ns, At safepoint: 4174 ns, Total: 129855 ns
[2020-05-16T10:39:37.982+0000][15960][safepoint    ] Safepoint "Cleanup", Time since last: 1000707246 ns, Reaching safepoint: 129391 ns, At safepoint: 6029 ns, Total: 135420 ns
[2020-05-16T10:39:38.982+0000][15960][safepoint    ] Safepoint "Cleanup", Time since last: 1000025043 ns, Reaching safepoint: 125218 ns, At safepoint: 4637 ns, Total: 129855 ns
[2020-05-16T10:39:39.983+0000][15960][safepoint    ] Safepoint "Cleanup", Time since last: 1000766145 ns, Reaching safepoint: 135884 ns, At safepoint: 4174 ns, Total: 140058 ns
[2020-05-16T10:39:40.983+0000][15960][safepoint    ] Safepoint "Cleanup", Time since last: 1000463768 ns, Reaching safepoint: 128000 ns, At safepoint: 4174 ns, Total: 132174 ns
[2020-05-16T10:39:41.984+0000][15960][safepoint    ] Safepoint "Cleanup", Time since last: 1000366376 ns, Reaching safepoint: 115015 ns, At safepoint: 4637 ns, Total: 119652 ns
[2020-05-16T10:39:42.984+0000][15960][safepoint    ] Safepoint "Cleanup", Time since last: 1000039884 ns, Reaching safepoint: 136348 ns, At safepoint: 4174 ns, Total: 140522 ns
[2020-05-16T10:39:43.985+0000][15960][safepoint    ] Safepoint "Cleanup", Time since last: 1000409971 ns, Reaching safepoint: 147478 ns, At safepoint: 9275 ns, Total: 156753 ns
[2020-05-16T10:39:45.990+0000][15960][safepoint    ] Safepoint "Cleanup", Time since last: 2000095537 ns, Reaching safepoint: 5151070 ns, At safepoint: 53797 ns, Total: 5204867 ns
[2020-05-16T10:39:47.480+0000][15960][safepoint    ] Safepoint "Cleanup", Time since last: 1489542265 ns, Reaching safepoint: 140986 ns, At safepoint: 6029 ns, Total: 147015 ns
[2020-05-16T10:39:48.480+0000][15960][safepoint    ] Safepoint "Cleanup", Time since last: 1000613101 ns, Reaching safepoint: 144232 ns, At safepoint: 6956 ns, Total: 151188 ns
[2020-05-16T10:39:49.481+0000][15960][safepoint    ] Safepoint "Cleanup", Time since last: 1000561160 ns, Reaching safepoint: 125681 ns, At safepoint: 4637 ns, Total: 130318 ns
[2020-05-16T10:39:50.047+0000][15960][gc,start     ] GC(38) Pause Young (Normal) (G1 Evacuation Pause)
[2020-05-16T10:39:50.047+0000][15960][gc,task      ] GC(38) Using 4 workers of 4 for evacuation
[2020-05-16T10:39:50.047+0000][15960][gc,age       ] GC(38) Desired survivor size 40370176 bytes, new threshold 15 (max threshold 15)
[2020-05-16T10:39:50.162+0000][15960][gc,age       ] GC(38) Age table with threshold 15 (max threshold 15)
[2020-05-16T10:39:50.162+0000][15960][gc,age       ] GC(38) - age   1:     118864 bytes,     118864 total
[2020-05-16T10:39:50.162+0000][15960][gc,age       ] GC(38) - age   2:        136 bytes,     119000 total
[2020-05-16T10:39:50.162+0000][15960][gc,age       ] GC(38) - age   3:     107360 bytes,     226360 total
[2020-05-16T10:39:50.162+0000][15960][gc,age       ] GC(38) - age   4:       1824 bytes,     228184 total
[2020-05-16T10:39:50.162+0000][15960][gc,age       ] GC(38) - age   5:        616 bytes,     228800 total
[2020-05-16T10:39:50.162+0000][15960][gc,age       ] GC(38) - age   6:       2216 bytes,     231016 total
[2020-05-16T10:39:50.162+0000][15960][gc,age       ] GC(38) - age   7:       1376 bytes,     232392 total
[2020-05-16T10:39:50.162+0000][15960][gc,age       ] GC(38) - age   8:       2112 bytes,     234504 total
[2020-05-16T10:39:50.162+0000][15960][gc,age       ] GC(38) - age   9:         64 bytes,     234568 total
[2020-05-16T10:39:50.162+0000][15960][gc,age       ] GC(38) - age  10:       6240 bytes,     240808 total
[2020-05-16T10:39:50.162+0000][15960][gc,age       ] GC(38) - age  11:       7424 bytes,     248232 total
[2020-05-16T10:39:50.162+0000][15960][gc,age       ] GC(38) - age  12:       6808 bytes,     255040 total
[2020-05-16T10:39:50.162+0000][15960][gc,age       ] GC(38) - age  13:       4896 bytes,     259936 total
[2020-05-16T10:39:50.162+0000][15960][gc,age       ] GC(38) - age  14:      39096 bytes,     299032 total
[2020-05-16T10:39:50.162+0000][15960][gc,age       ] GC(38) - age  15:     601224 bytes,     900256 total
[2020-05-16T10:39:50.162+0000][15960][gc,phases    ] GC(38)   Pre Evacuate Collection Set: 0.2ms
[2020-05-16T10:39:50.162+0000][15960][gc,phases    ] GC(38)   Merge Heap Roots: 0.1ms
[2020-05-16T10:39:50.162+0000][15960][gc,phases    ] GC(38)   Evacuate Collection Set: 78.8ms
[2020-05-16T10:39:50.162+0000][15960][gc,phases    ] GC(38)   Post Evacuate Collection Set: 2.0ms
[2020-05-16T10:39:50.163+0000][15960][gc,phases    ] GC(38)   Other: 34.8ms
[2020-05-16T10:39:50.163+0000][15960][gc,heap      ] GC(38) Eden regions: 613->0(613)
[2020-05-16T10:39:50.163+0000][15960][gc,heap      ] GC(38) Survivor regions: 1->1(77)
[2020-05-16T10:39:50.163+0000][15960][gc,heap      ] GC(38) Old regions: 71->71
[2020-05-16T10:39:50.163+0000][15960][gc,heap      ] GC(38) Archive regions: 0->0
[2020-05-16T10:39:50.163+0000][15960][gc,heap      ] GC(38) Humongous regions: 7->7
[2020-05-16T10:39:50.163+0000][15960][gc,metaspace ] GC(38) Metaspace: 97603K(105380K)->97603K(105380K) NonClass: 84799K(89432K)->84799K(89432K) Class: 12803K(15948K)->12803K(15948K)
[2020-05-16T10:39:50.163+0000][15960][gc           ] GC(38) Pause Young (Normal) (G1 Evacuation Pause) 691M->78M(1024M) 116.227ms
[2020-05-16T10:39:50.163+0000][15960][gc,cpu       ] GC(38) User=0.03s Sys=0.00s Real=0.12s
[2020-05-16T10:39:50.163+0000][15960][safepoint    ] Safepoint "G1CollectForAllocation", Time since last: 565926231 ns, Reaching safepoint: 147942 ns, At safepoint: 116446090 ns, Total: 116594032 ns
[2020-05-16T10:39:51.164+0000][15960][safepoint    ] Safepoint "Cleanup", Time since last: 1000315363 ns, Reaching safepoint: 111304 ns, At safepoint: 4638 ns, Total: 115942 ns
[2020-05-16T10:39:52.164+0000][15960][safepoint    ] Safepoint "Cleanup", Time since last: 1000181333 ns, Reaching safepoint: 133565 ns, At safepoint: 6493 ns, Total: 140058 ns
[2020-05-16T10:39:53.165+0000][15960][safepoint    ] Safepoint "Cleanup", Time since last: 1000492058 ns, Reaching safepoint: 119652 ns, At safepoint: 4174 ns, Total: 123826 ns
[2020-05-16T10:39:54.166+0000][15960][safepoint    ] Safepoint "Cleanup", Time since last: 1000601507 ns, Reaching safepoint: 125681 ns, At safepoint: 6029 ns, Total: 131710 ns
[2020-05-16T10:39:55.166+0000][15960][safepoint    ] Safepoint "Cleanup", Time since last: 1000518956 ns, Reaching safepoint: 141913 ns, At safepoint: 22725 ns, Total: 164638 ns
[2020-05-16T10:39:56.167+0000][15960][safepoint    ] Safepoint "Cleanup", Time since last: 1000773101 ns, Reaching safepoint: 109913 ns, At safepoint: 4637 ns, Total: 114550 ns
[2020-05-16T10:39:57.168+0000][15960][safepoint    ] Safepoint "Cleanup", Time since last: 1000483246 ns, Reaching safepoint: 115015 ns, At safepoint: 4174 ns, Total: 119189 ns
[2020-05-16T10:39:59.168+0000][15960][safepoint    ] Safepoint "Cleanup", Time since last: 2000312116 ns, Reaching safepoint: 124753 ns, At safepoint: 4638 ns, Total: 129391 ns
[2020-05-16T10:40:01.168+0000][15960][safepoint    ] Safepoint "Cleanup", Time since last: 2000008348 ns, Reaching safepoint: 124289 ns, At safepoint: 4174 ns, Total: 128463 ns
[2020-05-16T10:40:02.169+0000][15960][safepoint    ] Safepoint "Cleanup", Time since last: 1000292174 ns, Reaching safepoint: 115015 ns, At safepoint: 6029 ns, Total: 121044 ns
[2020-05-16T10:40:03.725+0000][15960][safepoint    ] Safepoint "Cleanup", Time since last: 1556207510 ns, Reaching safepoint: 103884 ns, At safepoint: 4637 ns, Total: 108521 ns
[2020-05-16T10:40:04.726+0000][15960][safepoint    ] Safepoint "Cleanup", Time since last: 1000774493 ns, Reaching safepoint: 116406 ns, At safepoint: 5565 ns, Total: 121971 ns
[2020-05-16T10:40:05.727+0000][15960][safepoint    ] Safepoint "Cleanup", Time since last: 1000362202 ns, Reaching safepoint: 114551 ns, At safepoint: 5102 ns, Total: 119653 ns
[2020-05-16T10:40:06.727+0000][15960][safepoint    ] Safepoint "Cleanup", Time since last: 1000229101 ns, Reaching safepoint: 102956 ns, At safepoint: 4174 ns, Total: 107130 ns
[2020-05-16T10:40:07.728+0000][15960][safepoint    ] Safepoint "Cleanup", Time since last: 1000522203 ns, Reaching safepoint: 117797 ns, At safepoint: 6029 ns, Total: 123826 ns
[2020-05-16T10:40:08.728+0000][15960][safepoint    ] Safepoint "Cleanup", Time since last: 1000288000 ns, Reaching safepoint: 98782 ns, At safepoint: 4638 ns, Total: 103420 ns
[2020-05-16T10:40:09.729+0000][15960][safepoint    ] Safepoint "Cleanup", Time since last: 1000746666 ns, Reaching safepoint: 128464 ns, At safepoint: 6493 ns, Total: 134957 ns
[2020-05-16T10:40:10.729+0000][15960][safepoint    ] Safepoint "Cleanup", Time since last: 1000367304 ns, Reaching safepoint: 99710 ns, At safepoint: 6493 ns, Total: 106203 ns
[2020-05-16T10:40:11.730+0000][15960][safepoint    ] Safepoint "Cleanup", Time since last: 1000477681 ns, Reaching safepoint: 130319 ns, At safepoint: 4174 ns, Total: 134493 ns
[2020-05-16T10:40:12.731+0000][15960][safepoint    ] Safepoint "Cleanup", Time since last: 1000685912 ns, Reaching safepoint: 108522 ns, At safepoint: 4638 ns, Total: 113160 ns
[2020-05-16T10:40:13.732+0000][15960][safepoint    ] Safepoint "Cleanup", Time since last: 1000798608 ns, Reaching safepoint: 126145 ns, At safepoint: 6493 ns, Total: 132638 ns
[2020-05-16T10:40:15.733+0000][15960][safepoint    ] Safepoint "Cleanup", Time since last: 2000854724 ns, Reaching safepoint: 113623 ns, At safepoint: 6029 ns, Total: 119652 ns
[2020-05-16T10:40:16.733+0000][15960][safepoint    ] Safepoint "Cleanup", Time since last: 1000432695 ns, Reaching safepoint: 103884 ns, At safepoint: 4174 ns, Total: 108058 ns
[2020-05-16T10:40:17.734+0000][15960][safepoint    ] Safepoint "Cleanup", Time since last: 1000273623 ns, Reaching safepoint: 134029 ns, At safepoint: 6957 ns, Total: 140986 ns
[2020-05-16T10:40:19.214+0000][15960][safepoint    ] Safepoint "Cleanup", Time since last: 1480772415 ns, Reaching safepoint: 115942 ns, At safepoint: 4173 ns, Total: 120115 ns
[2020-05-16T10:40:20.227+0000][15960][safepoint    ] Safepoint "Cleanup", Time since last: 1000421102 ns, Reaching safepoint: 12150255 ns, At safepoint: 13913 ns, Total: 12164168 ns
[2020-05-16T10:40:21.228+0000][15960][safepoint    ] Safepoint "Cleanup", Time since last: 1000798608 ns, Reaching safepoint: 128464 ns, At safepoint: 7420 ns, Total: 135884 ns
[2020-05-16T10:40:22.228+0000][15960][safepoint    ] Safepoint "Cleanup", Time since last: 1000055652 ns, Reaching safepoint: 111768 ns, At safepoint: 4638 ns, Total: 116406 ns
[2020-05-16T10:40:23.228+0000][15960][safepoint    ] Safepoint "Cleanup", Time since last: 1000187362 ns, Reaching safepoint: 120580 ns, At safepoint: 4638 ns, Total: 125218 ns
[2020-05-16T10:40:24.229+0000][15960][safepoint    ] Safepoint "Cleanup", Time since last: 1000345043 ns, Reaching safepoint: 111304 ns, At safepoint: 4174 ns, Total: 115478 ns
[2020-05-16T10:40:26.229+0000][15960][safepoint    ] Safepoint "Cleanup", Time since last: 2000010667 ns, Reaching safepoint: 121971 ns, At safepoint: 4638 ns, Total: 126609 ns
[2020-05-16T10:40:28.230+0000][15960][safepoint    ] Safepoint "Cleanup", Time since last: 2000492985 ns, Reaching safepoint: 113623 ns, At safepoint: 6493 ns, Total: 120116 ns
[2020-05-16T10:40:29.231+0000][15960][safepoint    ] Safepoint "Cleanup", Time since last: 1000683594 ns, Reaching safepoint: 123826 ns, At safepoint: 6492 ns, Total: 130318 ns
[2020-05-16T10:40:30.231+0000][15960][safepoint    ] Safepoint "Cleanup", Time since last: 1000151652 ns, Reaching safepoint: 104812 ns, At safepoint: 4638 ns, Total: 109450 ns
[2020-05-16T10:40:31.231+0000][15960][safepoint    ] Safepoint "Cleanup", Time since last: 1000206840 ns, Reaching safepoint: 96000 ns, At safepoint: 4638 ns, Total: 100638 ns
[2020-05-16T10:40:32.232+0000][15960][safepoint    ] Safepoint "Cleanup", Time since last: 1000290782 ns, Reaching safepoint: 102029 ns, At safepoint: 6493 ns, Total: 108522 ns
[2020-05-16T10:40:33.232+0000][15960][safepoint    ] Safepoint "Cleanup", Time since last: 1000289855 ns, Reaching safepoint: 119188 ns, At safepoint: 4638 ns, Total: 123826 ns
[2020-05-16T10:40:34.232+0000][15960][safepoint    ] Safepoint "Cleanup", Time since last: 1000276406 ns, Reaching safepoint: 101565 ns, At safepoint: 4174 ns, Total: 105739 ns
[2020-05-16T10:40:35.233+0000][15960][safepoint    ] Safepoint "Cleanup", Time since last: 1000339942 ns, Reaching safepoint: 126608 ns, At safepoint: 4638 ns, Total: 131246 ns
[2020-05-16T10:40:36.233+0000][15960][safepoint    ] Safepoint "Cleanup", Time since last: 1000071420 ns, Reaching safepoint: 166029 ns, At safepoint: 4174 ns, Total: 170203 ns
[2020-05-16T10:40:37.233+0000][15960][safepoint    ] Safepoint "Cleanup", Time since last: 1000303768 ns, Reaching safepoint: 119188 ns, At safepoint: 4174 ns, Total: 123362 ns
[2020-05-16T10:40:38.234+0000][15960][safepoint    ] Safepoint "Cleanup", Time since last: 1000284754 ns, Reaching safepoint: 110840 ns, At safepoint: 6029 ns, Total: 116869 ns
[2020-05-16T10:40:40.234+0000][15960][safepoint    ] Safepoint "Cleanup", Time since last: 2000552348 ns, Reaching safepoint: 121043 ns, At safepoint: 4174 ns, Total: 125217 ns
[2020-05-16T10:40:41.235+0000][15960][safepoint    ] Safepoint "Cleanup", Time since last: 1000182725 ns, Reaching safepoint: 111768 ns, At safepoint: 4637 ns, Total: 116405 ns
[2020-05-16T10:40:42.236+0000][15960][safepoint    ] Safepoint "Cleanup", Time since last: 1000648812 ns, Reaching safepoint: 124753 ns, At safepoint: 4174 ns, Total: 128927 ns
[2020-05-16T10:40:43.236+0000][15960][safepoint    ] Safepoint "Cleanup", Time since last: 1000608000 ns, Reaching safepoint: 168348 ns, At safepoint: 3710 ns, Total: 172058 ns
[2020-05-16T10:40:44.237+0000][15960][safepoint    ] Safepoint "Cleanup", Time since last: 1000742956 ns, Reaching safepoint: 111304 ns, At safepoint: 4638 ns, Total: 115942 ns
[2020-05-16T10:40:45.237+0000][15960][safepoint    ] Safepoint "Cleanup", Time since last: 1000035710 ns, Reaching safepoint: 123362 ns, At safepoint: 4174 ns, Total: 127536 ns
[2020-05-16T10:40:47.238+0000][15960][safepoint    ] Safepoint "Cleanup", Time since last: 2000120580 ns, Reaching safepoint: 120580 ns, At safepoint: 4173 ns, Total: 124753 ns
[2020-05-16T10:40:48.239+0000][15960][safepoint    ] Safepoint "Cleanup", Time since last: 1000746667 ns, Reaching safepoint: 122435 ns, At safepoint: 4637 ns, Total: 127072 ns
[2020-05-16T10:40:49.239+0000][15960][safepoint    ] Safepoint "Cleanup", Time since last: 1000369159 ns, Reaching safepoint: 116870 ns, At safepoint: 4638 ns, Total: 121508 ns
[2020-05-16T10:40:50.240+0000][15960][safepoint    ] Safepoint "Cleanup", Time since last: 1000487420 ns, Reaching safepoint: 124753 ns, At safepoint: 4174 ns, Total: 128927 ns
[2020-05-16T10:40:51.240+0000][15960][safepoint    ] Safepoint "Cleanup", Time since last: 1000163246 ns, Reaching safepoint: 146087 ns, At safepoint: 6957 ns, Total: 153044 ns
[2020-05-16T10:40:52.241+0000][15960][safepoint    ] Safepoint "Cleanup", Time since last: 1000719304 ns, Reaching safepoint: 113623 ns, At safepoint: 4174 ns, Total: 117797 ns
[2020-05-16T10:40:53.241+0000][15960][safepoint    ] Safepoint "Cleanup", Time since last: 1000304232 ns, Reaching safepoint: 103884 ns, At safepoint: 3246 ns, Total: 107130 ns
[2020-05-16T10:40:54.242+0000][15960][safepoint    ] Safepoint "Cleanup", Time since last: 1000692869 ns, Reaching safepoint: 120116 ns, At safepoint: 6029 ns, Total: 126145 ns
[2020-05-16T10:40:55.242+0000][15960][safepoint    ] Safepoint "Cleanup", Time since last: 1000266667 ns, Reaching safepoint: 282434 ns, At safepoint: 9276 ns, Total: 291710 ns
[2020-05-16T10:40:56.243+0000][15960][safepoint    ] Safepoint "Cleanup", Time since last: 1000711420 ns, Reaching safepoint: 118724 ns, At safepoint: 4174 ns, Total: 122898 ns
[2020-05-16T10:40:57.244+0000][15960][safepoint    ] Safepoint "Cleanup", Time since last: 1000093218 ns, Reaching safepoint: 228637 ns, At safepoint: 12058 ns, Total: 240695 ns
[2020-05-16T10:40:58.244+0000][15960][safepoint    ] Safepoint "Cleanup", Time since last: 1000237449 ns, Reaching safepoint: 96464 ns, At safepoint: 4638 ns, Total: 101102 ns
[2020-05-16T10:40:59.245+0000][15960][safepoint    ] Safepoint "Cleanup", Time since last: 1000434086 ns, Reaching safepoint: 99247 ns, At safepoint: 4637 ns, Total: 103884 ns
[2020-05-16T10:41:00.245+0000][15960][safepoint    ] Safepoint "Cleanup", Time since last: 1000258319 ns, Reaching safepoint: 115942 ns, At safepoint: 4638 ns, Total: 120580 ns
[2020-05-16T10:41:01.245+0000][15960][safepoint    ] Safepoint "Cleanup", Time since last: 1000041739 ns, Reaching safepoint: 125217 ns, At safepoint: 6957 ns, Total: 132174 ns
[2020-05-16T10:41:02.246+0000][15960][safepoint    ] Safepoint "Cleanup", Time since last: 1000787478 ns, Reaching safepoint: 102956 ns, At safepoint: 4174 ns, Total: 107130 ns
[2020-05-16T10:41:03.247+0000][15960][safepoint    ] Safepoint "Cleanup", Time since last: 1000469797 ns, Reaching safepoint: 196638 ns, At safepoint: 4637 ns, Total: 201275 ns
[2020-05-16T10:41:05.247+0000][15960][safepoint    ] Safepoint "Cleanup", Time since last: 2000038493 ns, Reaching safepoint: 117797 ns, At safepoint: 6956 ns, Total: 124753 ns
[2020-05-16T10:41:07.248+0000][15960][safepoint    ] Safepoint "Cleanup", Time since last: 2000595942 ns, Reaching safepoint: 139594 ns, At safepoint: 6029 ns, Total: 145623 ns
[2020-05-16T10:41:08.248+0000][15960][safepoint    ] Safepoint "Cleanup", Time since last: 1000371942 ns, Reaching safepoint: 117797 ns, At safepoint: 4174 ns, Total: 121971 ns
[2020-05-16T10:41:10.249+0000][15960][safepoint    ] Safepoint "Cleanup", Time since last: 2000313507 ns, Reaching safepoint: 113160 ns, At safepoint: 4174 ns, Total: 117334 ns
[2020-05-16T10:41:11.249+0000][15960][safepoint    ] Safepoint "Cleanup", Time since last: 1000511072 ns, Reaching safepoint: 118724 ns, At safepoint: 2783 ns, Total: 121507 ns
[2020-05-16T10:41:12.250+0000][15960][safepoint    ] Safepoint "Cleanup", Time since last: 1000626550 ns, Reaching safepoint: 94145 ns, At safepoint: 4174 ns, Total: 98319 ns
[2020-05-16T10:41:14.251+0000][15960][safepoint    ] Safepoint "Cleanup", Time since last: 2000959536 ns, Reaching safepoint: 127072 ns, At safepoint: 7421 ns, Total: 134493 ns
[2020-05-16T10:41:15.251+0000][15960][safepoint    ] Safepoint "Cleanup", Time since last: 1000104811 ns, Reaching safepoint: 121044 ns, At safepoint: 4637 ns, Total: 125681 ns
[2020-05-16T10:41:16.252+0000][15960][safepoint    ] Safepoint "Cleanup", Time since last: 1000143768 ns, Reaching safepoint: 98319 ns, At safepoint: 4638 ns, Total: 102957 ns
[2020-05-16T10:41:17.252+0000][15960][safepoint    ] Safepoint "Cleanup", Time since last: 1000800463 ns, Reaching safepoint: 105276 ns, At safepoint: 4637 ns, Total: 109913 ns
[2020-05-16T10:41:18.253+0000][15960][safepoint    ] Safepoint "Cleanup", Time since last: 1000802319 ns, Reaching safepoint: 135884 ns, At safepoint: 7884 ns, Total: 143768 ns
[2020-05-16T10:41:19.253+0000][15960][safepoint    ] Safepoint "Cleanup", Time since last: 1000070492 ns, Reaching safepoint: 127073 ns, At safepoint: 5101 ns, Total: 132174 ns
[2020-05-16T10:41:20.254+0000][15960][safepoint    ] Safepoint "Cleanup", Time since last: 1000475362 ns, Reaching safepoint: 122435 ns, At safepoint: 4174 ns, Total: 126609 ns
[2020-05-16T10:41:21.255+0000][15960][safepoint    ] Safepoint "Cleanup", Time since last: 1000655768 ns, Reaching safepoint: 110377 ns, At safepoint: 4637 ns, Total: 115014 ns
[2020-05-16T10:41:23.256+0000][15960][safepoint    ] Safepoint "Cleanup", Time since last: 2000959072 ns, Reaching safepoint: 125218 ns, At safepoint: 4174 ns, Total: 129392 ns
[2020-05-16T10:41:24.257+0000][15960][safepoint    ] Safepoint "Cleanup", Time since last: 1000791651 ns, Reaching safepoint: 121508 ns, At safepoint: 4637 ns, Total: 126145 ns
[2020-05-16T10:41:25.258+0000][15960][safepoint    ] Safepoint "Cleanup", Time since last: 1000684522 ns, Reaching safepoint: 121507 ns, At safepoint: 4174 ns, Total: 125681 ns
[2020-05-16T10:41:26.258+0000][15960][safepoint    ] Safepoint "Cleanup", Time since last: 1000615420 ns, Reaching safepoint: 111304 ns, At safepoint: 4638 ns, Total: 115942 ns
[2020-05-16T10:41:27.259+0000][15960][safepoint    ] Safepoint "Cleanup", Time since last: 1000706318 ns, Reaching safepoint: 166029 ns, At safepoint: 4174 ns, Total: 170203 ns
[2020-05-16T10:41:28.745+0000][15960][safepoint    ] Safepoint "Cleanup", Time since last: 1485790847 ns, Reaching safepoint: 99710 ns, At safepoint: 4638 ns, Total: 104348 ns
[2020-05-16T10:41:29.746+0000][15960][safepoint    ] Safepoint "Cleanup", Time since last: 1000399304 ns, Reaching safepoint: 111768 ns, At safepoint: 5102 ns, Total: 116870 ns
[2020-05-16T10:41:30.746+0000][15960][safepoint    ] Safepoint "Cleanup", Time since last: 1000187362 ns, Reaching safepoint: 109449 ns, At safepoint: 5102 ns, Total: 114551 ns
[2020-05-16T10:41:32.747+0000][15960][safepoint    ] Safepoint "Cleanup", Time since last: 2000798608 ns, Reaching safepoint: 126145 ns, At safepoint: 4174 ns, Total: 130319 ns
[2020-05-16T10:41:33.748+0000][15960][safepoint    ] Safepoint "Cleanup", Time since last: 1000816231 ns, Reaching safepoint: 108986 ns, At safepoint: 5101 ns, Total: 114087 ns
[2020-05-16T10:41:34.749+0000][15960][safepoint    ] Safepoint "Cleanup", Time since last: 1000969275 ns, Reaching safepoint: 140985 ns, At safepoint: 5566 ns, Total: 146551 ns
[2020-05-16T10:41:35.749+0000][15960][safepoint    ] Safepoint "Cleanup", Time since last: 1000075594 ns, Reaching safepoint: 105739 ns, At safepoint: 4638 ns, Total: 110377 ns
[2020-05-16T10:41:37.750+0000][15960][safepoint    ] Safepoint "Cleanup", Time since last: 2000199884 ns, Reaching safepoint: 98782 ns, At safepoint: 4174 ns, Total: 102956 ns
[2020-05-16T10:41:38.750+0000][15960][safepoint    ] Safepoint "Cleanup", Time since last: 1000828753 ns, Reaching safepoint: 115015 ns, At safepoint: 6029 ns, Total: 121044 ns
[2020-05-16T10:41:40.751+0000][15960][safepoint    ] Safepoint "Cleanup", Time since last: 2000550492 ns, Reaching safepoint: 121971 ns, At safepoint: 6493 ns, Total: 128464 ns
[2020-05-16T10:41:41.752+0000][15960][safepoint    ] Safepoint "Cleanup", Time since last: 1000666898 ns, Reaching safepoint: 101102 ns, At safepoint: 4173 ns, Total: 105275 ns
[2020-05-16T10:41:42.752+0000][15960][safepoint    ] Safepoint "Cleanup", Time since last: 1000301913 ns, Reaching safepoint: 111305 ns, At safepoint: 6029 ns, Total: 117334 ns
[2020-05-16T10:41:44.753+0000][15960][safepoint    ] Safepoint "Cleanup", Time since last: 2000393739 ns, Reaching safepoint: 100174 ns, At safepoint: 4173 ns, Total: 104347 ns
[2020-05-16T10:41:45.754+0000][15960][safepoint    ] Safepoint "Cleanup", Time since last: 1000665044 ns, Reaching safepoint: 113623 ns, At safepoint: 4174 ns, Total: 117797 ns
[2020-05-16T10:41:46.754+0000][15960][safepoint    ] Safepoint "Cleanup", Time since last: 1000580637 ns, Reaching safepoint: 120580 ns, At safepoint: 4174 ns, Total: 124754 ns
[2020-05-16T10:41:47.755+0000][15960][safepoint    ] Safepoint "Cleanup", Time since last: 1000488811 ns, Reaching safepoint: 116869 ns, At safepoint: 3247 ns, Total: 120116 ns
[2020-05-16T10:41:49.756+0000][15960][safepoint    ] Safepoint "Cleanup", Time since last: 2000622376 ns, Reaching safepoint: 105276 ns, At safepoint: 4637 ns, Total: 109913 ns
[2020-05-16T10:41:50.756+0000][15960][safepoint    ] Safepoint "Cleanup", Time since last: 1000243479 ns, Reaching safepoint: 119652 ns, At safepoint: 6492 ns, Total: 126144 ns
[2020-05-16T10:41:51.756+0000][15960][safepoint    ] Safepoint "Cleanup", Time since last: 1000061682 ns, Reaching safepoint: 122434 ns, At safepoint: 4638 ns, Total: 127072 ns
[2020-05-16T10:41:52.757+0000][15960][safepoint    ] Safepoint "Cleanup", Time since last: 1000595014 ns, Reaching safepoint: 119652 ns, At safepoint: 4638 ns, Total: 124290 ns
[2020-05-16T10:41:54.757+0000][15960][safepoint    ] Safepoint "Cleanup", Time since last: 2000336695 ns, Reaching safepoint: 114087 ns, At safepoint: 4638 ns, Total: 118725 ns
[2020-05-16T10:41:55.758+0000][15960][safepoint    ] Safepoint "Cleanup", Time since last: 1000589449 ns, Reaching safepoint: 146551 ns, At safepoint: 6029 ns, Total: 152580 ns
[2020-05-16T10:41:56.759+0000][15960][safepoint    ] Safepoint "Cleanup", Time since last: 1000465159 ns, Reaching safepoint: 96927 ns, At safepoint: 4638 ns, Total: 101565 ns
[2020-05-16T10:41:57.759+0000][15960][safepoint    ] Safepoint "Cleanup", Time since last: 1000246725 ns, Reaching safepoint: 156289 ns, At safepoint: 6493 ns, Total: 162782 ns
[2020-05-16T10:41:58.759+0000][15960][safepoint    ] Safepoint "Cleanup", Time since last: 1000043594 ns, Reaching safepoint: 173913 ns, At safepoint: 8812 ns, Total: 182725 ns
[2020-05-16T10:42:00.759+0000][15960][safepoint    ] Safepoint "Cleanup", Time since last: 1999965217 ns, Reaching safepoint: 112232 ns, At safepoint: 4174 ns, Total: 116406 ns
[2020-05-16T10:42:01.760+0000][15960][safepoint    ] Safepoint "Cleanup", Time since last: 1000116869 ns, Reaching safepoint: 125218 ns, At safepoint: 4174 ns, Total: 129392 ns
[2020-05-16T10:42:03.760+0000][15960][safepoint    ] Safepoint "Cleanup", Time since last: 2000556521 ns, Reaching safepoint: 112232 ns, At safepoint: 6029 ns, Total: 118261 ns
[2020-05-16T10:42:05.761+0000][15960][safepoint    ] Safepoint "Cleanup", Time since last: 2000871884 ns, Reaching safepoint: 121507 ns, At safepoint: 6493 ns, Total: 128000 ns
[2020-05-16T10:42:06.762+0000][15960][safepoint    ] Safepoint "Cleanup", Time since last: 1000743420 ns, Reaching safepoint: 113623 ns, At safepoint: 4174 ns, Total: 117797 ns
[2020-05-16T10:42:07.763+0000][15960][safepoint    ] Safepoint "Cleanup", Time since last: 1000715130 ns, Reaching safepoint: 108521 ns, At safepoint: 4638 ns, Total: 113159 ns
[2020-05-16T10:42:08.763+0000][15960][safepoint    ] Safepoint "Cleanup", Time since last: 1000209159 ns, Reaching safepoint: 124290 ns, At safepoint: 4174 ns, Total: 128464 ns
[2020-05-16T10:42:09.764+0000][15960][safepoint    ] Safepoint "Cleanup", Time since last: 1000761971 ns, Reaching safepoint: 129391 ns, At safepoint: 6957 ns, Total: 136348 ns
[2020-05-16T10:42:10.764+0000][15960][safepoint    ] Safepoint "Cleanup", Time since last: 1000013449 ns, Reaching safepoint: 122435 ns, At safepoint: 4637 ns, Total: 127072 ns
[2020-05-16T10:42:11.765+0000][15960][safepoint    ] Safepoint "Cleanup", Time since last: 1000516638 ns, Reaching safepoint: 114087 ns, At safepoint: 4173 ns, Total: 118260 ns
[2020-05-16T10:42:12.765+0000][15960][safepoint    ] Safepoint "Cleanup", Time since last: 1000245334 ns, Reaching safepoint: 141449 ns, At safepoint: 5101 ns, Total: 146550 ns
[2020-05-16T10:42:13.766+0000][15960][safepoint    ] Safepoint "Cleanup", Time since last: 1000785623 ns, Reaching safepoint: 126609 ns, At safepoint: 4637 ns, Total: 131246 ns
[2020-05-16T10:42:14.767+0000][15960][safepoint    ] Safepoint "Cleanup", Time since last: 1000604754 ns, Reaching safepoint: 101565 ns, At safepoint: 4638 ns, Total: 106203 ns
[2020-05-16T10:42:15.768+0000][15960][safepoint    ] Safepoint "Cleanup", Time since last: 1000563941 ns, Reaching safepoint: 134493 ns, At safepoint: 6957 ns, Total: 141450 ns
[2020-05-16T10:42:16.768+0000][15960][safepoint    ] Safepoint "Cleanup", Time since last: 1000156289 ns, Reaching safepoint: 127073 ns, At safepoint: 7884 ns, Total: 134957 ns
[2020-05-16T10:42:17.769+0000][15960][safepoint    ] Safepoint "Cleanup", Time since last: 1000401159 ns, Reaching safepoint: 133102 ns, At safepoint: 5101 ns, Total: 138203 ns
[2020-05-16T10:42:19.254+0000][15960][safepoint    ] Safepoint "Cleanup", Time since last: 1485137862 ns, Reaching safepoint: 112232 ns, At safepoint: 6493 ns, Total: 118725 ns
[2020-05-16T10:42:20.254+0000][15960][safepoint    ] Safepoint "Cleanup", Time since last: 1000140057 ns, Reaching safepoint: 121044 ns, At safepoint: 4174 ns, Total: 125218 ns
[2020-05-16T10:42:21.255+0000][15960][safepoint    ] Safepoint "Cleanup", Time since last: 1000344579 ns, Reaching safepoint: 134493 ns, At safepoint: 6493 ns, Total: 140986 ns
[2020-05-16T10:42:22.255+0000][15960][safepoint    ] Safepoint "Cleanup", Time since last: 1000549565 ns, Reaching safepoint: 113623 ns, At safepoint: 4638 ns, Total: 118261 ns
[2020-05-16T10:42:23.255+0000][15960][safepoint    ] Safepoint "Cleanup", Time since last: 1000094608 ns, Reaching safepoint: 112696 ns, At safepoint: 4637 ns, Total: 117333 ns
[2020-05-16T10:42:24.256+0000][15960][safepoint    ] Safepoint "Cleanup", Time since last: 1000094609 ns, Reaching safepoint: 122899 ns, At safepoint: 4637 ns, Total: 127536 ns
[2020-05-16T10:42:25.256+0000][15960][safepoint    ] Safepoint "Cleanup", Time since last: 1000127536 ns, Reaching safepoint: 130319 ns, At safepoint: 5565 ns, Total: 135884 ns
[2020-05-16T10:42:26.257+0000][15960][safepoint    ] Safepoint "Cleanup", Time since last: 1000695189 ns, Reaching safepoint: 127072 ns, At safepoint: 4174 ns, Total: 131246 ns
[2020-05-16T10:42:27.259+0000][15960][safepoint    ] Safepoint "Cleanup", Time since last: 1002309100 ns, Reaching safepoint: 177623 ns, At safepoint: 7884 ns, Total: 185507 ns
[2020-05-16T10:42:28.266+0000][15960][safepoint    ] Safepoint "Cleanup", Time since last: 1006627244 ns, Reaching safepoint: 112695 ns, At safepoint: 4638 ns, Total: 117333 ns
[2020-05-16T10:42:29.267+0000][15960][safepoint    ] Safepoint "Cleanup", Time since last: 1000853797 ns, Reaching safepoint: 104347 ns, At safepoint: 4174 ns, Total: 108521 ns
[2020-05-16T10:42:30.280+0000][15960][safepoint    ] Safepoint "Cleanup", Time since last: 1012840342 ns, Reaching safepoint: 190609 ns, At safepoint: 7884 ns, Total: 198493 ns
[2020-05-16T10:42:31.280+0000][15960][safepoint    ] Safepoint "Cleanup", Time since last: 1000148869 ns, Reaching safepoint: 150261 ns, At safepoint: 9739 ns, Total: 160000 ns
[2020-05-16T10:42:32.281+0000][15960][safepoint    ] Safepoint "Cleanup", Time since last: 1000595015 ns, Reaching safepoint: 101101 ns, At safepoint: 4174 ns, Total: 105275 ns
[2020-05-16T10:42:33.281+0000][15960][safepoint    ] Safepoint "Cleanup", Time since last: 1000103420 ns, Reaching safepoint: 133565 ns, At safepoint: 4638 ns, Total: 138203 ns
[2020-05-16T10:42:34.282+0000][15960][safepoint    ] Safepoint "Cleanup", Time since last: 1000246261 ns, Reaching safepoint: 121043 ns, At safepoint: 4174 ns, Total: 125217 ns
[2020-05-16T10:42:35.282+0000][15960][safepoint    ] Safepoint "Cleanup", Time since last: 1000475826 ns, Reaching safepoint: 116869 ns, At safepoint: 6029 ns, Total: 122898 ns
[2020-05-16T10:42:36.283+0000][15960][safepoint    ] Safepoint "Cleanup", Time since last: 1000877449 ns, Reaching safepoint: 118261 ns, At safepoint: 4174 ns, Total: 122435 ns
[2020-05-16T10:42:37.284+0000][15960][safepoint    ] Safepoint "Cleanup", Time since last: 1000245797 ns, Reaching safepoint: 123362 ns, At safepoint: 4174 ns, Total: 127536 ns
[2020-05-16T10:42:38.284+0000][15960][safepoint    ] Safepoint "Cleanup", Time since last: 1000375188 ns, Reaching safepoint: 108058 ns, At safepoint: 4174 ns, Total: 112232 ns
[2020-05-16T10:42:39.285+0000][15960][safepoint    ] Safepoint "Cleanup", Time since last: 1000687304 ns, Reaching safepoint: 123826 ns, At safepoint: 6493 ns, Total: 130319 ns
[2020-05-16T10:42:40.285+0000][15960][safepoint    ] Safepoint "Cleanup", Time since last: 1000286609 ns, Reaching safepoint: 116869 ns, At safepoint: 4638 ns, Total: 121507 ns
[2020-05-16T10:42:41.286+0000][15960][safepoint    ] Safepoint "Cleanup", Time since last: 1000182724 ns, Reaching safepoint: 121507 ns, At safepoint: 4638 ns, Total: 126145 ns
[2020-05-16T10:42:43.286+0000][15960][safepoint    ] Safepoint "Cleanup", Time since last: 2000339478 ns, Reaching safepoint: 118725 ns, At safepoint: 4638 ns, Total: 123363 ns
[2020-05-16T10:42:44.286+0000][15960][safepoint    ] Safepoint "Cleanup", Time since last: 1000200811 ns, Reaching safepoint: 100174 ns, At safepoint: 4638 ns, Total: 104812 ns
[2020-05-16T10:42:45.298+0000][15960][safepoint    ] Safepoint "Cleanup", Time since last: 1011440226 ns, Reaching safepoint: 113160 ns, At safepoint: 4173 ns, Total: 117333 ns
[2020-05-16T10:42:46.298+0000][15960][safepoint    ] Safepoint "Cleanup", Time since last: 1000435015 ns, Reaching safepoint: 130782 ns, At safepoint: 5102 ns, Total: 135884 ns
[2020-05-16T10:42:47.299+0000][15960][safepoint    ] Safepoint "Cleanup", Time since last: 1000439188 ns, Reaching safepoint: 101565 ns, At safepoint: 4638 ns, Total: 106203 ns
[2020-05-16T10:42:48.300+0000][15960][safepoint    ] Safepoint "Cleanup", Time since last: 1000688231 ns, Reaching safepoint: 123826 ns, At safepoint: 6493 ns, Total: 130319 ns
[2020-05-16T10:42:50.300+0000][15960][safepoint    ] Safepoint "Cleanup", Time since last: 2000089971 ns, Reaching safepoint: 119188 ns, At safepoint: 6957 ns, Total: 126145 ns
[2020-05-16T10:42:51.301+0000][15960][safepoint    ] Safepoint "Cleanup", Time since last: 1000649739 ns, Reaching safepoint: 129391 ns, At safepoint: 4638 ns, Total: 134029 ns
[2020-05-16T10:42:52.301+0000][15960][safepoint    ] Safepoint "Cleanup", Time since last: 1000060753 ns, Reaching safepoint: 112696 ns, At safepoint: 6029 ns, Total: 118725 ns
[2020-05-16T10:42:53.301+0000][15960][safepoint    ] Safepoint "Cleanup", Time since last: 1000137275 ns, Reaching safepoint: 106667 ns, At safepoint: 4637 ns, Total: 111304 ns
[2020-05-16T10:42:54.302+0000][15960][safepoint    ] Safepoint "Cleanup", Time since last: 1000632116 ns, Reaching safepoint: 98783 ns, At safepoint: 6492 ns, Total: 105275 ns
[2020-05-16T10:42:55.303+0000][15960][safepoint    ] Safepoint "Cleanup", Time since last: 1000852406 ns, Reaching safepoint: 121971 ns, At safepoint: 4637 ns, Total: 126608 ns
[2020-05-16T10:42:56.304+0000][15960][safepoint    ] Safepoint "Cleanup", Time since last: 1000363595 ns, Reaching safepoint: 111768 ns, At safepoint: 6029 ns, Total: 117797 ns
[2020-05-16T10:42:57.304+0000][15960][safepoint    ] Safepoint "Cleanup", Time since last: 1000447999 ns, Reaching safepoint: 112232 ns, At safepoint: 4174 ns, Total: 116406 ns
[2020-05-16T10:42:58.305+0000][15960][safepoint    ] Safepoint "Cleanup", Time since last: 1000756869 ns, Reaching safepoint: 99710 ns, At safepoint: 4638 ns, Total: 104348 ns
[2020-05-16T10:42:59.305+0000][15960][safepoint    ] Safepoint "Cleanup", Time since last: 1000150261 ns, Reaching safepoint: 105739 ns, At safepoint: 6029 ns, Total: 111768 ns
[2020-05-16T10:43:00.306+0000][15960][safepoint    ] Safepoint "Cleanup", Time since last: 1000754550 ns, Reaching safepoint: 121971 ns, At safepoint: 4638 ns, Total: 126609 ns
[2020-05-16T10:43:01.307+0000][15960][safepoint    ] Safepoint "Cleanup", Time since last: 1000675710 ns, Reaching safepoint: 122435 ns, At safepoint: 4637 ns, Total: 127072 ns
[2020-05-16T10:43:02.307+0000][15960][safepoint    ] Safepoint "Cleanup", Time since last: 1000081160 ns, Reaching safepoint: 119652 ns, At safepoint: 4174 ns, Total: 123826 ns
[2020-05-16T10:43:03.308+0000][15960][safepoint    ] Safepoint "Cleanup", Time since last: 1000597333 ns, Reaching safepoint: 122434 ns, At safepoint: 4174 ns, Total: 126608 ns
[2020-05-16T10:43:04.308+0000][15960][safepoint    ] Safepoint "Cleanup", Time since last: 1000381218 ns, Reaching safepoint: 100637 ns, At safepoint: 4638 ns, Total: 105275 ns
[2020-05-16T10:43:05.309+0000][15960][safepoint    ] Safepoint "Cleanup", Time since last: 1000528695 ns, Reaching safepoint: 121507 ns, At safepoint: 4638 ns, Total: 126145 ns
[2020-05-16T10:43:06.310+0000][15960][safepoint    ] Safepoint "Cleanup", Time since last: 1000471652 ns, Reaching safepoint: 128928 ns, At safepoint: 6029 ns, Total: 134957 ns
[2020-05-16T10:43:07.737+0000][15960][safepoint    ] Safepoint "Cleanup", Time since last: 1427285598 ns, Reaching safepoint: 126145 ns, At safepoint: 4174 ns, Total: 130319 ns
[2020-05-16T10:43:08.737+0000][15960][safepoint    ] Safepoint "Cleanup", Time since last: 1000228638 ns, Reaching safepoint: 100174 ns, At safepoint: 4174 ns, Total: 104348 ns
[2020-05-16T10:43:09.738+0000][15960][safepoint    ] Safepoint "Cleanup", Time since last: 1000870028 ns, Reaching safepoint: 125218 ns, At safepoint: 4637 ns, Total: 129855 ns
[2020-05-16T10:43:10.739+0000][15960][safepoint    ] Safepoint "Cleanup", Time since last: 1000093218 ns, Reaching safepoint: 109913 ns, At safepoint: 4637 ns, Total: 114550 ns
[2020-05-16T10:43:11.739+0000][15960][safepoint    ] Safepoint "Cleanup", Time since last: 1000649739 ns, Reaching safepoint: 120116 ns, At safepoint: 4638 ns, Total: 124754 ns
[2020-05-16T10:43:12.740+0000][15960][safepoint    ] Safepoint "Cleanup", Time since last: 1000649738 ns, Reaching safepoint: 119189 ns, At safepoint: 6493 ns, Total: 125682 ns
[2020-05-16T10:43:13.740+0000][15960][safepoint    ] Safepoint "Cleanup", Time since last: 1000106202 ns, Reaching safepoint: 101102 ns, At safepoint: 3246 ns, Total: 104348 ns
[2020-05-16T10:43:14.741+0000][15960][safepoint    ] Safepoint "Cleanup", Time since last: 1000575536 ns, Reaching safepoint: 121044 ns, At safepoint: 4637 ns, Total: 125681 ns
[2020-05-16T10:43:15.742+0000][15960][safepoint    ] Safepoint "Cleanup", Time since last: 1000705391 ns, Reaching safepoint: 102493 ns, At safepoint: 4174 ns, Total: 106667 ns
[2020-05-16T10:43:16.742+0000][15960][safepoint    ] Safepoint "Cleanup", Time since last: 1000169739 ns, Reaching safepoint: 84869 ns, At safepoint: 3247 ns, Total: 88116 ns
[2020-05-16T10:43:17.742+0000][15960][safepoint    ] Safepoint "Cleanup", Time since last: 1000052869 ns, Reaching safepoint: 109450 ns, At safepoint: 6029 ns, Total: 115479 ns
[2020-05-16T10:43:18.743+0000][15960][safepoint    ] Safepoint "Cleanup", Time since last: 1000471188 ns, Reaching safepoint: 146087 ns, At safepoint: 8347 ns, Total: 154434 ns
[2020-05-16T10:43:19.744+0000][15960][safepoint    ] Safepoint "Cleanup", Time since last: 1000720232 ns, Reaching safepoint: 101565 ns, At safepoint: 4638 ns, Total: 106203 ns
[2020-05-16T10:43:20.744+0000][15960][safepoint    ] Safepoint "Cleanup", Time since last: 1000047768 ns, Reaching safepoint: 107130 ns, At safepoint: 6493 ns, Total: 113623 ns
[2020-05-16T10:43:21.745+0000][15960][safepoint    ] Safepoint "Cleanup", Time since last: 1000687768 ns, Reaching safepoint: 110840 ns, At safepoint: 6957 ns, Total: 117797 ns
[2020-05-16T10:43:22.745+0000][15960][safepoint    ] Safepoint "Cleanup", Time since last: 1000545855 ns, Reaching safepoint: 98319 ns, At safepoint: 5101 ns, Total: 103420 ns
[2020-05-16T10:43:23.746+0000][15960][safepoint    ] Safepoint "Cleanup", Time since last: 1000562087 ns, Reaching safepoint: 109449 ns, At safepoint: 4174 ns, Total: 113623 ns
[2020-05-16T10:43:24.746+0000][15960][safepoint    ] Safepoint "Cleanup", Time since last: 1000016695 ns, Reaching safepoint: 127537 ns, At safepoint: 4174 ns, Total: 131711 ns
[2020-05-16T10:43:25.747+0000][15960][safepoint    ] Safepoint "Cleanup", Time since last: 1000659477 ns, Reaching safepoint: 121044 ns, At safepoint: 4174 ns, Total: 125218 ns
[2020-05-16T10:43:26.747+0000][15960][safepoint    ] Safepoint "Cleanup", Time since last: 1000320927 ns, Reaching safepoint: 105739 ns, At safepoint: 3710 ns, Total: 109449 ns
[2020-05-16T10:43:27.748+0000][15960][safepoint    ] Safepoint "Cleanup", Time since last: 1000042667 ns, Reaching safepoint: 107594 ns, At safepoint: 4638 ns, Total: 112232 ns
[2020-05-16T10:43:28.748+0000][15960][safepoint    ] Safepoint "Cleanup", Time since last: 1000240232 ns, Reaching safepoint: 97391 ns, At safepoint: 4638 ns, Total: 102029 ns
[2020-05-16T10:43:30.748+0000][15960][safepoint    ] Safepoint "Cleanup", Time since last: 1999945275 ns, Reaching safepoint: 100638 ns, At safepoint: 6492 ns, Total: 107130 ns
[2020-05-16T10:43:31.749+0000][15960][safepoint    ] Safepoint "Cleanup", Time since last: 1000616348 ns, Reaching safepoint: 113623 ns, At safepoint: 4638 ns, Total: 118261 ns
[2020-05-16T10:43:32.749+0000][15960][safepoint    ] Safepoint "Cleanup", Time since last: 1000016695 ns, Reaching safepoint: 140058 ns, At safepoint: 7884 ns, Total: 147942 ns
[2020-05-16T10:43:33.750+0000][15960][safepoint    ] Safepoint "Cleanup", Time since last: 1000682203 ns, Reaching safepoint: 102493 ns, At safepoint: 4174 ns, Total: 106667 ns
[2020-05-16T10:43:34.750+0000][15960][safepoint    ] Safepoint "Cleanup", Time since last: 1000041275 ns, Reaching safepoint: 141449 ns, At safepoint: 7420 ns, Total: 148869 ns
[2020-05-16T10:43:36.750+0000][15960][safepoint    ] Safepoint "Cleanup", Time since last: 2000170667 ns, Reaching safepoint: 157681 ns, At safepoint: 6493 ns, Total: 164174 ns
[2020-05-16T10:43:37.751+0000][15960][safepoint    ] Safepoint "Cleanup", Time since last: 1000555594 ns, Reaching safepoint: 123362 ns, At safepoint: 6029 ns, Total: 129391 ns
[2020-05-16T10:43:38.751+0000][15960][safepoint    ] Safepoint "Cleanup", Time since last: 1000424348 ns, Reaching safepoint: 127072 ns, At safepoint: 4638 ns, Total: 131710 ns
[2020-05-16T10:43:40.382+0000][15960][safepoint    ] Safepoint "Cleanup", Time since last: 1630543939 ns, Reaching safepoint: 130319 ns, At safepoint: 6956 ns, Total: 137275 ns
[2020-05-16T10:43:41.383+0000][15960][safepoint    ] Safepoint "Cleanup", Time since last: 1000623768 ns, Reaching safepoint: 135421 ns, At safepoint: 5101 ns, Total: 140522 ns
[2020-05-16T10:43:42.383+0000][15960][safepoint    ] Safepoint "Cleanup", Time since last: 1000370551 ns, Reaching safepoint: 135420 ns, At safepoint: 5101 ns, Total: 140521 ns
[2020-05-16T10:43:43.384+0000][15960][safepoint    ] Safepoint "Cleanup", Time since last: 1000646493 ns, Reaching safepoint: 117333 ns, At safepoint: 4174 ns, Total: 121507 ns
[2020-05-16T10:43:44.385+0000][15960][safepoint    ] Safepoint "Cleanup", Time since last: 1000702608 ns, Reaching safepoint: 110841 ns, At safepoint: 4174 ns, Total: 115015 ns
[2020-05-16T10:43:45.385+0000][15960][safepoint    ] Safepoint "Cleanup", Time since last: 1000349217 ns, Reaching safepoint: 115942 ns, At safepoint: 4174 ns, Total: 120116 ns
[2020-05-16T10:43:46.386+0000][15960][safepoint    ] Safepoint "Cleanup", Time since last: 1000536115 ns, Reaching safepoint: 96928 ns, At safepoint: 4174 ns, Total: 101102 ns
[2020-05-16T10:43:47.387+0000][15960][safepoint    ] Safepoint "Cleanup", Time since last: 1000579246 ns, Reaching safepoint: 133565 ns, At safepoint: 4638 ns, Total: 138203 ns
[2020-05-16T10:43:48.387+0000][15960][safepoint    ] Safepoint "Cleanup", Time since last: 1000065391 ns, Reaching safepoint: 119652 ns, At safepoint: 4174 ns, Total: 123826 ns
[2020-05-16T10:43:49.387+0000][15960][safepoint    ] Safepoint "Cleanup", Time since last: 1000302377 ns, Reaching safepoint: 121507 ns, At safepoint: 4174 ns, Total: 125681 ns
[2020-05-16T10:43:50.388+0000][15960][safepoint    ] Safepoint "Cleanup", Time since last: 1000467942 ns, Reaching safepoint: 110840 ns, At safepoint: 4174 ns, Total: 115014 ns
[2020-05-16T10:43:51.388+0000][15960][safepoint    ] Safepoint "Cleanup", Time since last: 1000123362 ns, Reaching safepoint: 113624 ns, At safepoint: 4173 ns, Total: 117797 ns
[2020-05-16T10:43:52.389+0000][15960][safepoint    ] Safepoint "Cleanup", Time since last: 1000268058 ns, Reaching safepoint: 104812 ns, At safepoint: 2782 ns, Total: 107594 ns
[2020-05-16T10:43:54.389+0000][15960][safepoint    ] Safepoint "Cleanup", Time since last: 2000146087 ns, Reaching safepoint: 132174 ns, At safepoint: 8348 ns, Total: 140522 ns
[2020-05-16T10:43:55.390+0000][15960][safepoint    ] Safepoint "Cleanup", Time since last: 1000810203 ns, Reaching safepoint: 133565 ns, At safepoint: 8348 ns, Total: 141913 ns
[2020-05-16T10:43:56.390+0000][15960][safepoint    ] Safepoint "Cleanup", Time since last: 1000175304 ns, Reaching safepoint: 135884 ns, At safepoint: 4637 ns, Total: 140521 ns
[2020-05-16T10:43:57.391+0000][15960][safepoint    ] Safepoint "Cleanup", Time since last: 1000616812 ns, Reaching safepoint: 113623 ns, At safepoint: 4638 ns, Total: 118261 ns
[2020-05-16T10:43:58.391+0000][15960][safepoint    ] Safepoint "Cleanup", Time since last: 1000042202 ns, Reaching safepoint: 139595 ns, At safepoint: 7884 ns, Total: 147479 ns
[2020-05-16T10:43:59.392+0000][15960][safepoint    ] Safepoint "Cleanup", Time since last: 1000762898 ns, Reaching safepoint: 119652 ns, At safepoint: 4638 ns, Total: 124290 ns
[2020-05-16T10:44:01.392+0000][15960][safepoint    ] Safepoint "Cleanup", Time since last: 2000001391 ns, Reaching safepoint: 116406 ns, At safepoint: 5565 ns, Total: 121971 ns
[2020-05-16T10:44:02.392+0000][15960][safepoint    ] Safepoint "Cleanup", Time since last: 1000130319 ns, Reaching safepoint: 115942 ns, At safepoint: 6029 ns, Total: 121971 ns
[2020-05-16T10:44:03.393+0000][15960][safepoint    ] Safepoint "Cleanup", Time since last: 1000399304 ns, Reaching safepoint: 102029 ns, At safepoint: 4174 ns, Total: 106203 ns
[2020-05-16T10:44:04.393+0000][15960][safepoint    ] Safepoint "Cleanup", Time since last: 1000105739 ns, Reaching safepoint: 112232 ns, At safepoint: 4173 ns, Total: 116405 ns
[2020-05-16T10:44:05.394+0000][15960][safepoint    ] Safepoint "Cleanup", Time since last: 1000500870 ns, Reaching safepoint: 101101 ns, At safepoint: 4638 ns, Total: 105739 ns
[2020-05-16T10:44:06.394+0000][15960][safepoint    ] Safepoint "Cleanup", Time since last: 1000513855 ns, Reaching safepoint: 100174 ns, At safepoint: 4637 ns, Total: 104811 ns
[2020-05-16T10:44:07.670+0000][15960][safepoint    ] Safepoint "Cleanup", Time since last: 1275684046 ns, Reaching safepoint: 129392 ns, At safepoint: 6956 ns, Total: 136348 ns
[2020-05-16T10:44:08.671+0000][15960][safepoint    ] Safepoint "Cleanup", Time since last: 1000345971 ns, Reaching safepoint: 110377 ns, At safepoint: 6492 ns, Total: 116869 ns
[2020-05-16T10:44:09.671+0000][15960][safepoint    ] Safepoint "Cleanup", Time since last: 1000054725 ns, Reaching safepoint: 135420 ns, At safepoint: 4174 ns, Total: 139594 ns
[2020-05-16T10:44:10.671+0000][15960][safepoint    ] Safepoint "Cleanup", Time since last: 1000093218 ns, Reaching safepoint: 112231 ns, At safepoint: 4638 ns, Total: 116869 ns
[2020-05-16T10:44:12.672+0000][15960][safepoint    ] Safepoint "Cleanup", Time since last: 2000657159 ns, Reaching safepoint: 119189 ns, At safepoint: 5101 ns, Total: 124290 ns
[2020-05-16T10:44:13.672+0000][15960][safepoint    ] Safepoint "Cleanup", Time since last: 1000121971 ns, Reaching safepoint: 104811 ns, At safepoint: 4174 ns, Total: 108985 ns
[2020-05-16T10:44:14.672+0000][15960][safepoint    ] Safepoint "Cleanup", Time since last: 1000120580 ns, Reaching safepoint: 101101 ns, At safepoint: 4638 ns, Total: 105739 ns
[2020-05-16T10:44:15.673+0000][15960][safepoint    ] Safepoint "Cleanup", Time since last: 1000246725 ns, Reaching safepoint: 129391 ns, At safepoint: 4638 ns, Total: 134029 ns
[2020-05-16T10:44:17.674+0000][15960][safepoint    ] Safepoint "Cleanup", Time since last: 2000932637 ns, Reaching safepoint: 121043 ns, At safepoint: 4638 ns, Total: 125681 ns
[2020-05-16T10:44:18.674+0000][15960][safepoint    ] Safepoint "Cleanup", Time since last: 1000394666 ns, Reaching safepoint: 107131 ns, At safepoint: 4637 ns, Total: 111768 ns
[2020-05-16T10:44:20.675+0000][15960][safepoint    ] Safepoint "Cleanup", Time since last: 2000506899 ns, Reaching safepoint: 113623 ns, At safepoint: 4174 ns, Total: 117797 ns
[2020-05-16T10:44:21.675+0000][15960][safepoint    ] Safepoint "Cleanup", Time since last: 1000226319 ns, Reaching safepoint: 129391 ns, At safepoint: 6493 ns, Total: 135884 ns
[2020-05-16T10:44:22.675+0000][15960][safepoint    ] Safepoint "Cleanup", Time since last: 1000003710 ns, Reaching safepoint: 103420 ns, At safepoint: 4174 ns, Total: 107594 ns
[2020-05-16T10:44:23.676+0000][15960][safepoint    ] Safepoint "Cleanup", Time since last: 1000787942 ns, Reaching safepoint: 162782 ns, At safepoint: 7884 ns, Total: 170666 ns
[2020-05-16T10:44:25.676+0000][15960][safepoint    ] Safepoint "Cleanup", Time since last: 2000019478 ns, Reaching safepoint: 119652 ns, At safepoint: 4638 ns, Total: 124290 ns
[2020-05-16T10:44:26.677+0000][15960][safepoint    ] Safepoint "Cleanup", Time since last: 1000494377 ns, Reaching safepoint: 123826 ns, At safepoint: 4637 ns, Total: 128463 ns
[2020-05-16T10:44:27.678+0000][15960][safepoint    ] Safepoint "Cleanup", Time since last: 1000745275 ns, Reaching safepoint: 106203 ns, At safepoint: 4638 ns, Total: 110841 ns
[2020-05-16T10:44:28.678+0000][15960][safepoint    ] Safepoint "Cleanup", Time since last: 1000251826 ns, Reaching safepoint: 106667 ns, At safepoint: 6492 ns, Total: 113159 ns
[2020-05-16T10:44:29.679+0000][15960][safepoint    ] Safepoint "Cleanup", Time since last: 1000825971 ns, Reaching safepoint: 101101 ns, At safepoint: 6029 ns, Total: 107130 ns
[2020-05-16T10:44:31.679+0000][15960][safepoint    ] Safepoint "Cleanup", Time since last: 2000170667 ns, Reaching safepoint: 103420 ns, At safepoint: 20870 ns, Total: 124290 ns
[2020-05-16T10:44:32.680+0000][15960][safepoint    ] Safepoint "Cleanup", Time since last: 1000600115 ns, Reaching safepoint: 363131 ns, At safepoint: 9275 ns, Total: 372406 ns
[2020-05-16T10:44:33.681+0000][15960][safepoint    ] Safepoint "Cleanup", Time since last: 1000632116 ns, Reaching safepoint: 98318 ns, At safepoint: 4638 ns, Total: 102956 ns
[2020-05-16T10:44:34.682+0000][15960][safepoint    ] Safepoint "Cleanup", Time since last: 1000799072 ns, Reaching safepoint: 105739 ns, At safepoint: 4174 ns, Total: 109913 ns
[2020-05-16T10:44:35.683+0000][15960][safepoint    ] Safepoint "Cleanup", Time since last: 1000847768 ns, Reaching safepoint: 108985 ns, At safepoint: 6493 ns, Total: 115478 ns
[2020-05-16T10:44:36.684+0000][15960][safepoint    ] Safepoint "Cleanup", Time since last: 1000787478 ns, Reaching safepoint: 101101 ns, At safepoint: 5566 ns, Total: 106667 ns
[2020-05-16T10:44:37.684+0000][15960][safepoint    ] Safepoint "Cleanup", Time since last: 1000122898 ns, Reaching safepoint: 117333 ns, At safepoint: 4638 ns, Total: 121971 ns
[2020-05-16T10:44:39.685+0000][15960][safepoint    ] Safepoint "Cleanup", Time since last: 2000635826 ns, Reaching safepoint: 107594 ns, At safepoint: 6029 ns, Total: 113623 ns
[2020-05-16T10:44:40.685+0000][15960][safepoint    ] Safepoint "Cleanup", Time since last: 1000258319 ns, Reaching safepoint: 101565 ns, At safepoint: 4174 ns, Total: 105739 ns
[2020-05-16T10:44:41.685+0000][15960][safepoint    ] Safepoint "Cleanup", Time since last: 1000016232 ns, Reaching safepoint: 99710 ns, At safepoint: 4638 ns, Total: 104348 ns
[2020-05-16T10:44:42.686+0000][15960][safepoint    ] Safepoint "Cleanup", Time since last: 1000821332 ns, Reaching safepoint: 123826 ns, At safepoint: 4638 ns, Total: 128464 ns
[2020-05-16T10:44:43.687+0000][15960][safepoint    ] Safepoint "Cleanup", Time since last: 1000716058 ns, Reaching safepoint: 97855 ns, At safepoint: 4638 ns, Total: 102493 ns
[2020-05-16T10:44:44.688+0000][15960][safepoint    ] Safepoint "Cleanup", Time since last: 1000877912 ns, Reaching safepoint: 121507 ns, At safepoint: 4174 ns, Total: 125681 ns
[2020-05-16T10:44:45.689+0000][15960][safepoint    ] Safepoint "Cleanup", Time since last: 1000844985 ns, Reaching safepoint: 105739 ns, At safepoint: 6493 ns, Total: 112232 ns
[2020-05-16T10:44:46.690+0000][15960][safepoint    ] Safepoint "Cleanup", Time since last: 1000493449 ns, Reaching safepoint: 98783 ns, At safepoint: 4637 ns, Total: 103420 ns
[2020-05-16T10:44:47.690+0000][15960][safepoint    ] Safepoint "Cleanup", Time since last: 1000095537 ns, Reaching safepoint: 143768 ns, At safepoint: 6492 ns, Total: 150260 ns
[2020-05-16T10:44:48.717+0000][15960][safepoint    ] Safepoint "Cleanup", Time since last: 1026937495 ns, Reaching safepoint: 186899 ns, At safepoint: 6029 ns, Total: 192928 ns
[2020-05-16T10:44:50.718+0000][15960][safepoint    ] Safepoint "Cleanup", Time since last: 2000637681 ns, Reaching safepoint: 121507 ns, At safepoint: 4174 ns, Total: 125681 ns
[2020-05-16T10:44:51.718+0000][15960][safepoint    ] Safepoint "Cleanup", Time since last: 1000052869 ns, Reaching safepoint: 102957 ns, At safepoint: 4174 ns, Total: 107131 ns
[2020-05-16T10:44:53.719+0000][15960][safepoint    ] Safepoint "Cleanup", Time since last: 2000686840 ns, Reaching safepoint: 105739 ns, At safepoint: 6493 ns, Total: 112232 ns
[2020-05-16T10:44:54.719+0000][15960][safepoint    ] Safepoint "Cleanup", Time since last: 1000111768 ns, Reaching safepoint: 99710 ns, At safepoint: 4638 ns, Total: 104348 ns
[2020-05-16T10:44:55.720+0000][15960][safepoint    ] Safepoint "Cleanup", Time since last: 1000402086 ns, Reaching safepoint: 112232 ns, At safepoint: 4174 ns, Total: 116406 ns
[2020-05-16T10:44:57.720+0000][15960][safepoint    ] Safepoint "Cleanup", Time since last: 2000655304 ns, Reaching safepoint: 121971 ns, At safepoint: 6493 ns, Total: 128464 ns
[2020-05-16T10:44:58.721+0000][15960][safepoint    ] Safepoint "Cleanup", Time since last: 1000747594 ns, Reaching safepoint: 110840 ns, At safepoint: 4174 ns, Total: 115014 ns
[2020-05-16T10:44:59.722+0000][15960][safepoint    ] Safepoint "Cleanup", Time since last: 1000654377 ns, Reaching safepoint: 102956 ns, At safepoint: 4638 ns, Total: 107594 ns
[2020-05-16T10:45:00.722+0000][15960][safepoint    ] Safepoint "Cleanup", Time since last: 1000493449 ns, Reaching safepoint: 122898 ns, At safepoint: 6493 ns, Total: 129391 ns
[2020-05-16T10:45:01.723+0000][15960][safepoint    ] Safepoint "Cleanup", Time since last: 1000169739 ns, Reaching safepoint: 99710 ns, At safepoint: 4638 ns, Total: 104348 ns
[2020-05-16T10:45:03.724+0000][15960][safepoint    ] Safepoint "Cleanup", Time since last: 2000845449 ns, Reaching safepoint: 96927 ns, At safepoint: 4638 ns, Total: 101565 ns
[2020-05-16T10:45:04.724+0000][15960][safepoint    ] Safepoint "Cleanup", Time since last: 1000137275 ns, Reaching safepoint: 103420 ns, At safepoint: 4174 ns, Total: 107594 ns
[2020-05-16T10:45:05.725+0000][15960][safepoint    ] Safepoint "Cleanup", Time since last: 1000746667 ns, Reaching safepoint: 116869 ns, At safepoint: 4174 ns, Total: 121043 ns
[2020-05-16T10:45:06.726+0000][15960][safepoint    ] Safepoint "Cleanup", Time since last: 1000737855 ns, Reaching safepoint: 115942 ns, At safepoint: 4174 ns, Total: 120116 ns
[2020-05-16T10:45:07.726+0000][15960][safepoint    ] Safepoint "Cleanup", Time since last: 1000283826 ns, Reaching safepoint: 207304 ns, At safepoint: 6029 ns, Total: 213333 ns
[2020-05-16T10:45:08.727+0000][15960][safepoint    ] Safepoint "Cleanup", Time since last: 1000725333 ns, Reaching safepoint: 97855 ns, At safepoint: 4174 ns, Total: 102029 ns
[2020-05-16T10:45:09.728+0000][15960][safepoint    ] Safepoint "Cleanup", Time since last: 1000563942 ns, Reaching safepoint: 115014 ns, At safepoint: 4638 ns, Total: 119652 ns
[2020-05-16T10:45:10.728+0000][15960][safepoint    ] Safepoint "Cleanup", Time since last: 1000620985 ns, Reaching safepoint: 108522 ns, At safepoint: 4637 ns, Total: 113159 ns
[2020-05-16T10:45:11.729+0000][15960][safepoint    ] Safepoint "Cleanup", Time since last: 1000398377 ns, Reaching safepoint: 117333 ns, At safepoint: 4638 ns, Total: 121971 ns
[2020-05-16T10:45:12.730+0000][15960][safepoint    ] Safepoint "Cleanup", Time since last: 1000779594 ns, Reaching safepoint: 181797 ns, At safepoint: 37101 ns, Total: 218898 ns
[2020-05-16T10:45:13.730+0000][15960][safepoint    ] Safepoint "Cleanup", Time since last: 1000280580 ns, Reaching safepoint: 113623 ns, At safepoint: 4174 ns, Total: 117797 ns
[2020-05-16T10:45:14.731+0000][15960][safepoint    ] Safepoint "Cleanup", Time since last: 1000564869 ns, Reaching safepoint: 110377 ns, At safepoint: 4174 ns, Total: 114551 ns
[2020-05-16T10:45:15.732+0000][15960][safepoint    ] Safepoint "Cleanup", Time since last: 1000829217 ns, Reaching safepoint: 101101 ns, At safepoint: 4638 ns, Total: 105739 ns
[2020-05-16T10:45:16.733+0000][15960][safepoint    ] Safepoint "Cleanup", Time since last: 1000431304 ns, Reaching safepoint: 107594 ns, At safepoint: 4638 ns, Total: 112232 ns
[2020-05-16T10:45:17.733+0000][15960][safepoint    ] Safepoint "Cleanup", Time since last: 1000277333 ns, Reaching safepoint: 111768 ns, At safepoint: 5102 ns, Total: 116870 ns
[2020-05-16T10:45:18.734+0000][15960][safepoint    ] Safepoint "Cleanup", Time since last: 1000693333 ns, Reaching safepoint: 106666 ns, At safepoint: 4638 ns, Total: 111304 ns
[2020-05-16T10:45:19.734+0000][15960][safepoint    ] Safepoint "Cleanup", Time since last: 1000267594 ns, Reaching safepoint: 137275 ns, At safepoint: 4174 ns, Total: 141449 ns
[2020-05-16T10:45:20.735+0000][15960][safepoint    ] Safepoint "Cleanup", Time since last: 1000717449 ns, Reaching safepoint: 135884 ns, At safepoint: 6957 ns, Total: 142841 ns
[2020-05-16T10:45:21.736+0000][15960][safepoint    ] Safepoint "Cleanup", Time since last: 1000538434 ns, Reaching safepoint: 105275 ns, At safepoint: 4174 ns, Total: 109449 ns
[2020-05-16T10:45:22.736+0000][15960][safepoint    ] Safepoint "Cleanup", Time since last: 1000247189 ns, Reaching safepoint: 117333 ns, At safepoint: 5565 ns, Total: 122898 ns
[2020-05-16T10:45:23.736+0000][15960][safepoint    ] Safepoint "Cleanup", Time since last: 1000153507 ns, Reaching safepoint: 131247 ns, At safepoint: 4174 ns, Total: 135421 ns
[2020-05-16T10:45:24.736+0000][15960][safepoint    ] Safepoint "Cleanup", Time since last: 1000050550 ns, Reaching safepoint: 119652 ns, At safepoint: 4174 ns, Total: 123826 ns
[2020-05-16T10:45:25.737+0000][15960][safepoint    ] Safepoint "Cleanup", Time since last: 1000005566 ns, Reaching safepoint: 110840 ns, At safepoint: 4638 ns, Total: 115478 ns
[2020-05-16T10:45:26.737+0000][15960][safepoint    ] Safepoint "Cleanup", Time since last: 1000269449 ns, Reaching safepoint: 181333 ns, At safepoint: 3710 ns, Total: 185043 ns
[2020-05-16T10:45:28.738+0000][15960][safepoint    ] Safepoint "Cleanup", Time since last: 2000614493 ns, Reaching safepoint: 109913 ns, At safepoint: 4637 ns, Total: 114550 ns
[2020-05-16T10:45:29.738+0000][15960][safepoint    ] Safepoint "Cleanup", Time since last: 1000266667 ns, Reaching safepoint: 121971 ns, At safepoint: 4174 ns, Total: 126145 ns
[2020-05-16T10:45:30.739+0000][15960][safepoint    ] Safepoint "Cleanup", Time since last: 1000211014 ns, Reaching safepoint: 107594 ns, At safepoint: 4174 ns, Total: 111768 ns
[2020-05-16T10:45:31.739+0000][15960][safepoint    ] Safepoint "Cleanup", Time since last: 1000007421 ns, Reaching safepoint: 121971 ns, At safepoint: 4173 ns, Total: 126144 ns
[2020-05-16T10:45:32.739+0000][15960][safepoint    ] Safepoint "Cleanup", Time since last: 1000041276 ns, Reaching safepoint: 135884 ns, At safepoint: 5565 ns, Total: 141449 ns
[2020-05-16T10:45:33.740+0000][15960][safepoint    ] Safepoint "Cleanup", Time since last: 1000643246 ns, Reaching safepoint: 121043 ns, At safepoint: 4638 ns, Total: 125681 ns
[2020-05-16T10:45:34.740+0000][15960][safepoint    ] Safepoint "Cleanup", Time since last: 1000644638 ns, Reaching safepoint: 125217 ns, At safepoint: 4174 ns, Total: 129391 ns
[2020-05-16T10:45:35.741+0000][15960][safepoint    ] Safepoint "Cleanup", Time since last: 1000770318 ns, Reaching safepoint: 100174 ns, At safepoint: 5102 ns, Total: 105276 ns
[2020-05-16T10:45:36.742+0000][15960][safepoint    ] Safepoint "Cleanup", Time since last: 1000922434 ns, Reaching safepoint: 107594 ns, At safepoint: 4638 ns, Total: 112232 ns
[2020-05-16T10:45:37.743+0000][15960][safepoint    ] Safepoint "Cleanup", Time since last: 1000803246 ns, Reaching safepoint: 141449 ns, At safepoint: 6493 ns, Total: 147942 ns
[2020-05-16T10:45:38.743+0000][15960][safepoint    ] Safepoint "Cleanup", Time since last: 1000047768 ns, Reaching safepoint: 101565 ns, At safepoint: 4638 ns, Total: 106203 ns
[2020-05-16T10:45:39.744+0000][15960][safepoint    ] Safepoint "Cleanup", Time since last: 1000454028 ns, Reaching safepoint: 95537 ns, At safepoint: 4637 ns, Total: 100174 ns
[2020-05-16T10:45:40.745+0000][15960][safepoint    ] Safepoint "Cleanup", Time since last: 1000479536 ns, Reaching safepoint: 112232 ns, At safepoint: 4638 ns, Total: 116870 ns
[2020-05-16T10:45:42.745+0000][15960][safepoint    ] Safepoint "Cleanup", Time since last: 2000611246 ns, Reaching safepoint: 234203 ns, At safepoint: 7884 ns, Total: 242087 ns
[2020-05-16T10:45:43.746+0000][15960][safepoint    ] Safepoint "Cleanup", Time since last: 1000675246 ns, Reaching safepoint: 87652 ns, At safepoint: 4174 ns, Total: 91826 ns
[2020-05-16T10:45:44.747+0000][15960][safepoint    ] Safepoint "Cleanup", Time since last: 1000768463 ns, Reaching safepoint: 109450 ns, At safepoint: 4637 ns, Total: 114087 ns
[2020-05-16T10:45:45.748+0000][15960][safepoint    ] Safepoint "Cleanup", Time since last: 1000588058 ns, Reaching safepoint: 102956 ns, At safepoint: 4638 ns, Total: 107594 ns
[2020-05-16T10:45:46.749+0000][15960][safepoint    ] Safepoint "Cleanup", Time since last: 1000633507 ns, Reaching safepoint: 108985 ns, At safepoint: 4174 ns, Total: 113159 ns
[2020-05-16T10:45:47.749+0000][15960][safepoint    ] Safepoint "Cleanup", Time since last: 1000089044 ns, Reaching safepoint: 134956 ns, At safepoint: 5102 ns, Total: 140058 ns
[2020-05-16T10:45:48.749+0000][15960][safepoint    ] Safepoint "Cleanup", Time since last: 1000056116 ns, Reaching safepoint: 104347 ns, At safepoint: 4638 ns, Total: 108985 ns
[2020-05-16T10:45:49.749+0000][15960][safepoint    ] Safepoint "Cleanup", Time since last: 1000373797 ns, Reaching safepoint: 106203 ns, At safepoint: 4638 ns, Total: 110841 ns
[2020-05-16T10:45:50.750+0000][15960][safepoint    ] Safepoint "Cleanup", Time since last: 1000476289 ns, Reaching safepoint: 144696 ns, At safepoint: 7420 ns, Total: 152116 ns
[2020-05-16T10:45:51.751+0000][15960][safepoint    ] Safepoint "Cleanup", Time since last: 1000510609 ns, Reaching safepoint: 114086 ns, At safepoint: 4174 ns, Total: 118260 ns
[2020-05-16T10:45:52.751+0000][15960][safepoint    ] Safepoint "Cleanup", Time since last: 1000246261 ns, Reaching safepoint: 123826 ns, At safepoint: 5102 ns, Total: 128928 ns
[2020-05-16T10:45:53.752+0000][15960][safepoint    ] Safepoint "Cleanup", Time since last: 1000713275 ns, Reaching safepoint: 123826 ns, At safepoint: 4637 ns, Total: 128463 ns
[2020-05-16T10:45:54.752+0000][15960][safepoint    ] Safepoint "Cleanup", Time since last: 1000072812 ns, Reaching safepoint: 117333 ns, At safepoint: 4638 ns, Total: 121971 ns
[2020-05-16T10:45:56.753+0000][15960][safepoint    ] Safepoint "Cleanup", Time since last: 2000379826 ns, Reaching safepoint: 98782 ns, At safepoint: 4174 ns, Total: 102956 ns
[2020-05-16T10:45:58.753+0000][15960][safepoint    ] Safepoint "Cleanup", Time since last: 2000090435 ns, Reaching safepoint: 109913 ns, At safepoint: 4174 ns, Total: 114087 ns
[2020-05-16T10:45:59.753+0000][15960][safepoint    ] Safepoint "Cleanup", Time since last: 1000078840 ns, Reaching safepoint: 122899 ns, At safepoint: 4174 ns, Total: 127073 ns
[2020-05-16T10:46:00.754+0000][15960][safepoint    ] Safepoint "Cleanup", Time since last: 1000647420 ns, Reaching safepoint: 118261 ns, At safepoint: 4174 ns, Total: 122435 ns
[2020-05-16T10:46:01.754+0000][15960][safepoint    ] Safepoint "Cleanup", Time since last: 1000302376 ns, Reaching safepoint: 117797 ns, At safepoint: 4638 ns, Total: 122435 ns
[2020-05-16T10:46:02.755+0000][15960][safepoint    ] Safepoint "Cleanup", Time since last: 1000652521 ns, Reaching safepoint: 149334 ns, At safepoint: 6029 ns, Total: 155363 ns
[2020-05-16T10:46:03.756+0000][15960][safepoint    ] Safepoint "Cleanup", Time since last: 1000498086 ns, Reaching safepoint: 117797 ns, At safepoint: 4174 ns, Total: 121971 ns
[2020-05-16T10:46:04.756+0000][15960][safepoint    ] Safepoint "Cleanup", Time since last: 1000383073 ns, Reaching safepoint: 126608 ns, At safepoint: 6493 ns, Total: 133101 ns
[2020-05-16T10:46:05.757+0000][15960][safepoint    ] Safepoint "Cleanup", Time since last: 1000336695 ns, Reaching safepoint: 103884 ns, At safepoint: 4638 ns, Total: 108522 ns
[2020-05-16T10:46:06.757+0000][15960][safepoint    ] Safepoint "Cleanup", Time since last: 1000370087 ns, Reaching safepoint: 112232 ns, At safepoint: 5565 ns, Total: 117797 ns
[2020-05-16T10:46:07.758+0000][15960][safepoint    ] Safepoint "Cleanup", Time since last: 1000933101 ns, Reaching safepoint: 127536 ns, At safepoint: 4174 ns, Total: 131710 ns
[2020-05-16T10:46:08.758+0000][15960][safepoint    ] Safepoint "Cleanup", Time since last: 1000281971 ns, Reaching safepoint: 126609 ns, At safepoint: 6492 ns, Total: 133101 ns
[2020-05-16T10:46:10.076+0000][15960][safepoint    ] Safepoint "Cleanup", Time since last: 1317688433 ns, Reaching safepoint: 132174 ns, At safepoint: 7420 ns, Total: 139594 ns
[2020-05-16T10:46:11.077+0000][15960][safepoint    ] Safepoint "Cleanup", Time since last: 1000307478 ns, Reaching safepoint: 100638 ns, At safepoint: 4637 ns, Total: 105275 ns
[2020-05-16T10:46:12.077+0000][15960][safepoint    ] Safepoint "Cleanup", Time since last: 1000367768 ns, Reaching safepoint: 105276 ns, At safepoint: 4173 ns, Total: 109449 ns
[2020-05-16T10:46:13.077+0000][15960][safepoint    ] Safepoint "Cleanup", Time since last: 1000052406 ns, Reaching safepoint: 99710 ns, At safepoint: 4638 ns, Total: 104348 ns
[2020-05-16T10:46:14.078+0000][15960][safepoint    ] Safepoint "Cleanup", Time since last: 1000141449 ns, Reaching safepoint: 111768 ns, At safepoint: 6029 ns, Total: 117797 ns
[2020-05-16T10:46:15.079+0000][15960][safepoint    ] Safepoint "Cleanup", Time since last: 1000860290 ns, Reaching safepoint: 117333 ns, At safepoint: 4638 ns, Total: 121971 ns
[2020-05-16T10:46:16.079+0000][15960][safepoint    ] Safepoint "Cleanup", Time since last: 1000105739 ns, Reaching safepoint: 100174 ns, At safepoint: 4637 ns, Total: 104811 ns
[2020-05-16T10:46:17.079+0000][15960][safepoint    ] Safepoint "Cleanup", Time since last: 1000301913 ns, Reaching safepoint: 124290 ns, At safepoint: 6957 ns, Total: 131247 ns
[2020-05-16T10:46:18.079+0000][15960][safepoint    ] Safepoint "Cleanup", Time since last: 1000015768 ns, Reaching safepoint: 135420 ns, At safepoint: 4174 ns, Total: 139594 ns
[2020-05-16T10:46:19.080+0000][15960][safepoint    ] Safepoint "Cleanup", Time since last: 1000097391 ns, Reaching safepoint: 120116 ns, At safepoint: 6493 ns, Total: 126609 ns
[2020-05-16T10:46:20.080+0000][15960][safepoint    ] Safepoint "Cleanup", Time since last: 1000583420 ns, Reaching safepoint: 110376 ns, At safepoint: 6029 ns, Total: 116405 ns
[2020-05-16T10:46:21.081+0000][15960][safepoint    ] Safepoint "Cleanup", Time since last: 1000670145 ns, Reaching safepoint: 126145 ns, At safepoint: 6493 ns, Total: 132638 ns
[2020-05-16T10:46:22.082+0000][15960][safepoint    ] Safepoint "Cleanup", Time since last: 1000495768 ns, Reaching safepoint: 110376 ns, At safepoint: 4174 ns, Total: 114550 ns
[2020-05-16T10:46:23.082+0000][15960][safepoint    ] Safepoint "Cleanup", Time since last: 1000170667 ns, Reaching safepoint: 115942 ns, At safepoint: 6493 ns, Total: 122435 ns
[2020-05-16T10:46:24.083+0000][15960][safepoint    ] Safepoint "Cleanup", Time since last: 1000769854 ns, Reaching safepoint: 104812 ns, At safepoint: 4637 ns, Total: 109449 ns
[2020-05-16T10:46:25.084+0000][15960][safepoint    ] Safepoint "Cleanup", Time since last: 1000684986 ns, Reaching safepoint: 100637 ns, At safepoint: 4638 ns, Total: 105275 ns
[2020-05-16T10:46:26.084+0000][15960][safepoint    ] Safepoint "Cleanup", Time since last: 1000328348 ns, Reaching safepoint: 102492 ns, At safepoint: 3247 ns, Total: 105739 ns
[2020-05-16T10:46:27.085+0000][15960][safepoint    ] Safepoint "Cleanup", Time since last: 1000703999 ns, Reaching safepoint: 120116 ns, At safepoint: 6493 ns, Total: 126609 ns
[2020-05-16T10:46:28.085+0000][15960][safepoint    ] Safepoint "Cleanup", Time since last: 1000235594 ns, Reaching safepoint: 82551 ns, At safepoint: 3246 ns, Total: 85797 ns
[2020-05-16T10:46:29.086+0000][15960][safepoint    ] Safepoint "Cleanup", Time since last: 1000678029 ns, Reaching safepoint: 120116 ns, At safepoint: 6493 ns, Total: 126609 ns
[2020-05-16T10:46:30.086+0000][15960][safepoint    ] Safepoint "Cleanup", Time since last: 1000298666 ns, Reaching safepoint: 116870 ns, At safepoint: 6492 ns, Total: 123362 ns
[2020-05-16T10:46:31.087+0000][15960][safepoint    ] Safepoint "Cleanup", Time since last: 1000528232 ns, Reaching safepoint: 125681 ns, At safepoint: 6493 ns, Total: 132174 ns
[2020-05-16T10:46:32.088+0000][15960][safepoint    ] Safepoint "Cleanup", Time since last: 1000571826 ns, Reaching safepoint: 123826 ns, At safepoint: 4174 ns, Total: 128000 ns
[2020-05-16T10:46:33.088+0000][15960][safepoint    ] Safepoint "Cleanup", Time since last: 1000498086 ns, Reaching safepoint: 139594 ns, At safepoint: 6029 ns, Total: 145623 ns
[2020-05-16T10:46:34.089+0000][15960][safepoint    ] Safepoint "Cleanup", Time since last: 1000659478 ns, Reaching safepoint: 140986 ns, At safepoint: 4174 ns, Total: 145160 ns
[2020-05-16T10:46:35.090+0000][15960][safepoint    ] Safepoint "Cleanup", Time since last: 1000460057 ns, Reaching safepoint: 133566 ns, At safepoint: 4174 ns, Total: 137740 ns
[2020-05-16T10:46:36.091+0000][15960][safepoint    ] Safepoint "Cleanup", Time since last: 1000590840 ns, Reaching safepoint: 121971 ns, At safepoint: 6956 ns, Total: 128927 ns
[2020-05-16T10:46:37.091+0000][15960][safepoint    ] Safepoint "Cleanup", Time since last: 1000556522 ns, Reaching safepoint: 101101 ns, At safepoint: 4174 ns, Total: 105275 ns
[2020-05-16T10:46:39.098+0000][15960][safepoint    ] Safepoint "Cleanup", Time since last: 1992626554 ns, Reaching safepoint: 14829443 ns, At safepoint: 64927 ns, Total: 14894370 ns
[2020-05-16T10:46:40.212+0000][15960][safepoint    ] Safepoint "Cleanup", Time since last: 1113216411 ns, Reaching safepoint: 114087 ns, At safepoint: 4638 ns, Total: 118725 ns
[2020-05-16T10:46:41.213+0000][15960][safepoint    ] Safepoint "Cleanup", Time since last: 1000717913 ns, Reaching safepoint: 153043 ns, At safepoint: 9739 ns, Total: 162782 ns
[2020-05-16T10:46:42.214+0000][15960][safepoint    ] Safepoint "Cleanup", Time since last: 1000742029 ns, Reaching safepoint: 126609 ns, At safepoint: 4173 ns, Total: 130782 ns
[2020-05-16T10:46:43.214+0000][15960][safepoint    ] Safepoint "Cleanup", Time since last: 1000149797 ns, Reaching safepoint: 128464 ns, At safepoint: 4174 ns, Total: 132638 ns
[2020-05-16T10:46:44.215+0000][15960][safepoint    ] Safepoint "Cleanup", Time since last: 1000679884 ns, Reaching safepoint: 118261 ns, At safepoint: 6492 ns, Total: 124753 ns
[2020-05-16T10:46:46.216+0000][15960][safepoint    ] Safepoint "Cleanup", Time since last: 2000652522 ns, Reaching safepoint: 126145 ns, At safepoint: 4637 ns, Total: 130782 ns
[2020-05-16T10:46:48.216+0000][15960][safepoint    ] Safepoint "Cleanup", Time since last: 1999992580 ns, Reaching safepoint: 119652 ns, At safepoint: 6957 ns, Total: 126609 ns
[2020-05-16T10:46:49.216+0000][15960][safepoint    ] Safepoint "Cleanup", Time since last: 1000446144 ns, Reaching safepoint: 110377 ns, At safepoint: 6029 ns, Total: 116406 ns
[2020-05-16T10:46:50.217+0000][15960][safepoint    ] Safepoint "Cleanup", Time since last: 1000434087 ns, Reaching safepoint: 113159 ns, At safepoint: 4174 ns, Total: 117333 ns
[2020-05-16T10:46:51.217+0000][15960][safepoint    ] Safepoint "Cleanup", Time since last: 1000315826 ns, Reaching safepoint: 112232 ns, At safepoint: 4638 ns, Total: 116870 ns
[2020-05-16T10:46:52.218+0000][15960][safepoint    ] Safepoint "Cleanup", Time since last: 1000021333 ns, Reaching safepoint: 111768 ns, At safepoint: 6029 ns, Total: 117797 ns
[2020-05-16T10:46:53.218+0000][15960][safepoint    ] Safepoint "Cleanup", Time since last: 1000604290 ns, Reaching safepoint: 125681 ns, At safepoint: 4174 ns, Total: 129855 ns
[2020-05-16T10:46:54.219+0000][15960][safepoint    ] Safepoint "Cleanup", Time since last: 1000121507 ns, Reaching safepoint: 121971 ns, At safepoint: 6029 ns, Total: 128000 ns
[2020-05-16T10:46:55.219+0000][15960][safepoint    ] Safepoint "Cleanup", Time since last: 1000122898 ns, Reaching safepoint: 97855 ns, At safepoint: 5102 ns, Total: 102957 ns
[2020-05-16T10:46:56.220+0000][15960][safepoint    ] Safepoint "Cleanup", Time since last: 1000612173 ns, Reaching safepoint: 100174 ns, At safepoint: 6029 ns, Total: 106203 ns
[2020-05-16T10:46:57.220+0000][15960][safepoint    ] Safepoint "Cleanup", Time since last: 1000017160 ns, Reaching safepoint: 103420 ns, At safepoint: 4638 ns, Total: 108058 ns
[2020-05-16T10:46:58.221+0000][15960][safepoint    ] Safepoint "Cleanup", Time since last: 1000745738 ns, Reaching safepoint: 121971 ns, At safepoint: 4174 ns, Total: 126145 ns
[2020-05-16T10:46:59.221+0000][15960][safepoint    ] Safepoint "Cleanup", Time since last: 1000278725 ns, Reaching safepoint: 105739 ns, At safepoint: 5101 ns, Total: 110840 ns
[2020-05-16T10:47:00.222+0000][15960][safepoint    ] Safepoint "Cleanup", Time since last: 1000876522 ns, Reaching safepoint: 97391 ns, At safepoint: 4637 ns, Total: 102028 ns
[2020-05-16T10:47:01.222+0000][15960][safepoint    ] Safepoint "Cleanup", Time since last: 1000226319 ns, Reaching safepoint: 96464 ns, At safepoint: 4174 ns, Total: 100638 ns
[2020-05-16T10:47:02.223+0000][15960][safepoint    ] Safepoint "Cleanup", Time since last: 1000669681 ns, Reaching safepoint: 105739 ns, At safepoint: 4637 ns, Total: 110376 ns
[2020-05-16T10:47:03.224+0000][15960][safepoint    ] Safepoint "Cleanup", Time since last: 1000870493 ns, Reaching safepoint: 99246 ns, At safepoint: 6029 ns, Total: 105275 ns
[2020-05-16T10:47:04.224+0000][15960][safepoint    ] Safepoint "Cleanup", Time since last: 1000030145 ns, Reaching safepoint: 132174 ns, At safepoint: 4174 ns, Total: 136348 ns
[2020-05-16T10:47:05.225+0000][15960][safepoint    ] Safepoint "Cleanup", Time since last: 1000774028 ns, Reaching safepoint: 141450 ns, At safepoint: 4174 ns, Total: 145624 ns
[2020-05-16T10:47:06.226+0000][15960][safepoint    ] Safepoint "Cleanup", Time since last: 1000735072 ns, Reaching safepoint: 119188 ns, At safepoint: 6957 ns, Total: 126145 ns
[2020-05-16T10:47:08.226+0000][15960][safepoint    ] Safepoint "Cleanup", Time since last: 1999989797 ns, Reaching safepoint: 204058 ns, At safepoint: 6956 ns, Total: 211014 ns
[2020-05-16T10:47:10.172+0000][15960][safepoint    ] Safepoint "Cleanup", Time since last: 1945906576 ns, Reaching safepoint: 115014 ns, At safepoint: 6493 ns, Total: 121507 ns
[2020-05-16T10:47:11.173+0000][15960][safepoint    ] Safepoint "Cleanup", Time since last: 1000921507 ns, Reaching safepoint: 121043 ns, At safepoint: 4638 ns, Total: 125681 ns
[2020-05-16T10:47:12.174+0000][15960][safepoint    ] Safepoint "Cleanup", Time since last: 1000813913 ns, Reaching safepoint: 115478 ns, At safepoint: 3710 ns, Total: 119188 ns
[2020-05-16T10:47:13.175+0000][15960][safepoint    ] Safepoint "Cleanup", Time since last: 1000739710 ns, Reaching safepoint: 107594 ns, At safepoint: 4174 ns, Total: 111768 ns
[2020-05-16T10:47:14.175+0000][15960][safepoint    ] Safepoint "Cleanup", Time since last: 1000204058 ns, Reaching safepoint: 105275 ns, At safepoint: 5101 ns, Total: 110376 ns
[2020-05-16T10:47:16.176+0000][15960][safepoint    ] Safepoint "Cleanup", Time since last: 2000759652 ns, Reaching safepoint: 146087 ns, At safepoint: 7420 ns, Total: 153507 ns
[2020-05-16T10:47:17.177+0000][15960][safepoint    ] Safepoint "Cleanup", Time since last: 1000366377 ns, Reaching safepoint: 133102 ns, At safepoint: 10666 ns, Total: 143768 ns
[2020-05-16T10:47:18.178+0000][15960][safepoint    ] Safepoint "Cleanup", Time since last: 1000911304 ns, Reaching safepoint: 121507 ns, At safepoint: 4638 ns, Total: 126145 ns
[2020-05-16T10:47:19.179+0000][15960][safepoint    ] Safepoint "Cleanup", Time since last: 1000810666 ns, Reaching safepoint: 139594 ns, At safepoint: 7421 ns, Total: 147015 ns
[2020-05-16T10:47:20.180+0000][15960][safepoint    ] Safepoint "Cleanup", Time since last: 1000751304 ns, Reaching safepoint: 101565 ns, At safepoint: 4638 ns, Total: 106203 ns
[2020-05-16T10:47:21.180+0000][15960][safepoint    ] Safepoint "Cleanup", Time since last: 1000275014 ns, Reaching safepoint: 136811 ns, At safepoint: 3711 ns, Total: 140522 ns
[2020-05-16T10:47:23.180+0000][15960][safepoint    ] Safepoint "Cleanup", Time since last: 2000265275 ns, Reaching safepoint: 119188 ns, At safepoint: 6029 ns, Total: 125217 ns
[2020-05-16T10:47:25.181+0000][15960][safepoint    ] Safepoint "Cleanup", Time since last: 2000957217 ns, Reaching safepoint: 113159 ns, At safepoint: 4638 ns, Total: 117797 ns
[2020-05-16T10:47:26.182+0000][15960][safepoint    ] Safepoint "Cleanup", Time since last: 1000307478 ns, Reaching safepoint: 112232 ns, At safepoint: 4638 ns, Total: 116870 ns
[2020-05-16T10:47:27.182+0000][15960][safepoint    ] Safepoint "Cleanup", Time since last: 1000025043 ns, Reaching safepoint: 96928 ns, At safepoint: 4637 ns, Total: 101565 ns
[2020-05-16T10:47:28.183+0000][15960][safepoint    ] Safepoint "Cleanup", Time since last: 1000651594 ns, Reaching safepoint: 107594 ns, At safepoint: 4174 ns, Total: 111768 ns
[2020-05-16T10:47:29.183+0000][15960][safepoint    ] Safepoint "Cleanup", Time since last: 1000232348 ns, Reaching safepoint: 122899 ns, At safepoint: 4173 ns, Total: 127072 ns
[2020-05-16T10:47:31.184+0000][15960][safepoint    ] Safepoint "Cleanup", Time since last: 2000532870 ns, Reaching safepoint: 110840 ns, At safepoint: 6029 ns, Total: 116869 ns
[2020-05-16T10:47:32.184+0000][15960][safepoint    ] Safepoint "Cleanup", Time since last: 1000295884 ns, Reaching safepoint: 120116 ns, At safepoint: 4174 ns, Total: 124290 ns
[2020-05-16T10:47:33.185+0000][15960][safepoint    ] Safepoint "Cleanup", Time since last: 1000599652 ns, Reaching safepoint: 122898 ns, At safepoint: 6957 ns, Total: 129855 ns
[2020-05-16T10:47:35.186+0000][15960][safepoint    ] Safepoint "Cleanup", Time since last: 2000821797 ns, Reaching safepoint: 118724 ns, At safepoint: 4174 ns, Total: 122898 ns
[2020-05-16T10:47:36.187+0000][15960][safepoint    ] Safepoint "Cleanup", Time since last: 1000567652 ns, Reaching safepoint: 109913 ns, At safepoint: 4174 ns, Total: 114087 ns
[2020-05-16T10:47:37.187+0000][15960][safepoint    ] Safepoint "Cleanup", Time since last: 1000025043 ns, Reaching safepoint: 119653 ns, At safepoint: 4173 ns, Total: 123826 ns
[2020-05-16T10:47:38.188+0000][15960][safepoint    ] Safepoint "Cleanup", Time since last: 1000848696 ns, Reaching safepoint: 120579 ns, At safepoint: 5102 ns, Total: 125681 ns
[2020-05-16T10:47:40.146+0000][15960][safepoint    ] Safepoint "Cleanup", Time since last: 1958727903 ns, Reaching safepoint: 132174 ns, At safepoint: 6493 ns, Total: 138667 ns
[2020-05-16T10:47:41.147+0000][15960][safepoint    ] Safepoint "Cleanup", Time since last: 1000595941 ns, Reaching safepoint: 107131 ns, At safepoint: 4637 ns, Total: 111768 ns
[2020-05-16T10:47:42.148+0000][15960][safepoint    ] Safepoint "Cleanup", Time since last: 1000593160 ns, Reaching safepoint: 128463 ns, At safepoint: 6029 ns, Total: 134492 ns
[2020-05-16T10:47:43.148+0000][15960][safepoint    ] Safepoint "Cleanup", Time since last: 1000060290 ns, Reaching safepoint: 102029 ns, At safepoint: 4174 ns, Total: 106203 ns
[2020-05-16T10:47:44.148+0000][15960][safepoint    ] Safepoint "Cleanup", Time since last: 1000136348 ns, Reaching safepoint: 132637 ns, At safepoint: 3710 ns, Total: 136347 ns
[2020-05-16T10:47:45.149+0000][15960][safepoint    ] Safepoint "Cleanup", Time since last: 1000060754 ns, Reaching safepoint: 102957 ns, At safepoint: 4637 ns, Total: 107594 ns
[2020-05-16T10:47:47.149+0000][15960][safepoint    ] Safepoint "Cleanup", Time since last: 2000090899 ns, Reaching safepoint: 109913 ns, At safepoint: 4174 ns, Total: 114087 ns
[2020-05-16T10:47:48.149+0000][15960][safepoint    ] Safepoint "Cleanup", Time since last: 1000114087 ns, Reaching safepoint: 125681 ns, At safepoint: 5101 ns, Total: 130782 ns
[2020-05-16T10:47:49.150+0000][15960][safepoint    ] Safepoint "Cleanup", Time since last: 1000664116 ns, Reaching safepoint: 128000 ns, At safepoint: 6492 ns, Total: 134492 ns
[2020-05-16T10:47:50.150+0000][15960][safepoint    ] Safepoint "Cleanup", Time since last: 1000067247 ns, Reaching safepoint: 144695 ns, At safepoint: 6493 ns, Total: 151188 ns
[2020-05-16T10:47:51.151+0000][15960][safepoint    ] Safepoint "Cleanup", Time since last: 1000776348 ns, Reaching safepoint: 105275 ns, At safepoint: 4638 ns, Total: 109913 ns
[2020-05-16T10:47:52.152+0000][15960][safepoint    ] Safepoint "Cleanup", Time since last: 1000533796 ns, Reaching safepoint: 102029 ns, At safepoint: 4638 ns, Total: 106667 ns
[2020-05-16T10:47:53.152+0000][15960][safepoint    ] Safepoint "Cleanup", Time since last: 1000755942 ns, Reaching safepoint: 121971 ns, At safepoint: 4637 ns, Total: 126608 ns
[2020-05-16T10:47:54.153+0000][15960][safepoint    ] Safepoint "Cleanup", Time since last: 1000387247 ns, Reaching safepoint: 102028 ns, At safepoint: 6029 ns, Total: 108057 ns
[2020-05-16T10:47:55.153+0000][15960][safepoint    ] Safepoint "Cleanup", Time since last: 1000171595 ns, Reaching safepoint: 108521 ns, At safepoint: 4638 ns, Total: 113159 ns
[2020-05-16T10:47:56.153+0000][15960][safepoint    ] Safepoint "Cleanup", Time since last: 1000009275 ns, Reaching safepoint: 120116 ns, At safepoint: 4638 ns, Total: 124754 ns
[2020-05-16T10:47:57.154+0000][15960][safepoint    ] Safepoint "Cleanup", Time since last: 1000679884 ns, Reaching safepoint: 110840 ns, At safepoint: 4638 ns, Total: 115478 ns
[2020-05-16T10:47:58.155+0000][15960][safepoint    ] Safepoint "Cleanup", Time since last: 1000540753 ns, Reaching safepoint: 106203 ns, At safepoint: 4638 ns, Total: 110841 ns
[2020-05-16T10:47:59.156+0000][15960][safepoint    ] Safepoint "Cleanup", Time since last: 1000845912 ns, Reaching safepoint: 100174 ns, At safepoint: 4638 ns, Total: 104812 ns
[2020-05-16T10:48:00.156+0000][15960][safepoint    ] Safepoint "Cleanup", Time since last: 1000109449 ns, Reaching safepoint: 125217 ns, At safepoint: 4638 ns, Total: 129855 ns
[2020-05-16T10:48:01.156+0000][15960][safepoint    ] Safepoint "Cleanup", Time since last: 1000118725 ns, Reaching safepoint: 114550 ns, At safepoint: 4638 ns, Total: 119188 ns
[2020-05-16T10:48:02.157+0000][15960][safepoint    ] Safepoint "Cleanup", Time since last: 1000558377 ns, Reaching safepoint: 103884 ns, At safepoint: 4637 ns, Total: 108521 ns
[2020-05-16T10:48:03.157+0000][15960][safepoint    ] Safepoint "Cleanup", Time since last: 1000132174 ns, Reaching safepoint: 116870 ns, At safepoint: 4637 ns, Total: 121507 ns
[2020-05-16T10:48:04.157+0000][15960][safepoint    ] Safepoint "Cleanup", Time since last: 1000002783 ns, Reaching safepoint: 124290 ns, At safepoint: 4637 ns, Total: 128927 ns
[2020-05-16T10:48:06.158+0000][15960][safepoint    ] Safepoint "Cleanup", Time since last: 2000549102 ns, Reaching safepoint: 113159 ns, At safepoint: 14377 ns, Total: 127536 ns
[2020-05-16T10:48:08.158+0000][15960][safepoint    ] Safepoint "Cleanup", Time since last: 2000342261 ns, Reaching safepoint: 127999 ns, At safepoint: 6493 ns, Total: 134492 ns
[2020-05-16T10:48:10.067+0000][15960][safepoint    ] Safepoint "Cleanup", Time since last: 1908926651 ns, Reaching safepoint: 121971 ns, At safepoint: 4638 ns, Total: 126609 ns
[2020-05-16T10:48:11.068+0000][15960][safepoint    ] Safepoint "Cleanup", Time since last: 1000567652 ns, Reaching safepoint: 108985 ns, At safepoint: 4174 ns, Total: 113159 ns
[2020-05-16T10:48:12.069+0000][15960][safepoint    ] Safepoint "Cleanup", Time since last: 1000345043 ns, Reaching safepoint: 113624 ns, At safepoint: 4173 ns, Total: 117797 ns
[2020-05-16T10:48:13.069+0000][15960][safepoint    ] Safepoint "Cleanup", Time since last: 1000786087 ns, Reaching safepoint: 122435 ns, At safepoint: 4637 ns, Total: 127072 ns
[2020-05-16T10:48:14.070+0000][15960][safepoint    ] Safepoint "Cleanup", Time since last: 1000686377 ns, Reaching safepoint: 109913 ns, At safepoint: 6029 ns, Total: 115942 ns
[2020-05-16T10:48:15.071+0000][15960][safepoint    ] Safepoint "Cleanup", Time since last: 1000384464 ns, Reaching safepoint: 116869 ns, At safepoint: 4638 ns, Total: 121507 ns
[2020-05-16T10:48:16.072+0000][15960][safepoint    ] Safepoint "Cleanup", Time since last: 1000710956 ns, Reaching safepoint: 121971 ns, At safepoint: 4638 ns, Total: 126609 ns
[2020-05-16T10:48:17.072+0000][15960][safepoint    ] Safepoint "Cleanup", Time since last: 1000044057 ns, Reaching safepoint: 120580 ns, At safepoint: 6957 ns, Total: 127537 ns
[2020-05-16T10:48:18.073+0000][15960][safepoint    ] Safepoint "Cleanup", Time since last: 1000615420 ns, Reaching safepoint: 124753 ns, At safepoint: 5102 ns, Total: 129855 ns
[2020-05-16T10:48:19.073+0000][15960][safepoint    ] Safepoint "Cleanup", Time since last: 1000066782 ns, Reaching safepoint: 103884 ns, At safepoint: 4638 ns, Total: 108522 ns
[2020-05-16T10:48:20.074+0000][15960][safepoint    ] Safepoint "Cleanup", Time since last: 1000844521 ns, Reaching safepoint: 100638 ns, At safepoint: 4638 ns, Total: 105276 ns
[2020-05-16T10:48:21.074+0000][15960][safepoint    ] Safepoint "Cleanup", Time since last: 1000385854 ns, Reaching safepoint: 122899 ns, At safepoint: 4174 ns, Total: 127073 ns
[2020-05-16T10:48:22.075+0000][15960][safepoint    ] Safepoint "Cleanup", Time since last: 1000306550 ns, Reaching safepoint: 110841 ns, At safepoint: 4174 ns, Total: 115015 ns
[2020-05-16T10:48:23.076+0000][15960][safepoint    ] Safepoint "Cleanup", Time since last: 1000808347 ns, Reaching safepoint: 119652 ns, At safepoint: 4638 ns, Total: 124290 ns
[2020-05-16T10:48:25.076+0000][15960][safepoint    ] Safepoint "Cleanup", Time since last: 2000030145 ns, Reaching safepoint: 96928 ns, At safepoint: 4637 ns, Total: 101565 ns
[2020-05-16T10:48:26.076+0000][15960][safepoint    ] Safepoint "Cleanup", Time since last: 1000408116 ns, Reaching safepoint: 123826 ns, At safepoint: 6493 ns, Total: 130319 ns
[2020-05-16T10:48:27.077+0000][15960][safepoint    ] Safepoint "Cleanup", Time since last: 1000144695 ns, Reaching safepoint: 107131 ns, At safepoint: 4174 ns, Total: 111305 ns
[2020-05-16T10:48:28.077+0000][15960][safepoint    ] Safepoint "Cleanup", Time since last: 1000485565 ns, Reaching safepoint: 124289 ns, At safepoint: 4638 ns, Total: 128927 ns
[2020-05-16T10:48:30.078+0000][15960][safepoint    ] Safepoint "Cleanup", Time since last: 2000337623 ns, Reaching safepoint: 151652 ns, At safepoint: 4174 ns, Total: 155826 ns
[2020-05-16T10:48:32.078+0000][15960][safepoint    ] Safepoint "Cleanup", Time since last: 2000132174 ns, Reaching safepoint: 125681 ns, At safepoint: 6029 ns, Total: 131710 ns
[2020-05-16T10:48:33.078+0000][15960][safepoint    ] Safepoint "Cleanup", Time since last: 1000385391 ns, Reaching safepoint: 150725 ns, At safepoint: 6493 ns, Total: 157218 ns
[2020-05-16T10:48:34.079+0000][15960][safepoint    ] Safepoint "Cleanup", Time since last: 1000133565 ns, Reaching safepoint: 127536 ns, At safepoint: 6493 ns, Total: 134029 ns
[2020-05-16T10:48:35.079+0000][15960][safepoint    ] Safepoint "Cleanup", Time since last: 1000478608 ns, Reaching safepoint: 122435 ns, At safepoint: 6493 ns, Total: 128928 ns
[2020-05-16T10:48:36.080+0000][15960][safepoint    ] Safepoint "Cleanup", Time since last: 1000708637 ns, Reaching safepoint: 176696 ns, At safepoint: 5101 ns, Total: 181797 ns
[2020-05-16T10:48:36.672+0000][15960][gc,start     ] GC(39) Pause Young (Normal) (G1 Evacuation Pause)
[2020-05-16T10:48:36.673+0000][15960][gc,task      ] GC(39) Using 4 workers of 4 for evacuation
[2020-05-16T10:48:36.673+0000][15960][gc,age       ] GC(39) Desired survivor size 40370176 bytes, new threshold 15 (max threshold 15)
[2020-05-16T10:48:36.716+0000][15960][gc,age       ] GC(39) Age table with threshold 15 (max threshold 15)
[2020-05-16T10:48:36.716+0000][15960][gc,age       ] GC(39) - age   1:     188920 bytes,     188920 total
[2020-05-16T10:48:36.716+0000][15960][gc,age       ] GC(39) - age   2:        208 bytes,     189128 total
[2020-05-16T10:48:36.716+0000][15960][gc,age       ] GC(39) - age   3:        136 bytes,     189264 total
[2020-05-16T10:48:36.716+0000][15960][gc,age       ] GC(39) - age   4:     107360 bytes,     296624 total
[2020-05-16T10:48:36.716+0000][15960][gc,age       ] GC(39) - age   5:       1824 bytes,     298448 total
[2020-05-16T10:48:36.716+0000][15960][gc,age       ] GC(39) - age   6:        616 bytes,     299064 total
[2020-05-16T10:48:36.717+0000][15960][gc,age       ] GC(39) - age   7:       2216 bytes,     301280 total
[2020-05-16T10:48:36.717+0000][15960][gc,age       ] GC(39) - age   8:       1376 bytes,     302656 total
[2020-05-16T10:48:36.717+0000][15960][gc,age       ] GC(39) - age   9:       2112 bytes,     304768 total
[2020-05-16T10:48:36.717+0000][15960][gc,age       ] GC(39) - age  10:         64 bytes,     304832 total
[2020-05-16T10:48:36.717+0000][15960][gc,age       ] GC(39) - age  11:       6240 bytes,     311072 total
[2020-05-16T10:48:36.717+0000][15960][gc,age       ] GC(39) - age  12:       7424 bytes,     318496 total
[2020-05-16T10:48:36.717+0000][15960][gc,age       ] GC(39) - age  13:       6808 bytes,     325304 total
[2020-05-16T10:48:36.717+0000][15960][gc,age       ] GC(39) - age  14:       4896 bytes,     330200 total
[2020-05-16T10:48:36.717+0000][15960][gc,age       ] GC(39) - age  15:      39096 bytes,     369296 total
[2020-05-16T10:48:36.717+0000][15960][gc,phases    ] GC(39)   Pre Evacuate Collection Set: 0.2ms
[2020-05-16T10:48:36.717+0000][15960][gc,phases    ] GC(39)   Merge Heap Roots: 0.1ms
[2020-05-16T10:48:36.717+0000][15960][gc,phases    ] GC(39)   Evacuate Collection Set: 41.7ms
[2020-05-16T10:48:36.717+0000][15960][gc,phases    ] GC(39)   Post Evacuate Collection Set: 1.4ms
[2020-05-16T10:48:36.717+0000][15960][gc,phases    ] GC(39)   Other: 0.9ms
[2020-05-16T10:48:36.717+0000][15960][gc,heap      ] GC(39) Eden regions: 613->0(613)
[2020-05-16T10:48:36.717+0000][15960][gc,heap      ] GC(39) Survivor regions: 1->1(77)
[2020-05-16T10:48:36.717+0000][15960][gc,heap      ] GC(39) Old regions: 71->71
[2020-05-16T10:48:36.717+0000][15960][gc,heap      ] GC(39) Archive regions: 0->0
[2020-05-16T10:48:36.717+0000][15960][gc,heap      ] GC(39) Humongous regions: 7->7
[2020-05-16T10:48:36.717+0000][15960][gc,metaspace ] GC(39) Metaspace: 97606K(105380K)->97606K(105380K) NonClass: 84802K(89432K)->84802K(89432K) Class: 12803K(15948K)->12803K(15948K)
[2020-05-16T10:48:36.739+0000][15960][gc           ] GC(39) Pause Young (Normal) (G1 Evacuation Pause) 691M->78M(1024M) 66.082ms
[2020-05-16T10:48:36.739+0000][15960][gc,cpu       ] GC(39) User=0.09s Sys=0.00s Real=0.07s
[2020-05-16T10:48:36.739+0000][15960][safepoint    ] Safepoint "G1CollectForAllocation", Time since last: 569512547 ns, Reaching safepoint: 23176338 ns, At safepoint: 66291911 ns, Total: 89468249 ns
[2020-05-16T10:48:37.740+0000][15960][safepoint    ] Safepoint "Cleanup", Time since last: 1000381217 ns, Reaching safepoint: 119652 ns, At safepoint: 4638 ns, Total: 124290 ns
[2020-05-16T10:48:38.740+0000][15960][safepoint    ] Safepoint "Cleanup", Time since last: 1000597333 ns, Reaching safepoint: 121971 ns, At safepoint: 4638 ns, Total: 126609 ns
[2020-05-16T10:48:40.076+0000][15960][safepoint    ] Safepoint "Cleanup", Time since last: 1335518916 ns, Reaching safepoint: 305160 ns, At safepoint: 9275 ns, Total: 314435 ns
[2020-05-16T10:48:42.076+0000][15960][safepoint    ] Safepoint "Cleanup", Time since last: 2000040812 ns, Reaching safepoint: 152115 ns, At safepoint: 7884 ns, Total: 159999 ns
[2020-05-16T10:48:43.077+0000][15960][safepoint    ] Safepoint "Cleanup", Time since last: 1000233740 ns, Reaching safepoint: 138202 ns, At safepoint: 8348 ns, Total: 146550 ns
[2020-05-16T10:48:44.077+0000][15960][safepoint    ] Safepoint "Cleanup", Time since last: 1000341797 ns, Reaching safepoint: 198493 ns, At safepoint: 7420 ns, Total: 205913 ns
[2020-05-16T10:48:45.078+0000][15960][safepoint    ] Safepoint "Cleanup", Time since last: 1000282435 ns, Reaching safepoint: 128000 ns, At safepoint: 6029 ns, Total: 134029 ns
[2020-05-16T10:48:46.078+0000][15960][safepoint    ] Safepoint "Cleanup", Time since last: 1000093217 ns, Reaching safepoint: 182725 ns, At safepoint: 9275 ns, Total: 192000 ns
[2020-05-16T10:48:47.079+0000][15960][safepoint    ] Safepoint "Cleanup", Time since last: 1000366377 ns, Reaching safepoint: 110840 ns, At safepoint: 6493 ns, Total: 117333 ns
[2020-05-16T10:48:48.079+0000][15960][safepoint    ] Safepoint "Cleanup", Time since last: 1000464231 ns, Reaching safepoint: 113624 ns, At safepoint: 4637 ns, Total: 118261 ns
[2020-05-16T10:48:49.080+0000][15960][safepoint    ] Safepoint "Cleanup", Time since last: 1000459594 ns, Reaching safepoint: 120580 ns, At safepoint: 8348 ns, Total: 128928 ns
[2020-05-16T10:48:50.080+0000][15960][safepoint    ] Safepoint "Cleanup", Time since last: 1000601971 ns, Reaching safepoint: 112231 ns, At safepoint: 4174 ns, Total: 116405 ns
[2020-05-16T10:48:51.081+0000][15960][safepoint    ] Safepoint "Cleanup", Time since last: 1000147942 ns, Reaching safepoint: 128928 ns, At safepoint: 4637 ns, Total: 133565 ns
[2020-05-16T10:48:52.082+0000][15960][safepoint    ] Safepoint "Cleanup", Time since last: 1000879304 ns, Reaching safepoint: 110841 ns, At safepoint: 4174 ns, Total: 115015 ns
[2020-05-16T10:48:53.082+0000][15960][safepoint    ] Safepoint "Cleanup", Time since last: 1000633970 ns, Reaching safepoint: 111769 ns, At safepoint: 4173 ns, Total: 115942 ns
[2020-05-16T10:48:54.083+0000][15960][safepoint    ] Safepoint "Cleanup", Time since last: 1000255073 ns, Reaching safepoint: 126608 ns, At safepoint: 4174 ns, Total: 130782 ns
[2020-05-16T10:48:55.083+0000][15960][safepoint    ] Safepoint "Cleanup", Time since last: 1000052870 ns, Reaching safepoint: 120116 ns, At safepoint: 4174 ns, Total: 124290 ns
[2020-05-16T10:48:56.084+0000][15960][safepoint    ] Safepoint "Cleanup", Time since last: 1000388637 ns, Reaching safepoint: 75594 ns, At safepoint: 2783 ns, Total: 78377 ns
[2020-05-16T10:48:57.084+0000][15960][safepoint    ] Safepoint "Cleanup", Time since last: 1000788869 ns, Reaching safepoint: 135884 ns, At safepoint: 4638 ns, Total: 140522 ns
[2020-05-16T10:48:58.088+0000][15960][safepoint    ] Safepoint "Cleanup", Time since last: 1003315477 ns, Reaching safepoint: 121971 ns, At safepoint: 4173 ns, Total: 126144 ns
[2020-05-16T10:48:59.088+0000][15960][safepoint    ] Safepoint "Cleanup", Time since last: 1000371942 ns, Reaching safepoint: 124290 ns, At safepoint: 4638 ns, Total: 128928 ns
[2020-05-16T10:49:00.089+0000][15960][safepoint    ] Safepoint "Cleanup", Time since last: 1000227710 ns, Reaching safepoint: 112695 ns, At safepoint: 4638 ns, Total: 117333 ns
[2020-05-16T10:49:01.089+0000][15960][safepoint    ] Safepoint "Cleanup", Time since last: 1000067246 ns, Reaching safepoint: 144696 ns, At safepoint: 56580 ns, Total: 201276 ns
[2020-05-16T10:49:02.090+0000][15960][safepoint    ] Safepoint "Cleanup", Time since last: 1000631188 ns, Reaching safepoint: 123826 ns, At safepoint: 3710 ns, Total: 127536 ns
[2020-05-16T10:49:03.091+0000][15960][safepoint    ] Safepoint "Cleanup", Time since last: 1000827362 ns, Reaching safepoint: 115014 ns, At safepoint: 4638 ns, Total: 119652 ns
[2020-05-16T10:49:04.091+0000][15960][safepoint    ] Safepoint "Cleanup", Time since last: 1000134956 ns, Reaching safepoint: 128928 ns, At safepoint: 4638 ns, Total: 133566 ns
[2020-05-16T10:49:05.091+0000][15960][safepoint    ] Safepoint "Cleanup", Time since last: 1000163710 ns, Reaching safepoint: 133565 ns, At safepoint: 5101 ns, Total: 138666 ns
[2020-05-16T10:49:06.092+0000][15960][safepoint    ] Safepoint "Cleanup", Time since last: 1000723478 ns, Reaching safepoint: 121507 ns, At safepoint: 6029 ns, Total: 127536 ns
[2020-05-16T10:49:07.093+0000][15960][safepoint    ] Safepoint "Cleanup", Time since last: 1000631652 ns, Reaching safepoint: 144696 ns, At safepoint: 6956 ns, Total: 151652 ns
[2020-05-16T10:49:08.093+0000][15960][safepoint    ] Safepoint "Cleanup", Time since last: 1000087653 ns, Reaching safepoint: 125217 ns, At safepoint: 6029 ns, Total: 131246 ns
[2020-05-16T10:49:09.094+0000][15960][safepoint    ] Safepoint "Cleanup", Time since last: 1000325101 ns, Reaching safepoint: 98319 ns, At safepoint: 4638 ns, Total: 102957 ns
[2020-05-16T10:49:10.094+0000][15960][safepoint    ] Safepoint "Cleanup", Time since last: 1000167420 ns, Reaching safepoint: 114550 ns, At safepoint: 6493 ns, Total: 121043 ns
[2020-05-16T10:49:11.095+0000][15960][safepoint    ] Safepoint "Cleanup", Time since last: 1000897855 ns, Reaching safepoint: 187362 ns, At safepoint: 4174 ns, Total: 191536 ns
[2020-05-16T10:49:12.096+0000][15960][safepoint    ] Safepoint "Cleanup", Time since last: 1000553275 ns, Reaching safepoint: 127073 ns, At safepoint: 4637 ns, Total: 131710 ns
[2020-05-16T10:49:13.096+0000][15960][safepoint    ] Safepoint "Cleanup", Time since last: 1000176232 ns, Reaching safepoint: 100638 ns, At safepoint: 4174 ns, Total: 104812 ns
[2020-05-16T10:49:14.097+0000][15960][safepoint    ] Safepoint "Cleanup", Time since last: 1000732753 ns, Reaching safepoint: 153043 ns, At safepoint: 5102 ns, Total: 158145 ns
[2020-05-16T10:49:15.098+0000][15960][safepoint    ] Safepoint "Cleanup", Time since last: 1000761043 ns, Reaching safepoint: 116869 ns, At safepoint: 6493 ns, Total: 123362 ns
[2020-05-16T10:49:16.099+0000][15960][safepoint    ] Safepoint "Cleanup", Time since last: 1000944695 ns, Reaching safepoint: 109450 ns, At safepoint: 4173 ns, Total: 113623 ns
[2020-05-16T10:49:17.099+0000][15960][safepoint    ] Safepoint "Cleanup", Time since last: 1000255537 ns, Reaching safepoint: 109449 ns, At safepoint: 4637 ns, Total: 114086 ns
[2020-05-16T10:49:18.100+0000][15960][safepoint    ] Safepoint "Cleanup", Time since last: 1000551421 ns, Reaching safepoint: 121507 ns, At safepoint: 4637 ns, Total: 126144 ns
[2020-05-16T10:49:19.100+0000][15960][safepoint    ] Safepoint "Cleanup", Time since last: 1000220290 ns, Reaching safepoint: 122435 ns, At safepoint: 6029 ns, Total: 128464 ns
[2020-05-16T10:49:20.105+0000][15960][safepoint    ] Safepoint "Cleanup", Time since last: 1005255418 ns, Reaching safepoint: 121971 ns, At safepoint: 4637 ns, Total: 126608 ns
[2020-05-16T10:49:21.106+0000][15960][safepoint    ] Safepoint "Cleanup", Time since last: 1000393739 ns, Reaching safepoint: 119652 ns, At safepoint: 4638 ns, Total: 124290 ns
[2020-05-16T10:49:22.107+0000][15960][safepoint    ] Safepoint "Cleanup", Time since last: 1000677565 ns, Reaching safepoint: 98319 ns, At safepoint: 4637 ns, Total: 102956 ns
[2020-05-16T10:49:23.108+0000][15960][safepoint    ] Safepoint "Cleanup", Time since last: 1000637218 ns, Reaching safepoint: 109449 ns, At safepoint: 4174 ns, Total: 113623 ns
[2020-05-16T10:49:24.108+0000][15960][safepoint    ] Safepoint "Cleanup", Time since last: 1000076058 ns, Reaching safepoint: 119652 ns, At safepoint: 4174 ns, Total: 123826 ns
[2020-05-16T10:49:26.109+0000][15960][safepoint    ] Safepoint "Cleanup", Time since last: 2000678956 ns, Reaching safepoint: 118724 ns, At safepoint: 4638 ns, Total: 123362 ns
[2020-05-16T10:49:27.109+0000][15960][safepoint    ] Safepoint "Cleanup", Time since last: 1000401159 ns, Reaching safepoint: 118261 ns, At safepoint: 5102 ns, Total: 123363 ns
[2020-05-16T10:49:28.110+0000][15960][safepoint    ] Safepoint "Cleanup", Time since last: 1000509217 ns, Reaching safepoint: 146550 ns, At safepoint: 7421 ns, Total: 153971 ns
[2020-05-16T10:49:29.110+0000][15960][safepoint    ] Safepoint "Cleanup", Time since last: 1000088116 ns, Reaching safepoint: 133565 ns, At safepoint: 5565 ns, Total: 139130 ns
[2020-05-16T10:49:30.111+0000][15960][safepoint    ] Safepoint "Cleanup", Time since last: 1001117681 ns, Reaching safepoint: 101565 ns, At safepoint: 4637 ns, Total: 106202 ns
[2020-05-16T10:49:31.111+0000][15960][safepoint    ] Safepoint "Cleanup", Time since last: 1000114551 ns, Reaching safepoint: 135884 ns, At safepoint: 4638 ns, Total: 140522 ns
[2020-05-16T10:49:32.112+0000][15960][safepoint    ] Safepoint "Cleanup", Time since last: 1000400695 ns, Reaching safepoint: 105276 ns, At safepoint: 6029 ns, Total: 111305 ns
[2020-05-16T10:49:33.112+0000][15960][safepoint    ] Safepoint "Cleanup", Time since last: 1000123826 ns, Reaching safepoint: 96000 ns, At safepoint: 4173 ns, Total: 100173 ns
[2020-05-16T10:49:34.112+0000][15960][safepoint    ] Safepoint "Cleanup", Time since last: 1000244870 ns, Reaching safepoint: 240232 ns, At safepoint: 11130 ns, Total: 251362 ns
[2020-05-16T10:49:35.113+0000][15960][safepoint    ] Safepoint "Cleanup", Time since last: 1000286609 ns, Reaching safepoint: 261565 ns, At safepoint: 8811 ns, Total: 270376 ns
[2020-05-16T10:49:36.114+0000][15960][safepoint    ] Safepoint "Cleanup", Time since last: 1000264812 ns, Reaching safepoint: 141449 ns, At safepoint: 7420 ns, Total: 148869 ns
[2020-05-16T10:49:38.114+0000][15960][safepoint    ] Safepoint "Cleanup", Time since last: 1999940174 ns, Reaching safepoint: 125681 ns, At safepoint: 6493 ns, Total: 132174 ns
[2020-05-16T10:49:40.114+0000][15960][safepoint    ] Safepoint "Cleanup", Time since last: 2000282899 ns, Reaching safepoint: 111304 ns, At safepoint: 4638 ns, Total: 115942 ns
[2020-05-16T10:49:41.114+0000][15960][safepoint    ] Safepoint "Cleanup", Time since last: 1000060753 ns, Reaching safepoint: 123362 ns, At safepoint: 4174 ns, Total: 127536 ns
[2020-05-16T10:49:42.115+0000][15960][safepoint    ] Safepoint "Cleanup", Time since last: 1000886725 ns, Reaching safepoint: 132173 ns, At safepoint: 4174 ns, Total: 136347 ns
[2020-05-16T10:49:43.116+0000][15960][safepoint    ] Safepoint "Cleanup", Time since last: 1000426203 ns, Reaching safepoint: 127536 ns, At safepoint: 4174 ns, Total: 131710 ns
[2020-05-16T10:49:44.117+0000][15960][safepoint    ] Safepoint "Cleanup", Time since last: 1000739246 ns, Reaching safepoint: 123362 ns, At safepoint: 4638 ns, Total: 128000 ns
[2020-05-16T10:49:46.117+0000][15960][safepoint    ] Safepoint "Cleanup", Time since last: 2000240232 ns, Reaching safepoint: 122898 ns, At safepoint: 4638 ns, Total: 127536 ns
[2020-05-16T10:49:47.118+0000][15960][safepoint    ] Safepoint "Cleanup", Time since last: 1000774492 ns, Reaching safepoint: 117334 ns, At safepoint: 4637 ns, Total: 121971 ns
[2020-05-16T10:49:48.667+0000][15960][safepoint    ] Safepoint "Cleanup", Time since last: 1548271978 ns, Reaching safepoint: 120116 ns, At safepoint: 10203 ns, Total: 130319 ns
[2020-05-16T10:49:49.685+0000][15960][safepoint    ] Safepoint "Cleanup", Time since last: 1018285904 ns, Reaching safepoint: 123826 ns, At safepoint: 4174 ns, Total: 128000 ns
[2020-05-16T10:49:50.685+0000][15960][safepoint    ] Safepoint "Cleanup", Time since last: 1000027363 ns, Reaching safepoint: 115014 ns, At safepoint: 6493 ns, Total: 121507 ns
[2020-05-16T10:49:51.686+0000][15960][safepoint    ] Safepoint "Cleanup", Time since last: 1000428521 ns, Reaching safepoint: 119189 ns, At safepoint: 6492 ns, Total: 125681 ns
[2020-05-16T10:49:52.686+0000][15960][safepoint    ] Safepoint "Cleanup", Time since last: 1000192928 ns, Reaching safepoint: 152116 ns, At safepoint: 5101 ns, Total: 157217 ns
[2020-05-16T10:49:53.687+0000][15960][safepoint    ] Safepoint "Cleanup", Time since last: 1000812985 ns, Reaching safepoint: 116406 ns, At safepoint: 5101 ns, Total: 121507 ns
[2020-05-16T10:49:54.688+0000][15960][safepoint    ] Safepoint "Cleanup", Time since last: 1000895536 ns, Reaching safepoint: 125218 ns, At safepoint: 4174 ns, Total: 129392 ns
[2020-05-16T10:49:55.689+0000][15960][safepoint    ] Safepoint "Cleanup", Time since last: 1000736927 ns, Reaching safepoint: 114087 ns, At safepoint: 4637 ns, Total: 118724 ns
[2020-05-16T10:49:56.689+0000][15960][safepoint    ] Safepoint "Cleanup", Time since last: 1000211478 ns, Reaching safepoint: 101566 ns, At safepoint: 6492 ns, Total: 108058 ns
[2020-05-16T10:49:57.689+0000][15960][safepoint    ] Safepoint "Cleanup", Time since last: 1000002319 ns, Reaching safepoint: 128464 ns, At safepoint: 4638 ns, Total: 133102 ns
[2020-05-16T10:49:59.690+0000][15960][safepoint    ] Safepoint "Cleanup", Time since last: 2000400695 ns, Reaching safepoint: 119652 ns, At safepoint: 6029 ns, Total: 125681 ns
[2020-05-16T10:50:00.690+0000][15960][safepoint    ] Safepoint "Cleanup", Time since last: 1000467478 ns, Reaching safepoint: 114087 ns, At safepoint: 4174 ns, Total: 118261 ns
[2020-05-16T10:50:01.691+0000][15960][safepoint    ] Safepoint "Cleanup", Time since last: 1000443362 ns, Reaching safepoint: 99710 ns, At safepoint: 4174 ns, Total: 103884 ns
[2020-05-16T10:50:02.691+0000][15960][safepoint    ] Safepoint "Cleanup", Time since last: 1000377507 ns, Reaching safepoint: 108986 ns, At safepoint: 4637 ns, Total: 113623 ns
[2020-05-16T10:50:03.691+0000][15960][safepoint    ] Safepoint "Cleanup", Time since last: 1000024116 ns, Reaching safepoint: 108986 ns, At safepoint: 4637 ns, Total: 113623 ns
[2020-05-16T10:50:05.692+0000][15960][safepoint    ] Safepoint "Cleanup", Time since last: 2000873739 ns, Reaching safepoint: 102493 ns, At safepoint: 5101 ns, Total: 107594 ns
[2020-05-16T10:50:06.693+0000][15960][safepoint    ] Safepoint "Cleanup", Time since last: 1000377507 ns, Reaching safepoint: 145624 ns, At safepoint: 7884 ns, Total: 153508 ns
[2020-05-16T10:50:07.693+0000][15960][safepoint    ] Safepoint "Cleanup", Time since last: 1000304695 ns, Reaching safepoint: 200348 ns, At safepoint: 5565 ns, Total: 205913 ns
[2020-05-16T10:50:08.694+0000][15960][safepoint    ] Safepoint "Cleanup", Time since last: 1000785623 ns, Reaching safepoint: 113623 ns, At safepoint: 4638 ns, Total: 118261 ns
[2020-05-16T10:50:10.695+0000][15960][safepoint    ] Safepoint "Cleanup", Time since last: 2000614028 ns, Reaching safepoint: 117334 ns, At safepoint: 6956 ns, Total: 124290 ns
[2020-05-16T10:50:11.695+0000][15960][safepoint    ] Safepoint "Cleanup", Time since last: 1000048232 ns, Reaching safepoint: 121507 ns, At safepoint: 4174 ns, Total: 125681 ns
[2020-05-16T10:50:13.695+0000][15960][safepoint    ] Safepoint "Cleanup", Time since last: 2000031073 ns, Reaching safepoint: 128927 ns, At safepoint: 6493 ns, Total: 135420 ns
[2020-05-16T10:50:14.696+0000][15960][safepoint    ] Safepoint "Cleanup", Time since last: 1000586666 ns, Reaching safepoint: 106203 ns, At safepoint: 4638 ns, Total: 110841 ns
[2020-05-16T10:50:15.696+0000][15960][safepoint    ] Safepoint "Cleanup", Time since last: 1000203130 ns, Reaching safepoint: 129391 ns, At safepoint: 7421 ns, Total: 136812 ns
[2020-05-16T10:50:16.697+0000][15960][safepoint    ] Safepoint "Cleanup", Time since last: 1000601043 ns, Reaching safepoint: 117797 ns, At safepoint: 6493 ns, Total: 124290 ns
[2020-05-16T10:50:17.697+0000][15960][safepoint    ] Safepoint "Cleanup", Time since last: 1000134029 ns, Reaching safepoint: 121970 ns, At safepoint: 4638 ns, Total: 126608 ns
[2020-05-16T10:50:18.698+0000][15960][safepoint    ] Safepoint "Cleanup", Time since last: 1000469333 ns, Reaching safepoint: 116406 ns, At safepoint: 4638 ns, Total: 121044 ns
[2020-05-16T10:50:19.699+0000][15960][safepoint    ] Safepoint "Cleanup", Time since last: 1000505970 ns, Reaching safepoint: 123363 ns, At safepoint: 6029 ns, Total: 129392 ns
[2020-05-16T10:50:20.699+0000][15960][safepoint    ] Safepoint "Cleanup", Time since last: 1000097391 ns, Reaching safepoint: 128927 ns, At safepoint: 4174 ns, Total: 133101 ns
[2020-05-16T10:50:21.699+0000][15960][safepoint    ] Safepoint "Cleanup", Time since last: 1000065392 ns, Reaching safepoint: 117333 ns, At safepoint: 4638 ns, Total: 121971 ns
[2020-05-16T10:50:22.699+0000][15960][safepoint    ] Safepoint "Cleanup", Time since last: 1000188753 ns, Reaching safepoint: 95073 ns, At safepoint: 4173 ns, Total: 99246 ns
[2020-05-16T10:50:23.700+0000][15960][safepoint    ] Safepoint "Cleanup", Time since last: 1000225392 ns, Reaching safepoint: 117333 ns, At safepoint: 6029 ns, Total: 123362 ns
[2020-05-16T10:50:24.700+0000][15960][safepoint    ] Safepoint "Cleanup", Time since last: 1000058898 ns, Reaching safepoint: 138203 ns, At safepoint: 6493 ns, Total: 144696 ns
[2020-05-16T10:50:25.700+0000][15960][safepoint    ] Safepoint "Cleanup", Time since last: 1000107130 ns, Reaching safepoint: 120116 ns, At safepoint: 6029 ns, Total: 126145 ns
[2020-05-16T10:50:26.701+0000][15960][safepoint    ] Safepoint "Cleanup", Time since last: 1000810667 ns, Reaching safepoint: 108521 ns, At safepoint: 4174 ns, Total: 112695 ns
[2020-05-16T10:50:27.701+0000][15960][safepoint    ] Safepoint "Cleanup", Time since last: 1000138667 ns, Reaching safepoint: 99246 ns, At safepoint: 4638 ns, Total: 103884 ns
[2020-05-16T10:50:28.702+0000][15960][safepoint    ] Safepoint "Cleanup", Time since last: 1000734144 ns, Reaching safepoint: 106203 ns, At safepoint: 4174 ns, Total: 110377 ns
[2020-05-16T10:50:29.703+0000][15960][safepoint    ] Safepoint "Cleanup", Time since last: 1000780985 ns, Reaching safepoint: 102029 ns, At safepoint: 4638 ns, Total: 106667 ns
[2020-05-16T10:50:30.713+0000][15960][safepoint    ] Safepoint "Cleanup", Time since last: 1000052869 ns, Reaching safepoint: 10089735 ns, At safepoint: 16696 ns, Total: 10106431 ns
[2020-05-16T10:50:31.715+0000][15960][safepoint    ] Safepoint "Cleanup", Time since last: 1001329622 ns, Reaching safepoint: 78377 ns, At safepoint: 4638 ns, Total: 83015 ns
[2020-05-16T10:50:33.715+0000][15960][safepoint    ] Safepoint "Cleanup", Time since last: 2000307014 ns, Reaching safepoint: 119652 ns, At safepoint: 4174 ns, Total: 123826 ns
[2020-05-16T10:50:34.716+0000][15960][safepoint    ] Safepoint "Cleanup", Time since last: 1000670145 ns, Reaching safepoint: 113159 ns, At safepoint: 4174 ns, Total: 117333 ns
[2020-05-16T10:50:36.717+0000][15960][safepoint    ] Safepoint "Cleanup", Time since last: 2000889043 ns, Reaching safepoint: 107130 ns, At safepoint: 6029 ns, Total: 113159 ns
[2020-05-16T10:50:37.718+0000][15960][safepoint    ] Safepoint "Cleanup", Time since last: 1000691014 ns, Reaching safepoint: 109450 ns, At safepoint: 6492 ns, Total: 115942 ns
[2020-05-16T10:50:39.718+0000][15960][safepoint    ] Safepoint "Cleanup", Time since last: 2000212870 ns, Reaching safepoint: 108058 ns, At safepoint: 4637 ns, Total: 112695 ns
[2020-05-16T10:50:40.718+0000][15960][safepoint    ] Safepoint "Cleanup", Time since last: 1000279189 ns, Reaching safepoint: 123362 ns, At safepoint: 4638 ns, Total: 128000 ns
[2020-05-16T10:50:41.719+0000][15960][safepoint    ] Safepoint "Cleanup", Time since last: 1000750840 ns, Reaching safepoint: 119188 ns, At safepoint: 4638 ns, Total: 123826 ns
[2020-05-16T10:50:42.720+0000][15960][safepoint    ] Safepoint "Cleanup", Time since last: 1000882087 ns, Reaching safepoint: 82550 ns, At safepoint: 4174 ns, Total: 86724 ns
[2020-05-16T10:50:43.721+0000][15960][safepoint    ] Safepoint "Cleanup", Time since last: 1000633043 ns, Reaching safepoint: 108058 ns, At safepoint: 4638 ns, Total: 112696 ns
[2020-05-16T10:50:45.722+0000][15960][safepoint    ] Safepoint "Cleanup", Time since last: 2000350145 ns, Reaching safepoint: 190144 ns, At safepoint: 5566 ns, Total: 195710 ns
[2020-05-16T10:50:46.722+0000][15960][safepoint    ] Safepoint "Cleanup", Time since last: 1000230956 ns, Reaching safepoint: 119188 ns, At safepoint: 6957 ns, Total: 126145 ns
[2020-05-16T10:50:47.723+0000][15960][safepoint    ] Safepoint "Cleanup", Time since last: 1000789797 ns, Reaching safepoint: 176695 ns, At safepoint: 2783 ns, Total: 179478 ns
[2020-05-16T10:50:48.723+0000][15960][safepoint    ] Safepoint "Cleanup", Time since last: 1000055652 ns, Reaching safepoint: 85797 ns, At safepoint: 2783 ns, Total: 88580 ns
[2020-05-16T10:50:49.724+0000][15960][safepoint    ] Safepoint "Cleanup", Time since last: 1000418318 ns, Reaching safepoint: 116406 ns, At safepoint: 4638 ns, Total: 121044 ns
[2020-05-16T10:50:50.724+0000][15960][safepoint    ] Safepoint "Cleanup", Time since last: 1000421565 ns, Reaching safepoint: 140058 ns, At safepoint: 6029 ns, Total: 146087 ns
[2020-05-16T10:50:51.724+0000][15960][safepoint    ] Safepoint "Cleanup", Time since last: 1000130318 ns, Reaching safepoint: 100174 ns, At safepoint: 2783 ns, Total: 102957 ns
[2020-05-16T10:50:52.725+0000][15960][safepoint    ] Safepoint "Cleanup", Time since last: 1000717449 ns, Reaching safepoint: 168348 ns, At safepoint: 7420 ns, Total: 175768 ns
[2020-05-16T10:50:53.726+0000][15960][safepoint    ] Safepoint "Cleanup", Time since last: 1000483710 ns, Reaching safepoint: 121507 ns, At safepoint: 5101 ns, Total: 126608 ns
[2020-05-16T10:50:55.726+0000][15960][safepoint    ] Safepoint "Cleanup", Time since last: 2000372870 ns, Reaching safepoint: 135420 ns, At safepoint: 5565 ns, Total: 140985 ns
[2020-05-16T10:50:56.727+0000][15960][safepoint    ] Safepoint "Cleanup", Time since last: 1000387710 ns, Reaching safepoint: 119189 ns, At safepoint: 4637 ns, Total: 123826 ns
[2020-05-16T10:50:57.728+0000][15960][safepoint    ] Safepoint "Cleanup", Time since last: 1000726725 ns, Reaching safepoint: 282898 ns, At safepoint: 14377 ns, Total: 297275 ns
[2020-05-16T10:50:59.728+0000][15960][safepoint    ] Safepoint "Cleanup", Time since last: 1999931362 ns, Reaching safepoint: 88580 ns, At safepoint: 3246 ns, Total: 91826 ns
[2020-05-16T10:51:00.729+0000][15960][safepoint    ] Safepoint "Cleanup", Time since last: 1000790261 ns, Reaching safepoint: 149797 ns, At safepoint: 2782 ns, Total: 152579 ns
[2020-05-16T10:51:01.729+0000][15960][safepoint    ] Safepoint "Cleanup", Time since last: 1000422957 ns, Reaching safepoint: 137739 ns, At safepoint: 7420 ns, Total: 145159 ns
[2020-05-16T10:51:02.730+0000][15960][safepoint    ] Safepoint "Cleanup", Time since last: 1000496232 ns, Reaching safepoint: 166492 ns, At safepoint: 8812 ns, Total: 175304 ns
[2020-05-16T10:51:03.730+0000][15960][safepoint    ] Safepoint "Cleanup", Time since last: 1000036174 ns, Reaching safepoint: 117333 ns, At safepoint: 6493 ns, Total: 123826 ns
[2020-05-16T10:51:04.731+0000][15960][safepoint    ] Safepoint "Cleanup", Time since last: 1000460058 ns, Reaching safepoint: 121971 ns, At safepoint: 2782 ns, Total: 124753 ns
[2020-05-16T10:51:06.731+0000][15960][safepoint    ] Safepoint "Cleanup", Time since last: 1999959652 ns, Reaching safepoint: 137739 ns, At safepoint: 6493 ns, Total: 144232 ns
[2020-05-16T10:51:07.731+0000][15960][safepoint    ] Safepoint "Cleanup", Time since last: 1000108058 ns, Reaching safepoint: 119189 ns, At safepoint: 6492 ns, Total: 125681 ns
[2020-05-16T10:51:08.732+0000][15960][safepoint    ] Safepoint "Cleanup", Time since last: 1000689623 ns, Reaching safepoint: 115478 ns, At safepoint: 4638 ns, Total: 120116 ns
[2020-05-16T10:51:09.732+0000][15960][safepoint    ] Safepoint "Cleanup", Time since last: 1000367768 ns, Reaching safepoint: 131710 ns, At safepoint: 6493 ns, Total: 138203 ns
[2020-05-16T10:51:11.733+0000][15960][safepoint    ] Safepoint "Cleanup", Time since last: 2000714666 ns, Reaching safepoint: 152580 ns, At safepoint: 6493 ns, Total: 159073 ns
[2020-05-16T10:51:13.734+0000][15960][safepoint    ] Safepoint "Cleanup", Time since last: 2000031536 ns, Reaching safepoint: 150724 ns, At safepoint: 5566 ns, Total: 156290 ns
[2020-05-16T10:51:15.734+0000][15960][safepoint    ] Safepoint "Cleanup", Time since last: 2000437333 ns, Reaching safepoint: 121971 ns, At safepoint: 4637 ns, Total: 126608 ns
[2020-05-16T10:51:16.734+0000][15960][safepoint    ] Safepoint "Cleanup", Time since last: 1000107131 ns, Reaching safepoint: 123362 ns, At safepoint: 4174 ns, Total: 127536 ns
[2020-05-16T10:51:17.813+0000][15960][safepoint    ] Safepoint "Cleanup", Time since last: 1079245876 ns, Reaching safepoint: 119652 ns, At safepoint: 6493 ns, Total: 126145 ns
[2020-05-16T10:51:18.815+0000][15960][safepoint    ] Safepoint "Cleanup", Time since last: 1000877449 ns, Reaching safepoint: 126145 ns, At safepoint: 7420 ns, Total: 133565 ns
[2020-05-16T10:51:19.816+0000][15960][safepoint    ] Safepoint "Cleanup", Time since last: 1000619130 ns, Reaching safepoint: 123362 ns, At safepoint: 4638 ns, Total: 128000 ns
[2020-05-16T10:51:20.816+0000][15960][safepoint    ] Safepoint "Cleanup", Time since last: 1000578319 ns, Reaching safepoint: 134956 ns, At safepoint: 4638 ns, Total: 139594 ns
[2020-05-16T10:51:21.817+0000][15960][safepoint    ] Safepoint "Cleanup", Time since last: 1000464695 ns, Reaching safepoint: 99710 ns, At safepoint: 4174 ns, Total: 103884 ns
[2020-05-16T10:51:22.817+0000][15960][safepoint    ] Safepoint "Cleanup", Time since last: 1000358029 ns, Reaching safepoint: 118725 ns, At safepoint: 4637 ns, Total: 123362 ns
[2020-05-16T10:51:23.818+0000][15960][safepoint    ] Safepoint "Cleanup", Time since last: 1000336232 ns, Reaching safepoint: 104812 ns, At safepoint: 4637 ns, Total: 109449 ns
[2020-05-16T10:51:24.819+0000][15960][safepoint    ] Safepoint "Cleanup", Time since last: 1000699362 ns, Reaching safepoint: 123363 ns, At safepoint: 4173 ns, Total: 127536 ns
[2020-05-16T10:51:25.819+0000][15960][safepoint    ] Safepoint "Cleanup", Time since last: 1000305160 ns, Reaching safepoint: 115478 ns, At safepoint: 4174 ns, Total: 119652 ns
[2020-05-16T10:51:26.819+0000][15960][safepoint    ] Safepoint "Cleanup", Time since last: 1000420637 ns, Reaching safepoint: 125681 ns, At safepoint: 7885 ns, Total: 133566 ns
[2020-05-16T10:51:27.820+0000][15960][safepoint    ] Safepoint "Cleanup", Time since last: 1000791651 ns, Reaching safepoint: 103421 ns, At safepoint: 5101 ns, Total: 108522 ns
[2020-05-16T10:51:28.821+0000][15960][safepoint    ] Safepoint "Cleanup", Time since last: 1000877449 ns, Reaching safepoint: 102956 ns, At safepoint: 4638 ns, Total: 107594 ns
[2020-05-16T10:51:29.822+0000][15960][safepoint    ] Safepoint "Cleanup", Time since last: 1000007420 ns, Reaching safepoint: 143305 ns, At safepoint: 4637 ns, Total: 147942 ns
[2020-05-16T10:51:30.822+0000][15960][safepoint    ] Safepoint "Cleanup", Time since last: 1000725333 ns, Reaching safepoint: 106667 ns, At safepoint: 4638 ns, Total: 111305 ns
[2020-05-16T10:51:31.823+0000][15960][safepoint    ] Safepoint "Cleanup", Time since last: 1000460521 ns, Reaching safepoint: 123362 ns, At safepoint: 5102 ns, Total: 128464 ns
[2020-05-16T10:51:32.824+0000][15960][safepoint    ] Safepoint "Cleanup", Time since last: 1000677101 ns, Reaching safepoint: 132638 ns, At safepoint: 7884 ns, Total: 140522 ns
[2020-05-16T10:51:33.825+0000][15960][safepoint    ] Safepoint "Cleanup", Time since last: 1000643709 ns, Reaching safepoint: 104812 ns, At safepoint: 4174 ns, Total: 108986 ns
[2020-05-16T10:51:35.825+0000][15960][safepoint    ] Safepoint "Cleanup", Time since last: 2000027826 ns, Reaching safepoint: 106667 ns, At safepoint: 6492 ns, Total: 113159 ns
[2020-05-16T10:51:36.826+0000][15960][safepoint    ] Safepoint "Cleanup", Time since last: 1000887188 ns, Reaching safepoint: 112696 ns, At safepoint: 4638 ns, Total: 117334 ns
[2020-05-16T10:51:37.826+0000][15960][safepoint    ] Safepoint "Cleanup", Time since last: 1000447999 ns, Reaching safepoint: 268986 ns, At safepoint: 8811 ns, Total: 277797 ns
[2020-05-16T10:51:39.827+0000][15960][safepoint    ] Safepoint "Cleanup", Time since last: 2000594087 ns, Reaching safepoint: 305623 ns, At safepoint: 17160 ns, Total: 322783 ns
[2020-05-16T10:51:41.828+0000][15960][safepoint    ] Safepoint "Cleanup", Time since last: 2000098318 ns, Reaching safepoint: 152580 ns, At safepoint: 8348 ns, Total: 160928 ns
[2020-05-16T10:51:42.828+0000][15960][safepoint    ] Safepoint "Cleanup", Time since last: 1000126608 ns, Reaching safepoint: 396986 ns, At safepoint: 59826 ns, Total: 456812 ns
[2020-05-16T10:51:44.828+0000][15960][safepoint    ] Safepoint "Cleanup", Time since last: 1999920232 ns, Reaching safepoint: 290782 ns, At safepoint: 7420 ns, Total: 298202 ns
[2020-05-16T10:51:46.829+0000][15960][safepoint    ] Safepoint "Cleanup", Time since last: 2000623768 ns, Reaching safepoint: 119189 ns, At safepoint: 4637 ns, Total: 123826 ns
[2020-05-16T10:51:47.830+0000][15960][safepoint    ] Safepoint "Cleanup", Time since last: 1000562551 ns, Reaching safepoint: 135884 ns, At safepoint: 6493 ns, Total: 142377 ns
[2020-05-16T10:51:49.831+0000][15960][safepoint    ] Safepoint "Cleanup", Time since last: 2000563941 ns, Reaching safepoint: 119652 ns, At safepoint: 4174 ns, Total: 123826 ns
[2020-05-16T10:51:51.805+0000][15960][safepoint    ] Safepoint "Cleanup", Time since last: 1974745983 ns, Reaching safepoint: 132174 ns, At safepoint: 14377 ns, Total: 146551 ns
[2020-05-16T10:51:52.857+0000][15960][safepoint    ] Safepoint "Cleanup", Time since last: 1051443918 ns, Reaching safepoint: 122435 ns, At safepoint: 4174 ns, Total: 126609 ns
[2020-05-16T10:51:53.858+0000][15960][safepoint    ] Safepoint "Cleanup", Time since last: 1000365449 ns, Reaching safepoint: 114087 ns, At safepoint: 6492 ns, Total: 120579 ns
[2020-05-16T10:51:54.858+0000][15960][safepoint    ] Safepoint "Cleanup", Time since last: 1000040348 ns, Reaching safepoint: 116870 ns, At safepoint: 6029 ns, Total: 122899 ns
[2020-05-16T10:51:55.858+0000][15960][safepoint    ] Safepoint "Cleanup", Time since last: 1000102492 ns, Reaching safepoint: 116870 ns, At safepoint: 4174 ns, Total: 121044 ns
[2020-05-16T10:51:56.858+0000][15960][safepoint    ] Safepoint "Cleanup", Time since last: 1000080695 ns, Reaching safepoint: 105276 ns, At safepoint: 6492 ns, Total: 111768 ns
[2020-05-16T10:51:57.859+0000][15960][safepoint    ] Safepoint "Cleanup", Time since last: 1000924754 ns, Reaching safepoint: 106666 ns, At safepoint: 4174 ns, Total: 110840 ns
[2020-05-16T10:51:58.860+0000][15960][safepoint    ] Safepoint "Cleanup", Time since last: 1000775884 ns, Reaching safepoint: 110840 ns, At safepoint: 4174 ns, Total: 115014 ns
[2020-05-16T10:51:59.861+0000][15960][safepoint    ] Safepoint "Cleanup", Time since last: 1000404406 ns, Reaching safepoint: 103884 ns, At safepoint: 4638 ns, Total: 108522 ns
[2020-05-16T10:52:00.861+0000][15960][safepoint    ] Safepoint "Cleanup", Time since last: 1000841275 ns, Reaching safepoint: 121043 ns, At safepoint: 4174 ns, Total: 125217 ns
[2020-05-16T10:52:01.862+0000][15960][safepoint    ] Safepoint "Cleanup", Time since last: 1000689159 ns, Reaching safepoint: 96000 ns, At safepoint: 4638 ns, Total: 100638 ns
[2020-05-16T10:52:02.863+0000][15960][safepoint    ] Safepoint "Cleanup", Time since last: 1000361739 ns, Reaching safepoint: 122898 ns, At safepoint: 4174 ns, Total: 127072 ns
[2020-05-16T10:52:04.864+0000][15960][safepoint    ] Safepoint "Cleanup", Time since last: 2000762898 ns, Reaching safepoint: 108058 ns, At safepoint: 4174 ns, Total: 112232 ns
[2020-05-16T10:52:06.865+0000][15960][safepoint    ] Safepoint "Cleanup", Time since last: 2000770782 ns, Reaching safepoint: 110377 ns, At safepoint: 4638 ns, Total: 115015 ns
[2020-05-16T10:52:07.866+0000][15960][safepoint    ] Safepoint "Cleanup", Time since last: 1000942840 ns, Reaching safepoint: 109913 ns, At safepoint: 4638 ns, Total: 114551 ns
[2020-05-16T10:52:08.866+0000][15960][safepoint    ] Safepoint "Cleanup", Time since last: 1000131246 ns, Reaching safepoint: 110377 ns, At safepoint: 4637 ns, Total: 115014 ns
[2020-05-16T10:52:09.866+0000][15960][safepoint    ] Safepoint "Cleanup", Time since last: 1000482319 ns, Reaching safepoint: 102493 ns, At safepoint: 4174 ns, Total: 106667 ns
[2020-05-16T10:52:10.867+0000][15960][safepoint    ] Safepoint "Cleanup", Time since last: 1000243014 ns, Reaching safepoint: 102029 ns, At safepoint: 4174 ns, Total: 106203 ns
[2020-05-16T10:52:11.867+0000][15960][safepoint    ] Safepoint "Cleanup", Time since last: 1000023652 ns, Reaching safepoint: 117797 ns, At safepoint: 4638 ns, Total: 122435 ns
[2020-05-16T10:52:13.867+0000][15960][safepoint    ] Safepoint "Cleanup", Time since last: 2000304231 ns, Reaching safepoint: 96000 ns, At safepoint: 4638 ns, Total: 100638 ns
[2020-05-16T10:52:14.868+0000][15960][safepoint    ] Safepoint "Cleanup", Time since last: 1000640927 ns, Reaching safepoint: 96464 ns, At safepoint: 5101 ns, Total: 101565 ns
[2020-05-16T10:52:15.869+0000][15960][safepoint    ] Safepoint "Cleanup", Time since last: 1000699362 ns, Reaching safepoint: 96000 ns, At safepoint: 4638 ns, Total: 100638 ns
[2020-05-16T10:52:16.869+0000][15960][safepoint    ] Safepoint "Cleanup", Time since last: 1000500869 ns, Reaching safepoint: 287073 ns, At safepoint: 7420 ns, Total: 294493 ns
[2020-05-16T10:52:18.870+0000][15960][safepoint    ] Safepoint "Cleanup", Time since last: 2000247652 ns, Reaching safepoint: 130783 ns, At safepoint: 7420 ns, Total: 138203 ns
[2020-05-16T10:52:19.871+0000][15960][safepoint    ] Safepoint "Cleanup", Time since last: 1000469333 ns, Reaching safepoint: 121043 ns, At safepoint: 4638 ns, Total: 125681 ns
[2020-05-16T10:52:20.871+0000][15960][safepoint    ] Safepoint "Cleanup", Time since last: 1000182261 ns, Reaching safepoint: 103420 ns, At safepoint: 5102 ns, Total: 108522 ns
[2020-05-16T10:52:21.871+0000][15960][safepoint    ] Safepoint "Cleanup", Time since last: 1000141449 ns, Reaching safepoint: 112695 ns, At safepoint: 4638 ns, Total: 117333 ns
[2020-05-16T10:52:22.872+0000][15960][safepoint    ] Safepoint "Cleanup", Time since last: 1000152580 ns, Reaching safepoint: 98318 ns, At safepoint: 4638 ns, Total: 102956 ns
[2020-05-16T10:52:23.872+0000][15960][safepoint    ] Safepoint "Cleanup", Time since last: 1000040348 ns, Reaching safepoint: 96927 ns, At safepoint: 4638 ns, Total: 101565 ns
[2020-05-16T10:52:24.872+0000][15960][safepoint    ] Safepoint "Cleanup", Time since last: 1000638145 ns, Reaching safepoint: 120579 ns, At safepoint: 4174 ns, Total: 124753 ns
[2020-05-16T10:52:25.873+0000][15960][safepoint    ] Safepoint "Cleanup", Time since last: 1000791652 ns, Reaching safepoint: 101102 ns, At safepoint: 4637 ns, Total: 105739 ns
[2020-05-16T10:52:26.874+0000][15960][safepoint    ] Safepoint "Cleanup", Time since last: 1000859826 ns, Reaching safepoint: 122898 ns, At safepoint: 4638 ns, Total: 127536 ns
[2020-05-16T10:52:27.875+0000][15960][safepoint    ] Safepoint "Cleanup", Time since last: 1000681739 ns, Reaching safepoint: 98319 ns, At safepoint: 4637 ns, Total: 102956 ns
[2020-05-16T10:52:28.876+0000][15960][safepoint    ] Safepoint "Cleanup", Time since last: 1000448464 ns, Reaching safepoint: 142840 ns, At safepoint: 6493 ns, Total: 149333 ns
[2020-05-16T10:52:29.876+0000][15960][safepoint    ] Safepoint "Cleanup", Time since last: 1000685449 ns, Reaching safepoint: 147942 ns, At safepoint: 7884 ns, Total: 155826 ns
[2020-05-16T10:52:31.877+0000][15960][safepoint    ] Safepoint "Cleanup", Time since last: 2000272696 ns, Reaching safepoint: 110376 ns, At safepoint: 4174 ns, Total: 114550 ns
[2020-05-16T10:52:32.878+0000][15960][safepoint    ] Safepoint "Cleanup", Time since last: 1000782841 ns, Reaching safepoint: 168347 ns, At safepoint: 6957 ns, Total: 175304 ns
[2020-05-16T10:52:34.878+0000][15960][safepoint    ] Safepoint "Cleanup", Time since last: 1999976811 ns, Reaching safepoint: 140522 ns, At safepoint: 4638 ns, Total: 145160 ns
[2020-05-16T10:52:35.879+0000][15960][safepoint    ] Safepoint "Cleanup", Time since last: 1000569971 ns, Reaching safepoint: 124753 ns, At safepoint: 4174 ns, Total: 128927 ns
[2020-05-16T10:52:37.879+0000][15960][safepoint    ] Safepoint "Cleanup", Time since last: 2000059362 ns, Reaching safepoint: 143768 ns, At safepoint: 6493 ns, Total: 150261 ns
[2020-05-16T10:52:38.879+0000][15960][safepoint    ] Safepoint "Cleanup", Time since last: 1000286609 ns, Reaching safepoint: 118261 ns, At safepoint: 7884 ns, Total: 126145 ns
[2020-05-16T10:52:39.879+0000][15960][safepoint    ] Safepoint "Cleanup", Time since last: 1000071420 ns, Reaching safepoint: 142377 ns, At safepoint: 3710 ns, Total: 146087 ns
[2020-05-16T10:52:40.880+0000][15960][safepoint    ] Safepoint "Cleanup", Time since last: 1000796753 ns, Reaching safepoint: 129391 ns, At safepoint: 5565 ns, Total: 134956 ns
[2020-05-16T10:52:41.881+0000][15960][safepoint    ] Safepoint "Cleanup", Time since last: 1000037566 ns, Reaching safepoint: 124753 ns, At safepoint: 7420 ns, Total: 132173 ns
[2020-05-16T10:52:42.881+0000][15960][safepoint    ] Safepoint "Cleanup", Time since last: 1000353855 ns, Reaching safepoint: 134957 ns, At safepoint: 5101 ns, Total: 140058 ns
[2020-05-16T10:52:43.882+0000][15960][safepoint    ] Safepoint "Cleanup", Time since last: 1000364522 ns, Reaching safepoint: 125681 ns, At safepoint: 6029 ns, Total: 131710 ns
[2020-05-16T10:52:44.882+0000][15960][safepoint    ] Safepoint "Cleanup", Time since last: 1000528695 ns, Reaching safepoint: 110841 ns, At safepoint: 4638 ns, Total: 115479 ns
[2020-05-16T10:52:45.883+0000][15960][safepoint    ] Safepoint "Cleanup", Time since last: 1000444289 ns, Reaching safepoint: 126145 ns, At safepoint: 7420 ns, Total: 133565 ns
[2020-05-16T10:52:46.884+0000][15960][safepoint    ] Safepoint "Cleanup", Time since last: 1000614029 ns, Reaching safepoint: 101565 ns, At safepoint: 12986 ns, Total: 114551 ns
[2020-05-16T10:52:47.884+0000][15960][safepoint    ] Safepoint "Cleanup", Time since last: 1000731362 ns, Reaching safepoint: 166956 ns, At safepoint: 6957 ns, Total: 173913 ns
[2020-05-16T10:52:48.885+0000][15960][safepoint    ] Safepoint "Cleanup", Time since last: 1000269913 ns, Reaching safepoint: 112231 ns, At safepoint: 4638 ns, Total: 116869 ns
[2020-05-16T10:52:49.885+0000][15960][safepoint    ] Safepoint "Cleanup", Time since last: 1000183188 ns, Reaching safepoint: 124754 ns, At safepoint: 7884 ns, Total: 132638 ns
[2020-05-16T10:52:50.886+0000][15960][safepoint    ] Safepoint "Cleanup", Time since last: 1000558840 ns, Reaching safepoint: 116870 ns, At safepoint: 4638 ns, Total: 121508 ns
[2020-05-16T10:52:51.887+0000][15960][safepoint    ] Safepoint "Cleanup", Time since last: 1000862608 ns, Reaching safepoint: 122898 ns, At safepoint: 6493 ns, Total: 129391 ns
[2020-05-16T10:52:52.887+0000][15960][safepoint    ] Safepoint "Cleanup", Time since last: 1000071420 ns, Reaching safepoint: 126145 ns, At safepoint: 7421 ns, Total: 133566 ns
[2020-05-16T10:52:53.888+0000][15960][safepoint    ] Safepoint "Cleanup", Time since last: 1000537970 ns, Reaching safepoint: 102957 ns, At safepoint: 4174 ns, Total: 107131 ns
[2020-05-16T10:52:54.888+0000][15960][safepoint    ] Safepoint "Cleanup", Time since last: 1000413217 ns, Reaching safepoint: 99710 ns, At safepoint: 6029 ns, Total: 105739 ns
[2020-05-16T10:52:55.889+0000][15960][safepoint    ] Safepoint "Cleanup", Time since last: 1000566724 ns, Reaching safepoint: 124754 ns, At safepoint: 4638 ns, Total: 129392 ns
[2020-05-16T10:52:56.890+0000][15960][safepoint    ] Safepoint "Cleanup", Time since last: 1000782376 ns, Reaching safepoint: 121507 ns, At safepoint: 7420 ns, Total: 128927 ns
[2020-05-16T10:52:57.891+0000][15960][safepoint    ] Safepoint "Cleanup", Time since last: 1000864928 ns, Reaching safepoint: 145159 ns, At safepoint: 7420 ns, Total: 152579 ns
[2020-05-16T10:52:58.892+0000][15960][safepoint    ] Safepoint "Cleanup", Time since last: 1000608000 ns, Reaching safepoint: 108985 ns, At safepoint: 6029 ns, Total: 115014 ns
[2020-05-16T10:52:59.892+0000][15960][safepoint    ] Safepoint "Cleanup", Time since last: 1000061218 ns, Reaching safepoint: 120579 ns, At safepoint: 4174 ns, Total: 124753 ns
[2020-05-16T10:53:00.892+0000][15960][safepoint    ] Safepoint "Cleanup", Time since last: 1000651130 ns, Reaching safepoint: 104812 ns, At safepoint: 4638 ns, Total: 109450 ns
[2020-05-16T10:53:01.893+0000][15960][safepoint    ] Safepoint "Cleanup", Time since last: 1000079304 ns, Reaching safepoint: 104348 ns, At safepoint: 4637 ns, Total: 108985 ns
[2020-05-16T10:53:02.893+0000][15960][safepoint    ] Safepoint "Cleanup", Time since last: 1000504116 ns, Reaching safepoint: 218435 ns, At safepoint: 5565 ns, Total: 224000 ns
[2020-05-16T10:53:03.894+0000][15960][safepoint    ] Safepoint "Cleanup", Time since last: 1000371014 ns, Reaching safepoint: 160928 ns, At safepoint: 6956 ns, Total: 167884 ns
[2020-05-16T10:53:04.895+0000][15960][safepoint    ] Safepoint "Cleanup", Time since last: 1000562087 ns, Reaching safepoint: 123362 ns, At safepoint: 4174 ns, Total: 127536 ns
[2020-05-16T10:53:05.895+0000][15960][safepoint    ] Safepoint "Cleanup", Time since last: 1000072812 ns, Reaching safepoint: 122898 ns, At safepoint: 4638 ns, Total: 127536 ns
[2020-05-16T10:53:07.896+0000][15960][safepoint    ] Safepoint "Cleanup", Time since last: 2000806492 ns, Reaching safepoint: 106667 ns, At safepoint: 6029 ns, Total: 112696 ns
[2020-05-16T10:53:08.896+0000][15960][safepoint    ] Safepoint "Cleanup", Time since last: 1000227710 ns, Reaching safepoint: 106667 ns, At safepoint: 4174 ns, Total: 110841 ns
[2020-05-16T10:53:09.897+0000][15960][safepoint    ] Safepoint "Cleanup", Time since last: 1000680347 ns, Reaching safepoint: 112232 ns, At safepoint: 4638 ns, Total: 116870 ns
[2020-05-16T10:53:11.897+0000][15960][safepoint    ] Safepoint "Cleanup", Time since last: 2000505507 ns, Reaching safepoint: 122434 ns, At safepoint: 4174 ns, Total: 126608 ns
[2020-05-16T10:53:12.898+0000][15960][safepoint    ] Safepoint "Cleanup", Time since last: 1000064000 ns, Reaching safepoint: 122435 ns, At safepoint: 4638 ns, Total: 127073 ns
[2020-05-16T10:53:13.898+0000][15960][safepoint    ] Safepoint "Cleanup", Time since last: 1000582956 ns, Reaching safepoint: 128464 ns, At safepoint: 4173 ns, Total: 132637 ns
[2020-05-16T10:53:14.899+0000][15960][safepoint    ] Safepoint "Cleanup", Time since last: 1000009276 ns, Reaching safepoint: 84406 ns, At safepoint: 4637 ns, Total: 89043 ns
[2020-05-16T10:53:15.899+0000][15960][safepoint    ] Safepoint "Cleanup", Time since last: 1000594551 ns, Reaching safepoint: 122434 ns, At safepoint: 4638 ns, Total: 127072 ns
[2020-05-16T10:53:16.900+0000][15960][safepoint    ] Safepoint "Cleanup", Time since last: 1000314435 ns, Reaching safepoint: 95536 ns, At safepoint: 4638 ns, Total: 100174 ns
[2020-05-16T10:53:17.900+0000][15960][safepoint    ] Safepoint "Cleanup", Time since last: 1000646492 ns, Reaching safepoint: 129391 ns, At safepoint: 2783 ns, Total: 132174 ns
[2020-05-16T10:53:18.901+0000][15960][safepoint    ] Safepoint "Cleanup", Time since last: 1000400695 ns, Reaching safepoint: 103421 ns, At safepoint: 4174 ns, Total: 107595 ns
[2020-05-16T10:53:19.901+0000][15960][safepoint    ] Safepoint "Cleanup", Time since last: 1000397912 ns, Reaching safepoint: 110841 ns, At safepoint: 4174 ns, Total: 115015 ns
[2020-05-16T10:53:20.902+0000][15960][safepoint    ] Safepoint "Cleanup", Time since last: 1000880231 ns, Reaching safepoint: 140986 ns, At safepoint: 8811 ns, Total: 149797 ns
[2020-05-16T10:53:21.903+0000][15960][safepoint    ] Safepoint "Cleanup", Time since last: 1000046377 ns, Reaching safepoint: 111304 ns, At safepoint: 4638 ns, Total: 115942 ns
[2020-05-16T10:53:22.903+0000][15960][safepoint    ] Safepoint "Cleanup", Time since last: 1000307942 ns, Reaching safepoint: 106667 ns, At safepoint: 4637 ns, Total: 111304 ns
[2020-05-16T10:53:23.904+0000][15960][safepoint    ] Safepoint "Cleanup", Time since last: 1000480928 ns, Reaching safepoint: 119188 ns, At safepoint: 4174 ns, Total: 123362 ns
[2020-05-16T10:53:24.904+0000][15960][safepoint    ] Safepoint "Cleanup", Time since last: 1000726724 ns, Reaching safepoint: 113160 ns, At safepoint: 4173 ns, Total: 117333 ns
[2020-05-16T10:53:25.905+0000][15960][safepoint    ] Safepoint "Cleanup", Time since last: 1000811594 ns, Reaching safepoint: 114551 ns, At safepoint: 4174 ns, Total: 118725 ns
[2020-05-16T10:53:26.906+0000][15960][safepoint    ] Safepoint "Cleanup", Time since last: 1000216579 ns, Reaching safepoint: 122899 ns, At safepoint: 4174 ns, Total: 127073 ns
[2020-05-16T10:53:27.906+0000][15960][safepoint    ] Safepoint "Cleanup", Time since last: 1000363594 ns, Reaching safepoint: 122898 ns, At safepoint: 4174 ns, Total: 127072 ns
[2020-05-16T10:53:28.907+0000][15960][safepoint    ] Safepoint "Cleanup", Time since last: 1000317681 ns, Reaching safepoint: 119189 ns, At safepoint: 4174 ns, Total: 123363 ns
[2020-05-16T10:53:29.908+0000][15960][safepoint    ] Safepoint "Cleanup", Time since last: 1000810666 ns, Reaching safepoint: 124290 ns, At safepoint: 4174 ns, Total: 128464 ns
[2020-05-16T10:53:30.908+0000][15960][safepoint    ] Safepoint "Cleanup", Time since last: 1000258318 ns, Reaching safepoint: 121971 ns, At safepoint: 4638 ns, Total: 126609 ns
[2020-05-16T10:53:31.908+0000][15960][safepoint    ] Safepoint "Cleanup", Time since last: 1000262493 ns, Reaching safepoint: 123362 ns, At safepoint: 4174 ns, Total: 127536 ns
[2020-05-16T10:53:32.909+0000][15960][safepoint    ] Safepoint "Cleanup", Time since last: 1000770782 ns, Reaching safepoint: 130783 ns, At safepoint: 6492 ns, Total: 137275 ns
[2020-05-16T10:53:33.910+0000][15960][safepoint    ] Safepoint "Cleanup", Time since last: 1000838956 ns, Reaching safepoint: 148406 ns, At safepoint: 7420 ns, Total: 155826 ns
[2020-05-16T10:53:34.911+0000][15960][safepoint    ] Safepoint "Cleanup", Time since last: 1000794899 ns, Reaching safepoint: 98782 ns, At safepoint: 4638 ns, Total: 103420 ns
[2020-05-16T10:53:35.912+0000][15960][safepoint    ] Safepoint "Cleanup", Time since last: 1000730898 ns, Reaching safepoint: 111768 ns, At safepoint: 4174 ns, Total: 115942 ns
[2020-05-16T10:53:37.912+0000][15960][safepoint    ] Safepoint "Cleanup", Time since last: 2000137275 ns, Reaching safepoint: 106667 ns, At safepoint: 4174 ns, Total: 110841 ns
[2020-05-16T10:53:39.913+0000][15960][safepoint    ] Safepoint "Cleanup", Time since last: 2000217043 ns, Reaching safepoint: 96928 ns, At safepoint: 5101 ns, Total: 102029 ns
[2020-05-16T10:53:41.913+0000][15960][safepoint    ] Safepoint "Cleanup", Time since last: 2000595014 ns, Reaching safepoint: 82087 ns, At safepoint: 3247 ns, Total: 85334 ns
[2020-05-16T10:53:42.914+0000][15960][safepoint    ] Safepoint "Cleanup", Time since last: 1000537507 ns, Reaching safepoint: 144232 ns, At safepoint: 6956 ns, Total: 151188 ns
[2020-05-16T10:53:43.914+0000][15960][safepoint    ] Safepoint "Cleanup", Time since last: 1000110841 ns, Reaching safepoint: 121043 ns, At safepoint: 4174 ns, Total: 125217 ns
[2020-05-16T10:53:45.915+0000][15960][safepoint    ] Safepoint "Cleanup", Time since last: 2000659014 ns, Reaching safepoint: 123826 ns, At safepoint: 4638 ns, Total: 128464 ns
[2020-05-16T10:53:46.916+0000][15960][safepoint    ] Safepoint "Cleanup", Time since last: 1000697970 ns, Reaching safepoint: 109450 ns, At safepoint: 4637 ns, Total: 114087 ns
[2020-05-16T10:53:47.917+0000][15960][safepoint    ] Safepoint "Cleanup", Time since last: 1000580638 ns, Reaching safepoint: 122435 ns, At safepoint: 4637 ns, Total: 127072 ns
[2020-05-16T10:53:49.918+0000][15960][safepoint    ] Safepoint "Cleanup", Time since last: 2000948869 ns, Reaching safepoint: 119189 ns, At safepoint: 4637 ns, Total: 123826 ns
[2020-05-16T10:53:50.918+0000][15960][safepoint    ] Safepoint "Cleanup", Time since last: 1000257392 ns, Reaching safepoint: 120579 ns, At safepoint: 4638 ns, Total: 125217 ns
[2020-05-16T10:53:51.919+0000][15960][safepoint    ] Safepoint "Cleanup", Time since last: 1000614492 ns, Reaching safepoint: 101565 ns, At safepoint: 6493 ns, Total: 108058 ns
[2020-05-16T10:53:52.919+0000][15960][safepoint    ] Safepoint "Cleanup", Time since last: 1000578319 ns, Reaching safepoint: 128927 ns, At safepoint: 4638 ns, Total: 133565 ns
[2020-05-16T10:53:53.920+0000][15960][safepoint    ] Safepoint "Cleanup", Time since last: 1000102493 ns, Reaching safepoint: 161855 ns, At safepoint: 6492 ns, Total: 168347 ns
[2020-05-16T10:53:54.920+0000][15960][safepoint    ] Safepoint "Cleanup", Time since last: 1000687768 ns, Reaching safepoint: 122435 ns, At safepoint: 4174 ns, Total: 126609 ns
[2020-05-16T10:53:55.921+0000][15960][safepoint    ] Safepoint "Cleanup", Time since last: 1000622840 ns, Reaching safepoint: 109449 ns, At safepoint: 4174 ns, Total: 113623 ns
[2020-05-16T10:53:56.922+0000][15960][safepoint    ] Safepoint "Cleanup", Time since last: 1000539362 ns, Reaching safepoint: 103421 ns, At safepoint: 4637 ns, Total: 108058 ns
[2020-05-16T10:53:57.922+0000][15960][safepoint    ] Safepoint "Cleanup", Time since last: 1000100174 ns, Reaching safepoint: 136348 ns, At safepoint: 4638 ns, Total: 140986 ns
[2020-05-16T10:53:58.923+0000][15960][safepoint    ] Safepoint "Cleanup", Time since last: 1000483246 ns, Reaching safepoint: 112232 ns, At safepoint: 6029 ns, Total: 118261 ns
[2020-05-16T10:53:59.923+0000][15960][safepoint    ] Safepoint "Cleanup", Time since last: 1000158608 ns, Reaching safepoint: 105739 ns, At safepoint: 4174 ns, Total: 109913 ns
[2020-05-16T10:54:00.924+0000][15960][safepoint    ] Safepoint "Cleanup", Time since last: 1000864000 ns, Reaching safepoint: 97391 ns, At safepoint: 4174 ns, Total: 101565 ns
[2020-05-16T10:54:01.925+0000][15960][safepoint    ] Safepoint "Cleanup", Time since last: 1000610319 ns, Reaching safepoint: 116869 ns, At safepoint: 6029 ns, Total: 122898 ns
[2020-05-16T10:54:02.926+0000][15960][safepoint    ] Safepoint "Cleanup", Time since last: 1000787014 ns, Reaching safepoint: 104348 ns, At safepoint: 2783 ns, Total: 107131 ns
[2020-05-16T10:54:03.926+0000][15960][safepoint    ] Safepoint "Cleanup", Time since last: 1000007420 ns, Reaching safepoint: 110377 ns, At safepoint: 4637 ns, Total: 115014 ns
[2020-05-16T10:54:04.927+0000][15960][safepoint    ] Safepoint "Cleanup", Time since last: 1000733217 ns, Reaching safepoint: 115942 ns, At safepoint: 6957 ns, Total: 122899 ns
[2020-05-16T10:54:05.927+0000][15960][safepoint    ] Safepoint "Cleanup", Time since last: 1000650666 ns, Reaching safepoint: 111768 ns, At safepoint: 3247 ns, Total: 115015 ns
[2020-05-16T10:54:06.928+0000][15960][safepoint    ] Safepoint "Cleanup", Time since last: 1000091826 ns, Reaching safepoint: 124289 ns, At safepoint: 6493 ns, Total: 130782 ns
[2020-05-16T10:54:07.934+0000][15960][safepoint    ] Safepoint "Cleanup", Time since last: 1006805330 ns, Reaching safepoint: 82551 ns, At safepoint: 3246 ns, Total: 85797 ns
[2020-05-16T10:54:08.935+0000][15960][safepoint    ] Safepoint "Cleanup", Time since last: 1000431305 ns, Reaching safepoint: 135420 ns, At safepoint: 4637 ns, Total: 140057 ns
[2020-05-16T10:54:09.935+0000][15960][safepoint    ] Safepoint "Cleanup", Time since last: 1000262957 ns, Reaching safepoint: 130782 ns, At safepoint: 5566 ns, Total: 136348 ns
[2020-05-16T10:54:10.936+0000][15960][safepoint    ] Safepoint "Cleanup", Time since last: 1000493449 ns, Reaching safepoint: 121507 ns, At safepoint: 4638 ns, Total: 126145 ns
[2020-05-16T10:54:11.936+0000][15960][safepoint    ] Safepoint "Cleanup", Time since last: 1000009739 ns, Reaching safepoint: 196637 ns, At safepoint: 6493 ns, Total: 203130 ns
[2020-05-16T10:54:13.903+0000][15960][safepoint    ] Safepoint "Cleanup", Time since last: 1966450566 ns, Reaching safepoint: 121044 ns, At safepoint: 6029 ns, Total: 127073 ns
[2020-05-16T10:54:14.904+0000][15960][safepoint    ] Safepoint "Cleanup", Time since last: 1000547710 ns, Reaching safepoint: 85333 ns, At safepoint: 3246 ns, Total: 88579 ns
[2020-05-16T10:54:15.904+0000][15960][safepoint    ] Safepoint "Cleanup", Time since last: 1000269913 ns, Reaching safepoint: 119189 ns, At safepoint: 4637 ns, Total: 123826 ns
[2020-05-16T10:54:16.905+0000][15960][safepoint    ] Safepoint "Cleanup", Time since last: 1000883014 ns, Reaching safepoint: 131247 ns, At safepoint: 6492 ns, Total: 137739 ns
[2020-05-16T10:54:18.023+0000][15960][safepoint    ] Safepoint "Cleanup", Time since last: 1000081624 ns, Reaching safepoint: 117707075 ns, At safepoint: 123363 ns, Total: 117830438 ns
[2020-05-16T10:54:19.023+0000][15960][safepoint    ] Safepoint "Cleanup", Time since last: 1000299594 ns, Reaching safepoint: 116405 ns, At safepoint: 3247 ns, Total: 119652 ns
[2020-05-16T10:54:20.024+0000][15960][safepoint    ] Safepoint "Cleanup", Time since last: 1000691478 ns, Reaching safepoint: 109449 ns, At safepoint: 3710 ns, Total: 113159 ns
[2020-05-16T10:54:21.024+0000][15960][safepoint    ] Safepoint "Cleanup", Time since last: 1000024116 ns, Reaching safepoint: 94609 ns, At safepoint: 3246 ns, Total: 97855 ns
[2020-05-16T10:54:22.025+0000][15960][safepoint    ] Safepoint "Cleanup", Time since last: 1000735536 ns, Reaching safepoint: 103420 ns, At safepoint: 4638 ns, Total: 108058 ns
[2020-05-16T10:54:23.026+0000][15960][safepoint    ] Safepoint "Cleanup", Time since last: 1000730898 ns, Reaching safepoint: 144696 ns, At safepoint: 6492 ns, Total: 151188 ns
[2020-05-16T10:54:24.026+0000][15960][safepoint    ] Safepoint "Cleanup", Time since last: 1000432232 ns, Reaching safepoint: 280580 ns, At safepoint: 4637 ns, Total: 285217 ns
[2020-05-16T10:54:25.027+0000][15960][safepoint    ] Safepoint "Cleanup", Time since last: 1000241160 ns, Reaching safepoint: 129855 ns, At safepoint: 6029 ns, Total: 135884 ns
[2020-05-16T10:54:26.027+0000][15960][safepoint    ] Safepoint "Cleanup", Time since last: 1000077449 ns, Reaching safepoint: 124753 ns, At safepoint: 5102 ns, Total: 129855 ns
[2020-05-16T10:54:27.028+0000][15960][safepoint    ] Safepoint "Cleanup", Time since last: 1000601971 ns, Reaching safepoint: 81623 ns, At safepoint: 4174 ns, Total: 85797 ns
[2020-05-16T10:54:28.028+0000][15960][safepoint    ] Safepoint "Cleanup", Time since last: 1000129391 ns, Reaching safepoint: 115478 ns, At safepoint: 5102 ns, Total: 120580 ns
[2020-05-16T10:54:30.028+0000][15960][safepoint    ] Safepoint "Cleanup", Time since last: 2000175304 ns, Reaching safepoint: 141913 ns, At safepoint: 5565 ns, Total: 147478 ns
[2020-05-16T10:54:31.029+0000][15960][safepoint    ] Safepoint "Cleanup", Time since last: 1000256928 ns, Reaching safepoint: 139594 ns, At safepoint: 5565 ns, Total: 145159 ns
[2020-05-16T10:54:33.030+0000][15960][safepoint    ] Safepoint "Cleanup", Time since last: 2000745739 ns, Reaching safepoint: 152579 ns, At safepoint: 8348 ns, Total: 160927 ns
[2020-05-16T10:54:34.030+0000][15960][safepoint    ] Safepoint "Cleanup", Time since last: 1000380290 ns, Reaching safepoint: 106203 ns, At safepoint: 4637 ns, Total: 110840 ns
[2020-05-16T10:54:35.031+0000][15960][safepoint    ] Safepoint "Cleanup", Time since last: 1000640000 ns, Reaching safepoint: 129855 ns, At safepoint: 5101 ns, Total: 134956 ns
[2020-05-16T10:54:36.031+0000][15960][safepoint    ] Safepoint "Cleanup", Time since last: 1000026435 ns, Reaching safepoint: 145160 ns, At safepoint: 5101 ns, Total: 150261 ns
[2020-05-16T10:54:37.032+0000][15960][safepoint    ] Safepoint "Cleanup", Time since last: 1000660406 ns, Reaching safepoint: 123362 ns, At safepoint: 4637 ns, Total: 127999 ns
[2020-05-16T10:54:38.032+0000][15960][safepoint    ] Safepoint "Cleanup", Time since last: 1000143769 ns, Reaching safepoint: 122898 ns, At safepoint: 6029 ns, Total: 128927 ns
[2020-05-16T10:54:39.033+0000][15960][safepoint    ] Safepoint "Cleanup", Time since last: 1000863072 ns, Reaching safepoint: 195710 ns, At safepoint: 21333 ns, Total: 217043 ns
[2020-05-16T10:54:40.033+0000][15960][safepoint    ] Safepoint "Cleanup", Time since last: 1000011131 ns, Reaching safepoint: 119652 ns, At safepoint: 4638 ns, Total: 124290 ns
[2020-05-16T10:54:41.034+0000][15960][safepoint    ] Safepoint "Cleanup", Time since last: 1000700753 ns, Reaching safepoint: 127072 ns, At safepoint: 4638 ns, Total: 131710 ns
[2020-05-16T10:54:42.035+0000][15960][safepoint    ] Safepoint "Cleanup", Time since last: 1000628869 ns, Reaching safepoint: 121971 ns, At safepoint: 4174 ns, Total: 126145 ns
[2020-05-16T10:54:43.035+0000][15960][safepoint    ] Safepoint "Cleanup", Time since last: 1000031536 ns, Reaching safepoint: 118261 ns, At safepoint: 5102 ns, Total: 123363 ns
[2020-05-16T10:54:44.036+0000][15960][safepoint    ] Safepoint "Cleanup", Time since last: 1000395594 ns, Reaching safepoint: 130782 ns, At safepoint: 6029 ns, Total: 136811 ns
[2020-05-16T10:54:46.036+0000][15960][safepoint    ] Safepoint "Cleanup", Time since last: 2000608000 ns, Reaching safepoint: 136811 ns, At safepoint: 7421 ns, Total: 144232 ns
[2020-05-16T10:54:47.037+0000][15960][safepoint    ] Safepoint "Cleanup", Time since last: 1000469797 ns, Reaching safepoint: 90898 ns, At safepoint: 3247 ns, Total: 94145 ns
[2020-05-16T10:54:48.038+0000][15960][safepoint    ] Safepoint "Cleanup", Time since last: 1000835246 ns, Reaching safepoint: 154898 ns, At safepoint: 6493 ns, Total: 161391 ns
[2020-05-16T10:54:49.038+0000][15960][safepoint    ] Safepoint "Cleanup", Time since last: 1000241623 ns, Reaching safepoint: 132174 ns, At safepoint: 7884 ns, Total: 140058 ns
[2020-05-16T10:54:50.039+0000][15960][safepoint    ] Safepoint "Cleanup", Time since last: 1000124290 ns, Reaching safepoint: 160463 ns, At safepoint: 6029 ns, Total: 166492 ns
[2020-05-16T10:54:51.039+0000][15960][safepoint    ] Safepoint "Cleanup", Time since last: 1000417391 ns, Reaching safepoint: 208232 ns, At safepoint: 10667 ns, Total: 218899 ns
[2020-05-16T10:54:52.040+0000][15960][safepoint    ] Safepoint "Cleanup", Time since last: 1000067710 ns, Reaching safepoint: 141449 ns, At safepoint: 5102 ns, Total: 146551 ns
[2020-05-16T10:54:53.040+0000][15960][safepoint    ] Safepoint "Cleanup", Time since last: 1000284289 ns, Reaching safepoint: 276406 ns, At safepoint: 6956 ns, Total: 283362 ns
[2020-05-16T10:54:54.041+0000][15960][safepoint    ] Safepoint "Cleanup", Time since last: 1000480000 ns, Reaching safepoint: 115015 ns, At safepoint: 5565 ns, Total: 120580 ns
[2020-05-16T10:54:55.041+0000][15960][safepoint    ] Safepoint "Cleanup", Time since last: 1000208232 ns, Reaching safepoint: 178550 ns, At safepoint: 12058 ns, Total: 190608 ns
[2020-05-16T10:54:56.042+0000][15960][safepoint    ] Safepoint "Cleanup", Time since last: 1000444290 ns, Reaching safepoint: 166956 ns, At safepoint: 7421 ns, Total: 174377 ns
[2020-05-16T10:54:58.042+0000][15960][safepoint    ] Safepoint "Cleanup", Time since last: 2000125217 ns, Reaching safepoint: 166956 ns, At safepoint: 6493 ns, Total: 173449 ns
[2020-05-16T10:54:59.043+0000][15960][safepoint    ] Safepoint "Cleanup", Time since last: 1000493913 ns, Reaching safepoint: 131246 ns, At safepoint: 5566 ns, Total: 136812 ns
[2020-05-16T10:55:00.043+0000][15960][safepoint    ] Safepoint "Cleanup", Time since last: 1000038492 ns, Reaching safepoint: 100174 ns, At safepoint: 2783 ns, Total: 102957 ns
[2020-05-16T10:55:01.717+0000][15960][safepoint    ] Safepoint "Cleanup", Time since last: 1673723513 ns, Reaching safepoint: 121971 ns, At safepoint: 7884 ns, Total: 129855 ns
[2020-05-16T10:55:02.717+0000][15960][safepoint    ] Safepoint "Cleanup", Time since last: 1000568116 ns, Reaching safepoint: 139130 ns, At safepoint: 7421 ns, Total: 146551 ns
[2020-05-16T10:55:03.718+0000][15960][safepoint    ] Safepoint "Cleanup", Time since last: 1000017623 ns, Reaching safepoint: 164637 ns, At safepoint: 8812 ns, Total: 173449 ns
[2020-05-16T10:55:04.718+0000][15960][safepoint    ] Safepoint "Cleanup", Time since last: 1000565797 ns, Reaching safepoint: 128927 ns, At safepoint: 8348 ns, Total: 137275 ns
[2020-05-16T10:55:05.719+0000][15960][safepoint    ] Safepoint "Cleanup", Time since last: 1000346435 ns, Reaching safepoint: 148869 ns, At safepoint: 8348 ns, Total: 157217 ns
[2020-05-16T10:55:06.719+0000][15960][safepoint    ] Safepoint "Cleanup", Time since last: 1000447536 ns, Reaching safepoint: 143768 ns, At safepoint: 8812 ns, Total: 152580 ns
[2020-05-16T10:55:07.720+0000][15960][safepoint    ] Safepoint "Cleanup", Time since last: 1000370550 ns, Reaching safepoint: 147015 ns, At safepoint: 6029 ns, Total: 153044 ns
[2020-05-16T10:55:08.721+0000][15960][safepoint    ] Safepoint "Cleanup", Time since last: 1000514318 ns, Reaching safepoint: 118261 ns, At safepoint: 6029 ns, Total: 124290 ns
[2020-05-16T10:55:09.721+0000][15960][safepoint    ] Safepoint "Cleanup", Time since last: 1000529159 ns, Reaching safepoint: 136812 ns, At safepoint: 7884 ns, Total: 144696 ns
[2020-05-16T10:55:10.722+0000][15960][safepoint    ] Safepoint "Cleanup", Time since last: 1000350145 ns, Reaching safepoint: 138203 ns, At safepoint: 5565 ns, Total: 143768 ns
[2020-05-16T10:55:11.722+0000][15960][safepoint    ] Safepoint "Cleanup", Time since last: 1000052406 ns, Reaching safepoint: 133101 ns, At safepoint: 8348 ns, Total: 141449 ns
[2020-05-16T10:55:12.722+0000][15960][safepoint    ] Safepoint "Cleanup", Time since last: 1000013913 ns, Reaching safepoint: 131246 ns, At safepoint: 6029 ns, Total: 137275 ns
[2020-05-16T10:55:13.722+0000][15960][safepoint    ] Safepoint "Cleanup", Time since last: 1000264812 ns, Reaching safepoint: 180869 ns, At safepoint: 11594 ns, Total: 192463 ns
[2020-05-16T10:55:15.723+0000][15960][safepoint    ] Safepoint "Cleanup", Time since last: 2000227246 ns, Reaching safepoint: 160000 ns, At safepoint: 6029 ns, Total: 166029 ns
[2020-05-16T10:55:16.724+0000][15960][safepoint    ] Safepoint "Cleanup", Time since last: 1000746667 ns, Reaching safepoint: 115942 ns, At safepoint: 6029 ns, Total: 121971 ns
[2020-05-16T10:55:17.724+0000][15960][safepoint    ] Safepoint "Cleanup", Time since last: 1000511536 ns, Reaching safepoint: 128463 ns, At safepoint: 7421 ns, Total: 135884 ns
[2020-05-16T10:55:18.725+0000][15960][safepoint    ] Safepoint "Cleanup", Time since last: 1000185043 ns, Reaching safepoint: 147478 ns, At safepoint: 6029 ns, Total: 153507 ns
[2020-05-16T10:55:19.725+0000][15960][safepoint    ] Safepoint "Cleanup", Time since last: 1000592696 ns, Reaching safepoint: 135420 ns, At safepoint: 6029 ns, Total: 141449 ns
[2020-05-16T10:55:20.726+0000][15960][safepoint    ] Safepoint "Cleanup", Time since last: 1000829217 ns, Reaching safepoint: 241159 ns, At safepoint: 6029 ns, Total: 247188 ns
[2020-05-16T10:55:21.727+0000][15960][safepoint    ] Safepoint "Cleanup", Time since last: 1000276406 ns, Reaching safepoint: 136811 ns, At safepoint: 6029 ns, Total: 142840 ns
[2020-05-16T10:55:22.728+0000][15960][safepoint    ] Safepoint "Cleanup", Time since last: 1000837565 ns, Reaching safepoint: 273623 ns, At safepoint: 7420 ns, Total: 281043 ns
[2020-05-16T10:55:23.729+0000][15960][safepoint    ] Safepoint "Cleanup", Time since last: 1000356174 ns, Reaching safepoint: 238841 ns, At safepoint: 9739 ns, Total: 248580 ns
[2020-05-16T10:55:24.729+0000][15960][safepoint    ] Safepoint "Cleanup", Time since last: 1000186898 ns, Reaching safepoint: 326957 ns, At safepoint: 9739 ns, Total: 336696 ns
[2020-05-16T10:55:26.730+0000][15960][safepoint    ] Safepoint "Cleanup", Time since last: 2000573681 ns, Reaching safepoint: 148405 ns, At safepoint: 8348 ns, Total: 156753 ns
[2020-05-16T10:55:27.730+0000][15960][safepoint    ] Safepoint "Cleanup", Time since last: 1000025971 ns, Reaching safepoint: 96464 ns, At safepoint: 3710 ns, Total: 100174 ns
[2020-05-16T10:55:28.730+0000][15960][safepoint    ] Safepoint "Cleanup", Time since last: 1000167420 ns, Reaching safepoint: 249971 ns, At safepoint: 7421 ns, Total: 257392 ns
[2020-05-16T10:55:29.731+0000][15960][safepoint    ] Safepoint "Cleanup", Time since last: 1000299130 ns, Reaching safepoint: 135420 ns, At safepoint: 5565 ns, Total: 140985 ns
[2020-05-16T10:55:30.731+0000][15960][safepoint    ] Safepoint "Cleanup", Time since last: 1000307942 ns, Reaching safepoint: 113623 ns, At safepoint: 6493 ns, Total: 120116 ns
[2020-05-16T10:55:31.732+0000][15960][safepoint    ] Safepoint "Cleanup", Time since last: 1000168812 ns, Reaching safepoint: 117333 ns, At safepoint: 7884 ns, Total: 125217 ns
[2020-05-16T10:55:32.732+0000][15960][safepoint    ] Safepoint "Cleanup", Time since last: 1000256000 ns, Reaching safepoint: 117797 ns, At safepoint: 5101 ns, Total: 122898 ns
[2020-05-16T10:55:33.733+0000][15960][safepoint    ] Safepoint "Cleanup", Time since last: 1000739710 ns, Reaching safepoint: 144232 ns, At safepoint: 4638 ns, Total: 148870 ns
[2020-05-16T10:55:34.734+0000][15960][safepoint    ] Safepoint "Cleanup", Time since last: 1000600115 ns, Reaching safepoint: 128464 ns, At safepoint: 5101 ns, Total: 133565 ns
[2020-05-16T10:55:35.734+0000][15960][safepoint    ] Safepoint "Cleanup", Time since last: 1000154435 ns, Reaching safepoint: 137275 ns, At safepoint: 8348 ns, Total: 145623 ns
[2020-05-16T10:55:36.735+0000][15960][safepoint    ] Safepoint "Cleanup", Time since last: 1000392812 ns, Reaching safepoint: 105739 ns, At safepoint: 4637 ns, Total: 110376 ns
[2020-05-16T10:55:37.735+0000][15960][safepoint    ] Safepoint "Cleanup", Time since last: 1000250899 ns, Reaching safepoint: 128000 ns, At safepoint: 5565 ns, Total: 133565 ns
[2020-05-16T10:55:39.736+0000][15960][safepoint    ] Safepoint "Cleanup", Time since last: 2000499478 ns, Reaching safepoint: 131246 ns, At safepoint: 7421 ns, Total: 138667 ns
[2020-05-16T10:55:40.736+0000][15960][safepoint    ] Safepoint "Cleanup", Time since last: 1000090898 ns, Reaching safepoint: 143768 ns, At safepoint: 5565 ns, Total: 149333 ns
[2020-05-16T10:55:41.736+0000][15960][safepoint    ] Safepoint "Cleanup", Time since last: 1000547710 ns, Reaching safepoint: 120580 ns, At safepoint: 6029 ns, Total: 126609 ns
[2020-05-16T10:55:42.737+0000][15960][safepoint    ] Safepoint "Cleanup", Time since last: 1000425275 ns, Reaching safepoint: 86725 ns, At safepoint: 2782 ns, Total: 89507 ns
[2020-05-16T10:55:43.738+0000][15960][safepoint    ] Safepoint "Cleanup", Time since last: 1000730898 ns, Reaching safepoint: 94145 ns, At safepoint: 3247 ns, Total: 97392 ns
[2020-05-16T10:55:44.739+0000][15960][safepoint    ] Safepoint "Cleanup", Time since last: 1000861217 ns, Reaching safepoint: 125681 ns, At safepoint: 5565 ns, Total: 131246 ns
[2020-05-16T10:55:45.739+0000][15960][safepoint    ] Safepoint "Cleanup", Time since last: 1000571362 ns, Reaching safepoint: 128464 ns, At safepoint: 6493 ns, Total: 134957 ns
[2020-05-16T10:55:46.740+0000][15960][safepoint    ] Safepoint "Cleanup", Time since last: 1000810202 ns, Reaching safepoint: 147478 ns, At safepoint: 7884 ns, Total: 155362 ns
[2020-05-16T10:55:47.925+0000][15960][safepoint    ] Safepoint "Cleanup", Time since last: 1184720147 ns, Reaching safepoint: 165101 ns, At safepoint: 9275 ns, Total: 174376 ns
[2020-05-16T10:55:48.927+0000][15960][safepoint    ] Safepoint "Cleanup", Time since last: 1001182145 ns, Reaching safepoint: 114087 ns, At safepoint: 5565 ns, Total: 119652 ns
[2020-05-16T10:55:50.928+0000][15960][safepoint    ] Safepoint "Cleanup", Time since last: 2000877449 ns, Reaching safepoint: 124289 ns, At safepoint: 7421 ns, Total: 131710 ns
[2020-05-16T10:55:51.928+0000][15960][safepoint    ] Safepoint "Cleanup", Time since last: 1000515246 ns, Reaching safepoint: 139594 ns, At safepoint: 8812 ns, Total: 148406 ns
[2020-05-16T10:55:52.928+0000][15960][safepoint    ] Safepoint "Cleanup", Time since last: 1000032927 ns, Reaching safepoint: 92754 ns, At safepoint: 3710 ns, Total: 96464 ns
[2020-05-16T10:55:53.929+0000][15960][safepoint    ] Safepoint "Cleanup", Time since last: 1000643246 ns, Reaching safepoint: 138666 ns, At safepoint: 5566 ns, Total: 144232 ns
[2020-05-16T10:55:55.930+0000][15960][safepoint    ] Safepoint "Cleanup", Time since last: 2000581101 ns, Reaching safepoint: 102956 ns, At safepoint: 4174 ns, Total: 107130 ns
[2020-05-16T10:55:56.930+0000][15960][safepoint    ] Safepoint "Cleanup", Time since last: 1000148870 ns, Reaching safepoint: 108058 ns, At safepoint: 4637 ns, Total: 112695 ns
[2020-05-16T10:55:57.931+0000][15960][safepoint    ] Safepoint "Cleanup", Time since last: 1000496232 ns, Reaching safepoint: 153971 ns, At safepoint: 9275 ns, Total: 163246 ns
[2020-05-16T10:55:59.932+0000][15960][safepoint    ] Safepoint "Cleanup", Time since last: 2000806493 ns, Reaching safepoint: 131246 ns, At safepoint: 6957 ns, Total: 138203 ns
[2020-05-16T10:56:00.932+0000][15960][safepoint    ] Safepoint "Cleanup", Time since last: 1000310724 ns, Reaching safepoint: 125217 ns, At safepoint: 7421 ns, Total: 132638 ns
[2020-05-16T10:56:01.933+0000][15960][safepoint    ] Safepoint "Cleanup", Time since last: 1000584811 ns, Reaching safepoint: 138203 ns, At safepoint: 5101 ns, Total: 143304 ns
[2020-05-16T10:56:02.933+0000][15960][safepoint    ] Safepoint "Cleanup", Time since last: 1000417391 ns, Reaching safepoint: 136348 ns, At safepoint: 6029 ns, Total: 142377 ns
[2020-05-16T10:56:03.957+0000][15960][safepoint    ] Safepoint "Cleanup", Time since last: 1009118141 ns, Reaching safepoint: 14032225 ns, At safepoint: 24116 ns, Total: 14056341 ns
[2020-05-16T10:56:04.958+0000][15960][safepoint    ] Safepoint "Cleanup", Time since last: 1000734608 ns, Reaching safepoint: 105276 ns, At safepoint: 4174 ns, Total: 109450 ns
[2020-05-16T10:56:05.958+0000][15960][safepoint    ] Safepoint "Cleanup", Time since last: 1000009739 ns, Reaching safepoint: 145623 ns, At safepoint: 5565 ns, Total: 151188 ns
[2020-05-16T10:56:06.958+0000][15960][safepoint    ] Safepoint "Cleanup", Time since last: 1000512927 ns, Reaching safepoint: 135421 ns, At safepoint: 6492 ns, Total: 141913 ns
[2020-05-16T10:56:07.959+0000][15960][safepoint    ] Safepoint "Cleanup", Time since last: 1000834319 ns, Reaching safepoint: 129391 ns, At safepoint: 2783 ns, Total: 132174 ns
[2020-05-16T10:56:09.960+0000][15960][safepoint    ] Safepoint "Cleanup", Time since last: 2000585275 ns, Reaching safepoint: 132174 ns, At safepoint: 7420 ns, Total: 139594 ns
[2020-05-16T10:56:11.960+0000][15960][safepoint    ] Safepoint "Cleanup", Time since last: 1999988870 ns, Reaching safepoint: 195246 ns, At safepoint: 11130 ns, Total: 206376 ns
[2020-05-16T10:56:13.961+0000][15960][safepoint    ] Safepoint "Cleanup", Time since last: 2000397449 ns, Reaching safepoint: 190609 ns, At safepoint: 9275 ns, Total: 199884 ns
[2020-05-16T10:56:14.961+0000][15960][safepoint    ] Safepoint "Cleanup", Time since last: 1000472580 ns, Reaching safepoint: 252753 ns, At safepoint: 8812 ns, Total: 261565 ns
[2020-05-16T10:56:16.770+0000][15960][safepoint    ] Safepoint "Cleanup", Time since last: 1807781191 ns, Reaching safepoint: 115941 ns, At safepoint: 6957 ns, Total: 122898 ns
[2020-05-16T10:56:17.770+0000][15960][safepoint    ] Safepoint "Cleanup", Time since last: 1000057971 ns, Reaching safepoint: 130319 ns, At safepoint: 6493 ns, Total: 136812 ns
[2020-05-16T10:56:18.770+0000][15960][safepoint    ] Safepoint "Cleanup", Time since last: 1000408579 ns, Reaching safepoint: 124290 ns, At safepoint: 4174 ns, Total: 128464 ns
[2020-05-16T10:56:19.887+0000][15960][safepoint    ] Safepoint "Cleanup", Time since last: 1116820351 ns, Reaching safepoint: 96464 ns, At safepoint: 4174 ns, Total: 100638 ns
[2020-05-16T10:56:20.887+0000][15960][safepoint    ] Safepoint "Cleanup", Time since last: 1000228174 ns, Reaching safepoint: 120116 ns, At safepoint: 4637 ns, Total: 124753 ns
[2020-05-16T10:56:21.888+0000][15960][safepoint    ] Safepoint "Cleanup", Time since last: 1000674319 ns, Reaching safepoint: 145623 ns, At safepoint: 6957 ns, Total: 152580 ns
[2020-05-16T10:56:22.889+0000][15960][safepoint    ] Safepoint "Cleanup", Time since last: 1000179941 ns, Reaching safepoint: 113624 ns, At safepoint: 4174 ns, Total: 117798 ns
[2020-05-16T10:56:23.889+0000][15960][safepoint    ] Safepoint "Cleanup", Time since last: 1000637217 ns, Reaching safepoint: 167420 ns, At safepoint: 7884 ns, Total: 175304 ns
[2020-05-16T10:56:25.890+0000][15960][safepoint    ] Safepoint "Cleanup", Time since last: 2000353855 ns, Reaching safepoint: 144232 ns, At safepoint: 6029 ns, Total: 150261 ns
[2020-05-16T10:56:26.890+0000][15960][safepoint    ] Safepoint "Cleanup", Time since last: 1000010202 ns, Reaching safepoint: 110377 ns, At safepoint: 4174 ns, Total: 114551 ns
[2020-05-16T10:56:27.890+0000][15960][safepoint    ] Safepoint "Cleanup", Time since last: 1000185044 ns, Reaching safepoint: 146550 ns, At safepoint: 4174 ns, Total: 150724 ns
[2020-05-16T10:56:28.891+0000][15960][safepoint    ] Safepoint "Cleanup", Time since last: 1000084870 ns, Reaching safepoint: 80695 ns, At safepoint: 4174 ns, Total: 84869 ns
[2020-05-16T10:56:29.892+0000][15960][safepoint    ] Safepoint "Cleanup", Time since last: 1000980869 ns, Reaching safepoint: 89044 ns, At safepoint: 2782 ns, Total: 91826 ns
[2020-05-16T10:56:30.892+0000][15960][safepoint    ] Safepoint "Cleanup", Time since last: 1000054725 ns, Reaching safepoint: 100174 ns, At safepoint: 4637 ns, Total: 104811 ns
[2020-05-16T10:56:31.892+0000][15960][safepoint    ] Safepoint "Cleanup", Time since last: 1000125218 ns, Reaching safepoint: 176232 ns, At safepoint: 8347 ns, Total: 184579 ns
[2020-05-16T10:56:32.893+0000][15960][safepoint    ] Safepoint "Cleanup", Time since last: 1000326957 ns, Reaching safepoint: 114550 ns, At safepoint: 6029 ns, Total: 120579 ns
[2020-05-16T10:56:33.893+0000][15960][safepoint    ] Safepoint "Cleanup", Time since last: 1000516174 ns, Reaching safepoint: 104812 ns, At safepoint: 4174 ns, Total: 108986 ns
[2020-05-16T10:56:34.894+0000][15960][safepoint    ] Safepoint "Cleanup", Time since last: 1000905275 ns, Reaching safepoint: 109449 ns, At safepoint: 4637 ns, Total: 114086 ns
[2020-05-16T10:56:35.895+0000][15960][safepoint    ] Safepoint "Cleanup", Time since last: 1000335305 ns, Reaching safepoint: 124289 ns, At safepoint: 4174 ns, Total: 128463 ns
[2020-05-16T10:56:36.895+0000][15960][safepoint    ] Safepoint "Cleanup", Time since last: 1000102029 ns, Reaching safepoint: 137739 ns, At safepoint: 4174 ns, Total: 141913 ns
[2020-05-16T10:56:37.895+0000][15960][safepoint    ] Safepoint "Cleanup", Time since last: 1000286609 ns, Reaching safepoint: 103420 ns, At safepoint: 4174 ns, Total: 107594 ns
[2020-05-16T10:56:38.896+0000][15960][safepoint    ] Safepoint "Cleanup", Time since last: 1000386319 ns, Reaching safepoint: 80695 ns, At safepoint: 4638 ns, Total: 85333 ns
[2020-05-16T10:56:39.897+0000][15960][safepoint    ] Safepoint "Cleanup", Time since last: 1000726260 ns, Reaching safepoint: 105276 ns, At safepoint: 4637 ns, Total: 109913 ns
[2020-05-16T10:56:40.897+0000][15960][safepoint    ] Safepoint "Cleanup", Time since last: 1000381681 ns, Reaching safepoint: 105740 ns, At safepoint: 4637 ns, Total: 110377 ns
[2020-05-16T10:56:41.897+0000][15960][safepoint    ] Safepoint "Cleanup", Time since last: 1000249971 ns, Reaching safepoint: 117333 ns, At safepoint: 4174 ns, Total: 121507 ns
[2020-05-16T10:56:44.318+0000][15960][safepoint    ] Safepoint "Cleanup", Time since last: 2000633507 ns, Reaching safepoint: 420004443 ns, At safepoint: 102493 ns, Total: 420106936 ns
[2020-05-16T10:56:45.419+0000][15960][safepoint    ] Safepoint "Cleanup", Time since last: 1100523084 ns, Reaching safepoint: 123362 ns, At safepoint: 4638 ns, Total: 128000 ns
[2020-05-16T10:56:46.419+0000][15960][safepoint    ] Safepoint "Cleanup", Time since last: 1000308405 ns, Reaching safepoint: 130783 ns, At safepoint: 6029 ns, Total: 136812 ns
[2020-05-16T10:56:47.420+0000][15960][safepoint    ] Safepoint "Cleanup", Time since last: 1000668289 ns, Reaching safepoint: 148406 ns, At safepoint: 4174 ns, Total: 152580 ns
[2020-05-16T10:56:48.420+0000][15960][safepoint    ] Safepoint "Cleanup", Time since last: 1000006493 ns, Reaching safepoint: 89971 ns, At safepoint: 2782 ns, Total: 92753 ns
[2020-05-16T10:56:49.421+0000][15960][safepoint    ] Safepoint "Cleanup", Time since last: 1000389565 ns, Reaching safepoint: 84406 ns, At safepoint: 2783 ns, Total: 87189 ns
[2020-05-16T10:56:50.422+0000][15960][safepoint    ] Safepoint "Cleanup", Time since last: 1000783304 ns, Reaching safepoint: 82550 ns, At safepoint: 2783 ns, Total: 85333 ns
[2020-05-16T10:56:51.422+0000][15960][safepoint    ] Safepoint "Cleanup", Time since last: 1000067710 ns, Reaching safepoint: 195710 ns, At safepoint: 10667 ns, Total: 206377 ns
[2020-05-16T10:56:52.422+0000][15960][safepoint    ] Safepoint "Cleanup", Time since last: 1000522666 ns, Reaching safepoint: 105276 ns, At safepoint: 5565 ns, Total: 110841 ns
[2020-05-16T10:56:53.423+0000][15960][safepoint    ] Safepoint "Cleanup", Time since last: 1000496231 ns, Reaching safepoint: 77913 ns, At safepoint: 4174 ns, Total: 82087 ns
[2020-05-16T10:56:54.423+0000][15960][safepoint    ] Safepoint "Cleanup", Time since last: 1000112696 ns, Reaching safepoint: 130319 ns, At safepoint: 4637 ns, Total: 134956 ns
[2020-05-16T10:56:55.424+0000][15960][safepoint    ] Safepoint "Cleanup", Time since last: 1000066783 ns, Reaching safepoint: 117333 ns, At safepoint: 4638 ns, Total: 121971 ns
[2020-05-16T10:56:56.424+0000][15960][safepoint    ] Safepoint "Cleanup", Time since last: 1000669681 ns, Reaching safepoint: 103884 ns, At safepoint: 2782 ns, Total: 106666 ns
[2020-05-16T10:56:57.425+0000][15960][safepoint    ] Safepoint "Cleanup", Time since last: 1000127537 ns, Reaching safepoint: 131246 ns, At safepoint: 5101 ns, Total: 136347 ns
[2020-05-16T10:56:58.425+0000][15960][safepoint    ] Safepoint "Cleanup", Time since last: 1000290783 ns, Reaching safepoint: 108058 ns, At safepoint: 4637 ns, Total: 112695 ns
[2020-05-16T10:56:59.426+0000][15960][safepoint    ] Safepoint "Cleanup", Time since last: 1000644638 ns, Reaching safepoint: 118261 ns, At safepoint: 5101 ns, Total: 123362 ns
[2020-05-16T10:57:00.427+0000][15960][safepoint    ] Safepoint "Cleanup", Time since last: 1001085217 ns, Reaching safepoint: 325565 ns, At safepoint: 7420 ns, Total: 332985 ns
[2020-05-16T10:57:01.428+0000][15960][safepoint    ] Safepoint "Cleanup", Time since last: 1000828290 ns, Reaching safepoint: 192463 ns, At safepoint: 10203 ns, Total: 202666 ns
[2020-05-16T10:57:03.429+0000][15960][safepoint    ] Safepoint "Cleanup", Time since last: 2000462377 ns, Reaching safepoint: 93681 ns, At safepoint: 3710 ns, Total: 97391 ns
[2020-05-16T10:57:04.429+0000][15960][safepoint    ] Safepoint "Cleanup", Time since last: 1000576000 ns, Reaching safepoint: 210551 ns, At safepoint: 12985 ns, Total: 223536 ns
[2020-05-16T10:57:05.430+0000][15960][safepoint    ] Safepoint "Cleanup", Time since last: 1000490666 ns, Reaching safepoint: 133566 ns, At safepoint: 7884 ns, Total: 141450 ns
[2020-05-16T10:57:06.430+0000][15960][safepoint    ] Safepoint "Cleanup", Time since last: 1000008811 ns, Reaching safepoint: 135884 ns, At safepoint: 7421 ns, Total: 143305 ns
[2020-05-16T10:57:08.431+0000][15960][safepoint    ] Safepoint "Cleanup", Time since last: 2000642782 ns, Reaching safepoint: 93681 ns, At safepoint: 4174 ns, Total: 97855 ns
[2020-05-16T10:57:09.432+0000][15960][safepoint    ] Safepoint "Cleanup", Time since last: 1000819478 ns, Reaching safepoint: 124753 ns, At safepoint: 5566 ns, Total: 130319 ns
[2020-05-16T10:57:10.432+0000][15960][safepoint    ] Safepoint "Cleanup", Time since last: 1000302376 ns, Reaching safepoint: 127536 ns, At safepoint: 7421 ns, Total: 134957 ns
[2020-05-16T10:57:11.433+0000][15960][safepoint    ] Safepoint "Cleanup", Time since last: 1000795825 ns, Reaching safepoint: 103421 ns, At safepoint: 6029 ns, Total: 109450 ns
[2020-05-16T10:57:12.434+0000][15960][safepoint    ] Safepoint "Cleanup", Time since last: 1000816695 ns, Reaching safepoint: 372406 ns, At safepoint: 323246 ns, Total: 695652 ns
[2020-05-16T10:57:13.436+0000][15960][safepoint    ] Safepoint "Cleanup", Time since last: 1000611246 ns, Reaching safepoint: 260637 ns, At safepoint: 12058 ns, Total: 272695 ns
[2020-05-16T10:57:14.436+0000][15960][safepoint    ] Safepoint "Cleanup", Time since last: 1000153508 ns, Reaching safepoint: 142840 ns, At safepoint: 5565 ns, Total: 148405 ns
[2020-05-16T10:57:15.436+0000][15960][safepoint    ] Safepoint "Cleanup", Time since last: 1000185044 ns, Reaching safepoint: 134492 ns, At safepoint: 5566 ns, Total: 140058 ns
[2020-05-16T10:57:16.437+0000][15960][safepoint    ] Safepoint "Cleanup", Time since last: 1000862144 ns, Reaching safepoint: 83478 ns, At safepoint: 3247 ns, Total: 86725 ns
[2020-05-16T10:57:17.438+0000][15960][safepoint    ] Safepoint "Cleanup", Time since last: 1000162318 ns, Reaching safepoint: 83015 ns, At safepoint: 3710 ns, Total: 86725 ns
[2020-05-16T10:57:18.438+0000][15960][safepoint    ] Safepoint "Cleanup", Time since last: 1000693333 ns, Reaching safepoint: 125217 ns, At safepoint: 2783 ns, Total: 128000 ns
[2020-05-16T10:57:19.439+0000][15960][safepoint    ] Safepoint "Cleanup", Time since last: 1000714203 ns, Reaching safepoint: 178550 ns, At safepoint: 6957 ns, Total: 185507 ns
[2020-05-16T10:57:20.439+0000][15960][safepoint    ] Safepoint "Cleanup", Time since last: 1000081623 ns, Reaching safepoint: 107594 ns, At safepoint: 6029 ns, Total: 113623 ns
[2020-05-16T10:57:21.440+0000][15960][safepoint    ] Safepoint "Cleanup", Time since last: 1000753623 ns, Reaching safepoint: 171130 ns, At safepoint: 4174 ns, Total: 175304 ns
[2020-05-16T10:57:22.482+0000][15960][safepoint    ] Safepoint "Cleanup", Time since last: 1000515246 ns, Reaching safepoint: 41168677 ns, At safepoint: 22724 ns, Total: 41191401 ns
[2020-05-16T10:57:22.557+0000][15960][gc,start     ] GC(40) Pause Young (Normal) (G1 Evacuation Pause)
[2020-05-16T10:57:22.557+0000][15960][gc,task      ] GC(40) Using 4 workers of 4 for evacuation
[2020-05-16T10:57:22.557+0000][15960][gc,age       ] GC(40) Desired survivor size 40370176 bytes, new threshold 15 (max threshold 15)
[2020-05-16T10:57:22.716+0000][15960][gc,age       ] GC(40) Age table with threshold 15 (max threshold 15)
[2020-05-16T10:57:22.716+0000][15960][gc,age       ] GC(40) - age   1:     120920 bytes,     120920 total
[2020-05-16T10:57:22.716+0000][15960][gc,age       ] GC(40) - age   2:       1080 bytes,     122000 total
[2020-05-16T10:57:22.716+0000][15960][gc,age       ] GC(40) - age   3:         56 bytes,     122056 total
[2020-05-16T10:57:22.716+0000][15960][gc,age       ] GC(40) - age   4:        136 bytes,     122192 total
[2020-05-16T10:57:22.716+0000][15960][gc,age       ] GC(40) - age   5:     107264 bytes,     229456 total
[2020-05-16T10:57:22.716+0000][15960][gc,age       ] GC(40) - age   6:       1824 bytes,     231280 total
[2020-05-16T10:57:22.716+0000][15960][gc,age       ] GC(40) - age   7:        616 bytes,     231896 total
[2020-05-16T10:57:22.716+0000][15960][gc,age       ] GC(40) - age   8:       2216 bytes,     234112 total
[2020-05-16T10:57:22.716+0000][15960][gc,age       ] GC(40) - age   9:       1376 bytes,     235488 total
[2020-05-16T10:57:22.716+0000][15960][gc,age       ] GC(40) - age  10:       2112 bytes,     237600 total
[2020-05-16T10:57:22.716+0000][15960][gc,age       ] GC(40) - age  11:         64 bytes,     237664 total
[2020-05-16T10:57:22.716+0000][15960][gc,age       ] GC(40) - age  12:       6240 bytes,     243904 total
[2020-05-16T10:57:22.716+0000][15960][gc,age       ] GC(40) - age  13:       7424 bytes,     251328 total
[2020-05-16T10:57:22.716+0000][15960][gc,age       ] GC(40) - age  14:       6808 bytes,     258136 total
[2020-05-16T10:57:22.716+0000][15960][gc,age       ] GC(40) - age  15:       4896 bytes,     263032 total
[2020-05-16T10:57:22.716+0000][15960][gc,phases    ] GC(40)   Pre Evacuate Collection Set: 2.4ms
[2020-05-16T10:57:22.716+0000][15960][gc,phases    ] GC(40)   Merge Heap Roots: 0.2ms
[2020-05-16T10:57:22.716+0000][15960][gc,phases    ] GC(40)   Evacuate Collection Set: 150.8ms
[2020-05-16T10:57:22.716+0000][15960][gc,phases    ] GC(40)   Post Evacuate Collection Set: 5.0ms
[2020-05-16T10:57:22.716+0000][15960][gc,phases    ] GC(40)   Other: 1.2ms
[2020-05-16T10:57:22.716+0000][15960][gc,heap      ] GC(40) Eden regions: 613->0(613)
[2020-05-16T10:57:22.716+0000][15960][gc,heap      ] GC(40) Survivor regions: 1->1(77)
[2020-05-16T10:57:22.716+0000][15960][gc,heap      ] GC(40) Old regions: 71->72
[2020-05-16T10:57:22.716+0000][15960][gc,heap      ] GC(40) Archive regions: 0->0
[2020-05-16T10:57:22.716+0000][15960][gc,heap      ] GC(40) Humongous regions: 7->7
[2020-05-16T10:57:22.716+0000][15960][gc,metaspace ] GC(40) Metaspace: 97612K(105380K)->97612K(105380K) NonClass: 84808K(89432K)->84808K(89432K) Class: 12804K(15948K)->12804K(15948K)
[2020-05-16T10:57:22.716+0000][15960][gc           ] GC(40) Pause Young (Normal) (G1 Evacuation Pause) 691M->78M(1024M) 159.680ms
[2020-05-16T10:57:22.716+0000][15960][gc,cpu       ] GC(40) User=0.11s Sys=0.06s Real=0.16s
[2020-05-16T10:57:22.716+0000][15960][safepoint    ] Safepoint "G1CollectForAllocation", Time since last: 74899908 ns, Reaching safepoint: 153507 ns, At safepoint: 159978129 ns, Total: 160131636 ns
[2020-05-16T10:57:23.719+0000][15960][safepoint    ] Safepoint "Cleanup", Time since last: 1000757796 ns, Reaching safepoint: 936812 ns, At safepoint: 51942 ns, Total: 988754 ns
[2020-05-16T10:57:24.720+0000][15960][safepoint    ] Safepoint "Cleanup", Time since last: 1001270260 ns, Reaching safepoint: 93217 ns, At safepoint: 4174 ns, Total: 97391 ns
[2020-05-16T10:57:25.721+0000][15960][safepoint    ] Safepoint "Cleanup", Time since last: 1000488811 ns, Reaching safepoint: 104348 ns, At safepoint: 6493 ns, Total: 110841 ns
[2020-05-16T10:57:26.721+0000][15960][safepoint    ] Safepoint "Cleanup", Time since last: 1000046841 ns, Reaching safepoint: 118724 ns, At safepoint: 5565 ns, Total: 124289 ns
[2020-05-16T10:57:27.768+0000][15960][safepoint    ] Safepoint "Cleanup", Time since last: 1000640000 ns, Reaching safepoint: 45428385 ns, At safepoint: 1004985 ns, Total: 46433370 ns
[2020-05-16T10:57:29.768+0000][15960][safepoint    ] Safepoint "Cleanup", Time since last: 2000101101 ns, Reaching safepoint: 111305 ns, At safepoint: 5565 ns, Total: 116870 ns
[2020-05-16T10:57:31.769+0000][15960][safepoint    ] Safepoint "Cleanup", Time since last: 2000127072 ns, Reaching safepoint: 102957 ns, At safepoint: 3246 ns, Total: 106203 ns
[2020-05-16T10:57:32.769+0000][15960][safepoint    ] Safepoint "Cleanup", Time since last: 1000703536 ns, Reaching safepoint: 127536 ns, At safepoint: 5102 ns, Total: 132638 ns
[2020-05-16T10:57:33.770+0000][15960][safepoint    ] Safepoint "Cleanup", Time since last: 1000218898 ns, Reaching safepoint: 160464 ns, At safepoint: 8347 ns, Total: 168811 ns
[2020-05-16T10:57:35.770+0000][15960][safepoint    ] Safepoint "Cleanup", Time since last: 2000495305 ns, Reaching safepoint: 140521 ns, At safepoint: 5102 ns, Total: 145623 ns
[2020-05-16T10:57:36.771+0000][15960][safepoint    ] Safepoint "Cleanup", Time since last: 1000598724 ns, Reaching safepoint: 153507 ns, At safepoint: 6493 ns, Total: 160000 ns
[2020-05-16T10:57:37.772+0000][15960][safepoint    ] Safepoint "Cleanup", Time since last: 1000342261 ns, Reaching safepoint: 148405 ns, At safepoint: 5102 ns, Total: 153507 ns
[2020-05-16T10:57:38.772+0000][15960][safepoint    ] Safepoint "Cleanup", Time since last: 1000560695 ns, Reaching safepoint: 133102 ns, At safepoint: 6492 ns, Total: 139594 ns
[2020-05-16T10:57:39.773+0000][15960][safepoint    ] Safepoint "Cleanup", Time since last: 1000248580 ns, Reaching safepoint: 128927 ns, At safepoint: 7421 ns, Total: 136348 ns
[2020-05-16T10:57:40.774+0000][15960][safepoint    ] Safepoint "Cleanup", Time since last: 1000772637 ns, Reaching safepoint: 129855 ns, At safepoint: 6493 ns, Total: 136348 ns
[2020-05-16T10:57:41.775+0000][15960][safepoint    ] Safepoint "Cleanup", Time since last: 1000848695 ns, Reaching safepoint: 122899 ns, At safepoint: 5565 ns, Total: 128464 ns
[2020-05-16T10:57:42.775+0000][15960][safepoint    ] Safepoint "Cleanup", Time since last: 1000204521 ns, Reaching safepoint: 137740 ns, At safepoint: 6492 ns, Total: 144232 ns
[2020-05-16T10:57:43.776+0000][15960][safepoint    ] Safepoint "Cleanup", Time since last: 1000468870 ns, Reaching safepoint: 147478 ns, At safepoint: 6956 ns, Total: 154434 ns
[2020-05-16T10:57:45.776+0000][15960][safepoint    ] Safepoint "Cleanup", Time since last: 2000774957 ns, Reaching safepoint: 294028 ns, At safepoint: 11131 ns, Total: 305159 ns
[2020-05-16T10:57:47.777+0000][15960][safepoint    ] Safepoint "Cleanup", Time since last: 2000465623 ns, Reaching safepoint: 218434 ns, At safepoint: 7885 ns, Total: 226319 ns
[2020-05-16T10:57:48.778+0000][15960][safepoint    ] Safepoint "Cleanup", Time since last: 1000078376 ns, Reaching safepoint: 417855 ns, At safepoint: 81160 ns, Total: 499015 ns
[2020-05-16T10:57:49.778+0000][15960][safepoint    ] Safepoint "Cleanup", Time since last: 1000361275 ns, Reaching safepoint: 231884 ns, At safepoint: 5565 ns, Total: 237449 ns
[2020-05-16T10:57:50.779+0000][15960][safepoint    ] Safepoint "Cleanup", Time since last: 1000270377 ns, Reaching safepoint: 120579 ns, At safepoint: 6029 ns, Total: 126608 ns
[2020-05-16T10:57:51.780+0000][15960][safepoint    ] Safepoint "Cleanup", Time since last: 1000725797 ns, Reaching safepoint: 197565 ns, At safepoint: 9275 ns, Total: 206840 ns
[2020-05-16T10:57:52.781+0000][15960][safepoint    ] Safepoint "Cleanup", Time since last: 1000617276 ns, Reaching safepoint: 115942 ns, At safepoint: 5565 ns, Total: 121507 ns
[2020-05-16T10:57:53.781+0000][15960][safepoint    ] Safepoint "Cleanup", Time since last: 1000729043 ns, Reaching safepoint: 134493 ns, At safepoint: 6029 ns, Total: 140522 ns
[2020-05-16T10:57:54.782+0000][15960][safepoint    ] Safepoint "Cleanup", Time since last: 1000243478 ns, Reaching safepoint: 128463 ns, At safepoint: 7884 ns, Total: 136347 ns
[2020-05-16T10:57:55.783+0000][15960][safepoint    ] Safepoint "Cleanup", Time since last: 1000650203 ns, Reaching safepoint: 125217 ns, At safepoint: 5566 ns, Total: 130783 ns
[2020-05-16T10:57:57.783+0000][15960][safepoint    ] Safepoint "Cleanup", Time since last: 2000453101 ns, Reaching safepoint: 87652 ns, At safepoint: 2783 ns, Total: 90435 ns
[2020-05-16T10:57:58.784+0000][15960][safepoint    ] Safepoint "Cleanup", Time since last: 1000414608 ns, Reaching safepoint: 130319 ns, At safepoint: 5101 ns, Total: 135420 ns
[2020-05-16T10:57:59.785+0000][15960][safepoint    ] Safepoint "Cleanup", Time since last: 1000764290 ns, Reaching safepoint: 163710 ns, At safepoint: 6493 ns, Total: 170203 ns
[2020-05-16T10:58:00.785+0000][15960][safepoint    ] Safepoint "Cleanup", Time since last: 1000297739 ns, Reaching safepoint: 135884 ns, At safepoint: 6956 ns, Total: 142840 ns
[2020-05-16T10:58:01.786+0000][15960][safepoint    ] Safepoint "Cleanup", Time since last: 1000515710 ns, Reaching safepoint: 110841 ns, At safepoint: 5101 ns, Total: 115942 ns
[2020-05-16T10:58:02.787+0000][15960][safepoint    ] Safepoint "Cleanup", Time since last: 1000837101 ns, Reaching safepoint: 101565 ns, At safepoint: 3247 ns, Total: 104812 ns
[2020-05-16T10:58:03.788+0000][15960][safepoint    ] Safepoint "Cleanup", Time since last: 1000818550 ns, Reaching safepoint: 139130 ns, At safepoint: 6029 ns, Total: 145159 ns
[2020-05-16T10:58:04.788+0000][15960][safepoint    ] Safepoint "Cleanup", Time since last: 1000102493 ns, Reaching safepoint: 84870 ns, At safepoint: 3710 ns, Total: 88580 ns
[2020-05-16T10:58:05.789+0000][15960][safepoint    ] Safepoint "Cleanup", Time since last: 1000660405 ns, Reaching safepoint: 122899 ns, At safepoint: 4174 ns, Total: 127073 ns
[2020-05-16T10:58:06.789+0000][15960][safepoint    ] Safepoint "Cleanup", Time since last: 1000337159 ns, Reaching safepoint: 83478 ns, At safepoint: 2783 ns, Total: 86261 ns
[2020-05-16T10:58:07.789+0000][15960][safepoint    ] Safepoint "Cleanup", Time since last: 1000292173 ns, Reaching safepoint: 91363 ns, At safepoint: 3246 ns, Total: 94609 ns
[2020-05-16T10:58:08.790+0000][15960][safepoint    ] Safepoint "Cleanup", Time since last: 1000289391 ns, Reaching safepoint: 86725 ns, At safepoint: 5101 ns, Total: 91826 ns
[2020-05-16T10:58:09.790+0000][15960][safepoint    ] Safepoint "Cleanup", Time since last: 1000356638 ns, Reaching safepoint: 107130 ns, At safepoint: 4174 ns, Total: 111304 ns
[2020-05-16T10:58:10.791+0000][15960][safepoint    ] Safepoint "Cleanup", Time since last: 1000384928 ns, Reaching safepoint: 243014 ns, At safepoint: 9739 ns, Total: 252753 ns
[2020-05-16T10:58:11.792+0000][15960][safepoint    ] Safepoint "Cleanup", Time since last: 1000608000 ns, Reaching safepoint: 213333 ns, At safepoint: 7884 ns, Total: 221217 ns
[2020-05-16T10:58:12.792+0000][15960][safepoint    ] Safepoint "Cleanup", Time since last: 1000504116 ns, Reaching safepoint: 100174 ns, At safepoint: 4637 ns, Total: 104811 ns
[2020-05-16T10:58:13.835+0000][15960][safepoint    ] Safepoint "Cleanup", Time since last: 1000632116 ns, Reaching safepoint: 42011807 ns, At safepoint: 25043 ns, Total: 42036850 ns
[2020-05-16T10:58:14.892+0000][15960][safepoint    ] Safepoint "Cleanup", Time since last: 1057096321 ns, Reaching safepoint: 125218 ns, At safepoint: 7884 ns, Total: 133102 ns
[2020-05-16T10:58:15.893+0000][15960][safepoint    ] Safepoint "Cleanup", Time since last: 1000684521 ns, Reaching safepoint: 118725 ns, At safepoint: 5565 ns, Total: 124290 ns
[2020-05-16T10:58:16.893+0000][15960][safepoint    ] Safepoint "Cleanup", Time since last: 1000123362 ns, Reaching safepoint: 137276 ns, At safepoint: 5101 ns, Total: 142377 ns
[2020-05-16T10:58:17.894+0000][15960][safepoint    ] Safepoint "Cleanup", Time since last: 1000831536 ns, Reaching safepoint: 138203 ns, At safepoint: 5101 ns, Total: 143304 ns
[2020-05-16T10:58:18.895+0000][15960][safepoint    ] Safepoint "Cleanup", Time since last: 1000246261 ns, Reaching safepoint: 148406 ns, At safepoint: 8811 ns, Total: 157217 ns
[2020-05-16T10:58:19.895+0000][15960][safepoint    ] Safepoint "Cleanup", Time since last: 1000569971 ns, Reaching safepoint: 138667 ns, At safepoint: 6028 ns, Total: 144695 ns
[2020-05-16T10:58:20.896+0000][15960][safepoint    ] Safepoint "Cleanup", Time since last: 1000302841 ns, Reaching safepoint: 128464 ns, At safepoint: 22724 ns, Total: 151188 ns
[2020-05-16T10:58:21.896+0000][15960][safepoint    ] Safepoint "Cleanup", Time since last: 1000206841 ns, Reaching safepoint: 171594 ns, At safepoint: 6493 ns, Total: 178087 ns
[2020-05-16T10:58:22.896+0000][15960][safepoint    ] Safepoint "Cleanup", Time since last: 1000088116 ns, Reaching safepoint: 103884 ns, At safepoint: 3246 ns, Total: 107130 ns
[2020-05-16T10:58:23.897+0000][15960][safepoint    ] Safepoint "Cleanup", Time since last: 1000228174 ns, Reaching safepoint: 91362 ns, At safepoint: 4174 ns, Total: 95536 ns
[2020-05-16T10:58:24.897+0000][15960][safepoint    ] Safepoint "Cleanup", Time since last: 1000101101 ns, Reaching safepoint: 79305 ns, At safepoint: 3246 ns, Total: 82551 ns
[2020-05-16T10:58:25.898+0000][15960][safepoint    ] Safepoint "Cleanup", Time since last: 1000426666 ns, Reaching safepoint: 106203 ns, At safepoint: 6029 ns, Total: 112232 ns
[2020-05-16T10:58:26.898+0000][15960][safepoint    ] Safepoint "Cleanup", Time since last: 1000113623 ns, Reaching safepoint: 115015 ns, At safepoint: 5565 ns, Total: 120580 ns
[2020-05-16T10:58:27.918+0000][15960][safepoint    ] Safepoint "Cleanup", Time since last: 1000521739 ns, Reaching safepoint: 19841846 ns, At safepoint: 58898 ns, Total: 19900744 ns
[2020-05-16T10:58:28.919+0000][15960][safepoint    ] Safepoint "Cleanup", Time since last: 1000218899 ns, Reaching safepoint: 122898 ns, At safepoint: 5102 ns, Total: 128000 ns
[2020-05-16T10:58:30.919+0000][15960][safepoint    ] Safepoint "Cleanup", Time since last: 2000361739 ns, Reaching safepoint: 130782 ns, At safepoint: 6493 ns, Total: 137275 ns
[2020-05-16T10:58:31.920+0000][15960][safepoint    ] Safepoint "Cleanup", Time since last: 1000629797 ns, Reaching safepoint: 180869 ns, At safepoint: 5566 ns, Total: 186435 ns
[2020-05-16T10:58:33.921+0000][15960][safepoint    ] Safepoint "Cleanup", Time since last: 2000748521 ns, Reaching safepoint: 166956 ns, At safepoint: 7884 ns, Total: 174840 ns
[2020-05-16T10:58:34.921+0000][15960][safepoint    ] Safepoint "Cleanup", Time since last: 1000064928 ns, Reaching safepoint: 129855 ns, At safepoint: 4638 ns, Total: 134493 ns
[2020-05-16T10:58:35.921+0000][15960][safepoint    ] Safepoint "Cleanup", Time since last: 1000287999 ns, Reaching safepoint: 135421 ns, At safepoint: 5565 ns, Total: 140986 ns
[2020-05-16T10:58:36.922+0000][15960][safepoint    ] Safepoint "Cleanup", Time since last: 1000134956 ns, Reaching safepoint: 128928 ns, At safepoint: 5101 ns, Total: 134029 ns
[2020-05-16T10:58:37.922+0000][15960][safepoint    ] Safepoint "Cleanup", Time since last: 1000571362 ns, Reaching safepoint: 119189 ns, At safepoint: 5101 ns, Total: 124290 ns
[2020-05-16T10:58:38.923+0000][15960][safepoint    ] Safepoint "Cleanup", Time since last: 1000590377 ns, Reaching safepoint: 134029 ns, At safepoint: 5565 ns, Total: 139594 ns
[2020-05-16T10:58:40.924+0000][15960][safepoint    ] Safepoint "Cleanup", Time since last: 2000459594 ns, Reaching safepoint: 145623 ns, At safepoint: 7884 ns, Total: 153507 ns
[2020-05-16T10:58:41.924+0000][15960][safepoint    ] Safepoint "Cleanup", Time since last: 1000077913 ns, Reaching safepoint: 139130 ns, At safepoint: 5566 ns, Total: 144696 ns
[2020-05-16T10:58:42.925+0000][15960][safepoint    ] Safepoint "Cleanup", Time since last: 1000794434 ns, Reaching safepoint: 121971 ns, At safepoint: 19478 ns, Total: 141449 ns
[2020-05-16T10:58:43.926+0000][15960][safepoint    ] Safepoint "Cleanup", Time since last: 1000688232 ns, Reaching safepoint: 125681 ns, At safepoint: 6029 ns, Total: 131710 ns
[2020-05-16T10:58:44.926+0000][15960][safepoint    ] Safepoint "Cleanup", Time since last: 1000275478 ns, Reaching safepoint: 140985 ns, At safepoint: 5566 ns, Total: 146551 ns
[2020-05-16T10:58:45.926+0000][15960][safepoint    ] Safepoint "Cleanup", Time since last: 1000244405 ns, Reaching safepoint: 145160 ns, At safepoint: 6956 ns, Total: 152116 ns
[2020-05-16T10:58:46.927+0000][15960][safepoint    ] Safepoint "Cleanup", Time since last: 1000284290 ns, Reaching safepoint: 123362 ns, At safepoint: 5102 ns, Total: 128464 ns
[2020-05-16T10:58:47.928+0000][15960][safepoint    ] Safepoint "Cleanup", Time since last: 1000663651 ns, Reaching safepoint: 147015 ns, At safepoint: 6956 ns, Total: 153971 ns
[2020-05-16T10:58:48.928+0000][15960][safepoint    ] Safepoint "Cleanup", Time since last: 1000178551 ns, Reaching safepoint: 117333 ns, At safepoint: 5566 ns, Total: 122899 ns
[2020-05-16T10:58:49.928+0000][15960][safepoint    ] Safepoint "Cleanup", Time since last: 1000145159 ns, Reaching safepoint: 292174 ns, At safepoint: 9739 ns, Total: 301913 ns
[2020-05-16T10:58:50.929+0000][15960][safepoint    ] Safepoint "Cleanup", Time since last: 1000601043 ns, Reaching safepoint: 153971 ns, At safepoint: 8348 ns, Total: 162319 ns
[2020-05-16T10:58:52.930+0000][15960][safepoint    ] Safepoint "Cleanup", Time since last: 2000345971 ns, Reaching safepoint: 163710 ns, At safepoint: 8348 ns, Total: 172058 ns
[2020-05-16T10:58:53.930+0000][15960][safepoint    ] Safepoint "Cleanup", Time since last: 1000289854 ns, Reaching safepoint: 122899 ns, At safepoint: 6957 ns, Total: 129856 ns
[2020-05-16T10:58:54.931+0000][15960][safepoint    ] Safepoint "Cleanup", Time since last: 1000670608 ns, Reaching safepoint: 137275 ns, At safepoint: 6493 ns, Total: 143768 ns
[2020-05-16T10:58:55.931+0000][15960][safepoint    ] Safepoint "Cleanup", Time since last: 1000140985 ns, Reaching safepoint: 153971 ns, At safepoint: 9276 ns, Total: 163247 ns
[2020-05-16T10:58:56.931+0000][15960][safepoint    ] Safepoint "Cleanup", Time since last: 1000032927 ns, Reaching safepoint: 149333 ns, At safepoint: 8812 ns, Total: 158145 ns
[2020-05-16T10:58:57.932+0000][15960][safepoint    ] Safepoint "Cleanup", Time since last: 1000810666 ns, Reaching safepoint: 125218 ns, At safepoint: 5101 ns, Total: 130319 ns
[2020-05-16T10:58:58.933+0000][15960][safepoint    ] Safepoint "Cleanup", Time since last: 1000229565 ns, Reaching safepoint: 145623 ns, At safepoint: 6493 ns, Total: 152116 ns
[2020-05-16T10:58:59.934+0000][15960][safepoint    ] Safepoint "Cleanup", Time since last: 1000800000 ns, Reaching safepoint: 125681 ns, At safepoint: 5565 ns, Total: 131246 ns
[2020-05-16T10:59:00.935+0000][15960][safepoint    ] Safepoint "Cleanup", Time since last: 1000733217 ns, Reaching safepoint: 147015 ns, At safepoint: 5565 ns, Total: 152580 ns
[2020-05-16T10:59:01.935+0000][15960][safepoint    ] Safepoint "Cleanup", Time since last: 1000318145 ns, Reaching safepoint: 129855 ns, At safepoint: 5565 ns, Total: 135420 ns
[2020-05-16T10:59:03.936+0000][15960][safepoint    ] Safepoint "Cleanup", Time since last: 2000603826 ns, Reaching safepoint: 217043 ns, At safepoint: 9275 ns, Total: 226318 ns
[2020-05-16T10:59:04.936+0000][15960][safepoint    ] Safepoint "Cleanup", Time since last: 1000319536 ns, Reaching safepoint: 190145 ns, At safepoint: 8348 ns, Total: 198493 ns
[2020-05-16T10:59:06.937+0000][15960][safepoint    ] Safepoint "Cleanup", Time since last: 2000075130 ns, Reaching safepoint: 144696 ns, At safepoint: 6029 ns, Total: 150725 ns
[2020-05-16T10:59:07.937+0000][15960][safepoint    ] Safepoint "Cleanup", Time since last: 1000556985 ns, Reaching safepoint: 133565 ns, At safepoint: 8348 ns, Total: 141913 ns
[2020-05-16T10:59:08.938+0000][15960][safepoint    ] Safepoint "Cleanup", Time since last: 1000707246 ns, Reaching safepoint: 157218 ns, At safepoint: 9275 ns, Total: 166493 ns
[2020-05-16T10:59:10.939+0000][15960][safepoint    ] Safepoint "Cleanup", Time since last: 2000723942 ns, Reaching safepoint: 187362 ns, At safepoint: 6956 ns, Total: 194318 ns
[2020-05-16T10:59:11.939+0000][15960][safepoint    ] Safepoint "Cleanup", Time since last: 1000147015 ns, Reaching safepoint: 141913 ns, At safepoint: 29217 ns, Total: 171130 ns
[2020-05-16T10:59:12.940+0000][15960][safepoint    ] Safepoint "Cleanup", Time since last: 1000565797 ns, Reaching safepoint: 140522 ns, At safepoint: 9275 ns, Total: 149797 ns
[2020-05-16T10:59:13.940+0000][15960][safepoint    ] Safepoint "Cleanup", Time since last: 1000096000 ns, Reaching safepoint: 136812 ns, At safepoint: 6029 ns, Total: 142841 ns
[2020-05-16T10:59:14.941+0000][15960][safepoint    ] Safepoint "Cleanup", Time since last: 1000846376 ns, Reaching safepoint: 163710 ns, At safepoint: 5101 ns, Total: 168811 ns
[2020-05-16T10:59:16.942+0000][15960][safepoint    ] Safepoint "Cleanup", Time since last: 2000147942 ns, Reaching safepoint: 136812 ns, At safepoint: 6029 ns, Total: 142841 ns
[2020-05-16T10:59:17.942+0000][15960][safepoint    ] Safepoint "Cleanup", Time since last: 1000028290 ns, Reaching safepoint: 95536 ns, At safepoint: 4638 ns, Total: 100174 ns
[2020-05-16T10:59:18.943+0000][15960][safepoint    ] Safepoint "Cleanup", Time since last: 1000886260 ns, Reaching safepoint: 100638 ns, At safepoint: 16232 ns, Total: 116870 ns
[2020-05-16T10:59:19.943+0000][15960][safepoint    ] Safepoint "Cleanup", Time since last: 1000019942 ns, Reaching safepoint: 115478 ns, At safepoint: 7420 ns, Total: 122898 ns
[2020-05-16T10:59:21.943+0000][15960][safepoint    ] Safepoint "Cleanup", Time since last: 1999929507 ns, Reaching safepoint: 85334 ns, At safepoint: 2782 ns, Total: 88116 ns
[2020-05-16T10:59:22.944+0000][15960][safepoint    ] Safepoint "Cleanup", Time since last: 1000873739 ns, Reaching safepoint: 137739 ns, At safepoint: 4638 ns, Total: 142377 ns
[2020-05-16T10:59:23.944+0000][15960][safepoint    ] Safepoint "Cleanup", Time since last: 1000254145 ns, Reaching safepoint: 203130 ns, At safepoint: 7884 ns, Total: 211014 ns
[2020-05-16T10:59:25.945+0000][15960][safepoint    ] Safepoint "Cleanup", Time since last: 2000379362 ns, Reaching safepoint: 110841 ns, At safepoint: 4637 ns, Total: 115478 ns
[2020-05-16T10:59:26.945+0000][15960][safepoint    ] Safepoint "Cleanup", Time since last: 1000237449 ns, Reaching safepoint: 139595 ns, At safepoint: 8811 ns, Total: 148406 ns
[2020-05-16T10:59:27.946+0000][15960][safepoint    ] Safepoint "Cleanup", Time since last: 1000408580 ns, Reaching safepoint: 142840 ns, At safepoint: 6029 ns, Total: 148869 ns
[2020-05-16T10:59:28.946+0000][15960][safepoint    ] Safepoint "Cleanup", Time since last: 1000320928 ns, Reaching safepoint: 137275 ns, At safepoint: 6029 ns, Total: 143304 ns
[2020-05-16T10:59:29.947+0000][15960][safepoint    ] Safepoint "Cleanup", Time since last: 1000451246 ns, Reaching safepoint: 134029 ns, At safepoint: 6029 ns, Total: 140058 ns
[2020-05-16T10:59:30.948+0000][15960][safepoint    ] Safepoint "Cleanup", Time since last: 1000740174 ns, Reaching safepoint: 134028 ns, At safepoint: 5102 ns, Total: 139130 ns
[2020-05-16T10:59:31.948+0000][15960][safepoint    ] Safepoint "Cleanup", Time since last: 1000429913 ns, Reaching safepoint: 119188 ns, At safepoint: 5565 ns, Total: 124753 ns
[2020-05-16T10:59:32.949+0000][15960][safepoint    ] Safepoint "Cleanup", Time since last: 1000789797 ns, Reaching safepoint: 117333 ns, At safepoint: 5566 ns, Total: 122899 ns
[2020-05-16T10:59:33.950+0000][15960][safepoint    ] Safepoint "Cleanup", Time since last: 1000142376 ns, Reaching safepoint: 168348 ns, At safepoint: 6493 ns, Total: 174841 ns
[2020-05-16T10:59:34.950+0000][15960][safepoint    ] Safepoint "Cleanup", Time since last: 1000621913 ns, Reaching safepoint: 111304 ns, At safepoint: 4638 ns, Total: 115942 ns
[2020-05-16T10:59:35.951+0000][15960][safepoint    ] Safepoint "Cleanup", Time since last: 1000358492 ns, Reaching safepoint: 135884 ns, At safepoint: 7420 ns, Total: 143304 ns
[2020-05-16T10:59:36.952+0000][15960][safepoint    ] Safepoint "Cleanup", Time since last: 1000506899 ns, Reaching safepoint: 125681 ns, At safepoint: 6029 ns, Total: 131710 ns
[2020-05-16T10:59:37.952+0000][15960][safepoint    ] Safepoint "Cleanup", Time since last: 1000086724 ns, Reaching safepoint: 161392 ns, At safepoint: 72811 ns, Total: 234203 ns
[2020-05-16T10:59:38.953+0000][15960][safepoint    ] Safepoint "Cleanup", Time since last: 1000711884 ns, Reaching safepoint: 136348 ns, At safepoint: 6492 ns, Total: 142840 ns
[2020-05-16T10:59:39.953+0000][15960][safepoint    ] Safepoint "Cleanup", Time since last: 1000014841 ns, Reaching safepoint: 101101 ns, At safepoint: 14377 ns, Total: 115478 ns
[2020-05-16T10:59:40.953+0000][15960][safepoint    ] Safepoint "Cleanup", Time since last: 1000505507 ns, Reaching safepoint: 103420 ns, At safepoint: 3247 ns, Total: 106667 ns
[2020-05-16T10:59:41.954+0000][15960][safepoint    ] Safepoint "Cleanup", Time since last: 1000077449 ns, Reaching safepoint: 528695 ns, At safepoint: 14377 ns, Total: 543072 ns
[2020-05-16T10:59:42.954+0000][15960][safepoint    ] Safepoint "Cleanup", Time since last: 1000264812 ns, Reaching safepoint: 145623 ns, At safepoint: 5565 ns, Total: 151188 ns
[2020-05-16T10:59:43.955+0000][15960][safepoint    ] Safepoint "Cleanup", Time since last: 1000523130 ns, Reaching safepoint: 145160 ns, At safepoint: 6029 ns, Total: 151189 ns
[2020-05-16T10:59:44.955+0000][15960][safepoint    ] Safepoint "Cleanup", Time since last: 1000248115 ns, Reaching safepoint: 144696 ns, At safepoint: 6029 ns, Total: 150725 ns
[2020-05-16T10:59:45.956+0000][15960][safepoint    ] Safepoint "Cleanup", Time since last: 1000557913 ns, Reaching safepoint: 153043 ns, At safepoint: 6029 ns, Total: 159072 ns
[2020-05-16T10:59:46.957+0000][15960][safepoint    ] Safepoint "Cleanup", Time since last: 1000518493 ns, Reaching safepoint: 137739 ns, At safepoint: 5565 ns, Total: 143304 ns
[2020-05-16T10:59:47.957+0000][15960][safepoint    ] Safepoint "Cleanup", Time since last: 1000046377 ns, Reaching safepoint: 118724 ns, At safepoint: 6957 ns, Total: 125681 ns
[2020-05-16T10:59:48.957+0000][15960][safepoint    ] Safepoint "Cleanup", Time since last: 1000034319 ns, Reaching safepoint: 78376 ns, At safepoint: 4638 ns, Total: 83014 ns
[2020-05-16T10:59:49.958+0000][15960][safepoint    ] Safepoint "Cleanup", Time since last: 1000619594 ns, Reaching safepoint: 155362 ns, At safepoint: 5566 ns, Total: 160928 ns
[2020-05-16T10:59:50.959+0000][15960][safepoint    ] Safepoint "Cleanup", Time since last: 1000789332 ns, Reaching safepoint: 140986 ns, At safepoint: 5565 ns, Total: 146551 ns
[2020-05-16T10:59:52.960+0000][15960][safepoint    ] Safepoint "Cleanup", Time since last: 2000505971 ns, Reaching safepoint: 171130 ns, At safepoint: 11131 ns, Total: 182261 ns
[2020-05-16T10:59:54.960+0000][15960][safepoint    ] Safepoint "Cleanup", Time since last: 2000272695 ns, Reaching safepoint: 432232 ns, At safepoint: 6956 ns, Total: 439188 ns
[2020-05-16T10:59:55.961+0000][15960][safepoint    ] Safepoint "Cleanup", Time since last: 1000509681 ns, Reaching safepoint: 140986 ns, At safepoint: 7420 ns, Total: 148406 ns
[2020-05-16T10:59:56.961+0000][15960][safepoint    ] Safepoint "Cleanup", Time since last: 1000301913 ns, Reaching safepoint: 388637 ns, At safepoint: 18551 ns, Total: 407188 ns
[2020-05-16T10:59:58.962+0000][15960][safepoint    ] Safepoint "Cleanup", Time since last: 2000061218 ns, Reaching safepoint: 124753 ns, At safepoint: 5565 ns, Total: 130318 ns
[2020-05-16T10:59:59.962+0000][15960][safepoint    ] Safepoint "Cleanup", Time since last: 1000039884 ns, Reaching safepoint: 124754 ns, At safepoint: 6493 ns, Total: 131247 ns
[2020-05-16T11:00:00.963+0000][15960][safepoint    ] Safepoint "Cleanup", Time since last: 1000729043 ns, Reaching safepoint: 88116 ns, At safepoint: 3246 ns, Total: 91362 ns
[2020-05-16T11:00:01.963+0000][15960][safepoint    ] Safepoint "Cleanup", Time since last: 1000461449 ns, Reaching safepoint: 115942 ns, At safepoint: 5102 ns, Total: 121044 ns
[2020-05-16T11:00:02.964+0000][15960][safepoint    ] Safepoint "Cleanup", Time since last: 1000102492 ns, Reaching safepoint: 102493 ns, At safepoint: 5101 ns, Total: 107594 ns
[2020-05-16T11:00:03.964+0000][15960][safepoint    ] Safepoint "Cleanup", Time since last: 1000411826 ns, Reaching safepoint: 128000 ns, At safepoint: 4174 ns, Total: 132174 ns
[2020-05-16T11:00:04.965+0000][15960][safepoint    ] Safepoint "Cleanup", Time since last: 1000664116 ns, Reaching safepoint: 78840 ns, At safepoint: 3247 ns, Total: 82087 ns
[2020-05-16T11:00:05.966+0000][15960][safepoint    ] Safepoint "Cleanup", Time since last: 1000626086 ns, Reaching safepoint: 97392 ns, At safepoint: 2782 ns, Total: 100174 ns
[2020-05-16T11:00:06.966+0000][15960][safepoint    ] Safepoint "Cleanup", Time since last: 1000244406 ns, Reaching safepoint: 114087 ns, At safepoint: 5101 ns, Total: 119188 ns
[2020-05-16T11:00:07.966+0000][15960][safepoint    ] Safepoint "Cleanup", Time since last: 1000098319 ns, Reaching safepoint: 94145 ns, At safepoint: 4638 ns, Total: 98783 ns
[2020-05-16T11:00:08.966+0000][15960][safepoint    ] Safepoint "Cleanup", Time since last: 1000095536 ns, Reaching safepoint: 134956 ns, At safepoint: 7421 ns, Total: 142377 ns
[2020-05-16T11:00:09.967+0000][15960][safepoint    ] Safepoint "Cleanup", Time since last: 1000295420 ns, Reaching safepoint: 134956 ns, At safepoint: 7421 ns, Total: 142377 ns
[2020-05-16T11:00:10.968+0000][15960][safepoint    ] Safepoint "Cleanup", Time since last: 1000548637 ns, Reaching safepoint: 213333 ns, At safepoint: 11594 ns, Total: 224927 ns
[2020-05-16T11:00:11.969+0000][15960][safepoint    ] Safepoint "Cleanup", Time since last: 1000775420 ns, Reaching safepoint: 148406 ns, At safepoint: 8812 ns, Total: 157218 ns
[2020-05-16T11:00:12.969+0000][15960][safepoint    ] Safepoint "Cleanup", Time since last: 1000401623 ns, Reaching safepoint: 161391 ns, At safepoint: 8811 ns, Total: 170202 ns
[2020-05-16T11:00:14.970+0000][15960][safepoint    ] Safepoint "Cleanup", Time since last: 2000610319 ns, Reaching safepoint: 154899 ns, At safepoint: 9275 ns, Total: 164174 ns
[2020-05-16T11:00:15.971+0000][15960][safepoint    ] Safepoint "Cleanup", Time since last: 1000666898 ns, Reaching safepoint: 134957 ns, At safepoint: 6029 ns, Total: 140986 ns
[2020-05-16T11:00:16.971+0000][15960][safepoint    ] Safepoint "Cleanup", Time since last: 1000591767 ns, Reaching safepoint: 160464 ns, At safepoint: 6029 ns, Total: 166493 ns
[2020-05-16T11:00:17.972+0000][15960][safepoint    ] Safepoint "Cleanup", Time since last: 1000460985 ns, Reaching safepoint: 150261 ns, At safepoint: 3247 ns, Total: 153508 ns
[2020-05-16T11:00:19.272+0000][15960][safepoint    ] Safepoint "Cleanup", Time since last: 1000596405 ns, Reaching safepoint: 299128441 ns, At safepoint: 95536 ns, Total: 299223977 ns
[2020-05-16T11:00:20.272+0000][15960][safepoint    ] Safepoint "Cleanup", Time since last: 1000286145 ns, Reaching safepoint: 132638 ns, At safepoint: 4174 ns, Total: 136812 ns
[2020-05-16T11:00:22.273+0000][15960][safepoint    ] Safepoint "Cleanup", Time since last: 2000061217 ns, Reaching safepoint: 141913 ns, At safepoint: 7420 ns, Total: 149333 ns
[2020-05-16T11:00:23.273+0000][15960][safepoint    ] Safepoint "Cleanup", Time since last: 1000514319 ns, Reaching safepoint: 134029 ns, At safepoint: 7884 ns, Total: 141913 ns
[2020-05-16T11:00:24.274+0000][15960][safepoint    ] Safepoint "Cleanup", Time since last: 1000168347 ns, Reaching safepoint: 135421 ns, At safepoint: 6029 ns, Total: 141450 ns
[2020-05-16T11:00:25.274+0000][15960][safepoint    ] Safepoint "Cleanup", Time since last: 1000084405 ns, Reaching safepoint: 133566 ns, At safepoint: 6029 ns, Total: 139595 ns
[2020-05-16T11:00:26.274+0000][15960][safepoint    ] Safepoint "Cleanup", Time since last: 1000032927 ns, Reaching safepoint: 223536 ns, At safepoint: 9739 ns, Total: 233275 ns
[2020-05-16T11:00:27.274+0000][15960][safepoint    ] Safepoint "Cleanup", Time since last: 1000032928 ns, Reaching safepoint: 136811 ns, At safepoint: 5566 ns, Total: 142377 ns
[2020-05-16T11:00:28.275+0000][15960][safepoint    ] Safepoint "Cleanup", Time since last: 1000815304 ns, Reaching safepoint: 100637 ns, At safepoint: 3247 ns, Total: 103884 ns
[2020-05-16T11:00:29.276+0000][15960][safepoint    ] Safepoint "Cleanup", Time since last: 1000523130 ns, Reaching safepoint: 130319 ns, At safepoint: 5565 ns, Total: 135884 ns
[2020-05-16T11:00:30.276+0000][15960][safepoint    ] Safepoint "Cleanup", Time since last: 1000175768 ns, Reaching safepoint: 130782 ns, At safepoint: 7421 ns, Total: 138203 ns
[2020-05-16T11:00:31.276+0000][15960][safepoint    ] Safepoint "Cleanup", Time since last: 1000250434 ns, Reaching safepoint: 236058 ns, At safepoint: 8812 ns, Total: 244870 ns
[2020-05-16T11:00:32.277+0000][15960][safepoint    ] Safepoint "Cleanup", Time since last: 1000685449 ns, Reaching safepoint: 130782 ns, At safepoint: 6029 ns, Total: 136811 ns
[2020-05-16T11:00:34.278+0000][15960][safepoint    ] Safepoint "Cleanup", Time since last: 1999980522 ns, Reaching safepoint: 83478 ns, At safepoint: 4174 ns, Total: 87652 ns
[2020-05-16T11:00:35.278+0000][15960][safepoint    ] Safepoint "Cleanup", Time since last: 1000337159 ns, Reaching safepoint: 321392 ns, At safepoint: 4637 ns, Total: 326029 ns
[2020-05-16T11:00:37.278+0000][15960][safepoint    ] Safepoint "Cleanup", Time since last: 1999959652 ns, Reaching safepoint: 284754 ns, At safepoint: 4174 ns, Total: 288928 ns
[2020-05-16T11:00:39.279+0000][15960][safepoint    ] Safepoint "Cleanup", Time since last: 2000608927 ns, Reaching safepoint: 100638 ns, At safepoint: 4637 ns, Total: 105275 ns
[2020-05-16T11:00:41.280+0000][15960][safepoint    ] Safepoint "Cleanup", Time since last: 2000301450 ns, Reaching safepoint: 115478 ns, At safepoint: 6029 ns, Total: 121507 ns
[2020-05-16T11:00:42.280+0000][15960][safepoint    ] Safepoint "Cleanup", Time since last: 1000524985 ns, Reaching safepoint: 126145 ns, At safepoint: 6029 ns, Total: 132174 ns
[2020-05-16T11:00:43.281+0000][15960][safepoint    ] Safepoint "Cleanup", Time since last: 1000895072 ns, Reaching safepoint: 126609 ns, At safepoint: 4637 ns, Total: 131246 ns
[2020-05-16T11:00:44.282+0000][15960][safepoint    ] Safepoint "Cleanup", Time since last: 1000313507 ns, Reaching safepoint: 108986 ns, At safepoint: 5565 ns, Total: 114551 ns
[2020-05-16T11:00:45.282+0000][15960][safepoint    ] Safepoint "Cleanup", Time since last: 1000691942 ns, Reaching safepoint: 139130 ns, At safepoint: 6029 ns, Total: 145159 ns
[2020-05-16T11:00:46.283+0000][15960][safepoint    ] Safepoint "Cleanup", Time since last: 1000553739 ns, Reaching safepoint: 102493 ns, At safepoint: 3246 ns, Total: 105739 ns
[2020-05-16T11:00:47.284+0000][15960][safepoint    ] Safepoint "Cleanup", Time since last: 1000855188 ns, Reaching safepoint: 97855 ns, At safepoint: 2783 ns, Total: 100638 ns
[2020-05-16T11:00:48.531+0000][15960][safepoint    ] Safepoint "Cleanup", Time since last: 1000509217 ns, Reaching safepoint: 246288581 ns, At safepoint: 120580 ns, Total: 246409161 ns
[2020-05-16T11:00:49.531+0000][15960][safepoint    ] Safepoint "Cleanup", Time since last: 1000284753 ns, Reaching safepoint: 70493 ns, At safepoint: 13913 ns, Total: 84406 ns
[2020-05-16T11:00:50.532+0000][15960][safepoint    ] Safepoint "Cleanup", Time since last: 1000870029 ns, Reaching safepoint: 122898 ns, At safepoint: 5565 ns, Total: 128463 ns
[2020-05-16T11:00:51.533+0000][15960][safepoint    ] Safepoint "Cleanup", Time since last: 1000718377 ns, Reaching safepoint: 114087 ns, At safepoint: 14377 ns, Total: 128464 ns
[2020-05-16T11:00:52.533+0000][15960][safepoint    ] Safepoint "Cleanup", Time since last: 1000034318 ns, Reaching safepoint: 152580 ns, At safepoint: 6029 ns, Total: 158609 ns
[2020-05-16T11:00:53.534+0000][15960][safepoint    ] Safepoint "Cleanup", Time since last: 1000804637 ns, Reaching safepoint: 126145 ns, At safepoint: 16696 ns, Total: 142841 ns
[2020-05-16T11:00:54.535+0000][15960][safepoint    ] Safepoint "Cleanup", Time since last: 1000160464 ns, Reaching safepoint: 133565 ns, At safepoint: 56116 ns, Total: 189681 ns
[2020-05-16T11:00:55.535+0000][15960][safepoint    ] Safepoint "Cleanup", Time since last: 1000376579 ns, Reaching safepoint: 133565 ns, At safepoint: 6029 ns, Total: 139594 ns
[2020-05-16T11:00:56.536+0000][15960][safepoint    ] Safepoint "Cleanup", Time since last: 1000883014 ns, Reaching safepoint: 131247 ns, At safepoint: 5565 ns, Total: 136812 ns
[2020-05-16T11:00:57.537+0000][15960][safepoint    ] Safepoint "Cleanup", Time since last: 1000185971 ns, Reaching safepoint: 147478 ns, At safepoint: 6493 ns, Total: 153971 ns
[2020-05-16T11:00:58.537+0000][15960][safepoint    ] Safepoint "Cleanup", Time since last: 1000722550 ns, Reaching safepoint: 137276 ns, At safepoint: 6029 ns, Total: 143305 ns
[2020-05-16T11:00:59.538+0000][15960][safepoint    ] Safepoint "Cleanup", Time since last: 1000809274 ns, Reaching safepoint: 138203 ns, At safepoint: 5102 ns, Total: 143305 ns
[2020-05-16T11:01:00.539+0000][15960][safepoint    ] Safepoint "Cleanup", Time since last: 1000486029 ns, Reaching safepoint: 166956 ns, At safepoint: 12058 ns, Total: 179014 ns
[2020-05-16T11:01:01.540+0000][15960][safepoint    ] Safepoint "Cleanup", Time since last: 1000306087 ns, Reaching safepoint: 130782 ns, At safepoint: 6957 ns, Total: 137739 ns
[2020-05-16T11:01:02.540+0000][15960][safepoint    ] Safepoint "Cleanup", Time since last: 1000565797 ns, Reaching safepoint: 134956 ns, At safepoint: 5102 ns, Total: 140058 ns
[2020-05-16T11:01:03.541+0000][15960][safepoint    ] Safepoint "Cleanup", Time since last: 1000371941 ns, Reaching safepoint: 92290 ns, At safepoint: 5102 ns, Total: 97392 ns
[2020-05-16T11:01:05.541+0000][15960][safepoint    ] Safepoint "Cleanup", Time since last: 2000339942 ns, Reaching safepoint: 128927 ns, At safepoint: 5565 ns, Total: 134492 ns
[2020-05-16T11:01:06.542+0000][15960][safepoint    ] Safepoint "Cleanup", Time since last: 1000882087 ns, Reaching safepoint: 148869 ns, At safepoint: 4638 ns, Total: 153507 ns
[2020-05-16T11:01:08.543+0000][15960][safepoint    ] Safepoint "Cleanup", Time since last: 2000248580 ns, Reaching safepoint: 115478 ns, At safepoint: 5101 ns, Total: 120579 ns
[2020-05-16T11:01:10.543+0000][15960][safepoint    ] Safepoint "Cleanup", Time since last: 2000663652 ns, Reaching safepoint: 110841 ns, At safepoint: 6492 ns, Total: 117333 ns
[2020-05-16T11:01:11.544+0000][15960][safepoint    ] Safepoint "Cleanup", Time since last: 1000084870 ns, Reaching safepoint: 117333 ns, At safepoint: 7884 ns, Total: 125217 ns
[2020-05-16T11:01:12.544+0000][15960][safepoint    ] Safepoint "Cleanup", Time since last: 1000560232 ns, Reaching safepoint: 137275 ns, At safepoint: 5102 ns, Total: 142377 ns
[2020-05-16T11:01:13.545+0000][15960][safepoint    ] Safepoint "Cleanup", Time since last: 1000474898 ns, Reaching safepoint: 136811 ns, At safepoint: 6029 ns, Total: 142840 ns
[2020-05-16T11:01:14.545+0000][15960][safepoint    ] Safepoint "Cleanup", Time since last: 1000275942 ns, Reaching safepoint: 98783 ns, At safepoint: 2783 ns, Total: 101566 ns
[2020-05-16T11:01:15.545+0000][15960][safepoint    ] Safepoint "Cleanup", Time since last: 1000075594 ns, Reaching safepoint: 150260 ns, At safepoint: 6029 ns, Total: 156289 ns
[2020-05-16T11:01:16.546+0000][15960][safepoint    ] Safepoint "Cleanup", Time since last: 1000693333 ns, Reaching safepoint: 121044 ns, At safepoint: 7420 ns, Total: 128464 ns
[2020-05-16T11:01:17.547+0000][15960][safepoint    ] Safepoint "Cleanup", Time since last: 1000731362 ns, Reaching safepoint: 138203 ns, At safepoint: 7884 ns, Total: 146087 ns
[2020-05-16T11:01:18.635+0000][15960][safepoint    ] Safepoint "Cleanup", Time since last: 1000206377 ns, Reaching safepoint: 88249002 ns, At safepoint: 129855 ns, Total: 88378857 ns
[2020-05-16T11:01:20.637+0000][15960][safepoint    ] Safepoint "Cleanup", Time since last: 2000674319 ns, Reaching safepoint: 123826 ns, At safepoint: 15768 ns, Total: 139594 ns
[2020-05-16T11:01:21.637+0000][15960][safepoint    ] Safepoint "Cleanup", Time since last: 1000595478 ns, Reaching safepoint: 98783 ns, At safepoint: 4637 ns, Total: 103420 ns
[2020-05-16T11:01:22.638+0000][15960][safepoint    ] Safepoint "Cleanup", Time since last: 1000583884 ns, Reaching safepoint: 136812 ns, At safepoint: 6029 ns, Total: 142841 ns
[2020-05-16T11:01:23.638+0000][15960][safepoint    ] Safepoint "Cleanup", Time since last: 1000281043 ns, Reaching safepoint: 152580 ns, At safepoint: 6492 ns, Total: 159072 ns
[2020-05-16T11:01:25.639+0000][15960][safepoint    ] Safepoint "Cleanup", Time since last: 2000493449 ns, Reaching safepoint: 141913 ns, At safepoint: 5565 ns, Total: 147478 ns
[2020-05-16T11:01:26.640+0000][15960][safepoint    ] Safepoint "Cleanup", Time since last: 1000560696 ns, Reaching safepoint: 122435 ns, At safepoint: 6492 ns, Total: 128927 ns
[2020-05-16T11:01:27.640+0000][15960][safepoint    ] Safepoint "Cleanup", Time since last: 1000319073 ns, Reaching safepoint: 123826 ns, At safepoint: 7884 ns, Total: 131710 ns
[2020-05-16T11:01:28.641+0000][15960][safepoint    ] Safepoint "Cleanup", Time since last: 1000310260 ns, Reaching safepoint: 165102 ns, At safepoint: 10667 ns, Total: 175769 ns
[2020-05-16T11:01:29.641+0000][15960][safepoint    ] Safepoint "Cleanup", Time since last: 1000262956 ns, Reaching safepoint: 138203 ns, At safepoint: 6029 ns, Total: 144232 ns
[2020-05-16T11:01:30.642+0000][15960][safepoint    ] Safepoint "Cleanup", Time since last: 1000613565 ns, Reaching safepoint: 110840 ns, At safepoint: 6029 ns, Total: 116869 ns
[2020-05-16T11:01:31.643+0000][15960][safepoint    ] Safepoint "Cleanup", Time since last: 1000542145 ns, Reaching safepoint: 124753 ns, At safepoint: 5102 ns, Total: 129855 ns
[2020-05-16T11:01:32.643+0000][15960][safepoint    ] Safepoint "Cleanup", Time since last: 1000206377 ns, Reaching safepoint: 128000 ns, At safepoint: 5565 ns, Total: 133565 ns
[2020-05-16T11:01:33.644+0000][15960][safepoint    ] Safepoint "Cleanup", Time since last: 1000611710 ns, Reaching safepoint: 180405 ns, At safepoint: 8348 ns, Total: 188753 ns
[2020-05-16T11:01:35.644+0000][15960][safepoint    ] Safepoint "Cleanup", Time since last: 2000546782 ns, Reaching safepoint: 204522 ns, At safepoint: 7420 ns, Total: 211942 ns
[2020-05-16T11:01:36.645+0000][15960][safepoint    ] Safepoint "Cleanup", Time since last: 1000781449 ns, Reaching safepoint: 230493 ns, At safepoint: 7884 ns, Total: 238377 ns
[2020-05-16T11:01:37.646+0000][15960][safepoint    ] Safepoint "Cleanup", Time since last: 1000332985 ns, Reaching safepoint: 141450 ns, At safepoint: 7884 ns, Total: 149334 ns
[2020-05-16T11:01:38.647+0000][15960][safepoint    ] Safepoint "Cleanup", Time since last: 1000584811 ns, Reaching safepoint: 161391 ns, At safepoint: 8348 ns, Total: 169739 ns
[2020-05-16T11:01:39.647+0000][15960][safepoint    ] Safepoint "Cleanup", Time since last: 1000030609 ns, Reaching safepoint: 152579 ns, At safepoint: 8348 ns, Total: 160927 ns
[2020-05-16T11:01:40.648+0000][15960][safepoint    ] Safepoint "Cleanup", Time since last: 1000452174 ns, Reaching safepoint: 129855 ns, At safepoint: 6029 ns, Total: 135884 ns
[2020-05-16T11:01:42.648+0000][15960][safepoint    ] Safepoint "Cleanup", Time since last: 1999905855 ns, Reaching safepoint: 143304 ns, At safepoint: 6493 ns, Total: 149797 ns
[2020-05-16T11:01:43.648+0000][15960][safepoint    ] Safepoint "Cleanup", Time since last: 1000418319 ns, Reaching safepoint: 134492 ns, At safepoint: 4638 ns, Total: 139130 ns
[2020-05-16T11:01:44.648+0000][15960][safepoint    ] Safepoint "Cleanup", Time since last: 1000046841 ns, Reaching safepoint: 146086 ns, At safepoint: 7421 ns, Total: 153507 ns
[2020-05-16T11:01:46.649+0000][15960][safepoint    ] Safepoint "Cleanup", Time since last: 2000472579 ns, Reaching safepoint: 152116 ns, At safepoint: 6957 ns, Total: 159073 ns
[2020-05-16T11:01:47.649+0000][15960][safepoint    ] Safepoint "Cleanup", Time since last: 1000088116 ns, Reaching safepoint: 108985 ns, At safepoint: 6029 ns, Total: 115014 ns
[2020-05-16T11:01:48.723+0000][15960][safepoint    ] Safepoint "Cleanup", Time since last: 1000108522 ns, Reaching safepoint: 73770632 ns, At safepoint: 198957 ns, Total: 73969589 ns
[2020-05-16T11:01:50.724+0000][15960][safepoint    ] Safepoint "Cleanup", Time since last: 2000574144 ns, Reaching safepoint: 125218 ns, At safepoint: 2782 ns, Total: 128000 ns
[2020-05-16T11:01:52.724+0000][15960][safepoint    ] Safepoint "Cleanup", Time since last: 1999986551 ns, Reaching safepoint: 154898 ns, At safepoint: 5102 ns, Total: 160000 ns
[2020-05-16T11:01:53.725+0000][15960][safepoint    ] Safepoint "Cleanup", Time since last: 1000708173 ns, Reaching safepoint: 108058 ns, At safepoint: 4174 ns, Total: 112232 ns
[2020-05-16T11:01:54.726+0000][15960][safepoint    ] Safepoint "Cleanup", Time since last: 1000649275 ns, Reaching safepoint: 97855 ns, At safepoint: 3710 ns, Total: 101565 ns
[2020-05-16T11:01:55.726+0000][15960][safepoint    ] Safepoint "Cleanup", Time since last: 1000562087 ns, Reaching safepoint: 162319 ns, At safepoint: 9275 ns, Total: 171594 ns
[2020-05-16T11:01:56.727+0000][15960][safepoint    ] Safepoint "Cleanup", Time since last: 1000611710 ns, Reaching safepoint: 146551 ns, At safepoint: 8348 ns, Total: 154899 ns
[2020-05-16T11:01:58.728+0000][15960][safepoint    ] Safepoint "Cleanup", Time since last: 2000345970 ns, Reaching safepoint: 186899 ns, At safepoint: 8812 ns, Total: 195711 ns
[2020-05-16T11:01:59.729+0000][15960][safepoint    ] Safepoint "Cleanup", Time since last: 1000694260 ns, Reaching safepoint: 157217 ns, At safepoint: 7884 ns, Total: 165101 ns
[2020-05-16T11:02:00.729+0000][15960][safepoint    ] Safepoint "Cleanup", Time since last: 1000049624 ns, Reaching safepoint: 134956 ns, At safepoint: 5565 ns, Total: 140521 ns
[2020-05-16T11:02:01.729+0000][15960][safepoint    ] Safepoint "Cleanup", Time since last: 1000082551 ns, Reaching safepoint: 268985 ns, At safepoint: 7421 ns, Total: 276406 ns
[2020-05-16T11:02:02.729+0000][15960][safepoint    ] Safepoint "Cleanup", Time since last: 1000046376 ns, Reaching safepoint: 200348 ns, At safepoint: 9739 ns, Total: 210087 ns
[2020-05-16T11:02:03.730+0000][15960][safepoint    ] Safepoint "Cleanup", Time since last: 1000508290 ns, Reaching safepoint: 166493 ns, At safepoint: 8347 ns, Total: 174840 ns
[2020-05-16T11:02:04.730+0000][15960][safepoint    ] Safepoint "Cleanup", Time since last: 1000195710 ns, Reaching safepoint: 206377 ns, At safepoint: 10667 ns, Total: 217044 ns
[2020-05-16T11:02:06.731+0000][15960][safepoint    ] Safepoint "Cleanup", Time since last: 2000691942 ns, Reaching safepoint: 131710 ns, At safepoint: 8347 ns, Total: 140057 ns
[2020-05-16T11:02:07.732+0000][15960][safepoint    ] Safepoint "Cleanup", Time since last: 1000341334 ns, Reaching safepoint: 222608 ns, At safepoint: 8348 ns, Total: 230956 ns
[2020-05-16T11:02:08.733+0000][15960][safepoint    ] Safepoint "Cleanup", Time since last: 1000511536 ns, Reaching safepoint: 139594 ns, At safepoint: 6493 ns, Total: 146087 ns
[2020-05-16T11:02:09.733+0000][15960][safepoint    ] Safepoint "Cleanup", Time since last: 1000044058 ns, Reaching safepoint: 110377 ns, At safepoint: 6029 ns, Total: 116406 ns
[2020-05-16T11:02:10.733+0000][15960][safepoint    ] Safepoint "Cleanup", Time since last: 1000345507 ns, Reaching safepoint: 152579 ns, At safepoint: 7884 ns, Total: 160463 ns
[2020-05-16T11:02:11.734+0000][15960][safepoint    ] Safepoint "Cleanup", Time since last: 1000359884 ns, Reaching safepoint: 96000 ns, At safepoint: 3247 ns, Total: 99247 ns
[2020-05-16T11:02:12.734+0000][15960][safepoint    ] Safepoint "Cleanup", Time since last: 1000217971 ns, Reaching safepoint: 163246 ns, At safepoint: 5101 ns, Total: 168347 ns
[2020-05-16T11:02:13.734+0000][15960][safepoint    ] Safepoint "Cleanup", Time since last: 1000277797 ns, Reaching safepoint: 86725 ns, At safepoint: 3710 ns, Total: 90435 ns
[2020-05-16T11:02:14.735+0000][15960][safepoint    ] Safepoint "Cleanup", Time since last: 1000857971 ns, Reaching safepoint: 142840 ns, At safepoint: 3247 ns, Total: 146087 ns
[2020-05-16T11:02:16.736+0000][15960][safepoint    ] Safepoint "Cleanup", Time since last: 2000753622 ns, Reaching safepoint: 92290 ns, At safepoint: 4174 ns, Total: 96464 ns
[2020-05-16T11:02:17.737+0000][15960][safepoint    ] Safepoint "Cleanup", Time since last: 1000568580 ns, Reaching safepoint: 145159 ns, At safepoint: 8348 ns, Total: 153507 ns
[2020-05-16T11:02:18.737+0000][15960][safepoint    ] Safepoint "Cleanup", Time since last: 1000081159 ns, Reaching safepoint: 114087 ns, At safepoint: 6029 ns, Total: 120116 ns
[2020-05-16T11:02:19.738+0000][15960][safepoint    ] Safepoint "Cleanup", Time since last: 1000841275 ns, Reaching safepoint: 144696 ns, At safepoint: 4173 ns, Total: 148869 ns
[2020-05-16T11:02:20.738+0000][15960][safepoint    ] Safepoint "Cleanup", Time since last: 1000237913 ns, Reaching safepoint: 102029 ns, At safepoint: 3710 ns, Total: 105739 ns
[2020-05-16T11:02:22.739+0000][15960][safepoint    ] Safepoint "Cleanup", Time since last: 2000108522 ns, Reaching safepoint: 88116 ns, At safepoint: 2783 ns, Total: 90899 ns
[2020-05-16T11:02:23.739+0000][15960][safepoint    ] Safepoint "Cleanup", Time since last: 1000224463 ns, Reaching safepoint: 128464 ns, At safepoint: 4638 ns, Total: 133102 ns
[2020-05-16T11:02:25.740+0000][15960][safepoint    ] Safepoint "Cleanup", Time since last: 2000576927 ns, Reaching safepoint: 143304 ns, At safepoint: 8348 ns, Total: 151652 ns
[2020-05-16T11:02:26.740+0000][15960][safepoint    ] Safepoint "Cleanup", Time since last: 1000473507 ns, Reaching safepoint: 170667 ns, At safepoint: 2782 ns, Total: 173449 ns
[2020-05-16T11:02:27.741+0000][15960][safepoint    ] Safepoint "Cleanup", Time since last: 1000499478 ns, Reaching safepoint: 116870 ns, At safepoint: 5565 ns, Total: 122435 ns
[2020-05-16T11:02:28.742+0000][15960][safepoint    ] Safepoint "Cleanup", Time since last: 1000472580 ns, Reaching safepoint: 109449 ns, At safepoint: 4174 ns, Total: 113623 ns
[2020-05-16T11:02:29.742+0000][15960][safepoint    ] Safepoint "Cleanup", Time since last: 1000096000 ns, Reaching safepoint: 76521 ns, At safepoint: 2783 ns, Total: 79304 ns
[2020-05-16T11:02:30.742+0000][15960][safepoint    ] Safepoint "Cleanup", Time since last: 1000415536 ns, Reaching safepoint: 133565 ns, At safepoint: 3710 ns, Total: 137275 ns
[2020-05-16T11:02:32.743+0000][15960][safepoint    ] Safepoint "Cleanup", Time since last: 2000025971 ns, Reaching safepoint: 121044 ns, At safepoint: 6492 ns, Total: 127536 ns
[2020-05-16T11:02:33.743+0000][15960][safepoint    ] Safepoint "Cleanup", Time since last: 1000442435 ns, Reaching safepoint: 105739 ns, At safepoint: 4638 ns, Total: 110377 ns
[2020-05-16T11:02:34.748+0000][15960][safepoint    ] Safepoint "Cleanup", Time since last: 1004825505 ns, Reaching safepoint: 123826 ns, At safepoint: 3246 ns, Total: 127072 ns
[2020-05-16T11:02:35.749+0000][15960][safepoint    ] Safepoint "Cleanup", Time since last: 1000893681 ns, Reaching safepoint: 125681 ns, At safepoint: 6493 ns, Total: 132174 ns
[2020-05-16T11:02:36.750+0000][15960][safepoint    ] Safepoint "Cleanup", Time since last: 1000421101 ns, Reaching safepoint: 126609 ns, At safepoint: 6492 ns, Total: 133101 ns
[2020-05-16T11:02:37.750+0000][15960][safepoint    ] Safepoint "Cleanup", Time since last: 1000181334 ns, Reaching safepoint: 123362 ns, At safepoint: 4174 ns, Total: 127536 ns
[2020-05-16T11:02:38.751+0000][15960][safepoint    ] Safepoint "Cleanup", Time since last: 1000608463 ns, Reaching safepoint: 161855 ns, At safepoint: 4638 ns, Total: 166493 ns
[2020-05-16T11:02:39.751+0000][15960][safepoint    ] Safepoint "Cleanup", Time since last: 1000483246 ns, Reaching safepoint: 83942 ns, At safepoint: 2783 ns, Total: 86725 ns
[2020-05-16T11:02:40.752+0000][15960][safepoint    ] Safepoint "Cleanup", Time since last: 1000615420 ns, Reaching safepoint: 119188 ns, At safepoint: 5102 ns, Total: 124290 ns
[2020-05-16T11:02:41.752+0000][15960][safepoint    ] Safepoint "Cleanup", Time since last: 1000014840 ns, Reaching safepoint: 126145 ns, At safepoint: 6493 ns, Total: 132638 ns
[2020-05-16T11:02:42.752+0000][15960][safepoint    ] Safepoint "Cleanup", Time since last: 1000173449 ns, Reaching safepoint: 126145 ns, At safepoint: 4638 ns, Total: 130783 ns
[2020-05-16T11:02:43.753+0000][15960][safepoint    ] Safepoint "Cleanup", Time since last: 1000356173 ns, Reaching safepoint: 122899 ns, At safepoint: 4637 ns, Total: 127536 ns
[2020-05-16T11:02:44.753+0000][15960][safepoint    ] Safepoint "Cleanup", Time since last: 1000341797 ns, Reaching safepoint: 103421 ns, At safepoint: 2782 ns, Total: 106203 ns
[2020-05-16T11:02:45.754+0000][15960][safepoint    ] Safepoint "Cleanup", Time since last: 1000639072 ns, Reaching safepoint: 119189 ns, At safepoint: 4637 ns, Total: 123826 ns
[2020-05-16T11:02:46.755+0000][15960][safepoint    ] Safepoint "Cleanup", Time since last: 1000825044 ns, Reaching safepoint: 106666 ns, At safepoint: 4638 ns, Total: 111304 ns
[2020-05-16T11:02:47.755+0000][15960][safepoint    ] Safepoint "Cleanup", Time since last: 1000192000 ns, Reaching safepoint: 122434 ns, At safepoint: 5102 ns, Total: 127536 ns
[2020-05-16T11:02:49.756+0000][15960][safepoint    ] Safepoint "Cleanup", Time since last: 2000008348 ns, Reaching safepoint: 128927 ns, At safepoint: 5565 ns, Total: 134492 ns
[2020-05-16T11:02:50.756+0000][15960][safepoint    ] Safepoint "Cleanup", Time since last: 1000036174 ns, Reaching safepoint: 122435 ns, At safepoint: 4174 ns, Total: 126609 ns
[2020-05-16T11:02:51.757+0000][15960][safepoint    ] Safepoint "Cleanup", Time since last: 1000817159 ns, Reaching safepoint: 125217 ns, At safepoint: 5102 ns, Total: 130319 ns
[2020-05-16T11:02:53.758+0000][15960][safepoint    ] Safepoint "Cleanup", Time since last: 2000757333 ns, Reaching safepoint: 123362 ns, At safepoint: 4638 ns, Total: 128000 ns
[2020-05-16T11:02:54.758+0000][15960][safepoint    ] Safepoint "Cleanup", Time since last: 1000268521 ns, Reaching safepoint: 113623 ns, At safepoint: 6957 ns, Total: 120580 ns
[2020-05-16T11:02:55.759+0000][15960][safepoint    ] Safepoint "Cleanup", Time since last: 1000504579 ns, Reaching safepoint: 127073 ns, At safepoint: 5101 ns, Total: 132174 ns
[2020-05-16T11:02:56.759+0000][15960][safepoint    ] Safepoint "Cleanup", Time since last: 1000545391 ns, Reaching safepoint: 131710 ns, At safepoint: 6493 ns, Total: 138203 ns
[2020-05-16T11:02:58.760+0000][15960][safepoint    ] Safepoint "Cleanup", Time since last: 2000403942 ns, Reaching safepoint: 155826 ns, At safepoint: 5101 ns, Total: 160927 ns
[2020-05-16T11:03:00.761+0000][15960][safepoint    ] Safepoint "Cleanup", Time since last: 2000803246 ns, Reaching safepoint: 116406 ns, At safepoint: 5565 ns, Total: 121971 ns
[2020-05-16T11:03:01.762+0000][15960][safepoint    ] Safepoint "Cleanup", Time since last: 1000754087 ns, Reaching safepoint: 121043 ns, At safepoint: 4638 ns, Total: 125681 ns
[2020-05-16T11:03:02.762+0000][15960][safepoint    ] Safepoint "Cleanup", Time since last: 1000149797 ns, Reaching safepoint: 150725 ns, At safepoint: 4637 ns, Total: 155362 ns
[2020-05-16T11:03:03.762+0000][15960][safepoint    ] Safepoint "Cleanup", Time since last: 1000034783 ns, Reaching safepoint: 263420 ns, At safepoint: 6957 ns, Total: 270377 ns
[2020-05-16T11:03:05.763+0000][15960][safepoint    ] Safepoint "Cleanup", Time since last: 2000394666 ns, Reaching safepoint: 215652 ns, At safepoint: 7884 ns, Total: 223536 ns
[2020-05-16T11:03:06.763+0000][15960][safepoint    ] Safepoint "Cleanup", Time since last: 1000130783 ns, Reaching safepoint: 122898 ns, At safepoint: 7884 ns, Total: 130782 ns
[2020-05-16T11:03:07.764+0000][15960][safepoint    ] Safepoint "Cleanup", Time since last: 1000862145 ns, Reaching safepoint: 115942 ns, At safepoint: 6493 ns, Total: 122435 ns
[2020-05-16T11:03:08.765+0000][15960][safepoint    ] Safepoint "Cleanup", Time since last: 1000596869 ns, Reaching safepoint: 123826 ns, At safepoint: 4174 ns, Total: 128000 ns
[2020-05-16T11:03:10.281+0000][15960][safepoint    ] Safepoint "Cleanup", Time since last: 1516434775 ns, Reaching safepoint: 143768 ns, At safepoint: 9275 ns, Total: 153043 ns
[2020-05-16T11:03:11.282+0000][15960][safepoint    ] Safepoint "Cleanup", Time since last: 1000737855 ns, Reaching safepoint: 98319 ns, At safepoint: 4637 ns, Total: 102956 ns
[2020-05-16T11:03:12.283+0000][15960][safepoint    ] Safepoint "Cleanup", Time since last: 1000870957 ns, Reaching safepoint: 120579 ns, At safepoint: 4638 ns, Total: 125217 ns
[2020-05-16T11:03:13.284+0000][15960][safepoint    ] Safepoint "Cleanup", Time since last: 1000838029 ns, Reaching safepoint: 117333 ns, At safepoint: 4638 ns, Total: 121971 ns
[2020-05-16T11:03:14.284+0000][15960][safepoint    ] Safepoint "Cleanup", Time since last: 1000051014 ns, Reaching safepoint: 104348 ns, At safepoint: 6029 ns, Total: 110377 ns
[2020-05-16T11:03:15.285+0000][15960][safepoint    ] Safepoint "Cleanup", Time since last: 1000875130 ns, Reaching safepoint: 131710 ns, At safepoint: 5101 ns, Total: 136811 ns
[2020-05-16T11:03:17.286+0000][15960][safepoint    ] Safepoint "Cleanup", Time since last: 2000486957 ns, Reaching safepoint: 153971 ns, At safepoint: 8347 ns, Total: 162318 ns
[2020-05-16T11:03:19.302+0000][15960][safepoint    ] Safepoint "Cleanup", Time since last: 2000812058 ns, Reaching safepoint: 15032573 ns, At safepoint: 19014 ns, Total: 15051587 ns
[2020-05-16T11:03:20.302+0000][15960][safepoint    ] Safepoint "Cleanup", Time since last: 1000145623 ns, Reaching safepoint: 115015 ns, At safepoint: 6492 ns, Total: 121507 ns
[2020-05-16T11:03:21.302+0000][15960][safepoint    ] Safepoint "Cleanup", Time since last: 1000068638 ns, Reaching safepoint: 155362 ns, At safepoint: 4638 ns, Total: 160000 ns
[2020-05-16T11:03:22.303+0000][15960][safepoint    ] Safepoint "Cleanup", Time since last: 1000301913 ns, Reaching safepoint: 108985 ns, At safepoint: 5102 ns, Total: 114087 ns
[2020-05-16T11:03:23.307+0000][15960][safepoint    ] Safepoint "Cleanup", Time since last: 1003696694 ns, Reaching safepoint: 119188 ns, At safepoint: 4174 ns, Total: 123362 ns
[2020-05-16T11:03:24.308+0000][15960][safepoint    ] Safepoint "Cleanup", Time since last: 1001539246 ns, Reaching safepoint: 136811 ns, At safepoint: 7421 ns, Total: 144232 ns
[2020-05-16T11:03:25.309+0000][15960][safepoint    ] Safepoint "Cleanup", Time since last: 1000380289 ns, Reaching safepoint: 101102 ns, At safepoint: 3246 ns, Total: 104348 ns
[2020-05-16T11:03:26.323+0000][15960][safepoint    ] Safepoint "Cleanup", Time since last: 1014185269 ns, Reaching safepoint: 146550 ns, At safepoint: 4174 ns, Total: 150724 ns
[2020-05-16T11:03:27.324+0000][15960][safepoint    ] Safepoint "Cleanup", Time since last: 1000399305 ns, Reaching safepoint: 102956 ns, At safepoint: 2783 ns, Total: 105739 ns
[2020-05-16T11:03:28.325+0000][15960][safepoint    ] Safepoint "Cleanup", Time since last: 1000799999 ns, Reaching safepoint: 83478 ns, At safepoint: 4638 ns, Total: 88116 ns
[2020-05-16T11:03:29.325+0000][15960][safepoint    ] Safepoint "Cleanup", Time since last: 1000454493 ns, Reaching safepoint: 104347 ns, At safepoint: 5566 ns, Total: 109913 ns
[2020-05-16T11:03:30.325+0000][15960][safepoint    ] Safepoint "Cleanup", Time since last: 1000104347 ns, Reaching safepoint: 104812 ns, At safepoint: 6956 ns, Total: 111768 ns
[2020-05-16T11:03:32.326+0000][15960][safepoint    ] Safepoint "Cleanup", Time since last: 2000534725 ns, Reaching safepoint: 131246 ns, At safepoint: 4638 ns, Total: 135884 ns
[2020-05-16T11:03:34.327+0000][15960][safepoint    ] Safepoint "Cleanup", Time since last: 2000711884 ns, Reaching safepoint: 253217 ns, At safepoint: 9739 ns, Total: 262956 ns
[2020-05-16T11:03:35.328+0000][15960][safepoint    ] Safepoint "Cleanup", Time since last: 1000544000 ns, Reaching safepoint: 115014 ns, At safepoint: 7420 ns, Total: 122434 ns
[2020-05-16T11:03:36.335+0000][15960][safepoint    ] Safepoint "Cleanup", Time since last: 1007142026 ns, Reaching safepoint: 139594 ns, At safepoint: 4638 ns, Total: 144232 ns
[2020-05-16T11:03:37.336+0000][15960][safepoint    ] Safepoint "Cleanup", Time since last: 1000494840 ns, Reaching safepoint: 112696 ns, At safepoint: 4174 ns, Total: 116870 ns
[2020-05-16T11:03:38.336+0000][15960][safepoint    ] Safepoint "Cleanup", Time since last: 1000829217 ns, Reaching safepoint: 158145 ns, At safepoint: 6492 ns, Total: 164637 ns
[2020-05-16T11:03:39.337+0000][15960][safepoint    ] Safepoint "Cleanup", Time since last: 1000509681 ns, Reaching safepoint: 86725 ns, At safepoint: 2783 ns, Total: 89508 ns
[2020-05-16T11:03:40.337+0000][15960][safepoint    ] Safepoint "Cleanup", Time since last: 1000153507 ns, Reaching safepoint: 120579 ns, At safepoint: 3247 ns, Total: 123826 ns
[2020-05-16T11:03:41.338+0000][15960][safepoint    ] Safepoint "Cleanup", Time since last: 1000775883 ns, Reaching safepoint: 112696 ns, At safepoint: 4174 ns, Total: 116870 ns
[2020-05-16T11:03:43.339+0000][15960][safepoint    ] Safepoint "Cleanup", Time since last: 2000752232 ns, Reaching safepoint: 122434 ns, At safepoint: 4174 ns, Total: 126608 ns
[2020-05-16T11:03:45.340+0000][15960][safepoint    ] Safepoint "Cleanup", Time since last: 2000326029 ns, Reaching safepoint: 139594 ns, At safepoint: 6029 ns, Total: 145623 ns
[2020-05-16T11:03:46.340+0000][15960][safepoint    ] Safepoint "Cleanup", Time since last: 1000159536 ns, Reaching safepoint: 127536 ns, At safepoint: 4638 ns, Total: 132174 ns
[2020-05-16T11:03:47.340+0000][15960][safepoint    ] Safepoint "Cleanup", Time since last: 1000102029 ns, Reaching safepoint: 126609 ns, At safepoint: 4637 ns, Total: 131246 ns
[2020-05-16T11:03:48.341+0000][15960][safepoint    ] Safepoint "Cleanup", Time since last: 1000796754 ns, Reaching safepoint: 115942 ns, At safepoint: 5101 ns, Total: 121043 ns
[2020-05-16T11:03:49.342+0000][15960][safepoint    ] Safepoint "Cleanup", Time since last: 1000676174 ns, Reaching safepoint: 127072 ns, At safepoint: 4638 ns, Total: 131710 ns
[2020-05-16T11:03:50.343+0000][15960][safepoint    ] Safepoint "Cleanup", Time since last: 1000568579 ns, Reaching safepoint: 135884 ns, At safepoint: 7420 ns, Total: 143304 ns
[2020-05-16T11:03:51.343+0000][15960][safepoint    ] Safepoint "Cleanup", Time since last: 1000236986 ns, Reaching safepoint: 122898 ns, At safepoint: 4638 ns, Total: 127536 ns
[2020-05-16T11:03:52.344+0000][15960][safepoint    ] Safepoint "Cleanup", Time since last: 1000563942 ns, Reaching safepoint: 151188 ns, At safepoint: 5565 ns, Total: 156753 ns
[2020-05-16T11:03:53.344+0000][15960][safepoint    ] Safepoint "Cleanup", Time since last: 1000012522 ns, Reaching safepoint: 122899 ns, At safepoint: 6029 ns, Total: 128928 ns
[2020-05-16T11:03:54.344+0000][15960][safepoint    ] Safepoint "Cleanup", Time since last: 1000415999 ns, Reaching safepoint: 121044 ns, At safepoint: 6956 ns, Total: 128000 ns
[2020-05-16T11:03:55.345+0000][15960][safepoint    ] Safepoint "Cleanup", Time since last: 1000540290 ns, Reaching safepoint: 327884 ns, At safepoint: 6956 ns, Total: 334840 ns
[2020-05-16T11:03:56.346+0000][15960][safepoint    ] Safepoint "Cleanup", Time since last: 1000201276 ns, Reaching safepoint: 125217 ns, At safepoint: 6956 ns, Total: 132173 ns
[2020-05-16T11:03:57.346+0000][15960][safepoint    ] Safepoint "Cleanup", Time since last: 1000582493 ns, Reaching safepoint: 116869 ns, At safepoint: 5102 ns, Total: 121971 ns
[2020-05-16T11:03:59.347+0000][15960][safepoint    ] Safepoint "Cleanup", Time since last: 2000616811 ns, Reaching safepoint: 118725 ns, At safepoint: 6029 ns, Total: 124754 ns
[2020-05-16T11:04:00.347+0000][15960][safepoint    ] Safepoint "Cleanup", Time since last: 1000246724 ns, Reaching safepoint: 166493 ns, At safepoint: 5101 ns, Total: 171594 ns
[2020-05-16T11:04:01.348+0000][15960][safepoint    ] Safepoint "Cleanup", Time since last: 1000291710 ns, Reaching safepoint: 128464 ns, At safepoint: 6493 ns, Total: 134957 ns
[2020-05-16T11:04:02.348+0000][15960][safepoint    ] Safepoint "Cleanup", Time since last: 1000054261 ns, Reaching safepoint: 123826 ns, At safepoint: 6956 ns, Total: 130782 ns
[2020-05-16T11:04:03.348+0000][15960][safepoint    ] Safepoint "Cleanup", Time since last: 1000153044 ns, Reaching safepoint: 235130 ns, At safepoint: 11594 ns, Total: 246724 ns
[2020-05-16T11:04:04.349+0000][15960][safepoint    ] Safepoint "Cleanup", Time since last: 1000624696 ns, Reaching safepoint: 123362 ns, At safepoint: 4174 ns, Total: 127536 ns
[2020-05-16T11:04:05.350+0000][15960][safepoint    ] Safepoint "Cleanup", Time since last: 1000297275 ns, Reaching safepoint: 157681 ns, At safepoint: 5102 ns, Total: 162783 ns
[2020-05-16T11:04:06.350+0000][15960][safepoint    ] Safepoint "Cleanup", Time since last: 1000685912 ns, Reaching safepoint: 125218 ns, At safepoint: 6492 ns, Total: 131710 ns
[2020-05-16T11:04:07.351+0000][15960][safepoint    ] Safepoint "Cleanup", Time since last: 1000116870 ns, Reaching safepoint: 240695 ns, At safepoint: 43131 ns, Total: 283826 ns
[2020-05-16T11:04:09.352+0000][15960][safepoint    ] Safepoint "Cleanup", Time since last: 2000713739 ns, Reaching safepoint: 127072 ns, At safepoint: 6493 ns, Total: 133565 ns
[2020-05-16T11:04:10.353+0000][15960][safepoint    ] Safepoint "Cleanup", Time since last: 1000733217 ns, Reaching safepoint: 131246 ns, At safepoint: 5102 ns, Total: 136348 ns
[2020-05-16T11:04:11.353+0000][15960][safepoint    ] Safepoint "Cleanup", Time since last: 1000402550 ns, Reaching safepoint: 177159 ns, At safepoint: 8812 ns, Total: 185971 ns
[2020-05-16T11:04:12.353+0000][15960][safepoint    ] Safepoint "Cleanup", Time since last: 1000134493 ns, Reaching safepoint: 131246 ns, At safepoint: 4638 ns, Total: 135884 ns
[2020-05-16T11:04:13.354+0000][15960][safepoint    ] Safepoint "Cleanup", Time since last: 1000022261 ns, Reaching safepoint: 117797 ns, At safepoint: 5101 ns, Total: 122898 ns
[2020-05-16T11:05:26.767+0000][15960][safepoint    ] Safepoint "Cleanup", Time since last: 72296708964 ns, Reaching safepoint: 1116766554 ns, At safepoint: 169739 ns, Total: 1116936293 ns
[2020-05-16T11:06:19.176+0000][15960][gc,start     ] GC(41) Pause Young (Normal) (G1 Evacuation Pause)
[2020-05-16T11:06:19.176+0000][15960][gc,task      ] GC(41) Using 4 workers of 4 for evacuation
[2020-05-16T11:06:19.176+0000][15960][gc,age       ] GC(41) Desired survivor size 40370176 bytes, new threshold 15 (max threshold 15)
[2020-05-16T11:06:19.303+0000][15960][gc,age       ] GC(41) Age table with threshold 15 (max threshold 15)
[2020-05-16T11:06:19.303+0000][15960][gc,age       ] GC(41) - age   1:     121848 bytes,     121848 total
[2020-05-16T11:06:19.303+0000][15960][gc,age       ] GC(41) - age   2:       2328 bytes,     124176 total
[2020-05-16T11:06:19.303+0000][15960][gc,age       ] GC(41) - age   3:        688 bytes,     124864 total
[2020-05-16T11:06:19.303+0000][15960][gc,age       ] GC(41) - age   4:         56 bytes,     124920 total
[2020-05-16T11:06:19.303+0000][15960][gc,age       ] GC(41) - age   5:        136 bytes,     125056 total
[2020-05-16T11:06:19.303+0000][15960][gc,age       ] GC(41) - age   6:     107264 bytes,     232320 total
[2020-05-16T11:06:19.303+0000][15960][gc,age       ] GC(41) - age   7:       1824 bytes,     234144 total
[2020-05-16T11:06:19.303+0000][15960][gc,age       ] GC(41) - age   8:        616 bytes,     234760 total
[2020-05-16T11:06:19.303+0000][15960][gc,age       ] GC(41) - age   9:       2216 bytes,     236976 total
[2020-05-16T11:06:19.303+0000][15960][gc,age       ] GC(41) - age  10:       1376 bytes,     238352 total
[2020-05-16T11:06:19.303+0000][15960][gc,age       ] GC(41) - age  11:       2112 bytes,     240464 total
[2020-05-16T11:06:19.303+0000][15960][gc,age       ] GC(41) - age  12:         64 bytes,     240528 total
[2020-05-16T11:06:19.303+0000][15960][gc,age       ] GC(41) - age  13:       6240 bytes,     246768 total
[2020-05-16T11:06:19.303+0000][15960][gc,age       ] GC(41) - age  14:       7424 bytes,     254192 total
[2020-05-16T11:06:19.303+0000][15960][gc,age       ] GC(41) - age  15:       6808 bytes,     261000 total
[2020-05-16T11:06:19.303+0000][15960][gc,phases    ] GC(41)   Pre Evacuate Collection Set: 0.3ms
[2020-05-16T11:06:19.303+0000][15960][gc,phases    ] GC(41)   Merge Heap Roots: 0.1ms
[2020-05-16T11:06:19.303+0000][15960][gc,phases    ] GC(41)   Evacuate Collection Set: 105.7ms
[2020-05-16T11:06:19.303+0000][15960][gc,phases    ] GC(41)   Post Evacuate Collection Set: 1.7ms
[2020-05-16T11:06:19.303+0000][15960][gc,phases    ] GC(41)   Other: 40.4ms
[2020-05-16T11:06:19.303+0000][15960][gc,heap      ] GC(41) Eden regions: 613->0(613)
[2020-05-16T11:06:19.303+0000][15960][gc,heap      ] GC(41) Survivor regions: 1->1(77)
[2020-05-16T11:06:19.303+0000][15960][gc,heap      ] GC(41) Old regions: 72->72
[2020-05-16T11:06:19.303+0000][15960][gc,heap      ] GC(41) Archive regions: 0->0
[2020-05-16T11:06:19.303+0000][15960][gc,heap      ] GC(41) Humongous regions: 7->7
[2020-05-16T11:06:19.304+0000][15960][gc,metaspace ] GC(41) Metaspace: 97613K(105380K)->97613K(105380K) NonClass: 84809K(89432K)->84809K(89432K) Class: 12804K(15948K)->12804K(15948K)
[2020-05-16T11:06:19.304+0000][15960][gc           ] GC(41) Pause Young (Normal) (G1 Evacuation Pause) 691M->78M(1024M) 127.872ms
[2020-05-16T11:06:19.304+0000][15960][gc,cpu       ] GC(41) User=0.05s Sys=0.00s Real=0.13s
[2020-05-16T11:06:19.304+0000][15960][safepoint    ] Safepoint "G1CollectForAllocation", Time since last: 52387741038 ns, Reaching safepoint: 141913 ns, At safepoint: 148651525 ns, Total: 148793438 ns
[2020-05-16T11:11:49.451+0000][15960][safepoint    ] Safepoint "Cleanup", Time since last: 330147258831 ns, Reaching safepoint: 394666 ns, At safepoint: 11130 ns, Total: 405796 ns
[2020-05-16T11:15:05.624+0000][15960][gc,start     ] GC(42) Pause Young (Normal) (G1 Evacuation Pause)
[2020-05-16T11:15:05.624+0000][15960][gc,task      ] GC(42) Using 4 workers of 4 for evacuation
[2020-05-16T11:15:05.624+0000][15960][gc,age       ] GC(42) Desired survivor size 40370176 bytes, new threshold 15 (max threshold 15)
[2020-05-16T11:15:05.764+0000][15960][gc,age       ] GC(42) Age table with threshold 15 (max threshold 15)
[2020-05-16T11:15:05.764+0000][15960][gc,age       ] GC(42) - age   1:     118552 bytes,     118552 total
[2020-05-16T11:15:05.764+0000][15960][gc,age       ] GC(42) - age   2:       5488 bytes,     124040 total
[2020-05-16T11:15:05.765+0000][15960][gc,age       ] GC(42) - age   3:       2328 bytes,     126368 total
[2020-05-16T11:15:05.765+0000][15960][gc,age       ] GC(42) - age   4:        688 bytes,     127056 total
[2020-05-16T11:15:05.765+0000][15960][gc,age       ] GC(42) - age   5:         56 bytes,     127112 total
[2020-05-16T11:15:05.765+0000][15960][gc,age       ] GC(42) - age   6:        136 bytes,     127248 total
[2020-05-16T11:15:05.765+0000][15960][gc,age       ] GC(42) - age   7:     107264 bytes,     234512 total
[2020-05-16T11:15:05.765+0000][15960][gc,age       ] GC(42) - age   8:       1824 bytes,     236336 total
[2020-05-16T11:15:05.765+0000][15960][gc,age       ] GC(42) - age   9:        616 bytes,     236952 total
[2020-05-16T11:15:05.765+0000][15960][gc,age       ] GC(42) - age  10:       2216 bytes,     239168 total
[2020-05-16T11:15:05.765+0000][15960][gc,age       ] GC(42) - age  11:       1376 bytes,     240544 total
[2020-05-16T11:15:05.765+0000][15960][gc,age       ] GC(42) - age  12:       2112 bytes,     242656 total
[2020-05-16T11:15:05.765+0000][15960][gc,age       ] GC(42) - age  13:         64 bytes,     242720 total
[2020-05-16T11:15:05.765+0000][15960][gc,age       ] GC(42) - age  14:       6240 bytes,     248960 total
[2020-05-16T11:15:05.765+0000][15960][gc,age       ] GC(42) - age  15:       7424 bytes,     256384 total
[2020-05-16T11:15:05.765+0000][15960][gc,phases    ] GC(42)   Pre Evacuate Collection Set: 0.2ms
[2020-05-16T11:15:05.765+0000][15960][gc,phases    ] GC(42)   Merge Heap Roots: 0.1ms
[2020-05-16T11:15:05.765+0000][15960][gc,phases    ] GC(42)   Evacuate Collection Set: 113.5ms
[2020-05-16T11:15:05.765+0000][15960][gc,phases    ] GC(42)   Post Evacuate Collection Set: 26.4ms
[2020-05-16T11:15:05.765+0000][15960][gc,phases    ] GC(42)   Other: 1.3ms
[2020-05-16T11:15:05.765+0000][15960][gc,heap      ] GC(42) Eden regions: 613->0(613)
[2020-05-16T11:15:05.765+0000][15960][gc,heap      ] GC(42) Survivor regions: 1->1(77)
[2020-05-16T11:15:05.765+0000][15960][gc,heap      ] GC(42) Old regions: 72->72
[2020-05-16T11:15:05.765+0000][15960][gc,heap      ] GC(42) Archive regions: 0->0
[2020-05-16T11:15:05.766+0000][15960][gc,heap      ] GC(42) Humongous regions: 7->7
[2020-05-16T11:15:05.766+0000][15960][gc,metaspace ] GC(42) Metaspace: 97619K(105380K)->97619K(105380K) NonClass: 84815K(89432K)->84815K(89432K) Class: 12804K(15948K)->12804K(15948K)
[2020-05-16T11:15:05.766+0000][15960][gc           ] GC(42) Pause Young (Normal) (G1 Evacuation Pause) 691M->78M(1024M) 141.884ms
[2020-05-16T11:15:05.766+0000][15960][gc,cpu       ] GC(42) User=0.03s Sys=0.02s Real=0.14s
[2020-05-16T11:15:05.766+0000][15960][safepoint    ] Safepoint "G1CollectForAllocation", Time since last: 196172615804 ns, Reaching safepoint: 172522 ns, At safepoint: 142148108 ns, Total: 142320630 ns
[2020-05-16T11:15:19.909+0000][15960][safepoint    ] Safepoint "Cleanup", Time since last: 14007248692 ns, Reaching safepoint: 135324691 ns, At safepoint: 190609 ns, Total: 135515300 ns
[2020-05-16T11:15:22.071+0000][15960][safepoint    ] Safepoint "Cleanup", Time since last: 2000346898 ns, Reaching safepoint: 161260911 ns, At safepoint: 80696 ns, Total: 161341607 ns
[2020-05-16T11:16:15.100+0000][15960][safepoint    ] Safepoint "Cleanup", Time since last: 53028592218 ns, Reaching safepoint: 294957 ns, At safepoint: 7420 ns, Total: 302377 ns
[2020-05-16T11:16:16.100+0000][15960][safepoint    ] Safepoint "Cleanup", Time since last: 1000504116 ns, Reaching safepoint: 106666 ns, At safepoint: 3710 ns, Total: 110376 ns
[2020-05-16T11:16:17.101+0000][15960][safepoint    ] Safepoint "Cleanup", Time since last: 1000608000 ns, Reaching safepoint: 108058 ns, At safepoint: 5101 ns, Total: 113159 ns
[2020-05-16T11:16:18.101+0000][15960][safepoint    ] Safepoint "Cleanup", Time since last: 1000198957 ns, Reaching safepoint: 121507 ns, At safepoint: 3246 ns, Total: 124753 ns
[2020-05-16T11:16:19.102+0000][15960][safepoint    ] Safepoint "Cleanup", Time since last: 1000594087 ns, Reaching safepoint: 98319 ns, At safepoint: 3710 ns, Total: 102029 ns
[2020-05-16T11:16:20.109+0000][15960][safepoint    ] Safepoint "Cleanup", Time since last: 1000745739 ns, Reaching safepoint: 6132403 ns, At safepoint: 20406 ns, Total: 6152809 ns
[2020-05-16T11:16:21.110+0000][15960][safepoint    ] Safepoint "Cleanup", Time since last: 1000748521 ns, Reaching safepoint: 102493 ns, At safepoint: 3710 ns, Total: 106203 ns
[2020-05-16T11:16:22.110+0000][15960][safepoint    ] Safepoint "Cleanup", Time since last: 1000052406 ns, Reaching safepoint: 77449 ns, At safepoint: 3246 ns, Total: 80695 ns
[2020-05-16T11:16:23.110+0000][15960][safepoint    ] Safepoint "Cleanup", Time since last: 1000102493 ns, Reaching safepoint: 101565 ns, At safepoint: 3246 ns, Total: 104811 ns
[2020-05-16T11:16:24.111+0000][15960][safepoint    ] Safepoint "Cleanup", Time since last: 1000521276 ns, Reaching safepoint: 183652 ns, At safepoint: 5565 ns, Total: 189217 ns
[2020-05-16T11:16:26.111+0000][15960][safepoint    ] Safepoint "Cleanup", Time since last: 1999915130 ns, Reaching safepoint: 125218 ns, At safepoint: 4174 ns, Total: 129392 ns
[2020-05-16T11:16:28.111+0000][15960][safepoint    ] Safepoint "Cleanup", Time since last: 2000269449 ns, Reaching safepoint: 134956 ns, At safepoint: 6957 ns, Total: 141913 ns
[2020-05-16T11:16:29.112+0000][15960][safepoint    ] Safepoint "Cleanup", Time since last: 1000173913 ns, Reaching safepoint: 298202 ns, At safepoint: 6957 ns, Total: 305159 ns
[2020-05-16T11:16:30.112+0000][15960][safepoint    ] Safepoint "Cleanup", Time since last: 1000431304 ns, Reaching safepoint: 246261 ns, At safepoint: 10203 ns, Total: 256464 ns
[2020-05-16T11:16:31.113+0000][15960][safepoint    ] Safepoint "Cleanup", Time since last: 1000050550 ns, Reaching safepoint: 384928 ns, At safepoint: 6029 ns, Total: 390957 ns
[2020-05-16T11:16:33.114+0000][15960][safepoint    ] Safepoint "Cleanup", Time since last: 2000704000 ns, Reaching safepoint: 121043 ns, At safepoint: 5101 ns, Total: 126144 ns
[2020-05-16T11:16:34.115+0000][15960][safepoint    ] Safepoint "Cleanup", Time since last: 1000892754 ns, Reaching safepoint: 291246 ns, At safepoint: 4174 ns, Total: 295420 ns
[2020-05-16T11:16:36.116+0000][15960][safepoint    ] Safepoint "Cleanup", Time since last: 2000419246 ns, Reaching safepoint: 200348 ns, At safepoint: 6956 ns, Total: 207304 ns
[2020-05-16T11:16:38.116+0000][15960][safepoint    ] Safepoint "Cleanup", Time since last: 2000179942 ns, Reaching safepoint: 103420 ns, At safepoint: 3247 ns, Total: 106667 ns
[2020-05-16T11:16:39.117+0000][15960][safepoint    ] Safepoint "Cleanup", Time since last: 1000487884 ns, Reaching safepoint: 88579 ns, At safepoint: 3247 ns, Total: 91826 ns
[2020-05-16T11:16:40.118+0000][15960][safepoint    ] Safepoint "Cleanup", Time since last: 1000968347 ns, Reaching safepoint: 103420 ns, At safepoint: 3247 ns, Total: 106667 ns
[2020-05-16T11:16:41.316+0000][15960][safepoint    ] Safepoint "Cleanup", Time since last: 1198628081 ns, Reaching safepoint: 385392 ns, At safepoint: 17623 ns, Total: 403015 ns
[2020-05-16T11:16:42.317+0000][15960][safepoint    ] Safepoint "Cleanup", Time since last: 1000294956 ns, Reaching safepoint: 119652 ns, At safepoint: 5102 ns, Total: 124754 ns
[2020-05-16T11:16:43.318+0000][15960][safepoint    ] Safepoint "Cleanup", Time since last: 1000430840 ns, Reaching safepoint: 104348 ns, At safepoint: 2782 ns, Total: 107130 ns
[2020-05-16T11:16:44.318+0000][15960][safepoint    ] Safepoint "Cleanup", Time since last: 1000142841 ns, Reaching safepoint: 104811 ns, At safepoint: 3247 ns, Total: 108058 ns
[2020-05-16T11:16:45.318+0000][15960][safepoint    ] Safepoint "Cleanup", Time since last: 1000323710 ns, Reaching safepoint: 86724 ns, At safepoint: 3247 ns, Total: 89971 ns
[2020-05-16T11:16:46.318+0000][15960][safepoint    ] Safepoint "Cleanup", Time since last: 1000046840 ns, Reaching safepoint: 106203 ns, At safepoint: 5565 ns, Total: 111768 ns
[2020-05-16T11:16:47.319+0000][15960][safepoint    ] Safepoint "Cleanup", Time since last: 1000510145 ns, Reaching safepoint: 102957 ns, At safepoint: 3710 ns, Total: 106667 ns
[2020-05-16T11:16:48.320+0000][15960][safepoint    ] Safepoint "Cleanup", Time since last: 1000469333 ns, Reaching safepoint: 107594 ns, At safepoint: 4638 ns, Total: 112232 ns
[2020-05-16T11:16:49.320+0000][15960][safepoint    ] Safepoint "Cleanup", Time since last: 1000464231 ns, Reaching safepoint: 89044 ns, At safepoint: 3246 ns, Total: 92290 ns
[2020-05-16T11:16:50.347+0000][15960][safepoint    ] Safepoint "Cleanup", Time since last: 1000302377 ns, Reaching safepoint: 27071524 ns, At safepoint: 671535 ns, Total: 27743059 ns
[2020-05-16T11:16:51.349+0000][15960][safepoint    ] Safepoint "Cleanup", Time since last: 1000844058 ns, Reaching safepoint: 102493 ns, At safepoint: 2782 ns, Total: 105275 ns
[2020-05-16T11:16:52.350+0000][15960][safepoint    ] Safepoint "Cleanup", Time since last: 1000873275 ns, Reaching safepoint: 103884 ns, At safepoint: 2783 ns, Total: 106667 ns
[2020-05-16T11:16:53.351+0000][15960][safepoint    ] Safepoint "Cleanup", Time since last: 1000677101 ns, Reaching safepoint: 102957 ns, At safepoint: 3246 ns, Total: 106203 ns
[2020-05-16T11:16:54.351+0000][15960][safepoint    ] Safepoint "Cleanup", Time since last: 1000097855 ns, Reaching safepoint: 112232 ns, At safepoint: 4637 ns, Total: 116869 ns
[2020-05-16T11:16:56.352+0000][15960][safepoint    ] Safepoint "Cleanup", Time since last: 2000476290 ns, Reaching safepoint: 104812 ns, At safepoint: 3246 ns, Total: 108058 ns
[2020-05-16T11:16:58.352+0000][15960][safepoint    ] Safepoint "Cleanup", Time since last: 2000143768 ns, Reaching safepoint: 101101 ns, At safepoint: 3711 ns, Total: 104812 ns
[2020-05-16T11:16:59.353+0000][15960][safepoint    ] Safepoint "Cleanup", Time since last: 1000949332 ns, Reaching safepoint: 101566 ns, At safepoint: 6956 ns, Total: 108522 ns
[2020-05-16T11:17:00.354+0000][15960][safepoint    ] Safepoint "Cleanup", Time since last: 1000829681 ns, Reaching safepoint: 130783 ns, At safepoint: 3246 ns, Total: 134029 ns
[2020-05-16T11:17:01.354+0000][15960][safepoint    ] Safepoint "Cleanup", Time since last: 1000179942 ns, Reaching safepoint: 108522 ns, At safepoint: 4173 ns, Total: 112695 ns
[2020-05-16T11:17:02.415+0000][15960][safepoint    ] Safepoint "Cleanup", Time since last: 1000471189 ns, Reaching safepoint: 59499102 ns, At safepoint: 1276753 ns, Total: 60775855 ns
[2020-05-16T11:17:03.416+0000][15960][safepoint    ] Safepoint "Cleanup", Time since last: 1000517565 ns, Reaching safepoint: 112232 ns, At safepoint: 3710 ns, Total: 115942 ns
[2020-05-16T11:17:04.416+0000][15960][safepoint    ] Safepoint "Cleanup", Time since last: 1000137276 ns, Reaching safepoint: 153043 ns, At safepoint: 3710 ns, Total: 156753 ns
[2020-05-16T11:17:05.446+0000][15960][safepoint    ] Safepoint "Cleanup", Time since last: 1000021797 ns, Reaching safepoint: 30048914 ns, At safepoint: 141913 ns, Total: 30190827 ns
[2020-05-16T11:17:07.447+0000][15960][safepoint    ] Safepoint "Cleanup", Time since last: 2000658087 ns, Reaching safepoint: 108521 ns, At safepoint: 4174 ns, Total: 112695 ns
[2020-05-16T11:17:08.448+0000][15960][safepoint    ] Safepoint "Cleanup", Time since last: 1000358957 ns, Reaching safepoint: 264811 ns, At safepoint: 8348 ns, Total: 273159 ns
[2020-05-16T11:17:09.449+0000][15960][safepoint    ] Safepoint "Cleanup", Time since last: 1000559304 ns, Reaching safepoint: 171594 ns, At safepoint: 11594 ns, Total: 183188 ns
[2020-05-16T11:17:10.450+0000][15960][safepoint    ] Safepoint "Cleanup", Time since last: 1000805565 ns, Reaching safepoint: 114087 ns, At safepoint: 7884 ns, Total: 121971 ns
[2020-05-16T11:17:12.451+0000][15960][safepoint    ] Safepoint "Cleanup", Time since last: 2000911304 ns, Reaching safepoint: 98319 ns, At safepoint: 3710 ns, Total: 102029 ns
[2020-05-16T11:17:13.451+0000][15960][safepoint    ] Safepoint "Cleanup", Time since last: 1000253217 ns, Reaching safepoint: 118725 ns, At safepoint: 5565 ns, Total: 124290 ns
[2020-05-16T11:17:15.452+0000][15960][safepoint    ] Safepoint "Cleanup", Time since last: 2000716521 ns, Reaching safepoint: 114087 ns, At safepoint: 4638 ns, Total: 118725 ns
[2020-05-16T11:17:16.453+0000][15960][safepoint    ] Safepoint "Cleanup", Time since last: 1000540753 ns, Reaching safepoint: 103884 ns, At safepoint: 2783 ns, Total: 106667 ns
[2020-05-16T11:17:18.453+0000][15960][safepoint    ] Safepoint "Cleanup", Time since last: 2000575536 ns, Reaching safepoint: 101101 ns, At safepoint: 3247 ns, Total: 104348 ns
[2020-05-16T11:17:19.453+0000][15960][safepoint    ] Safepoint "Cleanup", Time since last: 1000163710 ns, Reaching safepoint: 104811 ns, At safepoint: 3247 ns, Total: 108058 ns
[2020-05-16T11:17:20.454+0000][15960][safepoint    ] Safepoint "Cleanup", Time since last: 1000337159 ns, Reaching safepoint: 153507 ns, At safepoint: 5565 ns, Total: 159072 ns
[2020-05-16T11:17:21.454+0000][15960][safepoint    ] Safepoint "Cleanup", Time since last: 1000153044 ns, Reaching safepoint: 107594 ns, At safepoint: 4638 ns, Total: 112232 ns
[2020-05-16T11:17:22.455+0000][15960][safepoint    ] Safepoint "Cleanup", Time since last: 1000596405 ns, Reaching safepoint: 116406 ns, At safepoint: 3246 ns, Total: 119652 ns
[2020-05-16T11:17:24.456+0000][15960][safepoint    ] Safepoint "Cleanup", Time since last: 2000465159 ns, Reaching safepoint: 91826 ns, At safepoint: 4174 ns, Total: 96000 ns
[2020-05-16T11:17:25.456+0000][15960][safepoint    ] Safepoint "Cleanup", Time since last: 1000706783 ns, Reaching safepoint: 128463 ns, At safepoint: 3247 ns, Total: 131710 ns
[2020-05-16T11:17:26.457+0000][15960][safepoint    ] Safepoint "Cleanup", Time since last: 1000403014 ns, Reaching safepoint: 139130 ns, At safepoint: 5566 ns, Total: 144696 ns
[2020-05-16T11:17:27.458+0000][15960][safepoint    ] Safepoint "Cleanup", Time since last: 1000472579 ns, Reaching safepoint: 111304 ns, At safepoint: 4638 ns, Total: 115942 ns
[2020-05-16T11:17:28.458+0000][15960][safepoint    ] Safepoint "Cleanup", Time since last: 1000008348 ns, Reaching safepoint: 96000 ns, At safepoint: 3246 ns, Total: 99246 ns
[2020-05-16T11:17:29.459+0000][15960][safepoint    ] Safepoint "Cleanup", Time since last: 1000807884 ns, Reaching safepoint: 91826 ns, At safepoint: 3246 ns, Total: 95072 ns
[2020-05-16T11:17:30.459+0000][15960][safepoint    ] Safepoint "Cleanup", Time since last: 1000151189 ns, Reaching safepoint: 103420 ns, At safepoint: 3246 ns, Total: 106666 ns
[2020-05-16T11:17:31.460+0000][15960][safepoint    ] Safepoint "Cleanup", Time since last: 1000803710 ns, Reaching safepoint: 120580 ns, At safepoint: 3710 ns, Total: 124290 ns
[2020-05-16T11:17:33.460+0000][15960][safepoint    ] Safepoint "Cleanup", Time since last: 2000137739 ns, Reaching safepoint: 96927 ns, At safepoint: 3247 ns, Total: 100174 ns
[2020-05-16T11:17:34.460+0000][15960][safepoint    ] Safepoint "Cleanup", Time since last: 1000121507 ns, Reaching safepoint: 106203 ns, At safepoint: 3246 ns, Total: 109449 ns
[2020-05-16T11:17:35.461+0000][15960][safepoint    ] Safepoint "Cleanup", Time since last: 1000248580 ns, Reaching safepoint: 89043 ns, At safepoint: 3247 ns, Total: 92290 ns
[2020-05-16T11:17:36.819+0000][15960][safepoint    ] Safepoint "Cleanup", Time since last: 1358274152 ns, Reaching safepoint: 162783 ns, At safepoint: 4638 ns, Total: 167421 ns
[2020-05-16T11:17:37.819+0000][15960][safepoint    ] Safepoint "Cleanup", Time since last: 1000232347 ns, Reaching safepoint: 147015 ns, At safepoint: 7420 ns, Total: 154435 ns
[2020-05-16T11:17:39.819+0000][15960][safepoint    ] Safepoint "Cleanup", Time since last: 1999908174 ns, Reaching safepoint: 103420 ns, At safepoint: 3247 ns, Total: 106667 ns
[2020-05-16T11:17:40.820+0000][15960][safepoint    ] Safepoint "Cleanup", Time since last: 1000191072 ns, Reaching safepoint: 122435 ns, At safepoint: 5101 ns, Total: 127536 ns
[2020-05-16T11:17:41.820+0000][15960][safepoint    ] Safepoint "Cleanup", Time since last: 1000492058 ns, Reaching safepoint: 111768 ns, At safepoint: 3246 ns, Total: 115014 ns
[2020-05-16T11:17:43.821+0000][15960][safepoint    ] Safepoint "Cleanup", Time since last: 2000767536 ns, Reaching safepoint: 102957 ns, At safepoint: 3246 ns, Total: 106203 ns
[2020-05-16T11:17:44.821+0000][15960][safepoint    ] Safepoint "Cleanup", Time since last: 1000039420 ns, Reaching safepoint: 112232 ns, At safepoint: 5102 ns, Total: 117334 ns
[2020-05-16T11:17:45.822+0000][15960][safepoint    ] Safepoint "Cleanup", Time since last: 1000251826 ns, Reaching safepoint: 97391 ns, At safepoint: 3246 ns, Total: 100637 ns
[2020-05-16T11:17:46.823+0000][15960][safepoint    ] Safepoint "Cleanup", Time since last: 1000804637 ns, Reaching safepoint: 126609 ns, At safepoint: 3246 ns, Total: 129855 ns
[2020-05-16T11:17:47.823+0000][15960][safepoint    ] Safepoint "Cleanup", Time since last: 1000692870 ns, Reaching safepoint: 106203 ns, At safepoint: 3246 ns, Total: 109449 ns
[2020-05-16T11:17:48.824+0000][15960][safepoint    ] Safepoint "Cleanup", Time since last: 1000348753 ns, Reaching safepoint: 105276 ns, At safepoint: 4637 ns, Total: 109913 ns
[2020-05-16T11:17:49.824+0000][15960][safepoint    ] Safepoint "Cleanup", Time since last: 1000312580 ns, Reaching safepoint: 106203 ns, At safepoint: 2782 ns, Total: 108985 ns
[2020-05-16T11:17:51.825+0000][15960][safepoint    ] Safepoint "Cleanup", Time since last: 2000237450 ns, Reaching safepoint: 105275 ns, At safepoint: 3246 ns, Total: 108521 ns
[2020-05-16T11:17:52.825+0000][15960][safepoint    ] Safepoint "Cleanup", Time since last: 1000353391 ns, Reaching safepoint: 85797 ns, At safepoint: 3711 ns, Total: 89508 ns
[2020-05-16T11:17:53.826+0000][15960][safepoint    ] Safepoint "Cleanup", Time since last: 1000263884 ns, Reaching safepoint: 96463 ns, At safepoint: 3247 ns, Total: 99710 ns
[2020-05-16T11:17:54.841+0000][15960][safepoint    ] Safepoint "Cleanup", Time since last: 1000671072 ns, Reaching safepoint: 15616920 ns, At safepoint: 68638 ns, Total: 15685558 ns
[2020-05-16T11:17:56.842+0000][15960][safepoint    ] Safepoint "Cleanup", Time since last: 1999948985 ns, Reaching safepoint: 102029 ns, At safepoint: 3247 ns, Total: 105276 ns
[2020-05-16T11:17:57.842+0000][15960][safepoint    ] Safepoint "Cleanup", Time since last: 1000133101 ns, Reaching safepoint: 103884 ns, At safepoint: 4638 ns, Total: 108522 ns
[2020-05-16T11:17:58.842+0000][15960][safepoint    ] Safepoint "Cleanup", Time since last: 1000008811 ns, Reaching safepoint: 87652 ns, At safepoint: 3711 ns, Total: 91363 ns
[2020-05-16T11:17:59.843+0000][15960][safepoint    ] Safepoint "Cleanup", Time since last: 1000846376 ns, Reaching safepoint: 140522 ns, At safepoint: 3246 ns, Total: 143768 ns
[2020-05-16T11:18:00.844+0000][15960][safepoint    ] Safepoint "Cleanup", Time since last: 1000384927 ns, Reaching safepoint: 104348 ns, At safepoint: 3247 ns, Total: 107595 ns
[2020-05-16T11:18:01.844+0000][15960][safepoint    ] Safepoint "Cleanup", Time since last: 1000482782 ns, Reaching safepoint: 205913 ns, At safepoint: 5565 ns, Total: 211478 ns
[2020-05-16T11:18:03.845+0000][15960][safepoint    ] Safepoint "Cleanup", Time since last: 2000216580 ns, Reaching safepoint: 375188 ns, At safepoint: 39884 ns, Total: 415072 ns
[2020-05-16T11:18:05.846+0000][15960][safepoint    ] Safepoint "Cleanup", Time since last: 2000658087 ns, Reaching safepoint: 116869 ns, At safepoint: 3710 ns, Total: 120579 ns
[2020-05-16T11:18:06.846+0000][15960][safepoint    ] Safepoint "Cleanup", Time since last: 1000403478 ns, Reaching safepoint: 280580 ns, At safepoint: 8348 ns, Total: 288928 ns
[2020-05-16T11:18:07.847+0000][15960][safepoint    ] Safepoint "Cleanup", Time since last: 1000395594 ns, Reaching safepoint: 441507 ns, At safepoint: 23188 ns, Total: 464695 ns
[2020-05-16T11:18:08.848+0000][15960][safepoint    ] Safepoint "Cleanup", Time since last: 1000229565 ns, Reaching safepoint: 196174 ns, At safepoint: 15304 ns, Total: 211478 ns
[2020-05-16T11:18:10.849+0000][15960][safepoint    ] Safepoint "Cleanup", Time since last: 2000741102 ns, Reaching safepoint: 222144 ns, At safepoint: 6029 ns, Total: 228173 ns
[2020-05-16T11:18:11.849+0000][15960][safepoint    ] Safepoint "Cleanup", Time since last: 1000442899 ns, Reaching safepoint: 309333 ns, At safepoint: 6956 ns, Total: 316289 ns
[2020-05-16T11:18:13.850+0000][15960][safepoint    ] Safepoint "Cleanup", Time since last: 1999869682 ns, Reaching safepoint: 89043 ns, At safepoint: 4638 ns, Total: 93681 ns
[2020-05-16T11:18:14.850+0000][15960][safepoint    ] Safepoint "Cleanup", Time since last: 1000592231 ns, Reaching safepoint: 107131 ns, At safepoint: 3246 ns, Total: 110377 ns
[2020-05-16T11:18:15.851+0000][15960][safepoint    ] Safepoint "Cleanup", Time since last: 1000412754 ns, Reaching safepoint: 103420 ns, At safepoint: 3246 ns, Total: 106666 ns
[2020-05-16T11:18:16.851+0000][15960][safepoint    ] Safepoint "Cleanup", Time since last: 1000493449 ns, Reaching safepoint: 114551 ns, At safepoint: 5101 ns, Total: 119652 ns
[2020-05-16T11:18:17.852+0000][15960][safepoint    ] Safepoint "Cleanup", Time since last: 1000230029 ns, Reaching safepoint: 96928 ns, At safepoint: 2782 ns, Total: 99710 ns
[2020-05-16T11:18:18.852+0000][15960][safepoint    ] Safepoint "Cleanup", Time since last: 1000440116 ns, Reaching safepoint: 102957 ns, At safepoint: 3246 ns, Total: 106203 ns
[2020-05-16T11:18:19.853+0000][15960][safepoint    ] Safepoint "Cleanup", Time since last: 1000377043 ns, Reaching safepoint: 101565 ns, At safepoint: 3711 ns, Total: 105276 ns
[2020-05-16T11:18:21.853+0000][15960][safepoint    ] Safepoint "Cleanup", Time since last: 1999968927 ns, Reaching safepoint: 107130 ns, At safepoint: 3247 ns, Total: 110377 ns
[2020-05-16T11:18:23.529+0000][15960][safepoint    ] Safepoint "Cleanup", Time since last: 1676355396 ns, Reaching safepoint: 219363 ns, At safepoint: 13449 ns, Total: 232812 ns
[2020-05-16T11:18:24.530+0000][15960][safepoint    ] Safepoint "Cleanup", Time since last: 1000368232 ns, Reaching safepoint: 121043 ns, At safepoint: 4638 ns, Total: 125681 ns
[2020-05-16T11:18:25.530+0000][15960][safepoint    ] Safepoint "Cleanup", Time since last: 1000397912 ns, Reaching safepoint: 112696 ns, At safepoint: 4638 ns, Total: 117334 ns
[2020-05-16T11:18:26.531+0000][15960][safepoint    ] Safepoint "Cleanup", Time since last: 1000563478 ns, Reaching safepoint: 352927 ns, At safepoint: 38493 ns, Total: 391420 ns
[2020-05-16T11:18:27.532+0000][15960][safepoint    ] Safepoint "Cleanup", Time since last: 1000797681 ns, Reaching safepoint: 193391 ns, At safepoint: 4638 ns, Total: 198029 ns
[2020-05-16T11:18:29.533+0000][15960][safepoint    ] Safepoint "Cleanup", Time since last: 2000813912 ns, Reaching safepoint: 139131 ns, At safepoint: 3710 ns, Total: 142841 ns
[2020-05-16T11:18:30.534+0000][15960][safepoint    ] Safepoint "Cleanup", Time since last: 1000160463 ns, Reaching safepoint: 110841 ns, At safepoint: 3246 ns, Total: 114087 ns
[2020-05-16T11:18:31.534+0000][15960][safepoint    ] Safepoint "Cleanup", Time since last: 1000039421 ns, Reaching safepoint: 104347 ns, At safepoint: 5102 ns, Total: 109449 ns
[2020-05-16T11:18:32.534+0000][15960][safepoint    ] Safepoint "Cleanup", Time since last: 1000122435 ns, Reaching safepoint: 222608 ns, At safepoint: 8348 ns, Total: 230956 ns
[2020-05-16T11:18:33.535+0000][15960][safepoint    ] Safepoint "Cleanup", Time since last: 1000663188 ns, Reaching safepoint: 144696 ns, At safepoint: 5565 ns, Total: 150261 ns
[2020-05-16T11:18:35.535+0000][15960][safepoint    ] Safepoint "Cleanup", Time since last: 2000466550 ns, Reaching safepoint: 145160 ns, At safepoint: 7884 ns, Total: 153044 ns
[2020-05-16T11:18:36.536+0000][15960][safepoint    ] Safepoint "Cleanup", Time since last: 1000376579 ns, Reaching safepoint: 120116 ns, At safepoint: 4174 ns, Total: 124290 ns
[2020-05-16T11:18:37.536+0000][15960][safepoint    ] Safepoint "Cleanup", Time since last: 1000298203 ns, Reaching safepoint: 128464 ns, At safepoint: 5565 ns, Total: 134029 ns
[2020-05-16T11:18:38.537+0000][15960][safepoint    ] Safepoint "Cleanup", Time since last: 1000331130 ns, Reaching safepoint: 102029 ns, At safepoint: 3246 ns, Total: 105275 ns
[2020-05-16T11:18:39.537+0000][15960][safepoint    ] Safepoint "Cleanup", Time since last: 1000441507 ns, Reaching safepoint: 99247 ns, At safepoint: 2782 ns, Total: 102029 ns
[2020-05-16T11:18:40.538+0000][15960][safepoint    ] Safepoint "Cleanup", Time since last: 1000240696 ns, Reaching safepoint: 98319 ns, At safepoint: 3246 ns, Total: 101565 ns
[2020-05-16T11:18:42.539+0000][15960][safepoint    ] Safepoint "Cleanup", Time since last: 2000751304 ns, Reaching safepoint: 74203 ns, At safepoint: 4174 ns, Total: 78377 ns
[2020-05-16T11:18:43.539+0000][15960][safepoint    ] Safepoint "Cleanup", Time since last: 1000770318 ns, Reaching safepoint: 122435 ns, At safepoint: 3710 ns, Total: 126145 ns
[2020-05-16T11:18:44.540+0000][15960][safepoint    ] Safepoint "Cleanup", Time since last: 1000188754 ns, Reaching safepoint: 127536 ns, At safepoint: 3246 ns, Total: 130782 ns
[2020-05-16T11:18:45.540+0000][15960][safepoint    ] Safepoint "Cleanup", Time since last: 1000463304 ns, Reaching safepoint: 100174 ns, At safepoint: 3710 ns, Total: 103884 ns
[2020-05-16T11:18:47.541+0000][15960][safepoint    ] Safepoint "Cleanup", Time since last: 2000146551 ns, Reaching safepoint: 96000 ns, At safepoint: 2783 ns, Total: 98783 ns
[2020-05-16T11:18:48.542+0000][15960][safepoint    ] Safepoint "Cleanup", Time since last: 1000939130 ns, Reaching safepoint: 96000 ns, At safepoint: 3246 ns, Total: 99246 ns
[2020-05-16T11:18:49.542+0000][15960][safepoint    ] Safepoint "Cleanup", Time since last: 1000657623 ns, Reaching safepoint: 114087 ns, At safepoint: 3246 ns, Total: 117333 ns
[2020-05-16T11:18:50.543+0000][15960][safepoint    ] Safepoint "Cleanup", Time since last: 1000110377 ns, Reaching safepoint: 92290 ns, At safepoint: 4637 ns, Total: 96927 ns
[2020-05-16T11:18:52.220+0000][15960][safepoint    ] Safepoint "Cleanup", Time since last: 1677347396 ns, Reaching safepoint: 123826 ns, At safepoint: 40812 ns, Total: 164638 ns
[2020-05-16T11:18:53.264+0000][15960][safepoint    ] Safepoint "Cleanup", Time since last: 1043993023 ns, Reaching safepoint: 96464 ns, At safepoint: 4174 ns, Total: 100638 ns
[2020-05-16T11:18:54.265+0000][15960][safepoint    ] Safepoint "Cleanup", Time since last: 1000214724 ns, Reaching safepoint: 240696 ns, At safepoint: 16232 ns, Total: 256928 ns
[2020-05-16T11:18:55.265+0000][15960][safepoint    ] Safepoint "Cleanup", Time since last: 1000225855 ns, Reaching safepoint: 145623 ns, At safepoint: 3246 ns, Total: 148869 ns
[2020-05-16T11:18:56.265+0000][15960][safepoint    ] Safepoint "Cleanup", Time since last: 1000184580 ns, Reaching safepoint: 243014 ns, At safepoint: 4638 ns, Total: 247652 ns
[2020-05-16T11:18:57.266+0000][15960][safepoint    ] Safepoint "Cleanup", Time since last: 1000813912 ns, Reaching safepoint: 116406 ns, At safepoint: 4174 ns, Total: 120580 ns
[2020-05-16T11:18:58.267+0000][15960][safepoint    ] Safepoint "Cleanup", Time since last: 1000189681 ns, Reaching safepoint: 103884 ns, At safepoint: 3247 ns, Total: 107131 ns
[2020-05-16T11:18:59.268+0000][15960][safepoint    ] Safepoint "Cleanup", Time since last: 1000677565 ns, Reaching safepoint: 103884 ns, At safepoint: 3710 ns, Total: 107594 ns
[2020-05-16T11:19:00.268+0000][15960][safepoint    ] Safepoint "Cleanup", Time since last: 1000065855 ns, Reaching safepoint: 109913 ns, At safepoint: 2782 ns, Total: 112695 ns
[2020-05-16T11:19:01.307+0000][15960][safepoint    ] Safepoint "Cleanup", Time since last: 1000649275 ns, Reaching safepoint: 39600214 ns, At safepoint: 66782 ns, Total: 39666996 ns
[2020-05-16T11:19:02.308+0000][15960][safepoint    ] Safepoint "Cleanup", Time since last: 1000096464 ns, Reaching safepoint: 105739 ns, At safepoint: 3710 ns, Total: 109449 ns
[2020-05-16T11:19:03.309+0000][15960][safepoint    ] Safepoint "Cleanup", Time since last: 1000513391 ns, Reaching safepoint: 107131 ns, At safepoint: 2782 ns, Total: 109913 ns
[2020-05-16T11:19:04.309+0000][15960][safepoint    ] Safepoint "Cleanup", Time since last: 1000525449 ns, Reaching safepoint: 114551 ns, At safepoint: 3710 ns, Total: 118261 ns
[2020-05-16T11:19:05.310+0000][15960][safepoint    ] Safepoint "Cleanup", Time since last: 1000394667 ns, Reaching safepoint: 115014 ns, At safepoint: 4174 ns, Total: 119188 ns
[2020-05-16T11:19:06.330+0000][15960][safepoint    ] Safepoint "Cleanup", Time since last: 1000255072 ns, Reaching safepoint: 19312223 ns, At safepoint: 580638 ns, Total: 19892861 ns
[2020-05-16T11:19:07.331+0000][15960][safepoint    ] Safepoint "Cleanup", Time since last: 1000544000 ns, Reaching safepoint: 187826 ns, At safepoint: 3246 ns, Total: 191072 ns
[2020-05-16T11:19:08.331+0000][15960][safepoint    ] Safepoint "Cleanup", Time since last: 1000109449 ns, Reaching safepoint: 86725 ns, At safepoint: 4174 ns, Total: 90899 ns
[2020-05-16T11:19:09.331+0000][15960][safepoint    ] Safepoint "Cleanup", Time since last: 1000183652 ns, Reaching safepoint: 382145 ns, At safepoint: 35246 ns, Total: 417391 ns
[2020-05-16T11:19:11.332+0000][15960][safepoint    ] Safepoint "Cleanup", Time since last: 2000035246 ns, Reaching safepoint: 290783 ns, At safepoint: 13913 ns, Total: 304696 ns
[2020-05-16T11:19:12.332+0000][15960][safepoint    ] Safepoint "Cleanup", Time since last: 1000352927 ns, Reaching safepoint: 215188 ns, At safepoint: 5102 ns, Total: 220290 ns
[2020-05-16T11:19:14.333+0000][15960][safepoint    ] Safepoint "Cleanup", Time since last: 1999937855 ns, Reaching safepoint: 165101 ns, At safepoint: 5566 ns, Total: 170667 ns
[2020-05-16T11:19:15.333+0000][15960][safepoint    ] Safepoint "Cleanup", Time since last: 1000189681 ns, Reaching safepoint: 139594 ns, At safepoint: 2782 ns, Total: 142376 ns
[2020-05-16T11:19:16.333+0000][15960][safepoint    ] Safepoint "Cleanup", Time since last: 1000032000 ns, Reaching safepoint: 150261 ns, At safepoint: 3247 ns, Total: 153508 ns
[2020-05-16T11:19:17.334+0000][15960][safepoint    ] Safepoint "Cleanup", Time since last: 1000472579 ns, Reaching safepoint: 103420 ns, At safepoint: 5102 ns, Total: 108522 ns
[2020-05-16T11:19:18.335+0000][15960][safepoint    ] Safepoint "Cleanup", Time since last: 1000805565 ns, Reaching safepoint: 104811 ns, At safepoint: 5102 ns, Total: 109913 ns
[2020-05-16T11:19:19.335+0000][15960][safepoint    ] Safepoint "Cleanup", Time since last: 1000236985 ns, Reaching safepoint: 108985 ns, At safepoint: 5102 ns, Total: 114087 ns
[2020-05-16T11:19:20.336+0000][15960][safepoint    ] Safepoint "Cleanup", Time since last: 1000595478 ns, Reaching safepoint: 121507 ns, At safepoint: 3710 ns, Total: 125217 ns
[2020-05-16T11:19:22.151+0000][15960][safepoint    ] Safepoint "Cleanup", Time since last: 1763812747 ns, Reaching safepoint: 51626643 ns, At safepoint: 20870 ns, Total: 51647513 ns
[2020-05-16T11:19:23.187+0000][15960][safepoint    ] Safepoint "Cleanup", Time since last: 1035396621 ns, Reaching safepoint: 104348 ns, At safepoint: 3246 ns, Total: 107594 ns
[2020-05-16T11:19:24.188+0000][15960][safepoint    ] Safepoint "Cleanup", Time since last: 1000702608 ns, Reaching safepoint: 131247 ns, At safepoint: 5565 ns, Total: 136812 ns
[2020-05-16T11:19:25.188+0000][15960][safepoint    ] Safepoint "Cleanup", Time since last: 1000419246 ns, Reaching safepoint: 131710 ns, At safepoint: 4174 ns, Total: 135884 ns
[2020-05-16T11:19:26.189+0000][15960][safepoint    ] Safepoint "Cleanup", Time since last: 1000807420 ns, Reaching safepoint: 106667 ns, At safepoint: 3246 ns, Total: 109913 ns
[2020-05-16T11:19:27.190+0000][15960][safepoint    ] Safepoint "Cleanup", Time since last: 1000299594 ns, Reaching safepoint: 105739 ns, At safepoint: 4638 ns, Total: 110377 ns
[2020-05-16T11:19:28.190+0000][15960][safepoint    ] Safepoint "Cleanup", Time since last: 1000407652 ns, Reaching safepoint: 101101 ns, At safepoint: 3710 ns, Total: 104811 ns
[2020-05-16T11:19:29.191+0000][15960][safepoint    ] Safepoint "Cleanup", Time since last: 1000481392 ns, Reaching safepoint: 98318 ns, At safepoint: 3247 ns, Total: 101565 ns
[2020-05-16T11:19:30.191+0000][15960][safepoint    ] Safepoint "Cleanup", Time since last: 1000774028 ns, Reaching safepoint: 125218 ns, At safepoint: 3246 ns, Total: 128464 ns
[2020-05-16T11:19:31.192+0000][15960][safepoint    ] Safepoint "Cleanup", Time since last: 1000827826 ns, Reaching safepoint: 135420 ns, At safepoint: 4174 ns, Total: 139594 ns
[2020-05-16T11:19:33.193+0000][15960][safepoint    ] Safepoint "Cleanup", Time since last: 2000539826 ns, Reaching safepoint: 121971 ns, At safepoint: 6492 ns, Total: 128463 ns
[2020-05-16T11:19:34.194+0000][15960][safepoint    ] Safepoint "Cleanup", Time since last: 1000364522 ns, Reaching safepoint: 120116 ns, At safepoint: 6493 ns, Total: 126609 ns
[2020-05-16T11:19:35.194+0000][15960][safepoint    ] Safepoint "Cleanup", Time since last: 1000734608 ns, Reaching safepoint: 115478 ns, At safepoint: 4638 ns, Total: 120116 ns
[2020-05-16T11:19:36.195+0000][15960][safepoint    ] Safepoint "Cleanup", Time since last: 1000416000 ns, Reaching safepoint: 98318 ns, At safepoint: 4638 ns, Total: 102956 ns
[2020-05-16T11:19:37.195+0000][15960][safepoint    ] Safepoint "Cleanup", Time since last: 1000481391 ns, Reaching safepoint: 396522 ns, At safepoint: 11130 ns, Total: 407652 ns
[2020-05-16T11:19:38.196+0000][15960][safepoint    ] Safepoint "Cleanup", Time since last: 1000899246 ns, Reaching safepoint: 111768 ns, At safepoint: 5565 ns, Total: 117333 ns
[2020-05-16T11:19:40.197+0000][15960][safepoint    ] Safepoint "Cleanup", Time since last: 2000287073 ns, Reaching safepoint: 138666 ns, At safepoint: 4174 ns, Total: 142840 ns
[2020-05-16T11:19:41.198+0000][15960][safepoint    ] Safepoint "Cleanup", Time since last: 1000884869 ns, Reaching safepoint: 313971 ns, At safepoint: 24580 ns, Total: 338551 ns
[2020-05-16T11:19:42.199+0000][15960][safepoint    ] Safepoint "Cleanup", Time since last: 1000351072 ns, Reaching safepoint: 172522 ns, At safepoint: 6029 ns, Total: 178551 ns
[2020-05-16T11:19:43.200+0000][15960][safepoint    ] Safepoint "Cleanup", Time since last: 1000737391 ns, Reaching safepoint: 144696 ns, At safepoint: 3246 ns, Total: 147942 ns
[2020-05-16T11:19:44.201+0000][15960][safepoint    ] Safepoint "Cleanup", Time since last: 1000838028 ns, Reaching safepoint: 95073 ns, At safepoint: 3246 ns, Total: 98319 ns
[2020-05-16T11:19:45.201+0000][15960][safepoint    ] Safepoint "Cleanup", Time since last: 1000383536 ns, Reaching safepoint: 97392 ns, At safepoint: 3246 ns, Total: 100638 ns
[2020-05-16T11:19:46.202+0000][15960][safepoint    ] Safepoint "Cleanup", Time since last: 1000531942 ns, Reaching safepoint: 96927 ns, At safepoint: 3710 ns, Total: 100637 ns
[2020-05-16T11:19:47.203+0000][15960][safepoint    ] Safepoint "Cleanup", Time since last: 1000576464 ns, Reaching safepoint: 94609 ns, At safepoint: 3710 ns, Total: 98319 ns
[2020-05-16T11:19:48.203+0000][15960][safepoint    ] Safepoint "Cleanup", Time since last: 1000147014 ns, Reaching safepoint: 110377 ns, At safepoint: 3710 ns, Total: 114087 ns
[2020-05-16T11:19:49.204+0000][15960][safepoint    ] Safepoint "Cleanup", Time since last: 1000758724 ns, Reaching safepoint: 106203 ns, At safepoint: 6029 ns, Total: 112232 ns
[2020-05-16T11:19:50.204+0000][15960][safepoint    ] Safepoint "Cleanup", Time since last: 1000364985 ns, Reaching safepoint: 96464 ns, At safepoint: 3247 ns, Total: 99711 ns
[2020-05-16T11:19:52.122+0000][15960][safepoint    ] Safepoint "Cleanup", Time since last: 1911696272 ns, Reaching safepoint: 6443592 ns, At safepoint: 15768 ns, Total: 6459360 ns
[2020-05-16T11:19:53.163+0000][15960][safepoint    ] Safepoint "Cleanup", Time since last: 1040788850 ns, Reaching safepoint: 173913 ns, At safepoint: 4174 ns, Total: 178087 ns
[2020-05-16T11:19:54.164+0000][15960][safepoint    ] Safepoint "Cleanup", Time since last: 1000197565 ns, Reaching safepoint: 182725 ns, At safepoint: 5565 ns, Total: 188290 ns
[2020-05-16T11:19:55.165+0000][15960][safepoint    ] Safepoint "Cleanup", Time since last: 1000800464 ns, Reaching safepoint: 391883 ns, At safepoint: 12522 ns, Total: 404405 ns
[2020-05-16T11:19:56.165+0000][15960][safepoint    ] Safepoint "Cleanup", Time since last: 1000286609 ns, Reaching safepoint: 128000 ns, At safepoint: 5101 ns, Total: 133101 ns
[2020-05-16T11:19:57.166+0000][15960][safepoint    ] Safepoint "Cleanup", Time since last: 1000456811 ns, Reaching safepoint: 149334 ns, At safepoint: 6492 ns, Total: 155826 ns
[2020-05-16T11:19:58.167+0000][15960][safepoint    ] Safepoint "Cleanup", Time since last: 1000402551 ns, Reaching safepoint: 136348 ns, At safepoint: 3710 ns, Total: 140058 ns
[2020-05-16T11:19:59.167+0000][15960][safepoint    ] Safepoint "Cleanup", Time since last: 1000377507 ns, Reaching safepoint: 83478 ns, At safepoint: 3247 ns, Total: 86725 ns
[2020-05-16T11:20:00.167+0000][15960][safepoint    ] Safepoint "Cleanup", Time since last: 1000027826 ns, Reaching safepoint: 105739 ns, At safepoint: 3246 ns, Total: 108985 ns
[2020-05-16T11:20:01.168+0000][15960][safepoint    ] Safepoint "Cleanup", Time since last: 1000352464 ns, Reaching safepoint: 102492 ns, At safepoint: 3247 ns, Total: 105739 ns
[2020-05-16T11:20:03.168+0000][15960][safepoint    ] Safepoint "Cleanup", Time since last: 2000044522 ns, Reaching safepoint: 103420 ns, At safepoint: 3246 ns, Total: 106666 ns
[2020-05-16T11:20:04.168+0000][15960][safepoint    ] Safepoint "Cleanup", Time since last: 1000610782 ns, Reaching safepoint: 114087 ns, At safepoint: 3247 ns, Total: 117334 ns
[2020-05-16T11:20:05.169+0000][15960][safepoint    ] Safepoint "Cleanup", Time since last: 1000759188 ns, Reaching safepoint: 101565 ns, At safepoint: 3246 ns, Total: 104811 ns
[2020-05-16T11:20:06.169+0000][15960][safepoint    ] Safepoint "Cleanup", Time since last: 1000024116 ns, Reaching safepoint: 98783 ns, At safepoint: 4174 ns, Total: 102957 ns
[2020-05-16T11:20:07.170+0000][15960][safepoint    ] Safepoint "Cleanup", Time since last: 1000416927 ns, Reaching safepoint: 111304 ns, At safepoint: 5102 ns, Total: 116406 ns
[2020-05-16T11:20:08.171+0000][15960][safepoint    ] Safepoint "Cleanup", Time since last: 1000445681 ns, Reaching safepoint: 92753 ns, At safepoint: 5566 ns, Total: 98319 ns
[2020-05-16T11:20:09.171+0000][15960][safepoint    ] Safepoint "Cleanup", Time since last: 1000079304 ns, Reaching safepoint: 128000 ns, At safepoint: 4174 ns, Total: 132174 ns
[2020-05-16T11:20:11.171+0000][15960][safepoint    ] Safepoint "Cleanup", Time since last: 2000076985 ns, Reaching safepoint: 107131 ns, At safepoint: 3246 ns, Total: 110377 ns
[2020-05-16T11:20:13.172+0000][15960][safepoint    ] Safepoint "Cleanup", Time since last: 2000545855 ns, Reaching safepoint: 102493 ns, At safepoint: 4173 ns, Total: 106666 ns
[2020-05-16T11:20:14.172+0000][15960][safepoint    ] Safepoint "Cleanup", Time since last: 1000520812 ns, Reaching safepoint: 108521 ns, At safepoint: 5566 ns, Total: 114087 ns
[2020-05-16T11:20:15.173+0000][15960][safepoint    ] Safepoint "Cleanup", Time since last: 1000588521 ns, Reaching safepoint: 93217 ns, At safepoint: 3247 ns, Total: 96464 ns
[2020-05-16T11:20:16.174+0000][15960][safepoint    ] Safepoint "Cleanup", Time since last: 1000581101 ns, Reaching safepoint: 97855 ns, At safepoint: 4638 ns, Total: 102493 ns
[2020-05-16T11:20:17.175+0000][15960][safepoint    ] Safepoint "Cleanup", Time since last: 1000822260 ns, Reaching safepoint: 149797 ns, At safepoint: 8348 ns, Total: 158145 ns
[2020-05-16T11:20:18.175+0000][15960][safepoint    ] Safepoint "Cleanup", Time since last: 1000320464 ns, Reaching safepoint: 87188 ns, At safepoint: 3710 ns, Total: 90898 ns
[2020-05-16T11:20:19.175+0000][15960][safepoint    ] Safepoint "Cleanup", Time since last: 1000032464 ns, Reaching safepoint: 83942 ns, At safepoint: 3710 ns, Total: 87652 ns
[2020-05-16T11:20:20.176+0000][15960][safepoint    ] Safepoint "Cleanup", Time since last: 1000710029 ns, Reaching safepoint: 97855 ns, At safepoint: 5565 ns, Total: 103420 ns
[2020-05-16T11:20:21.176+0000][15960][safepoint    ] Safepoint "Cleanup", Time since last: 1000294029 ns, Reaching safepoint: 95536 ns, At safepoint: 3246 ns, Total: 98782 ns
[2020-05-16T11:20:22.273+0000][15960][safepoint    ] Safepoint "Cleanup", Time since last: 1000598725 ns, Reaching safepoint: 95742100 ns, At safepoint: 82087 ns, Total: 95824187 ns
[2020-05-16T11:20:23.274+0000][15960][safepoint    ] Safepoint "Cleanup", Time since last: 1001053681 ns, Reaching safepoint: 156290 ns, At safepoint: 7884 ns, Total: 164174 ns
[2020-05-16T11:20:24.274+0000][15960][safepoint    ] Safepoint "Cleanup", Time since last: 1000312579 ns, Reaching safepoint: 95536 ns, At safepoint: 5102 ns, Total: 100638 ns
[2020-05-16T11:20:25.275+0000][15960][safepoint    ] Safepoint "Cleanup", Time since last: 1000484174 ns, Reaching safepoint: 114550 ns, At safepoint: 3710 ns, Total: 118260 ns
[2020-05-16T11:20:27.276+0000][15960][safepoint    ] Safepoint "Cleanup", Time since last: 2000530087 ns, Reaching safepoint: 114551 ns, At safepoint: 7884 ns, Total: 122435 ns
[2020-05-16T11:20:29.277+0000][15960][safepoint    ] Safepoint "Cleanup", Time since last: 2000779594 ns, Reaching safepoint: 128000 ns, At safepoint: 3246 ns, Total: 131246 ns
[2020-05-16T11:20:30.277+0000][15960][safepoint    ] Safepoint "Cleanup", Time since last: 1000728116 ns, Reaching safepoint: 79768 ns, At safepoint: 3710 ns, Total: 83478 ns
[2020-05-16T11:20:31.278+0000][15960][safepoint    ] Safepoint "Cleanup", Time since last: 1000557913 ns, Reaching safepoint: 114087 ns, At safepoint: 3246 ns, Total: 117333 ns
[2020-05-16T11:20:33.278+0000][15960][safepoint    ] Safepoint "Cleanup", Time since last: 2000389101 ns, Reaching safepoint: 224000 ns, At safepoint: 10667 ns, Total: 234667 ns
[2020-05-16T11:20:35.279+0000][15960][safepoint    ] Safepoint "Cleanup", Time since last: 1999746782 ns, Reaching safepoint: 276870 ns, At safepoint: 13913 ns, Total: 290783 ns
[2020-05-16T11:20:36.279+0000][15960][safepoint    ] Safepoint "Cleanup", Time since last: 1000087652 ns, Reaching safepoint: 414145 ns, At safepoint: 17159 ns, Total: 431304 ns
[2020-05-16T11:20:38.280+0000][15960][safepoint    ] Safepoint "Cleanup", Time since last: 2000275015 ns, Reaching safepoint: 309333 ns, At safepoint: 8348 ns, Total: 317681 ns
[2020-05-16T11:20:39.280+0000][15960][safepoint    ] Safepoint "Cleanup", Time since last: 1000004174 ns, Reaching safepoint: 137275 ns, At safepoint: 6029 ns, Total: 143304 ns
[2020-05-16T11:20:40.281+0000][15960][safepoint    ] Safepoint "Cleanup", Time since last: 1000799536 ns, Reaching safepoint: 92753 ns, At safepoint: 4638 ns, Total: 97391 ns
[2020-05-16T11:20:42.282+0000][15960][safepoint    ] Safepoint "Cleanup", Time since last: 2000769391 ns, Reaching safepoint: 200811 ns, At safepoint: 6493 ns, Total: 207304 ns
[2020-05-16T11:20:44.282+0000][15960][safepoint    ] Safepoint "Cleanup", Time since last: 2000347826 ns, Reaching safepoint: 190145 ns, At safepoint: 4174 ns, Total: 194319 ns
[2020-05-16T11:20:45.283+0000][15960][safepoint    ] Safepoint "Cleanup", Time since last: 1000541681 ns, Reaching safepoint: 110376 ns, At safepoint: 5102 ns, Total: 115478 ns
[2020-05-16T11:20:46.284+0000][15960][safepoint    ] Safepoint "Cleanup", Time since last: 1000436405 ns, Reaching safepoint: 105276 ns, At safepoint: 3710 ns, Total: 108986 ns
[2020-05-16T11:20:47.284+0000][15960][safepoint    ] Safepoint "Cleanup", Time since last: 1000704927 ns, Reaching safepoint: 97391 ns, At safepoint: 3247 ns, Total: 100638 ns
[2020-05-16T11:20:48.285+0000][15960][safepoint    ] Safepoint "Cleanup", Time since last: 1000322318 ns, Reaching safepoint: 115942 ns, At safepoint: 6957 ns, Total: 122899 ns
[2020-05-16T11:20:49.285+0000][15960][safepoint    ] Safepoint "Cleanup", Time since last: 1000410435 ns, Reaching safepoint: 82087 ns, At safepoint: 3246 ns, Total: 85333 ns
[2020-05-16T11:20:50.286+0000][15960][safepoint    ] Safepoint "Cleanup", Time since last: 1000159072 ns, Reaching safepoint: 118261 ns, At safepoint: 6493 ns, Total: 124754 ns
[2020-05-16T11:20:51.286+0000][15960][safepoint    ] Safepoint "Cleanup", Time since last: 1000226319 ns, Reaching safepoint: 106202 ns, At safepoint: 3711 ns, Total: 109913 ns
[2020-05-16T11:20:52.286+0000][15960][safepoint    ] Safepoint "Cleanup", Time since last: 1000142840 ns, Reaching safepoint: 89044 ns, At safepoint: 3246 ns, Total: 92290 ns
[2020-05-16T11:20:53.287+0000][15960][safepoint    ] Safepoint "Cleanup", Time since last: 1000468869 ns, Reaching safepoint: 111305 ns, At safepoint: 3246 ns, Total: 114551 ns
[2020-05-16T11:20:54.288+0000][15960][safepoint    ] Safepoint "Cleanup", Time since last: 1000914550 ns, Reaching safepoint: 98783 ns, At safepoint: 5101 ns, Total: 103884 ns
[2020-05-16T11:20:55.288+0000][15960][safepoint    ] Safepoint "Cleanup", Time since last: 1000552348 ns, Reaching safepoint: 107130 ns, At safepoint: 5102 ns, Total: 112232 ns
[2020-05-16T11:20:56.289+0000][15960][safepoint    ] Safepoint "Cleanup", Time since last: 1000555594 ns, Reaching safepoint: 120115 ns, At safepoint: 3247 ns, Total: 123362 ns
[2020-05-16T11:20:58.290+0000][15960][safepoint    ] Safepoint "Cleanup", Time since last: 2000553275 ns, Reaching safepoint: 95072 ns, At safepoint: 3710 ns, Total: 98782 ns
[2020-05-16T11:20:59.290+0000][15960][safepoint    ] Safepoint "Cleanup", Time since last: 1000290783 ns, Reaching safepoint: 99246 ns, At safepoint: 4638 ns, Total: 103884 ns
[2020-05-16T11:21:00.290+0000][15960][safepoint    ] Safepoint "Cleanup", Time since last: 1000221681 ns, Reaching safepoint: 108058 ns, At safepoint: 3246 ns, Total: 111304 ns
[2020-05-16T11:21:01.291+0000][15960][safepoint    ] Safepoint "Cleanup", Time since last: 1000632580 ns, Reaching safepoint: 102029 ns, At safepoint: 5565 ns, Total: 107594 ns
[2020-05-16T11:21:02.291+0000][15960][safepoint    ] Safepoint "Cleanup", Time since last: 1000017623 ns, Reaching safepoint: 98319 ns, At safepoint: 3246 ns, Total: 101565 ns
[2020-05-16T11:21:03.292+0000][15960][safepoint    ] Safepoint "Cleanup", Time since last: 1000154899 ns, Reaching safepoint: 97855 ns, At safepoint: 3246 ns, Total: 101101 ns
[2020-05-16T11:21:04.292+0000][15960][safepoint    ] Safepoint "Cleanup", Time since last: 1000055189 ns, Reaching safepoint: 113159 ns, At safepoint: 4638 ns, Total: 117797 ns
[2020-05-16T11:21:05.292+0000][15960][safepoint    ] Safepoint "Cleanup", Time since last: 1000613564 ns, Reaching safepoint: 117334 ns, At safepoint: 4174 ns, Total: 121508 ns
[2020-05-16T11:21:06.293+0000][15960][safepoint    ] Safepoint "Cleanup", Time since last: 1000165101 ns, Reaching safepoint: 105739 ns, At safepoint: 3246 ns, Total: 108985 ns
[2020-05-16T11:21:07.294+0000][15960][safepoint    ] Safepoint "Cleanup", Time since last: 1000659942 ns, Reaching safepoint: 111768 ns, At safepoint: 6029 ns, Total: 117797 ns
[2020-05-16T11:21:08.294+0000][15960][safepoint    ] Safepoint "Cleanup", Time since last: 1000048696 ns, Reaching safepoint: 86261 ns, At safepoint: 4174 ns, Total: 90435 ns
[2020-05-16T11:21:09.299+0000][15960][safepoint    ] Safepoint "Cleanup", Time since last: 1005146896 ns, Reaching safepoint: 189217 ns, At safepoint: 5102 ns, Total: 194319 ns
[2020-05-16T11:21:11.299+0000][15960][safepoint    ] Safepoint "Cleanup", Time since last: 2000268521 ns, Reaching safepoint: 135420 ns, At safepoint: 5102 ns, Total: 140522 ns
[2020-05-16T11:21:12.300+0000][15960][safepoint    ] Safepoint "Cleanup", Time since last: 1000371478 ns, Reaching safepoint: 149797 ns, At safepoint: 3246 ns, Total: 153043 ns
[2020-05-16T11:21:13.950+0000][15960][safepoint    ] Safepoint "Cleanup", Time since last: 1650376510 ns, Reaching safepoint: 104812 ns, At safepoint: 3246 ns, Total: 108058 ns
[2020-05-16T11:21:15.102+0000][15960][safepoint    ] Safepoint "Cleanup", Time since last: 1000756869 ns, Reaching safepoint: 151151698 ns, At safepoint: 69566 ns, Total: 151221264 ns
[2020-05-16T11:21:16.103+0000][15960][safepoint    ] Safepoint "Cleanup", Time since last: 1000726260 ns, Reaching safepoint: 147942 ns, At safepoint: 6493 ns, Total: 154435 ns
[2020-05-16T11:21:17.104+0000][15960][safepoint    ] Safepoint "Cleanup", Time since last: 1000241623 ns, Reaching safepoint: 80696 ns, At safepoint: 3246 ns, Total: 83942 ns
[2020-05-16T11:21:18.104+0000][15960][safepoint    ] Safepoint "Cleanup", Time since last: 1000039420 ns, Reaching safepoint: 101102 ns, At safepoint: 3246 ns, Total: 104348 ns
[2020-05-16T11:21:19.104+0000][15960][safepoint    ] Safepoint "Cleanup", Time since last: 1000295420 ns, Reaching safepoint: 96928 ns, At safepoint: 3246 ns, Total: 100174 ns
[2020-05-16T11:21:20.105+0000][15960][safepoint    ] Safepoint "Cleanup", Time since last: 1000390956 ns, Reaching safepoint: 103421 ns, At safepoint: 3246 ns, Total: 106667 ns
[2020-05-16T11:21:21.105+0000][15960][safepoint    ] Safepoint "Cleanup", Time since last: 1000515246 ns, Reaching safepoint: 102493 ns, At safepoint: 3246 ns, Total: 105739 ns
[2020-05-16T11:21:22.106+0000][15960][safepoint    ] Safepoint "Cleanup", Time since last: 1000056116 ns, Reaching safepoint: 137739 ns, At safepoint: 6957 ns, Total: 144696 ns
[2020-05-16T11:21:24.106+0000][15960][safepoint    ] Safepoint "Cleanup", Time since last: 2000554666 ns, Reaching safepoint: 93681 ns, At safepoint: 5102 ns, Total: 98783 ns
[2020-05-16T11:21:25.107+0000][15960][safepoint    ] Safepoint "Cleanup", Time since last: 1000409043 ns, Reaching safepoint: 112232 ns, At safepoint: 3710 ns, Total: 115942 ns
[2020-05-16T11:21:27.107+0000][15960][safepoint    ] Safepoint "Cleanup", Time since last: 2000009739 ns, Reaching safepoint: 100638 ns, At safepoint: 5101 ns, Total: 105739 ns
[2020-05-16T11:21:28.108+0000][15960][safepoint    ] Safepoint "Cleanup", Time since last: 1000689159 ns, Reaching safepoint: 84406 ns, At safepoint: 4638 ns, Total: 89044 ns
[2020-05-16T11:21:30.108+0000][15960][safepoint    ] Safepoint "Cleanup", Time since last: 2000658550 ns, Reaching safepoint: 84406 ns, At safepoint: 4638 ns, Total: 89044 ns
[2020-05-16T11:21:31.108+0000][15960][safepoint    ] Safepoint "Cleanup", Time since last: 1000044985 ns, Reaching safepoint: 103420 ns, At safepoint: 5102 ns, Total: 108522 ns
[2020-05-16T11:21:33.109+0000][15960][safepoint    ] Safepoint "Cleanup", Time since last: 2000135884 ns, Reaching safepoint: 102956 ns, At safepoint: 3247 ns, Total: 106203 ns
[2020-05-16T11:21:34.109+0000][15960][safepoint    ] Safepoint "Cleanup", Time since last: 1000294028 ns, Reaching safepoint: 113624 ns, At safepoint: 4637 ns, Total: 118261 ns
[2020-05-16T11:21:36.109+0000][15960][safepoint    ] Safepoint "Cleanup", Time since last: 2000003247 ns, Reaching safepoint: 106202 ns, At safepoint: 3247 ns, Total: 109449 ns
[2020-05-16T11:21:37.110+0000][15960][safepoint    ] Safepoint "Cleanup", Time since last: 1000800927 ns, Reaching safepoint: 106667 ns, At safepoint: 3710 ns, Total: 110377 ns
[2020-05-16T11:21:39.111+0000][15960][safepoint    ] Safepoint "Cleanup", Time since last: 2000580637 ns, Reaching safepoint: 305159 ns, At safepoint: 7421 ns, Total: 312580 ns
[2020-05-16T11:21:40.111+0000][15960][safepoint    ] Safepoint "Cleanup", Time since last: 1000176232 ns, Reaching safepoint: 102492 ns, At safepoint: 4638 ns, Total: 107130 ns
[2020-05-16T11:21:41.112+0000][15960][safepoint    ] Safepoint "Cleanup", Time since last: 1000455420 ns, Reaching safepoint: 236985 ns, At safepoint: 9276 ns, Total: 246261 ns
[2020-05-16T11:21:42.112+0000][15960][safepoint    ] Safepoint "Cleanup", Time since last: 1000291710 ns, Reaching safepoint: 104348 ns, At safepoint: 4637 ns, Total: 108985 ns
[2020-05-16T11:21:43.113+0000][15960][safepoint    ] Safepoint "Cleanup", Time since last: 1001014724 ns, Reaching safepoint: 168348 ns, At safepoint: 2783 ns, Total: 171131 ns
[2020-05-16T11:21:44.114+0000][15960][safepoint    ] Safepoint "Cleanup", Time since last: 1000150261 ns, Reaching safepoint: 94608 ns, At safepoint: 5102 ns, Total: 99710 ns
[2020-05-16T11:21:45.115+0000][15960][safepoint    ] Safepoint "Cleanup", Time since last: 1000617275 ns, Reaching safepoint: 220753 ns, At safepoint: 8348 ns, Total: 229101 ns
[2020-05-16T11:21:46.116+0000][15960][safepoint    ] Safepoint "Cleanup", Time since last: 1000772637 ns, Reaching safepoint: 157218 ns, At safepoint: 4174 ns, Total: 161392 ns
[2020-05-16T11:21:47.116+0000][15960][safepoint    ] Safepoint "Cleanup", Time since last: 1000411362 ns, Reaching safepoint: 216116 ns, At safepoint: 7420 ns, Total: 223536 ns
[2020-05-16T11:21:49.117+0000][15960][safepoint    ] Safepoint "Cleanup", Time since last: 2000779130 ns, Reaching safepoint: 115014 ns, At safepoint: 3711 ns, Total: 118725 ns
[2020-05-16T11:21:50.903+0000][15960][safepoint    ] Safepoint "Cleanup", Time since last: 1785941896 ns, Reaching safepoint: 123826 ns, At safepoint: 5101 ns, Total: 128927 ns
[2020-05-16T11:21:51.904+0000][15960][safepoint    ] Safepoint "Cleanup", Time since last: 1000147942 ns, Reaching safepoint: 100174 ns, At safepoint: 3247 ns, Total: 103421 ns
[2020-05-16T11:21:52.904+0000][15960][safepoint    ] Safepoint "Cleanup", Time since last: 1000037565 ns, Reaching safepoint: 80232 ns, At safepoint: 3246 ns, Total: 83478 ns
[2020-05-16T11:21:53.905+0000][15960][safepoint    ] Safepoint "Cleanup", Time since last: 1000719304 ns, Reaching safepoint: 93217 ns, At safepoint: 5566 ns, Total: 98783 ns
[2020-05-16T11:21:55.905+0000][15960][safepoint    ] Safepoint "Cleanup", Time since last: 2000779130 ns, Reaching safepoint: 110840 ns, At safepoint: 4174 ns, Total: 115014 ns
[2020-05-16T11:21:56.906+0000][15960][safepoint    ] Safepoint "Cleanup", Time since last: 1000562087 ns, Reaching safepoint: 99246 ns, At safepoint: 3246 ns, Total: 102492 ns
[2020-05-16T11:21:57.907+0000][15960][safepoint    ] Safepoint "Cleanup", Time since last: 1000407189 ns, Reaching safepoint: 108985 ns, At safepoint: 6029 ns, Total: 115014 ns
[2020-05-16T11:21:58.907+0000][15960][safepoint    ] Safepoint "Cleanup", Time since last: 1000815768 ns, Reaching safepoint: 113623 ns, At safepoint: 4638 ns, Total: 118261 ns
[2020-05-16T11:21:59.908+0000][15960][safepoint    ] Safepoint "Cleanup", Time since last: 1000217507 ns, Reaching safepoint: 87188 ns, At safepoint: 3710 ns, Total: 90898 ns
[2020-05-16T11:22:00.908+0000][15960][safepoint    ] Safepoint "Cleanup", Time since last: 1000231884 ns, Reaching safepoint: 89508 ns, At safepoint: 3246 ns, Total: 92754 ns
[2020-05-16T11:22:01.908+0000][15960][safepoint    ] Safepoint "Cleanup", Time since last: 1000216579 ns, Reaching safepoint: 104812 ns, At safepoint: 3710 ns, Total: 108522 ns
[2020-05-16T11:22:02.909+0000][15960][safepoint    ] Safepoint "Cleanup", Time since last: 1000260638 ns, Reaching safepoint: 100174 ns, At safepoint: 3246 ns, Total: 103420 ns
[2020-05-16T11:22:03.909+0000][15960][safepoint    ] Safepoint "Cleanup", Time since last: 1000274551 ns, Reaching safepoint: 97855 ns, At safepoint: 3246 ns, Total: 101101 ns
[2020-05-16T11:22:04.910+0000][15960][safepoint    ] Safepoint "Cleanup", Time since last: 1000702145 ns, Reaching safepoint: 121507 ns, At safepoint: 2782 ns, Total: 124289 ns
[2020-05-16T11:22:05.910+0000][15960][safepoint    ] Safepoint "Cleanup", Time since last: 1000150261 ns, Reaching safepoint: 126145 ns, At safepoint: 6957 ns, Total: 133102 ns
[2020-05-16T11:22:07.911+0000][15960][safepoint    ] Safepoint "Cleanup", Time since last: 2000724869 ns, Reaching safepoint: 143768 ns, At safepoint: 6029 ns, Total: 149797 ns
[2020-05-16T11:22:09.912+0000][15960][safepoint    ] Safepoint "Cleanup", Time since last: 2000614956 ns, Reaching safepoint: 133101 ns, At safepoint: 6029 ns, Total: 139130 ns
[2020-05-16T11:22:10.912+0000][15960][safepoint    ] Safepoint "Cleanup", Time since last: 1000444754 ns, Reaching safepoint: 285217 ns, At safepoint: 12986 ns, Total: 298203 ns
[2020-05-16T11:22:11.914+0000][15960][safepoint    ] Safepoint "Cleanup", Time since last: 1000851941 ns, Reaching safepoint: 149334 ns, At safepoint: 6028 ns, Total: 155362 ns
[2020-05-16T11:22:12.914+0000][15960][safepoint    ] Safepoint "Cleanup", Time since last: 1000509681 ns, Reaching safepoint: 185044 ns, At safepoint: 7420 ns, Total: 192464 ns
[2020-05-16T11:22:14.915+0000][15960][safepoint    ] Safepoint "Cleanup", Time since last: 2000894145 ns, Reaching safepoint: 213797 ns, At safepoint: 4637 ns, Total: 218434 ns
[2020-05-16T11:22:16.916+0000][15960][safepoint    ] Safepoint "Cleanup", Time since last: 2000171131 ns, Reaching safepoint: 231884 ns, At safepoint: 16231 ns, Total: 248115 ns
[2020-05-16T11:22:18.130+0000][15960][safepoint    ] Safepoint "Cleanup", Time since last: 1213931032 ns, Reaching safepoint: 502724 ns, At safepoint: 65855 ns, Total: 568579 ns
[2020-05-16T11:22:19.132+0000][15960][safepoint    ] Safepoint "Cleanup", Time since last: 1001372289 ns, Reaching safepoint: 222145 ns, At safepoint: 18551 ns, Total: 240696 ns
[2020-05-16T11:22:20.132+0000][15960][safepoint    ] Safepoint "Cleanup", Time since last: 1000303768 ns, Reaching safepoint: 166029 ns, At safepoint: 4637 ns, Total: 170666 ns
[2020-05-16T11:22:21.133+0000][15960][safepoint    ] Safepoint "Cleanup", Time since last: 1000731362 ns, Reaching safepoint: 226319 ns, At safepoint: 9276 ns, Total: 235595 ns
[2020-05-16T11:22:22.134+0000][15960][safepoint    ] Safepoint "Cleanup", Time since last: 1000007884 ns, Reaching safepoint: 96463 ns, At safepoint: 4638 ns, Total: 101101 ns
[2020-05-16T11:22:23.134+0000][15960][safepoint    ] Safepoint "Cleanup", Time since last: 1000143304 ns, Reaching safepoint: 107594 ns, At safepoint: 3247 ns, Total: 110841 ns
[2020-05-16T11:22:24.135+0000][15960][safepoint    ] Safepoint "Cleanup", Time since last: 1000887652 ns, Reaching safepoint: 107130 ns, At safepoint: 3246 ns, Total: 110376 ns
[2020-05-16T11:22:25.135+0000][15960][safepoint    ] Safepoint "Cleanup", Time since last: 1000233276 ns, Reaching safepoint: 83014 ns, At safepoint: 5101 ns, Total: 88115 ns
[2020-05-16T11:22:26.136+0000][15960][safepoint    ] Safepoint "Cleanup", Time since last: 1000667362 ns, Reaching safepoint: 125218 ns, At safepoint: 2782 ns, Total: 128000 ns
[2020-05-16T11:22:27.136+0000][15960][safepoint    ] Safepoint "Cleanup", Time since last: 1000032928 ns, Reaching safepoint: 147478 ns, At safepoint: 6029 ns, Total: 153507 ns
[2020-05-16T11:22:28.137+0000][15960][safepoint    ] Safepoint "Cleanup", Time since last: 1000541681 ns, Reaching safepoint: 105739 ns, At safepoint: 3246 ns, Total: 108985 ns
[2020-05-16T11:22:29.137+0000][15960][safepoint    ] Safepoint "Cleanup", Time since last: 1000468870 ns, Reaching safepoint: 104348 ns, At safepoint: 3710 ns, Total: 108058 ns
[2020-05-16T11:22:30.343+0000][15960][safepoint    ] Safepoint "Cleanup", Time since last: 1000732753 ns, Reaching safepoint: 204722456 ns, At safepoint: 86724 ns, Total: 204809180 ns
[2020-05-16T11:22:31.344+0000][15960][safepoint    ] Safepoint "Cleanup", Time since last: 1000771710 ns, Reaching safepoint: 107594 ns, At safepoint: 3247 ns, Total: 110841 ns
[2020-05-16T11:22:32.344+0000][15960][safepoint    ] Safepoint "Cleanup", Time since last: 1000288927 ns, Reaching safepoint: 174377 ns, At safepoint: 6493 ns, Total: 180870 ns
[2020-05-16T11:22:33.344+0000][15960][safepoint    ] Safepoint "Cleanup", Time since last: 1000007420 ns, Reaching safepoint: 196638 ns, At safepoint: 5565 ns, Total: 202203 ns
[2020-05-16T11:22:34.345+0000][15960][safepoint    ] Safepoint "Cleanup", Time since last: 1000586666 ns, Reaching safepoint: 131246 ns, At safepoint: 6493 ns, Total: 137739 ns
[2020-05-16T11:22:35.346+0000][15960][safepoint    ] Safepoint "Cleanup", Time since last: 1000292174 ns, Reaching safepoint: 486029 ns, At safepoint: 11130 ns, Total: 497159 ns
[2020-05-16T11:22:36.346+0000][15960][safepoint    ] Safepoint "Cleanup", Time since last: 1000042203 ns, Reaching safepoint: 336696 ns, At safepoint: 25971 ns, Total: 362667 ns
[2020-05-16T11:22:37.347+0000][15960][safepoint    ] Safepoint "Cleanup", Time since last: 1000017623 ns, Reaching safepoint: 339942 ns, At safepoint: 8811 ns, Total: 348753 ns
[2020-05-16T11:22:39.347+0000][15960][safepoint    ] Safepoint "Cleanup", Time since last: 2000513855 ns, Reaching safepoint: 143768 ns, At safepoint: 5101 ns, Total: 148869 ns
[2020-05-16T11:22:40.348+0000][15960][safepoint    ] Safepoint "Cleanup", Time since last: 1000097856 ns, Reaching safepoint: 89507 ns, At safepoint: 4637 ns, Total: 94144 ns
[2020-05-16T11:22:41.348+0000][15960][safepoint    ] Safepoint "Cleanup", Time since last: 1000481855 ns, Reaching safepoint: 344580 ns, At safepoint: 14377 ns, Total: 358957 ns
[2020-05-16T11:22:42.349+0000][15960][safepoint    ] Safepoint "Cleanup", Time since last: 1000302840 ns, Reaching safepoint: 121971 ns, At safepoint: 5101 ns, Total: 127072 ns
[2020-05-16T11:22:43.349+0000][15960][safepoint    ] Safepoint "Cleanup", Time since last: 1000177160 ns, Reaching safepoint: 172521 ns, At safepoint: 7884 ns, Total: 180405 ns
[2020-05-16T11:22:44.350+0000][15960][safepoint    ] Safepoint "Cleanup", Time since last: 1000555131 ns, Reaching safepoint: 106203 ns, At safepoint: 3246 ns, Total: 109449 ns
[2020-05-16T11:22:45.350+0000][15960][safepoint    ] Safepoint "Cleanup", Time since last: 1000456811 ns, Reaching safepoint: 93218 ns, At safepoint: 4637 ns, Total: 97855 ns
[2020-05-16T11:22:47.351+0000][15960][safepoint    ] Safepoint "Cleanup", Time since last: 2000343189 ns, Reaching safepoint: 106202 ns, At safepoint: 5102 ns, Total: 111304 ns
[2020-05-16T11:22:48.352+0000][15960][safepoint    ] Safepoint "Cleanup", Time since last: 1000711420 ns, Reaching safepoint: 112695 ns, At safepoint: 3711 ns, Total: 116406 ns
[2020-05-16T11:22:49.352+0000][15960][safepoint    ] Safepoint "Cleanup", Time since last: 1000594086 ns, Reaching safepoint: 108058 ns, At safepoint: 5102 ns, Total: 113160 ns
[2020-05-16T11:22:50.353+0000][15960][safepoint    ] Safepoint "Cleanup", Time since last: 1000390028 ns, Reaching safepoint: 103421 ns, At safepoint: 2782 ns, Total: 106203 ns
[2020-05-16T11:22:51.353+0000][15960][safepoint    ] Safepoint "Cleanup", Time since last: 1000319073 ns, Reaching safepoint: 102956 ns, At safepoint: 3246 ns, Total: 106202 ns
[2020-05-16T11:22:53.354+0000][15960][safepoint    ] Safepoint "Cleanup", Time since last: 2000356638 ns, Reaching safepoint: 97391 ns, At safepoint: 4174 ns, Total: 101565 ns
[2020-05-16T11:22:54.355+0000][15960][safepoint    ] Safepoint "Cleanup", Time since last: 1000760579 ns, Reaching safepoint: 93682 ns, At safepoint: 4173 ns, Total: 97855 ns
[2020-05-16T11:22:55.355+0000][15960][safepoint    ] Safepoint "Cleanup", Time since last: 1000668754 ns, Reaching safepoint: 96927 ns, At safepoint: 3710 ns, Total: 100637 ns
[2020-05-16T11:22:56.356+0000][15960][safepoint    ] Safepoint "Cleanup", Time since last: 1000934493 ns, Reaching safepoint: 100637 ns, At safepoint: 5102 ns, Total: 105739 ns
[2020-05-16T11:22:57.357+0000][15960][safepoint    ] Safepoint "Cleanup", Time since last: 1000581565 ns, Reaching safepoint: 107130 ns, At safepoint: 4638 ns, Total: 111768 ns
[2020-05-16T11:22:59.358+0000][15960][safepoint    ] Safepoint "Cleanup", Time since last: 2000731826 ns, Reaching safepoint: 96000 ns, At safepoint: 3246 ns, Total: 99246 ns
[2020-05-16T11:23:00.359+0000][15960][safepoint    ] Safepoint "Cleanup", Time since last: 1000856115 ns, Reaching safepoint: 98319 ns, At safepoint: 2783 ns, Total: 101102 ns
[2020-05-16T11:23:01.359+0000][15960][safepoint    ] Safepoint "Cleanup", Time since last: 1000421101 ns, Reaching safepoint: 102029 ns, At safepoint: 3246 ns, Total: 105275 ns
[2020-05-16T11:23:02.360+0000][15960][safepoint    ] Safepoint "Cleanup", Time since last: 1000791188 ns, Reaching safepoint: 79305 ns, At safepoint: 3246 ns, Total: 82551 ns
[2020-05-16T11:23:03.361+0000][15960][safepoint    ] Safepoint "Cleanup", Time since last: 1000864000 ns, Reaching safepoint: 153043 ns, At safepoint: 9276 ns, Total: 162319 ns
[2020-05-16T11:23:04.362+0000][15960][safepoint    ] Safepoint "Cleanup", Time since last: 1000522666 ns, Reaching safepoint: 197101 ns, At safepoint: 8812 ns, Total: 205913 ns
[2020-05-16T11:23:05.363+0000][15960][safepoint    ] Safepoint "Cleanup", Time since last: 1000514319 ns, Reaching safepoint: 357565 ns, At safepoint: 6029 ns, Total: 363594 ns
[2020-05-16T11:23:06.363+0000][15960][safepoint    ] Safepoint "Cleanup", Time since last: 1000315825 ns, Reaching safepoint: 379363 ns, At safepoint: 5101 ns, Total: 384464 ns
[2020-05-16T11:23:07.364+0000][15960][safepoint    ] Safepoint "Cleanup", Time since last: 1000601043 ns, Reaching safepoint: 108522 ns, At safepoint: 5565 ns, Total: 114087 ns
[2020-05-16T11:23:08.365+0000][15960][safepoint    ] Safepoint "Cleanup", Time since last: 1000449391 ns, Reaching safepoint: 174377 ns, At safepoint: 5565 ns, Total: 179942 ns
[2020-05-16T11:23:09.365+0000][15960][safepoint    ] Safepoint "Cleanup", Time since last: 1000421565 ns, Reaching safepoint: 222609 ns, At safepoint: 6029 ns, Total: 228638 ns
[2020-05-16T11:23:11.366+0000][15960][safepoint    ] Safepoint "Cleanup", Time since last: 2000437797 ns, Reaching safepoint: 120116 ns, At safepoint: 4174 ns, Total: 124290 ns
[2020-05-16T11:23:12.366+0000][15960][safepoint    ] Safepoint "Cleanup", Time since last: 1000090434 ns, Reaching safepoint: 321855 ns, At safepoint: 6957 ns, Total: 328812 ns
[2020-05-16T11:23:13.367+0000][15960][safepoint    ] Safepoint "Cleanup", Time since last: 1000669681 ns, Reaching safepoint: 102956 ns, At safepoint: 4174 ns, Total: 107130 ns
[2020-05-16T11:23:14.368+0000][15960][safepoint    ] Safepoint "Cleanup", Time since last: 1000248580 ns, Reaching safepoint: 101101 ns, At safepoint: 4174 ns, Total: 105275 ns
[2020-05-16T11:23:15.368+0000][15960][safepoint    ] Safepoint "Cleanup", Time since last: 1000291710 ns, Reaching safepoint: 100637 ns, At safepoint: 3247 ns, Total: 103884 ns
[2020-05-16T11:23:16.369+0000][15960][safepoint    ] Safepoint "Cleanup", Time since last: 1000382145 ns, Reaching safepoint: 102029 ns, At safepoint: 2782 ns, Total: 104811 ns
[2020-05-16T11:23:17.369+0000][15960][safepoint    ] Safepoint "Cleanup", Time since last: 1000622377 ns, Reaching safepoint: 98782 ns, At safepoint: 3247 ns, Total: 102029 ns
[2020-05-16T11:23:18.370+0000][15960][safepoint    ] Safepoint "Cleanup", Time since last: 1000411826 ns, Reaching safepoint: 79304 ns, At safepoint: 3246 ns, Total: 82550 ns
[2020-05-16T11:23:19.371+0000][15960][safepoint    ] Safepoint "Cleanup", Time since last: 1000718377 ns, Reaching safepoint: 122434 ns, At safepoint: 4174 ns, Total: 126608 ns
[2020-05-16T11:23:20.371+0000][15960][safepoint    ] Safepoint "Cleanup", Time since last: 1000358029 ns, Reaching safepoint: 79304 ns, At safepoint: 3711 ns, Total: 83015 ns
[2020-05-16T11:23:21.371+0000][15960][safepoint    ] Safepoint "Cleanup", Time since last: 1000180405 ns, Reaching safepoint: 102029 ns, At safepoint: 5102 ns, Total: 107131 ns
[2020-05-16T11:23:22.372+0000][15960][safepoint    ] Safepoint "Cleanup", Time since last: 1000582028 ns, Reaching safepoint: 93218 ns, At safepoint: 4637 ns, Total: 97855 ns
[2020-05-16T11:23:23.373+0000][15960][safepoint    ] Safepoint "Cleanup", Time since last: 1000809739 ns, Reaching safepoint: 82087 ns, At safepoint: 3710 ns, Total: 85797 ns
[2020-05-16T11:23:24.373+0000][15960][safepoint    ] Safepoint "Cleanup", Time since last: 1000072812 ns, Reaching safepoint: 106203 ns, At safepoint: 5101 ns, Total: 111304 ns
[2020-05-16T11:23:25.374+0000][15960][safepoint    ] Safepoint "Cleanup", Time since last: 1000553275 ns, Reaching safepoint: 90435 ns, At safepoint: 3710 ns, Total: 94145 ns
[2020-05-16T11:23:26.375+0000][15960][safepoint    ] Safepoint "Cleanup", Time since last: 1000609391 ns, Reaching safepoint: 92290 ns, At safepoint: 5565 ns, Total: 97855 ns
[2020-05-16T11:23:27.375+0000][15960][safepoint    ] Safepoint "Cleanup", Time since last: 1000751768 ns, Reaching safepoint: 127536 ns, At safepoint: 5565 ns, Total: 133101 ns
[2020-05-16T11:23:28.376+0000][15960][safepoint    ] Safepoint "Cleanup", Time since last: 1000691014 ns, Reaching safepoint: 105276 ns, At safepoint: 2319 ns, Total: 107595 ns
[2020-05-16T11:23:30.377+0000][15960][safepoint    ] Safepoint "Cleanup", Time since last: 2000391883 ns, Reaching safepoint: 119189 ns, At safepoint: 3246 ns, Total: 122435 ns
[2020-05-16T11:23:31.378+0000][15960][safepoint    ] Safepoint "Cleanup", Time since last: 1000826898 ns, Reaching safepoint: 205913 ns, At safepoint: 4638 ns, Total: 210551 ns
[2020-05-16T11:23:33.378+0000][15960][safepoint    ] Safepoint "Cleanup", Time since last: 2000568116 ns, Reaching safepoint: 97391 ns, At safepoint: 6029 ns, Total: 103420 ns
[2020-05-16T11:23:34.379+0000][15960][safepoint    ] Safepoint "Cleanup", Time since last: 1000617739 ns, Reaching safepoint: 308869 ns, At safepoint: 11594 ns, Total: 320463 ns
[2020-05-16T11:23:35.380+0000][15960][safepoint    ] Safepoint "Cleanup", Time since last: 1000247652 ns, Reaching safepoint: 364058 ns, At safepoint: 9276 ns, Total: 373334 ns
[2020-05-16T11:23:37.380+0000][15960][safepoint    ] Safepoint "Cleanup", Time since last: 1999744000 ns, Reaching safepoint: 313507 ns, At safepoint: 3710 ns, Total: 317217 ns
[2020-05-16T11:23:38.380+0000][15960][safepoint    ] Safepoint "Cleanup", Time since last: 1000047768 ns, Reaching safepoint: 115015 ns, At safepoint: 4173 ns, Total: 119188 ns
[2020-05-16T11:23:39.381+0000][15960][safepoint    ] Safepoint "Cleanup", Time since last: 1000339015 ns, Reaching safepoint: 391420 ns, At safepoint: 33391 ns, Total: 424811 ns
[2020-05-16T11:23:40.381+0000][15960][safepoint    ] Safepoint "Cleanup", Time since last: 1000262493 ns, Reaching safepoint: 244869 ns, At safepoint: 85797 ns, Total: 330666 ns
[2020-05-16T11:23:42.382+0000][15960][safepoint    ] Safepoint "Cleanup", Time since last: 2000326029 ns, Reaching safepoint: 151188 ns, At safepoint: 5566 ns, Total: 156754 ns
[2020-05-16T11:23:43.383+0000][15960][safepoint    ] Safepoint "Cleanup", Time since last: 1000308405 ns, Reaching safepoint: 203131 ns, At safepoint: 5565 ns, Total: 208696 ns
[2020-05-16T11:23:44.383+0000][15960][safepoint    ] Safepoint "Cleanup", Time since last: 1000713275 ns, Reaching safepoint: 114551 ns, At safepoint: 3246 ns, Total: 117797 ns
[2020-05-16T11:23:45.384+0000][15960][safepoint    ] Safepoint "Cleanup", Time since last: 1000047768 ns, Reaching safepoint: 108058 ns, At safepoint: 3246 ns, Total: 111304 ns
[2020-05-16T11:23:46.384+0000][15960][safepoint    ] Safepoint "Cleanup", Time since last: 1000002783 ns, Reaching safepoint: 109449 ns, At safepoint: 2783 ns, Total: 112232 ns
[2020-05-16T11:23:47.385+0000][15960][safepoint    ] Safepoint "Cleanup", Time since last: 1000851941 ns, Reaching safepoint: 86725 ns, At safepoint: 3710 ns, Total: 90435 ns
[2020-05-16T11:23:48.385+0000][15960][safepoint    ] Safepoint "Cleanup", Time since last: 1000704000 ns, Reaching safepoint: 131246 ns, At safepoint: 8348 ns, Total: 139594 ns
[2020-05-16T11:23:50.386+0000][15960][safepoint    ] Safepoint "Cleanup", Time since last: 2000293101 ns, Reaching safepoint: 128464 ns, At safepoint: 3246 ns, Total: 131710 ns
[2020-05-16T11:23:51.959+0000][15960][gc,start     ] GC(43) Pause Young (Normal) (G1 Evacuation Pause)
[2020-05-16T11:23:51.959+0000][15960][gc,task      ] GC(43) Using 4 workers of 4 for evacuation
[2020-05-16T11:23:51.959+0000][15960][gc,age       ] GC(43) Desired survivor size 40370176 bytes, new threshold 15 (max threshold 15)
[2020-05-16T11:23:52.041+0000][15960][gc,age       ] GC(43) Age table with threshold 15 (max threshold 15)
[2020-05-16T11:23:52.041+0000][15960][gc,age       ] GC(43) - age   1:     119832 bytes,     119832 total
[2020-05-16T11:23:52.041+0000][15960][gc,age       ] GC(43) - age   2:        472 bytes,     120304 total
[2020-05-16T11:23:52.041+0000][15960][gc,age       ] GC(43) - age   3:       5336 bytes,     125640 total
[2020-05-16T11:23:52.041+0000][15960][gc,age       ] GC(43) - age   4:       2328 bytes,     127968 total
[2020-05-16T11:23:52.041+0000][15960][gc,age       ] GC(43) - age   5:        688 bytes,     128656 total
[2020-05-16T11:23:52.041+0000][15960][gc,age       ] GC(43) - age   6:         56 bytes,     128712 total
[2020-05-16T11:23:52.041+0000][15960][gc,age       ] GC(43) - age   7:        136 bytes,     128848 total
[2020-05-16T11:23:52.041+0000][15960][gc,age       ] GC(43) - age   8:     107264 bytes,     236112 total
[2020-05-16T11:23:52.041+0000][15960][gc,age       ] GC(43) - age   9:       1824 bytes,     237936 total
[2020-05-16T11:23:52.041+0000][15960][gc,age       ] GC(43) - age  10:        616 bytes,     238552 total
[2020-05-16T11:23:52.041+0000][15960][gc,age       ] GC(43) - age  11:       2216 bytes,     240768 total
[2020-05-16T11:23:52.041+0000][15960][gc,age       ] GC(43) - age  12:       1376 bytes,     242144 total
[2020-05-16T11:23:52.041+0000][15960][gc,age       ] GC(43) - age  13:       2112 bytes,     244256 total
[2020-05-16T11:23:52.041+0000][15960][gc,age       ] GC(43) - age  14:         64 bytes,     244320 total
[2020-05-16T11:23:52.041+0000][15960][gc,age       ] GC(43) - age  15:       6240 bytes,     250560 total
[2020-05-16T11:23:52.041+0000][15960][gc,phases    ] GC(43)   Pre Evacuate Collection Set: 18.7ms
[2020-05-16T11:23:52.041+0000][15960][gc,phases    ] GC(43)   Merge Heap Roots: 7.7ms
[2020-05-16T11:23:52.041+0000][15960][gc,phases    ] GC(43)   Evacuate Collection Set: 31.5ms
[2020-05-16T11:23:52.042+0000][15960][gc,phases    ] GC(43)   Post Evacuate Collection Set: 1.6ms
[2020-05-16T11:23:52.042+0000][15960][gc,phases    ] GC(43)   Other: 22.6ms
[2020-05-16T11:23:52.042+0000][15960][gc,heap      ] GC(43) Eden regions: 613->0(613)
[2020-05-16T11:23:52.042+0000][15960][gc,heap      ] GC(43) Survivor regions: 1->1(77)
[2020-05-16T11:23:52.042+0000][15960][gc,heap      ] GC(43) Old regions: 72->72
[2020-05-16T11:23:52.042+0000][15960][gc,heap      ] GC(43) Archive regions: 0->0
[2020-05-16T11:23:52.042+0000][15960][gc,heap      ] GC(43) Humongous regions: 7->7
[2020-05-16T11:23:52.042+0000][15960][gc,metaspace ] GC(43) Metaspace: 97643K(105380K)->97643K(105380K) NonClass: 84839K(89432K)->84839K(89432K) Class: 12804K(15948K)->12804K(15948K)
[2020-05-16T11:23:52.042+0000][15960][gc           ] GC(43) Pause Young (Normal) (G1 Evacuation Pause) 691M->78M(1024M) 82.340ms
[2020-05-16T11:23:52.042+0000][15960][gc,cpu       ] GC(43) User=0.05s Sys=0.00s Real=0.08s
[2020-05-16T11:23:52.042+0000][15960][safepoint    ] Safepoint "G1CollectForAllocation", Time since last: 1573196256 ns, Reaching safepoint: 96000 ns, At safepoint: 82538165 ns, Total: 82634165 ns
[2020-05-16T11:23:53.146+0000][15960][safepoint    ] Safepoint "Cleanup", Time since last: 1000572753 ns, Reaching safepoint: 102343373 ns, At safepoint: 2192695 ns, Total: 104536068 ns
[2020-05-16T11:23:54.150+0000][15960][safepoint    ] Safepoint "Cleanup", Time since last: 1000320927 ns, Reaching safepoint: 2967651 ns, At safepoint: 20406 ns, Total: 2988057 ns
[2020-05-16T11:23:55.151+0000][15960][safepoint    ] Safepoint "Cleanup", Time since last: 1000219826 ns, Reaching safepoint: 89971 ns, At safepoint: 3246 ns, Total: 93217 ns
[2020-05-16T11:23:57.151+0000][15960][safepoint    ] Safepoint "Cleanup", Time since last: 2000806029 ns, Reaching safepoint: 96000 ns, At safepoint: 3246 ns, Total: 99246 ns
[2020-05-16T11:23:59.152+0000][15960][safepoint    ] Safepoint "Cleanup", Time since last: 2000660869 ns, Reaching safepoint: 107131 ns, At safepoint: 3710 ns, Total: 110841 ns
[2020-05-16T11:24:00.152+0000][15960][safepoint    ] Safepoint "Cleanup", Time since last: 1000088579 ns, Reaching safepoint: 96928 ns, At safepoint: 3246 ns, Total: 100174 ns
[2020-05-16T11:24:01.153+0000][15960][safepoint    ] Safepoint "Cleanup", Time since last: 1000158609 ns, Reaching safepoint: 104348 ns, At safepoint: 3246 ns, Total: 107594 ns
[2020-05-16T11:24:02.154+0000][15960][safepoint    ] Safepoint "Cleanup", Time since last: 1000807420 ns, Reaching safepoint: 104811 ns, At safepoint: 3247 ns, Total: 108058 ns
[2020-05-16T11:24:03.154+0000][15960][safepoint    ] Safepoint "Cleanup", Time since last: 1000061681 ns, Reaching safepoint: 102493 ns, At safepoint: 3246 ns, Total: 105739 ns
[2020-05-16T11:24:04.154+0000][15960][safepoint    ] Safepoint "Cleanup", Time since last: 1000234667 ns, Reaching safepoint: 91826 ns, At safepoint: 3246 ns, Total: 95072 ns
[2020-05-16T11:24:05.155+0000][15960][safepoint    ] Safepoint "Cleanup", Time since last: 1000721623 ns, Reaching safepoint: 132174 ns, At safepoint: 3710 ns, Total: 135884 ns
[2020-05-16T11:24:06.155+0000][15960][safepoint    ] Safepoint "Cleanup", Time since last: 1000298203 ns, Reaching safepoint: 155362 ns, At safepoint: 5101 ns, Total: 160463 ns
[2020-05-16T11:24:07.156+0000][15960][safepoint    ] Safepoint "Cleanup", Time since last: 1000536116 ns, Reaching safepoint: 134957 ns, At safepoint: 6029 ns, Total: 140986 ns
[2020-05-16T11:24:08.157+0000][15960][safepoint    ] Safepoint "Cleanup", Time since last: 1000427130 ns, Reaching safepoint: 104811 ns, At safepoint: 3710 ns, Total: 108521 ns
[2020-05-16T11:24:09.157+0000][15960][safepoint    ] Safepoint "Cleanup", Time since last: 1000561160 ns, Reaching safepoint: 142840 ns, At safepoint: 3246 ns, Total: 146086 ns
[2020-05-16T11:24:11.158+0000][15960][safepoint    ] Safepoint "Cleanup", Time since last: 2000632116 ns, Reaching safepoint: 163246 ns, At safepoint: 4174 ns, Total: 167420 ns
[2020-05-16T11:24:12.159+0000][15960][safepoint    ] Safepoint "Cleanup", Time since last: 1000524058 ns, Reaching safepoint: 88116 ns, At safepoint: 3246 ns, Total: 91362 ns
[2020-05-16T11:24:13.160+0000][15960][safepoint    ] Safepoint "Cleanup", Time since last: 1000936812 ns, Reaching safepoint: 105739 ns, At safepoint: 5101 ns, Total: 110840 ns
[2020-05-16T11:24:14.161+0000][15960][safepoint    ] Safepoint "Cleanup", Time since last: 1000776348 ns, Reaching safepoint: 103420 ns, At safepoint: 2782 ns, Total: 106202 ns
[2020-05-16T11:24:15.161+0000][15960][safepoint    ] Safepoint "Cleanup", Time since last: 1000665044 ns, Reaching safepoint: 102956 ns, At safepoint: 4174 ns, Total: 107130 ns
[2020-05-16T11:24:17.162+0000][15960][safepoint    ] Safepoint "Cleanup", Time since last: 2001072695 ns, Reaching safepoint: 227246 ns, At safepoint: 14841 ns, Total: 242087 ns
[2020-05-16T11:24:19.163+0000][15960][safepoint    ] Safepoint "Cleanup", Time since last: 2000450319 ns, Reaching safepoint: 137739 ns, At safepoint: 5101 ns, Total: 142840 ns
[2020-05-16T11:24:20.164+0000][15960][safepoint    ] Safepoint "Cleanup", Time since last: 1000587594 ns, Reaching safepoint: 260638 ns, At safepoint: 7420 ns, Total: 268058 ns
[2020-05-16T11:24:21.165+0000][15960][safepoint    ] Safepoint "Cleanup", Time since last: 1000276405 ns, Reaching safepoint: 118261 ns, At safepoint: 2783 ns, Total: 121044 ns
[2020-05-16T11:24:22.165+0000][15960][safepoint    ] Safepoint "Cleanup", Time since last: 1000333913 ns, Reaching safepoint: 329739 ns, At safepoint: 43130 ns, Total: 372869 ns
[2020-05-16T11:24:23.166+0000][15960][safepoint    ] Safepoint "Cleanup", Time since last: 1000339478 ns, Reaching safepoint: 102957 ns, At safepoint: 2782 ns, Total: 105739 ns
[2020-05-16T11:24:24.166+0000][15960][safepoint    ] Safepoint "Cleanup", Time since last: 1000126609 ns, Reaching safepoint: 139130 ns, At safepoint: 7421 ns, Total: 146551 ns
[2020-05-16T11:24:25.166+0000][15960][safepoint    ] Safepoint "Cleanup", Time since last: 1000081623 ns, Reaching safepoint: 136811 ns, At safepoint: 6493 ns, Total: 143304 ns
[2020-05-16T11:24:26.167+0000][15960][safepoint    ] Safepoint "Cleanup", Time since last: 1000594087 ns, Reaching safepoint: 121971 ns, At safepoint: 7420 ns, Total: 129391 ns
[2020-05-16T11:24:27.168+0000][15960][safepoint    ] Safepoint "Cleanup", Time since last: 1000569971 ns, Reaching safepoint: 138666 ns, At safepoint: 5566 ns, Total: 144232 ns
[2020-05-16T11:24:28.169+0000][15960][safepoint    ] Safepoint "Cleanup", Time since last: 1000819941 ns, Reaching safepoint: 91363 ns, At safepoint: 2782 ns, Total: 94145 ns
[2020-05-16T11:24:30.169+0000][15960][safepoint    ] Safepoint "Cleanup", Time since last: 2000770782 ns, Reaching safepoint: 94609 ns, At safepoint: 3246 ns, Total: 97855 ns
[2020-05-16T11:24:31.170+0000][15960][safepoint    ] Safepoint "Cleanup", Time since last: 1000200348 ns, Reaching safepoint: 99710 ns, At safepoint: 5565 ns, Total: 105275 ns
[2020-05-16T11:24:32.171+0000][15960][safepoint    ] Safepoint "Cleanup", Time since last: 1000734609 ns, Reaching safepoint: 89507 ns, At safepoint: 3246 ns, Total: 92753 ns
[2020-05-16T11:24:33.171+0000][15960][safepoint    ] Safepoint "Cleanup", Time since last: 1000662261 ns, Reaching safepoint: 103884 ns, At safepoint: 3710 ns, Total: 107594 ns
[2020-05-16T11:24:35.171+0000][15960][safepoint    ] Safepoint "Cleanup", Time since last: 1999971246 ns, Reaching safepoint: 115942 ns, At safepoint: 5566 ns, Total: 121508 ns
[2020-05-16T11:24:36.172+0000][15960][safepoint    ] Safepoint "Cleanup", Time since last: 1000091826 ns, Reaching safepoint: 97855 ns, At safepoint: 3246 ns, Total: 101101 ns
[2020-05-16T11:24:37.172+0000][15960][safepoint    ] Safepoint "Cleanup", Time since last: 1000234203 ns, Reaching safepoint: 96464 ns, At safepoint: 3246 ns, Total: 99710 ns
[2020-05-16T11:24:38.173+0000][15960][safepoint    ] Safepoint "Cleanup", Time since last: 1000537043 ns, Reaching safepoint: 114551 ns, At safepoint: 3246 ns, Total: 117797 ns
[2020-05-16T11:24:40.173+0000][15960][safepoint    ] Safepoint "Cleanup", Time since last: 2000686841 ns, Reaching safepoint: 107130 ns, At safepoint: 5101 ns, Total: 112231 ns
[2020-05-16T11:24:41.174+0000][15960][safepoint    ] Safepoint "Cleanup", Time since last: 1000033392 ns, Reaching safepoint: 101101 ns, At safepoint: 3246 ns, Total: 104347 ns
[2020-05-16T11:24:43.174+0000][15960][safepoint    ] Safepoint "Cleanup", Time since last: 2000595015 ns, Reaching safepoint: 120116 ns, At safepoint: 3246 ns, Total: 123362 ns
[2020-05-16T11:24:44.175+0000][15960][safepoint    ] Safepoint "Cleanup", Time since last: 1000728579 ns, Reaching safepoint: 134493 ns, At safepoint: 5101 ns, Total: 139594 ns
[2020-05-16T11:24:45.176+0000][15960][safepoint    ] Safepoint "Cleanup", Time since last: 1000338551 ns, Reaching safepoint: 97855 ns, At safepoint: 3246 ns, Total: 101101 ns
[2020-05-16T11:24:46.177+0000][15960][safepoint    ] Safepoint "Cleanup", Time since last: 1000956290 ns, Reaching safepoint: 115942 ns, At safepoint: 6029 ns, Total: 121971 ns
[2020-05-16T11:24:47.185+0000][15960][safepoint    ] Safepoint "Cleanup", Time since last: 1007806605 ns, Reaching safepoint: 87188 ns, At safepoint: 3247 ns, Total: 90435 ns
[2020-05-16T11:24:48.185+0000][15960][safepoint    ] Safepoint "Cleanup", Time since last: 1000499014 ns, Reaching safepoint: 92290 ns, At safepoint: 4637 ns, Total: 96927 ns
[2020-05-16T11:24:49.186+0000][15960][safepoint    ] Safepoint "Cleanup", Time since last: 1000506899 ns, Reaching safepoint: 84869 ns, At safepoint: 3710 ns, Total: 88579 ns
[2020-05-16T11:24:50.186+0000][15960][safepoint    ] Safepoint "Cleanup", Time since last: 1000467015 ns, Reaching safepoint: 104347 ns, At safepoint: 3247 ns, Total: 107594 ns
[2020-05-16T11:24:51.187+0000][15960][safepoint    ] Safepoint "Cleanup", Time since last: 1000238840 ns, Reaching safepoint: 121044 ns, At safepoint: 3710 ns, Total: 124754 ns
[2020-05-16T11:24:52.188+0000][15960][safepoint    ] Safepoint "Cleanup", Time since last: 1000804173 ns, Reaching safepoint: 126609 ns, At safepoint: 2783 ns, Total: 129392 ns
[2020-05-16T11:24:54.188+0000][15960][safepoint    ] Safepoint "Cleanup", Time since last: 2000723478 ns, Reaching safepoint: 121043 ns, At safepoint: 3246 ns, Total: 124289 ns
[2020-05-16T11:24:56.189+0000][15960][safepoint    ] Safepoint "Cleanup", Time since last: 2000728116 ns, Reaching safepoint: 99710 ns, At safepoint: 3246 ns, Total: 102956 ns
[2020-05-16T11:24:57.190+0000][15960][safepoint    ] Safepoint "Cleanup", Time since last: 1000843130 ns, Reaching safepoint: 105740 ns, At safepoint: 3246 ns, Total: 108986 ns
[2020-05-16T11:24:59.191+0000][15960][safepoint    ] Safepoint "Cleanup", Time since last: 2000667826 ns, Reaching safepoint: 103884 ns, At safepoint: 3246 ns, Total: 107130 ns
[2020-05-16T11:25:01.192+0000][15960][safepoint    ] Safepoint "Cleanup", Time since last: 2000713275 ns, Reaching safepoint: 104348 ns, At safepoint: 3246 ns, Total: 107594 ns
[2020-05-16T11:25:02.192+0000][15960][safepoint    ] Safepoint "Cleanup", Time since last: 1000038029 ns, Reaching safepoint: 115942 ns, At safepoint: 14377 ns, Total: 130319 ns
[2020-05-16T11:25:03.192+0000][15960][safepoint    ] Safepoint "Cleanup", Time since last: 1000272696 ns, Reaching safepoint: 96927 ns, At safepoint: 2783 ns, Total: 99710 ns
[2020-05-16T11:25:04.193+0000][15960][safepoint    ] Safepoint "Cleanup", Time since last: 1000773101 ns, Reaching safepoint: 89043 ns, At safepoint: 4174 ns, Total: 93217 ns
[2020-05-16T11:25:05.194+0000][15960][safepoint    ] Safepoint "Cleanup", Time since last: 1000894608 ns, Reaching safepoint: 97855 ns, At safepoint: 3247 ns, Total: 101102 ns
[2020-05-16T11:25:06.195+0000][15960][safepoint    ] Safepoint "Cleanup", Time since last: 1001056463 ns, Reaching safepoint: 290319 ns, At safepoint: 12985 ns, Total: 303304 ns
[2020-05-16T11:25:07.197+0000][15960][safepoint    ] Safepoint "Cleanup", Time since last: 1000265275 ns, Reaching safepoint: 1321275 ns, At safepoint: 117333 ns, Total: 1438608 ns
[2020-05-16T11:25:09.198+0000][15960][safepoint    ] Safepoint "Cleanup", Time since last: 2000285682 ns, Reaching safepoint: 241159 ns, At safepoint: 4174 ns, Total: 245333 ns
[2020-05-16T11:25:10.199+0000][15960][safepoint    ] Safepoint "Cleanup", Time since last: 1000698898 ns, Reaching safepoint: 104811 ns, At safepoint: 3247 ns, Total: 108058 ns
[2020-05-16T11:25:11.199+0000][15960][safepoint    ] Safepoint "Cleanup", Time since last: 1000524058 ns, Reaching safepoint: 147014 ns, At safepoint: 3246 ns, Total: 150260 ns
[2020-05-16T11:25:13.200+0000][15960][safepoint    ] Safepoint "Cleanup", Time since last: 2000303768 ns, Reaching safepoint: 107595 ns, At safepoint: 3246 ns, Total: 110841 ns
[2020-05-16T11:25:14.200+0000][15960][safepoint    ] Safepoint "Cleanup", Time since last: 1000135420 ns, Reaching safepoint: 146087 ns, At safepoint: 6493 ns, Total: 152580 ns
[2020-05-16T11:25:15.201+0000][15960][safepoint    ] Safepoint "Cleanup", Time since last: 1000581565 ns, Reaching safepoint: 95536 ns, At safepoint: 4174 ns, Total: 99710 ns
[2020-05-16T11:25:16.201+0000][15960][safepoint    ] Safepoint "Cleanup", Time since last: 1000290319 ns, Reaching safepoint: 107130 ns, At safepoint: 3710 ns, Total: 110840 ns
[2020-05-16T11:25:17.202+0000][15960][safepoint    ] Safepoint "Cleanup", Time since last: 1000520348 ns, Reaching safepoint: 134029 ns, At safepoint: 3246 ns, Total: 137275 ns
[2020-05-16T11:25:18.202+0000][15960][safepoint    ] Safepoint "Cleanup", Time since last: 1000478608 ns, Reaching safepoint: 90899 ns, At safepoint: 4638 ns, Total: 95537 ns
[2020-05-16T11:25:19.203+0000][15960][safepoint    ] Safepoint "Cleanup", Time since last: 1000066318 ns, Reaching safepoint: 131247 ns, At safepoint: 3710 ns, Total: 134957 ns
[2020-05-16T11:25:20.203+0000][15960][safepoint    ] Safepoint "Cleanup", Time since last: 1000708173 ns, Reaching safepoint: 117334 ns, At safepoint: 5101 ns, Total: 122435 ns
[2020-05-16T11:25:21.204+0000][15960][safepoint    ] Safepoint "Cleanup", Time since last: 1000185507 ns, Reaching safepoint: 146087 ns, At safepoint: 4174 ns, Total: 150261 ns
[2020-05-16T11:25:23.204+0000][15960][safepoint    ] Safepoint "Cleanup", Time since last: 2000171594 ns, Reaching safepoint: 143305 ns, At safepoint: 6492 ns, Total: 149797 ns
[2020-05-16T11:25:24.204+0000][15960][safepoint    ] Safepoint "Cleanup", Time since last: 1000137739 ns, Reaching safepoint: 150261 ns, At safepoint: 3247 ns, Total: 153508 ns
[2020-05-16T11:25:25.205+0000][15960][safepoint    ] Safepoint "Cleanup", Time since last: 1000078840 ns, Reaching safepoint: 89971 ns, At safepoint: 5565 ns, Total: 95536 ns
[2020-05-16T11:25:26.205+0000][15960][safepoint    ] Safepoint "Cleanup", Time since last: 1000763826 ns, Reaching safepoint: 94145 ns, At safepoint: 3246 ns, Total: 97391 ns
[2020-05-16T11:25:27.206+0000][15960][safepoint    ] Safepoint "Cleanup", Time since last: 1000110377 ns, Reaching safepoint: 102493 ns, At safepoint: 3710 ns, Total: 106203 ns
[2020-05-16T11:25:28.206+0000][15960][safepoint    ] Safepoint "Cleanup", Time since last: 1000110840 ns, Reaching safepoint: 106203 ns, At safepoint: 3247 ns, Total: 109450 ns
[2020-05-16T11:25:29.206+0000][15960][safepoint    ] Safepoint "Cleanup", Time since last: 1000021333 ns, Reaching safepoint: 121043 ns, At safepoint: 3711 ns, Total: 124754 ns
[2020-05-16T11:25:30.206+0000][15960][safepoint    ] Safepoint "Cleanup", Time since last: 1000094144 ns, Reaching safepoint: 102029 ns, At safepoint: 3247 ns, Total: 105276 ns
[2020-05-16T11:25:31.206+0000][15960][safepoint    ] Safepoint "Cleanup", Time since last: 1000158145 ns, Reaching safepoint: 154434 ns, At safepoint: 5565 ns, Total: 159999 ns
[2020-05-16T11:25:32.207+0000][15960][safepoint    ] Safepoint "Cleanup", Time since last: 1000341334 ns, Reaching safepoint: 89507 ns, At safepoint: 3710 ns, Total: 93217 ns
[2020-05-16T11:25:33.208+0000][15960][safepoint    ] Safepoint "Cleanup", Time since last: 1000629797 ns, Reaching safepoint: 117797 ns, At safepoint: 3246 ns, Total: 121043 ns
[2020-05-16T11:25:34.208+0000][15960][safepoint    ] Safepoint "Cleanup", Time since last: 1000150725 ns, Reaching safepoint: 106203 ns, At safepoint: 2782 ns, Total: 108985 ns
[2020-05-16T11:25:36.208+0000][15960][safepoint    ] Safepoint "Cleanup", Time since last: 2000477681 ns, Reaching safepoint: 109449 ns, At safepoint: 3247 ns, Total: 112696 ns
[2020-05-16T11:25:37.209+0000][15960][safepoint    ] Safepoint "Cleanup", Time since last: 1000239304 ns, Reaching safepoint: 108522 ns, At safepoint: 6029 ns, Total: 114551 ns
[2020-05-16T11:25:39.210+0000][15960][safepoint    ] Safepoint "Cleanup", Time since last: 2000938666 ns, Reaching safepoint: 90898 ns, At safepoint: 2783 ns, Total: 93681 ns
[2020-05-16T11:25:40.211+0000][15960][safepoint    ] Safepoint "Cleanup", Time since last: 1000635826 ns, Reaching safepoint: 85333 ns, At safepoint: 3710 ns, Total: 89043 ns
[2020-05-16T11:25:41.211+0000][15960][safepoint    ] Safepoint "Cleanup", Time since last: 1000418783 ns, Reaching safepoint: 221217 ns, At safepoint: 3710 ns, Total: 224927 ns
[2020-05-16T11:25:42.212+0000][15960][safepoint    ] Safepoint "Cleanup", Time since last: 1000255072 ns, Reaching safepoint: 309334 ns, At safepoint: 24579 ns, Total: 333913 ns
[2020-05-16T11:25:44.212+0000][15960][safepoint    ] Safepoint "Cleanup", Time since last: 2000403015 ns, Reaching safepoint: 223072 ns, At safepoint: 28754 ns, Total: 251826 ns
[2020-05-16T11:25:45.213+0000][15960][safepoint    ] Safepoint "Cleanup", Time since last: 1000637217 ns, Reaching safepoint: 305159 ns, At safepoint: 9739 ns, Total: 314898 ns
[2020-05-16T11:25:46.214+0000][15960][safepoint    ] Safepoint "Cleanup", Time since last: 1000447072 ns, Reaching safepoint: 449855 ns, At safepoint: 10203 ns, Total: 460058 ns
[2020-05-16T11:25:48.215+0000][15960][safepoint    ] Safepoint "Cleanup", Time since last: 2000356638 ns, Reaching safepoint: 204058 ns, At safepoint: 6956 ns, Total: 211014 ns
[2020-05-16T11:25:49.216+0000][15960][safepoint    ] Safepoint "Cleanup", Time since last: 1000646029 ns, Reaching safepoint: 112232 ns, At safepoint: 7420 ns, Total: 119652 ns
[2020-05-16T11:25:51.216+0000][15960][safepoint    ] Safepoint "Cleanup", Time since last: 2000531014 ns, Reaching safepoint: 266667 ns, At safepoint: 6029 ns, Total: 272696 ns
[2020-05-16T11:25:53.217+0000][15960][safepoint    ] Safepoint "Cleanup", Time since last: 2000863072 ns, Reaching safepoint: 105275 ns, At safepoint: 5101 ns, Total: 110376 ns
[2020-05-16T11:25:54.218+0000][15960][safepoint    ] Safepoint "Cleanup", Time since last: 1000771246 ns, Reaching safepoint: 103885 ns, At safepoint: 3246 ns, Total: 107131 ns
[2020-05-16T11:25:55.219+0000][15960][safepoint    ] Safepoint "Cleanup", Time since last: 1000324174 ns, Reaching safepoint: 77449 ns, At safepoint: 3246 ns, Total: 80695 ns
[2020-05-16T11:25:56.219+0000][15960][safepoint    ] Safepoint "Cleanup", Time since last: 1000313971 ns, Reaching safepoint: 96464 ns, At safepoint: 3246 ns, Total: 99710 ns
[2020-05-16T11:25:58.220+0000][15960][safepoint    ] Safepoint "Cleanup", Time since last: 2000826898 ns, Reaching safepoint: 128464 ns, At safepoint: 4638 ns, Total: 133102 ns
[2020-05-16T11:25:59.220+0000][15960][safepoint    ] Safepoint "Cleanup", Time since last: 1000057971 ns, Reaching safepoint: 97391 ns, At safepoint: 3246 ns, Total: 100637 ns
[2020-05-16T11:26:00.221+0000][15960][safepoint    ] Safepoint "Cleanup", Time since last: 1000556522 ns, Reaching safepoint: 77913 ns, At safepoint: 2783 ns, Total: 80696 ns
[2020-05-16T11:26:01.222+0000][15960][safepoint    ] Safepoint "Cleanup", Time since last: 1000568579 ns, Reaching safepoint: 193391 ns, At safepoint: 9276 ns, Total: 202667 ns
[2020-05-16T11:26:02.222+0000][15960][safepoint    ] Safepoint "Cleanup", Time since last: 1000275478 ns, Reaching safepoint: 192463 ns, At safepoint: 6957 ns, Total: 199420 ns
[2020-05-16T11:26:03.223+0000][15960][safepoint    ] Safepoint "Cleanup", Time since last: 1000225855 ns, Reaching safepoint: 87188 ns, At safepoint: 3247 ns, Total: 90435 ns
[2020-05-16T11:26:04.223+0000][15960][safepoint    ] Safepoint "Cleanup", Time since last: 1000388637 ns, Reaching safepoint: 92290 ns, At safepoint: 3246 ns, Total: 95536 ns
[2020-05-16T11:26:06.224+0000][15960][safepoint    ] Safepoint "Cleanup", Time since last: 2000438261 ns, Reaching safepoint: 102029 ns, At safepoint: 3246 ns, Total: 105275 ns
[2020-05-16T11:26:07.224+0000][15960][safepoint    ] Safepoint "Cleanup", Time since last: 1000076058 ns, Reaching safepoint: 100638 ns, At safepoint: 5101 ns, Total: 105739 ns
[2020-05-16T11:26:08.224+0000][15960][safepoint    ] Safepoint "Cleanup", Time since last: 1000370551 ns, Reaching safepoint: 193855 ns, At safepoint: 6493 ns, Total: 200348 ns
[2020-05-16T11:26:09.225+0000][15960][safepoint    ] Safepoint "Cleanup", Time since last: 1000698434 ns, Reaching safepoint: 107594 ns, At safepoint: 5102 ns, Total: 112696 ns
[2020-05-16T11:26:10.226+0000][15960][safepoint    ] Safepoint "Cleanup", Time since last: 1000742956 ns, Reaching safepoint: 186898 ns, At safepoint: 3710 ns, Total: 190608 ns
[2020-05-16T11:26:11.610+0000][15960][safepoint    ] Safepoint "Cleanup", Time since last: 1384373155 ns, Reaching safepoint: 124754 ns, At safepoint: 6493 ns, Total: 131247 ns
[2020-05-16T11:26:12.611+0000][15960][safepoint    ] Safepoint "Cleanup", Time since last: 1000794434 ns, Reaching safepoint: 129391 ns, At safepoint: 6029 ns, Total: 135420 ns
[2020-05-16T11:26:13.612+0000][15960][safepoint    ] Safepoint "Cleanup", Time since last: 1000098783 ns, Reaching safepoint: 147942 ns, At safepoint: 8812 ns, Total: 156754 ns
[2020-05-16T11:26:14.612+0000][15960][safepoint    ] Safepoint "Cleanup", Time since last: 1000204521 ns, Reaching safepoint: 127536 ns, At safepoint: 7421 ns, Total: 134957 ns
[2020-05-16T11:26:15.613+0000][15960][safepoint    ] Safepoint "Cleanup", Time since last: 1000492521 ns, Reaching safepoint: 541217 ns, At safepoint: 16232 ns, Total: 557449 ns
[2020-05-16T11:26:17.638+0000][15960][safepoint    ] Safepoint "Cleanup", Time since last: 1999880812 ns, Reaching safepoint: 25135292 ns, At safepoint: 68638 ns, Total: 25203930 ns
[2020-05-16T11:26:18.639+0000][15960][safepoint    ] Safepoint "Cleanup", Time since last: 1000814377 ns, Reaching safepoint: 132173 ns, At safepoint: 5566 ns, Total: 137739 ns
[2020-05-16T11:26:20.640+0000][15960][safepoint    ] Safepoint "Cleanup", Time since last: 2000370550 ns, Reaching safepoint: 128928 ns, At safepoint: 4637 ns, Total: 133565 ns
[2020-05-16T11:26:21.640+0000][15960][safepoint    ] Safepoint "Cleanup", Time since last: 1000253681 ns, Reaching safepoint: 109450 ns, At safepoint: 4174 ns, Total: 113624 ns
[2020-05-16T11:26:22.641+0000][15960][safepoint    ] Safepoint "Cleanup", Time since last: 1000893680 ns, Reaching safepoint: 79305 ns, At safepoint: 3246 ns, Total: 82551 ns
[2020-05-16T11:26:23.723+0000][15960][safepoint    ] Safepoint "Cleanup", Time since last: 1000262493 ns, Reaching safepoint: 82337353 ns, At safepoint: 75594 ns, Total: 82412947 ns
[2020-05-16T11:26:25.724+0000][15960][safepoint    ] Safepoint "Cleanup", Time since last: 2000671536 ns, Reaching safepoint: 112232 ns, At safepoint: 5565 ns, Total: 117797 ns
[2020-05-16T11:26:26.725+0000][15960][safepoint    ] Safepoint "Cleanup", Time since last: 1000153507 ns, Reaching safepoint: 143768 ns, At safepoint: 5565 ns, Total: 149333 ns
[2020-05-16T11:26:27.726+0000][15960][safepoint    ] Safepoint "Cleanup", Time since last: 1000794435 ns, Reaching safepoint: 150724 ns, At safepoint: 6029 ns, Total: 156753 ns
[2020-05-16T11:26:28.726+0000][15960][safepoint    ] Safepoint "Cleanup", Time since last: 1000397449 ns, Reaching safepoint: 134029 ns, At safepoint: 5102 ns, Total: 139131 ns
[2020-05-16T11:26:29.726+0000][15960][safepoint    ] Safepoint "Cleanup", Time since last: 1000071884 ns, Reaching safepoint: 136347 ns, At safepoint: 5102 ns, Total: 141449 ns
[2020-05-16T11:26:30.727+0000][15960][safepoint    ] Safepoint "Cleanup", Time since last: 1000023188 ns, Reaching safepoint: 120116 ns, At safepoint: 4174 ns, Total: 124290 ns
[2020-05-16T11:26:31.727+0000][15960][safepoint    ] Safepoint "Cleanup", Time since last: 1000483246 ns, Reaching safepoint: 97855 ns, At safepoint: 2783 ns, Total: 100638 ns
[2020-05-16T11:26:32.728+0000][15960][safepoint    ] Safepoint "Cleanup", Time since last: 1000648811 ns, Reaching safepoint: 89044 ns, At safepoint: 4637 ns, Total: 93681 ns
[2020-05-16T11:26:33.729+0000][15960][safepoint    ] Safepoint "Cleanup", Time since last: 1000688696 ns, Reaching safepoint: 120116 ns, At safepoint: 5565 ns, Total: 125681 ns
[2020-05-16T11:26:34.729+0000][15960][safepoint    ] Safepoint "Cleanup", Time since last: 1000329739 ns, Reaching safepoint: 151652 ns, At safepoint: 8348 ns, Total: 160000 ns
[2020-05-16T11:26:36.730+0000][15960][safepoint    ] Safepoint "Cleanup", Time since last: 2000956753 ns, Reaching safepoint: 160000 ns, At safepoint: 9275 ns, Total: 169275 ns
[2020-05-16T11:26:38.748+0000][15960][safepoint    ] Safepoint "Cleanup", Time since last: 2000801391 ns, Reaching safepoint: 17139934 ns, At safepoint: 26899 ns, Total: 17166833 ns
[2020-05-16T11:26:39.909+0000][15960][safepoint    ] Safepoint "Cleanup", Time since last: 1160203520 ns, Reaching safepoint: 125217 ns, At safepoint: 4174 ns, Total: 129391 ns
[2020-05-16T11:26:40.910+0000][15960][safepoint    ] Safepoint "Cleanup", Time since last: 1000754550 ns, Reaching safepoint: 99710 ns, At safepoint: 4638 ns, Total: 104348 ns
[2020-05-16T11:26:41.910+0000][15960][safepoint    ] Safepoint "Cleanup", Time since last: 1000353855 ns, Reaching safepoint: 120580 ns, At safepoint: 6956 ns, Total: 127536 ns
[2020-05-16T11:26:42.911+0000][15960][safepoint    ] Safepoint "Cleanup", Time since last: 1000399768 ns, Reaching safepoint: 94609 ns, At safepoint: 6029 ns, Total: 100638 ns
[2020-05-16T11:26:43.911+0000][15960][safepoint    ] Safepoint "Cleanup", Time since last: 1000174840 ns, Reaching safepoint: 104348 ns, At safepoint: 4638 ns, Total: 108986 ns
[2020-05-16T11:26:44.912+0000][15960][safepoint    ] Safepoint "Cleanup", Time since last: 1000595941 ns, Reaching safepoint: 100638 ns, At safepoint: 6029 ns, Total: 106667 ns
[2020-05-16T11:26:45.912+0000][15960][safepoint    ] Safepoint "Cleanup", Time since last: 1000583884 ns, Reaching safepoint: 99710 ns, At safepoint: 3246 ns, Total: 102956 ns
[2020-05-16T11:26:46.912+0000][15960][safepoint    ] Safepoint "Cleanup", Time since last: 1000067247 ns, Reaching safepoint: 109449 ns, At safepoint: 4637 ns, Total: 114086 ns
[2020-05-16T11:26:47.913+0000][15960][safepoint    ] Safepoint "Cleanup", Time since last: 1000663652 ns, Reaching safepoint: 89508 ns, At safepoint: 3246 ns, Total: 92754 ns
[2020-05-16T11:26:48.914+0000][15960][safepoint    ] Safepoint "Cleanup", Time since last: 1000532869 ns, Reaching safepoint: 264812 ns, At safepoint: 6029 ns, Total: 270841 ns
[2020-05-16T11:26:50.914+0000][15960][safepoint    ] Safepoint "Cleanup", Time since last: 2000107130 ns, Reaching safepoint: 111768 ns, At safepoint: 2783 ns, Total: 114551 ns
[2020-05-16T11:26:51.914+0000][15960][safepoint    ] Safepoint "Cleanup", Time since last: 1000164174 ns, Reaching safepoint: 81159 ns, At safepoint: 4638 ns, Total: 85797 ns
[2020-05-16T11:26:52.915+0000][15960][safepoint    ] Safepoint "Cleanup", Time since last: 1000870956 ns, Reaching safepoint: 123362 ns, At safepoint: 7884 ns, Total: 131246 ns
[2020-05-16T11:26:53.916+0000][15960][safepoint    ] Safepoint "Cleanup", Time since last: 1000779130 ns, Reaching safepoint: 98783 ns, At safepoint: 2782 ns, Total: 101565 ns
[2020-05-16T11:26:54.917+0000][15960][safepoint    ] Safepoint "Cleanup", Time since last: 1000589913 ns, Reaching safepoint: 121043 ns, At safepoint: 7421 ns, Total: 128464 ns
[2020-05-16T11:26:56.322+0000][15960][safepoint    ] Safepoint "Cleanup", Time since last: 1404657899 ns, Reaching safepoint: 135884 ns, At safepoint: 2783 ns, Total: 138667 ns
[2020-05-16T11:26:57.322+0000][15960][safepoint    ] Safepoint "Cleanup", Time since last: 1000035246 ns, Reaching safepoint: 151652 ns, At safepoint: 7884 ns, Total: 159536 ns
[2020-05-16T11:26:58.323+0000][15960][safepoint    ] Safepoint "Cleanup", Time since last: 1000699362 ns, Reaching safepoint: 136348 ns, At safepoint: 5565 ns, Total: 141913 ns
[2020-05-16T11:26:59.324+0000][15960][safepoint    ] Safepoint "Cleanup", Time since last: 1000768000 ns, Reaching safepoint: 139130 ns, At safepoint: 7884 ns, Total: 147014 ns
[2020-05-16T11:27:00.324+0000][15960][safepoint    ] Safepoint "Cleanup", Time since last: 1000083478 ns, Reaching safepoint: 107131 ns, At safepoint: 4174 ns, Total: 111305 ns
[2020-05-16T11:27:01.325+0000][15960][safepoint    ] Safepoint "Cleanup", Time since last: 1000801854 ns, Reaching safepoint: 147015 ns, At safepoint: 2782 ns, Total: 149797 ns
[2020-05-16T11:27:02.326+0000][15960][safepoint    ] Safepoint "Cleanup", Time since last: 1000563478 ns, Reaching safepoint: 111769 ns, At safepoint: 5101 ns, Total: 116870 ns
[2020-05-16T11:27:03.326+0000][15960][safepoint    ] Safepoint "Cleanup", Time since last: 1000444753 ns, Reaching safepoint: 143768 ns, At safepoint: 4174 ns, Total: 147942 ns
[2020-05-16T11:27:04.327+0000][15960][safepoint    ] Safepoint "Cleanup", Time since last: 1000555594 ns, Reaching safepoint: 117797 ns, At safepoint: 4174 ns, Total: 121971 ns
[2020-05-16T11:27:05.328+0000][15960][safepoint    ] Safepoint "Cleanup", Time since last: 1000871420 ns, Reaching safepoint: 164638 ns, At safepoint: 4174 ns, Total: 168812 ns
[2020-05-16T11:27:06.328+0000][15960][safepoint    ] Safepoint "Cleanup", Time since last: 1000775883 ns, Reaching safepoint: 307942 ns, At safepoint: 11131 ns, Total: 319073 ns
[2020-05-16T11:27:07.329+0000][15960][safepoint    ] Safepoint "Cleanup", Time since last: 1000346434 ns, Reaching safepoint: 295884 ns, At safepoint: 22725 ns, Total: 318609 ns
[2020-05-16T11:27:08.330+0000][15960][safepoint    ] Safepoint "Cleanup", Time since last: 1000306087 ns, Reaching safepoint: 70956 ns, At safepoint: 2783 ns, Total: 73739 ns
[2020-05-16T11:27:09.487+0000][15960][safepoint    ] Safepoint "Cleanup", Time since last: 1156669608 ns, Reaching safepoint: 147015 ns, At safepoint: 8348 ns, Total: 155363 ns
[2020-05-16T11:27:10.487+0000][15960][safepoint    ] Safepoint "Cleanup", Time since last: 1000261565 ns, Reaching safepoint: 226318 ns, At safepoint: 12058 ns, Total: 238376 ns
[2020-05-16T11:27:11.488+0000][15960][safepoint    ] Safepoint "Cleanup", Time since last: 1000425739 ns, Reaching safepoint: 305623 ns, At safepoint: 5566 ns, Total: 311189 ns
[2020-05-16T11:27:12.488+0000][15960][safepoint    ] Safepoint "Cleanup", Time since last: 1000049159 ns, Reaching safepoint: 121043 ns, At safepoint: 5102 ns, Total: 126145 ns
[2020-05-16T11:27:13.489+0000][15960][safepoint    ] Safepoint "Cleanup", Time since last: 1000786086 ns, Reaching safepoint: 102957 ns, At safepoint: 5565 ns, Total: 108522 ns
[2020-05-16T11:27:14.490+0000][15960][safepoint    ] Safepoint "Cleanup", Time since last: 1000467942 ns, Reaching safepoint: 100638 ns, At safepoint: 3710 ns, Total: 104348 ns
[2020-05-16T11:27:15.490+0000][15960][safepoint    ] Safepoint "Cleanup", Time since last: 1000467941 ns, Reaching safepoint: 137740 ns, At safepoint: 5565 ns, Total: 143305 ns
[2020-05-16T11:27:16.821+0000][15960][safepoint    ] Safepoint "Cleanup", Time since last: 1330552426 ns, Reaching safepoint: 169275 ns, At safepoint: 7421 ns, Total: 176696 ns
[2020-05-16T11:27:17.824+0000][15960][safepoint    ] Safepoint "Cleanup", Time since last: 1002522433 ns, Reaching safepoint: 87189 ns, At safepoint: 4174 ns, Total: 91363 ns
[2020-05-16T11:27:18.824+0000][15960][safepoint    ] Safepoint "Cleanup", Time since last: 1000383536 ns, Reaching safepoint: 148869 ns, At safepoint: 6029 ns, Total: 154898 ns
[2020-05-16T11:27:19.824+0000][15960][safepoint    ] Safepoint "Cleanup", Time since last: 1000192000 ns, Reaching safepoint: 496232 ns, At safepoint: 58434 ns, Total: 554666 ns
[2020-05-16T11:27:20.826+0000][15960][safepoint    ] Safepoint "Cleanup", Time since last: 1000714203 ns, Reaching safepoint: 106203 ns, At safepoint: 4638 ns, Total: 110841 ns
[2020-05-16T11:27:21.832+0000][15960][safepoint    ] Safepoint "Cleanup", Time since last: 1005815649 ns, Reaching safepoint: 450782 ns, At safepoint: 5102 ns, Total: 455884 ns
[2020-05-16T11:27:23.833+0000][15960][safepoint    ] Safepoint "Cleanup", Time since last: 2000340869 ns, Reaching safepoint: 119652 ns, At safepoint: 4638 ns, Total: 124290 ns
[2020-05-16T11:27:24.833+0000][15960][safepoint    ] Safepoint "Cleanup", Time since last: 1000439188 ns, Reaching safepoint: 115015 ns, At safepoint: 3710 ns, Total: 118725 ns
[2020-05-16T11:27:25.834+0000][15960][safepoint    ] Safepoint "Cleanup", Time since last: 1000605217 ns, Reaching safepoint: 100174 ns, At safepoint: 3246 ns, Total: 103420 ns
[2020-05-16T11:27:26.834+0000][15960][safepoint    ] Safepoint "Cleanup", Time since last: 1000545391 ns, Reaching safepoint: 96464 ns, At safepoint: 4174 ns, Total: 100638 ns
[2020-05-16T11:27:27.835+0000][15960][safepoint    ] Safepoint "Cleanup", Time since last: 1000230493 ns, Reaching safepoint: 125681 ns, At safepoint: 5101 ns, Total: 130782 ns
[2020-05-16T11:27:28.836+0000][15960][safepoint    ] Safepoint "Cleanup", Time since last: 1000887652 ns, Reaching safepoint: 93681 ns, At safepoint: 3710 ns, Total: 97391 ns
[2020-05-16T11:27:29.836+0000][15960][safepoint    ] Safepoint "Cleanup", Time since last: 1000158145 ns, Reaching safepoint: 116869 ns, At safepoint: 3247 ns, Total: 120116 ns
[2020-05-16T11:27:30.837+0000][15960][safepoint    ] Safepoint "Cleanup", Time since last: 1000621449 ns, Reaching safepoint: 96927 ns, At safepoint: 4638 ns, Total: 101565 ns
[2020-05-16T11:27:31.837+0000][15960][safepoint    ] Safepoint "Cleanup", Time since last: 1000368232 ns, Reaching safepoint: 325101 ns, At safepoint: 19478 ns, Total: 344579 ns
[2020-05-16T11:27:33.838+0000][15960][safepoint    ] Safepoint "Cleanup", Time since last: 2000240232 ns, Reaching safepoint: 106667 ns, At safepoint: 4174 ns, Total: 110841 ns
[2020-05-16T11:27:34.839+0000][15960][safepoint    ] Safepoint "Cleanup", Time since last: 1000814376 ns, Reaching safepoint: 97391 ns, At safepoint: 4174 ns, Total: 101565 ns
[2020-05-16T11:27:36.839+0000][15960][safepoint    ] Safepoint "Cleanup", Time since last: 2000163710 ns, Reaching safepoint: 92290 ns, At safepoint: 4174 ns, Total: 96464 ns
[2020-05-16T11:27:37.840+0000][15960][safepoint    ] Safepoint "Cleanup", Time since last: 1000683594 ns, Reaching safepoint: 118724 ns, At safepoint: 2783 ns, Total: 121507 ns
[2020-05-16T11:27:38.840+0000][15960][safepoint    ] Safepoint "Cleanup", Time since last: 1000277333 ns, Reaching safepoint: 144232 ns, At safepoint: 4174 ns, Total: 148406 ns
[2020-05-16T11:27:39.841+0000][15960][safepoint    ] Safepoint "Cleanup", Time since last: 1000770782 ns, Reaching safepoint: 283826 ns, At safepoint: 11131 ns, Total: 294957 ns
[2020-05-16T11:27:41.842+0000][15960][safepoint    ] Safepoint "Cleanup", Time since last: 2000710956 ns, Reaching safepoint: 169275 ns, At safepoint: 3710 ns, Total: 172985 ns
[2020-05-16T11:27:42.937+0000][15960][safepoint    ] Safepoint "Cleanup", Time since last: 1000678493 ns, Reaching safepoint: 94437521 ns, At safepoint: 53797 ns, Total: 94491318 ns
[2020-05-16T11:27:44.010+0000][15960][safepoint    ] Safepoint "Cleanup", Time since last: 1072698401 ns, Reaching safepoint: 139131 ns, At safepoint: 9275 ns, Total: 148406 ns
[2020-05-16T11:27:45.011+0000][15960][safepoint    ] Safepoint "Cleanup", Time since last: 1000294956 ns, Reaching safepoint: 120116 ns, At safepoint: 6493 ns, Total: 126609 ns
[2020-05-16T11:27:46.011+0000][15960][safepoint    ] Safepoint "Cleanup", Time since last: 1000088116 ns, Reaching safepoint: 98782 ns, At safepoint: 15769 ns, Total: 114551 ns
[2020-05-16T11:27:47.011+0000][15960][safepoint    ] Safepoint "Cleanup", Time since last: 1000055188 ns, Reaching safepoint: 142377 ns, At safepoint: 7884 ns, Total: 150261 ns
[2020-05-16T11:27:49.012+0000][15960][safepoint    ] Safepoint "Cleanup", Time since last: 2000865391 ns, Reaching safepoint: 102029 ns, At safepoint: 4637 ns, Total: 106666 ns
[2020-05-16T11:27:50.013+0000][15960][safepoint    ] Safepoint "Cleanup", Time since last: 1000471652 ns, Reaching safepoint: 294493 ns, At safepoint: 20406 ns, Total: 314899 ns
[2020-05-16T11:27:51.065+0000][15960][safepoint    ] Safepoint "Cleanup", Time since last: 1000067710 ns, Reaching safepoint: 51654005 ns, At safepoint: 19478 ns, Total: 51673483 ns
[2020-05-16T11:27:52.065+0000][15960][safepoint    ] Safepoint "Cleanup", Time since last: 1000620521 ns, Reaching safepoint: 265739 ns, At safepoint: 48696 ns, Total: 314435 ns
[2020-05-16T11:27:54.066+0000][15960][safepoint    ] Safepoint "Cleanup", Time since last: 2000430377 ns, Reaching safepoint: 134029 ns, At safepoint: 4637 ns, Total: 138666 ns
[2020-05-16T11:27:55.066+0000][15960][safepoint    ] Safepoint "Cleanup", Time since last: 1000128464 ns, Reaching safepoint: 177159 ns, At safepoint: 3247 ns, Total: 180406 ns
[2020-05-16T11:27:56.067+0000][15960][safepoint    ] Safepoint "Cleanup", Time since last: 1000281043 ns, Reaching safepoint: 198029 ns, At safepoint: 2319 ns, Total: 200348 ns
[2020-05-16T11:27:58.067+0000][15960][safepoint    ] Safepoint "Cleanup", Time since last: 1999816812 ns, Reaching safepoint: 172985 ns, At safepoint: 7420 ns, Total: 180405 ns
[2020-05-16T11:27:59.068+0000][15960][safepoint    ] Safepoint "Cleanup", Time since last: 1000085797 ns, Reaching safepoint: 1021217 ns, At safepoint: 7421 ns, Total: 1028638 ns
[2020-05-16T11:28:00.069+0000][15960][safepoint    ] Safepoint "Cleanup", Time since last: 1000655304 ns, Reaching safepoint: 145159 ns, At safepoint: 2783 ns, Total: 147942 ns
[2020-05-16T11:28:01.069+0000][15960][safepoint    ] Safepoint "Cleanup", Time since last: 1000343652 ns, Reaching safepoint: 121970 ns, At safepoint: 2319 ns, Total: 124289 ns
[2020-05-16T11:28:02.070+0000][15960][safepoint    ] Safepoint "Cleanup", Time since last: 1000537507 ns, Reaching safepoint: 108986 ns, At safepoint: 2782 ns, Total: 111768 ns
[2020-05-16T11:28:03.070+0000][15960][safepoint    ] Safepoint "Cleanup", Time since last: 1000097392 ns, Reaching safepoint: 147942 ns, At safepoint: 4174 ns, Total: 152116 ns
[2020-05-16T11:28:04.070+0000][15960][safepoint    ] Safepoint "Cleanup", Time since last: 1000179478 ns, Reaching safepoint: 156289 ns, At safepoint: 10667 ns, Total: 166956 ns
[2020-05-16T11:28:05.071+0000][15960][safepoint    ] Safepoint "Cleanup", Time since last: 1000825507 ns, Reaching safepoint: 403014 ns, At safepoint: 33392 ns, Total: 436406 ns
[2020-05-16T11:28:07.072+0000][15960][safepoint    ] Safepoint "Cleanup", Time since last: 1999741217 ns, Reaching safepoint: 104348 ns, At safepoint: 4174 ns, Total: 108522 ns
[2020-05-16T11:28:08.072+0000][15960][safepoint    ] Safepoint "Cleanup", Time since last: 1000051014 ns, Reaching safepoint: 137276 ns, At safepoint: 4637 ns, Total: 141913 ns
[2020-05-16T11:28:09.072+0000][15960][safepoint    ] Safepoint "Cleanup", Time since last: 1000378899 ns, Reaching safepoint: 142376 ns, At safepoint: 6957 ns, Total: 149333 ns
[2020-05-16T11:28:10.073+0000][15960][safepoint    ] Safepoint "Cleanup", Time since last: 1000308869 ns, Reaching safepoint: 158609 ns, At safepoint: 5565 ns, Total: 164174 ns
[2020-05-16T11:28:11.074+0000][15960][safepoint    ] Safepoint "Cleanup", Time since last: 1000756406 ns, Reaching safepoint: 102029 ns, At safepoint: 4173 ns, Total: 106202 ns
[2020-05-16T11:28:12.074+0000][15960][safepoint    ] Safepoint "Cleanup", Time since last: 1000127073 ns, Reaching safepoint: 368232 ns, At safepoint: 6492 ns, Total: 374724 ns
[2020-05-16T11:28:14.074+0000][15960][safepoint    ] Safepoint "Cleanup", Time since last: 1999776928 ns, Reaching safepoint: 115478 ns, At safepoint: 4174 ns, Total: 119652 ns
[2020-05-16T11:28:15.074+0000][15960][safepoint    ] Safepoint "Cleanup", Time since last: 1000030145 ns, Reaching safepoint: 105739 ns, At safepoint: 7420 ns, Total: 113159 ns
[2020-05-16T11:28:16.075+0000][15960][safepoint    ] Safepoint "Cleanup", Time since last: 1000287073 ns, Reaching safepoint: 109449 ns, At safepoint: 4638 ns, Total: 114087 ns
[2020-05-16T11:28:17.075+0000][15960][safepoint    ] Safepoint "Cleanup", Time since last: 1000766144 ns, Reaching safepoint: 90435 ns, At safepoint: 2782 ns, Total: 93217 ns
[2020-05-16T11:28:18.076+0000][15960][safepoint    ] Safepoint "Cleanup", Time since last: 1000619131 ns, Reaching safepoint: 101565 ns, At safepoint: 3246 ns, Total: 104811 ns
[2020-05-16T11:28:19.077+0000][15960][safepoint    ] Safepoint "Cleanup", Time since last: 1000509217 ns, Reaching safepoint: 124754 ns, At safepoint: 5565 ns, Total: 130319 ns
[2020-05-16T11:28:21.077+0000][15960][safepoint    ] Safepoint "Cleanup", Time since last: 2000262029 ns, Reaching safepoint: 151188 ns, At safepoint: 6493 ns, Total: 157681 ns
[2020-05-16T11:28:23.078+0000][15960][safepoint    ] Safepoint "Cleanup", Time since last: 2000829681 ns, Reaching safepoint: 222608 ns, At safepoint: 2783 ns, Total: 225391 ns
[2020-05-16T11:28:25.078+0000][15960][safepoint    ] Safepoint "Cleanup", Time since last: 2000105739 ns, Reaching safepoint: 119188 ns, At safepoint: 3247 ns, Total: 122435 ns
[2020-05-16T11:28:26.079+0000][15960][safepoint    ] Safepoint "Cleanup", Time since last: 1000424811 ns, Reaching safepoint: 145160 ns, At safepoint: 5565 ns, Total: 150725 ns
[2020-05-16T11:28:27.080+0000][15960][safepoint    ] Safepoint "Cleanup", Time since last: 1000673855 ns, Reaching safepoint: 147014 ns, At safepoint: 5565 ns, Total: 152579 ns
[2020-05-16T11:28:28.080+0000][15960][safepoint    ] Safepoint "Cleanup", Time since last: 1000275478 ns, Reaching safepoint: 364522 ns, At safepoint: 18551 ns, Total: 383073 ns
[2020-05-16T11:28:30.081+0000][15960][safepoint    ] Safepoint "Cleanup", Time since last: 2000312579 ns, Reaching safepoint: 444290 ns, At safepoint: 25971 ns, Total: 470261 ns
[2020-05-16T11:28:31.082+0000][15960][safepoint    ] Safepoint "Cleanup", Time since last: 1000759188 ns, Reaching safepoint: 290319 ns, At safepoint: 3710 ns, Total: 294029 ns
[2020-05-16T11:28:33.083+0000][15960][safepoint    ] Safepoint "Cleanup", Time since last: 2000276869 ns, Reaching safepoint: 100174 ns, At safepoint: 2783 ns, Total: 102957 ns
[2020-05-16T11:28:34.084+0000][15960][safepoint    ] Safepoint "Cleanup", Time since last: 1000856579 ns, Reaching safepoint: 105275 ns, At safepoint: 2783 ns, Total: 108058 ns
[2020-05-16T11:28:35.085+0000][15960][safepoint    ] Safepoint "Cleanup", Time since last: 1000810666 ns, Reaching safepoint: 96464 ns, At safepoint: 5101 ns, Total: 101565 ns
[2020-05-16T11:28:36.085+0000][15960][safepoint    ] Safepoint "Cleanup", Time since last: 1000337623 ns, Reaching safepoint: 111305 ns, At safepoint: 2782 ns, Total: 114087 ns
[2020-05-16T11:28:37.086+0000][15960][safepoint    ] Safepoint "Cleanup", Time since last: 1000812522 ns, Reaching safepoint: 215652 ns, At safepoint: 5565 ns, Total: 221217 ns
[2020-05-16T11:28:38.086+0000][15960][safepoint    ] Safepoint "Cleanup", Time since last: 1000368695 ns, Reaching safepoint: 193392 ns, At safepoint: 4637 ns, Total: 198029 ns
[2020-05-16T11:28:39.087+0000][15960][safepoint    ] Safepoint "Cleanup", Time since last: 1000101102 ns, Reaching safepoint: 130319 ns, At safepoint: 5101 ns, Total: 135420 ns
[2020-05-16T11:28:40.087+0000][15960][safepoint    ] Safepoint "Cleanup", Time since last: 1000327420 ns, Reaching safepoint: 94609 ns, At safepoint: 5101 ns, Total: 99710 ns
[2020-05-16T11:28:41.088+0000][15960][safepoint    ] Safepoint "Cleanup", Time since last: 1000644638 ns, Reaching safepoint: 219362 ns, At safepoint: 8348 ns, Total: 227710 ns
[2020-05-16T11:28:42.088+0000][15960][safepoint    ] Safepoint "Cleanup", Time since last: 1000093681 ns, Reaching safepoint: 163246 ns, At safepoint: 6029 ns, Total: 169275 ns
[2020-05-16T11:28:43.089+0000][15960][safepoint    ] Safepoint "Cleanup", Time since last: 1000758261 ns, Reaching safepoint: 108521 ns, At safepoint: 3247 ns, Total: 111768 ns
[2020-05-16T11:28:44.090+0000][15960][safepoint    ] Safepoint "Cleanup", Time since last: 1000406260 ns, Reaching safepoint: 171131 ns, At safepoint: 8347 ns, Total: 179478 ns
[2020-05-16T11:28:45.090+0000][15960][safepoint    ] Safepoint "Cleanup", Time since last: 1000200812 ns, Reaching safepoint: 95536 ns, At safepoint: 3247 ns, Total: 98783 ns
[2020-05-16T11:28:46.090+0000][15960][safepoint    ] Safepoint "Cleanup", Time since last: 1000028289 ns, Reaching safepoint: 158609 ns, At safepoint: 5101 ns, Total: 163710 ns
[2020-05-16T11:28:47.091+0000][15960][safepoint    ] Safepoint "Cleanup", Time since last: 1000041276 ns, Reaching safepoint: 172058 ns, At safepoint: 4174 ns, Total: 176232 ns
[2020-05-16T11:28:48.091+0000][15960][safepoint    ] Safepoint "Cleanup", Time since last: 1000410434 ns, Reaching safepoint: 123362 ns, At safepoint: 2783 ns, Total: 126145 ns
[2020-05-16T11:28:49.092+0000][15960][safepoint    ] Safepoint "Cleanup", Time since last: 1000524058 ns, Reaching safepoint: 91826 ns, At safepoint: 4174 ns, Total: 96000 ns
[2020-05-16T11:28:51.093+0000][15960][safepoint    ] Safepoint "Cleanup", Time since last: 2000800927 ns, Reaching safepoint: 87652 ns, At safepoint: 5565 ns, Total: 93217 ns
[2020-05-16T11:28:52.093+0000][15960][safepoint    ] Safepoint "Cleanup", Time since last: 1000497623 ns, Reaching safepoint: 118261 ns, At safepoint: 2783 ns, Total: 121044 ns
[2020-05-16T11:28:54.066+0000][15960][safepoint    ] Safepoint "Cleanup", Time since last: 1973297171 ns, Reaching safepoint: 103421 ns, At safepoint: 17623 ns, Total: 121044 ns
[2020-05-16T11:28:55.068+0000][15960][safepoint    ] Safepoint "Cleanup", Time since last: 1000739710 ns, Reaching safepoint: 163710 ns, At safepoint: 11130 ns, Total: 174840 ns
[2020-05-16T11:28:56.068+0000][15960][safepoint    ] Safepoint "Cleanup", Time since last: 1000322319 ns, Reaching safepoint: 127072 ns, At safepoint: 5565 ns, Total: 132637 ns
[2020-05-16T11:28:57.069+0000][15960][safepoint    ] Safepoint "Cleanup", Time since last: 1000703536 ns, Reaching safepoint: 196638 ns, At safepoint: 5565 ns, Total: 202203 ns
[2020-05-16T11:28:58.070+0000][15960][safepoint    ] Safepoint "Cleanup", Time since last: 1000403478 ns, Reaching safepoint: 115478 ns, At safepoint: 5102 ns, Total: 120580 ns
[2020-05-16T11:28:59.070+0000][15960][safepoint    ] Safepoint "Cleanup", Time since last: 1000791652 ns, Reaching safepoint: 331594 ns, At safepoint: 25043 ns, Total: 356637 ns
[2020-05-16T11:29:00.071+0000][15960][safepoint    ] Safepoint "Cleanup", Time since last: 1000377971 ns, Reaching safepoint: 174377 ns, At safepoint: 4174 ns, Total: 178551 ns
[2020-05-16T11:29:01.072+0000][15960][safepoint    ] Safepoint "Cleanup", Time since last: 1000428985 ns, Reaching safepoint: 310724 ns, At safepoint: 5566 ns, Total: 316290 ns
[2020-05-16T11:29:02.072+0000][15960][safepoint    ] Safepoint "Cleanup", Time since last: 1000295884 ns, Reaching safepoint: 104811 ns, At safepoint: 4174 ns, Total: 108985 ns
[2020-05-16T11:29:03.073+0000][15960][safepoint    ] Safepoint "Cleanup", Time since last: 1000320000 ns, Reaching safepoint: 168811 ns, At safepoint: 4174 ns, Total: 172985 ns
[2020-05-16T11:29:04.073+0000][15960][safepoint    ] Safepoint "Cleanup", Time since last: 1000005102 ns, Reaching safepoint: 123362 ns, At safepoint: 4638 ns, Total: 128000 ns
[2020-05-16T11:29:05.074+0000][15960][safepoint    ] Safepoint "Cleanup", Time since last: 1000921043 ns, Reaching safepoint: 292637 ns, At safepoint: 12986 ns, Total: 305623 ns
[2020-05-16T11:29:06.075+0000][15960][safepoint    ] Safepoint "Cleanup", Time since last: 1000510145 ns, Reaching safepoint: 109449 ns, At safepoint: 2782 ns, Total: 112231 ns
[2020-05-16T11:29:07.075+0000][15960][safepoint    ] Safepoint "Cleanup", Time since last: 1000115015 ns, Reaching safepoint: 129391 ns, At safepoint: 6029 ns, Total: 135420 ns
[2020-05-16T11:29:08.076+0000][15960][safepoint    ] Safepoint "Cleanup", Time since last: 1000428522 ns, Reaching safepoint: 143768 ns, At safepoint: 4637 ns, Total: 148405 ns
[2020-05-16T11:29:09.076+0000][15960][safepoint    ] Safepoint "Cleanup", Time since last: 1000506435 ns, Reaching safepoint: 147014 ns, At safepoint: 6493 ns, Total: 153507 ns
[2020-05-16T11:29:10.077+0000][15960][safepoint    ] Safepoint "Cleanup", Time since last: 1000312116 ns, Reaching safepoint: 85797 ns, At safepoint: 4638 ns, Total: 90435 ns
[2020-05-16T11:29:11.078+0000][15960][safepoint    ] Safepoint "Cleanup", Time since last: 1000729043 ns, Reaching safepoint: 123362 ns, At safepoint: 4174 ns, Total: 127536 ns
[2020-05-16T11:29:12.078+0000][15960][safepoint    ] Safepoint "Cleanup", Time since last: 1000502724 ns, Reaching safepoint: 165102 ns, At safepoint: 2318 ns, Total: 167420 ns
[2020-05-16T11:29:13.080+0000][15960][safepoint    ] Safepoint "Cleanup", Time since last: 1001726145 ns, Reaching safepoint: 569043 ns, At safepoint: 33855 ns, Total: 602898 ns
[2020-05-16T11:29:14.082+0000][15960][safepoint    ] Safepoint "Cleanup", Time since last: 1000971130 ns, Reaching safepoint: 467942 ns, At safepoint: 6956 ns, Total: 474898 ns
[2020-05-16T11:29:16.082+0000][15960][safepoint    ] Safepoint "Cleanup", Time since last: 2000247189 ns, Reaching safepoint: 618202 ns, At safepoint: 25044 ns, Total: 643246 ns
[2020-05-16T11:29:17.084+0000][15960][safepoint    ] Safepoint "Cleanup", Time since last: 1000832927 ns, Reaching safepoint: 125681 ns, At safepoint: 4638 ns, Total: 130319 ns
[2020-05-16T11:29:18.084+0000][15960][safepoint    ] Safepoint "Cleanup", Time since last: 1000009739 ns, Reaching safepoint: 125217 ns, At safepoint: 17159 ns, Total: 142376 ns
[2020-05-16T11:29:19.085+0000][15960][safepoint    ] Safepoint "Cleanup", Time since last: 1000402551 ns, Reaching safepoint: 270377 ns, At safepoint: 10666 ns, Total: 281043 ns
[2020-05-16T11:29:20.085+0000][15960][safepoint    ] Safepoint "Cleanup", Time since last: 1000363594 ns, Reaching safepoint: 147478 ns, At safepoint: 6493 ns, Total: 153971 ns
[2020-05-16T11:29:21.086+0000][15960][safepoint    ] Safepoint "Cleanup", Time since last: 1000732290 ns, Reaching safepoint: 171594 ns, At safepoint: 8348 ns, Total: 179942 ns
[2020-05-16T11:29:22.087+0000][15960][safepoint    ] Safepoint "Cleanup", Time since last: 1000726724 ns, Reaching safepoint: 137275 ns, At safepoint: 19479 ns, Total: 156754 ns
[2020-05-16T11:29:23.088+0000][15960][safepoint    ] Safepoint "Cleanup", Time since last: 1000487420 ns, Reaching safepoint: 134956 ns, At safepoint: 5565 ns, Total: 140521 ns
[2020-05-16T11:29:24.088+0000][15960][safepoint    ] Safepoint "Cleanup", Time since last: 1000004174 ns, Reaching safepoint: 190145 ns, At safepoint: 7420 ns, Total: 197565 ns
[2020-05-16T11:29:25.088+0000][15960][safepoint    ] Safepoint "Cleanup", Time since last: 1000116870 ns, Reaching safepoint: 102493 ns, At safepoint: 4637 ns, Total: 107130 ns
[2020-05-16T11:29:26.088+0000][15960][safepoint    ] Safepoint "Cleanup", Time since last: 1000048696 ns, Reaching safepoint: 125681 ns, At safepoint: 2783 ns, Total: 128464 ns
[2020-05-16T11:29:27.089+0000][15960][safepoint    ] Safepoint "Cleanup", Time since last: 1000280115 ns, Reaching safepoint: 83942 ns, At safepoint: 4174 ns, Total: 88116 ns
[2020-05-16T11:29:28.089+0000][15960][safepoint    ] Safepoint "Cleanup", Time since last: 1000179015 ns, Reaching safepoint: 97391 ns, At safepoint: 2783 ns, Total: 100174 ns
[2020-05-16T11:29:29.090+0000][15960][safepoint    ] Safepoint "Cleanup", Time since last: 1000540289 ns, Reaching safepoint: 91826 ns, At safepoint: 2783 ns, Total: 94609 ns
[2020-05-16T11:29:30.090+0000][15960][safepoint    ] Safepoint "Cleanup", Time since last: 1000478608 ns, Reaching safepoint: 152580 ns, At safepoint: 4638 ns, Total: 157218 ns
[2020-05-16T11:29:31.091+0000][15960][safepoint    ] Safepoint "Cleanup", Time since last: 1000642782 ns, Reaching safepoint: 125217 ns, At safepoint: 5102 ns, Total: 130319 ns
[2020-05-16T11:29:32.091+0000][15960][safepoint    ] Safepoint "Cleanup", Time since last: 1000365913 ns, Reaching safepoint: 135420 ns, At safepoint: 6029 ns, Total: 141449 ns
[2020-05-16T11:29:33.092+0000][15960][safepoint    ] Safepoint "Cleanup", Time since last: 1000864463 ns, Reaching safepoint: 138667 ns, At safepoint: 5101 ns, Total: 143768 ns
[2020-05-16T11:29:35.093+0000][15960][safepoint    ] Safepoint "Cleanup", Time since last: 2000473971 ns, Reaching safepoint: 125217 ns, At safepoint: 5566 ns, Total: 130783 ns
[2020-05-16T11:29:37.200+0000][15960][safepoint    ] Safepoint "Cleanup", Time since last: 2000349217 ns, Reaching safepoint: 106236704 ns, At safepoint: 57507 ns, Total: 106294211 ns
[2020-05-16T11:29:38.513+0000][15960][safepoint    ] Safepoint "Cleanup", Time since last: 1313060493 ns, Reaching safepoint: 132637 ns, At safepoint: 5566 ns, Total: 138203 ns
[2020-05-16T11:29:39.513+0000][15960][safepoint    ] Safepoint "Cleanup", Time since last: 1000259710 ns, Reaching safepoint: 156753 ns, At safepoint: 4174 ns, Total: 160927 ns
[2020-05-16T11:29:40.514+0000][15960][safepoint    ] Safepoint "Cleanup", Time since last: 1000111304 ns, Reaching safepoint: 143305 ns, At safepoint: 5101 ns, Total: 148406 ns
[2020-05-16T11:29:41.514+0000][15960][safepoint    ] Safepoint "Cleanup", Time since last: 1000295884 ns, Reaching safepoint: 248116 ns, At safepoint: 9275 ns, Total: 257391 ns
[2020-05-16T11:29:43.515+0000][15960][safepoint    ] Safepoint "Cleanup", Time since last: 2000360812 ns, Reaching safepoint: 255536 ns, At safepoint: 8811 ns, Total: 264347 ns
[2020-05-16T11:29:44.515+0000][15960][safepoint    ] Safepoint "Cleanup", Time since last: 1000189218 ns, Reaching safepoint: 119652 ns, At safepoint: 4174 ns, Total: 123826 ns
[2020-05-16T11:29:45.516+0000][15960][safepoint    ] Safepoint "Cleanup", Time since last: 1000290782 ns, Reaching safepoint: 116406 ns, At safepoint: 4174 ns, Total: 120580 ns
[2020-05-16T11:29:46.517+0000][15960][safepoint    ] Safepoint "Cleanup", Time since last: 1001006376 ns, Reaching safepoint: 158609 ns, At safepoint: 5101 ns, Total: 163710 ns
[2020-05-16T11:29:47.517+0000][15960][safepoint    ] Safepoint "Cleanup", Time since last: 1000145160 ns, Reaching safepoint: 103884 ns, At safepoint: 4637 ns, Total: 108521 ns
[2020-05-16T11:29:48.518+0000][15960][safepoint    ] Safepoint "Cleanup", Time since last: 1000607073 ns, Reaching safepoint: 118724 ns, At safepoint: 4174 ns, Total: 122898 ns
[2020-05-16T11:29:49.530+0000][15960][safepoint    ] Safepoint "Cleanup", Time since last: 1011862255 ns, Reaching safepoint: 98783 ns, At safepoint: 5101 ns, Total: 103884 ns
[2020-05-16T11:29:50.531+0000][15960][safepoint    ] Safepoint "Cleanup", Time since last: 1000754087 ns, Reaching safepoint: 104348 ns, At safepoint: 4637 ns, Total: 108985 ns
[2020-05-16T11:29:51.531+0000][15960][safepoint    ] Safepoint "Cleanup", Time since last: 1000125682 ns, Reaching safepoint: 99710 ns, At safepoint: 6029 ns, Total: 105739 ns
[2020-05-16T11:29:52.531+0000][15960][safepoint    ] Safepoint "Cleanup", Time since last: 1000167884 ns, Reaching safepoint: 118724 ns, At safepoint: 4638 ns, Total: 123362 ns
[2020-05-16T11:29:53.532+0000][15960][safepoint    ] Safepoint "Cleanup", Time since last: 1000595478 ns, Reaching safepoint: 118724 ns, At safepoint: 6029 ns, Total: 124753 ns
[2020-05-16T11:29:55.532+0000][15960][safepoint    ] Safepoint "Cleanup", Time since last: 2000014841 ns, Reaching safepoint: 98783 ns, At safepoint: 6029 ns, Total: 104812 ns
[2020-05-16T11:29:56.533+0000][15960][safepoint    ] Safepoint "Cleanup", Time since last: 1000882550 ns, Reaching safepoint: 120580 ns, At safepoint: 6956 ns, Total: 127536 ns
[2020-05-16T11:29:58.533+0000][15960][safepoint    ] Safepoint "Cleanup", Time since last: 2000423884 ns, Reaching safepoint: 114551 ns, At safepoint: 6492 ns, Total: 121043 ns
[2020-05-16T11:29:59.534+0000][15960][safepoint    ] Safepoint "Cleanup", Time since last: 1000224464 ns, Reaching safepoint: 122435 ns, At safepoint: 5101 ns, Total: 127536 ns
[2020-05-16T11:30:00.534+0000][15960][safepoint    ] Safepoint "Cleanup", Time since last: 1000215652 ns, Reaching safepoint: 131710 ns, At safepoint: 7421 ns, Total: 139131 ns
[2020-05-16T11:30:02.535+0000][15960][safepoint    ] Safepoint "Cleanup", Time since last: 2000757333 ns, Reaching safepoint: 140985 ns, At safepoint: 7420 ns, Total: 148405 ns
[2020-05-16T11:30:04.536+0000][15960][safepoint    ] Safepoint "Cleanup", Time since last: 2000726261 ns, Reaching safepoint: 129855 ns, At safepoint: 5565 ns, Total: 135420 ns
[2020-05-16T11:30:05.538+0000][15960][safepoint    ] Safepoint "Cleanup", Time since last: 1001899130 ns, Reaching safepoint: 137275 ns, At safepoint: 5565 ns, Total: 142840 ns
[2020-05-16T11:30:07.577+0000][15960][safepoint    ] Safepoint "Cleanup", Time since last: 2000918261 ns, Reaching safepoint: 37802649 ns, At safepoint: 59826 ns, Total: 37862475 ns
[2020-05-16T11:30:09.577+0000][15960][safepoint    ] Safepoint "Cleanup", Time since last: 2000404869 ns, Reaching safepoint: 110841 ns, At safepoint: 5565 ns, Total: 116406 ns
[2020-05-16T11:30:10.578+0000][15960][safepoint    ] Safepoint "Cleanup", Time since last: 1000876057 ns, Reaching safepoint: 110841 ns, At safepoint: 4638 ns, Total: 115479 ns
[2020-05-16T11:30:12.579+0000][15960][safepoint    ] Safepoint "Cleanup", Time since last: 2000639999 ns, Reaching safepoint: 121044 ns, At safepoint: 6956 ns, Total: 128000 ns
[2020-05-16T11:30:13.579+0000][15960][safepoint    ] Safepoint "Cleanup", Time since last: 1000283362 ns, Reaching safepoint: 131711 ns, At safepoint: 4637 ns, Total: 136348 ns
[2020-05-16T11:30:14.580+0000][15960][safepoint    ] Safepoint "Cleanup", Time since last: 1000022725 ns, Reaching safepoint: 132174 ns, At safepoint: 5565 ns, Total: 137739 ns
[2020-05-16T11:30:15.580+0000][15960][safepoint    ] Safepoint "Cleanup", Time since last: 1000367768 ns, Reaching safepoint: 129391 ns, At safepoint: 6493 ns, Total: 135884 ns
[2020-05-16T11:30:16.581+0000][15960][safepoint    ] Safepoint "Cleanup", Time since last: 1000394203 ns, Reaching safepoint: 115942 ns, At safepoint: 7420 ns, Total: 123362 ns
[2020-05-16T11:30:17.581+0000][15960][safepoint    ] Safepoint "Cleanup", Time since last: 1000522203 ns, Reaching safepoint: 133101 ns, At safepoint: 6956 ns, Total: 140057 ns
[2020-05-16T11:30:18.582+0000][15960][safepoint    ] Safepoint "Cleanup", Time since last: 1000481392 ns, Reaching safepoint: 128463 ns, At safepoint: 5565 ns, Total: 134028 ns
[2020-05-16T11:30:19.583+0000][15960][safepoint    ] Safepoint "Cleanup", Time since last: 1000675710 ns, Reaching safepoint: 114551 ns, At safepoint: 5101 ns, Total: 119652 ns
[2020-05-16T11:30:20.583+0000][15960][safepoint    ] Safepoint "Cleanup", Time since last: 1000421565 ns, Reaching safepoint: 112696 ns, At safepoint: 5101 ns, Total: 117797 ns
[2020-05-16T11:30:21.826+0000][15960][safepoint    ] Safepoint "Cleanup", Time since last: 1242616468 ns, Reaching safepoint: 106666 ns, At safepoint: 6957 ns, Total: 113623 ns
[2020-05-16T11:30:22.827+0000][15960][safepoint    ] Safepoint "Cleanup", Time since last: 1000522666 ns, Reaching safepoint: 128464 ns, At safepoint: 7884 ns, Total: 136348 ns
[2020-05-16T11:30:23.849+0000][15960][safepoint    ] Safepoint "Cleanup", Time since last: 1021784570 ns, Reaching safepoint: 98318 ns, At safepoint: 4638 ns, Total: 102956 ns
[2020-05-16T11:30:24.849+0000][15960][safepoint    ] Safepoint "Cleanup", Time since last: 1000857507 ns, Reaching safepoint: 152116 ns, At safepoint: 8348 ns, Total: 160464 ns
[2020-05-16T11:30:26.850+0000][15960][safepoint    ] Safepoint "Cleanup", Time since last: 2000418318 ns, Reaching safepoint: 256000 ns, At safepoint: 9739 ns, Total: 265739 ns
[2020-05-16T11:30:27.851+0000][15960][safepoint    ] Safepoint "Cleanup", Time since last: 1000230493 ns, Reaching safepoint: 157217 ns, At safepoint: 4638 ns, Total: 161855 ns
[2020-05-16T11:30:28.851+0000][15960][safepoint    ] Safepoint "Cleanup", Time since last: 1000608927 ns, Reaching safepoint: 332985 ns, At safepoint: 16696 ns, Total: 349681 ns
[2020-05-16T11:30:29.852+0000][15960][safepoint    ] Safepoint "Cleanup", Time since last: 1000487420 ns, Reaching safepoint: 294493 ns, At safepoint: 5101 ns, Total: 299594 ns
[2020-05-16T11:30:30.853+0000][15960][safepoint    ] Safepoint "Cleanup", Time since last: 1000355710 ns, Reaching safepoint: 133565 ns, At safepoint: 2783 ns, Total: 136348 ns
[2020-05-16T11:30:32.853+0000][15960][safepoint    ] Safepoint "Cleanup", Time since last: 2000053797 ns, Reaching safepoint: 104812 ns, At safepoint: 4637 ns, Total: 109449 ns
[2020-05-16T11:30:33.853+0000][15960][safepoint    ] Safepoint "Cleanup", Time since last: 1000290319 ns, Reaching safepoint: 113159 ns, At safepoint: 2783 ns, Total: 115942 ns
[2020-05-16T11:30:34.854+0000][15960][safepoint    ] Safepoint "Cleanup", Time since last: 1000423884 ns, Reaching safepoint: 116406 ns, At safepoint: 3710 ns, Total: 120116 ns
[2020-05-16T11:30:35.854+0000][15960][safepoint    ] Safepoint "Cleanup", Time since last: 1000094608 ns, Reaching safepoint: 147942 ns, At safepoint: 4174 ns, Total: 152116 ns
[2020-05-16T11:30:36.855+0000][15960][safepoint    ] Safepoint "Cleanup", Time since last: 1000627014 ns, Reaching safepoint: 85334 ns, At safepoint: 3246 ns, Total: 88580 ns
[2020-05-16T11:30:37.856+0000][15960][safepoint    ] Safepoint "Cleanup", Time since last: 1000851478 ns, Reaching safepoint: 110377 ns, At safepoint: 3246 ns, Total: 113623 ns
[2020-05-16T11:30:38.856+0000][15960][safepoint    ] Safepoint "Cleanup", Time since last: 1000380290 ns, Reaching safepoint: 109913 ns, At safepoint: 3710 ns, Total: 113623 ns
[2020-05-16T11:30:39.857+0000][15960][safepoint    ] Safepoint "Cleanup", Time since last: 1000775884 ns, Reaching safepoint: 110840 ns, At safepoint: 3710 ns, Total: 114550 ns
[2020-05-16T11:30:41.857+0000][15960][safepoint    ] Safepoint "Cleanup", Time since last: 2000070957 ns, Reaching safepoint: 324174 ns, At safepoint: 15768 ns, Total: 339942 ns
[2020-05-16T11:30:43.858+0000][15960][safepoint    ] Safepoint "Cleanup", Time since last: 1999739362 ns, Reaching safepoint: 101102 ns, At safepoint: 4173 ns, Total: 105275 ns
[2020-05-16T11:30:44.858+0000][15960][safepoint    ] Safepoint "Cleanup", Time since last: 1000132174 ns, Reaching safepoint: 113160 ns, At safepoint: 4174 ns, Total: 117334 ns
[2020-05-16T11:30:45.858+0000][15960][safepoint    ] Safepoint "Cleanup", Time since last: 1000433623 ns, Reaching safepoint: 131246 ns, At safepoint: 5101 ns, Total: 136347 ns
[2020-05-16T11:30:47.859+0000][15960][safepoint    ] Safepoint "Cleanup", Time since last: 2000435478 ns, Reaching safepoint: 296348 ns, At safepoint: 16696 ns, Total: 313044 ns
[2020-05-16T11:30:48.860+0000][15960][safepoint    ] Safepoint "Cleanup", Time since last: 1000443362 ns, Reaching safepoint: 267130 ns, At safepoint: 8812 ns, Total: 275942 ns
[2020-05-16T11:30:50.861+0000][15960][safepoint    ] Safepoint "Cleanup", Time since last: 2000733217 ns, Reaching safepoint: 504579 ns, At safepoint: 42667 ns, Total: 547246 ns
[2020-05-16T11:30:51.862+0000][15960][safepoint    ] Safepoint "Cleanup", Time since last: 1000794434 ns, Reaching safepoint: 256928 ns, At safepoint: 9275 ns, Total: 266203 ns
[2020-05-16T11:30:52.862+0000][15960][safepoint    ] Safepoint "Cleanup", Time since last: 1000051942 ns, Reaching safepoint: 139594 ns, At safepoint: 6957 ns, Total: 146551 ns
[2020-05-16T11:30:53.863+0000][15960][safepoint    ] Safepoint "Cleanup", Time since last: 1000823188 ns, Reaching safepoint: 119188 ns, At safepoint: 7420 ns, Total: 126608 ns
[2020-05-16T11:30:54.864+0000][15960][safepoint    ] Safepoint "Cleanup", Time since last: 1000772638 ns, Reaching safepoint: 116869 ns, At safepoint: 6493 ns, Total: 123362 ns
[2020-05-16T11:30:55.949+0000][15960][safepoint    ] Safepoint "Cleanup", Time since last: 1000462377 ns, Reaching safepoint: 83616888 ns, At safepoint: 120116 ns, Total: 83737004 ns
[2020-05-16T11:30:56.997+0000][15960][safepoint    ] Safepoint "Cleanup", Time since last: 1001008695 ns, Reaching safepoint: 47808442 ns, At safepoint: 86261 ns, Total: 47894703 ns
[2020-05-16T11:30:58.916+0000][15960][safepoint    ] Safepoint "Cleanup", Time since last: 1000072348 ns, Reaching safepoint: 918593429 ns, At safepoint: 592231 ns, Total: 919185660 ns
[2020-05-16T11:31:00.333+0000][15960][safepoint    ] Safepoint "Cleanup", Time since last: 1271285672 ns, Reaching safepoint: 145025787 ns, At safepoint: 263884 ns, Total: 145289671 ns
[2020-05-16T11:31:01.359+0000][15960][safepoint    ] Safepoint "Cleanup", Time since last: 1001243826 ns, Reaching safepoint: 24891814 ns, At safepoint: 19942 ns, Total: 24911756 ns
[2020-05-16T11:31:02.361+0000][15960][safepoint    ] Safepoint "Cleanup", Time since last: 1000607073 ns, Reaching safepoint: 1015651 ns, At safepoint: 572754 ns, Total: 1588405 ns
[2020-05-16T11:31:04.362+0000][15960][safepoint    ] Safepoint "Cleanup", Time since last: 2000664115 ns, Reaching safepoint: 79768 ns, At safepoint: 2783 ns, Total: 82551 ns
[2020-05-16T11:31:05.363+0000][15960][safepoint    ] Safepoint "Cleanup", Time since last: 1000601971 ns, Reaching safepoint: 285681 ns, At safepoint: 8348 ns, Total: 294029 ns
[2020-05-16T11:31:06.364+0000][15960][safepoint    ] Safepoint "Cleanup", Time since last: 1000345043 ns, Reaching safepoint: 111304 ns, At safepoint: 6957 ns, Total: 118261 ns
[2020-05-16T11:31:07.364+0000][15960][safepoint    ] Safepoint "Cleanup", Time since last: 1000447999 ns, Reaching safepoint: 367768 ns, At safepoint: 85797 ns, Total: 453565 ns
[2020-05-16T11:31:08.365+0000][15960][safepoint    ] Safepoint "Cleanup", Time since last: 1000241160 ns, Reaching safepoint: 402550 ns, At safepoint: 3247 ns, Total: 405797 ns
[2020-05-16T11:31:10.365+0000][15960][safepoint    ] Safepoint "Cleanup", Time since last: 1999874782 ns, Reaching safepoint: 550029 ns, At safepoint: 21333 ns, Total: 571362 ns
[2020-05-16T11:31:11.366+0000][15960][safepoint    ] Safepoint "Cleanup", Time since last: 1000005566 ns, Reaching safepoint: 264811 ns, At safepoint: 19942 ns, Total: 284753 ns
[2020-05-16T11:31:12.367+0000][15960][safepoint    ] Safepoint "Cleanup", Time since last: 1000629797 ns, Reaching safepoint: 395594 ns, At safepoint: 31536 ns, Total: 427130 ns
[2020-05-16T11:31:13.368+0000][15960][safepoint    ] Safepoint "Cleanup", Time since last: 1000516174 ns, Reaching safepoint: 150724 ns, At safepoint: 5102 ns, Total: 155826 ns
[2020-05-16T11:31:14.368+0000][15960][safepoint    ] Safepoint "Cleanup", Time since last: 1000525913 ns, Reaching safepoint: 84869 ns, At safepoint: 4174 ns, Total: 89043 ns
[2020-05-16T11:31:15.369+0000][15960][safepoint    ] Safepoint "Cleanup", Time since last: 1000423420 ns, Reaching safepoint: 105276 ns, At safepoint: 4637 ns, Total: 109913 ns
[2020-05-16T11:31:17.498+0000][15960][safepoint    ] Safepoint "Cleanup", Time since last: 2000859826 ns, Reaching safepoint: 128204926 ns, At safepoint: 294493 ns, Total: 128499419 ns
[2020-05-16T11:31:18.498+0000][15960][safepoint    ] Safepoint "Cleanup", Time since last: 1000085797 ns, Reaching safepoint: 106666 ns, At safepoint: 6029 ns, Total: 112695 ns
[2020-05-16T11:31:19.547+0000][15960][safepoint    ] Safepoint "Cleanup", Time since last: 1000742956 ns, Reaching safepoint: 48022703 ns, At safepoint: 87652 ns, Total: 48110355 ns
[2020-05-16T11:31:20.607+0000][15960][safepoint    ] Safepoint "Cleanup", Time since last: 1000493449 ns, Reaching safepoint: 58892031 ns, At safepoint: 47304 ns, Total: 58939335 ns
[2020-05-16T11:31:21.802+0000][15960][safepoint    ] Safepoint "Cleanup", Time since last: 1000135420 ns, Reaching safepoint: 194732432 ns, At safepoint: 14840 ns, Total: 194747272 ns
[2020-05-16T11:31:22.854+0000][15960][safepoint    ] Safepoint "Cleanup", Time since last: 1000669217 ns, Reaching safepoint: 52079744 ns, At safepoint: 123362 ns, Total: 52203106 ns
[2020-05-16T11:31:24.155+0000][15960][safepoint    ] Safepoint "Cleanup", Time since last: 1160098245 ns, Reaching safepoint: 140401094 ns, At safepoint: 79305 ns, Total: 140480399 ns
[2020-05-16T11:31:25.421+0000][15960][safepoint    ] Safepoint "Cleanup", Time since last: 1236267948 ns, Reaching safepoint: 30126363 ns, At safepoint: 461913 ns, Total: 30588276 ns
[2020-05-16T11:31:26.645+0000][15960][safepoint    ] Safepoint "Cleanup", Time since last: 1132101967 ns, Reaching safepoint: 91223610 ns, At safepoint: 76522 ns, Total: 91300132 ns
[2020-05-16T11:31:28.160+0000][15960][safepoint    ] Safepoint "Cleanup", Time since last: 1423843977 ns, Reaching safepoint: 90462103 ns, At safepoint: 46841 ns, Total: 90508944 ns
[2020-05-16T11:31:29.167+0000][15960][safepoint    ] Safepoint "Cleanup", Time since last: 1000788869 ns, Reaching safepoint: 7084982 ns, At safepoint: 31537 ns, Total: 7116519 ns
[2020-05-16T11:31:30.193+0000][15960][safepoint    ] Safepoint "Cleanup", Time since last: 1000587130 ns, Reaching safepoint: 25301321 ns, At safepoint: 102957 ns, Total: 25404278 ns
[2020-05-16T11:31:31.246+0000][15960][safepoint    ] Safepoint "Cleanup", Time since last: 1000467942 ns, Reaching safepoint: 52586642 ns, At safepoint: 127536 ns, Total: 52714178 ns
[2020-05-16T11:31:32.265+0000][15960][safepoint    ] Safepoint "Cleanup", Time since last: 1001028173 ns, Reaching safepoint: 17615760 ns, At safepoint: 196174 ns, Total: 17811934 ns
[2020-05-16T11:31:33.266+0000][15960][safepoint    ] Safepoint "Cleanup", Time since last: 1000281971 ns, Reaching safepoint: 342261 ns, At safepoint: 16695 ns, Total: 358956 ns
[2020-05-16T11:31:34.266+0000][15960][safepoint    ] Safepoint "Cleanup", Time since last: 1000093218 ns, Reaching safepoint: 398840 ns, At safepoint: 51015 ns, Total: 449855 ns
[2020-05-16T11:31:36.267+0000][15960][safepoint    ] Safepoint "Cleanup", Time since last: 2000370550 ns, Reaching safepoint: 120116 ns, At safepoint: 4174 ns, Total: 124290 ns
[2020-05-16T11:31:37.268+0000][15960][safepoint    ] Safepoint "Cleanup", Time since last: 1000883014 ns, Reaching safepoint: 141913 ns, At safepoint: 8348 ns, Total: 150261 ns
[2020-05-16T11:31:38.289+0000][15960][safepoint    ] Safepoint "Cleanup", Time since last: 1020318599 ns, Reaching safepoint: 120580 ns, At safepoint: 5565 ns, Total: 126145 ns
[2020-05-16T11:31:39.289+0000][15960][safepoint    ] Safepoint "Cleanup", Time since last: 1000524985 ns, Reaching safepoint: 80696 ns, At safepoint: 3710 ns, Total: 84406 ns
[2020-05-16T11:31:40.290+0000][15960][safepoint    ] Safepoint "Cleanup", Time since last: 1000845913 ns, Reaching safepoint: 161855 ns, At safepoint: 5101 ns, Total: 166956 ns
[2020-05-16T11:31:41.291+0000][15960][safepoint    ] Safepoint "Cleanup", Time since last: 1000595014 ns, Reaching safepoint: 77450 ns, At safepoint: 3246 ns, Total: 80696 ns
[2020-05-16T11:31:42.292+0000][15960][safepoint    ] Safepoint "Cleanup", Time since last: 1000731362 ns, Reaching safepoint: 95536 ns, At safepoint: 2783 ns, Total: 98319 ns
[2020-05-16T11:31:43.292+0000][15960][safepoint    ] Safepoint "Cleanup", Time since last: 1000182261 ns, Reaching safepoint: 106666 ns, At safepoint: 3710 ns, Total: 110376 ns
[2020-05-16T11:31:44.292+0000][15960][safepoint    ] Safepoint "Cleanup", Time since last: 1000287536 ns, Reaching safepoint: 99711 ns, At safepoint: 4637 ns, Total: 104348 ns
[2020-05-16T11:31:45.732+0000][15960][safepoint    ] Safepoint "Cleanup", Time since last: 1400430191 ns, Reaching safepoint: 39567750 ns, At safepoint: 78841 ns, Total: 39646591 ns
[2020-05-16T11:31:46.733+0000][15960][safepoint    ] Safepoint "Cleanup", Time since last: 1000493449 ns, Reaching safepoint: 163710 ns, At safepoint: 5565 ns, Total: 169275 ns
[2020-05-16T11:31:47.733+0000][15960][safepoint    ] Safepoint "Cleanup", Time since last: 1000038029 ns, Reaching safepoint: 136811 ns, At safepoint: 4638 ns, Total: 141449 ns
[2020-05-16T11:31:48.734+0000][15960][safepoint    ] Safepoint "Cleanup", Time since last: 1000586667 ns, Reaching safepoint: 88579 ns, At safepoint: 4174 ns, Total: 92753 ns
[2020-05-16T11:31:49.734+0000][15960][safepoint    ] Safepoint "Cleanup", Time since last: 1000162319 ns, Reaching safepoint: 96464 ns, At safepoint: 3710 ns, Total: 100174 ns
[2020-05-16T11:31:50.735+0000][15960][safepoint    ] Safepoint "Cleanup", Time since last: 1000219362 ns, Reaching safepoint: 331594 ns, At safepoint: 20870 ns, Total: 352464 ns
[2020-05-16T11:31:52.736+0000][15960][safepoint    ] Safepoint "Cleanup", Time since last: 2000717449 ns, Reaching safepoint: 95072 ns, At safepoint: 2783 ns, Total: 97855 ns
[2020-05-16T11:31:53.736+0000][15960][safepoint    ] Safepoint "Cleanup", Time since last: 1000182724 ns, Reaching safepoint: 116870 ns, At safepoint: 4637 ns, Total: 121507 ns
[2020-05-16T11:31:54.736+0000][15960][safepoint    ] Safepoint "Cleanup", Time since last: 1000277333 ns, Reaching safepoint: 177160 ns, At safepoint: 4638 ns, Total: 181798 ns
[2020-05-16T11:31:55.737+0000][15960][safepoint    ] Safepoint "Cleanup", Time since last: 1000406260 ns, Reaching safepoint: 89044 ns, At safepoint: 3710 ns, Total: 92754 ns
[2020-05-16T11:31:56.738+0000][15960][safepoint    ] Safepoint "Cleanup", Time since last: 1000705391 ns, Reaching safepoint: 116405 ns, At safepoint: 6029 ns, Total: 122434 ns
[2020-05-16T11:31:57.738+0000][15960][safepoint    ] Safepoint "Cleanup", Time since last: 1000177160 ns, Reaching safepoint: 132174 ns, At safepoint: 6029 ns, Total: 138203 ns
[2020-05-16T11:31:58.739+0000][15960][safepoint    ] Safepoint "Cleanup", Time since last: 1000491594 ns, Reaching safepoint: 140985 ns, At safepoint: 7884 ns, Total: 148869 ns
[2020-05-16T11:31:59.739+0000][15960][safepoint    ] Safepoint "Cleanup", Time since last: 1000105275 ns, Reaching safepoint: 126145 ns, At safepoint: 6493 ns, Total: 132638 ns
[2020-05-16T11:32:01.739+0000][15960][safepoint    ] Safepoint "Cleanup", Time since last: 1999982377 ns, Reaching safepoint: 148869 ns, At safepoint: 7421 ns, Total: 156290 ns
[2020-05-16T11:32:02.739+0000][15960][safepoint    ] Safepoint "Cleanup", Time since last: 1000040811 ns, Reaching safepoint: 110841 ns, At safepoint: 5101 ns, Total: 115942 ns
[2020-05-16T11:32:03.740+0000][15960][safepoint    ] Safepoint "Cleanup", Time since last: 1000778203 ns, Reaching safepoint: 440115 ns, At safepoint: 24580 ns, Total: 464695 ns
[2020-05-16T11:32:04.741+0000][15960][safepoint    ] Safepoint "Cleanup", Time since last: 1000207304 ns, Reaching safepoint: 449392 ns, At safepoint: 18086 ns, Total: 467478 ns
[2020-05-16T11:32:06.742+0000][15960][safepoint    ] Safepoint "Cleanup", Time since last: 2000301450 ns, Reaching safepoint: 179014 ns, At safepoint: 5565 ns, Total: 184579 ns
[2020-05-16T11:32:07.742+0000][15960][safepoint    ] Safepoint "Cleanup", Time since last: 1000356174 ns, Reaching safepoint: 192927 ns, At safepoint: 7421 ns, Total: 200348 ns
[2020-05-16T11:32:08.743+0000][15960][safepoint    ] Safepoint "Cleanup", Time since last: 1000668289 ns, Reaching safepoint: 86261 ns, At safepoint: 3710 ns, Total: 89971 ns
[2020-05-16T11:32:09.744+0000][15960][safepoint    ] Safepoint "Cleanup", Time since last: 1000926145 ns, Reaching safepoint: 257391 ns, At safepoint: 15768 ns, Total: 273159 ns
[2020-05-16T11:32:10.745+0000][15960][safepoint    ] Safepoint "Cleanup", Time since last: 1000628406 ns, Reaching safepoint: 503188 ns, At safepoint: 37565 ns, Total: 540753 ns
[2020-05-16T11:32:11.747+0000][15960][safepoint    ] Safepoint "Cleanup", Time since last: 1001241043 ns, Reaching safepoint: 106666 ns, At safepoint: 5102 ns, Total: 111768 ns
[2020-05-16T11:32:12.747+0000][15960][safepoint    ] Safepoint "Cleanup", Time since last: 1000178550 ns, Reaching safepoint: 257392 ns, At safepoint: 6956 ns, Total: 264348 ns
[2020-05-16T11:32:13.747+0000][15960][safepoint    ] Safepoint "Cleanup", Time since last: 1000246725 ns, Reaching safepoint: 232811 ns, At safepoint: 6957 ns, Total: 239768 ns
[2020-05-16T11:32:14.748+0000][15960][safepoint    ] Safepoint "Cleanup", Time since last: 1000288927 ns, Reaching safepoint: 165565 ns, At safepoint: 8812 ns, Total: 174377 ns
[2020-05-16T11:32:16.739+0000][15960][safepoint    ] Safepoint "Cleanup", Time since last: 1990470033 ns, Reaching safepoint: 119189 ns, At safepoint: 2782 ns, Total: 121971 ns
[2020-05-16T11:32:17.739+0000][15960][safepoint    ] Safepoint "Cleanup", Time since last: 1000432232 ns, Reaching safepoint: 89971 ns, At safepoint: 3710 ns, Total: 93681 ns
[2020-05-16T11:32:18.740+0000][15960][safepoint    ] Safepoint "Cleanup", Time since last: 1000183188 ns, Reaching safepoint: 84870 ns, At safepoint: 2782 ns, Total: 87652 ns
[2020-05-16T11:32:19.841+0000][15960][safepoint    ] Safepoint "Cleanup", Time since last: 1000420174 ns, Reaching safepoint: 101480765 ns, At safepoint: 67710 ns, Total: 101548475 ns
[2020-05-16T11:32:20.842+0000][15960][safepoint    ] Safepoint "Cleanup", Time since last: 1000775420 ns, Reaching safepoint: 150261 ns, At safepoint: 2782 ns, Total: 153043 ns
[2020-05-16T11:32:21.862+0000][15960][safepoint    ] Safepoint "Cleanup", Time since last: 1019913266 ns, Reaching safepoint: 275478 ns, At safepoint: 18551 ns, Total: 294029 ns
[2020-05-16T11:32:22.863+0000][15960][safepoint    ] Safepoint "Cleanup", Time since last: 1000160928 ns, Reaching safepoint: 324637 ns, At safepoint: 16232 ns, Total: 340869 ns
[2020-05-16T11:32:24.864+0000][15960][safepoint    ] Safepoint "Cleanup", Time since last: 2000557449 ns, Reaching safepoint: 112696 ns, At safepoint: 4637 ns, Total: 117333 ns
[2020-05-16T11:32:26.865+0000][15960][safepoint    ] Safepoint "Cleanup", Time since last: 2001341681 ns, Reaching safepoint: 92753 ns, At safepoint: 2783 ns, Total: 95536 ns
[2020-05-16T11:32:28.865+0000][15960][safepoint    ] Safepoint "Cleanup", Time since last: 1999961507 ns, Reaching safepoint: 166957 ns, At safepoint: 3246 ns, Total: 170203 ns
[2020-05-16T11:32:29.866+0000][15960][safepoint    ] Safepoint "Cleanup", Time since last: 1000393739 ns, Reaching safepoint: 179478 ns, At safepoint: 5565 ns, Total: 185043 ns
[2020-05-16T11:32:31.867+0000][15960][safepoint    ] Safepoint "Cleanup", Time since last: 2000709565 ns, Reaching safepoint: 151652 ns, At safepoint: 5102 ns, Total: 156754 ns
[2020-05-16T11:32:32.867+0000][15960][safepoint    ] Safepoint "Cleanup", Time since last: 1000435014 ns, Reaching safepoint: 451246 ns, At safepoint: 22725 ns, Total: 473971 ns
[2020-05-16T11:32:34.686+0000][15960][safepoint    ] Safepoint "Cleanup", Time since last: 1817934461 ns, Reaching safepoint: 96928 ns, At safepoint: 3246 ns, Total: 100174 ns
[2020-05-16T11:32:35.686+0000][15960][safepoint    ] Safepoint "Cleanup", Time since last: 1000217043 ns, Reaching safepoint: 105276 ns, At safepoint: 2782 ns, Total: 108058 ns
[2020-05-16T11:32:36.687+0000][15960][safepoint    ] Safepoint "Cleanup", Time since last: 1000772638 ns, Reaching safepoint: 106203 ns, At safepoint: 3246 ns, Total: 109449 ns
[2020-05-16T11:32:37.688+0000][15960][safepoint    ] Safepoint "Cleanup", Time since last: 1000794898 ns, Reaching safepoint: 111768 ns, At safepoint: 2783 ns, Total: 114551 ns
[2020-05-16T11:32:38.689+0000][15960][safepoint    ] Safepoint "Cleanup", Time since last: 1000768463 ns, Reaching safepoint: 140522 ns, At safepoint: 2783 ns, Total: 143305 ns
[2020-05-16T11:32:39.690+0000][15960][safepoint    ] Safepoint "Cleanup", Time since last: 1000848231 ns, Reaching safepoint: 160927 ns, At safepoint: 10203 ns, Total: 171130 ns
[2020-05-16T11:32:40.690+0000][15960][safepoint    ] Safepoint "Cleanup", Time since last: 1000114087 ns, Reaching safepoint: 431768 ns, At safepoint: 25507 ns, Total: 457275 ns
[2020-05-16T11:32:41.691+0000][15960][safepoint    ] Safepoint "Cleanup", Time since last: 1000265739 ns, Reaching safepoint: 347363 ns, At safepoint: 18550 ns, Total: 365913 ns
[2020-05-16T11:32:42.691+0000][15960][safepoint    ] Safepoint "Cleanup", Time since last: 1000038493 ns, Reaching safepoint: 352000 ns, At safepoint: 19014 ns, Total: 371014 ns
[2020-05-16T11:32:43.692+0000][15960][safepoint    ] Safepoint "Cleanup", Time since last: 1000548638 ns, Reaching safepoint: 379362 ns, At safepoint: 8348 ns, Total: 387710 ns
[2020-05-16T11:32:44.693+0000][15960][safepoint    ] Safepoint "Cleanup", Time since last: 1000448927 ns, Reaching safepoint: 119188 ns, At safepoint: 3247 ns, Total: 122435 ns
[2020-05-16T11:32:45.693+0000][15960][safepoint    ] Safepoint "Cleanup", Time since last: 1000211942 ns, Reaching safepoint: 270840 ns, At safepoint: 16696 ns, Total: 287536 ns
[2020-05-16T11:32:46.746+0000][15960][safepoint    ] Safepoint "Cleanup", Time since last: 1052758700 ns, Reaching safepoint: 294493 ns, At safepoint: 22724 ns, Total: 317217 ns
[2020-05-16T11:32:47.747+0000][15960][safepoint    ] Safepoint "Cleanup", Time since last: 1000172522 ns, Reaching safepoint: 268522 ns, At safepoint: 8347 ns, Total: 276869 ns
[2020-05-16T11:32:48.747+0000][15960][safepoint    ] Safepoint "Cleanup", Time since last: 1000320464 ns, Reaching safepoint: 101101 ns, At safepoint: 2783 ns, Total: 103884 ns
[2020-05-16T11:32:49.748+0000][15960][safepoint    ] Safepoint "Cleanup", Time since last: 1000435942 ns, Reaching safepoint: 314434 ns, At safepoint: 19479 ns, Total: 333913 ns
[2020-05-16T11:32:50.748+0000][15960][safepoint    ] Safepoint "Cleanup", Time since last: 1000104811 ns, Reaching safepoint: 91363 ns, At safepoint: 5101 ns, Total: 96464 ns
[2020-05-16T11:32:51.749+0000][15960][safepoint    ] Safepoint "Cleanup", Time since last: 1000064927 ns, Reaching safepoint: 135884 ns, At safepoint: 7421 ns, Total: 143305 ns
[2020-05-16T11:32:52.750+0000][15960][safepoint    ] Safepoint "Cleanup", Time since last: 1000875130 ns, Reaching safepoint: 164637 ns, At safepoint: 3711 ns, Total: 168348 ns
[2020-05-16T11:32:53.750+0000][15960][safepoint    ] Safepoint "Cleanup", Time since last: 1000532405 ns, Reaching safepoint: 184116 ns, At safepoint: 6493 ns, Total: 190609 ns
[2020-05-16T11:32:54.751+0000][15960][safepoint    ] Safepoint "Cleanup", Time since last: 1000161391 ns, Reaching safepoint: 139594 ns, At safepoint: 7420 ns, Total: 147014 ns
[2020-05-16T11:32:55.751+0000][15960][safepoint    ] Safepoint "Cleanup", Time since last: 1000154899 ns, Reaching safepoint: 146087 ns, At safepoint: 7420 ns, Total: 153507 ns
[2020-05-16T11:32:56.751+0000][15960][safepoint    ] Safepoint "Cleanup", Time since last: 1000345043 ns, Reaching safepoint: 108522 ns, At safepoint: 4638 ns, Total: 113160 ns
[2020-05-16T11:32:57.752+0000][15960][safepoint    ] Safepoint "Cleanup", Time since last: 1000672463 ns, Reaching safepoint: 522203 ns, At safepoint: 30608 ns, Total: 552811 ns
[2020-05-16T11:32:59.753+0000][15960][safepoint    ] Safepoint "Cleanup", Time since last: 2000367768 ns, Reaching safepoint: 378899 ns, At safepoint: 25043 ns, Total: 403942 ns
[2020-05-16T11:33:00.754+0000][15960][safepoint    ] Safepoint "Cleanup", Time since last: 1000505971 ns, Reaching safepoint: 134493 ns, At safepoint: 7884 ns, Total: 142377 ns
[2020-05-16T11:33:01.755+0000][15960][safepoint    ] Safepoint "Cleanup", Time since last: 1000425739 ns, Reaching safepoint: 122898 ns, At safepoint: 4638 ns, Total: 127536 ns
[2020-05-16T11:33:02.755+0000][15960][safepoint    ] Safepoint "Cleanup", Time since last: 1000750840 ns, Reaching safepoint: 109913 ns, At safepoint: 3246 ns, Total: 113159 ns
[2020-05-16T11:33:04.518+0000][15960][gc,start     ] GC(44) Pause Young (Normal) (G1 Evacuation Pause)
[2020-05-16T11:33:04.518+0000][15960][gc,task      ] GC(44) Using 4 workers of 4 for evacuation
[2020-05-16T11:33:04.518+0000][15960][gc,age       ] GC(44) Desired survivor size 40370176 bytes, new threshold 15 (max threshold 15)
[2020-05-16T11:33:04.583+0000][15960][gc,age       ] GC(44) Age table with threshold 15 (max threshold 15)
[2020-05-16T11:33:04.583+0000][15960][gc,age       ] GC(44) - age   1:     286776 bytes,     286776 total
[2020-05-16T11:33:04.583+0000][15960][gc,age       ] GC(44) - age   2:       2704 bytes,     289480 total
[2020-05-16T11:33:04.583+0000][15960][gc,age       ] GC(44) - age   3:         72 bytes,     289552 total
[2020-05-16T11:33:04.583+0000][15960][gc,age       ] GC(44) - age   4:       5336 bytes,     294888 total
[2020-05-16T11:33:04.583+0000][15960][gc,age       ] GC(44) - age   5:       2328 bytes,     297216 total
[2020-05-16T11:33:04.583+0000][15960][gc,age       ] GC(44) - age   6:        688 bytes,     297904 total
[2020-05-16T11:33:04.583+0000][15960][gc,age       ] GC(44) - age   7:         56 bytes,     297960 total
[2020-05-16T11:33:04.583+0000][15960][gc,age       ] GC(44) - age   8:        136 bytes,     298096 total
[2020-05-16T11:33:04.583+0000][15960][gc,age       ] GC(44) - age   9:      38952 bytes,     337048 total
[2020-05-16T11:33:04.583+0000][15960][gc,age       ] GC(44) - age  10:       1824 bytes,     338872 total
[2020-05-16T11:33:04.583+0000][15960][gc,age       ] GC(44) - age  11:        616 bytes,     339488 total
[2020-05-16T11:33:04.583+0000][15960][gc,age       ] GC(44) - age  12:       2216 bytes,     341704 total
[2020-05-16T11:33:04.584+0000][15960][gc,age       ] GC(44) - age  13:       1376 bytes,     343080 total
[2020-05-16T11:33:04.584+0000][15960][gc,age       ] GC(44) - age  14:       2112 bytes,     345192 total
[2020-05-16T11:33:04.584+0000][15960][gc,age       ] GC(44) - age  15:         64 bytes,     345256 total
[2020-05-16T11:33:04.584+0000][15960][gc,phases    ] GC(44)   Pre Evacuate Collection Set: 19.1ms
[2020-05-16T11:33:04.584+0000][15960][gc,phases    ] GC(44)   Merge Heap Roots: 0.4ms
[2020-05-16T11:33:04.584+0000][15960][gc,phases    ] GC(44)   Evacuate Collection Set: 43.7ms
[2020-05-16T11:33:04.584+0000][15960][gc,phases    ] GC(44)   Post Evacuate Collection Set: 2.9ms
[2020-05-16T11:33:04.584+0000][15960][gc,phases    ] GC(44)   Other: 1.0ms
[2020-05-16T11:33:04.584+0000][15960][gc,heap      ] GC(44) Eden regions: 613->0(613)
[2020-05-16T11:33:04.584+0000][15960][gc,heap      ] GC(44) Survivor regions: 1->1(77)
[2020-05-16T11:33:04.584+0000][15960][gc,heap      ] GC(44) Old regions: 72->72
[2020-05-16T11:33:04.584+0000][15960][gc,heap      ] GC(44) Archive regions: 0->0
[2020-05-16T11:33:04.584+0000][15960][gc,heap      ] GC(44) Humongous regions: 7->7
[2020-05-16T11:33:04.584+0000][15960][gc,metaspace ] GC(44) Metaspace: 97651K(105380K)->97651K(105380K) NonClass: 84847K(89432K)->84847K(89432K) Class: 12804K(15948K)->12804K(15948K)
[2020-05-16T11:33:04.584+0000][15960][gc           ] GC(44) Pause Young (Normal) (G1 Evacuation Pause) 691M->78M(1024M) 67.405ms
[2020-05-16T11:33:04.584+0000][15960][gc,cpu       ] GC(44) User=0.03s Sys=0.02s Real=0.07s
[2020-05-16T11:33:04.584+0000][15960][safepoint    ] Safepoint "G1CollectForAllocation", Time since last: 1744975423 ns, Reaching safepoint: 16857036 ns, At safepoint: 67717534 ns, Total: 84574570 ns
[2020-05-16T11:33:06.586+0000][15960][safepoint    ] Safepoint "Cleanup", Time since last: 2000729970 ns, Reaching safepoint: 140522 ns, At safepoint: 6956 ns, Total: 147478 ns
[2020-05-16T11:33:07.871+0000][15960][safepoint    ] Safepoint "Cleanup", Time since last: 1285416216 ns, Reaching safepoint: 169739 ns, At safepoint: 4638 ns, Total: 174377 ns
[2020-05-16T11:33:08.872+0000][15960][safepoint    ] Safepoint "Cleanup", Time since last: 1000395594 ns, Reaching safepoint: 90434 ns, At safepoint: 4638 ns, Total: 95072 ns
[2020-05-16T11:33:09.872+0000][15960][safepoint    ] Safepoint "Cleanup", Time since last: 1000369623 ns, Reaching safepoint: 95072 ns, At safepoint: 3711 ns, Total: 98783 ns
[2020-05-16T11:33:11.670+0000][15960][safepoint    ] Safepoint "Cleanup", Time since last: 1797231862 ns, Reaching safepoint: 245333 ns, At safepoint: 7884 ns, Total: 253217 ns
[2020-05-16T11:33:12.670+0000][15960][safepoint    ] Safepoint "Cleanup", Time since last: 1000109913 ns, Reaching safepoint: 307942 ns, At safepoint: 6029 ns, Total: 313971 ns
[2020-05-16T11:33:13.721+0000][15960][safepoint    ] Safepoint "Cleanup", Time since last: 1000069101 ns, Reaching safepoint: 50900846 ns, At safepoint: 9276 ns, Total: 50910122 ns
[2020-05-16T11:33:14.738+0000][15960][safepoint    ] Safepoint "Cleanup", Time since last: 1016173905 ns, Reaching safepoint: 164638 ns, At safepoint: 6029 ns, Total: 170667 ns
[2020-05-16T11:33:15.738+0000][15960][safepoint    ] Safepoint "Cleanup", Time since last: 1000492985 ns, Reaching safepoint: 188290 ns, At safepoint: 4638 ns, Total: 192928 ns
[2020-05-16T11:33:16.739+0000][15960][safepoint    ] Safepoint "Cleanup", Time since last: 1000645564 ns, Reaching safepoint: 125218 ns, At safepoint: 5565 ns, Total: 130783 ns
[2020-05-16T11:33:17.739+0000][15960][safepoint    ] Safepoint "Cleanup", Time since last: 1000268058 ns, Reaching safepoint: 286145 ns, At safepoint: 7420 ns, Total: 293565 ns
[2020-05-16T11:33:18.740+0000][15960][safepoint    ] Safepoint "Cleanup", Time since last: 1000612174 ns, Reaching safepoint: 134492 ns, At safepoint: 4174 ns, Total: 138666 ns
[2020-05-16T11:33:19.741+0000][15960][safepoint    ] Safepoint "Cleanup", Time since last: 1000181333 ns, Reaching safepoint: 94609 ns, At safepoint: 2783 ns, Total: 97392 ns
[2020-05-16T11:33:20.741+0000][15960][safepoint    ] Safepoint "Cleanup", Time since last: 1000472579 ns, Reaching safepoint: 266203 ns, At safepoint: 12058 ns, Total: 278261 ns
[2020-05-16T11:33:21.742+0000][15960][safepoint    ] Safepoint "Cleanup", Time since last: 1000226782 ns, Reaching safepoint: 222609 ns, At safepoint: 13449 ns, Total: 236058 ns
[2020-05-16T11:33:22.742+0000][15960][safepoint    ] Safepoint "Cleanup", Time since last: 1000003247 ns, Reaching safepoint: 87652 ns, At safepoint: 3246 ns, Total: 90898 ns
[2020-05-16T11:33:23.742+0000][15960][safepoint    ] Safepoint "Cleanup", Time since last: 1000024116 ns, Reaching safepoint: 121043 ns, At safepoint: 3711 ns, Total: 124754 ns
[2020-05-16T11:33:24.743+0000][15960][safepoint    ] Safepoint "Cleanup", Time since last: 1000693333 ns, Reaching safepoint: 200811 ns, At safepoint: 6029 ns, Total: 206840 ns
[2020-05-16T11:33:25.743+0000][15960][safepoint    ] Safepoint "Cleanup", Time since last: 1000129391 ns, Reaching safepoint: 120116 ns, At safepoint: 5102 ns, Total: 125218 ns
[2020-05-16T11:33:26.744+0000][15960][safepoint    ] Safepoint "Cleanup", Time since last: 1000238840 ns, Reaching safepoint: 231884 ns, At safepoint: 8812 ns, Total: 240696 ns
[2020-05-16T11:33:27.744+0000][15960][safepoint    ] Safepoint "Cleanup", Time since last: 1000250898 ns, Reaching safepoint: 185044 ns, At safepoint: 5565 ns, Total: 190609 ns
[2020-05-16T11:33:28.745+0000][15960][safepoint    ] Safepoint "Cleanup", Time since last: 1000249971 ns, Reaching safepoint: 142376 ns, At safepoint: 2783 ns, Total: 145159 ns
[2020-05-16T11:33:29.745+0000][15960][safepoint    ] Safepoint "Cleanup", Time since last: 1000451246 ns, Reaching safepoint: 136348 ns, At safepoint: 6029 ns, Total: 142377 ns
[2020-05-16T11:33:30.746+0000][15960][safepoint    ] Safepoint "Cleanup", Time since last: 1000819942 ns, Reaching safepoint: 298202 ns, At safepoint: 9739 ns, Total: 307941 ns
[2020-05-16T11:33:32.746+0000][15960][safepoint    ] Safepoint "Cleanup", Time since last: 1999955015 ns, Reaching safepoint: 214261 ns, At safepoint: 6492 ns, Total: 220753 ns
[2020-05-16T11:33:33.747+0000][15960][safepoint    ] Safepoint "Cleanup", Time since last: 1000133102 ns, Reaching safepoint: 121971 ns, At safepoint: 3710 ns, Total: 125681 ns
[2020-05-16T11:33:34.747+0000][15960][safepoint    ] Safepoint "Cleanup", Time since last: 1000112232 ns, Reaching safepoint: 275942 ns, At safepoint: 10666 ns, Total: 286608 ns
[2020-05-16T11:33:35.748+0000][15960][safepoint    ] Safepoint "Cleanup", Time since last: 1000362203 ns, Reaching safepoint: 197565 ns, At safepoint: 6957 ns, Total: 204522 ns
[2020-05-16T11:33:36.748+0000][15960][safepoint    ] Safepoint "Cleanup", Time since last: 1000639072 ns, Reaching safepoint: 178551 ns, At safepoint: 10202 ns, Total: 188753 ns
[2020-05-16T11:33:38.749+0000][15960][safepoint    ] Safepoint "Cleanup", Time since last: 1999951305 ns, Reaching safepoint: 108985 ns, At safepoint: 2783 ns, Total: 111768 ns
[2020-05-16T11:33:39.749+0000][15960][safepoint    ] Safepoint "Cleanup", Time since last: 1000480463 ns, Reaching safepoint: 86261 ns, At safepoint: 4174 ns, Total: 90435 ns
[2020-05-16T11:33:40.750+0000][15960][safepoint    ] Safepoint "Cleanup", Time since last: 1000510145 ns, Reaching safepoint: 410434 ns, At safepoint: 44522 ns, Total: 454956 ns
[2020-05-16T11:33:41.762+0000][15960][safepoint    ] Safepoint "Cleanup", Time since last: 1011793618 ns, Reaching safepoint: 664116 ns, At safepoint: 7420 ns, Total: 671536 ns
[2020-05-16T11:33:43.763+0000][15960][safepoint    ] Safepoint "Cleanup", Time since last: 2000054724 ns, Reaching safepoint: 86725 ns, At safepoint: 4638 ns, Total: 91363 ns
[2020-05-16T11:33:44.763+0000][15960][safepoint    ] Safepoint "Cleanup", Time since last: 1000147942 ns, Reaching safepoint: 322782 ns, At safepoint: 20406 ns, Total: 343188 ns
[2020-05-16T11:33:46.764+0000][15960][safepoint    ] Safepoint "Cleanup", Time since last: 2000460521 ns, Reaching safepoint: 83479 ns, At safepoint: 4174 ns, Total: 87653 ns
[2020-05-16T11:33:48.765+0000][15960][safepoint    ] Safepoint "Cleanup", Time since last: 2001047187 ns, Reaching safepoint: 341797 ns, At safepoint: 10667 ns, Total: 352464 ns
[2020-05-16T11:33:49.766+0000][15960][safepoint    ] Safepoint "Cleanup", Time since last: 1000290783 ns, Reaching safepoint: 91826 ns, At safepoint: 4174 ns, Total: 96000 ns
[2020-05-16T11:33:50.792+0000][15960][safepoint    ] Safepoint "Cleanup", Time since last: 1000871883 ns, Reaching safepoint: 26604973 ns, At safepoint: 46841 ns, Total: 26651814 ns
[2020-05-16T11:33:52.793+0000][15960][safepoint    ] Safepoint "Cleanup", Time since last: 2000045449 ns, Reaching safepoint: 103420 ns, At safepoint: 4638 ns, Total: 108058 ns
[2020-05-16T11:33:53.794+0000][15960][safepoint    ] Safepoint "Cleanup", Time since last: 1000148870 ns, Reaching safepoint: 78840 ns, At safepoint: 3246 ns, Total: 82086 ns
[2020-05-16T11:33:54.794+0000][15960][safepoint    ] Safepoint "Cleanup", Time since last: 1000550493 ns, Reaching safepoint: 125217 ns, At safepoint: 6029 ns, Total: 131246 ns
[2020-05-16T11:33:55.795+0000][15960][safepoint    ] Safepoint "Cleanup", Time since last: 1000352464 ns, Reaching safepoint: 100638 ns, At safepoint: 3246 ns, Total: 103884 ns
[2020-05-16T11:33:56.795+0000][15960][safepoint    ] Safepoint "Cleanup", Time since last: 1000252753 ns, Reaching safepoint: 163710 ns, At safepoint: 4174 ns, Total: 167884 ns
[2020-05-16T11:33:57.796+0000][15960][safepoint    ] Safepoint "Cleanup", Time since last: 1000689623 ns, Reaching safepoint: 348290 ns, At safepoint: 26435 ns, Total: 374725 ns
[2020-05-16T11:33:59.797+0000][15960][safepoint    ] Safepoint "Cleanup", Time since last: 2000282434 ns, Reaching safepoint: 88580 ns, At safepoint: 4174 ns, Total: 92754 ns
[2020-05-16T11:34:00.797+0000][15960][safepoint    ] Safepoint "Cleanup", Time since last: 1000053797 ns, Reaching safepoint: 293101 ns, At safepoint: 19015 ns, Total: 312116 ns
[2020-05-16T11:34:01.797+0000][15960][safepoint    ] Safepoint "Cleanup", Time since last: 1000077449 ns, Reaching safepoint: 121971 ns, At safepoint: 4174 ns, Total: 126145 ns
[2020-05-16T11:34:02.798+0000][15960][safepoint    ] Safepoint "Cleanup", Time since last: 1000363130 ns, Reaching safepoint: 113623 ns, At safepoint: 4174 ns, Total: 117797 ns
[2020-05-16T11:34:03.798+0000][15960][safepoint    ] Safepoint "Cleanup", Time since last: 1000830609 ns, Reaching safepoint: 89507 ns, At safepoint: 3246 ns, Total: 92753 ns
[2020-05-16T11:34:05.749+0000][15960][safepoint    ] Safepoint "Cleanup", Time since last: 1950435270 ns, Reaching safepoint: 85797 ns, At safepoint: 2782 ns, Total: 88579 ns
[2020-05-16T11:34:07.750+0000][15960][safepoint    ] Safepoint "Cleanup", Time since last: 2000489275 ns, Reaching safepoint: 94145 ns, At safepoint: 2783 ns, Total: 96928 ns
[2020-05-16T11:34:09.751+0000][15960][safepoint    ] Safepoint "Cleanup", Time since last: 2000776811 ns, Reaching safepoint: 105275 ns, At safepoint: 4638 ns, Total: 109913 ns
[2020-05-16T11:34:10.751+0000][15960][safepoint    ] Safepoint "Cleanup", Time since last: 1000705855 ns, Reaching safepoint: 94145 ns, At safepoint: 3246 ns, Total: 97391 ns
[2020-05-16T11:34:11.752+0000][15960][safepoint    ] Safepoint "Cleanup", Time since last: 1000511072 ns, Reaching safepoint: 83942 ns, At safepoint: 3710 ns, Total: 87652 ns
[2020-05-16T11:34:12.753+0000][15960][safepoint    ] Safepoint "Cleanup", Time since last: 1000811594 ns, Reaching safepoint: 92754 ns, At safepoint: 4637 ns, Total: 97391 ns
[2020-05-16T11:34:13.753+0000][15960][safepoint    ] Safepoint "Cleanup", Time since last: 1000474899 ns, Reaching safepoint: 127536 ns, At safepoint: 6029 ns, Total: 133565 ns
[2020-05-16T11:34:14.754+0000][15960][safepoint    ] Safepoint "Cleanup", Time since last: 1000512464 ns, Reaching safepoint: 102492 ns, At safepoint: 4174 ns, Total: 106666 ns
[2020-05-16T11:34:15.755+0000][15960][safepoint    ] Safepoint "Cleanup", Time since last: 1000867246 ns, Reaching safepoint: 98783 ns, At safepoint: 4637 ns, Total: 103420 ns
[2020-05-16T11:34:16.756+0000][15960][safepoint    ] Safepoint "Cleanup", Time since last: 1000654841 ns, Reaching safepoint: 119652 ns, At safepoint: 12521 ns, Total: 132173 ns
[2020-05-16T11:34:18.757+0000][15960][safepoint    ] Safepoint "Cleanup", Time since last: 2000964638 ns, Reaching safepoint: 118261 ns, At safepoint: 4637 ns, Total: 122898 ns
[2020-05-16T11:34:19.757+0000][15960][safepoint    ] Safepoint "Cleanup", Time since last: 1000027826 ns, Reaching safepoint: 256464 ns, At safepoint: 8348 ns, Total: 264812 ns
[2020-05-16T11:34:20.758+0000][15960][safepoint    ] Safepoint "Cleanup", Time since last: 1000756869 ns, Reaching safepoint: 134493 ns, At safepoint: 3246 ns, Total: 137739 ns
[2020-05-16T11:34:21.759+0000][15960][safepoint    ] Safepoint "Cleanup", Time since last: 1000718377 ns, Reaching safepoint: 121507 ns, At safepoint: 2782 ns, Total: 124289 ns
[2020-05-16T11:34:23.759+0000][15960][safepoint    ] Safepoint "Cleanup", Time since last: 2000460986 ns, Reaching safepoint: 105275 ns, At safepoint: 3246 ns, Total: 108521 ns
[2020-05-16T11:34:24.760+0000][15960][safepoint    ] Safepoint "Cleanup", Time since last: 1000111768 ns, Reaching safepoint: 127537 ns, At safepoint: 4637 ns, Total: 132174 ns
[2020-05-16T11:34:26.760+0000][15960][safepoint    ] Safepoint "Cleanup", Time since last: 2000194783 ns, Reaching safepoint: 129855 ns, At safepoint: 4174 ns, Total: 134029 ns
[2020-05-16T11:34:28.760+0000][15960][safepoint    ] Safepoint "Cleanup", Time since last: 2000172985 ns, Reaching safepoint: 120580 ns, At safepoint: 4637 ns, Total: 125217 ns
[2020-05-16T11:34:29.761+0000][15960][safepoint    ] Safepoint "Cleanup", Time since last: 1000436406 ns, Reaching safepoint: 130319 ns, At safepoint: 5101 ns, Total: 135420 ns
[2020-05-16T11:34:31.762+0000][15960][safepoint    ] Safepoint "Cleanup", Time since last: 2000854724 ns, Reaching safepoint: 203131 ns, At safepoint: 4174 ns, Total: 207305 ns
[2020-05-16T11:34:32.763+0000][15960][safepoint    ] Safepoint "Cleanup", Time since last: 1000581565 ns, Reaching safepoint: 98318 ns, At safepoint: 4174 ns, Total: 102492 ns
[2020-05-16T11:34:34.763+0000][15960][safepoint    ] Safepoint "Cleanup", Time since last: 2000361276 ns, Reaching safepoint: 96927 ns, At safepoint: 2783 ns, Total: 99710 ns
[2020-05-16T11:34:35.763+0000][15960][safepoint    ] Safepoint "Cleanup", Time since last: 1000214260 ns, Reaching safepoint: 86725 ns, At safepoint: 4638 ns, Total: 91363 ns
[2020-05-16T11:34:36.764+0000][15960][safepoint    ] Safepoint "Cleanup", Time since last: 1000245333 ns, Reaching safepoint: 84406 ns, At safepoint: 3710 ns, Total: 88116 ns
[2020-05-16T11:34:37.764+0000][15960][safepoint    ] Safepoint "Cleanup", Time since last: 1000496231 ns, Reaching safepoint: 96000 ns, At safepoint: 4174 ns, Total: 100174 ns
[2020-05-16T11:34:38.765+0000][15960][safepoint    ] Safepoint "Cleanup", Time since last: 1000473044 ns, Reaching safepoint: 103420 ns, At safepoint: 5101 ns, Total: 108521 ns
[2020-05-16T11:34:39.765+0000][15960][safepoint    ] Safepoint "Cleanup", Time since last: 1000067710 ns, Reaching safepoint: 301450 ns, At safepoint: 75130 ns, Total: 376580 ns
[2020-05-16T11:34:40.766+0000][15960][safepoint    ] Safepoint "Cleanup", Time since last: 1000398377 ns, Reaching safepoint: 109913 ns, At safepoint: 4637 ns, Total: 114550 ns
[2020-05-16T11:34:41.766+0000][15960][safepoint    ] Safepoint "Cleanup", Time since last: 1000079305 ns, Reaching safepoint: 141913 ns, At safepoint: 6029 ns, Total: 147942 ns
[2020-05-16T11:34:42.767+0000][15960][safepoint    ] Safepoint "Cleanup", Time since last: 1000678956 ns, Reaching safepoint: 146550 ns, At safepoint: 8812 ns, Total: 155362 ns
[2020-05-16T11:34:43.768+0000][15960][safepoint    ] Safepoint "Cleanup", Time since last: 1000584811 ns, Reaching safepoint: 358493 ns, At safepoint: 51942 ns, Total: 410435 ns
[2020-05-16T11:34:44.768+0000][15960][safepoint    ] Safepoint "Cleanup", Time since last: 1000144232 ns, Reaching safepoint: 140985 ns, At safepoint: 3710 ns, Total: 144695 ns
[2020-05-16T11:34:45.768+0000][15960][safepoint    ] Safepoint "Cleanup", Time since last: 1000159073 ns, Reaching safepoint: 86724 ns, At safepoint: 2783 ns, Total: 89507 ns
[2020-05-16T11:34:47.769+0000][15960][safepoint    ] Safepoint "Cleanup", Time since last: 2000750376 ns, Reaching safepoint: 283363 ns, At safepoint: 20869 ns, Total: 304232 ns
[2020-05-16T11:34:49.770+0000][15960][safepoint    ] Safepoint "Cleanup", Time since last: 2000187826 ns, Reaching safepoint: 110377 ns, At safepoint: 2782 ns, Total: 113159 ns
[2020-05-16T11:34:50.770+0000][15960][safepoint    ] Safepoint "Cleanup", Time since last: 1000131247 ns, Reaching safepoint: 112695 ns, At safepoint: 2783 ns, Total: 115478 ns
[2020-05-16T11:34:51.770+0000][15960][safepoint    ] Safepoint "Cleanup", Time since last: 1000190609 ns, Reaching safepoint: 269449 ns, At safepoint: 109449 ns, Total: 378898 ns
[2020-05-16T11:34:52.771+0000][15960][safepoint    ] Safepoint "Cleanup", Time since last: 1000159072 ns, Reaching safepoint: 149797 ns, At safepoint: 85797 ns, Total: 235594 ns
[2020-05-16T11:34:54.772+0000][15960][safepoint    ] Safepoint "Cleanup", Time since last: 2000518029 ns, Reaching safepoint: 140058 ns, At safepoint: 5102 ns, Total: 145160 ns
[2020-05-16T11:34:55.772+0000][15960][safepoint    ] Safepoint "Cleanup", Time since last: 1000365449 ns, Reaching safepoint: 641854 ns, At safepoint: 13913 ns, Total: 655767 ns
[2020-05-16T11:34:56.774+0000][15960][safepoint    ] Safepoint "Cleanup", Time since last: 1000971130 ns, Reaching safepoint: 90899 ns, At safepoint: 2783 ns, Total: 93682 ns
[2020-05-16T11:34:57.774+0000][15960][safepoint    ] Safepoint "Cleanup", Time since last: 1000008811 ns, Reaching safepoint: 84406 ns, At safepoint: 2783 ns, Total: 87189 ns
[2020-05-16T11:34:58.775+0000][15960][safepoint    ] Safepoint "Cleanup", Time since last: 1000826434 ns, Reaching safepoint: 130319 ns, At safepoint: 4174 ns, Total: 134493 ns
[2020-05-16T11:34:59.775+0000][15960][safepoint    ] Safepoint "Cleanup", Time since last: 1000134956 ns, Reaching safepoint: 104812 ns, At safepoint: 3710 ns, Total: 108522 ns
[2020-05-16T11:35:00.775+0000][15960][safepoint    ] Safepoint "Cleanup", Time since last: 1000072348 ns, Reaching safepoint: 155362 ns, At safepoint: 8811 ns, Total: 164173 ns
[2020-05-16T11:35:01.776+0000][15960][safepoint    ] Safepoint "Cleanup", Time since last: 1000443362 ns, Reaching safepoint: 97392 ns, At safepoint: 3246 ns, Total: 100638 ns
[2020-05-16T11:35:02.777+0000][15960][safepoint    ] Safepoint "Cleanup", Time since last: 1000690087 ns, Reaching safepoint: 121043 ns, At safepoint: 4174 ns, Total: 125217 ns
[2020-05-16T11:35:03.777+0000][15960][safepoint    ] Safepoint "Cleanup", Time since last: 1000071884 ns, Reaching safepoint: 90435 ns, At safepoint: 2782 ns, Total: 93217 ns
[2020-05-16T11:35:05.778+0000][15960][safepoint    ] Safepoint "Cleanup", Time since last: 2000819942 ns, Reaching safepoint: 120580 ns, At safepoint: 3246 ns, Total: 123826 ns
[2020-05-16T11:35:06.778+0000][15960][safepoint    ] Safepoint "Cleanup", Time since last: 1000354783 ns, Reaching safepoint: 571825 ns, At safepoint: 35711 ns, Total: 607536 ns
[2020-05-16T11:35:07.779+0000][15960][safepoint    ] Safepoint "Cleanup", Time since last: 1000083942 ns, Reaching safepoint: 88579 ns, At safepoint: 3247 ns, Total: 91826 ns
[2020-05-16T11:35:08.779+0000][15960][safepoint    ] Safepoint "Cleanup", Time since last: 1000273623 ns, Reaching safepoint: 77449 ns, At safepoint: 4174 ns, Total: 81623 ns
[2020-05-16T11:35:09.780+0000][15960][safepoint    ] Safepoint "Cleanup", Time since last: 1000900637 ns, Reaching safepoint: 326029 ns, At safepoint: 10667 ns, Total: 336696 ns
[2020-05-16T11:35:10.781+0000][15960][safepoint    ] Safepoint "Cleanup", Time since last: 1000428521 ns, Reaching safepoint: 343188 ns, At safepoint: 11595 ns, Total: 354783 ns
[2020-05-16T11:35:11.782+0000][15960][safepoint    ] Safepoint "Cleanup", Time since last: 1000306086 ns, Reaching safepoint: 272696 ns, At safepoint: 7420 ns, Total: 280116 ns
[2020-05-16T11:35:12.783+0000][15960][safepoint    ] Safepoint "Cleanup", Time since last: 1000682667 ns, Reaching safepoint: 117333 ns, At safepoint: 6493 ns, Total: 123826 ns
[2020-05-16T11:35:13.783+0000][15960][safepoint    ] Safepoint "Cleanup", Time since last: 1000049159 ns, Reaching safepoint: 113623 ns, At safepoint: 3710 ns, Total: 117333 ns
[2020-05-16T11:35:14.783+0000][15960][safepoint    ] Safepoint "Cleanup", Time since last: 1000021797 ns, Reaching safepoint: 103421 ns, At safepoint: 3710 ns, Total: 107131 ns
[2020-05-16T11:35:15.784+0000][15960][safepoint    ] Safepoint "Cleanup", Time since last: 1000443826 ns, Reaching safepoint: 111768 ns, At safepoint: 3246 ns, Total: 115014 ns
[2020-05-16T11:35:16.784+0000][15960][safepoint    ] Safepoint "Cleanup", Time since last: 1000728116 ns, Reaching safepoint: 93681 ns, At safepoint: 3246 ns, Total: 96927 ns
[2020-05-16T11:35:17.785+0000][15960][safepoint    ] Safepoint "Cleanup", Time since last: 1000371014 ns, Reaching safepoint: 143305 ns, At safepoint: 7884 ns, Total: 151189 ns
[2020-05-16T11:35:18.786+0000][15960][safepoint    ] Safepoint "Cleanup", Time since last: 1000690550 ns, Reaching safepoint: 91362 ns, At safepoint: 4174 ns, Total: 95536 ns
[2020-05-16T11:35:19.786+0000][15960][safepoint    ] Safepoint "Cleanup", Time since last: 1000607536 ns, Reaching safepoint: 97855 ns, At safepoint: 4174 ns, Total: 102029 ns
[2020-05-16T11:35:20.787+0000][15960][safepoint    ] Safepoint "Cleanup", Time since last: 1000013450 ns, Reaching safepoint: 95999 ns, At safepoint: 3711 ns, Total: 99710 ns
[2020-05-16T11:35:21.787+0000][15960][safepoint    ] Safepoint "Cleanup", Time since last: 1000413217 ns, Reaching safepoint: 96927 ns, At safepoint: 2783 ns, Total: 99710 ns
[2020-05-16T11:35:22.787+0000][15960][safepoint    ] Safepoint "Cleanup", Time since last: 1000261565 ns, Reaching safepoint: 89971 ns, At safepoint: 4174 ns, Total: 94145 ns
[2020-05-16T11:35:23.788+0000][15960][safepoint    ] Safepoint "Cleanup", Time since last: 1000587130 ns, Reaching safepoint: 103420 ns, At safepoint: 5102 ns, Total: 108522 ns
[2020-05-16T11:35:24.789+0000][15960][safepoint    ] Safepoint "Cleanup", Time since last: 1000368231 ns, Reaching safepoint: 115942 ns, At safepoint: 4174 ns, Total: 120116 ns
[2020-05-16T11:35:25.789+0000][15960][safepoint    ] Safepoint "Cleanup", Time since last: 1000562551 ns, Reaching safepoint: 113623 ns, At safepoint: 3710 ns, Total: 117333 ns
[2020-05-16T11:35:26.789+0000][15960][safepoint    ] Safepoint "Cleanup", Time since last: 1000016232 ns, Reaching safepoint: 103420 ns, At safepoint: 5565 ns, Total: 108985 ns
[2020-05-16T11:35:27.790+0000][15960][safepoint    ] Safepoint "Cleanup", Time since last: 1000352464 ns, Reaching safepoint: 108058 ns, At safepoint: 2783 ns, Total: 110841 ns
[2020-05-16T11:35:28.791+0000][15960][safepoint    ] Safepoint "Cleanup", Time since last: 1000854260 ns, Reaching safepoint: 96000 ns, At safepoint: 3710 ns, Total: 99710 ns
[2020-05-16T11:35:29.792+0000][15960][safepoint    ] Safepoint "Cleanup", Time since last: 1000823652 ns, Reaching safepoint: 93681 ns, At safepoint: 3710 ns, Total: 97391 ns
[2020-05-16T11:35:30.792+0000][15960][safepoint    ] Safepoint "Cleanup", Time since last: 1000338551 ns, Reaching safepoint: 145623 ns, At safepoint: 3710 ns, Total: 149333 ns
[2020-05-16T11:35:31.793+0000][15960][safepoint    ] Safepoint "Cleanup", Time since last: 1000575072 ns, Reaching safepoint: 109913 ns, At safepoint: 6957 ns, Total: 116870 ns
[2020-05-16T11:35:32.794+0000][15960][safepoint    ] Safepoint "Cleanup", Time since last: 1000803709 ns, Reaching safepoint: 88580 ns, At safepoint: 2319 ns, Total: 90899 ns
[2020-05-16T11:35:33.794+0000][15960][safepoint    ] Safepoint "Cleanup", Time since last: 1000229101 ns, Reaching safepoint: 81623 ns, At safepoint: 3247 ns, Total: 84870 ns
[2020-05-16T11:35:34.795+0000][15960][safepoint    ] Safepoint "Cleanup", Time since last: 1000595014 ns, Reaching safepoint: 136812 ns, At safepoint: 5101 ns, Total: 141913 ns
[2020-05-16T11:35:35.795+0000][15960][safepoint    ] Safepoint "Cleanup", Time since last: 1000465159 ns, Reaching safepoint: 128000 ns, At safepoint: 3247 ns, Total: 131247 ns
[2020-05-16T11:35:36.796+0000][15960][safepoint    ] Safepoint "Cleanup", Time since last: 1000471652 ns, Reaching safepoint: 128463 ns, At safepoint: 4638 ns, Total: 133101 ns
[2020-05-16T11:35:37.797+0000][15960][safepoint    ] Safepoint "Cleanup", Time since last: 1000531942 ns, Reaching safepoint: 91826 ns, At safepoint: 3246 ns, Total: 95072 ns
[2020-05-16T11:35:38.797+0000][15960][safepoint    ] Safepoint "Cleanup", Time since last: 1000497623 ns, Reaching safepoint: 250435 ns, At safepoint: 18087 ns, Total: 268522 ns
[2020-05-16T11:35:39.798+0000][15960][safepoint    ] Safepoint "Cleanup", Time since last: 1000485101 ns, Reaching safepoint: 375188 ns, At safepoint: 17160 ns, Total: 392348 ns
[2020-05-16T11:35:40.800+0000][15960][safepoint    ] Safepoint "Cleanup", Time since last: 1002407419 ns, Reaching safepoint: 94608 ns, At safepoint: 10667 ns, Total: 105275 ns
[2020-05-16T11:35:41.802+0000][15960][safepoint    ] Safepoint "Cleanup", Time since last: 1000848695 ns, Reaching safepoint: 90435 ns, At safepoint: 4638 ns, Total: 95073 ns
[2020-05-16T11:35:42.803+0000][15960][safepoint    ] Safepoint "Cleanup", Time since last: 1000807420 ns, Reaching safepoint: 92289 ns, At safepoint: 4174 ns, Total: 96463 ns
[2020-05-16T11:35:43.804+0000][15960][safepoint    ] Safepoint "Cleanup", Time since last: 1000951188 ns, Reaching safepoint: 96464 ns, At safepoint: 3246 ns, Total: 99710 ns
[2020-05-16T11:35:44.804+0000][15960][safepoint    ] Safepoint "Cleanup", Time since last: 1000612174 ns, Reaching safepoint: 85333 ns, At safepoint: 3710 ns, Total: 89043 ns
[2020-05-16T11:35:45.805+0000][15960][safepoint    ] Safepoint "Cleanup", Time since last: 1000368232 ns, Reaching safepoint: 119189 ns, At safepoint: 6029 ns, Total: 125218 ns
[2020-05-16T11:35:46.805+0000][15960][safepoint    ] Safepoint "Cleanup", Time since last: 1000191536 ns, Reaching safepoint: 139594 ns, At safepoint: 2782 ns, Total: 142376 ns
[2020-05-16T11:35:48.806+0000][15960][safepoint    ] Safepoint "Cleanup", Time since last: 2000345044 ns, Reaching safepoint: 102029 ns, At safepoint: 4637 ns, Total: 106666 ns
[2020-05-16T11:35:49.806+0000][15960][safepoint    ] Safepoint "Cleanup", Time since last: 1000064464 ns, Reaching safepoint: 87652 ns, At safepoint: 3247 ns, Total: 90899 ns
[2020-05-16T11:35:50.807+0000][15960][safepoint    ] Safepoint "Cleanup", Time since last: 1000788869 ns, Reaching safepoint: 163710 ns, At safepoint: 2319 ns, Total: 166029 ns
[2020-05-16T11:35:51.807+0000][15960][safepoint    ] Safepoint "Cleanup", Time since last: 1000234666 ns, Reaching safepoint: 78841 ns, At safepoint: 3710 ns, Total: 82551 ns
[2020-05-16T11:35:52.808+0000][15960][safepoint    ] Safepoint "Cleanup", Time since last: 1000614492 ns, Reaching safepoint: 112696 ns, At safepoint: 5565 ns, Total: 118261 ns
[2020-05-16T11:35:54.808+0000][15960][safepoint    ] Safepoint "Cleanup", Time since last: 2000334841 ns, Reaching safepoint: 98318 ns, At safepoint: 2783 ns, Total: 101101 ns
[2020-05-16T11:35:55.809+0000][15960][safepoint    ] Safepoint "Cleanup", Time since last: 1000454493 ns, Reaching safepoint: 104347 ns, At safepoint: 3247 ns, Total: 107594 ns
[2020-05-16T11:35:56.809+0000][15960][safepoint    ] Safepoint "Cleanup", Time since last: 1000310260 ns, Reaching safepoint: 81624 ns, At safepoint: 2782 ns, Total: 84406 ns
[2020-05-16T11:35:58.810+0000][15960][safepoint    ] Safepoint "Cleanup", Time since last: 2000664580 ns, Reaching safepoint: 180869 ns, At safepoint: 10667 ns, Total: 191536 ns
[2020-05-16T11:35:59.811+0000][15960][safepoint    ] Safepoint "Cleanup", Time since last: 1000588985 ns, Reaching safepoint: 307014 ns, At safepoint: 12058 ns, Total: 319072 ns
[2020-05-16T11:36:00.812+0000][15960][safepoint    ] Safepoint "Cleanup", Time since last: 1000670609 ns, Reaching safepoint: 368231 ns, At safepoint: 16696 ns, Total: 384927 ns
[2020-05-16T11:36:02.813+0000][15960][safepoint    ] Safepoint "Cleanup", Time since last: 2000684058 ns, Reaching safepoint: 140985 ns, At safepoint: 4638 ns, Total: 145623 ns
[2020-05-16T11:36:04.813+0000][15960][safepoint    ] Safepoint "Cleanup", Time since last: 2000170666 ns, Reaching safepoint: 78841 ns, At safepoint: 3246 ns, Total: 82087 ns
[2020-05-16T11:36:06.814+0000][15960][safepoint    ] Safepoint "Cleanup", Time since last: 2000356174 ns, Reaching safepoint: 83015 ns, At safepoint: 4637 ns, Total: 87652 ns
[2020-05-16T11:36:07.814+0000][15960][safepoint    ] Safepoint "Cleanup", Time since last: 1000303768 ns, Reaching safepoint: 145160 ns, At safepoint: 5565 ns, Total: 150725 ns
[2020-05-16T11:36:08.815+0000][15960][safepoint    ] Safepoint "Cleanup", Time since last: 1000379362 ns, Reaching safepoint: 143304 ns, At safepoint: 8348 ns, Total: 151652 ns
[2020-05-16T11:36:09.815+0000][15960][safepoint    ] Safepoint "Cleanup", Time since last: 1000112232 ns, Reaching safepoint: 84406 ns, At safepoint: 3710 ns, Total: 88116 ns
[2020-05-16T11:36:10.815+0000][15960][safepoint    ] Safepoint "Cleanup", Time since last: 1000090898 ns, Reaching safepoint: 111768 ns, At safepoint: 3247 ns, Total: 115015 ns
[2020-05-16T11:36:11.816+0000][15960][safepoint    ] Safepoint "Cleanup", Time since last: 1000442898 ns, Reaching safepoint: 150725 ns, At safepoint: 4637 ns, Total: 155362 ns
[2020-05-16T11:36:12.817+0000][15960][safepoint    ] Safepoint "Cleanup", Time since last: 1000866319 ns, Reaching safepoint: 105275 ns, At safepoint: 5102 ns, Total: 110377 ns
[2020-05-16T11:36:13.817+0000][15960][safepoint    ] Safepoint "Cleanup", Time since last: 1000163710 ns, Reaching safepoint: 399304 ns, At safepoint: 75594 ns, Total: 474898 ns
[2020-05-16T11:36:14.818+0000][15960][safepoint    ] Safepoint "Cleanup", Time since last: 1000366377 ns, Reaching safepoint: 102029 ns, At safepoint: 2782 ns, Total: 104811 ns
[2020-05-16T11:36:15.818+0000][15960][safepoint    ] Safepoint "Cleanup", Time since last: 1000614029 ns, Reaching safepoint: 515246 ns, At safepoint: 38493 ns, Total: 553739 ns
[2020-05-16T11:36:16.819+0000][15960][safepoint    ] Safepoint "Cleanup", Time since last: 1000111768 ns, Reaching safepoint: 136811 ns, At safepoint: 9276 ns, Total: 146087 ns
[2020-05-16T11:36:17.819+0000][15960][safepoint    ] Safepoint "Cleanup", Time since last: 1000275014 ns, Reaching safepoint: 253217 ns, At safepoint: 28290 ns, Total: 281507 ns
[2020-05-16T11:36:18.820+0000][15960][safepoint    ] Safepoint "Cleanup", Time since last: 1000596869 ns, Reaching safepoint: 100174 ns, At safepoint: 5102 ns, Total: 105276 ns
[2020-05-16T11:36:19.821+0000][15960][safepoint    ] Safepoint "Cleanup", Time since last: 1000863999 ns, Reaching safepoint: 97855 ns, At safepoint: 3710 ns, Total: 101565 ns
[2020-05-16T11:36:20.822+0000][15960][safepoint    ] Safepoint "Cleanup", Time since last: 1000781449 ns, Reaching safepoint: 108058 ns, At safepoint: 2783 ns, Total: 110841 ns
[2020-05-16T11:36:21.823+0000][15960][safepoint    ] Safepoint "Cleanup", Time since last: 1000874666 ns, Reaching safepoint: 134493 ns, At safepoint: 4638 ns, Total: 139131 ns
[2020-05-16T11:36:22.824+0000][15960][safepoint    ] Safepoint "Cleanup", Time since last: 1000256927 ns, Reaching safepoint: 87188 ns, At safepoint: 2783 ns, Total: 89971 ns
[2020-05-16T11:36:23.824+0000][15960][safepoint    ] Safepoint "Cleanup", Time since last: 1000294956 ns, Reaching safepoint: 164174 ns, At safepoint: 7884 ns, Total: 172058 ns
[2020-05-16T11:36:24.824+0000][15960][safepoint    ] Safepoint "Cleanup", Time since last: 1000265275 ns, Reaching safepoint: 77913 ns, At safepoint: 2783 ns, Total: 80696 ns
[2020-05-16T11:36:25.825+0000][15960][safepoint    ] Safepoint "Cleanup", Time since last: 1000426667 ns, Reaching safepoint: 93681 ns, At safepoint: 3246 ns, Total: 96927 ns
[2020-05-16T11:36:26.826+0000][15960][safepoint    ] Safepoint "Cleanup", Time since last: 1000536579 ns, Reaching safepoint: 97392 ns, At safepoint: 2782 ns, Total: 100174 ns
[2020-05-16T11:36:28.826+0000][15960][safepoint    ] Safepoint "Cleanup", Time since last: 2000729044 ns, Reaching safepoint: 458666 ns, At safepoint: 23652 ns, Total: 482318 ns
[2020-05-16T11:36:29.827+0000][15960][safepoint    ] Safepoint "Cleanup", Time since last: 1000033855 ns, Reaching safepoint: 121044 ns, At safepoint: 6029 ns, Total: 127073 ns
[2020-05-16T11:36:31.828+0000][15960][safepoint    ] Safepoint "Cleanup", Time since last: 2000722086 ns, Reaching safepoint: 442899 ns, At safepoint: 11594 ns, Total: 454493 ns
[2020-05-16T11:36:32.828+0000][15960][safepoint    ] Safepoint "Cleanup", Time since last: 1000106666 ns, Reaching safepoint: 115942 ns, At safepoint: 4174 ns, Total: 120116 ns
[2020-05-16T11:36:33.829+0000][15960][safepoint    ] Safepoint "Cleanup", Time since last: 1000395594 ns, Reaching safepoint: 134029 ns, At safepoint: 6029 ns, Total: 140058 ns
[2020-05-16T11:36:34.829+0000][15960][safepoint    ] Safepoint "Cleanup", Time since last: 1000209623 ns, Reaching safepoint: 200348 ns, At safepoint: 8812 ns, Total: 209160 ns
[2020-05-16T11:36:35.830+0000][15960][safepoint    ] Safepoint "Cleanup", Time since last: 1000655304 ns, Reaching safepoint: 140985 ns, At safepoint: 4174 ns, Total: 145159 ns
[2020-05-16T11:36:36.830+0000][15960][safepoint    ] Safepoint "Cleanup", Time since last: 1000119652 ns, Reaching safepoint: 466551 ns, At safepoint: 12058 ns, Total: 478609 ns
[2020-05-16T11:36:37.832+0000][15960][safepoint    ] Safepoint "Cleanup", Time since last: 1001055072 ns, Reaching safepoint: 300985 ns, At safepoint: 6029 ns, Total: 307014 ns
[2020-05-16T11:36:38.832+0000][15960][safepoint    ] Safepoint "Cleanup", Time since last: 1000122898 ns, Reaching safepoint: 379826 ns, At safepoint: 17623 ns, Total: 397449 ns
[2020-05-16T11:36:39.833+0000][15960][safepoint    ] Safepoint "Cleanup", Time since last: 1000271768 ns, Reaching safepoint: 151189 ns, At safepoint: 3710 ns, Total: 154899 ns
[2020-05-16T11:36:40.833+0000][15960][safepoint    ] Safepoint "Cleanup", Time since last: 1000350145 ns, Reaching safepoint: 88116 ns, At safepoint: 3246 ns, Total: 91362 ns
[2020-05-16T11:36:41.834+0000][15960][safepoint    ] Safepoint "Cleanup", Time since last: 1000755942 ns, Reaching safepoint: 327420 ns, At safepoint: 15768 ns, Total: 343188 ns
[2020-05-16T11:36:43.834+0000][15960][safepoint    ] Safepoint "Cleanup", Time since last: 1999836754 ns, Reaching safepoint: 110840 ns, At safepoint: 4174 ns, Total: 115014 ns
[2020-05-16T11:36:44.835+0000][15960][safepoint    ] Safepoint "Cleanup", Time since last: 1000558840 ns, Reaching safepoint: 96000 ns, At safepoint: 5102 ns, Total: 101102 ns
[2020-05-16T11:36:45.885+0000][15960][safepoint    ] Safepoint "Cleanup", Time since last: 1000798608 ns, Reaching safepoint: 48991514 ns, At safepoint: 72811 ns, Total: 49064325 ns
[2020-05-16T11:36:46.886+0000][15960][safepoint    ] Safepoint "Cleanup", Time since last: 1000699826 ns, Reaching safepoint: 82087 ns, At safepoint: 2782 ns, Total: 84869 ns
[2020-05-16T11:36:48.886+0000][15960][safepoint    ] Safepoint "Cleanup", Time since last: 2000456812 ns, Reaching safepoint: 416927 ns, At safepoint: 21797 ns, Total: 438724 ns
[2020-05-16T11:36:49.887+0000][15960][safepoint    ] Safepoint "Cleanup", Time since last: 1000283362 ns, Reaching safepoint: 292638 ns, At safepoint: 15304 ns, Total: 307942 ns
[2020-05-16T11:36:50.888+0000][15960][safepoint    ] Safepoint "Cleanup", Time since last: 1000658551 ns, Reaching safepoint: 152116 ns, At safepoint: 11594 ns, Total: 163710 ns
[2020-05-16T11:36:51.888+0000][15960][safepoint    ] Safepoint "Cleanup", Time since last: 1000073275 ns, Reaching safepoint: 217971 ns, At safepoint: 72348 ns, Total: 290319 ns
[2020-05-16T11:36:53.889+0000][15960][safepoint    ] Safepoint "Cleanup", Time since last: 2000876057 ns, Reaching safepoint: 82087 ns, At safepoint: 2783 ns, Total: 84870 ns
[2020-05-16T11:36:54.890+0000][15960][safepoint    ] Safepoint "Cleanup", Time since last: 1000873275 ns, Reaching safepoint: 119652 ns, At safepoint: 6493 ns, Total: 126145 ns
[2020-05-16T11:36:55.891+0000][15960][safepoint    ] Safepoint "Cleanup", Time since last: 1000045913 ns, Reaching safepoint: 125217 ns, At safepoint: 3710 ns, Total: 128927 ns
[2020-05-16T11:36:56.891+0000][15960][safepoint    ] Safepoint "Cleanup", Time since last: 1000332522 ns, Reaching safepoint: 101101 ns, At safepoint: 4638 ns, Total: 105739 ns
[2020-05-16T11:36:57.891+0000][15960][safepoint    ] Safepoint "Cleanup", Time since last: 1000247188 ns, Reaching safepoint: 95073 ns, At safepoint: 2782 ns, Total: 97855 ns
[2020-05-16T11:36:58.892+0000][15960][safepoint    ] Safepoint "Cleanup", Time since last: 1000137276 ns, Reaching safepoint: 109449 ns, At safepoint: 2782 ns, Total: 112231 ns
[2020-05-16T11:36:59.892+0000][15960][safepoint    ] Safepoint "Cleanup", Time since last: 1000052406 ns, Reaching safepoint: 94145 ns, At safepoint: 2783 ns, Total: 96928 ns
[2020-05-16T11:37:00.893+0000][15960][safepoint    ] Safepoint "Cleanup", Time since last: 1000754086 ns, Reaching safepoint: 99710 ns, At safepoint: 4174 ns, Total: 103884 ns
[2020-05-16T11:37:01.893+0000][15960][safepoint    ] Safepoint "Cleanup", Time since last: 1000299131 ns, Reaching safepoint: 160463 ns, At safepoint: 2783 ns, Total: 163246 ns
[2020-05-16T11:37:02.894+0000][15960][safepoint    ] Safepoint "Cleanup", Time since last: 1000673855 ns, Reaching safepoint: 133101 ns, At safepoint: 4174 ns, Total: 137275 ns
[2020-05-16T11:37:03.895+0000][15960][safepoint    ] Safepoint "Cleanup", Time since last: 1000688232 ns, Reaching safepoint: 77913 ns, At safepoint: 2782 ns, Total: 80695 ns
[2020-05-16T11:37:04.912+0000][15960][safepoint    ] Safepoint "Cleanup", Time since last: 1017139470 ns, Reaching safepoint: 95073 ns, At safepoint: 4174 ns, Total: 99247 ns
[2020-05-16T11:37:05.913+0000][15960][safepoint    ] Safepoint "Cleanup", Time since last: 1000866318 ns, Reaching safepoint: 86261 ns, At safepoint: 3246 ns, Total: 89507 ns
[2020-05-16T11:37:06.913+0000][15960][safepoint    ] Safepoint "Cleanup", Time since last: 1000224464 ns, Reaching safepoint: 479072 ns, At safepoint: 11595 ns, Total: 490667 ns
[2020-05-16T11:37:08.914+0000][15960][safepoint    ] Safepoint "Cleanup", Time since last: 2000232811 ns, Reaching safepoint: 85333 ns, At safepoint: 2783 ns, Total: 88116 ns
[2020-05-16T11:37:09.914+0000][15960][safepoint    ] Safepoint "Cleanup", Time since last: 1000375188 ns, Reaching safepoint: 98783 ns, At safepoint: 2782 ns, Total: 101565 ns
[2020-05-16T11:37:10.915+0000][15960][safepoint    ] Safepoint "Cleanup", Time since last: 1000623768 ns, Reaching safepoint: 157681 ns, At safepoint: 6029 ns, Total: 163710 ns
[2020-05-16T11:37:12.916+0000][15960][safepoint    ] Safepoint "Cleanup", Time since last: 2000977159 ns, Reaching safepoint: 247188 ns, At safepoint: 7885 ns, Total: 255073 ns
[2020-05-16T11:37:13.917+0000][15960][safepoint    ] Safepoint "Cleanup", Time since last: 1000191999 ns, Reaching safepoint: 75595 ns, At safepoint: 2782 ns, Total: 78377 ns
[2020-05-16T11:37:14.917+0000][15960][safepoint    ] Safepoint "Cleanup", Time since last: 1000096464 ns, Reaching safepoint: 114551 ns, At safepoint: 7420 ns, Total: 121971 ns
[2020-05-16T11:37:15.949+0000][15960][safepoint    ] Safepoint "Cleanup", Time since last: 1000915478 ns, Reaching safepoint: 31128101 ns, At safepoint: 43131 ns, Total: 31171232 ns
[2020-05-16T11:37:17.251+0000][15960][safepoint    ] Safepoint "Cleanup", Time since last: 1000603825 ns, Reaching safepoint: 300572615 ns, At safepoint: 1026782 ns, Total: 301599397 ns
[2020-05-16T11:37:18.555+0000][15960][safepoint    ] Safepoint "Cleanup", Time since last: 1279921029 ns, Reaching safepoint: 24020859 ns, At safepoint: 51478 ns, Total: 24072337 ns
